07-26 17:23:46.938  1287  1706 I DisplayDeviceRepository: Display device changed: DisplayDeviceInfo{\"Built-in Screen\": uniqueId=\"local:4630946312756012673\", 1080 x 2408, modeId 1, defaultModeId 1, supportedModes [{id=1, width=1080, height=2408, fps=120.00001, alternativeRefreshRates=[60.000004]}, {id=2, width=1080, height=2408, fps=60.000004, alternativeRefreshRates=[120.00001]}], colorMode 0, supportedColorModes [0], hdrCapabilities HdrCapabilities{mSupportedHdrTypes=[], mMaxLuminance=500.0, mMaxAverageLuminance=500.0, mMinLuminance=0.0}, allmSupported false, gameContentTypeSupported false, density 450, 403.411 x 402.389 dpi, appVsyncOff 1000000, presDeadline 12666666, cutout DisplayCutout{insets=Rect(0, 65 - 0, 0) waterfall=Insets{left=0, top=0, right=0, bottom=0} boundingRect={Bounds=[Rect(0, 0 - 0, 0), Rect(454, 0 - 626, 65), Rect(0, 0 - 0, 0), Rect(0, 0 - 0, 0)]} cutoutPathParserInfo={CutoutPathParserInfo{displayWidth=1080 displayHeight=2408 physicalDisplayWidth=1080 physicalDisplayHeight=2408 density={2.8125} cutoutSpec={M 0,0 H -30.57777777777778 V 23.11111111111111 H 30.57777777777778 V 0 H 0 Z @dp} rotation={0} scale={1.0} physicalPixelDisplaySizeRatio={1.0}}}}, touch INTERNAL, rotation 0, type INTERNAL, address {port=129, model=0x40446d22b9ba26}, deviceProductInfo DeviceProductInfo{name=, manufacturerPnpId=QCM, productId=1, modelYear=null, manufactureDate=ManufactureDate{week=27, year=2006}, connectionToSinkType=0}, state ON, frameRateOverride , brightnessMinimum 0.0, brightnessMaximum 1.0, brightnessDefault 0.5019608, roundedCorners RoundedCorners{[RoundedCorner{position=TopLeft, radius=90, center=Point(90, 90)}, RoundedCorner{position=TopRight, radius=90, center=Point(990, 90)}, RoundedCorner{position=BottomRight, radius=90, center=Point(990, 2318)}, RoundedCorner{position=BottomLeft, radius=90, center=Point(90, 2318)}]}, FLAG_ALLOWED_TO_BE_DEFAULT_DISPLAY, FLAG_ROTATES_WITH_CONTENT, FLAG_SECURE, FLAG_SUPPORTS_PROTECTED_BUFFERS, installOrientation 0}
07-26 17:23:46.939  1163  1163 I Layer   : id=210761 Destroyed Surface(name=711a574 InputMethod)/@0x308bb12 - animation-leash of insets_animation#210761
07-26 17:23:46.940  1163  1163 D SurfaceFlinger: GPIS:: requestGPIS
07-26 17:23:46.945  2736  4332 I ViewRootImpl@6c36a52[LauncherActivity]: mWNT: t=0xb400007126d3ca00 mBlastBufferQueue=0xb4000070b6a09100 fn= 4 caller= com.android.systemui.shared.launcher.ViewRootImplCompat.mergeWithNextTransaction:2 com.android.quickstep.util.SurfaceTransactionApplier.lambda$scheduleApply$0:2 com.android.quickstep.util.SurfaceTransactionApplier.b:0 
07-26 17:23:46.947  1287  3306 D LiftUpHandler: [LTW] Stopped already.
07-26 17:23:46.949  1163  3181 D NativeSemDvfsManager: acquire:: timeout = 2000 mIsAcquired = 1  mTagName : SurfaceFlinger 
07-26 17:23:46.950  1163  3181 E NativeCustomFrequencyManager: [NativeCFMS] BpCustomFrequencyManager::acquire()
07-26 17:23:46.950  1073  1141 I HYPER-HAL: [RequestManager.cpp]acquire(): Acquired ID : 2341366  [1163 / 1000]    HINT : SF_GPU_MINLOCK    list : [TIMEOUT / 2000] 
07-26 17:23:46.951  2736  4333 I ViewRootImpl@6c36a52[LauncherActivity]: mWNT: t=0xb400007126d5f900 mBlastBufferQueue=0xb4000070b6a09100 fn= 5 caller= com.android.systemui.shared.launcher.ViewRootImplCompat.mergeWithNextTransaction:2 com.android.quickstep.util.SurfaceTransactionApplier.lambda$scheduleApply$0:2 com.android.quickstep.util.SurfaceTransactionApplier.b:0 
07-26 17:23:46.952  1287 11096 D InputMethodManagerService: isImeSwitcherDisabledPackage : false
07-26 17:23:46.952  1287  1287 D SGM:GameManager: onDisplayChanged. displyId: 0, state: 2
07-26 17:23:46.953  1287  2094 D SGM:FgCheckThread: onLooperPrepared(), msg: MSG_LCD_ON
07-26 17:23:46.953  1287  1287 D AODManagerService: requestReCalToTSP IsSingleTouchMode = false / previousDisplayState = ON
07-26 17:23:46.953  1287  1706 D DisplayModeDirector: onBrightnessChangedLocked, brightness=128, lux=-1.0
07-26 17:23:46.953  1287  1706 D DisplayModeDirector: setPassiveMode=false, brightness=128, lux=-1.0, mRequestedPassive=false
07-26 17:23:46.953  7602  7602 I InputMethodService: removeImeSurface
07-26 17:23:46.954  7602  7602 I MSHandlerLifeCycle: check: return. pkg=com.samsung.android.honeyboard isActivity=false callers=com.android.internal.policy.DecorView.setVisibility:4378 android.app.Dialog.hide:771 android.inputmethodservice.InputMethodService.removeImeSurface:1290 android.inputmethodservice.InputMethodService.scheduleImeSurfaceRemoval:1279 android.inputmethodservice.InputMethodService.-$$Nest$mscheduleImeSurfaceRemoval:0 
07-26 17:23:46.954  7602  7602 I MSHandlerLifeCycle: removeMultiSplitHandler: no exist. decor=DecorView@28eaa07[InputMethod]
07-26 17:23:46.954  2258  2258 D DCT-C-0 : Screen INTERNAL on
07-26 17:23:46.955  2289  2289 D DisplayLifecycle: updateDisplay id = 0
07-26 17:23:46.958  2736  4332 I ViewRootImpl@6c36a52[LauncherActivity]: mWNT: t=0xb400007126e5b800 mBlastBufferQueue=0xb4000070b6a09100 fn= 6 caller= com.android.systemui.shared.launcher.ViewRootImplCompat.mergeWithNextTransaction:2 com.android.quickstep.util.SurfaceTransactionApplier.lambda$scheduleApply$0:2 com.android.quickstep.util.SurfaceTransactionApplier.b:0 
07-26 17:23:46.961  1073 19446 I HYPER-HAL: [ResourceManager.cpp]removeResource(): [CPUMinFreq] RemoveResource Request ID : 853490
07-26 17:23:46.961  1073 19446 I HYPER-HAL: [RequestManager.cpp]releaseLocked(): Released ID : 853490
07-26 17:23:46.965  1287  2467 D MdnieScenarioControlService:  packageName : com.sec.android.app.launcher    className : com.android.launcher3.uioverrides.QuickstepLauncher
07-26 17:23:46.965  1287  2467 V MdnieScenarioControlService: setUIMode from UI function(3)
07-26 17:23:46.966  2736  4333 I ViewRootImpl@6c36a52[LauncherActivity]: mWNT: t=0xb4000070b6a3c600 mBlastBufferQueue=0xb4000070b6a09100 fn= 7 caller= com.android.systemui.shared.launcher.ViewRootImplCompat.mergeWithNextTransaction:2 com.android.quickstep.util.SurfaceTransactionApplier.lambda$scheduleApply$0:2 com.android.quickstep.util.SurfaceTransactionApplier.b:0 
07-26 17:23:46.975  2736  4332 I ViewRootImpl@6c36a52[LauncherActivity]: mWNT: t=0xb4000070b6a3ca00 mBlastBufferQueue=0xb4000070b6a09100 fn= 8 caller= com.android.systemui.shared.launcher.ViewRootImplCompat.mergeWithNextTransaction:2 com.android.quickstep.util.SurfaceTransactionApplier.lambda$scheduleApply$0:2 com.android.quickstep.util.SurfaceTransactionApplier.b:0 
07-26 17:23:46.983  2736  4333 I ViewRootImpl@6c36a52[LauncherActivity]: mWNT: t=0xb4000070b6a3cb00 mBlastBufferQueue=0xb4000070b6a09100 fn= 9 caller= com.android.systemui.shared.launcher.ViewRootImplCompat.mergeWithNextTransaction:2 com.android.quickstep.util.SurfaceTransactionApplier.lambda$scheduleApply$0:2 com.android.quickstep.util.SurfaceTransactionApplier.b:0 
07-26 17:23:46.992  2736  4332 I ViewRootImpl@6c36a52[LauncherActivity]: mWNT: t=0xb4000070b6a3cc00 mBlastBufferQueue=0xb4000070b6a09100 fn= 10 caller= com.android.systemui.shared.launcher.ViewRootImplCompat.mergeWithNextTransaction:2 com.android.quickstep.util.SurfaceTransactionApplier.lambda$scheduleApply$0:2 com.android.quickstep.util.SurfaceTransactionApplier.b:0 
07-26 17:23:47.000  2736  4333 I ViewRootImpl@6c36a52[LauncherActivity]: mWNT: t=0xb4000070b6a3cd00 mBlastBufferQueue=0xb4000070b6a09100 fn= 11 caller= com.android.systemui.shared.launcher.ViewRootImplCompat.mergeWithNextTransaction:2 com.android.quickstep.util.SurfaceTransactionApplier.lambda$scheduleApply$0:2 com.android.quickstep.util.SurfaceTransactionApplier.b:0 
07-26 17:23:47.009  2736  4332 I ViewRootImpl@6c36a52[LauncherActivity]: mWNT: t=0xb4000070b6a3ce00 mBlastBufferQueue=0xb4000070b6a09100 fn= 12 caller= com.android.systemui.shared.launcher.ViewRootImplCompat.mergeWithNextTransaction:2 com.android.quickstep.util.SurfaceTransactionApplier.lambda$scheduleApply$0:2 com.android.quickstep.util.SurfaceTransactionApplier.b:0 
07-26 17:23:47.017  2736  4333 I ViewRootImpl@6c36a52[LauncherActivity]: mWNT: t=0xb4000070b6a3cf00 mBlastBufferQueue=0xb4000070b6a09100 fn= 13 caller= com.android.systemui.shared.launcher.ViewRootImplCompat.mergeWithNextTransaction:2 com.android.quickstep.util.SurfaceTransactionApplier.lambda$scheduleApply$0:2 com.android.quickstep.util.SurfaceTransactionApplier.b:0 
07-26 17:23:47.025  2736  4332 I ViewRootImpl@6c36a52[LauncherActivity]: mWNT: t=0xb4000070b6a5c800 mBlastBufferQueue=0xb4000070b6a09100 fn= 14 caller= com.android.systemui.shared.launcher.ViewRootImplCompat.mergeWithNextTransaction:2 com.android.quickstep.util.SurfaceTransactionApplier.lambda$scheduleApply$0:2 com.android.quickstep.util.SurfaceTransactionApplier.b:0 
07-26 17:23:47.033  2736  4333 I ViewRootImpl@6c36a52[LauncherActivity]: mWNT: t=0xb4000070b6a5c900 mBlastBufferQueue=0xb4000070b6a09100 fn= 15 caller= com.android.systemui.shared.launcher.ViewRootImplCompat.mergeWithNextTransaction:2 com.android.quickstep.util.SurfaceTransactionApplier.lambda$scheduleApply$0:2 com.android.quickstep.util.SurfaceTransactionApplier.b:0 
07-26 17:23:47.042  2736  4332 I ViewRootImpl@6c36a52[LauncherActivity]: mWNT: t=0xb4000070b6acd400 mBlastBufferQueue=0xb4000070b6a09100 fn= 16 caller= com.android.systemui.shared.launcher.ViewRootImplCompat.mergeWithNextTransaction:2 com.android.quickstep.util.SurfaceTransactionApplier.lambda$scheduleApply$0:2 com.android.quickstep.util.SurfaceTransactionApplier.b:0 
07-26 17:23:47.050  2736  4333 I ViewRootImpl@6c36a52[LauncherActivity]: mWNT: t=0xb4000070b6acd500 mBlastBufferQueue=0xb4000070b6a09100 fn= 17 caller= com.android.systemui.shared.launcher.ViewRootImplCompat.mergeWithNextTransaction:2 com.android.quickstep.util.SurfaceTransactionApplier.lambda$scheduleApply$0:2 com.android.quickstep.util.SurfaceTransactionApplier.b:0 
07-26 17:23:47.059  2736  4332 I ViewRootImpl@6c36a52[LauncherActivity]: mWNT: t=0xb4000070b6acd900 mBlastBufferQueue=0xb4000070b6a09100 fn= 18 caller= com.android.systemui.shared.launcher.ViewRootImplCompat.mergeWithNextTransaction:2 com.android.quickstep.util.SurfaceTransactionApplier.lambda$scheduleApply$0:2 com.android.quickstep.util.SurfaceTransactionApplier.b:0 
07-26 17:23:47.066  1287  2467 V MdnieScenarioControlService: mAclOffEnabled : false mAclPreviewState : false mAclCompensationState : false
07-26 17:23:47.069  2736  4333 I ViewRootImpl@6c36a52[LauncherActivity]: mWNT: t=0xb4000070b6acda00 mBlastBufferQueue=0xb4000070b6a09100 fn= 19 caller= com.android.systemui.shared.launcher.ViewRootImplCompat.mergeWithNextTransaction:2 com.android.quickstep.util.SurfaceTransactionApplier.lambda$scheduleApply$0:2 com.android.quickstep.util.SurfaceTransactionApplier.b:0 
07-26 17:23:47.079  2736  4332 I ViewRootImpl@6c36a52[LauncherActivity]: mWNT: t=0xb4000070b6acdd00 mBlastBufferQueue=0xb4000070b6a09100 fn= 20 caller= com.android.systemui.shared.launcher.ViewRootImplCompat.mergeWithNextTransaction:2 com.android.quickstep.util.SurfaceTransactionApplier.lambda$scheduleApply$0:2 com.android.quickstep.util.SurfaceTransactionApplier.b:0 
07-26 17:23:47.089  1163  1163 D SurfaceFlinger: Display 4630946312756012673 HWC layers:
07-26 17:23:47.089  1163  1163 D SurfaceFlinger:      DEVICE | 0xb4000070dfe29360 | 0100 | RGBx_8888    |  667.0   11.0 1733.0 2389.0 |    0    0 1080 2408 | Wallpaper BBQ wrapper#77
07-26 17:23:47.089  1163  1163 D SurfaceFlinger:      DEVICE | 0xb4000070ef421460 | 0100 | RGBA_8888    |    0.0    0.0 1080.0 2408.0 |    0    0 1080 2408 | com.sec.android.app.launcher/com.sec[...]vities.LauncherActivity$_2736#210765
07-26 17:23:47.089  1163  1163 D SurfaceFlinger:      CLIENT | 0xb4000070dfe284f0 | 0100 | RGBA_8888    |    0.0    0.0 1080.0   70.0 |    0    0 1080   70 | StatusBar$_2289#85
07-26 17:23:47.089  1163  1163 D SurfaceFlinger:      CLIENT | 0xb4000070dfe294b0 | 0100 | RGBA_8888    |    0.0    0.0 1080.0  135.0 |    0 2273 1080 2408 | NavigationBar0$_2289#78
07-26 17:23:47.089  1163  1163 D SurfaceFlinger: 
07-26 17:23:47.092  2736  4333 I ViewRootImpl@6c36a52[LauncherActivity]: mWNT: t=0xb4000070b6acde00 mBlastBufferQueue=0xb4000070b6a09100 fn= 21 caller= com.android.systemui.shared.launcher.ViewRootImplCompat.mergeWithNextTransaction:2 com.android.quickstep.util.SurfaceTransactionApplier.lambda$scheduleApply$0:2 com.android.quickstep.util.SurfaceTransactionApplier.b:0 
07-26 17:23:47.103  2736  4332 I ViewRootImpl@6c36a52[LauncherActivity]: mWNT: t=0xb4000070b6acdf00 mBlastBufferQueue=0xb4000070b6a09100 fn= 22 caller= com.android.systemui.shared.launcher.ViewRootImplCompat.mergeWithNextTransaction:2 com.android.quickstep.util.SurfaceTransactionApplier.lambda$scheduleApply$0:2 com.android.quickstep.util.SurfaceTransactionApplier.b:0 
07-26 17:23:47.116  2736  4333 I ViewRootImpl@6c36a52[LauncherActivity]: mWNT: t=0xb4000070b6ae7200 mBlastBufferQueue=0xb4000070b6a09100 fn= 23 caller= com.android.systemui.shared.launcher.ViewRootImplCompat.mergeWithNextTransaction:2 com.android.quickstep.util.SurfaceTransactionApplier.lambda$scheduleApply$0:2 com.android.quickstep.util.SurfaceTransactionApplier.b:0 
07-26 17:23:47.127  2736  4332 I ViewRootImpl@6c36a52[LauncherActivity]: mWNT: t=0xb4000070b6ae7300 mBlastBufferQueue=0xb4000070b6a09100 fn= 24 caller= com.android.systemui.shared.launcher.ViewRootImplCompat.mergeWithNextTransaction:2 com.android.quickstep.util.SurfaceTransactionApplier.lambda$scheduleApply$0:2 com.android.quickstep.util.SurfaceTransactionApplier.b:0 
07-26 17:23:47.138  2736  4333 I ViewRootImpl@6c36a52[LauncherActivity]: mWNT: t=0xb4000070b6ae7400 mBlastBufferQueue=0xb4000070b6a09100 fn= 25 caller= com.android.systemui.shared.launcher.ViewRootImplCompat.mergeWithNextTransaction:2 com.android.quickstep.util.SurfaceTransactionApplier.lambda$scheduleApply$0:2 com.android.quickstep.util.SurfaceTransactionApplier.b:0 
07-26 17:23:47.147  2736  4332 I ViewRootImpl@6c36a52[LauncherActivity]: mWNT: t=0xb4000070b6b91c00 mBlastBufferQueue=0xb4000070b6a09100 fn= 26 caller= com.android.systemui.shared.launcher.ViewRootImplCompat.mergeWithNextTransaction:2 com.android.quickstep.util.SurfaceTransactionApplier.lambda$scheduleApply$0:2 com.android.quickstep.util.SurfaceTransactionApplier.b:0 
07-26 17:23:47.158  2736  4333 I ViewRootImpl@6c36a52[LauncherActivity]: mWNT: t=0xb4000070b6b91f00 mBlastBufferQueue=0xb4000070b6a09100 fn= 27 caller= com.android.systemui.shared.launcher.ViewRootImplCompat.mergeWithNextTransaction:2 com.android.quickstep.util.SurfaceTransactionApplier.lambda$scheduleApply$0:2 com.android.quickstep.util.SurfaceTransactionApplier.b:0 
07-26 17:23:47.159  2736  2736 W AppTransitionAnimatorImpl: onAnimationEnd - APP OUT, Execution time for each frame : Start-(0)-0-(0)-0-(13)-1-(16)-0-(26)-0-(8)-1-(7)-1-(8)-0-(8)-0-(9)-0-(8)-0-(9)-0-(8)-0-(8)-0-(8)-1-(8)-0-(8)-0-(8)-1-(8)-0-(8)-0-(9)-0-(8)-0-(9)-0-(11)-0-(13)-0-(11)-0-(10)-1-(9)-0-(11)-0-End
07-26 17:23:47.159  2736  2736 I AppTransitionAnimatorImpl: resetContentView
07-26 17:23:47.159  2736  2736 I AnimationResult: AnimationResult finish : onAnimationEnd
07-26 17:23:47.159  2736  2736 I AnimationResult: finish : false, null
07-26 17:23:47.159  2736  3017 I AnimationResult: finish callback : null
07-26 17:23:47.160  1287  6725 D WindowManager: app-onAnimationFinished(): mOuter=RemoteAnimationController@a94379
07-26 17:23:47.160  1287  6725 D WindowManager: onAnimationFinished(RemoteAnimationController@a94379): mPendingAnimations=2, caller=
07-26 17:23:47.160  1287  6725 D WindowManager: app-release(): mOuter=RemoteAnimationController@a94379
07-26 17:23:47.160  1287  6725 D WindowManager: onAnimationFinished(): Notify animation finished:
07-26 17:23:47.161  1287  6725 I WindowManager: Reparenting to original parent: Surface(name=DefaultTaskDisplayArea)/@0x842903b, destroy=true, surface=Surface(name=Task=1)/@0xdc3b6ca
07-26 17:23:47.163  1287  6725 D WindowManager: \tcontainer=Task{da3d3ca #1 type=home ?? U=0 visible=true visibleRequested=true mode=fullscreen translucent=false sz=1}
07-26 17:23:47.163  1287  6725 I WindowManager: Reparenting to original parent: Surface(name=DefaultTaskDisplayArea)/@0x842903b, destroy=true, surface=Surface(name=Task=8386)/@0xdc10d82
07-26 17:23:47.164  1287  6725 V WindowManager: Setting visibility of Window{8883ce7 u0 com.sec.android.RilServiceModeApp/com.sec.android.RilServiceModeApp.ServiceModeApp}: false, caller=com.android.server.wm.WindowContainer.sendAppVisibilityToClients:1236 com.android.server.wm.WindowToken.setClientVisible:431 com.android.server.wm.ActivityRecord.setClientVisible:7565 com.android.server.wm.ActivityRecord.onAnimationFinished:8423 com.android.server.wm.WindowContainer.doAnimationFinished:3446 
07-26 17:23:47.165  1287  6725 D WindowManager: \tcontainer=Task{841e6b8 #8386 type=standard A=1000:com.sec.android.RilServiceModeApp U=0 visible=false visibleRequested=false mode=fullscreen translucent=true sz=1}
07-26 17:23:47.166  1287  6725 I WindowManager: Reparenting to original parent: Surface(name=Leaf:0:1)/@0x3bff517, destroy=true, surface=Surface(name=WallpaperWindowToken{2d07a8 token=android.os.Binder@caae3cb})/@0xcce7596
07-26 17:23:47.165  1515  1515 I ViewRootImpl@41a767f[ServiceModeApp]: handleAppVisibility mAppVisible = true visible = false
07-26 17:23:47.166  1287  6725 D WindowManager: \twallpaper=WallpaperWindowToken{2d07a8 token=android.os.Binder@caae3cb}
07-26 17:23:47.167  1287  6725 I WindowManager: Finishing remote animation
07-26 17:23:47.170  2736  2736 W Launcher: onEnterAnimationComplete
07-26 17:23:47.170  2736  4332 I ViewRootImpl@6c36a52[LauncherActivity]: mWNT: t=0xb4000070b6bf3400 mBlastBufferQueue=0xb4000070b6a09100 fn= 28 caller= com.android.systemui.shared.launcher.ViewRootImplCompat.mergeWithNextTransaction:2 com.android.quickstep.util.SurfaceTransactionApplier.lambda$scheduleApply$0:2 com.android.quickstep.util.SurfaceTransactionApplier.b:0 
07-26 17:23:47.175  1287  1706 I wm_destroy_activity: [0,232920669,8386,com.sec.android.RilServiceModeApp/.ServiceModeApp,finish-imm:idle]
07-26 17:23:47.178  1163  1163 I Layer   : id=210769 removedFromDrawingState Surface(name=Task=1)/@0xdc3b6ca - animation-leash of app_transition#210769 (113)
07-26 17:23:47.178  1163  1163 I Layer   : id=210768 removedFromDrawingState Surface(name=Task=8386)/@0xdc10d82 - animation-leash of app_transition#210768 (113)
07-26 17:23:47.178  1163  1163 I Layer   : id=210770 removedFromDrawingState Surface(name=WallpaperWindowToken{2d07a8 token=android.os.Binder@caae3cb})/@0xcce7596 - animation-leash of window_animation#210770 (113)
07-26 17:23:47.186  1287  2848 V WindowManager: Relayout Window{8883ce7 u0 com.sec.android.RilServiceModeApp/com.sec.android.RilServiceModeApp.ServiceModeApp}: viewVisibility=8 req=1080x2408 d0
07-26 17:23:47.192  1287  2848 V WindowManager: Relayout hash=8883ce7, pid=1515, syncId=-1: mAttrs={(0,0)(fillxfill) sim={adjust=resize forwardNavigation} ty=BASE_APPLICATION wanim=0x10302f4
07-26 17:23:47.192  1287  2848 V WindowManager:   fl=81810100
07-26 17:23:47.192  1287  2848 V WindowManager:   pfl=12020040
07-26 17:23:47.192  1287  2848 V WindowManager:   apr=LIGHT_NAVIGATION_BARS
07-26 17:23:47.192  1287  2848 V WindowManager:   bhv=DEFAULT
07-26 17:23:47.192  1287  2848 V WindowManager:   fitSides= naviIconColor=0
07-26 17:23:47.192  1287  2848 V WindowManager:   sfl=100000}
07-26 17:23:47.194  1515  1515 I ViewRootImpl@41a767f[ServiceModeApp]: Relayout returned: old=(0,0,1080,2408) new=(0,0,1080,2408) req=(1080,2408)8 dur=13 res=0x2 s={false 0x0} ch=true seqId=0
07-26 17:23:47.195  1515  1515 I ViewRootImpl@41a767f[ServiceModeApp]: stopped(true) old = false
07-26 17:23:47.196  1515  1515 I wm_on_stop_called: [232920669,com.sec.android.RilServiceModeApp.ServiceModeApp,LIFECYCLER_STOP_ACTIVITY]
07-26 17:23:47.200  1515  1515 I MSHandlerLifeCycle: check: return. Multi-window not supported pkg=com.sec.android.RilServiceModeApp
07-26 17:23:47.200  1515  1515 I MSHandlerLifeCycle: removeMultiSplitHandler: no exist. decor=DecorView@2973a1[ServiceModeApp]
07-26 17:23:47.200  1515  1515 E ModemServiceMode: onDestroy start
07-26 17:23:47.200  1515  1515 E ModemServiceMode: unbind connection
07-26 17:23:47.204 12984 12984 E RILS    : onDestroy start
07-26 17:23:47.204 12984 12984 E RILS    : onDestroy finish
07-26 17:23:47.205 12984 19305 E RILS    : Hit EOS reading message length
07-26 17:23:47.205 12984 19305 I RILS    : Disconnected from 'Multiclient' socket
07-26 17:23:47.205  1515  1515 E ModemServiceMode: onDestroy finish
07-26 17:23:47.205 12984 19305 E RILS    : Thread interrupted...start to exit - Multiclient, TID: 67
07-26 17:23:47.205  1515  1515 I wm_on_destroy_called: [232920669,com.sec.android.RilServiceModeApp.ServiceModeApp,performDestroy]
07-26 17:23:47.205  1960  1971 E Multi-Client: OemClient::Process(): EOS. oem client(8), errno:11
07-26 17:23:47.205 12984 19305 E RILS    : Thread is terminated by InterruptedException
07-26 17:23:47.206  1287  2848 D CoreBackPreview: Window{8883ce7 u0 com.sec.android.RilServiceModeApp/com.sec.android.RilServiceModeApp.ServiceModeApp}: Setting back callback null
07-26 17:23:47.206  1515  1515 I MSHandlerLifeCycle: removeMultiSplitHandler: no exist. decor=DecorView@2973a1[ServiceModeApp]
07-26 17:23:47.206  1515  1515 I DecorView: setWindowBackground: isPopOver=false color=fff6f6f6 d=null
07-26 17:23:47.206  1515  1515 I DecorView: notifyKeepScreenOnChanged: keepScreenOn=false
07-26 17:23:47.207  1515  1515 I ViewRootImpl@41a767f[ServiceModeApp]: dispatchDetachedFromWindow
07-26 17:23:47.207  1287  2848 D InputTransport: Input channel destroyed: '8883ce7', fd=876
07-26 17:23:47.207  1287  2848 W InputManager-JNI: Input channel object '8883ce7 com.sec.android.RilServiceModeApp/com.sec.android.RilServiceModeApp.ServiceModeApp (client)' was disposed without first being removed with the input manager!
07-26 17:23:47.207  1287  2848 D InputTransport: Input channel destroyed: '8883ce7', fd=888
07-26 17:23:47.208  1287  2848 I WindowManager: Destroying surface Surface(name=com.sec.android.RilServiceModeApp/com.sec.android.RilServiceModeApp.ServiceModeApp$_1515)/@0xaa6d122 called by com.android.server.wm.WindowStateAnimator.destroySurface:907 com.android.server.wm.WindowStateAnimator.destroySurfaceLocked:519 com.android.server.wm.WindowState.removeImmediately:2933 com.android.server.wm.WindowState.removeIfPossible:3177 com.android.server.wm.WindowState.removeIfPossible:3004 com.android.server.wm.WindowManagerService.removeWindow:2234 com.android.server.wm.Session.remove:236 android.view.IWindowSession$Stub.onTransact:743 
07-26 17:23:47.208  1287  2848 D RestrictionPolicy: isScreenCaptureEnabled : ret=true userId=0
07-26 17:23:47.208  1287  2848 V WindowManager: Nulling last startingData
07-26 17:23:47.212  1287  2848 I wm_task_removed: [8386,removeChild:removeChild last r=ActivityRecord{de2165d u0 com.sec.android.RilServiceModeApp/.ServiceModeApp} t-1 f}} in t=Task{841e6b8 #8386 type=standard A=1000:com.sec.android.RilServiceModeApp U=0 visible=false visibleRequested=false mode=fullscreen translucent=true sz=0},1]
07-26 17:23:47.212  1163  1163 I Layer   : id=210755 removedFromDrawingState com.sec.android.RilServiceModeApp/com.sec.android.RilServiceModeApp.ServiceModeApp$_1515#210755 (113)
07-26 17:23:47.212  1287  2848 I wm_task_removed: [8386,removeChild,1]
07-26 17:23:47.212  1163  1163 I Layer   : id=210753 removedFromDrawingState 8883ce7 com.sec.android.RilServiceModeApp/com.sec.android.RilServiceModeApp.ServiceModeApp#210753 (113)
07-26 17:23:47.212  1163  1163 I SurfaceFlinger: id=210755 Removed com.sec.android.RilServiceModeApp/com.sec.android.RilServiceModeApp.ServiceModeApp$_1515#210755 (113)
07-26 17:23:47.212  1163  1209 I SurfaceFlinger: id=210773 createSurf, flag=24004, Task=8386#210773
07-26 17:23:47.212  1163  1763 I SurfaceFlinger: id=210751 Removed 93f0921 ActivityRecordInputSink com.sec.android.RilServiceModeApp/.ServiceModeApp#210751 (114)
07-26 17:23:47.212  1163  1163 I SurfaceFlinger: id=210753 Removed 8883ce7 com.sec.android.RilServiceModeApp/com.sec.android.RilServiceModeApp.ServiceModeApp#210753 (114)
07-26 17:23:47.212  1163  1163 I Layer   : id=210753 Destroyed 8883ce7 com.sec.android.RilServiceModeApp/com.sec.android.RilServiceModeApp.ServiceModeApp#210753
07-26 17:23:47.213  1163  1163 I Layer   : id=210755 Destroyed com.sec.android.RilServiceModeApp/com.sec.android.RilServiceModeApp.ServiceModeApp$_1515#210755
07-26 17:23:47.215  2736  2736 I RecentsView: onTaskRemoved() taskId : 8386
07-26 17:23:47.215  2736  2736 I TopTaskTracker: onTaskRemoved : taskId = 8386
07-26 17:23:47.216  2736  2736 I RecentsView: onTaskRemoved() taskId : 8386
07-26 17:23:47.216  2736  2736 I TopTaskTracker: onTaskRemoved : taskId = 8386
07-26 17:23:47.221  1163  1163 I Layer   : id=210744 removedFromDrawingState ActivityRecord{de2165d u0 com.sec.android.RilServiceModeApp/.ServiceModeApp}#210744 (112)
07-26 17:23:47.221  1163  1163 I Layer   : id=210751 removedFromDrawingState 93f0921 ActivityRecordInputSink com.sec.android.RilServiceModeApp/.ServiceModeApp#210751 (112)
07-26 17:23:47.221  1163  1163 I Layer   : id=210743 removedFromDrawingState Task=8386#210743 (112)
07-26 17:23:47.221  1163  1163 I Layer   : id=210773 removedFromDrawingState Task=8386#210773 (112)
07-26 17:23:47.221  1163  1163 I SurfaceFlinger: id=210744 Removed ActivityRecord{de2165d u0 com.sec.android.RilServiceModeApp/.ServiceModeApp}#210744 (112)
07-26 17:23:47.221  1163  1163 I SurfaceFlinger: id=210773 Removed Task=8386#210773 (112)
07-26 17:23:47.221  1163  1163 I Layer   : id=210773 Destroyed Task=8386#210773
07-26 17:23:47.221  1163  1163 I Layer   : id=210744 Destroyed ActivityRecord{de2165d u0 com.sec.android.RilServiceModeApp/.ServiceModeApp}#210744
07-26 17:23:47.221  1163  1163 I Layer   : id=210751 Destroyed 93f0921 ActivityRecordInputSink com.sec.android.RilServiceModeApp/.ServiceModeApp#210751
07-26 17:23:47.282  1073 19452 I HYPER-HAL: [ResourceManager.cpp]removeResource(): [CPUMinFreq] RemoveResource Request ID : 866615
07-26 17:23:47.283  1073 19452 I HYPER-HAL: [RequestManager.cpp]releaseLocked(): Released ID : 866615
07-26 17:23:47.314  1287  2467 D MdnieScenarioControlService:  packageName : com.sec.android.app.launcher    className : com.android.launcher3.uioverrides.QuickstepLauncher
07-26 17:23:47.315  1287  2467 V MdnieScenarioControlService: setUIMode from UI function(3)
07-26 17:23:47.416  1287  2467 V MdnieScenarioControlService: mAclOffEnabled : false mAclPreviewState : false mAclCompensationState : false
07-26 17:23:47.530 11421 11421 E STFService: getNetworkProperties: Location fine denied
07-26 17:23:47.720  1287  1314 I system_server: NativeAlloc concurrent copying GC freed 449056(20MB) AllocSpace objects, 35(936KB) LOS objects, 26% free, 68MB/92MB, paused 487us,450us total 529.525ms
07-26 17:23:47.747  1287  1316 W System  : A resource failed to call HardwareBuffer.close. 
07-26 17:23:47.747  1287  1316 W System  : A resource failed to call HardwareBuffer.close. 
07-26 17:23:47.748  1287  1316 W System  : A resource failed to call CursorWindow.close. 
07-26 17:23:47.748  1287  1316 W System  : A resource failed to call HardwareBuffer.close. 
07-26 17:23:47.749  1287  1316 W System  : A resource failed to call release. 
07-26 17:23:47.749  1287  1316 W System  : A resource failed to call release. 
07-26 17:23:47.823  1287  7069 D SGM:GameManager: identifyGamePackage. com.sec.android.app.launcher, mCurrentUserId: 0, callerUserId: 0, callingMethodInfo: com.android.server.ssrm.SortingMachine.isGame(SortingMachine.java:162)
07-26 17:23:47.824  1287  7069 D SGM:PkgDataHelper: getGamePkgData(). com.sec.android.app.launcher
07-26 17:23:47.830  1163  1163 I DisplayDevice: [Display 4630946312756012673 (internal, primary, \"\")] ActiveConfigToHWC, ID : 1
07-26 17:23:47.832  1163  1163 I LayerHistory: com.sec.android.app.launcher/com.sec.android.app.launcher.activities.LauncherActivity$_2736#210765 Max (can't resolve refresh rate)
07-26 17:23:47.832  1163  1163 I LayerHistory: NavigationBar0$_2289#78 Max (can't resolve refresh rate)
07-26 17:23:47.833  1163  1163 I SurfaceFlinger: Idle - choose 60.00 Hz
07-26 17:23:47.837  1086  1246 I SDM     : HWCDisplay::SubmitDisplayConfig: [DispConfigs] config 0 => 1, hs_mode 1 => 1
07-26 17:23:47.837  1086  1246 I SDM     : DisplayBase::SetActiveConfig: [DispConfigs] 0 => 1 or hs mode is changed if same config
07-26 17:23:47.838  1086  1246 I SDM     : HWDeviceDRM::SetDisplaySwitchMode: [DispConfigs] check hs_mode 1
07-26 17:23:47.838  1086  1246 I SDM     : HWDeviceDRM::SetDisplaySwitchMode: [DispConfigs] SetDisplayAttributes  mode_index 1
07-26 17:23:47.840  1086  1246 I SDM     : HWDeviceDRM::UpdateMixerAttributes: Mixer WxH 1080x2408-0 for Peripheral
07-26 17:23:47.842  1086  1246 I SDM     : HWCDisplay::SubmitDisplayConfig: Active configuration changed to: 1
07-26 17:23:47.925  2736  3019 I QuickstepModelDelegate: Widget predictions updated
07-26 17:23:48.008   650   650 D io_stats: !@   8,0 r 23311640 457221872 w 4953195 44748828 d 1388593 91304652 f 0 0 iot 19609708 0 th 0 0 0 pt 0 inp 0 0 710492.439
07-26 17:23:48.010   650   650 D io_stats: !@ Read_top(KB): cmd(19443) 28 c.android.sdhms(4015) 16 system_server(1287) 8
07-26 17:23:48.010   650   650 D io_stats: !@ Write_top(KB): system_server(1287) 8 kworker/u16:6(26542) 4
07-26 17:23:48.036  2258  2258 D SSCtr   : [0] EVENT_SIGNAL_LEVEL_INFO_CHANGED - SignalBarInfo{ nrLevel=5 }
07-26 17:23:48.043  2289  2528 D MobileStatusTracker(0/1): onSignalStrengthsChanged level=1, vendorLevel=5
07-26 17:23:48.046  2258  2258 D Telephony: SamsungWfcCapabilityNotificationMgr: onSignalStrengthsChanged: level=1
07-26 17:23:48.046  2258  2258 D Telephony: SamsungWfcCapabilityNotificationMgr: onSignalStrengthsChanged: mRsrp=2147483647
07-26 17:23:48.046  2289  2528 D MobileSignalController(0/1): notifyListener: enabled=true, connected=true, dataConnected=true, networkType=NR/NR_NSA is5gAvailable=false (5G_Connected), emergencyOnly=false, roaming=false, isDefault=true, dataActivity=, level=5, ca=false, mmWave=false, disabledDataIcon=false, simCard=ETC
07-26 17:23:48.046  2289  2528 D NetworkController: SignalStrength from intent slotId=0
07-26 17:23:48.054  2258  2258 I Telephony: SamsungWifiCallRepositoryImpl: getInt() wifi_call_enable : 0 , phoneId0
07-26 17:23:48.056  2258  2258 I Telephony: SamsungWifiCallRepositoryImpl: isWifiCallEnabled [ 0] : 0
07-26 17:23:48.057  2258  2258 I Telephony: SamsungWifiCallRepositoryImpl: getWfcCapaNotiCount count :0
07-26 17:23:48.057  2258  2258 I Telephony: SamsungWifiCallRepositoryImpl: isWifiCallMenuEnabled: false
07-26 17:23:48.057  2258  2258 D Telephony: SamsungWfcCapabilityNotificationMgr: updateWFCCapabilityNotification: tryCount=0 isWiFiCallEnable=false isWifiConnected=false isWifiCallMenuEnabled=false
07-26 17:23:48.057  2258  2258 D Telephony: SamsungWfcCapabilityNotificationMgr: updateWFCCapabilityNotification: canShowWfcCapableNotification=false shouldShowWfcCapableNotification=false isShowingNotification=false rsrp=2147483647
07-26 17:23:48.073  1163  1163 I DisplayDevice: [Display 4630946312756012673 (internal, primary, \"\")] ActiveConfigToHWC, ID : 0
07-26 17:23:48.074  1163  1163 I LayerHistory: StatusBar$_2289#85 voted 1 
07-26 17:23:48.074  1163  1163 I LayerHistory: com.sec.android.app.launcher/com.sec.android.app.launcher.activities.LauncherActivity$_2736#210765 Max (can't resolve refresh rate)
07-26 17:23:48.074  1163  1163 I LayerHistory: NavigationBar0$_2289#78 Max (can't resolve refresh rate)
07-26 17:23:48.074  1163  1163 I SurfaceFlinger: Weight ignores NavigationBar0$_2289#78 (type=Max, weight=0.06, seamlessness=Default) 0.00 Hz's 120.00 Hz
07-26 17:23:48.074  1163  1163 I SurfaceFlinger: Best - choose 120.00 Hz
07-26 17:23:48.077  1086  1246 I SDM     : HWCDisplay::SubmitDisplayConfig: [DispConfigs] config 1 => 0, hs_mode 1 => 1
07-26 17:23:48.077  1086  1246 I SDM     : DisplayBase::SetActiveConfig: [DispConfigs] 1 => 0 or hs mode is changed if same config
07-26 17:23:48.077  1086  1246 I SDM     : HWDeviceDRM::SetDisplaySwitchMode: [DispConfigs] check hs_mode 1
07-26 17:23:48.077  1086  1246 I SDM     : HWDeviceDRM::SetDisplaySwitchMode: [DispConfigs] SetDisplayAttributes  mode_index 0
07-26 17:23:48.078  1086  1246 I SDM     : HWDeviceDRM::UpdateMixerAttributes: Mixer WxH 1080x2408-0 for Peripheral
07-26 17:23:48.078  1086  1246 I SDM     : HWCDisplay::SubmitDisplayConfig: Active configuration changed to: 0
07-26 17:23:48.094  1163  1163 I Scheduler: DisplayModeChanged : 0
07-26 17:23:48.095  1163  1163 D SurfaceFlinger: GPIS:: requestGPIS
07-26 17:23:48.287  1073 19453 I HYPER-HAL: [ResourceManager.cpp]removeResource(): [CPUMaxFreq] RemoveResource Request ID : 8118449
07-26 17:23:48.288  1073 19453 I HYPER-HAL: [RequestManager.cpp]releaseLocked(): Released ID : 8118449
07-26 17:23:48.325   996 24518 I sensors-hal: handle_sns_client_event:229, auto_rotation_event_2: mode:255, type:1:0/0.184,-3.479,8.940, ar:0
07-26 17:23:48.532 11421 11421 E STFService: getNetworkProperties: Location fine denied
07-26 17:23:48.663  1163  1163 I DisplayDevice: [Display 4630946312756012673 (internal, primary, \"\")] ActiveConfigToHWC, ID : 1
07-26 17:23:48.665  1163  1163 I LayerHistory: StatusBar$_2289#85 voted 1 
07-26 17:23:48.665  1163  1163 I SurfaceFlinger: Idle - choose 60.00 Hz
07-26 17:23:48.667  1163  1163 D SurfaceFlinger: GPIS:: requestGPIS
07-26 17:23:48.669  1086  1246 I SDM     : HWCDisplay::SubmitDisplayConfig: [DispConfigs] config 0 => 1, hs_mode 1 => 1
07-26 17:23:48.669  1086  1246 I SDM     : DisplayBase::SetActiveConfig: [DispConfigs] 0 => 1 or hs mode is changed if same config
07-26 17:23:48.669  1086  1246 I SDM     : HWDeviceDRM::SetDisplaySwitchMode: [DispConfigs] check hs_mode 1
07-26 17:23:48.669  1086  1246 I SDM     : HWDeviceDRM::SetDisplaySwitchMode: [DispConfigs] SetDisplayAttributes  mode_index 1
07-26 17:23:48.670  1086  1246 I SDM     : HWDeviceDRM::UpdateMixerAttributes: Mixer WxH 1080x2408-0 for Peripheral
07-26 17:23:48.670  1086  1246 I SDM     : HWCDisplay::SubmitDisplayConfig: Active configuration changed to: 1
07-26 17:23:48.826  1287  2167 I ChimeraAggressivePolicyHandler: executePolicy() - triggerSource: TRIGGER_SOURCE_HOME_IDLE
07-26 17:23:48.830  1287  2167 I ChimeraAggressivePolicyHandler: memAvailable: 697096, memFreeTarget: 747520, releaseTarget:50424, protectedLruCount: 8
07-26 17:23:48.835  1287  2167 I NSLocationMonitor: getGPSUsingApps() called
07-26 17:23:48.836  3228  3272 W NSLocationManager_FLP: add uid 10232 to freeze Allowlist by using GMS_FUSED in foreground
07-26 17:23:48.836  3228  3272 W NSLocationManager_FLP: add uid 10232 to freeze Allowlist by using gps in foreground
07-26 17:23:48.836  3228  3272 W NSLocationManager_FLP: add uid 10232 to freeze Allowlist by using gps in foreground
07-26 17:23:48.848  3228  3272 I NSLocationManager_FLP: getGPSUsingApps, NO_FREEZE={5013, 10232} / FREEZE={10202, 10211}
07-26 17:23:48.852  1287  2167 D MARs:OngoingNotiPackageFilter: filter : android(0)
07-26 17:23:48.852  1287  2167 D MARs:OngoingNotiPackageFilter: filter : com.dish.wireless.activation(0)
07-26 17:23:48.852  1287  2167 I ChimeraAggressivePolicyHandler: Start doKill, protected policy: NORMAL
07-26 17:23:48.853  1287  2167 I ChimeraAggressivePolicyHandler: Killed on trigger2 : com.microsoft.skydrive, freed: 73967, 10082[16192]:G1(0x1) score=39.1(31 10/20 73967), pids: 16192 / stats: 19 / adjs: 995 
07-26 17:23:48.854  1287  2167 I am_uid_stopped: 10082
07-26 17:23:48.854  1287  2167 I ActivityManager: Killing 16192:com.microsoft.skydrive/u0a82 (adj 995): Chimera #2
07-26 17:23:48.855  1287  2167 I am_kill : [0,16192,com.microsoft.skydrive,995,Chimera #2]
07-26 17:23:48.858  1287  2167 D ActivityManager: proc ProcessRecord{8c62534 16192:com.microsoft.skydrive/u0a82} already removed. so we skip next process.
07-26 17:23:48.860  1287  2167 I ChimeraAggressivePolicyHandler: kill complete: killed 1 apps, freed 73967 KB
07-26 17:23:48.860  1287  2167 I ChimeraAggressivePolicyHandler: Skipped reason: LR, pids: 19079 11640 1515 8268 
07-26 17:23:48.860  1287  2167 I ChimeraAggressivePolicyHandler: Skipped reason: CA, pids: 26369 12290 19013 31145 12590 5582 8592 5459 32211 12403 2323 12984 11800 12378 6492 12350 
07-26 17:23:48.860  1287  2167 I ChimeraAggressivePolicyHandler: Skipped reason: PE, pids: 1287 18316 2322 2258 2580 2582 2583 2586 3228 3877 5222 3177 3818 2477 4015 2289 7602 26419 5750 3959 4029 12862 2559 
07-26 17:23:48.860  1287  2167 I ChimeraAggressivePolicyHandler: Processing time(ms) 34
07-26 17:23:48.864  1287  1760 I libprocessgroup: Successfully killed process cgroup uid 10082 pid 16192 in 6ms
07-26 17:23:48.896  1287  1319 V ActivityManager: Got obituary of 16192:com.microsoft.skydrive
07-26 17:23:48.896  1287  2127 D ConnectivityService: releasing NetworkRequest [ REQUEST id=13843, [ Capabilities: INTERNET&NOT_RESTRICTED&TRUSTED&NOT_VCN_MANAGED Uid: 10082 RequestorUid: 10082 RequestorPkg: com.microsoft.skydrive UnderlyingNetworks: Null] ] (release request)
07-26 17:23:48.896  1287  2127 D ConnectivityService:  Removing from current network [421 CELLULAR], leaving 85 requests.
07-26 17:23:48.897   870   870 I Zygote  : Process 16192 exited due to signal 9 (Killed)
07-26 17:23:48.898  2258  2258 D DDS-TelephonyNetworkFactory[0]: handleMessage msg={ when=0 what=4 obj=NetworkRequest [ REQUEST id=13843, [ Capabilities: INTERNET&NOT_RESTRICTED&TRUSTED&NOT_VCN_MANAGED Uid: 10082 RequestorUid: 10082 RequestorPkg: com.microsoft.skydrive UnderlyingNetworks: Null] ] target=com.android.internal.telephony.data.TelephonyNetworkFactory$InternalHandler }
07-26 17:23:48.899  2258  2258 D DDS-TelephonyNetworkFactory[0]: onReleaseNetworkFor [NetworkRequest [ REQUEST id=13843, [ Capabilities: INTERNET&NOT_RESTRICTED&TRUSTED&NOT_VCN_MANAGED Uid: 10082 RequestorUid: 10082 RequestorPkg: com.microsoft.skydrive UnderlyingNetworks: Null] ], mPriority=0, state=UNSATISFIED, mAttachedDataNetwork=null, isMetered=false, created time=17:23:48.897, evaluation result=null] applied true
07-26 17:23:48.900  2258  2258 D DCT-C-0 : DDS-DcTracker.releaseNetwork for NetworkRequest [ REQUEST id=13843, [ Capabilities: INTERNET&NOT_RESTRICTED&TRUSTED&NOT_VCN_MANAGED Uid: 10082 RequestorUid: 10082 RequestorPkg: com.microsoft.skydrive UnderlyingNetworks: Null] ] found {mApnType=default mState=CONNECTED mWaitingApns={[[ApnSetting] Internet, 5778, 313340, internet, , null, , null, null, 0, supl | dun | hipri | default, IPV4V6, IPV4V6, true, 0, false, 20, 0, 300, 0, 0, gid, 6538, false, UNKNOWN, UNKNOWN, 0, -1, 0, false] priority=1} mApnSetting={[ApnSetting] Internet, 5778, 313340, internet, , null, , null, null, 0, supl | dun | hipri | default, IPV4V6, IPV4V6, true, 0, false, 20, 0, 300, 0, 0, gid, 6538, false, UNKNOWN, UNKNOWN, 0, -1, 0, false} mReason=connected mNeedDisconnectByDdsChange=false mDataEnabled=true}, type=NORMAL
07-26 17:23:48.900  2258  2258 D DC-C-2  : reevaluate data connection properties
07-26 17:23:48.954  1073 19463 I HYPER-HAL: [RequestManager.cpp]releaseLocked(): Released ID : 2341366
07-26 17:23:49.534 11421 11421 E STFService: getNetworkProperties: Location fine denied
07-26 17:23:49.803  1287  2259 I Pageboost: Launcher App Execution
07-26 17:23:50.014   650   650 D io_stats: !@   8,0 r 23311640 457221872 w 4953204 44749512 d 1388593 91304652 f 0 0 iot 19609724 0 th 0 0 0 pt 0 inp 0 0 710494.445
07-26 17:23:50.536 11421 11421 E STFService: getNetworkProperties: Location fine denied
07-26 17:23:50.813 11421 11458 I STFService: CoreFrequency index: 0 current: 1516800 max: 1804800
07-26 17:23:50.815 11421 11458 I STFService: CoreFrequency index: 1 current: 1516800 max: 1804800
07-26 17:23:50.817 11421 11458 I STFService: CoreFrequency index: 2 current: 1516800 max: 1804800
07-26 17:23:50.818 11421 11458 I STFService: CoreFrequency index: 3 current: 1804800 max: 1804800
07-26 17:23:50.819 11421 11458 I STFService: CoreFrequency index: 4 current: 1804800 max: 1804800
07-26 17:23:50.820 11421 11458 I STFService: CoreFrequency index: 5 current: 1804800 max: 1804800
07-26 17:23:50.823 11421 11458 I STFService: CoreFrequency index: 6 current: 691200 max: 2208000
07-26 17:23:50.828 11421 11458 I STFService: CoreFrequency index: 7 current: 1228800 max: 2208000
07-26 17:23:51.375  2258  2292 D SEM_RILJ: [UNSL]< UNSOL_OEM_EXECUTE [PHONE0]
07-26 17:23:51.375   828  1977 I CASS_DEBUG: acquire_wake_lock lock=1 id='client-interface'
07-26 17:23:51.375  2258  2292 D SEM_RILJ: execute cmd0: AM cmd1: broadcast -a com.sec.intent.action.SARDEVICE_CP -f 268435456 --es cmd on --es device 98817 --es option NONE --ei slot 0 [PHONE0]
07-26 17:23:51.375   828  1977 D RILClient: processUnsolicited(): resp_id (11090), len(122)
07-26 17:23:51.376   828  1977 I CASS_DEBUG: release_wake_lock id='client-interface'
07-26 17:23:51.376  2258  2292 I System.out: Broadcasting: Intent { act=com.sec.intent.action.SARDEVICE_CP flg=0x10000000 (has extras) }
07-26 17:23:51.377   829  1964 D RILClient: processUnsolicited(): resp_id (11090), len(122)
07-26 17:23:51.379  2583  4596 I RILClient: processUnsolicited(): resp_id (11090), len(122)
07-26 17:23:51.380  1961  2155 D RILClient: processUnsolicited(): resp_id (11090), len(122)
07-26 17:23:51.382  1287  2069 D MotionRecognitionService: [SAR]  onReceive : SARDEVICE_CP, callAction = on deviceID = 98817 slot = 0 device_ext = 0
07-26 17:23:51.383  1287  2069 I MotionRecognitionService: [SAR] id : 0 cmd :on
07-26 17:23:51.383  1287  2069 I MotionRecognitionService: [SAR] ISG6320 Grip sensor enableSensor
07-26 17:23:51.386  1287  2069 D SensorService: [GripSensor] ++ setGripThdWithMCC  (65560)
07-26 17:23:51.390  1287  2069 D SensorService: GripSensor: MCC Path does not exist 
07-26 17:23:51.391   996   996 I SensorsGrip: [grip_sensor] enable: GripSensor: enable handle = 11 en = 1
07-26 17:23:51.399   996  1747 I SensorsGrip: [grip_sensor] readEvents: GripSensor: grip 1ch data = TOUCH
07-26 17:23:51.399   996  1747 I SensorsGrip: [grip_sensor] readEvents: GripSensor: grip 2ch data = TOUCH
07-26 17:23:51.399   996  1747 I SensorsGrip: [grip_sensor] readEvents: GripSensor: grip 1ch unknown NORMAL MODE
07-26 17:23:51.399   996  1747 I SensorsGrip: [grip_sensor] readEvents: GripSensor: grip 2ch unknown NORMAL MODE
07-26 17:23:51.400   996   996 E SensorsGrip: [grip_sensor] enable: mEnabled : 1, first_grip_event : 1
07-26 17:23:51.400  1287  2069 D SensorManager: registerListener :: 16777227, ISG6320 Grip sensor, 200000, 0, com.samsung.android.gesture.MotionRecognitionSAR$GripSensor$1@198f1d8
07-26 17:23:51.401  1287  2069 I MotionRecognitionService: [SAR] ISG6320 Grip sensor enable channel 0 : 1 , channel 1 : 0
07-26 17:23:51.401  1287  2069 I MotionRecognitionService: [SAR] id : 9 cmd :on
07-26 17:23:51.401  1287  2069 W MotionRecognitionService: DEFAULT
07-26 17:23:51.401  1287  2069 I MotionRecognitionService: [SAR] id : 15 cmd :on
07-26 17:23:51.401  1287  2069 W MotionRecognitionService: DEFAULT
07-26 17:23:51.401  1287  2069 I MotionRecognitionService: [SAR] id : 16 cmd :on
07-26 17:23:51.401  1287  2069 I MotionRecognitionService: [SAR] ISG6320 Grip sensor enable channel 0 : 1 , channel 1 : 1
07-26 17:23:51.402  2258  2383 I System.out: Broadcast completed: result=0
07-26 17:23:51.403  1287  2069 I MotionRecognitionService: [SAR] ISG6320 Grip sensor onSensorChanged : 0.0 , 0.0 , 0.0 , 1.0 , 1.0
07-26 17:23:51.403  1287  2069 I MotionRecognitionService: [SAR] ISG6320 Grip sensor setBackOff channel: 0 , index: 0
07-26 17:23:51.407  1287  2069 I power_partial_wake_state: [0,*telephony-sem-radio*:com.android.phone]
07-26 17:23:51.408  2258  2383 D SEM_RILJ: [1500]> OEM_HOOK_RAW[118200090100000001] [PHONE0]
07-26 17:23:51.410  1287  2069 D MotionRecognitionService: [SAR] set setTransmitPowerWithFlag  value : 1 : true
07-26 17:23:51.410  1287  2069 I MotionRecognitionService: [SAR] SarDevice set 1 channel : 0 , state : 1
07-26 17:23:51.410  1287  2069 I MotionRecognitionService: [SAR] ISG6320 Grip sensorsetTunerGrip 8589934592 , state: true
07-26 17:23:51.411  2258  2383 D SEM_RILJ: [1501]> OEM_HOOK_RAW[1182000D010000000200000000] [PHONE0]
07-26 17:23:51.411  1287  2069 D MotionRecognitionService: [SAR] set setTransmitPowerExt  value : 8589934592 : true
07-26 17:23:51.411  1287  2069 I MotionRecognitionService: [SAR] tunerGrip is 8589934592, state : true
07-26 17:23:51.411  1287  2069 I MotionRecognitionService: [SAR] ISG6320 Grip sensor setBackOff channel: 1 , index: 0
07-26 17:23:51.412  2258  2292 D SEM_RILJ: [1500]< OEM_HOOK_RAW [B@746d9d5 [PHONE0]
07-26 17:23:51.412  2258  2383 D SEM_RILJ: [1502]> OEM_HOOK_RAW[118200090100010000] [PHONE0]
07-26 17:23:51.413  1287  2069 D MotionRecognitionService: [SAR] set setTransmitPowerWithFlag  value : 65536 : true
07-26 17:23:51.413  1287  2069 I MotionRecognitionService: [SAR] SarDevice set 65536 channel : 1 , state : 1
07-26 17:23:51.414  2258  2292 D SEM_RILJ: [1501]< OEM_HOOK_RAW [B@f47d5ea [PHONE0]
07-26 17:23:51.415  2258  2292 D SEM_RILJ: [1502]< OEM_HOOK_RAW [B@1bf90db [PHONE0]
07-26 17:23:51.416  1287 11096 I power_partial_wake_state: [8,*telephony-sem-radio*:com.android.phone]
07-26 17:23:51.418  1287 11096 I power_partial_wake_state: [1,*telephony-sem-radio*:com.android.phone(disabled)]
07-26 17:23:51.537 11421 11421 E STFService: getNetworkProperties: Location fine denied
07-26 17:23:51.650  2583  2942 I reSIProcate: INFO | RESIP:TRANSPORT | Transport.cxx:401 | incoming from: [ V4 10.224.38.176:65525 TCP target domain=unspecified mFlowKey=173 ] cport =0 ] mInterface= ] transportKey=79 ]
07-26 17:23:51.653  2583  2942 I reSIProcate: INFO | RESIP:TRANSPORT | Transport.cxx:402 | SipReq:  INVITE xxxx@10.75.240.54:7600 tid=3421e735a9d7ff7d2ffff297b230bff8646709bb-0-1513439-64c19cf624742b39 cseq=1 INVITE contact=xxxx@10.224.38.176:6000 / 1 from(wire)
07-26 17:23:51.653  2583  2942 I reSIProcate: INFO | RESIP:TRANSPORT | Connection.cxx:450 | Connection::performReads()  read=2776
07-26 17:23:51.663  2583  2942 I CpAudioEngineClient: SAE_NotiInfo: SAE_NotiInfo string: 17:23:51.662<INVITE:1 INVITE
07-26 17:23:51.663  2583  2942 I VoIpEngineProxy: NotiInfo:Sending IPC_IMS_INFO Noti
07-26 17:23:51.663  2583  2942 I OemIpcHandler: ImsNotiInfo ImsNoti send IPC : 17:23:51.662<INVITE:1 INVITE
07-26 17:23:51.663  2583  2942 I OemIpcHandler: SendOemIpcCommand: main 16 sub 0c len(108) phoneId 0
07-26 17:23:51.663  2583  2942 I OemIpcHandler: SendOemIpcCommand: Send Client 111...
07-26 17:23:51.663  1960  1971 D Multi-Client: OemClient::ProcessBuffer() from [xxx], token[1], datalen[112]
07-26 17:23:51.665  1436  1692 E RILD    : [IMS SIP DbgMsg] 17:23:51.662<INVITE:1 INVITE
07-26 17:23:51.667  1960  1970 D Multi-Client: Oem OnRequestComplete:
07-26 17:23:51.667  2583  4596 I OemIpcHandler: onRawReqComplete, 
07-26 17:23:51.671   996 24518 I sensors-hal: handle_sns_client_event:217, auto_rotation_event_2: 255/1.043,-3.015,9.038, ar:0
07-26 17:23:51.672  2583  2940 I StackIF : processMessage 3
07-26 17:23:51.672  2289  2289 D AppController: AppControlSensorListener.onSensorChanged, Rotation: -1
07-26 17:23:51.672  2583  2940 I StackIF : Processing Notify
07-26 17:23:51.672  1287  1702 I WindowOrientationListener: OrientationSensorJudge.onSensorChanged, Rotation: -1
07-26 17:23:51.672  2583  2940 I SECIMSJ : [UNSL]< 10003
07-26 17:23:51.672  2583  2940 I StackIF : processNotify: id 10003
07-26 17:23:51.672  1287  1702 V WindowManager: rotationForOrientation(orient=SCREEN_ORIENTATION_NOSENSOR (5), last=ROTATION_0 (0)); user=ROTATION_0 (0) USER_ROTATION_LOCKED
07-26 17:23:51.672  1287  1702 D WindowManager: rotationForOrientation, orientationSource=ActivityRecord{937c375 u0 com.sec.android.app.launcher/.activities.LauncherActivity} t25}
07-26 17:23:51.673  1287  1702 V WindowManager: Computed rotation=ROTATION_0 (0) for display id=0 based on lastOrientation=SCREEN_ORIENTATION_NOSENSOR (5) and oldRotation=ROTATION_0 (0), caller=com.android.server.wm.DisplayContent.updateRotationUnchecked:2386 com.android.server.wm.WindowManagerService.updateRotationUnchecked:4697 com.android.server.wm.WindowManagerService.updateRotation:4678 com.android.server.wm.DisplayRotation$OrientationListener.onProposedRotationChanged:1868 com.android.server.wm.WindowOrientationListener$OrientationSensorJudge.finalizeRotation:1391 com.android.server.wm.WindowOrientationListener$OrientationSensorJudge.onSensorChanged:1321 
07-26 17:23:51.677  2583  2940 I SIPMSG[0]: [<--] INVITE sip:xxxxxxxxxxxxxxx@xxx.xxx.xxx.xxx:7600 SIP/2.0 [CSeq: 1 INVITE]
07-26 17:23:51.677  1287  1706 D LocalDisplayAdapter: updateActiveModeLocked for d=4630946312756012673, mActiveModeId=2, mActiveSfDisplayMode=DisplayMode{id=1, width=1080, height=2408, xDpi=403.411, yDpi=402.389, refreshRate=60.000004, appVsyncOffsetNanos=1000000, presentationDeadlineNanos=16666666, group=1080}
07-26 17:23:51.677  2583  2817 I ResipRawSipHandler: handleMessage: event: 100
