07-26 17:23:51.678  1287  1706 I DisplayDeviceRepository: Display device changed: DisplayDeviceInfo{\"Built-in Screen\": uniqueId=\"local:4630946312756012673\", 1080 x 2408, modeId 2, defaultModeId 1, supportedModes [{id=1, width=1080, height=2408, fps=120.00001, alternativeRefreshRates=[60.000004]}, {id=2, width=1080, height=2408, fps=60.000004, alternativeRefreshRates=[120.00001]}], colorMode 0, supportedColorModes [0], hdrCapabilities HdrCapabilities{mSupportedHdrTypes=[], mMaxLuminance=500.0, mMaxAverageLuminance=500.0, mMinLuminance=0.0}, allmSupported false, gameContentTypeSupported false, density 450, 403.411 x 402.389 dpi, appVsyncOff 1000000, presDeadline 16666666, cutout DisplayCutout{insets=Rect(0, 65 - 0, 0) waterfall=Insets{left=0, top=0, right=0, bottom=0} boundingRect={Bounds=[Rect(0, 0 - 0, 0), Rect(454, 0 - 626, 65), Rect(0, 0 - 0, 0), Rect(0, 0 - 0, 0)]} cutoutPathParserInfo={CutoutPathParserInfo{displayWidth=1080 displayHeight=2408 physicalDisplayWidth=1080 physicalDisplayHeight=2408 density={2.8125} cutoutSpec={M 0,0 H -30.57777777777778 V 23.11111111111111 H 30.57777777777778 V 0 H 0 Z @dp} rotation={0} scale={1.0} physicalPixelDisplaySizeRatio={1.0}}}}, touch INTERNAL, rotation 0, type INTERNAL, address {port=129, model=0x40446d22b9ba26}, deviceProductInfo DeviceProductInfo{name=, manufacturerPnpId=QCM, productId=1, modelYear=null, manufactureDate=ManufactureDate{week=27, year=2006}, connectionToSinkType=0}, state ON, frameRateOverride , brightnessMinimum 0.0, brightnessMaximum 1.0, brightnessDefault 0.5019608, roundedCorners RoundedCorners{[RoundedCorner{position=TopLeft, radius=90, center=Point(90, 90)}, RoundedCorner{position=TopRight, radius=90, center=Point(990, 90)}, RoundedCorner{position=BottomRight, radius=90, center=Point(990, 2318)}, RoundedCorner{position=BottomLeft, radius=90, center=Point(90, 2318)}]}, FLAG_ALLOWED_TO_BE_DEFAULT_DISPLAY, FLAG_ROTATES_WITH_CONTENT, FLAG_SECURE, FLAG_SUPPORTS_PROTECTED_BUFFERS, installOrientation 0}
07-26 17:23:51.682  1287  3306 D LiftUpHandler: [LTW] Stopped already.
07-26 17:23:51.683  1287  1287 D SGM:GameManager: onDisplayChanged. displyId: 0, state: 2
07-26 17:23:51.683  1287  1287 D AODManagerService: requestReCalToTSP IsSingleTouchMode = false / previousDisplayState = ON
07-26 17:23:51.683  1287  2094 D SGM:FgCheckThread: onLooperPrepared(), msg: MSG_LCD_ON
07-26 17:23:51.684  2289  2289 D DisplayLifecycle: updateDisplay id = 0
07-26 17:23:51.686  2258  2258 D DCT-C-0 : Screen INTERNAL on
07-26 17:23:51.687  2583  2817 I ResipVolteHandler: handleMessage: evt 114
07-26 17:23:51.687  2583  2940 I [IMS6.0]: OutOfTransManager::FindDialogHandler(): Handler not found.
07-26 17:23:51.689  1287  1706 D DisplayModeDirector: onBrightnessChangedLocked, brightness=128, lux=-1.0
07-26 17:23:51.689  1287  1706 D DisplayModeDirector: setPassiveMode=false, brightness=128, lux=-1.0, mRequestedPassive=false
07-26 17:23:51.697  2583  2940 I CpAudioEngineClient: Init.
07-26 17:23:51.697  2583  2940 I CpAudioEngineClient: SAE_Init: Already initialized. Terminate it first.
07-26 17:23:51.704  2583  2940 I reSIProcate: INFO | RESIP:SDP | SdpContents.cxx:1847 | payloadType : 127
07-26 17:23:51.705  2583  2940 I reSIProcate: INFO | RESIP:SDP | SdpContents.cxx:1847 | payloadType : 114
07-26 17:23:51.705  2583  2940 I reSIProcate: INFO | RESIP:SDP | SdpContents.cxx:1847 | payloadType : 113
07-26 17:23:51.705  2583  2940 I reSIProcate: INFO | RESIP:SDP | SdpContents.cxx:1847 | payloadType : 102
07-26 17:23:51.705  2583  2940 I reSIProcate: INFO | RESIP:SDP | SdpContents.cxx:1847 | payloadType : 115
07-26 17:23:51.705  2583  2940 I reSIProcate: INFO | RESIP:SDP | SdpContents.cxx:1847 | payloadType : 105
07-26 17:23:51.705  2583  2940 I reSIProcate: INFO | RESIP:SDP | SdpContents.cxx:1847 | payloadType : 101
07-26 17:23:51.707  2583  2940 I StackIF : processMessage 3
07-26 17:23:51.707  2583  2940 I StackIF : Processing Notify
07-26 17:23:51.707  2583  2940 I SECIMSJ : [UNSL]< 20008
07-26 17:23:51.707  2583  2940 I StackIF : processNotify: id 20008
07-26 17:23:51.707  2583  2940 I StackIF : Echolocate Notify receive
07-26 17:23:51.711  2583  2940 I StackIF : processMessage 3
07-26 17:23:51.711  2583  2940 I StackIF : Processing Notify
07-26 17:23:51.711  2583  2940 I SECIMSJ : [UNSL]< 20001
07-26 17:23:51.711  2583  2940 I StackIF : processNotify: id 20001
07-26 17:23:51.711  2583  2940 I ResipMiscHandler: onAlarmRequested: delay=70 id=13398
07-26 17:23:51.711  2583  2583 I EcholocateBroadcaster: handleMessage: evt 1
07-26 17:23:51.711  2583  2583 I EcholocateBroadcaster: Do not broadcast. ICDV or Signature key is wrong
07-26 17:23:51.717  1287  8046 D CompatibilityChangeReporter: Compat change id reported: 218533173; UID 1000; state: DISABLED
07-26 17:23:51.717  1287  8046 D CompatibilityChangeReporter: Compat change id reported: 226439802; UID 1000; state: DISABLED
07-26 17:23:51.728  2583  2940 I [IMS6.0]: SdpCreator::CodecAddParameter(): Update : attrType : fmtp, parameter : bw=nb-wb;br=5.9-13.2;evs-mode-switch=0
07-26 17:23:51.728  2583  2940 I [IMS6.0]: SdpCreator::CodecAddParameter(): Update : attrType : fmtp, parameter : bw=nb-wb;br=5.9-13.2;evs-mode-switch=0;ch-aw-recv=2
07-26 17:23:51.731  2583  2940 I CpAudioEngineClient: SAE_SetImsCallStatus: Entry
07-26 17:23:51.731  2583  2940 I CpAudioEngineClient: SAE_SetImsCallStatus: SAE_SetImsCallStatus phoneId : 0, callStatus : 1 callType: 1 isEmergency: 0 bearerType: 12 needToSetSaMode : 0
07-26 17:23:51.731  2583  2940 I VoIpEngineProxy: Sending IPC_IMS_CALL_STATUS bearerType 12
07-26 17:23:51.731  2583  2940 I OemIpcHandler: PrepareWaiting:
07-26 17:23:51.731  2583  2940 I OemIpcHandler: SendOemIpcCommandForQmi: phoneId[0] main 02 sub 7c paramLen 03
07-26 17:23:51.731  2583  2940 I OemIpcHandler: ============
07-26 17:23:51.731  2583  2940 I OemIpcHandler: pkt[0] =  2
07-26 17:23:51.731  2583  2940 I OemIpcHandler: pkt[1] = 7c
07-26 17:23:51.731  2583  2940 I OemIpcHandler: pkt[2] =  0
07-26 17:23:51.731  2583  2940 I OemIpcHandler: pkt[3] =  7
07-26 17:23:51.731  2583  2940 I OemIpcHandler: pkt[4] =  1
07-26 17:23:51.731  2583  2940 I OemIpcHandler: pkt[5] =  1
07-26 17:23:51.731  2583  2940 I OemIpcHandler: pkt[6] =  c
07-26 17:23:51.731  2583  2940 I OemIpcHandler: ============
07-26 17:23:51.731  2583  2940 I OemIpcHandler: IPC counter[7979]
07-26 17:23:51.731  2583  2940 I OemIpcHandler: SendOemIpcCommandForQmi: Send Client 111...
07-26 17:23:51.731  1960  1971 D Multi-Client: OemClient::ProcessBuffer() from [xxx], token[1], datalen[7]
07-26 17:23:51.732  2583  2940 I OemIpcHandler: WaitwithTimeout:
07-26 17:23:51.734  1960  1970 D Multi-Client: Oem OnRequestComplete:
07-26 17:23:51.735  2583  4596 I OemIpcHandler: onImsCallStatusReqComplete, 
07-26 17:23:51.735  2583  4596 I OemIpcHandler: Notify:
07-26 17:23:51.735  2583  4596 I OemIpcHandler: Notify: exit
07-26 17:23:51.735  2583  2940 I OemIpcHandler: WaitwithTimeout: exit
07-26 17:23:51.737  2583  2940 I StackIF : processMessage 3
07-26 17:23:51.737  2583  2940 I StackIF : Processing Notify
07-26 17:23:51.737  2583  2940 I SECIMSJ : [UNSL]< 10005
07-26 17:23:51.737  2583  2940 I StackIF : processNotify: id 10005
07-26 17:23:51.737  2583  2817 I ResipVolteHandler: handleMessage: evt 101
07-26 17:23:51.738  2583  2942 I reSIProcate: INFO | RESIP:TRANSPORT | TransportSelector.cxx:810 | Via=SIP/2.0/TCP 10.224.38.176:6000;branch=z9hG4bK3421e735a9d7ff7d2ffff297b230bff8646709bb-0-1513439-64c19cf624742b39;_aluscr_
07-26 17:23:51.738  2583  2942 I reSIProcate: INFO | RESIP:TRANSPORT | TransportSelector.cxx:811 | Target=[ V4 10.224.38.176:65525 TCP target domain=unspecified mFlowKey=173 ] cport =0 ] mInterface= ] transportKey=79 ]
07-26 17:23:51.738  2583  2942 W reSIProcate: WARNING | RESIP:TRANSPORT | TransportSelector.cxx:1900 | Can't find matching transport [ V4 10.224.38.176:6000 TCP target domain=unspecified mFlowKey=0 ] cport =0 ] mInterface= ] transportKey=0 ]
07-26 17:23:51.739  2583  2942 I reSIProcate: INFO | RESIP:TRANSPORT | TransportSelector.cxx:1656 | target.transportKey : 79, mTransports.size() : 3
07-26 17:23:51.739  2258  2292 D RILJ    : Unsol response received; Sending ack to ril.cpp [PHONE0]
07-26 17:23:51.739  2583  2942 I reSIProcate: INFO | RESIP:TRANSPORT | TransportSelector.cxx:1500 | Transmitting to [ V4 10.224.38.176:65525 TCP target domain=unspecified mFlowKey=173 ] cport =0 ] mInterface= ] transportKey=79 ] tlsDomain= via [ V4 0.0.0.0:7600 TCP target domain=unspecified mFlowKey=0 ] cport =0 ] mInterface= ] transportKey=0 ]
07-26 17:23:51.739  2583  2942 I reSIProcate: SipResp: 100 tid=3421e735a9d7ff7d2ffff297b230bff8646709bb-0-1513439-64c19cf624742b39 cseq=1 INVITE / 1 from(tu)sigcomp id=
07-26 17:23:51.740  2258  2292 D RILJ    : [UNSL]< UNSOL_BARRING_INFO_CHANGED BarringInfo {mCellIdentity=CellIdentityNr:{ mPci = **1 mTac = 5***9 mNrArfcn = 0 mBands = [] mMcc = 313 mMnc = 340 mNci = 2*******10 mAlphaLong =  mAlphaShort =  mAdditionalPlmns = {} }, mBarringServiceInfos={3={isBarred: false (type: 0, isConditionally: false), factor: 0, timeseconds: 0}, 4={isBarred: false (type: 0, isConditionally: false), factor: 0, timeseconds: 0}, 6={isBarred: false (type: 0, isConditionally: false), factor: 0, timeseconds: 0}, 9={isBarred: false (type: 0, isConditionally: false), factor: 0, timeseconds: 0}}} [PHONE0]
07-26 17:23:51.740  2583  2942 I reSIProcate: INFO | RESIP:TRANSPORT | Connection.cxx:229 | Interface : , Tried to send 697 bytes, sent 697 bytes
07-26 17:23:51.740  2258  2258 D GsmCdmaPhone: [0] Event BarringInfoChanged Received - barringInfo: BarringInfo {mCellIdentity=CellIdentityNr:{ mPci = **1 mTac = 5***9 mNrArfcn = 0 mBands = [] mMcc = 313 mMnc = 340 mNci = 2*******10 mAlphaLong =  mAlphaShort =  mAdditionalPlmns = {} }, mBarringServiceInfos={3={isBarred: false (type: 0, isConditionally: false), factor: 0, timeseconds: 0}, 4={isBarred: false (type: 0, isConditionally: false), factor: 0, timeseconds: 0}, 6={isBarred: false (type: 0, isConditionally: false), factor: 0, timeseconds: 0}, 9={isBarred: false (type: 0, isConditionally: false), factor: 0, timeseconds: 0}}}
07-26 17:23:51.742  2583  2943 I VolteServiceModule: onBarringInfoChanged: barringInfo BarringInfo {mCellIdentity=CellIdentityNr:{ mPci = **1 mTac = 5***9 mNrArfcn = 0 mBands = [] mMcc = 313 mMnc = 340 mNci = 2*******10 mAlphaLong =  mAlphaShort =  mAdditionalPlmns = {} }, mBarringServiceInfos={3={isBarred: false (type: 0, isConditionally: false), factor: 0, timeseconds: 0}, 4={isBarred: false (type: 0, isConditionally: false), factor: 0, timeseconds: 0}, 6={isBarred: false (type: 0, isConditionally: false), factor: 0, timeseconds: 0}, 9={isBarred: false (type: 0, isConditionally: false), factor: 0, timeseconds: 0}}}
07-26 17:23:51.742  2583  2943 I VolteServiceModule: voiceBarringInfo mConditionalBarringFactor:0 mConditionalBarringTimeSeconds:0
07-26 17:23:51.742  2583  2943 I VolteServiceModule: videoBarringInfo mConditionalBarringFactor:0 mConditionalBarringTimeSeconds:0
07-26 17:23:51.742  2583  2943 I SsacManager: updateSSACInfo[0] : Voice(100:0) Video(100:0)
07-26 17:23:51.743  2583  2943 I SsacManager: Voice Call updateSSACInfo[0] : f[100], t[0]
07-26 17:23:51.743  2583  2943 I SsacManager: Video Call updateSSACInfo[0] : f[100], t[0]
07-26 17:23:51.750  2583  2817 I ResipVolteHandler: Add Call 9
07-26 17:23:51.753  2583  2817 I ResipVolteHandler: onNewIncomingCall: sessionId 9 peer xxxxx
07-26 17:23:51.754  2583  2817 I ResipVolteHandler: notifyIncomingCall() pre Alerting session: 9, callType: 1
07-26 17:23:51.755  2583  2943 I VolteServiceModule: onImsIncomingCallEvent : sessionId=9 peerURI=xxxxx param=CallParams [mPLettering=null, mHistoryInfo=null, mDtmfEvent=null, mModifySupported=null, mAudioCodec=null, mNumberPlus=null, mConferenceSupported=null, mIsFocus=null, mIndicationFlag=0, misHDIcon=0, mPhotoRing=null, mLocalVideoRTPPort=0, mLocalVideoRTCPPort=0, mRemoteVideoRTPPort=0, mRemoteVideoRTCPPort=0, mRetryAfter=0, mAlertInfo=null, mVideoOrientation=0, mReferredBy=null, mSipCallId=LU-1690410230611424-1649441@imsx-001.nas01e2a2n1p1.ims.mnc340.mcc313.3gppnetwork.org, mLocalHoldTone=false, mVideoWidth=480, mVideoHeight=640, mVideoCrbtType=0, mFeatureCaps=null, mAudioEarlyMediaDir=0, mVerstat=xxxxx, mHasDiversion=false, mDelayRinging=false, mRejectProtocol=null, mRejectCode=-1, mRejectText=null, mRemoteHeld=false, mCmcEdCallSlot=-1] type=1 isDelayedIncoming=false
07-26 17:23:51.758  2583  2943 I VolteServiceModule: getRegInfo: found regId=2068
07-26 17:23:51.758  2583  2943 I VolteServiceModule: getPreAlerting is true
07-26 17:23:51.763  1287  8046 D CompatibilityChangeReporter: Compat change id reported: 157233955; UID 1000; state: DISABLED
07-26 17:23:51.764  1287  8046 D CompatibilityChangeReporter: Compat change id reported: 157233955; UID 1000; state: ENABLED
07-26 17:23:51.770  2583  2943 I VolteServiceModule: hasCsCall: numPsCall=0, callState[0]=0
07-26 17:23:51.782  2583  2940 I [IMS6.0]: CallMsgCreator::AddUnnecessaryHeaders(): mIsSoftphoneEnabled = 0
07-26 17:23:51.782  2583  2943 I ImsCallSipErrorFactory: checkRejectIncomingCall: numPsCall 0, hasInCall false, hasHoldCall false, hasTtyCall false isModifyOngoing false, hasConfCall false, error 200 - OK
07-26 17:23:51.785  1287  2038 D ActivityTaskManager: SafeActivityOptions created, mOriginalCallingPid=1287, mOriginalCallingUid=1000, options=ActivityOptions(69370625), mPackageName=null, mAnimationType=-1, mStartX=0, mStartY=0, mWidth=0, mHeight=0, caller=com.android.server.am.PendingIntentRecord.sendInner:471 com.android.server.am.ActivityManagerService.sendIntentSender:6570 com.android.server.am.ActivityManagerService.sendIntentSender:6559 android.app.PendingIntent.sendAndReturnResult:1029 android.app.PendingIntent.send:1000 com.android.server.alarm.AlarmManagerService$DeliveryTracker.deliverLocked:6338 com.android.server.alarm.AlarmManagerService.deliverAlarmsLocked:5181 
07-26 17:23:51.786  1287  2038 D ActivityManager: Received BROADCAST intent 0xca9d8de Key{broadcastIntent pkg=com.sec.imsservice intent=act=com.sec.internal.ims.imsservice.alarmmanager flags=0x2000000 u=0} requestCode=0 sent=0 from uid 1000
07-26 17:23:51.787  2583  2943 I ImsCallSipErrorFactory: getSipErrorOnCsNetwork: 20, 20
07-26 17:23:51.790  2583  2943 I VolteServiceModule: hasCsCall: numPsCall=0, callState[0]=0
07-26 17:23:51.797  1287  1287 I power_partial_wake_state: [10,*alarm*:android(disabled)]
07-26 17:23:51.798  2583  2943 I VolteServiceModule: onImsIncomingCallEvent: displayName match with phonenumber format, set as DialingNumber
07-26 17:23:51.798  2583  2943 I ImsCallSessionFactory: createImsCallSession: normal call session
07-26 17:23:51.806  2583  2943 I ImsCallSession: start CallStatMachine
07-26 17:23:51.808  2583  2943 I ResipVolteHandler: registerForCallStateEvent:
07-26 17:23:51.808  2583  2943 I ResipVolteHandler: registerForRrcConnectionEvent:
07-26 17:23:51.808  2583  2943 I ResipVolteHandler: registerForUssdEvent:
07-26 17:23:51.809  2583  2943 I ResipVolteHandler: registerForReferStatus:
07-26 17:23:51.809  2583  2943 I ImsMediaController: registerForMediaEvent: session -1
07-26 17:23:51.809  2583  2943 I ImsCallSession: mIsNrSaMode = true
07-26 17:23:51.811  2583  2943 I ImsCallSession(9): Session ID : [9]
07-26 17:23:51.811  2583  2943 I ImsCallSession(9): updateCallProfile: CallParams [mPLettering=null, mHistoryInfo=null, mDtmfEvent=null, mModifySupported=null, mAudioCodec=null, mNumberPlus=null, mConferenceSupported=null, mIsFocus=null, mIndicationFlag=0, misHDIcon=0, mPhotoRing=null, mLocalVideoRTPPort=0, mLocalVideoRTCPPort=0, mRemoteVideoRTPPort=0, mRemoteVideoRTCPPort=0, mRetryAfter=0, mAlertInfo=null, mVideoOrientation=0, mReferredBy=null, mSipCallId=LU-1690410230611424-1649441@imsx-001.nas01e2a2n1p1.ims.mnc340.mcc313.3gppnetwork.org, mLocalHoldTone=false, mVideoWidth=480, mVideoHeight=640, mVideoCrbtType=0, mFeatureCaps=null, mAudioEarlyMediaDir=0, mVerstat=xxxxx, mHasDiversion=false, mDelayRinging=false, mRejectProtocol=null, mRejectCode=-1, mRejectText=null, mRemoteHeld=false, mCmcEdCallSlot=-1]
07-26 17:23:51.816  2583  2943 I ImsCallUtil: verstat xxxxx
07-26 17:23:51.816  2583  2943 I CallProfileBuilder: build CallProfile with CallParamscallType: [UNKNOWN], direction: [UNKNOWN], networkType: [NONE (emergency)], mIsVideoCrbt: [false], mIsVideoCrbtValid: [false], mP2p: [null], mCmcBoundSessionId: [-1], mRejectProtocol: [null], mRejectCode: [-1], mRejectText: [null], mIsRemoteHeld: [false], mCmcEdCallSlot: [-1]
07-26 17:23:51.816  2583  2943 I ImsMediaController: changeCameraCapabilities
07-26 17:23:51.816  2583  2943 I ImsProfile: isRttSupportByCallApp : true ttyType : 3
07-26 17:23:51.816  2583  2943 I ImsProfile: isRttSupportByCallApp : true ttyType : 3
07-26 17:23:51.816  2583  2943 I ImsProfile: isRttSupportByCallApp : true ttyType : 3
07-26 17:23:51.817  1287  1736 I AppOps  : commitUidPendingStateLocked() :: UID - 10211, 400 > 500, 15 > 15
07-26 17:23:51.818  2583  2943 I ImsUtil : Package not found : com.verizon.onetalk.dialer
07-26 17:23:51.818  2583  2943 I ImsUtil : isOneTalkFeatureEnabled - false
07-26 17:23:51.818  2583  2943 I ResipVolteHandler: proceedIncomingCall: sessoinId 9
07-26 17:23:51.818  2583  2943 E #IMSCR  : 07-26 17:23:51 0x30000002:IncomingCall,0,9
07-26 17:23:51.819  2583  2943 I UserAgent<0>: progressIncomingCall: sessionId 9
07-26 17:23:51.820  2583  2943 I CallStateMachine(9): Enter [ReadyToCall]
07-26 17:23:51.820  2583  2927 I StackIF : progressIncomingCall: handle 2068 sessionId 9
07-26 17:23:51.822  2583  2927 I SECIMSJ : [5170]> 64
07-26 17:23:51.825  2583  2940 I [IMS6.0]: CallMsgCreator::AddUnnecessaryHeaders(): mIsSoftphoneEnabled = 0
07-26 17:23:51.826  2583  2940 I StackIF : processMessage 3
07-26 17:23:51.826  2583  2940 I StackIF : Processing Notify
07-26 17:23:51.826  2583  2940 I SECIMSJ : [UNSL]< 20001
07-26 17:23:51.826  2583  2940 I StackIF : processNotify: id 20001
07-26 17:23:51.826  2583  2940 I ResipMiscHandler: onAlarmRequested: delay=2000 id=13399
07-26 17:23:51.826  2583  2940 I StackIF : processMessage 3
07-26 17:23:51.826  2583  2940 I StackIF : Processing Notify
07-26 17:23:51.826  2583  2940 I SECIMSJ : [UNSL]< 20001
07-26 17:23:51.826  2583  2940 I StackIF : processNotify: id 20001
07-26 17:23:51.826  2583  2940 I ResipMiscHandler: onAlarmRequested: delay=15000 id=13400
07-26 17:23:51.827  2583  2940 I StackIF : processMessage 3
07-26 17:23:51.827  2583  2940 I StackIF : Processing Notify
07-26 17:23:51.827  2583  2940 I SECIMSJ : [UNSL]< 20008
07-26 17:23:51.827  2583  2940 I StackIF : processNotify: id 20008
07-26 17:23:51.827  2583  2940 I StackIF : Echolocate Notify receive
07-26 17:23:51.827  2583  2940 I StackIF : processMessage 3
07-26 17:23:51.827  2583  2940 I StackIF : Processing Notify
07-26 17:23:51.827  2583  2940 I SECIMSJ : [UNSL]< 10003
07-26 17:23:51.827  2583  2940 I StackIF : processNotify: id 10003
07-26 17:23:51.829  2583  2940 I SIPMSG[0]: [-->] SIP/2.0 183 Session Progress [CSeq: 1 INVITE]
07-26 17:23:51.832  2583  2940 I CpAudioEngineClient: SAE_NotiInfo: SAE_NotiInfo string: 17:23:51.831>183 Session Progress:1 INVITE
07-26 17:23:51.832  2583  2940 I VoIpEngineProxy: NotiInfo:Sending IPC_IMS_INFO Noti
07-26 17:23:51.832  2583  2940 I OemIpcHandler: ImsNotiInfo ImsNoti send IPC : 17:23:51.831>183 Session Progress:1 INVITE
07-26 17:23:51.832  2583  2940 I OemIpcHandler: SendOemIpcCommand: main 16 sub 0c len(108) phoneId 0
07-26 17:23:51.832  2583  2940 I OemIpcHandler: SendOemIpcCommand: Send Client 111...
07-26 17:23:51.832  2583  2817 I ResipRawSipHandler: handleMessage: event: 200
07-26 17:23:51.832  2583  2583 I EcholocateBroadcaster: handleMessage: evt 1
07-26 17:23:51.832  1960  1971 D Multi-Client: OemClient::ProcessBuffer() from [xxx], token[1], datalen[112]
07-26 17:23:51.832  2583  2583 I EcholocateBroadcaster: Do not broadcast. ICDV or Signature key is wrong
07-26 17:23:51.832  2583  2817 I ResipVolteHandler: handleMessage: evt 114
07-26 17:23:51.832  2583  2940 I [IMS6.0]: IMS_onResponse()
07-26 17:23:51.833  2583  2942 I reSIProcate: INFO | RESIP:TRANSPORT | TransportSelector.cxx:810 | Via=SIP/2.0/TCP 10.224.38.176:6000;branch=z9hG4bK3421e735a9d7ff7d2ffff297b230bff8646709bb-0-1513439-64c19cf624742b39;_aluscr_
07-26 17:23:51.833  1436  1692 E RILD    : [IMS SIP DbgMsg] 17:23:51.831>183 Session Progress:1 INVITE
07-26 17:23:51.833  2583  2940 I StackIF : processMessage 2
07-26 17:23:51.833  2583  2940 I StackIF : Processing Response
07-26 17:23:51.833  2583  2940 I SECIMSJ : [5170]< 218
07-26 17:23:51.833  2583  2940 I StackIF : processResponse: reqId 218
07-26 17:23:51.833  2583  2942 I reSIProcate: INFO | RESIP:TRANSPORT | TransportSelector.cxx:811 | Target=[ V4 10.224.38.176:65525 TCP target domain=unspecified mFlowKey=173 ] cport =7601 ] mInterface=rmnet_data1 ] transportKey=79 ]
07-26 17:23:51.833  2583  2942 I reSIProcate: INFO | RESIP:TRANSPORT | TransportSelector.cxx:1500 | Transmitting to [ V4 10.224.38.176:65525 TCP target domain=unspecified mFlowKey=173 ] cport =7601 ] mInterface=rmnet_data1 ] transportKey=79 ] tlsDomain= via [ V4 0.0.0.0:7600 TCP target domain=unspecified mFlowKey=0 ] cport =0 ] mInterface= ] transportKey=0 ]
07-26 17:23:51.833  2583  2942 I reSIProcate: SipResp: 183 tid=3421e735a9d7ff7d2ffff297b230bff8646709bb-0-1513439-64c19cf624742b39 cseq=1 INVITE contact=xxxx@10.75.240.54:7600 / 1 from(tu)sigcomp id=
07-26 17:23:51.834  2583  2940 I StackIF : processCallResponse: handle 2068
07-26 17:23:51.834  1960  1970 D Multi-Client: Oem OnRequestComplete:
07-26 17:23:51.834  2583  4596 I OemIpcHandler: onRawReqComplete, 
07-26 17:23:51.835  2583  2942 I reSIProcate: INFO | RESIP:TRANSPORT | Connection.cxx:229 | Interface : , Tried to send 1649 bytes, sent 1649 bytes
07-26 17:23:51.857  1436  1670 E RILD    : RxGetRfBandInfo: 
07-26 17:23:51.860  1436  1692 D rild    : physicalChannelConfigInd_V1_4
07-26 17:23:51.864  2258  2292 D RILJ    : Unsol response received; Sending ack to ril.cpp [PHONE0]
07-26 17:23:51.865  2258  2292 D RILJ    : [UNSL]< UNSOL_PHYSICAL_CHANNEL_CONFIG [{mConnectionStatus=PrimaryServing,mCellBandwidthDownlinkKhz=0,mCellBandwidthUplinkKhz=0,mNetworkType=NR,mFrequencyRange=HIGH,mDownlinkChannelNumber=2147483647,mUplinkChannelNumber=2147483647,mContextIds=[1, 2],mPhysicalCellId=0,mBand=0,mDownlinkFrequency=0,mUplinkFrequency=0}] [PHONE0]
07-26 17:23:51.866  2583  2817 I ResipMiscHandler: ALARM_WAKE_UP id=13398
07-26 17:23:51.873  2258  2258 I TelephonyProvider: D/TelephonyProvider: Using old permission behavior for telephony provider compat
07-26 17:23:51.874  2258  2258 I TelephonyProvider: D/TelephonyProvider: subIdString = 1 subId = 1
07-26 17:23:51.874  2583  2817 I SECIMSJ : [5171]> 64
07-26 17:23:51.876  2583  2940 I [IMS6.0]: IMS_onResponse()
07-26 17:23:51.876  2583  2940 I StackIF : processMessage 2
07-26 17:23:51.877  2583  2940 I StackIF : Processing Response
07-26 17:23:51.877  2583  2940 I SECIMSJ : [5171]< 901
07-26 17:23:51.877  2583  2940 I StackIF : processResponse: reqId 901
07-26 17:23:51.877  2583  2940 I StackIF : processResponse: handle -1 result 0 reason 0
07-26 17:23:51.888  2258  2258 D DCT-C-0 : getPreferredApn: For APN type default found apnSetting [ApnSetting] Internet, 5778, 313340, internet, , null, , null, null, 0, supl | dun | hipri | default, IPV4V6, IPV4V6, true, 0, false, 20, 0, 300, 0, 0, gid, 6538, false, UNKNOWN, UNKNOWN, 0, -1, 0, false
07-26 17:23:51.890  2258  2258 D DCT-C-0 : AllowInternetCapability : preferredApnName: internet, apnName: internet
07-26 17:23:51.893  2258  2258 D SST     : [0] updateNrStateFromPhysicalChannelConfigs - hasNrSecondCell: false
07-26 17:23:51.896  2258  2258 I TelephonyProvider: D/TelephonyProvider: Using old permission behavior for telephony provider compat
07-26 17:23:51.896  2258  2258 I TelephonyProvider: D/TelephonyProvider: subIdString = 1 subId = 1
07-26 17:23:51.905  2258  2258 D DCT-C-0 : getPreferredApn: For APN type default found apnSetting [ApnSetting] Internet, 5778, 313340, internet, , null, , null, null, 0, supl | dun | hipri | default, IPV4V6, IPV4V6, true, 0, false, 20, 0, 300, 0, 0, gid, 6538, false, UNKNOWN, UNKNOWN, 0, -1, 0, false
07-26 17:23:51.906  2258  2258 D DCT-C-0 : AllowInternetCapability : preferredApnName: internet, apnName: internet
07-26 17:23:51.910  2258  2258 D SST     : [0] updateNrFrequencyRangeFromPhysicalChannelConfigs
07-26 17:23:51.911  2258  2258 D NetworkTypeController: [0] NrConnectedState(connected): process EVENT_PHYSICAL_CHANNEL_CONFIG_CHANGED
07-26 17:23:51.911  2258  2258 D NetworkTypeController: [0] updateNrAdvancedState: CONNECTED_NR_ADVANCED -> CONNECTED
07-26 17:23:51.911  2258  2258 D NetworkTypeController: [0] Transition with primary timer from connected to connected
07-26 17:23:51.911  2258  2258 D NetworkTypeController: [0] Entering NrConnectedState(connected)
07-26 17:23:51.911  2258  2258 D NetworkTypeController: [0] mIsNrSA = true
07-26 17:23:51.911  2258  2258 D NetworkTypeController: [0] is5gAvailable: false, 3, 0
07-26 17:23:52.017   650   650 D io_stats: !@   8,0 r 23311999 457226532 w 4953207 44749520 d 1388593 91304652 f 0 0 iot 19609940 0 th 0 0 0 pt 0 inp 0 0 710496.448
07-26 17:23:52.018   650   650 D io_stats: !@ Read_top(KB): .sec.imsservice(2583) 4504 kworker/u16:5(16054) 60 kworker/u16:6(26542) 36
07-26 17:23:52.018   650   650 D io_stats: !@ Write_top(KB): kworker/u16:6(26542) 684 system_server(1287) 8
07-26 17:23:52.066  1287  8046 I power_partial_wake_state: [328,RILJ_ACK_WL:com.android.phone(disabled)]
07-26 17:23:52.303  2583  2942 I reSIProcate: INFO | RESIP:TRANSPORT | Transport.cxx:401 | incoming from: [ V4 10.224.38.176:65525 UDP target domain=unspecified mFlowKey=95 ] cport =7601 ] mInterface= ] transportKey=78 ]
07-26 17:23:52.303  2583  2942 I reSIProcate: INFO | RESIP:TRANSPORT | Transport.cxx:402 | SipReq:  PRACK xxxx@10.75.240.54:7600 tid=88d73a9b7e7b8326af277b5be5174a8f646709bb-0-151343b-64c19cf73514f4ec cseq=2 PRACK contact=xxxx@10.224.38.176:6000 / 2 from(wire)
07-26 17:23:52.305  2583  2940 I StackIF : processMessage 3
07-26 17:23:52.305  2583  2940 I StackIF : Processing Notify
07-26 17:23:52.305  2583  2942 I CpAudioEngineClient: SAE_NotiInfo: SAE_NotiInfo string: 17:23:52.305<PRACK:2 PRACK
07-26 17:23:52.305  2583  2942 I VoIpEngineProxy: NotiInfo:Sending IPC_IMS_INFO Noti
07-26 17:23:52.305  2583  2942 I OemIpcHandler: ImsNotiInfo ImsNoti send IPC : 17:23:52.305<PRACK:2 PRACK
07-26 17:23:52.305  2583  2942 I OemIpcHandler: SendOemIpcCommand: main 16 sub 0c len(108) phoneId 0
07-26 17:23:52.306  2583  2942 I OemIpcHandler: SendOemIpcCommand: Send Client 111...
07-26 17:23:52.306  2583  2940 I SECIMSJ : [UNSL]< 10003
07-26 17:23:52.306  2583  2940 I StackIF : processNotify: id 10003
07-26 17:23:52.306  1960  1971 D Multi-Client: OemClient::ProcessBuffer() from [xxx], token[1], datalen[112]
07-26 17:23:52.307  1436  1692 E RILD    : [IMS SIP DbgMsg] 17:23:52.305<PRACK:2 PRACK
07-26 17:23:52.308  2583  2940 I SIPMSG[0]: [<--] PRACK sip:xxxxxxxxxxxxxxx@xxx.xxx.xxx.xxx:7600 SIP/2.0 [CSeq: 2 PRACK]
07-26 17:23:52.309  1960  1970 D Multi-Client: Oem OnRequestComplete:
07-26 17:23:52.309  2583  2817 I ResipRawSipHandler: handleMessage: event: 100
07-26 17:23:52.309  2583  4596 I OemIpcHandler: onRawReqComplete, 
07-26 17:23:52.313  2583  2817 I ResipVolteHandler: handleMessage: evt 114
07-26 17:23:52.314  2583  2940 I StackIF : processMessage 3
07-26 17:23:52.314  2583  2940 I StackIF : Processing Notify
07-26 17:23:52.314  2583  2940 I SECIMSJ : [UNSL]< 20008
07-26 17:23:52.314  2583  2940 I StackIF : processNotify: id 20008
07-26 17:23:52.314  2583  2940 I StackIF : Echolocate Notify receive
07-26 17:23:52.314  2583  2940 I StackIF : processMessage 3
07-26 17:23:52.314  2583  2940 I StackIF : Processing Notify
07-26 17:23:52.314  2583  2940 I SECIMSJ : [UNSL]< 20002
07-26 17:23:52.314  2583  2940 I StackIF : processNotify: id 20002
07-26 17:23:52.314  2583  2940 I ResipMiscHandler: onAlarmCancelled: id=13399
07-26 17:23:52.314  2583  2583 I EcholocateBroadcaster: handleMessage: evt 1
07-26 17:23:52.314  2583  2583 I EcholocateBroadcaster: Do not broadcast. ICDV or Signature key is wrong
07-26 17:23:52.314  2583  2940 I StackIF : processMessage 3
07-26 17:23:52.314  2583  2940 I StackIF : Processing Notify
07-26 17:23:52.315  2583  2940 I SECIMSJ : [UNSL]< 20002
07-26 17:23:52.315  2583  2940 I StackIF : processNotify: id 20002
07-26 17:23:52.315  2583  2940 I ResipMiscHandler: onAlarmCancelled: id=13400
07-26 17:23:52.315  2583  2940 I [IMS6.0]: CallMsgCreator::AddUnnecessaryHeaders(): mIsSoftphoneEnabled = 0
07-26 17:23:52.315  2583  2940 I StackIF : processMessage 3
07-26 17:23:52.315  2583  2940 I StackIF : Processing Notify
07-26 17:23:52.315  2583  2940 I SECIMSJ : [UNSL]< 20008
07-26 17:23:52.315  2583  2940 I StackIF : processNotify: id 20008
07-26 17:23:52.315  2583  2940 I StackIF : Echolocate Notify receive
07-26 17:23:52.316  2583  2940 I StackIF : processMessage 3
07-26 17:23:52.316  2583  2940 I StackIF : Processing Notify
07-26 17:23:52.316  2583  2940 I SECIMSJ : [UNSL]< 10003
07-26 17:23:52.316  2583  2940 I StackIF : processNotify: id 10003
07-26 17:23:52.317  2583  2940 I SIPMSG[0]: [-->] SIP/2.0 200 OK [CSeq: 2 PRACK]
07-26 17:23:52.320  2583  2940 I CpAudioEngineClient: SAE_NotiInfo: SAE_NotiInfo string: 17:23:52.320>200 OK:2 PRACK
07-26 17:23:52.320  2583  2940 I VoIpEngineProxy: NotiInfo:Sending IPC_IMS_INFO Noti
07-26 17:23:52.320  2583  2940 I OemIpcHandler: ImsNotiInfo ImsNoti send IPC : 17:23:52.320>200 OK:2 PRACK
07-26 17:23:52.320  2583  2940 I OemIpcHandler: SendOemIpcCommand: main 16 sub 0c len(108) phoneId 0
07-26 17:23:52.320  2583  2940 I OemIpcHandler: SendOemIpcCommand: Send Client 111...
07-26 17:23:52.320  2583  2583 I EcholocateBroadcaster: handleMessage: evt 1
07-26 17:23:52.320  2583  2817 I ResipRawSipHandler: handleMessage: event: 200
07-26 17:23:52.320  2583  2583 I EcholocateBroadcaster: Do not broadcast. ICDV or Signature key is wrong
07-26 17:23:52.321  1960  1971 D Multi-Client: OemClient::ProcessBuffer() from [xxx], token[1], datalen[112]
07-26 17:23:52.321  2583  2817 I ResipVolteHandler: handleMessage: evt 114
07-26 17:23:52.321  2583  2942 I reSIProcate: INFO | RESIP:TRANSPORT | TransportSelector.cxx:810 | Via=SIP/2.0/UDP 10.224.38.176:6000;branch=z9hG4bK88d73a9b7e7b8326af277b5be5174a8f646709bb-0-151343b-64c19cf73514f4ec;_aluscr_
07-26 17:23:52.321  2583  2940 I [IMS6.0]: CallMsgCreator::AddUnnecessaryHeaders(): mIsSoftphoneEnabled = 0
07-26 17:23:52.321  2583  2942 I reSIProcate: INFO | RESIP:TRANSPORT | TransportSelector.cxx:811 | Target=[ V4 10.224.38.176:6000 UDP target domain=unspecified mFlowKey=95 ] cport =7601 ] mInterface=rmnet_data1 ] transportKey=78 ]
07-26 17:23:52.321  1436  1692 E RILD    : [IMS SIP DbgMsg] 17:23:52.320>200 OK:2 PRACK
07-26 17:23:52.321  2583  2942 I reSIProcate: INFO | RESIP:TRANSPORT | TransportSelector.cxx:1500 | Transmitting to [ V4 10.224.38.176:6000 UDP target domain=unspecified mFlowKey=95 ] cport =7601 ] mInterface=rmnet_data1 ] transportKey=80 ] tlsDomain= via [ V4 0.0.0.0:7601 UDP target domain=unspecified mFlowKey=171 ] cport =0 ] mInterface= ] transportKey=0 ]
07-26 17:23:52.321  2583  2942 I reSIProcate: SipResp: 200 tid=88d73a9b7e7b8326af277b5be5174a8f646709bb-0-151343b-64c19cf73514f4ec cseq=2 PRACK contact=xxxx@10.75.240.54:7600 / 2 from(tu)sigcomp id=
07-26 17:23:52.321  2583  2940 I StackIF : processMessage 3
07-26 17:23:52.322  2583  2940 I StackIF : Processing Notify
07-26 17:23:52.322  2583  2940 I SECIMSJ : [UNSL]< 20008
07-26 17:23:52.322  2583  2940 I StackIF : processNotify: id 20008
07-26 17:23:52.322  2583  2940 I StackIF : Echolocate Notify receive
07-26 17:23:52.322  1960  1970 D Multi-Client: Oem OnRequestComplete:
07-26 17:23:52.322  2583  2940 I StackIF : processMessage 3
07-26 17:23:52.322  2583  2940 I StackIF : Processing Notify
07-26 17:23:52.322  2583  2940 I SECIMSJ : [UNSL]< 10003
07-26 17:23:52.322  2583  2940 I StackIF : processNotify: id 10003
07-26 17:23:52.322  2583  4596 I OemIpcHandler: onRawReqComplete, 
07-26 17:23:52.323  2583  2583 I EcholocateBroadcaster: handleMessage: evt 1
07-26 17:23:52.323  2583  2583 I EcholocateBroadcaster: Do not broadcast. ICDV or Signature key is wrong
07-26 17:23:52.324  2583  2940 I SIPMSG[0]: [-->] SIP/2.0 180 Ringing [CSeq: 1 INVITE]
07-26 17:23:52.324  2583  2817 I ResipRawSipHandler: handleMessage: event: 200
07-26 17:23:52.327  2583  2940 I CpAudioEngineClient: SAE_NotiInfo: SAE_NotiInfo string: 17:23:52.327>180 Ringing:1 INVITE
07-26 17:23:52.327  2583  2817 I ResipVolteHandler: handleMessage: evt 114
07-26 17:23:52.328  2583  2940 I VoIpEngineProxy: NotiInfo:Sending IPC_IMS_INFO Noti
07-26 17:23:52.328  2583  2940 I OemIpcHandler: ImsNotiInfo ImsNoti send IPC : 17:23:52.327>180 Ringing:1 INVITE
07-26 17:23:52.328  2583  2940 I OemIpcHandler: SendOemIpcCommand: main 16 sub 0c len(108) phoneId 0
07-26 17:23:52.328  2583  2940 I OemIpcHandler: SendOemIpcCommand: Send Client 111...
07-26 17:23:52.328  1960  1971 D Multi-Client: OemClient::ProcessBuffer() from [xxx], token[1], datalen[112]
07-26 17:23:52.328  2583  2940 I [IMS6.0]: *CallSession::SelectAudioInterface(): :(9) Current pdn is ims, ThirdParyMode false cmcType 0
07-26 17:23:52.329  1436  1692 E RILD    : [IMS SIP DbgMsg] 17:23:52.327>180 Ringing:1 INVITE
07-26 17:23:52.330  1960  1970 D Multi-Client: Oem OnRequestComplete:
07-26 17:23:52.330  2583  4596 I OemIpcHandler: onRawReqComplete, 
07-26 17:23:52.331  2583  2942 I reSIProcate: INFO | RESIP:TRANSPORT | TransportSelector.cxx:810 | Via=SIP/2.0/TCP 10.224.38.176:6000;branch=z9hG4bK3421e735a9d7ff7d2ffff297b230bff8646709bb-0-1513439-64c19cf624742b39;_aluscr_
07-26 17:23:52.331  2583  2942 I reSIProcate: INFO | RESIP:TRANSPORT | TransportSelector.cxx:811 | Target=[ V4 10.224.38.176:65525 TCP target domain=unspecified mFlowKey=173 ] cport =7601 ] mInterface=rmnet_data1 ] transportKey=79 ]
07-26 17:23:52.331  2583  2942 I reSIProcate: INFO | RESIP:TRANSPORT | TransportSelector.cxx:1500 | Transmitting to [ V4 10.224.38.176:65525 TCP target domain=unspecified mFlowKey=173 ] cport =7601 ] mInterface=rmnet_data1 ] transportKey=79 ] tlsDomain= via [ V4 0.0.0.0:7600 TCP target domain=unspecified mFlowKey=0 ] cport =0 ] mInterface= ] transportKey=0 ]
07-26 17:23:52.331  2583  2942 I reSIProcate: SipResp: 180 tid=3421e735a9d7ff7d2ffff297b230bff8646709bb-0-1513439-64c19cf624742b39 cseq=1 INVITE contact=xxxx@10.75.240.54:7600 / 1 from(tu)sigcomp id=
07-26 17:23:52.332  2583  2942 I reSIProcate: INFO | RESIP:TRANSPORT | Connection.cxx:229 | Interface : , Tried to send 1156 bytes, sent 1156 bytes
07-26 17:23:52.335  2583  2940 I ResipMediaHandler:  set to Audio F/Wg_call_band=wb;g_call_ims_codec_type=evs;bearer=LTE
07-26 17:23:52.335  2583  2940 I AudioManager: setParameters keyValuePairs = g_call_band=wb;g_call_ims_codec_type=evs;bearer=LTE
07-26 17:23:52.350   976  2143 D audio_hw_primary: adev_set_parameters: enter: bearer=LTE;g_call_band=wb;g_call_ims_codec_type=evs
07-26 17:23:52.358   976  2143 V audio_hw_sec: sec_set_parameters: enter: bearer=LTE;g_call_ims_codec_type=evs
07-26 17:23:52.369  2583  2940 I StackIF : processMessage 3
07-26 17:23:52.369  2583  2940 I StackIF : Processing Notify
07-26 17:23:52.369  2583  2940 I SECIMSJ : [UNSL]< 10004
07-26 17:23:52.369  2583  2940 I StackIF : processNotify: id 10004
07-26 17:23:52.369  2583  2940 I StackIF : CallStatus - handle 2068 session 9 status 3
07-26 17:23:52.370  2583  2817 I ResipVolteHandler: handleMessage: evt 100
07-26 17:23:52.370  2583  2817 I ResipVolteHandler: onCallStateChange() session: 9 state: 3 calltype : 1
07-26 17:23:52.370  2583  2817 I ResipVolteHandler: audioCodec=EVS-WB remoteMmtelCapa=true remoteVideoCapa=false height=320 width=240 isFocus=false
07-26 17:23:52.371  2583  2817 E #IMSCR  : 07-26 17:23:52 0x30000000:0,9,3,1,EVS-WB,0,320,240,0
07-26 17:23:52.371  2583  2817 I ResipVolteHandler: onCallStateChange: audioCodec EVS-WB
07-26 17:23:52.371  2583  2817 I ResipVolteHandler: notifyIncomingCall() session: 9, callType: 1
07-26 17:23:52.372  2583  2817 I ResipVolteHandler: onCallStateChange: Incoming call event
07-26 17:23:52.372  2583  2943 I VolteServiceModule: onImsIncomingCallEvent : sessionId=9 peerURI=xxxxx param=CallParams [mPLettering=null, mHistoryInfo=null, mDtmfEvent=null, mModifySupported=null, mAudioCodec=EVS-WB, mNumberPlus=null, mConferenceSupported=null, mIsFocus=null, mIndicationFlag=0, misHDIcon=1, mPhotoRing=null, mLocalVideoRTPPort=0, mLocalVideoRTCPPort=0, mRemoteVideoRTPPort=0, mRemoteVideoRTCPPort=0, mRetryAfter=0, mAlertInfo=null, mVideoOrientation=0, mReferredBy=null, mSipCallId=LU-1690410230611424-1649441@imsx-001.nas01e2a2n1p1.ims.mnc340.mcc313.3gppnetwork.org, mLocalHoldTone=false, mVideoWidth=240, mVideoHeight=320, mVideoCrbtType=0, mFeatureCaps=null, mAudioEarlyMediaDir=0, mVerstat=xxxxx, mHasDiversion=false, mDelayRinging=false, mRejectProtocol=null, mRejectCode=-1, mRejectText=null, mRemoteHeld=false, mCmcEdCallSlot=-1] type=1 isDelayedIncoming=false
07-26 17:23:52.372  2583  2943 I VolteServiceModule: getRegInfo: found regId=2068
07-26 17:23:52.372  2583  2943 I VolteServiceModule: getPreAlerting is false
07-26 17:23:52.374  2583  2943 I VolteServiceModule: only one PS incoming call exists
07-26 17:23:52.375  2583  2943 I VolteServiceModule: hasCsCall: numPsCall=0, callState[0]=0
07-26 17:23:52.378  2583  2943 I ImsCallSession(9): updateCallProfile: CallParams [mPLettering=null, mHistoryInfo=null, mDtmfEvent=null, mModifySupported=null, mAudioCodec=EVS-WB, mNumberPlus=null, mConferenceSupported=null, mIsFocus=null, mIndicationFlag=0, misHDIcon=1, mPhotoRing=null, mLocalVideoRTPPort=0, mLocalVideoRTCPPort=0, mRemoteVideoRTPPort=0, mRemoteVideoRTCPPort=0, mRetryAfter=0, mAlertInfo=null, mVideoOrientation=0, mReferredBy=null, mSipCallId=LU-1690410230611424-1649441@imsx-001.nas01e2a2n1p1.ims.mnc340.mcc313.3gppnetwork.org, mLocalHoldTone=false, mVideoWidth=240, mVideoHeight=320, mVideoCrbtType=0, mFeatureCaps=null, mAudioEarlyMediaDir=0, mVerstat=xxxxx, mHasDiversion=false, mDelayRinging=false, mRejectProtocol=null, mRejectCode=-1, mRejectText=null, mRemoteHeld=false, mCmcEdCallSlot=-1]
07-26 17:23:52.378  2583  2943 I ImsCallUtil: verstat xxxxx
07-26 17:23:52.379  2583  2943 I CallProfileBuilder: build CallProfile with CallParamscallType: [UNKNOWN], direction: [UNKNOWN], networkType: [NONE (emergency)], mIsVideoCrbt: [false], mIsVideoCrbtValid: [false], mP2p: [null], mCmcBoundSessionId: [-1], mRejectProtocol: [null], mRejectCode: [-1], mRejectText: [null], mIsRemoteHeld: [false], mCmcEdCallSlot: [-1]
07-26 17:23:52.379  2583  2943 I ImsMediaController: changeCameraCapabilities
07-26 17:23:52.380  2583  2943 I VolteServiceModule: onImsIncomingCallEvent getCmcType : 0
07-26 17:23:52.388  1287  8046 I ActivityManager: com.samsung.android.mdecservice is exempt from freezer
07-26 17:23:52.388  1287  8046 D CompatibilityChangeReporter: Compat change id reported: 135634846; UID 1000; state: DISABLED
07-26 17:23:52.389  1287  8046 D CompatibilityChangeReporter: Compat change id reported: 177438394; UID 1000; state: DISABLED
07-26 17:23:52.389  1287  8046 D CompatibilityChangeReporter: Compat change id reported: 135772972; UID 1000; state: DISABLED
07-26 17:23:52.389  1287  8046 D CompatibilityChangeReporter: Compat change id reported: 135754954; UID 1000; state: ENABLED
07-26 17:23:52.401   869   869 D Zygote  : Forked child process 19503
07-26 17:23:52.402  1287  1737 I am_proc_start: [0,19503,1000,com.samsung.android.mdecservice,content provider,{com.samsung.android.mdecservice/com.samsung.android.mdecservice.mdec.api.contentprovider.SettingsInternalApi}]
07-26 17:23:52.402  1287  1737 I ActivityManager: Start proc 19503:com.samsung.android.mdecservice/1000 for content provider {com.samsung.android.mdecservice/com.samsung.android.mdecservice.mdec.api.contentprovider.SettingsInternalApi}
07-26 17:23:52.437 19503 19503 I oid.mdecservice: Using CollectorTypeCC GC.
07-26 17:23:52.444 19503 19503 E oid.mdecservice: Not starting debugger since process cannot load the jdwp agent.
07-26 17:23:52.454 19503 19503 D ActivityThread: setConscryptValidator
07-26 17:23:52.454 19503 19503 D ActivityThread: setConscryptValidator - put
07-26 17:23:52.457  1287  8046 I ActivityManager: DSS OFF for com.samsung.android.mdecservice
07-26 17:23:52.457  1287  8046 I am_proc_bound: [0,19503,com.samsung.android.mdecservice]
07-26 17:23:52.470  1436  1939 E RILD    : QmiWdsGlobalIndCallback: payloadLen(9600), ind_buf_len(8)
07-26 17:23:52.470  1436  1853 E RILD    : QmiWdsQosIndCallback: payloadLen(6192), ind_buf_len(16)
07-26 17:23:52.470  1436  1939 E RILD    : QmiWdsGlobalIndCallback: payloadLen(9600), ind_buf_len(8)
07-26 17:23:52.471  1436  1939 E RILD    : QmiWdsGlobalIndCallback: payloadLen(9600), ind_buf_len(8)
07-26 17:23:52.471  1436  1853 E RILD    : QmiWdsQosIndCallback: new_flow = 0x0, state = 6, mQosIpVer = 4, flowid = 40171
07-26 17:23:52.472  1436  1692 E RILC    : unsupported OEM unsolicated response code 11024
07-26 17:23:52.472  1436  1853 E RILD    : QmiWdsQosIndCallback: payloadLen(6192), ind_buf_len(811)
07-26 17:23:52.473   828  1977 I CASS_DEBUG: acquire_wake_lock lock=1 id='client-interface'
07-26 17:23:52.473  1436  1853 E RILD    : QmiWdsQosIndCallback: new_flow = 0x1, state = 0, mQosIpVer = 4, flowid = 40171
07-26 17:23:52.473   828  1977 D RILClient: processUnsolicited(): resp_id (11024), len(445)
07-26 17:23:52.473   828  1977 I CASS_DEBUG: release_wake_lock id='client-interface'
07-26 17:23:52.474 19503 19503 D CompatibilityChangeReporter: Compat change id reported: 171979766; UID 1000; state: ENABLED
07-26 17:23:52.474   829  1964 D RILClient: processUnsolicited(): resp_id (11024), len(445)
07-26 17:23:52.474  2583  4596 I RILClient: processUnsolicited(): resp_id (11024), len(445)
07-26 17:23:52.474  2583  4596 I RILClient: processUnsolicited(): unsol_func resp_id (11024), len(445)
07-26 17:23:52.475  2583  4596 I OemIpcHandler: onUnsol: main 0x16 sub 0x0B type 0x03
07-26 17:23:52.475  2583  4596 I OemIpcHandler: onUnsol: client->prv = 26de1a00
07-26 17:23:52.475  2583  4596 I OemIpcHandler: MAPBearerEventtoIPCEvent: Dedicated Bearer Event: [1] converted to :[110]
07-26 17:23:52.475  2583  4596 I OemIpcHandler: onUnsol: bearer_id : 73, tft_op_code : 1, pkt filter count : 4
07-26 17:23:52.475  2583  4596 I OemIpcHandler: onUnsol: noti_type : 1, profile_type : 2
07-26 17:23:52.475  2583  4596 I OemIpcHandler: onUnsol: qci : 1, gbr_dl : 52
07-26 17:23:52.475  2583  4596 I VoIpEngineProxy: IpcCallback: channel 2 event 110
07-26 17:23:52.475  2583  4596 I VoIpEngineProxy: IpcCallback: MediaEvtHandler 0x7096c83a54 DataBearerEvtHandler 0x7096c83194 RRCConnectionEvtHandler 0x7096c83754 NetworkQoSHandler 0x7096c83f50
07-26 17:23:52.475  1961  2155 D RILClient: processUnsolicited(): resp_id (11024), len(445)
07-26 17:23:52.476  1436  1670 E RILD    : RxQosSetEventReportInd: supported QoS flow event: 6(QOS_FLOW_REBIND)
07-26 17:23:52.477  2583  2940 I StackIF : processMessage 3
07-26 17:23:52.477  2583  2940 I StackIF : Processing Notify
07-26 17:23:52.477  2583  2940 I SECIMSJ : [UNSL]< 10016
07-26 17:23:52.477  2583  2940 I StackIF : processNotify: id 10016
07-26 17:23:52.477  2583  2817 I ResipVolteHandler: handleMessage: evt 110
07-26 17:23:52.478  2583  2817 I ResipVolteHandler: onDedicatedBearerEventReceived:
07-26 17:23:52.478  2583  2940 I StackIF : processMessage 3
07-26 17:23:52.478  2583  2940 I StackIF : Processing Notify
07-26 17:23:52.478  2583  2940 I SECIMSJ : [UNSL]< 10016
07-26 17:23:52.478  2583  2940 I StackIF : processNotify: id 10016
07-26 17:23:52.478  2583  2817 I ResipVolteHandler: handleMessage: evt 110
07-26 17:23:52.478  2583  2817 I ResipVolteHandler: onDedicatedBearerEventReceived:
07-26 17:23:52.478  2583  2940 I [IMS6.0]: CallSession::OnDedicatedBearer(): :(9) allocated bearer id: 73 1
07-26 17:23:52.478  2583  2940 I StackIF : processMessage 3
07-26 17:23:52.478  2583  2940 I StackIF : Processing Notify
07-26 17:23:52.478  2583  2940 I SECIMSJ : [UNSL]< 10016
07-26 17:23:52.478  2583  2940 I StackIF : processNotify: id 10016
07-26 17:23:52.478  2583  2817 I ResipVolteHandler: handleMessage: evt 110
07-26 17:23:52.478  2583  2817 I ResipVolteHandler: onDedicatedBearerEventReceived:
07-26 17:23:52.478  2583  2940 I StackIF : processMessage 3
07-26 17:23:52.479  2583  2940 I StackIF : Processing Notify
07-26 17:23:52.479  2583  2940 I SECIMSJ : [UNSL]< 10016
07-26 17:23:52.479  2583  2940 I StackIF : processNotify: id 10016
07-26 17:23:52.479  1436  1670 E RILD    : RxQosSetEventReportInd: supported QoS flow event: 0(QOS_FLOW_ACTIVATED)
07-26 17:23:52.479  2583  2817 I ResipVolteHandler: handleMessage: evt 110
07-26 17:23:52.479  2583  2817 I ResipVolteHandler: onDedicatedBearerEventReceived:
07-26 17:23:52.479  1436  1670 E RILD    : QosFlowDecodeUmtsParams: No param for traffic class neither QCI. Assume default.
07-26 17:23:52.481  1436  1692 E RILD    : [sqos]Qos entry with flow ID 0x9ceb is not found
07-26 17:23:52.482  1436  1692 E RILD    : OnQosStateChanged: update QOS for cid: 2
07-26 17:23:52.482  1436  1692 E RILD    : FillQosFlowInfo: cid: 2 Intf: rmnet_data1
07-26 17:23:52.482  1436  1692 E RILD    : FillQosFlowInfo: cid: 2 Intf: rmnet_data1 updating primary
07-26 17:23:52.482  1436  1692 E RILD    : FillQosFlowInfo: cid: 2 Intf: rmnet_data1 updating flow# 0 bearerId 69 flowId 35960
07-26 17:23:52.483  1436  1692 E RILD    : FillQosFlowInfo : [qos] filter count 1
07-26 17:23:52.483  1436  1692 E RILD    : FillQosFlowInfo : [qos:0-0] param mask:0 protocol: 0
07-26 17:23:52.491  1436  1692 E RILD    : MakeData : QOS broadcast: qossessions 0100000000000008af2f080000000008af2f080000000100000000000000798c0000020000000900000000000800000000000000080000000000000100000000000000000000000000000000000000000000000000ffffffff00000001000000fe000000 1 0
07-26 17:23:52.492  2258  2292 D SEM_RILJ: [UNSL]< UNSOL_OEM_EXECUTE [PHONE0]
07-26 17:23:52.493  2258  2292 D SEM_RILJ: execute cmd0: AM cmd1: qossessions 0100000000000008af2f080000000008af2f080000000100000000000000798c0000020000000900000000000800000000000000080000000000000100000000000000000000000000000000000000000000000000ffffffff00000001000000fe000000 1 0 [PHONE0]
07-26 17:23:52.493   828  1977 I CASS_DEBUG: acquire_wake_lock lock=1 id='client-interface'
07-26 17:23:52.493  2258  2292 W System.err: qossessions 0100000000000008af2f080000000008af2f080000000100000000000000798c0000020000000900000000000800000000000000080000000000000100000000000000000000000000000000000000000000000000ffffffff00000001000000fe000000 cid: 1 phone: 0
07-26 17:23:52.493   829  1964 D RILClient: processUnsolicited(): resp_id (11090), len(219)
07-26 17:23:52.493   828  1977 D RILClient: processUnsolicited(): resp_id (11090), len(219)
07-26 17:23:52.493   828  1977 I CASS_DEBUG: release_wake_lock id='client-interface'
07-26 17:23:52.493  2258  2258 D DCT-C-0 : EVENT_QOS_STATE_CHANGED
07-26 17:23:52.493  1436  1692 E RILD    : MakeData : QOS broadcast: qossessions 0100000000000008af2f080000000008af2f080000000100000000000000788c0000020000000500000000000800000000000000080000000000000100000000000000000000000000000000000000000000000000ffffffff00000001000000fe000000 2 0
07-26 17:23:52.493  2258  2258 D DCT-C-0 : QOS session nos :  1
07-26 17:23:52.494  2258  2258 D DCT-C-0 : QOS sessions ID#0 no of filter 1
07-26 17:23:52.494  2258  2258 D DCT-C-0 : QOS sessions: [QosBearerSession { qosBearerSessionId=35961 qos=NrQos { fiveQi=9 downlink=Bandwidth { maxBitrateKbps=0 guaranteedBitrateKbps=8} uplink=Bandwidth { maxBitrateKbps=0 guaranteedBitrateKbps=8} qosFlowId=0 averagingWindowMs=0} qosBearerFilterList=[QosBearerFilter { localAddresses=[] remoteAddresses=[] localPort=PortRange { start=-1 end=-1} remotePort=PortRange { start=-1 end=-1} protocol=-1 typeOfServiceMask=0 flowLabel=0 securityParameterIndex=0 filterDirection=1 precedence=254}]}]
07-26 17:23:52.494  2258  2292 D SEM_RILJ: [UNSL]< UNSOL_OEM_EXECUTE [PHONE0]
07-26 17:23:52.494  2258  2292 D SEM_RILJ: execute cmd0: AM cmd1: qossessions 0100000000000008af2f080000000008af2f080000000100000000000000788c0000020000000500000000000800000000000000080000000000000100000000000000000000000000000000000000000000000000ffffffff00000001000000fe000000 2 0 [PHONE0]
07-26 17:23:52.494  2583  4596 I RILClient: processUnsolicited(): resp_id (11090), len(219)
07-26 17:23:52.494  2258  2292 W System.err: qossessions 0100000000000008af2f080000000008af2f080000000100000000000000788c0000020000000500000000000800000000000000080000000000000100000000000000000000000000000000000000000000000000ffffffff00000001000000fe000000 cid: 2 phone: 0
07-26 17:23:52.494  1961  2155 D RILClient: processUnsolicited(): resp_id (11090), len(219)
07-26 17:23:52.494   828  1977 I CASS_DEBUG: acquire_wake_lock lock=1 id='client-interface'
07-26 17:23:52.494   829  1964 D RILClient: processUnsolicited(): resp_id (11090), len(219)
07-26 17:23:52.494   828  1977 D RILClient: processUnsolicited(): resp_id (11090), len(219)
07-26 17:23:52.494   828  1977 I CASS_DEBUG: release_wake_lock id='client-interface'
07-26 17:23:52.495  2258  2258 D DCT-C-0 : EVENT_QOS_STATE_CHANGED
07-26 17:23:52.495  2258  2258 D DCT-C-0 : QOS session nos :  1
07-26 17:23:52.495  2258  2258 D DCT-C-0 : QOS sessions ID#0 no of filter 1
07-26 17:23:52.495  2583  4596 I RILClient: processUnsolicited(): resp_id (11090), len(219)
