07-26 17:23:53.297  1287  2982 I Telecom:SamsungCallAudioModeStateMachine: getTargetAudioMode : mode = 2 mSamsungMessageArg: SamsungMessageArgs{foregroundCallPhoneId =0, foregroundCallIsCs =false, foregroundCallIsVideo =false, mUseIWLAN =false, foregroundCallIsCmcSdCall =false, foregroundCallIsVoip =false, foregroundCallIsInContact =false, foregroundCallIsVoiceMailNumber =false}
07-26 17:23:53.297  1287  2982 I Telecom : CallAudioModeStateMachine: Audio focus entering RINGING state: NCSSF.aC->ICFG.sF->ICFG.sF->ICFG.sF->CAMSM.pM_2002@luM
07-26 17:23:53.297  1287  2982 I Telecom : CallAudioModeStateMachine: checkDelayThenTryStartRinging false DelayedRinger: false,  delay: 0: NCSSF.aC->ICFG.sF->ICFG.sF->ICFG.sF->CAMSM.pM_2002@luM
07-26 17:23:53.297  1287  2067 D MotionRecognitionService: Call state check
07-26 17:23:53.297  1287  2067 D MotionRecognitionService: RINGING callStatefalse
07-26 17:23:53.298 12826 12826 I A       : onBind() to the IncomingCallInCallService.
07-26 17:23:53.298  2477  2477 D BluetoothInCallService: onCreate
07-26 17:23:53.299  2477  2477 D BluetoothInCallService: getProfileProxies - mBluetoothHeadset : null, mBluetoothLeCallControl : null
07-26 17:23:53.299  1287  2982 I Telecom:SamsungRecordingRepositoryImpl: Video recording: false
07-26 17:23:53.299  1287  1287 D MediaSessionService: Global priority session is updated, active=true
07-26 17:23:53.302  1128 12137 V APM_AudioPolicyManager: getOutputForAttrInt() attributes={ Content type: AUDIO_CONTENT_TYPE_UNKNOWN Usage: AUDIO_USAGE_VOICE_COMMUNICATION_SIGNALLING Source: AUDIO_SOURCE_DEFAULT Flags: 0x0 Tags:  } stream=AUDIO_STREAM_DTMF session 83321 selectedDeviceId 0
07-26 17:23:53.302  1128 12137 V APM_AudioPolicyManager: getOutputForAttrInt() device {AUDIO_DEVICE_OUT_SPEAKER, @:}, sampling rate 0, format 0x1, channel mask 0x1, flags 0x100004 stream AUDIO_STREAM_DTMF
07-26 17:23:53.302  2289  4119 D RefOnMediaKeyEventSessionChangedListenerProxy: invoke() onMediaKeyEventSessionChanged
07-26 17:23:53.302  1128 12137 V APM_AudioPolicyManager: selectOutput new bestOutput 13 criteria 0 100 0 0 0 0 4 2 
07-26 17:23:53.302  1128 12137 V APM_AudioPolicyManager: selectOutput new bestOutput 29 criteria 0 100 0 0 0 1 4 0 
07-26 17:23:53.302  1128 12137 V APM_AudioPolicyManager: getOutputForAttrInt returns output 29 selectedDeviceId 3
07-26 17:23:53.302  1128 12137 V APM_AudioPolicyManager: getOutputForAttr() returns output 29 requestedPortId 0 selectedDeviceId 3 for port ID 8157
07-26 17:23:53.302  2477  2477 I BluetoothAdapter: BluetoothAdapter() : com.android.bluetooth
07-26 17:23:53.302  1128 12137 I AudioFlinger: nonSecFlag 4, secFlag 100000, outputFlags 4
07-26 17:23:53.302  1128 12137 D AudioFlinger: Client defaulted notificationFrames to 192 for frameCount 960
07-26 17:23:53.302  2289  4119 D FaceWidgetMusicViewModel: onMediaKeyEventSessionChanged() packageName = com.android.server.telecom, sessionToken = android.media.session.MediaSession$Token@19922d3
07-26 17:23:53.303  2289  2289 D PowerUI : mPhoneStateListener onCallStateChanged(): state= 1 mIsShutdownTaskDelayed = false
07-26 17:23:53.303  2258  2258 D Telephony: SamsungMmiDialogController: onCallingState: mPrevState=0 newState=1
07-26 17:23:53.303  2258  2258 D Telephony: SamsungMmiDialogController: onCallingState
07-26 17:23:53.304  2289  3327 D RefOnMediaKeyEventSessionChangedListenerProxy: invoke() onMediaKeyEventSessionChanged
07-26 17:23:53.304  2289  3327 D FaceWidgetMusicViewModel: onMediaKeyEventSessionChanged() packageName = com.android.server.telecom, sessionToken = android.media.session.MediaSession$Token@19922d3
07-26 17:23:53.304  2583  2817 I CapabilityDiscModule: onCallStateChanged: 1
07-26 17:23:53.305  2477  2477 D BluetoothHeadset: BTStateChangeCB is registed by 2477 @ com.android.bluetooth
07-26 17:23:53.305  1287  1287 I CAE     : onCallStateChanged(CaTelephonyManager.java:345) - CALL_STATE_RINGING
07-26 17:23:53.305  1287  1287 I CAE     : sendCmdToSensorHub(SensorHubCommManager.java:156) - -76, 17, -39, 0,
07-26 17:23:53.306  1128 12137 D AF::TrackHandle: OpPlayAudio: track:8188 usage:3 not muted
07-26 17:23:53.307  1287  2065 D SensorService: setSContextDataLocked ints length 2 , byte length 4
07-26 17:23:53.307  1287  2065 D SensorService: setSContextDataLocked d911b4
07-26 17:23:53.308  1128 12137 I AF::Track: setMixerOutConfig return default condition, mixer key 2002, thread key 2002
07-26 17:23:53.309   996   996 I sensors-hal: inject_sensor_data:498, handle 1501 send inject
07-26 17:23:53.309  1287  1319 D CompatibilityChangeReporter: Compat change id reported: 157233955; UID 10051; state: ENABLED
07-26 17:23:53.310   996   996 I sensors-hal: sendContextData:285, sensor hal 4, (0xb4, 0x11, 0xd9, 0x0)
07-26 17:23:53.310  1287  3750 I AudioTrack: createTrack_l(8128): AUDIO_OUTPUT_FLAG_FAST successful; frameCount 960 -> 960
07-26 17:23:53.310   996   996 I sensors-hal: sendContextData:226, activities 4 b4, 1
07-26 17:23:53.310   996   996 I sensors-hal: sendUserData:247, Activities cmd 0xb4 0x11
07-26 17:23:53.311  1287  3750 D AudioTrack: setVolume(0.316228, 0.316228) pid : 1287
07-26 17:23:53.311   996   996 I sensors-hal: create_send_context_data:79, sending create_send_context_data
07-26 17:23:53.311  1287  3750 I Telecom:SamsungDtmfLocalTonePlayer: startLocalToneIfNeeded toneVolume = 1.0
07-26 17:23:53.311   996   996 I sensors-hal: send_context_data:651, activities, 4914309220830019584, 1320970896291267344, msgid:700
07-26 17:23:53.312  1287  3750 D AudioTrack: setVolume(1.000000, 1.000000) pid : 1287
07-26 17:23:53.313  1287  3750 I Telecom:SamsungToneGeneratorAdapterImpl: setSituationType stv_dtmf
07-26 17:23:53.314  2477  2477 I BluetoothInCallService: onBind. Intent: Intent { act=android.telecom.InCallService cmp=com.android.bluetooth/.telephony.BluetoothInCallService }
07-26 17:23:53.316 12741 12741 I BCMGR[11.0.01.3]: BeaconManager] PhoneStateListener - state changed : false to 1
07-26 17:23:53.317   996   996 I sensors-hal: sendContextData:91, common_info 4
07-26 17:23:53.317  7602  7602 I HBD     : a HBD onCallStateChanged : 1
07-26 17:23:53.317   996   996 I sensors-hal: sendUserData:114, CommonInfo 0xb4 0x11 0xd9 0x0
07-26 17:23:53.317   996   996 I sensors-hal: create_send_context_data:67, sending create_send_context_data
07-26 17:23:53.317   996   996 I sensors-hal: send_context_data:651, common_info, 4914309147815575552, 1320970896291267344, msgid:700
07-26 17:23:53.317  1287 19557 I Telecom : PhoneStateBroadcaster: Broadcasted state change: 1: NCSSF.aC->ICFG.sF->ICFG.sF->ICFG.sF@luM
07-26 17:23:53.317  1287 19557 I Telecom:PhoneStateBroadcaster: It takes 21 ms for broadcasting
07-26 17:23:53.318  2289  2289 D KeyguardUpdateMonitor: received broadcast android.intent.action.PHONE_STATE
07-26 17:23:53.319  1287 19557 I Telecom : IncomingCallNotifier: updateIncomingCall: foundIncomingcall = null: NCSSF.aC->ICFG.sF->ICFG.sF->ICFG.sF@luM
07-26 17:23:53.319  2289  2289 D IndicatorTouchHandler: ACTION_PHONE_STATE_CHANGED GED=true, Samsung=true
07-26 17:23:53.320  2289  2289 D KeyguardUpdateMonitor: handlePhoneStateChanged(RINGING)
07-26 17:23:53.320  8268  8268 V BluetoothEventManager: onReceive :: android.intent.action.PHONE_STATE
07-26 17:23:53.320  1287 19557 I Telecom:SamsungATCommandManager: onCallAdded() command = null
07-26 17:23:53.320  1287 19557 I Telecom:SamsungSpeakerManagerForSessionModify: onCallAdded 
07-26 17:23:53.320  1287 19557 I Telecom:SamsungSpeakerManagerForSessionModify: isSktTPhoneMode : false
07-26 17:23:53.320  1287 19557 I Telecom:SamsungAutoAnswerCallsManagerListener: onCallAdded : [Call id=TC@328, state=RINGING, tpac=ComponentInfo{com.android.phone/com.android.services.telephony.TelephonyConnectionService}, 1, UserHandle{0}, cmgr=ComponentInfo{com.android.phone/com.android.services.telephony.TelephonyConnectionService}, 1, UserHandle{0}, handle=tel:***********, vidst=A, childs(0), has_parent(false), cap=[ sup_hld mut !v2a spd_aud], prop=[ HD]], voip=falsecaps=[Capabilities: CAPABILITY_SUPPORT_HOLD CAPABILITY_MUTE CAPABILITY_CANNOT_DOWNGRADE_VIDEO_TO_AUDIO CAPABILITY_SPEED_UP_MT_AUDIO], props=[Properties: PROPERTY_HIGH_DEF_AUDIO], conf(false), had_child(false)
07-26 17:23:53.320  1287 19557 I Telecom:SamsungAutoAnswer: checkAutoAnsweringMode
07-26 17:23:53.321  1287 19557 I Telecom:SamsungCallSettingsRepositoryImpl: isAutoAnsweringModeOn : false
07-26 17:23:53.322  1287 19557 I Telecom:SamsungFolderAngleRegistrar: registerListenerToSensorManager failed :NOT_SUPPORTED
07-26 17:23:53.322   996  2058 I sensors-hal: ssc_conn_resp_cb:898, resp_value = 0
07-26 17:23:53.322  1287  1287 I Telecom:Telecom_Timing: onServiceConnected from IncallService for GANG-ext
07-26 17:23:53.322  2289  2289 D KeyguardViewMediator: onPhoneStateChanged IDLE => RINGING
07-26 17:23:53.323  1287 19557 I Telecom:SamsungEnterpriseDeviceManagerAdapterImpl: isCallerIDDisplayAllowed : true
07-26 17:23:53.324  1287 19557 D Telecom:SamsungRingingTimeCallAddedTimeMarker:  callAddedElapsedTime : 710497755
07-26 17:23:53.324  2289  2289 I FaceWidgetWindowManager: removeAllViews
07-26 17:23:53.325  8268  8268 V BluetoothEventManager: onReceive :: android.intent.action.PHONE_STATE
07-26 17:23:53.325 19585 19585 I ndroid.incallui: Using CollectorTypeCC GC.
07-26 17:23:53.326  1287 19557 I Telecom : Event: RecordEntry TC@328: FILTERING_COMPLETED, [Allow, logged, notified, mCallScreeningAppName = Phone, mCallScreeningComponentName = com.samsung.android.dialer/com.samsung.android.dialtacts.model.component.service.callscreeningservice.CallScreeningServiceImpl]: NCSSF.aC->ICFG.sF->ICFG.sF->ICFG.sF@luM
07-26 17:23:53.326  1287  2976 I Telecom : CallAudioRouteStateMachine: setSystemAudioState: changing from [AudioState isMuted: false, route: EARPIECE, supportedRouteMask: EARPIECE, SPEAKER, activeBluetoothDevice: [null], supportedBluetoothDevices: []] to [AudioState isMuted: false, route: EARPIECE, supportedRouteMask: EARPIECE, SPEAKER, activeBluetoothDevice: [null], supportedBluetoothDevices: []]: NCSSF.aC->ICFG.sF->ICFG.sF->ICFG.sF->CARSM.pM_UPDATE_SYSTEM_AUDIO_ROUTE@luM
07-26 17:23:53.326  1287  2976 I Telecom : ConnectionServiceWrapper: TC -> CS[cap]: onCallAudioStateChanged TC@328_1 [AudioState isMuted: false, route: EARPIECE, supportedRouteMask: EARPIECE, SPEAKER, activeBluetoothDevice: [null], supportedBluetoothDevices: []]: NCSSF.aC->ICFG.sF->ICFG.sF->ICFG.sF->CARSM.pM_UPDATE_SYSTEM_AUDIO_ROUTE@luM
07-26 17:23:53.327  1287  1287 I Telecom : Event: RecordEntry TC@328: ICS_SERVICE_CONNECTED, com.google.android.googlequicksearchbox/com.google.android.libraries.search.assistant.performer.communication.IncomingCallInCallService, android.os.BinderProxy@46a7fb1, false, true, false, 4: ICSBC.oSC(cgag)@luY
07-26 17:23:53.327  2258  2258 I TelecomFramework: TelephonyConnectionService: onAudioStateChanged TC@328_1 [AudioState isMuted: false, route: EARPIECE, supportedRouteMask: EARPIECE, SPEAKER, activeBluetoothDevice: [null], supportedBluetoothDevices: []]: (NCSSF.aC->ICFG.sF->ICFG.sF->ICFG.sF->CARSM.pM_UPDATE_SYSTEM_AUDIO_ROUTE)->CS.cASC->H.CS.cASC(cast)@E-luM
07-26 17:23:53.327  2258  2258 D Telephony: SamsungTelephonyConnection: onCallAudioStateChanged
07-26 17:23:53.327  1287  1287 I Telecom : InCallController: onConnected to ComponentInfo{com.google.android.googlequicksearchbox/com.google.android.libraries.search.assistant.performer.communication.IncomingCallInCallService}: ICSBC.oSC(cgag)@luY
07-26 17:23:53.328 19585 19585 E ndroid.incallui: Not starting debugger since process cannot load the jdwp agent.
07-26 17:23:53.328  1287  1287 I Telecom : InCallController: Adding 1 calls to InCallService after onConnected: ComponentInfo{com.google.android.googlequicksearchbox/com.google.android.libraries.search.assistant.performer.communication.IncomingCallInCallService}, including external calls: ICSBC.oSC(cgag)@luY
07-26 17:23:53.329 12826 12826 D Telecom-InCallService: handleMessage: SET_IN_CALL_ADAPTER
07-26 17:23:53.329  2289  2289 D KeyguardFingerprint: updateFingerprintListeningState#mFingerprintRunningState=0 shouldListenForFingerprint=false isUdfpsEnrolled=false bioType : 0
07-26 17:23:53.329  2289  2528 V BluetoothEventManager: onReceive :: android.intent.action.PHONE_STATE
07-26 17:23:53.330  2289  2289 D KeyguardUpdateMonitor: received broadcast android.intent.action.PHONE_STATE
07-26 17:23:53.330  1287  1287 I Telecom:SamsungConnectionServiceCallEvent: sendCallEvent - callId : TC@328 / event : com.samsung.telecom.CALL_EVENT_ADD_CALL / extras : null
07-26 17:23:53.330  2289  2289 D IndicatorTouchHandler: ACTION_PHONE_STATE_CHANGED GED=true, Samsung=true
07-26 17:23:53.330  2289  2289 D KeyguardUpdateMonitor: received broadcast android.intent.action.PHONE_STATE
07-26 17:23:53.330  2289  2289 D IndicatorTouchHandler: ACTION_PHONE_STATE_CHANGED GED=true, Samsung=true
07-26 17:23:53.330  1287  1287 I Telecom : Event: RecordEntry TC@328: CALL_EVENT, com.samsung.telecom.CALL_EVENT_ADD_CALL: ICSBC.oSC(cgag)@luY
07-26 17:23:53.331  1287  1287 D Telecom:SamsungCallAudioManager: onSendCallEvent - event : com.samsung.telecom.CALL_EVENT_ADD_CALL
07-26 17:23:53.331  1287  1736 W BroadcastQueue: Permission Denial: receiving Intent { act=android.intent.action.PHONE_STATE flg=0x1000010 (has extras) } to com.samsung.android.privateshare/com.samsung.android.privacy.ExternalBroadcastReceiver requires android.permission.READ_PRIVILEGED_PHONE_STATE due to sender android (uid 1000)
07-26 17:23:53.331  1287  1287 I Telecom : ConnectionServiceWrapper: TC -> CS[cap]: sendCallEvent TC@328_1 com.samsung.telecom.CALL_EVENT_ADD_CALL: ICSBC.oSC(cgag)@luY
07-26 17:23:53.331  8268  8268 V BluetoothEventManager: onReceive :: android.intent.action.PHONE_STATE
07-26 17:23:53.331  1287  1287 I Telecom:SamsungConnectionManager: getRequestConnectionService - targetPhoneAccountHandle : ComponentInfo{com.android.phone/com.android.services.telephony.TelephonyConnectionService}, 1, UserHandle{0} / connectionMgrAccountHandle : ComponentInfo{com.android.phone/com.android.services.telephony.TelephonyConnectionService}, 1, UserHandle{0}
07-26 17:23:53.332  2258  2258 I TelecomFramework: TelephonyConnectionService: sendCallEvent(TC@328_1, com.samsung.telecom.CALL_EVENT_ADD_CALL): (ICSBC.oSC)->CS.sCE->H.CS.sCE(cgag/cast)@E-luY
07-26 17:23:53.332  2258  2258 D Telephony: SamsungTelephonyConnection: onCallEvent
07-26 17:23:53.332  1287  1736 I am_uid_running: 10109
07-26 17:23:53.332  2258  2258 I Telephony: SamsungAutoAnswerConnectionService: canAutoAnsweringWithoutDevice: 0
07-26 17:23:53.332  2289  2289 D KeyguardUpdateMonitor: handlePhoneStateChanged(RINGING)
07-26 17:23:53.333  2289  2289 D KeyguardViewMediator: onPhoneStateChanged RINGING => RINGING
07-26 17:23:53.333  2289  2289 I FaceWidgetWindowManager: removeAllViews
07-26 17:23:53.333  2477  2477 D AvrcpMediaPlayerList: Ignore active media session change to telecom
07-26 17:23:53.333  1287  1736 D CompatibilityChangeReporter: Compat change id reported: 135634846; UID 10109; state: DISABLED
07-26 17:23:53.333  1287  1736 D CompatibilityChangeReporter: Compat change id reported: 177438394; UID 10109; state: DISABLED
07-26 17:23:53.333  2289  2289 D KeyguardFingerprint: updateFingerprintListeningState#mFingerprintRunningState=0 shouldListenForFingerprint=false isUdfpsEnrolled=false bioType : 0
07-26 17:23:53.333  1287  1736 D CompatibilityChangeReporter: Compat change id reported: 135772972; UID 10109; state: DISABLED
07-26 17:23:53.333  2289  2289 D KeyguardUpdateMonitor: handlePhoneStateChanged(RINGING)
07-26 17:23:53.333  2289  2289 D KeyguardViewMediator: onPhoneStateChanged RINGING => RINGING
07-26 17:23:53.334  2289  2289 I FaceWidgetWindowManager: removeAllViews
07-26 17:23:53.334  1287  1736 D CompatibilityChangeReporter: Compat change id reported: 135754954; UID 10109; state: ENABLED
07-26 17:23:53.334  2289  2289 D KeyguardFingerprint: updateFingerprintListeningState#mFingerprintRunningState=0 shouldListenForFingerprint=false isUdfpsEnrolled=false bioType : 0
07-26 17:23:53.334  1287  1737 D CompatibilityChangeReporter: Compat change id reported: 143937733; UID 10109; state: ENABLED
07-26 17:23:53.334 19585 19585 D ActivityThread: setConscryptValidator
07-26 17:23:53.334 19585 19585 D ActivityThread: setConscryptValidator - put
07-26 17:23:53.335  2289  2289 D QSMumButton: needToBeVisible() result:false [MumSetting?false = (TwoPhoneSetting:false || (somethingInDetail:true && Pref:false && Settings:false)), DEX-(DeviceState?false, DesktopManager?false, SemDesktopModeStateEnable?false) Panel-mExpanded?false, RepairModeUser?false]
07-26 17:23:53.336  1128 12137 D AF::TrackHandle: OpPlayAudio: track:90 usage:2 not muted
07-26 17:23:53.337  1128 12137 D AF::TrackHandle: OpPlayAudio: track:90 usage:2 not muted
07-26 17:23:53.337  1287  1287 I Telecom:SamsungRespondViaSmsRepositoryImpl: isRespondViaSmsCapable - phoneNumber : 198*****066 / presentation : 1 / hasRespondViaSmsCapable : false / isRespondViaSmsCapable : false / userHandle : UserHandle{0}
07-26 17:23:53.337  1287 11881 D CompatibilityChangeReporter: Compat change id reported: 168419799; UID 1001; state: DISABLED
07-26 17:23:53.337  1128 12137 D AF::TrackHandle: OpPlayAudio: track:90 usage:2 not muted
07-26 17:23:53.337  1287  1287 I Telecom:Telecom_Timing: addCall to IncallService for GANG-ext
07-26 17:23:53.337  1128 12137 D AF::TrackHandle: OpPlayAudio: track:90 usage:2 not muted
07-26 17:23:53.338  1128 12137 D AF::TrackHandle: OpPlayAudio: track:90 usage:2 not muted
07-26 17:23:53.338  1287  1287 I Telecom : ConnectionServiceWrapper: TC -> CS[cap]: onTrackedByNonUiService true: ICSBC.oSC(cgag)@luY
07-26 17:23:53.338  1287 11881 I ActivityManager: DSS OFF for com.samsung.android.incallui
07-26 17:23:53.338 12826 22171 D Telecom-InCallService: InCallServiceBinder - addCall: id(TC@328), state(RINGING), [Capabilities: CAPABILITY_SUPPORT_HOLD CAPABILITY_RESPOND_VIA_TEXT CAPABILITY_MUTE CAPABILITY_CANNOT_DOWNGRADE_VIDEO_TO_AUDIO]
07-26 17:23:53.338  1287 11881 I am_proc_bound: [0,19585,com.samsung.android.incallui]
07-26 17:23:53.338 12826 12826 D Telecom-InCallService: handleMessage: ADD_CALL
07-26 17:23:53.338  1287  1287 I Telecom : Event: RecordEntry TC@328: ICS_ADD_CALL, onConnected - [ComponentInfo{com.google.android.googlequicksearchbox/com.google.android.libraries.search.assistant.performer.communication.IncomingCallInCallService} supportsExternal? false supportsSelfMg?false supportsAllowedSelfMg?false], 4: ICSBC.oSC(cgag)@luY
07-26 17:23:53.339 12826 12826 D Telecom-VideoCallImpl: New VideoCallImpl - videoProvider: com.android.internal.telecom.IVideoProvider$Stub$Proxy@cca58b7, binder: android.telecom.VideoCallImpl$VideoCallListenerBinder@db9b824
07-26 17:23:53.339 12826 12826 D Telecom-ParcelableCall: Make new VideoCallImpl - VideoCallProvider: com.android.internal.telecom.IVideoProvider$Stub$Proxy@cca58b7, Package: com.google.android.googlequicksearchbox, SdkVer: 33
07-26 17:23:53.339 12826 12826 D Telecom-Call: internalUpdate - stateChanged: false, detailsChanged: true, videoCallChanged: true, isRttChanged: false, rttModeChanged: false, cannedTextResChanged: true, parentChanged: false, childrenChanged: false, activeChildChanged: false
07-26 17:23:53.339 12826 12826 D Telecom-Call: internalUpdate - videoCallImpl: android.telecom.VideoCallImpl@e068f8d, isVideoCallProviderChanged: true
07-26 17:23:53.339  1287  1319 D Telecom-Connection: addVideoCallback - videoCallbackBinder: android.os.BinderProxy@5836c04
07-26 17:23:53.339  1287  1287 I Telecom : InCallController: 1 calls sent to InCallService.: ICSBC.oSC(cgag)@luY
07-26 17:23:53.339 12826 12826 D Telecom-InCallService: handleMessage: ON_CALL_AUDIO_STATE_CHANGED
07-26 17:23:53.339 12826 12826 D Telecom-InCallService: handleMessage: ON_CAN_ADD_CALL_CHANGED
07-26 17:23:53.342  2258  2258 D CmcSettingManager: getOwnCmcActivation
07-26 17:23:53.342  2258  2258 D CmcSettingManager: cmc activation : 0
07-26 17:23:53.342  2258  2258 I Telephony: SamsungTransferConnection: onCallEvent: com.samsung.telecom.CALL_EVENT_ADD_CALL
07-26 17:23:53.342  2289  2528 V BluetoothEventManager: onReceive :: android.intent.action.PHONE_STATE
07-26 17:23:53.342  2289  2528 V BluetoothEventManager: onReceive :: android.intent.action.PHONE_STATE
07-26 17:23:53.343  2258  2258 I Telephony: SamsungImsInterfaceConnection: SamsungTelephonyConnectionListener.onCallEvent: com.samsung.telecom.CALL_EVENT_ADD_CALL
07-26 17:23:53.343  2258  2258 I TelecomFramework: TelephonyConnectionService: onTrackedByNonUiService TC@328_1 true: (ICSBC.oSC)->CS.tBNUS->H.CS.tBNUS(cgag/cast)@E-luY
07-26 17:23:53.343   869   869 D Zygote  : Forked child process 19600
07-26 17:23:53.344  1287  1737 I am_proc_start: [0,19600,10109,com.samsung.android.service.stplatform,broadcast,{com.samsung.android.service.stplatform/com.samsung.android.service.stplatform.receivers.TelephonyIntentReceiver}]
07-26 17:23:53.345  1287  1737 I ActivityManager: Start proc 19600:com.samsung.android.service.stplatform/u0a109 for broadcast {com.samsung.android.service.stplatform/com.samsung.android.service.stplatform.receivers.TelephonyIntentReceiver}
07-26 17:23:53.345  2477  2477 V AvrcpMediaPlayerList: onActiveSessionsChanged: number of controllers: 1
07-26 17:23:53.345  1287  1287 I Telecom:Telecom_Timing: onServiceConnected from IncallService for GANG-ext
07-26 17:23:53.345  1287  3777 I Telecom:RingtoneFactory: isWorkContact= false contactCallerInfo= android.telecom.CallerInfo@529ebaa { name null, phoneNumber non-null }
07-26 17:23:53.345  1287  3777 I Telecom:SamsungRingtoneHelper: getSamsungRingTone - ringtoneUri: null
07-26 17:23:53.346  1287  3777 I Telecom:SamsungRingerInfo: mGroupRingtoneUriForKnoxContact = 
07-26 17:23:53.346  1287  3777 I Telecom:SamsungRingerInfo: mGroupRingtoneUri = 
07-26 17:23:53.346  1287  3777 I Telecom:SamsungRingerInfo: getActualGroupRingtoneUri uri = 
07-26 17:23:53.346  1287  3777 I Telecom:SamsungRingtoneHelper: getSamsungRingTone - groupRingtoneUri: 
07-26 17:23:53.346  1287  3777 I Telecom:SamsungRingtoneHelper: getSamsungFeatureRingtoneUri Uri.EMPTY
07-26 17:23:53.346  1287  3777 I Telecom:SamsungRingtoneHelper: getSamsungRingTone - specialUri: 
07-26 17:23:53.346  1287  3777 I Telecom:SamsungRingtoneHelper: getSamsungRingTone - ringtone: null
07-26 17:23:53.346  1287  3777 I Telecom:RingtoneFactory: userContext UserHandle{0}
07-26 17:23:53.346  1287  3777 I Telecom:SamsungRingtoneHelper: syncParentSound : 1
07-26 17:23:53.346  1287  3777 I Telecom:RingtoneFactory: contextToUse.getUser: UserHandle{0} contextToUse: android.app.ContextImpl@6cd4470
07-26 17:23:53.347 19585 19585 D CompatibilityChangeReporter: Compat change id reported: 171979766; UID 1001; state: ENABLED
07-26 17:23:53.347  1287  3322 D MediaSessionRecord: registering controller callback android.media.session.MediaController$CallbackStub@ee073e9 from controllerandroid
07-26 17:23:53.347  2477  2477 D AvrcpMediaPlayerList: onActiveSessionsChanged: controller: com.android.server.telecom
07-26 17:23:53.347  1287  3777 D RingtoneManager: getActualDefaultRingtoneUri  type    :1
07-26 17:23:53.349  1287  3777 I RingtoneManager: Ringtone value : content://media/internal/audio/media/102?title=Galaxy%20Bells&canonical=1
07-26 17:23:53.349  1287  3777 D Ringtone: highlight offset is : null
07-26 17:23:53.350  2477  2477 D AvrcpMediaPlayerList: Ignore active media session change to telecom
07-26 17:23:53.351  1287  3777 V MediaPlayer-JNI: native_setup
07-26 17:23:53.352  1287  3777 V MediaPlayerNative: constructor
07-26 17:23:53.352  1287  3777 V MediaPlayerNative: setListener
07-26 17:23:53.370  1287  1319 D MediaSessionRecord: registering controller callback android.media.session.ISessionControllerCallback$Stub$Proxy@248bd7a from controllercom.android.systemui
07-26 17:23:53.377 19600 19600 I vice.stplatform: Using CollectorTypeCC GC.
07-26 17:23:53.382 19600 19600 E vice.stplatform: Not starting debugger since process cannot load the jdwp agent.
07-26 17:23:53.389  3877 32696 W MediaProvider: Didn't find any volume for getVolume(/system/media/audio/ringtones/SoundTheme/Galaxy/Galaxy_Bells.ogg)
07-26 17:23:53.390 19600 19600 D ActivityThread: setConscryptValidator
07-26 17:23:53.390 19600 19600 D ActivityThread: setConscryptValidator - put
07-26 17:23:53.391  3877 32696 I MediaProvider: Open with lower FS for /system/media/audio/ringtones/SoundTheme/Galaxy/Galaxy_Bells.ogg. Uid: 1000
07-26 17:23:53.395  1287  1319 I ActivityManager: DSS OFF for com.samsung.android.service.stplatform
07-26 17:23:53.395  1287  1319 I am_proc_bound: [0,19600,com.samsung.android.service.stplatform]
07-26 17:23:53.399  1287  3777 V MediaPlayer-JNI: setDataSourceFD: fd 767
07-26 17:23:53.399  1287  3777 V MediaPlayerNative: setDataSource(767, 0, 576460752303423487)
07-26 17:23:53.400 19600 19600 D CompatibilityChangeReporter: Compat change id reported: 171979766; UID 10109; state: ENABLED
07-26 17:23:53.408  1428 20805 V MediaPlayerService: Create new client(2307) from AttributionSourceState{pid: 1287, uid: 1000, packageName: android, attributionTag: (null), token: {no toString() implemented}, renouncedPermissions: [], next: []}, 
07-26 17:23:53.410  1287  2081 D BluetoothManagerService: addProxy com.android.bluetooth
07-26 17:23:53.411  1428  1714 V MediaPlayerService: setDataSource fd=8, offset=0, length=576460752303423487
07-26 17:23:53.411  1428  1714 V MediaPlayerService: st_dev  = 64772
07-26 17:23:53.411  1428  1714 V MediaPlayerService: st_mode = 33188
07-26 17:23:53.411  1428  1714 V MediaPlayerService: st_uid  = 0
07-26 17:23:53.411  1428  1714 V MediaPlayerService: st_gid  = 0
07-26 17:23:53.411  1428  1714 V MediaPlayerService: st_size = 242450
07-26 17:23:53.411  1428  1714 V MediaPlayerService: calculated length = 242450
07-26 17:23:53.411  2477 21856 D BluetoothHeadset: Proxy object connected
07-26 17:23:53.411  1428  1714 V MediaPlayerService: player type = 4
07-26 17:23:53.412  2477  2477 W BluetoothInCallService: onServiceConnected, profile : 1
07-26 17:23:53.415  1428  1714 D NuPlayerDriver: NuPlayerDriver(0xf5c08e40) created, clientPid(1287)
07-26 17:23:53.417  2477  2477 I BluetoothInCallService: updateHeadsetWithCallState force true, pending false, numActive 0, numHeld 0, numChildOfActive 0, callState 6, ringing type 129
07-26 17:23:53.484  2477  2477 D HeadsetService: setScoPath : numActive: 0 numHeld: 0 callState: 6
07-26 17:23:53.485  2477  2477 D HeadsetSystemInterface: isInCall : false
07-26 17:23:53.510  2477  2477 I AudioManager: setParameters keyValuePairs = A2dpSuspended=false
07-26 17:23:53.511  1128 12137 V APM_AudioPolicyManager: setAudioPolicyConfig: A2dpSuspended=false
07-26 17:23:53.511   976  1079 D audio_hw_primary: adev_set_parameters: enter: A2dpSuspended=false
07-26 17:23:53.511   976  1079 V audio_hw_sec: sec_set_parameters: enter: A2dpSuspended=false
07-26 17:23:53.536  2289  2528 D MobileStatusTracker(0/1): onDataActivity: direction=0
07-26 17:23:53.537  2289  2528 D MobileSignalController(0/1): notifyListener: enabled=true, connected=true, dataConnected=true, networkType=NR/NR_NSA is5gAvailable=false (5G_Connected), emergencyOnly=false, roaming=false, isDefault=true, dataActivity=, level=5, ca=false, mmWave=false, disabledDataIcon=false, simCard=ETC
07-26 17:23:53.540 11421 11421 E STFService: getNetworkProperties: Location fine denied
07-26 17:23:53.558  1428  1714 V AudioSink: AudioOutput(83329)
07-26 17:23:53.558  1428  1714 V NuPlayerDriver: setDataSource(0xf5c08e40) file(8)
07-26 17:23:53.558  1428 19617 V NuPlayer: kWhatSetAudioSink
07-26 17:23:53.558  1428  1714 V NuPlayer: setDataSourceAsync fd 8/0/242450 source: 0xf5a70780
07-26 17:23:53.559  1428 19617 V NuPlayer: kWhatSetDataSource
07-26 17:23:53.560  1287  3777 V MediaPlayer-JNI: setParameter: key 1400
07-26 17:23:53.560  1287  3777 V MediaPlayerNative: MediaPlayer::setParameter(1400)
07-26 17:23:53.560  1428  1714 V MediaPlayerService: [2307] setParameter(1400)
07-26 17:23:53.561  1428  1714 V MediaPlayerService: setAudioAttributes_l() usage=6 content=4 flags=0x800 tags=AUDIO_STREAM_RING
07-26 17:23:53.562 19585 19585 I CapsuleProvider_1.0.23: onCreate
07-26 17:23:53.566  1287  3777 V MediaPlayer-JNI: setVolume: left 1.000000  right 1.000000
07-26 17:23:53.566  1287  3777 V MediaPlayerNative: MediaPlayer::setVolume(1.000000, 1.000000)
07-26 17:23:53.566  1428  1714 V MediaPlayerService: [2307] setVolume(1.000000, 1.000000)
07-26 17:23:53.566  1428  1714 V AudioSink: setVolume(1.000000, 1.000000)
07-26 17:23:53.566  1287  3777 V MediaPlayer-JNI: setLooping: 0
07-26 17:23:53.567  1287  3777 V MediaPlayerNative: MediaPlayer::setLooping
07-26 17:23:53.567  1428 20805 V MediaPlayerService: [2307] setLooping(0)
07-26 17:23:53.567  1287  3777 V MediaPlayerNative: setVideoSurfaceTexture
07-26 17:23:53.567  1428 20805 V MediaPlayerService: [2307] setVideoSurfaceTexture(0x0)
07-26 17:23:53.567  1287  3777 V MediaPlayerNative: prepare
07-26 17:23:53.567  1428 20805 V MediaPlayerService: [2307] setParameter(1400)
07-26 17:23:53.567  1428 20805 V MediaPlayerService: setAudioAttributes_l() usage=6 content=4 flags=0x800 tags=AUDIO_STREAM_RING
07-26 17:23:53.568  1428 20805 V MediaPlayerService: [2307] prepareAsync
07-26 17:23:53.568  1428 20805 V NuPlayerDriver: prepareAsync(0xf5c08e40)
07-26 17:23:53.568  1428 20805 V NuPlayer: prepareAsync
07-26 17:23:53.568  1428 19617 V NuPlayer: onMessageReceived kWhatPrepare
07-26 17:23:53.569  1428 19617 I MediaMonitor: MediaMonitor()
07-26 17:23:53.577  1310  3809 I DrmManagerService(Native): value of perm = 2 return true from DRM FW
07-26 17:23:53.583  1310  3809 E SEC_DRM_PLUGIN_Omafl: OmaPlugin::onOpenDecryptSession(fd)::Drm2IsDrmFileByExtFd::file is NOT DRM by extension
07-26 17:23:53.584  1428 19623 D GenericSource: FileSource remote
07-26 17:23:53.585 19585 19585 I SCallUI : BixbyHandler - startBixby2: do not support
07-26 17:23:53.590  1287  2167 I ChimeraAggressivePolicyHandler: executePolicy() - triggerSource: TRIGGER_SOURCE_LMKD
07-26 17:23:53.590  1287  2167 I ChimeraAggressivePolicyHandler: memAvailable: 694784, memFreeTarget: 747520, releaseTarget:52736, protectedLruCount: 11
07-26 17:23:53.591 19585 19624 I DIAGMON_SDK[605054]: DiagMonAgent type: 2
07-26 17:23:53.591 19585 19624 I DIAGMON_SDK[605054][ca56b1nldz] : generated SR object
07-26 17:23:53.595 19585 19585 I SCallUI : CallFeature:  - DeviceSalesCode: DSG
07-26 17:23:53.597 19585 19585 I SCallUI : ScreenLauncher - setUp
07-26 17:23:53.600  1287 11881 I GenerationRegistry: mBackingStore.isClosed() : false
07-26 17:23:53.601  1287 11881 D StatusBarManagerService: setIndicatorBgColor: caller=android.uid.phone:1001, color=0
07-26 17:23:53.604 19585 19585 E FileLogger: initialize failure
07-26 17:23:53.605 19585 19585 I SCallUI : InCallApp@217891241 - CallUIPerf: onCreate, duration: 25ms
07-26 17:23:53.608 19585 19585 I SCallUI : InCallServiceImpl@49884879 - CallUIPerf: Constructor
07-26 17:23:53.608 19585 19585 I SCallUI : BixbyHandler - startBixby2: do not support
07-26 17:23:53.608 19585 19585 I SCallUI : NotificationHandler - createNotificationChannel
07-26 17:23:53.608  1287  2167 I NSLocationMonitor: getGPSUsingApps() called
07-26 17:23:53.609  3228  3272 W NSLocationManager_FLP: add uid 10232 to freeze Allowlist by using GMS_FUSED in foreground
07-26 17:23:53.609  3228  3272 W NSLocationManager_FLP: add uid 10232 to freeze Allowlist by using gps in foreground
07-26 17:23:53.609  3228  3272 W NSLocationManager_FLP: add uid 10232 to freeze Allowlist by using gps in foreground
07-26 17:23:53.609 19585 19585 I SCallUI : TelecomAdapter - setUp
07-26 17:23:53.609 19585 19585 I SCallUI : CallRepository - CallUIPerf: CallFlow: CallRepository is created, hashCode: f36cf65
07-26 17:23:53.612 19585 19585 I SCallUI : ExternalCallRepository - CallUIPerf: CallFlow: ExternalCallRepository is created, hashCode: e81991c
07-26 17:23:53.613  3228  3272 I NSLocationManager_FLP: getGPSUsingApps, NO_FREEZE={5013, 10232} / FREEZE={10202, 10211}
07-26 17:23:53.616  1287  2167 D MARs:OngoingNotiPackageFilter: filter : android(0)
07-26 17:23:53.616  1287  2167 D MARs:OngoingNotiPackageFilter: filter : com.dish.wireless.activation(0)
07-26 17:23:53.616  1287  2167 I ChimeraAggressivePolicyHandler: Start doKill, protected policy: NORMAL
07-26 17:23:53.617  1287  2167 I ChimeraAggressivePolicyHandler: Killed on trigger0 : com.google.android.apps.photos, freed: 31676, 10283[16844]:G1(0x1) score=34.0(38 10/50 31676), pids: 16844 / stats: 19 / adjs: 999 
07-26 17:23:53.617  1287  2167 I am_uid_stopped: 10283
07-26 17:23:53.617  1287  2167 I ActivityManager: Killing 16844:com.google.android.apps.photos/u0a283 (adj 999): Chimera #0
07-26 17:23:53.618  1287  2167 I am_kill : [0,16844,com.google.android.apps.photos,999,Chimera #0]
07-26 17:23:53.618  1287  2167 D ActivityManager: proc ProcessRecord{b2bd581 16844:com.google.android.apps.photos/u0a283} already removed. so we skip next process.
07-26 17:23:53.620  1287  2167 I ChimeraAggressivePolicyHandler: Killed on trigger0 : com.samsung.android.lool, freed: 16182, 1000[18594,18628]:G2(0x20002) score=28.7(34 10/5 16182), pids: 18594 18628 / stats: 19 19 / adjs: 985 985 
07-26 17:23:53.620  1287  2167 I ActivityManager: Killing 18594:com.samsung.android.lool/1000 (adj 985): Chimera #0
07-26 17:23:53.620  1287  2167 I am_kill : [0,18594,com.samsung.android.lool,985,Chimera #0]
07-26 17:23:53.621  1287  2167 D ActivityManager: proc ProcessRecord{6fd2c80 18594:com.samsung.android.lool/1000} already removed. so we skip next process.
07-26 17:23:53.622  1287  2167 I ActivityManager: Killing 18628:com.samsung.android.sm.provider/1000 (adj 985): Chimera #0
07-26 17:23:53.622  1287  2167 I am_kill : [0,18628,com.samsung.android.sm.provider,985,Chimera #0]
07-26 17:23:53.623  1287  2167 D ActivityManager: proc ProcessRecord{33ff309 18628:com.samsung.android.sm.provider/1000} already removed. so we skip next process.
07-26 17:23:53.623  1287  2167 I ChimeraPolicyHandler: relTarget - released < 20480, stop kill
07-26 17:23:53.623  1287  2167 I ChimeraAggressivePolicyHandler: kill complete: killed 2 apps, freed 47858 KB
07-26 17:23:53.623  1287  2167 I ChimeraAggressivePolicyHandler: Skipped reason: LR, pids: 19079 11640 1515 8268 
07-26 17:23:53.623  1287  2167 I ChimeraAggressivePolicyHandler: Skipped reason: CA, pids: 26369 12290 19013 31145 12590 5582 8592 5459 32211 12403 2323 12984 11800 12378 12350 
07-26 17:23:53.623  1287  2167 I ChimeraAggressivePolicyHandler: Skipped reason: PE, pids: 1287 18316 2322 2258 2580 2582 2583 2586 3228 6492 3877 5222 3177 3818 2477 4015 2289 7602 26419 5750 3959 4029 12862 2559 
07-26 17:23:53.623  1287  2167 I ChimeraAggressivePolicyHandler: Skipped reason: IN, pids: 18944 11421 30813 
07-26 17:23:53.623  1287  2167 I ChimeraAggressivePolicyHandler: Skipped reason: AD, pids: 12741 3499 10576 2652 
07-26 17:23:53.623  1287  2167 I ChimeraAggressivePolicyHandler: Processing time(ms) 33
07-26 17:23:53.624  1287  1760 I libprocessgroup: Successfully killed process cgroup uid 10283 pid 16844 in 5ms
07-26 17:23:53.628  1426  2770 I MediaExtractorFactory: Created an extractor 'SECOggExtractor' with confidence 0.51
07-26 17:23:53.635  1428 19623 I AnotherPacketSource: setFormat() : audio/vorbis
07-26 17:23:53.636  1428 19617 V NuPlayer: onSourceNotify() kWhatFlagsChanged  FLAG_CAN_PAUSE: 1  FLAG_CAN_SEEK_BACKWARD: 1 
07-26 17:23:53.636  1428 19617 V NuPlayer: \t\t\t\t FLAG_CAN_SEEK_FORWARD: 1  FLAG_CAN_SEEK: 1  FLAG_DYNAMIC_DURATION: 0 
07-26 17:23:53.636  1428 19617 V NuPlayer: \t\t\t\t FLAG_SECURE: 0  FLAG_PROTECTED: 0
07-26 17:23:53.636  1428 19617 V NuPlayer: prepare posted successfully.
07-26 17:23:53.636  1428 19623 V NuPlayer: Source::notifyPrepared 0
07-26 17:23:53.636  1428 19617 I NuPlayer: ORmode enabled : unsupportedAudio = 0, unsupportedVideo = 0, mHaveAudioTrack = 1, mHaveVideoTrack = 0
07-26 17:23:53.636  1428 19617 V MediaPlayerService: [2307] notify (200, 10973, 0)
07-26 17:23:53.636  1428 19617 V NuPlayer: NuPlayer::onSourceNotify Source::kWhatPrepared source: 0xf5a70780
07-26 17:23:53.636  1287 11096 V MediaPlayerNative: message received msg=200, ext1=10973, ext2=0
07-26 17:23:53.636  1287 11096 W MediaPlayerNative: info/warning (10973, 0)
07-26 17:23:53.636  1428 19617 V NuPlayer: extractMetadata Tracks : 1
07-26 17:23:53.637  1428 19617 V NuPlayer: enableInbandTextFromExtr
07-26 17:23:53.638  1428 19617 V NuPlayerDriver: notifyPrepareCompleted 0
07-26 17:23:53.638  1428 19617 V MediaPlayerService: [2307] notify (1, 0, 0)
07-26 17:23:53.638  1428 19617 V NuPlayerDriver: setAutoLooping mAutoLoop 1
07-26 17:23:53.638  1287 11096 V MediaPlayerNative: message received msg=1, ext1=0, ext2=0
07-26 17:23:53.638  1287 11096 V MediaPlayerNative: MediaPlayer::notify() prepared
07-26 17:23:53.638  1287 11096 V MediaPlayerNative: signal application thread
07-26 17:23:53.638  1287  3777 V MediaPlayerNative: prepare complete - status=0
07-26 17:23:53.640  1287  3777 V MediaPlayerNative: invoke 76
07-26 17:23:53.640  1428 20805 V NuPlayer: getTrackInfo
07-26 17:23:53.640  1428 19617 W NuPlayer: no name
07-26 17:23:53.641  1287  3777 D Ringtone: Successfully created local player
07-26 17:23:53.641  1287  3777 I Telecom:RingtoneFactory: defaultRingtoneUri: content://media/internal/audio/media/102?title=Galaxy%20Bells&canonical=1
07-26 17:23:53.641  1287  3777 V MediaPlayer-JNI: setVolume: left 0.000000  right 0.000000
07-26 17:23:53.641  1287  3777 V MediaPlayerNative: MediaPlayer::setVolume(0.000000, 0.000000)
07-26 17:23:53.641  1428 20805 V MediaPlayerService: [2307] setVolume(0.000000, 0.000000)
07-26 17:23:53.641  1428 20805 V AudioSink: setVolume(0.000000, 0.000000)
07-26 17:23:53.641  1287  3777 V MediaPlayer-JNI: reset
07-26 17:23:53.641  1287  3777 V MediaPlayerNative: reset
07-26 17:23:53.641  1428 20805 V MediaPlayerService: [2307] reset
07-26 17:23:53.641  1428 20805 D NuPlayerDriver: reset(0xf5c08e40) at state 4
07-26 17:23:53.641  1428 20805 V NuPlayerDriver: updateMetrics(0xf5c08e40) from reset at state 4
07-26 17:23:53.641  1428 20805 V NuPlayer: updateInternalTimers()
07-26 17:23:53.641  1428 20805 V NuPlayer: updatePlaybackTimer(snap)  time                    0 (updateInternalTimers)
07-26 17:23:53.641  1428 20805 V NuPlayer: updateRebufferingTimer(snap)  time                    0 (exiting 0)
07-26 17:23:53.641  1428 20805 V NuPlayerDriver: logMetrics(0xf5c08e40) from reset at state 4
07-26 17:23:53.641  1428 20805 V NuPlayerDriver: nothing to record (only 3 fields)
07-26 17:23:53.642  1428 19617 V NuPlayer: kWhatReset
07-26 17:23:53.642  1428 19617 V NuPlayer: setDecoderBooster enable = No
07-26 17:23:53.642  1428 19617 V NuPlayer: updatePlaybackTimer(stop)  time                    0 (kWhatReset)
07-26 17:23:53.642  1428 19617 V NuPlayer: updateRebufferingTimer(stop)  time                    0 (exiting 1)
07-26 17:23:53.642  1428 19617 V NuPlayer: performDecoderFlush audio=2, video=2
07-26 17:23:53.642  1428 19617 V NuPlayer: performReset
07-26 17:23:53.642  1428 19617 V NuPlayer: updatePlaybackTimer(stop)  time                    0 (performReset)
07-26 17:23:53.642  1428 19617 V NuPlayer: updateRebufferingTimer(stop)  time                    0 (exiting 1)
07-26 17:23:53.642  1428 19617 D NuPlayerDriver: notifyResetComplete(0xf5c08e40)
07-26 17:23:53.642  1428 20805 V MediaPlayerService: disconnect(2307) from AttributionSource AttributionSourceState{pid: 1287, uid: 1000, packageName: android, attributionTag: (null), token: {no toString() implemented}, renouncedPermissions: [], next: []}
07-26 17:23:53.642  1428 20805 D NuPlayerDriver: reset(0xf5c08e40) at state 0
07-26 17:23:53.642  1428 20805 V NuPlayerDriver: updateMetrics(0xf5c08e40) from reset at state 0
07-26 17:23:53.642  1428 20805 V NuPlayer: updateInternalTimers()
07-26 17:23:53.642  1428 20805 V NuPlayer: updatePlaybackTimer(snap)  time                    0 (updateInternalTimers)
07-26 17:23:53.642  1428 20805 V NuPlayer: updateRebufferingTimer(snap)  time                    0 (exiting 0)
07-26 17:23:53.642  1428 20805 V NuPlayerDriver: logMetrics(0xf5c08e40) from reset at state 0
07-26 17:23:53.642  1428 20805 V NuPlayerDriver: nothing to record (only 3 fields)
07-26 17:23:53.642  1428 20805 V NuPlayerDriver: ~NuPlayerDriver(0xf5c08e40)
07-26 17:23:53.642  1428 20805 V NuPlayerDriver: updateMetrics(0xf5c08e40) from destructor at state 0
07-26 17:23:53.642  1428 20805 V NuPlayer: updateInternalTimers()
07-26 17:23:53.642  1428 20805 V NuPlayer: updatePlaybackTimer(snap)  time                    0 (updateInternalTimers)
07-26 17:23:53.642  1428 20805 V NuPlayer: updateRebufferingTimer(snap)  time                    0 (exiting 0)
07-26 17:23:53.642  1428 20805 V NuPlayerDriver: logMetrics(0xf5c08e40) from destructor at state 0
07-26 17:23:53.642  1428 20805 V NuPlayerDriver: nothing to record (only 3 fields)
07-26 17:23:53.643  1287  3777 V MediaPlayer: resetDrmState:  mDrmInfo=null mDrmProvisioningThread=null mPrepareDrmInProgress=false mActiveDrmScheme=false
07-26 17:23:53.643  1287  3777 V MediaPlayer: cleanDrmObj: mDrmObj=null mDrmSessionId=null
07-26 17:23:53.643  1428 13078 V MediaPlayerService: Client(2307) destructor AttributionSource = AttributionSourceState{pid: 1287, uid: 1000, packageName: android, attributionTag: (null), token: {no toString() implemented}, renouncedPermissions: [], next: []}
07-26 17:23:53.643  1428 13078 V AudioSink: +++ close
07-26 17:23:53.643  1428 13078 V AudioSink: --- close
07-26 17:23:53.643  1428 13078 V MediaPlayerService: disconnect(2307) from AttributionSource AttributionSourceState{pid: 1287, uid: 1000, packageName: android, attributionTag: (null), token: {no toString() implemented}, renouncedPermissions: [], next: []}
07-26 17:23:53.643  1287  3777 V MediaPlayer: resetDrmState:  mDrmInfo=null mDrmProvisioningThread=null mPrepareDrmInProgress=false mActiveDrmScheme=false
07-26 17:23:53.643  1287  3777 V MediaPlayer: cleanDrmObj: mDrmObj=null mDrmSessionId=null
07-26 17:23:53.643  1287  3777 V MediaPlayer-JNI: release
07-26 17:23:53.643  1287  3777 V MediaPlayerNative: setListener
07-26 17:23:53.643  1287  3777 V MediaPlayerNative: disconnect
07-26 17:23:53.643  1287  3777 V MediaPlayerNative: destructor
07-26 17:23:53.644  1287  3777 V MediaPlayerNative: disconnect
07-26 17:23:53.644  1287  3777 D Ringtone: highlight offset is : null
07-26 17:23:53.644  1287  3777 V MediaPlayer-JNI: native_setup
07-26 17:23:53.644  1287  3777 V MediaPlayerNative: constructor
07-26 17:23:53.644  1287  3777 V MediaPlayerNative: setListener
07-26 17:23:53.647  1287 11096 V ActivityManager: Got obituary of 18594:com.samsung.android.lool
07-26 17:23:53.650   869   869 I Zygote  : Process 18594 exited due to signal 9 (Killed)
07-26 17:23:53.651  3877 32696 W MediaProvider: Didn't find any volume for getVolume(/system/media/audio/ringtones/SoundTheme/Galaxy/Galaxy_Bells.ogg)
07-26 17:23:53.652  3877 32696 I MediaProvider: Open with lower FS for /system/media/audio/ringtones/SoundTheme/Galaxy/Galaxy_Bells.ogg. Uid: 1000
07-26 17:23:53.652  1287  2076 V ActivityManager: Got obituary of 18628:com.samsung.android.sm.provider
07-26 17:23:53.653  1287  2127 D ConnectivityService: releasing NetworkRequest [ REQUEST id=13846, [ Capabilities: INTERNET&NOT_RESTRICTED&TRUSTED&NOT_VCN_MANAGED Uid: 10283 RequestorUid: 10283 RequestorPkg: com.google.android.apps.photos UnderlyingNetworks: Null] ] (release request)
07-26 17:23:53.653  1287  5742 V ActivityManager: Got obituary of 16844:com.google.android.apps.photos
07-26 17:23:53.653  1287  2127 D ConnectivityService:  Removing from current network [421 CELLULAR], leaving 84 requests.
07-26 17:23:53.654   869   869 I Zygote  : Process 16844 exited due to signal 9 (Killed)
07-26 17:23:53.654   869   869 I Zygote  : Process 18628 exited due to signal 9 (Killed)
07-26 17:23:53.654  2258  2258 D DDS-TelephonyNetworkFactory[0]: handleMessage msg={ when=0 what=4 obj=NetworkRequest [ REQUEST id=13846, [ Capabilities: INTERNET&NOT_RESTRICTED&TRUSTED&NOT_VCN_MANAGED Uid: 10283 RequestorUid: 10283 RequestorPkg: com.google.android.apps.photos UnderlyingNetworks: Null] ] target=com.android.internal.telephony.data.TelephonyNetworkFactory$InternalHandler }
07-26 17:23:53.654  1287  3777 V MediaPlayer-JNI: setDataSourceFD: fd 660
07-26 17:23:53.654  1287  3777 V MediaPlayerNative: setDataSource(660, 0, 576460752303423487)
07-26 17:23:53.654  2258  2258 D DDS-TelephonyNetworkFactory[0]: onReleaseNetworkFor [NetworkRequest [ REQUEST id=13846, [ Capabilities: INTERNET&NOT_RESTRICTED&TRUSTED&NOT_VCN_MANAGED Uid: 10283 RequestorUid: 10283 RequestorPkg: com.google.android.apps.photos UnderlyingNetworks: Null] ], mPriority=0, state=UNSATISFIED, mAttachedDataNetwork=null, isMetered=false, created time=17:23:53.654, evaluation result=null] applied true
07-26 17:23:53.654  1428 20805 V MediaPlayerService: Create new client(2308) from AttributionSourceState{pid: 1287, uid: 1000, packageName: android, attributionTag: (null), token: {no toString() implemented}, renouncedPermissions: [], next: []}, 
07-26 17:23:53.654  2258  2258 D DCT-C-0 : DDS-DcTracker.releaseNetwork for NetworkRequest [ REQUEST id=13846, [ Capabilities: INTERNET&NOT_RESTRICTED&TRUSTED&NOT_VCN_MANAGED Uid: 10283 RequestorUid: 10283 RequestorPkg: com.google.android.apps.photos UnderlyingNetworks: Null] ] found {mApnType=default mState=CONNECTED mWaitingApns={[[ApnSetting] Internet, 5778, 313340, internet, , null, , null, null, 0, supl | dun | hipri | default, IPV4V6, IPV4V6, true, 0, false, 20, 0, 300, 0, 0, gid, 6538, false, UNKNOWN, UNKNOWN, 0, -1, 0, false] priority=1} mApnSetting={[ApnSetting] Internet, 5778, 313340, internet, , null, , null, null, 0, supl | dun | hipri | default, IPV4V6, IPV4V6, true, 0, false, 20, 0, 300, 0, 0, gid, 6538, false, UNKNOWN, UNKNOWN, 0, -1, 0, false} mReason=connected mNeedDisconnectByDdsChange=false mDataEnabled=true}, type=NORMAL
07-26 17:23:53.655  2258  2258 D DC-C-2  : reevaluate data connection properties
07-26 17:23:53.655  1428 20805 V MediaPlayerService: setDataSource fd=8, offset=0, length=576460752303423487
07-26 17:23:53.655  1428 20805 V MediaPlayerService: st_dev  = 64772
07-26 17:23:53.655  1428 20805 V MediaPlayerService: st_mode = 33188
07-26 17:23:53.655  1428 20805 V MediaPlayerService: st_uid  = 0
07-26 17:23:53.655  1428 20805 V MediaPlayerService: st_gid  = 0
07-26 17:23:53.655  1428 20805 V MediaPlayerService: st_size = 242450
07-26 17:23:53.655  1428 20805 V MediaPlayerService: calculated length = 242450
07-26 17:23:53.655  1428 20805 V MediaPlayerService: player type = 4
07-26 17:23:53.655  1428 20805 D NuPlayerDriver: NuPlayerDriver(0xf5c08e40) created, clientPid(1287)
07-26 17:23:53.657  1287  1760 I libprocessgroup: Successfully killed process cgroup uid 1000 pid 18594 in 0ms
07-26 17:23:53.658  1287  1760 I libprocessgroup: Successfully killed process cgroup uid 1000 pid 18628 in 0ms
07-26 17:23:53.660  1428 20805 V AudioSink: AudioOutput(83337)
07-26 17:23:53.661  1428 20805 V NuPlayerDriver: setDataSource(0xf5c08e40) file(8)
07-26 17:23:53.661  1428 20805 V NuPlayer: setDataSourceAsync fd 8/0/242450 source: 0xf5a70000
07-26 17:23:53.661  1428 19635 V NuPlayer: kWhatSetAudioSink
07-26 17:23:53.661  1428 19635 V NuPlayer: kWhatSetDataSource
07-26 17:23:53.662  1287  3777 V MediaPlayer-JNI: setParameter: key 1400
07-26 17:23:53.662  1287  3777 V MediaPlayerNative: MediaPlayer::setParameter(1400)
07-26 17:23:53.662  1428 20805 V MediaPlayerService: [2308] setParameter(1400)
07-26 17:23:53.662  1428 20805 V MediaPlayerService: setAudioAttributes_l() usage=6 content=4 flags=0x800 tags=AUDIO_STREAM_RING
07-26 17:23:53.663  1287  3777 V MediaPlayer-JNI: setVolume: left 1.000000  right 1.000000
07-26 17:23:53.663  1287  3777 V MediaPlayerNative: MediaPlayer::setVolume(1.000000, 1.000000)
07-26 17:23:53.663  1428 20805 V MediaPlayerService: [2308] setVolume(1.000000, 1.000000)
07-26 17:23:53.663  1428 20805 V AudioSink: setVolume(1.000000, 1.000000)
07-26 17:23:53.663  1287  3777 V MediaPlayer-JNI: setLooping: 0
07-26 17:23:53.663  1287  3777 V MediaPlayerNative: MediaPlayer::setLooping
07-26 17:23:53.663  1428 20805 V MediaPlayerService: [2308] setLooping(0)
07-26 17:23:53.663  1287  3777 V MediaPlayerNative: setVideoSurfaceTexture
07-26 17:23:53.663  1428 20805 V MediaPlayerService: [2308] setVideoSurfaceTexture(0x0)
07-26 17:23:53.663  1287  3777 V MediaPlayerNative: prepare
07-26 17:23:53.663  1428 20805 V MediaPlayerService: [2308] setParameter(1400)
07-26 17:23:53.663  1428 20805 V MediaPlayerService: setAudioAttributes_l() usage=6 content=4 flags=0x800 tags=AUDIO_STREAM_RING
07-26 17:23:53.664  1428  1714 V MediaPlayerService: [2308] prepareAsync
07-26 17:23:53.664  1428  1714 V NuPlayerDriver: prepareAsync(0xf5c08e40)
07-26 17:23:53.664  1428  1714 V NuPlayer: prepareAsync
07-26 17:23:53.664  1428 19635 V NuPlayer: onMessageReceived kWhatPrepare
07-26 17:23:53.664  1428 19635 I MediaMonitor: MediaMonitor()
07-26 17:23:53.664  1310  3809 I DrmManagerService(Native): value of perm = 2 return true from DRM FW
07-26 17:23:53.665  1310  3809 E SEC_DRM_PLUGIN_Omafl: OmaPlugin::onOpenDecryptSession(fd)::Drm2IsDrmFileByExtFd::file is NOT DRM by extension
07-26 17:23:53.665  1428 19637 D GenericSource: FileSource remote
07-26 17:23:53.666 19600 19600 I [SCPMLIB_1.0.0]RegistrationApi: register : com.samsung.android.service.stplatform, appId : drc3dsug9g
