--------- beginning of main
07-26 17:23:43.523 11421 11421 E STFService: getNetworkProperties: Location fine denied
--------- beginning of system
07-26 17:23:44.001   650   650 D io_stats: !@   8,0 r 23311629 457221812 w 4953191 44748816 d 1388593 91304652 f 0 0 iot 19609652 0 th 0 0 0 pt 0 inp 0 0 710488.433
07-26 17:23:44.002   650   650 D io_stats: !@ Read_top(KB): oid.samsungpass(31145) 1812 kworker/u16:5(16054) 32 kworker/u16:8(27142) 16
07-26 17:23:44.002   650   650 D io_stats: !@ Write_top(KB): .gms.persistent(18316) 304 system_server(1287) 260
07-26 17:23:44.068  1515  1515 I ModemServiceMode: EVENT_TICK!
--------- beginning of radio
07-26 17:23:44.077  1960  1971 D Multi-Client: OemClient::ProcessBuffer() from [xxx], token[19], datalen[8]
07-26 17:23:44.079  1960  1970 D Multi-Client: Oem OnRequestComplete:
--------- beginning of events
07-26 17:23:44.082  1287  1319 I power_partial_wake_state: [7,RILS:com.sec.phone(disabled)]
07-26 17:23:44.083  1515  1515 I ModemServiceMode: in QUERT_SERVM_DONE
07-26 17:23:44.084  1515  1515 I ModemServiceMode: size of result : 3400
07-26 17:23:44.084  1515  1515 I ModemServiceMode: Line 0 :  DEBUG INFO : 0 0 12 195 401050_
07-26 17:23:44.084  1515  1515 I ModemServiceMode: Line 1 :  HPLMN(313-340) sim_state(1)_
07-26 17:23:44.084  1515  1515 I ModemServiceMode: Line 2 :  Serving PLMN(313-340) - NR5G_
07-26 17:23:44.084  1515  1515 I ModemServiceMode: Line 3 :  NW sel mode : Auto_
07-26 17:23:44.084  1515  1515 I ModemServiceMode: Line 4 :  Service(available)_
07-26 17:23:44.084  1515  1515 I ModemServiceMode: Line 5 :  MM5G(REGISTERED) Sub(0)_
07-26 17:23:44.084  1515  1515 I ModemServiceMode: Line 6 :  MM5G Update(UPDATED)_
07-26 17:23:44.084  1515  1515 I ModemServiceMode: Line 7 :  NR5G_RSRP : -101_
07-26 17:23:44.084  1515  1515 I ModemServiceMode: Line 8 :  NR5G_SINR : 20.2_
07-26 17:23:44.084  1515  1515 I ModemServiceMode: Line 9 :  NR5G_RSRQ: -11_
07-26 17:23:44.084  1515  1515 I ModemServiceMode: Line 10 :  NR_RRC: CONNECTED_
07-26 17:23:44.084  1515  1515 I ModemServiceMode: Line 11 :  NR_SSB_Index: 3_
07-26 17:23:44.084  1515  1515 I ModemServiceMode: Line 12 :  NR_ARFCN: 401050_
07-26 17:23:44.084  1515  1515 I ModemServiceMode: Line 13 :  NR_PCI: 611_
07-26 17:23:44.084  1515  1515 I ModemServiceMode: Line 14 :  NR_BAND: n70_
07-26 17:23:44.084  1515  1515 I ModemServiceMode: Line 15 :  NR_DL Scheduling: 0.00 _
07-26 17:23:44.084  1515  1515 I ModemServiceMode: Line 16 :  NR_BLER: 0.00 _
07-26 17:23:44.084  1515  1515 I ModemServiceMode: Line 17 :  NR_BW: 25 MHz_
07-26 17:23:44.084  1515  1515 I ModemServiceMode: Line 18 :  NR_SA_RLF Count: --_
07-26 17:23:44.084  1515  1515 I ModemServiceMode: Line 19 :  NR_ANT MAX RSRP: 0_
07-26 17:23:44.084  1515  1515 I ModemServiceMode: Line 20 :  NR_ANT MIN RSRP: -146_
07-26 17:23:44.084  1515  1515 I ModemServiceMode: Line 21 :  NR_Tx Phy Channel Type: PUCCH_
07-26 17:23:44.084  1515  1515 I ModemServiceMode: Line 22 :  NR RX0 RSRP: -100 _
07-26 17:23:44.084  1515  1515 I ModemServiceMode: Line 23 :  NR RX1 RSRP: -102 _
07-26 17:23:44.084  1515  1515 I ModemServiceMode: Line 24 :  NR RX2 RSRP: -117 _
07-26 17:23:44.085  1515  1515 I ModemServiceMode: Line 25 :  NR RX3 RSRP: -104 _
07-26 17:23:44.085  1515  1515 I ModemServiceMode: Line 26 :  NR_Tx Pwr: 20 dBm_
07-26 17:23:44.085  1515  1515 I ModemServiceMode: Line 27 :  NR_SCS: 15kHz_
07-26 17:23:44.085  1515  1515 I ModemServiceMode: Line 28 :  NR_CDRX: Active_
07-26 17:23:44.085  1515  1515 I ModemServiceMode: Line 29 :  NR SA CA Not present _
07-26 17:23:44.085  1515  1515 I ModemServiceMode: Line 30 :  NETWORK : UNBLOCK_
07-26 17:23:44.085  1515  1515 I ModemServiceMode: Line 31 :  FINAL IMEI Certi: PASS_
07-26 17:23:44.085  1515  1515 I ModemServiceMode: Line 32 : Unknown 0_
07-26 17:23:44.085  1515  1515 I ModemServiceMode: Line 33 : AJB Init_buf:0 ms_
07-26 17:23:44.085  1515  1515 I ModemServiceMode: Line 34 : NO TSS DEVICE : err(0), tss_fla_
07-26 17:23:44.085  1515  1515 I ModemServiceMode: Line 35 :  ASDiv : NOT SUPPORTED_
07-26 17:23:44.085  1515  1515 I ModemServiceMode: Line 36 : TM:All TM Lvl is 0_
07-26 17:23:44.085  1515  1515 I ModemServiceMode: Line 37 : WAKEUP_INFO: 0_
07-26 17:23:44.085  1515  1515 I ModemServiceMode: Line 38 : _
07-26 17:23:44.085  1515  1515 I ModemServiceMode: Line 39 : _
07-26 17:23:44.085  1515  1515 I ModemServiceMode: Line 40 : _
07-26 17:23:44.085  1515  1515 I ModemServiceMode: Line 41 : _
07-26 17:23:44.085  1515  1515 I ModemServiceMode: Line 42 : _
07-26 17:23:44.085  1515  1515 I ModemServiceMode: Line 43 : _
07-26 17:23:44.085  1515  1515 I ModemServiceMode: Line 44 : _
07-26 17:23:44.085  1515  1515 I ModemServiceMode: Line 45 : _
07-26 17:23:44.085  1515  1515 I ModemServiceMode: Line 46 : _
07-26 17:23:44.085  1515  1515 I ModemServiceMode: Line 47 : _
07-26 17:23:44.085  1515  1515 I ModemServiceMode: Line 48 : _
07-26 17:23:44.085  1515  1515 I ModemServiceMode: Line 49 : _
07-26 17:23:44.085  1515  1515 I ModemServiceMode: Line 50 : _
07-26 17:23:44.085  1515  1515 I ModemServiceMode: Line 51 : _
07-26 17:23:44.085  1515  1515 I ModemServiceMode: Line 52 : _
07-26 17:23:44.085  1515  1515 I ModemServiceMode: Line 53 : _
07-26 17:23:44.085  1515  1515 I ModemServiceMode: Line 54 : _
07-26 17:23:44.085  1515  1515 I ModemServiceMode: Line 55 : _
07-26 17:23:44.085  1515  1515 I ModemServiceMode: Line 56 : _
07-26 17:23:44.085  1515  1515 I ModemServiceMode: Line 57 : _
07-26 17:23:44.085  1515  1515 I ModemServiceMode: Line 58 : _
07-26 17:23:44.085  1515  1515 I ModemServiceMode: Line 59 : _
07-26 17:23:44.085  1515  1515 I ModemServiceMode: Line 60 : _
07-26 17:23:44.086  1515  1515 I ModemServiceMode: Line 61 : _
07-26 17:23:44.086  1515  1515 I ModemServiceMode: Line 62 : _
07-26 17:23:44.086  1515  1515 I ModemServiceMode: Line 63 : _
07-26 17:23:44.086  1515  1515 I ModemServiceMode: Line 64 : _
07-26 17:23:44.086  1515  1515 I ModemServiceMode: Line 65 : _
07-26 17:23:44.086  1515  1515 I ModemServiceMode: Line 66 : _
07-26 17:23:44.086  1515  1515 I ModemServiceMode: Line 67 : _
07-26 17:23:44.086  1515  1515 I ModemServiceMode: Line 68 : _
07-26 17:23:44.086  1515  1515 I ModemServiceMode: Line 69 : _
07-26 17:23:44.086  1515  1515 I ModemServiceMode: Line 70 : _
07-26 17:23:44.086  1515  1515 I ModemServiceMode: Line 71 : _
07-26 17:23:44.086  1515  1515 I ModemServiceMode: Line 72 : _
07-26 17:23:44.086  1515  1515 I ModemServiceMode: Line 73 : _
07-26 17:23:44.086  1515  1515 I ModemServiceMode: Line 74 : _
07-26 17:23:44.086  1515  1515 I ModemServiceMode: Line 75 : _
07-26 17:23:44.086  1515  1515 I ModemServiceMode: Line 76 : _
07-26 17:23:44.086  1515  1515 I ModemServiceMode: Line 77 : _
07-26 17:23:44.086  1515  1515 I ModemServiceMode: Line 78 : _
07-26 17:23:44.086  1515  1515 I ModemServiceMode: Line 79 : _
07-26 17:23:44.086  1515  1515 I ModemServiceMode: Line 80 : _
07-26 17:23:44.086  1515  1515 I ModemServiceMode: Line 81 : _
07-26 17:23:44.086  1515  1515 I ModemServiceMode: Line 82 : _
07-26 17:23:44.086  1515  1515 I ModemServiceMode: Line 83 : _
07-26 17:23:44.086  1515  1515 I ModemServiceMode: Line 84 : _
07-26 17:23:44.086  1515  1515 I ModemServiceMode: Line 85 : _
07-26 17:23:44.086  1515  1515 I ModemServiceMode: Line 86 : _
07-26 17:23:44.086  1515  1515 I ModemServiceMode: Line 87 : _
07-26 17:23:44.086  1515  1515 I ModemServiceMode: Line 88 : _
07-26 17:23:44.086  1515  1515 I ModemServiceMode: Line 89 : _
07-26 17:23:44.086  1515  1515 I ModemServiceMode: Line 90 : _
07-26 17:23:44.086  1515  1515 I ModemServiceMode: Line 91 : _
07-26 17:23:44.086  1515  1515 I ModemServiceMode: Line 92 : _
07-26 17:23:44.086  1515  1515 I ModemServiceMode: Line 93 : _
07-26 17:23:44.086  1515  1515 I ModemServiceMode: Line 94 : _
07-26 17:23:44.086  1515  1515 I ModemServiceMode: Line 95 : _
07-26 17:23:44.086  1515  1515 I ModemServiceMode: Line 96 : _
07-26 17:23:44.086  1515  1515 I ModemServiceMode: Line 97 : _
07-26 17:23:44.086  1515  1515 I ModemServiceMode: Line 98 : _
07-26 17:23:44.086  1515  1515 I ModemServiceMode: Line 99 : _
07-26 17:23:44.087  1515  1515 I ModemServiceMode: Update!
07-26 17:23:44.525 11421 11421 E STFService: getNetworkProperties: Location fine denied
07-26 17:23:45.095  2258  2258 D SSCtr   : [0] EVENT_SIGNAL_LEVEL_INFO_CHANGED - SignalBarInfo{ nrLevel=4 }
07-26 17:23:45.104  2289  2528 D MobileStatusTracker(0/1): onSignalStrengthsChanged level=1, vendorLevel=4
07-26 17:23:45.107  2258  2258 D Telephony: SamsungWfcCapabilityNotificationMgr: onSignalStrengthsChanged: level=1
07-26 17:23:45.108  2258  2258 D Telephony: SamsungWfcCapabilityNotificationMgr: onSignalStrengthsChanged: mRsrp=2147483647
07-26 17:23:45.108  2289  2528 D MobileSignalController(0/1): notifyListener: enabled=true, connected=true, dataConnected=true, networkType=NR/NR_NSA is5gAvailable=false (5G_Connected), emergencyOnly=false, roaming=false, isDefault=true, dataActivity=, level=4, ca=false, mmWave=false, disabledDataIcon=false, simCard=ETC
07-26 17:23:45.109  2289  2528 D NetworkController: SignalStrength from intent slotId=0
07-26 17:23:45.126  2258  2258 I Telephony: SamsungWifiCallRepositoryImpl: getInt() wifi_call_enable : 0 , phoneId0
07-26 17:23:45.129  2258  2258 I Telephony: SamsungWifiCallRepositoryImpl: isWifiCallEnabled [ 0] : 0
07-26 17:23:45.130  2258  2258 I Telephony: SamsungWifiCallRepositoryImpl: getWfcCapaNotiCount count :0
07-26 17:23:45.130  2258  2258 I Telephony: SamsungWifiCallRepositoryImpl: isWifiCallMenuEnabled: false
07-26 17:23:45.130  2258  2258 D Telephony: SamsungWfcCapabilityNotificationMgr: updateWFCCapabilityNotification: tryCount=0 isWiFiCallEnable=false isWifiConnected=false isWifiCallMenuEnabled=false
07-26 17:23:45.130  2258  2258 D Telephony: SamsungWfcCapabilityNotificationMgr: updateWFCCapabilityNotification: canShowWfcCapableNotification=false shouldShowWfcCapableNotification=false isShowingNotification=false rsrp=2147483647
07-26 17:23:45.143  1287  1781 D BatteryExternalStatsWorker: update stats : modem-data (4)
07-26 17:23:45.144  1287  1781 D BatteryExternalStatsWorker: Fetch modem data
07-26 17:23:45.144  1287  1781 D BatteryExternalStatsWorker: Update Rail Energy data
07-26 17:23:45.145  2258  2258 I SemTelephonyHandlerHelper: handleMessage: what=92
07-26 17:23:45.147  1287 11881 I power_partial_wake_state: [0,*telephony-radio*:com.android.phone]
07-26 17:23:45.148  2258  2258 D RILJ    : [1493]> GET_ACTIVITY_INFO [PHONE0]
07-26 17:23:45.153  2258  2258 I SemTelephonyHandlerHelper: handleMessage: what=93
07-26 17:23:45.153  2258  2292 D RILJ    : [1493]< GET_ACTIVITY_INFO ModemActivityInfo{ mTimestamp=710489583 mSleepTimeMs=15009 mIdleTimeMs=295 mActivityStatsTechSpecificInfo=[{mRat=UNKNOWN,mFrequencyRange=UNKNOWN,mTxTimeMs[]=[0, 0, 0, 0, 0],mRxTimeMs=4921}]} [PHONE0]
07-26 17:23:45.153  1287  1319 I power_partial_wake_state: [6,*telephony-radio*:com.android.phone]
07-26 17:23:45.154  1287 11881 D TelephonyManager: requestModemActivityInfo: Sending result to app: ModemActivityInfo{ mTimestamp=710489583 mSleepTimeMs=579702808 mIdleTimeMs=17635938 mActivityStatsTechSpecificInfo=[{mRat=UNKNOWN,mFrequencyRange=UNKNOWN,mTxTimeMs[]=[25539, 6675, 10243, 3, 0],mRxTimeMs=112589005}]}
07-26 17:23:45.154  1287  1781 D BatteryExternalStatsWorker: mStats lock released
07-26 17:23:45.154  1287  1319 I power_partial_wake_state: [1,*telephony-radio*:com.android.phone(disabled)]
07-26 17:23:45.164  1287  1781 D BatteryExternalStatsWorker: Update modem state
07-26 17:23:45.164  1287  1781 D BatteryExternalStatsWorker: done updateExternalStatsLocked
07-26 17:23:45.493  2258  2292 D SEM_RILJ: [UNSL]< UNSOL_OEM_EXECUTE [PHONE0]
07-26 17:23:45.494  2258  2292 D SEM_RILJ: execute cmd0: AM cmd1: broadcast -a com.sec.intent.action.SARDEVICE_CP -f 268435456 --es cmd off --es device 98817 --es option NONE --ei slot 0 [PHONE0]
07-26 17:23:45.494  2258  2292 I System.out: Broadcasting: Intent { act=com.sec.intent.action.SARDEVICE_CP flg=0x10000000 (has extras) }
07-26 17:23:45.496   828  1977 I CASS_DEBUG: acquire_wake_lock lock=1 id='client-interface'
07-26 17:23:45.496   828  1977 D RILClient: processUnsolicited(): resp_id (11090), len(123)
07-26 17:23:45.496   828  1977 I CASS_DEBUG: release_wake_lock id='client-interface'
07-26 17:23:45.497   829  1964 D RILClient: processUnsolicited(): resp_id (11090), len(123)
07-26 17:23:45.498  1436  1670 E RILD    : RxGetRfBandInfo: 
07-26 17:23:45.500  2583  4596 I RILClient: processUnsolicited(): resp_id (11090), len(123)
07-26 17:23:45.503  1287  2069 D MotionRecognitionService: [SAR]  onReceive : SARDEVICE_CP, callAction = off deviceID = 98817 slot = 0 device_ext = 0
07-26 17:23:45.503  1287  2069 I MotionRecognitionService: [SAR] id : 0 cmd :off
07-26 17:23:45.503  1287  2069 I MotionRecognitionService: [SAR] SarDevice clear 1 channel : 0 , state : 1
07-26 17:23:45.504  1961  2155 D RILClient: processUnsolicited(): resp_id (11090), len(123)
07-26 17:23:45.505  1436  1692 D rild    : physicalChannelConfigInd_V1_4
07-26 17:23:45.509  1287  2464 I SLocation: SPManager - need to Login samsung account.
07-26 17:23:45.510  2258  2292 D RILJ    : Unsol response received; Sending ack to ril.cpp [PHONE0]
07-26 17:23:45.511  1287  2464 D CompatibilityChangeReporter: Compat change id reported: 171306433; UID 1000; state: ENABLED
07-26 17:23:45.511  2258  2292 D RILJ    : [UNSL]< UNSOL_PHYSICAL_CHANNEL_CONFIG [{mConnectionStatus=PrimaryServing,mCellBandwidthDownlinkKhz=0,mCellBandwidthUplinkKhz=0,mNetworkType=NR,mFrequencyRange=HIGH,mDownlinkChannelNumber=2147483647,mUplinkChannelNumber=2147483647,mContextIds=[1, 2],mPhysicalCellId=0,mBand=0,mDownlinkFrequency=0,mUplinkFrequency=0}] [PHONE0]
07-26 17:23:45.511  1287  2464 D CompatibilityChangeReporter: Compat change id reported: 218533173; UID 1000; state: ENABLED
07-26 17:23:45.518  1287  2069 I power_partial_wake_state: [2,*telephony-sem-radio*:com.android.phone]
07-26 17:23:45.518  2258  2292 D RILJ    : Unsol response received; Sending ack to ril.cpp [PHONE0]
07-26 17:23:45.519  2258  2292 D RILJ    : [UNSL]< UNSOL_LCE_INFO_RECV [{mType=2, mDownlinkCapacityKbps=2147483647, mUplinkCapacityKbps=2147483647}] [PHONE0]
07-26 17:23:45.520  2258  3415 D SEM_RILJ: [1494]> OEM_HOOK_RAW[118200090000000001] [PHONE0]
07-26 17:23:45.520  1287  2464 I power_partial_wake_state: [11,*alarm*:android(disabled)]
07-26 17:23:45.521  1287  2069 D MotionRecognitionService: [SAR] set setTransmitPowerWithFlag  value : 1 : false
07-26 17:23:45.521  1287  2069 I MotionRecognitionService: [SAR] ISG6320 Grip sensor disable channel 0 : 0 , channel 1 : 1
07-26 17:23:45.521  1287  2069 I MotionRecognitionService: [SAR] id : 9 cmd :off
07-26 17:23:45.521  1287  2069 W MotionRecognitionService: DEFAULT
07-26 17:23:45.522  1287  2069 I MotionRecognitionService: [SAR] id : 15 cmd :off
07-26 17:23:45.522  1287  2069 W MotionRecognitionService: DEFAULT
07-26 17:23:45.522  1287  2069 I MotionRecognitionService: [SAR] id : 16 cmd :off
07-26 17:23:45.522  1287  2069 I MotionRecognitionService: [SAR] SarDevice clear 65536 channel : 1 , state : 1
07-26 17:23:45.523  2258  2258 I TelephonyProvider: D/TelephonyProvider: Using old permission behavior for telephony provider compat
07-26 17:23:45.523  2258  2258 I TelephonyProvider: D/TelephonyProvider: subIdString = 1 subId = 1
07-26 17:23:45.526  2258  2292 D RILJ    : Unsol response received; Sending ack to ril.cpp [PHONE0]
07-26 17:23:45.526 11421 11421 E STFService: getNetworkProperties: Location fine denied
07-26 17:23:45.527  2258  2292 D RILJ    : [UNSL]< UNSOL_LCE_INFO_RECV [{mType=2, mDownlinkCapacityKbps=2147483647, mUplinkCapacityKbps=2147483647}] [PHONE0]
07-26 17:23:45.527  2258  3415 D SEM_RILJ: [1497]> OEM_HOOK_RAW[118200090000010000] [PHONE0]
07-26 17:23:45.527  1287  2069 D MotionRecognitionService: [SAR] set setTransmitPowerWithFlag  value : 65536 : false
07-26 17:23:45.528  1287  2069 I MotionRecognitionService: [SAR] ISG6320 Grip sensor disableSensor : true
07-26 17:23:45.528  1287  2069 I MotionRecognitionService: [SAR] ISG6320 Grip sensorsetTunerGrip 8589934592 , state: false
07-26 17:23:45.528  2258  2292 D SEM_RILJ: [1494]< OEM_HOOK_RAW [B@35824f4 [PHONE0]
07-26 17:23:45.530  2258  3415 D SEM_RILJ: [1499]> OEM_HOOK_RAW[1182000D000000000200000000] [PHONE0]
07-26 17:23:45.530  1287  2069 D MotionRecognitionService: [SAR] set setTransmitPowerExt  value : 8589934592 : false
07-26 17:23:45.530  1287  2069 I MotionRecognitionService: [SAR] tunerGrip is 8589934592, state : false
07-26 17:23:45.531  1287  2069 D SensorService: Calling activate off 16777227
07-26 17:23:45.531  2258  2292 D SEM_RILJ: [1497]< OEM_HOOK_RAW [B@3a60692 [PHONE0]
07-26 17:23:45.532   996   996 I SensorsGrip: [grip_sensor] enable: GripSensor: enable handle = 11 en = 0
07-26 17:23:45.533   996   996 E SensorsGrip: [grip_sensor] enable: mEnabled : 0, first_grip_event : 1
07-26 17:23:45.534  1287  2069 D SensorManager: unregisterListener :: com.samsung.android.gesture.MotionRecognitionSAR$GripSensor$1@198f1d8
07-26 17:23:45.534  1287  2069 I MotionRecognitionService: [SAR] ISG6320 Grip sensor disable channel 0 : 0 , channel 1 : 0
07-26 17:23:45.534  2258  2292 D SEM_RILJ: [1499]< OEM_HOOK_RAW [B@f4c9c60 [PHONE0]
07-26 17:23:45.535  1287  1319 I power_partial_wake_state: [16,*telephony-sem-radio*:com.android.phone]
07-26 17:23:45.536  2258  3415 I System.out: Broadcast completed: result=0
07-26 17:23:45.536  1287 11881 I power_partial_wake_state: [1,*telephony-sem-radio*:com.android.phone(disabled)]
07-26 17:23:45.539  2258  2258 D DCT-C-0 : getPreferredApn: For APN type default found apnSetting [ApnSetting] Internet, 5778, 313340, internet, , null, , null, null, 0, supl | dun | hipri | default, IPV4V6, IPV4V6, true, 0, false, 20, 0, 300, 0, 0, gid, 6538, false, UNKNOWN, UNKNOWN, 0, -1, 0, false
07-26 17:23:45.541  2258  2258 D DCT-C-0 : AllowInternetCapability : preferredApnName: internet, apnName: internet
07-26 17:23:45.545  2258  2258 D SST     : [0] updateNrStateFromPhysicalChannelConfigs - hasNrSecondCell: false
07-26 17:23:45.547  2258  2258 I TelephonyProvider: D/TelephonyProvider: Using old permission behavior for telephony provider compat
07-26 17:23:45.547  2258  2258 I TelephonyProvider: D/TelephonyProvider: subIdString = 1 subId = 1
07-26 17:23:45.559  2258  2258 D DCT-C-0 : getPreferredApn: For APN type default found apnSetting [ApnSetting] Internet, 5778, 313340, internet, , null, , null, null, 0, supl | dun | hipri | default, IPV4V6, IPV4V6, true, 0, false, 20, 0, 300, 0, 0, gid, 6538, false, UNKNOWN, UNKNOWN, 0, -1, 0, false
07-26 17:23:45.561  2258  2258 D DCT-C-0 : AllowInternetCapability : preferredApnName: internet, apnName: internet
07-26 17:23:45.565  2258  2258 D SST     : [0] updateNrFrequencyRangeFromPhysicalChannelConfigs
07-26 17:23:45.566  2258  2258 D GsmCdmaPhone: [0] updateLinkCapacityEstimate: lce list=[{mType=2, mDownlinkCapacityKbps=2147483647, mUplinkCapacityKbps=2147483647}]
07-26 17:23:45.567  2258  2258 D GsmCdmaPhone: [0] updateLinkCapacityEstimate: lce list=[{mType=2, mDownlinkCapacityKbps=2147483647, mUplinkCapacityKbps=2147483647}]
07-26 17:23:45.567  2258  2258 D NetworkTypeController: [0] NrConnectedState(connected): process EVENT_PHYSICAL_CHANNEL_CONFIG_CHANGED
07-26 17:23:45.568  2258  2258 D NetworkTypeController: [0] updateNrAdvancedState: CONNECTED_NR_ADVANCED -> CONNECTED
07-26 17:23:45.568  2258  2258 D NetworkTypeController: [0] Transition with primary timer from connected to connected
07-26 17:23:45.568  2258  2258 D NetworkTypeController: [0] Entering NrConnectedState(connected)
07-26 17:23:45.568  2258  2258 D NetworkTypeController: [0] mIsNrSA = true
07-26 17:23:45.569  2258  2258 D NetworkTypeController: [0] is5gAvailable: false, 3, 0
07-26 17:23:45.589  1515  1515 I ModemServiceMode: EVENT_TICK!
07-26 17:23:45.599  1960  1971 D Multi-Client: OemClient::ProcessBuffer() from [xxx], token[20], datalen[8]
07-26 17:23:45.602  1960  1970 D Multi-Client: Oem OnRequestComplete:
07-26 17:23:45.604  1287 11881 I power_partial_wake_state: [8,RILS:com.sec.phone(disabled)]
07-26 17:23:45.606  1515  1515 I ModemServiceMode: in QUERT_SERVM_DONE
07-26 17:23:45.606  1515  1515 I ModemServiceMode: size of result : 3400
07-26 17:23:45.606  1515  1515 I ModemServiceMode: Line 0 :  DEBUG INFO : 0 0 12 195 401050_
07-26 17:23:45.606  1515  1515 I ModemServiceMode: Line 1 :  HPLMN(313-340) sim_state(1)_
07-26 17:23:45.606  1515  1515 I ModemServiceMode: Line 2 :  Serving PLMN(313-340) - NR5G_
07-26 17:23:45.606  1515  1515 I ModemServiceMode: Line 3 :  NW sel mode : Auto_
07-26 17:23:45.606  1515  1515 I ModemServiceMode: Line 4 :  Service(available)_
07-26 17:23:45.606  1515  1515 I ModemServiceMode: Line 5 :  MM5G(REGISTERED) Sub(0)_
07-26 17:23:45.606  1515  1515 I ModemServiceMode: Line 6 :  MM5G Update(UPDATED)_
07-26 17:23:45.606  1515  1515 I ModemServiceMode: Line 7 :  NR5G_RSRP : -101_
07-26 17:23:45.606  1515  1515 I ModemServiceMode: Line 8 :  NR5G_SINR : 21.7_
07-26 17:23:45.606  1515  1515 I ModemServiceMode: Line 9 :  NR5G_RSRQ: -11_
07-26 17:23:45.606  1515  1515 I ModemServiceMode: Line 10 :  NR_RRC: CONNECTED_
07-26 17:23:45.606  1515  1515 I ModemServiceMode: Line 11 :  NR_SSB_Index: 3_
07-26 17:23:45.606  1515  1515 I ModemServiceMode: Line 12 :  NR_ARFCN: 401050_
07-26 17:23:45.606  1515  1515 I ModemServiceMode: Line 13 :  NR_PCI: 611_
07-26 17:23:45.606  1515  1515 I ModemServiceMode: Line 14 :  NR_BAND: n70_
07-26 17:23:45.606  1515  1515 I ModemServiceMode: Line 15 :  NR_DL Scheduling: 0.00 _
07-26 17:23:45.606  1515  1515 I ModemServiceMode: Line 16 :  NR_BLER: 0.00 _
07-26 17:23:45.606  1515  1515 I ModemServiceMode: Line 17 :  NR_BW: 25 MHz_
07-26 17:23:45.606  1515  1515 I ModemServiceMode: Line 18 :  NR_SA_RLF Count: --_
07-26 17:23:45.606  1515  1515 I ModemServiceMode: Line 19 :  NR_ANT MAX RSRP: 0_
07-26 17:23:45.606  1515  1515 I ModemServiceMode: Line 20 :  NR_ANT MIN RSRP: -146_
07-26 17:23:45.606  1515  1515 I ModemServiceMode: Line 21 :  NR_Tx Phy Channel Type: PUCCH_
07-26 17:23:45.607  1515  1515 I ModemServiceMode: Line 22 :  NR RX0 RSRP: -100 _
07-26 17:23:45.607  1515  1515 I ModemServiceMode: Line 23 :  NR RX1 RSRP: -101 _
07-26 17:23:45.607  1515  1515 I ModemServiceMode: Line 24 :  NR RX2 RSRP: -117 _
07-26 17:23:45.607  1515  1515 I ModemServiceMode: Line 25 :  NR RX3 RSRP: -104 _
07-26 17:23:45.607  1515  1515 I ModemServiceMode: Line 26 :  NR_Tx Pwr: 20 dBm_
07-26 17:23:45.607  1515  1515 I ModemServiceMode: Line 27 :  NR_SCS: 15kHz_
07-26 17:23:45.607  1515  1515 I ModemServiceMode: Line 28 :  NR_CDRX: Active_
07-26 17:23:45.607  1515  1515 I ModemServiceMode: Line 29 :  NR SA CA Not present _
07-26 17:23:45.607  1515  1515 I ModemServiceMode: Line 30 :  NETWORK : UNBLOCK_
07-26 17:23:45.607  1515  1515 I ModemServiceMode: Line 31 :  FINAL IMEI Certi: PASS_
07-26 17:23:45.607  1515  1515 I ModemServiceMode: Line 32 : Unknown 0_
07-26 17:23:45.607  1515  1515 I ModemServiceMode: Line 33 : AJB Init_buf:0 ms_
07-26 17:23:45.607  1515  1515 I ModemServiceMode: Line 34 : NO TSS DEVICE : err(0), tss_fla_
07-26 17:23:45.607  1515  1515 I ModemServiceMode: Line 35 :  ASDiv : NOT SUPPORTED_
07-26 17:23:45.607  1515  1515 I ModemServiceMode: Line 36 : TM:All TM Lvl is 0_
07-26 17:23:45.607  1515  1515 I ModemServiceMode: Line 37 : WAKEUP_INFO: 0_
07-26 17:23:45.607  1515  1515 I ModemServiceMode: Line 38 : _
07-26 17:23:45.607  1515  1515 I ModemServiceMode: Line 39 : _
07-26 17:23:45.607  1515  1515 I ModemServiceMode: Line 40 : _
07-26 17:23:45.607  1515  1515 I ModemServiceMode: Line 41 : _
07-26 17:23:45.607  1515  1515 I ModemServiceMode: Line 42 : _
07-26 17:23:45.607  1515  1515 I ModemServiceMode: Line 43 : _
07-26 17:23:45.607  1515  1515 I ModemServiceMode: Line 44 : _
07-26 17:23:45.607  1515  1515 I ModemServiceMode: Line 45 : _
07-26 17:23:45.607  1515  1515 I ModemServiceMode: Line 46 : _
07-26 17:23:45.607  1515  1515 I ModemServiceMode: Line 47 : _
07-26 17:23:45.607  1515  1515 I ModemServiceMode: Line 48 : _
07-26 17:23:45.607  1515  1515 I ModemServiceMode: Line 49 : _
07-26 17:23:45.607  1515  1515 I ModemServiceMode: Line 50 : _
07-26 17:23:45.607  1515  1515 I ModemServiceMode: Line 51 : _
07-26 17:23:45.607  1515  1515 I ModemServiceMode: Line 52 : _
07-26 17:23:45.607  1515  1515 I ModemServiceMode: Line 53 : _
07-26 17:23:45.607  1515  1515 I ModemServiceMode: Line 54 : _
07-26 17:23:45.607  1515  1515 I ModemServiceMode: Line 55 : _
07-26 17:23:45.608  1515  1515 I ModemServiceMode: Line 56 : _
07-26 17:23:45.608  1515  1515 I ModemServiceMode: Line 57 : _
07-26 17:23:45.608  1515  1515 I ModemServiceMode: Line 58 : _
07-26 17:23:45.608  1515  1515 I ModemServiceMode: Line 59 : _
07-26 17:23:45.608  1515  1515 I ModemServiceMode: Line 60 : _
07-26 17:23:45.608  1515  1515 I ModemServiceMode: Line 61 : _
07-26 17:23:45.608  1515  1515 I ModemServiceMode: Line 62 : _
07-26 17:23:45.608  1515  1515 I ModemServiceMode: Line 63 : _
07-26 17:23:45.608  1515  1515 I ModemServiceMode: Line 64 : _
07-26 17:23:45.608  1515  1515 I ModemServiceMode: Line 65 : _
07-26 17:23:45.608  1515  1515 I ModemServiceMode: Line 66 : _
07-26 17:23:45.608  1515  1515 I ModemServiceMode: Line 67 : _
07-26 17:23:45.608  1515  1515 I ModemServiceMode: Line 68 : _
07-26 17:23:45.608  1515  1515 I ModemServiceMode: Line 69 : _
07-26 17:23:45.608  1515  1515 I ModemServiceMode: Line 70 : _
07-26 17:23:45.608  1515  1515 I ModemServiceMode: Line 71 : _
07-26 17:23:45.608  1515  1515 I ModemServiceMode: Line 72 : _
07-26 17:23:45.608  1515  1515 I ModemServiceMode: Line 73 : _
07-26 17:23:45.608  1515  1515 I ModemServiceMode: Line 74 : _
07-26 17:23:45.608  1515  1515 I ModemServiceMode: Line 75 : _
07-26 17:23:45.608  1515  1515 I ModemServiceMode: Line 76 : _
07-26 17:23:45.608  1515  1515 I ModemServiceMode: Line 77 : _
07-26 17:23:45.608  1515  1515 I ModemServiceMode: Line 78 : _
07-26 17:23:45.608  1515  1515 I ModemServiceMode: Line 79 : _
07-26 17:23:45.608  1515  1515 I ModemServiceMode: Line 80 : _
07-26 17:23:45.608  1515  1515 I ModemServiceMode: Line 81 : _
07-26 17:23:45.608  1515  1515 I ModemServiceMode: Line 82 : _
07-26 17:23:45.608  1515  1515 I ModemServiceMode: Line 83 : _
07-26 17:23:45.608  1515  1515 I ModemServiceMode: Line 84 : _
07-26 17:23:45.608  1515  1515 I ModemServiceMode: Line 85 : _
07-26 17:23:45.608  1515  1515 I ModemServiceMode: Line 86 : _
07-26 17:23:45.608  1515  1515 I ModemServiceMode: Line 87 : _
07-26 17:23:45.608  1515  1515 I ModemServiceMode: Line 88 : _
07-26 17:23:45.608  1515  1515 I ModemServiceMode: Line 89 : _
07-26 17:23:45.609  1515  1515 I ModemServiceMode: Line 90 : _
07-26 17:23:45.609  1515  1515 I ModemServiceMode: Line 91 : _
07-26 17:23:45.609  1515  1515 I ModemServiceMode: Line 92 : _
07-26 17:23:45.609  1515  1515 I ModemServiceMode: Line 93 : _
07-26 17:23:45.609  1515  1515 I ModemServiceMode: Line 94 : _
07-26 17:23:45.609  1515  1515 I ModemServiceMode: Line 95 : _
07-26 17:23:45.609  1515  1515 I ModemServiceMode: Line 96 : _
07-26 17:23:45.609  1515  1515 I ModemServiceMode: Line 97 : _
07-26 17:23:45.609  1515  1515 I ModemServiceMode: Line 98 : _
07-26 17:23:45.609  1515  1515 I ModemServiceMode: Line 99 : _
07-26 17:23:45.609  1515  1515 I ModemServiceMode: Update!
07-26 17:23:45.727  1287 11881 I power_partial_wake_state: [219,RILJ_ACK_WL:com.android.phone(disabled)]
07-26 17:23:45.767 11421 11458 I STFService: CoreFrequency index: 0 current: 576000 max: 1804800
07-26 17:23:45.770 11421 11458 I STFService: CoreFrequency index: 1 current: 576000 max: 1804800
07-26 17:23:45.773 11421 11458 I STFService: CoreFrequency index: 2 current: 576000 max: 1804800
07-26 17:23:45.777 11421 11458 I STFService: CoreFrequency index: 3 current: 576000 max: 1804800
07-26 17:23:45.781 11421 11458 I STFService: CoreFrequency index: 4 current: 576000 max: 1804800
07-26 17:23:45.784 11421 11458 I STFService: CoreFrequency index: 5 current: 576000 max: 1804800
07-26 17:23:45.792 11421 11458 I STFService: CoreFrequency index: 6 current: 691200 max: 2208000
07-26 17:23:45.801 11421 11458 I STFService: CoreFrequency index: 7 current: 691200 max: 2208000
07-26 17:23:45.949  1287 11881 D InputDispatcher: Inject key (19443/2000): action=0, f=0x0, d=-1, time=710490380000000
07-26 17:23:45.949  1287 11881 D InputManager-JNI: !@interceptKeyBeforeQueueing(0), action=0, interactive=true
07-26 17:23:45.949  1287 11881 D WindowManager: interceptKeyTq interceptKeyResult=1
07-26 17:23:45.949  1287 11881 D PhoneWindowManagerExt: HINT_DEVICE_WAKEUP acquire()
07-26 17:23:45.949  1287 11881 I SemDvfsHyPerManager: acquire hyper - DEVICE_WAKEUP/1287@19, type = -999
07-26 17:23:45.949  1287 11881 D PowerManagerService: [api] wakeUp (uid: 1000 pid: 1287) eventTime = 710490380
07-26 17:23:45.949  1287 11881 D InputManager-JNI: !@handleInterceptActions(0), action=0, wmActions=0
07-26 17:23:45.949  1073  1141 I HYPER-HAL: [RequestManager.cpp]acquire(): Acquired ID : 853490  [1287 / 19]    HINT : DEVICE_WAKEUP    list : 
07-26 17:23:45.950  1287 11881 D InputDispatcher: Inject key (19443/2000): action=1, f=0x0, d=-1, time=710490380000000
07-26 17:23:45.951  1287 11881 D InputManager-JNI: !@interceptKeyBeforeQueueing(0), action=1, interactive=true
07-26 17:23:45.951  1287 11881 D WindowManager: interceptKeyTq interceptKeyResult=1
07-26 17:23:45.951  1287 11881 D PhoneWindowManagerExt: HINT_DEVICE_WAKEUP acquire()
07-26 17:23:45.951  1287 11881 I SemDvfsHyPerManager: acquire hyper - DEVICE_WAKEUP/1287@19, type = -999
07-26 17:23:45.952  1287 11881 D PowerManagerService: [api] wakeUp (uid: 1000 pid: 1287) eventTime = 710490380
07-26 17:23:45.954  1287 11881 D InputManager-JNI: !@handleInterceptActions(0), action=1, wmActions=0
07-26 17:23:45.959  1073  1141 I HYPER-HAL: [ResourceManager.cpp]updateResource(): [CPUMinFreq] UpdateResource Request ID : 853490    Value : 1804800
07-26 17:23:45.960  1073  1141 I HYPER-HAL: [RequestManager.cpp]acquire(): Acquired ID : 853490  [1287 / 19]    HINT : DEVICE_WAKEUP    list : 
07-26 17:23:45.960  1073  1141 I HYPER-HAL: [ResourceManager.cpp]updateResource(): [CPUMinFreq] UpdateResource Request ID : 853490    Value : 1804800
07-26 17:23:46.004   650   650 D io_stats: !@   8,0 r 23311632 457221840 w 4953192 44748820 d 1388593 91304652 f 0 0 iot 19609668 0 th 0 0 0 pt 0 inp 0 0 710490.435
07-26 17:23:46.528 11421 11421 E STFService: getNetworkProperties: Location fine denied
07-26 17:23:46.763  1287 11881 D InputDispatcher: Inject key (19449/2000): action=0, f=0x0, d=-1, time=710491194000000
07-26 17:23:46.763  1287 11881 D InputManager-JNI: !@interceptKeyBeforeQueueing(0), action=0, interactive=true
07-26 17:23:46.763  1287 11881 D WindowManager: interceptKeyTq keycode=3 interactive=true keyguardActive=false policyFlags=2b000000
07-26 17:23:46.763  1287 11881 D PhoneWindowManagerExt: interceptKeyTq code=3 down=true repeatCount=0 displayId=-1 interactive=true
07-26 17:23:46.763  1287 11881 D WindowManager: interceptKeyTq interceptKeyResult=1
07-26 17:23:46.763  1287 11881 D InputManager-JNI: !@handleInterceptActions(0), action=0, wmActions=1
07-26 17:23:46.764  1287  2079 D WindowManager: interceptKeyTi keyCode=3 down=true repeatCount=0 keyguardOn=false canceled=false
07-26 17:23:46.764  1287  2079 D PhoneWindowManagerExt: interceptKeyTi code=3 down=true repeatCount=0 displayId=-1 interactive=true
07-26 17:23:46.765  1287 11881 D InputDispatcher: Inject key (19449/2000): action=1, f=0x0, d=-1, time=710491194000000
07-26 17:23:46.765  1287 11881 D InputManager-JNI: !@interceptKeyBeforeQueueing(0), action=1, interactive=true
07-26 17:23:46.765  1287 11881 D WindowManager: interceptKeyTq keycode=3 interactive=true keyguardActive=false policyFlags=2b000000
07-26 17:23:46.766  1287 11881 D PhoneWindowManagerExt: interceptKeyTq code=3 down=false repeatCount=0 displayId=-1 interactive=true
07-26 17:23:46.766  1287 11881 D WindowManager: interceptKeyTq interceptKeyResult=1
07-26 17:23:46.766  1287 11881 D InputManager-JNI: !@handleInterceptActions(0), action=1, wmActions=1
07-26 17:23:46.766  1287  2079 D WindowManager: interceptKeyTi keyCode=3 down=false repeatCount=0 keyguardOn=false canceled=false
07-26 17:23:46.766  1287  2079 D PhoneWindowManagerExt: interceptKeyTi code=3 down=false repeatCount=0 displayId=-1 interactive=true
07-26 17:23:46.773  2289  2289 V ShadeControllerImpl: NotificationShadeWindow: com.android.systemui.statusbar.phone.NotificationShadeWindowView{d6fbe8 I.E...... ......ID 0,0-1080,2408} canPanelBeCollapsed(): false
07-26 17:23:46.773  2289  2289 D LocationControllerImpl: onReceive() = android.intent.action.CLOSE_SYSTEM_DIALOGS
07-26 17:23:46.773  2289  2289 D QSMoreButton: action:android.intent.action.CLOSE_SYSTEM_DIALOGS
07-26 17:23:46.774  2289  2289 D PopupUI.PopupUI: PopupUIReceiver.onReceive() action : android.intent.action.CLOSE_SYSTEM_DIALOGS
07-26 17:23:46.774  2289  2289 D SecVolume.SecVolumeStore: dispatch [ACTION_DISMISS_REQUESTED] with [STATE_NO_DISPATCH]
07-26 17:23:46.774  2289  2289 D SecVolume.SecVolumeStore:   > New State : [STATE_NO_DISPATCH]
07-26 17:23:46.775  1287  1702 D PowerManagerService: [api] userActivity : event: 0 flags: 0 (uid: 1000 pid: 1287) <- requestAwakenInternal() in com.android.server.dreams.DreamManagerService:240 eventTime = 710491206 displayId = 0
07-26 17:23:46.776  1287  1702 I SemDvfsHyPerManager: acquire hyper - AMS_APP_HOME/1287@29, type = -999
07-26 17:23:46.776  1073  1141 I HYPER-HAL: [RequestManager.cpp]acquire(): Acquired ID : 866615  [1287 / 29]    HINT : AMS_APP_HOME    list : 
07-26 17:23:46.778  4015  4015 I SemDvfsHyPerManager: acquire hyper - APP_START_SHORT/4015@14, type = -999
07-26 17:23:46.780  1073  1141 I HYPER-HAL: [ResourceManager.cpp]updateResource(): [CPUMinFreq] UpdateResource Request ID : 866615    Value : 2208000
07-26 17:23:46.780  1073  1141 I HYPER-HAL: [RequestManager.cpp]acquire(): Acquired ID : 8118449  [4015 / 14]    HINT : APP_START    list : [TIMEOUT / 1500] 
07-26 17:23:46.781  1287  1702 D ActivityManagerPerformance: AMP_acquire() HOME
07-26 17:23:46.781  1287  1702 D PhoneWindowManagerExt: startDockOrHome
07-26 17:23:46.782  1287  1702 D WindowManager: startDockOrHome: startReason= startDockOrHome
07-26 17:23:46.782  1287  2092 V InputMethodManagerService: hideCurrentInputLocked : canceled, shouldHideSoftInput=false, mInputShown=false, mImeWindowVis=0
07-26 17:23:46.782  1287  2092 I InputMethodBindingController: setCurrentMethodNotVisible: mVisibleBound=false, mHasConnection=true, caller = com.android.server.inputmethod.InputMethodManagerService.hideCurrentInputLocked:4320 com.android.server.inputmethod.InputMethodManagerService.handleMessage:5615 android.os.Handler.dispatchMessage:102 android.os.Looper.loopOnce:226 android.os.Looper.loop:313 android.os.HandlerThread.run:67 com.android.server.ServiceThread.run:44 <bottom of call stack> <bottom of call stack> <bottom of call stack> 
07-26 17:23:46.782  1073  1141 I HYPER-HAL: [ResourceManager.cpp]updateResource(): [CPUMaxFreq] UpdateResource Request ID : 8118449    Value : 2208000
07-26 17:23:46.785  1287  1702 D ActivityTaskManager: SafeActivityOptions created, mOriginalCallingPid=1287, mOriginalCallingUid=1000, options=ActivityOptions(262933264), mPackageName=null, mAnimationType=-1, mStartX=0, mStartY=0, mWidth=0, mHeight=0, caller=com.android.server.wm.SafeActivityOptions.fromBundle:82 com.android.server.wm.ActivityStarter.setActivityOptions:4594 com.android.server.wm.ActivityStartController.startHomeActivity:216 com.android.server.wm.RootWindowContainer.startHomeOnTaskDisplayArea:1832 com.android.server.wm.RootWindowContainer.lambda$startHomeOnDisplay$13:1722 com.android.server.wm.RootWindowContainer.$r8$lambda$AJ98l6Vu0VhEpmfv30jgOxfPyik:0 com.android.server.wm.RootWindowContainer$$ExternalSyntheticLambda46.apply:18 
07-26 17:23:46.786  1287  1702 I ActivityTaskManager: START u0 {act=android.intent.action.MAIN cat=[android.intent.category.HOME] flg=0x10000100 cmp=com.sec.android.app.launcher/.activities.LauncherActivity (has extras)} from uid 0
07-26 17:23:46.789  1287  1702 I Pageboost: moveTaskToFront : 10118:com.sec.android.app.launcher.activities.LauncherActivity
07-26 17:23:46.789  1287  1702 I wm_task_moved: [1,1,7]
07-26 17:23:46.789  3271  3271 E pageboostd: Received HALT command code 2
07-26 17:23:46.790  1287  1702 I wm_task_moved: [25,1,2147483647]
07-26 17:23:46.790  1515  1515 I wm_on_top_resumed_lost_called: [232920669,com.sec.android.RilServiceModeApp.ServiceModeApp,topStateChangedWhenResumed]
07-26 17:23:46.790  1287  1702 I wm_task_to_front: [0,25]
07-26 17:23:46.791  1287  1702 I wm_focused_root_task: [0,0,1,8386,bringingFoundTaskToFront]
07-26 17:23:46.791  1287  1702 D InputDispatcher: Focused application(0): ActivityRecord{937c375 u0 com.sec.android.app.launcher/.activities.LauncherActivity} t25}
07-26 17:23:46.793  1287  1702 V WindowManager: Changing focus from Window{8883ce7 u0 com.sec.android.RilServiceModeApp/com.sec.android.RilServiceModeApp.ServiceModeApp} to null displayId=0 Callers=com.android.server.wm.RootWindowContainer.updateFocusedWindowLocked:585 com.android.server.wm.WindowManagerService.updateFocusedWindowLocked:6715 com.android.server.wm.ActivityTaskManagerService.setResumedActivityUncheckLocked:5708 com.android.server.wm.ActivityRecord.moveFocusableActivityToTop:3831 
07-26 17:23:46.793  1287  1702 D StatusBarManagerService: notifyRequestedSystemKey recent=false home=false
07-26 17:23:46.794  1287  1702 D SGM:FgCheckThread: TaskStackListener.onTaskFocusChanged(), taskId=8386, focused=false
07-26 17:23:46.794  1287  1702 D SGM:FgCheckThread: TaskStackListener.onTaskFocusChanged(), taskId=25, focused=true
07-26 17:23:46.794  1287  1702 D SGM:FgCheckThread:   sendRunningComponentFocus(), pkgName: com.sec.android.app.launcher, userId: 0
07-26 17:23:46.794  1287  2094 D SGM:FgCheckThread: onLooperPrepared(), msg: MSG_TASK_FOCUSED, pkgName: com.sec.android.app.launcher, userId: 0
07-26 17:23:46.794  1287  2094 D SGM:FgCheckThread: handleTaskFocused().
07-26 17:23:46.794  1287  2094 D SGM:FgCheckThread: sendFocusOutConditionally() - mPrevNotiPkg: (unknown), userId: 0
07-26 17:23:46.795  1287  2094 D SGM:FgCheckThread:   handleTaskFocused(), pkgName: com.sec.android.app.launcher, userID:0 mResumedPkgMap does not containsKey.
07-26 17:23:46.795  1287  1702 I wm_set_resumed_activity: [0,com.sec.android.app.launcher/.activities.LauncherActivity,bringingFoundTaskToFront]
07-26 17:23:46.795  1287  1702 W WindowManager: Prepare app transition: mNextAppTransitionRequests=[TRANSIT_TO_FRONT], mNextAppTransitionFlags=, displayId: 0 Callers=com.android.server.wm.DisplayContent.prepareAppTransition:6376 com.android.server.wm.DisplayContent.prepareAppTransition:6367 com.android.server.wm.Task.updateTransitLocked:6862 com.android.server.wm.Task.moveTaskToFront:6960 com.android.server.wm.ActivityStarter.setTargetRootTaskIfNeeded:4110 
07-26 17:23:46.796  1287  1702 I wm_new_intent: [0,154649461,25,com.sec.android.app.launcher/.activities.LauncherActivity,android.intent.action.MAIN,NULL,NULL,268435712]
07-26 17:23:46.796  1287  1702 V WindowManager: Checking theme of starting window: 0x7f130015
07-26 17:23:46.796  1287  1702 V WindowManager: Translucent=false Floating=false ShowWallpaper=true Disable=false
07-26 17:23:46.796  1287  1702 I wm_pause_activity: [0,232920669,com.sec.android.RilServiceModeApp/.ServiceModeApp,userLeaving=true,pauseBackTasks]
07-26 17:23:46.797  1287  1702 I wm_add_to_stopping: [0,232920669,com.sec.android.RilServiceModeApp/.ServiceModeApp,makeInvisible]
07-26 17:23:46.798  1287  1702 V MARsPolicyManager: Current Home Package com.sec.android.app.launcher Resumed
07-26 17:23:46.798  1287  1702 D MARsPolicyManager: onPackageResumedFG pkgName = com.sec.android.app.launcher, userId = 0
07-26 17:23:46.798  1287  1701 I sysui_multi_action: [757,803,799,window_time_0,802,32]
07-26 17:23:46.798  1287  1702 W WindowManager: Prepare app transition: mNextAppTransitionRequests=[TRANSIT_TO_FRONT, TRANSIT_OPEN], mNextAppTransitionFlags=, displayId: 0 Callers=com.android.server.wm.DisplayContent.prepareAppTransition:6376 com.android.server.wm.DisplayContent.prepareAppTransition:6367 com.android.server.wm.TaskFragment.resumeTopActivity:1538 com.android.server.wm.TaskFragment.resumeTopActivity:1285 com.android.server.wm.Task.resumeTopActivityInnerLocked:6312 
07-26 17:23:46.799  1287  1702 V WindowManager: Setting visibility of Window{66a3f3 u0 com.sec.android.app.launcher/com.sec.android.app.launcher.activities.LauncherActivity}: true, caller=com.android.server.wm.WindowContainer.sendAppVisibilityToClients:1236 com.android.server.wm.WindowToken.setClientVisible:431 com.android.server.wm.ActivityRecord.setClientVisible:7565 com.android.server.wm.ActivityRecord.setVisibility:5985 com.android.server.wm.ActivityRecord.setVisibility:5889 
07-26 17:23:46.799  1287  1702 I wm_set_resumed_activity: [0,com.sec.android.app.launcher/.activities.LauncherActivity,resumeTopActivity]
07-26 17:23:46.799  2736  2736 I ViewRootImpl@6c36a52[LauncherActivity]: handleAppVisibility mAppVisible = false visible = true
07-26 17:23:46.799  1287  1702 V WindowManager: rotationForOrientation(orient=SCREEN_ORIENTATION_NOSENSOR (5), last=ROTATION_0 (0)); user=ROTATION_0 (0) USER_ROTATION_LOCKED
07-26 17:23:46.799  1287  1702 D WindowManager: rotationForOrientation, orientationSource=ActivityRecord{937c375 u0 com.sec.android.app.launcher/.activities.LauncherActivity} t25}
07-26 17:23:46.799  1287  1702 V WindowManager: Computed rotation=ROTATION_0 (0) for display id=0 based on lastOrientation=SCREEN_ORIENTATION_NOSENSOR (5) and oldRotation=ROTATION_0 (0), caller=com.android.server.wm.DisplayRotation.updateOrientation:414 com.android.server.wm.DisplayContent.updateOrientation:1971 com.android.server.wm.DisplayContent.updateOrientation:1872 com.android.server.wm.RootWindowContainer.ensureVisibilityAndConfig:2125 com.android.server.wm.TaskFragment.resumeTopActivity:1607 com.android.server.wm.TaskFragment.resumeTopActivity:1285 
07-26 17:23:46.802  1287  1702 D TspStateManager: updateCustomValue customSetting=
07-26 17:23:46.802  1287  1702 D TspStateManager: updateCustomValue customSetting=
07-26 17:23:46.802  1287  1702 I wm_resume_activity: [0,154649461,25,com.sec.android.app.launcher/.activities.LauncherActivity]
07-26 17:23:46.803  1287  1702 W WindowManager: Execute app transition: mNextAppTransitionRequests=[TRANSIT_TO_FRONT, TRANSIT_OPEN], mNextAppTransitionFlags=, displayId: 0 Callers=com.android.server.wm.RootWindowContainer.executeAppTransitionForAllDisplay:2566 com.android.server.wm.ActivityTaskSupervisor.reportResumedActivityLocked:2218 com.android.server.wm.ActivityRecord.completeResumeLocked:6879 com.android.server.wm.TaskFragment.resumeTopActivity:1698 com.android.server.wm.TaskFragment.resumeTopActivity:1285 
07-26 17:23:46.803  2736  2736 I ViewRootImpl@6c36a52[LauncherActivity]: stopped(false) old = true
07-26 17:23:46.803  1287  1702 D WindowManagerServiceExt: notifyOccludeChangeNotice: reset
07-26 17:23:46.804  2736  2736 I wm_on_restart_called: [154649461,com.sec.android.app.launcher.activities.LauncherActivity,performRestartActivity]
07-26 17:23:46.804  2736  2736 I Launcher: !@Boot_DEBUG: Launcher.onStart()
07-26 17:23:46.804  2736  2736 I Launcher: !@Boot_EBS_D: Launcher.onStart()
07-26 17:23:46.804  2736  2736 I BaseActivity: addActivityFlags, flags : 1
07-26 17:23:46.804  2736  2736 W LauncherAppWidgetHost: setShouldListenFlag, mFlags:2 flag:start on:true isFront:false
07-26 17:23:46.805  2736  2736 W Launcher: onStart isListening : false isLoading false
07-26 17:23:46.805  2736  2736 I wm_on_start_called: [154649461,com.sec.android.app.launcher.activities.LauncherActivity,handleStartActivity]
07-26 17:23:46.805  1287  1702 I SemDvfsHyPerManager: acquire hyper - AMS_APP_LAUNCH/1287@15, type = -999
07-26 17:23:46.807  1515  1515 I ModemServiceMode: onPause occur
07-26 17:23:46.807  1287  1707 I input_focus: [Requesting to set focus to null window,reason=UpdateInputWindows]
07-26 17:23:46.807  1287 11881 D PowerManagerService: [api] release WakeLock SCREEN_DIM_WAKE_LOCK           'svcModeApp' ON_AFTER_RELEASE ACQ=-31s709ms (uid=1000 pid=1515 displayId=-1)
07-26 17:23:46.808  1287 11881 D EdgeLightingManager: hideForWakeLock packageName=com.sec.android.RilServiceModeApp
07-26 17:23:46.808  1287 11881 D EdgeLightingManager: hideForWakeLock is no more used
07-26 17:23:46.808  1287 11881 D PowerManagerService: [api] applyWakeLockFlagsOnReleaseLocked : userActivityNoUpdateLocked is called : SCREEN_DIM_WAKE_LOCK           'svcModeApp' ON_AFTER_RELEASE DISABLED (uid=1000 pid=1515 displayId=-1)
07-26 17:23:46.808  1515  1515 I ModemServiceMode: End Service Mode !
07-26 17:23:46.808  1515  1515 I wm_on_paused_called: [232920669,com.sec.android.RilServiceModeApp.ServiceModeApp,performPause]
07-26 17:23:46.808  2736  2736 I MSHandlerLifeCycle: removeMultiSplitHandler: no exist. decor=DecorView@8a79f3a[LauncherActivity]
07-26 17:23:46.809  2736  2736 I Launcher: onNewIntent, isActionMain : true internalStateHandled : false shouldMoveToDefaultScreen : false false
07-26 17:23:46.809  2736  2736 I OverviewCommandHelper: clearPendingCommands
07-26 17:23:46.809  2736  3017 I IMM_LC  : hsifw() - flag : 0
07-26 17:23:46.809  2736  3017 I IMM_LC  : hsifw() - mService.hideSoftInput
07-26 17:23:46.809  2736  2736 I ViewRootImpl@6c36a52[LauncherActivity]: stopped(false) old = false
07-26 17:23:46.809  2736  2736 I Launcher: !@Boot_DEBUG: Launcher.onResume()
07-26 17:23:46.810  2736  2736 I Launcher: !@Boot_EBS_D: Launcher.onResume()
07-26 17:23:46.810  2736  2736 I BaseActivity: addActivityFlags, flags : 18
07-26 17:23:46.810  2736  2736 I BaseActivity: removeActivityFlags, flags : 32
07-26 17:23:46.810  1287  1319 D InputMethodManagerService: hideSoftInput
07-26 17:23:46.810  2736  2736 I AppsSearchBar: restoreCurrentCellLayoutAlpha: null
07-26 17:23:46.810  2736  2736 W SearchLauncherServiceMover: isMoving : false
07-26 17:23:46.810  1287  1287 I CocktailBarManagerServiceContainer: handleMessage: entry what = 6
07-26 17:23:46.810  1287  1287 I CocktailBarManagerServiceImpl: notePauseComponent : no active host
07-26 17:23:46.810  2736  2736 I DecorView: notifyKeepScreenOnChanged: keepScreenOn=false
07-26 17:23:46.811  1287  1706 D SGM:FgCheckThread: notePauseComponent(), received pkgName: com.sec.android.RilServiceModeApp, userId: 0
07-26 17:23:46.811  2736  6469 I Launcher: DisplayMetrics from Resources : DisplayMetrics{density=2.8125, width=1080, height=2208, scaledDensity=2.8125, xdpi=403.411, ydpi=402.389}
07-26 17:23:46.812  1287  1319 W InputMethodManagerService: Ignoring hideSoftInput of uid 10118: com.android.internal.view.IInputMethodClient$Stub$Proxy@eefca4b
07-26 17:23:46.812  2736  6469 I Launcher: realMetrics from Wm : DisplayMetrics{density=2.8125, width=1080, height=2408, scaledDensity=2.8125, xdpi=403.411, ydpi=402.389}
07-26 17:23:46.812  2736  6469 I Launcher: DeviceProfile, isLand : false, isMultiWin :false, availableWidthPx : 1080, availableHeightPx : 2273
07-26 17:23:46.813  1287  1706 I GameSDK@LifeCycle: noteResumeComponent(): package name  : com.sec.android.app.launcher
07-26 17:23:46.815  1960  1971 D Multi-Client: OemClient::ProcessBuffer() from [xxx], token[21], datalen[6]
07-26 17:23:46.815  1163  1163 I SurfaceFlinger: [8883ce7 com.sec.android.RilServiceModeApp/com.sec.android.RilServiceModeApp.ServiceModeApp#210753] FrameRatePriority: -1
07-26 17:23:46.815  1287  8046 I AppOps  : updateUidProcState uid: 10213 procState: 3 capability:15
07-26 17:23:46.816  1287  1287 I CocktailBarManagerServiceContainer: handleMessage: entry what = 5
07-26 17:23:46.816  1287  1287 I CocktailBarManagerServiceImpl: noteResumeComponent : no active host
07-26 17:23:46.816  1287  8046 I AppOps  : updateUidProcState uid: 10211 procState: 3 capability:15
07-26 17:23:46.816  1287  8046 I ActivityManager: Changes in 10118 5 to 2, 8 to 15
07-26 17:23:46.816  1287  8046 I AppOps  : updateUidProcState uid: 10118 procState: 2 capability:15
07-26 17:23:46.817  1287  8046 I AppOps  : commitUidPendingStateLocked() :: UID - 10118, 500 > 200, 8 > 15
07-26 17:23:46.817  2736  2736 I Launcher: setWallpaperOffsets
07-26 17:23:46.817  2736  2736 I wm_on_resume_called: [154649461,com.sec.android.app.launcher.activities.LauncherActivity,RESUME_ACTIVITY]
07-26 17:23:46.817  2736  2736 I DecorView: notifyKeepScreenOnChanged: keepScreenOn=false
07-26 17:23:46.817  1287  1319 D InputDispatcher: Focus left window (0): 8883ce7 com.sec.android.RilServiceModeApp/com.sec.android.RilServiceModeApp.ServiceModeApp
07-26 17:23:46.818  2736  2736 I MSHandlerLifeCycle: removeMultiSplitHandler: no exist. decor=DecorView@8a79f3a[LauncherActivity]
07-26 17:23:46.818  2736  2736 I BaseActivity: addActivityFlags, flags : 4
07-26 17:23:46.818  2736  2736 I Launcher: onDeferredResumed
07-26 17:23:46.818  2736  2736 I InstallShortcutReceiver: flushInstallQueue 0
07-26 17:23:46.818  2736  2736 I Launcher.NotificationListener: registerObserver this is not notificationService!!
07-26 17:23:46.818  2736  2736 I Launcher.NotificationListener: onNotificationFullRefresh
07-26 17:23:46.818  2736  2736 I BadgeCountUpdaterImpl: onNotificationsChangedConnected
07-26 17:23:46.818  2736  2736 W LauncherAppWidgetHost: setShouldListenFlag, mFlags:6 flag:resume on:true isFront:false
