11-29 07:35:19.846  18143  22296 W igation.testap: Accessing hidden method Lsun/misc/Unsafe;->putInt(Ljava/lang/Object;JI)V (greylist, linking, allowed)
11-29 07:35:19.846  18143  22296 W igation.testap: Accessing hidden method Lsun/misc/Unsafe;->putObject(Ljava/lang/Object;JLjava/lang/Object;)V (greylist, linking, allowed)
11-29 07:35:19.846  18143  22296 W igation.testap: Accessing hidden method Lsun/misc/Unsafe;->getObject(Ljava/lang/Object;J)Ljava/lang/Object; (greylist, linking, allowed)
11-29 07:35:19.858  2362  2362 D ServiceStateProvider: subId=5
11-29 07:35:19.879  24515  24515 E dumpstate: can't find the pid

11-29 07:35:19.879  24515  24515 E dumpstate: Failed to find: /data/misc/anrd/

11-29 07:35:19.894  2362  13985 D PhoneInterfaceManager: [PhoneIntfMgr] getCellLocation: is active user
11-29 07:35:19.908  831  931 W DisplayIdentification: Invalid EDID: falling back to serial number due to missing display name.
11-29 07:35:19.908  831  931 W DisplayIdentification: Invalid EDID: falling back to ASCII text due to missing serial number.
11-29 07:35:19.908  770  770 I SDM: HWCDisplay::GetColorModeCount: Supported color mode count = 1
11-29 07:35:19.909  770  770 I SDM: HWCDisplay::GetColorModes: Color mode = 0 is supported
11-29 07:35:19.931  1396  1574 I haohaov: [HMDenterprise broadcastIntentLocked] intent=Intent { act=android.intent.action.DROPBOX_ENTRY_ADDED (has extras) }
11-29 07:35:19.933  1396  1590 W BroadcastQueue: Background execution not allowed: receiving Intent { act=android.intent.action.DROPBOX_ENTRY_ADDED flg=0x10 (has extras) } to com.google.android.gms/.stats.service.DropBoxEntryAddedReceiver
11-29 07:35:19.933  1396  1590 W BroadcastQueue: Background execution not allowed: receiving Intent { act=android.intent.action.DROPBOX_ENTRY_ADDED flg=0x10 (has extras) } to com.google.android.gms/.chimera.GmsIntentOperationService$PersistentTrustedReceiver
11-29 07:35:19.941  770  906 I SDM: CompManager::ProcessIdleTimeout: QIPL idle time
11-29 07:35:19.946  2754  24062 E AbstractGmsTracer: Traced class shouldn't be obfuscated: PersistentReceiverIntentOperation [CONTEXT service_id=259 ]

11-29 07:35:19.950  2754  2754 E AbstractGmsTracer: Traced class shouldn't be obfuscated: Receiver [CONTEXT service_id=259 ]

11-29 07:35:19.957  1396  5245 D CompatibilityInfo: mCompatibilityFlags - 0
11-29 07:35:19.957  1396  5245 D CompatibilityInfo: applicationDensity - 280
11-29 07:35:19.957  1396  5245 D CompatibilityInfo: applicationScale - 1.0
11-29 07:35:19.960  2754  2754 E AbstractGmsTracer: Traced class shouldn't be obfuscated: PersistentTrustedChimeraReceiver [CONTEXT service_id=259 ]

11-29 07:35:19.965  777  777 I /vendor/bin/hw/vendor.qti.hardware.servicetracker@1.1-service: startService() is called for servicecom.google.android.gms/.stats.service.DropBoxEntryAddedService
11-29 07:35:19.987  3288  24500 E AbstractGmsTracer: Traced class shouldn't be obfuscated: SnetDropBoxIntentOperation [CONTEXT service_id=259 ]

11-29 07:35:19.994  2754  2754 E AbstractGmsTracer: Traced class shouldn't be obfuscated: DropBoxEntryAddedChimeraService [CONTEXT service_id=259 ]

11-29 07:35:19.994  2754  2754 E AbstractGmsTracer: Traced class shouldn't be obfuscated: DropBoxEntryAddedChimeraService [CONTEXT service_id=259 ]

11-29 07:35:20.011  2754  24062 E AbstractGmsTracer: Traced class shouldn't be obfuscated: DropboxEntryAddedOperation [CONTEXT service_id=259 ]

11-29 07:35:20.060  2362  13985 D PhoneInterfaceManager: [PhoneIntfMgr] getLine1NumberForDisplay returning null
11-29 07:35:20.064  1396  5235 W DevicePolicyManager: Package com.gyokovsolutions.gnettracklite (uid=10176, pid=16892) cannot access Device IDs
11-29 07:35:20.065  777  777 I /vendor/bin/hw/vendor.qti.hardware.servicetracker@1.1-service: destroyService is called for service : com.google.android.gms/.stats.service.DropBoxEntryAddedService
11-29 07:35:20.065  2362  13985 W TelephonyPermissions: reportAccessDeniedToReadIdentifiers:com.gyokovsolutions.gnettracklite:getSubscriberId:isPreinstalled=false:isPrivApp=false
11-29 07:35:20.083  18143  22296 W igation.testap: Accessing hidden method Lsun/misc/Unsafe;->getInt(Ljava/lang/Object;J)I (greylist, linking, allowed)
11-29 07:35:20.083  18143  22296 W igation.testap: Accessing hidden method Lsun/misc/Unsafe;->getObject(Ljava/lang/Object;J)Ljava/lang/Object; (greylist, linking, allowed)
11-29 07:35:20.123  2754  5006 I FusedLocation: location delivery to 10125/com.google.android.gms[.location_base]/b111ad5c blocked - too fast [CONTEXT service_id=6 ]

11-29 07:35:20.123  2754  5006 I FusedLocation: location delivery to 10175/com.zihua.android.mytracks/837233a blocked - too fast [CONTEXT service_id=6 ]

11-29 07:35:20.124  2754  5006 I FusedLocation: location delivery to 10201/jp.co.cyberagent.stf/8bc2f8c5 blocked - too fast [CONTEXT service_id=6 ]

11-29 07:35:20.126  18143  22296 W igation.testap: Accessing hidden method Lsun/misc/Unsafe;->getObject(Ljava/lang/Object;J)Ljava/lang/Object; (greylist, linking, allowed)
11-29 07:35:20.126  18143  22296 W igation.testap: Accessing hidden method Lsun/misc/Unsafe;->putObject(Ljava/lang/Object;JLjava/lang/Object;)V (greylist, linking, allowed)
11-29 07:35:20.126  18143  22296 W igation.testap: Accessing hidden method Lsun/misc/Unsafe;->getInt(Ljava/lang/Object;J)I (greylist, linking, allowed)
11-29 07:35:20.127  18143  22296 W igation.testap: Accessing hidden method Lsun/misc/Unsafe;->putInt(Ljava/lang/Object;JI)V (greylist, linking, allowed)
11-29 07:35:20.127  18143  22296 W igation.testap: Accessing hidden method Lsun/misc/Unsafe;->compareAndSwapObject(Ljava/lang/Object;JLjava/lang/Object;Ljava/lang/Object;)Z (greylist, linking, allowed)
11-29 07:35:20.128  18143  22296 W igation.testap: Accessing hidden method Lsun/misc/Unsafe;->getLong(Ljava/lang/Object;J)J (greylist,core-platform-api, linking, allowed)
11-29 07:35:20.129  18143  22296 I native: I0000 00:00:1701243320.129715   22296 map-location-tracker.cc:414] MapLocationTracker called with 14 existing on-segment hypotheses, 0 existing off-segment hypotheses, 4 queued observations at time 7136735.

11-29 07:35:20.180  760  760 I sensors-hal: flush:260, android.sensor.gravity/91
11-29 07:35:20.180  760  760 I sensors-hal: flush:268, android.sensor.gravity/91 completed
11-29 07:35:20.181  760  760 I sensors-hal: flush:260, android.sensor.linear_acceleration/101
11-29 07:35:20.181  760  760 I sensors-hal: flush:268, android.sensor.linear_acceleration/101 completed
11-29 07:35:20.181  760  760 I sensors-hal: flush:260, android.sensor.gyroscope_uncalibrated/161
11-29 07:35:20.182  760  760 I sensors-hal: flush:268, android.sensor.gyroscope_uncalibrated/161 completed
11-29 07:35:20.182  18143  22267 W igation.testap: Accessing hidden method Lsun/misc/Unsafe;->compareAndSwapObject(Ljava/lang/Object;JLjava/lang/Object;Ljava/lang/Object;)Z (greylist, linking, allowed)
11-29 07:35:20.183  18143  22296 I native: I0000 00:00:1701243320.182662   22296 map-location-tracker.cc:845] time_ms: 7136735 MapTrackingResult[lat/lng=17.4470914,78.3778180 speed=11.18 bearing=38.98 alti=nanm, on_road=1 in_startup_confusion=0 posn_acc=4.30 spd_acc=1.86 bear_acc=38.54 alti_acc=inf segment=Hitech City Main Rd:0xE5CB69987C31510C:0x5:[17.4469750,78.3777399 17.4m 33°, r-58.3m]x11m->1/1#[σ 5.00m 17.2°] meters_on_segment=15.39 across: nan off_mode_probability=1.00 {level=unknown} [nmm loc] ]

11-29 07:35:20.189  18143  22296 W igation.testap: Accessing hidden method Lsun/misc/Unsafe;->getInt(Ljava/lang/Object;J)I (greylist, linking, allowed)
11-29 07:35:20.189  18143  22296 W igation.testap: Accessing hidden method Lsun/misc/Unsafe;->putInt(Ljava/lang/Object;JI)V (greylist, linking, allowed)
11-29 07:35:20.189  18143  22296 W igation.testap: Accessing hidden method Lsun/misc/Unsafe;->getObject(Ljava/lang/Object;J)Ljava/lang/Object; (greylist, linking, allowed)
11-29 07:35:20.190  18143  22296 W igation.testap: Accessing hidden method Lsun/misc/Unsafe;->putObject(Ljava/lang/Object;JLjava/lang/Object;)V (greylist, linking, allowed)
11-29 07:35:20.194  18143  22296 W igation.testap: Accessing hidden method Lsun/misc/Unsafe;->putLong(Ljava/lang/Object;JJ)V (greylist, linking, allowed)
11-29 07:35:20.199  2151  2151 D NavigationModeController: assetPaths=
11-29 07:35:20.200  2151  2151 D NavigationModeController:     /system/framework/framework-res.apk
11-29 07:35:20.200  2151  2151 D NavigationModeController:     /product/overlay/GmsConfigOverlay.apk
11-29 07:35:20.200  2151  2151 D NavigationModeController:     /product/overlay/GmsGsaConfigOverlay.apk
11-29 07:35:20.200  2151  2151 D NavigationModeController:     /product/overlay/GoogleExtServicesConfigOverlay.apk
11-29 07:35:20.200  2151  2151 D NavigationModeController:     /product/overlay/GooglePermissionControllerFrameworkOverlay.apk
11-29 07:35:20.200  2151  2151 D NavigationModeController:     /product/overlay/ModuleMetadataGoogleOverlay.apk
11-29 07:35:20.200  2151  2151 D NavigationModeController:     /product/overlay/SearchLauncherConfigOverlay.apk
11-29 07:35:20.200  2151  2151 D NavigationModeController:     /vendor/overlay/FrameworksResCommon.apk
11-29 07:35:20.200  2151  2151 D NavigationModeController:     /product/overlay/FrameworksResCommonQva.apk
11-29 07:35:20.200  2151  2151 D NavigationModeController:     /vendor/overlay/FrameworksResTarget.apk
11-29 07:35:20.200  2151  2151 D NavigationModeController:     /product/priv-app/SystemUI/SystemUI.apk
11-29 07:35:20.200  2151  2151 D NavigationModeController:     /product/overlay/NavigationBarModeGestural/NavigationBarModeGesturalOverlay.apk
11-29 07:35:20.200  2151  2151 D NavigationModeController:     /product/overlay/IconShapeCircle/IconShapeCircleOverlay.apk
11-29 07:35:20.200  2151  2151 D NavigationModeController:     /vendor/overlay/SystemUIResCommon.apk
11-29 07:35:20.201  18143  22295 W igation.testap: Accessing hidden method Lsun/misc/Unsafe;->getObject(Ljava/lang/Object;J)Ljava/lang/Object; (greylist, linking, allowed)
11-29 07:35:20.202  18143  22296 I native: I0000 00:00:1701243320.202210   22296 patchwork-snaptile-integrator.cc:533] DoFollowUpWork: 6 tiles currently loaded.

11-29 07:35:20.203  18143  22296 W igation.testap: Accessing hidden method Lsun/misc/Unsafe;->putObject(Ljava/lang/Object;JLjava/lang/Object;)V (greylist, linking, allowed)
11-29 07:35:20.207  18143  22295 I native: I0000 00:00:1701243320.206795   22295 guider.cc:320] [NAV][OnLocationChanged] : (38) (routes: *38=0.999862, 45=0.999862, 46=0.999862) 923.964m (next: 422.321m) speed: 11.1843m/s

11-29 07:35:20.208  18143  18167 W igation.testap: Accessing hidden method Lsun/misc/Unsafe;->putObject(Ljava/lang/Object;JLjava/lang/Object;)V (greylist, linking, allowed)
11-29 07:35:20.209  18143  18167 W igation.testap: Accessing hidden method Lsun/misc/Unsafe;->putInt(Ljava/lang/Object;JI)V (greylist, linking, allowed)
11-29 07:35:20.211  18143  18167 W igation.testap: Accessing hidden method Lsun/misc/Unsafe;->putObject(Ljava/lang/Object;JLjava/lang/Object;)V (greylist, linking, allowed)
11-29 07:35:20.211  18143  18167 W igation.testap: Accessing hidden method Lsun/misc/Unsafe;->putInt(Ljava/lang/Object;JI)V (greylist, linking, allowed)
11-29 07:35:20.218  18143  18173 W igation.testap: Accessing hidden method Lsun/misc/Unsafe;->putObject(Ljava/lang/Object;JLjava/lang/Object;)V (greylist, linking, allowed)
11-29 07:35:20.218  18143  18173 W igation.testap: Accessing hidden method Lsun/misc/Unsafe;->putInt(Ljava/lang/Object;JI)V (greylist, linking, allowed)
11-29 07:35:20.223  18143  22295 W igation.testap: Accessing hidden method Lsun/misc/Unsafe;->putInt(Ljava/lang/Object;JI)V (greylist, linking, allowed)
11-29 07:35:20.224  18143  22295 W igation.testap: Accessing hidden method Lsun/misc/Unsafe;->putLong(Ljava/lang/Object;JJ)V (greylist, linking, allowed)
11-29 07:35:20.229  18143  22295 W igation.testap: Accessing hidden method Lsun/misc/Unsafe;->compareAndSwapObject(Ljava/lang/Object;JLjava/lang/Object;Ljava/lang/Object;)Z (greylist, linking, allowed)
11-29 07:35:20.271  2151  2151 W BluetoothPan: Proxy not attached to service
11-29 07:35:20.271  2151  2151 D BluetoothSap: getConnectionState(18:AB:1D:FA:D6:9A)
11-29 07:35:20.271  2151  2151 W BluetoothSap: Proxy not attached to service
11-29 07:35:20.279  24534  24534 D nxpnfc@1.2-service: Registering NFC HALIMPL Service v1.2...
11-29 07:35:20.279  24534  24534 D nxpnfc@1.2-service: NFC HAL Service is not ready beacuse this device not support nfc
11-29 07:35:20.297  17732  17769 I STFService: CoreFrequency index: 0 current: 864000 max: 1804800
11-29 07:35:20.299  17732  17769 I STFService: CoreFrequency index: 1 current: 864000 max: 1804800
11-29 07:35:20.301  17732  17769 I STFService: CoreFrequency index: 2 current: 864000 max: 1804800
11-29 07:35:20.303  17732  17769 I STFService: CoreFrequency index: 3 current: 864000 max: 1804800
11-29 07:35:20.306  17732  17769 I STFService: CoreFrequency index: 4 current: 1612800 max: 2016000
11-29 07:35:20.310  17732  17769 I STFService: CoreFrequency index: 5 current: 1612800 max: 2016000
11-29 07:35:20.319  17732  17769 I STFService: CoreFrequency index: 6 current: 1612800 max: 2016000
11-29 07:35:20.322  770  906 I SDM: CompManager::ProcessIdleTimeout: QIPL idle time
11-29 07:35:20.322  17732  17769 I STFService: CoreFrequency index: 7 current: 1612800 max: 2016000
11-29 07:35:20.343  18143  18143 W igation.testap: Accessing hidden method Lsun/misc/Unsafe;->getInt(Ljava/lang/Object;J)I (greylist, linking, allowed)
11-29 07:35:20.343  18143  18143 W igation.testap: Accessing hidden method Lsun/misc/Unsafe;->getObject(Ljava/lang/Object;J)Ljava/lang/Object; (greylist, linking, allowed)
11-29 07:35:20.383  2362  13985 D PhoneInterfaceManager: [PhoneIntfMgr] isDataEnabled: subId=5 phoneId=0
11-29 07:35:20.383  2362  13985 D PhoneInterfaceManager: [PhoneIntfMgr] isDataEnabled: subId=5 retVal=true
11-29 07:35:20.411  2151  2880 D NetworkController.MobileSignalController(5): onDataActivity: direction=4
11-29 07:35:20.422  2151  2880 D NetworkController.MobileSignalController(5): onDataActivity: direction=0
11-29 07:35:20.448  1396  4980 W FastPrintWriter: Write failure
java.io.IOException: write failed: EPIPE (Broken pipe)
	at libcore.io.IoBridge.write(IoBridge.java:544)
	at java.io.FileOutputStream.write(FileOutputStream.java:392)
	at com.android.internal.util.FastPrintWriter.flushBytesLocked(FastPrintWriter.java:354)
	at com.android.internal.util.FastPrintWriter.flushLocked(FastPrintWriter.java:377)
	at com.android.internal.util.FastPrintWriter.flush(FastPrintWriter.java:412)
	at android.os.Binder.dump(Binder.java:810)
	at android.os.Binder.onTransact(Binder.java:744)
	at android.app.IActivityManager$Stub.onTransact(IActivityManager.java:4535)
	at com.android.server.am.ActivityManagerService.onTransact(ActivityManagerService.java:2771)
	at android.os.Binder.execTransactInternal(Binder.java:1021)
	at android.os.Binder.execTransact(Binder.java:994)
Caused by: android.system.ErrnoException: write failed: EPIPE (Broken pipe)
	at libcore.io.Linux.writeBytes(Native Method)
	at libcore.io.Linux.write(Linux.java:294)
	at libcore.io.ForwardingOs.write(ForwardingOs.java:241)
	at libcore.io.BlockGuardOs.write(BlockGuardOs.java:416)
	at libcore.io.IoBridge.write(IoBridge.java:539)
	... 10 more

11-29 07:35:20.458  770  906 I SDM: CompManager::ProcessIdleTimeout: QIPL idle time
11-29 07:35:20.532  760  760 I sensors-hal: flush:260, android.sensor.gravity/91
11-29 07:35:20.532  760  760 I sensors-hal: flush:268, android.sensor.gravity/91 completed
11-29 07:35:20.533  760  760 I sensors-hal: flush:260, android.sensor.linear_acceleration/101
11-29 07:35:20.533  760  760 I sensors-hal: flush:268, android.sensor.linear_acceleration/101 completed
11-29 07:35:20.533  760  760 I sensors-hal: flush:260, android.sensor.gyroscope_uncalibrated/161
11-29 07:35:20.533  760  760 I sensors-hal: flush:268, android.sensor.gyroscope_uncalibrated/161 completed
11-29 07:35:20.533  18143  22267 W igation.testap: Accessing hidden method Lsun/misc/Unsafe;->compareAndSwapObject(Ljava/lang/Object;JLjava/lang/Object;Ljava/lang/Object;)Z (greylist, linking, allowed)
11-29 07:35:20.550  18143  22296 W igation.testap: Accessing hidden method Lsun/misc/Unsafe;->getInt(Ljava/lang/Object;J)I (greylist, linking, allowed)
11-29 07:35:20.550  18143  22296 W igation.testap: Accessing hidden method Lsun/misc/Unsafe;->putLong(Ljava/lang/Object;JJ)V (greylist, linking, allowed)
11-29 07:35:20.550  18143  22296 W igation.testap: Accessing hidden method Lsun/misc/Unsafe;->putInt(Ljava/lang/Object;JI)V (greylist, linking, allowed)
11-29 07:35:20.550  18143  22296 W igation.testap: Accessing hidden method Lsun/misc/Unsafe;->putObject(Ljava/lang/Object;JLjava/lang/Object;)V (greylist, linking, allowed)
11-29 07:35:20.551  18143  22296 W igation.testap: Accessing hidden method Lsun/misc/Unsafe;->getObject(Ljava/lang/Object;J)Ljava/lang/Object; (greylist, linking, allowed)
11-29 07:35:20.571  2151  2880 D NetworkController.MobileSignalController(5): notifyListeners mConfig.alwaysShowNetworkTypeIcon=false  mDataNetType:13/LTE voiceNetType=13/LTE showDataIcon=true mConfig.alwaysShowDataRatIcon=false icons.mDataType=2131231207 mConfig.hideDisabledHDIcon=true mConfig.showVolteIcon=true isVolteSwitchOn=true mShowVolteIcon=true volteIcon=com.android.systemui:drawable/ic_volte mCurrentState.vowifiResitered=false mShowVowifiIcon=true vowifiIcon=(null) volteIcon=2131231539 mConfig.showVowifiIcon=false
11-29 07:35:20.575  2151  2880 D NetworkController.MobileSignalController(5): onDataActivity: direction=0
11-29 07:35:20.576  2151  2880 D NetworkController.MobileSignalController(5): onDataActivity: direction=0
11-29 07:35:20.638  2151  2151 W FastPrintWriter: Write failure
java.io.IOException: write failed: EPIPE (Broken pipe)
	at libcore.io.IoBridge.write(IoBridge.java:544)
	at java.io.FileOutputStream.write(FileOutputStream.java:392)
	at com.android.internal.util.FastPrintWriter.flushBytesLocked(FastPrintWriter.java:354)
	at com.android.internal.util.FastPrintWriter.flushLocked(FastPrintWriter.java:377)
	at com.android.internal.util.FastPrintWriter.appendLocked(FastPrintWriter.java:322)
	at com.android.internal.util.FastPrintWriter.print(FastPrintWriter.java:499)
	at java.io.PrintWriter.println(PrintWriter.java:739)
	at com.android.systemui.statusbar.notification.collection.NotificationData.dumpEntry(NotificationData.java:462)
	at com.android.systemui.statusbar.notification.collection.NotificationData.dump(NotificationData.java:442)
	at com.android.systemui.statusbar.phone.StatusBar.dump(StatusBar.java:2470)
	at com.android.systemui.SystemBars.dump(SystemBars.java:45)
	at com.android.systemui.SystemUIService.dumpServices(SystemUIService.java:86)
	at com.android.systemui.SystemUIService.dump(SystemUIService.java:75)
	at android.app.ActivityThread.handleDumpService(ActivityThread.java:4037)
	at android.app.ActivityThread.access$2000(ActivityThread.java:220)
	at android.app.ActivityThread$H.handleMessage(ActivityThread.java:1912)
	at android.os.Handler.dispatchMessage(Handler.java:107)
	at android.os.Looper.loop(Looper.java:214)
	at android.app.ActivityThread.main(ActivityThread.java:7397)
	at java.lang.reflect.Method.invoke(Native Method)
	at com.android.internal.os.RuntimeInit$MethodAndArgsCaller.run(RuntimeInit.java:492)
	at com.android.internal.os.ZygoteInit.main(ZygoteInit.java:935)
Caused by: android.system.ErrnoException: write failed: EPIPE (Broken pipe)
	at libcore.io.Linux.writeBytes(Native Method)
	at libcore.io.Linux.write(Linux.java:294)
	at libcore.io.ForwardingOs.write(ForwardingOs.java:241)
	at libcore.io.BlockGuardOs.write(BlockGuardOs.java:416)
	at libcore.io.ForwardingOs.write(ForwardingOs.java:241)
	at libcore.io.IoBridge.write(IoBridge.java:539)
	... 21 more

11-29 07:35:20.650  24515  24515 D dumpstate: Duration of 'DUMPSYS CRITICAL': 0.77s

11-29 07:35:20.669  2151  2151 E WosFaceManager: hasEnrolledFaces()
11-29 07:35:20.670  2151  2151 I WosFaceManager: ensureServiceConnected()
11-29 07:35:20.673  17732  17732 E STFService: run1: 3.2.8
11-29 07:35:20.684  17732  17732 I STFService: sendNetworkClass:  CellSignalLte:{alphaLong=Vi India, rssi=-51, mnc=7, level=4, bandwidth=2147483647, ci=10810401, asulevel=68, parametersUseForLevel=-72, rsrp=-72, rssnr=2147483647, bands=[], mcc=404, ta=2, mAdditionalPlmns=unknown, sinr=2147483647, csgInfo=unknown, rsrq=-7, pci=185, tac=24269, alphaShort=Vi India, cqi=2147483647, earfcn=515}
11-29 07:35:20.684  17732  17732 I STFService: sendNetworkClass:  CellSignalLte:{alphaLong=, rssi=-57, mnc=2147483647, level=4, bandwidth=2147483647, ci=2147483647, asulevel=53, parametersUseForLevel=-87, rsrp=-87, rssnr=2147483647, bands=[], mcc=2147483647, ta=2147483647, mAdditionalPlmns=unknown, sinr=2147483647, csgInfo=unknown, rsrq=-19, pci=252, tac=2147483647, alphaShort=, cqi=2147483647, earfcn=515}
11-29 07:35:20.685  17732  17732 I STFService: sendNetworkClass:  CellSignalLte:{alphaLong=, rssi=-57, mnc=2147483647, level=4, bandwidth=2147483647, ci=2147483647, asulevel=53, parametersUseForLevel=-87, rsrp=-87, rssnr=2147483647, bands=[], mcc=2147483647, ta=2147483647, mAdditionalPlmns=unknown, sinr=2147483647, csgInfo=unknown, rsrq=-18, pci=222, tac=2147483647, alphaShort=, cqi=2147483647, earfcn=515}
11-29 07:35:20.685  17732  17732 I STFService: sendNetworkClass:  CellSignalLte:{alphaLong=, rssi=-59, mnc=2147483647, level=4, bandwidth=2147483647, ci=2147483647, asulevel=54, parametersUseForLevel=-86, rsrp=-86, rssnr=2147483647, bands=[], mcc=2147483647, ta=2147483647, mAdditionalPlmns=unknown, sinr=2147483647, csgInfo=unknown, rsrq=-15, pci=331, tac=2147483647, alphaShort=, cqi=2147483647, earfcn=515}
11-29 07:35:20.686  17732  17732 I STFService: sendNetworkClass:  CellSignalLte:{alphaLong=, rssi=-59, mnc=2147483647, level=4, bandwidth=2147483647, ci=2147483647, asulevel=54, parametersUseForLevel=-86, rsrp=-86, rssnr=2147483647, bands=[], mcc=2147483647, ta=2147483647, mAdditionalPlmns=unknown, sinr=2147483647, csgInfo=unknown, rsrq=-15, pci=330, tac=2147483647, alphaShort=, cqi=2147483647, earfcn=515}
11-29 07:35:20.686  17732  17732 I STFService: sendNetworkClass:  CellSignalLte:{alphaLong=, rssi=-53, mnc=2147483647, level=4, bandwidth=2147483647, ci=2147483647, asulevel=59, parametersUseForLevel=-81, rsrp=-81, rssnr=2147483647, bands=[], mcc=2147483647, ta=2147483647, mAdditionalPlmns=unknown, sinr=2147483647, csgInfo=unknown, rsrq=-17, pci=183, tac=2147483647, alphaShort=, cqi=2147483647, earfcn=515}
11-29 07:35:20.687  17732  17732 I STFService: sendNetworkClass:  CellSignalLte:{alphaLong=, rssi=-53, mnc=2147483647, level=4, bandwidth=2147483647, ci=2147483647, asulevel=58, parametersUseForLevel=-82, rsrp=-82, rssnr=2147483647, bands=[], mcc=2147483647, ta=2147483647, mAdditionalPlmns=unknown, sinr=2147483647, csgInfo=unknown, rsrq=-18, pci=184, tac=2147483647, alphaShort=, cqi=2147483647, earfcn=515}
11-29 07:35:20.689  2151  2167 I ndroid.systemu: Background young concurrent copying GC freed 107290(6003KB) AllocSpace objects, 13(260KB) LOS objects, 46% free, 6961KB/12MB, paused 6.911ms total 77.836ms
11-29 07:35:20.693  17732  17732 I STFService: sendNetworkClass:  EPDGInfo:{dns_server_4=2001:4860:4860::6464, ip_address_1=100.101.13.78, dns_server_3=2402:3a80:c079:25::6, ip_address_2=2402:3a80:43a8:c940:606a:db98:7fbc:41fa, dns_server_2=8.8.4.4, dns_server_1=42.105.241.76, max_downstream_bandwidth=30000, is_secure=true, tunneling_protocol=rmnet_data1, max_upstream_bandwidth=15000}
11-29 07:35:20.732  5456  5757 I FaceService: HasEnrolledFaces : false
11-29 07:35:20.757  24515  24515 I /system/bin/dumpstate: libdebuggerd_client: started dumping process 532
11-29 07:35:20.760  2151  2151 D InterruptionStateProvider: No heads up: unimportant notification: 0|com.google.android.libraries.navigation.testapp|1001|null|10169
11-29 07:35:20.762  1142  1142 I /system/bin/tombstoned: registered intercept for pid 532 and type kDebuggerdNativeBacktrace
11-29 07:35:20.762  2151  2151 D InterruptionStateProvider: No heads up: unimportant notification: 0|com.google.android.libraries.navigation.testapp|1001|null|10169
11-29 07:35:20.775  532  532 I libc: Requested dump for tid 532 (Binder:532_2)
11-29 07:35:20.883  760  760 I sensors-hal: flush:260, android.sensor.gravity/91
11-29 07:35:20.883  24551  24551 I crash_dump64: obtaining output fd from tombstoned, type: kDebuggerdNativeBacktrace
11-29 07:35:20.883  760  760 I sensors-hal: flush:268, android.sensor.gravity/91 completed
11-29 07:35:20.883  760  760 I sensors-hal: flush:260, android.sensor.linear_acceleration/101
11-29 07:35:20.883  760  760 I sensors-hal: flush:268, android.sensor.linear_acceleration/101 completed
11-29 07:35:20.883  760  760 I sensors-hal: flush:260, android.sensor.gyroscope_uncalibrated/161
11-29 07:35:20.884  760  760 I sensors-hal: flush:268, android.sensor.gyroscope_uncalibrated/161 completed
11-29 07:35:20.884  1142  1142 I /system/bin/tombstoned: received crash request for pid 532
11-29 07:35:20.884  1142  1142 I /system/bin/tombstoned: found intercept fd 512 for pid 532 and type kDebuggerdNativeBacktrace
11-29 07:35:20.884  1396  3555 I haohaov: [HMDenterprise broadcastIntentLocked] intent=Intent { act=android.intent.action.MCC_CHANGED (has extras) }
11-29 07:35:20.884  18143  22267 W igation.testap: Accessing hidden method Lsun/misc/Unsafe;->compareAndSwapObject(Ljava/lang/Object;JLjava/lang/Object;Ljava/lang/Object;)Z (greylist, linking, allowed)
11-29 07:35:20.885  1396  3555 E ActivityManager: Sending non-protected broadcast android.intent.action.MCC_CHANGED from system 2362:com.android.phone/1001 pkg com.android.phone
java.lang.Throwable
	at com.android.server.am.ActivityManagerService.checkBroadcastFromSystem(ActivityManagerService.java:14874)
	at com.android.server.am.ActivityManagerService.broadcastIntentLocked(ActivityManagerService.java:15583)
	at com.android.server.am.ActivityManagerService.broadcastIntentLocked(ActivityManagerService.java:14934)
	at com.android.server.am.ActivityManagerService.broadcastIntent(ActivityManagerService.java:15725)
	at android.app.IActivityManager$Stub.onTransact(IActivityManager.java:1969)
	at com.android.server.am.ActivityManagerService.onTransact(ActivityManagerService.java:2771)
	at android.os.Binder.execTransactInternal(Binder.java:1021)
	at android.os.Binder.execTransact(Binder.java:994)

11-29 07:35:20.885  24551  24551 I crash_dump64: performing dump of process 532 (target tid = 532)
11-29 07:35:20.890  2362  13985 D PhoneInterfaceManager: [PhoneIntfMgr] getCellLocation: is active user
11-29 07:35:20.900  18143  22296 W igation.testap: Accessing hidden method Lsun/misc/Unsafe;->getInt(Ljava/lang/Object;J)I (greylist, linking, allowed)
11-29 07:35:20.900  18143  22296 W igation.testap: Accessing hidden method Lsun/misc/Unsafe;->putLong(Ljava/lang/Object;JJ)V (greylist, linking, allowed)
11-29 07:35:20.901  18143  22296 W igation.testap: Accessing hidden method Lsun/misc/Unsafe;->putInt(Ljava/lang/Object;JI)V (greylist, linking, allowed)
11-29 07:35:20.901  18143  22296 W igation.testap: Accessing hidden method Lsun/misc/Unsafe;->putObject(Ljava/lang/Object;JLjava/lang/Object;)V (greylist, linking, allowed)
11-29 07:35:20.901  18143  22296 W igation.testap: Accessing hidden method Lsun/misc/Unsafe;->getObject(Ljava/lang/Object;J)Ljava/lang/Object; (greylist, linking, allowed)
11-29 07:35:20.947  24515  24515 I /system/bin/dumpstate: libdebuggerd_client: done dumping process 532
11-29 07:35:20.951  24515  24515 I /system/bin/dumpstate: libdebuggerd_client: started dumping process 642
11-29 07:35:20.963  642  642 I libc: Requested dump for tid 642 (Binder:642_3)
11-29 07:35:20.963  1142  1142 I /system/bin/tombstoned: registered intercept for pid 642 and type kDebuggerdNativeBacktrace
11-29 07:35:21.021  2362  13985 D PhoneInterfaceManager: [PhoneIntfMgr] getLine1NumberForDisplay returning null
11-29 07:35:21.026  1396  4076 W DevicePolicyManager: Package com.gyokovsolutions.gnettracklite (uid=10176, pid=16892) cannot access Device IDs
11-29 07:35:21.027  2362  13985 W TelephonyPermissions: reportAccessDeniedToReadIdentifiers:com.gyokovsolutions.gnettracklite:getSubscriberId:isPreinstalled=false:isPrivApp=false
11-29 07:35:21.062  24557  24557 I crash_dump64: obtaining output fd from tombstoned, type: kDebuggerdNativeBacktrace
11-29 07:35:21.063  1142  1142 I /system/bin/tombstoned: received crash request for pid 642
11-29 07:35:21.063  1142  1142 I /system/bin/tombstoned: found intercept fd 512 for pid 642 and type kDebuggerdNativeBacktrace
11-29 07:35:21.064  24557  24557 I crash_dump64: performing dump of process 642 (target tid = 642)
11-29 07:35:21.077  18143  22296 W igation.testap: Accessing hidden method Lsun/misc/Unsafe;->getInt(Ljava/lang/Object;J)I (greylist, linking, allowed)
11-29 07:35:21.078  18143  22296 W igation.testap: Accessing hidden method Lsun/misc/Unsafe;->getObject(Ljava/lang/Object;J)Ljava/lang/Object; (greylist, linking, allowed)
11-29 07:35:21.124  2754  5006 I FusedLocation: location delivery to 10125/com.google.android.gms[.location_base]/b111ad5c blocked - too fast [CONTEXT service_id=6 ]

11-29 07:35:21.127  2754  5006 I FusedLocation: location delivery to 10201/jp.co.cyberagent.stf/8bc2f8c5 blocked - too fast [CONTEXT service_id=6 ]

11-29 07:35:21.132  18143  22296 W igation.testap: Accessing hidden method Lsun/misc/Unsafe;->getObject(Ljava/lang/Object;J)Ljava/lang/Object; (greylist, linking, allowed)
11-29 07:35:21.133  18143  22296 W igation.testap: Accessing hidden method Lsun/misc/Unsafe;->putObject(Ljava/lang/Object;JLjava/lang/Object;)V (greylist, linking, allowed)
11-29 07:35:21.133  18143  22296 W igation.testap: Accessing hidden method Lsun/misc/Unsafe;->getInt(Ljava/lang/Object;J)I (greylist, linking, allowed)
11-29 07:35:21.133  18143  22296 W igation.testap: Accessing hidden method Lsun/misc/Unsafe;->putInt(Ljava/lang/Object;JI)V (greylist, linking, allowed)
11-29 07:35:21.134  18143  22296 W igation.testap: Accessing hidden method Lsun/misc/Unsafe;->compareAndSwapObject(Ljava/lang/Object;JLjava/lang/Object;Ljava/lang/Object;)Z (greylist, linking, allowed)
11-29 07:35:21.136  18143  22296 W igation.testap: Accessing hidden method Lsun/misc/Unsafe;->getLong(Ljava/lang/Object;J)J (greylist,core-platform-api, linking, allowed)
11-29 07:35:21.139  18143  22296 I native: I0000 00:00:1701243321.138769   22296 map-location-tracker.cc:414] MapLocationTracker called with 17 existing on-segment hypotheses, 0 existing off-segment hypotheses, 4 queued observations at time 7137725.

11-29 07:35:21.184  24515  24515 I /system/bin/dumpstate: libdebuggerd_client: done dumping process 642
11-29 07:35:21.186  24515  24515 I /system/bin/dumpstate: libdebuggerd_client: started dumping process 739
11-29 07:35:21.190  1142  1142 I /system/bin/tombstoned: registered intercept for pid 739 and type kDebuggerdNativeBacktrace
11-29 07:35:21.202  18143  22296 I native: I0000 00:00:1701243321.202608   22296 map-location-tracker.cc:845] time_ms: 7137725 MapTrackingResult[lat/lng=17.4471672,78.3778867 speed=11.39 bearing=36.12 alti=nanm, on_road=1 in_startup_confusion=0 posn_acc=4.31 spd_acc=1.92 bear_acc=58.95 alti_acc=inf segment=Hitech City Main Rd:0x8003EA4E15871105:0x5:[17.4471650,78.3778851 20.1m 34°, r0.4m]x11m->1/1#[σ 5.00m 60.0°] meters_on_segment=0.30 across: nan off_mode_probability=1.00 {level=unknown} [nmm loc] ]

11-29 07:35:21.203  739  739 I libc: Requested dump for tid 739 (audio@2.0-servi)
11-29 07:35:21.206  18143  22296 W igation.testap: Accessing hidden method Lsun/misc/Unsafe;->getInt(Ljava/lang/Object;J)I (greylist, linking, allowed)
11-29 07:35:21.206  18143  22296 W igation.testap: Accessing hidden method Lsun/misc/Unsafe;->putInt(Ljava/lang/Object;JI)V (greylist, linking, allowed)
11-29 07:35:21.206  18143  22296 W igation.testap: Accessing hidden method Lsun/misc/Unsafe;->getObject(Ljava/lang/Object;J)Ljava/lang/Object; (greylist, linking, allowed)
11-29 07:35:21.206  18143  22296 W igation.testap: Accessing hidden method Lsun/misc/Unsafe;->putObject(Ljava/lang/Object;JLjava/lang/Object;)V (greylist, linking, allowed)
11-29 07:35:21.210  18143  22296 W igation.testap: Accessing hidden method Lsun/misc/Unsafe;->getObject(Ljava/lang/Object;J)Ljava/lang/Object; (greylist, linking, allowed)
11-29 07:35:21.210  18143  22296 W igation.testap: Accessing hidden method Lsun/misc/Unsafe;->getObject(Ljava/lang/Object;J)Ljava/lang/Object; (greylist, linking, allowed)
11-29 07:35:21.211  18143  22296 W igation.testap: Accessing hidden method Lsun/misc/Unsafe;->getInt(Ljava/lang/Object;J)I (greylist, linking, allowed)
11-29 07:35:21.218  18143  22296 I native: I0000 00:00:1701243321.217990   22296 patchwork-snaptile-integrator.cc:533] DoFollowUpWork: 6 tiles currently loaded.

11-29 07:35:21.220  18143  22295 W igation.testap: Accessing hidden method Lsun/misc/Unsafe;->getObject(Ljava/lang/Object;J)Ljava/lang/Object; (greylist, linking, allowed)
11-29 07:35:21.225  18143  18173 W igation.testap: Accessing hidden method Lsun/misc/Unsafe;->putObject(Ljava/lang/Object;JLjava/lang/Object;)V (greylist, linking, allowed)
11-29 07:35:21.225  18143  18173 W igation.testap: Accessing hidden method Lsun/misc/Unsafe;->putInt(Ljava/lang/Object;JI)V (greylist, linking, allowed)
11-29 07:35:21.226  18143  22295 I native: I0000 00:00:1701243321.225680   22295 guider.cc:320] [NAV][OnLocationChanged] : (38) (routes: *38=0.999996, 45=0.999996, 46=0.999996) 935.108m (next: 411.177m) speed: 11.3915m/s

11-29 07:35:21.229  18143  18173 W igation.testap: Accessing hidden method Lsun/misc/Unsafe;->putObject(Ljava/lang/Object;JLjava/lang/Object;)V (greylist, linking, allowed)
11-29 07:35:21.230  18143  18173 W igation.testap: Accessing hidden method Lsun/misc/Unsafe;->putInt(Ljava/lang/Object;JI)V (greylist, linking, allowed)
11-29 07:35:21.230  18143  18173 W igation.testap: Accessing hidden method Lsun/misc/Unsafe;->putInt(Ljava/lang/Object;JI)V (greylist, linking, allowed)
11-29 07:35:21.232  18143  18173 W igation.testap: Accessing hidden method Lsun/misc/Unsafe;->putObject(Ljava/lang/Object;JLjava/lang/Object;)V (greylist, linking, allowed)
11-29 07:35:21.232  18143  18173 W igation.testap: Accessing hidden method Lsun/misc/Unsafe;->putInt(Ljava/lang/Object;JI)V (greylist, linking, allowed)
11-29 07:35:21.233  760  760 I sensors-hal: flush:260, android.sensor.gravity/91
11-29 07:35:21.233  760  760 I sensors-hal: flush:268, android.sensor.gravity/91 completed
11-29 07:35:21.234  760  760 I sensors-hal: flush:260, android.sensor.linear_acceleration/101
11-29 07:35:21.234  760  760 I sensors-hal: flush:268, android.sensor.linear_acceleration/101 completed
11-29 07:35:21.234  760  760 I sensors-hal: flush:260, android.sensor.gyroscope_uncalibrated/161
11-29 07:35:21.234  760  760 I sensors-hal: flush:268, android.sensor.gyroscope_uncalibrated/161 completed
11-29 07:35:21.235  18143  22267 W igation.testap: Accessing hidden method Lsun/misc/Unsafe;->compareAndSwapObject(Ljava/lang/Object;JLjava/lang/Object;Ljava/lang/Object;)Z (greylist, linking, allowed)
11-29 07:35:21.238  18143  22295 W igation.testap: Accessing hidden method Lsun/misc/Unsafe;->putInt(Ljava/lang/Object;JI)V (greylist, linking, allowed)
11-29 07:35:21.239  18143  22295 W igation.testap: Accessing hidden method Lsun/misc/Unsafe;->putLong(Ljava/lang/Object;JJ)V (greylist, linking, allowed)
11-29 07:35:21.241  18143  22295 W igation.testap: Accessing hidden method Lsun/misc/Unsafe;->putInt(Ljava/lang/Object;JI)V (greylist, linking, allowed)
11-29 07:35:21.241  18143  22295 W igation.testap: Accessing hidden method Lsun/misc/Unsafe;->putObject(Ljava/lang/Object;JLjava/lang/Object;)V (greylist, linking, allowed)
11-29 07:35:21.243  18143  22295 W igation.testap: Accessing hidden method Lsun/misc/Unsafe;->compareAndSwapObject(Ljava/lang/Object;JLjava/lang/Object;Ljava/lang/Object;)Z (greylist, linking, allowed)
11-29 07:35:21.246  18143  22295 W igation.testap: Accessing hidden method Lsun/misc/Unsafe;->getInt(Ljava/lang/Object;J)I (greylist, linking, allowed)
11-29 07:35:21.247  18143  22296 W igation.testap: Accessing hidden method Lsun/misc/Unsafe;->putLong(Ljava/lang/Object;JJ)V (greylist, linking, allowed)
11-29 07:35:21.248  18143  22296 W igation.testap: Accessing hidden method Lsun/misc/Unsafe;->putObject(Ljava/lang/Object;JLjava/lang/Object;)V (greylist, linking, allowed)
11-29 07:35:21.250  18143  22295 W igation.testap: Accessing hidden method Lsun/misc/Unsafe;->compareAndSwapObject(Ljava/lang/Object;JLjava/lang/Object;Ljava/lang/Object;)Z (greylist, linking, allowed)
11-29 07:35:21.250  18143  22295 W igation.testap: Accessing hidden method Lsun/misc/Unsafe;->getLong(Ljava/lang/Object;J)J (greylist,core-platform-api, linking, allowed)
11-29 07:35:21.252  18143  18198 W igation.testap: Accessing hidden method Lsun/misc/Unsafe;->compareAndSwapObject(Ljava/lang/Object;JLjava/lang/Object;Ljava/lang/Object;)Z (greylist, linking, allowed)
11-29 07:35:21.255  18143  18180 W igation.testap: Accessing hidden method Lsun/misc/Unsafe;->putObject(Ljava/lang/Object;JLjava/lang/Object;)V (greylist, linking, allowed)
11-29 07:35:21.255  18143  18180 W igation.testap: Accessing hidden method Lsun/misc/Unsafe;->getLong(Ljava/lang/Object;J)J (greylist,core-platform-api, linking, allowed)
11-29 07:35:21.258  18143  18180 W igation.testap: Accessing hidden method Lsun/misc/Unsafe;->getObject(Ljava/lang/Object;J)Ljava/lang/Object; (greylist, linking, allowed)
11-29 07:35:21.262  18143  18180 W igation.testap: Accessing hidden method Lsun/misc/Unsafe;->getInt(Ljava/lang/Object;J)I (greylist, linking, allowed)
11-29 07:35:21.263  18143  18180 W igation.testap: Accessing hidden method Lsun/misc/Unsafe;->getObject(Ljava/lang/Object;J)Ljava/lang/Object; (greylist, linking, allowed)
11-29 07:35:21.263  18143  18180 W igation.testap: Accessing hidden method Lsun/misc/Unsafe;->putInt(Ljava/lang/Object;JI)V (greylist, linking, allowed)
11-29 07:35:21.264  18143  18168 W igation.testap: Accessing hidden method Lsun/misc/Unsafe;->putObject(Ljava/lang/Object;JLjava/lang/Object;)V (greylist, linking, allowed)
11-29 07:35:21.269  18143  18180 W igation.testap: Accessing hidden method Lsun/misc/Unsafe;->putLong(Ljava/lang/Object;JJ)V (greylist, linking, allowed)
11-29 07:35:21.270  18143  18180 W igation.testap: Accessing hidden method Lsun/misc/Unsafe;->putObject(Ljava/lang/Object;JLjava/lang/Object;)V (greylist, linking, allowed)
11-29 07:35:21.271  18143  18180 W igation.testap: Accessing hidden method Lsun/misc/Unsafe;->compareAndSwapObject(Ljava/lang/Object;JLjava/lang/Object;Ljava/lang/Object;)Z (greylist, linking, allowed)
11-29 07:35:21.345  18143  18143 W igation.testap: Accessing hidden method Lsun/misc/Unsafe;->getInt(Ljava/lang/Object;J)I (greylist, linking, allowed)
11-29 07:35:21.346  18143  18143 W igation.testap: Accessing hidden method Lsun/misc/Unsafe;->getObject(Ljava/lang/Object;J)Ljava/lang/Object; (greylist, linking, allowed)
11-29 07:35:21.388  24563  24563 I crash_dump32: obtaining output fd from tombstoned, type: kDebuggerdNativeBacktrace
11-29 07:35:21.390  1142  1142 I /system/bin/tombstoned: received crash request for pid 739
11-29 07:35:21.390  1142  1142 I /system/bin/tombstoned: found intercept fd 512 for pid 739 and type kDebuggerdNativeBacktrace
11-29 07:35:21.391  24563  24563 I crash_dump32: performing dump of process 739 (target tid = 739)
11-29 07:35:21.427  2151  2880 D NetworkController.MobileSignalController(5): onDataActivity: direction=3
11-29 07:35:21.438  770  906 I SDM: CompManager::ProcessIdleTimeout: QIPL idle time
11-29 07:35:21.491  1396  1396 I haohaov: [HMDenterprise broadcastIntentLocked] intent=Intent { act=android.intent.action.BATTERY_CHANGED flg=0x60000000 (has extras) }
11-29 07:35:21.496  2151  2151 D KeyguardUpdateMonitor: received broadcast android.intent.action.BATTERY_CHANGED
11-29 07:35:21.497  17732  17732 I STFBatteryMonitor: Battery is charging (good health); connected via usb; level at 37/100; temp 35.7C@3.756V
11-29 07:35:21.501  2151  2151 D KeyguardUpdateMonitor: handleBatteryUpdate
11-29 07:35:21.501  2151  2151 D Tile.FlashlightTile: onReceive mBatteryLevel: 37  mPlugType==2
11-29 07:35:21.547  2151  2880 D NetworkController.MobileSignalController(5): notifyListeners mConfig.alwaysShowNetworkTypeIcon=false  mDataNetType:13/LTE voiceNetType=13/LTE showDataIcon=true mConfig.alwaysShowDataRatIcon=false icons.mDataType=2131231207 mConfig.hideDisabledHDIcon=true mConfig.showVolteIcon=true isVolteSwitchOn=true mShowVolteIcon=true volteIcon=com.android.systemui:drawable/ic_volte mCurrentState.vowifiResitered=false mShowVowifiIcon=true vowifiIcon=(null) volteIcon=2131231539 mConfig.showVowifiIcon=false
11-29 07:35:21.549  2151  2151 D StatusBarMobileView: mState.typeId != state.typeId :: false
11-29 07:35:21.551  2151  2151 I chatty: uid=10137(com.android.systemui) identical 1 line
11-29 07:35:21.552  2151  2151 D StatusBarMobileView: mState.typeId != state.typeId :: false
11-29 07:35:21.581  760  760 I sensors-hal: flush:260, android.sensor.gravity/91
11-29 07:35:21.581  760  760 I sensors-hal: flush:268, android.sensor.gravity/91 completed
11-29 07:35:21.582  760  760 I sensors-hal: flush:260, android.sensor.linear_acceleration/101
11-29 07:35:21.583  760  760 I sensors-hal: flush:268, android.sensor.linear_acceleration/101 completed
11-29 07:35:21.583  760  760 I sensors-hal: flush:260, android.sensor.gyroscope_uncalibrated/161
11-29 07:35:21.583  760  760 I sensors-hal: flush:268, android.sensor.gyroscope_uncalibrated/161 completed
11-29 07:35:21.583  18143  22267 W igation.testap: Accessing hidden method Lsun/misc/Unsafe;->compareAndSwapObject(Ljava/lang/Object;JLjava/lang/Object;Ljava/lang/Object;)Z (greylist, linking, allowed)
11-29 07:35:21.587  18143  18186 W igation.testap: Accessing hidden method Lsun/misc/Unsafe;->getObject(Ljava/lang/Object;J)Ljava/lang/Object; (greylist, linking, allowed)
11-29 07:35:21.587  18143  18186 W igation.testap: Accessing hidden method Lsun/misc/Unsafe;->putObject(Ljava/lang/Object;JLjava/lang/Object;)V (greylist, linking, allowed)
11-29 07:35:21.587  18143  18186 W igation.testap: Accessing hidden method Lsun/misc/Unsafe;->getInt(Ljava/lang/Object;J)I (greylist, linking, allowed)
11-29 07:35:21.588  18143  18186 W igation.testap: Accessing hidden method Lsun/misc/Unsafe;->putLong(Ljava/lang/Object;JJ)V (greylist, linking, allowed)
11-29 07:35:21.588  18143  18186 W igation.testap: Accessing hidden method Lsun/misc/Unsafe;->putInt(Ljava/lang/Object;JI)V (greylist, linking, allowed)
11-29 07:35:21.588  18143  18186 W igation.testap: Accessing hidden method Lsun/misc/Unsafe;->getLong(Ljava/lang/Object;J)J (greylist,core-platform-api, linking, allowed)
11-29 07:35:21.591  18143  18186 W igation.testap: Accessing hidden method Lsun/misc/Unsafe;->compareAndSwapObject(Ljava/lang/Object;JLjava/lang/Object;Ljava/lang/Object;)Z (greylist, linking, allowed)
11-29 07:35:21.596  18143  18186 W igation.testap: Accessing hidden method Lsun/misc/Unsafe;->compareAndSwapObject(Ljava/lang/Object;JLjava/lang/Object;Ljava/lang/Object;)Z (greylist, linking, allowed)
11-29 07:35:21.597  18143  22296 W igation.testap: Accessing hidden method Lsun/misc/Unsafe;->getInt(Ljava/lang/Object;J)I (greylist, linking, allowed)
11-29 07:35:21.597  18143  22296 W igation.testap: Accessing hidden method Lsun/misc/Unsafe;->putLong(Ljava/lang/Object;JJ)V (greylist, linking, allowed)
11-29 07:35:21.597  18143  22296 W igation.testap: Accessing hidden method Lsun/misc/Unsafe;->putInt(Ljava/lang/Object;JI)V (greylist, linking, allowed)
11-29 07:35:21.597  18143  22296 W igation.testap: Accessing hidden method Lsun/misc/Unsafe;->getObject(Ljava/lang/Object;J)Ljava/lang/Object; (greylist, linking, allowed)
11-29 07:35:21.694  17732  17732 E STFService: run1: 3.2.8
11-29 07:35:21.719  17732  17732 I STFService: sendNetworkClass:  CellSignalLte:{alphaLong=Vi India, rssi=-51, mnc=7, level=4, bandwidth=2147483647, ci=10810421, asulevel=59, parametersUseForLevel=-81, rsrp=-81, rssnr=2147483647, bands=[], mcc=404, ta=20, mAdditionalPlmns=unknown, sinr=2147483647, csgInfo=unknown, rsrq=-18, pci=50, tac=24269, alphaShort=Vi India, cqi=2147483647, earfcn=41140}
11-29 07:35:21.720  17732  17732 I STFService: sendNetworkClass:  CellSignalLte:{alphaLong=, rssi=-51, mnc=2147483647, level=4, bandwidth=2147483647, ci=2147483647, asulevel=59, parametersUseForLevel=-81, rsrp=-81, rssnr=2147483647, bands=[], mcc=2147483647, ta=2147483647, mAdditionalPlmns=unknown, sinr=2147483647, csgInfo=unknown, rsrq=-18, pci=49, tac=2147483647, alphaShort=, cqi=2147483647, earfcn=41140}
11-29 07:35:21.725  17732  17732 I STFService: sendNetworkClass:  EPDGInfo:{dns_server_4=2001:4860:4860::6464, ip_address_1=100.101.13.78, dns_server_3=2402:3a80:c079:25::6, ip_address_2=2402:3a80:43a8:c940:606a:db98:7fbc:41fa, dns_server_2=8.8.4.4, dns_server_1=42.105.241.76, max_downstream_bandwidth=30000, is_secure=true, tunneling_protocol=rmnet_data1, max_upstream_bandwidth=15000}
11-29 07:35:21.903  18143  22266 W igation.testap: Accessing hidden method Lsun/misc/Unsafe;->getInt(Ljava/lang/Object;J)I (greylist, linking, allowed)
11-29 07:35:21.903  18143  22266 W igation.testap: Accessing hidden method Lsun/misc/Unsafe;->getObject(Ljava/lang/Object;J)Ljava/lang/Object; (greylist, linking, allowed)
11-29 07:35:21.904  18143  22266 W igation.testap: Accessing hidden method Lsun/misc/Unsafe;->putObject(Ljava/lang/Object;JLjava/lang/Object;)V (greylist, linking, allowed)
11-29 07:35:21.904  18143  22266 W igation.testap: Accessing hidden method Lsun/misc/Unsafe;->putInt(Ljava/lang/Object;JI)V (greylist, linking, allowed)
11-29 07:35:21.904  18143  22266 W igation.testap: Accessing hidden method Lsun/misc/Unsafe;->getLong(Ljava/lang/Object;J)J (greylist,core-platform-api, linking, allowed)
11-29 07:35:21.905  18143  22266 W igation.testap: Accessing hidden method Lsun/misc/Unsafe;->putLong(Ljava/lang/Object;JJ)V (greylist, linking, allowed)
11-29 07:35:21.909  18143  22266 W igation.testap: Accessing hidden method Lsun/misc/Unsafe;->putObject(Ljava/lang/Object;JLjava/lang/Object;)V (greylist, linking, allowed)
11-29 07:35:21.909  18143  22266 W igation.testap: Accessing hidden method Lsun/misc/Unsafe;->putInt(Ljava/lang/Object;JI)V (greylist, linking, allowed)
11-29 07:35:21.909  18143  22266 W igation.testap: Accessing hidden method Lsun/misc/Unsafe;->getLong(Ljava/lang/Object;J)J (greylist,core-platform-api, linking, allowed)
11-29 07:35:21.909  18143  22266 W igation.testap: Accessing hidden method Lsun/misc/Unsafe;->putLong(Ljava/lang/Object;JJ)V (greylist, linking, allowed)
11-29 07:35:21.912  18143  22266 W igation.testap: Accessing hidden method Lsun/misc/Unsafe;->getInt(Ljava/lang/Object;J)I (greylist, linking, allowed)
11-29 07:35:21.912  18143  22266 W igation.testap: Accessing hidden method Lsun/misc/Unsafe;->putInt(Ljava/lang/Object;JI)V (greylist, linking, allowed)
11-29 07:35:21.912  18143  22266 W igation.testap: Accessing hidden method Lsun/misc/Unsafe;->getLong(Ljava/lang/Object;J)J (greylist,core-platform-api, linking, allowed)
11-29 07:35:21.912  18143  22266 W igation.testap: Accessing hidden method Lsun/misc/Unsafe;->putLong(Ljava/lang/Object;JJ)V (greylist, linking, allowed)
11-29 07:35:21.917  18143  22266 W igation.testap: Accessing hidden method Lsun/misc/Unsafe;->putInt(Ljava/lang/Object;JI)V (greylist, linking, allowed)
11-29 07:35:21.920  2362  2632 D PhoneInterfaceManager: [PhoneIntfMgr] getCellLocation: is active user
11-29 07:35:21.923  18143  22266 W igation.testap: Accessing hidden method Lsun/misc/Unsafe;->getInt(Ljava/lang/Object;J)I (greylist, linking, allowed)
11-29 07:35:21.923  18143  22266 W igation.testap: Accessing hidden method Lsun/misc/Unsafe;->putInt(Ljava/lang/Object;JI)V (greylist, linking, allowed)
11-29 07:35:21.923  18143  22266 W igation.testap: Accessing hidden method Lsun/misc/Unsafe;->getLong(Ljava/lang/Object;J)J (greylist,core-platform-api, linking, allowed)
11-29 07:35:21.923  18143  22266 W igation.testap: Accessing hidden method Lsun/misc/Unsafe;->putLong(Ljava/lang/Object;JJ)V (greylist, linking, allowed)
11-29 07:35:21.925  18143  22266 W igation.testap: Accessing hidden method Lsun/misc/Unsafe;->getInt(Ljava/lang/Object;J)I (greylist, linking, allowed)
11-29 07:35:21.926  18143  22266 W igation.testap: Accessing hidden method Lsun/misc/Unsafe;->putObject(Ljava/lang/Object;JLjava/lang/Object;)V (greylist, linking, allowed)
11-29 07:35:21.926  18143  22266 W igation.testap: Accessing hidden method Lsun/misc/Unsafe;->putInt(Ljava/lang/Object;JI)V (greylist, linking, allowed)
11-29 07:35:21.926  18143  22266 W igation.testap: Accessing hidden method Lsun/misc/Unsafe;->getObject(Ljava/lang/Object;J)Ljava/lang/Object; (greylist, linking, allowed)
11-29 07:35:21.927  18143  22266 W igation.testap: Accessing hidden method Lsun/misc/Unsafe;->putObject(Ljava/lang/Object;JLjava/lang/Object;)V (greylist, linking, allowed)
11-29 07:35:21.927  18143  22266 W igation.testap: Accessing hidden method Lsun/misc/Unsafe;->getObject(Ljava/lang/Object;J)Ljava/lang/Object; (greylist, linking, allowed)
11-29 07:35:21.928  18143  22266 W igation.testap: Accessing hidden method Lsun/misc/Unsafe;->getInt(Ljava/lang/Object;J)I (greylist, linking, allowed)
11-29 07:35:21.929  18143  22266 W igation.testap: Accessing hidden method Lsun/misc/Unsafe;->getInt(Ljava/lang/Object;J)I (greylist, linking, allowed)
11-29 07:35:21.929  18143  22266 W igation.testap: Accessing hidden method Lsun/misc/Unsafe;->putInt(Ljava/lang/Object;JI)V (greylist, linking, allowed)
11-29 07:35:21.930  18143  22266 W igation.testap: Accessing hidden method Lsun/misc/Unsafe;->getLong(Ljava/lang/Object;J)J (greylist,core-platform-api, linking, allowed)
