11-29 07:35:25.571  2151  2151 V KeyguardUpdateMonitor: action android.intent.action.SERVICE_STATE serviceState={mVoiceRegState=0(IN_SERVICE), mDataRegState=0(IN_SERVICE), mChannelNumber=41140, duplexMode()=2, mCellBandwidths=[], mVoiceOperatorAlphaLong=Vi India, mVoiceOperatorAlphaShort=Vi India, mDataOperatorAlphaLong=Vi India, mDataOperatorAlphaShort=Vi India, isManualNetworkSelection=false(automatic), getRilVoiceRadioTechnology=14(LTE), getRilDataRadioTechnology=14(LTE), mCssIndicator=supported, mNetworkId=-1, mSystemId=-1, mCdmaRoamingIndicator=-1, mCdmaDefaultRoamingIndicator=-1, mIsEmergencyOnly=false, isUsingCarrierAggregation=false, mLteEarfcnRsrpBoost=0, mNetworkRegistrationInfos=[NetworkRegistrationInfo{ domain=CS transportType=WWAN registrationState=ROAMING roamingType=DOMESTIC accessNetworkTechnology=LTE rejectCause=0 emergencyEnabled=false availableServices=[VOICE,SMS,VIDEO] cellIdentity=CellIdentityLte:{ mCi=10810419 mPci=49 mTac=24269 mEarfcn=41140 mBandwidth=2147483647 mMcc=404 mMnc=07 mAlphaLong=Vi India mAlphaShort=Vi India} voiceSpecificInfo=VoiceSpecificRegistrationInfo { mCssSupported=true mRoamingIndicator=0 mSystemIsInPrl=-1 mDefaultRoamingIndicator=-1} dataSpecificInfo=null nrState=NONE}, NetworkRegistrationInfo{ domain=PS transportType=WWAN registrationState=ROAMING roamingType=DOMESTIC accessNetworkTechnology=LTE rejectCause=0 emergencyEnabled=false availableServices=[DATA] cellIdentity=CellIdentityLte:{ mCi=10810419 mPci=49 mTac=24269 mEarfcn=41140 mBandwidth=2147483647 mMcc=404 mMnc=07 mAlphaLong=Vi India mAlphaShort=Vi India} voiceSpecificInfo=null dataSpecificInfo=android.telephony.DataSpecificRegistrationInfo :{ maxDataCalls = 20 isDcNrRestricted = false isNrAvailable = false isEnDcAvailable = false LteVopsSupportInfo :  mVopsSupport = 2 mEmcBearerSupport = 3 mIsUsingCarrierAggregation = false } nrState=NONE}], mNrFrequencyRange=-1, mOperatorAlphaLongRaw=Vi India, mOperatorAlphaShortRaw=Vi India, mIsIwlanPreferred=false} subId=5
11-29 07:35:25.571  18143  22266 W igation.testap: Accessing hidden method Lsun/misc/Unsafe;->getLong(Ljava/lang/Object;J)J (greylist,core-platform-api, linking, allowed)
11-29 07:35:25.571  18143  22266 W igation.testap: Accessing hidden method Lsun/misc/Unsafe;->putLong(Ljava/lang/Object;JJ)V (greylist, linking, allowed)
11-29 07:35:25.572  18143  22266 W igation.testap: Accessing hidden method Lsun/misc/Unsafe;->putInt(Ljava/lang/Object;JI)V (greylist, linking, allowed)
11-29 07:35:25.573  18143  22266 W igation.testap: Accessing hidden method Lsun/misc/Unsafe;->putLong(Ljava/lang/Object;JJ)V (greylist, linking, allowed)
11-29 07:35:25.573  2151  2151 D KeyguardUpdateMonitor: handleServiceStateChange(subId=5, serviceState={mVoiceRegState=0(IN_SERVICE), mDataRegState=0(IN_SERVICE), mChannelNumber=41140, duplexMode()=2, mCellBandwidths=[], mVoiceOperatorAlphaLong=Vi India, mVoiceOperatorAlphaShort=Vi India, mDataOperatorAlphaLong=Vi India, mDataOperatorAlphaShort=Vi India, isManualNetworkSelection=false(automatic), getRilVoiceRadioTechnology=14(LTE), getRilDataRadioTechnology=14(LTE), mCssIndicator=supported, mNetworkId=-1, mSystemId=-1, mCdmaRoamingIndicator=-1, mCdmaDefaultRoamingIndicator=-1, mIsEmergencyOnly=false, isUsingCarrierAggregation=false, mLteEarfcnRsrpBoost=0, mNetworkRegistrationInfos=[NetworkRegistrationInfo{ domain=CS transportType=WWAN registrationState=ROAMING roamingType=DOMESTIC accessNetworkTechnology=LTE rejectCause=0 emergencyEnabled=false availableServices=[VOICE,SMS,VIDEO] cellIdentity=CellIdentityLte:{ mCi=10810419 mPci=49 mTac=24269 mEarfcn=41140 mBandwidth=2147483647 mMcc=404 mMnc=07 mAlphaLong=Vi India mAlphaShort=Vi India} voiceSpecificInfo=VoiceSpecificRegistrationInfo { mCssSupported=true mRoamingIndicator=0 mSystemIsInPrl=-1 mDefaultRoamingIndicator=-1} dataSpecificInfo=null nrState=NONE}, NetworkRegistrationInfo{ domain=PS transportType=WWAN registrationState=ROAMING roamingType=DOMESTIC accessNetworkTechnology=LTE rejectCause=0 emergencyEnabled=false availableServices=[DATA] cellIdentity=CellIdentityLte:{ mCi=10810419 mPci=49 mTac=24269 mEarfcn=41140 mBandwidth=2147483647 mMcc=404 mMnc=07 mAlphaLong=Vi India mAlphaShort=Vi India} voiceSpecificInfo=null dataSpecificInfo=android.telephony.DataSpecificRegistrationInfo :{ maxDataCalls = 20 isDcNrRestricted = false isNrAvailable = false isEnDcAvailable = false LteVopsSupportInfo :  mVopsSupport = 2 mEmcBearerSupport = 3 mIsUsingCarrierAggregation = false } nrState=NONE}], mNrFrequencyRange=-1, mOperatorAlphaLongRaw=Vi India, mOperatorAlphaShortRaw=Vi India, mIsIwlanPreferred=false}
11-29 07:35:25.573  2151  2151 D CarrierTextController: onRefreshCarrierInfo(), mTelephonyCapable: true
11-29 07:35:25.573  2151  2151 D CarrierTextController: updateCarrierText(): 1
11-29 07:35:25.573  2151  2151 D CarrierTextController: updateCarrierText(): 1
11-29 07:35:25.573  18143  22266 W igation.testap: Accessing hidden method Lsun/misc/Unsafe;->putInt(Ljava/lang/Object;JI)V (greylist, linking, allowed)
11-29 07:35:25.573  2151  2151 D CarrierTextController: Handling (subId=5): READY Vi India — Vodafone IN
11-29 07:35:25.574  18143  22266 W igation.testap: Accessing hidden method Lsun/misc/Unsafe;->putLong(Ljava/lang/Object;JJ)V (greylist, linking, allowed)
11-29 07:35:25.574  2151  2151 D CarrierTextController: SIM ready and in service: subId=5, ss={mVoiceRegState=0(IN_SERVICE), mDataRegState=0(IN_SERVICE), mChannelNumber=41140, duplexMode()=2, mCellBandwidths=[], mVoiceOperatorAlphaLong=Vi India, mVoiceOperatorAlphaShort=Vi India, mDataOperatorAlphaLong=Vi India, mDataOperatorAlphaShort=Vi India, isManualNetworkSelection=false(automatic), getRilVoiceRadioTechnology=14(LTE), getRilDataRadioTechnology=14(LTE), mCssIndicator=supported, mNetworkId=-1, mSystemId=-1, mCdmaRoamingIndicator=-1, mCdmaDefaultRoamingIndicator=-1, mIsEmergencyOnly=false, isUsingCarrierAggregation=false, mLteEarfcnRsrpBoost=0, mNetworkRegistrationInfos=[NetworkRegistrationInfo{ domain=CS transportType=WWAN registrationState=ROAMING roamingType=DOMESTIC accessNetworkTechnology=LTE rejectCause=0 emergencyEnabled=false availableServices=[VOICE,SMS,VIDEO] cellIdentity=CellIdentityLte:{ mCi=10810419 mPci=49 mTac=24269 mEarfcn=41140 mBandwidth=2147483647 mMcc=404 mMnc=07 mAlphaLong=Vi India mAlphaShort=Vi India} voiceSpecificInfo=VoiceSpecificRegistrationInfo { mCssSupported=true mRoamingIndicator=0 mSystemIsInPrl=-1 mDefaultRoamingIndicator=-1} dataSpecificInfo=null nrState=NONE}, NetworkRegistrationInfo{ domain=PS transportType=WWAN registrationState=ROAMING roamingType=DOMESTIC accessNetworkTechnology=LTE rejectCause=0 emergencyEnabled=false availableServices=[DATA] cellIdentity=CellIdentityLte:{ mCi=10810419 mPci=49 mTac=24269 mEarfcn=41140 mBandwidth=2147483647 mMcc=404 mMnc=07 mAlphaLong=Vi India mAlphaShort=Vi India} voiceSpecificInfo=null dataSpecificInfo=android.telephony.DataSpecificRegistrationInfo :{ maxDataCalls = 20 isDcNrRestricted = false isNrAvailable = false isEnDcAvailable = false LteVopsSupportInfo :  mVopsSupport = 2 mEmcBearerSupport = 3 mIsUsingCarrierAggregation = false } nrState=NONE}], mNrFrequencyRange=-1, mOperatorAlphaLongRaw=Vi India, mOperatorAlphaShortRaw=Vi India, mIsIwlanPreferred=false}
11-29 07:35:25.575  2151  2151 D CarrierTextController: onRefreshCarrierInfo(), mTelephonyCapable: true
11-29 07:35:25.575  2151  2151 D CarrierTextController: updateCarrierText(): 1
11-29 07:35:25.575  18143  22266 W igation.testap: Accessing hidden method Lsun/misc/Unsafe;->putInt(Ljava/lang/Object;JI)V (greylist, linking, allowed)
11-29 07:35:25.575  2151  2151 D CarrierTextController: updateCarrierText(): 1
11-29 07:35:25.575  2151  2151 D CarrierTextController: Handling (subId=5): READY Vi India — Vodafone IN
11-29 07:35:25.575  18143  22266 W igation.testap: Accessing hidden method Lsun/misc/Unsafe;->putLong(Ljava/lang/Object;JJ)V (greylist, linking, allowed)
11-29 07:35:25.576  2151  2151 D CarrierTextController: SIM ready and in service: subId=5, ss={mVoiceRegState=0(IN_SERVICE), mDataRegState=0(IN_SERVICE), mChannelNumber=41140, duplexMode()=2, mCellBandwidths=[], mVoiceOperatorAlphaLong=Vi India, mVoiceOperatorAlphaShort=Vi India, mDataOperatorAlphaLong=Vi India, mDataOperatorAlphaShort=Vi India, isManualNetworkSelection=false(automatic), getRilVoiceRadioTechnology=14(LTE), getRilDataRadioTechnology=14(LTE), mCssIndicator=supported, mNetworkId=-1, mSystemId=-1, mCdmaRoamingIndicator=-1, mCdmaDefaultRoamingIndicator=-1, mIsEmergencyOnly=false, isUsingCarrierAggregation=false, mLteEarfcnRsrpBoost=0, mNetworkRegistrationInfos=[NetworkRegistrationInfo{ domain=CS transportType=WWAN registrationState=ROAMING roamingType=DOMESTIC accessNetworkTechnology=LTE rejectCause=0 emergencyEnabled=false availableServices=[VOICE,SMS,VIDEO] cellIdentity=CellIdentityLte:{ mCi=10810419 mPci=49 mTac=24269 mEarfcn=41140 mBandwidth=2147483647 mMcc=404 mMnc=07 mAlphaLong=Vi India mAlphaShort=Vi India} voiceSpecificInfo=VoiceSpecificRegistrationInfo { mCssSupported=true mRoamingIndicator=0 mSystemIsInPrl=-1 mDefaultRoamingIndicator=-1} dataSpecificInfo=null nrState=NONE}, NetworkRegistrationInfo{ domain=PS transportType=WWAN registrationState=ROAMING roamingType=DOMESTIC accessNetworkTechnology=LTE rejectCause=0 emergencyEnabled=false availableServices=[DATA] cellIdentity=CellIdentityLte:{ mCi=10810419 mPci=49 mTac=24269 mEarfcn=41140 mBandwidth=2147483647 mMcc=404 mMnc=07 mAlphaLong=Vi India mAlphaShort=Vi India} voiceSpecificInfo=null dataSpecificInfo=android.telephony.DataSpecificRegistrationInfo :{ maxDataCalls = 20 isDcNrRestricted = false isNrAvailable = false isEnDcAvailable = false LteVopsSupportInfo :  mVopsSupport = 2 mEmcBearerSupport = 3 mIsUsingCarrierAggregation = false } nrState=NONE}], mNrFrequencyRange=-1, mOperatorAlphaLongRaw=Vi India, mOperatorAlphaShortRaw=Vi India, mIsIwlanPreferred=false}
11-29 07:35:25.579  18143  22266 W igation.testap: Accessing hidden method Lsun/misc/Unsafe;->putObject(Ljava/lang/Object;JLjava/lang/Object;)V (greylist, linking, allowed)
11-29 07:35:25.580  18143  22266 W igation.testap: Accessing hidden method Lsun/misc/Unsafe;->putInt(Ljava/lang/Object;JI)V (greylist, linking, allowed)
11-29 07:35:25.580  18143  22266 W igation.testap: Accessing hidden method Lsun/misc/Unsafe;->putLong(Ljava/lang/Object;JJ)V (greylist, linking, allowed)
11-29 07:35:25.582  18143  22266 W igation.testap: Accessing hidden method Lsun/misc/Unsafe;->getInt(Ljava/lang/Object;J)I (greylist, linking, allowed)
11-29 07:35:25.583  18143  22266 W igation.testap: Accessing hidden method Lsun/misc/Unsafe;->putInt(Ljava/lang/Object;JI)V (greylist, linking, allowed)
11-29 07:35:25.583  18143  22266 W igation.testap: Accessing hidden method Lsun/misc/Unsafe;->getLong(Ljava/lang/Object;J)J (greylist,core-platform-api, linking, allowed)
11-29 07:35:25.583  18143  22266 W igation.testap: Accessing hidden method Lsun/misc/Unsafe;->putLong(Ljava/lang/Object;JJ)V (greylist, linking, allowed)
11-29 07:35:25.584  18143  22266 W igation.testap: Accessing hidden method Lsun/misc/Unsafe;->putInt(Ljava/lang/Object;JI)V (greylist, linking, allowed)
11-29 07:35:25.585  18143  22266 W igation.testap: Accessing hidden method Lsun/misc/Unsafe;->putInt(Ljava/lang/Object;JI)V (greylist, linking, allowed)
11-29 07:35:25.586  18143  22266 W igation.testap: Accessing hidden method Lsun/misc/Unsafe;->putLong(Ljava/lang/Object;JJ)V (greylist, linking, allowed)
11-29 07:35:25.590  18143  22266 W igation.testap: Accessing hidden method Lsun/misc/Unsafe;->putInt(Ljava/lang/Object;JI)V (greylist, linking, allowed)
11-29 07:35:25.591  18143  22266 W igation.testap: Accessing hidden method Lsun/misc/Unsafe;->putLong(Ljava/lang/Object;JJ)V (greylist, linking, allowed)
11-29 07:35:25.593  18143  22266 W igation.testap: Accessing hidden method Lsun/misc/Unsafe;->getInt(Ljava/lang/Object;J)I (greylist, linking, allowed)
11-29 07:35:25.593  18143  22266 W igation.testap: Accessing hidden method Lsun/misc/Unsafe;->putInt(Ljava/lang/Object;JI)V (greylist, linking, allowed)
11-29 07:35:25.594  18143  22266 W igation.testap: Accessing hidden method Lsun/misc/Unsafe;->getLong(Ljava/lang/Object;J)J (greylist,core-platform-api, linking, allowed)
11-29 07:35:25.594  18143  22266 W igation.testap: Accessing hidden method Lsun/misc/Unsafe;->putLong(Ljava/lang/Object;JJ)V (greylist, linking, allowed)
11-29 07:35:25.599  18143  22266 W igation.testap: Accessing hidden method Lsun/misc/Unsafe;->putInt(Ljava/lang/Object;JI)V (greylist, linking, allowed)
11-29 07:35:25.623  18143  22266 W igation.testap: Accessing hidden method Lsun/misc/Unsafe;->getLong(Ljava/lang/Object;J)J (greylist,core-platform-api, linking, allowed)
11-29 07:35:25.626  18143  22266 W igation.testap: Accessing hidden method Lsun/misc/Unsafe;->getInt(Ljava/lang/Object;J)I (greylist, linking, allowed)
11-29 07:35:25.634  18143  22266 W igation.testap: Accessing hidden method Lsun/misc/Unsafe;->getObject(Ljava/lang/Object;J)Ljava/lang/Object; (greylist, linking, allowed)
11-29 07:35:25.645  2151  2880 D NetworkController.MobileSignalController(5): onDataActivity: direction=3
11-29 07:35:25.648  1396  4076 I haohaov: [HMDenterprise broadcastIntentLocked] intent=Intent { act=android.intent.action.MCC_CHANGED (has extras) }
11-29 07:35:25.649  1396  4076 E ActivityManager: Sending non-protected broadcast android.intent.action.MCC_CHANGED from system 2362:com.android.phone/1001 pkg com.android.phone
java.lang.Throwable
	at com.android.server.am.ActivityManagerService.checkBroadcastFromSystem(ActivityManagerService.java:14874)
	at com.android.server.am.ActivityManagerService.broadcastIntentLocked(ActivityManagerService.java:15583)
	at com.android.server.am.ActivityManagerService.broadcastIntentLocked(ActivityManagerService.java:14934)
	at com.android.server.am.ActivityManagerService.broadcastIntent(ActivityManagerService.java:15725)
	at android.app.IActivityManager$Stub.onTransact(IActivityManager.java:1969)
	at com.android.server.am.ActivityManagerService.onTransact(ActivityManagerService.java:2771)
	at android.os.Binder.execTransactInternal(Binder.java:1021)
	at android.os.Binder.execTransact(Binder.java:994)

11-29 07:35:25.652  1396  4076 I DropBoxManagerService: add tag=system_server_wtf isTagEnabled=true flags=0x2
11-29 07:35:25.683  18143  18198 W igation.testap: Accessing hidden method Lsun/misc/Unsafe;->getObject(Ljava/lang/Object;J)Ljava/lang/Object; (greylist, linking, allowed)
11-29 07:35:25.684  18143  18198 W igation.testap: Accessing hidden method Lsun/misc/Unsafe;->putObject(Ljava/lang/Object;JLjava/lang/Object;)V (greylist, linking, allowed)
11-29 07:35:25.684  18143  18198 W igation.testap: Accessing hidden method Lsun/misc/Unsafe;->getInt(Ljava/lang/Object;J)I (greylist, linking, allowed)
11-29 07:35:25.684  18143  18198 W igation.testap: Accessing hidden method Lsun/misc/Unsafe;->putLong(Ljava/lang/Object;JJ)V (greylist, linking, allowed)
11-29 07:35:25.684  18143  18198 W igation.testap: Accessing hidden method Lsun/misc/Unsafe;->putInt(Ljava/lang/Object;JI)V (greylist, linking, allowed)
11-29 07:35:25.684  18143  18198 W igation.testap: Accessing hidden method Lsun/misc/Unsafe;->getInt(Ljava/lang/Object;J)I (greylist, linking, allowed)
11-29 07:35:25.685  18143  18198 I chatty: uid=10169(com.google.android.libraries.navigation.testapp) Network_5 identical 1 line
11-29 07:35:25.686  18143  18198 W igation.testap: Accessing hidden method Lsun/misc/Unsafe;->getInt(Ljava/lang/Object;J)I (greylist, linking, allowed)
11-29 07:35:25.686  18143  18198 W igation.testap: Accessing hidden method Lsun/misc/Unsafe;->getLong(Ljava/lang/Object;J)J (greylist,core-platform-api, linking, allowed)
11-29 07:35:25.686  18143  18198 W igation.testap: Accessing hidden method Lsun/misc/Unsafe;->getInt(Ljava/lang/Object;J)I (greylist, linking, allowed)
11-29 07:35:25.686  18143  18198 W igation.testap: Accessing hidden method Lsun/misc/Unsafe;->putInt(Ljava/lang/Object;JI)V (greylist, linking, allowed)
11-29 07:35:25.686  18143  18198 W igation.testap: Accessing hidden method Lsun/misc/Unsafe;->getInt(Ljava/lang/Object;J)I (greylist, linking, allowed)
11-29 07:35:25.687  18143  18198 W igation.testap: Accessing hidden method Lsun/misc/Unsafe;->putInt(Ljava/lang/Object;JI)V (greylist, linking, allowed)
11-29 07:35:25.690  18143  18198 W igation.testap: Accessing hidden method Lsun/misc/Unsafe;->putInt(Ljava/lang/Object;JI)V (greylist, linking, allowed)
11-29 07:35:25.691  18143  18198 W igation.testap: Accessing hidden method Lsun/misc/Unsafe;->getInt(Ljava/lang/Object;J)I (greylist, linking, allowed)
11-29 07:35:25.691  18143  18198 W igation.testap: Accessing hidden method Lsun/misc/Unsafe;->putInt(Ljava/lang/Object;JI)V (greylist, linking, allowed)
11-29 07:35:25.691  18143  18198 W igation.testap: Accessing hidden method Lsun/misc/Unsafe;->getInt(Ljava/lang/Object;J)I (greylist, linking, allowed)
11-29 07:35:25.700  18143  18198 W igation.testap: Accessing hidden method Lsun/misc/Unsafe;->compareAndSwapObject(Ljava/lang/Object;JLjava/lang/Object;Ljava/lang/Object;)Z (greylist, linking, allowed)
11-29 07:35:25.727  18143  22266 W igation.testap: Accessing hidden method Lsun/misc/Unsafe;->getInt(Ljava/lang/Object;J)I (greylist, linking, allowed)
11-29 07:35:25.727  18143  22266 W igation.testap: Accessing hidden method Lsun/misc/Unsafe;->getObject(Ljava/lang/Object;J)Ljava/lang/Object; (greylist, linking, allowed)
11-29 07:35:25.775  17732  17732 E STFService: run1: 3.2.8
11-29 07:35:25.783  17732  17732 I STFService: sendNetworkClass:  CellSignalLte:{alphaLong=Vi India, rssi=-51, mnc=7, level=4, bandwidth=2147483647, ci=10810421, asulevel=52, parametersUseForLevel=-88, rsrp=-88, rssnr=2147483647, bands=[], mcc=404, ta=20, mAdditionalPlmns=unknown, sinr=2147483647, csgInfo=unknown, rsrq=-16, pci=50, tac=24269, alphaShort=Vi India, cqi=2147483647, earfcn=41140}
11-29 07:35:25.784  17732  17732 I STFService: sendNetworkClass:  CellSignalLte:{alphaLong=, rssi=-59, mnc=2147483647, level=4, bandwidth=2147483647, ci=2147483647, asulevel=57, parametersUseForLevel=-83, rsrp=-83, rssnr=2147483647, bands=[], mcc=2147483647, ta=2147483647, mAdditionalPlmns=unknown, sinr=2147483647, csgInfo=unknown, rsrq=-10, pci=49, tac=2147483647, alphaShort=, cqi=2147483647, earfcn=41140}
11-29 07:35:25.786  2151  2880 D NetworkController.MobileSignalController(5): notifyListeners mConfig.alwaysShowNetworkTypeIcon=false  mDataNetType:13/LTE voiceNetType=13/LTE showDataIcon=true mConfig.alwaysShowDataRatIcon=false icons.mDataType=2131231207 mConfig.hideDisabledHDIcon=true mConfig.showVolteIcon=true isVolteSwitchOn=true mShowVolteIcon=true volteIcon=com.android.systemui:drawable/ic_volte mCurrentState.vowifiResitered=false mShowVowifiIcon=true vowifiIcon=(null) volteIcon=2131231539 mConfig.showVowifiIcon=false
11-29 07:35:25.787  2151  2151 D StatusBarMobileView: mState.typeId != state.typeId :: false
11-29 07:35:25.789  17732  17732 I STFService: sendNetworkClass:  EPDGInfo:{dns_server_4=2001:4860:4860::6464, ip_address_1=100.101.13.78, dns_server_3=2402:3a80:c079:25::6, ip_address_2=2402:3a80:43a8:c940:606a:db98:7fbc:41fa, dns_server_2=8.8.4.4, dns_server_1=42.105.241.76, max_downstream_bandwidth=30000, is_secure=true, tunneling_protocol=rmnet_data1, max_upstream_bandwidth=15000}
11-29 07:35:25.792  2151  2151 D StatusBarMobileView: mState.typeId != state.typeId :: false
11-29 07:35:25.794  2151  2151 D StatusBarMobileView: mState.typeId != state.typeId :: false
11-29 07:35:25.806  760  760 I sensors-hal: flush:260, android.sensor.gravity/91
11-29 07:35:25.807  760  760 I sensors-hal: flush:268, android.sensor.gravity/91 completed
11-29 07:35:25.807  760  760 I sensors-hal: flush:260, android.sensor.linear_acceleration/101
11-29 07:35:25.807  760  760 I sensors-hal: flush:268, android.sensor.linear_acceleration/101 completed
11-29 07:35:25.808  760  760 I sensors-hal: flush:260, android.sensor.gyroscope_uncalibrated/161
11-29 07:35:25.808  760  760 I sensors-hal: flush:268, android.sensor.gyroscope_uncalibrated/161 completed
11-29 07:35:25.808  18143  22267 W igation.testap: Accessing hidden method Lsun/misc/Unsafe;->compareAndSwapObject(Ljava/lang/Object;JLjava/lang/Object;Ljava/lang/Object;)Z (greylist, linking, allowed)
11-29 07:35:25.825  18143  22296 W igation.testap: Accessing hidden method Lsun/misc/Unsafe;->getInt(Ljava/lang/Object;J)I (greylist, linking, allowed)
11-29 07:35:25.825  18143  22296 W igation.testap: Accessing hidden method Lsun/misc/Unsafe;->putLong(Ljava/lang/Object;JJ)V (greylist, linking, allowed)
11-29 07:35:25.825  18143  22296 W igation.testap: Accessing hidden method Lsun/misc/Unsafe;->putInt(Ljava/lang/Object;JI)V (greylist, linking, allowed)
11-29 07:35:25.825  18143  22296 W igation.testap: Accessing hidden method Lsun/misc/Unsafe;->putObject(Ljava/lang/Object;JLjava/lang/Object;)V (greylist, linking, allowed)
11-29 07:35:25.825  18143  22296 W igation.testap: Accessing hidden method Lsun/misc/Unsafe;->getObject(Ljava/lang/Object;J)Ljava/lang/Object; (greylist, linking, allowed)
11-29 07:35:25.845  24515  24515 I /system/bin/dumpstate: libdebuggerd_client: done dumping process 979
11-29 07:35:25.849  24515  24515 I /system/bin/dumpstate: libdebuggerd_client: started dumping process 990
11-29 07:35:25.853  1142  1142 I /system/bin/tombstoned: registered intercept for pid 990 and type kDebuggerdNativeBacktrace
11-29 07:35:25.854  990  990 I libc: Requested dump for tid 990 (mediadrmserver)
11-29 07:35:25.935  2362  13985 D PhoneInterfaceManager: [PhoneIntfMgr] getCellLocation: is active user
11-29 07:35:25.943  24632  24632 I crash_dump64: obtaining output fd from tombstoned, type: kDebuggerdNativeBacktrace
11-29 07:35:25.944  1142  1142 I /system/bin/tombstoned: received crash request for pid 990
11-29 07:35:25.944  1142  1142 I /system/bin/tombstoned: found intercept fd 512 for pid 990 and type kDebuggerdNativeBacktrace
11-29 07:35:25.949  24632  24632 I crash_dump64: performing dump of process 990 (target tid = 990)
11-29 07:35:25.972  18143  18167 W igation.testap: Accessing hidden method Lsun/misc/Unsafe;->compareAndSwapObject(Ljava/lang/Object;JLjava/lang/Object;Ljava/lang/Object;)Z (greylist, linking, allowed)
11-29 07:35:25.988  24515  24515 I /system/bin/dumpstate: libdebuggerd_client: done dumping process 990
11-29 07:35:25.989  24515  24515 I /system/bin/dumpstate: libdebuggerd_client: started dumping process 991
11-29 07:35:25.991  1142  1142 I /system/bin/tombstoned: registered intercept for pid 991 and type kDebuggerdNativeBacktrace
11-29 07:35:25.994  1142  1142 I /system/bin/tombstoned: received crash request for pid 991
11-29 07:35:25.994  1142  1142 I /system/bin/tombstoned: found intercept fd 512 for pid 991 and type kDebuggerdNativeBacktrace
11-29 07:35:26.062  2362  13985 D PhoneInterfaceManager: [PhoneIntfMgr] getLine1NumberForDisplay returning null
11-29 07:35:26.072  1396  4080 W DevicePolicyManager: Package com.gyokovsolutions.gnettracklite (uid=10176, pid=16892) cannot access Device IDs
11-29 07:35:26.074  2362  13985 W TelephonyPermissions: reportAccessDeniedToReadIdentifiers:com.gyokovsolutions.gnettracklite:getSubscriberId:isPreinstalled=false:isPrivApp=false
11-29 07:35:26.085  18143  22296 W igation.testap: Accessing hidden method Lsun/misc/Unsafe;->getInt(Ljava/lang/Object;J)I (greylist, linking, allowed)
11-29 07:35:26.086  18143  22296 W igation.testap: Accessing hidden method Lsun/misc/Unsafe;->getObject(Ljava/lang/Object;J)Ljava/lang/Object; (greylist, linking, allowed)
11-29 07:35:26.111  2754  5006 I FusedLocation: location delivery to 10125/com.google.android.gms[.location_base]/b111ad5c blocked - too fast [CONTEXT service_id=6 ]

11-29 07:35:26.111  2754  5006 I FusedLocation: location delivery to 10175/com.zihua.android.mytracks/837233a blocked - too fast [CONTEXT service_id=6 ]

11-29 07:35:26.111  2754  5006 I FusedLocation: location delivery to 10201/jp.co.cyberagent.stf/8bc2f8c5 blocked - too fast [CONTEXT service_id=6 ]

11-29 07:35:26.121  18143  22296 W igation.testap: Accessing hidden method Lsun/misc/Unsafe;->getObject(Ljava/lang/Object;J)Ljava/lang/Object; (greylist, linking, allowed)
11-29 07:35:26.122  18143  22296 W igation.testap: Accessing hidden method Lsun/misc/Unsafe;->putObject(Ljava/lang/Object;JLjava/lang/Object;)V (greylist, linking, allowed)
11-29 07:35:26.122  18143  22296 W igation.testap: Accessing hidden method Lsun/misc/Unsafe;->getInt(Ljava/lang/Object;J)I (greylist, linking, allowed)
11-29 07:35:26.122  18143  22296 W igation.testap: Accessing hidden method Lsun/misc/Unsafe;->putInt(Ljava/lang/Object;JI)V (greylist, linking, allowed)
11-29 07:35:26.123  18143  22296 W igation.testap: Accessing hidden method Lsun/misc/Unsafe;->compareAndSwapObject(Ljava/lang/Object;JLjava/lang/Object;Ljava/lang/Object;)Z (greylist, linking, allowed)
11-29 07:35:26.124  18143  22296 W igation.testap: Accessing hidden method Lsun/misc/Unsafe;->getLong(Ljava/lang/Object;J)J (greylist,core-platform-api, linking, allowed)
11-29 07:35:26.125  18143  22296 I native: I0000 00:00:1701243326.125724   22296 map-location-tracker.cc:414] MapLocationTracker called with 4 existing on-segment hypotheses, 0 existing off-segment hypotheses, 3 queued observations at time 7142728.

11-29 07:35:26.138  18143  22296 I native: I0000 00:00:1701243326.138025   22296 map-location-tracker.cc:845] time_ms: 7142728 MapTrackingResult[lat/lng=17.4475632,78.3781694 speed=10.88 bearing=35.53 alti=nanm, on_road=1 in_startup_confusion=0 posn_acc=6.40 spd_acc=2.21 bear_acc=7.35 alti_acc=inf segment=Hitech City Main Rd:0x6B22F9869861FFC3:0x5:[17.4473150,78.3779900 45.4m 35°, r-606.9m]x11m->1/1#[σ 5.00m 7.4°] meters_on_segment=33.52 across: nan off_mode_probability=1.00 {level=unknown} [nmm loc] ]

11-29 07:35:26.142  18143  22296 W igation.testap: Accessing hidden method Lsun/misc/Unsafe;->putInt(Ljava/lang/Object;JI)V (greylist, linking, allowed)
11-29 07:35:26.143  18143  22296 W igation.testap: Accessing hidden method Lsun/misc/Unsafe;->putObject(Ljava/lang/Object;JLjava/lang/Object;)V (greylist, linking, allowed)
11-29 07:35:26.151  18143  22295 W igation.testap: Accessing hidden method Lsun/misc/Unsafe;->getObject(Ljava/lang/Object;J)Ljava/lang/Object; (greylist, linking, allowed)
11-29 07:35:26.152  18143  22296 I native: I0000 00:00:1701243326.152366   22296 patchwork-snaptile-integrator.cc:533] DoFollowUpWork: 6 tiles currently loaded.

11-29 07:35:26.156  18143  18168 W igation.testap: Accessing hidden method Lsun/misc/Unsafe;->putObject(Ljava/lang/Object;JLjava/lang/Object;)V (greylist, linking, allowed)
11-29 07:35:26.156  18143  18168 W igation.testap: Accessing hidden method Lsun/misc/Unsafe;->putInt(Ljava/lang/Object;JI)V (greylist, linking, allowed)
11-29 07:35:26.157  18143  18168 W igation.testap: Accessing hidden method Lsun/misc/Unsafe;->putInt(Ljava/lang/Object;JI)V (greylist, linking, allowed)
11-29 07:35:26.157  18143  22295 I native: I0000 00:00:1701243326.157337   22295 guider.cc:320] [NAV][OnLocationChanged] : (38) (routes: *38=1, 45=1, 46=1) 988.379m (next: 357.906m) speed: 10.8777m/s

11-29 07:35:26.159  760  760 I sensors-hal: flush:260, android.sensor.gravity/91
11-29 07:35:26.159  18143  22295 W igation.testap: Accessing hidden method Lsun/misc/Unsafe;->putInt(Ljava/lang/Object;JI)V (greylist, linking, allowed)
11-29 07:35:26.159  760  760 I sensors-hal: flush:268, android.sensor.gravity/91 completed
11-29 07:35:26.161  18143  18168 W igation.testap: Accessing hidden method Lsun/misc/Unsafe;->putObject(Ljava/lang/Object;JLjava/lang/Object;)V (greylist, linking, allowed)
11-29 07:35:26.161  18143  18168 W igation.testap: Accessing hidden method Lsun/misc/Unsafe;->putInt(Ljava/lang/Object;JI)V (greylist, linking, allowed)
11-29 07:35:26.161  18143  18168 W igation.testap: Accessing hidden method Lsun/misc/Unsafe;->putInt(Ljava/lang/Object;JI)V (greylist, linking, allowed)
11-29 07:35:26.163  18143  22295 W igation.testap: Accessing hidden method Lsun/misc/Unsafe;->putInt(Ljava/lang/Object;JI)V (greylist, linking, allowed)
11-29 07:35:26.166  760  760 I sensors-hal: flush:260, android.sensor.linear_acceleration/101
11-29 07:35:26.166  760  760 I sensors-hal: flush:268, android.sensor.linear_acceleration/101 completed
11-29 07:35:26.166  760  760 I sensors-hal: flush:260, android.sensor.gyroscope_uncalibrated/161
11-29 07:35:26.166  760  760 I sensors-hal: flush:268, android.sensor.gyroscope_uncalibrated/161 completed
11-29 07:35:26.168  18143  22267 W igation.testap: Accessing hidden method Lsun/misc/Unsafe;->compareAndSwapObject(Ljava/lang/Object;JLjava/lang/Object;Ljava/lang/Object;)Z (greylist, linking, allowed)
11-29 07:35:26.170  18143  22295 W igation.testap: Accessing hidden method Lsun/misc/Unsafe;->putInt(Ljava/lang/Object;JI)V (greylist, linking, allowed)
11-29 07:35:26.170  18143  22295 W igation.testap: Accessing hidden method Lsun/misc/Unsafe;->getObject(Ljava/lang/Object;J)Ljava/lang/Object; (greylist, linking, allowed)
11-29 07:35:26.170  18143  22295 W igation.testap: Accessing hidden method Lsun/misc/Unsafe;->getObject(Ljava/lang/Object;J)Ljava/lang/Object; (greylist, linking, allowed)
11-29 07:35:26.171  18143  22295 W igation.testap: Accessing hidden method Lsun/misc/Unsafe;->getInt(Ljava/lang/Object;J)I (greylist, linking, allowed)
11-29 07:35:26.171  18143  22295 W igation.testap: Accessing hidden method Lsun/misc/Unsafe;->putLong(Ljava/lang/Object;JJ)V (greylist, linking, allowed)
11-29 07:35:26.179  18143  18167 W igation.testap: Accessing hidden method Lsun/misc/Unsafe;->putObject(Ljava/lang/Object;JLjava/lang/Object;)V (greylist, linking, allowed)
11-29 07:35:26.179  18143  22295 W igation.testap: Accessing hidden method Lsun/misc/Unsafe;->compareAndSwapObject(Ljava/lang/Object;JLjava/lang/Object;Ljava/lang/Object;)Z (greylist, linking, allowed)
11-29 07:35:26.184  18143  22296 W igation.testap: Accessing hidden method Lsun/misc/Unsafe;->getInt(Ljava/lang/Object;J)I (greylist, linking, allowed)
11-29 07:35:26.184  18143  22296 W igation.testap: Accessing hidden method Lsun/misc/Unsafe;->putLong(Ljava/lang/Object;JJ)V (greylist, linking, allowed)
11-29 07:35:26.185  18143  22296 W igation.testap: Accessing hidden method Lsun/misc/Unsafe;->putObject(Ljava/lang/Object;JLjava/lang/Object;)V (greylist, linking, allowed)
11-29 07:35:26.278  18143  18143 W igation.testap: Accessing hidden method Lsun/misc/Unsafe;->getInt(Ljava/lang/Object;J)I (greylist, linking, allowed)
11-29 07:35:26.278  18143  18143 W igation.testap: Accessing hidden method Lsun/misc/Unsafe;->getObject(Ljava/lang/Object;J)Ljava/lang/Object; (greylist, linking, allowed)
11-29 07:35:26.285  24515  24515 I /system/bin/dumpstate: libdebuggerd_client: done dumping process 991
11-29 07:35:26.286  24515  24515 I /system/bin/dumpstate: libdebuggerd_client: started dumping process 993
11-29 07:35:26.290  993  993 I libc: Requested dump for tid 993 (mediametrics)
11-29 07:35:26.293  1142  1142 I /system/bin/tombstoned: registered intercept for pid 993 and type kDebuggerdNativeBacktrace
11-29 07:35:26.379  770  906 I SDM: CompManager::ProcessIdleTimeout: QIPL idle time
11-29 07:35:26.396  24637  24637 I crash_dump64: obtaining output fd from tombstoned, type: kDebuggerdNativeBacktrace
11-29 07:35:26.397  1142  1142 I /system/bin/tombstoned: received crash request for pid 993
11-29 07:35:26.398  1142  1142 I /system/bin/tombstoned: found intercept fd 512 for pid 993 and type kDebuggerdNativeBacktrace
11-29 07:35:26.398  24637  24637 I crash_dump64: performing dump of process 993 (target tid = 993)
11-29 07:35:26.444  24515  24515 I /system/bin/dumpstate: libdebuggerd_client: done dumping process 993
11-29 07:35:26.445  24515  24515 I /system/bin/dumpstate: libdebuggerd_client: started dumping process 995
11-29 07:35:26.447  1142  1142 I /system/bin/tombstoned: registered intercept for pid 995 and type kDebuggerdNativeBacktrace
11-29 07:35:26.449  995  995 I libc: Requested dump for tid 995 (mediaserver)
11-29 07:35:26.518  760  760 I sensors-hal: flush:260, android.sensor.gravity/91
11-29 07:35:26.519  760  760 I sensors-hal: flush:268, android.sensor.gravity/91 completed
11-29 07:35:26.519  760  760 I sensors-hal: flush:260, android.sensor.linear_acceleration/101
11-29 07:35:26.519  760  760 I sensors-hal: flush:268, android.sensor.linear_acceleration/101 completed
11-29 07:35:26.519  760  760 I sensors-hal: flush:260, android.sensor.gyroscope_uncalibrated/161
11-29 07:35:26.519  760  760 I sensors-hal: flush:268, android.sensor.gyroscope_uncalibrated/161 completed
11-29 07:35:26.520  18143  22267 W igation.testap: Accessing hidden method Lsun/misc/Unsafe;->compareAndSwapObject(Ljava/lang/Object;JLjava/lang/Object;Ljava/lang/Object;)Z (greylist, linking, allowed)
11-29 07:35:26.542  18143  22296 W igation.testap: Accessing hidden method Lsun/misc/Unsafe;->getInt(Ljava/lang/Object;J)I (greylist, linking, allowed)
11-29 07:35:26.542  18143  22296 W igation.testap: Accessing hidden method Lsun/misc/Unsafe;->putLong(Ljava/lang/Object;JJ)V (greylist, linking, allowed)
11-29 07:35:26.543  18143  22296 W igation.testap: Accessing hidden method Lsun/misc/Unsafe;->putInt(Ljava/lang/Object;JI)V (greylist, linking, allowed)
11-29 07:35:26.543  18143  22296 W igation.testap: Accessing hidden method Lsun/misc/Unsafe;->putObject(Ljava/lang/Object;JLjava/lang/Object;)V (greylist, linking, allowed)
11-29 07:35:26.543  18143  22296 W igation.testap: Accessing hidden method Lsun/misc/Unsafe;->getObject(Ljava/lang/Object;J)Ljava/lang/Object; (greylist, linking, allowed)
11-29 07:35:26.568  24642  24642 I crash_dump32: obtaining output fd from tombstoned, type: kDebuggerdNativeBacktrace
11-29 07:35:26.569  1142  1142 I /system/bin/tombstoned: received crash request for pid 995
11-29 07:35:26.569  1142  1142 I /system/bin/tombstoned: found intercept fd 512 for pid 995 and type kDebuggerdNativeBacktrace
11-29 07:35:26.570  24642  24642 I crash_dump32: performing dump of process 995 (target tid = 995)
11-29 07:35:26.629  18143  22266 W igation.testap: Accessing hidden method Lsun/misc/Unsafe;->getInt(Ljava/lang/Object;J)I (greylist, linking, allowed)
11-29 07:35:26.630  18143  22266 W igation.testap: Accessing hidden method Lsun/misc/Unsafe;->getObject(Ljava/lang/Object;J)Ljava/lang/Object; (greylist, linking, allowed)
11-29 07:35:26.630  18143  22266 W igation.testap: Accessing hidden method Lsun/misc/Unsafe;->putObject(Ljava/lang/Object;JLjava/lang/Object;)V (greylist, linking, allowed)
11-29 07:35:26.630  18143  22266 W igation.testap: Accessing hidden method Lsun/misc/Unsafe;->putInt(Ljava/lang/Object;JI)V (greylist, linking, allowed)
11-29 07:35:26.631  18143  22266 W igation.testap: Accessing hidden method Lsun/misc/Unsafe;->getLong(Ljava/lang/Object;J)J (greylist,core-platform-api, linking, allowed)
11-29 07:35:26.631  18143  22266 W igation.testap: Accessing hidden method Lsun/misc/Unsafe;->putLong(Ljava/lang/Object;JJ)V (greylist, linking, allowed)
11-29 07:35:26.635  18143  22266 W igation.testap: Accessing hidden method Lsun/misc/Unsafe;->putInt(Ljava/lang/Object;JI)V (greylist, linking, allowed)
11-29 07:35:26.638  18143  22266 W igation.testap: Accessing hidden method Lsun/misc/Unsafe;->getInt(Ljava/lang/Object;J)I (greylist, linking, allowed)
11-29 07:35:26.638  18143  22266 W igation.testap: Accessing hidden method Lsun/misc/Unsafe;->putInt(Ljava/lang/Object;JI)V (greylist, linking, allowed)
11-29 07:35:26.639  18143  22266 W igation.testap: Accessing hidden method Lsun/misc/Unsafe;->getLong(Ljava/lang/Object;J)J (greylist,core-platform-api, linking, allowed)
11-29 07:35:26.639  18143  22266 W igation.testap: Accessing hidden method Lsun/misc/Unsafe;->putLong(Ljava/lang/Object;JJ)V (greylist, linking, allowed)
11-29 07:35:26.644  18143  22266 W igation.testap: Accessing hidden method Lsun/misc/Unsafe;->putInt(Ljava/lang/Object;JI)V (greylist, linking, allowed)
11-29 07:35:26.644  18143  22266 W igation.testap: Accessing hidden method Lsun/misc/Unsafe;->putLong(Ljava/lang/Object;JJ)V (greylist, linking, allowed)
11-29 07:35:26.646  18143  22266 W igation.testap: Accessing hidden method Lsun/misc/Unsafe;->getObject(Ljava/lang/Object;J)Ljava/lang/Object; (greylist, linking, allowed)
11-29 07:35:26.651  18143  22266 W igation.testap: Accessing hidden method Lsun/misc/Unsafe;->getInt(Ljava/lang/Object;J)I (greylist, linking, allowed)
11-29 07:35:26.651  18143  22266 W igation.testap: Accessing hidden method Lsun/misc/Unsafe;->getObject(Ljava/lang/Object;J)Ljava/lang/Object; (greylist, linking, allowed)
11-29 07:35:26.651  18143  22266 W igation.testap: Accessing hidden method Lsun/misc/Unsafe;->putInt(Ljava/lang/Object;JI)V (greylist, linking, allowed)
11-29 07:35:26.651  18143  22266 W igation.testap: Accessing hidden method Lsun/misc/Unsafe;->getLong(Ljava/lang/Object;J)J (greylist,core-platform-api, linking, allowed)
11-29 07:35:26.651  18143  22266 W igation.testap: Accessing hidden method Lsun/misc/Unsafe;->putLong(Ljava/lang/Object;JJ)V (greylist, linking, allowed)
11-29 07:35:26.654  18143  22266 W igation.testap: Accessing hidden method Lsun/misc/Unsafe;->getInt(Ljava/lang/Object;J)I (greylist, linking, allowed)
11-29 07:35:26.654  18143  22266 W igation.testap: Accessing hidden method Lsun/misc/Unsafe;->putObject(Ljava/lang/Object;JLjava/lang/Object;)V (greylist, linking, allowed)
11-29 07:35:26.655  18143  22266 W igation.testap: Accessing hidden method Lsun/misc/Unsafe;->putInt(Ljava/lang/Object;JI)V (greylist, linking, allowed)
11-29 07:35:26.655  18143  22266 W igation.testap: Accessing hidden method Lsun/misc/Unsafe;->putObject(Ljava/lang/Object;JLjava/lang/Object;)V (greylist, linking, allowed)
11-29 07:35:26.657  18143  22266 W igation.testap: Accessing hidden method Lsun/misc/Unsafe;->getInt(Ljava/lang/Object;J)I (greylist, linking, allowed)
11-29 07:35:26.657  18143  22266 W igation.testap: Accessing hidden method Lsun/misc/Unsafe;->putInt(Ljava/lang/Object;JI)V (greylist, linking, allowed)
11-29 07:35:26.658  18143  22266 W igation.testap: Accessing hidden method Lsun/misc/Unsafe;->getLong(Ljava/lang/Object;J)J (greylist,core-platform-api, linking, allowed)
11-29 07:35:26.658  18143  22266 W igation.testap: Accessing hidden method Lsun/misc/Unsafe;->putLong(Ljava/lang/Object;JJ)V (greylist, linking, allowed)
11-29 07:35:26.659  18143  22266 W igation.testap: Accessing hidden method Lsun/misc/Unsafe;->putInt(Ljava/lang/Object;JI)V (greylist, linking, allowed)
11-29 07:35:26.660  18143  22266 W igation.testap: Accessing hidden method Lsun/misc/Unsafe;->putInt(Ljava/lang/Object;JI)V (greylist, linking, allowed)
11-29 07:35:26.661  18143  22266 W igation.testap: Accessing hidden method Lsun/misc/Unsafe;->putLong(Ljava/lang/Object;JJ)V (greylist, linking, allowed)
11-29 07:35:26.666  18143  22266 W igation.testap: Accessing hidden method Lsun/misc/Unsafe;->putInt(Ljava/lang/Object;JI)V (greylist, linking, allowed)
11-29 07:35:26.667  18143  22266 W igation.testap: Accessing hidden method Lsun/misc/Unsafe;->putLong(Ljava/lang/Object;JJ)V (greylist, linking, allowed)
11-29 07:35:26.673  18143  22266 W igation.testap: Accessing hidden method Lsun/misc/Unsafe;->getInt(Ljava/lang/Object;J)I (greylist, linking, allowed)
11-29 07:35:26.673  18143  22266 W igation.testap: Accessing hidden method Lsun/misc/Unsafe;->putInt(Ljava/lang/Object;JI)V (greylist, linking, allowed)
11-29 07:35:26.673  18143  22266 W igation.testap: Accessing hidden method Lsun/misc/Unsafe;->getLong(Ljava/lang/Object;J)J (greylist,core-platform-api, linking, allowed)
11-29 07:35:26.674  18143  22266 W igation.testap: Accessing hidden method Lsun/misc/Unsafe;->putLong(Ljava/lang/Object;JJ)V (greylist, linking, allowed)
11-29 07:35:26.676  18143  22266 W igation.testap: Accessing hidden method Lsun/misc/Unsafe;->getInt(Ljava/lang/Object;J)I (greylist, linking, allowed)
11-29 07:35:26.676  18143  22266 W igation.testap: Accessing hidden method Lsun/misc/Unsafe;->putObject(Ljava/lang/Object;JLjava/lang/Object;)V (greylist, linking, allowed)
11-29 07:35:26.676  18143  22266 W igation.testap: Accessing hidden method Lsun/misc/Unsafe;->putInt(Ljava/lang/Object;JI)V (greylist, linking, allowed)
11-29 07:35:26.677  18143  22266 W igation.testap: Accessing hidden method Lsun/misc/Unsafe;->getLong(Ljava/lang/Object;J)J (greylist,core-platform-api, linking, allowed)
11-29 07:35:26.677  18143  22266 W igation.testap: Accessing hidden method Lsun/misc/Unsafe;->putLong(Ljava/lang/Object;JJ)V (greylist, linking, allowed)
11-29 07:35:26.678  18143  22266 W igation.testap: Accessing hidden method Lsun/misc/Unsafe;->putInt(Ljava/lang/Object;JI)V (greylist, linking, allowed)
11-29 07:35:26.678  18143  22266 W igation.testap: Accessing hidden method Lsun/misc/Unsafe;->putLong(Ljava/lang/Object;JJ)V (greylist, linking, allowed)
11-29 07:35:26.680  18143  22266 W igation.testap: Accessing hidden method Lsun/misc/Unsafe;->putInt(Ljava/lang/Object;JI)V (greylist, linking, allowed)
11-29 07:35:26.680  18143  22266 W igation.testap: Accessing hidden method Lsun/misc/Unsafe;->putLong(Ljava/lang/Object;JJ)V (greylist, linking, allowed)
11-29 07:35:26.684  18143  22266 W igation.testap: Accessing hidden method Lsun/misc/Unsafe;->putInt(Ljava/lang/Object;JI)V (greylist, linking, allowed)
11-29 07:35:26.685  18143  22266 W igation.testap: Accessing hidden method Lsun/misc/Unsafe;->putLong(Ljava/lang/Object;JJ)V (greylist, linking, allowed)
11-29 07:35:26.688  18143  22266 W igation.testap: Accessing hidden method Lsun/misc/Unsafe;->getInt(Ljava/lang/Object;J)I (greylist, linking, allowed)
11-29 07:35:26.688  18143  22266 W igation.testap: Accessing hidden method Lsun/misc/Unsafe;->putInt(Ljava/lang/Object;JI)V (greylist, linking, allowed)
11-29 07:35:26.688  18143  22266 W igation.testap: Accessing hidden method Lsun/misc/Unsafe;->getLong(Ljava/lang/Object;J)J (greylist,core-platform-api, linking, allowed)
11-29 07:35:26.688  18143  22266 W igation.testap: Accessing hidden method Lsun/misc/Unsafe;->putLong(Ljava/lang/Object;JJ)V (greylist, linking, allowed)
11-29 07:35:26.689  18143  22266 W igation.testap: Accessing hidden method Lsun/misc/Unsafe;->putInt(Ljava/lang/Object;JI)V (greylist, linking, allowed)
11-29 07:35:26.690  18143  22266 W igation.testap: Accessing hidden method Lsun/misc/Unsafe;->putInt(Ljava/lang/Object;JI)V (greylist, linking, allowed)
11-29 07:35:26.691  18143  22266 W igation.testap: Accessing hidden method Lsun/misc/Unsafe;->putLong(Ljava/lang/Object;JJ)V (greylist, linking, allowed)
11-29 07:35:26.695  18143  22266 W igation.testap: Accessing hidden method Lsun/misc/Unsafe;->putInt(Ljava/lang/Object;JI)V (greylist, linking, allowed)
11-29 07:35:26.695  18143  22266 W igation.testap: Accessing hidden method Lsun/misc/Unsafe;->putLong(Ljava/lang/Object;JJ)V (greylist, linking, allowed)
11-29 07:35:26.696  18143  22266 W igation.testap: Accessing hidden method Lsun/misc/Unsafe;->getObject(Ljava/lang/Object;J)Ljava/lang/Object; (greylist, linking, allowed)
11-29 07:35:26.697  18143  22266 W igation.testap: Accessing hidden method Lsun/misc/Unsafe;->getObject(Ljava/lang/Object;J)Ljava/lang/Object; (greylist, linking, allowed)
11-29 07:35:26.698  18143  22266 W igation.testap: Accessing hidden method Lsun/misc/Unsafe;->getInt(Ljava/lang/Object;J)I (greylist, linking, allowed)
11-29 07:35:26.698  18143  22266 W igation.testap: Accessing hidden method Lsun/misc/Unsafe;->putInt(Ljava/lang/Object;JI)V (greylist, linking, allowed)
11-29 07:35:26.698  18143  22266 W igation.testap: Accessing hidden method Lsun/misc/Unsafe;->getLong(Ljava/lang/Object;J)J (greylist,core-platform-api, linking, allowed)
11-29 07:35:26.698  18143  22266 W igation.testap: Accessing hidden method Lsun/misc/Unsafe;->putLong(Ljava/lang/Object;JJ)V (greylist, linking, allowed)
11-29 07:35:26.702  18143  22266 W igation.testap: Accessing hidden method Lsun/misc/Unsafe;->putInt(Ljava/lang/Object;JI)V (greylist, linking, allowed)
11-29 07:35:26.722  18143  22266 W igation.testap: Accessing hidden method Lsun/misc/Unsafe;->getLong(Ljava/lang/Object;J)J (greylist,core-platform-api, linking, allowed)
11-29 07:35:26.723  18143  22266 W igation.testap: Accessing hidden method Lsun/misc/Unsafe;->getInt(Ljava/lang/Object;J)I (greylist, linking, allowed)
11-29 07:35:26.726  18143  22266 W igation.testap: Accessing hidden method Lsun/misc/Unsafe;->getLong(Ljava/lang/Object;J)J (greylist,core-platform-api, linking, allowed)
11-29 07:35:26.791  17732  17732 E STFService: run1: 3.2.8
11-29 07:35:26.802  18143  22266 W igation.testap: Accessing hidden method Lsun/misc/Unsafe;->getInt(Ljava/lang/Object;J)I (greylist, linking, allowed)
11-29 07:35:26.803  18143  22266 W igation.testap: Accessing hidden method Lsun/misc/Unsafe;->getObject(Ljava/lang/Object;J)Ljava/lang/Object; (greylist, linking, allowed)
11-29 07:35:26.811  17732  17732 I STFService: sendNetworkClass:  CellSignalLte:{alphaLong=Vi India, rssi=-51, mnc=7, level=4, bandwidth=2147483647, ci=10810421, asulevel=52, parametersUseForLevel=-88, rsrp=-88, rssnr=2147483647, bands=[], mcc=404, ta=20, mAdditionalPlmns=unknown, sinr=2147483647, csgInfo=unknown, rsrq=-16, pci=50, tac=24269, alphaShort=Vi India, cqi=2147483647, earfcn=41140}
11-29 07:35:26.813  17732  17732 I STFService: sendNetworkClass:  CellSignalLte:{alphaLong=, rssi=-59, mnc=2147483647, level=4, bandwidth=2147483647, ci=2147483647, asulevel=57, parametersUseForLevel=-83, rsrp=-83, rssnr=2147483647, bands=[], mcc=2147483647, ta=2147483647, mAdditionalPlmns=unknown, sinr=2147483647, csgInfo=unknown, rsrq=-10, pci=49, tac=2147483647, alphaShort=, cqi=2147483647, earfcn=41140}
11-29 07:35:26.816  17732  17732 I STFService: sendNetworkClass:  EPDGInfo:{dns_server_4=2001:4860:4860::6464, ip_address_1=100.101.13.78, dns_server_3=2402:3a80:c079:25::6, ip_address_2=2402:3a80:43a8:c940:606a:db98:7fbc:41fa, dns_server_2=8.8.4.4, dns_server_1=42.105.241.76, max_downstream_bandwidth=30000, is_secure=true, tunneling_protocol=rmnet_data1, max_upstream_bandwidth=15000}
11-29 07:35:26.863  1396  4080 I haohaov: [HMDenterprise broadcastIntentLocked] intent=Intent { act=android.intent.action.SIG_STR (has extras) }
11-29 07:35:26.863  2151  2880 D NetworkController.MobileSignalController(5): onSignalStrengthsChanged signalStrength=SignalStrength:{mCdma=CellSignalStrengthCdma: cdmaDbm=2147483647 cdmaEcio=2147483647 evdoDbm=2147483647 evdoEcio=2147483647 evdoSnr=2147483647 level=0,mGsm=CellSignalStrengthGsm: rssi=2147483647 ber=2147483647 mTa=2147483647 mLevel=0,mWcdma=CellSignalStrengthWcdma: ss=2147483647 ber=2147483647 rscp=2147483647 ecno=2147483647 level=0,mTdscdma=CellSignalStrengthTdscdma: rssi=2147483647 ber=2147483647 rscp=2147483647 level=0,mLte=CellSignalStrengthLte: rssi=-67 rsrp=-88 rsrq=-11 rssnr=-62 cqi=2147483647 ta=2147483647 level=4,mNr=CellSignalStrengthNr:{ csiRsrp = 2147483647 csiRsrq = 2147483647 csiSinr = 2147483647 ssRsrp = 2147483647 ssRsrq = 2147483647 ssSinr = 2147483647 level = 0 },primary=CellSignalStrengthLte} level=4
11-29 07:35:26.864  2151  2880 D NetworkController.MobileSignalController(5): updateTelephonySignalStrength: hasService=true ss=SignalStrength:{mCdma=CellSignalStrengthCdma: cdmaDbm=2147483647 cdmaEcio=2147483647 evdoDbm=2147483647 evdoEcio=2147483647 evdoSnr=2147483647 level=0,mGsm=CellSignalStrengthGsm: rssi=2147483647 ber=2147483647 mTa=2147483647 mLevel=0,mWcdma=CellSignalStrengthWcdma: ss=2147483647 ber=2147483647 rscp=2147483647 ecno=2147483647 level=0,mTdscdma=CellSignalStrengthTdscdma: rssi=2147483647 ber=2147483647 rscp=2147483647 level=0,mLte=CellSignalStrengthLte: rssi=-67 rsrp=-88 rsrq=-11 rssnr=-62 cqi=2147483647 ta=2147483647 level=4,mNr=CellSignalStrengthNr:{ csiRsrp = 2147483647 csiRsrq = 2147483647 csiSinr = 2147483647 ssRsrp = 2147483647 ssRsrq = 2147483647 ssSinr = 2147483647 level = 0 },primary=CellSignalStrengthLte}
11-29 07:35:26.864  16892  16892 W s.gnettracklit: Accessing hidden field Landroid/telephony/CellSignalStrengthWcdma;->mEcNo:I (blacklist, reflection, denied)
11-29 07:35:26.869  2362  13985 D PhoneInterfaceManager: [PhoneIntfMgr] isDataEnabled: subId=5 phoneId=0
11-29 07:35:26.869  2362  13985 D PhoneInterfaceManager: [PhoneIntfMgr] isDataEnabled: subId=5 retVal=true
11-29 07:35:26.874  2362  2743 D PhoneInterfaceManager: [PhoneIntfMgr] isUserDataEnabled: subId=5 phoneId=0
11-29 07:35:26.878  760  760 I sensors-hal: flush:260, android.sensor.gravity/91
11-29 07:35:26.879  760  760 I sensors-hal: flush:268, android.sensor.gravity/91 completed
11-29 07:35:26.879  760  760 I sensors-hal: flush:260, android.sensor.linear_acceleration/101
11-29 07:35:26.879  760  760 I sensors-hal: flush:268, android.sensor.linear_acceleration/101 completed
11-29 07:35:26.879  2362  2743 D PhoneInterfaceManager: [PhoneIntfMgr] isUserDataEnabled: subId=5 retVal=true
11-29 07:35:26.879  760  760 I sensors-hal: flush:260, android.sensor.gyroscope_uncalibrated/161
11-29 07:35:26.879  760  760 I sensors-hal: flush:268, android.sensor.gyroscope_uncalibrated/161 completed
11-29 07:35:26.880  18143  22267 W igation.testap: Accessing hidden method Lsun/misc/Unsafe;->compareAndSwapObject(Ljava/lang/Object;JLjava/lang/Object;Ljava/lang/Object;)Z (greylist, linking, allowed)
11-29 07:35:26.893  18143  22296 W igation.testap: Accessing hidden method Lsun/misc/Unsafe;->getInt(Ljava/lang/Object;J)I (greylist, linking, allowed)
11-29 07:35:26.893  18143  22296 W igation.testap: Accessing hidden method Lsun/misc/Unsafe;->putLong(Ljava/lang/Object;JJ)V (greylist, linking, allowed)
11-29 07:35:26.893  18143  22296 W igation.testap: Accessing hidden method Lsun/misc/Unsafe;->putInt(Ljava/lang/Object;JI)V (greylist, linking, allowed)
11-29 07:35:26.893  18143  22296 W igation.testap: Accessing hidden method Lsun/misc/Unsafe;->putObject(Ljava/lang/Object;JLjava/lang/Object;)V (greylist, linking, allowed)
