11-29 07:35:21.930  18143  22266 W igation.testap: Accessing hidden method Lsun/misc/Unsafe;->putLong(Ljava/lang/Object;JJ)V (greylist, linking, allowed)
11-29 07:35:21.930  760  760 I sensors-hal: flush:260, android.sensor.gravity/91
11-29 07:35:21.930  760  760 I sensors-hal: flush:268, android.sensor.gravity/91 completed
11-29 07:35:21.930  760  760 I sensors-hal: flush:260, android.sensor.linear_acceleration/101
11-29 07:35:21.930  18143  22266 W igation.testap: Accessing hidden method Lsun/misc/Unsafe;->putInt(Ljava/lang/Object;JI)V (greylist, linking, allowed)
11-29 07:35:21.930  760  760 I sensors-hal: flush:268, android.sensor.linear_acceleration/101 completed
11-29 07:35:21.931  760  760 I sensors-hal: flush:260, android.sensor.gyroscope_uncalibrated/161
11-29 07:35:21.931  760  760 I sensors-hal: flush:268, android.sensor.gyroscope_uncalibrated/161 completed
11-29 07:35:21.931  18143  22267 W igation.testap: Accessing hidden method Lsun/misc/Unsafe;->compareAndSwapObject(Ljava/lang/Object;JLjava/lang/Object;Ljava/lang/Object;)Z (greylist, linking, allowed)
11-29 07:35:21.932  18143  22266 W igation.testap: Accessing hidden method Lsun/misc/Unsafe;->putInt(Ljava/lang/Object;JI)V (greylist, linking, allowed)
11-29 07:35:21.932  18143  22266 W igation.testap: Accessing hidden method Lsun/misc/Unsafe;->putLong(Ljava/lang/Object;JJ)V (greylist, linking, allowed)
11-29 07:35:21.936  18143  22266 W igation.testap: Accessing hidden method Lsun/misc/Unsafe;->putInt(Ljava/lang/Object;JI)V (greylist, linking, allowed)
11-29 07:35:21.937  18143  22266 W igation.testap: Accessing hidden method Lsun/misc/Unsafe;->putLong(Ljava/lang/Object;JJ)V (greylist, linking, allowed)
11-29 07:35:21.942  18143  22266 W igation.testap: Accessing hidden method Lsun/misc/Unsafe;->getInt(Ljava/lang/Object;J)I (greylist, linking, allowed)
11-29 07:35:21.942  18143  22266 W igation.testap: Accessing hidden method Lsun/misc/Unsafe;->putInt(Ljava/lang/Object;JI)V (greylist, linking, allowed)
11-29 07:35:21.943  18143  22266 W igation.testap: Accessing hidden method Lsun/misc/Unsafe;->getLong(Ljava/lang/Object;J)J (greylist,core-platform-api, linking, allowed)
11-29 07:35:21.943  18143  22266 W igation.testap: Accessing hidden method Lsun/misc/Unsafe;->putLong(Ljava/lang/Object;JJ)V (greylist, linking, allowed)
11-29 07:35:21.945  18143  22296 W igation.testap: Accessing hidden method Lsun/misc/Unsafe;->getInt(Ljava/lang/Object;J)I (greylist, linking, allowed)
11-29 07:35:21.946  18143  22266 W igation.testap: Accessing hidden method Lsun/misc/Unsafe;->getInt(Ljava/lang/Object;J)I (greylist, linking, allowed)
11-29 07:35:21.946  18143  22266 W igation.testap: Accessing hidden method Lsun/misc/Unsafe;->putInt(Ljava/lang/Object;JI)V (greylist, linking, allowed)
11-29 07:35:21.948  18143  22266 W igation.testap: Accessing hidden method Lsun/misc/Unsafe;->getLong(Ljava/lang/Object;J)J (greylist,core-platform-api, linking, allowed)
11-29 07:35:21.948  18143  22266 W igation.testap: Accessing hidden method Lsun/misc/Unsafe;->putLong(Ljava/lang/Object;JJ)V (greylist, linking, allowed)
11-29 07:35:21.950  18143  22266 W igation.testap: Accessing hidden method Lsun/misc/Unsafe;->putInt(Ljava/lang/Object;JI)V (greylist, linking, allowed)
11-29 07:35:21.952  18143  22266 W igation.testap: Accessing hidden method Lsun/misc/Unsafe;->putInt(Ljava/lang/Object;JI)V (greylist, linking, allowed)
11-29 07:35:21.954  18143  22266 W igation.testap: Accessing hidden method Lsun/misc/Unsafe;->putLong(Ljava/lang/Object;JJ)V (greylist, linking, allowed)
11-29 07:35:21.956  18143  22266 W igation.testap: Accessing hidden method Lsun/misc/Unsafe;->putObject(Ljava/lang/Object;JLjava/lang/Object;)V (greylist, linking, allowed)
11-29 07:35:21.956  18143  22266 W igation.testap: Accessing hidden method Lsun/misc/Unsafe;->putInt(Ljava/lang/Object;JI)V (greylist, linking, allowed)
11-29 07:35:21.957  18143  22266 W igation.testap: Accessing hidden method Lsun/misc/Unsafe;->getLong(Ljava/lang/Object;J)J (greylist,core-platform-api, linking, allowed)
11-29 07:35:21.958  18143  22266 W igation.testap: Accessing hidden method Lsun/misc/Unsafe;->putLong(Ljava/lang/Object;JJ)V (greylist, linking, allowed)
11-29 07:35:21.967  18143  22266 W igation.testap: Accessing hidden method Lsun/misc/Unsafe;->putInt(Ljava/lang/Object;JI)V (greylist, linking, allowed)
11-29 07:35:21.968  18143  22266 W igation.testap: Accessing hidden method Lsun/misc/Unsafe;->putLong(Ljava/lang/Object;JJ)V (greylist, linking, allowed)
11-29 07:35:21.974  18143  22266 W igation.testap: Accessing hidden method Lsun/misc/Unsafe;->getInt(Ljava/lang/Object;J)I (greylist, linking, allowed)
11-29 07:35:21.974  24515  24515 I /system/bin/dumpstate: libdebuggerd_client: done dumping process 739
11-29 07:35:21.974  18143  22266 W igation.testap: Accessing hidden method Lsun/misc/Unsafe;->putInt(Ljava/lang/Object;JI)V (greylist, linking, allowed)
11-29 07:35:21.975  18143  22266 W igation.testap: Accessing hidden method Lsun/misc/Unsafe;->getLong(Ljava/lang/Object;J)J (greylist,core-platform-api, linking, allowed)
11-29 07:35:21.975  24515  24515 I /system/bin/dumpstate: libdebuggerd_client: started dumping process 743
11-29 07:35:21.975  18143  22266 W igation.testap: Accessing hidden method Lsun/misc/Unsafe;->putLong(Ljava/lang/Object;JJ)V (greylist, linking, allowed)
11-29 07:35:21.977  18143  22266 W igation.testap: Accessing hidden method Lsun/misc/Unsafe;->putInt(Ljava/lang/Object;JI)V (greylist, linking, allowed)
11-29 07:35:21.980  18143  22266 W igation.testap: Accessing hidden method Lsun/misc/Unsafe;->putInt(Ljava/lang/Object;JI)V (greylist, linking, allowed)
11-29 07:35:21.981  1142  1142 I /system/bin/tombstoned: registered intercept for pid 743 and type kDebuggerdNativeBacktrace
11-29 07:35:21.981  743  743 I libc: Requested dump for tid 743 (bluetooth@1.0-s)
11-29 07:35:21.982  18143  22266 W igation.testap: Accessing hidden method Lsun/misc/Unsafe;->putLong(Ljava/lang/Object;JJ)V (greylist, linking, allowed)
11-29 07:35:21.985  18143  22266 W igation.testap: Accessing hidden method Lsun/misc/Unsafe;->getObject(Ljava/lang/Object;J)Ljava/lang/Object; (greylist, linking, allowed)
11-29 07:35:21.985  18143  22266 W igation.testap: Accessing hidden method Lsun/misc/Unsafe;->putInt(Ljava/lang/Object;JI)V (greylist, linking, allowed)
11-29 07:35:21.989  18143  22266 W igation.testap: Accessing hidden method Lsun/misc/Unsafe;->getInt(Ljava/lang/Object;J)I (greylist, linking, allowed)
11-29 07:35:21.989  18143  22266 W igation.testap: Accessing hidden method Lsun/misc/Unsafe;->putLong(Ljava/lang/Object;JJ)V (greylist, linking, allowed)
11-29 07:35:21.998  18143  22266 W igation.testap: Accessing hidden method Lsun/misc/Unsafe;->putInt(Ljava/lang/Object;JI)V (greylist, linking, allowed)
11-29 07:35:21.999  18143  22266 W igation.testap: Accessing hidden method Lsun/misc/Unsafe;->putLong(Ljava/lang/Object;JJ)V (greylist, linking, allowed)
11-29 07:35:22.017  18143  22266 W igation.testap: Accessing hidden method Lsun/misc/Unsafe;->getLong(Ljava/lang/Object;J)J (greylist,core-platform-api, linking, allowed)
11-29 07:35:22.017  18143  22266 W igation.testap: Accessing hidden method Lsun/misc/Unsafe;->getInt(Ljava/lang/Object;J)I (greylist, linking, allowed)
11-29 07:35:22.031  18143  22266 W igation.testap: Accessing hidden method Lsun/misc/Unsafe;->getLong(Ljava/lang/Object;J)J (greylist,core-platform-api, linking, allowed)
11-29 07:35:22.044  18143  22266 W igation.testap: Accessing hidden method Lsun/misc/Unsafe;->getObject(Ljava/lang/Object;J)Ljava/lang/Object; (greylist, linking, allowed)
11-29 07:35:22.072  24568  24568 I crash_dump64: obtaining output fd from tombstoned, type: kDebuggerdNativeBacktrace
11-29 07:35:22.073  1142  1142 I /system/bin/tombstoned: received crash request for pid 743
11-29 07:35:22.073  1142  1142 I /system/bin/tombstoned: found intercept fd 512 for pid 743 and type kDebuggerdNativeBacktrace
11-29 07:35:22.074  24568  24568 I crash_dump64: performing dump of process 743 (target tid = 743)
11-29 07:35:22.085  18143  22296 W igation.testap: Accessing hidden method Lsun/misc/Unsafe;->getInt(Ljava/lang/Object;J)I (greylist, linking, allowed)
11-29 07:35:22.131  18143  22266 W igation.testap: Accessing hidden method Lsun/misc/Unsafe;->getInt(Ljava/lang/Object;J)I (greylist, linking, allowed)
11-29 07:35:22.131  18143  22266 W igation.testap: Accessing hidden method Lsun/misc/Unsafe;->getObject(Ljava/lang/Object;J)Ljava/lang/Object; (greylist, linking, allowed)
11-29 07:35:22.132  18143  22266 W igation.testap: Accessing hidden method Lsun/misc/Unsafe;->getLong(Ljava/lang/Object;J)J (greylist,core-platform-api, linking, allowed)
11-29 07:35:22.134  24515  24515 I /system/bin/dumpstate: libdebuggerd_client: done dumping process 743
11-29 07:35:22.134  24515  24515 I /system/bin/dumpstate: libdebuggerd_client: started dumping process 745
11-29 07:35:22.139  1142  1142 I /system/bin/tombstoned: registered intercept for pid 745 and type kDebuggerdNativeBacktrace
11-29 07:35:22.140  745  745 I libc: Requested dump for tid 745 (provider@2.4-se)
11-29 07:35:22.144  2362  2632 D PhoneInterfaceManager: [PhoneIntfMgr] getLine1NumberForDisplay returning null
11-29 07:35:22.144  2754  5006 I FusedLocation: location delivery to 10125/com.google.android.gms[.location_base]/b111ad5c blocked - too fast [CONTEXT service_id=6 ]

11-29 07:35:22.147  18143  22296 W igation.testap: Accessing hidden method Lsun/misc/Unsafe;->putObject(Ljava/lang/Object;JLjava/lang/Object;)V (greylist, linking, allowed)
11-29 07:35:22.148  18143  22296 W igation.testap: Accessing hidden method Lsun/misc/Unsafe;->putInt(Ljava/lang/Object;JI)V (greylist, linking, allowed)
11-29 07:35:22.148  18143  22296 W igation.testap: Accessing hidden method Lsun/misc/Unsafe;->compareAndSwapObject(Ljava/lang/Object;JLjava/lang/Object;Ljava/lang/Object;)Z (greylist, linking, allowed)
11-29 07:35:22.149  18143  22296 W igation.testap: Accessing hidden method Lsun/misc/Unsafe;->getLong(Ljava/lang/Object;J)J (greylist,core-platform-api, linking, allowed)
11-29 07:35:22.150  18143  22296 I native: I0000 00:00:1701243322.150794   22296 map-location-tracker.cc:414] MapLocationTracker called with 13 existing on-segment hypotheses, 0 existing off-segment hypotheses, 4 queued observations at time 7138750.

11-29 07:35:22.154  1396  4080 W DevicePolicyManager: Package com.gyokovsolutions.gnettracklite (uid=10176, pid=16892) cannot access Device IDs
11-29 07:35:22.155  2362  2632 W TelephonyPermissions: reportAccessDeniedToReadIdentifiers:com.gyokovsolutions.gnettracklite:getSubscriberId:isPreinstalled=false:isPrivApp=false
11-29 07:35:22.156  2754  5006 I FusedLocation: location delivery to 10175/com.zihua.android.mytracks/837233a blocked - too fast [CONTEXT service_id=6 ]

11-29 07:35:22.156  2754  5006 I FusedLocation: location delivery to 10201/jp.co.cyberagent.stf/8bc2f8c5 blocked - too fast [CONTEXT service_id=6 ]

11-29 07:35:22.203  18143  22296 I native: I0000 00:00:1701243322.203513   22296 map-location-tracker.cc:845] time_ms: 7138750 MapTrackingResult[lat/lng=17.4472491,78.3779444 speed=11.34 bearing=33.48 alti=nanm, on_road=1 in_startup_confusion=0 posn_acc=6.28 spd_acc=1.96 bear_acc=58.03 alti_acc=inf segment=Hitech City Main Rd:0x8003EA4E15871105:0x5:[17.4471650,78.3778851 20.1m 34°, r0.4m]x11m->1/1#[σ 5.00m 60.0°] meters_on_segment=11.27 across: nan off_mode_probability=1.00 {level=unknown} [nmm loc] ]

11-29 07:35:22.207  18143  22296 W igation.testap: Accessing hidden method Lsun/misc/Unsafe;->getInt(Ljava/lang/Object;J)I (greylist, linking, allowed)
11-29 07:35:22.207  18143  22296 W igation.testap: Accessing hidden method Lsun/misc/Unsafe;->getObject(Ljava/lang/Object;J)Ljava/lang/Object; (greylist, linking, allowed)
11-29 07:35:22.207  18143  22296 W igation.testap: Accessing hidden method Lsun/misc/Unsafe;->putObject(Ljava/lang/Object;JLjava/lang/Object;)V (greylist, linking, allowed)
11-29 07:35:22.207  18143  22296 W igation.testap: Accessing hidden method Lsun/misc/Unsafe;->putInt(Ljava/lang/Object;JI)V (greylist, linking, allowed)
11-29 07:35:22.216  18143  22295 W igation.testap: Accessing hidden method Lsun/misc/Unsafe;->getObject(Ljava/lang/Object;J)Ljava/lang/Object; (greylist, linking, allowed)
11-29 07:35:22.217  18143  22296 I native: I0000 00:00:1701243322.217058   22296 patchwork-snaptile-integrator.cc:533] DoFollowUpWork: 6 tiles currently loaded.

11-29 07:35:22.228  18143  18170 W igation.testap: Accessing hidden method Lsun/misc/Unsafe;->putObject(Ljava/lang/Object;JLjava/lang/Object;)V (greylist, linking, allowed)
11-29 07:35:22.228  18143  18170 W igation.testap: Accessing hidden method Lsun/misc/Unsafe;->putInt(Ljava/lang/Object;JI)V (greylist, linking, allowed)
11-29 07:35:22.229  18143  18170 W igation.testap: Accessing hidden method Lsun/misc/Unsafe;->putInt(Ljava/lang/Object;JI)V (greylist, linking, allowed)
11-29 07:35:22.230  18143  18170 W igation.testap: Accessing hidden method Lsun/misc/Unsafe;->putObject(Ljava/lang/Object;JLjava/lang/Object;)V (greylist, linking, allowed)
11-29 07:35:22.230  18143  18170 W igation.testap: Accessing hidden method Lsun/misc/Unsafe;->putInt(Ljava/lang/Object;JI)V (greylist, linking, allowed)
11-29 07:35:22.231  18143  22295 I native: I0000 00:00:1701243322.231132   22295 guider.cc:320] [NAV][OnLocationChanged] : (38) (routes: *38=1, 45=1, 46=1) 946.062m (next: 400.224m) speed: 11.3411m/s

11-29 07:35:22.232  18143  18170 W igation.testap: Accessing hidden method Lsun/misc/Unsafe;->putObject(Ljava/lang/Object;JLjava/lang/Object;)V (greylist, linking, allowed)
11-29 07:35:22.234  18143  22295 W igation.testap: Accessing hidden method Lsun/misc/Unsafe;->getObject(Ljava/lang/Object;J)Ljava/lang/Object; (greylist, linking, allowed)
11-29 07:35:22.236  18143  22295 W igation.testap: Accessing hidden method Lsun/misc/Unsafe;->getObject(Ljava/lang/Object;J)Ljava/lang/Object; (greylist, linking, allowed)
11-29 07:35:22.236  18143  22295 W igation.testap: Accessing hidden method Lsun/misc/Unsafe;->getInt(Ljava/lang/Object;J)I (greylist, linking, allowed)
11-29 07:35:22.245  18143  22295 W igation.testap: Accessing hidden method Lsun/misc/Unsafe;->putInt(Ljava/lang/Object;JI)V (greylist, linking, allowed)
11-29 07:35:22.256  18143  22295 W igation.testap: Accessing hidden method Lsun/misc/Unsafe;->putInt(Ljava/lang/Object;JI)V (greylist, linking, allowed)
11-29 07:35:22.258  18143  22295 W igation.testap: Accessing hidden method Lsun/misc/Unsafe;->putLong(Ljava/lang/Object;JJ)V (greylist, linking, allowed)
11-29 07:35:22.262  18143  22295 W igation.testap: Accessing hidden method Lsun/misc/Unsafe;->compareAndSwapObject(Ljava/lang/Object;JLjava/lang/Object;Ljava/lang/Object;)Z (greylist, linking, allowed)
11-29 07:35:22.277  760  760 I sensors-hal: flush:260, android.sensor.gravity/91
11-29 07:35:22.277  760  760 I sensors-hal: flush:268, android.sensor.gravity/91 completed
11-29 07:35:22.277  760  760 I sensors-hal: flush:260, android.sensor.linear_acceleration/101
11-29 07:35:22.277  760  760 I sensors-hal: flush:268, android.sensor.linear_acceleration/101 completed
11-29 07:35:22.278  760  760 I sensors-hal: flush:260, android.sensor.gyroscope_uncalibrated/161
11-29 07:35:22.278  760  760 I sensors-hal: flush:268, android.sensor.gyroscope_uncalibrated/161 completed
11-29 07:35:22.278  18143  22267 W igation.testap: Accessing hidden method Lsun/misc/Unsafe;->compareAndSwapObject(Ljava/lang/Object;JLjava/lang/Object;Ljava/lang/Object;)Z (greylist, linking, allowed)
11-29 07:35:22.295  24573  24573 I crash_dump64: obtaining output fd from tombstoned, type: kDebuggerdNativeBacktrace
11-29 07:35:22.296  1142  1142 I /system/bin/tombstoned: received crash request for pid 745
11-29 07:35:22.296  1142  1142 I /system/bin/tombstoned: found intercept fd 512 for pid 745 and type kDebuggerdNativeBacktrace
11-29 07:35:22.297  24573  24573 I crash_dump64: performing dump of process 745 (target tid = 745)
11-29 07:35:22.304  18143  22296 W igation.testap: Accessing hidden method Lsun/misc/Unsafe;->getInt(Ljava/lang/Object;J)I (greylist, linking, allowed)
11-29 07:35:22.304  18143  22296 W igation.testap: Accessing hidden method Lsun/misc/Unsafe;->putLong(Ljava/lang/Object;JJ)V (greylist, linking, allowed)
11-29 07:35:22.304  18143  22296 W igation.testap: Accessing hidden method Lsun/misc/Unsafe;->putInt(Ljava/lang/Object;JI)V (greylist, linking, allowed)
11-29 07:35:22.304  18143  22296 W igation.testap: Accessing hidden method Lsun/misc/Unsafe;->putObject(Ljava/lang/Object;JLjava/lang/Object;)V (greylist, linking, allowed)
11-29 07:35:22.305  18143  22296 W igation.testap: Accessing hidden method Lsun/misc/Unsafe;->getObject(Ljava/lang/Object;J)Ljava/lang/Object; (greylist, linking, allowed)
11-29 07:35:22.350  18143  18172 W igation.testap: Accessing hidden method Lsun/misc/Unsafe;->compareAndSwapObject(Ljava/lang/Object;JLjava/lang/Object;Ljava/lang/Object;)Z (greylist, linking, allowed)
11-29 07:35:22.376  1396  1590 W ProcessCpuTracker: Failed to stat(/proc/24572): android.system.ErrnoException: stat failed: ENOENT (No such file or directory)
11-29 07:35:22.377  1396  1590 W ProcessCpuTracker: Skipping unknown process pid 24572
11-29 07:35:22.381  18143  18143 W igation.testap: Accessing hidden method Lsun/misc/Unsafe;->getInt(Ljava/lang/Object;J)I (greylist, linking, allowed)
11-29 07:35:22.381  18143  18143 W igation.testap: Accessing hidden method Lsun/misc/Unsafe;->getObject(Ljava/lang/Object;J)Ljava/lang/Object; (greylist, linking, allowed)
11-29 07:35:22.384  2151  2880 D NetworkController.MobileSignalController(5): onSignalStrengthsChanged signalStrength=SignalStrength:{mCdma=CellSignalStrengthCdma: cdmaDbm=2147483647 cdmaEcio=2147483647 evdoDbm=2147483647 evdoEcio=2147483647 evdoSnr=2147483647 level=0,mGsm=CellSignalStrengthGsm: rssi=2147483647 ber=2147483647 mTa=2147483647 mLevel=0,mWcdma=CellSignalStrengthWcdma: ss=2147483647 ber=2147483647 rscp=2147483647 ecno=2147483647 level=0,mTdscdma=CellSignalStrengthTdscdma: rssi=2147483647 ber=2147483647 rscp=2147483647 level=0,mLte=CellSignalStrengthLte: rssi=-51 rsrp=-85 rsrq=-19 rssnr=-62 cqi=2147483647 ta=2147483647 level=4,mNr=CellSignalStrengthNr:{ csiRsrp = 2147483647 csiRsrq = 2147483647 csiSinr = 2147483647 ssRsrp = 2147483647 ssRsrq = 2147483647 ssSinr = 2147483647 level = 0 },primary=CellSignalStrengthLte} level=4
11-29 07:35:22.384  2151  2880 D NetworkController.MobileSignalController(5): updateTelephonySignalStrength: hasService=true ss=SignalStrength:{mCdma=CellSignalStrengthCdma: cdmaDbm=2147483647 cdmaEcio=2147483647 evdoDbm=2147483647 evdoEcio=2147483647 evdoSnr=2147483647 level=0,mGsm=CellSignalStrengthGsm: rssi=2147483647 ber=2147483647 mTa=2147483647 mLevel=0,mWcdma=CellSignalStrengthWcdma: ss=2147483647 ber=2147483647 rscp=2147483647 ecno=2147483647 level=0,mTdscdma=CellSignalStrengthTdscdma: rssi=2147483647 ber=2147483647 rscp=2147483647 level=0,mLte=CellSignalStrengthLte: rssi=-51 rsrp=-85 rsrq=-19 rssnr=-62 cqi=2147483647 ta=2147483647 level=4,mNr=CellSignalStrengthNr:{ csiRsrp = 2147483647 csiRsrq = 2147483647 csiSinr = 2147483647 ssRsrp = 2147483647 ssRsrq = 2147483647 ssSinr = 2147483647 level = 0 },primary=CellSignalStrengthLte}
11-29 07:35:22.385  1396  4076 I haohaov: [HMDenterprise broadcastIntentLocked] intent=Intent { act=android.intent.action.SIG_STR (has extras) }
11-29 07:35:22.389  2362  2632 D PhoneInterfaceManager: [PhoneIntfMgr] isDataEnabled: subId=5 phoneId=0
11-29 07:35:22.389  2362  2632 D PhoneInterfaceManager: [PhoneIntfMgr] isDataEnabled: subId=5 retVal=true
11-29 07:35:22.389  16892  16892 W s.gnettracklit: Accessing hidden field Landroid/telephony/CellSignalStrengthWcdma;->mEcNo:I (blacklist, reflection, denied)
11-29 07:35:22.394  2362  2632 D PhoneInterfaceManager: [PhoneIntfMgr] isUserDataEnabled: subId=5 phoneId=0
11-29 07:35:22.399  2362  2632 D PhoneInterfaceManager: [PhoneIntfMgr] isUserDataEnabled: subId=5 retVal=true
11-29 07:35:22.516  24515  24515 I /system/bin/dumpstate: libdebuggerd_client: done dumping process 745
11-29 07:35:22.518  24515  24515 I /system/bin/dumpstate: libdebuggerd_client: started dumping process 748
11-29 07:35:22.527  1142  1142 I /system/bin/tombstoned: registered intercept for pid 748 and type kDebuggerdNativeBacktrace
11-29 07:35:22.530  748  748 I libc: Requested dump for tid 748 (drm@1.0-service)
11-29 07:35:22.537  3288  24576 E memtrack: Couldn't load memtrack module
11-29 07:35:22.538  3288  24576 W android.os.Debug: failed to get memory consumption info: -1
11-29 07:35:22.604  24579  24579 I crash_dump64: obtaining output fd from tombstoned, type: kDebuggerdNativeBacktrace
11-29 07:35:22.607  1142  1142 I /system/bin/tombstoned: received crash request for pid 748
11-29 07:35:22.607  1142  1142 I /system/bin/tombstoned: found intercept fd 512 for pid 748 and type kDebuggerdNativeBacktrace
11-29 07:35:22.608  24579  24579 I crash_dump64: performing dump of process 748 (target tid = 748)
11-29 07:35:22.635  760  760 I sensors-hal: flush:260, android.sensor.gravity/91
11-29 07:35:22.636  760  760 I sensors-hal: flush:268, android.sensor.gravity/91 completed
11-29 07:35:22.636  760  760 I sensors-hal: flush:260, android.sensor.linear_acceleration/101
11-29 07:35:22.636  760  760 I sensors-hal: flush:268, android.sensor.linear_acceleration/101 completed
11-29 07:35:22.637  760  760 I sensors-hal: flush:260, android.sensor.gyroscope_uncalibrated/161
11-29 07:35:22.637  760  760 I sensors-hal: flush:268, android.sensor.gyroscope_uncalibrated/161 completed
11-29 07:35:22.638  18143  22267 W igation.testap: Accessing hidden method Lsun/misc/Unsafe;->compareAndSwapObject(Ljava/lang/Object;JLjava/lang/Object;Ljava/lang/Object;)Z (greylist, linking, allowed)
11-29 07:35:22.642  24515  24515 I /system/bin/dumpstate: libdebuggerd_client: done dumping process 748
11-29 07:35:22.643  24515  24515 I /system/bin/dumpstate: libdebuggerd_client: started dumping process 749
11-29 07:35:22.647  1142  1142 I /system/bin/tombstoned: registered intercept for pid 749 and type kDebuggerdNativeBacktrace
11-29 07:35:22.648  749  749 I libc: Requested dump for tid 749 (drm@1.2-service)
11-29 07:35:22.661  18143  22296 W igation.testap: Accessing hidden method Lsun/misc/Unsafe;->getInt(Ljava/lang/Object;J)I (greylist, linking, allowed)
11-29 07:35:22.661  18143  22296 W igation.testap: Accessing hidden method Lsun/misc/Unsafe;->putLong(Ljava/lang/Object;JJ)V (greylist, linking, allowed)
11-29 07:35:22.661  18143  22296 W igation.testap: Accessing hidden method Lsun/misc/Unsafe;->putInt(Ljava/lang/Object;JI)V (greylist, linking, allowed)
11-29 07:35:22.661  18143  22296 W igation.testap: Accessing hidden method Lsun/misc/Unsafe;->putObject(Ljava/lang/Object;JLjava/lang/Object;)V (greylist, linking, allowed)
11-29 07:35:22.661  18143  22296 W igation.testap: Accessing hidden method Lsun/misc/Unsafe;->getObject(Ljava/lang/Object;J)Ljava/lang/Object; (greylist, linking, allowed)
11-29 07:35:22.719  24585  24585 I crash_dump64: obtaining output fd from tombstoned, type: kDebuggerdNativeBacktrace
11-29 07:35:22.724  1142  1142 I /system/bin/tombstoned: received crash request for pid 749
11-29 07:35:22.724  1142  1142 I /system/bin/tombstoned: found intercept fd 512 for pid 749 and type kDebuggerdNativeBacktrace
11-29 07:35:22.726  24585  24585 I crash_dump64: performing dump of process 749 (target tid = 749)
11-29 07:35:22.727  17732  17732 E STFService: run1: 3.2.8
11-29 07:35:22.737  17732  17732 I STFService: sendNetworkClass:  CellSignalLte:{alphaLong=Vi India, rssi=-51, mnc=7, level=4, bandwidth=2147483647, ci=10810421, asulevel=59, parametersUseForLevel=-81, rsrp=-81, rssnr=2147483647, bands=[], mcc=404, ta=20, mAdditionalPlmns=unknown, sinr=2147483647, csgInfo=unknown, rsrq=-18, pci=50, tac=24269, alphaShort=Vi India, cqi=2147483647, earfcn=41140}
11-29 07:35:22.738  17732  17732 I STFService: sendNetworkClass:  CellSignalLte:{alphaLong=, rssi=-51, mnc=2147483647, level=4, bandwidth=2147483647, ci=2147483647, asulevel=59, parametersUseForLevel=-81, rsrp=-81, rssnr=2147483647, bands=[], mcc=2147483647, ta=2147483647, mAdditionalPlmns=unknown, sinr=2147483647, csgInfo=unknown, rsrq=-18, pci=49, tac=2147483647, alphaShort=, cqi=2147483647, earfcn=41140}
11-29 07:35:22.743  17732  17732 I STFService: sendNetworkClass:  EPDGInfo:{dns_server_4=2001:4860:4860::6464, ip_address_1=100.101.13.78, dns_server_3=2402:3a80:c079:25::6, ip_address_2=2402:3a80:43a8:c940:606a:db98:7fbc:41fa, dns_server_2=8.8.4.4, dns_server_1=42.105.241.76, max_downstream_bandwidth=30000, is_secure=true, tunneling_protocol=rmnet_data1, max_upstream_bandwidth=15000}
11-29 07:35:22.763  24515  24515 I /system/bin/dumpstate: libdebuggerd_client: done dumping process 749
11-29 07:35:22.763  24515  24515 I /system/bin/dumpstate: libdebuggerd_client: started dumping process 750
11-29 07:35:22.767  1142  1142 I /system/bin/tombstoned: registered intercept for pid 750 and type kDebuggerdNativeBacktrace
11-29 07:35:22.768  750  750 I libc: Requested dump for tid 750 (drm@1.2-service)
11-29 07:35:22.840  24590  24590 I crash_dump64: obtaining output fd from tombstoned, type: kDebuggerdNativeBacktrace
11-29 07:35:22.841  1142  1142 I /system/bin/tombstoned: received crash request for pid 750
11-29 07:35:22.841  1142  1142 I /system/bin/tombstoned: found intercept fd 512 for pid 750 and type kDebuggerdNativeBacktrace
11-29 07:35:22.842  24590  24590 I crash_dump64: performing dump of process 750 (target tid = 750)
11-29 07:35:22.887  24515  24515 I /system/bin/dumpstate: libdebuggerd_client: done dumping process 750
11-29 07:35:22.888  24515  24515 I /system/bin/dumpstate: libdebuggerd_client: started dumping process 753
11-29 07:35:22.889  1142  1142 I /system/bin/tombstoned: registered intercept for pid 753 and type kDebuggerdNativeBacktrace
11-29 07:35:22.890  1396  4076 I haohaov: [HMDenterprise broadcastIntentLocked] intent=Intent { act=android.intent.action.MCC_CHANGED (has extras) }
11-29 07:35:22.891  1396  4076 E ActivityManager: Sending non-protected broadcast android.intent.action.MCC_CHANGED from system 2362:com.android.phone/1001 pkg com.android.phone
java.lang.Throwable
	at com.android.server.am.ActivityManagerService.checkBroadcastFromSystem(ActivityManagerService.java:14874)
	at com.android.server.am.ActivityManagerService.broadcastIntentLocked(ActivityManagerService.java:15583)
	at com.android.server.am.ActivityManagerService.broadcastIntentLocked(ActivityManagerService.java:14934)
	at com.android.server.am.ActivityManagerService.broadcastIntent(ActivityManagerService.java:15725)
	at android.app.IActivityManager$Stub.onTransact(IActivityManager.java:1969)
	at com.android.server.am.ActivityManagerService.onTransact(ActivityManagerService.java:2771)
	at android.os.Binder.execTransactInternal(Binder.java:1021)
	at android.os.Binder.execTransact(Binder.java:994)

11-29 07:35:22.892  753  753 I libc: Requested dump for tid 753 (health@2.0-serv)
11-29 07:35:22.894  1396  4076 I DropBoxManagerService: add tag=system_server_wtf isTagEnabled=true flags=0x2
11-29 07:35:22.912  2362  2632 D PhoneInterfaceManager: [PhoneIntfMgr] getCellLocation: is active user
11-29 07:35:22.941  24595  24595 I crash_dump64: obtaining output fd from tombstoned, type: kDebuggerdNativeBacktrace
11-29 07:35:22.945  1142  1142 I /system/bin/tombstoned: received crash request for pid 753
11-29 07:35:22.945  1142  1142 I /system/bin/tombstoned: found intercept fd 512 for pid 753 and type kDebuggerdNativeBacktrace
11-29 07:35:22.946  24595  24595 I crash_dump64: performing dump of process 753 (target tid = 753)
11-29 07:35:22.959  24515  24515 I /system/bin/dumpstate: libdebuggerd_client: done dumping process 753
11-29 07:35:22.963  1396  1396 I haohaov: [HMDenterprise broadcastIntentLocked] intent=Intent { act=android.intent.action.BATTERY_CHANGED flg=0x60000000 (has extras) }
11-29 07:35:22.965  24515  24515 I /system/bin/dumpstate: libdebuggerd_client: started dumping process 770
11-29 07:35:22.967  2151  2151 D KeyguardUpdateMonitor: received broadcast android.intent.action.BATTERY_CHANGED
11-29 07:35:22.968  2151  2151 D KeyguardUpdateMonitor: handleBatteryUpdate
11-29 07:35:22.971  770  770 I libc: Requested dump for tid 770 (composer-servic)
11-29 07:35:22.972  1142  1142 I /system/bin/tombstoned: registered intercept for pid 770 and type kDebuggerdNativeBacktrace
11-29 07:35:22.975  17732  17732 I STFBatteryMonitor: Battery is charging (good health); connected via usb; level at 37/100; temp 35.4C@3.752V
11-29 07:35:22.976  2151  2151 D Tile.FlashlightTile: onReceive mBatteryLevel: 37  mPlugType==2
11-29 07:35:22.994  760  760 I sensors-hal: flush:260, android.sensor.gravity/91
11-29 07:35:22.995  760  760 I sensors-hal: flush:268, android.sensor.gravity/91 completed
11-29 07:35:22.995  760  760 I sensors-hal: flush:260, android.sensor.linear_acceleration/101
11-29 07:35:22.995  760  760 I sensors-hal: flush:268, android.sensor.linear_acceleration/101 completed
11-29 07:35:22.996  760  760 I sensors-hal: flush:260, android.sensor.gyroscope_uncalibrated/161
11-29 07:35:22.996  760  760 I sensors-hal: flush:268, android.sensor.gyroscope_uncalibrated/161 completed
11-29 07:35:22.997  18143  22267 W igation.testap: Accessing hidden method Lsun/misc/Unsafe;->compareAndSwapObject(Ljava/lang/Object;JLjava/lang/Object;Ljava/lang/Object;)Z (greylist, linking, allowed)
11-29 07:35:23.007  18143  22296 W igation.testap: Accessing hidden method Lsun/misc/Unsafe;->getInt(Ljava/lang/Object;J)I (greylist, linking, allowed)
11-29 07:35:23.007  18143  22296 W igation.testap: Accessing hidden method Lsun/misc/Unsafe;->putLong(Ljava/lang/Object;JJ)V (greylist, linking, allowed)
11-29 07:35:23.007  18143  22296 W igation.testap: Accessing hidden method Lsun/misc/Unsafe;->putInt(Ljava/lang/Object;JI)V (greylist, linking, allowed)
11-29 07:35:23.007  18143  22296 W igation.testap: Accessing hidden method Lsun/misc/Unsafe;->putObject(Ljava/lang/Object;JLjava/lang/Object;)V (greylist, linking, allowed)
11-29 07:35:23.007  18143  22296 W igation.testap: Accessing hidden method Lsun/misc/Unsafe;->getObject(Ljava/lang/Object;J)Ljava/lang/Object; (greylist, linking, allowed)
11-29 07:35:23.067  2362  2632 D PhoneInterfaceManager: [PhoneIntfMgr] getLine1NumberForDisplay returning null
11-29 07:35:23.077  1396  3555 W DevicePolicyManager: Package com.gyokovsolutions.gnettracklite (uid=10176, pid=16892) cannot access Device IDs
11-29 07:35:23.078  2362  2632 W TelephonyPermissions: reportAccessDeniedToReadIdentifiers:com.gyokovsolutions.gnettracklite:getSubscriberId:isPreinstalled=false:isPrivApp=false
11-29 07:35:23.081  18143  22296 W igation.testap: Accessing hidden method Lsun/misc/Unsafe;->getObject(Ljava/lang/Object;J)Ljava/lang/Object; (greylist, linking, allowed)
11-29 07:35:23.094  24601  24601 E DEBUG: failed to readlink /proc/770/fd/37: No such file or directory
11-29 07:35:23.094  24601  24601 E DEBUG: failed to readlink /proc/770/fd/38: No such file or directory
11-29 07:35:23.095  24601  24601 E DEBUG: failed to readlink /proc/770/fd/47: No such file or directory
11-29 07:35:23.126  2754  5006 I FusedLocation: location delivery to 10125/com.google.android.gms[.location_base]/b111ad5c blocked - too fast [CONTEXT service_id=6 ]

11-29 07:35:23.126  2754  5006 I FusedLocation: location delivery to 10175/com.zihua.android.mytracks/837233a blocked - too fast [CONTEXT service_id=6 ]

11-29 07:35:23.127  2754  5006 I FusedLocation: location delivery to 10201/jp.co.cyberagent.stf/8bc2f8c5 blocked - too fast [CONTEXT service_id=6 ]

11-29 07:35:23.129  18143  22296 W igation.testap: Accessing hidden method Lsun/misc/Unsafe;->getObject(Ljava/lang/Object;J)Ljava/lang/Object; (greylist, linking, allowed)
11-29 07:35:23.129  18143  22296 W igation.testap: Accessing hidden method Lsun/misc/Unsafe;->putObject(Ljava/lang/Object;JLjava/lang/Object;)V (greylist, linking, allowed)
11-29 07:35:23.129  18143  22296 W igation.testap: Accessing hidden method Lsun/misc/Unsafe;->getInt(Ljava/lang/Object;J)I (greylist, linking, allowed)
11-29 07:35:23.129  18143  22296 W igation.testap: Accessing hidden method Lsun/misc/Unsafe;->putInt(Ljava/lang/Object;JI)V (greylist, linking, allowed)
11-29 07:35:23.129  18143  22296 W igation.testap: Accessing hidden method Lsun/misc/Unsafe;->compareAndSwapObject(Ljava/lang/Object;JLjava/lang/Object;Ljava/lang/Object;)Z (greylist, linking, allowed)
11-29 07:35:23.131  18143  22296 W igation.testap: Accessing hidden method Lsun/misc/Unsafe;->getLong(Ljava/lang/Object;J)J (greylist,core-platform-api, linking, allowed)
11-29 07:35:23.132  18143  22296 I native: I0000 00:00:1701243323.131897   22296 map-location-tracker.cc:414] MapLocationTracker called with 12 existing on-segment hypotheses, 0 existing off-segment hypotheses, 4 queued observations at time 7139729.

11-29 07:35:23.151  24601  24601 I crash_dump64: obtaining output fd from tombstoned, type: kDebuggerdNativeBacktrace
11-29 07:35:23.153  1142  1142 I /system/bin/tombstoned: received crash request for pid 770
11-29 07:35:23.153  1142  1142 I /system/bin/tombstoned: found intercept fd 512 for pid 770 and type kDebuggerdNativeBacktrace
11-29 07:35:23.154  24601  24601 I crash_dump64: performing dump of process 770 (target tid = 770)
11-29 07:35:23.190  18143  22296 I native: I0000 00:00:1701243323.189813   22296 map-location-tracker.cc:845] time_ms: 7139729 MapTrackingResult[lat/lng=17.4473281,78.3779991 speed=11.16 bearing=33.50 alti=nanm, on_road=1 in_startup_confusion=0 posn_acc=4.38 spd_acc=2.01 bear_acc=37.62 alti_acc=inf segment=Hitech City Main Rd:0x6B22F9869861FFC3:0x5:[17.4473150,78.3779900 45.4m 35°, r-606.9m]x11m->1/1#[σ 5.00m 7.4°] meters_on_segment=1.74 across: nan off_mode_probability=1.00 {level=unknown} [nmm loc] ]

11-29 07:35:23.193  18143  22296 W igation.testap: Accessing hidden method Lsun/misc/Unsafe;->getInt(Ljava/lang/Object;J)I (greylist, linking, allowed)
11-29 07:35:23.194  18143  22296 W igation.testap: Accessing hidden method Lsun/misc/Unsafe;->putInt(Ljava/lang/Object;JI)V (greylist, linking, allowed)
11-29 07:35:23.194  18143  22296 W igation.testap: Accessing hidden method Lsun/misc/Unsafe;->getObject(Ljava/lang/Object;J)Ljava/lang/Object; (greylist, linking, allowed)
11-29 07:35:23.194  18143  22296 W igation.testap: Accessing hidden method Lsun/misc/Unsafe;->putObject(Ljava/lang/Object;JLjava/lang/Object;)V (greylist, linking, allowed)
11-29 07:35:23.205  18143  22295 W igation.testap: Accessing hidden method Lsun/misc/Unsafe;->getObject(Ljava/lang/Object;J)Ljava/lang/Object; (greylist, linking, allowed)
11-29 07:35:23.206  18143  22296 I native: I0000 00:00:1701243323.206001   22296 patchwork-snaptile-integrator.cc:533] DoFollowUpWork: 6 tiles currently loaded.

11-29 07:35:23.211  18143  22295 W igation.testap: Accessing hidden method Lsun/misc/Unsafe;->getObject(Ljava/lang/Object;J)Ljava/lang/Object; (greylist, linking, allowed)
11-29 07:35:23.212  18143  22295 W igation.testap: Accessing hidden method Lsun/misc/Unsafe;->getObject(Ljava/lang/Object;J)Ljava/lang/Object; (greylist, linking, allowed)
11-29 07:35:23.215  18143  18171 W igation.testap: Accessing hidden method Lsun/misc/Unsafe;->getInt(Ljava/lang/Object;J)I (greylist, linking, allowed)
11-29 07:35:23.217  18143  18171 W igation.testap: Accessing hidden method Lsun/misc/Unsafe;->putObject(Ljava/lang/Object;JLjava/lang/Object;)V (greylist, linking, allowed)
11-29 07:35:23.218  18143  18171 W igation.testap: Accessing hidden method Lsun/misc/Unsafe;->putInt(Ljava/lang/Object;JI)V (greylist, linking, allowed)
11-29 07:35:23.223  18143  18171 W igation.testap: Accessing hidden method Lsun/misc/Unsafe;->putObject(Ljava/lang/Object;JLjava/lang/Object;)V (greylist, linking, allowed)
11-29 07:35:23.223  18143  18171 W igation.testap: Accessing hidden method Lsun/misc/Unsafe;->putInt(Ljava/lang/Object;JI)V (greylist, linking, allowed)
11-29 07:35:23.224  18143  22295 I native: I0000 00:00:1701243323.224119   22295 guider.cc:320] [NAV][OnLocationChanged] : (38) (routes: *38=1, 45=1, 46=1) 956.59m (next: 389.695m) speed: 11.1559m/s

11-29 07:35:23.226  18143  18171 W igation.testap: Accessing hidden method Lsun/misc/Unsafe;->putObject(Ljava/lang/Object;JLjava/lang/Object;)V (greylist, linking, allowed)
11-29 07:35:23.244  18143  22295 W igation.testap: Accessing hidden method Lsun/misc/Unsafe;->putInt(Ljava/lang/Object;JI)V (greylist, linking, allowed)
11-29 07:35:23.245  18143  22295 W igation.testap: Accessing hidden method Lsun/misc/Unsafe;->putObject(Ljava/lang/Object;JLjava/lang/Object;)V (greylist, linking, allowed)
11-29 07:35:23.251  18143  22295 W igation.testap: Accessing hidden method Lsun/misc/Unsafe;->putInt(Ljava/lang/Object;JI)V (greylist, linking, allowed)
11-29 07:35:23.252  18143  22295 W igation.testap: Accessing hidden method Lsun/misc/Unsafe;->putLong(Ljava/lang/Object;JJ)V (greylist, linking, allowed)
11-29 07:35:23.257  18143  22295 W igation.testap: Accessing hidden method Lsun/misc/Unsafe;->compareAndSwapObject(Ljava/lang/Object;JLjava/lang/Object;Ljava/lang/Object;)Z (greylist, linking, allowed)
11-29 07:35:23.265  18143  22295 W igation.testap: Accessing hidden method Lsun/misc/Unsafe;->getInt(Ljava/lang/Object;J)I (greylist, linking, allowed)
11-29 07:35:23.265  18143  22295 W igation.testap: Accessing hidden method Lsun/misc/Unsafe;->getObject(Ljava/lang/Object;J)Ljava/lang/Object; (greylist, linking, allowed)
11-29 07:35:23.266  18143  22295 W igation.testap: Accessing hidden method Lsun/misc/Unsafe;->getLong(Ljava/lang/Object;J)J (greylist,core-platform-api, linking, allowed)
11-29 07:35:23.267  18143  18172 W igation.testap: Accessing hidden method Lsun/misc/Unsafe;->putObject(Ljava/lang/Object;JLjava/lang/Object;)V (greylist, linking, allowed)
11-29 07:35:23.268  18143  18172 W igation.testap: Accessing hidden method Lsun/misc/Unsafe;->putInt(Ljava/lang/Object;JI)V (greylist, linking, allowed)
11-29 07:35:23.291  24515  24515 I /system/bin/dumpstate: libdebuggerd_client: done dumping process 770
11-29 07:35:23.296  24515  24515 I /system/bin/dumpstate: libdebuggerd_client: started dumping process 809
11-29 07:35:23.300  1142  1142 I /system/bin/tombstoned: registered intercept for pid 809 and type kDebuggerdNativeBacktrace
11-29 07:35:23.300  809  809 I libc: Requested dump for tid 809 (audioserver)
11-29 07:35:23.341  760  760 I sensors-hal: flush:260, android.sensor.gravity/91
11-29 07:35:23.341  760  760 I sensors-hal: flush:268, android.sensor.gravity/91 completed
11-29 07:35:23.341  760  760 I sensors-hal: flush:260, android.sensor.linear_acceleration/101
11-29 07:35:23.342  760  760 I sensors-hal: flush:268, android.sensor.linear_acceleration/101 completed
11-29 07:35:23.342  760  760 I sensors-hal: flush:260, android.sensor.gyroscope_uncalibrated/161
11-29 07:35:23.342  760  760 I sensors-hal: flush:268, android.sensor.gyroscope_uncalibrated/161 completed
11-29 07:35:23.343  18143  22267 W igation.testap: Accessing hidden method Lsun/misc/Unsafe;->compareAndSwapObject(Ljava/lang/Object;JLjava/lang/Object;Ljava/lang/Object;)Z (greylist, linking, allowed)
11-29 07:35:23.359  18143  22296 W igation.testap: Accessing hidden method Lsun/misc/Unsafe;->getInt(Ljava/lang/Object;J)I (greylist, linking, allowed)
11-29 07:35:23.359  18143  22296 W igation.testap: Accessing hidden method Lsun/misc/Unsafe;->putLong(Ljava/lang/Object;JJ)V (greylist, linking, allowed)
11-29 07:35:23.359  18143  22296 W igation.testap: Accessing hidden method Lsun/misc/Unsafe;->putInt(Ljava/lang/Object;JI)V (greylist, linking, allowed)
11-29 07:35:23.360  18143  22296 W igation.testap: Accessing hidden method Lsun/misc/Unsafe;->putObject(Ljava/lang/Object;JLjava/lang/Object;)V (greylist, linking, allowed)
11-29 07:35:23.360  18143  22296 W igation.testap: Accessing hidden method Lsun/misc/Unsafe;->getObject(Ljava/lang/Object;J)Ljava/lang/Object; (greylist, linking, allowed)
11-29 07:35:23.376  18143  18143 W igation.testap: Accessing hidden method Lsun/misc/Unsafe;->getInt(Ljava/lang/Object;J)I (greylist, linking, allowed)
11-29 07:35:23.376  18143  18143 W igation.testap: Accessing hidden method Lsun/misc/Unsafe;->getObject(Ljava/lang/Object;J)Ljava/lang/Object; (greylist, linking, allowed)
11-29 07:35:23.442  24606  24606 I crash_dump64: obtaining output fd from tombstoned, type: kDebuggerdNativeBacktrace
11-29 07:35:23.444  1142  1142 I /system/bin/tombstoned: received crash request for pid 809
11-29 07:35:23.444  1142  1142 I /system/bin/tombstoned: found intercept fd 512 for pid 809 and type kDebuggerdNativeBacktrace
11-29 07:35:23.445  24606  24606 I crash_dump64: performing dump of process 809 (target tid = 809)
11-29 07:35:23.451  18143  18173 W igation.testap: Accessing hidden method Lsun/misc/Unsafe;->compareAndSwapObject(Ljava/lang/Object;JLjava/lang/Object;Ljava/lang/Object;)Z (greylist, linking, allowed)
11-29 07:35:23.457  18143  22295 I AudioManager: In isBluetoothScoOn(), calling application: com.google.android.libraries.navigation.testapp
11-29 07:35:23.458  1396  5245 I AS.AudioDeviceBroker: In isBluetoothScoOnForApp(), mForcedUseForCommExt: 0
11-29 07:35:23.459  18143  22295 W igation.testap: Accessing hidden method Lsun/misc/Unsafe;->getInt(Ljava/lang/Object;J)I (greylist, linking, allowed)
11-29 07:35:23.459  18143  22295 W igation.testap: Accessing hidden method Lsun/misc/Unsafe;->getObject(Ljava/lang/Object;J)Ljava/lang/Object; (greylist, linking, allowed)
11-29 07:35:23.472  2151  2880 D NetworkController.MobileSignalController(5): onDataActivity: direction=2
11-29 07:35:23.473  2151  2151 D InterruptionStateProvider: No heads up: unimportant notification: 0|com.google.android.libraries.navigation.testapp|1001|null|10169
11-29 07:35:23.475  2151  2151 D InterruptionStateProvider: No heads up: unimportant notification: 0|com.google.android.libraries.navigation.testapp|1001|null|10169
11-29 07:35:23.488  770  906 I SDM: CompManager::ProcessIdleTimeout: QIPL idle time
11-29 07:35:23.502  18143  22266 W igation.testap: Accessing hidden method Lsun/misc/Unsafe;->getInt(Ljava/lang/Object;J)I (greylist, linking, allowed)
11-29 07:35:23.502  18143  22266 W igation.testap: Accessing hidden method Lsun/misc/Unsafe;->getObject(Ljava/lang/Object;J)Ljava/lang/Object; (greylist, linking, allowed)
11-29 07:35:23.502  18143  22266 W igation.testap: Accessing hidden method Lsun/misc/Unsafe;->putObject(Ljava/lang/Object;JLjava/lang/Object;)V (greylist, linking, allowed)
11-29 07:35:23.502  18143  22266 W igation.testap: Accessing hidden method Lsun/misc/Unsafe;->putInt(Ljava/lang/Object;JI)V (greylist, linking, allowed)
11-29 07:35:23.503  18143  22266 W igation.testap: Accessing hidden method Lsun/misc/Unsafe;->getLong(Ljava/lang/Object;J)J (greylist,core-platform-api, linking, allowed)
11-29 07:35:23.503  18143  22266 W igation.testap: Accessing hidden method Lsun/misc/Unsafe;->putLong(Ljava/lang/Object;JJ)V (greylist, linking, allowed)
11-29 07:35:23.507  18143  22266 W igation.testap: Accessing hidden method Lsun/misc/Unsafe;->putObject(Ljava/lang/Object;JLjava/lang/Object;)V (greylist, linking, allowed)
11-29 07:35:23.507  18143  22266 W igation.testap: Accessing hidden method Lsun/misc/Unsafe;->putInt(Ljava/lang/Object;JI)V (greylist, linking, allowed)
11-29 07:35:23.507  18143  22266 W igation.testap: Accessing hidden method Lsun/misc/Unsafe;->getLong(Ljava/lang/Object;J)J (greylist,core-platform-api, linking, allowed)
11-29 07:35:23.507  18143  22266 W igation.testap: Accessing hidden method Lsun/misc/Unsafe;->putLong(Ljava/lang/Object;JJ)V (greylist, linking, allowed)
11-29 07:35:23.510  18143  22266 W igation.testap: Accessing hidden method Lsun/misc/Unsafe;->getInt(Ljava/lang/Object;J)I (greylist, linking, allowed)
11-29 07:35:23.510  18143  22266 W igation.testap: Accessing hidden method Lsun/misc/Unsafe;->putInt(Ljava/lang/Object;JI)V (greylist, linking, allowed)
11-29 07:35:23.510  18143  22266 W igation.testap: Accessing hidden method Lsun/misc/Unsafe;->getLong(Ljava/lang/Object;J)J (greylist,core-platform-api, linking, allowed)
11-29 07:35:23.510  18143  22266 W igation.testap: Accessing hidden method Lsun/misc/Unsafe;->putLong(Ljava/lang/Object;JJ)V (greylist, linking, allowed)
11-29 07:35:23.513  17732  17766 E STFTelephonyUtils: NetworkPolicy: Neither user 10201 nor current process has android.permission.MANAGE_SUBSCRIPTION_PLANS.
11-29 07:35:23.515  18143  22266 W igation.testap: Accessing hidden method Lsun/misc/Unsafe;->putInt(Ljava/lang/Object;JI)V (greylist, linking, allowed)
11-29 07:35:23.523  18143  22266 W igation.testap: Accessing hidden method Lsun/misc/Unsafe;->getInt(Ljava/lang/Object;J)I (greylist, linking, allowed)
11-29 07:35:23.523  18143  22266 W igation.testap: Accessing hidden method Lsun/misc/Unsafe;->putInt(Ljava/lang/Object;JI)V (greylist, linking, allowed)
11-29 07:35:23.523  1396  5245 D MmsServiceBroker: getCarrierConfigValues() by jp.co.cyberagent.stf
11-29 07:35:23.523  18143  22266 W igation.testap: Accessing hidden method Lsun/misc/Unsafe;->getLong(Ljava/lang/Object;J)J (greylist,core-platform-api, linking, allowed)
11-29 07:35:23.523  18143  22266 W igation.testap: Accessing hidden method Lsun/misc/Unsafe;->putLong(Ljava/lang/Object;JJ)V (greylist, linking, allowed)
11-29 07:35:23.524  2362  13985 D MmsService: getCarrierConfigValues
11-29 07:35:23.524  2362  13985 I MmsService: mms config for sub 5: Bundle[{httpSocketTimeout=60000, aliasMinChars=2, smsUsesSimpleCharactersOnly=false, smsToMmsTextThreshold=-1, enableSMSDeliveryReports=true, mmsRoamingAutoRetrieveByDefault=false, smsDeliveryReportSettingOnByDefault=false, maxMessageTextSize=-1, supportMmsContentDisposition=true, enabledTransID=false, aliasEnabled=false, supportHttpCharsetHeader=false, allowAttachAudio=true, smsToMmsTextLengthThreshold=-1, recipientLimit=2147483647, groupChatDefaultsToMMS=false, uaProfTagName=x-wap-profile, aliasMaxChars=48, maxImageHeight=480, enableMMSDeliveryReports=false, userAgent=Android-Mms/2.0, mmsCloseConnection=false, config_cellBroadcastAppLinks=true, maxSubjectLength=40, httpParams=, enableGroupMms=true, emailGatewayNumber=, mms_auto_retrieve_enabled_bool=true, maxMessageSize=307200, naiSuffix=, enableMMSReadReports=false, maxImageWidth=640, uaProfUrl=http://useragentprofile.hmdglobal.com/uaprof/Nokia3.4.xml, enabledMMS=true, enabledNotifyWapMMSC=false, sendMultipartSmsAsSeparateMessages=false, enableMultipartSMS=true}]
11-29 07:35:23.526  18143  22266 W igation.testap: Accessing hidden method Lsun/misc/Unsafe;->getInt(Ljava/lang/Object;J)I (greylist, linking, allowed)
11-29 07:35:23.526  18143  22266 W igation.testap: Accessing hidden method Lsun/misc/Unsafe;->putObject(Ljava/lang/Object;JLjava/lang/Object;)V (greylist, linking, allowed)
11-29 07:35:23.527  18143  22266 W igation.testap: Accessing hidden method Lsun/misc/Unsafe;->putInt(Ljava/lang/Object;JI)V (greylist, linking, allowed)
11-29 07:35:23.527  18143  22266 W igation.testap: Accessing hidden method Lsun/misc/Unsafe;->putObject(Ljava/lang/Object;JLjava/lang/Object;)V (greylist, linking, allowed)
11-29 07:35:23.529  18143  22266 W igation.testap: Accessing hidden method Lsun/misc/Unsafe;->getInt(Ljava/lang/Object;J)I (greylist, linking, allowed)
11-29 07:35:23.529  18143  22266 W igation.testap: Accessing hidden method Lsun/misc/Unsafe;->putInt(Ljava/lang/Object;JI)V (greylist, linking, allowed)
11-29 07:35:23.530  18143  22266 W igation.testap: Accessing hidden method Lsun/misc/Unsafe;->getLong(Ljava/lang/Object;J)J (greylist,core-platform-api, linking, allowed)
11-29 07:35:23.530  18143  22266 W igation.testap: Accessing hidden method Lsun/misc/Unsafe;->putLong(Ljava/lang/Object;JJ)V (greylist, linking, allowed)
11-29 07:35:23.532  18143  22266 W igation.testap: Accessing hidden method Lsun/misc/Unsafe;->putInt(Ljava/lang/Object;JI)V (greylist, linking, allowed)
11-29 07:35:23.533  18143  22266 W igation.testap: Accessing hidden method Lsun/misc/Unsafe;->putInt(Ljava/lang/Object;JI)V (greylist, linking, allowed)
11-29 07:35:23.533  18143  22266 W igation.testap: Accessing hidden method Lsun/misc/Unsafe;->putLong(Ljava/lang/Object;JJ)V (greylist, linking, allowed)
11-29 07:35:23.538  18143  22266 W igation.testap: Accessing hidden method Lsun/misc/Unsafe;->getInt(Ljava/lang/Object;J)I (greylist, linking, allowed)
11-29 07:35:23.538  18143  22266 W igation.testap: Accessing hidden method Lsun/misc/Unsafe;->getObject(Ljava/lang/Object;J)Ljava/lang/Object; (greylist, linking, allowed)
11-29 07:35:23.538  18143  22266 W igation.testap: Accessing hidden method Lsun/misc/Unsafe;->putInt(Ljava/lang/Object;JI)V (greylist, linking, allowed)
11-29 07:35:23.538  18143  22266 W igation.testap: Accessing hidden method Lsun/misc/Unsafe;->putLong(Ljava/lang/Object;JJ)V (greylist, linking, allowed)
11-29 07:35:23.544  18143  22266 W igation.testap: Accessing hidden method Lsun/misc/Unsafe;->getInt(Ljava/lang/Object;J)I (greylist, linking, allowed)
11-29 07:35:23.545  18143  22266 W igation.testap: Accessing hidden method Lsun/misc/Unsafe;->putInt(Ljava/lang/Object;JI)V (greylist, linking, allowed)
11-29 07:35:23.545  18143  22266 W igation.testap: Accessing hidden method Lsun/misc/Unsafe;->getLong(Ljava/lang/Object;J)J (greylist,core-platform-api, linking, allowed)
11-29 07:35:23.545  18143  22266 W igation.testap: Accessing hidden method Lsun/misc/Unsafe;->putLong(Ljava/lang/Object;JJ)V (greylist, linking, allowed)
11-29 07:35:23.548  18143  22266 W igation.testap: Accessing hidden method Lsun/misc/Unsafe;->getInt(Ljava/lang/Object;J)I (greylist, linking, allowed)
11-29 07:35:23.548  18143  22266 W igation.testap: Accessing hidden method Lsun/misc/Unsafe;->putInt(Ljava/lang/Object;JI)V (greylist, linking, allowed)
