11-24 07:10:29.653  618  1076 E debuggerd: signal_handler  reentry!!
11-24 07:10:29.680  618  1080 I debuggerd: signal_handler  sig: 35
11-24 07:10:29.680  618  1080 E debuggerd: signal_handler  reentry!!
11-24 07:10:29.711  616  1172 D NAVCORE: NAVCT_writeDataToBuff 0, 4,13,1968,20480, 

11-24 07:10:29.711  616  1172 D NAVCORE: NAVCT_writeDataToBuff 0, 4,14,1968,20480, 

11-24 07:10:29.711  616  1176 D NAVCORE: navCoreThread type 4,subtype 13, len 1968, ret 0, buff0len 0, state 3

11-24 07:10:29.711  616  1176 D NAVCORE: navCoreThread type 4,subtype 14, len 1968, ret 0, buff0len 0, state 3

11-24 07:10:29.711  616  1172 D NAVCORE: NAVCT_writeDataToBuff 0, 4,5,216,20480, 

11-24 07:10:29.711  616  1176 D NAVCORE: navCoreThread type 4,subtype 5, len 216, ret 0, buff0len 0, state 3

11-24 07:10:29.712  616  1172 D NAVCORE: NAVCT_writeDataToBuff 0, 4,6,1860,20480, 

11-24 07:10:29.712  616  1172 D NAVCORE: NAVCT_writeDataToBuff 0, 4,7,1860,18616, 

11-24 07:10:29.712  616  1176 D NAVCORE: navCoreThread type 4,subtype 6, len 1860, ret 0, buff0len 0, state 3

11-24 07:10:29.712  616  1176 D NAVCORE: navCoreThread type 4,subtype 7, len 1860, ret 0, buff0len 0, state 3

11-24 07:10:29.712  616  1172 D NAVCORE: NAVCT_writeDataToBuff 0, 4,8,1860,20480, 

11-24 07:10:29.712  616  1176 D NAVCORE: navCoreThread type 4,subtype 8, len 1860, ret 0, buff0len 0, state 3

11-24 07:10:29.712  616  1172 D NAVCORE: NAVCT_writeDataToBuff 0, 4,9,1860,20480, 

11-24 07:10:29.712  616  1176 D NAVCORE: navCoreThread type 4,subtype 9, len 1860, ret 0, buff0len 0, state 3

11-24 07:10:29.713  616  1172 D NAVCORE: NAVCT_writeDataToBuff 0, 4,10,1860,20480, 
�L�

11-24 07:10:29.713  618  1321 I debuggerd: signal_handler  sig: 35
11-24 07:10:29.713  616  1172 D NAVCORE: NAVCT_writeDataToBuff 0, 4,11,1860,18616, 

11-24 07:10:29.713  616  1176 D NAVCORE: navCoreThread type 4,subtype 10, len 1860, ret 0, buff0len 0, state 3

11-24 07:10:29.713  616  1176 D NAVCORE: navCoreThread type 4,subtype 11, len 1860, ret 0, buff0len 0, state 3

11-24 07:10:29.713  618  1321 E debuggerd: signal_handler  reentry!!
11-24 07:10:29.713  616  1172 D NAVCORE: NAVCT_writeDataToBuff 0, 4,20,1068,20480, 

11-24 07:10:29.713  616  1176 D NAVCORE: navCoreThread type 4,subtype 20, len 1068, ret 0, buff0len 0, state 3

11-24 07:10:29.715  616  1176 D GNSSMGT: set_measurement_svstatus_data: set_measure_data listnum:7, gpstow:0
11-24 07:10:29.715  616  1176 D GNSSMGT: transform_gnss_svstatus: sv_constellation_index = 0, sv_constellation_total = 3, num_svs = 7
11-24 07:10:29.715  616  1176 D GNSSMGT: set_measurement_svstatus_data: set_measure_data listnum:1, gpstow:0
11-24 07:10:29.715  616  1176 D GNSSMGT: transform_gnss_svstatus: sv_constellation_index = 1, sv_constellation_total = 3, num_svs = 8
11-24 07:10:29.715  616  1176 D GNSSMGT: set_measurement_svstatus_data: set_measure_data listnum:1, gpstow:0
11-24 07:10:29.715  616  1176 D GNSSMGT: transform_gnss_svstatus: sv_constellation_index = 2, sv_constellation_total = 3, num_svs = 9
11-24 07:10:29.715  616  1176 E GNSSMGT: dataproc_bufin: input len[2568] is bigger than buf size 2048, logtype[1]
11-24 07:10:29.715  616  1164 D GnssHAL_V_Gnss: gnssSvStatusCb, enter
11-24 07:10:29.716  616  1208 D GNSSMGT: agps_msg_thread: read cmd is 7
11-24 07:10:29.716  616  1208 D GNSSMGT: agps_msg_thread: read cmd is 7
11-24 07:10:29.717  616  1208 D GNSSMGT: agps_msg_thread: read cmd is 7
11-24 07:10:29.718  616  1176 D NAVCORE: send FWdata To BB 0x5,0x5,648

11-24 07:10:29.718  616  1176 D NAVCORE: send FWdata To BB 0x5,0x6,1552

11-24 07:10:29.718  616  1176 D NAVCORE: send FWdata To BB 0x5,0x7,864

11-24 07:10:29.718  616  1176 D NAVCORE: send FWdata To BB 0x5,0x8,880

11-24 07:10:29.719  616  1176 D GNSSMGT: navc_handleGstSubtype: GstParameter.ErrHorPos[15.000000]
11-24 07:10:29.719  616  1182 D NAVCORE: Process WriteLogThread++ 10838

11-24 07:10:29.721  616  1182 D GNSSMGT: gps_getNavcNmeadata: enter, subType:0x1
11-24 07:10:29.721  616  1182 D GNSSMGT: gps_getNavcNmeadata: enter, subType:0x1
11-24 07:10:29.721  616  1182 D GNSSMGT: parse_rmc_token: in RMC, fixStatus=V
11-24 07:10:29.721  616  1182 D GNSSMGT: gps_getNavcNmeadata: enter, subType:0x1
11-24 07:10:29.723  616  1182 D GNSSMGT: gps_getNavcNmeadata: enter, subType:0x1
11-24 07:10:29.723  616  1182 D GNSSMGT: gps_getNavcNmeadata: enter, subType:0x1
11-24 07:10:29.723  616  1182 D GNSSMGT: gps_getNavcNmeadata: enter, subType:0x1
11-24 07:10:29.723  616  1182 D GNSSMGT: gps_getNavcNmeadata: enter, subType:0x1
11-24 07:10:29.723  616  1182 D GNSSMGT: gps_getNavcNmeadata: enter, subType:0x1
11-24 07:10:29.723  616  1182 D GNSSMGT: gps_getNavcNmeadata: enter, subType:0x1
11-24 07:10:29.723  616  1182 D NAVCORE: NAVCT_buffNextMeasOkEmpty bufNum 1, dataLen 0, wA 1614, rA 1614

11-24 07:10:29.723  616  1182 D NAVCORE: Process WriteLogThread-- 0

11-24 07:10:29.735  26595  26727 I native: I0000 00:00:1700809829.735567   26727 map-location-tracker.cc:385] Queueing observation in MapLocationTracker: GpsSignalQualityObservation[when_ms=158220656, prev_sats=?, prev_snr=?, curr_sats=3, curr_snr=0.000000]

11-24 07:10:29.784  618  30431 I debuggerd: signal_handler  sig: 35
11-24 07:10:29.784  618  30431 E debuggerd: signal_handler  reentry!!
11-24 07:10:29.810  618  6347 I debuggerd: signal_handler  sig: 35
11-24 07:10:29.810  618  6347 E debuggerd: signal_handler  reentry!!
11-24 07:10:29.821  415  415 W DPUModule: Warning: Dispc cannot support 7 layer blending(0)
11-24 07:10:29.839  831  4184 D ApplicationPackageManager: hasSystemFeature:name=android.software.leanback version=0 getOpPackageName=android hasSystemFeature=false
11-24 07:10:29.840  831  860 D ApplicationPackageManager: hasSystemFeature:name=android.software.leanback version=0 getOpPackageName=android hasSystemFeature=false
11-24 07:10:29.850  618  17915 I debuggerd: signal_handler  sig: 35
11-24 07:10:29.850  618  17915 E debuggerd: signal_handler  reentry!!
11-24 07:10:29.890  618  20326 I debuggerd: signal_handler  sig: 35
11-24 07:10:29.890  618  20326 E debuggerd: signal_handler  reentry!!
11-24 07:10:29.916  5564  5625 I dumpstate: libdebuggerd_client: done dumping process 618
11-24 07:10:29.916  364  364 W tombstoned: missing output fd
11-24 07:10:29.926  831  932 D AlarmManager: waitForAlarm result:4currentTime=1700809829926, elapsedRealtime=158220848
11-24 07:10:29.933  831  932 I haohaov: [HMDenterprise broadcastIntentLocked] intent=Intent { act=com.google.android.location.ALARM_WAKEUP_ACTIVITY_DETECTION }
11-24 07:10:29.934  5564  5625 I dumpstate: libdebuggerd_client: started dumping process 831
11-24 07:10:29.934  364  364 I tombstoned: registered intercept for pid 831 and type kDebuggerdJavaBacktrace
11-24 07:10:29.935  831  837 I system_server: Thread[2,tid=837,WaitingInMainSignalCatcherLoop,Thread*=0xb237fc00,peer=0x13100000,"Signal Catcher"]: reacting to signal 3
11-24 07:10:29.935  831  837 I system_server: 
11-24 07:10:29.943  831  932 D BroadcastQueue: Add broadcast <BroadcastRecord{a08ceaa u0 com.google.android.location.ALARM_WAKEUP_ACTIVITY_DETECTION}> into [ordered | background], pending size 0
Header is BroadcastRecord{a08ceaa u0 com.google.android.location.ALARM_WAKEUP_ACTIVITY_DETECTION} now
11-24 07:10:29.950  831  4184 D BroadcastQueue: Finished with ordered broadcast BroadcastRecord{a08ceaa u0 com.google.android.location.ALARM_WAKEUP_ACTIVITY_DETECTION} receivers:(1) take 5ms in [background], remains 0
11-24 07:10:29.952  831  932 D AlarmManager: sending alarm.type = 2, action = com.google.android.location.ALARM_WAKEUP_ACTIVITY_DETECTION, cn = null, operation = PendingIntent{50f0b20: PendingIntentRecord{40caa8d com.google.android.gms/com.google.android.gms.location_base broadcastIntent}}
11-24 07:10:29.953  831  932 D AlarmManagerService: set alarm to kernel: 158222.142000000, type=2 

11-24 07:10:29.975  1449  5730 D SensorManager: registerListenerImpl sensor = {Sensor name="ST MC34XX 3-axis Accelerometer", vendor="ST", version=1, type=1, maxRange=39.2266, resolution=0.019153614, power=0.145, minDelay=10000}, delayUs = 20000, latencyUs = 0, listener = com.google.android.location.collectionlib.SensorScanner$SensorEventListenerAdapter@749bf1f
11-24 07:10:30.005  420  486 D sensor: poll__batch handle=0 sampling_period_ns=20ms, max_report_latency_ns=0ms

11-24 07:10:30.006  420  486 D sensor: activate handle=0; drv=0
11-24 07:10:30.006  420  486 D sensor: AccSensor: set EVIOCSCLOCKID = 7

11-24 07:10:30.008  420  486 D sensor: AccSensor: mEnabled = 1
11-24 07:10:30.009  420  420 E sensor: reading from wake pipe
11-24 07:10:30.189  415  415 W DPUModule: Warning: Dispc cannot support 7 layer blending(0)
11-24 07:10:30.316  2074  2074 E STFService: run1: 3.2.8
11-24 07:10:30.348  2074  2074 I STFService: sendNetworkClass:  CellSignalLte:{alphaLong=, rssi=2147483647, mnc=7, level=4, bandwidth=2147483647, ci=10810913, asulevel=64, parametersUseForLevel=-76, rsrp=-76, rssnr=2147483647, bands=[39], mcc=404, ta=2147483647, mAdditionalPlmns={}, sinr=2147483647, csgInfo=unknown, rsrq=-10, pci=258, tac=24314, alphaShort=, cqi=2147483647, earfcn=515}
11-24 07:10:30.354  2074  2074 I STFService: sendNetworkClass:  CellSignalLte:{alphaLong=, rssi=2147483647, mnc=2147483647, level=4, bandwidth=2147483647, ci=2147483647, asulevel=62, parametersUseForLevel=-78, rsrp=-78, rssnr=2147483647, bands=[39], mcc=2147483647, ta=2147483647, mAdditionalPlmns={}, sinr=2147483647, csgInfo=unknown, rsrq=-11, pci=260, tac=2147483647, alphaShort=, cqi=2147483647, earfcn=515}
11-24 07:10:30.356  415  415 W DPUModule: Warning: Dispc cannot support 7 layer blending(0)
11-24 07:10:30.360  2074  2074 I STFService: sendNetworkClass:  CellSignalLte:{alphaLong=, rssi=-61, mnc=2147483647, level=1, bandwidth=2147483647, ci=2147483647, asulevel=26, parametersUseForLevel=-114, rsrp=-114, rssnr=2147483647, bands=[39], mcc=2147483647, ta=2147483647, mAdditionalPlmns={}, sinr=2147483647, csgInfo=unknown, rsrq=-11, pci=77, tac=2147483647, alphaShort=, cqi=2147483647, earfcn=41140}
11-24 07:10:30.360  2074  2074 I STFService: sendNetworkClass:  CellSignalLte:{alphaLong=, rssi=-73, mnc=2147483647, level=0, bandwidth=2147483647, ci=2147483647, asulevel=20, parametersUseForLevel=-120, rsrp=-120, rssnr=2147483647, bands=[39], mcc=2147483647, ta=2147483647, mAdditionalPlmns={}, sinr=2147483647, csgInfo=unknown, rsrq=-16, pci=49, tac=2147483647, alphaShort=, cqi=2147483647, earfcn=41140}
11-24 07:10:30.368  2074  2074 I STFService: sendNetworkClass:  EPDGInfo:{dns_server_4=2001:4860:4860::6464, ip_address_1=10.51.4.44, dns_server_3=2402:3a80:c079:25::6, ip_address_2=2402:3a80:4391:a1be:0:29:7843:6601, dns_server_2=8.8.4.4, dns_server_1=42.105.241.76, max_downstream_bandwidth=30000, is_secure=true, tunneling_protocol=seth_lte0, max_upstream_bandwidth=15000}
11-24 07:10:30.384  415  415 W DPUModule: Warning: Dispc cannot support 7 layer blending(0)
11-24 07:10:30.402  831  831 W Looper: Slow delivery took 355ms main h=com.android.server.notification.NotificationManagerService$WorkerHandler c=com.android.server.notification.NotificationManagerService$PostNotificationRunnable@51e11 m=0
11-24 07:10:30.404  831  831 W Looper: Drained
11-24 07:10:30.412  1052  1052 D InterruptionStateProvider: No bubble up: not allowed to bubble: 0|com.google.android.libraries.navigation.testapp|1001|null|10019
11-24 07:10:30.413  1052  1052 D InterruptionStateProvider: No heads up: unimportant notification: 0|com.google.android.libraries.navigation.testapp|1001|null|10019
11-24 07:10:30.422  1052  1154 D PeopleSpaceWidgetMgr: Sbn doesn't contain valid PeopleTileKey: null/0/com.google.android.libraries.navigation.testapp
11-24 07:10:30.424  1052  1052 D InterruptionStateProvider: No bubble up: not allowed to bubble: 0|com.google.android.libraries.navigation.testapp|1001|null|10019
11-24 07:10:30.425  1052  1052 D InterruptionStateProvider: No heads up: unimportant notification: 0|com.google.android.libraries.navigation.testapp|1001|null|10019
11-24 07:10:30.430  1052  1154 D PeopleSpaceWidgetMgr: Sbn doesn't contain valid PeopleTileKey: null/0/com.google.android.libraries.navigation.testapp
11-24 07:10:30.451  1052  1052 D NotifContentInflater: apply, finishIfDone
11-24 07:10:30.456  1052  1052 D NotifContentInflater: applyRemoteView, finishIfDone
11-24 07:10:30.458  415  415 W DPUModule: Warning: Dispc cannot support 7 layer blending(0)
11-24 07:10:30.498  1052  1052 D NotifContentInflater: applyRemoteView, finishIfDone
11-24 07:10:30.543  1052  1052 D StatusBarSignalPolicy: MobileIconStates: [MobileIconState(subId=3, strengthId=2131232513, showTriangle=true, roaming=true, typeId=2131231563, visible=true, dataConnected=true, mobileImsId=0, mDataEnabletrue)]
11-24 07:10:30.544  1052  1052 D StatusBarSignalPolicy: state.mobileImsId = 0 subId = 3
11-24 07:10:30.555  1052  1052 D StatusIconContainer: skipping child (mute) not visible
11-24 07:10:30.556  1052  1052 D StatusIconContainer: skipping child (mute) not visible
11-24 07:10:30.559  1052  1052 D StatusIconContainer: skipping child (mute) not visible
11-24 07:10:30.592  415  415 W DPUModule: Warning: Dispc cannot support 7 layer blending(0)
11-24 07:10:30.622  831  909 D AppOps: noteOperation: reject #1 for code 15 (15) uid 10164 package jp.co.cyberagent.stf flags: s
11-24 07:10:30.651  831  909 D PackageManager: PMS queryIntentActivitiesInternal: Intent { act=android.service.carrier.CarrierService }, userId[0], filterCallingUid[1001], pkgName[null], null
11-24 07:10:30.659  2074  20601 E STFTelephonyUtils: NetworkPolicy: Neither user 10164 nor current process has android.permission.MANAGE_SUBSCRIPTION_PLANS.
11-24 07:10:30.664  831  908 D PackageManager: PMS queryIntentActivitiesInternal: Intent { act=android.service.carrier.CarrierService }, userId[0], filterCallingUid[1001], pkgName[null], null
11-24 07:10:30.676  831  909 D PackageManager: PMS queryIntentActivitiesInternal: Intent { act=android.service.carrier.CarrierService }, userId[0], filterCallingUid[1001], pkgName[null], null
11-24 07:10:30.680  831  909 D PackageManager: PMS queryIntentActivitiesInternal: Intent { act=android.service.carrier.CarrierService }, userId[0], filterCallingUid[1001], pkgName[null], null
11-24 07:10:30.686  831  909 D PackageManager: PMS queryIntentActivitiesInternal: Intent { act=android.service.carrier.CarrierService }, userId[0], filterCallingUid[1001], pkgName[null], null
11-24 07:10:30.694  2074  20601 E STFTelephonyUtils: {CarrierConfigInfo: missed_incoming_call_sms_pattern_string_array=[], CarrierConfigInfo: vvm_ssl_enabled_bool=false, smsToMmsTextThreshold=-1, CarrierConfigInfo: 5g_watchdog_time_ms_long=3600000, CarrierConfigInfo: iwlan.epdg_address_priority_int_array=[1, 0], CarrierConfigInfo: oem_config_network_powerup_disable_lte_bool=false, CarrierConfigInfo: iwlan.child_sa_rekey_hard_timer_sec_int=7200, CarrierConfigInfo: opportunistic_network_max_backoff_time_long=60000, CarrierConfigInfo: allow_metered_network_for_cert_download_bool=false, CarrierConfigInfo: gsm_nonroaming_networks_string_array=null, CarrierConfigInfo: carrier_default_actions_on_redirection_string_array=[9, 4, 1], CarrierConfigInfo: unmetered_nr_nsa_sub6_bool=false, CarrierConfigInfo: hide_enable_2g_bool=true, CarrierConfigInfo: gps.supl_host=supl.qxwz.com, CarrierConfigInfo: broadcast_emergency_call_state_changes_bool=false, CarrierConfigInfo: enhanced_4g_lte_title_variant_int=0, CarrierConfigInfo: vilte_data_is_metered_bool=true, CarrierConfigInfo: support_enhanced_call_blocking_bool=true, CarrierConfigInfo: supports_device_to_device_communication_using_rtp_bool=false, CarrierConfigInfo: additional_nr_advanced_bands_int_array=[], CarrierConfigInfo: oem_key_permanent_auto_sel_mode_bool=false, CarrierConfigInfo: gps.supl_mode=1, CarrierConfigInfo: mmi_two_digit_number_pattern_string_array=[], CarrierConfigInfo: boosted_nrarfcns_string_array=null, CarrierConfigInfo: aliasMaxChars=48, CarrierConfigInfo: carrier_name_string=, CarrierConfigInfo: support_swap_after_merge_bool=true, CarrierConfigInfo: vvm_type_string=, CarrierConfigInfo: imsserviceentitlement.entitlement_server_url_string=, CarrierConfigInfo: imsserviceentitlement.ims_provisioning_bool=false, CarrierConfigInfo: carrier_default_actions_on_reset_string_array=[6, 8], CarrierConfigInfo: httpParams=, CarrierConfigInfo: additional_settings_caller_id_visibility_bool=true, CarrierConfigInfo: opportunistic_network_data_switch_hysteresis_time_long=10000, CarrierConfigInfo: support_cdma_1x_voice_calls_bool=true, CarrierConfigInfo: apn.settings_default_protocol_string=, CarrierConfigInfo: carrier_provisions_wifi_merged_networks_bool=false, CarrierConfigInfo: carrier_metered_apn_types_strings=[default, dun, supl], CarrierConfigInfo: gba_mode_int=1, CarrierConfigInfo: oem_key_voicemail_string=, CarrierConfigInfo: oem_key_hide_fdn_bool=false, CarrierConfigInfo: call_redirection_service_component_name_string=null, CarrierConfigInfo: oem_label_wifi_call=, CarrierConfigInfo: call_forwarding_visibility_bool=true, Data Roaming=1, CarrierConfigInfo: carrier_wfc_ims_available_bool=true, CarrierConfigInfo: iwlan.mcc_mncs_string_array=[], allowAttachAudio=true, CarrierConfigInfo: hide_digits_helper_text_on_stk_input_screen_bool=true, CarrierConfigInfo: editable_wfc_mode_bool=true, CarrierConfigInfo: data_limit_notification_bool=true, CarrierConfigInfo: vt_upgrade_supported_for_downgraded_rtt_call=true, CarrierConfigInfo: iwlan.ike_session_encryption_aes_cbc_key_size_int_array=[128, 192, 256], CarrierConfigInfo: opportunistic_network_data_switch_exit_hysteresis_time_long=3000, CarrierConfigInfo: ims.wifi_off_deferring_time_millis_int=4000, CarrierConfigInfo: spn_display_rule_use_roaming_from_service_state_bool=false, CarrierConfigInfo: opportunistic_network_exit_threshold_rsrp_int=-118, CarrierConfigInfo: gps.use_emergency_pdn_for_emergency_supl=1, CarrierConfigInfo: operator_selection_expand_bool=true, CarrierConfigInfo: rcs_config_server_url_string=, CarrierConfigInfo: imsi_key_availability_int=0, CarrierConfigInfo: carrier_instant_lettering_escaped_chars_string=, CarrierConfigInfo: notify_handover_video_from_lte_to_wifi_bool=false, CarrierConfigInfo: display_voicemail_number_as_default_call_forwarding_number=false, CarrierConfigInfo: data_switch_validation_min_gap_long=86400000, CarrierConfigInfo: oem_not_allow_numbers_in_call_log_string=, CarrierConfigInfo: allow_emergency_numbers_in_call_log_bool=false, CarrierConfigInfo: use_hfa_for_provisioning_bool=false, CarrierConfigInf
11-24 07:10:30.697  2074  20601 I STFNetworkUtil: getHashMapProtoMessageEnvelopeWithId:  TelephonyData:{CarrierConfigInfo: missed_incoming_call_sms_pattern_string_array=[], CarrierConfigInfo: vvm_ssl_enabled_bool=false, smsToMmsTextThreshold=-1, CarrierConfigInfo: 5g_watchdog_time_ms_long=3600000, CarrierConfigInfo: iwlan.epdg_address_priority_int_array=[1, 0], CarrierConfigInfo: oem_config_network_powerup_disable_lte_bool=false, CarrierConfigInfo: iwlan.child_sa_rekey_hard_timer_sec_int=7200, CarrierConfigInfo: opportunistic_network_max_backoff_time_long=60000, CarrierConfigInfo: allow_metered_network_for_cert_download_bool=false, CarrierConfigInfo: gsm_nonroaming_networks_string_array=null, CarrierConfigInfo: carrier_default_actions_on_redirection_string_array=[9, 4, 1], CarrierConfigInfo: unmetered_nr_nsa_sub6_bool=false, CarrierConfigInfo: hide_enable_2g_bool=true, CarrierConfigInfo: gps.supl_host=supl.qxwz.com, CarrierConfigInfo: broadcast_emergency_call_state_changes_bool=false, CarrierConfigInfo: enhanced_4g_lte_title_variant_int=0, CarrierConfigInfo: vilte_data_is_metered_bool=true, CarrierConfigInfo: support_enhanced_call_blocking_bool=true, CarrierConfigInfo: supports_device_to_device_communication_using_rtp_bool=false, CarrierConfigInfo: additional_nr_advanced_bands_int_array=[], CarrierConfigInfo: oem_key_permanent_auto_sel_mode_bool=false, CarrierConfigInfo: gps.supl_mode=1, CarrierConfigInfo: mmi_two_digit_number_pattern_string_array=[], CarrierConfigInfo: boosted_nrarfcns_string_array=null, CarrierConfigInfo: aliasMaxChars=48, CarrierConfigInfo: carrier_name_string=, CarrierConfigInfo: support_swap_after_merge_bool=true, CarrierConfigInfo: vvm_type_string=, CarrierConfigInfo: imsserviceentitlement.entitlement_server_url_string=, CarrierConfigInfo: imsserviceentitlement.ims_provisioning_bool=false, CarrierConfigInfo: carrier_default_actions_on_reset_string_array=[6, 8], CarrierConfigInfo: httpParams=, CarrierConfigInfo: additional_settings_caller_id_visibility_bool=true, CarrierConfigInfo: opportunistic_network_data_switch_hysteresis_time_long=10000, CarrierConfigInfo: support_cdma_1x_voice_calls_bool=true, CarrierConfigInfo: apn.settings_default_protocol_string=, CarrierConfigInfo: carrier_provisions_wifi_merged_networks_bool=false, CarrierConfigInfo: carrier_metered_apn_types_strings=[default, dun, supl], CarrierConfigInfo: gba_mode_int=1, CarrierConfigInfo: oem_key_voicemail_string=, CarrierConfigInfo: oem_key_hide_fdn_bool=false, CarrierConfigInfo: call_redirection_service_component_name_string=null, CarrierConfigInfo: oem_label_wifi_call=, CarrierConfigInfo: call_forwarding_visibility_bool=true, Data Roaming=1, CarrierConfigInfo: carrier_wfc_ims_available_bool=true, CarrierConfigInfo: iwlan.mcc_mncs_string_array=[], allowAttachAudio=true, CarrierConfigInfo: hide_digits_helper_text_on_stk_input_screen_bool=true, CarrierConfigInfo: editable_wfc_mode_bool=true, CarrierConfigInfo: data_limit_notification_bool=true, CarrierConfigInfo: vt_upgrade_supported_for_downgraded_rtt_call=true, CarrierConfigInfo: iwlan.ike_session_encryption_aes_cbc_key_size_int_array=[128, 192, 256], CarrierConfigInfo: opportunistic_network_data_switch_exit_hysteresis_time_long=3000, CarrierConfigInfo: ims.wifi_off_deferring_time_millis_int=4000, CarrierConfigInfo: spn_display_rule_use_roaming_from_service_state_bool=false, CarrierConfigInfo: opportunistic_network_exit_threshold_rsrp_int=-118, CarrierConfigInfo: gps.use_emergency_pdn_for_emergency_supl=1, CarrierConfigInfo: operator_selection_expand_bool=true, CarrierConfigInfo: rcs_config_server_url_string=, CarrierConfigInfo: imsi_key_availability_int=0, CarrierConfigInfo: carrier_instant_lettering_escaped_chars_string=, CarrierConfigInfo: notify_handover_video_from_lte_to_wifi_bool=false, CarrierConfigInfo: display_voicemail_number_as_default_call_forwarding_number=false, CarrierConfigInfo: data_switch_validation_min_gap_long=86400000, CarrierConfigInfo: oem_not_allow_numbers_in_call_log_string=, CarrierConfigInfo: allow_emergency_numbers_in_call_log_bool=false, CarrierConfigInfo: use
11-24 07:10:30.711  616  1172 D NAVCORE: NAVCT_writeDataToBuff 0, 4,13,1968,20480, 

11-24 07:10:30.711  616  1172 D NAVCORE: NAVCT_writeDataToBuff 0, 4,14,1968,18508, 

11-24 07:10:30.711  616  1172 D NAVCORE: NAVCT_writeDataToBuff 0, 4,5,216,16536, 

11-24 07:10:30.712  616  1172 D NAVCORE: NAVCT_writeDataToBuff 0, 4,6,1860,16316, 

11-24 07:10:30.712  616  1172 D NAVCORE: NAVCT_writeDataToBuff 0, 4,7,1860,14452, 

11-24 07:10:30.712  616  1172 D NAVCORE: NAVCT_writeDataToBuff 0, 4,8,1860,12588, 

11-24 07:10:30.712  616  1172 D NAVCORE: NAVCT_writeDataToBuff 0, 4,9,1860,10724, 

11-24 07:10:30.713  616  1172 D NAVCORE: NAVCT_writeDataToBuff 0, 4,10,1860,8860, 
�L�

11-24 07:10:30.713  616  1172 D NAVCORE: NAVCT_writeDataToBuff 0, 4,11,1860,6996, 

11-24 07:10:30.713  616  1172 D NAVCORE: NAVCT_writeDataToBuff 0, 4,20,1068,5132, 

11-24 07:10:30.713  616  1176 D NAVCORE: navCoreThread type 4,subtype 13, len 1968, ret 0, buff0len 14448, state 3

11-24 07:10:30.713  616  1176 D NAVCORE: navCoreThread type 4,subtype 14, len 1968, ret 0, buff0len 12476, state 3

11-24 07:10:30.713  616  1176 D NAVCORE: navCoreThread type 4,subtype 5, len 216, ret 0, buff0len 12256, state 3

11-24 07:10:30.713  616  1176 D NAVCORE: navCoreThread type 4,subtype 6, len 1860, ret 0, buff0len 10392, state 3

11-24 07:10:30.713  616  1176 D NAVCORE: navCoreThread type 4,subtype 7, len 1860, ret 0, buff0len 8528, state 3

11-24 07:10:30.713  616  1176 D NAVCORE: navCoreThread type 4,subtype 8, len 1860, ret 0, buff0len 6664, state 3

11-24 07:10:30.713  616  1176 D NAVCORE: navCoreThread type 4,subtype 9, len 1860, ret 0, buff0len 4800, state 3

11-24 07:10:30.713  616  1176 D NAVCORE: navCoreThread type 4,subtype 10, len 1860, ret 0, buff0len 2936, state 3

11-24 07:10:30.713  616  1176 D NAVCORE: navCoreThread type 4,subtype 11, len 1860, ret 0, buff0len 1072, state 3

11-24 07:10:30.713  616  1176 D NAVCORE: navCoreThread type 4,subtype 20, len 1068, ret 0, buff0len 0, state 3

11-24 07:10:30.715  616  1176 D GNSSMGT: set_measurement_svstatus_data: set_measure_data listnum:7, gpstow:0
11-24 07:10:30.715  616  1176 D GNSSMGT: transform_gnss_svstatus: sv_constellation_index = 0, sv_constellation_total = 3, num_svs = 7
11-24 07:10:30.715  616  1176 D GNSSMGT: set_measurement_svstatus_data: set_measure_data listnum:1, gpstow:0
11-24 07:10:30.715  616  1176 D GNSSMGT: transform_gnss_svstatus: sv_constellation_index = 1, sv_constellation_total = 3, num_svs = 8
11-24 07:10:30.715  616  1176 D GNSSMGT: set_measurement_svstatus_data: set_measure_data listnum:1, gpstow:0
11-24 07:10:30.715  616  1176 D GNSSMGT: transform_gnss_svstatus: sv_constellation_index = 2, sv_constellation_total = 3, num_svs = 9
11-24 07:10:30.715  616  1176 E GNSSMGT: dataproc_bufin: input len[2568] is bigger than buf size 2048, logtype[1]
11-24 07:10:30.716  616  1176 D NAVCORE: send FWdata To BB 0x5,0x5,648

11-24 07:10:30.716  616  1176 D NAVCORE: send FWdata To BB 0x5,0x6,1552

11-24 07:10:30.716  616  1176 D NAVCORE: send FWdata To BB 0x5,0x7,864

11-24 07:10:30.716  616  1176 D NAVCORE: send FWdata To BB 0x5,0x8,880

11-24 07:10:30.717  616  1176 D GNSSMGT: navc_handleGstSubtype: GstParameter.ErrHorPos[15.000000]
11-24 07:10:30.717  616  1182 D NAVCORE: Process WriteLogThread++ 10765

11-24 07:10:30.718  616  1182 D GNSSMGT: gps_getNavcNmeadata: enter, subType:0x1
11-24 07:10:30.718  616  1182 D GNSSMGT: gps_getNavcNmeadata: enter, subType:0x1
11-24 07:10:30.718  616  1182 D GNSSMGT: parse_rmc_token: in RMC, fixStatus=V
11-24 07:10:30.718  616  1182 D GNSSMGT: gps_getNavcNmeadata: enter, subType:0x1
11-24 07:10:30.718  616  1182 D GNSSMGT: gps_getNavcNmeadata: enter, subType:0x1
11-24 07:10:30.718  616  1182 D GNSSMGT: gps_getNavcNmeadata: enter, subType:0x1
11-24 07:10:30.718  616  1182 D GNSSMGT: gps_getNavcNmeadata: enter, subType:0x1
11-24 07:10:30.718  616  1182 D GNSSMGT: gps_getNavcNmeadata: enter, subType:0x1
11-24 07:10:30.718  616  1182 D GNSSMGT: gps_getNavcNmeadata: enter, subType:0x1
11-24 07:10:30.718  616  1182 D GNSSMGT: gps_getNavcNmeadata: enter, subType:0x1
11-24 07:10:30.718  616  1182 D NAVCORE: NAVCT_buffNextMeasOkEmpty bufNum 1, dataLen 0, wA 12379, rA 12379

11-24 07:10:30.718  616  1182 D NAVCORE: Process WriteLogThread-- 0

11-24 07:10:30.718  616  1182 D NAVCORE: Process WriteLogThread++ 0

11-24 07:10:30.718  616  1182 D NAVCORE: NAVCT_buffNextMeasOkEmpty bufNum 1, dataLen 0, wA 12379, rA 12379

11-24 07:10:30.718  616  1182 D NAVCORE: Process WriteLogThread-- 0

11-24 07:10:30.719  616  1208 D GNSSMGT: agps_msg_thread: read cmd is 7
11-24 07:10:30.719  616  1208 D GNSSMGT: agps_msg_thread: read cmd is 7
11-24 07:10:30.719  616  1208 D GNSSMGT: agps_msg_thread: read cmd is 7
11-24 07:10:30.719  616  1164 D GnssHAL_V_Gnss: gnssSvStatusCb, enter
11-24 07:10:30.761  415  415 W DPUModule: Warning: Dispc cannot support 7 layer blending(0)
11-24 07:10:30.936  26595  26727 I native: I0000 00:00:1700809830.936566   26727 map-location-tracker.cc:425] MapLocationTracker called with 50 existing on-segment hypotheses, 0 existing off-segment hypotheses, 1 queued observations at time 158221857.

11-24 07:10:30.948  415  415 W DPUModule: Warning: Dispc cannot support 7 layer blending(0)
11-24 07:10:31.111  831  6326 I HidlSensorManager: hidl_ssvc_poll: spurious wake up, back to work
11-24 07:10:31.127  26595  26727 I native: I0000 00:00:1700809831.126279   26727 map-location-tracker.cc:857] time_ms: 158221857 MapTrackingResult[lat/lng=17.4531058,78.3804952 speed=-0.00 bearing=100.73 alti=nanm, on_road=1 in_startup_confusion=0 posn_acc=70.30 spd_acc=5.35 bear_acc=29.66 alti_acc=inf segment=Ayyappa Society Rd:[17.4531301,78.3803799 38.3m 100°, r395.1m, kNotTunnel]x7m->1/1#0[] meters_on_segment=12.53 across: nan {level=unknown} [nmm loc] ]

11-24 07:10:31.145  831  1031 V AS.AudioDeviceBroker: requestedCommunicationDevice, device: null mode owner pid: 0
11-24 07:10:31.216  415  415 W DPUModule: Warning: Dispc cannot support 7 layer blending(0)
11-24 07:10:31.223  831  932 D AlarmManager: waitForAlarm result:4currentTime=1700809831223, elapsedRealtime=158222145
11-24 07:10:31.255  831  932 D AlarmManager: sending alarm.type = 2, action = null, cn = null, operation = null
11-24 07:10:31.255  831  932 D AlarmManagerService: set alarm to kernel: 158491.206000000, type=2 

11-24 07:10:31.256  831  932 D AlarmManagerService: set alarm to kernel: 158250.922000000, type=3 

11-24 07:10:31.270  26595  26727 I native: I0000 00:00:1700809831.270592   26727 map-location-tracker.cc:385] Queueing observation in MapLocationTracker: GpsSignalQualityObservation[when_ms=158222192, prev_sats=?, prev_snr=?, curr_sats=1, curr_snr=0.000000]

11-24 07:10:31.274  26595  27174 I native: I0000 00:00:1700809831.271848   27174 guider.cc:164] [NAV][OnLocationChanged] : (123) (routes: *123=0.99906, 130=0.312345, 131=0.312345) 1076.78m (next: 116.273m confidence = 0.109629) speed: -0.000990257m/s

11-24 07:10:31.327  1449  2104 W Settings: Setting airplane_mode_on has moved from android.provider.Settings.System to android.provider.Settings.Global, returning read-only value.
11-24 07:10:31.330  1449  2104 E AbstractGmsTracer: Traced class shouldn't be obfuscated: LegacyRealTimers$$ExternalSyntheticLambda1 [CONTEXT service_id=259 ]

11-24 07:10:31.331  831  1031 W AlarmManager: com.google.android.gms2659 set deskclock alarmType:2;triggerAtTime=158227235;interval=0;flags=0; operation=null
11-24 07:10:31.332  831  1031 V AlarmManager: set(null) : type=2 listener=android.app.IAlarmListener$Stub$Proxy@b03e5e4 listenerTag=NetworkLocationLocator triggerAtTime=158227235 win=0 tElapsed=158227254 maxElapsed=158227254 interval=0 flags=0x1
11-24 07:10:31.334  831  1031 D AlarmManagerService: set alarm to kernel: 158227.254000000, type=2 

11-24 07:10:31.336  831  1031 W AlarmManager: com.google.android.gms2659 set deskclock alarmType:2;triggerAtTime=158227235;interval=0;flags=0; operation=null
11-24 07:10:31.336  831  1031 W AlarmManager: Alarms must either supply a PendingIntent or an AlarmReceiver
11-24 07:10:31.339  1449  2104 W SystemServiceRegistry: No service published for: wifirtt
11-24 07:10:31.349  831  963 W AlarmManager: android2659 set deskclock alarmType:2;triggerAtTime=158237271;interval=0;flags=8; operation=null
11-24 07:10:31.350  831  963 V AlarmManager: set(null) : type=2 listener=android.app.AlarmManager$ListenerWrapper@3088902 listenerTag=WificondScannerImpl Scan Timeout triggerAtTime=158237271 win=11250 tElapsed=158237271 maxElapsed=158248521 interval=0 flags=0x8
11-24 07:10:31.351  831  963 D AlarmManagerService: set alarm to kernel: 158227.254000000, type=2 

11-24 07:10:31.373  2074  2074 E STFService: run1: 3.2.8
11-24 07:10:31.403  2074  2074 I STFService: sendNetworkClass:  CellSignalLte:{alphaLong=, rssi=2147483647, mnc=7, level=4, bandwidth=2147483647, ci=10810913, asulevel=64, parametersUseForLevel=-76, rsrp=-76, rssnr=2147483647, bands=[39], mcc=404, ta=2147483647, mAdditionalPlmns={}, sinr=2147483647, csgInfo=unknown, rsrq=-11, pci=258, tac=24314, alphaShort=, cqi=2147483647, earfcn=515}
11-24 07:10:31.406  2074  2074 I STFService: sendNetworkClass:  EPDGInfo:{dns_server_4=2001:4860:4860::6464, ip_address_1=10.51.4.44, dns_server_3=2402:3a80:c079:25::6, ip_address_2=2402:3a80:4391:a1be:0:29:7843:6601, dns_server_2=8.8.4.4, dns_server_1=42.105.241.76, max_downstream_bandwidth=30000, is_secure=true, tunneling_protocol=seth_lte0, max_upstream_bandwidth=15000}
11-24 07:10:31.449  831  860 D ApplicationPackageManager: hasSystemFeature:name=android.software.leanback version=0 getOpPackageName=android hasSystemFeature=false
11-24 07:10:31.452  831  6512 D ApplicationPackageManager: hasSystemFeature:name=android.software.leanback version=0 getOpPackageName=android hasSystemFeature=false
11-24 07:10:31.588  1052  1052 D StatusBarSignalPolicy: MobileIconStates: [MobileIconState(subId=3, strengthId=2131232513, showTriangle=true, roaming=true, typeId=2131231563, visible=true, dataConnected=true, mobileImsId=0, mDataEnabletrue)]
11-24 07:10:31.590  1052  1052 D StatusBarSignalPolicy: state.mobileImsId = 0 subId = 3
11-24 07:10:31.600  1052  1052 D StatusIconContainer: skipping child (mute) not visible
11-24 07:10:31.601  1052  1052 D StatusIconContainer: skipping child (mute) not visible
11-24 07:10:31.604  1052  1052 D StatusIconContainer: skipping child (mute) not visible
11-24 07:10:31.677  415  415 W DPUModule: Warning: Dispc cannot support 7 layer blending(0)
11-24 07:10:31.704  415  415 W DPUModule: Warning: Dispc cannot support 7 layer blending(0)
11-24 07:10:31.709  1052  1052 D InterruptionStateProvider: No bubble up: not allowed to bubble: 0|com.google.android.libraries.navigation.testapp|1001|null|10019
11-24 07:10:31.711  616  1172 D NAVCORE: NAVCT_writeDataToBuff 0, 4,13,1968,20480, 

11-24 07:10:31.711  616  1176 D NAVCORE: navCoreThread type 4,subtype 13, len 1968, ret 0, buff0len 0, state 3

11-24 07:10:31.711  616  1172 D NAVCORE: NAVCT_writeDataToBuff 0, 4,14,1968,20480, 

11-24 07:10:31.711  616  1176 D NAVCORE: navCoreThread type 4,subtype 14, len 1968, ret 0, buff0len 0, state 3

11-24 07:10:31.711  616  1172 D NAVCORE: NAVCT_writeDataToBuff 0, 4,5,216,20480, 

11-24 07:10:31.711  616  1176 D NAVCORE: navCoreThread type 4,subtype 5, len 216, ret 0, buff0len 0, state 3

11-24 07:10:31.712  616  1172 D NAVCORE: NAVCT_writeDataToBuff 0, 4,6,1860,20480, 

11-24 07:10:31.712  616  1172 D NAVCORE: NAVCT_writeDataToBuff 0, 4,7,1860,18616, 

11-24 07:10:31.712  616  1176 D NAVCORE: navCoreThread type 4,subtype 6, len 1860, ret 0, buff0len 0, state 3

11-24 07:10:31.712  616  1176 D NAVCORE: navCoreThread type 4,subtype 7, len 1860, ret 0, buff0len 0, state 3

11-24 07:10:31.712  616  1172 D NAVCORE: NAVCT_writeDataToBuff 0, 4,8,1860,20480, 

11-24 07:10:31.712  616  1172 D NAVCORE: NAVCT_writeDataToBuff 0, 4,9,1860,18616, 

11-24 07:10:31.712  616  1176 D NAVCORE: navCoreThread type 4,subtype 8, len 1860, ret 0, buff0len 0, state 3

11-24 07:10:31.712  616  1176 D NAVCORE: navCoreThread type 4,subtype 9, len 1860, ret 0, buff0len 0, state 3

11-24 07:10:31.713  616  1172 D NAVCORE: NAVCT_writeDataToBuff 0, 4,10,1860,20480, 
�L�

11-24 07:10:31.713  616  1176 D NAVCORE: navCoreThread type 4,subtype 10, len 1860, ret 0, buff0len 0, state 3

11-24 07:10:31.713  616  1172 D NAVCORE: NAVCT_writeDataToBuff 0, 4,11,1860,20480, 

11-24 07:10:31.713  616  1172 D NAVCORE: NAVCT_writeDataToBuff 0, 4,20,1068,18616, 

11-24 07:10:31.713  616  1176 D NAVCORE: navCoreThread type 4,subtype 11, len 1860, ret 0, buff0len 1072, state 3

11-24 07:10:31.713  616  1176 D NAVCORE: navCoreThread type 4,subtype 20, len 1068, ret 0, buff0len 0, state 3

11-24 07:10:31.716  1052  1052 D InterruptionStateProvider: No heads up: unimportant notification: 0|com.google.android.libraries.navigation.testapp|1001|null|10019
11-24 07:10:31.718  616  1176 D GNSSMGT: set_measurement_svstatus_data: set_measure_data listnum:7, gpstow:0
11-24 07:10:31.718  616  1176 D GNSSMGT: transform_gnss_svstatus: sv_constellation_index = 0, sv_constellation_total = 3, num_svs = 7
11-24 07:10:31.718  616  1208 D GNSSMGT: agps_msg_thread: read cmd is 7
11-24 07:10:31.718  616  1176 D GNSSMGT: set_measurement_svstatus_data: set_measure_data listnum:1, gpstow:0
11-24 07:10:31.719  616  1176 D GNSSMGT: transform_gnss_svstatus: sv_constellation_index = 1, sv_constellation_total = 3, num_svs = 8
11-24 07:10:31.719  616  1208 D GNSSMGT: agps_msg_thread: read cmd is 7
11-24 07:10:31.719  616  1176 D GNSSMGT: set_measurement_svstatus_data: set_measure_data listnum:1, gpstow:0
11-24 07:10:31.719  616  1176 D GNSSMGT: transform_gnss_svstatus: sv_constellation_index = 2, sv_constellation_total = 3, num_svs = 9
11-24 07:10:31.719  616  1176 E GNSSMGT: dataproc_bufin: input len[2568] is bigger than buf size 2048, logtype[1]
11-24 07:10:31.719  616  1164 D GnssHAL_V_Gnss: gnssSvStatusCb, enter
11-24 07:10:31.719  616  1208 D GNSSMGT: agps_msg_thread: read cmd is 7
11-24 07:10:31.720  616  1176 D NAVCORE: send FWdata To BB 0x5,0x5,648

11-24 07:10:31.721  616  1176 D NAVCORE: send FWdata To BB 0x5,0x6,1552

11-24 07:10:31.721  616  1176 D NAVCORE: send FWdata To BB 0x5,0x7,864

11-24 07:10:31.721  616  1176 D NAVCORE: send FWdata To BB 0x5,0x8,880

11-24 07:10:31.722  616  1176 D GNSSMGT: navc_handleGstSubtype: GstParameter.ErrHorPos[15.000000]
11-24 07:10:31.722  616  1182 D NAVCORE: Process WriteLogThread++ 10893

11-24 07:10:31.722  616  1182 D GNSSMGT: gps_getNavcNmeadata: enter, subType:0x1
11-24 07:10:31.722  616  1182 D GNSSMGT: gps_getNavcNmeadata: enter, subType:0x1
11-24 07:10:31.722  616  1182 D GNSSMGT: parse_rmc_token: in RMC, fixStatus=V
11-24 07:10:31.722  616  1182 D GNSSMGT: gps_getNavcNmeadata: enter, subType:0x1
11-24 07:10:31.722  616  1182 D GNSSMGT: gps_getNavcNmeadata: enter, subType:0x1
11-24 07:10:31.722  616  1182 D GNSSMGT: gps_getNavcNmeadata: enter, subType:0x1
11-24 07:10:31.722  616  1182 D GNSSMGT: gps_getNavcNmeadata: enter, subType:0x1
11-24 07:10:31.723  616  1182 D GNSSMGT: gps_getNavcNmeadata: enter, subType:0x1
11-24 07:10:31.723  616  1182 D GNSSMGT: gps_getNavcNmeadata: enter, subType:0x1
11-24 07:10:31.723  616  1182 D GNSSMGT: gps_getNavcNmeadata: enter, subType:0x1
11-24 07:10:31.723  616  1182 D NAVCORE: NAVCT_buffNextMeasOkEmpty bufNum 1, dataLen 0, wA 23272, rA 23272

11-24 07:10:31.723  616  1182 D NAVCORE: Process WriteLogThread-- 0

11-24 07:10:31.729  1052  1154 D PeopleSpaceWidgetMgr: Sbn doesn't contain valid PeopleTileKey: null/0/com.google.android.libraries.navigation.testapp
11-24 07:10:31.742  1052  1052 D InterruptionStateProvider: No bubble up: not allowed to bubble: 0|com.google.android.libraries.navigation.testapp|1001|null|10019
11-24 07:10:31.743  1052  1052 D InterruptionStateProvider: No heads up: unimportant notification: 0|com.google.android.libraries.navigation.testapp|1001|null|10019
11-24 07:10:31.763  415  415 W DPUModule: Warning: Dispc cannot support 7 layer blending(0)
11-24 07:10:31.780  1052  1154 D PeopleSpaceWidgetMgr: Sbn doesn't contain valid PeopleTileKey: null/0/com.google.android.libraries.navigation.testapp
11-24 07:10:31.802  1052  1052 D NotifContentInflater: apply, finishIfDone
11-24 07:10:31.808  1052  1052 D NotifContentInflater: applyRemoteView, finishIfDone
11-24 07:10:31.884  415  415 W DPUModule: Warning: Dispc cannot support 7 layer blending(0)
11-24 07:10:31.899  1052  1052 D NotifContentInflater: applyRemoteView, finishIfDone
11-24 07:10:31.925  2074  2128 I STFService: CoreFrequency index: 0 current: 1400000 max: 1400000
11-24 07:10:31.928  2074  2128 I STFService: CoreFrequency index: 1 current: 1400000 max: 1400000
11-24 07:10:31.929  831  1031 D WifiNl80211Manager: Scan result ready event
11-24 07:10:31.929  831  1031 D WifiNative: Scan result ready event
11-24 07:10:31.929  831  963 W AlarmManager: remove() --> removeLocked()PendingIntent=null;IAlarmListener=android.app.AlarmManager$ListenerWrapper@3088902;mSetImplTime=55807657
11-24 07:10:31.929  831  963 D AlarmManagerService: set alarm to kernel: 158227.254000000, type=2 

11-24 07:10:31.934  2074  2128 I STFService: CoreFrequency index: 2 current: 1400000 max: 1400000
11-24 07:10:31.946  2074  2128 I STFService: CoreFrequency index: 3 current: 1400000 max: 1400000
11-24 07:10:31.965  415  415 W DPUModule: Warning: Dispc cannot support 7 layer blending(0)
11-24 07:10:32.002  831  957 I haohaov: [HMDenterprise broadcastIntentLocked] intent=Intent { act=android.net.wifi.SCAN_RESULTS flg=0x4000000 (has extras) }
11-24 07:10:32.009  415  415 W DPUModule: Warning: Dispc cannot support 7 layer blending(0)
11-24 07:10:32.031  831  1031 W UsbDeviceManager: Ignore missing legacy kernel path in bugreport dump: kernel function list:/sys/class/android_usb/android0/functions
11-24 07:10:32.031  831  1031 D PackageManager: PMS queryIntentActivitiesInternal: Intent { act=android.hardware.usb.action.USB_DEVICE_ATTACHED }, userId[0], filterCallingUid[1000], pkgName[null], null
11-24 07:10:32.032  831  1031 D PackageManager: PMS applyPostResolutionFilter: ResolveInfo{2b936b2 com.android.mtp/.ReceiverActivity m=0x108000}
11-24 07:10:32.036  831  1031 D PackageManager: PMS queryIntentActivitiesInternal: Intent { act=android.hardware.usb.action.USB_ACCESSORY_ATTACHED }, userId[0], filterCallingUid[1000], pkgName[null], null
11-24 07:10:32.037  831  1031 D PackageManager: PMS applyPostResolutionFilter: ResolveInfo{4cae27b com.google.android.gms/.backup.component.D2dSourceActivity p=999 m=0x108000}
11-24 07:10:32.037  831  1031 D PackageManager: PMS applyPostResolutionFilter: ResolveInfo{1861898 com.android.chrome/org.chromium.chrome.browser.webauth.authenticator.CableAuthenticatorUSBActivity m=0x108000}
11-24 07:10:32.057  2074  2115 D STFService: 
11-24 07:10:32.057  2074  2115 D STFService: 
11-24 07:10:32.104  831  1031 W AlarmManager: remove() --> removeLocked()PendingIntent=null;IAlarmListener=android.app.IAlarmListener$Stub$Proxy@f3bf9dc;mSetImplTime=55807657
11-24 07:10:32.104  831  1031 D AlarmManagerService: set alarm to kernel: 158491.206000000, type=2 

11-24 07:10:32.105  831  1031 D AlarmManagerService: set alarm to kernel: 158250.922000000, type=3 

11-24 07:10:32.105  1449  2104 E AbstractGmsTracer: Traced class shouldn't be obfuscated: LegacyRealTimers$$ExternalSyntheticLambda1 [CONTEXT service_id=259 ]

11-24 07:10:32.107  831  1031 W AlarmManager: com.google.android.gms2659 set deskclock alarmType:2;triggerAtTime=158232235;interval=0;flags=0; operation=null
11-24 07:10:32.107  831  1031 V AlarmManager: set(null) : type=2 listener=android.app.IAlarmListener$Stub$Proxy@ed29ae5 listenerTag=NetworkLocationLocator triggerAtTime=158232235 win=0 tElapsed=158232235 maxElapsed=158232235 interval=0 flags=0x1
11-24 07:10:32.109  831  1031 D AlarmManagerService: set alarm to kernel: 158232.235000000, type=2 

11-24 07:10:32.110  831  1031 W AlarmManager: com.google.android.gms2659 set deskclock alarmType:2;triggerAtTime=158232235;interval=0;flags=0; operation=null
11-24 07:10:32.110  831  1031 W AlarmManager: Alarms must either supply a PendingIntent or an AlarmReceiver
11-24 07:10:32.124  831  6512 I LocationManagerService: incoming location: locationResult [[Location[network 17.451482,78.380490 hAcc=800.0 et=+1d19h57m2s262ms {Bundle[mParcelledData.dataSize=68]}]]]
11-24 07:10:32.126  616  616 D GPS_HAL: gps_injectLocation enter
11-24 07:10:32.126  616  616 D GNSSMGT: gnssmgt_injectLocation: enter
11-24 07:10:32.126  616  616 D GNSSMGT: gps_inject_location: enter
11-24 07:10:32.130  831  6512 I LocationManagerService: incoming location: locationResult [[Location[network 17.451482,78.380490 hAcc=800.0 et=+1d19h57m2s262ms {Bundle[mParcelledData.dataSize=68]}]]]
11-24 07:10:32.138  2074  2074 I STFService: onLocationUpdate: Location[network 17.451482,78.380490 hAcc=800.0 et=+1d19h57m2s262ms {Bundle[mParcelledData.dataSize=68]}]
11-24 07:10:32.144  26595  26727 I native: I0000 00:00:1700809832.144328   26727 map-location-tracker.cc:385] Queueing observation in MapLocationTracker: PositionObservation[when_ms=158223054, position=17.4514816,78.3804898, sd=800, op=0.001]

11-24 07:10:32.145  2074  2074 I STFService: Location: provider network;latitude 17.4514815;longitude 78.3804897
11-24 07:10:32.150  26595  26727 I native: I0000 00:00:1700809832.149960   26727 map-location-tracker.cc:425] MapLocationTracker called with 50 existing on-segment hypotheses, 0 existing off-segment hypotheses, 2 queued observations at time 158223054.

11-24 07:10:32.158  1449  1983 I FusedLocation: (REDACTED) location delivery to %s blocked - too fast

11-24 07:10:32.168  831  6547 I LocationManagerService: incoming location: locationResult [[Location[fused 17.452855,78.380320 hAcc=299.185 et=+1d19h57m2s262ms alt=539.7000122070312 vAcc=6.6564 vel=4.2076135 bear=346.10095]]]
11-24 07:10:32.170  831  6547 I LocationManagerService: incoming location: locationResult [[Location[fused 17.452855,78.380320 hAcc=299.185 et=+1d19h57m2s262ms alt=539.7000122070312 vAcc=6.6564 vel=4.2076135 bear=346.10095]]]
11-24 07:10:32.174  1017  1017 I UniLocationManager: onLocationChanged :Location[fused 17.452855,78.380320 hAcc=299.185 et=+1d19h57m2s262ms alt=539.7000122070312 vAcc=6.6564 vel=4.2076135 bear=346.10095]
11-24 07:10:32.175  1017  1017 D UniLocationManager: setSosLocation mSosLocation: Location[fused 17.463001,78.376857 hAcc=222.614 et=+1d19h54m11s775ms alt=534.2000122070312 vAcc=2.2765718 vel=6.4745016 bear=139.56506] location: Location[fused 17.452855,78.380320 hAcc=299.185 et=+1d19h57m2s262ms alt=539.7000122070312 vAcc=6.6564 vel=4.2076135 bear=346.10095]
11-24 07:10:32.178  2074  2074 I STFLocationUtils: onLocationResult: Location[fused 17.452855,78.380320 hAcc=299.185 et=+1d19h57m2s262ms alt=539.7000122070312 vAcc=6.6564 vel=4.2076135 bear=346.10095]
11-24 07:10:32.178  2074  2074 I STFService: onLocationUpdate: Location[fused 17.452855,78.380320 hAcc=299.185 et=+1d19h57m2s262ms alt=539.7000122070312 vAcc=6.6564 vel=4.2076135 bear=346.10095]
11-24 07:10:32.178  2074  2074 I STFService: Location: provider fused;latitude 17.4528548;longitude 78.3803198
11-24 07:10:32.181  1449  1983 I ckzy: Received empty WiFi-RTT scan. [CONTEXT service_id=6 ]

11-24 07:10:32.182  1017  1017 I UniLocationManager: sendLocationToCellular: longitude= 78.3803 latitude = 17.4529
11-24 07:10:32.216  415  415 W DPUModule: Warning: Dispc cannot support 7 layer blending(0)
11-24 07:10:32.349  26595  26727 I native: I0000 00:00:1700809832.349194   26727 map-location-tracker.cc:1625] Skipping PositionObservation[when_ms=158223054, position=17.4514816,78.3804898, sd=800, op=0.001] update on-segment - outlier. max_modified_scale = 0.00019834

11-24 07:10:32.412  2074  2074 E STFService: run1: 3.2.8
11-24 07:10:32.445  26595  26727 I native: I0000 00:00:1700809832.442590   26727 map-location-tracker.cc:857] time_ms: 158223054 MapTrackingResult[lat/lng=17.4531058,78.3804952 speed=-0.00 bearing=100.73 alti=nanm, on_road=1 in_startup_confusion=0 posn_acc=73.93 spd_acc=5.45 bear_acc=30.30 alti_acc=inf segment=Ayyappa Society Rd:[17.4531301,78.3803799 38.3m 100°, r395.1m, kNotTunnel]x7m->1/1#0[] meters_on_segment=12.53 across: nan {level=unknown} [nmm loc] ]

11-24 07:10:32.453  415  415 W DPUModule: Warning: Dispc cannot support 7 layer blending(0)
11-24 07:10:32.531  364  364 I tombstoned: received crash request for pid 831
11-24 07:10:32.532  2074  2074 I STFService: sendNetworkClass:  CellSignalLte:{alphaLong=, rssi=2147483647, mnc=7, level=4, bandwidth=2147483647, ci=10810913, asulevel=64, parametersUseForLevel=-76, rsrp=-76, rssnr=2147483647, bands=[39], mcc=404, ta=2147483647, mAdditionalPlmns={}, sinr=2147483647, csgInfo=unknown, rsrq=-11, pci=258, tac=24314, alphaShort=, cqi=2147483647, earfcn=515}
11-24 07:10:32.532  364  364 I tombstoned: found intercept fd 512 for pid 831 and type kDebuggerdJavaBacktrace
11-24 07:10:32.539  5564  5625 I dumpstate: libdebuggerd_client: done dumping process 831
11-24 07:10:32.549  5564  5625 I dumpstate: libdebuggerd_client: started dumping process 1017
11-24 07:10:32.550  364  364 I tombstoned: registered intercept for pid 1017 and type kDebuggerdJavaBacktrace
11-24 07:10:32.551  831  837 I system_server: Wrote stack traces to tombstoned
11-24 07:10:32.551  364  364 W tombstoned: missing output fd
11-24 07:10:32.552  1017  1022 I m.android.phon: Thread[5,tid=1022,WaitingInMainSignalCatcherLoop,Thread*=0xb2382600,peer=0x12e400b0,"Signal Catcher"]: reacting to signal 3
11-24 07:10:32.553  1017  1022 I m.android.phon: 
11-24 07:10:32.574  2074  2074 I STFService: sendNetworkClass:  EPDGInfo:{dns_server_4=2001:4860:4860::6464, ip_address_1=10.51.4.44, dns_server_3=2402:3a80:c079:25::6, ip_address_2=2402:3a80:4391:a1be:0:29:7843:6601, dns_server_2=8.8.4.4, dns_server_1=42.105.241.76, max_downstream_bandwidth=30000, is_secure=true, tunneling_protocol=seth_lte0, max_upstream_bandwidth=15000}
11-24 07:10:32.640  26595  26727 I native: I0000 00:00:1700809832.640559   26727 map-location-tracker.cc:425] MapLocationTracker called with 50 existing on-segment hypotheses, 0 existing off-segment hypotheses, 0 queued observations at time 158223561.

11-24 07:10:32.645  26595  27174 I native: I0000 00:00:1700809832.642679   27174 guider.cc:164] [NAV][OnLocationChanged] : (123) (routes: *123=0.998999, 130=0.323216, 131=0.323216) 1076.78m (next: 116.27m confidence = 0.117037) speed: -0.000435475m/s

11-24 07:10:32.673  415  415 W DPUModule: Warning: Dispc cannot support 7 layer blending(0)
11-24 07:10:32.711  616  1172 D NAVCORE: NAVCT_writeDataToBuff 0, 4,13,1968,20480, 

11-24 07:10:32.711  616  1176 D NAVCORE: navCoreThread type 4,subtype 13, len 1968, ret 0, buff0len 0, state 3

11-24 07:10:32.711  616  1172 D NAVCORE: NAVCT_writeDataToBuff 0, 4,14,1968,20480, 

11-24 07:10:32.711  616  1176 D NAVCORE: navCoreThread type 4,subtype 14, len 1968, ret 0, buff0len 0, state 3

11-24 07:10:32.711  616  1172 D NAVCORE: NAVCT_writeDataToBuff 0, 4,5,216,20480, 

11-24 07:10:32.711  616  1176 D NAVCORE: navCoreThread type 4,subtype 5, len 216, ret 0, buff0len 0, state 3

11-24 07:10:32.712  616  1172 D NAVCORE: NAVCT_writeDataToBuff 0, 4,6,1860,20480, 

