11-24 07:10:32.712  616  1176 D NAVCORE: navCoreThread type 4,subtype 6, len 1860, ret 0, buff0len 0, state 3

11-24 07:10:32.712  616  1172 D NAVCORE: NAVCT_writeDataToBuff 0, 4,7,1860,20480, 

11-24 07:10:32.712  616  1176 D NAVCORE: navCoreThread type 4,subtype 7, len 1860, ret 0, buff0len 0, state 3

11-24 07:10:32.712  616  1172 D NAVCORE: NAVCT_writeDataToBuff 0, 4,8,1860,20480, 

11-24 07:10:32.712  616  1172 D NAVCORE: NAVCT_writeDataToBuff 0, 4,9,1860,18616, 

11-24 07:10:32.712  616  1176 D NAVCORE: navCoreThread type 4,subtype 8, len 1860, ret 0, buff0len 1864, state 3

11-24 07:10:32.712  616  1172 D NAVCORE: NAVCT_writeDataToBuff 0, 4,10,1860,18616, 
�L�

11-24 07:10:32.713  616  1176 D NAVCORE: navCoreThread type 4,subtype 9, len 1860, ret 0, buff0len 1864, state 3

11-24 07:10:32.713  616  1176 D NAVCORE: navCoreThread type 4,subtype 10, len 1860, ret 0, buff0len 0, state 3

11-24 07:10:32.713  616  1172 D NAVCORE: NAVCT_writeDataToBuff 0, 4,11,1860,20480, 

11-24 07:10:32.713  616  1172 D NAVCORE: NAVCT_writeDataToBuff 0, 4,20,1068,18616, 

11-24 07:10:32.713  616  1176 D NAVCORE: navCoreThread type 4,subtype 11, len 1860, ret 0, buff0len 0, state 3

11-24 07:10:32.713  616  1176 D NAVCORE: navCoreThread type 4,subtype 20, len 1068, ret 0, buff0len 0, state 3

11-24 07:10:32.715  616  1176 D GNSSMGT: set_measurement_svstatus_data: set_measure_data listnum:6, gpstow:0
11-24 07:10:32.715  616  1176 D GNSSMGT: transform_gnss_svstatus: sv_constellation_index = 0, sv_constellation_total = 3, num_svs = 6
11-24 07:10:32.715  616  1176 D GNSSMGT: set_measurement_svstatus_data: set_measure_data listnum:1, gpstow:0
11-24 07:10:32.715  616  1176 D GNSSMGT: transform_gnss_svstatus: sv_constellation_index = 1, sv_constellation_total = 3, num_svs = 7
11-24 07:10:32.715  616  1176 D GNSSMGT: set_measurement_svstatus_data: set_measure_data listnum:1, gpstow:0
11-24 07:10:32.715  616  1176 D GNSSMGT: transform_gnss_svstatus: sv_constellation_index = 2, sv_constellation_total = 3, num_svs = 8
11-24 07:10:32.715  616  1176 E GNSSMGT: dataproc_bufin: input len[2568] is bigger than buf size 2048, logtype[1]
11-24 07:10:32.715  616  1164 D GnssHAL_V_Gnss: gnssSvStatusCb, enter
11-24 07:10:32.717  616  1176 D NAVCORE: send FWdata To BB 0x5,0x5,648

11-24 07:10:32.717  616  1176 D NAVCORE: send FWdata To BB 0x5,0x6,1552

11-24 07:10:32.717  616  1176 D NAVCORE: send FWdata To BB 0x5,0x7,864

11-24 07:10:32.717  616  1176 D NAVCORE: send FWdata To BB 0x5,0x8,880

11-24 07:10:32.718  616  1176 D GNSSMGT: navc_handleGstSubtype: GstParameter.ErrHorPos[15.000000]
11-24 07:10:32.719  616  1182 D NAVCORE: Process WriteLogThread++ 10836

11-24 07:10:32.719  616  1182 D GNSSMGT: gps_getNavcNmeadata: enter, subType:0x1
11-24 07:10:32.719  616  1182 D GNSSMGT: gps_getNavcNmeadata: enter, subType:0x1
11-24 07:10:32.719  616  1182 D GNSSMGT: parse_rmc_token: in RMC, fixStatus=V
11-24 07:10:32.719  616  1182 D GNSSMGT: gps_getNavcNmeadata: enter, subType:0x1
11-24 07:10:32.719  616  1182 D GNSSMGT: gps_getNavcNmeadata: enter, subType:0x1
11-24 07:10:32.719  616  1182 D GNSSMGT: gps_getNavcNmeadata: enter, subType:0x1
11-24 07:10:32.719  616  1182 D GNSSMGT: gps_getNavcNmeadata: enter, subType:0x1
11-24 07:10:32.720  616  1182 D GNSSMGT: gps_getNavcNmeadata: enter, subType:0x1
11-24 07:10:32.720  616  1182 D GNSSMGT: gps_getNavcNmeadata: enter, subType:0x1
11-24 07:10:32.720  616  1182 D GNSSMGT: gps_getNavcNmeadata: enter, subType:0x1
11-24 07:10:32.720  616  1182 D NAVCORE: NAVCT_buffNextMeasOkEmpty bufNum 1, dataLen 0, wA 34108, rA 34108

11-24 07:10:32.720  616  1182 D NAVCORE: Process WriteLogThread-- 0

11-24 07:10:32.720  616  1182 D NAVCORE: Process WriteLogThread++ 0

11-24 07:10:32.720  616  1182 D NAVCORE: NAVCT_buffNextMeasOkEmpty bufNum 1, dataLen 0, wA 34108, rA 34108

11-24 07:10:32.720  616  1182 D NAVCORE: Process WriteLogThread-- 0

11-24 07:10:32.720  616  1208 D GNSSMGT: agps_msg_thread: read cmd is 7
11-24 07:10:32.720  616  1208 D GNSSMGT: agps_msg_thread: read cmd is 7
11-24 07:10:32.720  616  1208 D GNSSMGT: agps_msg_thread: read cmd is 7
11-24 07:10:32.843  26595  26727 I native: I0000 00:00:1700809832.842617   26727 map-location-tracker.cc:857] time_ms: 158223561 MapTrackingResult[lat/lng=17.4531058,78.3804952 speed=-0.00 bearing=100.73 alti=nanm, on_road=1 in_startup_confusion=0 posn_acc=75.56 spd_acc=5.48 bear_acc=30.59 alti_acc=inf segment=Ayyappa Society Rd:[17.4531301,78.3803799 38.3m 100°, r395.1m, kNotTunnel]x7m->1/1#0[] meters_on_segment=12.53 across: nan {level=unknown} [nmm loc] ]

11-24 07:10:32.953  26595  26727 I native: I0000 00:00:1700809832.952971   26727 map-location-tracker.cc:385] Queueing observation in MapLocationTracker: GpsSignalQualityObservation[when_ms=158223874, prev_sats=?, prev_snr=?, curr_sats=5, curr_snr=0.000000]

11-24 07:10:32.956  26595  27174 I native: I0000 00:00:1700809832.955417   27174 guider.cc:164] [NAV][OnLocationChanged] : (123) (routes: *123=0.998969, 130=0.328627, 131=0.328627) 1076.78m (next: 116.27m confidence = 0.119699) speed: -0.000424238m/s

11-24 07:10:32.980  831  6547 D ApplicationPackageManager: hasSystemFeature:name=android.software.leanback version=0 getOpPackageName=android hasSystemFeature=false
11-24 07:10:33.015  831  860 D ApplicationPackageManager: hasSystemFeature:name=android.software.leanback version=0 getOpPackageName=android hasSystemFeature=false
11-24 07:10:33.044  364  364 I tombstoned: received crash request for pid 1017
11-24 07:10:33.045  364  364 I tombstoned: found intercept fd 512 for pid 1017 and type kDebuggerdJavaBacktrace
11-24 07:10:33.046  1017  1022 I m.android.phon: Wrote stack traces to tombstoned
11-24 07:10:33.046  364  364 W tombstoned: missing output fd
11-24 07:10:33.047  5564  5625 I dumpstate: libdebuggerd_client: done dumping process 1017
11-24 07:10:33.055  5564  5625 I dumpstate: libdebuggerd_client: started dumping process 1052
11-24 07:10:33.057  364  364 I tombstoned: registered intercept for pid 1052 and type kDebuggerdJavaBacktrace
11-24 07:10:33.059  1052  1057 I ndroid.systemu: Thread[6,tid=1057,WaitingInMainSignalCatcherLoop,Thread*=0xb2383400,peer=0x12f00000,"Signal Catcher"]: reacting to signal 3
11-24 07:10:33.059  1052  1057 I ndroid.systemu: 
11-24 07:10:33.369  831  6547 D ApplicationPackageManager: hasSystemFeature:name=android.software.leanback version=0 getOpPackageName=android hasSystemFeature=false
11-24 07:10:33.374  831  860 D ApplicationPackageManager: hasSystemFeature:name=android.software.leanback version=0 getOpPackageName=android hasSystemFeature=false
11-24 07:10:33.401  5564  5564 D dumpstate: Duration of 'Dmabuf dump': 4.52s

11-24 07:10:33.434  5733  5733 E dmabuf_dump: Unable to access: /sys/kernel/dmabuf/buffers: No such file or directory
11-24 07:10:33.448  1449  5730 D SensorManager: unregisterListenerImpl sensor = null, listener = com.google.android.location.collectionlib.SensorScanner$SensorEventListenerAdapter@749bf1f
11-24 07:10:33.477  420  420 D sensor: activate handle=0; drv=0
11-24 07:10:33.478  420  420 D sensor: AccSensor: mEnabled = 0
11-24 07:10:33.540  831  6547 W AppOps: Noting op not finished: uid 10106 pkg com.google.android.gms code 113 startTime of in progress event=1700809451942
11-24 07:10:33.563  831  1031 W AppOps: Noting op not finished: uid 10106 pkg com.google.android.gms code 113 startTime of in progress event=1700806015832
11-24 07:10:33.575  2074  2074 E STFService: run1: 3.2.8
11-24 07:10:33.598  831  6434 W AppOps: Noting op not finished: uid 10106 pkg com.google.android.gms code 113 startTime of in progress event=1700806015832
11-24 07:10:33.600  2074  2074 I STFService: sendNetworkClass:  CellSignalLte:{alphaLong=, rssi=2147483647, mnc=7, level=4, bandwidth=2147483647, ci=10810913, asulevel=64, parametersUseForLevel=-76, rsrp=-76, rssnr=2147483647, bands=[39], mcc=404, ta=2147483647, mAdditionalPlmns={}, sinr=2147483647, csgInfo=unknown, rsrq=-11, pci=258, tac=24314, alphaShort=, cqi=2147483647, earfcn=515}
11-24 07:10:33.621  415  415 W DPUModule: Warning: Dispc cannot support 7 layer blending(0)
11-24 07:10:33.646  831  1031 W AlarmManager: com.google.android.gms2659 set deskclock alarmType:2;triggerAtTime=158399862;interval=0;flags=0; operation=PendingIntent{855606b: PendingIntentRecord{40caa8d com.google.android.gms/com.google.android.gms.location_base broadcastIntent}}
11-24 07:10:33.646  831  1031 V AlarmManager: set(PendingIntent{855606b: PendingIntentRecord{40caa8d com.google.android.gms/com.google.android.gms.location_base broadcastIntent}}) : type=2 listener=null listenerTag=null triggerAtTime=158399862 win=22500 tElapsed=158399862 maxElapsed=158422362 interval=0 flags=0x0
11-24 07:10:33.647  831  1031 D AlarmManagerService: set alarm to kernel: 158232.235000000, type=2 

11-24 07:10:33.654  2074  2074 I STFService: sendNetworkClass:  EPDGInfo:{dns_server_4=2001:4860:4860::6464, ip_address_1=10.51.4.44, dns_server_3=2402:3a80:c079:25::6, ip_address_2=2402:3a80:4391:a1be:0:29:7843:6601, dns_server_2=8.8.4.4, dns_server_1=42.105.241.76, max_downstream_bandwidth=30000, is_secure=true, tunneling_protocol=seth_lte0, max_upstream_bandwidth=15000}
11-24 07:10:33.684  1449  1449 E AbstractGmsTracer: Traced class shouldn't be obfuscated: PersistentIntentOperationChimeraService [CONTEXT service_id=259 ]

11-24 07:10:33.693  831  1031 W AlarmManager: com.google.android.gms2659 set deskclock alarmType:3;triggerAtTime=315518224614;interval=0;flags=0; operation=PendingIntent{d7cd7c8: PendingIntentRecord{4970061 com.google.android.gms/ startService}}
11-24 07:10:33.693  831  1031 V AlarmManager: set(PendingIntent{d7cd7c8: PendingIntentRecord{4970061 com.google.android.gms/ startService}}) : type=3 listener=null listenerTag=null triggerAtTime=315518224614 win=3600000 tElapsed=315518224614 maxElapsed=315521824614 interval=0 flags=0x0
11-24 07:10:33.695  831  1031 D AlarmManagerService: set alarm to kernel: 158232.235000000, type=2 

11-24 07:10:33.699  1449  5735 E AbstractGmsTracer: Traced class shouldn't be obfuscated: NlpReceiverIntentOperation [CONTEXT service_id=259 ]

11-24 07:10:33.702  1449  5735 I FusedLocation: stationary throttling engaged [CONTEXT service_id=6 ]

11-24 07:10:33.711  616  1172 D NAVCORE: NAVCT_writeDataToBuff 0, 4,13,1968,20480, 

11-24 07:10:33.711  616  1172 D NAVCORE: NAVCT_writeDataToBuff 0, 4,14,1968,18508, 

11-24 07:10:33.711  616  1172 D NAVCORE: NAVCT_writeDataToBuff 0, 4,5,216,16536, 

11-24 07:10:33.711  616  1176 D NAVCORE: navCoreThread type 4,subtype 13, len 1968, ret 0, buff0len 2192, state 3

11-24 07:10:33.711  616  1176 D NAVCORE: navCoreThread type 4,subtype 14, len 1968, ret 0, buff0len 220, state 3

11-24 07:10:33.711  616  1176 D NAVCORE: navCoreThread type 4,subtype 5, len 216, ret 0, buff0len 0, state 3

11-24 07:10:33.712  616  1172 D NAVCORE: NAVCT_writeDataToBuff 0, 4,6,1860,20480, 

11-24 07:10:33.712  616  1176 D NAVCORE: navCoreThread type 4,subtype 6, len 1860, ret 0, buff0len 0, state 3

11-24 07:10:33.712  616  1172 D NAVCORE: NAVCT_writeDataToBuff 0, 4,7,1860,20480, 

11-24 07:10:33.712  616  1176 D NAVCORE: navCoreThread type 4,subtype 7, len 1860, ret 0, buff0len 0, state 3

11-24 07:10:33.712  616  1172 D NAVCORE: NAVCT_writeDataToBuff 0, 4,8,1860,20480, 

11-24 07:10:33.712  616  1172 D NAVCORE: NAVCT_writeDataToBuff 0, 4,9,1860,18616, 

11-24 07:10:33.712  616  1172 D NAVCORE: NAVCT_writeDataToBuff 0, 4,10,1860,16752, 
�L�

11-24 07:10:33.713  616  1176 D NAVCORE: navCoreThread type 4,subtype 8, len 1860, ret 0, buff0len 1864, state 3

11-24 07:10:33.713  616  1176 D NAVCORE: navCoreThread type 4,subtype 9, len 1860, ret 0, buff0len 1864, state 3

11-24 07:10:33.713  616  1176 D NAVCORE: navCoreThread type 4,subtype 10, len 1860, ret 0, buff0len 0, state 3

11-24 07:10:33.713  616  1172 D NAVCORE: NAVCT_writeDataToBuff 0, 4,11,1860,20480, 

11-24 07:10:33.713  616  1176 D NAVCORE: navCoreThread type 4,subtype 11, len 1860, ret 0, buff0len 0, state 3

11-24 07:10:33.713  616  1172 D NAVCORE: NAVCT_writeDataToBuff 0, 4,20,1068,18616, 

11-24 07:10:33.713  616  1176 D NAVCORE: navCoreThread type 4,subtype 20, len 1068, ret 0, buff0len 0, state 3

11-24 07:10:33.715  616  1176 D GNSSMGT: set_measurement_svstatus_data: set_measure_data listnum:6, gpstow:0
11-24 07:10:33.715  616  1176 D GNSSMGT: transform_gnss_svstatus: sv_constellation_index = 0, sv_constellation_total = 3, num_svs = 6
11-24 07:10:33.715  616  1208 D GNSSMGT: agps_msg_thread: read cmd is 7
11-24 07:10:33.715  616  1176 D GNSSMGT: set_measurement_svstatus_data: set_measure_data listnum:1, gpstow:0
11-24 07:10:33.716  616  1176 D GNSSMGT: transform_gnss_svstatus: sv_constellation_index = 1, sv_constellation_total = 3, num_svs = 7
11-24 07:10:33.716  616  1208 D GNSSMGT: agps_msg_thread: read cmd is 7
11-24 07:10:33.716  616  1176 D GNSSMGT: set_measurement_svstatus_data: set_measure_data listnum:1, gpstow:0
11-24 07:10:33.716  616  1176 D GNSSMGT: transform_gnss_svstatus: sv_constellation_index = 2, sv_constellation_total = 3, num_svs = 8
11-24 07:10:33.716  616  1176 E GNSSMGT: dataproc_bufin: input len[2568] is bigger than buf size 2048, logtype[1]
11-24 07:10:33.716  616  1164 D GnssHAL_V_Gnss: gnssSvStatusCb, enter
11-24 07:10:33.717  616  1208 D GNSSMGT: agps_msg_thread: read cmd is 7
11-24 07:10:33.717  1449  27399 I FusedLocation: (REDACTED) location delivery to %s blocked - too fast

11-24 07:10:33.717  1449  27399 I FusedLocation: (REDACTED) location delivery to %s blocked - too fast

11-24 07:10:33.718  616  1176 D NAVCORE: send FWdata To BB 0x5,0x5,648

11-24 07:10:33.718  616  1176 D NAVCORE: send FWdata To BB 0x5,0x6,1552

11-24 07:10:33.718  616  1176 D NAVCORE: send FWdata To BB 0x5,0x7,864

11-24 07:10:33.718  616  1176 D NAVCORE: send FWdata To BB 0x5,0x8,880

11-24 07:10:33.724  1449  27399 I FusedLocation: (REDACTED) location delivery to %s blocked - too fast

11-24 07:10:33.729  831  6547 I LocationManagerService: incoming location: locationResult [[Location[fused 17.452855,78.380320 hAcc=299.185 et=+1d19h57m4s638ms alt=539.7000122070312 vAcc=7.488]]]
11-24 07:10:33.730  616  1182 D NAVCORE: Process WriteLogThread++ 10749

11-24 07:10:33.730  831  6547 I LocationManagerService: incoming location: locationResult [[Location[fused 17.452855,78.380320 hAcc=299.185 et=+1d19h57m4s638ms alt=539.7000122070312 vAcc=7.488]]]
11-24 07:10:33.729  616  1176 D GNSSMGT: navc_handleGstSubtype: GstParameter.ErrHorPos[15.000000]
11-24 07:10:33.731  616  1182 D GNSSMGT: gps_getNavcNmeadata: enter, subType:0x1
11-24 07:10:33.734  616  1182 D GNSSMGT: gps_getNavcNmeadata: enter, subType:0x1
11-24 07:10:33.738  616  1182 D GNSSMGT: parse_rmc_token: in RMC, fixStatus=V
11-24 07:10:33.738  616  1182 D GNSSMGT: gps_getNavcNmeadata: enter, subType:0x1
11-24 07:10:33.742  616  1182 D GNSSMGT: gps_getNavcNmeadata: enter, subType:0x1
11-24 07:10:33.743  616  1182 D GNSSMGT: gps_getNavcNmeadata: enter, subType:0x1
11-24 07:10:33.748  616  1182 D GNSSMGT: gps_getNavcNmeadata: enter, subType:0x1
11-24 07:10:33.753  616  1182 D GNSSMGT: gps_getNavcNmeadata: enter, subType:0x1
11-24 07:10:33.754  616  1182 D GNSSMGT: gps_getNavcNmeadata: enter, subType:0x1
11-24 07:10:33.754  616  1182 D GNSSMGT: gps_getNavcNmeadata: enter, subType:0x1
11-24 07:10:33.755  616  1182 D NAVCORE: NAVCT_buffNextMeasOkEmpty bufNum 1, dataLen 0, wA 44857, rA 44857

11-24 07:10:33.757  616  1182 D NAVCORE: Process WriteLogThread-- 0

11-24 07:10:33.869  1052  1052 D InterruptionStateProvider: No bubble up: not allowed to bubble: 0|com.google.android.libraries.navigation.testapp|1001|null|10019
11-24 07:10:33.871  1052  1052 D InterruptionStateProvider: No heads up: unimportant notification: 0|com.google.android.libraries.navigation.testapp|1001|null|10019
11-24 07:10:33.885  1052  1154 D PeopleSpaceWidgetMgr: Sbn doesn't contain valid PeopleTileKey: null/0/com.google.android.libraries.navigation.testapp
11-24 07:10:33.906  1052  1052 D InterruptionStateProvider: No bubble up: not allowed to bubble: 0|com.google.android.libraries.navigation.testapp|1001|null|10019
11-24 07:10:33.909  1052  1052 D InterruptionStateProvider: No heads up: unimportant notification: 0|com.google.android.libraries.navigation.testapp|1001|null|10019
11-24 07:10:33.917  1052  1154 D PeopleSpaceWidgetMgr: Sbn doesn't contain valid PeopleTileKey: null/0/com.google.android.libraries.navigation.testapp
11-24 07:10:33.920  1052  1052 D InterruptionStateProvider: No bubble up: not allowed to bubble: 0|com.google.android.libraries.navigation.testapp|1001|null|10019
11-24 07:10:33.922  1052  1052 D InterruptionStateProvider: No heads up: unimportant notification: 0|com.google.android.libraries.navigation.testapp|1001|null|10019
11-24 07:10:33.941  415  415 W DPUModule: Warning: Dispc cannot support 7 layer blending(0)
11-24 07:10:33.963  415  415 W DPUModule: Warning: Dispc cannot support 7 layer blending(0)
11-24 07:10:33.983  1052  1154 D PeopleSpaceWidgetMgr: Sbn doesn't contain valid PeopleTileKey: null/0/com.google.android.libraries.navigation.testapp
11-24 07:10:33.992  1052  1052 D InterruptionStateProvider: No bubble up: not allowed to bubble: 0|com.google.android.libraries.navigation.testapp|1001|null|10019
11-24 07:10:33.997  415  415 W DPUModule: Warning: Dispc cannot support 7 layer blending(0)
11-24 07:10:34.001  1052  1052 D InterruptionStateProvider: No heads up: unimportant notification: 0|com.google.android.libraries.navigation.testapp|1001|null|10019
11-24 07:10:34.016  1052  1154 D PeopleSpaceWidgetMgr: Sbn doesn't contain valid PeopleTileKey: null/0/com.google.android.libraries.navigation.testapp
11-24 07:10:34.026  1052  1052 D NotifContentInflater: apply, finishIfDone
11-24 07:10:34.034  1052  1052 D NotifContentInflater: applyRemoteView, finishIfDone
11-24 07:10:34.052  415  415 W DPUModule: Warning: Dispc cannot support 7 layer blending(0)
11-24 07:10:34.089  1052  1052 D NotifContentInflater: applyRemoteView, finishIfDone
11-24 07:10:34.151  415  415 W DPUModule: Warning: Dispc cannot support 7 layer blending(0)
11-24 07:10:34.252  26595  26727 I native: I0000 00:00:1700809834.252342   26727 map-location-tracker.cc:425] MapLocationTracker called with 41 existing on-segment hypotheses, 0 existing off-segment hypotheses, 1 queued observations at time 158225173.

11-24 07:10:34.312  415  415 W DPUModule: Warning: Dispc cannot support 7 layer blending(0)
11-24 07:10:34.435  831  6434 D PackageManager: PMS queryIntentActivitiesInternal: Intent { act=android.service.carrier.CarrierService }, userId[0], filterCallingUid[1001], pkgName[null], null
11-24 07:10:34.442  831  6434 I haohaov: [HMDenterprise broadcastIntentLocked] intent=Intent { act=android.intent.action.SIG_STR (has extras) }
11-24 07:10:34.478  415  415 W DPUModule: Warning: Dispc cannot support 7 layer blending(0)
11-24 07:10:34.529  26595  26727 I native: I0000 00:00:1700809834.528411   26727 map-location-tracker.cc:857] time_ms: 158225173 MapTrackingResult[lat/lng=17.4531058,78.3804952 speed=-0.00 bearing=100.73 alti=nanm, on_road=1 in_startup_confusion=0 posn_acc=80.22 spd_acc=5.54 bear_acc=31.34 alti_acc=inf segment=Ayyappa Society Rd:[17.4531301,78.3803799 38.3m 100°, r395.1m, kNotTunnel]x7m->1/1#0[] meters_on_segment=12.53 across: nan {level=unknown} [nmm loc] ]

11-24 07:10:34.641  415  415 W DPUModule: Warning: Dispc cannot support 7 layer blending(0)
11-24 07:10:34.655  2074  2074 E STFService: run1: 3.2.8
11-24 07:10:34.666  2074  2074 I STFService: sendNetworkClass:  CellSignalLte:{alphaLong=, rssi=2147483647, mnc=7, level=4, bandwidth=2147483647, ci=10810913, asulevel=64, parametersUseForLevel=-76, rsrp=-76, rssnr=2147483647, bands=[39], mcc=404, ta=2147483647, mAdditionalPlmns={}, sinr=2147483647, csgInfo=unknown, rsrq=-11, pci=258, tac=24314, alphaShort=, cqi=2147483647, earfcn=515}
11-24 07:10:34.674  2074  2074 I STFService: sendNetworkClass:  EPDGInfo:{dns_server_4=2001:4860:4860::6464, ip_address_1=10.51.4.44, dns_server_3=2402:3a80:c079:25::6, ip_address_2=2402:3a80:4391:a1be:0:29:7843:6601, dns_server_2=8.8.4.4, dns_server_1=42.105.241.76, max_downstream_bandwidth=30000, is_secure=true, tunneling_protocol=seth_lte0, max_upstream_bandwidth=15000}
11-24 07:10:34.702  26595  27174 I native: I0000 00:00:1700809834.700719   27174 guider.cc:164] [NAV][OnLocationChanged] : (123) (routes: *123=0.999554, 130=0.344932, 131=0.344932) 1076.78m (next: 116.271m confidence = 0.129996) speed: -8.37913e-05m/s

11-24 07:10:34.711  616  1172 D NAVCORE: NAVCT_writeDataToBuff 0, 4,13,1968,20480, 

11-24 07:10:34.711  616  1176 D NAVCORE: navCoreThread type 4,subtype 13, len 1968, ret 0, buff0len 0, state 3

11-24 07:10:34.711  616  1172 D NAVCORE: NAVCT_writeDataToBuff 0, 4,14,1968,20480, 

11-24 07:10:34.711  616  1176 D NAVCORE: navCoreThread type 4,subtype 14, len 1968, ret 0, buff0len 0, state 3

11-24 07:10:34.711  616  1172 D NAVCORE: NAVCT_writeDataToBuff 0, 4,5,216,20480, 

11-24 07:10:34.711  616  1176 D NAVCORE: navCoreThread type 4,subtype 5, len 216, ret 0, buff0len 0, state 3

11-24 07:10:34.712  616  1172 D NAVCORE: NAVCT_writeDataToBuff 0, 4,6,1860,20480, 

11-24 07:10:34.712  616  1176 D NAVCORE: navCoreThread type 4,subtype 6, len 1860, ret 0, buff0len 0, state 3

11-24 07:10:34.712  616  1172 D NAVCORE: NAVCT_writeDataToBuff 0, 4,7,1860,20480, 

11-24 07:10:34.712  616  1176 D NAVCORE: navCoreThread type 4,subtype 7, len 1860, ret 0, buff0len 0, state 3

11-24 07:10:34.712  616  1172 D NAVCORE: NAVCT_writeDataToBuff 0, 4,8,1860,20480, 

11-24 07:10:34.712  616  1176 D NAVCORE: navCoreThread type 4,subtype 8, len 1860, ret 0, buff0len 0, state 3

11-24 07:10:34.712  616  1172 D NAVCORE: NAVCT_writeDataToBuff 0, 4,9,1860,20480, 

11-24 07:10:34.712  616  1176 D NAVCORE: navCoreThread type 4,subtype 9, len 1860, ret 0, buff0len 0, state 3

11-24 07:10:34.712  616  1172 D NAVCORE: NAVCT_writeDataToBuff 0, 4,10,1860,20480, 
�L�

11-24 07:10:34.712  616  1176 D NAVCORE: navCoreThread type 4,subtype 10, len 1860, ret 0, buff0len 0, state 3

11-24 07:10:34.713  616  1172 D NAVCORE: NAVCT_writeDataToBuff 0, 4,11,1860,20480, 

11-24 07:10:34.713  616  1176 D NAVCORE: navCoreThread type 4,subtype 11, len 1860, ret 0, buff0len 0, state 3

11-24 07:10:34.713  616  1172 D NAVCORE: NAVCT_writeDataToBuff 0, 4,20,1068,18616, 

11-24 07:10:34.713  616  1176 D NAVCORE: navCoreThread type 4,subtype 20, len 1068, ret 0, buff0len 0, state 3

11-24 07:10:34.715  616  1176 D GNSSMGT: set_measurement_svstatus_data: set_measure_data listnum:6, gpstow:0
11-24 07:10:34.715  616  1176 D GNSSMGT: transform_gnss_svstatus: sv_constellation_index = 0, sv_constellation_total = 3, num_svs = 6
11-24 07:10:34.715  616  1176 D GNSSMGT: set_measurement_svstatus_data: set_measure_data listnum:1, gpstow:0
11-24 07:10:34.715  616  1176 D GNSSMGT: transform_gnss_svstatus: sv_constellation_index = 1, sv_constellation_total = 3, num_svs = 7
11-24 07:10:34.715  616  1176 D GNSSMGT: set_measurement_svstatus_data: set_measure_data listnum:1, gpstow:0
11-24 07:10:34.715  616  1176 D GNSSMGT: transform_gnss_svstatus: sv_constellation_index = 2, sv_constellation_total = 3, num_svs = 8
11-24 07:10:34.715  616  1176 E GNSSMGT: dataproc_bufin: input len[2568] is bigger than buf size 2048, logtype[1]
11-24 07:10:34.715  616  1164 D GnssHAL_V_Gnss: gnssSvStatusCb, enter
11-24 07:10:34.716  616  1208 D GNSSMGT: agps_msg_thread: read cmd is 7
11-24 07:10:34.716  616  1208 D GNSSMGT: agps_msg_thread: read cmd is 7
11-24 07:10:34.716  616  1208 D GNSSMGT: agps_msg_thread: read cmd is 7
11-24 07:10:34.718  616  1176 D NAVCORE: send FWdata To BB 0x5,0x5,648

11-24 07:10:34.718  616  1176 D NAVCORE: send FWdata To BB 0x5,0x6,1552

11-24 07:10:34.719  616  1176 D NAVCORE: send FWdata To BB 0x5,0x7,864

11-24 07:10:34.719  616  1176 D NAVCORE: send FWdata To BB 0x5,0x8,880

11-24 07:10:34.720  616  1182 D NAVCORE: Process WriteLogThread++ 7577

11-24 07:10:34.721  616  1182 D NAVCORE: NAVCT_buffNextMeasOkEmpty bufNum 1, dataLen 0, wA 1234, rA 1234

11-24 07:10:34.721  616  1182 D NAVCORE: Process WriteLogThread-- 0

11-24 07:10:34.722  616  1176 D GNSSMGT: navc_handleGstSubtype: GstParameter.ErrHorPos[15.000000]
11-24 07:10:34.722  616  1182 D NAVCORE: Process WriteLogThread++ 3287

11-24 07:10:34.723  616  1182 D GNSSMGT: gps_getNavcNmeadata: enter, subType:0x1
11-24 07:10:34.723  616  1182 D GNSSMGT: gps_getNavcNmeadata: enter, subType:0x1
11-24 07:10:34.723  616  1182 D GNSSMGT: parse_rmc_token: in RMC, fixStatus=V
11-24 07:10:34.723  616  1182 D GNSSMGT: gps_getNavcNmeadata: enter, subType:0x1
11-24 07:10:34.723  616  1182 D GNSSMGT: gps_getNavcNmeadata: enter, subType:0x1
11-24 07:10:34.724  616  1182 D GNSSMGT: gps_getNavcNmeadata: enter, subType:0x1
11-24 07:10:34.724  616  1182 D GNSSMGT: gps_getNavcNmeadata: enter, subType:0x1
11-24 07:10:34.724  616  1182 D GNSSMGT: gps_getNavcNmeadata: enter, subType:0x1
11-24 07:10:34.724  616  1182 D GNSSMGT: gps_getNavcNmeadata: enter, subType:0x1
11-24 07:10:34.724  616  1182 D GNSSMGT: gps_getNavcNmeadata: enter, subType:0x1
11-24 07:10:34.725  616  1182 D NAVCORE: NAVCT_buffNextMeasOkEmpty bufNum 1, dataLen 0, wA 4521, rA 4521

11-24 07:10:34.725  616  1182 D NAVCORE: Process WriteLogThread-- 0

11-24 07:10:34.740  26595  26727 I native: I0000 00:00:1700809834.740361   26727 map-location-tracker.cc:385] Queueing observation in MapLocationTracker: GpsSignalQualityObservation[when_ms=158225661, prev_sats=?, prev_snr=?, curr_sats=6, curr_snr=0.000000]

11-24 07:10:34.872  364  364 I tombstoned: received crash request for pid 1052
11-24 07:10:34.872  364  364 I tombstoned: found intercept fd 512 for pid 1052 and type kDebuggerdJavaBacktrace
11-24 07:10:34.874  364  364 W tombstoned: missing output fd
11-24 07:10:34.874  1052  1057 I ndroid.systemu: Wrote stack traces to tombstoned
11-24 07:10:34.876  5564  5625 I dumpstate: libdebuggerd_client: done dumping process 1052
11-24 07:10:34.878  5564  5625 I dumpstate: libdebuggerd_client: started dumping process 1140
11-24 07:10:34.880  364  364 I tombstoned: registered intercept for pid 1140 and type kDebuggerdJavaBacktrace
11-24 07:10:34.891  831  860 D ApplicationPackageManager: hasSystemFeature:name=android.software.leanback version=0 getOpPackageName=android hasSystemFeature=false
11-24 07:10:34.895  831  1031 D ApplicationPackageManager: hasSystemFeature:name=android.software.leanback version=0 getOpPackageName=android hasSystemFeature=false
11-24 07:10:35.097  415  415 W DPUModule: Warning: Dispc cannot support 7 layer blending(0)
11-24 07:10:35.116  1052  1052 D InterruptionStateProvider: No bubble up: not allowed to bubble: 0|com.google.android.libraries.navigation.testapp|1001|null|10019
11-24 07:10:35.117  1052  1052 D InterruptionStateProvider: No heads up: unimportant notification: 0|com.google.android.libraries.navigation.testapp|1001|null|10019
11-24 07:10:35.133  1052  1154 D PeopleSpaceWidgetMgr: Sbn doesn't contain valid PeopleTileKey: null/0/com.google.android.libraries.navigation.testapp
11-24 07:10:35.155  1052  1052 D InterruptionStateProvider: No bubble up: not allowed to bubble: 0|com.google.android.libraries.navigation.testapp|1001|null|10019
11-24 07:10:35.157  1052  1052 D InterruptionStateProvider: No heads up: unimportant notification: 0|com.google.android.libraries.navigation.testapp|1001|null|10019
11-24 07:10:35.168  1052  1154 D PeopleSpaceWidgetMgr: Sbn doesn't contain valid PeopleTileKey: null/0/com.google.android.libraries.navigation.testapp
11-24 07:10:35.228  1052  1052 D NotifContentInflater: apply, finishIfDone
11-24 07:10:35.232  1052  1052 D NotifContentInflater: applyRemoteView, finishIfDone
11-24 07:10:35.258  1052  1052 D NotifContentInflater: applyRemoteView, finishIfDone
11-24 07:10:35.261  415  415 W DPUModule: Warning: Dispc cannot support 7 layer blending(0)
11-24 07:10:35.279  415  415 W DPUModule: Warning: Dispc cannot support 7 layer blending(0)
11-24 07:10:35.452  415  415 W DPUModule: Warning: Dispc cannot support 7 layer blending(0)
11-24 07:10:35.468  415  415 W DPUModule: Warning: Dispc cannot support 7 layer blending(0)
11-24 07:10:35.610  415  415 W DPUModule: Warning: Dispc cannot support 7 layer blending(0)
11-24 07:10:35.620  831  6434 D AppOps: noteOperation: reject #1 for code 15 (15) uid 10164 package jp.co.cyberagent.stf flags: s
11-24 07:10:35.625  831  6434 D PackageManager: PMS queryIntentActivitiesInternal: Intent { act=android.service.carrier.CarrierService }, userId[0], filterCallingUid[1001], pkgName[null], null
11-24 07:10:35.631  2074  20601 E STFTelephonyUtils: NetworkPolicy: Neither user 10164 nor current process has android.permission.MANAGE_SUBSCRIPTION_PLANS.
11-24 07:10:35.633  831  1031 D PackageManager: PMS queryIntentActivitiesInternal: Intent { act=android.service.carrier.CarrierService }, userId[0], filterCallingUid[1001], pkgName[null], null
11-24 07:10:35.648  831  1031 D PackageManager: PMS queryIntentActivitiesInternal: Intent { act=android.service.carrier.CarrierService }, userId[0], filterCallingUid[1001], pkgName[null], null
11-24 07:10:35.652  831  1031 D PackageManager: PMS queryIntentActivitiesInternal: Intent { act=android.service.carrier.CarrierService }, userId[0], filterCallingUid[1001], pkgName[null], null
11-24 07:10:35.657  831  1031 D PackageManager: PMS queryIntentActivitiesInternal: Intent { act=android.service.carrier.CarrierService }, userId[0], filterCallingUid[1001], pkgName[null], null
11-24 07:10:35.664  2074  20601 E STFTelephonyUtils: {CarrierConfigInfo: missed_incoming_call_sms_pattern_string_array=[], CarrierConfigInfo: vvm_ssl_enabled_bool=false, smsToMmsTextThreshold=-1, CarrierConfigInfo: 5g_watchdog_time_ms_long=3600000, CarrierConfigInfo: iwlan.epdg_address_priority_int_array=[1, 0], CarrierConfigInfo: oem_config_network_powerup_disable_lte_bool=false, CarrierConfigInfo: iwlan.child_sa_rekey_hard_timer_sec_int=7200, CarrierConfigInfo: opportunistic_network_max_backoff_time_long=60000, CarrierConfigInfo: allow_metered_network_for_cert_download_bool=false, CarrierConfigInfo: gsm_nonroaming_networks_string_array=null, CarrierConfigInfo: carrier_default_actions_on_redirection_string_array=[9, 4, 1], CarrierConfigInfo: unmetered_nr_nsa_sub6_bool=false, CarrierConfigInfo: hide_enable_2g_bool=true, CarrierConfigInfo: gps.supl_host=supl.qxwz.com, CarrierConfigInfo: broadcast_emergency_call_state_changes_bool=false, CarrierConfigInfo: enhanced_4g_lte_title_variant_int=0, CarrierConfigInfo: vilte_data_is_metered_bool=true, CarrierConfigInfo: support_enhanced_call_blocking_bool=true, CarrierConfigInfo: supports_device_to_device_communication_using_rtp_bool=false, CarrierConfigInfo: additional_nr_advanced_bands_int_array=[], CarrierConfigInfo: oem_key_permanent_auto_sel_mode_bool=false, CarrierConfigInfo: gps.supl_mode=1, CarrierConfigInfo: mmi_two_digit_number_pattern_string_array=[], CarrierConfigInfo: boosted_nrarfcns_string_array=null, CarrierConfigInfo: aliasMaxChars=48, CarrierConfigInfo: carrier_name_string=, CarrierConfigInfo: support_swap_after_merge_bool=true, CarrierConfigInfo: vvm_type_string=, CarrierConfigInfo: imsserviceentitlement.entitlement_server_url_string=, CarrierConfigInfo: imsserviceentitlement.ims_provisioning_bool=false, CarrierConfigInfo: carrier_default_actions_on_reset_string_array=[6, 8], CarrierConfigInfo: httpParams=, CarrierConfigInfo: additional_settings_caller_id_visibility_bool=true, CarrierConfigInfo: opportunistic_network_data_switch_hysteresis_time_long=10000, CarrierConfigInfo: support_cdma_1x_voice_calls_bool=true, CarrierConfigInfo: apn.settings_default_protocol_string=, CarrierConfigInfo: carrier_provisions_wifi_merged_networks_bool=false, CarrierConfigInfo: carrier_metered_apn_types_strings=[default, dun, supl], CarrierConfigInfo: gba_mode_int=1, CarrierConfigInfo: oem_key_voicemail_string=, CarrierConfigInfo: oem_key_hide_fdn_bool=false, CarrierConfigInfo: call_redirection_service_component_name_string=null, CarrierConfigInfo: oem_label_wifi_call=, CarrierConfigInfo: call_forwarding_visibility_bool=true, Data Roaming=1, CarrierConfigInfo: carrier_wfc_ims_available_bool=true, CarrierConfigInfo: iwlan.mcc_mncs_string_array=[], allowAttachAudio=true, CarrierConfigInfo: hide_digits_helper_text_on_stk_input_screen_bool=true, CarrierConfigInfo: editable_wfc_mode_bool=true, CarrierConfigInfo: data_limit_notification_bool=true, CarrierConfigInfo: vt_upgrade_supported_for_downgraded_rtt_call=true, CarrierConfigInfo: iwlan.ike_session_encryption_aes_cbc_key_size_int_array=[128, 192, 256], CarrierConfigInfo: opportunistic_network_data_switch_exit_hysteresis_time_long=3000, CarrierConfigInfo: ims.wifi_off_deferring_time_millis_int=4000, CarrierConfigInfo: spn_display_rule_use_roaming_from_service_state_bool=false, CarrierConfigInfo: opportunistic_network_exit_threshold_rsrp_int=-118, CarrierConfigInfo: gps.use_emergency_pdn_for_emergency_supl=1, CarrierConfigInfo: operator_selection_expand_bool=true, CarrierConfigInfo: rcs_config_server_url_string=, CarrierConfigInfo: imsi_key_availability_int=0, CarrierConfigInfo: carrier_instant_lettering_escaped_chars_string=, CarrierConfigInfo: notify_handover_video_from_lte_to_wifi_bool=false, CarrierConfigInfo: display_voicemail_number_as_default_call_forwarding_number=false, CarrierConfigInfo: data_switch_validation_min_gap_long=86400000, CarrierConfigInfo: oem_not_allow_numbers_in_call_log_string=, CarrierConfigInfo: allow_emergency_numbers_in_call_log_bool=false, CarrierConfigInfo: use_hfa_for_provisioning_bool=false, CarrierConfigInf
11-24 07:10:35.667  2074  20601 I STFNetworkUtil: getHashMapProtoMessageEnvelopeWithId:  TelephonyData:{CarrierConfigInfo: missed_incoming_call_sms_pattern_string_array=[], CarrierConfigInfo: vvm_ssl_enabled_bool=false, smsToMmsTextThreshold=-1, CarrierConfigInfo: 5g_watchdog_time_ms_long=3600000, CarrierConfigInfo: iwlan.epdg_address_priority_int_array=[1, 0], CarrierConfigInfo: oem_config_network_powerup_disable_lte_bool=false, CarrierConfigInfo: iwlan.child_sa_rekey_hard_timer_sec_int=7200, CarrierConfigInfo: opportunistic_network_max_backoff_time_long=60000, CarrierConfigInfo: allow_metered_network_for_cert_download_bool=false, CarrierConfigInfo: gsm_nonroaming_networks_string_array=null, CarrierConfigInfo: carrier_default_actions_on_redirection_string_array=[9, 4, 1], CarrierConfigInfo: unmetered_nr_nsa_sub6_bool=false, CarrierConfigInfo: hide_enable_2g_bool=true, CarrierConfigInfo: gps.supl_host=supl.qxwz.com, CarrierConfigInfo: broadcast_emergency_call_state_changes_bool=false, CarrierConfigInfo: enhanced_4g_lte_title_variant_int=0, CarrierConfigInfo: vilte_data_is_metered_bool=true, CarrierConfigInfo: support_enhanced_call_blocking_bool=true, CarrierConfigInfo: supports_device_to_device_communication_using_rtp_bool=false, CarrierConfigInfo: additional_nr_advanced_bands_int_array=[], CarrierConfigInfo: oem_key_permanent_auto_sel_mode_bool=false, CarrierConfigInfo: gps.supl_mode=1, CarrierConfigInfo: mmi_two_digit_number_pattern_string_array=[], CarrierConfigInfo: boosted_nrarfcns_string_array=null, CarrierConfigInfo: aliasMaxChars=48, CarrierConfigInfo: carrier_name_string=, CarrierConfigInfo: support_swap_after_merge_bool=true, CarrierConfigInfo: vvm_type_string=, CarrierConfigInfo: imsserviceentitlement.entitlement_server_url_string=, CarrierConfigInfo: imsserviceentitlement.ims_provisioning_bool=false, CarrierConfigInfo: carrier_default_actions_on_reset_string_array=[6, 8], CarrierConfigInfo: httpParams=, CarrierConfigInfo: additional_settings_caller_id_visibility_bool=true, CarrierConfigInfo: opportunistic_network_data_switch_hysteresis_time_long=10000, CarrierConfigInfo: support_cdma_1x_voice_calls_bool=true, CarrierConfigInfo: apn.settings_default_protocol_string=, CarrierConfigInfo: carrier_provisions_wifi_merged_networks_bool=false, CarrierConfigInfo: carrier_metered_apn_types_strings=[default, dun, supl], CarrierConfigInfo: gba_mode_int=1, CarrierConfigInfo: oem_key_voicemail_string=, CarrierConfigInfo: oem_key_hide_fdn_bool=false, CarrierConfigInfo: call_redirection_service_component_name_string=null, CarrierConfigInfo: oem_label_wifi_call=, CarrierConfigInfo: call_forwarding_visibility_bool=true, Data Roaming=1, CarrierConfigInfo: carrier_wfc_ims_available_bool=true, CarrierConfigInfo: iwlan.mcc_mncs_string_array=[], allowAttachAudio=true, CarrierConfigInfo: hide_digits_helper_text_on_stk_input_screen_bool=true, CarrierConfigInfo: editable_wfc_mode_bool=true, CarrierConfigInfo: data_limit_notification_bool=true, CarrierConfigInfo: vt_upgrade_supported_for_downgraded_rtt_call=true, CarrierConfigInfo: iwlan.ike_session_encryption_aes_cbc_key_size_int_array=[128, 192, 256], CarrierConfigInfo: opportunistic_network_data_switch_exit_hysteresis_time_long=3000, CarrierConfigInfo: ims.wifi_off_deferring_time_millis_int=4000, CarrierConfigInfo: spn_display_rule_use_roaming_from_service_state_bool=false, CarrierConfigInfo: opportunistic_network_exit_threshold_rsrp_int=-118, CarrierConfigInfo: gps.use_emergency_pdn_for_emergency_supl=1, CarrierConfigInfo: operator_selection_expand_bool=true, CarrierConfigInfo: rcs_config_server_url_string=, CarrierConfigInfo: imsi_key_availability_int=0, CarrierConfigInfo: carrier_instant_lettering_escaped_chars_string=, CarrierConfigInfo: notify_handover_video_from_lte_to_wifi_bool=false, CarrierConfigInfo: display_voicemail_number_as_default_call_forwarding_number=false, CarrierConfigInfo: data_switch_validation_min_gap_long=86400000, CarrierConfigInfo: oem_not_allow_numbers_in_call_log_string=, CarrierConfigInfo: allow_emergency_numbers_in_call_log_bool=false, CarrierConfigInfo: use
11-24 07:10:35.675  2074  2074 E STFService: run1: 3.2.8
11-24 07:10:35.678  2074  2074 I STFService: sendNetworkClass:  CellSignalLte:{alphaLong=, rssi=2147483647, mnc=7, level=4, bandwidth=2147483647, ci=10810913, asulevel=64, parametersUseForLevel=-76, rsrp=-76, rssnr=2147483647, bands=[39], mcc=404, ta=2147483647, mAdditionalPlmns={}, sinr=2147483647, csgInfo=unknown, rsrq=-11, pci=258, tac=24314, alphaShort=, cqi=2147483647, earfcn=515}
11-24 07:10:35.680  2074  2074 I STFService: sendNetworkClass:  EPDGInfo:{dns_server_4=2001:4860:4860::6464, ip_address_1=10.51.4.44, dns_server_3=2402:3a80:c079:25::6, ip_address_2=2402:3a80:4391:a1be:0:29:7843:6601, dns_server_2=8.8.4.4, dns_server_1=42.105.241.76, max_downstream_bandwidth=30000, is_secure=true, tunneling_protocol=seth_lte0, max_upstream_bandwidth=15000}
11-24 07:10:35.711  616  1172 D NAVCORE: NAVCT_writeDataToBuff 0, 4,13,1968,20480, 

11-24 07:10:35.712  616  1172 D NAVCORE: NAVCT_writeDataToBuff 0, 4,14,1968,18508, 

11-24 07:10:35.712  616  1172 D NAVCORE: NAVCT_writeDataToBuff 0, 4,5,216,16536, 

11-24 07:10:35.712  616  1172 D NAVCORE: NAVCT_writeDataToBuff 0, 4,6,1860,18288, 

11-24 07:10:35.712  616  1176 D NAVCORE: navCoreThread type 4,subtype 13, len 1968, ret 0, buff0len 2192, state 3

11-24 07:10:35.712  616  1176 D NAVCORE: navCoreThread type 4,subtype 14, len 1968, ret 0, buff0len 2084, state 3

11-24 07:10:35.712  616  1176 D NAVCORE: navCoreThread type 4,subtype 5, len 216, ret 0, buff0len 1864, state 3

11-24 07:10:35.712  616  1172 D NAVCORE: NAVCT_writeDataToBuff 0, 4,7,1860,18396, 

11-24 07:10:35.712  616  1176 D NAVCORE: navCoreThread type 4,subtype 6, len 1860, ret 0, buff0len 0, state 3

11-24 07:10:35.712  616  1176 D NAVCORE: navCoreThread type 4,subtype 7, len 1860, ret 0, buff0len 0, state 3

11-24 07:10:35.712  616  1172 D NAVCORE: NAVCT_writeDataToBuff 0, 4,8,1860,20480, 

11-24 07:10:35.712  616  1176 D NAVCORE: navCoreThread type 4,subtype 8, len 1860, ret 0, buff0len 0, state 3

11-24 07:10:35.713  616  1172 D NAVCORE: NAVCT_writeDataToBuff 0, 4,9,1860,20480, 

11-24 07:10:35.713  616  1172 D NAVCORE: NAVCT_writeDataToBuff 0, 4,10,1860,20480, 
�L�

11-24 07:10:35.713  616  1176 D NAVCORE: navCoreThread type 4,subtype 9, len 1860, ret 0, buff0len 0, state 3

11-24 07:10:35.713  616  1176 D NAVCORE: navCoreThread type 4,subtype 10, len 1860, ret 0, buff0len 0, state 3

11-24 07:10:35.713  616  1172 D NAVCORE: NAVCT_writeDataToBuff 0, 4,11,1860,20480, 

11-24 07:10:35.713  616  1172 D NAVCORE: NAVCT_writeDataToBuff 0, 4,20,1068,18616, 

11-24 07:10:35.713  616  1176 D NAVCORE: navCoreThread type 4,subtype 11, len 1860, ret 0, buff0len 0, state 3

11-24 07:10:35.713  616  1176 D NAVCORE: navCoreThread type 4,subtype 20, len 1068, ret 0, buff0len 0, state 3

11-24 07:10:35.714  616  1176 D GNSSMGT: set_measurement_svstatus_data: set_measure_data listnum:6, gpstow:0
11-24 07:10:35.714  616  1176 D GNSSMGT: transform_gnss_svstatus: sv_constellation_index = 0, sv_constellation_total = 3, num_svs = 6
11-24 07:10:35.714  616  1176 D GNSSMGT: set_measurement_svstatus_data: set_measure_data listnum:1, gpstow:0
11-24 07:10:35.714  616  1176 D GNSSMGT: transform_gnss_svstatus: sv_constellation_index = 1, sv_constellation_total = 3, num_svs = 7
11-24 07:10:35.714  616  1176 D GNSSMGT: set_measurement_svstatus_data: set_measure_data listnum:1, gpstow:0
11-24 07:10:35.714  616  1176 D GNSSMGT: transform_gnss_svstatus: sv_constellation_index = 2, sv_constellation_total = 3, num_svs = 8
11-24 07:10:35.714  616  1176 E GNSSMGT: dataproc_bufin: input len[2568] is bigger than buf size 2048, logtype[1]
11-24 07:10:35.716  616  1176 D NAVCORE: send FWdata To BB 0x5,0x5,648

11-24 07:10:35.716  616  1176 D NAVCORE: send FWdata To BB 0x5,0x6,1552

11-24 07:10:35.716  616  1176 D NAVCORE: send FWdata To BB 0x5,0x7,864

11-24 07:10:35.716  616  1176 D NAVCORE: send FWdata To BB 0x5,0x8,880

11-24 07:10:35.717  616  1176 D GNSSMGT: navc_handleGstSubtype: GstParameter.ErrHorPos[15.000000]
11-24 07:10:35.717  616  1208 D GNSSMGT: agps_msg_thread: read cmd is 7
11-24 07:10:35.717  616  1208 D GNSSMGT: agps_msg_thread: read cmd is 7
11-24 07:10:35.717  616  1208 D GNSSMGT: agps_msg_thread: read cmd is 7
11-24 07:10:35.717  616  1164 D GnssHAL_V_Gnss: gnssSvStatusCb, enter
11-24 07:10:35.717  616  1182 D NAVCORE: Process WriteLogThread++ 10868

11-24 07:10:35.718  616  1182 D GNSSMGT: gps_getNavcNmeadata: enter, subType:0x1
11-24 07:10:35.718  616  1182 D GNSSMGT: gps_getNavcNmeadata: enter, subType:0x1
11-24 07:10:35.718  616  1182 D GNSSMGT: parse_rmc_token: in RMC, fixStatus=V
11-24 07:10:35.718  616  1182 D GNSSMGT: gps_getNavcNmeadata: enter, subType:0x1
11-24 07:10:35.718  616  1182 D GNSSMGT: gps_getNavcNmeadata: enter, subType:0x1
11-24 07:10:35.718  616  1182 D GNSSMGT: gps_getNavcNmeadata: enter, subType:0x1
11-24 07:10:35.718  616  1182 D GNSSMGT: gps_getNavcNmeadata: enter, subType:0x1
11-24 07:10:35.718  616  1182 D GNSSMGT: gps_getNavcNmeadata: enter, subType:0x1
11-24 07:10:35.718  616  1182 D GNSSMGT: gps_getNavcNmeadata: enter, subType:0x1
11-24 07:10:35.718  616  1182 D GNSSMGT: gps_getNavcNmeadata: enter, subType:0x1
11-24 07:10:35.718  616  1182 D NAVCORE: NAVCT_buffNextMeasOkEmpty bufNum 1, dataLen 0, wA 15389, rA 15389

11-24 07:10:35.718  616  1182 D NAVCORE: Process WriteLogThread-- 0

11-24 07:10:35.733  26595  26727 I native: I0000 00:00:1700809835.733415   26727 map-location-tracker.cc:385] Queueing observation in MapLocationTracker: GpsSignalQualityObservation[when_ms=158226649, prev_sats=?, prev_snr=?, curr_sats=4, curr_snr=0.000000]

11-24 07:10:35.759  415  415 W DPUModule: Warning: Dispc cannot support 7 layer blending(0)
11-24 07:10:35.894  415  415 W DPUModule: Warning: Dispc cannot support 7 layer blending(0)
11-24 07:10:36.004  26595  26727 I native: I0000 00:00:1700809836.002098   26727 map-location-tracker.cc:425] MapLocationTracker called with 50 existing on-segment hypotheses, 0 existing off-segment hypotheses, 2 queued observations at time 158226923.

11-24 07:10:36.044  415  415 W DPUModule: Warning: Dispc cannot support 7 layer blending(0)
11-24 07:10:36.196  26595  26727 I native: I0000 00:00:1700809836.195597   26727 map-location-tracker.cc:857] time_ms: 158226923 MapTrackingResult[lat/lng=17.4531058,78.3804952 speed=-0.00 bearing=100.73 alti=nanm, on_road=1 in_startup_confusion=0 posn_acc=85.86 spd_acc=5.67 bear_acc=32.37 alti_acc=inf segment=Ayyappa Society Rd:[17.4531301,78.3803799 38.3m 100°, r395.1m, kNotTunnel]x7m->1/1#0[] meters_on_segment=12.53 across: nan {level=unknown} [nmm loc] ]

11-24 07:10:36.206  415  415 W DPUModule: Warning: Dispc cannot support 7 layer blending(0)
11-24 07:10:36.208  831  6434 V AS.AudioDeviceBroker: requestedCommunicationDevice, device: null mode owner pid: 0
11-24 07:10:36.316  26595  27174 I native: I0000 00:00:1700809836.315355   27174 guider.cc:164] [NAV][OnLocationChanged] : (123) (routes: *123=0.99949, 130=0.361681, 131=0.361681) 1076.78m (next: 116.271m confidence = 0.136559) speed: -2.61848e-06m/s

11-24 07:10:36.359  415  415 W DPUModule: Warning: Dispc cannot support 7 layer blending(0)
11-24 07:10:36.493  831  860 D ApplicationPackageManager: hasSystemFeature:name=android.software.leanback version=0 getOpPackageName=android hasSystemFeature=false
11-24 07:10:36.496  831  1031 D ApplicationPackageManager: hasSystemFeature:name=android.software.leanback version=0 getOpPackageName=android hasSystemFeature=false
11-24 07:10:36.682  2074  2074 E STFService: run1: 3.2.8
11-24 07:10:36.684  2074  2074 I STFService: sendNetworkClass:  CellSignalLte:{alphaLong=, rssi=2147483647, mnc=7, level=4, bandwidth=2147483647, ci=10810913, asulevel=64, parametersUseForLevel=-76, rsrp=-76, rssnr=2147483647, bands=[39], mcc=404, ta=2147483647, mAdditionalPlmns={}, sinr=2147483647, csgInfo=unknown, rsrq=-11, pci=258, tac=24314, alphaShort=, cqi=2147483647, earfcn=515}
11-24 07:10:36.687  2074  2074 I STFService: sendNetworkClass:  EPDGInfo:{dns_server_4=2001:4860:4860::6464, ip_address_1=10.51.4.44, dns_server_3=2402:3a80:c079:25::6, ip_address_2=2402:3a80:4391:a1be:0:29:7843:6601, dns_server_2=8.8.4.4, dns_server_1=42.105.241.76, max_downstream_bandwidth=30000, is_secure=true, tunneling_protocol=seth_lte0, max_upstream_bandwidth=15000}
11-24 07:10:36.703  415  415 W DPUModule: Warning: Dispc cannot support 7 layer blending(0)
11-24 07:10:36.707  1052  1052 D InterruptionStateProvider: No bubble up: not allowed to bubble: 0|com.google.android.libraries.navigation.testapp|1001|null|10019
11-24 07:10:36.710  1052  1052 D InterruptionStateProvider: No heads up: unimportant notification: 0|com.google.android.libraries.navigation.testapp|1001|null|10019
11-24 07:10:36.711  616  1172 D NAVCORE: NAVCT_writeDataToBuff 0, 4,13,1968,20480, 

11-24 07:10:36.738  616  1176 D NAVCORE: navCoreThread type 4,subtype 13, len 1968, ret 0, buff0len 0, state 3

11-24 07:10:36.738  616  1172 D NAVCORE: NAVCT_writeDataToBuff 0, 4,14,1968,18508, 

11-24 07:10:36.738  616  1176 D NAVCORE: navCoreThread type 4,subtype 14, len 1968, ret 0, buff0len 0, state 3

11-24 07:10:36.738  616  1172 D NAVCORE: NAVCT_writeDataToBuff 0, 4,5,216,20480, 

11-24 07:10:36.738  616  1176 D NAVCORE: navCoreThread type 4,subtype 5, len 216, ret 0, buff0len 0, state 3

11-24 07:10:36.738  616  1172 D NAVCORE: NAVCT_writeDataToBuff 0, 4,6,1860,20480, 

11-24 07:10:36.738  616  1176 D NAVCORE: navCoreThread type 4,subtype 6, len 1860, ret 0, buff0len 0, state 3

11-24 07:10:36.738  616  1172 D NAVCORE: NAVCT_writeDataToBuff 0, 4,7,1860,20480, 

11-24 07:10:36.738  616  1176 D NAVCORE: navCoreThread type 4,subtype 7, len 1860, ret 0, buff0len 0, state 3

11-24 07:10:36.738  616  1172 D NAVCORE: NAVCT_writeDataToBuff 0, 4,8,1860,20480, 

11-24 07:10:36.738  616  1172 D NAVCORE: NAVCT_writeDataToBuff 0, 4,9,1860,20480, 

11-24 07:10:36.738  616  1176 D NAVCORE: navCoreThread type 4,subtype 8, len 1860, ret 0, buff0len 0, state 3

11-24 07:10:36.738  616  1176 D NAVCORE: navCoreThread type 4,subtype 9, len 1860, ret 0, buff0len 0, state 3

11-24 07:10:36.738  616  1172 D NAVCORE: NAVCT_writeDataToBuff 0, 4,10,1860,20480, 
�L�

11-24 07:10:36.738  616  1176 D NAVCORE: navCoreThread type 4,subtype 10, len 1860, ret 0, buff0len 0, state 3

11-24 07:10:36.738  616  1172 D NAVCORE: NAVCT_writeDataToBuff 0, 4,11,1860,20480, 

11-24 07:10:36.738  616  1172 D NAVCORE: NAVCT_writeDataToBuff 0, 4,20,1068,18616, 

11-24 07:10:36.738  616  1176 D NAVCORE: navCoreThread type 4,subtype 11, len 1860, ret 0, buff0len 0, state 3

11-24 07:10:36.738  616  1176 D NAVCORE: navCoreThread type 4,subtype 20, len 1068, ret 0, buff0len 0, state 3

11-24 07:10:36.739  616  1176 D GNSSMGT: set_measurement_svstatus_data: set_measure_data listnum:6, gpstow:0
11-24 07:10:36.739  616  1176 D GNSSMGT: transform_gnss_svstatus: sv_constellation_index = 0, sv_constellation_total = 3, num_svs = 6
11-24 07:10:36.739  616  1176 D GNSSMGT: set_measurement_svstatus_data: set_measure_data listnum:1, gpstow:0
11-24 07:10:36.739  616  1176 D GNSSMGT: transform_gnss_svstatus: sv_constellation_index = 1, sv_constellation_total = 3, num_svs = 7
11-24 07:10:36.740  616  1176 D GNSSMGT: set_measurement_svstatus_data: set_measure_data listnum:1, gpstow:0
11-24 07:10:36.740  616  1176 D GNSSMGT: transform_gnss_svstatus: sv_constellation_index = 2, sv_constellation_total = 3, num_svs = 8
11-24 07:10:36.740  616  1176 E GNSSMGT: dataproc_bufin: input len[2568] is bigger than buf size 2048, logtype[1]
11-24 07:10:36.741  616  1176 D NAVCORE: send FWdata To BB 0x5,0x5,648

11-24 07:10:36.741  616  1176 D NAVCORE: send FWdata To BB 0x5,0x6,1552

11-24 07:10:36.741  616  1176 D NAVCORE: send FWdata To BB 0x5,0x7,864

11-24 07:10:36.741  616  1176 D NAVCORE: send FWdata To BB 0x5,0x8,880

11-24 07:10:36.742  616  1176 D GNSSMGT: navc_handleGstSubtype: GstParameter.ErrHorPos[15.000000]
11-24 07:10:36.742  616  1208 D GNSSMGT: agps_msg_thread: read cmd is 7
11-24 07:10:36.742  616  1208 D GNSSMGT: agps_msg_thread: read cmd is 7
11-24 07:10:36.742  616  1208 D GNSSMGT: agps_msg_thread: read cmd is 7
11-24 07:10:36.742  616  1164 D GnssHAL_V_Gnss: gnssSvStatusCb, enter
