11-24 07:10:36.742  616  1182 D NAVCORE: Process WriteLogThread++ 10769

11-24 07:10:36.747  616  1182 D GNSSMGT: gps_getNavcNmeadata: enter, subType:0x1
11-24 07:10:36.748  616  1182 D GNSSMGT: gps_getNavcNmeadata: enter, subType:0x1
11-24 07:10:36.748  616  1182 D GNSSMGT: parse_rmc_token: in RMC, fixStatus=V
11-24 07:10:36.748  616  1182 D GNSSMGT: gps_getNavcNmeadata: enter, subType:0x1
11-24 07:10:36.748  616  1182 D GNSSMGT: gps_getNavcNmeadata: enter, subType:0x1
11-24 07:10:36.748  616  1182 D GNSSMGT: gps_getNavcNmeadata: enter, subType:0x1
11-24 07:10:36.748  616  1182 D GNSSMGT: gps_getNavcNmeadata: enter, subType:0x1
11-24 07:10:36.748  616  1182 D GNSSMGT: gps_getNavcNmeadata: enter, subType:0x1
11-24 07:10:36.748  616  1182 D GNSSMGT: gps_getNavcNmeadata: enter, subType:0x1
11-24 07:10:36.749  616  1182 D GNSSMGT: gps_getNavcNmeadata: enter, subType:0x1
11-24 07:10:36.749  616  1182 D NAVCORE: NAVCT_buffNextMeasOkEmpty bufNum 1, dataLen 0, wA 26158, rA 26158

11-24 07:10:36.749  616  1182 D NAVCORE: Process WriteLogThread-- 0

11-24 07:10:36.749  26595  26727 I native: I0000 00:00:1700809836.749704   26727 map-location-tracker.cc:385] Queueing observation in MapLocationTracker: GpsSignalQualityObservation[when_ms=158227671, prev_sats=?, prev_snr=?, curr_sats=6, curr_snr=0.000000]

11-24 07:10:36.755  1052  1154 D PeopleSpaceWidgetMgr: Sbn doesn't contain valid PeopleTileKey: null/0/com.google.android.libraries.navigation.testapp
11-24 07:10:36.787  1052  1052 D InterruptionStateProvider: No bubble up: not allowed to bubble: 0|com.google.android.libraries.navigation.testapp|1001|null|10019
11-24 07:10:36.790  1052  1052 D InterruptionStateProvider: No heads up: unimportant notification: 0|com.google.android.libraries.navigation.testapp|1001|null|10019
11-24 07:10:36.799  415  415 W DPUModule: Warning: Dispc cannot support 7 layer blending(0)
11-24 07:10:36.809  1052  1154 D PeopleSpaceWidgetMgr: Sbn doesn't contain valid PeopleTileKey: null/0/com.google.android.libraries.navigation.testapp
11-24 07:10:36.839  1052  1052 D NotifContentInflater: apply, finishIfDone
11-24 07:10:36.846  415  415 W DPUModule: Warning: Dispc cannot support 7 layer blending(0)
11-24 07:10:36.846  1052  1052 D NotifContentInflater: applyRemoteView, finishIfDone
11-24 07:10:36.875  1052  1052 D NotifContentInflater: applyRemoteView, finishIfDone
11-24 07:10:36.955  2074  2128 I STFService: CoreFrequency index: 0 current: 1400000 max: 1400000
11-24 07:10:36.957  2074  2128 I STFService: CoreFrequency index: 1 current: 1400000 max: 1400000
11-24 07:10:36.960  2074  2128 I STFService: CoreFrequency index: 2 current: 1400000 max: 1400000
11-24 07:10:36.963  2074  2128 I STFService: CoreFrequency index: 3 current: 1400000 max: 1400000
11-24 07:10:36.998  415  415 W DPUModule: Warning: Dispc cannot support 7 layer blending(0)
11-24 07:10:37.014  415  415 W DPUModule: Warning: Dispc cannot support 7 layer blending(0)
11-24 07:10:37.149  415  415 W DPUModule: Warning: Dispc cannot support 7 layer blending(0)
11-24 07:10:37.211  616  1182 D NAVCORE: Process WriteLogThread++ 89

11-24 07:10:37.211  616  1182 D NAVCORE: NAVCT_buffNextMeasOkEmpty bufNum 1, dataLen 0, wA 26247, rA 26247

11-24 07:10:37.211  616  1182 D NAVCORE: Process WriteLogThread-- 0

11-24 07:10:37.300  415  415 W DPUModule: Warning: Dispc cannot support 7 layer blending(0)
11-24 07:10:37.452  415  415 W DPUModule: Warning: Dispc cannot support 7 layer blending(0)
11-24 07:10:37.609  415  415 W DPUModule: Warning: Dispc cannot support 7 layer blending(0)
11-24 07:10:37.618  26595  26727 I native: I0000 00:00:1700809837.618022   26727 map-location-tracker.cc:425] MapLocationTracker called with 50 existing on-segment hypotheses, 0 existing off-segment hypotheses, 1 queued observations at time 158228539.

11-24 07:10:37.689  2074  2074 E STFService: run1: 3.2.8
11-24 07:10:37.692  2074  2074 I STFService: sendNetworkClass:  CellSignalLte:{alphaLong=, rssi=2147483647, mnc=7, level=4, bandwidth=2147483647, ci=10810913, asulevel=64, parametersUseForLevel=-76, rsrp=-76, rssnr=2147483647, bands=[39], mcc=404, ta=2147483647, mAdditionalPlmns={}, sinr=2147483647, csgInfo=unknown, rsrq=-11, pci=258, tac=24314, alphaShort=, cqi=2147483647, earfcn=515}
11-24 07:10:37.695  2074  2074 I STFService: sendNetworkClass:  EPDGInfo:{dns_server_4=2001:4860:4860::6464, ip_address_1=10.51.4.44, dns_server_3=2402:3a80:c079:25::6, ip_address_2=2402:3a80:4391:a1be:0:29:7843:6601, dns_server_2=8.8.4.4, dns_server_1=42.105.241.76, max_downstream_bandwidth=30000, is_secure=true, tunneling_protocol=seth_lte0, max_upstream_bandwidth=15000}
11-24 07:10:37.711  616  1172 D NAVCORE: NAVCT_writeDataToBuff 0, 4,13,1968,20480, 

11-24 07:10:37.711  616  1176 D NAVCORE: navCoreThread type 4,subtype 13, len 1968, ret 0, buff0len 0, state 3

11-24 07:10:37.711  616  1172 D NAVCORE: NAVCT_writeDataToBuff 0, 4,14,1968,20480, 

11-24 07:10:37.711  616  1172 D NAVCORE: NAVCT_writeDataToBuff 0, 4,5,216,18508, 

11-24 07:10:37.711  616  1176 D NAVCORE: navCoreThread type 4,subtype 14, len 1968, ret 0, buff0len 220, state 3

11-24 07:10:37.711  616  1176 D NAVCORE: navCoreThread type 4,subtype 5, len 216, ret 0, buff0len 0, state 3

11-24 07:10:37.711  616  1172 D NAVCORE: NAVCT_writeDataToBuff 0, 4,6,1860,20480, 

11-24 07:10:37.712  616  1172 D NAVCORE: NAVCT_writeDataToBuff 0, 4,7,1860,18616, 

11-24 07:10:37.712  616  1176 D NAVCORE: navCoreThread type 4,subtype 6, len 1860, ret 0, buff0len 0, state 3

11-24 07:10:37.712  616  1176 D NAVCORE: navCoreThread type 4,subtype 7, len 1860, ret 0, buff0len 0, state 3

11-24 07:10:37.712  616  1172 D NAVCORE: NAVCT_writeDataToBuff 0, 4,8,1860,20480, 

11-24 07:10:37.712  616  1172 D NAVCORE: NAVCT_writeDataToBuff 0, 4,9,1860,18616, 

11-24 07:10:37.712  616  1172 D NAVCORE: NAVCT_writeDataToBuff 0, 4,10,1860,16752, 
�L�

11-24 07:10:37.712  616  1172 D NAVCORE: NAVCT_writeDataToBuff 0, 4,11,1860,14888, 

11-24 07:10:37.712  616  1176 D NAVCORE: navCoreThread type 4,subtype 8, len 1860, ret 0, buff0len 5592, state 3

11-24 07:10:37.712  616  1172 D NAVCORE: NAVCT_writeDataToBuff 0, 4,20,1068,14888, 

11-24 07:10:37.712  616  1176 D NAVCORE: navCoreThread type 4,subtype 9, len 1860, ret 0, buff0len 3728, state 3

11-24 07:10:37.712  616  1176 D NAVCORE: navCoreThread type 4,subtype 10, len 1860, ret 0, buff0len 2936, state 3

11-24 07:10:37.712  616  1176 D NAVCORE: navCoreThread type 4,subtype 11, len 1860, ret 0, buff0len 1072, state 3

11-24 07:10:37.712  616  1176 D NAVCORE: navCoreThread type 4,subtype 20, len 1068, ret 0, buff0len 0, state 3

11-24 07:10:37.714  616  1176 D GNSSMGT: set_measurement_svstatus_data: set_measure_data listnum:6, gpstow:0
11-24 07:10:37.714  616  1176 D GNSSMGT: transform_gnss_svstatus: sv_constellation_index = 0, sv_constellation_total = 3, num_svs = 6
11-24 07:10:37.714  616  1208 D GNSSMGT: agps_msg_thread: read cmd is 7
11-24 07:10:37.714  616  1176 D GNSSMGT: set_measurement_svstatus_data: set_measure_data listnum:1, gpstow:0
11-24 07:10:37.714  616  1176 D GNSSMGT: transform_gnss_svstatus: sv_constellation_index = 1, sv_constellation_total = 3, num_svs = 7
11-24 07:10:37.714  616  1208 D GNSSMGT: agps_msg_thread: read cmd is 7
11-24 07:10:37.715  616  1176 D GNSSMGT: set_measurement_svstatus_data: set_measure_data listnum:1, gpstow:0
11-24 07:10:37.715  616  1176 D GNSSMGT: transform_gnss_svstatus: sv_constellation_index = 2, sv_constellation_total = 3, num_svs = 8
11-24 07:10:37.715  616  1176 E GNSSMGT: dataproc_bufin: input len[2568] is bigger than buf size 2048, logtype[1]
11-24 07:10:37.715  616  1164 D GnssHAL_V_Gnss: gnssSvStatusCb, enter
11-24 07:10:37.716  616  1208 D GNSSMGT: agps_msg_thread: read cmd is 7
11-24 07:10:37.718  616  1176 D NAVCORE: send FWdata To BB 0x5,0x5,648

11-24 07:10:37.719  616  1176 D NAVCORE: send FWdata To BB 0x5,0x6,1552

11-24 07:10:37.719  616  1176 D NAVCORE: send FWdata To BB 0x5,0x7,864

11-24 07:10:37.719  616  1176 D NAVCORE: send FWdata To BB 0x5,0x8,880

11-24 07:10:37.721  616  1182 D NAVCORE: Process WriteLogThread++ 10757

11-24 07:10:37.721  616  1176 D GNSSMGT: navc_handleGstSubtype: GstParameter.ErrHorPos[15.000000]
11-24 07:10:37.726  616  1182 D GNSSMGT: gps_getNavcNmeadata: enter, subType:0x1
11-24 07:10:37.726  616  1182 D GNSSMGT: gps_getNavcNmeadata: enter, subType:0x1
11-24 07:10:37.726  616  1182 D GNSSMGT: parse_rmc_token: in RMC, fixStatus=V
11-24 07:10:37.726  616  1182 D GNSSMGT: gps_getNavcNmeadata: enter, subType:0x1
11-24 07:10:37.726  616  1182 D GNSSMGT: gps_getNavcNmeadata: enter, subType:0x1
11-24 07:10:37.726  616  1182 D GNSSMGT: gps_getNavcNmeadata: enter, subType:0x1
11-24 07:10:37.726  616  1182 D GNSSMGT: gps_getNavcNmeadata: enter, subType:0x1
11-24 07:10:37.726  616  1182 D GNSSMGT: gps_getNavcNmeadata: enter, subType:0x1
11-24 07:10:37.726  616  1182 D GNSSMGT: gps_getNavcNmeadata: enter, subType:0x1
11-24 07:10:37.726  616  1182 D GNSSMGT: gps_getNavcNmeadata: enter, subType:0x1
11-24 07:10:37.726  616  1182 D NAVCORE: NAVCT_buffNextMeasOkEmpty bufNum 1, dataLen 0, wA 37004, rA 37004

11-24 07:10:37.726  616  1182 D NAVCORE: Process WriteLogThread-- 0

11-24 07:10:37.756  415  415 W DPUModule: Warning: Dispc cannot support 7 layer blending(0)
11-24 07:10:37.770  26595  26727 I native: I0000 00:00:1700809837.769611   26727 map-location-tracker.cc:857] time_ms: 158228539 MapTrackingResult[lat/lng=17.4531058,78.3804952 speed=-0.00 bearing=100.73 alti=nanm, on_road=1 in_startup_confusion=0 posn_acc=91.22 spd_acc=5.81 bear_acc=33.43 alti_acc=inf segment=Ayyappa Society Rd:[17.4531301,78.3803799 38.3m 100°, r395.1m, kNotTunnel]x7m->1/1#0[] meters_on_segment=12.53 across: nan {level=unknown} [nmm loc] ]

11-24 07:10:37.782  26595  26595 W Choreographer: Frame time is 0.011437 ms in the future!  Check that graphics HAL is generating vsync timestamps using the correct timebase.
11-24 07:10:37.887  26595  26727 I native: I0000 00:00:1700809837.887130   26727 map-location-tracker.cc:385] Queueing observation in MapLocationTracker: GpsSignalQualityObservation[when_ms=158228808, prev_sats=?, prev_snr=?, curr_sats=6, curr_snr=0.000000]

11-24 07:10:37.896  26595  27174 I native: I0000 00:00:1700809837.890680   27174 guider.cc:164] [NAV][OnLocationChanged] : (123) (routes: *123=0.999472, 130=0.376488, 131=0.376488) 1076.78m (next: 116.271m confidence = 0.142161) speed: -1.06697e-07m/s

11-24 07:10:37.927  415  415 W DPUModule: Warning: Dispc cannot support 7 layer blending(0)
11-24 07:10:38.073  831  860 D ApplicationPackageManager: hasSystemFeature:name=android.software.leanback version=0 getOpPackageName=android hasSystemFeature=false
11-24 07:10:38.076  831  6434 D ApplicationPackageManager: hasSystemFeature:name=android.software.leanback version=0 getOpPackageName=android hasSystemFeature=false
11-24 07:10:38.279  415  415 W DPUModule: Warning: Dispc cannot support 7 layer blending(0)
11-24 07:10:38.338  1052  1052 D InterruptionStateProvider: No bubble up: not allowed to bubble: 0|com.google.android.libraries.navigation.testapp|1001|null|10019
11-24 07:10:38.340  1052  1052 D InterruptionStateProvider: No heads up: unimportant notification: 0|com.google.android.libraries.navigation.testapp|1001|null|10019
11-24 07:10:38.351  1052  1052 D InterruptionStateProvider: No bubble up: not allowed to bubble: 0|com.google.android.libraries.navigation.testapp|1001|null|10019
11-24 07:10:38.353  1052  1052 D InterruptionStateProvider: No heads up: unimportant notification: 0|com.google.android.libraries.navigation.testapp|1001|null|10019
11-24 07:10:38.374  1052  1154 D PeopleSpaceWidgetMgr: Sbn doesn't contain valid PeopleTileKey: null/0/com.google.android.libraries.navigation.testapp
11-24 07:10:38.374  1052  1154 D PeopleSpaceWidgetMgr: Sbn doesn't contain valid PeopleTileKey: null/0/com.google.android.libraries.navigation.testapp
11-24 07:10:38.416  1052  1052 D NotifContentInflater: apply, finishIfDone
11-24 07:10:38.434  415  415 W DPUModule: Warning: Dispc cannot support 7 layer blending(0)
11-24 07:10:38.435  1052  1052 D NotifContentInflater: applyRemoteView, finishIfDone
11-24 07:10:38.472  1052  1052 D NotifContentInflater: applyRemoteView, finishIfDone
11-24 07:10:38.609  415  415 W DPUModule: Warning: Dispc cannot support 7 layer blending(0)
11-24 07:10:38.632  415  415 W DPUModule: Warning: Dispc cannot support 7 layer blending(0)
11-24 07:10:38.696  2074  2074 E STFService: run1: 3.2.8
11-24 07:10:38.700  2074  2074 I STFService: sendNetworkClass:  CellSignalLte:{alphaLong=, rssi=2147483647, mnc=7, level=4, bandwidth=2147483647, ci=10810913, asulevel=64, parametersUseForLevel=-76, rsrp=-76, rssnr=2147483647, bands=[39], mcc=404, ta=2147483647, mAdditionalPlmns={}, sinr=2147483647, csgInfo=unknown, rsrq=-11, pci=258, tac=24314, alphaShort=, cqi=2147483647, earfcn=515}
11-24 07:10:38.704  2074  2074 I STFService: sendNetworkClass:  EPDGInfo:{dns_server_4=2001:4860:4860::6464, ip_address_1=10.51.4.44, dns_server_3=2402:3a80:c079:25::6, ip_address_2=2402:3a80:4391:a1be:0:29:7843:6601, dns_server_2=8.8.4.4, dns_server_1=42.105.241.76, max_downstream_bandwidth=30000, is_secure=true, tunneling_protocol=seth_lte0, max_upstream_bandwidth=15000}
11-24 07:10:38.711  616  1172 D NAVCORE: NAVCT_writeDataToBuff 0, 4,13,1968,20480, 

11-24 07:10:38.711  616  1172 D NAVCORE: NAVCT_writeDataToBuff 0, 4,14,1968,18508, 

11-24 07:10:38.711  616  1172 D NAVCORE: NAVCT_writeDataToBuff 0, 4,5,216,16536, 

11-24 07:10:38.711  616  1176 D NAVCORE: navCoreThread type 4,subtype 13, len 1968, ret 0, buff0len 2192, state 3

11-24 07:10:38.711  616  1176 D NAVCORE: navCoreThread type 4,subtype 14, len 1968, ret 0, buff0len 220, state 3

11-24 07:10:38.711  616  1172 D NAVCORE: NAVCT_writeDataToBuff 0, 4,6,1860,20260, 

11-24 07:10:38.711  616  1176 D NAVCORE: navCoreThread type 4,subtype 5, len 216, ret 0, buff0len 0, state 3

11-24 07:10:38.711  616  1176 D NAVCORE: navCoreThread type 4,subtype 6, len 1860, ret 0, buff0len 0, state 3

11-24 07:10:38.711  616  1172 D NAVCORE: NAVCT_writeDataToBuff 0, 4,7,1860,20480, 

11-24 07:10:38.712  616  1172 D NAVCORE: NAVCT_writeDataToBuff 0, 4,8,1860,18616, 

11-24 07:10:38.712  616  1172 D NAVCORE: NAVCT_writeDataToBuff 0, 4,9,1860,16752, 

11-24 07:10:38.712  616  1172 D NAVCORE: NAVCT_writeDataToBuff 0, 4,10,1860,14888, 
�L�

11-24 07:10:38.712  616  1176 D NAVCORE: navCoreThread type 4,subtype 7, len 1860, ret 0, buff0len 5592, state 3

11-24 07:10:38.712  616  1176 D NAVCORE: navCoreThread type 4,subtype 8, len 1860, ret 0, buff0len 3728, state 3

11-24 07:10:38.712  616  1176 D NAVCORE: navCoreThread type 4,subtype 9, len 1860, ret 0, buff0len 1864, state 3

11-24 07:10:38.712  616  1176 D NAVCORE: navCoreThread type 4,subtype 10, len 1860, ret 0, buff0len 0, state 3

11-24 07:10:38.712  616  1172 D NAVCORE: NAVCT_writeDataToBuff 0, 4,11,1860,20480, 

11-24 07:10:38.713  616  1172 D NAVCORE: NAVCT_writeDataToBuff 0, 4,20,1068,18616, 

11-24 07:10:38.713  616  1176 D NAVCORE: navCoreThread type 4,subtype 11, len 1860, ret 0, buff0len 1072, state 3

11-24 07:10:38.713  616  1176 D NAVCORE: navCoreThread type 4,subtype 20, len 1068, ret 0, buff0len 0, state 3

11-24 07:10:38.715  616  1176 D GNSSMGT: set_measurement_svstatus_data: set_measure_data listnum:6, gpstow:0
11-24 07:10:38.715  616  1176 D GNSSMGT: transform_gnss_svstatus: sv_constellation_index = 0, sv_constellation_total = 3, num_svs = 6
11-24 07:10:38.715  616  1208 D GNSSMGT: agps_msg_thread: read cmd is 7
11-24 07:10:38.715  616  1176 D GNSSMGT: set_measurement_svstatus_data: set_measure_data listnum:1, gpstow:0
11-24 07:10:38.715  616  1176 D GNSSMGT: transform_gnss_svstatus: sv_constellation_index = 1, sv_constellation_total = 3, num_svs = 7
11-24 07:10:38.715  616  1208 D GNSSMGT: agps_msg_thread: read cmd is 7
11-24 07:10:38.716  616  1176 D GNSSMGT: set_measurement_svstatus_data: set_measure_data listnum:1, gpstow:0
11-24 07:10:38.716  616  1176 D GNSSMGT: transform_gnss_svstatus: sv_constellation_index = 2, sv_constellation_total = 3, num_svs = 8
11-24 07:10:38.716  616  1176 E GNSSMGT: dataproc_bufin: input len[2568] is bigger than buf size 2048, logtype[1]
11-24 07:10:38.716  616  1164 D GnssHAL_V_Gnss: gnssSvStatusCb, enter
11-24 07:10:38.717  616  1208 D GNSSMGT: agps_msg_thread: read cmd is 7
11-24 07:10:38.719  616  1176 D NAVCORE: send FWdata To BB 0x5,0x5,648

11-24 07:10:38.719  616  1176 D NAVCORE: send FWdata To BB 0x5,0x6,1552

11-24 07:10:38.720  616  1176 D NAVCORE: send FWdata To BB 0x5,0x7,864

11-24 07:10:38.720  616  1176 D NAVCORE: send FWdata To BB 0x5,0x8,880

11-24 07:10:38.722  616  1176 D GNSSMGT: navc_handleGstSubtype: GstParameter.ErrHorPos[15.000000]
11-24 07:10:38.723  616  1182 D NAVCORE: Process WriteLogThread++ 10809

11-24 07:10:38.729  616  1182 D GNSSMGT: gps_getNavcNmeadata: enter, subType:0x1
11-24 07:10:38.729  616  1182 D GNSSMGT: gps_getNavcNmeadata: enter, subType:0x1
11-24 07:10:38.729  616  1182 D GNSSMGT: parse_rmc_token: in RMC, fixStatus=V
11-24 07:10:38.729  616  1182 D GNSSMGT: gps_getNavcNmeadata: enter, subType:0x1
11-24 07:10:38.729  616  1182 D GNSSMGT: gps_getNavcNmeadata: enter, subType:0x1
11-24 07:10:38.729  616  1182 D GNSSMGT: gps_getNavcNmeadata: enter, subType:0x1
11-24 07:10:38.729  616  1182 D GNSSMGT: gps_getNavcNmeadata: enter, subType:0x1
11-24 07:10:38.729  616  1182 D GNSSMGT: gps_getNavcNmeadata: enter, subType:0x1
11-24 07:10:38.729  616  1182 D GNSSMGT: gps_getNavcNmeadata: enter, subType:0x1
11-24 07:10:38.729  616  1182 D GNSSMGT: gps_getNavcNmeadata: enter, subType:0x1
11-24 07:10:38.729  616  1182 D NAVCORE: NAVCT_buffNextMeasOkEmpty bufNum 1, dataLen 0, wA 47813, rA 47813

11-24 07:10:38.729  616  1182 D NAVCORE: Process WriteLogThread-- 0

11-24 07:10:38.804  415  415 W DPUModule: Warning: Dispc cannot support 7 layer blending(0)
11-24 07:10:38.832  831  6434 D PackageManager: PMS queryIntentActivitiesInternal: Intent { act=android.service.carrier.CarrierService }, userId[0], filterCallingUid[1001], pkgName[null], null
11-24 07:10:38.836  831  6434 I haohaov: [HMDenterprise broadcastIntentLocked] intent=Intent { act=android.intent.action.SIG_STR (has extras) }
11-24 07:10:38.955  415  415 W DPUModule: Warning: Dispc cannot support 7 layer blending(0)
11-24 07:10:39.132  415  415 W DPUModule: Warning: Dispc cannot support 7 layer blending(0)
11-24 07:10:39.187  26595  26727 I native: I0000 00:00:1700809839.186912   26727 map-location-tracker.cc:425] MapLocationTracker called with 50 existing on-segment hypotheses, 0 existing off-segment hypotheses, 1 queued observations at time 158230108.

11-24 07:10:39.294  415  415 W DPUModule: Warning: Dispc cannot support 7 layer blending(0)
11-24 07:10:39.354  26595  26727 I native: I0000 00:00:1700809839.353350   26727 map-location-tracker.cc:857] time_ms: 158230108 MapTrackingResult[lat/lng=17.4531058,78.3804952 speed=-0.00 bearing=100.73 alti=nanm, on_road=1 in_startup_confusion=0 posn_acc=96.27 spd_acc=6.00 bear_acc=34.41 alti_acc=inf segment=Ayyappa Society Rd:[17.4531301,78.3803799 38.3m 100°, r395.1m, kNotTunnel]x7m->1/1#0[] meters_on_segment=12.53 across: nan {level=unknown} [nmm loc] ]

11-24 07:10:39.461  415  415 W DPUModule: Warning: Dispc cannot support 7 layer blending(0)
11-24 07:10:39.492  26595  27174 I native: I0000 00:00:1700809839.491152   27174 guider.cc:164] [NAV][OnLocationChanged] : (123) (routes: *123=0.999428, 130=0.389947, 131=0.389947) 1076.78m (next: 116.271m confidence = 0.147079) speed: -4.77173e-09m/s

11-24 07:10:39.652  831  860 D ApplicationPackageManager: hasSystemFeature:name=android.software.leanback version=0 getOpPackageName=android hasSystemFeature=false
11-24 07:10:39.656  831  6434 D ApplicationPackageManager: hasSystemFeature:name=android.software.leanback version=0 getOpPackageName=android hasSystemFeature=false
11-24 07:10:39.706  2074  2074 E STFService: run1: 3.2.8
11-24 07:10:39.711  616  1182 D NAVCORE: Process WriteLogThread++ 264

11-24 07:10:39.711  616  1182 D NAVCORE: NAVCT_buffNextMeasOkEmpty bufNum 1, dataLen 0, wA 48077, rA 48077

11-24 07:10:39.711  616  1182 D NAVCORE: Process WriteLogThread-- 0

11-24 07:10:39.711  616  1172 D NAVCORE: NAVCT_writeDataToBuff 0, 4,13,1968,20480, 

11-24 07:10:39.711  616  1172 D NAVCORE: NAVCT_writeDataToBuff 0, 4,14,1968,18508, 

11-24 07:10:39.711  616  1176 D NAVCORE: navCoreThread type 4,subtype 13, len 1968, ret 0, buff0len 1972, state 3

11-24 07:10:39.711  616  1172 D NAVCORE: NAVCT_writeDataToBuff 0, 4,5,216,18508, 

11-24 07:10:39.711  616  1176 D NAVCORE: navCoreThread type 4,subtype 14, len 1968, ret 0, buff0len 220, state 3

11-24 07:10:39.711  616  1176 D NAVCORE: navCoreThread type 4,subtype 5, len 216, ret 0, buff0len 0, state 3

11-24 07:10:39.711  616  1172 D NAVCORE: NAVCT_writeDataToBuff 0, 4,6,1860,20480, 

11-24 07:10:39.711  616  1176 D NAVCORE: navCoreThread type 4,subtype 6, len 1860, ret 0, buff0len 0, state 3

11-24 07:10:39.711  2074  2074 I STFService: sendNetworkClass:  CellSignalLte:{alphaLong=, rssi=2147483647, mnc=7, level=4, bandwidth=2147483647, ci=10810913, asulevel=64, parametersUseForLevel=-76, rsrp=-76, rssnr=2147483647, bands=[39], mcc=404, ta=2147483647, mAdditionalPlmns={}, sinr=2147483647, csgInfo=unknown, rsrq=-11, pci=258, tac=24314, alphaShort=, cqi=2147483647, earfcn=515}
11-24 07:10:39.713  616  1172 D NAVCORE: NAVCT_writeDataToBuff 0, 4,7,1860,20480, 

11-24 07:10:39.713  616  1172 D NAVCORE: NAVCT_writeDataToBuff 0, 4,8,1860,20480, 

11-24 07:10:39.713  616  1176 D NAVCORE: navCoreThread type 4,subtype 7, len 1860, ret 0, buff0len 0, state 3

11-24 07:10:39.713  616  1176 D NAVCORE: navCoreThread type 4,subtype 8, len 1860, ret 0, buff0len 0, state 3

11-24 07:10:39.713  616  1172 D NAVCORE: NAVCT_writeDataToBuff 0, 4,9,1860,20480, 

11-24 07:10:39.713  616  1176 D NAVCORE: navCoreThread type 4,subtype 9, len 1860, ret 0, buff0len 0, state 3

11-24 07:10:39.713  616  1172 D NAVCORE: NAVCT_writeDataToBuff 0, 4,10,1860,20480, 
�L�

11-24 07:10:39.713  616  1176 D NAVCORE: navCoreThread type 4,subtype 10, len 1860, ret 0, buff0len 0, state 3

11-24 07:10:39.713  616  1172 D NAVCORE: NAVCT_writeDataToBuff 0, 4,11,1860,20480, 

11-24 07:10:39.713  616  1176 D NAVCORE: navCoreThread type 4,subtype 11, len 1860, ret 0, buff0len 0, state 3

11-24 07:10:39.713  616  1172 D NAVCORE: NAVCT_writeDataToBuff 0, 4,20,1068,20480, 

11-24 07:10:39.713  616  1176 D NAVCORE: navCoreThread type 4,subtype 20, len 1068, ret 0, buff0len 0, state 3

11-24 07:10:39.715  616  1176 D GNSSMGT: set_measurement_svstatus_data: set_measure_data listnum:6, gpstow:0
11-24 07:10:39.715  616  1176 D GNSSMGT: transform_gnss_svstatus: sv_constellation_index = 0, sv_constellation_total = 3, num_svs = 6
11-24 07:10:39.715  616  1208 D GNSSMGT: agps_msg_thread: read cmd is 7
11-24 07:10:39.715  616  1176 D GNSSMGT: set_measurement_svstatus_data: set_measure_data listnum:1, gpstow:0
11-24 07:10:39.715  616  1176 D GNSSMGT: transform_gnss_svstatus: sv_constellation_index = 1, sv_constellation_total = 3, num_svs = 7
11-24 07:10:39.715  616  1208 D GNSSMGT: agps_msg_thread: read cmd is 7
11-24 07:10:39.715  616  1176 D GNSSMGT: set_measurement_svstatus_data: set_measure_data listnum:1, gpstow:0
11-24 07:10:39.715  616  1176 D GNSSMGT: transform_gnss_svstatus: sv_constellation_index = 2, sv_constellation_total = 3, num_svs = 8
11-24 07:10:39.715  616  1176 E GNSSMGT: dataproc_bufin: input len[2568] is bigger than buf size 2048, logtype[1]
11-24 07:10:39.715  616  1164 D GnssHAL_V_Gnss: gnssSvStatusCb, enter
11-24 07:10:39.716  616  1208 D GNSSMGT: agps_msg_thread: read cmd is 7
11-24 07:10:39.717  616  1176 D NAVCORE: send FWdata To BB 0x5,0x5,648

11-24 07:10:39.717  616  1176 D NAVCORE: send FWdata To BB 0x5,0x6,1552

11-24 07:10:39.717  616  1176 D NAVCORE: send FWdata To BB 0x5,0x7,864

11-24 07:10:39.717  616  1176 D NAVCORE: send FWdata To BB 0x5,0x8,880

11-24 07:10:39.718  616  1176 D GNSSMGT: navc_handleGstSubtype: GstParameter.ErrHorPos[15.000000]
11-24 07:10:39.718  616  1182 D NAVCORE: Process WriteLogThread++ 10504

11-24 07:10:39.718  2074  2074 I STFService: sendNetworkClass:  EPDGInfo:{dns_server_4=2001:4860:4860::6464, ip_address_1=10.51.4.44, dns_server_3=2402:3a80:c079:25::6, ip_address_2=2402:3a80:4391:a1be:0:29:7843:6601, dns_server_2=8.8.4.4, dns_server_1=42.105.241.76, max_downstream_bandwidth=30000, is_secure=true, tunneling_protocol=seth_lte0, max_upstream_bandwidth=15000}
11-24 07:10:39.719  616  1182 D GNSSMGT: gps_getNavcNmeadata: enter, subType:0x1
11-24 07:10:39.719  616  1182 D GNSSMGT: gps_getNavcNmeadata: enter, subType:0x1
11-24 07:10:39.719  616  1182 D GNSSMGT: parse_rmc_token: in RMC, fixStatus=V
11-24 07:10:39.719  616  1182 D GNSSMGT: gps_getNavcNmeadata: enter, subType:0x1
11-24 07:10:39.719  616  1182 D GNSSMGT: gps_getNavcNmeadata: enter, subType:0x1
11-24 07:10:39.719  616  1182 D GNSSMGT: gps_getNavcNmeadata: enter, subType:0x1
11-24 07:10:39.719  616  1182 D GNSSMGT: gps_getNavcNmeadata: enter, subType:0x1
11-24 07:10:39.719  616  1182 D GNSSMGT: gps_getNavcNmeadata: enter, subType:0x1
11-24 07:10:39.719  616  1182 D GNSSMGT: gps_getNavcNmeadata: enter, subType:0x1
11-24 07:10:39.719  616  1182 D GNSSMGT: gps_getNavcNmeadata: enter, subType:0x1
11-24 07:10:39.720  616  1182 D NAVCORE: NAVCT_buffNextMeasOkEmpty bufNum 1, dataLen 0, wA 7381, rA 7381

11-24 07:10:39.720  616  1182 D NAVCORE: Process WriteLogThread-- 0

11-24 07:10:39.731  26595  26727 I native: I0000 00:00:1700809839.731679   26727 map-location-tracker.cc:385] Queueing observation in MapLocationTracker: GpsSignalQualityObservation[when_ms=158230653, prev_sats=?, prev_snr=?, curr_sats=5, curr_snr=0.000000]

11-24 07:10:39.867  1052  1052 D InterruptionStateProvider: No bubble up: not allowed to bubble: 0|com.google.android.libraries.navigation.testapp|1001|null|10019
11-24 07:10:39.872  1052  1052 D InterruptionStateProvider: No heads up: unimportant notification: 0|com.google.android.libraries.navigation.testapp|1001|null|10019
11-24 07:10:39.882  1052  1154 D PeopleSpaceWidgetMgr: Sbn doesn't contain valid PeopleTileKey: null/0/com.google.android.libraries.navigation.testapp
11-24 07:10:39.906  1052  1052 D InterruptionStateProvider: No bubble up: not allowed to bubble: 0|com.google.android.libraries.navigation.testapp|1001|null|10019
11-24 07:10:39.907  1052  1052 D InterruptionStateProvider: No heads up: unimportant notification: 0|com.google.android.libraries.navigation.testapp|1001|null|10019
11-24 07:10:39.923  415  415 W DPUModule: Warning: Dispc cannot support 7 layer blending(0)
11-24 07:10:39.937  1052  1154 D PeopleSpaceWidgetMgr: Sbn doesn't contain valid PeopleTileKey: null/0/com.google.android.libraries.navigation.testapp
11-24 07:10:39.948  415  415 W DPUModule: Warning: Dispc cannot support 7 layer blending(0)
11-24 07:10:39.955  1052  1052 D NotifContentInflater: apply, finishIfDone
11-24 07:10:39.971  5564  5625 E dumpstate: libdebuggerd_client: failed to read status response from tombstoned: Try again
11-24 07:10:39.972  364  364 I tombstoned: intercept for pid 1140 and type kDebuggerdJavaBacktrace terminated: due to input
11-24 07:10:39.973  415  415 W DPUModule: Warning: Dispc cannot support 7 layer blending(0)
11-24 07:10:39.976  1052  1052 D NotifContentInflater: applyRemoteView, finishIfDone
11-24 07:10:39.988  1052  1052 D NotifContentInflater: applyRemoteView, finishIfDone
11-24 07:10:40.004  5564  5625 I dumpstate: libdebuggerd_client: started dumping process 1237
11-24 07:10:40.006  364  364 I tombstoned: registered intercept for pid 1237 and type kDebuggerdJavaBacktrace
11-24 07:10:40.008  1237  1242 I com.sprd.srmi: Thread[6,tid=1242,WaitingInMainSignalCatcherLoop,Thread*=0xb2383400,peer=0x12d000b0,"Signal Catcher"]: reacting to signal 3
11-24 07:10:40.009  1237  1242 I com.sprd.srmi: 
11-24 07:10:40.202  415  415 W DPUModule: Warning: Dispc cannot support 7 layer blending(0)
11-24 07:10:40.220  415  415 W DPUModule: Warning: Dispc cannot support 7 layer blending(0)
11-24 07:10:40.342  364  364 I tombstoned: received crash request for pid 1237
11-24 07:10:40.342  364  364 I tombstoned: found intercept fd 512 for pid 1237 and type kDebuggerdJavaBacktrace
11-24 07:10:40.343  1237  1242 I com.sprd.srmi: Wrote stack traces to tombstoned
11-24 07:10:40.343  364  364 W tombstoned: missing output fd
11-24 07:10:40.343  5564  5625 I dumpstate: libdebuggerd_client: done dumping process 1237
11-24 07:10:40.346  5564  5625 I dumpstate: libdebuggerd_client: started dumping process 1284
11-24 07:10:40.347  364  364 I tombstoned: registered intercept for pid 1284 and type kDebuggerdJavaBacktrace
11-24 07:10:40.348  1284  1292 I id.ext.service: Thread[6,tid=1292,WaitingInMainSignalCatcherLoop,Thread*=0xb2383400,peer=0x12d400b0,"Signal Catcher"]: reacting to signal 3
11-24 07:10:40.348  1284  1292 I id.ext.service: 
11-24 07:10:40.355  415  415 W DPUModule: Warning: Dispc cannot support 7 layer blending(0)
11-24 07:10:40.492  1017  1729 D PhoneInterfaceManager: requestModemActivityInfo start.
11-24 07:10:40.493  1017  1729 D PhoneInterfaceManager: requestModemActivityInfo finish, result send. ret = ModemActivityInfo{ mTimestamp=0 mSleepTimeMs=441000 mIdleTimeMs=1764000 mTxTimeMs[]=[220500, 220500, 220500, 220500, 220500] mRxTimeMs=441000}
11-24 07:10:40.493  831  6403 D TelephonyManager: requestModemActivityInfo: Sending result to app: ModemActivityInfo{ mTimestamp=0 mSleepTimeMs=441000 mIdleTimeMs=1764000 mTxTimeMs[]=[220500, 220500, 220500, 220500, 220500] mRxTimeMs=441000}
11-24 07:10:40.494  831  1031 I haohaov: [HMDenterprise broadcastIntentLocked] intent=Intent { act=android.net.conn.DATA_ACTIVITY_CHANGE (has extras) }
11-24 07:10:40.509  415  415 W DPUModule: Warning: Dispc cannot support 7 layer blending(0)
11-24 07:10:40.531  26595  26595 W Choreographer: Frame time is 0.154926 ms in the future!  Check that graphics HAL is generating vsync timestamps using the correct timebase.
11-24 07:10:40.545  364  364 I tombstoned: received crash request for pid 1284
11-24 07:10:40.545  364  364 I tombstoned: found intercept fd 512 for pid 1284 and type kDebuggerdJavaBacktrace
11-24 07:10:40.546  1284  1292 I id.ext.service: Wrote stack traces to tombstoned
11-24 07:10:40.546  364  364 W tombstoned: missing output fd
11-24 07:10:40.547  5564  5625 I dumpstate: libdebuggerd_client: done dumping process 1284
11-24 07:10:40.552  5564  5625 I dumpstate: libdebuggerd_client: started dumping process 1322
11-24 07:10:40.553  364  364 I tombstoned: registered intercept for pid 1322 and type kDebuggerdJavaBacktrace
11-24 07:10:40.555  1322  1338 I droid.launcher: Thread[5,tid=1338,WaitingInMainSignalCatcherLoop,Thread*=0xb2382600,peer=0x12dc00b0,"Signal Catcher"]: reacting to signal 3
11-24 07:10:40.555  1322  1338 I droid.launcher: 
11-24 07:10:40.619  831  6547 D AppOps: noteOperation: reject #1 for code 15 (15) uid 10164 package jp.co.cyberagent.stf flags: s
11-24 07:10:40.623  831  6547 D PackageManager: PMS queryIntentActivitiesInternal: Intent { act=android.service.carrier.CarrierService }, userId[0], filterCallingUid[1001], pkgName[null], null
11-24 07:10:40.629  2074  20601 E STFTelephonyUtils: NetworkPolicy: Neither user 10164 nor current process has android.permission.MANAGE_SUBSCRIPTION_PLANS.
11-24 07:10:40.635  831  6403 D PackageManager: PMS queryIntentActivitiesInternal: Intent { act=android.service.carrier.CarrierService }, userId[0], filterCallingUid[1001], pkgName[null], null
11-24 07:10:40.645  831  6403 D PackageManager: PMS queryIntentActivitiesInternal: Intent { act=android.service.carrier.CarrierService }, userId[0], filterCallingUid[1001], pkgName[null], null
11-24 07:10:40.649  831  6403 D PackageManager: PMS queryIntentActivitiesInternal: Intent { act=android.service.carrier.CarrierService }, userId[0], filterCallingUid[1001], pkgName[null], null
11-24 07:10:40.655  831  6403 D PackageManager: PMS queryIntentActivitiesInternal: Intent { act=android.service.carrier.CarrierService }, userId[0], filterCallingUid[1001], pkgName[null], null
11-24 07:10:40.662  2074  20601 E STFTelephonyUtils: {CarrierConfigInfo: missed_incoming_call_sms_pattern_string_array=[], CarrierConfigInfo: vvm_ssl_enabled_bool=false, smsToMmsTextThreshold=-1, CarrierConfigInfo: 5g_watchdog_time_ms_long=3600000, CarrierConfigInfo: iwlan.epdg_address_priority_int_array=[1, 0], CarrierConfigInfo: oem_config_network_powerup_disable_lte_bool=false, CarrierConfigInfo: iwlan.child_sa_rekey_hard_timer_sec_int=7200, CarrierConfigInfo: opportunistic_network_max_backoff_time_long=60000, CarrierConfigInfo: allow_metered_network_for_cert_download_bool=false, CarrierConfigInfo: gsm_nonroaming_networks_string_array=null, CarrierConfigInfo: carrier_default_actions_on_redirection_string_array=[9, 4, 1], CarrierConfigInfo: unmetered_nr_nsa_sub6_bool=false, CarrierConfigInfo: hide_enable_2g_bool=true, CarrierConfigInfo: gps.supl_host=supl.qxwz.com, CarrierConfigInfo: broadcast_emergency_call_state_changes_bool=false, CarrierConfigInfo: enhanced_4g_lte_title_variant_int=0, CarrierConfigInfo: vilte_data_is_metered_bool=true, CarrierConfigInfo: support_enhanced_call_blocking_bool=true, CarrierConfigInfo: supports_device_to_device_communication_using_rtp_bool=false, CarrierConfigInfo: additional_nr_advanced_bands_int_array=[], CarrierConfigInfo: oem_key_permanent_auto_sel_mode_bool=false, CarrierConfigInfo: gps.supl_mode=1, CarrierConfigInfo: mmi_two_digit_number_pattern_string_array=[], CarrierConfigInfo: boosted_nrarfcns_string_array=null, CarrierConfigInfo: aliasMaxChars=48, CarrierConfigInfo: carrier_name_string=, CarrierConfigInfo: support_swap_after_merge_bool=true, CarrierConfigInfo: vvm_type_string=, CarrierConfigInfo: imsserviceentitlement.entitlement_server_url_string=, CarrierConfigInfo: imsserviceentitlement.ims_provisioning_bool=false, CarrierConfigInfo: carrier_default_actions_on_reset_string_array=[6, 8], CarrierConfigInfo: httpParams=, CarrierConfigInfo: additional_settings_caller_id_visibility_bool=true, CarrierConfigInfo: opportunistic_network_data_switch_hysteresis_time_long=10000, CarrierConfigInfo: support_cdma_1x_voice_calls_bool=true, CarrierConfigInfo: apn.settings_default_protocol_string=, CarrierConfigInfo: carrier_provisions_wifi_merged_networks_bool=false, CarrierConfigInfo: carrier_metered_apn_types_strings=[default, dun, supl], CarrierConfigInfo: gba_mode_int=1, CarrierConfigInfo: oem_key_voicemail_string=, CarrierConfigInfo: oem_key_hide_fdn_bool=false, CarrierConfigInfo: call_redirection_service_component_name_string=null, CarrierConfigInfo: oem_label_wifi_call=, CarrierConfigInfo: call_forwarding_visibility_bool=true, Data Roaming=1, CarrierConfigInfo: carrier_wfc_ims_available_bool=true, CarrierConfigInfo: iwlan.mcc_mncs_string_array=[], allowAttachAudio=true, CarrierConfigInfo: hide_digits_helper_text_on_stk_input_screen_bool=true, CarrierConfigInfo: editable_wfc_mode_bool=true, CarrierConfigInfo: data_limit_notification_bool=true, CarrierConfigInfo: vt_upgrade_supported_for_downgraded_rtt_call=true, CarrierConfigInfo: iwlan.ike_session_encryption_aes_cbc_key_size_int_array=[128, 192, 256], CarrierConfigInfo: opportunistic_network_data_switch_exit_hysteresis_time_long=3000, CarrierConfigInfo: ims.wifi_off_deferring_time_millis_int=4000, CarrierConfigInfo: spn_display_rule_use_roaming_from_service_state_bool=false, CarrierConfigInfo: opportunistic_network_exit_threshold_rsrp_int=-118, CarrierConfigInfo: gps.use_emergency_pdn_for_emergency_supl=1, CarrierConfigInfo: operator_selection_expand_bool=true, CarrierConfigInfo: rcs_config_server_url_string=, CarrierConfigInfo: imsi_key_availability_int=0, CarrierConfigInfo: carrier_instant_lettering_escaped_chars_string=, CarrierConfigInfo: notify_handover_video_from_lte_to_wifi_bool=false, CarrierConfigInfo: display_voicemail_number_as_default_call_forwarding_number=false, CarrierConfigInfo: data_switch_validation_min_gap_long=86400000, CarrierConfigInfo: oem_not_allow_numbers_in_call_log_string=, CarrierConfigInfo: allow_emergency_numbers_in_call_log_bool=false, CarrierConfigInfo: use_hfa_for_provisioning_bool=false, CarrierConfigInf
11-24 07:10:40.666  2074  20601 I STFNetworkUtil: getHashMapProtoMessageEnvelopeWithId:  TelephonyData:{CarrierConfigInfo: missed_incoming_call_sms_pattern_string_array=[], CarrierConfigInfo: vvm_ssl_enabled_bool=false, smsToMmsTextThreshold=-1, CarrierConfigInfo: 5g_watchdog_time_ms_long=3600000, CarrierConfigInfo: iwlan.epdg_address_priority_int_array=[1, 0], CarrierConfigInfo: oem_config_network_powerup_disable_lte_bool=false, CarrierConfigInfo: iwlan.child_sa_rekey_hard_timer_sec_int=7200, CarrierConfigInfo: opportunistic_network_max_backoff_time_long=60000, CarrierConfigInfo: allow_metered_network_for_cert_download_bool=false, CarrierConfigInfo: gsm_nonroaming_networks_string_array=null, CarrierConfigInfo: carrier_default_actions_on_redirection_string_array=[9, 4, 1], CarrierConfigInfo: unmetered_nr_nsa_sub6_bool=false, CarrierConfigInfo: hide_enable_2g_bool=true, CarrierConfigInfo: gps.supl_host=supl.qxwz.com, CarrierConfigInfo: broadcast_emergency_call_state_changes_bool=false, CarrierConfigInfo: enhanced_4g_lte_title_variant_int=0, CarrierConfigInfo: vilte_data_is_metered_bool=true, CarrierConfigInfo: support_enhanced_call_blocking_bool=true, CarrierConfigInfo: supports_device_to_device_communication_using_rtp_bool=false, CarrierConfigInfo: additional_nr_advanced_bands_int_array=[], CarrierConfigInfo: oem_key_permanent_auto_sel_mode_bool=false, CarrierConfigInfo: gps.supl_mode=1, CarrierConfigInfo: mmi_two_digit_number_pattern_string_array=[], CarrierConfigInfo: boosted_nrarfcns_string_array=null, CarrierConfigInfo: aliasMaxChars=48, CarrierConfigInfo: carrier_name_string=, CarrierConfigInfo: support_swap_after_merge_bool=true, CarrierConfigInfo: vvm_type_string=, CarrierConfigInfo: imsserviceentitlement.entitlement_server_url_string=, CarrierConfigInfo: imsserviceentitlement.ims_provisioning_bool=false, CarrierConfigInfo: carrier_default_actions_on_reset_string_array=[6, 8], CarrierConfigInfo: httpParams=, CarrierConfigInfo: additional_settings_caller_id_visibility_bool=true, CarrierConfigInfo: opportunistic_network_data_switch_hysteresis_time_long=10000, CarrierConfigInfo: support_cdma_1x_voice_calls_bool=true, CarrierConfigInfo: apn.settings_default_protocol_string=, CarrierConfigInfo: carrier_provisions_wifi_merged_networks_bool=false, CarrierConfigInfo: carrier_metered_apn_types_strings=[default, dun, supl], CarrierConfigInfo: gba_mode_int=1, CarrierConfigInfo: oem_key_voicemail_string=, CarrierConfigInfo: oem_key_hide_fdn_bool=false, CarrierConfigInfo: call_redirection_service_component_name_string=null, CarrierConfigInfo: oem_label_wifi_call=, CarrierConfigInfo: call_forwarding_visibility_bool=true, Data Roaming=1, CarrierConfigInfo: carrier_wfc_ims_available_bool=true, CarrierConfigInfo: iwlan.mcc_mncs_string_array=[], allowAttachAudio=true, CarrierConfigInfo: hide_digits_helper_text_on_stk_input_screen_bool=true, CarrierConfigInfo: editable_wfc_mode_bool=true, CarrierConfigInfo: data_limit_notification_bool=true, CarrierConfigInfo: vt_upgrade_supported_for_downgraded_rtt_call=true, CarrierConfigInfo: iwlan.ike_session_encryption_aes_cbc_key_size_int_array=[128, 192, 256], CarrierConfigInfo: opportunistic_network_data_switch_exit_hysteresis_time_long=3000, CarrierConfigInfo: ims.wifi_off_deferring_time_millis_int=4000, CarrierConfigInfo: spn_display_rule_use_roaming_from_service_state_bool=false, CarrierConfigInfo: opportunistic_network_exit_threshold_rsrp_int=-118, CarrierConfigInfo: gps.use_emergency_pdn_for_emergency_supl=1, CarrierConfigInfo: operator_selection_expand_bool=true, CarrierConfigInfo: rcs_config_server_url_string=, CarrierConfigInfo: imsi_key_availability_int=0, CarrierConfigInfo: carrier_instant_lettering_escaped_chars_string=, CarrierConfigInfo: notify_handover_video_from_lte_to_wifi_bool=false, CarrierConfigInfo: display_voicemail_number_as_default_call_forwarding_number=false, CarrierConfigInfo: data_switch_validation_min_gap_long=86400000, CarrierConfigInfo: oem_not_allow_numbers_in_call_log_string=, CarrierConfigInfo: allow_emergency_numbers_in_call_log_bool=false, CarrierConfigInfo: use
11-24 07:10:40.674  415  415 W DPUModule: Warning: Dispc cannot support 7 layer blending(0)
11-24 07:10:40.699  26595  26595 W Choreographer: Frame time is 0.108016 ms in the future!  Check that graphics HAL is generating vsync timestamps using the correct timebase.
11-24 07:10:40.710  616  1172 D NAVCORE: NAVCT_writeDataToBuff 0, 4,13,1968,20480, 

11-24 07:10:40.711  616  1172 D NAVCORE: NAVCT_writeDataToBuff 0, 4,14,1968,18508, 

11-24 07:10:40.711  616  1176 D NAVCORE: navCoreThread type 4,subtype 13, len 1968, ret 0, buff0len 0, state 3

11-24 07:10:40.711  616  1176 D NAVCORE: navCoreThread type 4,subtype 14, len 1968, ret 0, buff0len 0, state 3

11-24 07:10:40.711  616  1172 D NAVCORE: NAVCT_writeDataToBuff 0, 4,5,216,20480, 

11-24 07:10:40.711  616  1176 D NAVCORE: navCoreThread type 4,subtype 5, len 216, ret 0, buff0len 0, state 3

11-24 07:10:40.711  616  1172 D NAVCORE: NAVCT_writeDataToBuff 0, 4,6,1860,20480, 

11-24 07:10:40.711  616  1176 D NAVCORE: navCoreThread type 4,subtype 6, len 1860, ret 0, buff0len 0, state 3

11-24 07:10:40.711  616  1172 D NAVCORE: NAVCT_writeDataToBuff 0, 4,7,1860,20480, 

11-24 07:10:40.711  616  1176 D NAVCORE: navCoreThread type 4,subtype 7, len 1860, ret 0, buff0len 0, state 3

11-24 07:10:40.711  616  1172 D NAVCORE: NAVCT_writeDataToBuff 0, 4,8,1860,20480, 

11-24 07:10:40.712  616  1176 D NAVCORE: navCoreThread type 4,subtype 8, len 1860, ret 0, buff0len 0, state 3

11-24 07:10:40.712  616  1172 D NAVCORE: NAVCT_writeDataToBuff 0, 4,9,1860,20480, 

11-24 07:10:40.712  616  1176 D NAVCORE: navCoreThread type 4,subtype 9, len 1860, ret 0, buff0len 0, state 3

11-24 07:10:40.712  616  1172 D NAVCORE: NAVCT_writeDataToBuff 0, 4,10,1860,20480, 
�L�

11-24 07:10:40.712  616  1176 D NAVCORE: navCoreThread type 4,subtype 10, len 1860, ret 0, buff0len 0, state 3

11-24 07:10:40.712  616  1172 D NAVCORE: NAVCT_writeDataToBuff 0, 4,11,1860,20480, 

11-24 07:10:40.712  616  1176 D NAVCORE: navCoreThread type 4,subtype 11, len 1860, ret 0, buff0len 0, state 3

11-24 07:10:40.712  616  1172 D NAVCORE: NAVCT_writeDataToBuff 0, 4,20,1068,18616, 

11-24 07:10:40.712  616  1176 D NAVCORE: navCoreThread type 4,subtype 20, len 1068, ret 0, buff0len 0, state 3

11-24 07:10:40.713  831  6403 W AlarmManager: remove() --> removeLocked()PendingIntent=PendingIntent{96ba874: PendingIntentRecord{4970061 com.google.android.gms/ startService}};IAlarmListener=null;mSetImplTime=55810000
11-24 07:10:40.713  831  6403 D AlarmManagerService: set alarm to kernel: 158232.235000000, type=2 

11-24 07:10:40.714  616  1176 D GNSSMGT: set_measurement_svstatus_data: set_measure_data listnum:6, gpstow:0
11-24 07:10:40.714  616  1176 D GNSSMGT: transform_gnss_svstatus: sv_constellation_index = 0, sv_constellation_total = 3, num_svs = 6
11-24 07:10:40.714  616  1176 D GNSSMGT: set_measurement_svstatus_data: set_measure_data listnum:1, gpstow:0
11-24 07:10:40.714  616  1176 D GNSSMGT: transform_gnss_svstatus: sv_constellation_index = 1, sv_constellation_total = 3, num_svs = 7
11-24 07:10:40.714  616  1176 D GNSSMGT: set_measurement_svstatus_data: set_measure_data listnum:1, gpstow:0
11-24 07:10:40.714  616  1176 D GNSSMGT: transform_gnss_svstatus: sv_constellation_index = 2, sv_constellation_total = 3, num_svs = 8
11-24 07:10:40.714  616  1176 E GNSSMGT: dataproc_bufin: input len[2568] is bigger than buf size 2048, logtype[1]
11-24 07:10:40.714  616  1164 D GnssHAL_V_Gnss: gnssSvStatusCb, enter
11-24 07:10:40.715  616  1208 D GNSSMGT: agps_msg_thread: read cmd is 7
11-24 07:10:40.715  616  1208 D GNSSMGT: agps_msg_thread: read cmd is 7
11-24 07:10:40.716  616  1176 D NAVCORE: send FWdata To BB 0x5,0x5,648

11-24 07:10:40.716  616  1176 D NAVCORE: send FWdata To BB 0x5,0x6,1552

11-24 07:10:40.716  616  1176 D NAVCORE: send FWdata To BB 0x5,0x7,864

11-24 07:10:40.716  616  1176 D NAVCORE: send FWdata To BB 0x5,0x8,880

11-24 07:10:40.717  616  1176 D GNSSMGT: navc_handleGstSubtype: GstParameter.ErrHorPos[15.000000]
11-24 07:10:40.717  616  1208 D GNSSMGT: agps_msg_thread: read cmd is 7
11-24 07:10:40.717  616  1182 D NAVCORE: Process WriteLogThread++ 10941

11-24 07:10:40.719  616  1182 D GNSSMGT: gps_getNavcNmeadata: enter, subType:0x1
11-24 07:10:40.719  616  1182 D GNSSMGT: gps_getNavcNmeadata: enter, subType:0x1
11-24 07:10:40.719  616  1182 D GNSSMGT: parse_rmc_token: in RMC, fixStatus=V
11-24 07:10:40.719  616  1182 D GNSSMGT: gps_getNavcNmeadata: enter, subType:0x1
11-24 07:10:40.719  616  1182 D GNSSMGT: gps_getNavcNmeadata: enter, subType:0x1
11-24 07:10:40.719  616  1182 D GNSSMGT: gps_getNavcNmeadata: enter, subType:0x1
11-24 07:10:40.719  616  1182 D GNSSMGT: gps_getNavcNmeadata: enter, subType:0x1
11-24 07:10:40.719  616  1182 D GNSSMGT: gps_getNavcNmeadata: enter, subType:0x1
11-24 07:10:40.719  616  1182 D GNSSMGT: gps_getNavcNmeadata: enter, subType:0x1
11-24 07:10:40.719  616  1182 D GNSSMGT: gps_getNavcNmeadata: enter, subType:0x1
11-24 07:10:40.719  616  1182 D NAVCORE: NAVCT_buffNextMeasOkEmpty bufNum 1, dataLen 0, wA 18322, rA 18322

11-24 07:10:40.719  616  1182 D NAVCORE: Process WriteLogThread-- 0

11-24 07:10:40.724  2074  2074 E STFService: run1: 3.2.8
11-24 07:10:40.724  26595  26727 I native: I0000 00:00:1700809840.723736   26727 map-location-tracker.cc:385] Queueing observation in MapLocationTracker: GpsSignalQualityObservation[when_ms=158231645, prev_sats=?, prev_snr=?, curr_sats=5, curr_snr=0.000000]

11-24 07:10:40.729  2074  2074 I STFService: sendNetworkClass:  CellSignalLte:{alphaLong=, rssi=2147483647, mnc=7, level=4, bandwidth=2147483647, ci=10810913, asulevel=64, parametersUseForLevel=-76, rsrp=-76, rssnr=2147483647, bands=[39], mcc=404, ta=2147483647, mAdditionalPlmns={}, sinr=2147483647, csgInfo=unknown, rsrq=-11, pci=258, tac=24314, alphaShort=, cqi=2147483647, earfcn=515}
11-24 07:10:40.734  2074  2074 I STFService: sendNetworkClass:  EPDGInfo:{dns_server_4=2001:4860:4860::6464, ip_address_1=10.51.4.44, dns_server_3=2402:3a80:c079:25::6, ip_address_2=2402:3a80:4391:a1be:0:29:7843:6601, dns_server_2=8.8.4.4, dns_server_1=42.105.241.76, max_downstream_bandwidth=30000, is_secure=true, tunneling_protocol=seth_lte0, max_upstream_bandwidth=15000}
11-24 07:10:40.780  26595  26727 I native: I0000 00:00:1700809840.780146   26727 map-location-tracker.cc:425] MapLocationTracker called with 50 existing on-segment hypotheses, 0 existing off-segment hypotheses, 2 queued observations at time 158231701.

11-24 07:10:40.833  415  415 W DPUModule: Warning: Dispc cannot support 7 layer blending(0)
11-24 07:10:40.978  415  415 W DPUModule: Warning: Dispc cannot support 7 layer blending(0)
11-24 07:10:41.002  26595  26727 I native: I0000 00:00:1700809841.001969   26727 map-location-tracker.cc:857] time_ms: 158231701 MapTrackingResult[lat/lng=17.4531058,78.3804952 speed=-0.00 bearing=100.73 alti=nanm, on_road=1 in_startup_confusion=0 posn_acc=101.46 spd_acc=6.13 bear_acc=35.39 alti_acc=inf segment=Ayyappa Society Rd:[17.4531301,78.3803799 38.3m 100°, r395.1m, kNotTunnel]x7m->1/1#0[] meters_on_segment=12.53 across: nan {level=unknown} [nmm loc] ]

11-24 07:10:41.003  26595  26595 W Choreographer: Frame time is 0.022055 ms in the future!  Check that graphics HAL is generating vsync timestamps using the correct timebase.
11-24 07:10:41.133  415  415 W DPUModule: Warning: Dispc cannot support 7 layer blending(0)
11-24 07:10:41.158  26595  27174 I native: I0000 00:00:1700809841.156659   27174 guider.cc:164] [NAV][OnLocationChanged] : (123) (routes: *123=0.999382, 130=0.402542, 131=0.402542) 1076.78m (next: 116.271m confidence = 0.149712) speed: -2.03498e-10m/s

11-24 07:10:41.324  831  932 D AlarmManager: waitForAlarm result:4currentTime=1700809841324, elapsedRealtime=158232245
11-24 07:10:41.326  831  932 D AlarmManager: sending alarm.type = 2, action = null, cn = null, operation = null
11-24 07:10:41.326  831  932 D AlarmManagerService: set alarm to kernel: 158422.362000000, type=2 

11-24 07:10:41.326  831  932 D AlarmManagerService: set alarm to kernel: 158250.922000000, type=3 

11-24 07:10:41.330  831  860 D ApplicationPackageManager: hasSystemFeature:name=android.software.leanback version=0 getOpPackageName=android hasSystemFeature=false
11-24 07:10:41.332  831  1031 D ApplicationPackageManager: hasSystemFeature:name=android.software.leanback version=0 getOpPackageName=android hasSystemFeature=false
11-24 07:10:41.359  1449  2104 W Settings: Setting airplane_mode_on has moved from android.provider.Settings.System to android.provider.Settings.Global, returning read-only value.
11-24 07:10:41.362  1449  2104 E AbstractGmsTracer: Traced class shouldn't be obfuscated: LegacyRealTimers$$ExternalSyntheticLambda1 [CONTEXT service_id=259 ]

11-24 07:10:41.364  831  6547 W AlarmManager: com.google.android.gms2659 set deskclock alarmType:2;triggerAtTime=158237279;interval=0;flags=0; operation=null
11-24 07:10:41.365  831  6547 V AlarmManager: set(null) : type=2 listener=android.app.IAlarmListener$Stub$Proxy@7b71e3 listenerTag=NetworkLocationLocator triggerAtTime=158237279 win=0 tElapsed=158237286 maxElapsed=158237286 interval=0 flags=0x1
11-24 07:10:41.367  831  6547 D AlarmManagerService: set alarm to kernel: 158237.286000000, type=2 

11-24 07:10:41.370  831  6547 W AlarmManager: com.google.android.gms2659 set deskclock alarmType:2;triggerAtTime=158237279;interval=0;flags=0; operation=null
11-24 07:10:41.370  831  6547 W AlarmManager: Alarms must either supply a PendingIntent or an AlarmReceiver
11-24 07:10:41.373  1449  2104 W SystemServiceRegistry: No service published for: wifirtt
