11-24 07:10:45.670  2074  20601 E STFTelephonyUtils: {CarrierConfigInfo: missed_incoming_call_sms_pattern_string_array=[], CarrierConfigInfo: vvm_ssl_enabled_bool=false, smsToMmsTextThreshold=-1, CarrierConfigInfo: 5g_watchdog_time_ms_long=3600000, CarrierConfigInfo: iwlan.epdg_address_priority_int_array=[1, 0], CarrierConfigInfo: oem_config_network_powerup_disable_lte_bool=false, CarrierConfigInfo: iwlan.child_sa_rekey_hard_timer_sec_int=7200, CarrierConfigInfo: opportunistic_network_max_backoff_time_long=60000, CarrierConfigInfo: allow_metered_network_for_cert_download_bool=false, CarrierConfigInfo: gsm_nonroaming_networks_string_array=null, CarrierConfigInfo: carrier_default_actions_on_redirection_string_array=[9, 4, 1], CarrierConfigInfo: unmetered_nr_nsa_sub6_bool=false, CarrierConfigInfo: hide_enable_2g_bool=true, CarrierConfigInfo: gps.supl_host=supl.qxwz.com, CarrierConfigInfo: broadcast_emergency_call_state_changes_bool=false, CarrierConfigInfo: enhanced_4g_lte_title_variant_int=0, CarrierConfigInfo: vilte_data_is_metered_bool=true, CarrierConfigInfo: support_enhanced_call_blocking_bool=true, CarrierConfigInfo: supports_device_to_device_communication_using_rtp_bool=false, CarrierConfigInfo: additional_nr_advanced_bands_int_array=[], CarrierConfigInfo: oem_key_permanent_auto_sel_mode_bool=false, CarrierConfigInfo: gps.supl_mode=1, CarrierConfigInfo: mmi_two_digit_number_pattern_string_array=[], CarrierConfigInfo: boosted_nrarfcns_string_array=null, CarrierConfigInfo: aliasMaxChars=48, CarrierConfigInfo: carrier_name_string=, CarrierConfigInfo: support_swap_after_merge_bool=true, CarrierConfigInfo: vvm_type_string=, CarrierConfigInfo: imsserviceentitlement.entitlement_server_url_string=, CarrierConfigInfo: imsserviceentitlement.ims_provisioning_bool=false, CarrierConfigInfo: carrier_default_actions_on_reset_string_array=[6, 8], CarrierConfigInfo: httpParams=, CarrierConfigInfo: additional_settings_caller_id_visibility_bool=true, CarrierConfigInfo: opportunistic_network_data_switch_hysteresis_time_long=10000, CarrierConfigInfo: support_cdma_1x_voice_calls_bool=true, CarrierConfigInfo: apn.settings_default_protocol_string=, CarrierConfigInfo: carrier_provisions_wifi_merged_networks_bool=false, CarrierConfigInfo: carrier_metered_apn_types_strings=[default, dun, supl], CarrierConfigInfo: gba_mode_int=1, CarrierConfigInfo: oem_key_voicemail_string=, CarrierConfigInfo: oem_key_hide_fdn_bool=false, CarrierConfigInfo: call_redirection_service_component_name_string=null, CarrierConfigInfo: oem_label_wifi_call=, CarrierConfigInfo: call_forwarding_visibility_bool=true, Data Roaming=1, CarrierConfigInfo: carrier_wfc_ims_available_bool=true, CarrierConfigInfo: iwlan.mcc_mncs_string_array=[], allowAttachAudio=true, CarrierConfigInfo: hide_digits_helper_text_on_stk_input_screen_bool=true, CarrierConfigInfo: editable_wfc_mode_bool=true, CarrierConfigInfo: data_limit_notification_bool=true, CarrierConfigInfo: vt_upgrade_supported_for_downgraded_rtt_call=true, CarrierConfigInfo: iwlan.ike_session_encryption_aes_cbc_key_size_int_array=[128, 192, 256], CarrierConfigInfo: opportunistic_network_data_switch_exit_hysteresis_time_long=3000, CarrierConfigInfo: ims.wifi_off_deferring_time_millis_int=4000, CarrierConfigInfo: spn_display_rule_use_roaming_from_service_state_bool=false, CarrierConfigInfo: opportunistic_network_exit_threshold_rsrp_int=-118, CarrierConfigInfo: gps.use_emergency_pdn_for_emergency_supl=1, CarrierConfigInfo: operator_selection_expand_bool=true, CarrierConfigInfo: rcs_config_server_url_string=, CarrierConfigInfo: imsi_key_availability_int=0, CarrierConfigInfo: carrier_instant_lettering_escaped_chars_string=, CarrierConfigInfo: notify_handover_video_from_lte_to_wifi_bool=false, CarrierConfigInfo: display_voicemail_number_as_default_call_forwarding_number=false, CarrierConfigInfo: data_switch_validation_min_gap_long=86400000, CarrierConfigInfo: oem_not_allow_numbers_in_call_log_string=, CarrierConfigInfo: allow_emergency_numbers_in_call_log_bool=false, CarrierConfigInfo: use_hfa_for_provisioning_bool=false, CarrierConfigInf
11-24 07:10:45.673  2074  20601 I STFNetworkUtil: getHashMapProtoMessageEnvelopeWithId:  TelephonyData:{CarrierConfigInfo: missed_incoming_call_sms_pattern_string_array=[], CarrierConfigInfo: vvm_ssl_enabled_bool=false, smsToMmsTextThreshold=-1, CarrierConfigInfo: 5g_watchdog_time_ms_long=3600000, CarrierConfigInfo: iwlan.epdg_address_priority_int_array=[1, 0], CarrierConfigInfo: oem_config_network_powerup_disable_lte_bool=false, CarrierConfigInfo: iwlan.child_sa_rekey_hard_timer_sec_int=7200, CarrierConfigInfo: opportunistic_network_max_backoff_time_long=60000, CarrierConfigInfo: allow_metered_network_for_cert_download_bool=false, CarrierConfigInfo: gsm_nonroaming_networks_string_array=null, CarrierConfigInfo: carrier_default_actions_on_redirection_string_array=[9, 4, 1], CarrierConfigInfo: unmetered_nr_nsa_sub6_bool=false, CarrierConfigInfo: hide_enable_2g_bool=true, CarrierConfigInfo: gps.supl_host=supl.qxwz.com, CarrierConfigInfo: broadcast_emergency_call_state_changes_bool=false, CarrierConfigInfo: enhanced_4g_lte_title_variant_int=0, CarrierConfigInfo: vilte_data_is_metered_bool=true, CarrierConfigInfo: support_enhanced_call_blocking_bool=true, CarrierConfigInfo: supports_device_to_device_communication_using_rtp_bool=false, CarrierConfigInfo: additional_nr_advanced_bands_int_array=[], CarrierConfigInfo: oem_key_permanent_auto_sel_mode_bool=false, CarrierConfigInfo: gps.supl_mode=1, CarrierConfigInfo: mmi_two_digit_number_pattern_string_array=[], CarrierConfigInfo: boosted_nrarfcns_string_array=null, CarrierConfigInfo: aliasMaxChars=48, CarrierConfigInfo: carrier_name_string=, CarrierConfigInfo: support_swap_after_merge_bool=true, CarrierConfigInfo: vvm_type_string=, CarrierConfigInfo: imsserviceentitlement.entitlement_server_url_string=, CarrierConfigInfo: imsserviceentitlement.ims_provisioning_bool=false, CarrierConfigInfo: carrier_default_actions_on_reset_string_array=[6, 8], CarrierConfigInfo: httpParams=, CarrierConfigInfo: additional_settings_caller_id_visibility_bool=true, CarrierConfigInfo: opportunistic_network_data_switch_hysteresis_time_long=10000, CarrierConfigInfo: support_cdma_1x_voice_calls_bool=true, CarrierConfigInfo: apn.settings_default_protocol_string=, CarrierConfigInfo: carrier_provisions_wifi_merged_networks_bool=false, CarrierConfigInfo: carrier_metered_apn_types_strings=[default, dun, supl], CarrierConfigInfo: gba_mode_int=1, CarrierConfigInfo: oem_key_voicemail_string=, CarrierConfigInfo: oem_key_hide_fdn_bool=false, CarrierConfigInfo: call_redirection_service_component_name_string=null, CarrierConfigInfo: oem_label_wifi_call=, CarrierConfigInfo: call_forwarding_visibility_bool=true, Data Roaming=1, CarrierConfigInfo: carrier_wfc_ims_available_bool=true, CarrierConfigInfo: iwlan.mcc_mncs_string_array=[], allowAttachAudio=true, CarrierConfigInfo: hide_digits_helper_text_on_stk_input_screen_bool=true, CarrierConfigInfo: editable_wfc_mode_bool=true, CarrierConfigInfo: data_limit_notification_bool=true, CarrierConfigInfo: vt_upgrade_supported_for_downgraded_rtt_call=true, CarrierConfigInfo: iwlan.ike_session_encryption_aes_cbc_key_size_int_array=[128, 192, 256], CarrierConfigInfo: opportunistic_network_data_switch_exit_hysteresis_time_long=3000, CarrierConfigInfo: ims.wifi_off_deferring_time_millis_int=4000, CarrierConfigInfo: spn_display_rule_use_roaming_from_service_state_bool=false, CarrierConfigInfo: opportunistic_network_exit_threshold_rsrp_int=-118, CarrierConfigInfo: gps.use_emergency_pdn_for_emergency_supl=1, CarrierConfigInfo: operator_selection_expand_bool=true, CarrierConfigInfo: rcs_config_server_url_string=, CarrierConfigInfo: imsi_key_availability_int=0, CarrierConfigInfo: carrier_instant_lettering_escaped_chars_string=, CarrierConfigInfo: notify_handover_video_from_lte_to_wifi_bool=false, CarrierConfigInfo: display_voicemail_number_as_default_call_forwarding_number=false, CarrierConfigInfo: data_switch_validation_min_gap_long=86400000, CarrierConfigInfo: oem_not_allow_numbers_in_call_log_string=, CarrierConfigInfo: allow_emergency_numbers_in_call_log_bool=false, CarrierConfigInfo: use
11-24 07:10:45.710  616  1172 D NAVCORE: NAVCT_writeDataToBuff 0, 4,13,1968,20480, 

11-24 07:10:45.710  616  1172 D NAVCORE: NAVCT_writeDataToBuff 0, 4,14,1968,18508, 

11-24 07:10:45.710  616  1176 D NAVCORE: navCoreThread type 4,subtype 13, len 1968, ret 0, buff0len 0, state 3

11-24 07:10:45.710  616  1176 D NAVCORE: navCoreThread type 4,subtype 14, len 1968, ret 0, buff0len 0, state 3

11-24 07:10:45.710  616  1172 D NAVCORE: NAVCT_writeDataToBuff 0, 4,5,216,20480, 

11-24 07:10:45.710  616  1176 D NAVCORE: navCoreThread type 4,subtype 5, len 216, ret 0, buff0len 0, state 3

11-24 07:10:45.711  616  1172 D NAVCORE: NAVCT_writeDataToBuff 0, 4,6,1860,20480, 

11-24 07:10:45.711  616  1176 D NAVCORE: navCoreThread type 4,subtype 6, len 1860, ret 0, buff0len 0, state 3

11-24 07:10:45.711  616  1172 D NAVCORE: NAVCT_writeDataToBuff 0, 4,7,1860,20480, 

11-24 07:10:45.711  616  1176 D NAVCORE: navCoreThread type 4,subtype 7, len 1860, ret 0, buff0len 0, state 3

11-24 07:10:45.711  616  1172 D NAVCORE: NAVCT_writeDataToBuff 0, 4,8,1860,20480, 

11-24 07:10:45.711  616  1172 D NAVCORE: NAVCT_writeDataToBuff 0, 4,9,1860,20480, 

11-24 07:10:45.711  616  1176 D NAVCORE: navCoreThread type 4,subtype 8, len 1860, ret 0, buff0len 0, state 3

11-24 07:10:45.711  616  1176 D NAVCORE: navCoreThread type 4,subtype 9, len 1860, ret 0, buff0len 0, state 3

11-24 07:10:45.712  616  1182 D NAVCORE: Process WriteLogThread++ 671

11-24 07:10:45.712  616  1182 D NAVCORE: NAVCT_buffNextMeasOkEmpty bufNum 1, dataLen 0, wA 14730, rA 14730

11-24 07:10:45.712  616  1182 D NAVCORE: Process WriteLogThread-- 0

11-24 07:10:45.712  616  1172 D NAVCORE: NAVCT_writeDataToBuff 0, 4,10,1860,20480, 
�L�

11-24 07:10:45.712  616  1172 D NAVCORE: NAVCT_writeDataToBuff 0, 4,11,1860,18616, 

11-24 07:10:45.712  616  1176 D NAVCORE: navCoreThread type 4,subtype 10, len 1860, ret 0, buff0len 0, state 3

11-24 07:10:45.712  616  1176 D NAVCORE: navCoreThread type 4,subtype 11, len 1860, ret 0, buff0len 0, state 3

11-24 07:10:45.712  616  1172 D NAVCORE: NAVCT_writeDataToBuff 0, 4,20,1068,18616, 

11-24 07:10:45.712  616  1176 D NAVCORE: navCoreThread type 4,subtype 20, len 1068, ret 0, buff0len 0, state 3

11-24 07:10:45.714  616  1176 D GNSSMGT: set_measurement_svstatus_data: set_measure_data listnum:6, gpstow:0
11-24 07:10:45.714  616  1176 D GNSSMGT: transform_gnss_svstatus: sv_constellation_index = 0, sv_constellation_total = 3, num_svs = 6
11-24 07:10:45.714  616  1176 D GNSSMGT: set_measurement_svstatus_data: set_measure_data listnum:1, gpstow:0
11-24 07:10:45.714  616  1176 D GNSSMGT: transform_gnss_svstatus: sv_constellation_index = 1, sv_constellation_total = 3, num_svs = 7
11-24 07:10:45.714  616  1208 D GNSSMGT: agps_msg_thread: read cmd is 7
11-24 07:10:45.714  616  1208 D GNSSMGT: agps_msg_thread: read cmd is 7
11-24 07:10:45.714  616  1176 D GNSSMGT: set_measurement_svstatus_data: set_measure_data listnum:1, gpstow:0
11-24 07:10:45.714  616  1176 D GNSSMGT: transform_gnss_svstatus: sv_constellation_index = 2, sv_constellation_total = 3, num_svs = 8
11-24 07:10:45.714  616  1176 E GNSSMGT: dataproc_bufin: input len[2568] is bigger than buf size 2048, logtype[1]
11-24 07:10:45.714  616  1164 D GnssHAL_V_Gnss: gnssSvStatusCb, enter
11-24 07:10:45.714  616  1208 D GNSSMGT: agps_msg_thread: read cmd is 7
11-24 07:10:45.719  616  1176 D NAVCORE: send FWdata To BB 0x5,0x5,648

11-24 07:10:45.719  616  1176 D NAVCORE: send FWdata To BB 0x5,0x6,1552

11-24 07:10:45.719  616  1176 D NAVCORE: send FWdata To BB 0x5,0x7,864

11-24 07:10:45.719  616  1176 D NAVCORE: send FWdata To BB 0x5,0x8,880

11-24 07:10:45.720  616  1176 D GNSSMGT: navc_handleGstSubtype: GstParameter.ErrHorPos[15.000000]
11-24 07:10:45.721  616  1182 D NAVCORE: Process WriteLogThread++ 10894

11-24 07:10:45.722  616  1182 D GNSSMGT: gps_getNavcNmeadata: enter, subType:0x1
11-24 07:10:45.722  616  1182 D GNSSMGT: gps_getNavcNmeadata: enter, subType:0x1
11-24 07:10:45.722  616  1182 D GNSSMGT: parse_rmc_token: in RMC, fixStatus=V
11-24 07:10:45.722  616  1182 D GNSSMGT: gps_getNavcNmeadata: enter, subType:0x1
11-24 07:10:45.722  616  1182 D GNSSMGT: gps_getNavcNmeadata: enter, subType:0x1
11-24 07:10:45.722  616  1182 D GNSSMGT: gps_getNavcNmeadata: enter, subType:0x1
11-24 07:10:45.722  616  1182 D GNSSMGT: gps_getNavcNmeadata: enter, subType:0x1
11-24 07:10:45.722  616  1182 D GNSSMGT: gps_getNavcNmeadata: enter, subType:0x1
11-24 07:10:45.722  616  1182 D GNSSMGT: gps_getNavcNmeadata: enter, subType:0x1
11-24 07:10:45.722  616  1182 D GNSSMGT: gps_getNavcNmeadata: enter, subType:0x1
11-24 07:10:45.722  616  1182 D NAVCORE: NAVCT_buffNextMeasOkEmpty bufNum 1, dataLen 0, wA 25624, rA 25624

11-24 07:10:45.722  616  1182 D NAVCORE: Process WriteLogThread-- 0

11-24 07:10:45.726  26595  26727 I native: I0000 00:00:1700809845.720977   26727 map-location-tracker.cc:385] Queueing observation in MapLocationTracker: GpsSignalQualityObservation[when_ms=158236642, prev_sats=?, prev_snr=?, curr_sats=3, curr_snr=0.000000]

11-24 07:10:45.749  26595  26727 I native: I0000 00:00:1700809845.749475   26727 map-location-tracker.cc:425] MapLocationTracker called with 50 existing on-segment hypotheses, 0 existing off-segment hypotheses, 2 queued observations at time 158236670.

11-24 07:10:45.751  415  415 W DPUModule: Warning: Dispc cannot support 7 layer blending(0)
11-24 07:10:45.801  2074  2074 E STFService: run1: 3.2.8
11-24 07:10:45.805  2074  2074 I STFService: sendNetworkClass:  CellSignalLte:{alphaLong=, rssi=2147483647, mnc=7, level=4, bandwidth=2147483647, ci=10810913, asulevel=66, parametersUseForLevel=-74, rsrp=-74, rssnr=2147483647, bands=[39], mcc=404, ta=2147483647, mAdditionalPlmns={}, sinr=2147483647, csgInfo=unknown, rsrq=-12, pci=258, tac=24314, alphaShort=, cqi=2147483647, earfcn=515}
11-24 07:10:45.808  2074  2074 I STFService: sendNetworkClass:  EPDGInfo:{dns_server_4=2001:4860:4860::6464, ip_address_1=10.51.4.44, dns_server_3=2402:3a80:c079:25::6, ip_address_2=2402:3a80:4391:a1be:0:29:7843:6601, dns_server_2=8.8.4.4, dns_server_1=42.105.241.76, max_downstream_bandwidth=30000, is_secure=true, tunneling_protocol=seth_lte0, max_upstream_bandwidth=15000}
11-24 07:10:45.943  415  415 W DPUModule: Warning: Dispc cannot support 7 layer blending(0)
11-24 07:10:46.009  26595  26727 I native: I0000 00:00:1700809846.009490   26727 map-location-tracker.cc:857] time_ms: 158236670 MapTrackingResult[lat/lng=17.4530373,78.3810048 speed=0.17 bearing=96.43 alti=nanm, on_road=1 in_startup_confusion=0 posn_acc=55.76 spd_acc=4.70 bear_acc=30.24 alti_acc=inf segment=Ayyappa Society Rd:[17.4530578,78.3808298 30.0m 97°, r895.4m, kNotTunnel]x7m->1/1#0[] meters_on_segment=18.72 across: nan {level=unknown} [nmm loc] ]

11-24 07:10:46.053  415  415 W DPUModule: Warning: Dispc cannot support 7 layer blending(0)
11-24 07:10:46.149  26595  27174 I native: I0000 00:00:1700809846.148347   27174 guider.cc:164] [NAV][OnLocationChanged] : (123) (routes: *123=0.999713, 130=0.384644, 131=0.384644) 1131.49m (next: 61.5663m confidence = 0.134854) speed: 0.169638m/s

11-24 07:10:46.257  20361  20396 I bt_btif_dm: system/bt/btif/src/btif_dm.cc:552 btif_update_remote_properties: cod from storage is also unclassified
11-24 07:10:46.277  831  1031 I haohaov: [HMDenterprise broadcastIntentLocked] intent=Intent { act=android.bluetooth.device.action.NAME_CHANGED flg=0x4000000 (has extras) }
11-24 07:10:46.280  831  1031 D BroadcastQueue: Add broadcast <BroadcastRecord{3df920c u0 android.bluetooth.device.action.NAME_CHANGED}> into [parallel | background], pending size 0
11-24 07:10:46.283  831  860 D BroadcastQueue: Done with parallel broadcast [background] [BroadcastRecord{3df920c u0 android.bluetooth.device.action.NAME_CHANGED}]
11-24 07:10:46.284  831  851 I haohaov: [HMDenterprise broadcastIntentLocked] intent=Intent { act=android.os.action.POWER_SAVE_TEMP_WHITELIST_CHANGED flg=0x40000000 }
11-24 07:10:46.285  831  851 D BroadcastQueue: Add broadcast <BroadcastRecord{5f90755 u0 android.os.action.POWER_SAVE_TEMP_WHITELIST_CHANGED}> into [parallel | background], pending size 0
11-24 07:10:46.285  831  860 D BroadcastQueue: Done with parallel broadcast [background] [BroadcastRecord{5f90755 u0 android.os.action.POWER_SAVE_TEMP_WHITELIST_CHANGED}]
11-24 07:10:46.309  831  860 D ApplicationPackageManager: hasSystemFeature:name=android.software.leanback version=0 getOpPackageName=android hasSystemFeature=false
11-24 07:10:46.312  831  1031 D ApplicationPackageManager: hasSystemFeature:name=android.software.leanback version=0 getOpPackageName=android hasSystemFeature=false
11-24 07:10:46.379  1449  20320 I NearbyDiscovery: (REDACTED) FastPairCache: First time advertise data with bloom filter, %s, %s, %s

11-24 07:10:46.412  831  1031 V AS.AudioDeviceBroker: requestedCommunicationDevice, device: null mode owner pid: 0
11-24 07:10:46.522  1052  1052 D InterruptionStateProvider: No bubble up: not allowed to bubble: 0|com.google.android.libraries.navigation.testapp|1001|null|10019
11-24 07:10:46.523  1052  1052 D InterruptionStateProvider: No heads up: unimportant notification: 0|com.google.android.libraries.navigation.testapp|1001|null|10019
11-24 07:10:46.539  415  415 W DPUModule: Warning: Dispc cannot support 7 layer blending(0)
11-24 07:10:46.563  1052  1154 D PeopleSpaceWidgetMgr: Sbn doesn't contain valid PeopleTileKey: null/0/com.google.android.libraries.navigation.testapp
11-24 07:10:46.581  1052  1052 D InterruptionStateProvider: No bubble up: not allowed to bubble: 0|com.google.android.libraries.navigation.testapp|1001|null|10019
11-24 07:10:46.582  1052  1052 D InterruptionStateProvider: No heads up: unimportant notification: 0|com.google.android.libraries.navigation.testapp|1001|null|10019
11-24 07:10:46.611  1052  1154 D PeopleSpaceWidgetMgr: Sbn doesn't contain valid PeopleTileKey: null/0/com.google.android.libraries.navigation.testapp
11-24 07:10:46.624  415  415 W DPUModule: Warning: Dispc cannot support 7 layer blending(0)
11-24 07:10:46.636  1052  1052 D NotifContentInflater: apply, finishIfDone
11-24 07:10:46.643  1052  1052 D NotifContentInflater: applyRemoteView, finishIfDone
11-24 07:10:46.650  415  415 W DPUModule: Warning: Dispc cannot support 7 layer blending(0)
11-24 07:10:46.682  1052  1052 D NotifContentInflater: applyRemoteView, finishIfDone
11-24 07:10:46.705  364  364 I tombstoned: received crash request for pid 3284
11-24 07:10:46.705  364  364 I tombstoned: found intercept fd 512 for pid 3284 and type kDebuggerdJavaBacktrace
11-24 07:10:46.707  5564  5625 I dumpstate: libdebuggerd_client: done dumping process 3284
11-24 07:10:46.710  5564  5625 I dumpstate: libdebuggerd_client: started dumping process 3489
11-24 07:10:46.710  616  1172 D NAVCORE: NAVCT_writeDataToBuff 0, 4,13,1968,20480, 

11-24 07:10:46.710  616  1172 D NAVCORE: NAVCT_writeDataToBuff 0, 4,14,1968,18508, 

11-24 07:10:46.710  616  1172 D NAVCORE: NAVCT_writeDataToBuff 0, 4,5,216,16536, 

11-24 07:10:46.711  616  1172 D NAVCORE: NAVCT_writeDataToBuff 0, 4,6,1860,16316, 

11-24 07:10:46.711  616  1172 D NAVCORE: NAVCT_writeDataToBuff 0, 4,7,1860,14452, 

11-24 07:10:46.711  616  1176 D NAVCORE: navCoreThread type 4,subtype 13, len 1968, ret 0, buff0len 5920, state 3

11-24 07:10:46.711  616  1176 D NAVCORE: navCoreThread type 4,subtype 14, len 1968, ret 0, buff0len 3948, state 3

11-24 07:10:46.711  616  1176 D NAVCORE: navCoreThread type 4,subtype 5, len 216, ret 0, buff0len 3728, state 3

11-24 07:10:46.711  616  1172 D NAVCORE: NAVCT_writeDataToBuff 0, 4,8,1860,18616, 

11-24 07:10:46.711  616  1176 D NAVCORE: navCoreThread type 4,subtype 6, len 1860, ret 0, buff0len 1864, state 3

11-24 07:10:46.711  364  364 I tombstoned: registered intercept for pid 3489 and type kDebuggerdJavaBacktrace
11-24 07:10:46.711  616  1176 D NAVCORE: navCoreThread type 4,subtype 7, len 1860, ret 0, buff0len 1864, state 3

11-24 07:10:46.711  616  1176 D NAVCORE: navCoreThread type 4,subtype 8, len 1860, ret 0, buff0len 0, state 3

11-24 07:10:46.711  616  1172 D NAVCORE: NAVCT_writeDataToBuff 0, 4,9,1860,20480, 

11-24 07:10:46.711  616  1176 D NAVCORE: navCoreThread type 4,subtype 9, len 1860, ret 0, buff0len 0, state 3

11-24 07:10:46.711  616  1172 D NAVCORE: NAVCT_writeDataToBuff 0, 4,10,1860,20480, 
�L�

11-24 07:10:46.712  616  1176 D NAVCORE: navCoreThread type 4,subtype 10, len 1860, ret 0, buff0len 0, state 3

11-24 07:10:46.712  616  1172 D NAVCORE: NAVCT_writeDataToBuff 0, 4,11,1860,20480, 

11-24 07:10:46.712  616  1176 D NAVCORE: navCoreThread type 4,subtype 11, len 1860, ret 0, buff0len 0, state 3

11-24 07:10:46.712  616  1172 D NAVCORE: NAVCT_writeDataToBuff 0, 4,20,1068,18616, 

11-24 07:10:46.712  616  1176 D NAVCORE: navCoreThread type 4,subtype 20, len 1068, ret 0, buff0len 0, state 3

11-24 07:10:46.712  3284  3289 I putmethod.lati: Wrote stack traces to tombstoned
11-24 07:10:46.712  364  364 W tombstoned: missing output fd
11-24 07:10:46.714  616  1176 D GNSSMGT: set_measurement_svstatus_data: set_measure_data listnum:6, gpstow:0
11-24 07:10:46.714  616  1176 D GNSSMGT: transform_gnss_svstatus: sv_constellation_index = 0, sv_constellation_total = 3, num_svs = 6
11-24 07:10:46.714  616  1176 D GNSSMGT: set_measurement_svstatus_data: set_measure_data listnum:1, gpstow:0
11-24 07:10:46.714  616  1176 D GNSSMGT: transform_gnss_svstatus: sv_constellation_index = 1, sv_constellation_total = 3, num_svs = 7
11-24 07:10:46.714  616  1208 D GNSSMGT: agps_msg_thread: read cmd is 7
11-24 07:10:46.714  616  1176 D GNSSMGT: set_measurement_svstatus_data: set_measure_data listnum:1, gpstow:0
11-24 07:10:46.714  616  1208 D GNSSMGT: agps_msg_thread: read cmd is 7
11-24 07:10:46.714  616  1176 D GNSSMGT: transform_gnss_svstatus: sv_constellation_index = 2, sv_constellation_total = 3, num_svs = 8
11-24 07:10:46.714  616  1176 E GNSSMGT: dataproc_bufin: input len[2568] is bigger than buf size 2048, logtype[1]
11-24 07:10:46.714  616  1208 D GNSSMGT: agps_msg_thread: read cmd is 7
11-24 07:10:46.714  616  1164 D GnssHAL_V_Gnss: gnssSvStatusCb, enter
11-24 07:10:46.715  616  1176 D NAVCORE: send FWdata To BB 0x5,0x5,648

11-24 07:10:46.715  616  1176 D NAVCORE: send FWdata To BB 0x5,0x6,1552

11-24 07:10:46.715  616  1176 D NAVCORE: send FWdata To BB 0x5,0x7,864

11-24 07:10:46.715  616  1176 D NAVCORE: send FWdata To BB 0x5,0x8,880

11-24 07:10:46.717  3489  3494 I .app.activatio: Thread[6,tid=3494,WaitingInMainSignalCatcherLoop,Thread*=0xb2383400,peer=0x12d000b0,"Signal Catcher"]: reacting to signal 3
11-24 07:10:46.717  3489  3494 I .app.activatio: 
11-24 07:10:46.719  616  1176 D GNSSMGT: navc_handleGstSubtype: GstParameter.ErrHorPos[15.000000]
11-24 07:10:46.719  616  1182 D NAVCORE: Process WriteLogThread++ 11642

11-24 07:10:46.720  616  1182 D GNSSMGT: gps_getNavcNmeadata: enter, subType:0x1
11-24 07:10:46.720  616  1182 D GNSSMGT: gps_getNavcNmeadata: enter, subType:0x1
11-24 07:10:46.720  616  1182 D GNSSMGT: parse_rmc_token: in RMC, fixStatus=V
11-24 07:10:46.720  616  1182 D GNSSMGT: gps_getNavcNmeadata: enter, subType:0x1
11-24 07:10:46.720  616  1182 D GNSSMGT: gps_getNavcNmeadata: enter, subType:0x1
11-24 07:10:46.721  616  1182 D GNSSMGT: gps_getNavcNmeadata: enter, subType:0x1
11-24 07:10:46.721  616  1182 D GNSSMGT: gps_getNavcNmeadata: enter, subType:0x1
11-24 07:10:46.721  616  1182 D GNSSMGT: gps_getNavcNmeadata: enter, subType:0x1
11-24 07:10:46.721  616  1182 D GNSSMGT: gps_getNavcNmeadata: enter, subType:0x1
11-24 07:10:46.721  616  1182 D GNSSMGT: gps_getNavcNmeadata: enter, subType:0x1
11-24 07:10:46.721  616  1182 D NAVCORE: NAVCT_buffNextMeasOkEmpty bufNum 1, dataLen 0, wA 37266, rA 37266

11-24 07:10:46.721  616  1182 D NAVCORE: Process WriteLogThread-- 0

11-24 07:10:46.732  26595  26727 I native: I0000 00:00:1700809846.732220   26727 map-location-tracker.cc:385] Queueing observation in MapLocationTracker: GpsSignalQualityObservation[when_ms=158237653, prev_sats=?, prev_snr=?, curr_sats=2, curr_snr=0.000000]

11-24 07:10:46.811  2074  2074 E STFService: run1: 3.2.8
11-24 07:10:46.814  415  415 W DPUModule: Warning: Dispc cannot support 7 layer blending(0)
11-24 07:10:46.818  2074  2074 I STFService: sendNetworkClass:  CellSignalLte:{alphaLong=, rssi=2147483647, mnc=7, level=4, bandwidth=2147483647, ci=10810913, asulevel=66, parametersUseForLevel=-74, rsrp=-74, rssnr=2147483647, bands=[39], mcc=404, ta=2147483647, mAdditionalPlmns={}, sinr=2147483647, csgInfo=unknown, rsrq=-12, pci=258, tac=24314, alphaShort=, cqi=2147483647, earfcn=515}
11-24 07:10:46.828  2074  2074 I STFService: sendNetworkClass:  EPDGInfo:{dns_server_4=2001:4860:4860::6464, ip_address_1=10.51.4.44, dns_server_3=2402:3a80:c079:25::6, ip_address_2=2402:3a80:4391:a1be:0:29:7843:6601, dns_server_2=8.8.4.4, dns_server_1=42.105.241.76, max_downstream_bandwidth=30000, is_secure=true, tunneling_protocol=seth_lte0, max_upstream_bandwidth=15000}
11-24 07:10:46.831  415  415 W DPUModule: Warning: Dispc cannot support 7 layer blending(0)
11-24 07:10:46.911  364  364 I tombstoned: received crash request for pid 3489
11-24 07:10:46.911  364  364 I tombstoned: found intercept fd 512 for pid 3489 and type kDebuggerdJavaBacktrace
11-24 07:10:46.912  3489  3494 I .app.activatio: Wrote stack traces to tombstoned
11-24 07:10:46.912  364  364 W tombstoned: missing output fd
11-24 07:10:46.912  5564  5625 I dumpstate: libdebuggerd_client: done dumping process 3489
11-24 07:10:46.916  5564  5625 I dumpstate: libdebuggerd_client: started dumping process 4425
11-24 07:10:46.916  364  364 I tombstoned: registered intercept for pid 4425 and type kDebuggerdJavaBacktrace
11-24 07:10:46.980  415  415 W DPUModule: Warning: Dispc cannot support 7 layer blending(0)
11-24 07:10:47.002  2074  2128 I STFService: CoreFrequency index: 0 current: 1400000 max: 1400000
11-24 07:10:47.006  2074  2128 I STFService: CoreFrequency index: 1 current: 1400000 max: 1400000
11-24 07:10:47.009  2074  2128 I STFService: CoreFrequency index: 2 current: 1400000 max: 1400000
11-24 07:10:47.011  2074  2128 I STFService: CoreFrequency index: 3 current: 1400000 max: 1400000
11-24 07:10:47.113  415  415 W DPUModule: Warning: Dispc cannot support 7 layer blending(0)
11-24 07:10:47.250  415  415 W DPUModule: Warning: Dispc cannot support 7 layer blending(0)
11-24 07:10:47.386  415  415 W DPUModule: Warning: Dispc cannot support 7 layer blending(0)
11-24 07:10:47.460  26595  26727 I native: I0000 00:00:1700809847.459762   26727 map-location-tracker.cc:425] MapLocationTracker called with 50 existing on-segment hypotheses, 0 existing off-segment hypotheses, 1 queued observations at time 158238381.

11-24 07:10:47.572  415  415 W DPUModule: Warning: Dispc cannot support 7 layer blending(0)
11-24 07:10:47.614  26595  26727 I native: I0000 00:00:1700809847.613854   26727 map-location-tracker.cc:857] time_ms: 158238381 MapTrackingResult[lat/lng=17.4530373,78.3810041 speed=0.06 bearing=96.44 alti=nanm, on_road=1 in_startup_confusion=0 posn_acc=58.72 spd_acc=4.84 bear_acc=30.59 alti_acc=inf segment=Ayyappa Society Rd:[17.4530578,78.3808298 30.0m 97°, r895.4m, kNotTunnel]x7m->1/1#0[] meters_on_segment=18.63 across: nan {level=unknown} [nmm loc] ]

11-24 07:10:47.710  616  1172 D NAVCORE: NAVCT_writeDataToBuff 0, 4,13,1968,20480, 

11-24 07:10:47.710  616  1176 D NAVCORE: navCoreThread type 4,subtype 13, len 1968, ret 0, buff0len 0, state 3

11-24 07:10:47.710  616  1172 D NAVCORE: NAVCT_writeDataToBuff 0, 4,14,1968,18508, 

11-24 07:10:47.710  616  1172 D NAVCORE: NAVCT_writeDataToBuff 0, 4,5,216,18508, 

11-24 07:10:47.710  616  1176 D NAVCORE: navCoreThread type 4,subtype 14, len 1968, ret 0, buff0len 0, state 3

11-24 07:10:47.711  616  1176 D NAVCORE: navCoreThread type 4,subtype 5, len 216, ret 0, buff0len 0, state 3

11-24 07:10:47.711  616  1172 D NAVCORE: NAVCT_writeDataToBuff 0, 4,6,1860,20480, 

11-24 07:10:47.711  616  1172 D NAVCORE: NAVCT_writeDataToBuff 0, 4,7,1860,18616, 

11-24 07:10:47.711  616  1176 D NAVCORE: navCoreThread type 4,subtype 6, len 1860, ret 0, buff0len 0, state 3

11-24 07:10:47.711  616  1176 D NAVCORE: navCoreThread type 4,subtype 7, len 1860, ret 0, buff0len 0, state 3

11-24 07:10:47.711  616  1172 D NAVCORE: NAVCT_writeDataToBuff 0, 4,8,1860,20480, 

11-24 07:10:47.711  616  1176 D NAVCORE: navCoreThread type 4,subtype 8, len 1860, ret 0, buff0len 0, state 3

11-24 07:10:47.711  616  1172 D NAVCORE: NAVCT_writeDataToBuff 0, 4,9,1860,20480, 

11-24 07:10:47.711  616  1176 D NAVCORE: navCoreThread type 4,subtype 9, len 1860, ret 0, buff0len 0, state 3

11-24 07:10:47.712  616  1172 D NAVCORE: NAVCT_writeDataToBuff 0, 4,10,1860,20480, 
�L�

11-24 07:10:47.712  616  1172 D NAVCORE: NAVCT_writeDataToBuff 0, 4,11,1860,18616, 

11-24 07:10:47.712  616  1176 D NAVCORE: navCoreThread type 4,subtype 10, len 1860, ret 0, buff0len 0, state 3

11-24 07:10:47.712  616  1176 D NAVCORE: navCoreThread type 4,subtype 11, len 1860, ret 0, buff0len 0, state 3

11-24 07:10:47.712  616  1182 D NAVCORE: Process WriteLogThread++ 769

11-24 07:10:47.712  616  1182 D NAVCORE: NAVCT_buffNextMeasOkEmpty bufNum 1, dataLen 0, wA 38035, rA 38035

11-24 07:10:47.712  616  1182 D NAVCORE: Process WriteLogThread-- 49

11-24 07:10:47.712  616  1172 D NAVCORE: NAVCT_writeDataToBuff 0, 4,20,1068,20480, 

11-24 07:10:47.713  616  1176 D NAVCORE: navCoreThread type 4,subtype 20, len 1068, ret 0, buff0len 0, state 3

11-24 07:10:47.713  616  1176 D GNSSMGT: gps_getData: gnss navigation subtype is received
11-24 07:10:47.713  616  1208 D GNSSMGT: agps_msg_thread: read cmd is 19
11-24 07:10:47.715  616  1176 D GNSSMGT: set_measurement_svstatus_data: set_measure_data listnum:6, gpstow:0
11-24 07:10:47.715  616  1176 D GNSSMGT: transform_gnss_svstatus: sv_constellation_index = 0, sv_constellation_total = 3, num_svs = 6
11-24 07:10:47.715  616  1176 D GNSSMGT: set_measurement_svstatus_data: set_measure_data listnum:1, gpstow:0
11-24 07:10:47.715  616  1176 D GNSSMGT: transform_gnss_svstatus: sv_constellation_index = 1, sv_constellation_total = 3, num_svs = 7
11-24 07:10:47.715  616  1176 D GNSSMGT: set_measurement_svstatus_data: set_measure_data listnum:1, gpstow:0
11-24 07:10:47.716  616  1176 D GNSSMGT: transform_gnss_svstatus: sv_constellation_index = 2, sv_constellation_total = 3, num_svs = 8
11-24 07:10:47.716  616  1176 E GNSSMGT: dataproc_bufin: input len[2568] is bigger than buf size 2048, logtype[1]
11-24 07:10:47.716  616  1208 D GNSSMGT: agps_msg_thread: read cmd is 7
11-24 07:10:47.716  616  1208 D GNSSMGT: agps_msg_thread: read cmd is 7
11-24 07:10:47.716  616  1208 D GNSSMGT: agps_msg_thread: read cmd is 7
11-24 07:10:47.717  616  1176 D NAVCORE: send FWdata To BB 0x5,0x5,648

11-24 07:10:47.717  616  1176 D NAVCORE: send FWdata To BB 0x5,0x6,1552

11-24 07:10:47.717  616  1176 D NAVCORE: send FWdata To BB 0x5,0x7,864

11-24 07:10:47.717  616  1176 D NAVCORE: send FWdata To BB 0x5,0x8,880

11-24 07:10:47.718  616  1164 D GnssHAL_V_Gnss: gnssSvStatusCb, enter
11-24 07:10:47.719  616  1176 D GNSSMGT: navc_handleGstSubtype: GstParameter.ErrHorPos[15.000000]
11-24 07:10:47.719  616  1182 D NAVCORE: Process WriteLogThread++ 10879

11-24 07:10:47.720  616  1182 D GNSSMGT: gps_getNavcNmeadata: enter, subType:0x1
11-24 07:10:47.720  616  1182 D GNSSMGT: gps_getNavcNmeadata: enter, subType:0x1
11-24 07:10:47.720  616  1182 D GNSSMGT: parse_rmc_token: in RMC, fixStatus=V
11-24 07:10:47.720  616  1182 D GNSSMGT: gps_getNavcNmeadata: enter, subType:0x1
11-24 07:10:47.720  616  1182 D GNSSMGT: gps_getNavcNmeadata: enter, subType:0x1
11-24 07:10:47.720  616  1182 D GNSSMGT: gps_getNavcNmeadata: enter, subType:0x1
11-24 07:10:47.720  616  1182 D GNSSMGT: gps_getNavcNmeadata: enter, subType:0x1
11-24 07:10:47.720  616  1182 D GNSSMGT: gps_getNavcNmeadata: enter, subType:0x1
11-24 07:10:47.720  616  1182 D GNSSMGT: gps_getNavcNmeadata: enter, subType:0x1
11-24 07:10:47.720  616  1182 D GNSSMGT: gps_getNavcNmeadata: enter, subType:0x1
11-24 07:10:47.720  616  1182 D NAVCORE: NAVCT_buffNextMeasOkEmpty bufNum 1, dataLen 0, wA 48914, rA 48914

11-24 07:10:47.720  616  1182 D NAVCORE: Process WriteLogThread-- 0

11-24 07:10:47.757  415  415 W DPUModule: Warning: Dispc cannot support 7 layer blending(0)
11-24 07:10:47.761  26595  27174 I native: I0000 00:00:1700809847.759388   27174 guider.cc:164] [NAV][OnLocationChanged] : (123) (routes: *123=0.999727, 130=0.386172, 131=0.386172) 1131.4m (next: 61.6561m confidence = 0.14229) speed: 0.0621291m/s

11-24 07:10:47.761  26595  26727 I native: I0000 00:00:1700809847.761550   26727 map-location-tracker.cc:385] Queueing observation in MapLocationTracker: GpsSignalQualityObservation[when_ms=158238682, prev_sats=?, prev_snr=?, curr_sats=4, curr_snr=0.000000]

11-24 07:10:47.829  2074  2074 E STFService: run1: 3.2.8
11-24 07:10:47.834  2074  2074 I STFService: sendNetworkClass:  CellSignalLte:{alphaLong=, rssi=2147483647, mnc=7, level=4, bandwidth=2147483647, ci=10810913, asulevel=66, parametersUseForLevel=-74, rsrp=-74, rssnr=2147483647, bands=[39], mcc=404, ta=2147483647, mAdditionalPlmns={}, sinr=2147483647, csgInfo=unknown, rsrq=-12, pci=258, tac=24314, alphaShort=, cqi=2147483647, earfcn=515}
11-24 07:10:47.839  2074  2074 I STFService: sendNetworkClass:  EPDGInfo:{dns_server_4=2001:4860:4860::6464, ip_address_1=10.51.4.44, dns_server_3=2402:3a80:c079:25::6, ip_address_2=2402:3a80:4391:a1be:0:29:7843:6601, dns_server_2=8.8.4.4, dns_server_1=42.105.241.76, max_downstream_bandwidth=30000, is_secure=true, tunneling_protocol=seth_lte0, max_upstream_bandwidth=15000}
11-24 07:10:47.952  831  860 D ApplicationPackageManager: hasSystemFeature:name=android.software.leanback version=0 getOpPackageName=android hasSystemFeature=false
11-24 07:10:47.955  831  6403 D ApplicationPackageManager: hasSystemFeature:name=android.software.leanback version=0 getOpPackageName=android hasSystemFeature=false
11-24 07:10:48.166  1052  1052 D InterruptionStateProvider: No bubble up: not allowed to bubble: 0|com.google.android.libraries.navigation.testapp|1001|null|10019
11-24 07:10:48.168  1052  1052 D InterruptionStateProvider: No heads up: unimportant notification: 0|com.google.android.libraries.navigation.testapp|1001|null|10019
11-24 07:10:48.200  1052  1052 D InterruptionStateProvider: No bubble up: not allowed to bubble: 0|com.google.android.libraries.navigation.testapp|1001|null|10019
11-24 07:10:48.201  1052  1052 D InterruptionStateProvider: No heads up: unimportant notification: 0|com.google.android.libraries.navigation.testapp|1001|null|10019
11-24 07:10:48.207  1052  1154 D PeopleSpaceWidgetMgr: Sbn doesn't contain valid PeopleTileKey: null/0/com.google.android.libraries.navigation.testapp
11-24 07:10:48.210  1052  1154 D PeopleSpaceWidgetMgr: Sbn doesn't contain valid PeopleTileKey: null/0/com.google.android.libraries.navigation.testapp
11-24 07:10:48.234  1052  1052 D NotifContentInflater: apply, finishIfDone
11-24 07:10:48.237  415  415 W DPUModule: Warning: Dispc cannot support 7 layer blending(0)
11-24 07:10:48.245  1052  1052 D NotifContentInflater: applyRemoteView, finishIfDone
11-24 07:10:48.281  415  415 W DPUModule: Warning: Dispc cannot support 7 layer blending(0)
11-24 07:10:48.310  415  415 W DPUModule: Warning: Dispc cannot support 7 layer blending(0)
11-24 07:10:48.338  1052  1052 D NotifContentInflater: applyRemoteView, finishIfDone
11-24 07:10:48.490  415  415 W DPUModule: Warning: Dispc cannot support 7 layer blending(0)
11-24 07:10:48.519  415  415 W DPUModule: Warning: Dispc cannot support 7 layer blending(0)
11-24 07:10:48.651  415  415 W DPUModule: Warning: Dispc cannot support 7 layer blending(0)
11-24 07:10:48.710  616  1172 D NAVCORE: NAVCT_writeDataToBuff 0, 4,13,1968,20480, 

11-24 07:10:48.710  616  1176 D NAVCORE: navCoreThread type 4,subtype 13, len 1968, ret 0, buff0len 0, state 3

11-24 07:10:48.710  616  1172 D NAVCORE: NAVCT_writeDataToBuff 0, 4,14,1968,20480, 

11-24 07:10:48.710  616  1176 D NAVCORE: navCoreThread type 4,subtype 14, len 1968, ret 0, buff0len 0, state 3

11-24 07:10:48.711  616  1172 D NAVCORE: NAVCT_writeDataToBuff 0, 4,5,216,20480, 

11-24 07:10:48.711  616  1176 D NAVCORE: navCoreThread type 4,subtype 5, len 216, ret 0, buff0len 0, state 3

11-24 07:10:48.711  616  1172 D NAVCORE: NAVCT_writeDataToBuff 0, 4,6,1860,20480, 

11-24 07:10:48.711  616  1176 D NAVCORE: navCoreThread type 4,subtype 6, len 1860, ret 0, buff0len 0, state 3

11-24 07:10:48.711  616  1172 D NAVCORE: NAVCT_writeDataToBuff 0, 4,7,1860,20480, 

11-24 07:10:48.711  616  1172 D NAVCORE: NAVCT_writeDataToBuff 0, 4,8,1860,18616, 

11-24 07:10:48.711  616  1176 D NAVCORE: navCoreThread type 4,subtype 7, len 1860, ret 0, buff0len 0, state 3

11-24 07:10:48.711  616  1176 D NAVCORE: navCoreThread type 4,subtype 8, len 1860, ret 0, buff0len 0, state 3

11-24 07:10:48.711  616  1172 D NAVCORE: NAVCT_writeDataToBuff 0, 4,9,1860,20480, 

11-24 07:10:48.711  616  1176 D NAVCORE: navCoreThread type 4,subtype 9, len 1860, ret 0, buff0len 0, state 3

11-24 07:10:48.712  616  1172 D NAVCORE: NAVCT_writeDataToBuff 0, 4,10,1860,20480, 
�L�

11-24 07:10:48.712  616  1172 D NAVCORE: NAVCT_writeDataToBuff 0, 4,11,1860,18616, 

11-24 07:10:48.712  616  1176 D NAVCORE: navCoreThread type 4,subtype 10, len 1860, ret 0, buff0len 0, state 3

11-24 07:10:48.712  616  1176 D NAVCORE: navCoreThread type 4,subtype 11, len 1860, ret 0, buff0len 0, state 3

11-24 07:10:48.712  616  1172 D NAVCORE: NAVCT_writeDataToBuff 0, 4,20,1068,20480, 

11-24 07:10:48.712  616  1176 D NAVCORE: navCoreThread type 4,subtype 20, len 1068, ret 0, buff0len 0, state 3

11-24 07:10:48.712  616  1176 D GNSSMGT: gps_getData: gnss navigation subtype is received
11-24 07:10:48.713  616  1208 D GNSSMGT: agps_msg_thread: read cmd is 19
11-24 07:10:48.715  616  1176 D GNSSMGT: set_measurement_svstatus_data: set_measure_data listnum:6, gpstow:0
11-24 07:10:48.715  616  1176 D GNSSMGT: transform_gnss_svstatus: sv_constellation_index = 0, sv_constellation_total = 3, num_svs = 6
11-24 07:10:48.715  616  1176 D GNSSMGT: set_measurement_svstatus_data: set_measure_data listnum:1, gpstow:0
11-24 07:10:48.715  616  1176 D GNSSMGT: transform_gnss_svstatus: sv_constellation_index = 1, sv_constellation_total = 3, num_svs = 7
11-24 07:10:48.715  616  1176 D GNSSMGT: set_measurement_svstatus_data: set_measure_data listnum:1, gpstow:0
11-24 07:10:48.715  616  1176 D GNSSMGT: transform_gnss_svstatus: sv_constellation_index = 2, sv_constellation_total = 3, num_svs = 8
11-24 07:10:48.715  616  1176 E GNSSMGT: dataproc_bufin: input len[2568] is bigger than buf size 2048, logtype[1]
11-24 07:10:48.715  616  1208 D GNSSMGT: agps_msg_thread: read cmd is 7
11-24 07:10:48.715  616  1208 D GNSSMGT: agps_msg_thread: read cmd is 7
11-24 07:10:48.715  616  1208 D GNSSMGT: agps_msg_thread: read cmd is 7
11-24 07:10:48.715  616  1164 D GnssHAL_V_Gnss: gnssSvStatusCb, enter
11-24 07:10:48.720  616  1176 D NAVCORE: send FWdata To BB 0x5,0x5,648

11-24 07:10:48.720  616  1176 D NAVCORE: send FWdata To BB 0x5,0x6,1552

11-24 07:10:48.720  616  1176 D NAVCORE: send FWdata To BB 0x5,0x7,864

11-24 07:10:48.720  616  1176 D NAVCORE: send FWdata To BB 0x5,0x8,880

11-24 07:10:48.722  616  1176 D GNSSMGT: navc_handleGstSubtype: GstParameter.ErrHorPos[15.000000]
11-24 07:10:48.723  616  1182 D NAVCORE: Process WriteLogThread++ 11390

11-24 07:10:48.725  616  1182 D GNSSMGT: gps_getNavcNmeadata: enter, subType:0x1
11-24 07:10:48.725  616  1182 D GNSSMGT: gps_getNavcNmeadata: enter, subType:0x1
11-24 07:10:48.725  616  1182 D GNSSMGT: parse_rmc_token: in RMC, fixStatus=V
11-24 07:10:48.725  616  1182 D GNSSMGT: gps_getNavcNmeadata: enter, subType:0x1
11-24 07:10:48.725  616  1182 D GNSSMGT: gps_getNavcNmeadata: enter, subType:0x1
11-24 07:10:48.725  616  1182 D GNSSMGT: gps_getNavcNmeadata: enter, subType:0x1
11-24 07:10:48.725  616  1182 D GNSSMGT: gps_getNavcNmeadata: enter, subType:0x1
11-24 07:10:48.725  616  1182 D GNSSMGT: gps_getNavcNmeadata: enter, subType:0x1
11-24 07:10:48.725  616  1182 D GNSSMGT: gps_getNavcNmeadata: enter, subType:0x1
11-24 07:10:48.725  616  1182 D GNSSMGT: gps_getNavcNmeadata: enter, subType:0x1
11-24 07:10:48.725  616  1182 D NAVCORE: NAVCT_buffNextMeasOkEmpty bufNum 1, dataLen 0, wA 9184, rA 9184

11-24 07:10:48.725  616  1182 D NAVCORE: Process WriteLogThread-- 0

11-24 07:10:48.726  26595  26727 I native: I0000 00:00:1700809848.726291   26727 map-location-tracker.cc:385] Queueing observation in MapLocationTracker: GpsSignalQualityObservation[when_ms=158239647, prev_sats=?, prev_snr=?, curr_sats=4, curr_snr=0.000000]

11-24 07:10:48.819  415  415 W DPUModule: Warning: Dispc cannot support 7 layer blending(0)
11-24 07:10:48.843  2074  2074 E STFService: run1: 3.2.8
11-24 07:10:48.847  2074  2074 I STFService: sendNetworkClass:  CellSignalLte:{alphaLong=, rssi=2147483647, mnc=7, level=4, bandwidth=2147483647, ci=10810913, asulevel=66, parametersUseForLevel=-74, rsrp=-74, rssnr=2147483647, bands=[39], mcc=404, ta=2147483647, mAdditionalPlmns={}, sinr=2147483647, csgInfo=unknown, rsrq=-12, pci=258, tac=24314, alphaShort=, cqi=2147483647, earfcn=515}
11-24 07:10:48.851  2074  2074 I STFService: sendNetworkClass:  EPDGInfo:{dns_server_4=2001:4860:4860::6464, ip_address_1=10.51.4.44, dns_server_3=2402:3a80:c079:25::6, ip_address_2=2402:3a80:4391:a1be:0:29:7843:6601, dns_server_2=8.8.4.4, dns_server_1=42.105.241.76, max_downstream_bandwidth=30000, is_secure=true, tunneling_protocol=seth_lte0, max_upstream_bandwidth=15000}
11-24 07:10:48.972  415  415 W DPUModule: Warning: Dispc cannot support 7 layer blending(0)
11-24 07:10:49.060  26595  26727 I native: I0000 00:00:1700809849.060581   26727 map-location-tracker.cc:425] MapLocationTracker called with 50 existing on-segment hypotheses, 0 existing off-segment hypotheses, 2 queued observations at time 158239981.

11-24 07:10:49.140  415  415 W DPUModule: Warning: Dispc cannot support 7 layer blending(0)
11-24 07:10:49.284  26595  26727 I native: I0000 00:00:1700809849.283146   26727 map-location-tracker.cc:857] time_ms: 158239981 MapTrackingResult[lat/lng=17.4530373,78.3810028 speed=0.02 bearing=96.45 alti=nanm, on_road=1 in_startup_confusion=0 posn_acc=61.79 spd_acc=4.97 bear_acc=31.08 alti_acc=inf segment=Ayyappa Society Rd:[17.4530578,78.3808298 30.0m 97°, r895.4m, kNotTunnel]x7m->1/1#0[] meters_on_segment=18.50 across: nan {level=unknown} [nmm loc] ]

11-24 07:10:49.308  415  415 W DPUModule: Warning: Dispc cannot support 7 layer blending(0)
11-24 07:10:49.431  26595  27174 I native: I0000 00:00:1700809849.429833   27174 guider.cc:164] [NAV][OnLocationChanged] : (123) (routes: *123=0.999724, 130=0.387652, 131=0.387652) 1131.27m (next: 61.781m confidence = 0.147161) speed: 0.0235662m/s

11-24 07:10:49.600  831  860 D ApplicationPackageManager: hasSystemFeature:name=android.software.leanback version=0 getOpPackageName=android hasSystemFeature=false
11-24 07:10:49.604  831  6403 D ApplicationPackageManager: hasSystemFeature:name=android.software.leanback version=0 getOpPackageName=android hasSystemFeature=false
11-24 07:10:49.710  616  1172 D NAVCORE: NAVCT_writeDataToBuff 0, 4,13,1968,20480, 

11-24 07:10:49.710  616  1172 D NAVCORE: NAVCT_writeDataToBuff 0, 4,14,1968,18508, 

11-24 07:10:49.710  616  1172 D NAVCORE: NAVCT_writeDataToBuff 0, 4,5,216,18508, 

11-24 07:10:49.710  616  1176 D NAVCORE: navCoreThread type 4,subtype 13, len 1968, ret 0, buff0len 0, state 3

11-24 07:10:49.710  616  1176 D NAVCORE: navCoreThread type 4,subtype 14, len 1968, ret 0, buff0len 220, state 3

11-24 07:10:49.710  616  1176 D NAVCORE: navCoreThread type 4,subtype 5, len 216, ret 0, buff0len 0, state 3

11-24 07:10:49.710  616  1172 D NAVCORE: NAVCT_writeDataToBuff 0, 4,6,1860,20480, 

11-24 07:10:49.711  616  1176 D NAVCORE: navCoreThread type 4,subtype 6, len 1860, ret 0, buff0len 0, state 3

11-24 07:10:49.711  616  1172 D NAVCORE: NAVCT_writeDataToBuff 0, 4,7,1860,20480, 

11-24 07:10:49.711  616  1176 D NAVCORE: navCoreThread type 4,subtype 7, len 1860, ret 0, buff0len 0, state 3

11-24 07:10:49.711  616  1172 D NAVCORE: NAVCT_writeDataToBuff 0, 4,8,1860,20480, 

11-24 07:10:49.711  616  1176 D NAVCORE: navCoreThread type 4,subtype 8, len 1860, ret 0, buff0len 0, state 3

11-24 07:10:49.711  616  1172 D NAVCORE: NAVCT_writeDataToBuff 0, 4,9,1860,20480, 

11-24 07:10:49.711  616  1176 D NAVCORE: navCoreThread type 4,subtype 9, len 1860, ret 0, buff0len 0, state 3

11-24 07:10:49.711  616  1172 D NAVCORE: NAVCT_writeDataToBuff 0, 4,10,1860,20480, 
�L�

11-24 07:10:49.712  616  1176 D NAVCORE: navCoreThread type 4,subtype 10, len 1860, ret 0, buff0len 0, state 3

11-24 07:10:49.712  616  1172 D NAVCORE: NAVCT_writeDataToBuff 0, 4,11,1860,20480, 

11-24 07:10:49.712  616  1176 D NAVCORE: navCoreThread type 4,subtype 11, len 1860, ret 0, buff0len 0, state 3

11-24 07:10:49.712  616  1172 D NAVCORE: NAVCT_writeDataToBuff 0, 4,20,1068,20480, 

11-24 07:10:49.712  616  1176 D NAVCORE: navCoreThread type 4,subtype 20, len 1068, ret 0, buff0len 0, state 3

11-24 07:10:49.712  616  1182 D NAVCORE: Process WriteLogThread++ 999

11-24 07:10:49.712  616  1176 D GNSSMGT: gps_getData: gnss navigation subtype is received
11-24 07:10:49.712  616  1176 D GNSSMGT: gps_getData: gnss navigation subtype is received
11-24 07:10:49.713  616  1208 D GNSSMGT: agps_msg_thread: read cmd is 19
11-24 07:10:49.713  616  1208 D GNSSMGT: agps_msg_thread: read cmd is 19
11-24 07:10:49.713  616  1182 D NAVCORE: NAVCT_buffNextMeasOkEmpty bufNum 1, dataLen 0, wA 10352, rA 10352

11-24 07:10:49.713  616  1182 D NAVCORE: Process WriteLogThread-- 0

11-24 07:10:49.714  616  1176 D GNSSMGT: set_measurement_svstatus_data: set_measure_data listnum:6, gpstow:0
11-24 07:10:49.714  616  1176 D GNSSMGT: transform_gnss_svstatus: sv_constellation_index = 0, sv_constellation_total = 3, num_svs = 6
11-24 07:10:49.714  616  1176 D GNSSMGT: set_measurement_svstatus_data: set_measure_data listnum:1, gpstow:0
11-24 07:10:49.714  616  1176 D GNSSMGT: transform_gnss_svstatus: sv_constellation_index = 1, sv_constellation_total = 3, num_svs = 7
11-24 07:10:49.714  616  1176 D GNSSMGT: set_measurement_svstatus_data: set_measure_data listnum:1, gpstow:0
11-24 07:10:49.714  616  1176 D GNSSMGT: transform_gnss_svstatus: sv_constellation_index = 2, sv_constellation_total = 3, num_svs = 8
11-24 07:10:49.714  616  1176 E GNSSMGT: dataproc_bufin: input len[2568] is bigger than buf size 2048, logtype[1]
11-24 07:10:49.714  616  1164 D GnssHAL_V_Gnss: gnssSvStatusCb, enter
11-24 07:10:49.716  616  1176 D NAVCORE: send FWdata To BB 0x5,0x5,648

11-24 07:10:49.716  616  1176 D NAVCORE: send FWdata To BB 0x5,0x6,1552

11-24 07:10:49.716  616  1176 D NAVCORE: send FWdata To BB 0x5,0x7,864

11-24 07:10:49.716  616  1176 D NAVCORE: send FWdata To BB 0x5,0x8,880

11-24 07:10:49.716  616  1208 D GNSSMGT: agps_msg_thread: read cmd is 7
11-24 07:10:49.716  616  1208 D GNSSMGT: agps_msg_thread: read cmd is 7
11-24 07:10:49.716  616  1208 D GNSSMGT: agps_msg_thread: read cmd is 7
11-24 07:10:49.717  616  1176 D GNSSMGT: navc_handleGstSubtype: GstParameter.ErrHorPos[15.000000]
11-24 07:10:49.719  616  1182 D NAVCORE: Process WriteLogThread++ 10446

11-24 07:10:49.719  616  1182 D GNSSMGT: gps_getNavcNmeadata: enter, subType:0x1
11-24 07:10:49.719  616  1182 D GNSSMGT: gps_getNavcNmeadata: enter, subType:0x1
11-24 07:10:49.719  616  1182 D GNSSMGT: parse_rmc_token: in RMC, fixStatus=V
11-24 07:10:49.719  616  1182 D GNSSMGT: gps_getNavcNmeadata: enter, subType:0x1
11-24 07:10:49.719  616  1182 D GNSSMGT: gps_getNavcNmeadata: enter, subType:0x1
11-24 07:10:49.719  616  1182 D GNSSMGT: gps_getNavcNmeadata: enter, subType:0x1
11-24 07:10:49.719  616  1182 D GNSSMGT: gps_getNavcNmeadata: enter, subType:0x1
11-24 07:10:49.720  616  1182 D GNSSMGT: gps_getNavcNmeadata: enter, subType:0x1
11-24 07:10:49.720  616  1182 D GNSSMGT: gps_getNavcNmeadata: enter, subType:0x1
11-24 07:10:49.720  616  1182 D GNSSMGT: gps_getNavcNmeadata: enter, subType:0x1
11-24 07:10:49.720  616  1182 D NAVCORE: NAVCT_buffNextMeasOkEmpty bufNum 1, dataLen 0, wA 20798, rA 20798

11-24 07:10:49.720  616  1182 D NAVCORE: Process WriteLogThread-- 0

11-24 07:10:49.724  26595  26727 I native: I0000 00:00:1700809849.724588   26727 map-location-tracker.cc:385] Queueing observation in MapLocationTracker: GpsSignalQualityObservation[when_ms=158240645, prev_sats=?, prev_snr=?, curr_sats=5, curr_snr=0.000000]

11-24 07:10:49.810  1052  1052 D InterruptionStateProvider: No bubble up: not allowed to bubble: 0|com.google.android.libraries.navigation.testapp|1001|null|10019
11-24 07:10:49.811  1052  1052 D InterruptionStateProvider: No heads up: unimportant notification: 0|com.google.android.libraries.navigation.testapp|1001|null|10019
11-24 07:10:49.824  1052  1154 D PeopleSpaceWidgetMgr: Sbn doesn't contain valid PeopleTileKey: null/0/com.google.android.libraries.navigation.testapp
11-24 07:10:49.849  1052  1052 D InterruptionStateProvider: No bubble up: not allowed to bubble: 0|com.google.android.libraries.navigation.testapp|1001|null|10019
11-24 07:10:49.850  1052  1052 D InterruptionStateProvider: No heads up: unimportant notification: 0|com.google.android.libraries.navigation.testapp|1001|null|10019
11-24 07:10:49.862  1052  1154 D PeopleSpaceWidgetMgr: Sbn doesn't contain valid PeopleTileKey: null/0/com.google.android.libraries.navigation.testapp
11-24 07:10:49.864  2074  2074 E STFService: run1: 3.2.8
11-24 07:10:49.874  415  415 W DPUModule: Warning: Dispc cannot support 7 layer blending(0)
