12-01 06:39:29.755  1243  1422 W BroadcastQueue: Background execution not allowed: receiving Intent { act=android.intent.action.DROPBOX_ENTRY_ADDED flg=0x10 (has extras) } to com.google.android.gms/.stats.service.DropBoxEntryAddedReceiver
12-01 06:39:29.756  1243  1422 W BroadcastQueue: Background execution not allowed: receiving Intent { act=android.intent.action.DROPBOX_ENTRY_ADDED flg=0x10 (has extras) } to com.google.android.gms/.chimera.GmsIntentOperationService$PersistentTrustedReceiver
12-01 06:39:29.778  1243  3943 D CompatibilityInfo: mCompatibilityFlags - 0
12-01 06:39:29.778  1243  3943 D CompatibilityInfo: applicationDensity - 280
12-01 06:39:29.778  1243  3943 D CompatibilityInfo: applicationScale - 1.0
12-01 06:39:29.779  767  4243 I /vendor/bin/hw/vendor.qti.hardware.servicetracker@1.1-service: startService() is called for servicecom.google.android.gms/.stats.service.DropBoxEntryAddedService
12-01 06:39:29.810  767  4243 I /vendor/bin/hw/vendor.qti.hardware.servicetracker@1.1-service: destroyService is called for service : com.google.android.gms/.stats.service.DropBoxEntryAddedService
12-01 06:39:29.827  2585  6979 D PhoneInterfaceManager: [PhoneIntfMgr] getLine1NumberForDisplay returning null
12-01 06:39:29.836  1243  4915 W DevicePolicyManager: Package com.gyokovsolutions.gnettracklite (uid=10173, pid=19700) cannot access Device IDs
12-01 06:39:29.838  2585  6979 W TelephonyPermissions: reportAccessDeniedToReadIdentifiers:com.gyokovsolutions.gnettracklite:getSubscriberId:isPreinstalled=false:isPrivApp=false
12-01 06:39:30.029  737  737 I sensors-hal: flush:260, android.sensor.gravity/91
12-01 06:39:30.029  737  737 I sensors-hal: flush:268, android.sensor.gravity/91 completed
12-01 06:39:30.031  737  737 I sensors-hal: flush:260, android.sensor.linear_acceleration/101
12-01 06:39:30.031  737  737 I sensors-hal: flush:268, android.sensor.linear_acceleration/101 completed
12-01 06:39:30.033  737  737 I sensors-hal: flush:260, android.sensor.gyroscope_uncalibrated/161
12-01 06:39:30.033  737  737 I sensors-hal: flush:268, android.sensor.gyroscope_uncalibrated/161 completed
12-01 06:39:30.038  19681  23686 W igation.testap: Accessing hidden method Lsun/misc/Unsafe;->compareAndSwapObject(Ljava/lang/Object;JLjava/lang/Object;Ljava/lang/Object;)Z (greylist, linking, allowed)
12-01 06:39:30.042  19681  23694 W igation.testap: Accessing hidden method Lsun/misc/Unsafe;->getInt(Ljava/lang/Object;J)I (greylist, linking, allowed)
12-01 06:39:30.042  19681  23694 W igation.testap: Accessing hidden method Lsun/misc/Unsafe;->putLong(Ljava/lang/Object;JJ)V (greylist, linking, allowed)
12-01 06:39:30.043  19681  23694 W igation.testap: Accessing hidden method Lsun/misc/Unsafe;->putInt(Ljava/lang/Object;JI)V (greylist, linking, allowed)
12-01 06:39:30.043  19681  23694 W igation.testap: Accessing hidden method Lsun/misc/Unsafe;->putObject(Ljava/lang/Object;JLjava/lang/Object;)V (greylist, linking, allowed)
12-01 06:39:30.043  19681  23694 W igation.testap: Accessing hidden method Lsun/misc/Unsafe;->getObject(Ljava/lang/Object;J)Ljava/lang/Object; (greylist, linking, allowed)
12-01 06:39:30.232  4808  4808 E STFService: run1: 3.2.8
12-01 06:39:30.241  19681  23694 W igation.testap: Accessing hidden method Lsun/misc/Unsafe;->getInt(Ljava/lang/Object;J)I (greylist, linking, allowed)
12-01 06:39:30.241  19681  23694 W igation.testap: Accessing hidden method Lsun/misc/Unsafe;->getObject(Ljava/lang/Object;J)Ljava/lang/Object; (greylist, linking, allowed)
12-01 06:39:30.251  4808  4808 I STFService: sendNetworkClass:  CellSignalLte:{alphaLong=Vi India, rssi=-63, mnc=7, level=4, bandwidth=2147483647, ci=828734, asulevel=46, parametersUseForLevel=-94, rsrp=-94, rssnr=2147483647, bands=[], mcc=404, ta=21, mAdditionalPlmns=unknown, sinr=2147483647, csgInfo=unknown, rsrq=-13, pci=95, tac=24314, alphaShort=Vi India, cqi=2147483647, earfcn=41140}
12-01 06:39:30.254  4808  4808 I STFService: sendNetworkClass:  CellSignalLte:{alphaLong=, rssi=-71, mnc=2147483647, level=4, bandwidth=2147483647, ci=2147483647, asulevel=42, parametersUseForLevel=-98, rsrp=-98, rssnr=2147483647, bands=[], mcc=2147483647, ta=2147483647, mAdditionalPlmns=unknown, sinr=2147483647, csgInfo=unknown, rsrq=-16, pci=93, tac=2147483647, alphaShort=, cqi=2147483647, earfcn=41140}
12-01 06:39:30.255  4808  4808 I STFService: sendNetworkClass:  CellSignalLte:{alphaLong=, rssi=-69, mnc=2147483647, level=4, bandwidth=2147483647, ci=2147483647, asulevel=39, parametersUseForLevel=-101, rsrp=-101, rssnr=2147483647, bands=[], mcc=2147483647, ta=2147483647, mAdditionalPlmns=unknown, sinr=2147483647, csgInfo=unknown, rsrq=-19, pci=4, tac=2147483647, alphaShort=, cqi=2147483647, earfcn=41140}
12-01 06:39:30.257  4808  4808 I STFService: sendNetworkClass:  EPDGInfo:{dns_server_4=2001:4860:4860::6464, ip_address_1=10.41.105.46, dns_server_3=2402:3a80:1fff:40::4, ip_address_2=2402:8100:25d9:65c0:ed4e:44d8:6ea2:1a75, dns_server_2=8.8.8.8, dns_server_1=10.95.11.110, max_downstream_bandwidth=30000, is_secure=true, tunneling_protocol=rmnet_data1, max_upstream_bandwidth=15000}
12-01 06:39:30.286  2790  4588 I FusedLocation: location delivery to 10131/com.google.android.gms[.location_base]/635a969b blocked - too fast [CONTEXT service_id=6 ]

12-01 06:39:30.286  2790  4588 I FusedLocation: location delivery to 10194/jp.co.cyberagent.stf/c9da0782 blocked - too fast [CONTEXT service_id=6 ]

12-01 06:39:30.286  2790  4588 I FusedLocation: location delivery to 10131/com.google.android.gms[.location_base]/4237f68b blocked - too close [CONTEXT service_id=6 ]

12-01 06:39:30.286  2790  4588 I FusedLocation: location delivery to 10131/com.google.android.gms[.personalsafety]/ed20e3af blocked - too fast [CONTEXT service_id=6 ]

12-01 06:39:30.287  2790  4588 I FusedLocation: location delivery to 10171/com.zihua.android.mytracks/69f52c0a blocked - too fast [CONTEXT service_id=6 ]

12-01 06:39:30.287  2790  4588 I FusedLocation: location delivery to 10131/com.google.android.gms[.personalsafety]/462676cb blocked - too fast [CONTEXT service_id=6 ]

12-01 06:39:30.294  19681  23694 W igation.testap: Accessing hidden method Lsun/misc/Unsafe;->getInt(Ljava/lang/Object;J)I (greylist, linking, allowed)
12-01 06:39:30.294  19681  23694 W igation.testap: Accessing hidden method Lsun/misc/Unsafe;->getObject(Ljava/lang/Object;J)Ljava/lang/Object; (greylist, linking, allowed)
12-01 06:39:30.294  19681  23694 W igation.testap: Accessing hidden method Lsun/misc/Unsafe;->compareAndSwapObject(Ljava/lang/Object;JLjava/lang/Object;Ljava/lang/Object;)Z (greylist, linking, allowed)
12-01 06:39:30.295  19681  23694 W igation.testap: Accessing hidden method Lsun/misc/Unsafe;->getObject(Ljava/lang/Object;J)Ljava/lang/Object; (greylist, linking, allowed)
12-01 06:39:30.295  19681  23694 I chatty: uid=10168(com.google.android.libraries.navigation.testapp) Location identical 1 line
12-01 06:39:30.296  19681  23694 W igation.testap: Accessing hidden method Lsun/misc/Unsafe;->getObject(Ljava/lang/Object;J)Ljava/lang/Object; (greylist, linking, allowed)
12-01 06:39:30.296  19681  23694 W igation.testap: Accessing hidden method Lsun/misc/Unsafe;->getLong(Ljava/lang/Object;J)J (greylist,core-platform-api, linking, allowed)
12-01 06:39:30.297  19681  23694 W igation.testap: Accessing hidden method Lsun/misc/Unsafe;->getInt(Ljava/lang/Object;J)I (greylist, linking, allowed)
12-01 06:39:30.298  19681  23694 I native: I0000 00:00:1701412770.297919   23694 map-location-tracker.cc:414] MapLocationTracker called with 20 existing on-segment hypotheses, 0 existing off-segment hypotheses, 3 queued observations at time 61325821.

12-01 06:39:30.327  19681  23694 I native: I0000 00:00:1701412770.326913   23694 map-location-tracker.cc:845] time_ms: 61325821 MapTrackingResult[lat/lng=17.4587873,78.3666000 speed=0.43 bearing=288.97 alti=nanm, on_road=1 in_startup_confusion=0 posn_acc=8.95 spd_acc=1.41 bear_acc=6.67 alti_acc=inf segment=Hitech City Rd:0xCB2E5AB44408B5F5:0x5:[17.4587410,78.3667573 31.2m 289°, r-246.3m]x11m->1/1#[σ 5.00m 6.4°] meters_on_segment=17.48 across: nan off_mode_probability=1.00 {level=unknown} [nmm loc] ]

12-01 06:39:30.330  19681  23694 W igation.testap: Accessing hidden method Lsun/misc/Unsafe;->getInt(Ljava/lang/Object;J)I (greylist, linking, allowed)
12-01 06:39:30.330  19681  23694 W igation.testap: Accessing hidden method Lsun/misc/Unsafe;->putInt(Ljava/lang/Object;JI)V (greylist, linking, allowed)
12-01 06:39:30.330  19681  23694 W igation.testap: Accessing hidden method Lsun/misc/Unsafe;->getObject(Ljava/lang/Object;J)Ljava/lang/Object; (greylist, linking, allowed)
12-01 06:39:30.330  19681  23694 W igation.testap: Accessing hidden method Lsun/misc/Unsafe;->putObject(Ljava/lang/Object;JLjava/lang/Object;)V (greylist, linking, allowed)
12-01 06:39:30.339  19681  23694 I native: I0000 00:00:1701412770.339577   23694 patchwork-snaptile-integrator.cc:533] DoFollowUpWork: 8 tiles currently loaded.

12-01 06:39:30.341  19681  23870 W igation.testap: Accessing hidden method Lsun/misc/Unsafe;->getObject(Ljava/lang/Object;J)Ljava/lang/Object; (greylist, linking, allowed)
12-01 06:39:30.345  19681  23870 I native: I0000 00:00:1701412770.345438   23870 guider.cc:320] [NAV][OnLocationChanged] : (38) (routes: *38=0.999915, 48=0.56879) 813.61m (next: 44.8101m) speed: 0.428758m/s

12-01 06:39:30.346  19681  23870 W igation.testap: Accessing hidden method Lsun/misc/Unsafe;->putInt(Ljava/lang/Object;JI)V (greylist, linking, allowed)
12-01 06:39:30.346  19681  23870 W igation.testap: Accessing hidden method Lsun/misc/Unsafe;->putObject(Ljava/lang/Object;JLjava/lang/Object;)V (greylist, linking, allowed)
12-01 06:39:30.350  19681  23870 W igation.testap: Accessing hidden method Lsun/misc/Unsafe;->putInt(Ljava/lang/Object;JI)V (greylist, linking, allowed)
12-01 06:39:30.351  19681  23870 W igation.testap: Accessing hidden method Lsun/misc/Unsafe;->putLong(Ljava/lang/Object;JJ)V (greylist, linking, allowed)
12-01 06:39:30.353  19681  19880 W igation.testap: Accessing hidden method Lsun/misc/Unsafe;->putObject(Ljava/lang/Object;JLjava/lang/Object;)V (greylist, linking, allowed)
12-01 06:39:30.354  19681  19880 I chatty: uid=10168(com.google.android.libraries.navigation.testapp) Background_2 identical 1 line
12-01 06:39:30.356  19681  19880 W igation.testap: Accessing hidden method Lsun/misc/Unsafe;->putObject(Ljava/lang/Object;JLjava/lang/Object;)V (greylist, linking, allowed)
12-01 06:39:30.356  19681  19880 W igation.testap: Accessing hidden method Lsun/misc/Unsafe;->putInt(Ljava/lang/Object;JI)V (greylist, linking, allowed)
12-01 06:39:30.357  19681  23870 W igation.testap: Accessing hidden method Lsun/misc/Unsafe;->compareAndSwapObject(Ljava/lang/Object;JLjava/lang/Object;Ljava/lang/Object;)Z (greylist, linking, allowed)
12-01 06:39:30.377  737  737 I sensors-hal: flush:260, android.sensor.gravity/91
12-01 06:39:30.378  737  737 I sensors-hal: flush:268, android.sensor.gravity/91 completed
12-01 06:39:30.378  737  737 I sensors-hal: flush:260, android.sensor.linear_acceleration/101
12-01 06:39:30.379  737  737 I sensors-hal: flush:268, android.sensor.linear_acceleration/101 completed
12-01 06:39:30.379  737  737 I sensors-hal: flush:260, android.sensor.gyroscope_uncalibrated/161
12-01 06:39:30.379  737  737 I sensors-hal: flush:268, android.sensor.gyroscope_uncalibrated/161 completed
12-01 06:39:30.380  19681  23686 W igation.testap: Accessing hidden method Lsun/misc/Unsafe;->compareAndSwapObject(Ljava/lang/Object;JLjava/lang/Object;Ljava/lang/Object;)Z (greylist, linking, allowed)
12-01 06:39:30.390  19681  23694 W igation.testap: Accessing hidden method Lsun/misc/Unsafe;->getInt(Ljava/lang/Object;J)I (greylist, linking, allowed)
12-01 06:39:30.390  19681  23694 W igation.testap: Accessing hidden method Lsun/misc/Unsafe;->putLong(Ljava/lang/Object;JJ)V (greylist, linking, allowed)
12-01 06:39:30.391  19681  23694 W igation.testap: Accessing hidden method Lsun/misc/Unsafe;->putObject(Ljava/lang/Object;JLjava/lang/Object;)V (greylist, linking, allowed)
12-01 06:39:30.391  19681  23694 W igation.testap: Accessing hidden method Lsun/misc/Unsafe;->getObject(Ljava/lang/Object;J)Ljava/lang/Object; (greylist, linking, allowed)
12-01 06:39:30.411  19681  19681 W igation.testap: Accessing hidden method Lsun/misc/Unsafe;->getInt(Ljava/lang/Object;J)I (greylist, linking, allowed)
12-01 06:39:30.411  19681  19681 W igation.testap: Accessing hidden method Lsun/misc/Unsafe;->getObject(Ljava/lang/Object;J)Ljava/lang/Object; (greylist, linking, allowed)
12-01 06:39:30.724  737  737 I sensors-hal: flush:260, android.sensor.gravity/91
12-01 06:39:30.724  737  737 I sensors-hal: flush:268, android.sensor.gravity/91 completed
12-01 06:39:30.725  737  737 I sensors-hal: flush:260, android.sensor.linear_acceleration/101
12-01 06:39:30.725  737  737 I sensors-hal: flush:268, android.sensor.linear_acceleration/101 completed
12-01 06:39:30.725  737  737 I sensors-hal: flush:260, android.sensor.gyroscope_uncalibrated/161
12-01 06:39:30.725  737  737 I sensors-hal: flush:268, android.sensor.gyroscope_uncalibrated/161 completed
12-01 06:39:30.726  19681  23686 W igation.testap: Accessing hidden method Lsun/misc/Unsafe;->compareAndSwapObject(Ljava/lang/Object;JLjava/lang/Object;Ljava/lang/Object;)Z (greylist, linking, allowed)
12-01 06:39:30.737  2585  26906 D PhoneInterfaceManager: [PhoneIntfMgr] getCellLocation: is active user
12-01 06:39:30.740  19681  23694 W igation.testap: Accessing hidden method Lsun/misc/Unsafe;->getInt(Ljava/lang/Object;J)I (greylist, linking, allowed)
12-01 06:39:30.741  19681  23694 W igation.testap: Accessing hidden method Lsun/misc/Unsafe;->putLong(Ljava/lang/Object;JJ)V (greylist, linking, allowed)
12-01 06:39:30.741  19681  23694 W igation.testap: Accessing hidden method Lsun/misc/Unsafe;->putInt(Ljava/lang/Object;JI)V (greylist, linking, allowed)
12-01 06:39:30.741  19681  23694 W igation.testap: Accessing hidden method Lsun/misc/Unsafe;->putObject(Ljava/lang/Object;JLjava/lang/Object;)V (greylist, linking, allowed)
12-01 06:39:30.741  19681  23694 W igation.testap: Accessing hidden method Lsun/misc/Unsafe;->getObject(Ljava/lang/Object;J)Ljava/lang/Object; (greylist, linking, allowed)
12-01 06:39:30.815  2585  26906 D PhoneInterfaceManager: [PhoneIntfMgr] getLine1NumberForDisplay returning null
12-01 06:39:30.818  1243  4915 W DevicePolicyManager: Package com.gyokovsolutions.gnettracklite (uid=10173, pid=19700) cannot access Device IDs
12-01 06:39:30.819  2585  26906 W TelephonyPermissions: reportAccessDeniedToReadIdentifiers:com.gyokovsolutions.gnettracklite:getSubscriberId:isPreinstalled=false:isPrivApp=false
12-01 06:39:30.859  1243  4915 D WificondControl: Scan result ready event
12-01 06:39:30.860  1103  19902 I LOWI-8.6.0.75: [LOWI-Scan] lowi_close_record:Scan done in 61292688ms, 18 APs in scan results
12-01 06:39:30.874  1243  2066 D WificondScannerImpl: Filtering out 10 scan results.
12-01 06:39:30.883  1243  2050 I haohaov: [HMDenterprise broadcastIntentLocked] intent=Intent { act=android.net.wifi.SCAN_RESULTS flg=0x4000000 (has extras) }
12-01 06:39:30.883  1243  2050 D WifiClientModeImpl: onResults: total 8 results
12-01 06:39:30.930  1243  5396 W AlarmManager: Alarms must either supply a PendingIntent or an AlarmReceiver
12-01 06:39:31.074  737  737 I sensors-hal: flush:260, android.sensor.gravity/91
12-01 06:39:31.074  737  737 I sensors-hal: flush:268, android.sensor.gravity/91 completed
12-01 06:39:31.074  737  737 I sensors-hal: flush:260, android.sensor.linear_acceleration/101
12-01 06:39:31.074  737  737 I sensors-hal: flush:268, android.sensor.linear_acceleration/101 completed
12-01 06:39:31.074  737  737 I sensors-hal: flush:260, android.sensor.gyroscope_uncalibrated/161
12-01 06:39:31.074  737  737 I sensors-hal: flush:268, android.sensor.gyroscope_uncalibrated/161 completed
12-01 06:39:31.075  19681  23686 W igation.testap: Accessing hidden method Lsun/misc/Unsafe;->compareAndSwapObject(Ljava/lang/Object;JLjava/lang/Object;Ljava/lang/Object;)Z (greylist, linking, allowed)
12-01 06:39:31.085  19681  23694 W igation.testap: Accessing hidden method Lsun/misc/Unsafe;->getInt(Ljava/lang/Object;J)I (greylist, linking, allowed)
12-01 06:39:31.086  19681  23694 W igation.testap: Accessing hidden method Lsun/misc/Unsafe;->putLong(Ljava/lang/Object;JJ)V (greylist, linking, allowed)
12-01 06:39:31.086  19681  23694 W igation.testap: Accessing hidden method Lsun/misc/Unsafe;->putInt(Ljava/lang/Object;JI)V (greylist, linking, allowed)
12-01 06:39:31.086  19681  23694 W igation.testap: Accessing hidden method Lsun/misc/Unsafe;->putObject(Ljava/lang/Object;JLjava/lang/Object;)V (greylist, linking, allowed)
12-01 06:39:31.086  19681  23694 W igation.testap: Accessing hidden method Lsun/misc/Unsafe;->getObject(Ljava/lang/Object;J)Ljava/lang/Object; (greylist, linking, allowed)
12-01 06:39:31.229  19681  23694 W igation.testap: Accessing hidden method Lsun/misc/Unsafe;->getInt(Ljava/lang/Object;J)I (greylist, linking, allowed)
12-01 06:39:31.229  19681  23694 W igation.testap: Accessing hidden method Lsun/misc/Unsafe;->getObject(Ljava/lang/Object;J)Ljava/lang/Object; (greylist, linking, allowed)
12-01 06:39:31.259  4808  4808 E STFService: run1: 3.2.8
12-01 06:39:31.264  19681  23694 W igation.testap: Accessing hidden method Lsun/misc/Unsafe;->getInt(Ljava/lang/Object;J)I (greylist, linking, allowed)
12-01 06:39:31.264  19681  23694 W igation.testap: Accessing hidden method Lsun/misc/Unsafe;->getObject(Ljava/lang/Object;J)Ljava/lang/Object; (greylist, linking, allowed)
12-01 06:39:31.265  19681  23694 W igation.testap: Accessing hidden method Lsun/misc/Unsafe;->compareAndSwapObject(Ljava/lang/Object;JLjava/lang/Object;Ljava/lang/Object;)Z (greylist, linking, allowed)
12-01 06:39:31.266  19681  23694 W igation.testap: Accessing hidden method Lsun/misc/Unsafe;->getLong(Ljava/lang/Object;J)J (greylist,core-platform-api, linking, allowed)
12-01 06:39:31.266  19681  23694 I native: I0000 00:00:1701412771.266664   23694 map-location-tracker.cc:414] MapLocationTracker called with 17 existing on-segment hypotheses, 0 existing off-segment hypotheses, 2 queued observations at time 61326818.

12-01 06:39:31.267  4808  4808 I STFService: sendNetworkClass:  CellSignalLte:{alphaLong=Vi India, rssi=-63, mnc=7, level=4, bandwidth=2147483647, ci=828734, asulevel=46, parametersUseForLevel=-94, rsrp=-94, rssnr=2147483647, bands=[], mcc=404, ta=21, mAdditionalPlmns=unknown, sinr=2147483647, csgInfo=unknown, rsrq=-13, pci=95, tac=24314, alphaShort=Vi India, cqi=2147483647, earfcn=41140}
12-01 06:39:31.267  4808  4808 I STFService: sendNetworkClass:  CellSignalLte:{alphaLong=, rssi=-71, mnc=2147483647, level=4, bandwidth=2147483647, ci=2147483647, asulevel=42, parametersUseForLevel=-98, rsrp=-98, rssnr=2147483647, bands=[], mcc=2147483647, ta=2147483647, mAdditionalPlmns=unknown, sinr=2147483647, csgInfo=unknown, rsrq=-16, pci=93, tac=2147483647, alphaShort=, cqi=2147483647, earfcn=41140}
12-01 06:39:31.268  4808  4808 I STFService: sendNetworkClass:  CellSignalLte:{alphaLong=, rssi=-69, mnc=2147483647, level=4, bandwidth=2147483647, ci=2147483647, asulevel=39, parametersUseForLevel=-101, rsrp=-101, rssnr=2147483647, bands=[], mcc=2147483647, ta=2147483647, mAdditionalPlmns=unknown, sinr=2147483647, csgInfo=unknown, rsrq=-19, pci=4, tac=2147483647, alphaShort=, cqi=2147483647, earfcn=41140}
12-01 06:39:31.272  4808  4808 I STFService: sendNetworkClass:  EPDGInfo:{dns_server_4=2001:4860:4860::6464, ip_address_1=10.41.105.46, dns_server_3=2402:3a80:1fff:40::4, ip_address_2=2402:8100:25d9:65c0:ed4e:44d8:6ea2:1a75, dns_server_2=8.8.8.8, dns_server_1=10.95.11.110, max_downstream_bandwidth=30000, is_secure=true, tunneling_protocol=rmnet_data1, max_upstream_bandwidth=15000}
12-01 06:39:31.273  2790  4588 I FusedLocation: location delivery to 10131/com.google.android.gms[.location_base]/635a969b blocked - too fast [CONTEXT service_id=6 ]

12-01 06:39:31.274  2790  4588 I FusedLocation: location delivery to 10194/jp.co.cyberagent.stf/c9da0782 blocked - too fast [CONTEXT service_id=6 ]

12-01 06:39:31.274  2790  4588 I FusedLocation: location delivery to 10131/com.google.android.gms[.location_base]/4237f68b blocked - too close [CONTEXT service_id=6 ]

12-01 06:39:31.274  2790  4588 I FusedLocation: location delivery to 10131/com.google.android.gms[.personalsafety]/ed20e3af blocked - too fast [CONTEXT service_id=6 ]

12-01 06:39:31.274  2790  4588 I FusedLocation: location delivery to 10171/com.zihua.android.mytracks/69f52c0a blocked - too fast [CONTEXT service_id=6 ]

12-01 06:39:31.274  2790  4588 I FusedLocation: location delivery to 10131/com.google.android.gms[.personalsafety]/462676cb blocked - too fast [CONTEXT service_id=6 ]

12-01 06:39:31.286  19681  23694 I native: I0000 00:00:1701412771.286327   23694 map-location-tracker.cc:845] time_ms: 61326818 MapTrackingResult[lat/lng=17.4587838,78.3666114 speed=0.32 bearing=288.71 alti=nanm, on_road=1 in_startup_confusion=0 posn_acc=8.53 spd_acc=2.10 bear_acc=6.64 alti_acc=inf segment=Hitech City Rd:0xCB2E5AB44408B5F5:0x5:[17.4587410,78.3667573 31.2m 289°, r-246.3m]x11m->1/1#[σ 5.00m 6.4°] meters_on_segment=16.20 across: nan off_mode_probability=1.00 {level=unknown} [nmm loc] ]

12-01 06:39:31.286  723  16407 I vendor.qti.bluetooth@1.0-ibs_handler: ProcessIbsCmd: Received IBS_WAKE_IND: 0xFD
12-01 06:39:31.287  723  16407 D vendor.qti.bluetooth@1.0-ibs_handler: SerialClockVote: vote for UART CLK ON
12-01 06:39:31.288  723  16407 D vendor.qti.bluetooth@1.0-wake_lock: Acquire wakelock is acquired 
12-01 06:39:31.288  723  16407 I vendor.qti.bluetooth@1.0-ibs_handler: ProcessIbsCmd: Writing IBS_WAKE_ACK
12-01 06:39:31.289  19681  23694 W igation.testap: Accessing hidden method Lsun/misc/Unsafe;->putInt(Ljava/lang/Object;JI)V (greylist, linking, allowed)
12-01 06:39:31.290  19681  23694 W igation.testap: Accessing hidden method Lsun/misc/Unsafe;->putObject(Ljava/lang/Object;JLjava/lang/Object;)V (greylist, linking, allowed)
12-01 06:39:31.290  16309  16411 V bt_stack: [VERBOSE1:btm_ble_gap.cc(1847)] btm_ble_process_adv_addr: bda=57:3d:a6:20:66:ef

12-01 06:39:31.290  16309  16411 V bt_stack: [VERBOSE1:btm_ble_gap.cc(2052)]  Waiting for scan response 57:3d:a6:20:66:ef

12-01 06:39:31.291  16309  16411 V bt_stack: [VERBOSE1:btm_ble_gap.cc(1847)] btm_ble_process_adv_addr: bda=40:01:93:2e:bb:70

12-01 06:39:31.291  16309  16411 V bt_stack: [VERBOSE1:btm_ble_gap.cc(2052)]  Waiting for scan response 40:01:93:2e:bb:70

12-01 06:39:31.298  19681  23870 W igation.testap: Accessing hidden method Lsun/misc/Unsafe;->getInt(Ljava/lang/Object;J)I (greylist, linking, allowed)
12-01 06:39:31.298  19681  23870 W igation.testap: Accessing hidden method Lsun/misc/Unsafe;->getObject(Ljava/lang/Object;J)Ljava/lang/Object; (greylist, linking, allowed)
12-01 06:39:31.299  19681  23694 I native: I0000 00:00:1701412771.299257   23694 patchwork-snaptile-integrator.cc:533] DoFollowUpWork: 8 tiles currently loaded.

12-01 06:39:31.302  19681  19894 W igation.testap: Accessing hidden method Lsun/misc/Unsafe;->putObject(Ljava/lang/Object;JLjava/lang/Object;)V (greylist, linking, allowed)
12-01 06:39:31.302  19681  19894 W igation.testap: Accessing hidden method Lsun/misc/Unsafe;->putInt(Ljava/lang/Object;JI)V (greylist, linking, allowed)
12-01 06:39:31.307  19681  19883 W igation.testap: Accessing hidden method Lsun/misc/Unsafe;->putObject(Ljava/lang/Object;JLjava/lang/Object;)V (greylist, linking, allowed)
12-01 06:39:31.307  19681  19883 W igation.testap: Accessing hidden method Lsun/misc/Unsafe;->putInt(Ljava/lang/Object;JI)V (greylist, linking, allowed)
12-01 06:39:31.308  19681  23870 I native: I0000 00:00:1701412771.308125   23870 guider.cc:320] [NAV][OnLocationChanged] : (38) (routes: *38=0.999916, 48=0.511465) 812.332m (next: 46.0873m) speed: 0.317085m/s

12-01 06:39:31.315  19681  19890 W igation.testap: Accessing hidden method Lsun/misc/Unsafe;->putObject(Ljava/lang/Object;JLjava/lang/Object;)V (greylist, linking, allowed)
12-01 06:39:31.315  19681  19890 W igation.testap: Accessing hidden method Lsun/misc/Unsafe;->putInt(Ljava/lang/Object;JI)V (greylist, linking, allowed)
12-01 06:39:31.318  19681  23870 W igation.testap: Accessing hidden method Lsun/misc/Unsafe;->putLong(Ljava/lang/Object;JJ)V (greylist, linking, allowed)
12-01 06:39:31.320  16309  16411 V bt_stack: [VERBOSE1:btm_ble_gap.cc(1847)] btm_ble_process_adv_addr: bda=5f:70:d5:0b:6f:6a

12-01 06:39:31.320  16309  16411 V bt_stack: [VERBOSE1:btm_ble_gap.cc(2052)]  Waiting for scan response 5f:70:d5:0b:6f:6a

12-01 06:39:31.323  19681  23870 W igation.testap: Accessing hidden method Lsun/misc/Unsafe;->compareAndSwapObject(Ljava/lang/Object;JLjava/lang/Object;Ljava/lang/Object;)Z (greylist, linking, allowed)
12-01 06:39:31.328  19681  23870 W igation.testap: Accessing hidden method Lsun/misc/Unsafe;->getInt(Ljava/lang/Object;J)I (greylist, linking, allowed)
12-01 06:39:31.329  19681  23870 W igation.testap: Accessing hidden method Lsun/misc/Unsafe;->getLong(Ljava/lang/Object;J)J (greylist,core-platform-api, linking, allowed)
12-01 06:39:31.342  16309  16411 V bt_stack: [VERBOSE1:btm_ble_gap.cc(1847)] btm_ble_process_adv_addr: bda=44:54:96:7b:e5:50

12-01 06:39:31.342  16309  16411 V bt_stack: [VERBOSE1:btm_ble_gap.cc(2052)]  Waiting for scan response 44:54:96:7b:e5:50

12-01 06:39:31.367  16309  16411 V bt_stack: [VERBOSE1:btm_ble_gap.cc(1847)] btm_ble_process_adv_addr: bda=44:54:90:b1:16:72

12-01 06:39:31.368  16309  16411 V bt_stack: [VERBOSE1:btm_ble_gap.cc(2052)]  Waiting for scan response 44:54:90:b1:16:72

12-01 06:39:31.372  16309  16411 V bt_stack: [VERBOSE1:btm_ble_gap.cc(1847)] btm_ble_process_adv_addr: bda=44:54:90:b1:16:72

12-01 06:39:31.373  16309  16411 V bt_stack: [VERBOSE1:btm_inq.cc(1019)] BTM_InqDbRead: bd addr 44:54:90:b1:16:72

12-01 06:39:31.383  752  880 I SDM: CompManager::ProcessIdleTimeout: QIPL idle time
12-01 06:39:31.386  2790  16429 I NearbyDiscovery: FastPairCache: Not triggering, because RSSI -87 is below the threshold of -48, XX:XX:XX:XX:16:72, isScannedByOffloadScanner=false [CONTEXT service_id=265 group_by="XX:XX:XX:XX:16:72" ratelimit_period="30 SECONDS" ]

12-01 06:39:31.401  19681  19681 W igation.testap: Accessing hidden method Lsun/misc/Unsafe;->getInt(Ljava/lang/Object;J)I (greylist, linking, allowed)
12-01 06:39:31.401  19681  19681 W igation.testap: Accessing hidden method Lsun/misc/Unsafe;->getObject(Ljava/lang/Object;J)Ljava/lang/Object; (greylist, linking, allowed)
12-01 06:39:31.402  723  16407 I vendor.qti.bluetooth@1.0-ibs_handler: ProcessIbsCmd: Received IBS_SLEEP_IND: 0xFE
12-01 06:39:31.402  723  16407 D vendor.qti.bluetooth@1.0-ibs_handler: SerialClockVote: vote for UART CLK OFF
12-01 06:39:31.419  737  737 I sensors-hal: flush:260, android.sensor.gravity/91
12-01 06:39:31.419  737  737 I sensors-hal: flush:268, android.sensor.gravity/91 completed
12-01 06:39:31.420  737  737 I sensors-hal: flush:260, android.sensor.linear_acceleration/101
12-01 06:39:31.420  737  737 I sensors-hal: flush:268, android.sensor.linear_acceleration/101 completed
12-01 06:39:31.421  737  737 I sensors-hal: flush:260, android.sensor.gyroscope_uncalibrated/161
12-01 06:39:31.421  737  737 I sensors-hal: flush:268, android.sensor.gyroscope_uncalibrated/161 completed
12-01 06:39:31.421  19681  23686 W igation.testap: Accessing hidden method Lsun/misc/Unsafe;->compareAndSwapObject(Ljava/lang/Object;JLjava/lang/Object;Ljava/lang/Object;)Z (greylist, linking, allowed)
12-01 06:39:31.431  19681  23694 W igation.testap: Accessing hidden method Lsun/misc/Unsafe;->putLong(Ljava/lang/Object;JJ)V (greylist, linking, allowed)
12-01 06:39:31.431  19681  23694 W igation.testap: Accessing hidden method Lsun/misc/Unsafe;->putInt(Ljava/lang/Object;JI)V (greylist, linking, allowed)
12-01 06:39:31.431  19681  23694 W igation.testap: Accessing hidden method Lsun/misc/Unsafe;->putObject(Ljava/lang/Object;JLjava/lang/Object;)V (greylist, linking, allowed)
12-01 06:39:31.442  2790  31480 I NearbyDiscovery: loadFastPairModule: checkFeaturesAreAvailable:0 [CONTEXT service_id=265 ]

12-01 06:39:31.442  2790  31480 I NearbyDiscovery: loadFastPairModule: FastPair module is downloaded. [CONTEXT service_id=265 ]

12-01 06:39:31.511  2262  2262 D InterruptionStateProvider: No heads up: unimportant notification: 0|com.google.android.libraries.navigation.testapp|1001|null|10168
12-01 06:39:31.517  2262  2262 D InterruptionStateProvider: No heads up: unimportant notification: 0|com.google.android.libraries.navigation.testapp|1001|null|10168
12-01 06:39:31.553  723  16371 D vendor.qti.bluetooth@1.0-wake_lock: Release wakelock is released 
12-01 06:39:31.576  1243  1408 I haohaov: [HMDenterprise broadcastIntentLocked] intent=Intent { act=android.net.conn.DATA_ACTIVITY_CHANGE (has extras) }
12-01 06:39:31.615  2262  2947 D NetworkController.MobileSignalController(3): onDataActivity: direction=0
12-01 06:39:31.620  622  622 I netd: trafficSwapActiveStatsMap() <2.11ms>
12-01 06:39:31.627  2262  2947 D NetworkController.MobileSignalController(3): onDataActivity: direction=0
12-01 06:39:31.634  2262  2947 D NetworkController.MobileSignalController(3): onDataActivity: direction=0
12-01 06:39:31.637  2262  2947 D NetworkController.MobileSignalController(3): onDataActivity: direction=4
12-01 06:39:31.641  622  622 I netd: tetherGetStats() <5.11ms>
12-01 06:39:31.705  2262  2947 D NetworkController.MobileSignalController(3): notifyListeners mConfig.alwaysShowNetworkTypeIcon=false  mDataNetType:13/LTE voiceNetType=13/LTE showDataIcon=true mConfig.alwaysShowDataRatIcon=false icons.mDataType=2131231204 mConfig.hideDisabledHDIcon=true mConfig.showVolteIcon=true isVolteSwitchOn=true mShowVolteIcon=true volteIcon=(null) mCurrentState.vowifiResitered=false mShowVowifiIcon=true vowifiIcon=(null) volteIcon=0 mConfig.showVowifiIcon=false
12-01 06:39:31.732  2585  6979 D PhoneInterfaceManager: [PhoneIntfMgr] getCellLocation: is active user
12-01 06:39:31.755  1243  1408 I haohaov: [HMDenterprise broadcastIntentLocked] intent=Intent { act=android.intent.action.DROPBOX_ENTRY_ADDED (has extras) }
12-01 06:39:31.757  1243  1422 W BroadcastQueue: Background execution not allowed: receiving Intent { act=android.intent.action.DROPBOX_ENTRY_ADDED flg=0x10 (has extras) } to com.google.android.gms/.stats.service.DropBoxEntryAddedReceiver
12-01 06:39:31.757  1243  1422 W BroadcastQueue: Background execution not allowed: receiving Intent { act=android.intent.action.DROPBOX_ENTRY_ADDED flg=0x10 (has extras) } to com.google.android.gms/.chimera.GmsIntentOperationService$PersistentTrustedReceiver
12-01 06:39:31.769  737  737 I sensors-hal: flush:260, android.sensor.gravity/91
12-01 06:39:31.769  737  737 I sensors-hal: flush:268, android.sensor.gravity/91 completed
12-01 06:39:31.770  737  737 I sensors-hal: flush:260, android.sensor.linear_acceleration/101
12-01 06:39:31.770  737  737 I sensors-hal: flush:268, android.sensor.linear_acceleration/101 completed
12-01 06:39:31.770  737  737 I sensors-hal: flush:260, android.sensor.gyroscope_uncalibrated/161
12-01 06:39:31.770  737  737 I sensors-hal: flush:268, android.sensor.gyroscope_uncalibrated/161 completed
12-01 06:39:31.771  19681  23686 W igation.testap: Accessing hidden method Lsun/misc/Unsafe;->compareAndSwapObject(Ljava/lang/Object;JLjava/lang/Object;Ljava/lang/Object;)Z (greylist, linking, allowed)
12-01 06:39:31.781  1243  5393 D CompatibilityInfo: mCompatibilityFlags - 0
12-01 06:39:31.782  1243  5393 D CompatibilityInfo: applicationDensity - 280
12-01 06:39:31.782  1243  5393 D CompatibilityInfo: applicationScale - 1.0
12-01 06:39:31.783  19681  23694 W igation.testap: Accessing hidden method Lsun/misc/Unsafe;->getInt(Ljava/lang/Object;J)I (greylist, linking, allowed)
12-01 06:39:31.783  19681  23694 W igation.testap: Accessing hidden method Lsun/misc/Unsafe;->putLong(Ljava/lang/Object;JJ)V (greylist, linking, allowed)
12-01 06:39:31.783  19681  23694 W igation.testap: Accessing hidden method Lsun/misc/Unsafe;->putInt(Ljava/lang/Object;JI)V (greylist, linking, allowed)
12-01 06:39:31.783  19681  23694 W igation.testap: Accessing hidden method Lsun/misc/Unsafe;->putObject(Ljava/lang/Object;JLjava/lang/Object;)V (greylist, linking, allowed)
12-01 06:39:31.783  19681  23694 W igation.testap: Accessing hidden method Lsun/misc/Unsafe;->getObject(Ljava/lang/Object;J)Ljava/lang/Object; (greylist, linking, allowed)
12-01 06:39:31.786  767  4243 I /vendor/bin/hw/vendor.qti.hardware.servicetracker@1.1-service: startService() is called for servicecom.google.android.gms/.stats.service.DropBoxEntryAddedService
12-01 06:39:31.816  767  4243 I /vendor/bin/hw/vendor.qti.hardware.servicetracker@1.1-service: destroyService is called for service : com.google.android.gms/.stats.service.DropBoxEntryAddedService
12-01 06:39:31.846  2585  6979 D PhoneInterfaceManager: [PhoneIntfMgr] getLine1NumberForDisplay returning null
12-01 06:39:31.851  1243  4915 W DevicePolicyManager: Package com.gyokovsolutions.gnettracklite (uid=10173, pid=19700) cannot access Device IDs
12-01 06:39:31.852  2585  6979 W TelephonyPermissions: reportAccessDeniedToReadIdentifiers:com.gyokovsolutions.gnettracklite:getSubscriberId:isPreinstalled=false:isPrivApp=false
12-01 06:39:32.115  737  737 I sensors-hal: flush:260, android.sensor.gravity/91
12-01 06:39:32.116  737  737 I sensors-hal: flush:268, android.sensor.gravity/91 completed
12-01 06:39:32.116  737  737 I sensors-hal: flush:260, android.sensor.linear_acceleration/101
12-01 06:39:32.116  737  737 I sensors-hal: flush:268, android.sensor.linear_acceleration/101 completed
12-01 06:39:32.116  737  737 I sensors-hal: flush:260, android.sensor.gyroscope_uncalibrated/161
12-01 06:39:32.116  737  737 I sensors-hal: flush:268, android.sensor.gyroscope_uncalibrated/161 completed
12-01 06:39:32.117  19681  23686 W igation.testap: Accessing hidden method Lsun/misc/Unsafe;->compareAndSwapObject(Ljava/lang/Object;JLjava/lang/Object;Ljava/lang/Object;)Z (greylist, linking, allowed)
12-01 06:39:32.123  723  16407 I vendor.qti.bluetooth@1.0-ibs_handler: ProcessIbsCmd: Received IBS_WAKE_IND: 0xFD
12-01 06:39:32.123  723  16407 D vendor.qti.bluetooth@1.0-ibs_handler: SerialClockVote: vote for UART CLK ON
12-01 06:39:32.126  723  16407 D vendor.qti.bluetooth@1.0-wake_lock: Acquire wakelock is acquired 
12-01 06:39:32.126  723  16407 I vendor.qti.bluetooth@1.0-ibs_handler: ProcessIbsCmd: Writing IBS_WAKE_ACK
12-01 06:39:32.126  19681  23694 W igation.testap: Accessing hidden method Lsun/misc/Unsafe;->getInt(Ljava/lang/Object;J)I (greylist, linking, allowed)
12-01 06:39:32.126  19681  23694 W igation.testap: Accessing hidden method Lsun/misc/Unsafe;->putLong(Ljava/lang/Object;JJ)V (greylist, linking, allowed)
12-01 06:39:32.127  19681  23694 W igation.testap: Accessing hidden method Lsun/misc/Unsafe;->putInt(Ljava/lang/Object;JI)V (greylist, linking, allowed)
12-01 06:39:32.127  19681  23694 W igation.testap: Accessing hidden method Lsun/misc/Unsafe;->putObject(Ljava/lang/Object;JLjava/lang/Object;)V (greylist, linking, allowed)
12-01 06:39:32.127  19681  23694 W igation.testap: Accessing hidden method Lsun/misc/Unsafe;->getObject(Ljava/lang/Object;J)Ljava/lang/Object; (greylist, linking, allowed)
12-01 06:39:32.127  16309  16411 V bt_stack: [VERBOSE1:btm_ble_gap.cc(1847)] btm_ble_process_adv_addr: bda=57:3d:a6:20:66:ef

12-01 06:39:32.127  16309  16411 V bt_stack: [VERBOSE1:btm_ble_gap.cc(2052)]  Waiting for scan response 57:3d:a6:20:66:ef

12-01 06:39:32.167  723  16407 I vendor.qti.bluetooth@1.0-ibs_handler: ProcessIbsCmd: Received IBS_SLEEP_IND: 0xFE
12-01 06:39:32.167  723  16407 D vendor.qti.bluetooth@1.0-ibs_handler: SerialClockVote: vote for UART CLK OFF
12-01 06:39:32.224  19681  23694 W igation.testap: Accessing hidden method Lsun/misc/Unsafe;->getInt(Ljava/lang/Object;J)I (greylist, linking, allowed)
12-01 06:39:32.224  19681  23694 W igation.testap: Accessing hidden method Lsun/misc/Unsafe;->getObject(Ljava/lang/Object;J)Ljava/lang/Object; (greylist, linking, allowed)
12-01 06:39:32.267  2790  4588 I FusedLocation: location delivery to 10131/com.google.android.gms[.location_base]/635a969b blocked - too fast [CONTEXT service_id=6 ]

12-01 06:39:32.267  2790  4588 I FusedLocation: location delivery to 10194/jp.co.cyberagent.stf/c9da0782 blocked - too fast [CONTEXT service_id=6 ]

12-01 06:39:32.267  2790  4588 I FusedLocation: location delivery to 10131/com.google.android.gms[.location_base]/4237f68b blocked - too close [CONTEXT service_id=6 ]

12-01 06:39:32.268  2790  4588 I FusedLocation: location delivery to 10131/com.google.android.gms[.personalsafety]/ed20e3af blocked - too fast [CONTEXT service_id=6 ]

12-01 06:39:32.270  2790  4588 I FusedLocation: location delivery to 10131/com.google.android.gms[.personalsafety]/462676cb blocked - too fast [CONTEXT service_id=6 ]

12-01 06:39:32.274  4808  4808 E STFService: run1: 3.2.8
12-01 06:39:32.282  19681  23694 W igation.testap: Accessing hidden method Lsun/misc/Unsafe;->getInt(Ljava/lang/Object;J)I (greylist, linking, allowed)
12-01 06:39:32.282  19681  23694 W igation.testap: Accessing hidden method Lsun/misc/Unsafe;->getObject(Ljava/lang/Object;J)Ljava/lang/Object; (greylist, linking, allowed)
12-01 06:39:32.283  19681  23694 W igation.testap: Accessing hidden method Lsun/misc/Unsafe;->compareAndSwapObject(Ljava/lang/Object;JLjava/lang/Object;Ljava/lang/Object;)Z (greylist, linking, allowed)
12-01 06:39:32.283  4808  4808 I STFService: sendNetworkClass:  CellSignalLte:{alphaLong=Vi India, rssi=-63, mnc=7, level=4, bandwidth=2147483647, ci=828734, asulevel=46, parametersUseForLevel=-94, rsrp=-94, rssnr=2147483647, bands=[], mcc=404, ta=21, mAdditionalPlmns=unknown, sinr=2147483647, csgInfo=unknown, rsrq=-13, pci=95, tac=24314, alphaShort=Vi India, cqi=2147483647, earfcn=41140}
12-01 06:39:32.283  19681  23694 W igation.testap: Accessing hidden method Lsun/misc/Unsafe;->getObject(Ljava/lang/Object;J)Ljava/lang/Object; (greylist, linking, allowed)
12-01 06:39:32.283  4808  4808 I STFService: sendNetworkClass:  CellSignalLte:{alphaLong=, rssi=-71, mnc=2147483647, level=4, bandwidth=2147483647, ci=2147483647, asulevel=42, parametersUseForLevel=-98, rsrp=-98, rssnr=2147483647, bands=[], mcc=2147483647, ta=2147483647, mAdditionalPlmns=unknown, sinr=2147483647, csgInfo=unknown, rsrq=-16, pci=93, tac=2147483647, alphaShort=, cqi=2147483647, earfcn=41140}
12-01 06:39:32.283  19681  23694 W igation.testap: Accessing hidden method Lsun/misc/Unsafe;->getInt(Ljava/lang/Object;J)I (greylist, linking, allowed)
12-01 06:39:32.284  19681  23694 W igation.testap: Accessing hidden method Lsun/misc/Unsafe;->getLong(Ljava/lang/Object;J)J (greylist,core-platform-api, linking, allowed)
12-01 06:39:32.284  4808  4808 I STFService: sendNetworkClass:  CellSignalLte:{alphaLong=, rssi=-69, mnc=2147483647, level=4, bandwidth=2147483647, ci=2147483647, asulevel=39, parametersUseForLevel=-101, rsrp=-101, rssnr=2147483647, bands=[], mcc=2147483647, ta=2147483647, mAdditionalPlmns=unknown, sinr=2147483647, csgInfo=unknown, rsrq=-19, pci=4, tac=2147483647, alphaShort=, cqi=2147483647, earfcn=41140}
12-01 06:39:32.287  4808  4808 I STFService: sendNetworkClass:  EPDGInfo:{dns_server_4=2001:4860:4860::6464, ip_address_1=10.41.105.46, dns_server_3=2402:3a80:1fff:40::4, ip_address_2=2402:8100:25d9:65c0:ed4e:44d8:6ea2:1a75, dns_server_2=8.8.8.8, dns_server_1=10.95.11.110, max_downstream_bandwidth=30000, is_secure=true, tunneling_protocol=rmnet_data1, max_upstream_bandwidth=15000}
12-01 06:39:32.287  19681  23694 I native: I0000 00:00:1701412772.286497   23694 map-location-tracker.cc:414] MapLocationTracker called with 16 existing on-segment hypotheses, 0 existing off-segment hypotheses, 2 queued observations at time 61327810.

12-01 06:39:32.312  19681  23694 I native: I0000 00:00:1701412772.311871   23694 map-location-tracker.cc:845] time_ms: 61327810 MapTrackingResult[lat/lng=17.4587806,78.3666211 speed=0.14 bearing=288.48 alti=nanm, on_road=1 in_startup_confusion=0 posn_acc=8.61 spd_acc=2.57 bear_acc=6.64 alti_acc=inf segment=Hitech City Rd:0xCB2E5AB44408B5F5:0x5:[17.4587410,78.3667573 31.2m 289°, r-246.3m]x11m->1/1#[σ 5.00m 6.4°] meters_on_segment=15.09 across: nan off_mode_probability=1.00 {level=unknown} [nmm loc] ]

12-01 06:39:32.318  723  16371 D vendor.qti.bluetooth@1.0-wake_lock: Release wakelock is released 
12-01 06:39:32.318  19681  23694 W igation.testap: Accessing hidden method Lsun/misc/Unsafe;->getInt(Ljava/lang/Object;J)I (greylist, linking, allowed)
12-01 06:39:32.318  19681  23694 W igation.testap: Accessing hidden method Lsun/misc/Unsafe;->putInt(Ljava/lang/Object;JI)V (greylist, linking, allowed)
12-01 06:39:32.318  19681  23694 W igation.testap: Accessing hidden method Lsun/misc/Unsafe;->getObject(Ljava/lang/Object;J)Ljava/lang/Object; (greylist, linking, allowed)
12-01 06:39:32.318  19681  23694 W igation.testap: Accessing hidden method Lsun/misc/Unsafe;->putObject(Ljava/lang/Object;JLjava/lang/Object;)V (greylist, linking, allowed)
12-01 06:39:32.327  19681  23694 I native: I0000 00:00:1701412772.326961   23694 patchwork-snaptile-integrator.cc:533] DoFollowUpWork: 8 tiles currently loaded.

12-01 06:39:32.329  19681  23870 I native: I0000 00:00:1701412772.329211   23870 guider.cc:320] [NAV][OnLocationChanged] : (38) (routes: *38=0.999915, 48=0.462201) 811.217m (next: 47.2029m) speed: 0.141748m/s

12-01 06:39:32.330  19681  23870 W igation.testap: Accessing hidden method Lsun/misc/Unsafe;->putInt(Ljava/lang/Object;JI)V (greylist, linking, allowed)
12-01 06:39:32.331  19681  23870 W igation.testap: Accessing hidden method Lsun/misc/Unsafe;->putObject(Ljava/lang/Object;JLjava/lang/Object;)V (greylist, linking, allowed)
12-01 06:39:32.338  19681  23870 W igation.testap: Accessing hidden method Lsun/misc/Unsafe;->putInt(Ljava/lang/Object;JI)V (greylist, linking, allowed)
12-01 06:39:32.338  19681  23870 W igation.testap: Accessing hidden method Lsun/misc/Unsafe;->putObject(Ljava/lang/Object;JLjava/lang/Object;)V (greylist, linking, allowed)
12-01 06:39:32.339  19681  23870 W igation.testap: Accessing hidden method Lsun/misc/Unsafe;->putLong(Ljava/lang/Object;JJ)V (greylist, linking, allowed)
12-01 06:39:32.340  19681  23870 W igation.testap: Accessing hidden method Lsun/misc/Unsafe;->putInt(Ljava/lang/Object;JI)V (greylist, linking, allowed)
12-01 06:39:32.343  19681  19894 W igation.testap: Accessing hidden method Lsun/misc/Unsafe;->putObject(Ljava/lang/Object;JLjava/lang/Object;)V (greylist, linking, allowed)
12-01 06:39:32.343  19681  19894 W igation.testap: Accessing hidden method Lsun/misc/Unsafe;->putInt(Ljava/lang/Object;JI)V (greylist, linking, allowed)
12-01 06:39:32.345  19681  23870 W igation.testap: Accessing hidden method Lsun/misc/Unsafe;->compareAndSwapObject(Ljava/lang/Object;JLjava/lang/Object;Ljava/lang/Object;)Z (greylist, linking, allowed)
12-01 06:39:32.345  19681  19894 W igation.testap: Accessing hidden method Lsun/misc/Unsafe;->putObject(Ljava/lang/Object;JLjava/lang/Object;)V (greylist, linking, allowed)
12-01 06:39:32.348  19681  19894 W igation.testap: Accessing hidden method Lsun/misc/Unsafe;->getInt(Ljava/lang/Object;J)I (greylist, linking, allowed)
12-01 06:39:32.348  19681  19894 W igation.testap: Accessing hidden method Lsun/misc/Unsafe;->getObject(Ljava/lang/Object;J)Ljava/lang/Object; (greylist, linking, allowed)
12-01 06:39:32.349  19681  19894 W igation.testap: Accessing hidden method Lsun/misc/Unsafe;->putObject(Ljava/lang/Object;JLjava/lang/Object;)V (greylist, linking, allowed)
12-01 06:39:32.410  19681  19681 W igation.testap: Accessing hidden method Lsun/misc/Unsafe;->getInt(Ljava/lang/Object;J)I (greylist, linking, allowed)
12-01 06:39:32.410  19681  19681 W igation.testap: Accessing hidden method Lsun/misc/Unsafe;->getObject(Ljava/lang/Object;J)Ljava/lang/Object; (greylist, linking, allowed)
12-01 06:39:32.459  737  737 I sensors-hal: flush:260, android.sensor.gravity/91
12-01 06:39:32.460  737  737 I sensors-hal: flush:268, android.sensor.gravity/91 completed
12-01 06:39:32.460  737  737 I sensors-hal: flush:260, android.sensor.linear_acceleration/101
12-01 06:39:32.460  737  737 I sensors-hal: flush:268, android.sensor.linear_acceleration/101 completed
12-01 06:39:32.460  737  737 I sensors-hal: flush:260, android.sensor.gyroscope_uncalibrated/161
12-01 06:39:32.460  737  737 I sensors-hal: flush:268, android.sensor.gyroscope_uncalibrated/161 completed
12-01 06:39:32.461  19681  23686 W igation.testap: Accessing hidden method Lsun/misc/Unsafe;->compareAndSwapObject(Ljava/lang/Object;JLjava/lang/Object;Ljava/lang/Object;)Z (greylist, linking, allowed)
12-01 06:39:32.478  19681  23694 W igation.testap: Accessing hidden method Lsun/misc/Unsafe;->getInt(Ljava/lang/Object;J)I (greylist, linking, allowed)
12-01 06:39:32.478  19681  23694 W igation.testap: Accessing hidden method Lsun/misc/Unsafe;->putLong(Ljava/lang/Object;JJ)V (greylist, linking, allowed)
12-01 06:39:32.478  19681  23694 W igation.testap: Accessing hidden method Lsun/misc/Unsafe;->putInt(Ljava/lang/Object;JI)V (greylist, linking, allowed)
12-01 06:39:32.478  19681  23694 W igation.testap: Accessing hidden method Lsun/misc/Unsafe;->putObject(Ljava/lang/Object;JLjava/lang/Object;)V (greylist, linking, allowed)
12-01 06:39:32.478  19681  23694 W igation.testap: Accessing hidden method Lsun/misc/Unsafe;->getObject(Ljava/lang/Object;J)Ljava/lang/Object; (greylist, linking, allowed)
12-01 06:39:32.635  2262  2947 D NetworkController.MobileSignalController(3): onSignalStrengthsChanged signalStrength=SignalStrength:{mCdma=CellSignalStrengthCdma: cdmaDbm=2147483647 cdmaEcio=2147483647 evdoDbm=2147483647 evdoEcio=2147483647 evdoSnr=2147483647 level=0,mGsm=CellSignalStrengthGsm: rssi=2147483647 ber=2147483647 mTa=2147483647 mLevel=0,mWcdma=CellSignalStrengthWcdma: ss=2147483647 ber=2147483647 rscp=2147483647 ecno=2147483647 level=0,mTdscdma=CellSignalStrengthTdscdma: rssi=2147483647 ber=2147483647 rscp=2147483647 level=0,mLte=CellSignalStrengthLte: rssi=-63 rsrp=-96 rsrq=-14 rssnr=24 cqi=2147483647 ta=2147483647 level=4,mNr=CellSignalStrengthNr:{ csiRsrp = 2147483647 csiRsrq = 2147483647 csiSinr = 2147483647 ssRsrp = 2147483647 ssRsrq = 2147483647 ssSinr = 2147483647 level = 0 },primary=CellSignalStrengthLte} level=4
12-01 06:39:32.636  2262  2947 D NetworkController.MobileSignalController(3): updateTelephonySignalStrength: hasService=true ss=SignalStrength:{mCdma=CellSignalStrengthCdma: cdmaDbm=2147483647 cdmaEcio=2147483647 evdoDbm=2147483647 evdoEcio=2147483647 evdoSnr=2147483647 level=0,mGsm=CellSignalStrengthGsm: rssi=2147483647 ber=2147483647 mTa=2147483647 mLevel=0,mWcdma=CellSignalStrengthWcdma: ss=2147483647 ber=2147483647 rscp=2147483647 ecno=2147483647 level=0,mTdscdma=CellSignalStrengthTdscdma: rssi=2147483647 ber=2147483647 rscp=2147483647 level=0,mLte=CellSignalStrengthLte: rssi=-63 rsrp=-96 rsrq=-14 rssnr=24 cqi=2147483647 ta=2147483647 level=4,mNr=CellSignalStrengthNr:{ csiRsrp = 2147483647 csiRsrq = 2147483647 csiSinr = 2147483647 ssRsrp = 2147483647 ssRsrq = 2147483647 ssSinr = 2147483647 level = 0 },primary=CellSignalStrengthLte}
12-01 06:39:32.637  1243  4915 I haohaov: [HMDenterprise broadcastIntentLocked] intent=Intent { act=android.intent.action.SIG_STR (has extras) }
12-01 06:39:32.638  19700  19700 W s.gnettracklit: Accessing hidden field Landroid/telephony/CellSignalStrengthWcdma;->mEcNo:I (blacklist, reflection, denied)
12-01 06:39:32.640  2585  6979 D PhoneInterfaceManager: [PhoneIntfMgr] isDataEnabled: subId=3 phoneId=0
12-01 06:39:32.640  2585  6979 D PhoneInterfaceManager: [PhoneIntfMgr] isDataEnabled: subId=3 retVal=true
12-01 06:39:32.648  2585  6979 D PhoneInterfaceManager: [PhoneIntfMgr] isUserDataEnabled: subId=3 phoneId=0
12-01 06:39:32.652  2585  6979 D PhoneInterfaceManager: [PhoneIntfMgr] isUserDataEnabled: subId=3 retVal=true
12-01 06:39:32.729  723  16407 I vendor.qti.bluetooth@1.0-ibs_handler: ProcessIbsCmd: Received IBS_WAKE_IND: 0xFD
12-01 06:39:32.729  723  16407 D vendor.qti.bluetooth@1.0-ibs_handler: SerialClockVote: vote for UART CLK ON
12-01 06:39:32.735  723  16407 D vendor.qti.bluetooth@1.0-wake_lock: Acquire wakelock is acquired 
12-01 06:39:32.735  723  16407 I vendor.qti.bluetooth@1.0-ibs_handler: ProcessIbsCmd: Writing IBS_WAKE_ACK
12-01 06:39:32.737  16309  16411 V bt_stack: [VERBOSE1:btm_ble_gap.cc(1847)] btm_ble_process_adv_addr: bda=6c:ed:00:63:c5:b0

12-01 06:39:32.737  16309  16411 V bt_stack: [VERBOSE1:btm_ble_gap.cc(2052)]  Waiting for scan response 6c:ed:00:63:c5:b0

12-01 06:39:32.750  2585  6979 D PhoneInterfaceManager: [PhoneIntfMgr] getCellLocation: is active user
12-01 06:39:32.751  1243  5393 I haohaov: [HMDenterprise broadcastIntentLocked] intent=Intent { act=android.intent.action.MCC_CHANGED (has extras) }
12-01 06:39:32.752  1243  5393 E ActivityManager: Sending non-protected broadcast android.intent.action.MCC_CHANGED from system 2585:com.android.phone/1001 pkg com.android.phone
java.lang.Throwable
	at com.android.server.am.ActivityManagerService.checkBroadcastFromSystem(ActivityManagerService.java:14869)
	at com.android.server.am.ActivityManagerService.broadcastIntentLocked(ActivityManagerService.java:15578)
	at com.android.server.am.ActivityManagerService.broadcastIntentLocked(ActivityManagerService.java:14929)
	at com.android.server.am.ActivityManagerService.broadcastIntent(ActivityManagerService.java:15720)
	at android.app.IActivityManager$Stub.onTransact(IActivityManager.java:1969)
	at com.android.server.am.ActivityManagerService.onTransact(ActivityManagerService.java:2771)
	at android.os.Binder.execTransactInternal(Binder.java:1021)
	at android.os.Binder.execTransact(Binder.java:994)

12-01 06:39:32.754  1243  5393 I DropBoxManagerService: add tag=system_server_wtf isTagEnabled=true flags=0x2
