12-01 06:39:27.349  19681  19886 W igation.testap: Accessing hidden method Lsun/misc/Unsafe;->putObject(Ljava/lang/Object;JLjava/lang/Object;)V (greylist, linking, allowed)
12-01 06:39:27.349  19681  19886 W igation.testap: Accessing hidden method Lsun/misc/Unsafe;->putInt(Ljava/lang/Object;JI)V (greylist, linking, allowed)
12-01 06:39:27.413  19681  19681 W igation.testap: Accessing hidden method Lsun/misc/Unsafe;->getInt(Ljava/lang/Object;J)I (greylist, linking, allowed)
12-01 06:39:27.413  19681  19681 W igation.testap: Accessing hidden method Lsun/misc/Unsafe;->getObject(Ljava/lang/Object;J)Ljava/lang/Object; (greylist, linking, allowed)
12-01 06:39:27.580  737  737 I sensors-hal: flush:260, android.sensor.gravity/91
12-01 06:39:27.581  737  737 I sensors-hal: flush:268, android.sensor.gravity/91 completed
12-01 06:39:27.581  737  737 I sensors-hal: flush:260, android.sensor.linear_acceleration/101
12-01 06:39:27.581  737  737 I sensors-hal: flush:268, android.sensor.linear_acceleration/101 completed
12-01 06:39:27.581  737  737 I sensors-hal: flush:260, android.sensor.gyroscope_uncalibrated/161
12-01 06:39:27.588  737  737 I sensors-hal: flush:268, android.sensor.gyroscope_uncalibrated/161 completed
12-01 06:39:27.589  19681  23686 W igation.testap: Accessing hidden method Lsun/misc/Unsafe;->compareAndSwapObject(Ljava/lang/Object;JLjava/lang/Object;Ljava/lang/Object;)Z (greylist, linking, allowed)
12-01 06:39:27.593  19681  23694 W igation.testap: Accessing hidden method Lsun/misc/Unsafe;->getInt(Ljava/lang/Object;J)I (greylist, linking, allowed)
12-01 06:39:27.593  19681  23694 W igation.testap: Accessing hidden method Lsun/misc/Unsafe;->putLong(Ljava/lang/Object;JJ)V (greylist, linking, allowed)
12-01 06:39:27.593  19681  23694 W igation.testap: Accessing hidden method Lsun/misc/Unsafe;->putInt(Ljava/lang/Object;JI)V (greylist, linking, allowed)
12-01 06:39:27.593  19681  23694 W igation.testap: Accessing hidden method Lsun/misc/Unsafe;->putObject(Ljava/lang/Object;JLjava/lang/Object;)V (greylist, linking, allowed)
12-01 06:39:27.593  19681  23694 W igation.testap: Accessing hidden method Lsun/misc/Unsafe;->getObject(Ljava/lang/Object;J)Ljava/lang/Object; (greylist, linking, allowed)
12-01 06:39:27.605  723  16407 I vendor.qti.bluetooth@1.0-ibs_handler: ProcessIbsCmd: Received IBS_WAKE_IND: 0xFD
12-01 06:39:27.605  723  16407 D vendor.qti.bluetooth@1.0-ibs_handler: SerialClockVote: vote for UART CLK ON
12-01 06:39:27.607  723  16407 D vendor.qti.bluetooth@1.0-wake_lock: Acquire wakelock is acquired 
12-01 06:39:27.607  723  16407 I vendor.qti.bluetooth@1.0-ibs_handler: ProcessIbsCmd: Writing IBS_WAKE_ACK
12-01 06:39:27.608  16309  16411 V bt_stack: [VERBOSE1:btm_ble_gap.cc(1847)] btm_ble_process_adv_addr: bda=6c:ed:00:63:c5:b0

12-01 06:39:27.609  16309  16411 V bt_stack: [VERBOSE1:btm_ble_gap.cc(2052)]  Waiting for scan response 6c:ed:00:63:c5:b0

12-01 06:39:27.648  723  16407 I vendor.qti.bluetooth@1.0-ibs_handler: ProcessIbsCmd: Received IBS_SLEEP_IND: 0xFE
12-01 06:39:27.648  723  16407 D vendor.qti.bluetooth@1.0-ibs_handler: SerialClockVote: vote for UART CLK OFF
12-01 06:39:27.728  1243  4915 I haohaov: [HMDenterprise broadcastIntentLocked] intent=Intent { act=android.intent.action.MCC_CHANGED (has extras) }
12-01 06:39:27.729  1243  4915 E ActivityManager: Sending non-protected broadcast android.intent.action.MCC_CHANGED from system 2585:com.android.phone/1001 pkg com.android.phone
java.lang.Throwable
	at com.android.server.am.ActivityManagerService.checkBroadcastFromSystem(ActivityManagerService.java:14869)
	at com.android.server.am.ActivityManagerService.broadcastIntentLocked(ActivityManagerService.java:15578)
	at com.android.server.am.ActivityManagerService.broadcastIntentLocked(ActivityManagerService.java:14929)
	at com.android.server.am.ActivityManagerService.broadcastIntent(ActivityManagerService.java:15720)
	at android.app.IActivityManager$Stub.onTransact(IActivityManager.java:1969)
	at com.android.server.am.ActivityManagerService.onTransact(ActivityManagerService.java:2771)
	at android.os.Binder.execTransactInternal(Binder.java:1021)
	at android.os.Binder.execTransact(Binder.java:994)

12-01 06:39:27.734  1243  4915 I DropBoxManagerService: add tag=system_server_wtf isTagEnabled=true flags=0x2
12-01 06:39:27.740  1243  4915 W DropBoxManagerService: Dropping: system_server_wtf (1242 > 0 bytes)
12-01 06:39:27.747  2585  26906 D PhoneInterfaceManager: [PhoneIntfMgr] getCellLocation: is active user
12-01 06:39:27.798  723  16371 D vendor.qti.bluetooth@1.0-wake_lock: Release wakelock is released 
12-01 06:39:27.834  2585  6979 D PhoneInterfaceManager: [PhoneIntfMgr] getLine1NumberForDisplay returning null
12-01 06:39:27.841  1243  3908 W DevicePolicyManager: Package com.gyokovsolutions.gnettracklite (uid=10173, pid=19700) cannot access Device IDs
12-01 06:39:27.843  2585  6979 W TelephonyPermissions: reportAccessDeniedToReadIdentifiers:com.gyokovsolutions.gnettracklite:getSubscriberId:isPreinstalled=false:isPrivApp=false
12-01 06:39:27.927  737  737 I sensors-hal: flush:260, android.sensor.gravity/91
12-01 06:39:27.927  737  737 I sensors-hal: flush:268, android.sensor.gravity/91 completed
12-01 06:39:27.927  737  737 I sensors-hal: flush:260, android.sensor.linear_acceleration/101
12-01 06:39:27.927  737  737 I sensors-hal: flush:268, android.sensor.linear_acceleration/101 completed
12-01 06:39:27.927  737  737 I sensors-hal: flush:260, android.sensor.gyroscope_uncalibrated/161
12-01 06:39:27.928  737  737 I sensors-hal: flush:268, android.sensor.gyroscope_uncalibrated/161 completed
12-01 06:39:27.928  19681  23686 W igation.testap: Accessing hidden method Lsun/misc/Unsafe;->compareAndSwapObject(Ljava/lang/Object;JLjava/lang/Object;Ljava/lang/Object;)Z (greylist, linking, allowed)
12-01 06:39:27.940  19681  23694 W igation.testap: Accessing hidden method Lsun/misc/Unsafe;->getInt(Ljava/lang/Object;J)I (greylist, linking, allowed)
12-01 06:39:27.940  19681  23694 W igation.testap: Accessing hidden method Lsun/misc/Unsafe;->putLong(Ljava/lang/Object;JJ)V (greylist, linking, allowed)
12-01 06:39:27.940  19681  23694 W igation.testap: Accessing hidden method Lsun/misc/Unsafe;->putInt(Ljava/lang/Object;JI)V (greylist, linking, allowed)
12-01 06:39:27.940  19681  23694 W igation.testap: Accessing hidden method Lsun/misc/Unsafe;->putObject(Ljava/lang/Object;JLjava/lang/Object;)V (greylist, linking, allowed)
12-01 06:39:27.940  19681  23694 W igation.testap: Accessing hidden method Lsun/misc/Unsafe;->getObject(Ljava/lang/Object;J)Ljava/lang/Object; (greylist, linking, allowed)
12-01 06:39:28.183  4808  4808 E STFService: run1: 3.2.8
12-01 06:39:28.193  4808  4808 I STFService: sendNetworkClass:  CellSignalLte:{alphaLong=Vi India, rssi=-65, mnc=7, level=4, bandwidth=2147483647, ci=828734, asulevel=46, parametersUseForLevel=-94, rsrp=-94, rssnr=2147483647, bands=[], mcc=404, ta=21, mAdditionalPlmns=unknown, sinr=2147483647, csgInfo=unknown, rsrq=-12, pci=95, tac=24314, alphaShort=Vi India, cqi=2147483647, earfcn=41140}
12-01 06:39:28.196  4808  4808 I STFService: sendNetworkClass:  CellSignalLte:{alphaLong=, rssi=-69, mnc=2147483647, level=4, bandwidth=2147483647, ci=2147483647, asulevel=41, parametersUseForLevel=-99, rsrp=-99, rssnr=2147483647, bands=[], mcc=2147483647, ta=2147483647, mAdditionalPlmns=unknown, sinr=2147483647, csgInfo=unknown, rsrq=-17, pci=93, tac=2147483647, alphaShort=, cqi=2147483647, earfcn=41140}
12-01 06:39:28.202  4808  4808 I STFService: sendNetworkClass:  EPDGInfo:{dns_server_4=2001:4860:4860::6464, ip_address_1=10.41.105.46, dns_server_3=2402:3a80:1fff:40::4, ip_address_2=2402:8100:25d9:65c0:ed4e:44d8:6ea2:1a75, dns_server_2=8.8.8.8, dns_server_1=10.95.11.110, max_downstream_bandwidth=30000, is_secure=true, tunneling_protocol=rmnet_data1, max_upstream_bandwidth=15000}
12-01 06:39:28.223  19681  23694 W igation.testap: Accessing hidden method Lsun/misc/Unsafe;->getInt(Ljava/lang/Object;J)I (greylist, linking, allowed)
12-01 06:39:28.223  19681  23694 W igation.testap: Accessing hidden method Lsun/misc/Unsafe;->getObject(Ljava/lang/Object;J)Ljava/lang/Object; (greylist, linking, allowed)
12-01 06:39:28.255  2790  4588 I FusedLocation: location delivery to 10131/com.google.android.gms[.location_base]/635a969b blocked - too fast [CONTEXT service_id=6 ]

12-01 06:39:28.256  2790  4588 I FusedLocation: location delivery to 10194/jp.co.cyberagent.stf/c9da0782 blocked - too fast [CONTEXT service_id=6 ]

12-01 06:39:28.257  2790  4588 I FusedLocation: location delivery to 10131/com.google.android.gms[.location_base]/4237f68b blocked - too close [CONTEXT service_id=6 ]

12-01 06:39:28.257  2790  4588 I FusedLocation: location delivery to 10131/com.google.android.gms[.personalsafety]/ed20e3af blocked - too fast [CONTEXT service_id=6 ]

12-01 06:39:28.258  2790  4588 I FusedLocation: location delivery to 10171/com.zihua.android.mytracks/69f52c0a blocked - too fast [CONTEXT service_id=6 ]

12-01 06:39:28.258  2790  4588 I FusedLocation: location delivery to 10131/com.google.android.gms[.personalsafety]/462676cb blocked - too fast [CONTEXT service_id=6 ]

12-01 06:39:28.266  19681  23694 W igation.testap: Accessing hidden method Lsun/misc/Unsafe;->getInt(Ljava/lang/Object;J)I (greylist, linking, allowed)
12-01 06:39:28.266  19681  23694 W igation.testap: Accessing hidden method Lsun/misc/Unsafe;->getObject(Ljava/lang/Object;J)Ljava/lang/Object; (greylist, linking, allowed)
12-01 06:39:28.267  19681  23694 W igation.testap: Accessing hidden method Lsun/misc/Unsafe;->compareAndSwapObject(Ljava/lang/Object;JLjava/lang/Object;Ljava/lang/Object;)Z (greylist, linking, allowed)
12-01 06:39:28.268  19681  23694 W igation.testap: Accessing hidden method Lsun/misc/Unsafe;->getLong(Ljava/lang/Object;J)J (greylist,core-platform-api, linking, allowed)
12-01 06:39:28.269  19681  23694 I native: I0000 00:00:1701412768.268932   23694 map-location-tracker.cc:414] MapLocationTracker called with 21 existing on-segment hypotheses, 0 existing off-segment hypotheses, 3 queued observations at time 61323805.

12-01 06:39:28.275  737  737 I sensors-hal: flush:260, android.sensor.gravity/91
12-01 06:39:28.275  737  737 I sensors-hal: flush:268, android.sensor.gravity/91 completed
12-01 06:39:28.275  737  737 I sensors-hal: flush:260, android.sensor.linear_acceleration/101
12-01 06:39:28.275  737  737 I sensors-hal: flush:268, android.sensor.linear_acceleration/101 completed
12-01 06:39:28.275  737  737 I sensors-hal: flush:260, android.sensor.gyroscope_uncalibrated/161
12-01 06:39:28.275  737  737 I sensors-hal: flush:268, android.sensor.gyroscope_uncalibrated/161 completed
12-01 06:39:28.276  19681  23686 W igation.testap: Accessing hidden method Lsun/misc/Unsafe;->compareAndSwapObject(Ljava/lang/Object;JLjava/lang/Object;Ljava/lang/Object;)Z (greylist, linking, allowed)
12-01 06:39:28.302  19681  23694 I native: I0000 00:00:1701412768.301796   23694 map-location-tracker.cc:845] time_ms: 61323805 MapTrackingResult[lat/lng=17.4587960,78.3665745 speed=0.24 bearing=289.58 alti=nanm, on_road=1 in_startup_confusion=0 posn_acc=9.65 spd_acc=1.36 bear_acc=6.72 alti_acc=inf segment=Hitech City Rd:0xCB2E5AB44408B5F5:0x5:[17.4587410,78.3667573 31.2m 289°, r-246.3m]x11m->1/1#[σ 5.00m 6.4°] meters_on_segment=20.32 across: nan off_mode_probability=1.00 {level=unknown} [nmm loc] ]

12-01 06:39:28.305  19681  23694 W igation.testap: Accessing hidden method Lsun/misc/Unsafe;->getInt(Ljava/lang/Object;J)I (greylist, linking, allowed)
12-01 06:39:28.306  19681  23694 W igation.testap: Accessing hidden method Lsun/misc/Unsafe;->putInt(Ljava/lang/Object;JI)V (greylist, linking, allowed)
12-01 06:39:28.306  19681  23694 W igation.testap: Accessing hidden method Lsun/misc/Unsafe;->getObject(Ljava/lang/Object;J)Ljava/lang/Object; (greylist, linking, allowed)
12-01 06:39:28.306  19681  23694 W igation.testap: Accessing hidden method Lsun/misc/Unsafe;->putObject(Ljava/lang/Object;JLjava/lang/Object;)V (greylist, linking, allowed)
12-01 06:39:28.316  19681  23694 I native: I0000 00:00:1701412768.316023   23694 patchwork-snaptile-integrator.cc:533] DoFollowUpWork: 8 tiles currently loaded.

12-01 06:39:28.316  19681  23870 W igation.testap: Accessing hidden method Lsun/misc/Unsafe;->getInt(Ljava/lang/Object;J)I (greylist, linking, allowed)
12-01 06:39:28.316  19681  23870 W igation.testap: Accessing hidden method Lsun/misc/Unsafe;->getObject(Ljava/lang/Object;J)Ljava/lang/Object; (greylist, linking, allowed)
12-01 06:39:28.317  19681  23694 W igation.testap: Accessing hidden method Lsun/misc/Unsafe;->putLong(Ljava/lang/Object;JJ)V (greylist, linking, allowed)
12-01 06:39:28.317  19681  23694 W igation.testap: Accessing hidden method Lsun/misc/Unsafe;->putInt(Ljava/lang/Object;JI)V (greylist, linking, allowed)
12-01 06:39:28.317  19681  23694 W igation.testap: Accessing hidden method Lsun/misc/Unsafe;->putObject(Ljava/lang/Object;JLjava/lang/Object;)V (greylist, linking, allowed)
12-01 06:39:28.318  19681  19894 W igation.testap: Accessing hidden method Lsun/misc/Unsafe;->putObject(Ljava/lang/Object;JLjava/lang/Object;)V (greylist, linking, allowed)
12-01 06:39:28.320  19681  19894 I chatty: uid=10168(com.google.android.libraries.navigation.testapp) Background_8 identical 1 line
12-01 06:39:28.321  19681  19894 W igation.testap: Accessing hidden method Lsun/misc/Unsafe;->putObject(Ljava/lang/Object;JLjava/lang/Object;)V (greylist, linking, allowed)
12-01 06:39:28.321  19681  19894 W igation.testap: Accessing hidden method Lsun/misc/Unsafe;->putInt(Ljava/lang/Object;JI)V (greylist, linking, allowed)
12-01 06:39:28.336  19681  23870 I native: I0000 00:00:1701412768.336043   23870 guider.cc:320] [NAV][OnLocationChanged] : (38) (routes: *38=0.999914, 48=0.674039) 816.451m (next: 41.9689m) speed: 0.243686m/s

12-01 06:39:28.338  19681  23870 W igation.testap: Accessing hidden method Lsun/misc/Unsafe;->putInt(Ljava/lang/Object;JI)V (greylist, linking, allowed)
12-01 06:39:28.338  19681  23870 W igation.testap: Accessing hidden method Lsun/misc/Unsafe;->putObject(Ljava/lang/Object;JLjava/lang/Object;)V (greylist, linking, allowed)
12-01 06:39:28.350  19681  23870 W igation.testap: Accessing hidden method Lsun/misc/Unsafe;->putInt(Ljava/lang/Object;JI)V (greylist, linking, allowed)
12-01 06:39:28.350  19681  23870 W igation.testap: Accessing hidden method Lsun/misc/Unsafe;->getObject(Ljava/lang/Object;J)Ljava/lang/Object; (greylist, linking, allowed)
12-01 06:39:28.351  19681  23870 W igation.testap: Accessing hidden method Lsun/misc/Unsafe;->getInt(Ljava/lang/Object;J)I (greylist, linking, allowed)
12-01 06:39:28.351  19681  23870 W igation.testap: Accessing hidden method Lsun/misc/Unsafe;->putLong(Ljava/lang/Object;JJ)V (greylist, linking, allowed)
12-01 06:39:28.361  19681  23870 W igation.testap: Accessing hidden method Lsun/misc/Unsafe;->compareAndSwapObject(Ljava/lang/Object;JLjava/lang/Object;Ljava/lang/Object;)Z (greylist, linking, allowed)
12-01 06:39:28.400  723  16407 I vendor.qti.bluetooth@1.0-ibs_handler: ProcessIbsCmd: Received IBS_WAKE_IND: 0xFD
12-01 06:39:28.400  723  16407 D vendor.qti.bluetooth@1.0-ibs_handler: SerialClockVote: vote for UART CLK ON
12-01 06:39:28.404  723  16407 D vendor.qti.bluetooth@1.0-wake_lock: Acquire wakelock is acquired 
12-01 06:39:28.404  723  16407 I vendor.qti.bluetooth@1.0-ibs_handler: ProcessIbsCmd: Writing IBS_WAKE_ACK
12-01 06:39:28.406  19681  19681 W igation.testap: Accessing hidden method Lsun/misc/Unsafe;->getInt(Ljava/lang/Object;J)I (greylist, linking, allowed)
12-01 06:39:28.407  19681  19681 W igation.testap: Accessing hidden method Lsun/misc/Unsafe;->getObject(Ljava/lang/Object;J)Ljava/lang/Object; (greylist, linking, allowed)
12-01 06:39:28.417  16309  16411 V bt_stack: [VERBOSE1:btm_ble_gap.cc(1847)] btm_ble_process_adv_addr: bda=6c:ed:00:63:c5:b0

12-01 06:39:28.417  16309  16411 V bt_stack: [VERBOSE1:btm_ble_gap.cc(2052)]  Waiting for scan response 6c:ed:00:63:c5:b0

12-01 06:39:28.446  723  16407 I vendor.qti.bluetooth@1.0-ibs_handler: ProcessIbsCmd: Received IBS_SLEEP_IND: 0xFE
12-01 06:39:28.446  723  16407 D vendor.qti.bluetooth@1.0-ibs_handler: SerialClockVote: vote for UART CLK OFF
12-01 06:39:28.463  2262  2947 D NetworkController.MobileSignalController(3): onSignalStrengthsChanged signalStrength=SignalStrength:{mCdma=CellSignalStrengthCdma: cdmaDbm=2147483647 cdmaEcio=2147483647 evdoDbm=2147483647 evdoEcio=2147483647 evdoSnr=2147483647 level=0,mGsm=CellSignalStrengthGsm: rssi=2147483647 ber=2147483647 mTa=2147483647 mLevel=0,mWcdma=CellSignalStrengthWcdma: ss=2147483647 ber=2147483647 rscp=2147483647 ecno=2147483647 level=0,mTdscdma=CellSignalStrengthTdscdma: rssi=2147483647 ber=2147483647 rscp=2147483647 level=0,mLte=CellSignalStrengthLte: rssi=-63 rsrp=-94 rsrq=-12 rssnr=26 cqi=2147483647 ta=2147483647 level=4,mNr=CellSignalStrengthNr:{ csiRsrp = 2147483647 csiRsrq = 2147483647 csiSinr = 2147483647 ssRsrp = 2147483647 ssRsrq = 2147483647 ssSinr = 2147483647 level = 0 },primary=CellSignalStrengthLte} level=4
12-01 06:39:28.463  2262  2947 D NetworkController.MobileSignalController(3): updateTelephonySignalStrength: hasService=true ss=SignalStrength:{mCdma=CellSignalStrengthCdma: cdmaDbm=2147483647 cdmaEcio=2147483647 evdoDbm=2147483647 evdoEcio=2147483647 evdoSnr=2147483647 level=0,mGsm=CellSignalStrengthGsm: rssi=2147483647 ber=2147483647 mTa=2147483647 mLevel=0,mWcdma=CellSignalStrengthWcdma: ss=2147483647 ber=2147483647 rscp=2147483647 ecno=2147483647 level=0,mTdscdma=CellSignalStrengthTdscdma: rssi=2147483647 ber=2147483647 rscp=2147483647 level=0,mLte=CellSignalStrengthLte: rssi=-63 rsrp=-94 rsrq=-12 rssnr=26 cqi=2147483647 ta=2147483647 level=4,mNr=CellSignalStrengthNr:{ csiRsrp = 2147483647 csiRsrq = 2147483647 csiSinr = 2147483647 ssRsrp = 2147483647 ssRsrq = 2147483647 ssSinr = 2147483647 level = 0 },primary=CellSignalStrengthLte}
12-01 06:39:28.464  1243  4915 I haohaov: [HMDenterprise broadcastIntentLocked] intent=Intent { act=android.intent.action.SIG_STR (has extras) }
12-01 06:39:28.466  19700  19700 W s.gnettracklit: Accessing hidden field Landroid/telephony/CellSignalStrengthWcdma;->mEcNo:I (blacklist, reflection, denied)
12-01 06:39:28.467  2585  6979 D PhoneInterfaceManager: [PhoneIntfMgr] isDataEnabled: subId=3 phoneId=0
12-01 06:39:28.467  2585  6979 D PhoneInterfaceManager: [PhoneIntfMgr] isDataEnabled: subId=3 retVal=true
12-01 06:39:28.471  2585  6979 D PhoneInterfaceManager: [PhoneIntfMgr] isUserDataEnabled: subId=3 phoneId=0
12-01 06:39:28.475  2585  6979 D PhoneInterfaceManager: [PhoneIntfMgr] isUserDataEnabled: subId=3 retVal=true
12-01 06:39:28.496  723  16407 I vendor.qti.bluetooth@1.0-ibs_handler: ProcessIbsCmd: Received IBS_WAKE_IND: 0xFD
12-01 06:39:28.496  723  16407 D vendor.qti.bluetooth@1.0-ibs_handler: SerialClockVote: vote for UART CLK ON
12-01 06:39:28.496  723  16407 I vendor.qti.bluetooth@1.0-ibs_handler: ProcessIbsCmd: Writing IBS_WAKE_ACK
12-01 06:39:28.498  16309  16411 V bt_stack: [VERBOSE1:btm_ble_gap.cc(1847)] btm_ble_process_adv_addr: bda=6c:ed:00:63:c5:b0

12-01 06:39:28.498  16309  16411 V bt_stack: [VERBOSE1:btm_ble_gap.cc(2052)]  Waiting for scan response 6c:ed:00:63:c5:b0

12-01 06:39:28.537  723  16407 I vendor.qti.bluetooth@1.0-ibs_handler: ProcessIbsCmd: Received IBS_SLEEP_IND: 0xFE
12-01 06:39:28.538  723  16407 D vendor.qti.bluetooth@1.0-ibs_handler: SerialClockVote: vote for UART CLK OFF
12-01 06:39:28.620  737  737 I sensors-hal: flush:260, android.sensor.gravity/91
12-01 06:39:28.621  737  737 I sensors-hal: flush:268, android.sensor.gravity/91 completed
12-01 06:39:28.621  737  737 I sensors-hal: flush:260, android.sensor.linear_acceleration/101
12-01 06:39:28.621  737  737 I sensors-hal: flush:268, android.sensor.linear_acceleration/101 completed
12-01 06:39:28.621  737  737 I sensors-hal: flush:260, android.sensor.gyroscope_uncalibrated/161
12-01 06:39:28.622  737  737 I sensors-hal: flush:268, android.sensor.gyroscope_uncalibrated/161 completed
12-01 06:39:28.622  19681  23686 W igation.testap: Accessing hidden method Lsun/misc/Unsafe;->compareAndSwapObject(Ljava/lang/Object;JLjava/lang/Object;Ljava/lang/Object;)Z (greylist, linking, allowed)
12-01 06:39:28.634  19681  23694 W igation.testap: Accessing hidden method Lsun/misc/Unsafe;->getInt(Ljava/lang/Object;J)I (greylist, linking, allowed)
12-01 06:39:28.634  19681  23694 W igation.testap: Accessing hidden method Lsun/misc/Unsafe;->putLong(Ljava/lang/Object;JJ)V (greylist, linking, allowed)
12-01 06:39:28.634  19681  23694 W igation.testap: Accessing hidden method Lsun/misc/Unsafe;->putInt(Ljava/lang/Object;JI)V (greylist, linking, allowed)
12-01 06:39:28.634  19681  23694 W igation.testap: Accessing hidden method Lsun/misc/Unsafe;->putObject(Ljava/lang/Object;JLjava/lang/Object;)V (greylist, linking, allowed)
12-01 06:39:28.634  19681  23694 W igation.testap: Accessing hidden method Lsun/misc/Unsafe;->getObject(Ljava/lang/Object;J)Ljava/lang/Object; (greylist, linking, allowed)
12-01 06:39:28.688  723  16371 D vendor.qti.bluetooth@1.0-wake_lock: Release wakelock is released 
12-01 06:39:28.738  2585  26906 D PhoneInterfaceManager: [PhoneIntfMgr] getCellLocation: is active user
12-01 06:39:28.831  2585  6979 D PhoneInterfaceManager: [PhoneIntfMgr] getLine1NumberForDisplay returning null
12-01 06:39:28.838  1243  4915 W DevicePolicyManager: Package com.gyokovsolutions.gnettracklite (uid=10173, pid=19700) cannot access Device IDs
12-01 06:39:28.839  2585  6979 W TelephonyPermissions: reportAccessDeniedToReadIdentifiers:com.gyokovsolutions.gnettracklite:getSubscriberId:isPreinstalled=false:isPrivApp=false
12-01 06:39:28.968  737  737 I sensors-hal: flush:260, android.sensor.gravity/91
12-01 06:39:28.968  737  737 I sensors-hal: flush:268, android.sensor.gravity/91 completed
12-01 06:39:28.969  737  737 I sensors-hal: flush:260, android.sensor.linear_acceleration/101
12-01 06:39:28.969  737  737 I sensors-hal: flush:268, android.sensor.linear_acceleration/101 completed
12-01 06:39:28.969  737  737 I sensors-hal: flush:260, android.sensor.gyroscope_uncalibrated/161
12-01 06:39:28.969  737  737 I sensors-hal: flush:268, android.sensor.gyroscope_uncalibrated/161 completed
12-01 06:39:28.969  19681  23686 W igation.testap: Accessing hidden method Lsun/misc/Unsafe;->compareAndSwapObject(Ljava/lang/Object;JLjava/lang/Object;Ljava/lang/Object;)Z (greylist, linking, allowed)
12-01 06:39:28.989  19681  23694 W igation.testap: Accessing hidden method Lsun/misc/Unsafe;->getInt(Ljava/lang/Object;J)I (greylist, linking, allowed)
12-01 06:39:28.989  19681  23694 W igation.testap: Accessing hidden method Lsun/misc/Unsafe;->putLong(Ljava/lang/Object;JJ)V (greylist, linking, allowed)
12-01 06:39:28.989  19681  23694 W igation.testap: Accessing hidden method Lsun/misc/Unsafe;->putInt(Ljava/lang/Object;JI)V (greylist, linking, allowed)
12-01 06:39:28.989  19681  23694 W igation.testap: Accessing hidden method Lsun/misc/Unsafe;->putObject(Ljava/lang/Object;JLjava/lang/Object;)V (greylist, linking, allowed)
12-01 06:39:28.989  19681  23694 W igation.testap: Accessing hidden method Lsun/misc/Unsafe;->getObject(Ljava/lang/Object;J)Ljava/lang/Object; (greylist, linking, allowed)
12-01 06:39:29.068  723  16407 I vendor.qti.bluetooth@1.0-ibs_handler: ProcessIbsCmd: Received IBS_WAKE_IND: 0xFD
12-01 06:39:29.068  723  16407 D vendor.qti.bluetooth@1.0-ibs_handler: SerialClockVote: vote for UART CLK ON
12-01 06:39:29.070  723  16407 D vendor.qti.bluetooth@1.0-wake_lock: Acquire wakelock is acquired 
12-01 06:39:29.071  723  16407 I vendor.qti.bluetooth@1.0-ibs_handler: ProcessIbsCmd: Writing IBS_WAKE_ACK
12-01 06:39:29.073  16309  16411 V bt_stack: [VERBOSE1:btm_ble_gap.cc(1847)] btm_ble_process_adv_addr: bda=44:54:96:7b:e5:50

12-01 06:39:29.073  16309  16411 V bt_stack: [VERBOSE1:btm_ble_gap.cc(2052)]  Waiting for scan response 44:54:96:7b:e5:50

12-01 06:39:29.074  16309  16411 V bt_stack: [VERBOSE1:btm_ble_gap.cc(1847)] btm_ble_process_adv_addr: bda=44:54:96:7b:e5:50

12-01 06:39:29.074  16309  16411 V bt_stack: [VERBOSE1:btm_ble_gap.cc(2052)]  Waiting for scan response 44:54:96:7b:e5:50

12-01 06:39:29.112  723  16407 I vendor.qti.bluetooth@1.0-ibs_handler: ProcessIbsCmd: Received IBS_SLEEP_IND: 0xFE
12-01 06:39:29.112  723  16407 D vendor.qti.bluetooth@1.0-ibs_handler: SerialClockVote: vote for UART CLK OFF
12-01 06:39:29.204  4808  4808 E STFService: run1: 3.2.8
12-01 06:39:29.209  19681  23685 W igation.testap: Accessing hidden method Lsun/misc/Unsafe;->getInt(Ljava/lang/Object;J)I (greylist, linking, allowed)
12-01 06:39:29.209  19681  23685 W igation.testap: Accessing hidden method Lsun/misc/Unsafe;->getObject(Ljava/lang/Object;J)Ljava/lang/Object; (greylist, linking, allowed)
12-01 06:39:29.209  19681  23685 W igation.testap: Accessing hidden method Lsun/misc/Unsafe;->putObject(Ljava/lang/Object;JLjava/lang/Object;)V (greylist, linking, allowed)
12-01 06:39:29.209  19681  23685 W igation.testap: Accessing hidden method Lsun/misc/Unsafe;->putInt(Ljava/lang/Object;JI)V (greylist, linking, allowed)
12-01 06:39:29.210  19681  23685 W igation.testap: Accessing hidden method Lsun/misc/Unsafe;->getLong(Ljava/lang/Object;J)J (greylist,core-platform-api, linking, allowed)
12-01 06:39:29.210  19681  23685 W igation.testap: Accessing hidden method Lsun/misc/Unsafe;->putLong(Ljava/lang/Object;JJ)V (greylist, linking, allowed)
12-01 06:39:29.212  19681  23685 W igation.testap: Accessing hidden method Lsun/misc/Unsafe;->putInt(Ljava/lang/Object;JI)V (greylist, linking, allowed)
12-01 06:39:29.214  19681  23685 W igation.testap: Accessing hidden method Lsun/misc/Unsafe;->putInt(Ljava/lang/Object;JI)V (greylist, linking, allowed)
12-01 06:39:29.215  4808  4808 I STFService: sendNetworkClass:  CellSignalLte:{alphaLong=Vi India, rssi=-65, mnc=7, level=4, bandwidth=2147483647, ci=828734, asulevel=46, parametersUseForLevel=-94, rsrp=-94, rssnr=2147483647, bands=[], mcc=404, ta=21, mAdditionalPlmns=unknown, sinr=2147483647, csgInfo=unknown, rsrq=-12, pci=95, tac=24314, alphaShort=Vi India, cqi=2147483647, earfcn=41140}
12-01 06:39:29.216  19681  23685 W igation.testap: Accessing hidden method Lsun/misc/Unsafe;->putInt(Ljava/lang/Object;JI)V (greylist, linking, allowed)
12-01 06:39:29.216  4808  4808 I STFService: sendNetworkClass:  CellSignalLte:{alphaLong=, rssi=-69, mnc=2147483647, level=4, bandwidth=2147483647, ci=2147483647, asulevel=41, parametersUseForLevel=-99, rsrp=-99, rssnr=2147483647, bands=[], mcc=2147483647, ta=2147483647, mAdditionalPlmns=unknown, sinr=2147483647, csgInfo=unknown, rsrq=-17, pci=93, tac=2147483647, alphaShort=, cqi=2147483647, earfcn=41140}
12-01 06:39:29.216  19681  23685 W igation.testap: Accessing hidden method Lsun/misc/Unsafe;->putInt(Ljava/lang/Object;JI)V (greylist, linking, allowed)
12-01 06:39:29.221  19681  23685 I chatty: uid=10168(com.google.android.libraries.navigation.testapp) Labeling identical 6 lines
12-01 06:39:29.224  19681  23685 W igation.testap: Accessing hidden method Lsun/misc/Unsafe;->putInt(Ljava/lang/Object;JI)V (greylist, linking, allowed)
12-01 06:39:29.224  4808  4894 I STFService: CoreFrequency index: 0 current: 1804800 max: 1804800
12-01 06:39:29.226  4808  4894 I STFService: CoreFrequency index: 1 current: 1804800 max: 1804800
12-01 06:39:29.228  19681  23685 W igation.testap: Accessing hidden method Lsun/misc/Unsafe;->putInt(Ljava/lang/Object;JI)V (greylist, linking, allowed)
12-01 06:39:29.230  4808  4894 I STFService: CoreFrequency index: 2 current: 1804800 max: 1804800
12-01 06:39:29.230  4808  4808 I STFService: sendNetworkClass:  EPDGInfo:{dns_server_4=2001:4860:4860::6464, ip_address_1=10.41.105.46, dns_server_3=2402:3a80:1fff:40::4, ip_address_2=2402:8100:25d9:65c0:ed4e:44d8:6ea2:1a75, dns_server_2=8.8.8.8, dns_server_1=10.95.11.110, max_downstream_bandwidth=30000, is_secure=true, tunneling_protocol=rmnet_data1, max_upstream_bandwidth=15000}
12-01 06:39:29.235  4808  4894 I STFService: CoreFrequency index: 3 current: 1804800 max: 1804800
12-01 06:39:29.239  19681  23685 W igation.testap: Accessing hidden method Lsun/misc/Unsafe;->getLong(Ljava/lang/Object;J)J (greylist,core-platform-api, linking, allowed)
12-01 06:39:29.239  19681  23685 W igation.testap: Accessing hidden method Lsun/misc/Unsafe;->getInt(Ljava/lang/Object;J)I (greylist, linking, allowed)
12-01 06:39:29.251  4808  4894 I STFService: CoreFrequency index: 4 current: 1612800 max: 1612800
12-01 06:39:29.263  723  16371 D vendor.qti.bluetooth@1.0-wake_lock: Release wakelock is released 
12-01 06:39:29.270  4808  4894 I STFService: CoreFrequency index: 5 current: 1612800 max: 1612800
12-01 06:39:29.275  4808  4894 I STFService: CoreFrequency index: 6 current: 1612800 max: 1612800
12-01 06:39:29.282  4808  4894 I STFService: CoreFrequency index: 7 current: 1612800 max: 1612800
12-01 06:39:29.283  2790  4588 I FusedLocation: location delivery to 10131/com.google.android.gms[.location_base]/635a969b blocked - too fast [CONTEXT service_id=6 ]

12-01 06:39:29.286  19681  23694 W igation.testap: Accessing hidden method Lsun/misc/Unsafe;->getInt(Ljava/lang/Object;J)I (greylist, linking, allowed)
12-01 06:39:29.286  19681  23694 W igation.testap: Accessing hidden method Lsun/misc/Unsafe;->getObject(Ljava/lang/Object;J)Ljava/lang/Object; (greylist, linking, allowed)
12-01 06:39:29.286  19681  23694 W igation.testap: Accessing hidden method Lsun/misc/Unsafe;->compareAndSwapObject(Ljava/lang/Object;JLjava/lang/Object;Ljava/lang/Object;)Z (greylist, linking, allowed)
12-01 06:39:29.286  2790  4588 I FusedLocation: location delivery to 10131/com.google.android.gms[.location_base]/4237f68b blocked - too close [CONTEXT service_id=6 ]

12-01 06:39:29.286  2790  4588 I FusedLocation: location delivery to 10131/com.google.android.gms[.personalsafety]/ed20e3af blocked - too fast [CONTEXT service_id=6 ]

12-01 06:39:29.287  19681  23694 W igation.testap: Accessing hidden method Lsun/misc/Unsafe;->getLong(Ljava/lang/Object;J)J (greylist,core-platform-api, linking, allowed)
12-01 06:39:29.288  4808  4808 I STFLocationUtils: onLocationResult: Location[fused 17.458866,78.366705 hAcc=29 et=+17h2m4s817ms alt=540.300048828125 vel=0.287777 bear=296.16132 vAcc=4 sAcc=2 bAcc=38 {Bundle[mParcelledData.dataSize=928]}]
12-01 06:39:29.288  4808  4808 I STFService: onLocationUpdate: Location[fused 17.458866,78.366705 hAcc=29 et=+17h2m4s817ms alt=540.300048828125 vel=0.287777 bear=296.16132 vAcc=4 sAcc=2 bAcc=38 {Bundle[mParcelledData.dataSize=928]}]
12-01 06:39:29.288  19681  23694 I native: I0000 00:00:1701412769.288729   23694 map-location-tracker.cc:414] MapLocationTracker called with 19 existing on-segment hypotheses, 0 existing off-segment hypotheses, 3 queued observations at time 61324818.

12-01 06:39:29.288  2790  4588 I FusedLocation: location delivery to 10131/com.google.android.gms[.personalsafety]/462676cb blocked - too fast [CONTEXT service_id=6 ]

12-01 06:39:29.289  4808  4808 I STFService: Location: provider fused;latitude 17.4588658;longitude 78.3667049
12-01 06:39:29.317  19681  23694 I native: I0000 00:00:1701412769.317209   23694 map-location-tracker.cc:845] time_ms: 61324818 MapTrackingResult[lat/lng=17.4587909,78.3665900 speed=0.22 bearing=289.21 alti=nanm, on_road=1 in_startup_confusion=0 posn_acc=9.41 spd_acc=1.39 bear_acc=6.70 alti_acc=inf segment=Hitech City Rd:0xCB2E5AB44408B5F5:0x5:[17.4587410,78.3667573 31.2m 289°, r-246.3m]x11m->1/1#[σ 5.00m 6.4°] meters_on_segment=18.58 across: nan off_mode_probability=1.00 {level=unknown} [nmm loc] ]

12-01 06:39:29.321  19681  23694 W igation.testap: Accessing hidden method Lsun/misc/Unsafe;->putInt(Ljava/lang/Object;JI)V (greylist, linking, allowed)
12-01 06:39:29.321  19681  23694 W igation.testap: Accessing hidden method Lsun/misc/Unsafe;->putObject(Ljava/lang/Object;JLjava/lang/Object;)V (greylist, linking, allowed)
12-01 06:39:29.324  737  737 I sensors-hal: flush:260, android.sensor.gravity/91
12-01 06:39:29.324  737  737 I sensors-hal: flush:268, android.sensor.gravity/91 completed
12-01 06:39:29.325  737  737 I sensors-hal: flush:260, android.sensor.linear_acceleration/101
12-01 06:39:29.325  737  737 I sensors-hal: flush:268, android.sensor.linear_acceleration/101 completed
12-01 06:39:29.325  19681  23694 W igation.testap: Accessing hidden method Lsun/misc/Unsafe;->getObject(Ljava/lang/Object;J)Ljava/lang/Object; (greylist, linking, allowed)
12-01 06:39:29.325  737  737 I sensors-hal: flush:260, android.sensor.gyroscope_uncalibrated/161
12-01 06:39:29.325  737  737 I sensors-hal: flush:268, android.sensor.gyroscope_uncalibrated/161 completed
12-01 06:39:29.325  19681  23686 W igation.testap: Accessing hidden method Lsun/misc/Unsafe;->compareAndSwapObject(Ljava/lang/Object;JLjava/lang/Object;Ljava/lang/Object;)Z (greylist, linking, allowed)
12-01 06:39:29.331  19681  23694 I native: I0000 00:00:1701412769.331267   23694 patchwork-snaptile-integrator.cc:533] DoFollowUpWork: 8 tiles currently loaded.

12-01 06:39:29.334  752  880 I SDM: CompManager::ProcessIdleTimeout: QIPL idle time
12-01 06:39:29.336  19681  23870 W igation.testap: Accessing hidden method Lsun/misc/Unsafe;->getInt(Ljava/lang/Object;J)I (greylist, linking, allowed)
12-01 06:39:29.337  19681  23870 W igation.testap: Accessing hidden method Lsun/misc/Unsafe;->getObject(Ljava/lang/Object;J)Ljava/lang/Object; (greylist, linking, allowed)
12-01 06:39:29.347  19681  19886 W igation.testap: Accessing hidden method Lsun/misc/Unsafe;->putObject(Ljava/lang/Object;JLjava/lang/Object;)V (greylist, linking, allowed)
12-01 06:39:29.348  19681  19886 W igation.testap: Accessing hidden method Lsun/misc/Unsafe;->putInt(Ljava/lang/Object;JI)V (greylist, linking, allowed)
12-01 06:39:29.350  19681  19886 W igation.testap: Accessing hidden method Lsun/misc/Unsafe;->putObject(Ljava/lang/Object;JLjava/lang/Object;)V (greylist, linking, allowed)
12-01 06:39:29.351  19681  19886 W igation.testap: Accessing hidden method Lsun/misc/Unsafe;->putObject(Ljava/lang/Object;JLjava/lang/Object;)V (greylist, linking, allowed)
12-01 06:39:29.352  19681  23694 W igation.testap: Accessing hidden method Lsun/misc/Unsafe;->putLong(Ljava/lang/Object;JJ)V (greylist, linking, allowed)
12-01 06:39:29.361  19681  23870 W igation.testap: Accessing hidden method Lsun/misc/Unsafe;->getObject(Ljava/lang/Object;J)Ljava/lang/Object; (greylist, linking, allowed)
12-01 06:39:29.362  19681  23870 W igation.testap: Accessing hidden method Lsun/misc/Unsafe;->getInt(Ljava/lang/Object;J)I (greylist, linking, allowed)
12-01 06:39:29.370  19681  23870 I native: I0000 00:00:1701412769.370188   23870 guider.cc:320] [NAV][OnLocationChanged] : (38) (routes: *38=0.999915, 48=0.612587) 814.711m (next: 43.7084m) speed: 0.218339m/s

12-01 06:39:29.372  19681  23870 W igation.testap: Accessing hidden method Lsun/misc/Unsafe;->putInt(Ljava/lang/Object;JI)V (greylist, linking, allowed)
12-01 06:39:29.384  19681  23870 W igation.testap: Accessing hidden method Lsun/misc/Unsafe;->putInt(Ljava/lang/Object;JI)V (greylist, linking, allowed)
12-01 06:39:29.384  19681  23870 W igation.testap: Accessing hidden method Lsun/misc/Unsafe;->putObject(Ljava/lang/Object;JLjava/lang/Object;)V (greylist, linking, allowed)
12-01 06:39:29.385  19681  23870 W igation.testap: Accessing hidden method Lsun/misc/Unsafe;->putLong(Ljava/lang/Object;JJ)V (greylist, linking, allowed)
12-01 06:39:29.393  19681  23870 W igation.testap: Accessing hidden method Lsun/misc/Unsafe;->compareAndSwapObject(Ljava/lang/Object;JLjava/lang/Object;Ljava/lang/Object;)Z (greylist, linking, allowed)
12-01 06:39:29.431  4808  20921 E STFTelephonyUtils: NetworkPolicy: Neither user 10194 nor current process has android.permission.MANAGE_SUBSCRIPTION_PLANS.
12-01 06:39:29.435  1243  4915 D MmsServiceBroker: getCarrierConfigValues() by jp.co.cyberagent.stf
12-01 06:39:29.436  2585  26906 D MmsService: getCarrierConfigValues
12-01 06:39:29.436  2585  26906 I MmsService: mms config for sub 3: Bundle[{httpSocketTimeout=60000, aliasMinChars=2, smsUsesSimpleCharactersOnly=false, smsToMmsTextThreshold=-1, enableSMSDeliveryReports=true, mmsRoamingAutoRetrieveByDefault=false, smsDeliveryReportSettingOnByDefault=false, maxMessageTextSize=-1, supportMmsContentDisposition=true, enabledTransID=false, aliasEnabled=false, supportHttpCharsetHeader=false, allowAttachAudio=true, smsToMmsTextLengthThreshold=-1, recipientLimit=2147483647, groupChatDefaultsToMMS=false, uaProfTagName=x-wap-profile, aliasMaxChars=48, maxImageHeight=480, enableMMSDeliveryReports=false, userAgent=, mmsCloseConnection=false, config_cellBroadcastAppLinks=true, maxSubjectLength=40, httpParams=, enableGroupMms=true, emailGatewayNumber=, mms_auto_retrieve_enabled_bool=true, maxMessageSize=307200, naiSuffix=, enableMMSReadReports=false, maxImageWidth=640, uaProfUrl=http://useragentprofile.hmdglobal.com/uaprof/Default.xml, enabledMMS=true, enabledNotifyWapMMSC=false, sendMultipartSmsAsSeparateMessages=false, enableMultipartSMS=true}]
12-01 06:39:29.446  19681  19681 W igation.testap: Accessing hidden method Lsun/misc/Unsafe;->getInt(Ljava/lang/Object;J)I (greylist, linking, allowed)
12-01 06:39:29.447  19681  19681 W igation.testap: Accessing hidden method Lsun/misc/Unsafe;->getObject(Ljava/lang/Object;J)Ljava/lang/Object; (greylist, linking, allowed)
12-01 06:39:29.462  4808  20921 E STFTelephonyUtils: {CarrierConfigInfo: vvm_ssl_enabled_bool=false, smsToMmsTextThreshold=-1, CarrierConfigInfo: use_custom_video_ui=false, CarrierConfigInfo: opportunistic_network_max_backoff_time_long=60000, CarrierConfigInfo: allow_metered_network_for_cert_download_bool=false, CarrierConfigInfo: gsm_nonroaming_networks_string_array=null, CarrierConfigInfo: oem_config_tether_dun_required_int=2, CarrierConfigInfo: carrier_default_actions_on_redirection_string_array=[9, 4, 1], CarrierConfigInfo: unmetered_nr_nsa_sub6_bool=false, CarrierConfigInfo: gps.supl_host=supl.google.com, CarrierConfigInfo: broadcast_emergency_call_state_changes_bool=false, CarrierConfigInfo: enhanced_4g_lte_title_variant_int=0, CarrierConfigInfo: vilte_data_is_metered_bool=true, CarrierConfigInfo: support_enhanced_call_blocking_bool=true, CarrierConfigInfo: oem_key_permanent_auto_sel_mode_bool=true, CarrierConfigInfo: gps.supl_mode=1, CarrierConfigInfo: aliasMaxChars=48, CarrierConfigInfo: carrier_name_string=, CarrierConfigInfo: deny_vowifi_latch_in_airplane_mode_bool=false, CarrierConfigInfo: carrier_time_12_format_bool=false, CarrierConfigInfo: support_swap_after_merge_bool=false, CarrierConfigInfo: vvm_type_string=, CarrierConfigInfo: carrier_default_actions_on_reset_string_array=[6, 8], CarrierConfigInfo: httpParams=, CarrierConfigInfo: additional_settings_caller_id_visibility_bool=true, CarrierConfigInfo: opportunistic_network_data_switch_hysteresis_time_long=10000, CarrierConfigInfo: carrier_metered_apn_types_strings=[default, mms, dun, supl], CarrierConfigInfo: config_update_service_status=false, CarrierConfigInfo: oem_key_voicemail_string=, CarrierConfigInfo: call_redirection_service_component_name_string=null, CarrierConfigInfo: oem_label_wifi_call=, CarrierConfigInfo: call_forwarding_visibility_bool=true, Data Roaming=1, CarrierConfigInfo: carrier_wfc_ims_available_bool=false, allowAttachAudio=true, CarrierConfigInfo: editable_wfc_mode_bool=false, CarrierConfigInfo: data_limit_notification_bool=true, CarrierConfigInfo: opportunistic_network_data_switch_exit_hysteresis_time_long=3000, CarrierConfigInfo: spn_display_rule_use_roaming_from_service_state_bool=false, CarrierConfigInfo: opportunistic_network_exit_threshold_rsrp_int=-118, CarrierConfigInfo: gps.use_emergency_pdn_for_emergency_supl=1, CarrierConfigInfo: operator_selection_expand_bool=true, CarrierConfigInfo: rcs_config_server_url_string=, CarrierConfigInfo: imsi_key_availability_int=0, CarrierConfigInfo: config_enable_display_14digit_imei=false, CarrierConfigInfo: carrier_instant_lettering_escaped_chars_string=, CarrierConfigInfo: notify_handover_video_from_lte_to_wifi_bool=false, CarrierConfigInfo: display_voicemail_number_as_default_call_forwarding_number=false, CarrierConfigInfo: data_switch_validation_min_gap_long=0, CarrierConfigInfo: oem_not_allow_numbers_in_call_log_string=, CarrierConfigInfo: allow_emergency_numbers_in_call_log_bool=true, CarrierConfigInfo: show_static_image_ui=false, CarrierConfigInfo: use_hfa_for_provisioning_bool=false, CarrierConfigInfo: roaming_operator_string_array=[404, 405], naiSuffix=, CarrierConfigInfo: oem_bt_enable_def_bool=true, CarrierConfigInfo: notify_vt_handover_to_wifi_failure_bool=false, enableSMSDeliveryReports=true, CarrierConfigInfo: opportunistic_network_ping_pong_time_long=60000, CarrierConfigInfo: world_mode_enabled_bool=false, CarrierConfigInfo: show_4g_for_3g_data_icon_bool=false, CarrierConfigInfo: carrier_app_required_during_setup_bool=false, CarrierConfigInfo: ims_reasoninfo_mapping_string_array=null, CarrierConfigInfo: use_caller_id_ussd_bool=false, CarrierConfigInfo: boosted_lte_earfcns_string_array=null, CarrierConfigInfo: emergency_number_prefix_string_array=[], CarrierConfigInfo: support_tdscdma_roaming_networks_string_array=null, CarrierConfigInfo: use_only_rsrp_for_lte_signal_bar_bool=false, CarrierConfigInfo: ims_dtmf_tone_delay_int=0, CarrierConfigInfo: carrier_instant_lettering_encoding_string=, CarrierConfigInfo: ims_user_agent_string_formation=true, smsUsesSimpleCharactersOnly=false, C
12-01 06:39:29.470  4808  20921 I STFNetworkUtil: getHashMapProtoMessageEnvelopeWithId:  TelephonyData:{CarrierConfigInfo: vvm_ssl_enabled_bool=false, smsToMmsTextThreshold=-1, CarrierConfigInfo: use_custom_video_ui=false, CarrierConfigInfo: opportunistic_network_max_backoff_time_long=60000, CarrierConfigInfo: allow_metered_network_for_cert_download_bool=false, CarrierConfigInfo: gsm_nonroaming_networks_string_array=null, CarrierConfigInfo: oem_config_tether_dun_required_int=2, CarrierConfigInfo: carrier_default_actions_on_redirection_string_array=[9, 4, 1], CarrierConfigInfo: unmetered_nr_nsa_sub6_bool=false, CarrierConfigInfo: gps.supl_host=supl.google.com, CarrierConfigInfo: broadcast_emergency_call_state_changes_bool=false, CarrierConfigInfo: enhanced_4g_lte_title_variant_int=0, CarrierConfigInfo: vilte_data_is_metered_bool=true, CarrierConfigInfo: support_enhanced_call_blocking_bool=true, CarrierConfigInfo: oem_key_permanent_auto_sel_mode_bool=true, CarrierConfigInfo: gps.supl_mode=1, CarrierConfigInfo: aliasMaxChars=48, CarrierConfigInfo: carrier_name_string=, CarrierConfigInfo: deny_vowifi_latch_in_airplane_mode_bool=false, CarrierConfigInfo: carrier_time_12_format_bool=false, CarrierConfigInfo: support_swap_after_merge_bool=false, CarrierConfigInfo: vvm_type_string=, CarrierConfigInfo: carrier_default_actions_on_reset_string_array=[6, 8], CarrierConfigInfo: httpParams=, CarrierConfigInfo: additional_settings_caller_id_visibility_bool=true, CarrierConfigInfo: opportunistic_network_data_switch_hysteresis_time_long=10000, CarrierConfigInfo: carrier_metered_apn_types_strings=[default, mms, dun, supl], CarrierConfigInfo: config_update_service_status=false, CarrierConfigInfo: oem_key_voicemail_string=, CarrierConfigInfo: call_redirection_service_component_name_string=null, CarrierConfigInfo: oem_label_wifi_call=, CarrierConfigInfo: call_forwarding_visibility_bool=true, Data Roaming=1, CarrierConfigInfo: carrier_wfc_ims_available_bool=false, allowAttachAudio=true, CarrierConfigInfo: editable_wfc_mode_bool=false, CarrierConfigInfo: data_limit_notification_bool=true, CarrierConfigInfo: opportunistic_network_data_switch_exit_hysteresis_time_long=3000, CarrierConfigInfo: spn_display_rule_use_roaming_from_service_state_bool=false, CarrierConfigInfo: opportunistic_network_exit_threshold_rsrp_int=-118, CarrierConfigInfo: gps.use_emergency_pdn_for_emergency_supl=1, CarrierConfigInfo: operator_selection_expand_bool=true, CarrierConfigInfo: rcs_config_server_url_string=, CarrierConfigInfo: imsi_key_availability_int=0, CarrierConfigInfo: config_enable_display_14digit_imei=false, CarrierConfigInfo: carrier_instant_lettering_escaped_chars_string=, CarrierConfigInfo: notify_handover_video_from_lte_to_wifi_bool=false, CarrierConfigInfo: display_voicemail_number_as_default_call_forwarding_number=false, CarrierConfigInfo: data_switch_validation_min_gap_long=0, CarrierConfigInfo: oem_not_allow_numbers_in_call_log_string=, CarrierConfigInfo: allow_emergency_numbers_in_call_log_bool=true, CarrierConfigInfo: show_static_image_ui=false, CarrierConfigInfo: use_hfa_for_provisioning_bool=false, CarrierConfigInfo: roaming_operator_string_array=[404, 405], naiSuffix=, CarrierConfigInfo: oem_bt_enable_def_bool=true, CarrierConfigInfo: notify_vt_handover_to_wifi_failure_bool=false, enableSMSDeliveryReports=true, CarrierConfigInfo: opportunistic_network_ping_pong_time_long=60000, CarrierConfigInfo: world_mode_enabled_bool=false, CarrierConfigInfo: show_4g_for_3g_data_icon_bool=false, CarrierConfigInfo: carrier_app_required_during_setup_bool=false, CarrierConfigInfo: ims_reasoninfo_mapping_string_array=null, CarrierConfigInfo: use_caller_id_ussd_bool=false, CarrierConfigInfo: boosted_lte_earfcns_string_array=null, CarrierConfigInfo: emergency_number_prefix_string_array=[], CarrierConfigInfo: support_tdscdma_roaming_networks_string_array=null, CarrierConfigInfo: use_only_rsrp_for_lte_signal_bar_bool=false, CarrierConfigInfo: ims_dtmf_tone_delay_int=0, CarrierConfigInfo: carrier_instant_lettering_encoding_string=, CarrierConfigInfo: ims_user_agent_string_fo
12-01 06:39:29.635  19681  19880 W igation.testap: Accessing hidden method Lsun/misc/Unsafe;->compareAndSwapObject(Ljava/lang/Object;JLjava/lang/Object;Ljava/lang/Object;)Z (greylist, linking, allowed)
12-01 06:39:29.640  19681  23870 I AudioManager: In isBluetoothScoOn(), calling application: com.google.android.libraries.navigation.testapp
12-01 06:39:29.641  1243  4915 I AS.AudioDeviceBroker: In isBluetoothScoOnForApp(), mForcedUseForCommExt: 0
12-01 06:39:29.643  19681  23870 W igation.testap: Accessing hidden method Lsun/misc/Unsafe;->getInt(Ljava/lang/Object;J)I (greylist, linking, allowed)
12-01 06:39:29.643  19681  23870 W igation.testap: Accessing hidden method Lsun/misc/Unsafe;->getObject(Ljava/lang/Object;J)Ljava/lang/Object; (greylist, linking, allowed)
12-01 06:39:29.669  19681  19883 W igation.testap: Accessing hidden method Lsun/misc/Unsafe;->compareAndSwapObject(Ljava/lang/Object;JLjava/lang/Object;Ljava/lang/Object;)Z (greylist, linking, allowed)
12-01 06:39:29.673  1243  2010 I haohaov: [HMDenterprise broadcastIntentLocked] intent=Intent { act=GmsAlarm:NetworkLocationLocator:1079 flg=0x50000000 pkg=com.google.android.gms }
12-01 06:39:29.685  737  737 I sensors-hal: flush:260, android.sensor.gravity/91
12-01 06:39:29.685  737  737 I sensors-hal: flush:268, android.sensor.gravity/91 completed
12-01 06:39:29.685  737  737 I sensors-hal: flush:260, android.sensor.linear_acceleration/101
12-01 06:39:29.685  737  737 I sensors-hal: flush:268, android.sensor.linear_acceleration/101 completed
12-01 06:39:29.686  737  737 I sensors-hal: flush:260, android.sensor.gyroscope_uncalibrated/161
12-01 06:39:29.686  737  737 I sensors-hal: flush:268, android.sensor.gyroscope_uncalibrated/161 completed
12-01 06:39:29.695  19681  23694 W igation.testap: Accessing hidden method Lsun/misc/Unsafe;->getInt(Ljava/lang/Object;J)I (greylist, linking, allowed)
12-01 06:39:29.695  19681  23694 W igation.testap: Accessing hidden method Lsun/misc/Unsafe;->putLong(Ljava/lang/Object;JJ)V (greylist, linking, allowed)
12-01 06:39:29.695  19681  23694 W igation.testap: Accessing hidden method Lsun/misc/Unsafe;->putInt(Ljava/lang/Object;JI)V (greylist, linking, allowed)
12-01 06:39:29.695  19681  23694 W igation.testap: Accessing hidden method Lsun/misc/Unsafe;->putObject(Ljava/lang/Object;JLjava/lang/Object;)V (greylist, linking, allowed)
12-01 06:39:29.695  19681  23694 W igation.testap: Accessing hidden method Lsun/misc/Unsafe;->getObject(Ljava/lang/Object;J)Ljava/lang/Object; (greylist, linking, allowed)
12-01 06:39:29.696  2790  4725 W Settings: Setting airplane_mode_on has moved from android.provider.Settings.System to android.provider.Settings.Global, returning read-only value.
12-01 06:39:29.705  1243  3943 W AlarmManager: Alarms must either supply a PendingIntent or an AlarmReceiver
12-01 06:39:29.729  2585  6979 D PhoneInterfaceManager: [PhoneIntfMgr] getCellLocation: is active user
12-01 06:39:29.740  1243  3943 I haohaov: [HMDenterprise broadcastIntentLocked] intent=Intent { act=android.intent.action.MCC_CHANGED (has extras) }
12-01 06:39:29.741  1243  3943 E ActivityManager: Sending non-protected broadcast android.intent.action.MCC_CHANGED from system 2585:com.android.phone/1001 pkg com.android.phone
java.lang.Throwable
	at com.android.server.am.ActivityManagerService.checkBroadcastFromSystem(ActivityManagerService.java:14869)
	at com.android.server.am.ActivityManagerService.broadcastIntentLocked(ActivityManagerService.java:15578)
	at com.android.server.am.ActivityManagerService.broadcastIntentLocked(ActivityManagerService.java:14929)
	at com.android.server.am.ActivityManagerService.broadcastIntent(ActivityManagerService.java:15720)
	at android.app.IActivityManager$Stub.onTransact(IActivityManager.java:1969)
	at com.android.server.am.ActivityManagerService.onTransact(ActivityManagerService.java:2771)
	at android.os.Binder.execTransactInternal(Binder.java:1021)
	at android.os.Binder.execTransact(Binder.java:994)

12-01 06:39:29.743  1243  3943 I DropBoxManagerService: add tag=system_server_wtf isTagEnabled=true flags=0x2
12-01 06:39:29.750  1243  3943 W DropBoxManagerService: Dropping: system_server_wtf (1242 > 0 bytes)
12-01 06:39:29.754  1243  1408 I haohaov: [HMDenterprise broadcastIntentLocked] intent=Intent { act=android.intent.action.DROPBOX_ENTRY_ADDED (has extras) }
