12-01 06:39:34.682  19681  23870 I AudioManager: In isBluetoothScoOn(), calling application: com.google.android.libraries.navigation.testapp
12-01 06:39:34.683  1243  5396 I AS.AudioDeviceBroker: In isBluetoothScoOnForApp(), mForcedUseForCommExt: 0
12-01 06:39:34.690  19681  23870 W igation.testap: Accessing hidden method Lsun/misc/Unsafe;->getInt(Ljava/lang/Object;J)I (greylist, linking, allowed)
12-01 06:39:34.690  19681  23870 W igation.testap: Accessing hidden method Lsun/misc/Unsafe;->getObject(Ljava/lang/Object;J)Ljava/lang/Object; (greylist, linking, allowed)
12-01 06:39:34.744  1243  5396 I haohaov: [HMDenterprise broadcastIntentLocked] intent=Intent { act=android.intent.action.MCC_CHANGED (has extras) }
12-01 06:39:34.744  1243  5396 E ActivityManager: Sending non-protected broadcast android.intent.action.MCC_CHANGED from system 2585:com.android.phone/1001 pkg com.android.phone
java.lang.Throwable
	at com.android.server.am.ActivityManagerService.checkBroadcastFromSystem(ActivityManagerService.java:14869)
	at com.android.server.am.ActivityManagerService.broadcastIntentLocked(ActivityManagerService.java:15578)
	at com.android.server.am.ActivityManagerService.broadcastIntentLocked(ActivityManagerService.java:14929)
	at com.android.server.am.ActivityManagerService.broadcastIntent(ActivityManagerService.java:15720)
	at android.app.IActivityManager$Stub.onTransact(IActivityManager.java:1969)
	at com.android.server.am.ActivityManagerService.onTransact(ActivityManagerService.java:2771)
	at android.os.Binder.execTransactInternal(Binder.java:1021)
	at android.os.Binder.execTransact(Binder.java:994)

12-01 06:39:34.747  1243  5396 I DropBoxManagerService: add tag=system_server_wtf isTagEnabled=true flags=0x2
12-01 06:39:34.752  2585  26906 D PhoneInterfaceManager: [PhoneIntfMgr] getCellLocation: is active user
12-01 06:39:34.754  1243  5396 W DropBoxManagerService: Dropping: system_server_wtf (1242 > 0 bytes)
12-01 06:39:34.760  1243  1408 I haohaov: [HMDenterprise broadcastIntentLocked] intent=Intent { act=android.intent.action.DROPBOX_ENTRY_ADDED (has extras) }
12-01 06:39:34.762  1243  1422 W BroadcastQueue: Background execution not allowed: receiving Intent { act=android.intent.action.DROPBOX_ENTRY_ADDED flg=0x10 (has extras) } to com.google.android.gms/.stats.service.DropBoxEntryAddedReceiver
12-01 06:39:34.762  1243  1422 W BroadcastQueue: Background execution not allowed: receiving Intent { act=android.intent.action.DROPBOX_ENTRY_ADDED flg=0x10 (has extras) } to com.google.android.gms/.chimera.GmsIntentOperationService$PersistentTrustedReceiver
12-01 06:39:34.791  1243  5396 D CompatibilityInfo: mCompatibilityFlags - 0
12-01 06:39:34.791  1243  5396 D CompatibilityInfo: applicationDensity - 280
12-01 06:39:34.791  1243  5396 D CompatibilityInfo: applicationScale - 1.0
12-01 06:39:34.794  767  4243 I /vendor/bin/hw/vendor.qti.hardware.servicetracker@1.1-service: startService() is called for servicecom.google.android.gms/.stats.service.DropBoxEntryAddedService
12-01 06:39:34.829  767  4243 I /vendor/bin/hw/vendor.qti.hardware.servicetracker@1.1-service: destroyService is called for service : com.google.android.gms/.stats.service.DropBoxEntryAddedService
12-01 06:39:34.854  2585  26906 D PhoneInterfaceManager: [PhoneIntfMgr] getLine1NumberForDisplay returning null
12-01 06:39:34.859  1243  3943 W DevicePolicyManager: Package com.gyokovsolutions.gnettracklite (uid=10173, pid=19700) cannot access Device IDs
12-01 06:39:34.860  2585  26906 W TelephonyPermissions: reportAccessDeniedToReadIdentifiers:com.gyokovsolutions.gnettracklite:getSubscriberId:isPreinstalled=false:isPrivApp=false
12-01 06:39:34.888  737  737 I sensors-hal: flush:260, android.sensor.gravity/91
12-01 06:39:34.888  737  737 I sensors-hal: flush:268, android.sensor.gravity/91 completed
12-01 06:39:34.889  737  737 I sensors-hal: flush:260, android.sensor.linear_acceleration/101
12-01 06:39:34.889  737  737 I sensors-hal: flush:268, android.sensor.linear_acceleration/101 completed
12-01 06:39:34.889  737  737 I sensors-hal: flush:260, android.sensor.gyroscope_uncalibrated/161
12-01 06:39:34.889  737  737 I sensors-hal: flush:268, android.sensor.gyroscope_uncalibrated/161 completed
12-01 06:39:34.889  19681  23686 W igation.testap: Accessing hidden method Lsun/misc/Unsafe;->compareAndSwapObject(Ljava/lang/Object;JLjava/lang/Object;Ljava/lang/Object;)Z (greylist, linking, allowed)
12-01 06:39:34.900  19681  23694 W igation.testap: Accessing hidden method Lsun/misc/Unsafe;->getInt(Ljava/lang/Object;J)I (greylist, linking, allowed)
12-01 06:39:34.900  19681  23694 W igation.testap: Accessing hidden method Lsun/misc/Unsafe;->putLong(Ljava/lang/Object;JJ)V (greylist, linking, allowed)
12-01 06:39:34.900  19681  23694 W igation.testap: Accessing hidden method Lsun/misc/Unsafe;->putInt(Ljava/lang/Object;JI)V (greylist, linking, allowed)
12-01 06:39:34.900  19681  23694 W igation.testap: Accessing hidden method Lsun/misc/Unsafe;->putObject(Ljava/lang/Object;JLjava/lang/Object;)V (greylist, linking, allowed)
12-01 06:39:34.900  19681  23694 W igation.testap: Accessing hidden method Lsun/misc/Unsafe;->getObject(Ljava/lang/Object;J)Ljava/lang/Object; (greylist, linking, allowed)
12-01 06:39:34.949  723  16407 I vendor.qti.bluetooth@1.0-ibs_handler: ProcessIbsCmd: Received IBS_WAKE_IND: 0xFD
12-01 06:39:34.949  723  16407 D vendor.qti.bluetooth@1.0-ibs_handler: SerialClockVote: vote for UART CLK ON
12-01 06:39:34.951  723  16407 D vendor.qti.bluetooth@1.0-wake_lock: Acquire wakelock is acquired 
12-01 06:39:34.951  723  16407 I vendor.qti.bluetooth@1.0-ibs_handler: ProcessIbsCmd: Writing IBS_WAKE_ACK
12-01 06:39:34.953  16309  16411 V bt_stack: [VERBOSE1:btm_ble_gap.cc(1847)] btm_ble_process_adv_addr: bda=57:3d:a6:20:66:ef

12-01 06:39:34.953  16309  16411 V bt_stack: [VERBOSE1:btm_ble_gap.cc(2052)]  Waiting for scan response 57:3d:a6:20:66:ef

12-01 06:39:34.993  723  16407 I vendor.qti.bluetooth@1.0-ibs_handler: ProcessIbsCmd: Received IBS_SLEEP_IND: 0xFE
12-01 06:39:34.993  723  16407 D vendor.qti.bluetooth@1.0-ibs_handler: SerialClockVote: vote for UART CLK OFF
12-01 06:39:35.022  723  16407 I vendor.qti.bluetooth@1.0-ibs_handler: ProcessIbsCmd: Received IBS_WAKE_IND: 0xFD
12-01 06:39:35.023  723  16407 D vendor.qti.bluetooth@1.0-ibs_handler: SerialClockVote: vote for UART CLK ON
12-01 06:39:35.023  723  16407 I vendor.qti.bluetooth@1.0-ibs_handler: ProcessIbsCmd: Writing IBS_WAKE_ACK
12-01 06:39:35.024  16309  16411 V bt_stack: [VERBOSE1:btm_ble_gap.cc(1847)] btm_ble_process_adv_addr: bda=6c:ed:00:63:c5:b0

12-01 06:39:35.024  16309  16411 V bt_stack: [VERBOSE1:btm_ble_gap.cc(2052)]  Waiting for scan response 6c:ed:00:63:c5:b0

12-01 06:39:35.067  723  16407 I vendor.qti.bluetooth@1.0-ibs_handler: ProcessIbsCmd: Received IBS_SLEEP_IND: 0xFE
12-01 06:39:35.067  723  16407 D vendor.qti.bluetooth@1.0-ibs_handler: SerialClockVote: vote for UART CLK OFF
12-01 06:39:35.218  723  16371 D vendor.qti.bluetooth@1.0-wake_lock: Release wakelock is released 
12-01 06:39:35.227  19681  23694 W igation.testap: Accessing hidden method Lsun/misc/Unsafe;->getInt(Ljava/lang/Object;J)I (greylist, linking, allowed)
12-01 06:39:35.227  19681  23694 W igation.testap: Accessing hidden method Lsun/misc/Unsafe;->getObject(Ljava/lang/Object;J)Ljava/lang/Object; (greylist, linking, allowed)
12-01 06:39:35.236  737  737 I sensors-hal: flush:260, android.sensor.gravity/91
12-01 06:39:35.236  737  737 I sensors-hal: flush:268, android.sensor.gravity/91 completed
12-01 06:39:35.237  737  737 I sensors-hal: flush:260, android.sensor.linear_acceleration/101
12-01 06:39:35.237  737  737 I sensors-hal: flush:268, android.sensor.linear_acceleration/101 completed
12-01 06:39:35.237  737  737 I sensors-hal: flush:260, android.sensor.gyroscope_uncalibrated/161
12-01 06:39:35.237  737  737 I sensors-hal: flush:268, android.sensor.gyroscope_uncalibrated/161 completed
12-01 06:39:35.238  19681  23686 W igation.testap: Accessing hidden method Lsun/misc/Unsafe;->compareAndSwapObject(Ljava/lang/Object;JLjava/lang/Object;Ljava/lang/Object;)Z (greylist, linking, allowed)
12-01 06:39:35.246  19681  23694 W igation.testap: Accessing hidden method Lsun/misc/Unsafe;->getInt(Ljava/lang/Object;J)I (greylist, linking, allowed)
12-01 06:39:35.246  19681  23694 W igation.testap: Accessing hidden method Lsun/misc/Unsafe;->putLong(Ljava/lang/Object;JJ)V (greylist, linking, allowed)
12-01 06:39:35.246  19681  23694 W igation.testap: Accessing hidden method Lsun/misc/Unsafe;->putInt(Ljava/lang/Object;JI)V (greylist, linking, allowed)
12-01 06:39:35.246  19681  23694 W igation.testap: Accessing hidden method Lsun/misc/Unsafe;->putObject(Ljava/lang/Object;JLjava/lang/Object;)V (greylist, linking, allowed)
12-01 06:39:35.246  19681  23694 W igation.testap: Accessing hidden method Lsun/misc/Unsafe;->getObject(Ljava/lang/Object;J)Ljava/lang/Object; (greylist, linking, allowed)
12-01 06:39:35.264  2790  4588 I FusedLocation: location delivery to 10131/com.google.android.gms[.location_base]/635a969b blocked - too fast [CONTEXT service_id=6 ]

12-01 06:39:35.264  2790  4588 I FusedLocation: location delivery to 10194/jp.co.cyberagent.stf/c9da0782 blocked - too fast [CONTEXT service_id=6 ]

12-01 06:39:35.264  2790  4588 I FusedLocation: location delivery to 10131/com.google.android.gms[.location_base]/4237f68b blocked - too close [CONTEXT service_id=6 ]

12-01 06:39:35.265  2790  4588 I FusedLocation: location delivery to 10131/com.google.android.gms[.personalsafety]/ed20e3af blocked - too fast [CONTEXT service_id=6 ]

12-01 06:39:35.265  19681  23694 W igation.testap: Accessing hidden method Lsun/misc/Unsafe;->compareAndSwapObject(Ljava/lang/Object;JLjava/lang/Object;Ljava/lang/Object;)Z (greylist, linking, allowed)
12-01 06:39:35.266  2790  4588 I FusedLocation: location delivery to 10131/com.google.android.gms[.personalsafety]/462676cb blocked - too fast [CONTEXT service_id=6 ]

12-01 06:39:35.270  19681  23694 W igation.testap: Accessing hidden method Lsun/misc/Unsafe;->getLong(Ljava/lang/Object;J)J (greylist,core-platform-api, linking, allowed)
12-01 06:39:35.271  19681  23694 I native: I0000 00:00:1701412775.271238   23694 map-location-tracker.cc:414] MapLocationTracker called with 16 existing on-segment hypotheses, 0 existing off-segment hypotheses, 2 queued observations at time 61330825.

12-01 06:39:35.292  19681  23694 I native: I0000 00:00:1701412775.291381   23694 map-location-tracker.cc:845] time_ms: 61330825 MapTrackingResult[lat/lng=17.4587729,78.3666453 speed=-0.09 bearing=287.93 alti=nanm, on_road=1 in_startup_confusion=0 posn_acc=9.07 spd_acc=2.41 bear_acc=6.66 alti_acc=inf segment=Hitech City Rd:0xCB2E5AB44408B5F5:0x5:[17.4587410,78.3667573 31.2m 289°, r-246.3m]x11m->1/1#[σ 5.00m 6.4°] meters_on_segment=12.41 across: nan off_mode_probability=1.00 {level=unknown} [nmm loc] ]

12-01 06:39:35.295  19681  23694 W igation.testap: Accessing hidden method Lsun/misc/Unsafe;->getInt(Ljava/lang/Object;J)I (greylist, linking, allowed)
12-01 06:39:35.295  19681  23694 W igation.testap: Accessing hidden method Lsun/misc/Unsafe;->putInt(Ljava/lang/Object;JI)V (greylist, linking, allowed)
12-01 06:39:35.295  19681  23694 W igation.testap: Accessing hidden method Lsun/misc/Unsafe;->getObject(Ljava/lang/Object;J)Ljava/lang/Object; (greylist, linking, allowed)
12-01 06:39:35.296  19681  23694 W igation.testap: Accessing hidden method Lsun/misc/Unsafe;->putObject(Ljava/lang/Object;JLjava/lang/Object;)V (greylist, linking, allowed)
12-01 06:39:35.298  19681  23694 W igation.testap: Accessing hidden method Lsun/misc/Unsafe;->putObject(Ljava/lang/Object;JLjava/lang/Object;)V (greylist, linking, allowed)
12-01 06:39:35.299  19681  23694 W igation.testap: Accessing hidden method Lsun/misc/Unsafe;->putInt(Ljava/lang/Object;JI)V (greylist, linking, allowed)
12-01 06:39:35.305  19681  23694 I native: I0000 00:00:1701412775.305031   23694 patchwork-snaptile-integrator.cc:533] DoFollowUpWork: 8 tiles currently loaded.

12-01 06:39:35.313  19681  19883 W igation.testap: Accessing hidden method Lsun/misc/Unsafe;->putObject(Ljava/lang/Object;JLjava/lang/Object;)V (greylist, linking, allowed)
12-01 06:39:35.313  19681  19883 W igation.testap: Accessing hidden method Lsun/misc/Unsafe;->putInt(Ljava/lang/Object;JI)V (greylist, linking, allowed)
12-01 06:39:35.313  19681  23870 W igation.testap: Accessing hidden method Lsun/misc/Unsafe;->getObject(Ljava/lang/Object;J)Ljava/lang/Object; (greylist, linking, allowed)
12-01 06:39:35.314  19681  19883 W igation.testap: Accessing hidden method Lsun/misc/Unsafe;->getObject(Ljava/lang/Object;J)Ljava/lang/Object; (greylist, linking, allowed)
12-01 06:39:35.314  19681  23870 W igation.testap: Accessing hidden method Lsun/misc/Unsafe;->getObject(Ljava/lang/Object;J)Ljava/lang/Object; (greylist, linking, allowed)
12-01 06:39:35.314  19681  23870 W igation.testap: Accessing hidden method Lsun/misc/Unsafe;->getObject(Ljava/lang/Object;J)Ljava/lang/Object; (greylist, linking, allowed)
12-01 06:39:35.315  19681  19883 W igation.testap: Accessing hidden method Lsun/misc/Unsafe;->getInt(Ljava/lang/Object;J)I (greylist, linking, allowed)
12-01 06:39:35.315  19681  19883 W igation.testap: Accessing hidden method Lsun/misc/Unsafe;->putObject(Ljava/lang/Object;JLjava/lang/Object;)V (greylist, linking, allowed)
12-01 06:39:35.315  19681  19883 W igation.testap: Accessing hidden method Lsun/misc/Unsafe;->putInt(Ljava/lang/Object;JI)V (greylist, linking, allowed)
12-01 06:39:35.316  19681  19883 W igation.testap: Accessing hidden method Lsun/misc/Unsafe;->putObject(Ljava/lang/Object;JLjava/lang/Object;)V (greylist, linking, allowed)
12-01 06:39:35.322  19681  23870 I native: I0000 00:00:1701412775.321988   23870 guider.cc:320] [NAV][OnLocationChanged] : (38) (routes: *38=0.999917, 48=0.361322) 808.533m (next: 49.8864m) speed: -0.0917946m/s

12-01 06:39:35.324  19681  23870 W igation.testap: Accessing hidden method Lsun/misc/Unsafe;->putInt(Ljava/lang/Object;JI)V (greylist, linking, allowed)
12-01 06:39:35.332  19681  23870 I chatty: uid=10168(com.google.android.libraries.navigation.testapp) NavInternal identical 1 line
12-01 06:39:35.333  19681  23870 W igation.testap: Accessing hidden method Lsun/misc/Unsafe;->putInt(Ljava/lang/Object;JI)V (greylist, linking, allowed)
12-01 06:39:35.334  19681  23870 W igation.testap: Accessing hidden method Lsun/misc/Unsafe;->putLong(Ljava/lang/Object;JJ)V (greylist, linking, allowed)
12-01 06:39:35.334  19681  23870 W igation.testap: Accessing hidden method Lsun/misc/Unsafe;->putObject(Ljava/lang/Object;JLjava/lang/Object;)V (greylist, linking, allowed)
12-01 06:39:35.335  19681  23870 W igation.testap: Accessing hidden method Lsun/misc/Unsafe;->putLong(Ljava/lang/Object;JJ)V (greylist, linking, allowed)
12-01 06:39:35.339  19681  23870 W igation.testap: Accessing hidden method Lsun/misc/Unsafe;->compareAndSwapObject(Ljava/lang/Object;JLjava/lang/Object;Ljava/lang/Object;)Z (greylist, linking, allowed)
12-01 06:39:35.341  4808  4808 E STFService: run1: 3.2.8
12-01 06:39:35.348  4808  4808 I STFService: sendNetworkClass:  CellSignalLte:{alphaLong=Vi India, rssi=-63, mnc=7, level=4, bandwidth=2147483647, ci=828734, asulevel=47, parametersUseForLevel=-93, rsrp=-93, rssnr=2147483647, bands=[], mcc=404, ta=2147483647, mAdditionalPlmns=unknown, sinr=2147483647, csgInfo=unknown, rsrq=-13, pci=95, tac=24314, alphaShort=Vi India, cqi=2147483647, earfcn=41140}
12-01 06:39:35.348  4808  4808 I STFService: sendNetworkClass:  CellSignalLte:{alphaLong=, rssi=-69, mnc=2147483647, level=4, bandwidth=2147483647, ci=2147483647, asulevel=43, parametersUseForLevel=-97, rsrp=-97, rssnr=2147483647, bands=[], mcc=2147483647, ta=2147483647, mAdditionalPlmns=unknown, sinr=2147483647, csgInfo=unknown, rsrq=-16, pci=93, tac=2147483647, alphaShort=, cqi=2147483647, earfcn=41140}
12-01 06:39:35.349  4808  4808 I STFService: sendNetworkClass:  CellSignalGSM:{alphaLong=, rssi=-113, mnc=2147483647, level=0, bsic=0x7FFFFFFF, asulevel=0, rsrp=-113, arfcn=14, mcc=2147483647, mAdditionalPlmns=unknown, ber=2147483647, lac=2147483647, rsrq=0, alphaShort=, mTa=2147483647, cid=2147483647}
12-01 06:39:35.350  4808  4808 I STFService: sendNetworkClass:  CellSignalGSM:{alphaLong=, rssi=-113, mnc=2147483647, level=0, bsic=0x7FFFFFFF, asulevel=0, rsrp=-113, arfcn=15, mcc=2147483647, mAdditionalPlmns=unknown, ber=2147483647, lac=2147483647, rsrq=0, alphaShort=, mTa=2147483647, cid=2147483647}
12-01 06:39:35.351  4808  4808 I STFService: sendNetworkClass:  CellSignalGSM:{alphaLong=, rssi=-113, mnc=2147483647, level=0, bsic=0x7FFFFFFF, asulevel=0, rsrp=-113, arfcn=16, mcc=2147483647, mAdditionalPlmns=unknown, ber=2147483647, lac=2147483647, rsrq=0, alphaShort=, mTa=2147483647, cid=2147483647}
12-01 06:39:35.351  4808  4808 I STFService: sendNetworkClass:  CellSignalGSM:{alphaLong=, rssi=-113, mnc=2147483647, level=0, bsic=0x7FFFFFFF, asulevel=0, rsrp=-113, arfcn=17, mcc=2147483647, mAdditionalPlmns=unknown, ber=2147483647, lac=2147483647, rsrq=0, alphaShort=, mTa=2147483647, cid=2147483647}
12-01 06:39:35.352  4808  4808 I STFService: sendNetworkClass:  CellSignalGSM:{alphaLong=, rssi=-113, mnc=2147483647, level=0, bsic=0x7FFFFFFF, asulevel=0, rsrp=-113, arfcn=18, mcc=2147483647, mAdditionalPlmns=unknown, ber=2147483647, lac=2147483647, rsrq=0, alphaShort=, mTa=2147483647, cid=2147483647}
12-01 06:39:35.353  4808  4808 I STFService: sendNetworkClass:  CellSignalGSM:{alphaLong=, rssi=-113, mnc=2147483647, level=0, bsic=0x7FFFFFFF, asulevel=0, rsrp=-113, arfcn=19, mcc=2147483647, mAdditionalPlmns=unknown, ber=2147483647, lac=2147483647, rsrq=0, alphaShort=, mTa=2147483647, cid=2147483647}
12-01 06:39:35.353  4808  4808 I STFService: sendNetworkClass:  CellSignalGSM:{alphaLong=, rssi=-113, mnc=2147483647, level=0, bsic=0x7FFFFFFF, asulevel=0, rsrp=-113, arfcn=20, mcc=2147483647, mAdditionalPlmns=unknown, ber=2147483647, lac=2147483647, rsrq=0, alphaShort=, mTa=2147483647, cid=2147483647}
12-01 06:39:35.354  4808  4808 I STFService: sendNetworkClass:  CellSignalGSM:{alphaLong=, rssi=-113, mnc=2147483647, level=0, bsic=0x7FFFFFFF, asulevel=0, rsrp=-113, arfcn=21, mcc=2147483647, mAdditionalPlmns=unknown, ber=2147483647, lac=2147483647, rsrq=0, alphaShort=, mTa=2147483647, cid=2147483647}
12-01 06:39:35.358  4808  4808 I STFService: sendNetworkClass:  EPDGInfo:{dns_server_4=2001:4860:4860::6464, ip_address_1=10.41.105.46, dns_server_3=2402:3a80:1fff:40::4, ip_address_2=2402:8100:25d9:65c0:ed4e:44d8:6ea2:1a75, dns_server_2=8.8.8.8, dns_server_1=10.95.11.110, max_downstream_bandwidth=30000, is_secure=true, tunneling_protocol=rmnet_data1, max_upstream_bandwidth=15000}
12-01 06:39:35.397  19681  19681 W igation.testap: Accessing hidden method Lsun/misc/Unsafe;->getInt(Ljava/lang/Object;J)I (greylist, linking, allowed)
12-01 06:39:35.397  19681  19681 W igation.testap: Accessing hidden method Lsun/misc/Unsafe;->getObject(Ljava/lang/Object;J)Ljava/lang/Object; (greylist, linking, allowed)
12-01 06:39:35.580  737  737 I sensors-hal: flush:260, android.sensor.gravity/91
12-01 06:39:35.580  737  737 I sensors-hal: flush:268, android.sensor.gravity/91 completed
12-01 06:39:35.580  737  737 I sensors-hal: flush:260, android.sensor.linear_acceleration/101
12-01 06:39:35.580  737  737 I sensors-hal: flush:268, android.sensor.linear_acceleration/101 completed
12-01 06:39:35.580  737  737 I sensors-hal: flush:260, android.sensor.gyroscope_uncalibrated/161
12-01 06:39:35.580  737  737 I sensors-hal: flush:268, android.sensor.gyroscope_uncalibrated/161 completed
12-01 06:39:35.581  817  919 W HWComposer: Ignoring duplicate VSYNC event from HWC for display 19260822822317697 (t=6150407715000)
12-01 06:39:35.581  19681  23686 W igation.testap: Accessing hidden method Lsun/misc/Unsafe;->compareAndSwapObject(Ljava/lang/Object;JLjava/lang/Object;Ljava/lang/Object;)Z (greylist, linking, allowed)
12-01 06:39:35.591  19681  23694 W igation.testap: Accessing hidden method Lsun/misc/Unsafe;->getInt(Ljava/lang/Object;J)I (greylist, linking, allowed)
12-01 06:39:35.591  19681  23694 W igation.testap: Accessing hidden method Lsun/misc/Unsafe;->putLong(Ljava/lang/Object;JJ)V (greylist, linking, allowed)
12-01 06:39:35.591  19681  23694 W igation.testap: Accessing hidden method Lsun/misc/Unsafe;->putInt(Ljava/lang/Object;JI)V (greylist, linking, allowed)
12-01 06:39:35.591  19681  23694 W igation.testap: Accessing hidden method Lsun/misc/Unsafe;->putObject(Ljava/lang/Object;JLjava/lang/Object;)V (greylist, linking, allowed)
12-01 06:39:35.591  19681  23694 W igation.testap: Accessing hidden method Lsun/misc/Unsafe;->getObject(Ljava/lang/Object;J)Ljava/lang/Object; (greylist, linking, allowed)
12-01 06:39:35.598  817  919 W HWComposer: Ignoring duplicate VSYNC event from HWC for display 19260822822317697 (t=6150424444000)
12-01 06:39:35.615  817  919 W HWComposer: Ignoring duplicate VSYNC event from HWC for display 19260822822317697 (t=6150441058000)
12-01 06:39:35.631  817  919 W HWComposer: Ignoring duplicate VSYNC event from HWC for display 19260822822317697 (t=6150457826000)
12-01 06:39:35.648  817  919 W HWComposer: Ignoring duplicate VSYNC event from HWC for display 19260822822317697 (t=6150474518000)
12-01 06:39:35.665  817  919 W HWComposer: Ignoring duplicate VSYNC event from HWC for display 19260822822317697 (t=6150491148000)
12-01 06:39:35.745  2585  6979 D PhoneInterfaceManager: [PhoneIntfMgr] getCellLocation: is active user
12-01 06:39:35.790  723  16407 I vendor.qti.bluetooth@1.0-ibs_handler: ProcessIbsCmd: Received IBS_WAKE_IND: 0xFD
12-01 06:39:35.791  723  16407 D vendor.qti.bluetooth@1.0-ibs_handler: SerialClockVote: vote for UART CLK ON
12-01 06:39:35.794  723  16407 D vendor.qti.bluetooth@1.0-wake_lock: Acquire wakelock is acquired 
12-01 06:39:35.794  723  16407 I vendor.qti.bluetooth@1.0-ibs_handler: ProcessIbsCmd: Writing IBS_WAKE_ACK
12-01 06:39:35.798  16309  16411 V bt_stack: [VERBOSE1:btm_ble_gap.cc(1847)] btm_ble_process_adv_addr: bda=57:3d:a6:20:66:ef

12-01 06:39:35.798  16309  16411 V bt_stack: [VERBOSE1:btm_ble_gap.cc(2052)]  Waiting for scan response 57:3d:a6:20:66:ef

12-01 06:39:35.835  723  16407 I vendor.qti.bluetooth@1.0-ibs_handler: ProcessIbsCmd: Received IBS_SLEEP_IND: 0xFE
12-01 06:39:35.835  723  16407 D vendor.qti.bluetooth@1.0-ibs_handler: SerialClockVote: vote for UART CLK OFF
12-01 06:39:35.837  2585  26906 D PhoneInterfaceManager: [PhoneIntfMgr] getLine1NumberForDisplay returning null
12-01 06:39:35.842  1243  3943 W DevicePolicyManager: Package com.gyokovsolutions.gnettracklite (uid=10173, pid=19700) cannot access Device IDs
12-01 06:39:35.844  2585  26906 W TelephonyPermissions: reportAccessDeniedToReadIdentifiers:com.gyokovsolutions.gnettracklite:getSubscriberId:isPreinstalled=false:isPrivApp=false
12-01 06:39:35.924  737  737 I sensors-hal: flush:260, android.sensor.gravity/91
12-01 06:39:35.924  737  737 I sensors-hal: flush:268, android.sensor.gravity/91 completed
12-01 06:39:35.925  737  737 I sensors-hal: flush:260, android.sensor.linear_acceleration/101
12-01 06:39:35.925  737  737 I sensors-hal: flush:268, android.sensor.linear_acceleration/101 completed
12-01 06:39:35.925  737  737 I sensors-hal: flush:260, android.sensor.gyroscope_uncalibrated/161
12-01 06:39:35.925  737  737 I sensors-hal: flush:268, android.sensor.gyroscope_uncalibrated/161 completed
12-01 06:39:35.926  19681  23686 W igation.testap: Accessing hidden method Lsun/misc/Unsafe;->compareAndSwapObject(Ljava/lang/Object;JLjava/lang/Object;Ljava/lang/Object;)Z (greylist, linking, allowed)
12-01 06:39:35.942  19681  23694 W igation.testap: Accessing hidden method Lsun/misc/Unsafe;->getInt(Ljava/lang/Object;J)I (greylist, linking, allowed)
12-01 06:39:35.942  19681  23694 W igation.testap: Accessing hidden method Lsun/misc/Unsafe;->putLong(Ljava/lang/Object;JJ)V (greylist, linking, allowed)
12-01 06:39:35.942  19681  23694 W igation.testap: Accessing hidden method Lsun/misc/Unsafe;->putInt(Ljava/lang/Object;JI)V (greylist, linking, allowed)
12-01 06:39:35.943  19681  23694 W igation.testap: Accessing hidden method Lsun/misc/Unsafe;->putObject(Ljava/lang/Object;JLjava/lang/Object;)V (greylist, linking, allowed)
12-01 06:39:35.943  19681  23694 W igation.testap: Accessing hidden method Lsun/misc/Unsafe;->getObject(Ljava/lang/Object;J)Ljava/lang/Object; (greylist, linking, allowed)
12-01 06:39:35.992  723  16371 D vendor.qti.bluetooth@1.0-wake_lock: Release wakelock is released 
12-01 06:39:36.012  19681  23682 W igation.testap: Accessing hidden method Lsun/misc/Unsafe;->getInt(Ljava/lang/Object;J)I (greylist, linking, allowed)
12-01 06:39:36.012  19681  23682 W igation.testap: Accessing hidden method Lsun/misc/Unsafe;->getObject(Ljava/lang/Object;J)Ljava/lang/Object; (greylist, linking, allowed)
12-01 06:39:36.015  19681  23682 W igation.testap: Accessing hidden method Lsun/misc/Unsafe;->putObject(Ljava/lang/Object;JLjava/lang/Object;)V (greylist, linking, allowed)
12-01 06:39:36.015  19681  23682 W igation.testap: Accessing hidden method Lsun/misc/Unsafe;->putInt(Ljava/lang/Object;JI)V (greylist, linking, allowed)
12-01 06:39:36.015  19681  23682 W igation.testap: Accessing hidden method Lsun/misc/Unsafe;->putLong(Ljava/lang/Object;JJ)V (greylist, linking, allowed)
12-01 06:39:36.015  19681  23682 W igation.testap: Accessing hidden method Lsun/misc/Unsafe;->getLong(Ljava/lang/Object;J)J (greylist,core-platform-api, linking, allowed)
12-01 06:39:36.017  19681  23682 W igation.testap: Accessing hidden method Lsun/misc/Unsafe;->getObject(Ljava/lang/Object;J)Ljava/lang/Object; (greylist, linking, allowed)
12-01 06:39:36.017  19681  23682 W igation.testap: Accessing hidden method Lsun/misc/Unsafe;->getObject(Ljava/lang/Object;J)Ljava/lang/Object; (greylist, linking, allowed)
12-01 06:39:36.018  19681  23682 W igation.testap: Accessing hidden method Lsun/misc/Unsafe;->getInt(Ljava/lang/Object;J)I (greylist, linking, allowed)
12-01 06:39:36.018  19681  23682 W igation.testap: Accessing hidden method Lsun/misc/Unsafe;->getObject(Ljava/lang/Object;J)Ljava/lang/Object; (greylist, linking, allowed)
12-01 06:39:36.018  19681  23682 W igation.testap: Accessing hidden method Lsun/misc/Unsafe;->putObject(Ljava/lang/Object;JLjava/lang/Object;)V (greylist, linking, allowed)
12-01 06:39:36.019  19681  23682 W igation.testap: Accessing hidden method Lsun/misc/Unsafe;->getObject(Ljava/lang/Object;J)Ljava/lang/Object; (greylist, linking, allowed)
12-01 06:39:36.021  19681  23682 I chatty: uid=10168(com.google.android.libraries.navigation.testapp) TilePrep_2 identical 7 lines
12-01 06:39:36.023  19681  23682 W igation.testap: Accessing hidden method Lsun/misc/Unsafe;->getObject(Ljava/lang/Object;J)Ljava/lang/Object; (greylist, linking, allowed)
12-01 06:39:36.023  19681  23682 W igation.testap: Accessing hidden method Lsun/misc/Unsafe;->putInt(Ljava/lang/Object;JI)V (greylist, linking, allowed)
12-01 06:39:36.024  19681  23682 W igation.testap: Accessing hidden method Lsun/misc/Unsafe;->getObject(Ljava/lang/Object;J)Ljava/lang/Object; (greylist, linking, allowed)
12-01 06:39:36.024  19681  23682 I chatty: uid=10168(com.google.android.libraries.navigation.testapp) TilePrep_2 identical 1 line
12-01 06:39:36.025  19681  23682 W igation.testap: Accessing hidden method Lsun/misc/Unsafe;->getObject(Ljava/lang/Object;J)Ljava/lang/Object; (greylist, linking, allowed)
12-01 06:39:36.029  19681  23682 W igation.testap: Accessing hidden method Lsun/misc/Unsafe;->getInt(Ljava/lang/Object;J)I (greylist, linking, allowed)
12-01 06:39:36.032  19681  23682 I chatty: uid=10168(com.google.android.libraries.navigation.testapp) TilePrep_2 identical 7 lines
12-01 06:39:36.032  19681  23682 W igation.testap: Accessing hidden method Lsun/misc/Unsafe;->getInt(Ljava/lang/Object;J)I (greylist, linking, allowed)
12-01 06:39:36.033  19681  23682 W igation.testap: Accessing hidden method Lsun/misc/Unsafe;->putLong(Ljava/lang/Object;JJ)V (greylist, linking, allowed)
12-01 06:39:36.033  19681  23682 W igation.testap: Accessing hidden method Lsun/misc/Unsafe;->getInt(Ljava/lang/Object;J)I (greylist, linking, allowed)
12-01 06:39:36.033  19681  23682 W igation.testap: Accessing hidden method Lsun/misc/Unsafe;->getInt(Ljava/lang/Object;J)I (greylist, linking, allowed)
12-01 06:39:36.033  19681  23682 W igation.testap: Accessing hidden method Lsun/misc/Unsafe;->putObject(Ljava/lang/Object;JLjava/lang/Object;)V (greylist, linking, allowed)
12-01 06:39:36.033  19681  23682 W igation.testap: Accessing hidden method Lsun/misc/Unsafe;->getInt(Ljava/lang/Object;J)I (greylist, linking, allowed)
12-01 06:39:36.034  19681  23682 W igation.testap: Accessing hidden method Lsun/misc/Unsafe;->putInt(Ljava/lang/Object;JI)V (greylist, linking, allowed)
12-01 06:39:36.034  19681  23682 W igation.testap: Accessing hidden method Lsun/misc/Unsafe;->getInt(Ljava/lang/Object;J)I (greylist, linking, allowed)
12-01 06:39:36.036  19681  23682 I chatty: uid=10168(com.google.android.libraries.navigation.testapp) TilePrep_2 identical 7 lines
12-01 06:39:36.036  19681  23682 W igation.testap: Accessing hidden method Lsun/misc/Unsafe;->getInt(Ljava/lang/Object;J)I (greylist, linking, allowed)
12-01 06:39:36.037  19681  23682 W igation.testap: Accessing hidden method Lsun/misc/Unsafe;->getLong(Ljava/lang/Object;J)J (greylist,core-platform-api, linking, allowed)
12-01 06:39:36.038  19681  23682 W igation.testap: Accessing hidden method Lsun/misc/Unsafe;->getInt(Ljava/lang/Object;J)I (greylist, linking, allowed)
12-01 06:39:36.048  19681  23682 I chatty: uid=10168(com.google.android.libraries.navigation.testapp) TilePrep_2 identical 1 line
12-01 06:39:36.048  19681  23682 W igation.testap: Accessing hidden method Lsun/misc/Unsafe;->getInt(Ljava/lang/Object;J)I (greylist, linking, allowed)
12-01 06:39:36.048  19681  23682 W igation.testap: Accessing hidden method Lsun/misc/Unsafe;->getObject(Ljava/lang/Object;J)Ljava/lang/Object; (greylist, linking, allowed)
12-01 06:39:36.049  19681  23681 W igation.testap: Accessing hidden method Lsun/misc/Unsafe;->getInt(Ljava/lang/Object;J)I (greylist, linking, allowed)
12-01 06:39:36.049  19681  23682 W igation.testap: Accessing hidden method Lsun/misc/Unsafe;->getInt(Ljava/lang/Object;J)I (greylist, linking, allowed)
12-01 06:39:36.049  19681  23683 W igation.testap: Accessing hidden method Lsun/misc/Unsafe;->getInt(Ljava/lang/Object;J)I (greylist, linking, allowed)
12-01 06:39:36.050  19681  23683 W igation.testap: Accessing hidden method Lsun/misc/Unsafe;->getInt(Ljava/lang/Object;J)I (greylist, linking, allowed)
12-01 06:39:36.050  19681  23683 W igation.testap: Accessing hidden method Lsun/misc/Unsafe;->getObject(Ljava/lang/Object;J)Ljava/lang/Object; (greylist, linking, allowed)
12-01 06:39:36.050  19681  23685 W igation.testap: Accessing hidden method Lsun/misc/Unsafe;->getInt(Ljava/lang/Object;J)I (greylist, linking, allowed)
12-01 06:39:36.050  19681  23685 W igation.testap: Accessing hidden method Lsun/misc/Unsafe;->putObject(Ljava/lang/Object;JLjava/lang/Object;)V (greylist, linking, allowed)
12-01 06:39:36.050  19681  23685 W igation.testap: Accessing hidden method Lsun/misc/Unsafe;->putInt(Ljava/lang/Object;JI)V (greylist, linking, allowed)
12-01 06:39:36.051  19681  23685 W igation.testap: Accessing hidden method Lsun/misc/Unsafe;->putObject(Ljava/lang/Object;JLjava/lang/Object;)V (greylist, linking, allowed)
12-01 06:39:36.051  19681  23685 W igation.testap: Accessing hidden method Lsun/misc/Unsafe;->getLong(Ljava/lang/Object;J)J (greylist,core-platform-api, linking, allowed)
12-01 06:39:36.051  19681  23685 W igation.testap: Accessing hidden method Lsun/misc/Unsafe;->putLong(Ljava/lang/Object;JJ)V (greylist, linking, allowed)
12-01 06:39:36.051  19681  23681 W igation.testap: Accessing hidden method Lsun/misc/Unsafe;->getInt(Ljava/lang/Object;J)I (greylist, linking, allowed)
12-01 06:39:36.052  19681  23685 W igation.testap: Accessing hidden method Lsun/misc/Unsafe;->putObject(Ljava/lang/Object;JLjava/lang/Object;)V (greylist, linking, allowed)
12-01 06:39:36.052  19681  23685 W igation.testap: Accessing hidden method Lsun/misc/Unsafe;->putInt(Ljava/lang/Object;JI)V (greylist, linking, allowed)
12-01 06:39:36.052  19681  23685 W igation.testap: Accessing hidden method Lsun/misc/Unsafe;->getLong(Ljava/lang/Object;J)J (greylist,core-platform-api, linking, allowed)
12-01 06:39:36.053  19681  23685 W igation.testap: Accessing hidden method Lsun/misc/Unsafe;->putInt(Ljava/lang/Object;JI)V (greylist, linking, allowed)
12-01 06:39:36.054  19681  23685 W igation.testap: Accessing hidden method Lsun/misc/Unsafe;->putObject(Ljava/lang/Object;JLjava/lang/Object;)V (greylist, linking, allowed)
12-01 06:39:36.054  19681  23685 W igation.testap: Accessing hidden method Lsun/misc/Unsafe;->putInt(Ljava/lang/Object;JI)V (greylist, linking, allowed)
12-01 06:39:36.055  19681  23685 W igation.testap: Accessing hidden method Lsun/misc/Unsafe;->putObject(Ljava/lang/Object;JLjava/lang/Object;)V (greylist, linking, allowed)
12-01 06:39:36.055  19681  23685 W igation.testap: Accessing hidden method Lsun/misc/Unsafe;->getLong(Ljava/lang/Object;J)J (greylist,core-platform-api, linking, allowed)
12-01 06:39:36.055  19681  23685 W igation.testap: Accessing hidden method Lsun/misc/Unsafe;->putInt(Ljava/lang/Object;JI)V (greylist, linking, allowed)
12-01 06:39:36.056  19681  23685 W igation.testap: Accessing hidden method Lsun/misc/Unsafe;->getInt(Ljava/lang/Object;J)I (greylist, linking, allowed)
12-01 06:39:36.057  19681  23685 W igation.testap: Accessing hidden method Lsun/misc/Unsafe;->putInt(Ljava/lang/Object;JI)V (greylist, linking, allowed)
12-01 06:39:36.063  19681  23685 I chatty: uid=10168(com.google.android.libraries.navigation.testapp) Labeling identical 5 lines
12-01 06:39:36.064  19681  23685 W igation.testap: Accessing hidden method Lsun/misc/Unsafe;->putInt(Ljava/lang/Object;JI)V (greylist, linking, allowed)
12-01 06:39:36.069  19681  23685 W igation.testap: Accessing hidden method Lsun/misc/Unsafe;->putObject(Ljava/lang/Object;JLjava/lang/Object;)V (greylist, linking, allowed)
12-01 06:39:36.069  19681  23685 W igation.testap: Accessing hidden method Lsun/misc/Unsafe;->putInt(Ljava/lang/Object;JI)V (greylist, linking, allowed)
12-01 06:39:36.069  19681  23685 W igation.testap: Accessing hidden method Lsun/misc/Unsafe;->getLong(Ljava/lang/Object;J)J (greylist,core-platform-api, linking, allowed)
12-01 06:39:36.069  19681  23685 W igation.testap: Accessing hidden method Lsun/misc/Unsafe;->putLong(Ljava/lang/Object;JJ)V (greylist, linking, allowed)
12-01 06:39:36.074  19681  23685 W igation.testap: Accessing hidden method Lsun/misc/Unsafe;->getLong(Ljava/lang/Object;J)J (greylist,core-platform-api, linking, allowed)
12-01 06:39:36.074  19681  23685 W igation.testap: Accessing hidden method Lsun/misc/Unsafe;->getInt(Ljava/lang/Object;J)I (greylist, linking, allowed)
12-01 06:39:36.136  19681  23685 W igation.testap: Accessing hidden method Lsun/misc/Unsafe;->getObject(Ljava/lang/Object;J)Ljava/lang/Object; (greylist, linking, allowed)
12-01 06:39:36.136  19681  23685 W igation.testap: Accessing hidden method Lsun/misc/Unsafe;->getInt(Ljava/lang/Object;J)I (greylist, linking, allowed)
12-01 06:39:36.136  19681  23685 W igation.testap: Accessing hidden method Lsun/misc/Unsafe;->getLong(Ljava/lang/Object;J)J (greylist,core-platform-api, linking, allowed)
12-01 06:39:36.164  19681  23685 W igation.testap: Accessing hidden method Lsun/misc/Unsafe;->getInt(Ljava/lang/Object;J)I (greylist, linking, allowed)
12-01 06:39:36.164  19681  23685 W igation.testap: Accessing hidden method Lsun/misc/Unsafe;->getObject(Ljava/lang/Object;J)Ljava/lang/Object; (greylist, linking, allowed)
12-01 06:39:36.164  19681  23685 W igation.testap: Accessing hidden method Lsun/misc/Unsafe;->putObject(Ljava/lang/Object;JLjava/lang/Object;)V (greylist, linking, allowed)
12-01 06:39:36.164  19681  23685 W igation.testap: Accessing hidden method Lsun/misc/Unsafe;->putInt(Ljava/lang/Object;JI)V (greylist, linking, allowed)
12-01 06:39:36.165  19681  23685 W igation.testap: Accessing hidden method Lsun/misc/Unsafe;->putLong(Ljava/lang/Object;JJ)V (greylist, linking, allowed)
12-01 06:39:36.166  19681  23685 W igation.testap: Accessing hidden method Lsun/misc/Unsafe;->putInt(Ljava/lang/Object;JI)V (greylist, linking, allowed)
12-01 06:39:36.166  19681  23685 W igation.testap: Accessing hidden method Lsun/misc/Unsafe;->putLong(Ljava/lang/Object;JJ)V (greylist, linking, allowed)
12-01 06:39:36.167  19681  23685 W igation.testap: Accessing hidden method Lsun/misc/Unsafe;->putObject(Ljava/lang/Object;JLjava/lang/Object;)V (greylist, linking, allowed)
12-01 06:39:36.167  19681  23685 W igation.testap: Accessing hidden method Lsun/misc/Unsafe;->putInt(Ljava/lang/Object;JI)V (greylist, linking, allowed)
12-01 06:39:36.168  19681  23685 W igation.testap: Accessing hidden method Lsun/misc/Unsafe;->getLong(Ljava/lang/Object;J)J (greylist,core-platform-api, linking, allowed)
12-01 06:39:36.169  19681  23685 W igation.testap: Accessing hidden method Lsun/misc/Unsafe;->putInt(Ljava/lang/Object;JI)V (greylist, linking, allowed)
12-01 06:39:36.170  19681  23685 W igation.testap: Accessing hidden method Lsun/misc/Unsafe;->putLong(Ljava/lang/Object;JJ)V (greylist, linking, allowed)
12-01 06:39:36.170  19681  23685 W igation.testap: Accessing hidden method Lsun/misc/Unsafe;->putInt(Ljava/lang/Object;JI)V (greylist, linking, allowed)
12-01 06:39:36.171  19681  23685 W igation.testap: Accessing hidden method Lsun/misc/Unsafe;->putInt(Ljava/lang/Object;JI)V (greylist, linking, allowed)
12-01 06:39:36.172  19681  23685 W igation.testap: Accessing hidden method Lsun/misc/Unsafe;->putLong(Ljava/lang/Object;JJ)V (greylist, linking, allowed)
12-01 06:39:36.173  19681  23685 W igation.testap: Accessing hidden method Lsun/misc/Unsafe;->putInt(Ljava/lang/Object;JI)V (greylist, linking, allowed)
12-01 06:39:36.178  19681  23685 I chatty: uid=10168(com.google.android.libraries.navigation.testapp) Labeling identical 5 lines
12-01 06:39:36.179  19681  23685 W igation.testap: Accessing hidden method Lsun/misc/Unsafe;->putInt(Ljava/lang/Object;JI)V (greylist, linking, allowed)
12-01 06:39:36.184  19681  23685 W igation.testap: Accessing hidden method Lsun/misc/Unsafe;->getInt(Ljava/lang/Object;J)I (greylist, linking, allowed)
12-01 06:39:36.184  19681  23685 W igation.testap: Accessing hidden method Lsun/misc/Unsafe;->getObject(Ljava/lang/Object;J)Ljava/lang/Object; (greylist, linking, allowed)
12-01 06:39:36.184  19681  23685 W igation.testap: Accessing hidden method Lsun/misc/Unsafe;->putInt(Ljava/lang/Object;JI)V (greylist, linking, allowed)
12-01 06:39:36.188  19681  23685 W igation.testap: Accessing hidden method Lsun/misc/Unsafe;->getInt(Ljava/lang/Object;J)I (greylist, linking, allowed)
12-01 06:39:36.188  19681  23685 W igation.testap: Accessing hidden method Lsun/misc/Unsafe;->getLong(Ljava/lang/Object;J)J (greylist,core-platform-api, linking, allowed)
12-01 06:39:36.241  19681  23694 W igation.testap: Accessing hidden method Lsun/misc/Unsafe;->getInt(Ljava/lang/Object;J)I (greylist, linking, allowed)
12-01 06:39:36.241  19681  23694 W igation.testap: Accessing hidden method Lsun/misc/Unsafe;->getObject(Ljava/lang/Object;J)Ljava/lang/Object; (greylist, linking, allowed)
12-01 06:39:36.272  2790  4588 I FusedLocation: location delivery to 10131/com.google.android.gms[.location_base]/635a969b blocked - too fast [CONTEXT service_id=6 ]

12-01 06:39:36.272  2790  4588 I FusedLocation: location delivery to 10194/jp.co.cyberagent.stf/c9da0782 blocked - too fast [CONTEXT service_id=6 ]

12-01 06:39:36.273  19681  23694 W igation.testap: Accessing hidden method Lsun/misc/Unsafe;->getInt(Ljava/lang/Object;J)I (greylist, linking, allowed)
12-01 06:39:36.273  2790  4588 I FusedLocation: location delivery to 10131/com.google.android.gms[.location_base]/4237f68b blocked - too close [CONTEXT service_id=6 ]

12-01 06:39:36.273  19681  23694 W igation.testap: Accessing hidden method Lsun/misc/Unsafe;->getObject(Ljava/lang/Object;J)Ljava/lang/Object; (greylist, linking, allowed)
12-01 06:39:36.274  2790  4588 I FusedLocation: location delivery to 10131/com.google.android.gms[.personalsafety]/ed20e3af blocked - too fast [CONTEXT service_id=6 ]

12-01 06:39:36.274  2790  4588 I FusedLocation: location delivery to 10171/com.zihua.android.mytracks/69f52c0a blocked - too fast [CONTEXT service_id=6 ]

12-01 06:39:36.274  19681  23694 W igation.testap: Accessing hidden method Lsun/misc/Unsafe;->compareAndSwapObject(Ljava/lang/Object;JLjava/lang/Object;Ljava/lang/Object;)Z (greylist, linking, allowed)
12-01 06:39:36.274  2790  4588 I FusedLocation: location delivery to 10131/com.google.android.gms[.personalsafety]/462676cb blocked - too fast [CONTEXT service_id=6 ]

12-01 06:39:36.276  737  737 I sensors-hal: flush:260, android.sensor.gravity/91
12-01 06:39:36.276  737  737 I sensors-hal: flush:268, android.sensor.gravity/91 completed
12-01 06:39:36.276  737  737 I sensors-hal: flush:260, android.sensor.linear_acceleration/101
12-01 06:39:36.276  737  737 I sensors-hal: flush:268, android.sensor.linear_acceleration/101 completed
12-01 06:39:36.276  737  737 I sensors-hal: flush:260, android.sensor.gyroscope_uncalibrated/161
12-01 06:39:36.276  737  737 I sensors-hal: flush:268, android.sensor.gyroscope_uncalibrated/161 completed
12-01 06:39:36.277  19681  23686 W igation.testap: Accessing hidden method Lsun/misc/Unsafe;->compareAndSwapObject(Ljava/lang/Object;JLjava/lang/Object;Ljava/lang/Object;)Z (greylist, linking, allowed)
12-01 06:39:36.277  19681  23694 W igation.testap: Accessing hidden method Lsun/misc/Unsafe;->getObject(Ljava/lang/Object;J)Ljava/lang/Object; (greylist, linking, allowed)
12-01 06:39:36.277  19681  23694 W igation.testap: Accessing hidden method Lsun/misc/Unsafe;->getLong(Ljava/lang/Object;J)J (greylist,core-platform-api, linking, allowed)
12-01 06:39:36.279  19681  23694 I native: I0000 00:00:1701412776.279149   23694 map-location-tracker.cc:414] MapLocationTracker called with 15 existing on-segment hypotheses, 0 existing off-segment hypotheses, 3 queued observations at time 61331818.

12-01 06:39:36.313  19681  23694 I native: I0000 00:00:1701412776.313467   23694 map-location-tracker.cc:845] time_ms: 61331818 MapTrackingResult[lat/lng=17.4587720,78.3666490 speed=0.10 bearing=287.84 alti=nanm, on_road=1 in_startup_confusion=0 posn_acc=8.64 spd_acc=1.76 bear_acc=6.63 alti_acc=inf segment=Hitech City Rd:0xCB2E5AB44408B5F5:0x5:[17.4587410,78.3667573 31.2m 289°, r-246.3m]x11m->1/1#[σ 5.00m 6.4°] meters_on_segment=11.98 across: nan off_mode_probability=1.00 {level=unknown} [nmm loc] ]

12-01 06:39:36.317  19681  23694 W igation.testap: Accessing hidden method Lsun/misc/Unsafe;->getInt(Ljava/lang/Object;J)I (greylist, linking, allowed)
12-01 06:39:36.317  19681  23694 W igation.testap: Accessing hidden method Lsun/misc/Unsafe;->putInt(Ljava/lang/Object;JI)V (greylist, linking, allowed)
12-01 06:39:36.317  19681  23694 W igation.testap: Accessing hidden method Lsun/misc/Unsafe;->getObject(Ljava/lang/Object;J)Ljava/lang/Object; (greylist, linking, allowed)
12-01 06:39:36.317  19681  23694 W igation.testap: Accessing hidden method Lsun/misc/Unsafe;->putObject(Ljava/lang/Object;JLjava/lang/Object;)V (greylist, linking, allowed)
12-01 06:39:36.326  19681  23870 W igation.testap: Accessing hidden method Lsun/misc/Unsafe;->getObject(Ljava/lang/Object;J)Ljava/lang/Object; (greylist, linking, allowed)
12-01 06:39:36.327  19681  23694 I native: I0000 00:00:1701412776.327084   23694 patchwork-snaptile-integrator.cc:533] DoFollowUpWork: 8 tiles currently loaded.

12-01 06:39:36.328  19681  23694 W igation.testap: Accessing hidden method Lsun/misc/Unsafe;->putLong(Ljava/lang/Object;JJ)V (greylist, linking, allowed)
12-01 06:39:36.329  19681  23694 W igation.testap: Accessing hidden method Lsun/misc/Unsafe;->putInt(Ljava/lang/Object;JI)V (greylist, linking, allowed)
12-01 06:39:36.329  19681  23694 W igation.testap: Accessing hidden method Lsun/misc/Unsafe;->putObject(Ljava/lang/Object;JLjava/lang/Object;)V (greylist, linking, allowed)
12-01 06:39:36.340  19681  23870 I native: I0000 00:00:1701412776.339610   23870 guider.cc:320] [NAV][OnLocationChanged] : (38) (routes: *38=0.999922, 48=0.334068) 808.108m (next: 50.3116m) speed: 0.0955206m/s

12-01 06:39:36.341  19681  23870 W igation.testap: Accessing hidden method Lsun/misc/Unsafe;->putInt(Ljava/lang/Object;JI)V (greylist, linking, allowed)
12-01 06:39:36.343  19681  19890 W igation.testap: Accessing hidden method Lsun/misc/Unsafe;->putObject(Ljava/lang/Object;JLjava/lang/Object;)V (greylist, linking, allowed)
12-01 06:39:36.343  19681  19890 W igation.testap: Accessing hidden method Lsun/misc/Unsafe;->putInt(Ljava/lang/Object;JI)V (greylist, linking, allowed)
12-01 06:39:36.345  19681  19890 W igation.testap: Accessing hidden method Lsun/misc/Unsafe;->putObject(Ljava/lang/Object;JLjava/lang/Object;)V (greylist, linking, allowed)
12-01 06:39:36.345  19681  19890 W igation.testap: Accessing hidden method Lsun/misc/Unsafe;->putInt(Ljava/lang/Object;JI)V (greylist, linking, allowed)
12-01 06:39:36.346  19681  19890 W igation.testap: Accessing hidden method Lsun/misc/Unsafe;->putObject(Ljava/lang/Object;JLjava/lang/Object;)V (greylist, linking, allowed)
12-01 06:39:36.346  19681  19890 W igation.testap: Accessing hidden method Lsun/misc/Unsafe;->putInt(Ljava/lang/Object;JI)V (greylist, linking, allowed)
12-01 06:39:36.354  19681  23870 W igation.testap: Accessing hidden method Lsun/misc/Unsafe;->putInt(Ljava/lang/Object;JI)V (greylist, linking, allowed)
12-01 06:39:36.355  19681  23870 W igation.testap: Accessing hidden method Lsun/misc/Unsafe;->putLong(Ljava/lang/Object;JJ)V (greylist, linking, allowed)
12-01 06:39:36.359  4808  4808 E STFService: run1: 3.2.8
12-01 06:39:36.362  19681  23870 W igation.testap: Accessing hidden method Lsun/misc/Unsafe;->compareAndSwapObject(Ljava/lang/Object;JLjava/lang/Object;Ljava/lang/Object;)Z (greylist, linking, allowed)
12-01 06:39:36.367  19681  23870 W igation.testap: Accessing hidden method Lsun/misc/Unsafe;->getInt(Ljava/lang/Object;J)I (greylist, linking, allowed)
12-01 06:39:36.367  19681  23870 W igation.testap: Accessing hidden method Lsun/misc/Unsafe;->getObject(Ljava/lang/Object;J)Ljava/lang/Object; (greylist, linking, allowed)
12-01 06:39:36.368  19681  23870 W igation.testap: Accessing hidden method Lsun/misc/Unsafe;->getLong(Ljava/lang/Object;J)J (greylist,core-platform-api, linking, allowed)
12-01 06:39:36.375  4808  4808 I STFService: sendNetworkClass:  CellSignalLte:{alphaLong=Vi India, rssi=-63, mnc=7, level=4, bandwidth=2147483647, ci=828734, asulevel=47, parametersUseForLevel=-93, rsrp=-93, rssnr=2147483647, bands=[], mcc=404, ta=2147483647, mAdditionalPlmns=unknown, sinr=2147483647, csgInfo=unknown, rsrq=-13, pci=95, tac=24314, alphaShort=Vi India, cqi=2147483647, earfcn=41140}
12-01 06:39:36.376  4808  4808 I STFService: sendNetworkClass:  CellSignalLte:{alphaLong=, rssi=-69, mnc=2147483647, level=4, bandwidth=2147483647, ci=2147483647, asulevel=43, parametersUseForLevel=-97, rsrp=-97, rssnr=2147483647, bands=[], mcc=2147483647, ta=2147483647, mAdditionalPlmns=unknown, sinr=2147483647, csgInfo=unknown, rsrq=-16, pci=93, tac=2147483647, alphaShort=, cqi=2147483647, earfcn=41140}
12-01 06:39:36.376  4808  4808 I STFService: sendNetworkClass:  CellSignalGSM:{alphaLong=, rssi=-113, mnc=2147483647, level=0, bsic=0x7FFFFFFF, asulevel=0, rsrp=-113, arfcn=14, mcc=2147483647, mAdditionalPlmns=unknown, ber=2147483647, lac=2147483647, rsrq=0, alphaShort=, mTa=2147483647, cid=2147483647}
12-01 06:39:36.377  4808  4808 I STFService: sendNetworkClass:  CellSignalGSM:{alphaLong=, rssi=-113, mnc=2147483647, level=0, bsic=0x7FFFFFFF, asulevel=0, rsrp=-113, arfcn=15, mcc=2147483647, mAdditionalPlmns=unknown, ber=2147483647, lac=2147483647, rsrq=0, alphaShort=, mTa=2147483647, cid=2147483647}
12-01 06:39:36.377  4808  4808 I STFService: sendNetworkClass:  CellSignalGSM:{alphaLong=, rssi=-113, mnc=2147483647, level=0, bsic=0x7FFFFFFF, asulevel=0, rsrp=-113, arfcn=16, mcc=2147483647, mAdditionalPlmns=unknown, ber=2147483647, lac=2147483647, rsrq=0, alphaShort=, mTa=2147483647, cid=2147483647}
12-01 06:39:36.378  4808  4808 I STFService: sendNetworkClass:  CellSignalGSM:{alphaLong=, rssi=-113, mnc=2147483647, level=0, bsic=0x7FFFFFFF, asulevel=0, rsrp=-113, arfcn=17, mcc=2147483647, mAdditionalPlmns=unknown, ber=2147483647, lac=2147483647, rsrq=0, alphaShort=, mTa=2147483647, cid=2147483647}
12-01 06:39:36.378  4808  4808 I STFService: sendNetworkClass:  CellSignalGSM:{alphaLong=, rssi=-113, mnc=2147483647, level=0, bsic=0x7FFFFFFF, asulevel=0, rsrp=-113, arfcn=18, mcc=2147483647, mAdditionalPlmns=unknown, ber=2147483647, lac=2147483647, rsrq=0, alphaShort=, mTa=2147483647, cid=2147483647}
12-01 06:39:36.379  4808  4808 I STFService: sendNetworkClass:  CellSignalGSM:{alphaLong=, rssi=-113, mnc=2147483647, level=0, bsic=0x7FFFFFFF, asulevel=0, rsrp=-113, arfcn=19, mcc=2147483647, mAdditionalPlmns=unknown, ber=2147483647, lac=2147483647, rsrq=0, alphaShort=, mTa=2147483647, cid=2147483647}
12-01 06:39:36.380  4808  4808 I STFService: sendNetworkClass:  CellSignalGSM:{alphaLong=, rssi=-113, mnc=2147483647, level=0, bsic=0x7FFFFFFF, asulevel=0, rsrp=-113, arfcn=20, mcc=2147483647, mAdditionalPlmns=unknown, ber=2147483647, lac=2147483647, rsrq=0, alphaShort=, mTa=2147483647, cid=2147483647}
12-01 06:39:36.380  4808  4808 I STFService: sendNetworkClass:  CellSignalGSM:{alphaLong=, rssi=-113, mnc=2147483647, level=0, bsic=0x7FFFFFFF, asulevel=0, rsrp=-113, arfcn=21, mcc=2147483647, mAdditionalPlmns=unknown, ber=2147483647, lac=2147483647, rsrq=0, alphaShort=, mTa=2147483647, cid=2147483647}
