12-01 06:39:23.095  737  737 I sensors-hal: flush:268, android.sensor.linear_acceleration/101 completed
12-01 06:39:23.095  737  737 I sensors-hal: flush:260, android.sensor.gyroscope_uncalibrated/161
12-01 06:39:23.095  737  737 I sensors-hal: flush:268, android.sensor.gyroscope_uncalibrated/161 completed
12-01 06:39:23.096  19681  23686 W igation.testap: Accessing hidden method Lsun/misc/Unsafe;->compareAndSwapObject(Ljava/lang/Object;JLjava/lang/Object;Ljava/lang/Object;)Z (greylist, linking, allowed)
12-01 06:39:23.096  4808  4808 I STFService: sendNetworkClass:  CellSignalLte:{alphaLong=, rssi=-71, mnc=2147483647, level=4, bandwidth=2147483647, ci=2147483647, asulevel=43, parametersUseForLevel=-97, rsrp=-97, rssnr=2147483647, bands=[], mcc=2147483647, ta=2147483647, mAdditionalPlmns=unknown, sinr=2147483647, csgInfo=unknown, rsrq=-15, pci=93, tac=2147483647, alphaShort=, cqi=2147483647, earfcn=41140}
12-01 06:39:23.099  4808  4808 I STFService: sendNetworkClass:  EPDGInfo:{dns_server_4=2001:4860:4860::6464, ip_address_1=10.41.105.46, dns_server_3=2402:3a80:1fff:40::4, ip_address_2=2402:8100:25d9:65c0:ed4e:44d8:6ea2:1a75, dns_server_2=8.8.8.8, dns_server_1=10.95.11.110, max_downstream_bandwidth=30000, is_secure=true, tunneling_protocol=rmnet_data1, max_upstream_bandwidth=15000}
12-01 06:39:23.104  19681  23694 W igation.testap: Accessing hidden method Lsun/misc/Unsafe;->getInt(Ljava/lang/Object;J)I (greylist, linking, allowed)
12-01 06:39:23.104  19681  23694 W igation.testap: Accessing hidden method Lsun/misc/Unsafe;->putLong(Ljava/lang/Object;JJ)V (greylist, linking, allowed)
12-01 06:39:23.104  19681  23694 W igation.testap: Accessing hidden method Lsun/misc/Unsafe;->putInt(Ljava/lang/Object;JI)V (greylist, linking, allowed)
12-01 06:39:23.104  19681  23694 W igation.testap: Accessing hidden method Lsun/misc/Unsafe;->putObject(Ljava/lang/Object;JLjava/lang/Object;)V (greylist, linking, allowed)
12-01 06:39:23.104  19681  23694 W igation.testap: Accessing hidden method Lsun/misc/Unsafe;->getObject(Ljava/lang/Object;J)Ljava/lang/Object; (greylist, linking, allowed)
12-01 06:39:23.227  19681  23694 W igation.testap: Accessing hidden method Lsun/misc/Unsafe;->getInt(Ljava/lang/Object;J)I (greylist, linking, allowed)
12-01 06:39:23.227  19681  23694 W igation.testap: Accessing hidden method Lsun/misc/Unsafe;->getObject(Ljava/lang/Object;J)Ljava/lang/Object; (greylist, linking, allowed)
12-01 06:39:23.259  2790  4588 I FusedLocation: location delivery to 10131/com.google.android.gms[.location_base]/635a969b blocked - too fast [CONTEXT service_id=6 ]

12-01 06:39:23.261  2790  4588 I FusedLocation: location delivery to 10194/jp.co.cyberagent.stf/c9da0782 blocked - too fast [CONTEXT service_id=6 ]

12-01 06:39:23.261  19681  23694 W igation.testap: Accessing hidden method Lsun/misc/Unsafe;->getInt(Ljava/lang/Object;J)I (greylist, linking, allowed)
12-01 06:39:23.261  19681  23694 W igation.testap: Accessing hidden method Lsun/misc/Unsafe;->getObject(Ljava/lang/Object;J)Ljava/lang/Object; (greylist, linking, allowed)
12-01 06:39:23.261  2790  4588 I FusedLocation: location delivery to 10131/com.google.android.gms[.location_base]/4237f68b blocked - too close [CONTEXT service_id=6 ]

12-01 06:39:23.262  2790  4588 I FusedLocation: location delivery to 10131/com.google.android.gms[.personalsafety]/ed20e3af blocked - too fast [CONTEXT service_id=6 ]

12-01 06:39:23.267  2790  4588 I FusedLocation: location delivery to 10131/com.google.android.gms[.personalsafety]/462676cb blocked - too fast [CONTEXT service_id=6 ]

12-01 06:39:23.273  19681  23694 W igation.testap: Accessing hidden method Lsun/misc/Unsafe;->compareAndSwapObject(Ljava/lang/Object;JLjava/lang/Object;Ljava/lang/Object;)Z (greylist, linking, allowed)
12-01 06:39:23.274  19681  23694 W igation.testap: Accessing hidden method Lsun/misc/Unsafe;->getLong(Ljava/lang/Object;J)J (greylist,core-platform-api, linking, allowed)
12-01 06:39:23.275  19681  23694 I native: I0000 00:00:1701412763.275024   23694 map-location-tracker.cc:414] MapLocationTracker called with 19 existing on-segment hypotheses, 0 existing off-segment hypotheses, 3 queued observations at time 61318823.

12-01 06:39:23.313  19681  23694 I native: I0000 00:00:1701412763.313043   23694 map-location-tracker.cc:845] time_ms: 61318823 MapTrackingResult[lat/lng=17.4588193,78.3665088 speed=0.69 bearing=291.22 alti=nanm, on_road=1 in_startup_confusion=0 posn_acc=8.46 spd_acc=2.16 bear_acc=6.72 alti_acc=inf segment=Hitech City Rd:0xCB2E5AB44408B5F5:0x5:[17.4587410,78.3667573 31.2m 289°, r-246.3m]x11m->1/1#[σ 5.00m 6.4°] meters_on_segment=27.78 across: nan off_mode_probability=0.97 {level=unknown} [nmm loc] ]

12-01 06:39:23.317  19681  23694 W igation.testap: Accessing hidden method Lsun/misc/Unsafe;->getInt(Ljava/lang/Object;J)I (greylist, linking, allowed)
12-01 06:39:23.317  19681  23694 W igation.testap: Accessing hidden method Lsun/misc/Unsafe;->putInt(Ljava/lang/Object;JI)V (greylist, linking, allowed)
12-01 06:39:23.317  19681  23694 W igation.testap: Accessing hidden method Lsun/misc/Unsafe;->getObject(Ljava/lang/Object;J)Ljava/lang/Object; (greylist, linking, allowed)
12-01 06:39:23.317  19681  23694 W igation.testap: Accessing hidden method Lsun/misc/Unsafe;->putObject(Ljava/lang/Object;JLjava/lang/Object;)V (greylist, linking, allowed)
12-01 06:39:23.322  19681  23694 W igation.testap: Accessing hidden method Lsun/misc/Unsafe;->putLong(Ljava/lang/Object;JJ)V (greylist, linking, allowed)
12-01 06:39:23.329  19681  23694 I native: I0000 00:00:1701412763.329669   23694 patchwork-snaptile-integrator.cc:533] DoFollowUpWork: 8 tiles currently loaded.

12-01 06:39:23.335  19681  19877 W igation.testap: Accessing hidden method Lsun/misc/Unsafe;->putObject(Ljava/lang/Object;JLjava/lang/Object;)V (greylist, linking, allowed)
12-01 06:39:23.335  19681  19877 W igation.testap: Accessing hidden method Lsun/misc/Unsafe;->putInt(Ljava/lang/Object;JI)V (greylist, linking, allowed)
12-01 06:39:23.336  19681  19877 W igation.testap: Accessing hidden method Lsun/misc/Unsafe;->putObject(Ljava/lang/Object;JLjava/lang/Object;)V (greylist, linking, allowed)
12-01 06:39:23.336  19681  19877 W igation.testap: Accessing hidden method Lsun/misc/Unsafe;->putInt(Ljava/lang/Object;JI)V (greylist, linking, allowed)
12-01 06:39:23.339  19681  19886 W igation.testap: Accessing hidden method Lsun/misc/Unsafe;->putObject(Ljava/lang/Object;JLjava/lang/Object;)V (greylist, linking, allowed)
12-01 06:39:23.339  19681  19886 W igation.testap: Accessing hidden method Lsun/misc/Unsafe;->putInt(Ljava/lang/Object;JI)V (greylist, linking, allowed)
12-01 06:39:23.345  19681  23870 I native: I0000 00:00:1701412763.345124   23870 guider.cc:320] [NAV][OnLocationChanged] : (38) (routes: *38=0.999915, 48=0.845848) 823.914m (next: 34.506m) speed: 0.689584m/s

12-01 06:39:23.347  19681  23870 W igation.testap: Accessing hidden method Lsun/misc/Unsafe;->putInt(Ljava/lang/Object;JI)V (greylist, linking, allowed)
12-01 06:39:23.348  19681  23870 W igation.testap: Accessing hidden method Lsun/misc/Unsafe;->getObject(Ljava/lang/Object;J)Ljava/lang/Object; (greylist, linking, allowed)
12-01 06:39:23.349  19681  23870 W igation.testap: Accessing hidden method Lsun/misc/Unsafe;->getObject(Ljava/lang/Object;J)Ljava/lang/Object; (greylist, linking, allowed)
12-01 06:39:23.349  19681  23870 W igation.testap: Accessing hidden method Lsun/misc/Unsafe;->getInt(Ljava/lang/Object;J)I (greylist, linking, allowed)
12-01 06:39:23.360  19681  23870 W igation.testap: Accessing hidden method Lsun/misc/Unsafe;->putInt(Ljava/lang/Object;JI)V (greylist, linking, allowed)
12-01 06:39:23.361  19681  23870 W igation.testap: Accessing hidden method Lsun/misc/Unsafe;->putLong(Ljava/lang/Object;JJ)V (greylist, linking, allowed)
12-01 06:39:23.367  19681  23870 W igation.testap: Accessing hidden method Lsun/misc/Unsafe;->compareAndSwapObject(Ljava/lang/Object;JLjava/lang/Object;Ljava/lang/Object;)Z (greylist, linking, allowed)
12-01 06:39:23.441  737  737 I sensors-hal: flush:260, android.sensor.gravity/91
12-01 06:39:23.441  737  737 I sensors-hal: flush:268, android.sensor.gravity/91 completed
12-01 06:39:23.441  737  737 I sensors-hal: flush:260, android.sensor.linear_acceleration/101
12-01 06:39:23.441  737  737 I sensors-hal: flush:268, android.sensor.linear_acceleration/101 completed
12-01 06:39:23.442  737  737 I sensors-hal: flush:260, android.sensor.gyroscope_uncalibrated/161
12-01 06:39:23.442  737  737 I sensors-hal: flush:268, android.sensor.gyroscope_uncalibrated/161 completed
12-01 06:39:23.442  19681  23686 W igation.testap: Accessing hidden method Lsun/misc/Unsafe;->compareAndSwapObject(Ljava/lang/Object;JLjava/lang/Object;Ljava/lang/Object;)Z (greylist, linking, allowed)
12-01 06:39:23.443  723  16407 I vendor.qti.bluetooth@1.0-ibs_handler: ProcessIbsCmd: Received IBS_WAKE_IND: 0xFD
12-01 06:39:23.443  723  16407 D vendor.qti.bluetooth@1.0-ibs_handler: SerialClockVote: vote for UART CLK ON
12-01 06:39:23.445  723  16407 D vendor.qti.bluetooth@1.0-wake_lock: Acquire wakelock is acquired 
12-01 06:39:23.445  723  16407 I vendor.qti.bluetooth@1.0-ibs_handler: ProcessIbsCmd: Writing IBS_WAKE_ACK
12-01 06:39:23.445  19681  19681 W igation.testap: Accessing hidden method Lsun/misc/Unsafe;->getInt(Ljava/lang/Object;J)I (greylist, linking, allowed)
12-01 06:39:23.446  19681  19681 W igation.testap: Accessing hidden method Lsun/misc/Unsafe;->getObject(Ljava/lang/Object;J)Ljava/lang/Object; (greylist, linking, allowed)
12-01 06:39:23.447  16309  16411 V bt_stack: [VERBOSE1:btm_ble_gap.cc(1847)] btm_ble_process_adv_addr: bda=6c:ed:00:63:c5:b0

12-01 06:39:23.447  16309  16411 V bt_stack: [VERBOSE1:btm_ble_gap.cc(2052)]  Waiting for scan response 6c:ed:00:63:c5:b0

12-01 06:39:23.452  19681  23694 W igation.testap: Accessing hidden method Lsun/misc/Unsafe;->putLong(Ljava/lang/Object;JJ)V (greylist, linking, allowed)
12-01 06:39:23.452  19681  23694 W igation.testap: Accessing hidden method Lsun/misc/Unsafe;->putInt(Ljava/lang/Object;JI)V (greylist, linking, allowed)
12-01 06:39:23.453  19681  23694 W igation.testap: Accessing hidden method Lsun/misc/Unsafe;->putObject(Ljava/lang/Object;JLjava/lang/Object;)V (greylist, linking, allowed)
12-01 06:39:23.486  723  16407 I vendor.qti.bluetooth@1.0-ibs_handler: ProcessIbsCmd: Received IBS_SLEEP_IND: 0xFE
12-01 06:39:23.486  723  16407 D vendor.qti.bluetooth@1.0-ibs_handler: SerialClockVote: vote for UART CLK OFF
12-01 06:39:23.534  752  880 I SDM: CompManager::ProcessIdleTimeout: QIPL idle time
12-01 06:39:23.636  723  16371 D vendor.qti.bluetooth@1.0-wake_lock: Release wakelock is released 
12-01 06:39:23.742  2585  26906 D PhoneInterfaceManager: [PhoneIntfMgr] getCellLocation: is active user
12-01 06:39:23.786  737  737 I sensors-hal: flush:260, android.sensor.gravity/91
12-01 06:39:23.786  737  737 I sensors-hal: flush:268, android.sensor.gravity/91 completed
12-01 06:39:23.786  737  737 I sensors-hal: flush:260, android.sensor.linear_acceleration/101
12-01 06:39:23.786  737  737 I sensors-hal: flush:268, android.sensor.linear_acceleration/101 completed
12-01 06:39:23.787  737  737 I sensors-hal: flush:260, android.sensor.gyroscope_uncalibrated/161
12-01 06:39:23.788  737  737 I sensors-hal: flush:268, android.sensor.gyroscope_uncalibrated/161 completed
12-01 06:39:23.789  19681  23686 W igation.testap: Accessing hidden method Lsun/misc/Unsafe;->compareAndSwapObject(Ljava/lang/Object;JLjava/lang/Object;Ljava/lang/Object;)Z (greylist, linking, allowed)
12-01 06:39:23.791  19681  23694 W igation.testap: Accessing hidden method Lsun/misc/Unsafe;->getInt(Ljava/lang/Object;J)I (greylist, linking, allowed)
12-01 06:39:23.791  19681  23694 W igation.testap: Accessing hidden method Lsun/misc/Unsafe;->putLong(Ljava/lang/Object;JJ)V (greylist, linking, allowed)
12-01 06:39:23.791  19681  23694 W igation.testap: Accessing hidden method Lsun/misc/Unsafe;->putInt(Ljava/lang/Object;JI)V (greylist, linking, allowed)
12-01 06:39:23.791  19681  23694 W igation.testap: Accessing hidden method Lsun/misc/Unsafe;->putObject(Ljava/lang/Object;JLjava/lang/Object;)V (greylist, linking, allowed)
12-01 06:39:23.791  19681  23694 W igation.testap: Accessing hidden method Lsun/misc/Unsafe;->getObject(Ljava/lang/Object;J)Ljava/lang/Object; (greylist, linking, allowed)
12-01 06:39:23.824  2585  26906 D PhoneInterfaceManager: [PhoneIntfMgr] getLine1NumberForDisplay returning null
12-01 06:39:23.829  1243  4915 W DevicePolicyManager: Package com.gyokovsolutions.gnettracklite (uid=10173, pid=19700) cannot access Device IDs
12-01 06:39:23.830  2585  26906 W TelephonyPermissions: reportAccessDeniedToReadIdentifiers:com.gyokovsolutions.gnettracklite:getSubscriberId:isPreinstalled=false:isPrivApp=false
12-01 06:39:24.050  3693  4460 I azna: (REDACTED) getHotwordActive::active query: %s, watch: %s, devices connected: %s

12-01 06:39:24.072  723  16407 I vendor.qti.bluetooth@1.0-ibs_handler: ProcessIbsCmd: Received IBS_WAKE_IND: 0xFD
12-01 06:39:24.072  723  16407 D vendor.qti.bluetooth@1.0-ibs_handler: SerialClockVote: vote for UART CLK ON
12-01 06:39:24.077  723  16407 D vendor.qti.bluetooth@1.0-wake_lock: Acquire wakelock is acquired 
12-01 06:39:24.078  723  16407 I vendor.qti.bluetooth@1.0-ibs_handler: ProcessIbsCmd: Writing IBS_WAKE_ACK
12-01 06:39:24.079  16309  16411 V bt_stack: [VERBOSE1:btm_ble_gap.cc(1847)] btm_ble_process_adv_addr: bda=7c:57:ef:2b:d2:df

12-01 06:39:24.080  16309  16411 V bt_stack: [VERBOSE1:btm_ble_gap.cc(2052)]  Waiting for scan response 7c:57:ef:2b:d2:df

12-01 06:39:24.080  16309  16411 V bt_stack: [VERBOSE1:btm_ble_gap.cc(1847)] btm_ble_process_adv_addr: bda=7c:57:ef:2b:d2:df

12-01 06:39:24.080  16309  16411 V bt_stack: [VERBOSE1:btm_inq.cc(1019)] BTM_InqDbRead: bd addr 7c:57:ef:2b:d2:df

12-01 06:39:24.089  2790  16429 I NearbyDiscovery: FastPairCache: Not triggering, because RSSI -83 is below the threshold of -48, XX:XX:XX:XX:D2:DF, isScannedByOffloadScanner=false [CONTEXT service_id=265 group_by="XX:XX:XX:XX:D2:DF" ratelimit_period="30 SECONDS" ]

12-01 06:39:24.101  4808  4808 E STFService: run1: 3.2.8
12-01 06:39:24.108  4808  4808 I STFService: sendNetworkClass:  CellSignalLte:{alphaLong=Vi India, rssi=-65, mnc=7, level=4, bandwidth=2147483647, ci=828734, asulevel=46, parametersUseForLevel=-94, rsrp=-94, rssnr=2147483647, bands=[], mcc=404, ta=21, mAdditionalPlmns=unknown, sinr=2147483647, csgInfo=unknown, rsrq=-11, pci=95, tac=24314, alphaShort=Vi India, cqi=2147483647, earfcn=41140}
12-01 06:39:24.109  4808  4808 I STFService: sendNetworkClass:  CellSignalLte:{alphaLong=, rssi=-71, mnc=2147483647, level=4, bandwidth=2147483647, ci=2147483647, asulevel=43, parametersUseForLevel=-97, rsrp=-97, rssnr=2147483647, bands=[], mcc=2147483647, ta=2147483647, mAdditionalPlmns=unknown, sinr=2147483647, csgInfo=unknown, rsrq=-15, pci=93, tac=2147483647, alphaShort=, cqi=2147483647, earfcn=41140}
12-01 06:39:24.113  4808  4808 I STFService: sendNetworkClass:  EPDGInfo:{dns_server_4=2001:4860:4860::6464, ip_address_1=10.41.105.46, dns_server_3=2402:3a80:1fff:40::4, ip_address_2=2402:8100:25d9:65c0:ed4e:44d8:6ea2:1a75, dns_server_2=8.8.8.8, dns_server_1=10.95.11.110, max_downstream_bandwidth=30000, is_secure=true, tunneling_protocol=rmnet_data1, max_upstream_bandwidth=15000}
12-01 06:39:24.117  30197  30197 D dumpstate: Duration of 'PROCESSES AND THREADS': 2.67s

12-01 06:39:24.119  723  16407 I vendor.qti.bluetooth@1.0-ibs_handler: ProcessIbsCmd: Received IBS_SLEEP_IND: 0xFE
12-01 06:39:24.119  723  16407 D vendor.qti.bluetooth@1.0-ibs_handler: SerialClockVote: vote for UART CLK OFF
12-01 06:39:24.124  737  737 I sensors-hal: flush:260, android.sensor.gravity/91
12-01 06:39:24.124  737  737 I sensors-hal: flush:268, android.sensor.gravity/91 completed
12-01 06:39:24.125  737  737 I sensors-hal: flush:260, android.sensor.linear_acceleration/101
12-01 06:39:24.125  737  737 I sensors-hal: flush:268, android.sensor.linear_acceleration/101 completed
12-01 06:39:24.125  737  737 I sensors-hal: flush:260, android.sensor.gyroscope_uncalibrated/161
12-01 06:39:24.125  737  737 I sensors-hal: flush:268, android.sensor.gyroscope_uncalibrated/161 completed
12-01 06:39:24.125  19681  23686 W igation.testap: Accessing hidden method Lsun/misc/Unsafe;->compareAndSwapObject(Ljava/lang/Object;JLjava/lang/Object;Ljava/lang/Object;)Z (greylist, linking, allowed)
12-01 06:39:24.126  767  4243 I /vendor/bin/hw/vendor.qti.hardware.servicetracker@1.1-service: bindService is called for service : com.google.android.gms/.chimera.PersistentDirectBootAwareApiService and for client com.google.android.googlequicksearchbox:interactor
12-01 06:39:24.127  767  4243 I /vendor/bin/hw/vendor.qti.hardware.servicetracker@1.1-service: total connections for service : com.google.android.gms/.chimera.PersistentDirectBootAwareApiServiceare :6
12-01 06:39:24.127  767  4243 I /vendor/bin/hw/vendor.qti.hardware.servicetracker@1.1-service: total connections for client : com.google.android.googlequicksearchbox:interactorare :2
12-01 06:39:24.131  19681  23694 W igation.testap: Accessing hidden method Lsun/misc/Unsafe;->getInt(Ljava/lang/Object;J)I (greylist, linking, allowed)
12-01 06:39:24.131  19681  23694 W igation.testap: Accessing hidden method Lsun/misc/Unsafe;->putLong(Ljava/lang/Object;JJ)V (greylist, linking, allowed)
12-01 06:39:24.131  19681  23694 W igation.testap: Accessing hidden method Lsun/misc/Unsafe;->putInt(Ljava/lang/Object;JI)V (greylist, linking, allowed)
12-01 06:39:24.131  19681  23694 W igation.testap: Accessing hidden method Lsun/misc/Unsafe;->putObject(Ljava/lang/Object;JLjava/lang/Object;)V (greylist, linking, allowed)
12-01 06:39:24.131  19681  23694 W igation.testap: Accessing hidden method Lsun/misc/Unsafe;->getObject(Ljava/lang/Object;J)Ljava/lang/Object; (greylist, linking, allowed)
12-01 06:39:24.192  4808  4894 I STFService: CoreFrequency index: 0 current: 1804800 max: 1804800
12-01 06:39:24.194  4808  4894 I STFService: CoreFrequency index: 1 current: 1804800 max: 1804800
12-01 06:39:24.196  4808  4894 I STFService: CoreFrequency index: 2 current: 1804800 max: 1804800
12-01 06:39:24.197  4808  4894 I STFService: CoreFrequency index: 3 current: 1804800 max: 1804800
12-01 06:39:24.199  4808  4894 I STFService: CoreFrequency index: 4 current: 1612800 max: 1612800
12-01 06:39:24.203  4808  4894 I STFService: CoreFrequency index: 5 current: 1612800 max: 1612800
12-01 06:39:24.207  4808  4894 I STFService: CoreFrequency index: 6 current: 1612800 max: 1612800
12-01 06:39:24.210  4808  4894 I STFService: CoreFrequency index: 7 current: 1612800 max: 1612800
12-01 06:39:24.231  19681  23694 W igation.testap: Accessing hidden method Lsun/misc/Unsafe;->getInt(Ljava/lang/Object;J)I (greylist, linking, allowed)
12-01 06:39:24.231  19681  23694 W igation.testap: Accessing hidden method Lsun/misc/Unsafe;->getObject(Ljava/lang/Object;J)Ljava/lang/Object; (greylist, linking, allowed)
12-01 06:39:24.246  19681  23694 W igation.testap: Accessing hidden method Lsun/misc/Unsafe;->getObject(Ljava/lang/Object;J)Ljava/lang/Object; (greylist, linking, allowed)
12-01 06:39:24.247  19681  23694 W igation.testap: Accessing hidden method Lsun/misc/Unsafe;->compareAndSwapObject(Ljava/lang/Object;JLjava/lang/Object;Ljava/lang/Object;)Z (greylist, linking, allowed)
12-01 06:39:24.249  19681  23694 W igation.testap: Accessing hidden method Lsun/misc/Unsafe;->getLong(Ljava/lang/Object;J)J (greylist,core-platform-api, linking, allowed)
12-01 06:39:24.250  19681  23694 I native: I0000 00:00:1701412764.250525   23694 map-location-tracker.cc:414] MapLocationTracker called with 22 existing on-segment hypotheses, 0 existing off-segment hypotheses, 3 queued observations at time 61319805.

12-01 06:39:24.250  2790  4588 I FusedLocation: location delivery to 10131/com.google.android.gms[.location_base]/635a969b blocked - too fast [CONTEXT service_id=6 ]

12-01 06:39:24.251  2790  4588 I FusedLocation: location delivery to 10194/jp.co.cyberagent.stf/c9da0782 blocked - too fast [CONTEXT service_id=6 ]

12-01 06:39:24.251  2790  4588 I FusedLocation: location delivery to 10131/com.google.android.gms[.location_base]/4237f68b blocked - too close [CONTEXT service_id=6 ]

12-01 06:39:24.251  2790  4588 I FusedLocation: location delivery to 10131/com.google.android.gms[.personalsafety]/ed20e3af blocked - too fast [CONTEXT service_id=6 ]

12-01 06:39:24.251  2790  4588 I FusedLocation: location delivery to 10171/com.zihua.android.mytracks/69f52c0a blocked - too fast [CONTEXT service_id=6 ]

12-01 06:39:24.252  2790  4588 I FusedLocation: location delivery to 10131/com.google.android.gms[.personalsafety]/462676cb blocked - too fast [CONTEXT service_id=6 ]

12-01 06:39:24.269  723  16371 D vendor.qti.bluetooth@1.0-wake_lock: Release wakelock is released 
12-01 06:39:24.300  19681  23694 I native: I0000 00:00:1701412764.300405   23694 map-location-tracker.cc:845] time_ms: 61319805 MapTrackingResult[lat/lng=17.4588168,78.3665152 speed=0.47 bearing=291.06 alti=nanm, on_road=1 in_startup_confusion=0 posn_acc=8.76 spd_acc=1.82 bear_acc=6.73 alti_acc=inf segment=Hitech City Rd:0xCB2E5AB44408B5F5:0x5:[17.4587410,78.3667573 31.2m 289°, r-246.3m]x11m->1/1#[σ 5.00m 6.4°] meters_on_segment=27.03 across: nan off_mode_probability=0.97 {level=unknown} [nmm loc] ]

12-01 06:39:24.304  19681  23694 W igation.testap: Accessing hidden method Lsun/misc/Unsafe;->getInt(Ljava/lang/Object;J)I (greylist, linking, allowed)
12-01 06:39:24.305  19681  23694 W igation.testap: Accessing hidden method Lsun/misc/Unsafe;->putInt(Ljava/lang/Object;JI)V (greylist, linking, allowed)
12-01 06:39:24.305  19681  23694 W igation.testap: Accessing hidden method Lsun/misc/Unsafe;->getObject(Ljava/lang/Object;J)Ljava/lang/Object; (greylist, linking, allowed)
12-01 06:39:24.305  19681  23694 W igation.testap: Accessing hidden method Lsun/misc/Unsafe;->putObject(Ljava/lang/Object;JLjava/lang/Object;)V (greylist, linking, allowed)
12-01 06:39:24.314  19681  23870 W igation.testap: Accessing hidden method Lsun/misc/Unsafe;->getObject(Ljava/lang/Object;J)Ljava/lang/Object; (greylist, linking, allowed)
12-01 06:39:24.315  19681  23694 I native: I0000 00:00:1701412764.315651   23694 patchwork-snaptile-integrator.cc:533] DoFollowUpWork: 8 tiles currently loaded.

12-01 06:39:24.323  19681  19881 W igation.testap: Accessing hidden method Lsun/misc/Unsafe;->putObject(Ljava/lang/Object;JLjava/lang/Object;)V (greylist, linking, allowed)
12-01 06:39:24.323  19681  19881 W igation.testap: Accessing hidden method Lsun/misc/Unsafe;->putInt(Ljava/lang/Object;JI)V (greylist, linking, allowed)
12-01 06:39:24.326  19681  23870 W igation.testap: Accessing hidden method Lsun/misc/Unsafe;->getObject(Ljava/lang/Object;J)Ljava/lang/Object; (greylist, linking, allowed)
12-01 06:39:24.327  19681  23870 W igation.testap: Accessing hidden method Lsun/misc/Unsafe;->getObject(Ljava/lang/Object;J)Ljava/lang/Object; (greylist, linking, allowed)
12-01 06:39:24.328  19681  23870 I native: I0000 00:00:1701412764.327818   23870 guider.cc:320] [NAV][OnLocationChanged] : (38) (routes: *38=0.999914, 48=0.830446) 823.169m (next: 35.2507m) speed: 0.466468m/s

12-01 06:39:24.329  19681  23870 W igation.testap: Accessing hidden method Lsun/misc/Unsafe;->getInt(Ljava/lang/Object;J)I (greylist, linking, allowed)
12-01 06:39:24.329  19681  19884 W igation.testap: Accessing hidden method Lsun/misc/Unsafe;->getObject(Ljava/lang/Object;J)Ljava/lang/Object; (greylist, linking, allowed)
12-01 06:39:24.329  19681  19884 W igation.testap: Accessing hidden method Lsun/misc/Unsafe;->putObject(Ljava/lang/Object;JLjava/lang/Object;)V (greylist, linking, allowed)
12-01 06:39:24.329  19681  19884 W igation.testap: Accessing hidden method Lsun/misc/Unsafe;->putInt(Ljava/lang/Object;JI)V (greylist, linking, allowed)
12-01 06:39:24.331  19681  23870 W igation.testap: Accessing hidden method Lsun/misc/Unsafe;->putInt(Ljava/lang/Object;JI)V (greylist, linking, allowed)
12-01 06:39:24.337  19681  23870 W igation.testap: Accessing hidden method Lsun/misc/Unsafe;->putInt(Ljava/lang/Object;JI)V (greylist, linking, allowed)
12-01 06:39:24.337  19681  23870 W igation.testap: Accessing hidden method Lsun/misc/Unsafe;->putLong(Ljava/lang/Object;JJ)V (greylist, linking, allowed)
12-01 06:39:24.337  19681  23870 W igation.testap: Accessing hidden method Lsun/misc/Unsafe;->putObject(Ljava/lang/Object;JLjava/lang/Object;)V (greylist, linking, allowed)
12-01 06:39:24.338  19681  23870 W igation.testap: Accessing hidden method Lsun/misc/Unsafe;->putLong(Ljava/lang/Object;JJ)V (greylist, linking, allowed)
12-01 06:39:24.340  19681  23870 W igation.testap: Accessing hidden method Lsun/misc/Unsafe;->compareAndSwapObject(Ljava/lang/Object;JLjava/lang/Object;Ljava/lang/Object;)Z (greylist, linking, allowed)
12-01 06:39:24.408  19681  19681 W igation.testap: Accessing hidden method Lsun/misc/Unsafe;->getInt(Ljava/lang/Object;J)I (greylist, linking, allowed)
12-01 06:39:24.409  19681  19681 W igation.testap: Accessing hidden method Lsun/misc/Unsafe;->getObject(Ljava/lang/Object;J)Ljava/lang/Object; (greylist, linking, allowed)
12-01 06:39:24.436  4808  20921 E STFTelephonyUtils: NetworkPolicy: Neither user 10194 nor current process has android.permission.MANAGE_SUBSCRIPTION_PLANS.
12-01 06:39:24.440  1243  3943 D MmsServiceBroker: getCarrierConfigValues() by jp.co.cyberagent.stf
12-01 06:39:24.441  2585  26906 D MmsService: getCarrierConfigValues
12-01 06:39:24.442  2585  26906 I MmsService: mms config for sub 3: Bundle[{httpSocketTimeout=60000, aliasMinChars=2, smsUsesSimpleCharactersOnly=false, smsToMmsTextThreshold=-1, enableSMSDeliveryReports=true, mmsRoamingAutoRetrieveByDefault=false, smsDeliveryReportSettingOnByDefault=false, maxMessageTextSize=-1, supportMmsContentDisposition=true, enabledTransID=false, aliasEnabled=false, supportHttpCharsetHeader=false, allowAttachAudio=true, smsToMmsTextLengthThreshold=-1, recipientLimit=2147483647, groupChatDefaultsToMMS=false, uaProfTagName=x-wap-profile, aliasMaxChars=48, maxImageHeight=480, enableMMSDeliveryReports=false, userAgent=, mmsCloseConnection=false, config_cellBroadcastAppLinks=true, maxSubjectLength=40, httpParams=, enableGroupMms=true, emailGatewayNumber=, mms_auto_retrieve_enabled_bool=true, maxMessageSize=307200, naiSuffix=, enableMMSReadReports=false, maxImageWidth=640, uaProfUrl=http://useragentprofile.hmdglobal.com/uaprof/Default.xml, enabledMMS=true, enabledNotifyWapMMSC=false, sendMultipartSmsAsSeparateMessages=false, enableMultipartSMS=true}]
12-01 06:39:24.465  737  737 I sensors-hal: flush:260, android.sensor.gravity/91
12-01 06:39:24.465  737  737 I sensors-hal: flush:268, android.sensor.gravity/91 completed
12-01 06:39:24.465  737  737 I sensors-hal: flush:260, android.sensor.linear_acceleration/101
12-01 06:39:24.465  737  737 I sensors-hal: flush:268, android.sensor.linear_acceleration/101 completed
12-01 06:39:24.465  737  737 I sensors-hal: flush:260, android.sensor.gyroscope_uncalibrated/161
12-01 06:39:24.466  737  737 I sensors-hal: flush:268, android.sensor.gyroscope_uncalibrated/161 completed
12-01 06:39:24.466  19681  23686 W igation.testap: Accessing hidden method Lsun/misc/Unsafe;->compareAndSwapObject(Ljava/lang/Object;JLjava/lang/Object;Ljava/lang/Object;)Z (greylist, linking, allowed)
12-01 06:39:24.467  4808  20921 E STFTelephonyUtils: {CarrierConfigInfo: vvm_ssl_enabled_bool=false, smsToMmsTextThreshold=-1, CarrierConfigInfo: use_custom_video_ui=false, CarrierConfigInfo: opportunistic_network_max_backoff_time_long=60000, CarrierConfigInfo: allow_metered_network_for_cert_download_bool=false, CarrierConfigInfo: gsm_nonroaming_networks_string_array=null, CarrierConfigInfo: oem_config_tether_dun_required_int=2, CarrierConfigInfo: carrier_default_actions_on_redirection_string_array=[9, 4, 1], CarrierConfigInfo: unmetered_nr_nsa_sub6_bool=false, CarrierConfigInfo: gps.supl_host=supl.google.com, CarrierConfigInfo: broadcast_emergency_call_state_changes_bool=false, CarrierConfigInfo: enhanced_4g_lte_title_variant_int=0, CarrierConfigInfo: vilte_data_is_metered_bool=true, CarrierConfigInfo: support_enhanced_call_blocking_bool=true, CarrierConfigInfo: oem_key_permanent_auto_sel_mode_bool=true, CarrierConfigInfo: gps.supl_mode=1, CarrierConfigInfo: aliasMaxChars=48, CarrierConfigInfo: carrier_name_string=, CarrierConfigInfo: deny_vowifi_latch_in_airplane_mode_bool=false, CarrierConfigInfo: carrier_time_12_format_bool=false, CarrierConfigInfo: support_swap_after_merge_bool=false, CarrierConfigInfo: vvm_type_string=, CarrierConfigInfo: carrier_default_actions_on_reset_string_array=[6, 8], CarrierConfigInfo: httpParams=, CarrierConfigInfo: additional_settings_caller_id_visibility_bool=true, CarrierConfigInfo: opportunistic_network_data_switch_hysteresis_time_long=10000, CarrierConfigInfo: carrier_metered_apn_types_strings=[default, mms, dun, supl], CarrierConfigInfo: config_update_service_status=false, CarrierConfigInfo: oem_key_voicemail_string=, CarrierConfigInfo: call_redirection_service_component_name_string=null, CarrierConfigInfo: oem_label_wifi_call=, CarrierConfigInfo: call_forwarding_visibility_bool=true, Data Roaming=1, CarrierConfigInfo: carrier_wfc_ims_available_bool=false, allowAttachAudio=true, CarrierConfigInfo: editable_wfc_mode_bool=false, CarrierConfigInfo: data_limit_notification_bool=true, CarrierConfigInfo: opportunistic_network_data_switch_exit_hysteresis_time_long=3000, CarrierConfigInfo: spn_display_rule_use_roaming_from_service_state_bool=false, CarrierConfigInfo: opportunistic_network_exit_threshold_rsrp_int=-118, CarrierConfigInfo: gps.use_emergency_pdn_for_emergency_supl=1, CarrierConfigInfo: operator_selection_expand_bool=true, CarrierConfigInfo: rcs_config_server_url_string=, CarrierConfigInfo: imsi_key_availability_int=0, CarrierConfigInfo: config_enable_display_14digit_imei=false, CarrierConfigInfo: carrier_instant_lettering_escaped_chars_string=, CarrierConfigInfo: notify_handover_video_from_lte_to_wifi_bool=false, CarrierConfigInfo: display_voicemail_number_as_default_call_forwarding_number=false, CarrierConfigInfo: data_switch_validation_min_gap_long=0, CarrierConfigInfo: oem_not_allow_numbers_in_call_log_string=, CarrierConfigInfo: allow_emergency_numbers_in_call_log_bool=true, CarrierConfigInfo: show_static_image_ui=false, CarrierConfigInfo: use_hfa_for_provisioning_bool=false, CarrierConfigInfo: roaming_operator_string_array=[404, 405], naiSuffix=, CarrierConfigInfo: oem_bt_enable_def_bool=true, CarrierConfigInfo: notify_vt_handover_to_wifi_failure_bool=false, enableSMSDeliveryReports=true, CarrierConfigInfo: opportunistic_network_ping_pong_time_long=60000, CarrierConfigInfo: world_mode_enabled_bool=false, CarrierConfigInfo: show_4g_for_3g_data_icon_bool=false, CarrierConfigInfo: carrier_app_required_during_setup_bool=false, CarrierConfigInfo: ims_reasoninfo_mapping_string_array=null, CarrierConfigInfo: use_caller_id_ussd_bool=false, CarrierConfigInfo: boosted_lte_earfcns_string_array=null, CarrierConfigInfo: emergency_number_prefix_string_array=[], CarrierConfigInfo: support_tdscdma_roaming_networks_string_array=null, CarrierConfigInfo: use_only_rsrp_for_lte_signal_bar_bool=false, CarrierConfigInfo: ims_dtmf_tone_delay_int=0, CarrierConfigInfo: carrier_instant_lettering_encoding_string=, CarrierConfigInfo: ims_user_agent_string_formation=true, smsUsesSimpleCharactersOnly=false, C
12-01 06:39:24.473  4808  20921 I STFNetworkUtil: getHashMapProtoMessageEnvelopeWithId:  TelephonyData:{CarrierConfigInfo: vvm_ssl_enabled_bool=false, smsToMmsTextThreshold=-1, CarrierConfigInfo: use_custom_video_ui=false, CarrierConfigInfo: opportunistic_network_max_backoff_time_long=60000, CarrierConfigInfo: allow_metered_network_for_cert_download_bool=false, CarrierConfigInfo: gsm_nonroaming_networks_string_array=null, CarrierConfigInfo: oem_config_tether_dun_required_int=2, CarrierConfigInfo: carrier_default_actions_on_redirection_string_array=[9, 4, 1], CarrierConfigInfo: unmetered_nr_nsa_sub6_bool=false, CarrierConfigInfo: gps.supl_host=supl.google.com, CarrierConfigInfo: broadcast_emergency_call_state_changes_bool=false, CarrierConfigInfo: enhanced_4g_lte_title_variant_int=0, CarrierConfigInfo: vilte_data_is_metered_bool=true, CarrierConfigInfo: support_enhanced_call_blocking_bool=true, CarrierConfigInfo: oem_key_permanent_auto_sel_mode_bool=true, CarrierConfigInfo: gps.supl_mode=1, CarrierConfigInfo: aliasMaxChars=48, CarrierConfigInfo: carrier_name_string=, CarrierConfigInfo: deny_vowifi_latch_in_airplane_mode_bool=false, CarrierConfigInfo: carrier_time_12_format_bool=false, CarrierConfigInfo: support_swap_after_merge_bool=false, CarrierConfigInfo: vvm_type_string=, CarrierConfigInfo: carrier_default_actions_on_reset_string_array=[6, 8], CarrierConfigInfo: httpParams=, CarrierConfigInfo: additional_settings_caller_id_visibility_bool=true, CarrierConfigInfo: opportunistic_network_data_switch_hysteresis_time_long=10000, CarrierConfigInfo: carrier_metered_apn_types_strings=[default, mms, dun, supl], CarrierConfigInfo: config_update_service_status=false, CarrierConfigInfo: oem_key_voicemail_string=, CarrierConfigInfo: call_redirection_service_component_name_string=null, CarrierConfigInfo: oem_label_wifi_call=, CarrierConfigInfo: call_forwarding_visibility_bool=true, Data Roaming=1, CarrierConfigInfo: carrier_wfc_ims_available_bool=false, allowAttachAudio=true, CarrierConfigInfo: editable_wfc_mode_bool=false, CarrierConfigInfo: data_limit_notification_bool=true, CarrierConfigInfo: opportunistic_network_data_switch_exit_hysteresis_time_long=3000, CarrierConfigInfo: spn_display_rule_use_roaming_from_service_state_bool=false, CarrierConfigInfo: opportunistic_network_exit_threshold_rsrp_int=-118, CarrierConfigInfo: gps.use_emergency_pdn_for_emergency_supl=1, CarrierConfigInfo: operator_selection_expand_bool=true, CarrierConfigInfo: rcs_config_server_url_string=, CarrierConfigInfo: imsi_key_availability_int=0, CarrierConfigInfo: config_enable_display_14digit_imei=false, CarrierConfigInfo: carrier_instant_lettering_escaped_chars_string=, CarrierConfigInfo: notify_handover_video_from_lte_to_wifi_bool=false, CarrierConfigInfo: display_voicemail_number_as_default_call_forwarding_number=false, CarrierConfigInfo: data_switch_validation_min_gap_long=0, CarrierConfigInfo: oem_not_allow_numbers_in_call_log_string=, CarrierConfigInfo: allow_emergency_numbers_in_call_log_bool=true, CarrierConfigInfo: show_static_image_ui=false, CarrierConfigInfo: use_hfa_for_provisioning_bool=false, CarrierConfigInfo: roaming_operator_string_array=[404, 405], naiSuffix=, CarrierConfigInfo: oem_bt_enable_def_bool=true, CarrierConfigInfo: notify_vt_handover_to_wifi_failure_bool=false, enableSMSDeliveryReports=true, CarrierConfigInfo: opportunistic_network_ping_pong_time_long=60000, CarrierConfigInfo: world_mode_enabled_bool=false, CarrierConfigInfo: show_4g_for_3g_data_icon_bool=false, CarrierConfigInfo: carrier_app_required_during_setup_bool=false, CarrierConfigInfo: ims_reasoninfo_mapping_string_array=null, CarrierConfigInfo: use_caller_id_ussd_bool=false, CarrierConfigInfo: boosted_lte_earfcns_string_array=null, CarrierConfigInfo: emergency_number_prefix_string_array=[], CarrierConfigInfo: support_tdscdma_roaming_networks_string_array=null, CarrierConfigInfo: use_only_rsrp_for_lte_signal_bar_bool=false, CarrierConfigInfo: ims_dtmf_tone_delay_int=0, CarrierConfigInfo: carrier_instant_lettering_encoding_string=, CarrierConfigInfo: ims_user_agent_string_fo
12-01 06:39:24.476  19681  23694 W igation.testap: Accessing hidden method Lsun/misc/Unsafe;->getInt(Ljava/lang/Object;J)I (greylist, linking, allowed)
12-01 06:39:24.476  19681  23694 W igation.testap: Accessing hidden method Lsun/misc/Unsafe;->putLong(Ljava/lang/Object;JJ)V (greylist, linking, allowed)
12-01 06:39:24.476  19681  23694 W igation.testap: Accessing hidden method Lsun/misc/Unsafe;->putInt(Ljava/lang/Object;JI)V (greylist, linking, allowed)
12-01 06:39:24.476  19681  23694 W igation.testap: Accessing hidden method Lsun/misc/Unsafe;->putObject(Ljava/lang/Object;JLjava/lang/Object;)V (greylist, linking, allowed)
12-01 06:39:24.476  19681  23694 W igation.testap: Accessing hidden method Lsun/misc/Unsafe;->getObject(Ljava/lang/Object;J)Ljava/lang/Object; (greylist, linking, allowed)
12-01 06:39:24.597  19681  19886 W igation.testap: Accessing hidden method Lsun/misc/Unsafe;->compareAndSwapObject(Ljava/lang/Object;JLjava/lang/Object;Ljava/lang/Object;)Z (greylist, linking, allowed)
12-01 06:39:24.610  19681  23870 I AudioManager: In isBluetoothScoOn(), calling application: com.google.android.libraries.navigation.testapp
12-01 06:39:24.610  1243  3943 I AS.AudioDeviceBroker: In isBluetoothScoOnForApp(), mForcedUseForCommExt: 0
12-01 06:39:24.614  19681  23870 W igation.testap: Accessing hidden method Lsun/misc/Unsafe;->getInt(Ljava/lang/Object;J)I (greylist, linking, allowed)
12-01 06:39:24.614  19681  23870 W igation.testap: Accessing hidden method Lsun/misc/Unsafe;->getObject(Ljava/lang/Object;J)Ljava/lang/Object; (greylist, linking, allowed)
12-01 06:39:24.634  19681  23685 W igation.testap: Accessing hidden method Lsun/misc/Unsafe;->getInt(Ljava/lang/Object;J)I (greylist, linking, allowed)
12-01 06:39:24.634  19681  23685 W igation.testap: Accessing hidden method Lsun/misc/Unsafe;->putObject(Ljava/lang/Object;JLjava/lang/Object;)V (greylist, linking, allowed)
12-01 06:39:24.635  19681  23685 W igation.testap: Accessing hidden method Lsun/misc/Unsafe;->putInt(Ljava/lang/Object;JI)V (greylist, linking, allowed)
12-01 06:39:24.635  19681  23685 W igation.testap: Accessing hidden method Lsun/misc/Unsafe;->getLong(Ljava/lang/Object;J)J (greylist,core-platform-api, linking, allowed)
12-01 06:39:24.635  19681  23685 W igation.testap: Accessing hidden method Lsun/misc/Unsafe;->putLong(Ljava/lang/Object;JJ)V (greylist, linking, allowed)
12-01 06:39:24.636  19681  23685 W igation.testap: Accessing hidden method Lsun/misc/Unsafe;->putInt(Ljava/lang/Object;JI)V (greylist, linking, allowed)
12-01 06:39:24.637  19681  23685 W igation.testap: Accessing hidden method Lsun/misc/Unsafe;->putInt(Ljava/lang/Object;JI)V (greylist, linking, allowed)
12-01 06:39:24.638  19681  23685 W igation.testap: Accessing hidden method Lsun/misc/Unsafe;->putLong(Ljava/lang/Object;JJ)V (greylist, linking, allowed)
12-01 06:39:24.638  19681  23685 W igation.testap: Accessing hidden method Lsun/misc/Unsafe;->putInt(Ljava/lang/Object;JI)V (greylist, linking, allowed)
12-01 06:39:24.639  19681  23685 I chatty: uid=10168(com.google.android.libraries.navigation.testapp) Labeling identical 1 line
12-01 06:39:24.640  19681  23685 W igation.testap: Accessing hidden method Lsun/misc/Unsafe;->putInt(Ljava/lang/Object;JI)V (greylist, linking, allowed)
12-01 06:39:24.641  19681  23685 W igation.testap: Accessing hidden method Lsun/misc/Unsafe;->putLong(Ljava/lang/Object;JJ)V (greylist, linking, allowed)
12-01 06:39:24.641  19681  23685 W igation.testap: Accessing hidden method Lsun/misc/Unsafe;->putInt(Ljava/lang/Object;JI)V (greylist, linking, allowed)
12-01 06:39:24.646  19681  23685 I chatty: uid=10168(com.google.android.libraries.navigation.testapp) Labeling identical 4 lines
12-01 06:39:24.651  19681  23685 W igation.testap: Accessing hidden method Lsun/misc/Unsafe;->putInt(Ljava/lang/Object;JI)V (greylist, linking, allowed)
12-01 06:39:24.656  19681  23685 W igation.testap: Accessing hidden method Lsun/misc/Unsafe;->getObject(Ljava/lang/Object;J)Ljava/lang/Object; (greylist, linking, allowed)
12-01 06:39:24.656  19681  23685 W igation.testap: Accessing hidden method Lsun/misc/Unsafe;->getLong(Ljava/lang/Object;J)J (greylist,core-platform-api, linking, allowed)
12-01 06:39:24.657  19681  23685 W igation.testap: Accessing hidden method Lsun/misc/Unsafe;->getInt(Ljava/lang/Object;J)I (greylist, linking, allowed)
12-01 06:39:24.702  19681  23685 W igation.testap: Accessing hidden method Lsun/misc/Unsafe;->getInt(Ljava/lang/Object;J)I (greylist, linking, allowed)
12-01 06:39:24.703  19681  23685 W igation.testap: Accessing hidden method Lsun/misc/Unsafe;->getObject(Ljava/lang/Object;J)Ljava/lang/Object; (greylist, linking, allowed)
12-01 06:39:24.703  19681  23685 W igation.testap: Accessing hidden method Lsun/misc/Unsafe;->getLong(Ljava/lang/Object;J)J (greylist,core-platform-api, linking, allowed)
12-01 06:39:24.722  1243  3908 I haohaov: [HMDenterprise broadcastIntentLocked] intent=Intent { act=android.intent.action.MCC_CHANGED (has extras) }
12-01 06:39:24.723  1243  3908 E ActivityManager: Sending non-protected broadcast android.intent.action.MCC_CHANGED from system 2585:com.android.phone/1001 pkg com.android.phone
java.lang.Throwable
	at com.android.server.am.ActivityManagerService.checkBroadcastFromSystem(ActivityManagerService.java:14869)
	at com.android.server.am.ActivityManagerService.broadcastIntentLocked(ActivityManagerService.java:15578)
	at com.android.server.am.ActivityManagerService.broadcastIntentLocked(ActivityManagerService.java:14929)
	at com.android.server.am.ActivityManagerService.broadcastIntent(ActivityManagerService.java:15720)
	at android.app.IActivityManager$Stub.onTransact(IActivityManager.java:1969)
	at com.android.server.am.ActivityManagerService.onTransact(ActivityManagerService.java:2771)
	at android.os.Binder.execTransactInternal(Binder.java:1021)
	at android.os.Binder.execTransact(Binder.java:994)

12-01 06:39:24.726  1243  3908 I DropBoxManagerService: add tag=system_server_wtf isTagEnabled=true flags=0x2
12-01 06:39:24.732  1243  3908 W DropBoxManagerService: Dropping: system_server_wtf (1242 > 0 bytes)
12-01 06:39:24.746  2585  26906 D PhoneInterfaceManager: [PhoneIntfMgr] getCellLocation: is active user
12-01 06:39:24.758  723  16407 I vendor.qti.bluetooth@1.0-ibs_handler: ProcessIbsCmd: Received IBS_WAKE_IND: 0xFD
12-01 06:39:24.759  723  16407 D vendor.qti.bluetooth@1.0-ibs_handler: SerialClockVote: vote for UART CLK ON
12-01 06:39:24.761  723  16407 D vendor.qti.bluetooth@1.0-wake_lock: Acquire wakelock is acquired 
12-01 06:39:24.761  723  16407 I vendor.qti.bluetooth@1.0-ibs_handler: ProcessIbsCmd: Writing IBS_WAKE_ACK
12-01 06:39:24.763  16309  16411 V bt_stack: [VERBOSE1:btm_ble_gap.cc(1847)] btm_ble_process_adv_addr: bda=44:54:96:7b:e5:50

12-01 06:39:24.763  16309  16411 V bt_stack: [VERBOSE1:btm_ble_gap.cc(2052)]  Waiting for scan response 44:54:96:7b:e5:50

12-01 06:39:24.765  16309  16411 V bt_stack: [VERBOSE1:btm_ble_gap.cc(1847)] btm_ble_process_adv_addr: bda=44:54:96:7b:e5:50

12-01 06:39:24.765  16309  16411 V bt_stack: [VERBOSE1:btm_inq.cc(1019)] BTM_InqDbRead: bd addr 44:54:96:7b:e5:50

12-01 06:39:24.781  2790  16429 I NearbyDiscovery: FastPairCache: Not triggering, because RSSI -88 is below the threshold of -48, XX:XX:XX:XX:E5:50, isScannedByOffloadScanner=false [CONTEXT service_id=265 group_by="XX:XX:XX:XX:E5:50" ratelimit_period="30 SECONDS" ]

12-01 06:39:24.802  723  16407 I vendor.qti.bluetooth@1.0-ibs_handler: ProcessIbsCmd: Received IBS_SLEEP_IND: 0xFE
12-01 06:39:24.802  723  16407 D vendor.qti.bluetooth@1.0-ibs_handler: SerialClockVote: vote for UART CLK OFF
12-01 06:39:24.809  737  737 I sensors-hal: flush:260, android.sensor.gravity/91
12-01 06:39:24.809  737  737 I sensors-hal: flush:268, android.sensor.gravity/91 completed
12-01 06:39:24.810  737  737 I sensors-hal: flush:260, android.sensor.linear_acceleration/101
12-01 06:39:24.810  737  737 I sensors-hal: flush:268, android.sensor.linear_acceleration/101 completed
12-01 06:39:24.810  737  737 I sensors-hal: flush:260, android.sensor.gyroscope_uncalibrated/161
12-01 06:39:24.810  737  737 I sensors-hal: flush:268, android.sensor.gyroscope_uncalibrated/161 completed
12-01 06:39:24.811  19681  23686 W igation.testap: Accessing hidden method Lsun/misc/Unsafe;->compareAndSwapObject(Ljava/lang/Object;JLjava/lang/Object;Ljava/lang/Object;)Z (greylist, linking, allowed)
12-01 06:39:24.824  19681  23694 W igation.testap: Accessing hidden method Lsun/misc/Unsafe;->getInt(Ljava/lang/Object;J)I (greylist, linking, allowed)
12-01 06:39:24.824  19681  23694 W igation.testap: Accessing hidden method Lsun/misc/Unsafe;->putLong(Ljava/lang/Object;JJ)V (greylist, linking, allowed)
12-01 06:39:24.824  19681  23694 W igation.testap: Accessing hidden method Lsun/misc/Unsafe;->putInt(Ljava/lang/Object;JI)V (greylist, linking, allowed)
12-01 06:39:24.824  19681  23694 W igation.testap: Accessing hidden method Lsun/misc/Unsafe;->putObject(Ljava/lang/Object;JLjava/lang/Object;)V (greylist, linking, allowed)
12-01 06:39:24.824  19681  23694 W igation.testap: Accessing hidden method Lsun/misc/Unsafe;->getObject(Ljava/lang/Object;J)Ljava/lang/Object; (greylist, linking, allowed)
12-01 06:39:24.832  2585  26906 D PhoneInterfaceManager: [PhoneIntfMgr] getLine1NumberForDisplay returning null
12-01 06:39:24.836  1243  3908 W DevicePolicyManager: Package com.gyokovsolutions.gnettracklite (uid=10173, pid=19700) cannot access Device IDs
12-01 06:39:24.836  2585  26906 W TelephonyPermissions: reportAccessDeniedToReadIdentifiers:com.gyokovsolutions.gnettracklite:getSubscriberId:isPreinstalled=false:isPrivApp=false
12-01 06:39:24.890  19681  23685 W igation.testap: Accessing hidden method Lsun/misc/Unsafe;->getInt(Ljava/lang/Object;J)I (greylist, linking, allowed)
12-01 06:39:24.890  19681  23685 W igation.testap: Accessing hidden method Lsun/misc/Unsafe;->getObject(Ljava/lang/Object;J)Ljava/lang/Object; (greylist, linking, allowed)
12-01 06:39:24.890  19681  23685 W igation.testap: Accessing hidden method Lsun/misc/Unsafe;->putObject(Ljava/lang/Object;JLjava/lang/Object;)V (greylist, linking, allowed)
12-01 06:39:24.890  19681  23685 W igation.testap: Accessing hidden method Lsun/misc/Unsafe;->putInt(Ljava/lang/Object;JI)V (greylist, linking, allowed)
12-01 06:39:24.891  19681  23685 W igation.testap: Accessing hidden method Lsun/misc/Unsafe;->getLong(Ljava/lang/Object;J)J (greylist,core-platform-api, linking, allowed)
12-01 06:39:24.891  19681  23685 W igation.testap: Accessing hidden method Lsun/misc/Unsafe;->putLong(Ljava/lang/Object;JJ)V (greylist, linking, allowed)
12-01 06:39:24.892  19681  23685 W igation.testap: Accessing hidden method Lsun/misc/Unsafe;->putInt(Ljava/lang/Object;JI)V (greylist, linking, allowed)
12-01 06:39:24.893  19681  23685 I chatty: uid=10168(com.google.android.libraries.navigation.testapp) Labeling identical 1 line
12-01 06:39:24.894  19681  23685 W igation.testap: Accessing hidden method Lsun/misc/Unsafe;->putInt(Ljava/lang/Object;JI)V (greylist, linking, allowed)
12-01 06:39:24.894  19681  23685 W igation.testap: Accessing hidden method Lsun/misc/Unsafe;->getObject(Ljava/lang/Object;J)Ljava/lang/Object; (greylist, linking, allowed)
12-01 06:39:24.894  19681  23685 I chatty: uid=10168(com.google.android.libraries.navigation.testapp) Labeling identical 1 line
12-01 06:39:24.895  19681  23685 W igation.testap: Accessing hidden method Lsun/misc/Unsafe;->getObject(Ljava/lang/Object;J)Ljava/lang/Object; (greylist, linking, allowed)
12-01 06:39:24.895  19681  23685 W igation.testap: Accessing hidden method Lsun/misc/Unsafe;->putInt(Ljava/lang/Object;JI)V (greylist, linking, allowed)
12-01 06:39:24.896  19681  23685 W igation.testap: Accessing hidden method Lsun/misc/Unsafe;->getInt(Ljava/lang/Object;J)I (greylist, linking, allowed)
12-01 06:39:24.896  19681  23685 W igation.testap: Accessing hidden method Lsun/misc/Unsafe;->putInt(Ljava/lang/Object;JI)V (greylist, linking, allowed)
12-01 06:39:24.901  19681  23685 I chatty: uid=10168(com.google.android.libraries.navigation.testapp) Labeling identical 6 lines
12-01 06:39:24.905  19681  23685 W igation.testap: Accessing hidden method Lsun/misc/Unsafe;->putInt(Ljava/lang/Object;JI)V (greylist, linking, allowed)
12-01 06:39:24.910  19681  23685 W igation.testap: Accessing hidden method Lsun/misc/Unsafe;->getLong(Ljava/lang/Object;J)J (greylist,core-platform-api, linking, allowed)
12-01 06:39:24.910  19681  23685 W igation.testap: Accessing hidden method Lsun/misc/Unsafe;->getInt(Ljava/lang/Object;J)I (greylist, linking, allowed)
12-01 06:39:24.953  723  16371 D vendor.qti.bluetooth@1.0-wake_lock: Release wakelock is released 
12-01 06:39:24.958  19681  23685 W igation.testap: Accessing hidden method Lsun/misc/Unsafe;->getInt(Ljava/lang/Object;J)I (greylist, linking, allowed)
12-01 06:39:24.958  19681  23685 W igation.testap: Accessing hidden method Lsun/misc/Unsafe;->getObject(Ljava/lang/Object;J)Ljava/lang/Object; (greylist, linking, allowed)
12-01 06:39:24.958  19681  23685 W igation.testap: Accessing hidden method Lsun/misc/Unsafe;->getLong(Ljava/lang/Object;J)J (greylist,core-platform-api, linking, allowed)
12-01 06:39:24.991  19681  23685 W igation.testap: Accessing hidden method Lsun/misc/Unsafe;->getInt(Ljava/lang/Object;J)I (greylist, linking, allowed)
12-01 06:39:24.992  19681  23685 W igation.testap: Accessing hidden method Lsun/misc/Unsafe;->getObject(Ljava/lang/Object;J)Ljava/lang/Object; (greylist, linking, allowed)
12-01 06:39:24.992  19681  23685 W igation.testap: Accessing hidden method Lsun/misc/Unsafe;->putObject(Ljava/lang/Object;JLjava/lang/Object;)V (greylist, linking, allowed)
12-01 06:39:24.992  19681  23685 W igation.testap: Accessing hidden method Lsun/misc/Unsafe;->putInt(Ljava/lang/Object;JI)V (greylist, linking, allowed)
12-01 06:39:24.992  19681  23685 W igation.testap: Accessing hidden method Lsun/misc/Unsafe;->getLong(Ljava/lang/Object;J)J (greylist,core-platform-api, linking, allowed)
12-01 06:39:24.992  19681  23685 W igation.testap: Accessing hidden method Lsun/misc/Unsafe;->putLong(Ljava/lang/Object;JJ)V (greylist, linking, allowed)
12-01 06:39:24.993  19681  23685 W igation.testap: Accessing hidden method Lsun/misc/Unsafe;->putInt(Ljava/lang/Object;JI)V (greylist, linking, allowed)
