10-15 21:09:25.564 17204 17235 V RILD    : isSameLocationCellRegistered(): NR, i[0](454668700, 160, 11297), j[0](454668703, 160, 11297)
10-15 21:09:25.564 17204 17235 D RILD    : isSameLocationCellRegistered(): CellInfoList Changed connStatus:0, cellInfoType:6
10-15 21:09:25.564 17204 17236 D RILD    : Onprocessing: request id(20), handleEvent(0)
10-15 21:09:25.564 17204 17235 V RILD    : CheckUpdateCellInfoList(): CellinfoList is changed
10-15 21:09:25.564 17204 17235 V RILD    : OnUnsolicitedResponse: unsolId: 1036
10-15 21:09:25.564 17204 17236 D RILD    : DoRouteIn - FW reqId : 20
10-15 21:09:25.565 17204 17236 D RILD    : Onprocessing: request id(20), handleEvent(0)
10-15 21:09:25.565  2246  2281 D RILJ    : [5992]< DATA_REGISTRATION_STATE {.regState = NOT_REG_MT_SEARCHING_OP_EM, .rat = UNKNOWN, .reasonForDenial = NONE, .cellIdentity = {.nr = {.base = {.mcc = 313, .mnc = 340, .nci = <MASKED>, .pci = <MASKED>, .tac = <MASKED>, .nrarfcn = -1, .operatorNames = {.alphaLong = DISH, .alphaShort = DSH}}, .additionalPlmns = [], .bands = []}}, .registeredPlmn = 313340, .accessTechnologySpecificInfo = {.noinit = {}}} [PHONE0]
10-15 21:09:25.565  2246  2372 W CellularNetworkService: Updating incorrect network type from UNKNOWN to NR
10-15 21:09:25.565  2246  2372 D CellularNetworkService: No access tech specific info passes for RegStateResult
10-15 21:09:25.565  2246  2372 D NRM-C-0 : onRequestNetworkRegistrationInfoComplete result: 0, info: NetworkRegistrationInfo{ domain=PS transportType=WWAN registrationState=NOT_REG_SEARCHING roamingType=NOT_ROAMING accessNetworkTechnology=NR rejectCause=0 emergencyEnabled=true availableServices=[EMERGENCY] cellIdentity=CellIdentityNr:{ mPci = 0 mTac = 1***7 mNrArfcn = 2147483647 mBands = [] mMcc = 313 mMnc = 340 mNci = 4******00 mAlphaLong = DISH mAlphaShort = DSH mAdditionalPlmns = {} } voiceSpecificInfo=null dataSpecificInfo=android.telephony.DataSpecificRegistrationInfo :{ maxDataCalls = 16 isDcNrRestricted = false isNrAvailable = false isEnDcAvailable = false LteVopsSupportInfo :  mVopsSupport = 1 mEmcBearerSupport = 1 } nrState=**** rRplmn=313340 isUsingCarrierAggregation=false}
10-15 21:09:25.566 17204 17235 V RILD    : InitState Setting data size of 0x723360b920 to 0
10-15 21:09:25.566 17204 17235 V RILD    : InitState Setting data pos of 0x723360b920 to 0
10-15 21:09:25.566 17204 17235 V RILD    : Message obj refcnt=-1
10-15 21:09:25.566 17204 17235 D RILD    : NET-MGR(3): evt(0)
10-15 21:09:25.567 17204 17235 D RILD    : RefreshHandler()
10-15 21:09:25.567 17204 17235 V RILD    : AllocateTransaction() - Use: 1, Last: 87
10-15 21:09:25.567 17204 17225 V RILD    : NotifyAsyncMessage Completed
10-15 21:09:25.568 17204 17235 D RILD    : TxGetSysInfo: Cache hit!
10-15 21:09:25.568 17204 17235 V RILD    :  .. prep 5G
10-15 21:09:25.568 17204 17235 V RILD    : completed with 1
10-15 21:09:25.568  2246  2281 D RILJ    : Unsol response received; Sending ack to ril.cpp [PHONE0]
10-15 21:09:25.568 17204 17235 D RILD    : GetVoiceSysInfo: regState(12), voiceRte(20), isRte3gpp(1)
10-15 21:09:25.568 17204 17235 V RILD    :  ... so far ss, vrte 20
10-15 21:09:25.569 17204 17235 V RILD    : .. adjusting for reg reject 1, status 13
10-15 21:09:25.569 17204 17235 V RILD    :  ... so far in_service 0
10-15 21:09:25.569 17204 17235 D RILD    :  ... cid invalid, set cid to previous value 0, 1
10-15 21:09:25.569  2246  2281 D RILJ    : [UNSL]< UNSOL_CELL_INFO_LIST [CellInfoNr:{ mRegistered=YES mTimeStamp=364210724281844ns mCellConnectionStatus=0 CellIdentityNr:{ mPci = **0 mTac = 1***7 mNrArfcn = 401050 mBands = [70] mMcc = 313 mMnc = 340 mNci = 4******00 mAlphaLong = DISH mAlphaShort = DSH mAdditionalPlmns = {} } CellSignalStrengthNr:{ csiRsrp = 2147483647 csiRsrq = 2147483647 csiCqiTableIndex = 2147483647 csiCqiReport = [] ssRsrp = -97 ssRsrq = -11 ssSinr = 22 level = 1 parametersUseForLevel = 1 } }] [PHONE0]
10-15 21:09:25.569 17204 17235 D RILD    : cdmaCcsSupported: 0, SimulVoiceAndDataCapability Valid: 1, Value: 0
10-15 21:09:25.569 17204 17235 D RILD    : mReportedDataTechnology Valid: 1, Value: 14
10-15 21:09:25.569 17204 17235 V RILD    : .. in transfer reg reject 0
10-15 21:09:25.569 17204 17235 D RILD    : FillUpCellInfo - cellInfoRat: 20 (rteType: 1, rte: 7)
10-15 21:09:25.569 17204 17235 D RILD    : BuildVoiceRegState - Rte: 7, VoPS: 0, EbSupp: 0, EmerBarr: 0, Tac: 11297, VoiceSuppOnLte: 0, N: 0
10-15 21:09:25.570 17204 17235 V RILD    : txn(-1) released
10-15 21:09:25.570 17204 17235 V RILD    : Message obj refcnt=-1
10-15 21:09:25.570 17204 17235 D RILD    : NET-MGR(3): evt(100)
10-15 21:09:25.570 17204 17235 D RILD    : RefreshHandler()
10-15 21:09:25.570 17204 17235 D RILD    : IsRegistered - Feature: 0x0B
10-15 21:09:25.571  1259 11677 D AppOps  : noteOperation: reject #3 for code 105 (105) uid 1001 package com.android.phone flags: s
10-15 21:09:25.572 17204 17235 D RILD    : Use TAC (isLacValid: 0, RAT: 0)
10-15 21:09:25.573 17204 17235 V RILD    : DoGetCellInfoListForSync(): domain- 2, Request getCellInfoList
10-15 21:09:25.573 17204 17235 V RILD    : AllocateTransaction() - Use: 1, Last: 88
10-15 21:09:25.573 17204 17225 V RILD    : NotifyAsyncMessage Completed
10-15 21:09:25.574  1259 11677 D AppOps  : noteOperation: reject #3 for code 105 (105) uid 1000 package android flags: s
10-15 21:09:25.574 17204 17235 D RILD    : SendMessage: svc(NAS), msg(0x43:QMI_NAS_GET_CELL_LOCATION_INFO), sync(0), internal(0), size(0)
10-15 21:09:25.574 17204 17235 V RILD    : Message obj refcnt=-1
10-15 21:09:25.575 17204 17240 D RILD    : QmiSolicitedCallback: msgId(67), err(0)
10-15 21:09:25.576  1259  2168 D SemCellularStateManager: onCellInfoChanged: cellInfoList Number of cell: 1
10-15 21:09:25.576 17204 17240 V RILD    : NotifyAsyncMessage Completed
10-15 21:09:25.576  2246  2246 D LocaleTracker-0: processCellInfo: cell info=[CellInfoNr:{ mRegistered=YES mTimeStamp=364210724281844ns mCellConnectionStatus=0 CellIdentityNr:{ mPci = **0 mTac = 1***7 mNrArfcn = 401050 mBands = [70] mMcc = 313 mMnc = 340 mNci = 4******00 mAlphaLong = DISH mAlphaShort = DSH mAdditionalPlmns = {} } CellSignalStrengthNr:{ csiRsrp = 2147483647 csiRsrq = 2147483647 csiCqiTableIndex = 2147483647 csiCqiReport = [] ssRsrp = -97 ssRsrq = -11 ssSinr = 22 level = 1 parametersUseForLevel = 1 } }]
10-15 21:09:25.576  1259  2168 D SemCellularStateManager: onCellInfoChanged: Registered = true, mCellularCellId = 160
10-15 21:09:25.576  2246  2246 D LocaleTracker-0: updateLocale: countryIso = us, countryIsoDebugInfo = OperatorNumeric(313340): MccTable.countryCodeForMcc(\"313\")
10-15 21:09:25.576 17204 17226 D RILD    : ReceiveMessage: svc(NAS), msg(0x43:QMI_NAS_GET_CELL_LOCATION_INFO), indi(0), size(3784), err(0)
10-15 21:09:25.576  2246  2246 D LocaleTracker-0: updateLocale: timeZoneCountryIso = us, timeZoneCountryIsoDebugInfo = OperatorNumeric: MccTable.geoCountryCodeForMccMnc(MccMnc{mcc='313', mnc='340'})
10-15 21:09:25.576 17204 17226 D RILD    : RxGetCellInfoList: Receive cell location info
10-15 21:09:25.576  2246  2246 D NitzStateMachineImpl: handleCountryDetected: countryIsoCode=us, mLatestNitzSignal=null
10-15 21:09:25.576 17204 17226 D RILD    : Result(0), Error(0)
10-15 21:09:25.577 17204 17226 V RILD    : NR Cell found
10-15 21:09:25.577  2587  2855 I PhoneStateTracker<0>: onCellInfoChanged: xxxxx
10-15 21:09:25.577 17204 17226 D RILD    : Total Cells found: 1
10-15 21:09:25.577 17204 17226 D RILD    : ConvertCellLocationToRilCellinfo()
10-15 21:09:25.577  2587  2855 I ImsCallSessionManager: onCellInfoChanged, phoneId: 0
10-15 21:09:25.577 17204 17226 V RILD    : ConvertGeranCellsToRilCellInfo() : 
10-15 21:09:25.577  2587  2855 I RegiMgr-Handler: handleMessage: EVENT_CELL_INFO_CHANGED
10-15 21:09:25.577 17204 17226 D RILD    : GERAN consumed 0 cell slots
10-15 21:09:25.577 17204 17226 V RILD    : ConvertUmtsCellsToRilCellInfo() : 
10-15 21:09:25.577  2587  2855 I RegiMgr<0>: updatePani RegisterTask[0][mProfile=Dish 5G VoLTE, mRegistrationRat=0, mPdnType=11, mState=CONNECTING, mObject=null, mReason=, mPcscfHostname=null, mDeregiReason=41]
10-15 21:09:25.577 17204 17226 D RILD    : UMTS consumed 0 cell slots
10-15 21:09:25.577 17204 17226 V RILD    : ConvertCdmaCellsToRilCellinfo() 
10-15 21:09:25.577 17204 17226 D RILD    : CDMA consumed 0 cell slots
10-15 21:09:25.577 17204 17226 V RILD    : ConvertLteCellsToRilCellinfo() - info_valid : 0 , cells_len:0
10-15 21:09:25.578 17204 17226 D RILD    : LTE consumed 0 cell slots
10-15 21:09:25.578 17204 17226 V RILD    : ConvertNrCellsToRilCellinfo(): NR mcc : 313, nci : 454668700, pci : 160, nrtac : 11297, arfcn : 401050
10-15 21:09:25.578 17204 17226 V RILD    : AddRilCellInfoV16 - index : 0, NR
10-15 21:09:25.578 17204 17226 D RILD    : NR consumed 1 cell slots
10-15 21:09:25.578 17204 17226 V RILD    : txn(56756) released
10-15 21:09:25.578 17204 17235 D RILD    : NET-MGR(3): evt(132)
10-15 21:09:25.578 17204 17235 D RILD    : RefreshHandler()
10-15 21:09:25.579 17204 17235 V RILD    : OnGetCellInfoListForSyncDone(): domain- 2, CellInfoList Update
10-15 21:09:25.579  2587  2855 I PaniGenerator<0>: generate: subId=1, network=20
10-15 21:09:25.579  2587  2855 I PaniGenerator<0>: generate: network=20, fallbackPlmn=313340
10-15 21:09:25.579  2587  2855 I PdnController<0>: getAllCellInfo mNeedCellLocationUpdate : false
10-15 21:09:25.579  2587  2855 I PaniGenerator: generate: change to NW PLMN(313340)
10-15 21:09:25.579 17204 17235 V RILD    : UpdateReportRegState: domain- 2, regi- 1, rat- 6
10-15 21:09:25.579 17204 17235 V RILD    : CellReqComplete(): domain- 2
10-15 21:09:25.579 17204 17235 D RILD    : ConvertNetRegStateToCellIdentity - cellInfoType: 6 (Rat: 0, MobileRat: 0, CellInfoRat: 20)
10-15 21:09:25.580 17204 17235 D RILD    : SetEmergencyState(): mState= 13 mMcc = 313
10-15 21:09:25.580 17204 17235 D SemNativeCarrierFeature_vendor: getInstance
10-15 21:09:25.580 17204 17235 D RILD    : SetEmergencyState(): Use default value Feature::QmiSupported(0) : 1
10-15 21:09:25.582  2246  2281 D SEM_RILJ: [UNSL]< UNSOL_EXTENDED_REGISTRATION_STATE {.isValid = true, .snapshotStatus = 0, .unprocessedDataRegState = NOT_REG_MT_SEARCHING_OP_EM, .unprocessedDataRat = 0, .mobileOptionalRat = 0, .imsEmergencyCallBarring = 0, .unprocessedVoiceRegState = REG_DENIED_EM, .isPsOnlyReg = false} [PHONE0]
10-15 21:09:25.582  2246  2246 D SST     : [0] EVENT_GET_EXTENDED_REGISTRATION_STATE
10-15 21:09:25.583 17204 17235 D RILD    : RequestComplete - req : 20, peek : 20
10-15 21:09:25.583 17204 17235 V RILD    : isSameLocationCellRegistered(): i[0] - (connStatus:0, cellInfoType:6), j[0] - (connStatus:0, cellInfoType:6)
10-15 21:09:25.583 17204 17235 V RILD    : isSameLocationCellRegistered(): NR, i[0](454668700, 160, 11297), j[0](454668700, 160, 11297)
10-15 21:09:25.583 17204 17236 D RILD    : DoRouteOut - FW reqId : 22
10-15 21:09:25.583 17204 17235 V RILD    : Message obj refcnt=-1
10-15 21:09:25.583 17204 17236 D RILD    : Onprocessing: request id(22), handleEvent(4)
10-15 21:09:25.584 17204 17235 D RILD    : NET-MGR(3): evt(4)
10-15 21:09:25.584 17204 17235 D RILD    : RefreshHandler()
10-15 21:09:25.584 17204 17235 V RILD    : AllocateTransaction() - Use: 1, Last: 89
10-15 21:09:25.584  2246  2372 W CellularNetworkService: Updating incorrect network type from UNKNOWN to NR
10-15 21:09:25.584  2246  2372 D NRM-C-0 : onRequestNetworkRegistrationInfoComplete result: 0, info: NetworkRegistrationInfo{ domain=CS transportType=WWAN registrationState=DENIED roamingType=NOT_ROAMING accessNetworkTechnology=NR rejectCause=0 emergencyEnabled=true availableServices=[EMERGENCY] cellIdentity=CellIdentityNr:{ mPci = 0 mTac = 1***7 mNrArfcn = 2147483647 mBands = [] mMcc = 313 mMnc = 340 mNci = 4******00 mAlphaLong = DISH mAlphaShort = DSH mAdditionalPlmns = {} } voiceSpecificInfo=VoiceSpecificRegistrationInfo { mCssSupported=false mRoamingIndicator=0 mSystemIsInPrl=0 mDefaultRoamingIndicator=0} dataSpecificInfo=null nrState=**** rRplmn=313340 isUsingCarrierAggregation=false}
10-15 21:09:25.584 17204 17225 V RILD    : NotifyAsyncMessage Completed
10-15 21:09:25.585  2246  2246 I SemTelephonyHandlerHelper: handleMessage - message code: 79
10-15 21:09:25.585  2246  2246 I SemTelephonyHandlerHelper: CMD_GET_CELL_LOCATION
10-15 21:09:25.585  2246  2246 D SST-SEM : [0] requestCellIdentity - UID: 1001, PID: 2246
10-15 21:09:25.585  2246  2246 I SemTelephonyHandlerHelper: handleMessage - message code: 80
10-15 21:09:25.585 17204 17235 V RILD    : completed with 0
10-15 21:09:25.585  2246  2246 I SemTelephonyHandlerHelper: onGetCellLocationDone
10-15 21:09:25.585 17204 17235 V RILD    : completed with 0
10-15 21:09:25.585 17204 17235 V RILD    : completed with 0
10-15 21:09:25.585 17204 17235 V RILD    : completed with 1
10-15 21:09:25.585 17204 17235 D RILD    : IsConsideredRegistered: cs 1x(0), gsm(2), wcdma(2), lte(2), hdr(0), Td(0)
10-15 21:09:25.585 17204 17235 V RILD    : completed with 0
10-15 21:09:25.586 17204 17235 V RILD    : completed with 0
10-15 21:09:25.586 17204 17235 V RILD    : completed with 0
10-15 21:09:25.586 17204 17235 V RILD    : completed with 1
10-15 21:09:25.586  2587  2855 I PaniGenerator: NR Access Type FDD
10-15 21:09:25.586 17204 17235 D RILD    : IsConsideredRegistered: ps 1x(0), gsm(2), wcdma(2), lte(2), hdr(0), Td(0), Nr5g(12)
10-15 21:09:25.586 17204 17235 E RILD    : GetOperatorName: fetch sys info
10-15 21:09:25.586 17204 17235 V RILD    : AllocateTransaction() - Use: 2, Last: 90
10-15 21:09:25.586  2246  2281 D RILJ    : [5993]< VOICE_REGISTRATION_STATE {.regState = REG_DENIED_EM, .rat = UNKNOWN, .reasonForDenial = NONE, .cellIdentity = {.nr = {.base = {.mcc = 313, .mnc = 340, .nci = <MASKED>, .pci = <MASKED>, .tac = <MASKED>, .nrarfcn = -1, .operatorNames = {.alphaLong = DISH, .alphaShort = DSH}}, .additionalPlmns = [], .bands = []}}, .registeredPlmn = 313340, .accessTechnologySpecificInfo = {.cdmaInfo = {.cssSupported = false, .roamingIndicator = 0, .systemIsInPrl = NOT_IN_PRL, .defaultRoamingIndicator = 0}}} [PHONE0]
10-15 21:09:25.586 17204 17225 V RILD    : NotifyAsyncMessage Completed
10-15 21:09:25.587 17204 17235 D RILD    : SendMessage: svc(NAS), msg(0x4D:QMI_NAS_GET_SYS_INFO), sync(1), internal(1), size(0)
10-15 21:09:25.587 17204 17235 D RILD    : ReceiveMessage: svc(NAS), msg(0x4D:QMI_NAS_GET_SYS_INFO), indi(0), size(1328), err(0)
10-15 21:09:25.587 17204 17235 D RILD    : Result(0), Error(0)
10-15 21:09:25.588 17204 17235 D RILD    : UpdateSysInfo - VoPS: 0, EbSupport: 0, EmergencyAccessBarred: 0
10-15 21:09:25.588 17204 17235 D RILD    : UpdateSysInfo - endc_available: 0, restrict_dcnr: 0, plmnInfolistR15Available: 0, NrVoPS: 0, Emc: 1, Emf: 0
10-15 21:09:25.588 17204 17235 D SemNativeCarrierFeature_vendor: getInstance
10-15 21:09:25.588 17204 17235 V RILD    :  .. prep CDMA
10-15 21:09:25.588 17204 17235 V RILD    :  .. prep GSM
10-15 21:09:25.588 17204 17235 V RILD    : completed with 0
10-15 21:09:25.588 17204 17235 V RILD    :  .. prep WCDMA
10-15 21:09:25.588 17204 17235 V RILD    : completed with 0
10-15 21:09:25.589 17204 17235 V RILD    :  .. prep LTE
10-15 21:09:25.589 17204 17235 V RILD    : completed with 0
10-15 21:09:25.589 17204 17235 D RILD    : CHECK FAILED - nasSysInfoHelper is NULL
10-15 21:09:25.589 17204 17235 V RILD    :  .. prep EVDO
10-15 21:09:25.589 17204 17235 V RILD    :  .. prep TDSCDMA
10-15 21:09:25.589 17204 17235 V RILD    :  .. prep NR5G
10-15 21:09:25.589 17204 17235 V RILD    : completed with 1
10-15 21:09:25.589 17204 17235 E RILD    : UpdateVoiceRte: [CS] 1x reg [0], gsm reg [2], wcdma reg [2], lte reg [2], hdr reg [0], Td reg [0], 5G reg [12]
10-15 21:09:25.589 17204 17235 E RILD    : UpdateVoiceRte: mVoiceRte(7), Confidence(2), mReportedLteSmsStatus(0)
10-15 21:09:25.589 17204 17235 V RILD    : completed with 0
10-15 21:09:25.589 17204 17235 V RILD    : completed with 0
10-15 21:09:25.589 17204 17235 V RILD    : completed with 0
10-15 21:09:25.589 17204 17235 V RILD    : completed with 1
10-15 21:09:25.589 17204 17235 E RILD    : SetDataRteRegStatus: [PS] 1x reg [0], gsm reg [2], wcdma reg [2], lte reg [2], hdr reg [0], Td reg [0], nr5g reg [12] pref_data_tech(0), radio_tech_flag(2)
10-15 21:09:25.589 17204 17235 E RILD    : SetDataRteRegStatus: [FINAL-PS] 1x reg [0], gsm reg [2], wcdma reg [2], lte reg [2], hdr reg [0], Td reg[0], nr5g reg [12]
10-15 21:09:25.589 17204 17235 E RILD    : UpdateDataRte: mDataRte(7), Confidence(2)
10-15 21:09:25.590 17204 17235 E RILD    : UpdateImsRte: mImsRte(0), Confidence(4)
10-15 21:09:25.590 17204 17235 D RILD    : UpdateVoiceTech - RteType: 1, VoiceRadioTech: 1 -> 1
10-15 21:09:25.590 17204 17235 V RILD    : completed with 0
10-15 21:09:25.590 17204 17235 V RILD    : completed with 0
10-15 21:09:25.590 17204 17235 V RILD    : completed with 0
10-15 21:09:25.590 17204 17235 V RILD    : completed with 1
10-15 21:09:25.590 17204 17235 V RILD    : [CS] 1x reg [0], gsm reg [2], wcdma reg [2], lte reg [2], hdr reg [0], TD reg[0], 5G reg[12]
10-15 21:09:25.590 17204 17235 V RILD    : .. nof cs reg reject 1, cs reg reject for direct inj 0
10-15 21:09:25.590 17204 17235 D RILD    : .. cs reject follow up on re-reg to ltd (idx: 7, cause: 10)
10-15 21:09:25.591 17204 17235 V RILD    : completed with 0
10-15 21:09:25.591 17204 17235 V RILD    : completed with 0
10-15 21:09:25.591 17204 17235 V RILD    : completed with 0
10-15 21:09:25.591 17204 17235 V RILD    : completed with 1
10-15 21:09:25.591 17204 17235 V RILD    : [PS] 1x reg [0], gsm reg [2], wcdma reg [2], lte reg [2], hdr reg [0], TD reg[0], 5G reg[12]
10-15 21:09:25.591 17204 17235 V RILD    :  .. prep 5G
10-15 21:09:25.591 17204 17235 V RILD    : completed with 1
10-15 21:09:25.591 17204 17235 D RILD    : GetVoiceSysInfo: regState(12), voiceRte(20), isRte3gpp(1)
10-15 21:09:25.591 17204 17235 V RILD    :  ... so far ss, vrte 20
10-15 21:09:25.591 17204 17235 V RILD    : .. adjusting for reg reject 1, status 13
10-15 21:09:25.591 17204 17235 V RILD    :  ... so far in_service 0
10-15 21:09:25.591 17204 17235 D RILD    :  ... cid invalid, set cid to previous value 0, 1
10-15 21:09:25.591 17204 17235 D RILD    : cdmaCcsSupported: 0, SimulVoiceAndDataCapability Valid: 1, Value: 0
10-15 21:09:25.591 17204 17235 D RILD    : mReportedDataTechnology Valid: 1, Value: 14
10-15 21:09:25.591 17204 17235 V RILD    : .. in transfer reg reject 0
10-15 21:09:25.591 17204 17235 D RILD    : FillUpCellInfo - cellInfoRat: 20 (rteType: 1, rte: 7)
10-15 21:09:25.591 17204 17235 D RILD    : BuildVoiceRegState - Rte: 7, VoPS: 0, EbSupp: 0, EmerBarr: 0, Tac: 11297, VoiceSuppOnLte: 0, N: 0
10-15 21:09:25.591 17204 17235 V RILD    : completed with 0
10-15 21:09:25.591 17204 17235 V RILD    : completed with 0
10-15 21:09:25.591 17204 17235 V RILD    : completed with 0
10-15 21:09:25.591 17204 17235 V RILD    : completed with 1
10-15 21:09:25.592 17204 17235 V RILD    : completed with 0
10-15 21:09:25.592 17204 17235 V RILD    : completed with 0
10-15 21:09:25.592 17204 17235 V RILD    : completed with 0
10-15 21:09:25.592 17204 17235 V RILD    : completed with 1
10-15 21:09:25.592 17204 17235 D RILD    : IsInService: rat(2), service(0)
10-15 21:09:25.592 17204 17235 D RILD    : IsInService: rat(1), service(0)
10-15 21:09:25.592 17204 17235 D RILD    : FindCurrentCampOnMccMnc: mcc(313), mnc(340)
10-15 21:09:25.592 17204 17235 V RILD    : txn(-1) released
10-15 21:09:25.592 17204 17235 V RILD    : Message obj refcnt=-1
10-15 21:09:25.592 17204 17235 D RILD    : NET-MGR(3): evt(104)
10-15 21:09:25.592 17204 17235 D RILD    : RefreshHandler()
10-15 21:09:25.592 17204 17235 D RILD    : IsRegistered - Feature: 0x0B
10-15 21:09:25.592 17204 17235 V RILD    : OperatorDoneHandler - ModelType: 1, Operator: (, , 313340), Rat: 0
10-15 21:09:25.593  2587  2855 I PaniGenerator: setLkcForLastPani: current PANI is not valid!
10-15 21:09:25.593 17204 17235 D RILD    : RequestComplete - req : 22, peek : 22
10-15 21:09:25.593 17204 17235 V RILD    : Message obj refcnt=-1
10-15 21:09:25.593 17204 17236 D RILD    : DoRouteOut - FW reqId : 45
10-15 21:09:25.593 17204 17236 D RILD    : Onprocessing: request id(45), handleEvent(9)
10-15 21:09:25.594  2246  2281 D RILJ    : [5995]< OPERATOR  [PHONE0]
10-15 21:09:25.594 17204 17235 D RILD    : NET-MGR(3): evt(9)
10-15 21:09:25.594 17204 17235 D RILD    : RefreshHandler()
10-15 21:09:25.594 17204 17235 V RILD    : AllocateTransaction() - Use: 1, Last: 91
10-15 21:09:25.594 17204 17225 V RILD    : NotifyAsyncMessage Completed
10-15 21:09:25.595 17204 17235 V RILD    : txn(-1) released
10-15 21:09:25.595 17204 17235 V RILD    : Message obj refcnt=-1
10-15 21:09:25.595 17204 17235 D RILD    : NET-MGR(3): evt(109)
10-15 21:09:25.595 17204 17235 D RILD    : RefreshHandler()
10-15 21:09:25.595 17204 17235 D RILD    : RequestComplete - req : 45, peek : 45
10-15 21:09:25.595 17204 17236 D RILD    : DoRouteOut - FW reqId : 21
10-15 21:09:25.595 17204 17236 D RILD    : Onprocessing: request id(21), handleEvent(1)
10-15 21:09:25.596 17204 17235 V RILD    : Message obj refcnt=-1
10-15 21:09:25.596 17204 17235 D RILD    : NET-MGR(3): evt(1)
10-15 21:09:25.596 17204 17235 D RILD    : RefreshHandler()
10-15 21:09:25.596 17204 17235 V RILD    : AllocateTransaction() - Use: 1, Last: 92
10-15 21:09:25.596 17204 17225 V RILD    : NotifyAsyncMessage Completed
10-15 21:09:25.596 17204 17235 D RILD    : TxGetSysInfo: Cache hit!
10-15 21:09:25.596 17204 17235 V RILD    : completed with 0
10-15 21:09:25.596 17204 17235 V RILD    : completed with 0
10-15 21:09:25.596  2246  2246 D SST     : [0] EVENT_POLL_STATE_NETWORK_SELECTION_MODE
10-15 21:09:25.596 17204 17235 V RILD    : completed with 0
10-15 21:09:25.596 17204 17235 V RILD    : completed with 1
10-15 21:09:25.596  2246  2281 D RILJ    : [5996]< QUERY_NETWORK_SELECTION_MODE {1} [PHONE0]
10-15 21:09:25.596 17204 17235 D RILD    : GetDataRegs: group( CDMA), reg(0)
10-15 21:09:25.596 17204 17235 D RILD    : GetDataRegs: group( EVDO), reg(0)
10-15 21:09:25.596  2246  2246 D Phone   : [0] SubId1,get allowed network types user: value = GPRS|EDGE|UMTS|HSDPA|HSUPA|HSPA|LTE|HSPA+|GSM|LTE_CA|NR
10-15 21:09:25.596 17204 17235 D RILD    : GetDataRegs: group(  GSM), reg(2)
10-15 21:09:25.596  2246  2246 D GsmCdmaPhone: [0] shouldForceAutoNetworkSelect in mode = 840583
10-15 21:09:25.596 17204 17235 D RILD    : GetDataRegs: group( UMTS), reg(2)
10-15 21:09:25.596 17204 17235 D RILD    : GetDataRegs: group(EHRPD), reg(0)
10-15 21:09:25.597  2246  2246 D GsmCdmaPhone: [0] isManualNetSelAllowedInGlobal in current carrier is false
10-15 21:09:25.597 17204 17235 D RILD    : GetDataRegs: group(  LTE), reg(2)
10-15 21:09:25.597 17204 17235 D RILD    : GetDataRegs: group(TDSCDMA), reg(0)
10-15 21:09:25.597 17204 17235 D RILD    : GetDataRegs: group( NR5G), reg(12)
10-15 21:09:25.597  2246  2246 D GsmCdmaPhone: [0] Should not force auto network select mode = 840583
10-15 21:09:25.597 17204 17235 D RILD    : mIsMatch true
10-15 21:09:25.597 17204 17235 D RILD    : UpdatePrefDataTechToReport: not registered..
10-15 21:09:25.597 17204 17235 D RILD    : UpdatePrefDataTechToReport: vrte(7), state(12), mDataTechToReport(8)
10-15 21:09:25.597 17204 17235 D RILD    : BuildDataRegState: isRegistered : 0, dataTechToReport : 8
10-15 21:09:25.597 17204 17235 D RILD    : MakeNetRegStateData - prefDataTechRegState: 12
10-15 21:09:25.597 17204 17235 D RILD    : mConsideredDataTechnology Valid: 1, Value: 14
10-15 21:09:25.597 17204 17235 D RILD    : MakeNetRegStateData - Rte: 7, VoPS: 0, EbSupp: 0, EmeryBarr: 0, VoiceSuppOnLte: 0
10-15 21:09:25.597 17204 17235 D RILD    : MakeNetRegStateData - EndcAvailable: 1, RestrictDCNR: 0, NrAvailable: 1
10-15 21:09:25.597 17204 17235 D RILD    : FillUpCellInfo - cellInfoRat: 20 (rteType: 2, rte: 7)
10-15 21:09:25.597 17204 17235 V RILD    : txn(-1) released
10-15 21:09:25.597 17204 17235 V RILD    : NotifyTimeoutChanged()
10-15 21:09:25.597 17204 17741 V RILD    : Reader: timeout=35000
10-15 21:09:25.598 17204 17235 D RILD    : IpcTxNetGetDataRegState()
10-15 21:09:25.598 17204 17235 V RILD    : IpcModem::SendMessage
10-15 21:09:25.598 17204 17235 D RILD    : [E] TX: (M)NET_CMD (S)NET_REGIST (T)GET l:9 m:40 a:00 [ FF 03 ]
10-15 21:09:25.598 17204 17235 V RILD    : IpcModem::DoIoChannelRouting
10-15 21:09:25.598 17204 17235 V RILD    : HalIoChannel::Write [epdgd]
10-15 21:09:25.598 17204 17235 V RILD    : Message obj refcnt=-1
10-15 21:09:25.599 17204 17235 D RILD    : NET-MGR(3): evt(101)
10-15 21:09:25.599  3100  4741 I EPDG -- EpdgIpcMessageFactory: ipcMainCmd: 8
10-15 21:09:25.599  3100  4741 I EPDG -- SIM0 [RILRECEIVER]: [Rx]: Main: IPC_NET_CMD Sub: IPC_NET_REGIST Param: FF 03 
10-15 21:09:25.599  3100  4741 I EPDG -- SIM0 [RILRECEIVER]: RX [NET_REGIST] -- RESPONSE -- EPDG NOT AVAILABLE
10-15 21:09:25.599 17204 17235 D RILD    : RefreshHandler()
10-15 21:09:25.599 17204 17235 D RILD    : UpdateLteVoiceSupportProperty_0 - PsVoiceSupport: 0, ImsEmergencyCallSupport: 0
10-15 21:09:25.599 17204 17235 V RILD    : Message obj refcnt=-1
10-15 21:09:25.600  3100  4741 I EPDG -- SIM0 [IPCDISPATCHER]: [Tx]: Main: IPC_NET_CMD Sub: IPC_NET_REGIST Cmd Type: IPC_CMD_RESP Param: 30 03 01 00 00 00 00 00 00 00 00 00 00 00 00 00 00 00 00 00 
10-15 21:09:25.600  3100 17969 I EPDG -- SIM0 [EpdgHandler]: Event received: RIL_EPDG_STATUS_QUERY cid - 1
10-15 21:09:25.600  3100 17982 I EPDG -- : EpdgModemSender(): send
10-15 21:09:25.601 17204 17204 D RILD    : HalIoChannel: receive [epdgd]
10-15 21:09:25.601 17204 17204 D RILD    : HalIoChannel: NotifyAsyncMessage completed [epdgd]
10-15 21:09:25.601 17204 17740 V RILD    : IpcModem::ReceiveMessage
10-15 21:09:25.601 17204 17740 V RILD    : IpcModem::DoIoChannelRouting
10-15 21:09:25.601 17204 17740 D RILD    : [E] RX: (M)NET_CMD (S)NET_REGIST (T)RESP l:1b m:05 a:40 [ 30 03 01 00 00 00 00 00 00 00 00 00 00 00 00 00 00 00 00 00 ]
10-15 21:09:25.603 17204 17740 D RILD    : IpcRxNetRegState: set isCrossSim: false
10-15 21:09:25.603 17204 17740 V RILD    : IpcRxNetRegState: VolteSupport 0 ImsEmergencySupport 0 TAC 0 PhysicalCellId 0
10-15 21:09:25.603 17204 17740 D SemNativeCarrierFeature_vendor: getInstance
10-15 21:09:25.603 17204 17740 V RILD    : NotifyTimeoutChanged()
10-15 21:09:25.603 17204 17741 V RILD    : Reader: timeout=-1
10-15 21:09:25.603 17204 17235 D RILD    : NET-MGR(3): evt(101)
10-15 21:09:25.603 17204 17235 D RILD    : RefreshHandler()
10-15 21:09:25.603 17204 17235 D RILD    : epdg was not regi.
10-15 21:09:25.603 17204 17235 D RILD    : it was rat 0 but it will be unknown owing to no service
10-15 21:09:25.603 17204 17235 V RILD    : DoGetCellInfoListForSync(): domain- 1, Request getCellInfoList
10-15 21:09:25.603 17204 17235 V RILD    : AllocateTransaction() - Use: 1, Last: 93
10-15 21:09:25.604 17204 17225 V RILD    : NotifyAsyncMessage Completed
10-15 21:09:25.604 17204 17235 D RILD    : SendMessage: svc(NAS), msg(0x43:QMI_NAS_GET_CELL_LOCATION_INFO), sync(0), internal(0), size(0)
10-15 21:09:25.604 17204 17235 V RILD    : Message obj refcnt=-1
10-15 21:09:25.605  2587  2855 I RegiMgr<0>: tryRegister:
10-15 21:09:25.605  2587  2855 I RegiMgr<0>: RegisterTask(s): Dish 5G VoLTE (CONNECTING), Dish 5G RCS (IDLE)
10-15 21:09:25.605  2587  2855 I RcsPolicyMgr<0>: pendingRcsRegister: mActiveDataPhoneId = 0
10-15 21:09:25.605  2587  2855 I RegisterTask: isSuspended: mSuspended(false) mSuspendByIrat(false)
10-15 21:09:25.605  2587  2855 I RegiMgr<0>: [Dish 5G VoLTE|CONNECTING] checkForTryRegister id: 268
10-15 21:09:25.606  2587  2855 I RegiMgr : isPdnConnected: false, PdnType: 11
10-15 21:09:25.606 17204 17240 D RILD    : QmiSolicitedCallback: msgId(67), err(0)
10-15 21:09:25.606 17204 17240 V RILD    : NotifyAsyncMessage Completed
10-15 21:09:25.606 17204 17226 D RILD    : ReceiveMessage: svc(NAS), msg(0x43:QMI_NAS_GET_CELL_LOCATION_INFO), indi(0), size(3784), err(0)
10-15 21:09:25.606 17204 17226 D RILD    : RxGetCellInfoList: Receive cell location info
10-15 21:09:25.606 17204 17226 D RILD    : Result(0), Error(0)
10-15 21:09:25.606 17204 17226 V RILD    : NR Cell found
10-15 21:09:25.606 17204 17226 D RILD    : Total Cells found: 1
10-15 21:09:25.606 17204 17226 D RILD    : ConvertCellLocationToRilCellinfo()
10-15 21:09:25.606 17204 17226 V RILD    : ConvertGeranCellsToRilCellInfo() : 
10-15 21:09:25.606 17204 17226 D RILD    : GERAN consumed 0 cell slots
10-15 21:09:25.606 17204 17226 V RILD    : ConvertUmtsCellsToRilCellInfo() : 
10-15 21:09:25.606 17204 17226 D RILD    : UMTS consumed 0 cell slots
10-15 21:09:25.606 17204 17226 V RILD    : ConvertCdmaCellsToRilCellinfo() 
10-15 21:09:25.606 17204 17226 D RILD    : CDMA consumed 0 cell slots
10-15 21:09:25.606 17204 17226 V RILD    : ConvertLteCellsToRilCellinfo() - info_valid : 0 , cells_len:0
10-15 21:09:25.606 17204 17226 D RILD    : LTE consumed 0 cell slots
10-15 21:09:25.606 17204 17226 V RILD    : ConvertNrCellsToRilCellinfo(): NR mcc : 313, nci : 454668700, pci : 160, nrtac : 11297, arfcn : 401050
10-15 21:09:25.606 17204 17226 V RILD    : AddRilCellInfoV16 - index : 0, NR
10-15 21:09:25.606 17204 17226 D RILD    : NR consumed 1 cell slots
10-15 21:09:25.607 17204 17226 V RILD    : txn(56758) released
10-15 21:09:25.607 17204 17235 D RILD    : NET-MGR(3): evt(131)
10-15 21:09:25.607 17204 17235 D RILD    : RefreshHandler()
10-15 21:09:25.607 17204 17235 V RILD    : OnGetCellInfoListForSyncDone(): domain- 1, CellInfoList Update
10-15 21:09:25.607 17204 17235 V RILD    : UpdateReportRegState: domain- 1, regi- 1, rat- 6
10-15 21:09:25.607 17204 17235 V RILD    : CellReqComplete(): domain- 1
10-15 21:09:25.607 17204 17235 D RILD    : ConvertNetRegStateToCellIdentity - cellInfoType: 6 (Rat: 0, MobileRat: 0, CellInfoRat: 20)
10-15 21:09:25.607 17204 17235 D RILD    : RequestComplete - req : 21, peek : 21
10-15 21:09:25.608 17204 17235 V RILD    : isSameLocationCellRegistered(): i[0] - (connStatus:0, cellInfoType:6), j[0] - (connStatus:0, cellInfoType:6)
10-15 21:09:25.608 17204 17235 V RILD    : isSameLocationCellRegistered(): NR, i[0](454668700, 160, 11297), j[0](454668700, 160, 11297)
10-15 21:09:25.608 17204 17235 V RILD    : Message obj refcnt=-1
10-15 21:09:25.608 17204 17236 D RILD    : DoRouteOut - FW reqId : 20
10-15 21:09:25.608 17204 17236 D RILD    : Onprocessing: request id(20), handleEvent(0)
10-15 21:09:25.608 17204 17235 D RILD    : NET-MGR(3): evt(0)
10-15 21:09:25.608 17204 17235 D RILD    : RefreshHandler()
10-15 21:09:25.608 17204 17235 V RILD    : AllocateTransaction() - Use: 1, Last: 94
10-15 21:09:25.608 17204 17235 D RILD    : TxGetSysInfo: Cache hit!
10-15 21:09:25.608 17204 17235 V RILD    :  .. prep 5G
10-15 21:09:25.608 17204 17235 V RILD    : completed with 1
10-15 21:09:25.608  2587  2855 I PdnController: getDefaultNetworkBearer: CELLULAR
10-15 21:09:25.608 17204 17235 D RILD    : GetVoiceSysInfo: regState(12), voiceRte(20), isRte3gpp(1)
10-15 21:09:25.609 17204 17235 V RILD    :  ... so far ss, vrte 20
10-15 21:09:25.609 17204 17235 V RILD    : .. adjusting for reg reject 1, status 13
10-15 21:09:25.609 17204 17235 V RILD    :  ... so far in_service 0
10-15 21:09:25.609 17204 17235 D RILD    :  ... cid invalid, set cid to previous value 0, 1
10-15 21:09:25.609 17204 17235 D RILD    : cdmaCcsSupported: 0, SimulVoiceAndDataCapability Valid: 1, Value: 0
10-15 21:09:25.609  2587  2855 I PdnController<0>: isNetworkAvailable: isEpdgConnected=false getDataNetworkType()=20
10-15 21:09:25.609 17204 17235 D RILD    : mReportedDataTechnology Valid: 1, Value: 14
10-15 21:09:25.609 17204 17235 V RILD    : .. in transfer reg reject 0
10-15 21:09:25.609 17204 17235 D RILD    : FillUpCellInfo - cellInfoRat: 20 (rteType: 1, rte: 7)
10-15 21:09:25.609 17204 17235 D RILD    : BuildVoiceRegState - Rte: 7, VoPS: 0, EbSupp: 0, EmerBarr: 0, Tac: 11297, VoiceSuppOnLte: 0, N: 0
10-15 21:09:25.609 17204 17235 V RILD    : txn(-1) released
10-15 21:09:25.609 17204 17235 V RILD    : Message obj refcnt=-1
10-15 21:09:25.609 17204 17235 D RILD    : NET-MGR(3): evt(100)
10-15 21:09:25.609 17204 17235 D RILD    : RefreshHandler()
10-15 21:09:25.609 17204 17235 D RILD    : IsRegistered - Feature: 0x0B
10-15 21:09:25.609  2246  2281 D RILJ    : [5997]< DATA_REGISTRATION_STATE {.regState = NOT_REG_MT_SEARCHING_OP_EM, .rat = UNKNOWN, .reasonForDenial = NONE, .cellIdentity = {.nr = {.base = {.mcc = 313, .mnc = 340, .nci = <MASKED>, .pci = <MASKED>, .tac = <MASKED>, .nrarfcn = -1, .operatorNames = {.alphaLong = DISH, .alphaShort = DSH}}, .additionalPlmns = [], .bands = []}}, .registeredPlmn = 313340, .accessTechnologySpecificInfo = {.noinit = {}}} [PHONE0]
10-15 21:09:25.610 17204 17225 V RILD    : NotifyAsyncMessage Completed
10-15 21:09:25.610  2246  2372 W CellularNetworkService: Updating incorrect network type from UNKNOWN to NR
10-15 21:09:25.610  2246  2372 D CellularNetworkService: No access tech specific info passes for RegStateResult
10-15 21:09:25.610  2246  2372 D NRM-C-0 : onRequestNetworkRegistrationInfoComplete result: 0, info: NetworkRegistrationInfo{ domain=PS transportType=WWAN registrationState=NOT_REG_SEARCHING roamingType=NOT_ROAMING accessNetworkTechnology=NR rejectCause=0 emergencyEnabled=true availableServices=[EMERGENCY] cellIdentity=CellIdentityNr:{ mPci = 0 mTac = 1***7 mNrArfcn = 2147483647 mBands = [] mMcc = 313 mMnc = 340 mNci = 4******00 mAlphaLong = DISH mAlphaShort = DSH mAdditionalPlmns = {} } voiceSpecificInfo=null dataSpecificInfo=android.telephony.DataSpecificRegistrationInfo :{ maxDataCalls = 16 isDcNrRestricted = false isNrAvailable = false isEnDcAvailable = false LteVopsSupportInfo :  mVopsSupport = 1 mEmcBearerSupport = 1 } nrState=**** rRplmn=313340 isUsingCarrierAggregation=false}
10-15 21:09:25.611  2246  2246 D SST     : [0] handlePollStateResultMessage: PS cellular. NetworkRegistrationInfo{ domain=PS transportType=WWAN registrationState=NOT_REG_SEARCHING roamingType=NOT_ROAMING accessNetworkTechnology=NR rejectCause=0 emergencyEnabled=true availableServices=[EMERGENCY] cellIdentity=CellIdentityNr:{ mPci = 0 mTac = 1***7 mNrArfcn = 2147483647 mBands = [] mMcc = 313 mMnc = 340 mNci = 4******00 mAlphaLong = DISH mAlphaShort = DSH mAdditionalPlmns = {} } voiceSpecificInfo=null dataSpecificInfo=android.telephony.DataSpecificRegistrationInfo :{ maxDataCalls = 16 isDcNrRestricted = false isNrAvailable = false isEnDcAvailable = false LteVopsSupportInfo :  mVopsSupport = 1 mEmcBearerSupport = 1 } nrState=**** rRplmn=313340 isUsingCarrierAggregation=false}
10-15 21:09:25.611 17204 17235 D RILD    : Use TAC (isLacValid: 0, RAT: 0)
10-15 21:09:25.611 17204 17235 V RILD    : DoGetCellInfoListForSync(): domain- 2, Request getCellInfoList
10-15 21:09:25.611 17204 17235 V RILD    : AllocateTransaction() - Use: 1, Last: 95
10-15 21:09:25.612 17204 17235 D RILD    : SendMessage: svc(NAS), msg(0x43:QMI_NAS_GET_CELL_LOCATION_INFO), sync(0), internal(0), size(0)
10-15 21:09:25.612 17204 17235 V RILD    : Message obj refcnt=-1
10-15 21:09:25.612 17204 17225 V RILD    : NotifyAsyncMessage Completed
10-15 21:09:25.614 17204 17240 D RILD    : QmiSolicitedCallback: msgId(67), err(0)
10-15 21:09:25.614  2587  2855 I PdnController<0>: isNetworkAvailable: isEpdgConnected=false getDataNetworkType()=20
10-15 21:09:25.614 17204 17240 V RILD    : NotifyAsyncMessage Completed
10-15 21:09:25.614 17204 17226 D RILD    : ReceiveMessage: svc(NAS), msg(0x43:QMI_NAS_GET_CELL_LOCATION_INFO), indi(0), size(3784), err(0)
10-15 21:09:25.615 17204 17226 D RILD    : RxGetCellInfoList: Receive cell location info
10-15 21:09:25.615 17204 17226 D RILD    : Result(0), Error(0)
10-15 21:09:25.615 17204 17226 V RILD    : NR Cell found
10-15 21:09:25.615 17204 17226 D RILD    : Total Cells found: 1
10-15 21:09:25.615 17204 17226 D RILD    : ConvertCellLocationToRilCellinfo()
10-15 21:09:25.615 17204 17226 V RILD    : ConvertGeranCellsToRilCellInfo() : 
10-15 21:09:25.615 17204 17226 D RILD    : GERAN consumed 0 cell slots
10-15 21:09:25.615 17204 17226 V RILD    : ConvertUmtsCellsToRilCellInfo() : 
10-15 21:09:25.615 17204 17226 D RILD    : UMTS consumed 0 cell slots
10-15 21:09:25.615 17204 17226 V RILD    : ConvertCdmaCellsToRilCellinfo() 
10-15 21:09:25.615 17204 17226 D RILD    : CDMA consumed 0 cell slots
10-15 21:09:25.615 17204 17226 V RILD    : ConvertLteCellsToRilCellinfo() - info_valid : 0 , cells_len:0
10-15 21:09:25.615 17204 17226 D RILD    : LTE consumed 0 cell slots
10-15 21:09:25.615 17204 17226 V RILD    : ConvertNrCellsToRilCellinfo(): NR mcc : 313, nci : 454668700, pci : 160, nrtac : 11297, arfcn : 401050
10-15 21:09:25.615 17204 17226 V RILD    : AddRilCellInfoV16 - index : 0, NR
10-15 21:09:25.615 17204 17226 D RILD    : NR consumed 1 cell slots
10-15 21:09:25.615 17204 17226 V RILD    : txn(56759) released
10-15 21:09:25.615 17204 17235 D RILD    : NET-MGR(3): evt(132)
10-15 21:09:25.615 17204 17235 D RILD    : RefreshHandler()
10-15 21:09:25.615 17204 17235 V RILD    : OnGetCellInfoListForSyncDone(): domain- 2, CellInfoList Update
10-15 21:09:25.616 17204 17235 V RILD    : UpdateReportRegState: domain- 2, regi- 1, rat- 6
10-15 21:09:25.616 17204 17235 V RILD    : CellReqComplete(): domain- 2
10-15 21:09:25.616 17204 17235 D RILD    : ConvertNetRegStateToCellIdentity - cellInfoType: 6 (Rat: 0, MobileRat: 0, CellInfoRat: 20)
10-15 21:09:25.616 17204 17235 D RILD    : SetEmergencyState(): mState= 13 mMcc = 313
10-15 21:09:25.616 17204 17235 D SemNativeCarrierFeature_vendor: getInstance
10-15 21:09:25.616 17204 17235 D RILD    : SetEmergencyState(): Use default value Feature::QmiSupported(0) : 1
10-15 21:09:25.617  2246  2281 D SEM_RILJ: [UNSL]< UNSOL_EXTENDED_REGISTRATION_STATE {.isValid = true, .snapshotStatus = 0, .unprocessedDataRegState = NOT_REG_MT_SEARCHING_OP_EM, .unprocessedDataRat = 0, .mobileOptionalRat = 0, .imsEmergencyCallBarring = 0, .unprocessedVoiceRegState = REG_DENIED_EM, .isPsOnlyReg = false} [PHONE0]
10-15 21:09:25.618  2246  2246 D SST     : [0] EVENT_GET_EXTENDED_REGISTRATION_STATE
10-15 21:09:25.618 17204 17235 D RILD    : RequestComplete - req : 20, peek : 20
10-15 21:09:25.618 17204 17235 V RILD    : isSameLocationCellRegistered(): i[0] - (connStatus:0, cellInfoType:6), j[0] - (connStatus:0, cellInfoType:6)
10-15 21:09:25.618 17204 17235 V RILD    : isSameLocationCellRegistered(): NR, i[0](454668700, 160, 11297), j[0](454668700, 160, 11297)
10-15 21:09:25.618 17204 17235 V RILD    : Message obj refcnt=-1
10-15 21:09:25.619  2587  2855 I RegiMgr-Utils<0>: Not found best network in LTE - OOS: true
10-15 21:09:25.619  2587  2855 E RegiMgr-Utils: getPendingRegistrationInternal : Invalid phoneId : 1
10-15 21:09:25.619  2587  2855 E RegiMgr : getPendingRegistration : no task return null
10-15 21:09:25.619  2587  2855 E CmcAccountManager<1>: getCmcRegisterTask: rtl is null
10-15 21:09:25.619  2587  2855 I RegiGvnBase<0>: isReadyToDualRegister : true - Non DSDS_DI
10-15 21:09:25.619  2246  2372 W CellularNetworkService: Updating incorrect network type from UNKNOWN to NR
10-15 21:09:25.619  2246  2372 D NRM-C-0 : onRequestNetworkRegistrationInfoComplete result: 0, info: NetworkRegistrationInfo{ domain=CS transportType=WWAN registrationState=DENIED roamingType=NOT_ROAMING accessNetworkTechnology=NR rejectCause=0 emergencyEnabled=true availableServices=[EMERGENCY] cellIdentity=CellIdentityNr:{ mPci = 0 mTac = 1***7 mNrArfcn = 2147483647 mBands = [] mMcc = 313 mMnc = 340 mNci = 4******00 mAlphaLong = DISH mAlphaShort = DSH mAdditionalPlmns = {} } voiceSpecificInfo=VoiceSpecificRegistrationInfo { mCssSupported=false mRoamingIndicator=0 mSystemIsInPrl=0 mDefaultRoamingIndicator=0} dataSpecificInfo=null nrState=**** rRplmn=313340 isUsingCarrierAggregation=false}
10-15 21:09:25.620  2246  2246 D SST     : [0] handlePollStateResultMessage: CS cellular. NetworkRegistrationInfo{ domain=CS transportType=WWAN registrationState=DENIED roamingType=NOT_ROAMING accessNetworkTechnology=NR rejectCause=0 emergencyEnabled=true availableServices=[EMERGENCY] cellIdentity=CellIdentityNr:{ mPci = 0 mTac = 1***7 mNrArfcn = 2147483647 mBands = [] mMcc = 313 mMnc = 340 mNci = 4******00 mAlphaLong = DISH mAlphaShort = DSH mAdditionalPlmns = {} } voiceSpecificInfo=VoiceSpecificRegistrationInfo { mCssSupported=false mRoamingIndicator=0 mSystemIsInPrl=0 mDefaultRoamingIndicator=0} dataSpecificInfo=null nrState=**** rRplmn=313340 isUsingCarrierAggregation=false}
10-15 21:09:25.620  2246  2246 D SST     : [0] combinePsRegistrationStates: {mVoiceRegState=1(OUT_OF_SERVICE), mDataRegState=1(OUT_OF_SERVICE), mChannelNumber=2147483647, duplexMode()=0, mCellBandwidths=[], mOperatorAlphaLong=, mOperatorAlphaShort=, isManualNetworkSelection=true(manual), getRilVoiceRadioTechnology=20(NR_SA), getRilDataRadioTechnology=20(NR_SA), mCssIndicator=unsupported, mNetworkId=*1, mSystemId=*1, mCdmaRoamingIndicator=-1, mCdmaDefaultRoamingIndicator=-1, VoiceRegType=0, Snap=0, MobileData=OUT_OF_SERVICE, MobileDataRoamingType=home, MobileDataRat=Unknown, PsOnly=false, FemtocellInd=0, SprDisplayRoam=false, OptRadioTech=0, MsimSubmode=0, mIsEmergencyOnly=true, isUsingCarrierAggregation=false, mArfcnRsrpBoost=0, mNetworkRegistrationInfos=[NetworkRegistrationInfo{ domain=PS transportType=WWAN registrationState=NOT_REG_SEARCHING roamingType=NOT_ROAMING accessNetworkTechnology=NR rejectCause=0 emergencyEnabled=true availableServices=[EMERGENCY] cellIdentity=CellIdentityNr:{ mPci = 0 mTac = 1***7 mNrArfcn = 2147483647 mBands = [] mMcc = 313 mMnc = 340 mNci = 4******00 mAlphaLong = DISH mAlphaShort = DSH mAdditionalPlmns = {} } voiceSpecificInfo=null dataSpecificInfo=android.telephony.DataSpecificRegistrationInfo :{ maxDataCalls = 16 isDcNrRestricted = false isNrAvailable = false isEnDcAvailable = false LteVopsSupportInfo :  mVopsSupport = 1 mEmcBearerSupport = 1 } nrState=**** rRplmn=313340 isUsingCarrierAggregation=false}, NetworkRegistrationInfo{ domain=CS transportType=WWAN registrationState=DENIED roamingType=NOT_ROAMING accessNetworkTechnology=NR rejectCause=0 emergencyEnabled=true availableServices=[EMERGENCY] cellIdentity=CellIdentityNr:{ mPci = 0 mTac = 1***7 mNrArfcn = 2147483647 mBands = [] mMcc = 313 mMnc = 340 mNci = 4******00 mAlphaLong = DISH mAlphaShort = DSH mAdditionalPlmns = {} } voiceSpecificInfo=VoiceSpecificRegistrationInfo { mCssSupported=false mRoamingIndicator=0 mSystemIsInPrl=0 mDefaultRoamingIndicator=0} dataSpecificInfo=null nrState=**** rRplmn=313340 isUsingCarrierAggregation=false}], mNrFrequencyRange=0, mOperatorAlphaLongRaw=, mOperatorAlphaShortRaw=, mIsDataRoamingFromRegistration=false, mIsIwlanPreferred=false}
10-15 21:09:25.621  2246  2246 D SST     : [0] setRoamingType: currentRoamingType = 0
10-15 21:09:25.622  2246  2246 D SST     : [0] prePollStateDone - mNewSS: {mVoiceRegState=1(OUT_OF_SERVICE), mDataRegState=1(OUT_OF_SERVICE), mChannelNumber=2147483647, duplexMode()=0, mCellBandwidths=[], mOperatorAlphaLong=, mOperatorAlphaShort=, isManualNetworkSelection=true(manual), getRilVoiceRadioTechnology=20(NR_SA), getRilDataRadioTechnology=20(NR_SA), mCssIndicator=unsupported, mNetworkId=*1, mSystemId=*1, mCdmaRoamingIndicator=-1, mCdmaDefaultRoamingIndicator=-1, VoiceRegType=0, Snap=0, MobileData=OUT_OF_SERVICE, MobileDataRoamingType=home, MobileDataRat=Unknown, PsOnly=false, FemtocellInd=0, SprDisplayRoam=false, OptRadioTech=0, MsimSubmode=0, mIsEmergencyOnly=true, isUsingCarrierAggregation=false, mArfcnRsrpBoost=0, mNetworkRegistrationInfos=[NetworkRegistrationInfo{ domain=CS transportType=WWAN registrationState=DENIED roamingType=NOT_ROAMING accessNetworkTechnology=NR rejectCause=0 emergencyEnabled=true availableServices=[EMERGENCY] cellIdentity=CellIdentityNr:{ mPci = 0 mTac = 1***7 mNrArfcn = 2147483647 mBands = [] mMcc = 313 mMnc = 340 mNci = 4******00 mAlphaLong = DISH mAlphaShort = DSH mAdditionalPlmns = {} } voiceSpecificInfo=VoiceSpecificRegistrationInfo { mCssSupported=false mRoamingIndicator=0 mSystemIsInPrl=0 mDefaultRoamingIndicator=0} dataSpecificInfo=null nrState=**** rRplmn=313340 isUsingCarrierAggregation=false}, NetworkRegistrationInfo{ domain=PS transportType=WWAN registrationState=NOT_REG_SEARCHING roamingType=NOT_ROAMING accessNetworkTechnology=NR rejectCause=0 emergencyEnabled=true availableServices=[EMERGENCY] cellIdentity=CellIdentityNr:{ mPci = 0 mTac = 1***7 mNrArfcn = 2147483647 mBands = [] mMcc = 313 mMnc = 340 mNci = 4******00 mAlphaLong = DISH mAlphaShort = DSH mAdditionalPlmns = {} } voiceSpecificInfo=null dataSpecificInfo=android.telephony.DataSpecificRegistrationInfo :{ maxDataCalls = 16 isDcNrRestricted = false isNrAvailable = false isEnDcAvailable = false LteVopsSupportInfo :  mVopsSupport = 1 mEmcBearerSupport = 1 } nrState=**** rRplmn=313340 isUsingCarrierAggregation=false}], mNrFrequencyRange=0, mOperatorAlphaLongRaw=, mOperatorAlphaShortRaw=, mIsDataRoamingFromRegistration=false, mIsIwlanPreferred=false}
10-15 21:09:25.623  2246  2281 D RILJ    : [5998]< VOICE_REGISTRATION_STATE {.regState = REG_DENIED_EM, .rat = UNKNOWN, .reasonForDenial = NONE, .cellIdentity = {.nr = {.base = {.mcc = 313, .mnc = 340, .nci = <MASKED>, .pci = <MASKED>, .tac = <MASKED>, .nrarfcn = -1, .operatorNames = {.alphaLong = DISH, .alphaShort = DSH}}, .additionalPlmns = [], .bands = []}}, .registeredPlmn = 313340, .accessTechnologySpecificInfo = {.cdmaInfo = {.cssSupported = false, .roamingIndicator = 0, .systemIsInPrl = NOT_IN_PRL, .defaultRoamingIndicator = 0}}} [PHONE0]
10-15 21:09:25.623  2587  2855 I RegiMgr<0>: [Dish 5G VoLTE|CONNECTING] checkInitialRegistrationIsReady: APM ON [false], Roamimg [false]
10-15 21:09:25.623  2587  2855 I RcsPolicyMgr<0>: pendingRcsRegister: mActiveDataPhoneId = 0
10-15 21:09:25.623  2587  2855 I ImsProfile: isRttSupportByCallApp : true ttyType : 3
10-15 21:09:25.623  2587  2855 I RegiMgr-Utils<0>: getPriorityRegiedTask : isPriority  High? true
10-15 21:09:25.623  2246  2246 D SST     : [0] updateNrFrequencyRangeFromPhysicalChannelConfigs - nrFrequencyRange: 0 -> 0
10-15 21:09:25.624  2587  2855 I RegiGvnBase: checkRegiStatus: getState()=CONNECTING mIsUpdateRegistering=false
10-15 21:09:25.624  2587  2855 I RegiMgr<0>: getTelephonyCallStatus:
10-15 21:09:25.624  2246  2246 D SST     : [0] Poll ServiceState done: oldSS=[{mVoiceRegState=1(OUT_OF_SERVICE), mDataRegState=1(OUT_OF_SERVICE), mChannelNumber=2147483647, duplexMode()=0, mCellBandwidths=[], mOperatorAlphaLong=, mOperatorAlphaShort=, isManualNetworkSelection=true(manual), getRilVoiceRadioTechnology=20(NR_SA), getRilDataRadioTechnology=20(NR_SA), mCssIndicator=unsupported, mNetworkId=*1, mSystemId=*1, mCdmaRoamingIndicator=-1, mCdmaDefaultRoamingIndicator=-1, VoiceRegType=0, Snap=0, MobileData=OUT_OF_SERVICE, MobileDataRoamingType=home, MobileDataRat=Unknown, PsOnly=false, FemtocellInd=0, SprDisplayRoam=false, OptRadioTech=0, MsimSubmode=0, mIsEmergencyOnly=true, isUsingCarrierAggregation=false, mArfcnRsrpBoost=0, mNetworkRegistrationInfos=[NetworkRegistrationInfo{ domain=CS transportType=WWAN registrationState=DENIED roamingType=NOT_ROAMING accessNetworkTechnology=NR rejectCause=0 emergencyEnabled=true availableServices=[EMERGENCY] cellIdentity=CellIdentityNr:{ mPci = 0 mTac = 1***7 mNrArfcn = 2147483647 mBands = [] mMcc = 313 mMnc = 340 mNci = 4******03 mAlphaLong = DISH mAlphaShort = DSH mAdditionalPlmns = {} } voiceSpecificInfo=VoiceSpecificRegistrationInfo { mCssSupported=false mRoamingIndicator=0 mSystemIsInPrl=0 mDefaultRoamingIndicator=0} dataSpecificInfo=null nrState=**** rRplmn=313340 isUsingCarrierAggregation=false}, NetworkRegistrationInfo{ domain=PS transportType=WWAN registrationState=NOT_REG_SEARCHING roamingType=NOT_ROAMING accessNetworkTechnology=NR rejectCause=0 emergencyEnabled=true availableServices=[EMERGENCY] cellIdentity=CellIdentityNr:{ mPci = 0 mTac = 1***7 mNrArfcn = 2147483647 mBands = [] mMcc = 313 mMnc = 340 mNci = 4******03 mAlphaLong = DISH mAlphaShort = DSH mAdditionalPlmns = {} } voiceSpecificInfo=null dataSpecificInfo=android.telephony.DataSpecificRegistrationInfo :{ maxDataCalls = 16 isDcNrRestricted = false isNrAvailable = false isEnDcAvailable = false LteVopsSupportInfo :  mVopsSupport = 1 mEmcBearerSupport = 1 } nrState=**** rRplmn=313340 isUsingCarrierAggregation=false}], mNrFrequencyRange=0, mOperatorAlphaLongRaw=, mOperatorAlphaShortRaw=, mIsDataRoamingFromRegistration=false, mIsIwlanPreferred=false}]
