11-08 02:21:21.859  1444  1684 D RILD    : TxSetImsCallStateNoti - callType: 4, callStatus: 1, sysMode: 12, direction: -1
11-08 02:21:21.859  1444  1684 D RILD    : SendMessage: svc(NAS), msg(0xA1:QMI_NAS_IMS_CALL_STATE_NOTIFICATION_REQ_MSG), sync(1), internal(0), size(48)
11-08 02:21:21.859  1444  1663 V RILD    : NotifyAsyncMessage Completed
11-08 02:21:21.860  1444  1684 D RILD    : ReceiveMessage: svc(NAS), msg(0xA1:QMI_NAS_IMS_CALL_STATE_NOTIFICATION_REQ_MSG), indi(0), size(48), err(0)
11-08 02:21:21.860  1444  1684 D RILD    : Result(0), Error(0)
11-08 02:21:21.860  1444  1684 V RILD    : txn(-1) released
11-08 02:21:21.860  1444  1684 V RILD    : Message obj refcnt=-1
11-08 02:21:21.860  1444  1684 D RILD    : OEM-NETWORK-MGR(33): evt(101)
11-08 02:21:21.860  1444  1684 D RILD    : OEMNETWORK-MGR: Receive event : 101
11-08 02:21:21.860  1444  1684 D RILD    : RequestComplete - req : 59, peek : 59
11-08 02:21:21.860  1961  1964 D Multi-Client: Oem OnRequestComplete:(20)
11-08 02:21:21.860  1444  1684 V RILD    : Message obj refcnt=-1
11-08 02:21:21.860  2627  4620 I OemIpcHandler: onImsCallStatusReqComplete, 
11-08 02:21:21.860  2627  4620 I OemIpcHandler: Notify:
11-08 02:21:21.861  2627  4620 I OemIpcHandler: Notify: exit
11-08 02:21:21.861  2627  2978 I OemIpcHandler: WaitwithTimeout: exit
11-08 02:21:21.861  2627  2978 I [IMS6.0]: *UserAgentManager::GetUserProfileWithOutgoingSipMsg(): 1. Match local ip to via header handle(10276) localServerPort(9200)
11-08 02:21:21.861  2627  2978 I [IMS6.0]: SecIms:OnNotify() notifyId:10003
11-08 02:21:21.861  2627  2978 I [IMS6.0]: IMS_onNotify()
11-08 02:21:21.861  2627  2978 I [IMS6.0]: NotifySipMessage()
11-08 02:21:21.861  2627  2978 I [IMS6.0]: SendResponseRaw() data Size 1176
11-08 02:21:21.861  2627  2978 I StackIF : processMessage 3
11-08 02:21:21.861  2627  2978 I StackIF : Processing Notify
11-08 02:21:21.861  2627  2978 I SECIMSJ : [UNSL]< 10003
11-08 02:21:21.861  2627  2978 I StackIF : processNotify: id 10003
11-08 02:21:21.863  2258  2977 I SmsApplication: AM is preloaded
11-08 02:21:21.863  2258  2977 D SmsApplication: No PackageName Pattern : com.google.android.gms
11-08 02:21:21.863  2627  2978 I SIPMSG[0]: [-->] MESSAGE sip:nk-ips001c-usw2az1n01p1-sip.ims.mnc340.mcc313.3gppnetwork.org SIP/2.0 [CSeq: 1 MESSAGE]
11-08 02:21:21.863  2627  2898 I ResipRawSipHandler: handleMessage: event: 200
11-08 02:21:21.864  2627  2978 I [IMS6.0]: GetAudioInterface(): mode CPVE
11-08 02:21:21.865  2627  2898 I ResipVolteHandler: handleMessage: evt 114
11-08 02:21:21.865  2627  2978 I CpAudioEngineClient: SAE_NotiInfo: SAE_NotiInfo string: 02:21:21.865>MESSAGE:1 MESSAGE
11-08 02:21:21.865  2627  2978 I VoIpEngineProxy: NotiInfo:Sending IPC_IMS_INFO Noti
11-08 02:21:21.865  2627  2978 I OemIpcHandler: ImsNotiInfo ImsNoti send IPC : 02:21:21.865>MESSAGE:1 MESSAGE
11-08 02:21:21.865  2627  2978 I OemIpcHandler: SendOemIpcCommand: main 16 sub 0c len(108) phoneId 0
11-08 02:21:21.865  2627  2978 I OemIpcHandler: [Tx] IPC main 16 sub 0c type 05 len 108: 1E 30 32 3A 32 31 3A 32 31 2E 38 36 35 3E 4D 45 53 53 41 47 45 3A 31 20 4D 45 53 53 41 47 45 00 00 00 00 00 00 00 00 00 00 00 00 00 00 00 00 00 00 00 00 00 00 00 00 00 00 00 00 00 00 00 00 00 00 00 00 00 00 00 00 00 00 00 00 00 00 00 00 00 00 00 00 00 00 00 00 00 00 00 00 00 00 ...
11-08 02:21:21.865  2627  2978 I OemIpcHandler: SendOemIpcCommand: Send Client 111...
11-08 02:21:21.865  1961  1965 D Multi-Client: OemClient::ProcessBuffer() from [20], token[1], datalen[112]
11-08 02:21:21.865  1444  1444 D RILD    : IsRegisteredNetworkType(): netType[1]  feature[00] state[0] 
11-08 02:21:21.866  2627  2978 I [IMS6.0]: IMSSMS-MGR: SentImsSms
11-08 02:21:21.866  1444  1685 D RILD    : DoRouteIn - FW reqId : 59
11-08 02:21:21.866  2627  2978 I [IMS6.0]: EventMessage obj refcnt=-1
11-08 02:21:21.866  1444  1685 D RILD    : DoRouteOut - FW reqId : 59
11-08 02:21:21.866  1444  1685 D RILD    : GetMessage : oem func id = 0x0F
11-08 02:21:21.866  2627  2978 I [IMS6.0]: ALM-MGR: evt(91)
11-08 02:21:21.866  2627  2978 I [IMS6.0]: AlarmManager::HandleEvent(): Wake up request from the resip (4803bd2d11855daa:128000)
11-08 02:21:21.866  1444  1685 D RILD    : Onprocessing: request id(59), handleEvent(100)
11-08 02:21:21.866  2627  2978 I [IMS6.0]: SecIms:OnNotify() notifyId:20001
11-08 02:21:21.866  1444  1684 D RILD    : OEMHOOK-MGR(28): evt(100)
11-08 02:21:21.866  2627  2978 I [IMS6.0]: IMS_onNotify()
11-08 02:21:21.866  1444  1684 D RILD    : OEMHOOK-MGR: Receive event : 100
11-08 02:21:21.866  2627  2978 I [IMS6.0]: NotifyAlarmWakeUp()
11-08 02:21:21.866  1444  1684 V RILD    : MatchIpc: mMainCmd 11 mainCmd 16 mSubCmdMask ffffffffffffffff_ffffffffffffffff subCmd 0c
11-08 02:21:21.866  1444  1684 V RILD    : MatchIpc: mMainCmd 16 mainCmd 16 mSubCmdMask 0_f1b06fefe subCmd 0c
11-08 02:21:21.866  2627  2978 I [IMS6.0]: SendResponseRaw() data Size 72
11-08 02:21:21.866  1444  1684 D RILD    : IpcProtocol41::IpcTxRawIpc len 108
11-08 02:21:21.866  1444  1684 E RILD    : [IMS SIP DbgMsg] 02:21:21.865>MESSAGE:1 MESSAGE
11-08 02:21:21.866  1444  1684 V RILD    : IpcModem::SendMessage
11-08 02:21:21.866  2627  2978 I StackIF : processMessage 3
11-08 02:21:21.866  2627  2978 I StackIF : Processing Notify
11-08 02:21:21.866  2627  2980 I reSIProcate: INFO | RESIP:TRANSACTION | TuSelector.cxx:145 | Sending AlarmMessage 128000 to TUs
11-08 02:21:21.866  1444  1684 D RILD    : [L] TX: (M)IMS_CMD (S)IMS_INFORMATION (T)EVENT l:6c m:99 a:00 [ 1E 30 32 3A 32 31 3A 32 31 2E 38 36 35 3E 4D 45 53 53 41 47 45 3A 31 20 4D 45 53 53 41 47 45 00 00 00 00 00 00 00 00 00 00 00 00 00 00 00 00 00 00 00 00 00 00 00 00 00 00 00 00 00 00 00 00 00 00 00 00 00 00 00 00 00 00 00 00 00 00 00 00 00 00 00 00 00 00 00 00 00 00 00 00 00 00 00 00 00 00 00 00 00 00 ]
11-08 02:21:21.866  2258  2977 D TP/SmsProvider: query,matched:4, calling pid = 22457
11-08 02:21:21.866  1444  1684 V RILD    : IpcModem::DoIoChannelRouting
11-08 02:21:21.866  2627  2978 I SECIMSJ : [UNSL]< 20001
11-08 02:21:21.866  2627  2978 I StackIF : processNotify: id 20001
11-08 02:21:21.867  1444  1684 D RILD    : RequestComplete - req : 59, peek : 59
11-08 02:21:21.867  1961  1964 D Multi-Client: Oem OnRequestComplete:(20)
11-08 02:21:21.867  1444  1684 V RILD    : Message obj refcnt=-1
11-08 02:21:21.867  2627  4620 I OemIpcHandler: onRawReqComplete, 
11-08 02:21:21.867  2627  2978 I ResipMiscHandler: onAlarmRequested: delay=128000 id=16156
11-08 02:21:21.867  2627  2980 I reSIProcate: INFO | RESIP:TRANSPORT | TransportSelector.cxx:810 | Via=SIP/2.0/TCP 10.121.247.115:9200;branch=z9hG4bK-524287-1---23e107f40c04bb0c;rport;transport=TCP
11-08 02:21:21.867  2627  2980 I reSIProcate: INFO | RESIP:TRANSPORT | TransportSelector.cxx:811 | Target=[ V4 10.220.22.176:6000 TCP target domain=10.220.22.176 mFlowKey=0 ] cport =9201 ] mInterface=rmnet_data1 ] transportKey=0 ]
11-08 02:21:21.867  2627  2978 I [IMS6.0]: EventMessage obj refcnt=0
11-08 02:21:21.867  2627  2978 I [IMS6.0]: ALM-MGR: evt(91)
11-08 02:21:21.868  2627  2978 I [IMS6.0]: AlarmManager::HandleEvent(): Wake up request from the resip (23e107f40c04bb0c:128000)
11-08 02:21:21.868  2627  2978 I [IMS6.0]: SecIms:OnNotify() notifyId:20001
11-08 02:21:21.868  2627  2978 I [IMS6.0]: IMS_onNotify()
11-08 02:21:21.868  2627  2978 I [IMS6.0]: NotifyAlarmWakeUp()
11-08 02:21:21.868  2627  2978 I [IMS6.0]: SendResponseRaw() data Size 72
11-08 02:21:21.868  2627  2980 I reSIProcate: INFO | RESIP:TRANSPORT | TransportSelector.cxx:1500 | Transmitting to [ V4 10.220.22.176:6000 TCP target domain=10.220.22.176 mFlowKey=0 ] cport =9201 ] mInterface=rmnet_data1 ] transportKey=160 ] tlsDomain= via [ V4 10.121.247.115:9200 TCP target domain=unspecified mFlowKey=0 ] cport =0 ] mInterface= ] transportKey=0 ]
11-08 02:21:21.868  2627  2980 I reSIProcate: SipReq:  MESSAGE nk-ips001c-usw2az1n01p1-sip.ims.mnc340.mcc313.3gppnetwork.org tid=23e107f40c04bb0c cseq=1 MESSAGE / 1 from(tu)sigcomp id=
11-08 02:21:21.868  2627  2978 I StackIF : processMessage 3
11-08 02:21:21.868  2627  2978 I StackIF : Processing Notify
11-08 02:21:21.868  2627  2978 I SECIMSJ : [UNSL]< 20001
11-08 02:21:21.868  2627  2978 I StackIF : processNotify: id 20001
11-08 02:21:21.868  2627  2978 I ResipMiscHandler: onAlarmRequested: delay=128000 id=16157
11-08 02:21:21.868  2627  2978 I [IMS6.0]: EventMessage obj refcnt=0
11-08 02:21:21.869  2258  2322 D TP/SmsProvider: query, match 15:Elapsed time : 2.615 ms
11-08 02:21:21.869  2258  2322 D InboundSmsHandler: cursorCount : 2, messageCount : 2
11-08 02:21:21.870  2627  2980 I reSIProcate: INFO | RESIP:TRANSPORT | Connection.cxx:229 | Interface : rmnet_data1, Tried to send 1054 bytes, sent 1054 bytes
11-08 02:21:21.872  1292 14222 I ActivityManager: Changes in 10044 19 to 5, 0 to 8
11-08 02:21:21.872  1292 14222 I am_uid_active: 10044
11-08 02:21:21.875  2258  2977 W SQLiteLog: (28) walIndexRecover: rc 0, nPage 0, mxFrame 0, /data/user/0/com.android.providers.telephony/databases/mmssms.db-wal
11-08 02:21:21.903 28596 28692 I BlockedNumbers: isBlocked: NOT BLOCKED; number=***, e164=
11-08 02:21:21.908  2258  2977 D TP/SmsProvider: query, match 4:Elapsed time : 42.097 ms
11-08 02:21:21.912 28596 28692 I BlockedNumbers: isBlocked: NOT BLOCKED; number=***, e164=
11-08 02:21:21.912  2258  2322 D GsmInboundSmsHandler: processMessagePart: all 2 segments  received. refNumber: 57498, {x-message-id:-5494176414607455624}
11-08 02:21:21.913  2258  2322 I SmsMessage: semCreateFromPdu phoneId = 0
11-08 02:21:21.914  2258  2322 D SmsMessage: getAddress : Mno = TMobile_US:DSH5G
11-08 02:21:21.914  2258  2322 I SmsConfig: [0] sms_special_address_handling_for = false
11-08 02:21:21.914  2258  2322 I SmsConfig: [0] sms_support_gsm_8bit_sms = false
11-08 02:21:21.914  2258  2322 I SmsConfig: [0] sms_support_ksc5601 = false
11-08 02:21:21.914  2258  2322 W SmsMessage: 1 - Unsupported SMS data coding scheme 4
11-08 02:21:21.914  2258  2322 D SmsHeader: semFromByteArray: Mno = TMOBILE_US:DSH5G
11-08 02:21:21.914  2258  2322 I SmsConfig: [0] sms_support_reply_address = false
11-08 02:21:21.914  2258  2322 I SmsConfig: [0] sms_support_gsm_8bit_sms = false
11-08 02:21:21.914  2258  2322 D InboundSmsHandler: 3gpp wap push
11-08 02:21:21.914  2258  2322 I SmsConfig: [0] sms_check_duplicate_port_omadm_wappush = true
11-08 02:21:21.914  2258  2322 D InboundSmsHandler: CheckForDuplicatePortsInOmadmWapPush
11-08 02:21:21.915  2258  2322 D InboundSmsHandler: dPort : 1982 oPort : 262
11-08 02:21:21.915  2258  2322 D InboundSmsHandler: destPort : 2948 origPort : 9200
11-08 02:21:21.915  2258  2322 I SmsConfig: [0] sms_safe_message_indication = false
11-08 02:21:21.915  2258  2322 I SmsMessage: semCreateFromPdu phoneId = 0
11-08 02:21:21.915  1292 14222 D AppOps  : noteOperation: allowing code 14 uid 10214 package com.google.android.gms.com.google.android.gms.thunderbird flags: s
11-08 02:21:21.915  2258  2322 D SmsMessage: getAddress : Mno = TMobile_US:DSH5G
11-08 02:21:21.915  2258  2322 I SmsConfig: [0] sms_special_address_handling_for = false
11-08 02:21:21.915  2258  2322 I SmsConfig: [0] sms_support_gsm_8bit_sms = false
11-08 02:21:21.915  2258  2322 I SmsConfig: [0] sms_support_ksc5601 = false
11-08 02:21:21.915  2258  2322 W SmsMessage: 1 - Unsupported SMS data coding scheme 4
11-08 02:21:21.916  2258  2322 D SmsHeader: semFromByteArray: Mno = TMOBILE_US:DSH5G
11-08 02:21:21.916  2258  2322 I SmsConfig: [0] sms_support_reply_address = false
11-08 02:21:21.916  2258  2322 I SmsConfig: [0] sms_support_gsm_8bit_sms = false
11-08 02:21:21.916  2258  2322 D InboundSmsHandler: 3gpp wap push
11-08 02:21:21.916  2258  2322 I SmsConfig: [0] sms_check_duplicate_port_omadm_wappush = true
11-08 02:21:21.916  2258  2322 D InboundSmsHandler: CheckForDuplicatePortsInOmadmWapPush
11-08 02:21:21.916  1292 14222 D AppOps  : noteOperation: allowing code 21 uid 10214 package com.google.android.gms.com.google.android.gms.thunderbird flags: s
11-08 02:21:21.916  2258  2322 I SmsConfig: [0] sms_safe_message_indication = false
11-08 02:21:21.917  2258  2322 I WAP PUSH: MnoName = TMobile_US:DSH5G
11-08 02:21:21.920  1292  2526 D PhoneRestrictionPolicy: isWapPushAllowed : true
11-08 02:21:21.921  1292 14222 E PhoneRestrictionPolicy: getEmergencyCall >>false
11-08 02:21:21.928  2258  2977 I SmsApplication: AM is preloaded
11-08 02:21:21.928  2258  2977 D SmsApplication: No PackageName Pattern : com.google.android.gms
11-08 02:21:21.929  2258  2977 D TP/SmsProvider: query,matched:4, calling pid = 22457
11-08 02:21:21.930  2258  2977 D TP/SmsProvider: query, match 4:Elapsed time : 1.724 ms
11-08 02:21:21.934 28596 28692 I BlockedNumbers: isBlocked: NOT BLOCKED; number=***********, e164=************
11-08 02:21:21.944  1292  2526 I AppOps  : uid 1001 OP_READ_SMS := allow by uid 1001
11-08 02:21:21.944  2627  2980 I reSIProcate: INFO | RESIP:TRANSPORT | Transport.cxx:401 | incoming from: [ V4 10.220.22.176:6000 TCP target domain=10.220.22.176 mFlowKey=174 ] cport =9201 ] mInterface=rmnet_data1 ] transportKey=160 ]
11-08 02:21:21.945  2627  2980 I reSIProcate: INFO | RESIP:TRANSPORT | Transport.cxx:402 | SipResp: 202 tid=4803bd2d11855daa cseq=1 MESSAGE / 1 from(wire)
11-08 02:21:21.945  2627  2980 I reSIProcate: INFO | RESIP:TRANSPORT | Connection.cxx:450 | Connection::performReads()  read=407
11-08 02:21:21.946  1292  2526 I AppOps  : uid 1001 OP_WRITE_SMS := allow by uid 1001
11-08 02:21:21.946  1292  2526 I AppOps  : uid 1001 OP_RECEIVE_SMS := allow by uid 1001
11-08 02:21:21.947  1292  2526 I AppOps  : uid 1001 OP_RECEIVE_WAP_PUSH := allow by uid 1001
11-08 02:21:21.947  1292  2526 I AppOps  : uid 1001 OP_SEND_SMS := allow by uid 1001
11-08 02:21:21.948  1292  2526 I AppOps  : uid 1001 OP_READ_CELL_BROADCASTS := allow by uid 1001
11-08 02:21:21.952  2258  2322 D GsmInboundSmsHandler: processMessagePart: dispatchWapPdu() returned -1, {x-message-id:-5494176414607455624}
11-08 02:21:21.953  1128  1128 D AF::TrackHandle: OpPlayAudio: track:83 usage:2 not muted
11-08 02:21:21.954  2627  2980 I [IMS6.0]: *UserAgentManager::GetUserProfile(): (sipMsg) pcscf(10.220.22.176) findSrc type(2), port(6000)
11-08 02:21:21.954  2627  2980 I [IMS6.0]: *UserAgentManager::GetUserProfile(): (sipMsg) findSrc getClientPort(9201), existSrc mLClientPort(9201)
11-08 02:21:21.954  2627  2980 I [IMS6.0]: *UserAgentManager::GetUserProfile(): (sipMsg) Match with port
11-08 02:21:21.954  2627  2980 I [IMS6.0]: TransactionUserHandler::LoggingSipMsgFromNW()
11-08 02:21:21.954  2627  2980 I [IMS6.0]:  
11-08 02:21:21.954  2627  2980 I [IMS6.0]: *UserAgentManager::GetUserProfile(): (sipMsg) pcscf(10.220.22.176) findSrc type(2), port(6000)
11-08 02:21:21.954  2627  2980 I [IMS6.0]: *UserAgentManager::GetUserProfile(): (sipMsg) findSrc getClientPort(9201), existSrc mLClientPort(9201)
11-08 02:21:21.954  2627  2980 I [IMS6.0]: *UserAgentManager::GetUserProfile(): (sipMsg) Match with port
11-08 02:21:21.955  2627  2980 I [IMS6.0]: GetAudioInterface(): mode CPVE
11-08 02:21:21.955  1128  1128 D AF::TrackHandle: OpPlayAudio: track:83 usage:2 not muted
11-08 02:21:21.955  2627  2980 I CpAudioEngineClient: SAE_NotiInfo: SAE_NotiInfo string: 02:21:21.955<202 Accepted:1 MESSAGE
11-08 02:21:21.955  2627  2980 I VoIpEngineProxy: NotiInfo:Sending IPC_IMS_INFO Noti
11-08 02:21:21.955  2627  2980 I OemIpcHandler: ImsNotiInfo ImsNoti send IPC : 02:21:21.955<202 Accepted:1 MESSAGE
11-08 02:21:21.955  1128  1128 D AF::TrackHandle: OpPlayAudio: track:83 usage:2 not muted
11-08 02:21:21.955  2627  2978 I [IMS6.0]: UA-MGR: evt(120)
11-08 02:21:21.955  2627  2978 I [IMS6.0]: SecIms:OnNotify() notifyId:10003
11-08 02:21:21.956  2627  2978 I [IMS6.0]: IMS_onNotify()
11-08 02:21:21.956  2627  2978 I [IMS6.0]: NotifySipMessage()
11-08 02:21:21.956  2627  2978 I [IMS6.0]: SendResponseRaw() data Size 532
11-08 02:21:21.956  2627  2980 I OemIpcHandler: SendOemIpcCommand: main 16 sub 0c len(108) phoneId 0
11-08 02:21:21.956  1128  1128 D AF::TrackHandle: OpPlayAudio: track:83 usage:2 not muted
11-08 02:21:21.956  2627  2978 I StackIF : processMessage 3
11-08 02:21:21.956  2627  2978 I StackIF : Processing Notify
11-08 02:21:21.956  2627  2978 I SECIMSJ : [UNSL]< 10003
11-08 02:21:21.956  2627  2978 I StackIF : processNotify: id 10003
11-08 02:21:21.957  1128  1128 D AF::TrackHandle: OpPlayAudio: track:83 usage:2 not muted
11-08 02:21:21.957  2627  2980 I OemIpcHandler: [Tx] IPC main 16 sub 0c type 05 len 108: 23 30 32 3A 32 31 3A 32 31 2E 39 35 35 3C 32 30 32 20 41 63 63 65 70 74 65 64 3A 31 20 4D 45 53 53 41 47 45 00 00 00 00 00 00 00 00 00 00 00 00 00 00 00 00 00 00 00 00 00 00 00 00 00 00 00 00 00 00 00 00 00 00 00 00 00 00 00 00 00 00 00 00 00 00 00 00 00 00 00 00 00 00 00 00 00 ...
11-08 02:21:21.957  2627  2980 I OemIpcHandler: SendOemIpcCommand: Send Client 111...
11-08 02:21:21.957  2627  2980 I [IMS6.0]: TransactionUserHandler::VerifySipMessage()
11-08 02:21:21.957  2627  2980 I reSIProcate: INFO | RESIP:TRANSACTION | TuSelector.cxx:145 | Sending AlarmMessage 0 to TUs
11-08 02:21:21.958  1961  1965 D Multi-Client: OemClient::ProcessBuffer() from [20], token[1], datalen[112]
11-08 02:21:21.958  1444  1444 D RILD    : IsRegisteredNetworkType(): netType[1]  feature[00] state[0] 
11-08 02:21:21.958  1444  1685 D RILD    : DoRouteIn - FW reqId : 59
11-08 02:21:21.959  1444  1685 D RILD    : DoRouteOut - FW reqId : 59
11-08 02:21:21.959  1444  1685 D RILD    : GetMessage : oem func id = 0x0F
11-08 02:21:21.959  2627  2978 I SIPMSG[0]: [<--] SIP/2.0 202 Accepted [CSeq: 1 MESSAGE]
11-08 02:21:21.959  1444  1685 D RILD    : Onprocessing: request id(59), handleEvent(100)
11-08 02:21:21.959  2258  2322 D Phone   : getImsRegistrationTechnology =0
11-08 02:21:21.959  1444  1684 D RILD    : OEMHOOK-MGR(28): evt(100)
11-08 02:21:21.959  1444  1684 D RILD    : OEMHOOK-MGR: Receive event : 100
11-08 02:21:21.959  2627  2898 I ResipRawSipHandler: handleMessage: event: 100
11-08 02:21:21.959  1444  1684 V RILD    : MatchIpc: mMainCmd 11 mainCmd 16 mSubCmdMask ffffffffffffffff_ffffffffffffffff subCmd 0c
11-08 02:21:21.959  1444  1684 V RILD    : MatchIpc: mMainCmd 16 mainCmd 16 mSubCmdMask 0_f1b06fefe subCmd 0c
11-08 02:21:21.959  1444  1684 D RILD    : IpcProtocol41::IpcTxRawIpc len 108
11-08 02:21:21.959  1444  1684 E RILD    : [IMS SIP DbgMsg] 02:21:21.955<202 Accepted:1 MESSAGE
11-08 02:21:21.959  1444  1684 V RILD    : IpcModem::SendMessage
11-08 02:21:21.959  1444  1684 D RILD    : [L] TX: (M)IMS_CMD (S)IMS_INFORMATION (T)EVENT l:6c m:9a a:00 [ 23 30 32 3A 32 31 3A 32 31 2E 39 35 35 3C 32 30 32 20 41 63 63 65 70 74 65 64 3A 31 20 4D 45 53 53 41 47 45 00 00 00 00 00 00 00 00 00 00 00 00 00 00 00 00 00 00 00 00 00 00 00 00 00 00 00 00 00 00 00 00 00 00 00 00 00 00 00 00 00 00 00 00 00 00 00 00 00 00 00 00 00 00 00 00 00 00 00 00 00 00 00 00 00 ]
11-08 02:21:21.959  1444  1684 V RILD    : IpcModem::DoIoChannelRouting
11-08 02:21:21.960  2258  2322 D GsmInboundSmsHandler: WaitingState.enter: entering WaitingState
11-08 02:21:21.960  1444  1684 D RILD    : RequestComplete - req : 59, peek : 59
11-08 02:21:21.960  2258  2322 D GsmInboundSmsHandler: WaitingState.processMessage: processing EVENT_RETURN_TO_IDLE
11-08 02:21:21.960  2258  2322 D GsmInboundSmsHandler: WaitingState.processMessage: processing EVENT_BROADCAST_SMS
11-08 02:21:21.960  2258  2322 D GsmInboundSmsHandler: WaitingState.processMessage: processing EVENT_RETURN_TO_IDLE
11-08 02:21:21.960  1444  1684 V RILD    : Message obj refcnt=-1
11-08 02:21:21.960  2258  2322 D GsmInboundSmsHandler: WaitingState.processMessage: processing EVENT_UPDATE_TRACKER
11-08 02:21:21.960  1961  1964 D Multi-Client: Oem OnRequestComplete:(20)
11-08 02:21:21.961  1292  1730 D AppOps  : noteOperation: allowing code 18 uid 10098 package com.samsung.android.messaging flags: s
11-08 02:21:21.961  2627  2978 I [IMS6.0]: EventMessage obj refcnt=0
11-08 02:21:21.961  2627  2898 I ResipVolteHandler: handleMessage: evt 114
11-08 02:21:21.961  2627  4620 I OemIpcHandler: onRawReqComplete, 
11-08 02:21:21.961  2627  2978 I [IMS6.0]: KA-MGR: evt(94)
11-08 02:21:21.961  2627  2978 I [IMS6.0]: *UserAgentManager::GetUserProfile(): pcscf(10.220.22.176) findSrc type(2), port(6000)
11-08 02:21:21.962  2627  2978 I [IMS6.0]: *UserAgentManager::GetUserProfile(): findSrc getClientPort(9201), existSrc mLClientPort(9201)
11-08 02:21:21.962  2627  2978 I [IMS6.0]: *UserAgentManager::GetUserProfile(): Match with port
11-08 02:21:21.962  2627  2978 I [IMS6.0]: *UserAgentManager::GetUserProfile(): pcscf(10.220.22.176) findSrc type(2), port(6000)
11-08 02:21:21.962  2627  2978 I [IMS6.0]: *UserAgentManager::GetUserProfile(): findSrc getClientPort(9201), existSrc mLClientPort(9201)
11-08 02:21:21.962  2627  2978 I [IMS6.0]: *UserAgentManager::GetUserProfile(): Match with port
11-08 02:21:21.962  2627  2978 I [IMS6.0]: KeepAliveManager::UpdateKeepAlive(): Refresh keep-alive for xxxxx
11-08 02:21:21.962  2627  2978 I [IMS6.0]: KeepAliveManager::UpdateKeepAlive(): mKeepAliveInfo is empty
11-08 02:21:21.962  2627  2978 I [IMS6.0]: IMSSMS-MGR: evt(100)
11-08 02:21:21.962  2627  2978 I [IMS6.0]: IMSSMS-MGR: Receive SIP Message from N/W
11-08 02:21:21.962  2627  2978 I [IMS6.0]: *UserAgentManager::GetUserProfile(): (sipMsg) pcscf(10.220.22.176) findSrc type(2), port(6000)
11-08 02:21:21.962  2627  2978 I [IMS6.0]: *UserAgentManager::GetUserProfile(): (sipMsg) findSrc getClientPort(9201), existSrc mLClientPort(9201)
11-08 02:21:21.962  2627  2978 I [IMS6.0]: *UserAgentManager::GetUserProfile(): (sipMsg) Match with port
11-08 02:21:21.963  2627  2978 I [IMS6.0]: ProcessSipMessage: resip-status code(202), reason(Accepted)
11-08 02:21:21.963  2627  2978 I [IMS6.0]: IMSSMS-MGR: It is 202 ACCEPT
11-08 02:21:21.963  2627  2978 I [IMS6.0]: response : GetId() = 401, statusCode = 202
11-08 02:21:21.963  2627  2978 I [IMS6.0]: callId = qsZCD2Qer-BfdxPUtmTYWQ..@10.121.247.115
11-08 02:21:21.963  2627  2978 I [IMS6.0]: uaHandler = 10276
11-08 02:21:21.963  2627  2978 I [IMS6.0]: ALM-MGR: evt(92)
11-08 02:21:21.964  2627  2978 I [IMS6.0]: AlarmManager::HandleEvent(): Wake up cancel from the resip (4803bd2d11855daa)
11-08 02:21:21.964  2627  2978 I [IMS6.0]: AlarmManager::CancelDelayedMessage(): Cancel alarm 16156
11-08 02:21:21.964  2627  2978 I [IMS6.0]: SecIms:OnNotify() notifyId:20002
11-08 02:21:21.964  2627  2978 I [IMS6.0]: IMS_onNotify()
11-08 02:21:21.964  2627  2978 I [IMS6.0]: NotifyCancelAlarm()
11-08 02:21:21.964  2627  2978 I [IMS6.0]: SendResponseRaw() data Size 68
11-08 02:21:21.964  2627  2978 I StackIF : processMessage 3
11-08 02:21:21.964  2627  2978 I StackIF : Processing Notify
11-08 02:21:21.964  2627  2978 I SECIMSJ : [UNSL]< 20002
11-08 02:21:21.964  2627  2978 I StackIF : processNotify: id 20002
11-08 02:21:21.965  2627  2978 I ResipMiscHandler: onAlarmCancelled: id=16156
11-08 02:21:21.965  2627  2978 I [IMS6.0]: AlarmManager::HandleEvent(): Remaing alarm request(23e107f40c04bb0c:16157)
11-08 02:21:21.965  2627  2978 I [IMS6.0]: EventMessage obj refcnt=0
11-08 02:21:21.965  2627  2978 I [IMS6.0]: IMSSMS-MGR: evt(102)
11-08 02:21:21.965  2627  2978 I [IMS6.0]: IMSSMS-MGR: EVENT_SEND_MESSAGE_DONE
11-08 02:21:21.965  2627  2978 I [IMS6.0]: SecIms:OnResponse() transId:6722 respId:401
11-08 02:21:21.965  2627  2978 I [IMS6.0]: IMS_onResponse()
11-08 02:21:21.966  2627  2978 I [IMS6.0]: ResponseSendSmsResponse()
11-08 02:21:21.966  2627  2978 I [IMS6.0]: SendResponseRaw() data Size 200
11-08 02:21:21.966  2627  2978 I StackIF : processMessage 2
11-08 02:21:21.966  2627  2978 I StackIF : Processing Response
11-08 02:21:21.966  2627  2978 I SECIMSJ : [6722]< 401
11-08 02:21:21.966  2627  2978 I StackIF : processResponse: reqId 401
11-08 02:21:21.966  2627  2978 I StackIF : processSendSmsResp:
11-08 02:21:21.967  2627  2978 I [IMS6.0]: ImsSmsManager::OnSendImsSmsDone(): send ims signaling ipc stop
11-08 02:21:21.967  2627  2978 I [IMS6.0]: ImsSignalingIpcManager::SendImsCallStatus(): phoneId(0) callStatus(2) callType(4) isEmergency(0) bearerType(12) needToSetSaMode(0) needToDeprioritizeNr5g(0)
11-08 02:21:21.967  2627  2978 I [IMS6.0]: GetAudioInterface(): mode CPVE
11-08 02:21:21.967  2627  2978 I [IMS6.0]: ImsSignalingIpcManager::ProcessImsCallStatus(): CALL_STATUS_END needToSetSaMode : 0, needToDeprioritizeNr5g : 0
11-08 02:21:21.967  2627  2978 I CpAudioEngineClient: SAE_SetImsCallStatus: Entry
11-08 02:21:21.967  2627  2978 I CpAudioEngineClient: SAE_SetImsCallStatus: phoneId : 0, callStatus : 2 callType: 4 isEmergency: 0 bearerType: 12 needToSetSaMode : 0 needToDeprioritizeNr5g : 0
11-08 02:21:21.967  1292  1730 I am_uid_running: 10098
11-08 02:21:21.967  2627  2978 I VoIpEngineProxy: Sending IPC_IMS_CALL_STATUS bearerType 12
11-08 02:21:21.967  2627  2978 I OemIpcHandler: PrepareWaiting:
11-08 02:21:21.967  2627  2978 I OemIpcHandler: SendOemIpcCommandForQmi: phoneId[0] main 02 sub 7c paramLen 03
11-08 02:21:21.967  2627  2978 I OemIpcHandler: ============
11-08 02:21:21.967  2627  2978 I OemIpcHandler: pkt[0] =  2
11-08 02:21:21.967  2627  2978 I OemIpcHandler: pkt[1] = 7c
11-08 02:21:21.967  2627  2978 I OemIpcHandler: pkt[2] =  0
11-08 02:21:21.967  2627  2978 I OemIpcHandler: pkt[3] =  7
11-08 02:21:21.967  2627  2978 I OemIpcHandler: pkt[4] =  4
11-08 02:21:21.968  2627  2978 I OemIpcHandler: pkt[5] =  2
11-08 02:21:21.968  2627  2978 I OemIpcHandler: pkt[6] =  c
11-08 02:21:21.968  2627  2978 I OemIpcHandler: ============
11-08 02:21:21.968  2627  2978 I OemIpcHandler: IPC counter[14873]
11-08 02:21:21.968  2627  2978 I OemIpcHandler: SendOemIpcCommandForQmi: Send Client 111...
11-08 02:21:21.968  1961  1965 D Multi-Client: OemClient::ProcessBuffer() from [20], token[1], datalen[7]
11-08 02:21:21.968  2627  2978 I OemIpcHandler: WaitwithTimeout:
11-08 02:21:21.968  1292  1730 I ActivityManager: com.samsung.android.messaging is exempt from freezer by list
11-08 02:21:21.968  1444  1444 D RILD    : IsRegisteredNetworkType(): netType[1]  feature[00] state[0] 
11-08 02:21:21.969  1444  1685 D RILD    : DoRouteIn - FW reqId : 59
11-08 02:21:21.969  1444  1685 D RILD    : DoRouteOut - FW reqId : 59
11-08 02:21:21.969  1444  1685 D RILD    : GetMessage : oem func id = 0x02
11-08 02:21:21.969  1292  1730 D CompatibilityChangeReporter: Compat change id reported: 135634846; UID 10098; state: DISABLED
11-08 02:21:21.969  1292  1730 D CompatibilityChangeReporter: Compat change id reported: 177438394; UID 10098; state: DISABLED
11-08 02:21:21.969  1444  1684 D RILD    : OEM-NETWORK-MGR(33): evt(100)
11-08 02:21:21.969  1444  1684 D RILD    : OEMNETWORK-MGR: Receive event : 100
11-08 02:21:21.969  1444  1684 D RILD    : DoOemNetwork: sub id=0x7C
11-08 02:21:21.969  1292  1730 D CompatibilityChangeReporter: Compat change id reported: 135772972; UID 10098; state: DISABLED
11-08 02:21:21.969  1444  1684 D RILD    : DoOemSetImsCallState
11-08 02:21:21.969  1444  1684 V RILD    : AllocateTransaction() - Use: 1, Last: 48
11-08 02:21:21.969  1444  1684 D RILD    : TxSetImsCallStateNoti - callType: 4, callStatus: 2, sysMode: 12, direction: -1
11-08 02:21:21.969  1444  1684 D RILD    : SendMessage: svc(NAS), msg(0xA1:QMI_NAS_IMS_CALL_STATE_NOTIFICATION_REQ_MSG), sync(1), internal(0), size(48)
11-08 02:21:21.969  1292  1730 D CompatibilityChangeReporter: Compat change id reported: 135754954; UID 10098; state: ENABLED
11-08 02:21:21.970  1444  1663 V RILD    : NotifyAsyncMessage Completed
11-08 02:21:21.970  1444  1684 D RILD    : ReceiveMessage: svc(NAS), msg(0xA1:QMI_NAS_IMS_CALL_STATE_NOTIFICATION_REQ_MSG), indi(0), size(48), err(0)
11-08 02:21:21.970  1444  1684 D RILD    : Result(0), Error(0)
11-08 02:21:21.970  1444  1684 V RILD    : txn(-1) released
11-08 02:21:21.970  1444  1684 V RILD    : Message obj refcnt=-1
11-08 02:21:21.970  1444  1684 D RILD    : OEM-NETWORK-MGR(33): evt(101)
11-08 02:21:21.970  1444  1684 D RILD    : OEMNETWORK-MGR: Receive event : 101
11-08 02:21:21.970  1444  1684 D RILD    : RequestComplete - req : 59, peek : 59
11-08 02:21:21.970  1444  1684 V RILD    : Message obj refcnt=-1
11-08 02:21:21.970  1961  1964 D Multi-Client: Oem OnRequestComplete:(20)
11-08 02:21:21.971  2627  4620 I OemIpcHandler: onImsCallStatusReqComplete, 
11-08 02:21:21.971  1292  1731 D CompatibilityChangeReporter: Compat change id reported: 143937733; UID 10098; state: ENABLED
11-08 02:21:21.971  2627  4620 I OemIpcHandler: Notify:
11-08 02:21:21.971  2627  4620 I OemIpcHandler: Notify: exit
11-08 02:21:21.971  2627  2978 I OemIpcHandler: WaitwithTimeout: exit
11-08 02:21:21.971  2627  2978 I [IMS6.0]: EventMessage obj refcnt=0
11-08 02:21:21.971  2627  2898 I ResipSmsHandler: handleMessage: what 2
11-08 02:21:21.972  2627  2898 I ResipSmsHandler: onSendSmsResponse: statusCode 202 callId qsZCD2Qer-BfdxPUtmTYWQ..@10.121.247.115
11-08 02:21:21.973  2627  2985 I SmsServiceModule: handleMessage() - what : 1
11-08 02:21:21.973  2627  2985 I SmsServiceModule: handleSmsEvent coming [NONE] messageID [193] reasonCode [202] reason [Accepted] callID [qsZCD2Qer-BfdxPUtmTYWQ..@10.121.247.115] regId [10276] 
11-08 02:21:21.974  2627  2985 I SmsServiceModule: handleMessage() - what : 1
11-08 02:21:21.974  2627  2985 I SmsServiceModule: handleSmsEvent coming [NONE] messageID [193] reasonCode [202] reason [Accepted] callID [qsZCD2Qer-BfdxPUtmTYWQ..@10.121.247.115] regId [10276] 
11-08 02:21:21.974  2627  2985 I SmsServiceModule: onReceiveSmsMessage: errorCode=-1
11-08 02:21:21.976  2627  2985 I SmsServiceModule: onReceiveSipResponse: [NONE] messageID [193] reasonCode [202] reason [Accepted] callID [qsZCD2Qer-BfdxPUtmTYWQ..@10.121.247.115] regId [10276] 
11-08 02:21:21.978  2627  2985 E #IMSCR  : 11-08 02:21:21 0x50000007:0,193,0,202,Accepted,
11-08 02:21:21.979  2627  2985 I SmsServiceModule/0: onReceiveSipResponse
11-08 02:21:21.979  2627  2985 I ImsSmsImpl: < SMS_ACK : mno TMobile_US messageId 193 reasonCode 202 retryAfter -1
11-08 02:21:21.981  2258  2977 D ImsSmsDispatcher: onReceiveSmsDeliveryReportAck token = 193 reasonCode = 202
11-08 02:21:21.983   866   866 D Zygote  : Forked child process 28231
11-08 02:21:21.984  1292  1731 I am_proc_start: [0,28231,10098,com.samsung.android.messaging,broadcast,{com.samsung.android.messaging/com.samsung.android.messaging.ui.receiver.smsmms.DefaultSmsAppMmsReceiver}]
11-08 02:21:21.985  1292  1731 I ActivityManager: Start proc 28231:com.samsung.android.messaging/u0a98 for broadcast {com.samsung.android.messaging/com.samsung.android.messaging.ui.receiver.smsmms.DefaultSmsAppMmsReceiver}
11-08 02:21:21.985  1292  1731 D DynamicHiddenApp_BGProtectManager: [SecIpm] it's a ML_TYPE_EMPTYPROCESS protected process com.samsung.android.messaging
11-08 02:21:21.993  1292  2526 D AppOps  : noteOperation: reject #3 for code 105 (105) uid 1001 package com.android.phone flags: s
11-08 02:21:22.004  2627  2980 I reSIProcate: INFO | RESIP:TRANSPORT | Transport.cxx:401 | incoming from: [ V4 10.220.22.176:6000 TCP target domain=10.220.22.176 mFlowKey=174 ] cport =9201 ] mInterface=rmnet_data1 ] transportKey=160 ]
11-08 02:21:22.004  2627  2980 I reSIProcate: INFO | RESIP:TRANSPORT | Transport.cxx:402 | SipResp: 202 tid=23e107f40c04bb0c cseq=1 MESSAGE / 1 from(wire)
11-08 02:21:22.004  2627  2980 I reSIProcate: INFO | RESIP:TRANSPORT | Connection.cxx:450 | Connection::performReads()  read=407
11-08 02:21:22.005  2627  2980 I [IMS6.0]: *UserAgentManager::GetUserProfile(): (sipMsg) pcscf(10.220.22.176) findSrc type(2), port(6000)
11-08 02:21:22.006  2627  2980 I [IMS6.0]: *UserAgentManager::GetUserProfile(): (sipMsg) findSrc getClientPort(9201), existSrc mLClientPort(9201)
11-08 02:21:22.006  2627  2980 I [IMS6.0]: *UserAgentManager::GetUserProfile(): (sipMsg) Match with port
11-08 02:21:22.006  2627  2980 I [IMS6.0]: TransactionUserHandler::LoggingSipMsgFromNW()
11-08 02:21:22.006  2627  2980 I [IMS6.0]:  
11-08 02:21:22.006  2627  2980 I [IMS6.0]: *UserAgentManager::GetUserProfile(): (sipMsg) pcscf(10.220.22.176) findSrc type(2), port(6000)
11-08 02:21:22.006  2627  2980 I [IMS6.0]: *UserAgentManager::GetUserProfile(): (sipMsg) findSrc getClientPort(9201), existSrc mLClientPort(9201)
11-08 02:21:22.006  2627  2980 I [IMS6.0]: *UserAgentManager::GetUserProfile(): (sipMsg) Match with port
11-08 02:21:22.006  2627  2978 I [IMS6.0]: UA-MGR: evt(120)
11-08 02:21:22.006  2627  2978 I [IMS6.0]: SecIms:OnNotify() notifyId:10003
11-08 02:21:22.006  2627  2978 I [IMS6.0]: IMS_onNotify()
11-08 02:21:22.006  2627  2978 I [IMS6.0]: NotifySipMessage()
11-08 02:21:22.007  2627  2980 I [IMS6.0]: GetAudioInterface(): mode CPVE
11-08 02:21:22.007  2627  2978 I [IMS6.0]: SendResponseRaw() data Size 532
11-08 02:21:22.007  2627  2980 I CpAudioEngineClient: SAE_NotiInfo: SAE_NotiInfo string: 02:21:22.007<202 Accepted:1 MESSAGE
11-08 02:21:22.007  2627  2980 I VoIpEngineProxy: NotiInfo:Sending IPC_IMS_INFO Noti
11-08 02:21:22.007  2627  2978 I StackIF : processMessage 3
11-08 02:21:22.007  2627  2978 I StackIF : Processing Notify
11-08 02:21:22.007  2627  2980 I OemIpcHandler: ImsNotiInfo ImsNoti send IPC : 02:21:22.007<202 Accepted:1 MESSAGE
11-08 02:21:22.007  2627  2978 I SECIMSJ : [UNSL]< 10003
11-08 02:21:22.007  2627  2978 I StackIF : processNotify: id 10003
11-08 02:21:22.007  2627  2980 I OemIpcHandler: SendOemIpcCommand: main 16 sub 0c len(108) phoneId 0
11-08 02:21:22.007  2627  2980 I OemIpcHandler: [Tx] IPC main 16 sub 0c type 05 len 108: 23 30 32 3A 32 31 3A 32 32 2E 30 30 37 3C 32 30 32 20 41 63 63 65 70 74 65 64 3A 31 20 4D 45 53 53 41 47 45 00 00 00 00 00 00 00 00 00 00 00 00 00 00 00 00 00 00 00 00 00 00 00 00 00 00 00 00 00 00 00 00 00 00 00 00 00 00 00 00 00 00 00 00 00 00 00 00 00 00 00 00 00 00 00 00 00 ...
11-08 02:21:22.007  2627  2980 I OemIpcHandler: SendOemIpcCommand: Send Client 111...
11-08 02:21:22.008  1292 14222 D AppOps  : noteOperation: reject #3 for code 105 (105) uid 1001 package com.android.phone flags: s
11-08 02:21:22.008  1961  1965 D Multi-Client: OemClient::ProcessBuffer() from [20], token[1], datalen[112]
11-08 02:21:22.008  2627  2980 I [IMS6.0]: TransactionUserHandler::VerifySipMessage()
11-08 02:21:22.008  1444  1444 D RILD    : IsRegisteredNetworkType(): netType[1]  feature[00] state[0] 
11-08 02:21:22.008  2627  2980 I reSIProcate: INFO | RESIP:TRANSACTION | TuSelector.cxx:145 | Sending AlarmMessage 0 to TUs
11-08 02:21:22.008  1444  1685 D RILD    : DoRouteIn - FW reqId : 59
11-08 02:21:22.008  1444  1685 D RILD    : DoRouteOut - FW reqId : 59
11-08 02:21:22.008  1444  1685 D RILD    : GetMessage : oem func id = 0x0F
11-08 02:21:22.008  1444  1685 D RILD    : Onprocessing: request id(59), handleEvent(100)
11-08 02:21:22.009  1444  1684 D RILD    : OEMHOOK-MGR(28): evt(100)
11-08 02:21:22.009  1444  1684 D RILD    : OEMHOOK-MGR: Receive event : 100
11-08 02:21:22.009  2627  2978 I SIPMSG[0]: [<--] SIP/2.0 202 Accepted [CSeq: 1 MESSAGE]
11-08 02:21:22.009  1444  1684 V RILD    : MatchIpc: mMainCmd 11 mainCmd 16 mSubCmdMask ffffffffffffffff_ffffffffffffffff subCmd 0c
11-08 02:21:22.009  1444  1684 V RILD    : MatchIpc: mMainCmd 16 mainCmd 16 mSubCmdMask 0_f1b06fefe subCmd 0c
11-08 02:21:22.009  1444  1684 D RILD    : IpcProtocol41::IpcTxRawIpc len 108
11-08 02:21:22.009  1444  1684 E RILD    : [IMS SIP DbgMsg] 02:21:22.007<202 Accepted:1 MESSAGE
11-08 02:21:22.009  1444  1684 V RILD    : IpcModem::SendMessage
11-08 02:21:22.009  2627  2898 I ResipRawSipHandler: handleMessage: event: 100
11-08 02:21:22.009  1444  1684 D RILD    : [L] TX: (M)IMS_CMD (S)IMS_INFORMATION (T)EVENT l:6c m:9b a:00 [ 23 30 32 3A 32 31 3A 32 32 2E 30 30 37 3C 32 30 32 20 41 63 63 65 70 74 65 64 3A 31 20 4D 45 53 53 41 47 45 00 00 00 00 00 00 00 00 00 00 00 00 00 00 00 00 00 00 00 00 00 00 00 00 00 00 00 00 00 00 00 00 00 00 00 00 00 00 00 00 00 00 00 00 00 00 00 00 00 00 00 00 00 00 00 00 00 00 00 00 00 00 00 00 00 ]
11-08 02:21:22.009  1444  1684 V RILD    : IpcModem::DoIoChannelRouting
11-08 02:21:22.010  1444  1684 D RILD    : RequestComplete - req : 59, peek : 59
11-08 02:21:22.010  1961  1964 D Multi-Client: Oem OnRequestComplete:(20)
11-08 02:21:22.010  1444  1684 V RILD    : Message obj refcnt=-1
11-08 02:21:22.010  2627  4620 I OemIpcHandler: onRawReqComplete, 
11-08 02:21:22.010  2627  2978 I [IMS6.0]: EventMessage obj refcnt=0
11-08 02:21:22.010  2627  2898 I ResipVolteHandler: handleMessage: evt 114
11-08 02:21:22.011  2627  2978 I [IMS6.0]: KA-MGR: evt(94)
11-08 02:21:22.011  2627  2978 I [IMS6.0]: *UserAgentManager::GetUserProfile(): pcscf(10.220.22.176) findSrc type(2), port(6000)
11-08 02:21:22.011  2627  2978 I [IMS6.0]: *UserAgentManager::GetUserProfile(): findSrc getClientPort(9201), existSrc mLClientPort(9201)
11-08 02:21:22.011  2627  2978 I [IMS6.0]: *UserAgentManager::GetUserProfile(): Match with port
11-08 02:21:22.011  2627  2978 I [IMS6.0]: *UserAgentManager::GetUserProfile(): pcscf(10.220.22.176) findSrc type(2), port(6000)
11-08 02:21:22.011  2627  2978 I [IMS6.0]: *UserAgentManager::GetUserProfile(): findSrc getClientPort(9201), existSrc mLClientPort(9201)
11-08 02:21:22.011  2627  2978 I [IMS6.0]: *UserAgentManager::GetUserProfile(): Match with port
11-08 02:21:22.011  2627  2978 I [IMS6.0]: KeepAliveManager::UpdateKeepAlive(): Refresh keep-alive for xxxxx
11-08 02:21:22.011  2627  2978 I [IMS6.0]: KeepAliveManager::UpdateKeepAlive(): mKeepAliveInfo is empty
11-08 02:21:22.011  2627  2978 I [IMS6.0]: IMSSMS-MGR: evt(100)
11-08 02:21:22.011  2627  2978 I [IMS6.0]: IMSSMS-MGR: Receive SIP Message from N/W
11-08 02:21:22.011  2627  2978 I [IMS6.0]: *UserAgentManager::GetUserProfile(): (sipMsg) pcscf(10.220.22.176) findSrc type(2), port(6000)
11-08 02:21:22.011  2627  2978 I [IMS6.0]: *UserAgentManager::GetUserProfile(): (sipMsg) findSrc getClientPort(9201), existSrc mLClientPort(9201)
11-08 02:21:22.011  2627  2978 I [IMS6.0]: *UserAgentManager::GetUserProfile(): (sipMsg) Match with port
11-08 02:21:22.011  2627  2978 I [IMS6.0]: ProcessSipMessage: resip-status code(202), reason(Accepted)
11-08 02:21:22.011  2627  2978 I [IMS6.0]: IMSSMS-MGR: It is 202 ACCEPT
11-08 02:21:22.011  2627  2978 I [IMS6.0]: response : GetId() = 401, statusCode = 202
11-08 02:21:22.011  2627  2978 I [IMS6.0]: callId = NfCcVoAQdo5n9Y0XmFknig..@10.121.247.115
11-08 02:21:22.011  2627  2978 I [IMS6.0]: uaHandler = 10276
11-08 02:21:22.012  2627  2978 I [IMS6.0]: ALM-MGR: evt(92)
11-08 02:21:22.012  2627  2978 I [IMS6.0]: AlarmManager::HandleEvent(): Wake up cancel from the resip (23e107f40c04bb0c)
11-08 02:21:22.012  2627  2978 I [IMS6.0]: AlarmManager::CancelDelayedMessage(): Cancel alarm 16157
11-08 02:21:22.012  2627  2978 I [IMS6.0]: SecIms:OnNotify() notifyId:20002
11-08 02:21:22.012  2627  2978 I [IMS6.0]: IMS_onNotify()
11-08 02:21:22.012  2627  2978 I [IMS6.0]: NotifyCancelAlarm()
11-08 02:21:22.012  2627  2978 I [IMS6.0]: SendResponseRaw() data Size 68
11-08 02:21:22.012  2627  2978 I StackIF : processMessage 3
11-08 02:21:22.012  2627  2978 I StackIF : Processing Notify
11-08 02:21:22.012  2627  2978 I SECIMSJ : [UNSL]< 20002
11-08 02:21:22.012  2627  2978 I StackIF : processNotify: id 20002
11-08 02:21:22.012  2627  2978 I ResipMiscHandler: onAlarmCancelled: id=16157
11-08 02:21:22.012  2627  2978 I [IMS6.0]: EventMessage obj refcnt=0
11-08 02:21:22.012  2627  2978 I [IMS6.0]: IMSSMS-MGR: evt(102)
11-08 02:21:22.012  2627  2978 I [IMS6.0]: IMSSMS-MGR: EVENT_SEND_MESSAGE_DONE
11-08 02:21:22.012  2627  2978 I [IMS6.0]: SecIms:OnResponse() transId:6723 respId:401
11-08 02:21:22.013  2627  2978 I [IMS6.0]: IMS_onResponse()
11-08 02:21:22.013  2627  2978 I [IMS6.0]: ResponseSendSmsResponse()
11-08 02:21:22.013  2627  2978 I [IMS6.0]: SendResponseRaw() data Size 200
11-08 02:21:22.013  2627  2978 I StackIF : processMessage 2
11-08 02:21:22.013  2627  2978 I StackIF : Processing Response
11-08 02:21:22.013  2627  2978 I SECIMSJ : [6723]< 401
11-08 02:21:22.013  2627  2978 I StackIF : processResponse: reqId 401
11-08 02:21:22.013  2627  2978 I StackIF : processSendSmsResp:
11-08 02:21:22.013  1292 14222 D AppOps  : noteOperation: reject #3 for code 105 (105) uid 1000 package android flags: s
11-08 02:21:22.013  2627  2978 I [IMS6.0]: ImsSmsManager::OnSendImsSmsDone(): send ims signaling ipc stop
11-08 02:21:22.013  2627  2978 I [IMS6.0]: ImsSignalingIpcManager::SendImsCallStatus(): phoneId(0) callStatus(2) callType(4) isEmergency(0) bearerType(12) needToSetSaMode(0) needToDeprioritizeNr5g(0)
11-08 02:21:22.013  2627  2978 I [IMS6.0]: GetAudioInterface(): mode CPVE
11-08 02:21:22.013  2627  2978 I [IMS6.0]: ImsSignalingIpcManager::ProcessImsCallStatus(): CALL_STATUS_END needToSetSaMode : 0, needToDeprioritizeNr5g : 0
11-08 02:21:22.013  2627  2978 I CpAudioEngineClient: SAE_SetImsCallStatus: Entry
11-08 02:21:22.013  2627  2978 I CpAudioEngineClient: SAE_SetImsCallStatus: phoneId : 0, callStatus : 2 callType: 4 isEmergency: 0 bearerType: 12 needToSetSaMode : 0 needToDeprioritizeNr5g : 0
11-08 02:21:22.013  2627  2978 I VoIpEngineProxy: Sending IPC_IMS_CALL_STATUS bearerType 12
11-08 02:21:22.013  2627  2978 I OemIpcHandler: PrepareWaiting:
11-08 02:21:22.013  2627  2978 I OemIpcHandler: SendOemIpcCommandForQmi: phoneId[0] main 02 sub 7c paramLen 03
11-08 02:21:22.014  2627  2978 I OemIpcHandler: ============
11-08 02:21:22.014  2627  2978 I OemIpcHandler: pkt[0] =  2
11-08 02:21:22.014  2627  2978 I OemIpcHandler: pkt[1] = 7c
11-08 02:21:22.014  2627  2978 I OemIpcHandler: pkt[2] =  0
11-08 02:21:22.014  2627  2978 I OemIpcHandler: pkt[3] =  7
11-08 02:21:22.014  2627  2978 I OemIpcHandler: pkt[4] =  4
11-08 02:21:22.014  2627  2978 I OemIpcHandler: pkt[5] =  2
11-08 02:21:22.014  2627  2978 I OemIpcHandler: pkt[6] =  c
11-08 02:21:22.014  2627  2978 I OemIpcHandler: ============
11-08 02:21:22.014  2627  2978 I OemIpcHandler: IPC counter[14874]
11-08 02:21:22.014  2627  2978 I OemIpcHandler: SendOemIpcCommandForQmi: Send Client 111...
11-08 02:21:22.014  1961  1965 D Multi-Client: OemClient::ProcessBuffer() from [20], token[1], datalen[7]
11-08 02:21:22.014  2627  2978 I OemIpcHandler: WaitwithTimeout:
11-08 02:21:22.015  1444  1444 D RILD    : IsRegisteredNetworkType(): netType[1]  feature[00] state[0] 
11-08 02:21:22.015  1444  1685 D RILD    : DoRouteIn - FW reqId : 59
11-08 02:21:22.015  1444  1685 D RILD    : DoRouteOut - FW reqId : 59
11-08 02:21:22.015  1444  1685 D RILD    : GetMessage : oem func id = 0x02
11-08 02:21:22.015  1444  1684 D RILD    : OEM-NETWORK-MGR(33): evt(100)
11-08 02:21:22.015  1444  1684 D RILD    : OEMNETWORK-MGR: Receive event : 100
11-08 02:21:22.015  1444  1684 D RILD    : DoOemNetwork: sub id=0x7C
11-08 02:21:22.015  1444  1684 D RILD    : DoOemSetImsCallState
11-08 02:21:22.015  1444  1684 V RILD    : AllocateTransaction() - Use: 1, Last: 49
11-08 02:21:22.015  1444  1684 D RILD    : TxSetImsCallStateNoti - callType: 4, callStatus: 2, sysMode: 12, direction: -1
11-08 02:21:22.015  1444  1684 D RILD    : SendMessage: svc(NAS), msg(0xA1:QMI_NAS_IMS_CALL_STATE_NOTIFICATION_REQ_MSG), sync(1), internal(0), size(48)
11-08 02:21:22.016  1444  1663 V RILD    : NotifyAsyncMessage Completed
11-08 02:21:22.016  1444  1684 D RILD    : ReceiveMessage: svc(NAS), msg(0xA1:QMI_NAS_IMS_CALL_STATE_NOTIFICATION_REQ_MSG), indi(0), size(48), err(0)
11-08 02:21:22.016  1444  1684 D RILD    : Result(0), Error(0)
11-08 02:21:22.016  1444  1684 V RILD    : txn(-1) released
11-08 02:21:22.016  1444  1684 V RILD    : Message obj refcnt=-1
11-08 02:21:22.016  1444  1684 D RILD    : OEM-NETWORK-MGR(33): evt(101)
11-08 02:21:22.016  1444  1684 D RILD    : OEMNETWORK-MGR: Receive event : 101
11-08 02:21:22.016  1444  1684 D RILD    : RequestComplete - req : 59, peek : 59
11-08 02:21:22.016  1961  1964 D Multi-Client: Oem OnRequestComplete:(20)
11-08 02:21:22.016  1444  1684 V RILD    : Message obj refcnt=-1
11-08 02:21:22.017  2627  4620 I OemIpcHandler: onImsCallStatusReqComplete, 
11-08 02:21:22.017  2627  4620 I OemIpcHandler: Notify:
11-08 02:21:22.017  2627  4620 I OemIpcHandler: Notify: exit
11-08 02:21:22.017  2627  2978 I OemIpcHandler: WaitwithTimeout: exit
11-08 02:21:22.017  2627  2978 I [IMS6.0]: EventMessage obj refcnt=0
11-08 02:21:22.019  2293  2475 D MobileStatusTracker(0/1): onDataActivity: direction=3
11-08 02:21:22.022 28231 28231 I droid.messaging: Using CollectorTypeCC GC.
11-08 02:21:22.023  2627  2898 I ResipSmsHandler: handleMessage: what 2
11-08 02:21:22.024  2627  2898 I ResipSmsHandler: onSendSmsResponse: statusCode 202 callId NfCcVoAQdo5n9Y0XmFknig..@10.121.247.115
11-08 02:21:22.025  2627  2985 I SmsServiceModule: handleMessage() - what : 1
11-08 02:21:22.025  2627  2985 I SmsServiceModule: handleSmsEvent coming [NONE] messageID [194] reasonCode [202] reason [Accepted] callID [NfCcVoAQdo5n9Y0XmFknig..@10.121.247.115] regId [10276] 
11-08 02:21:22.025  2627  2985 I SmsServiceModule: handleMessage() - what : 1
11-08 02:21:22.025  2627  2985 I SmsServiceModule: handleSmsEvent coming [NONE] messageID [194] reasonCode [202] reason [Accepted] callID [NfCcVoAQdo5n9Y0XmFknig..@10.121.247.115] regId [10276] 
11-08 02:21:22.025  2627  2985 I SmsServiceModule: onReceiveSmsMessage: errorCode=-1
11-08 02:21:22.025  2627  2985 I SmsServiceModule: onReceiveSipResponse: [NONE] messageID [194] reasonCode [202] reason [Accepted] callID [NfCcVoAQdo5n9Y0XmFknig..@10.121.247.115] regId [10276] 
11-08 02:21:22.026  2627  2985 E #IMSCR  : 11-08 02:21:22 0x50000007:0,194,0,202,Accepted,
11-08 02:21:22.027  2627  2985 I SmsServiceModule/0: onReceiveSipResponse
11-08 02:21:22.027  2627  2985 I ImsSmsImpl: < SMS_ACK : mno TMobile_US messageId 194 reasonCode 202 retryAfter -1
11-08 02:21:22.028  2258  2977 D ImsSmsDispatcher: onReceiveSmsDeliveryReportAck token = 194 reasonCode = 202
11-08 02:21:22.028 28231 28231 E droid.messaging: Not starting debugger since process cannot load the jdwp agent.
11-08 02:21:22.040 28231 28231 D ActivityThread: setConscryptValidator
11-08 02:21:22.041 28231 28231 D ActivityThread: setConscryptValidator - put
11-08 02:21:22.041  2293  2475 D MobileSignalController(0/1): notifyListener: enabled=true, connected=true, dataConnected=true, networkType=NR/NR_NSA is5gAvailable=false (5G_Connected), emergencyOnly=false, roaming=false, isDefault=true, dataActivity=inout, level=5, ca=false, mmWave=false, disabledDataIcon=false, simCard=ETC
11-08 02:21:22.050  1292  4060 D CompatibilityChangeReporter: Compat change id reported: 168419799; UID 10098; state: DISABLED
11-08 02:21:22.051  1292  4060 I ActivityManager: DSS OFF for com.samsung.android.messaging
11-08 02:21:22.051  1292  4060 I am_proc_bound: [0,28231,com.samsung.android.messaging]
11-08 02:21:22.051  1292  2526 I power_partial_wake_state: [REL,351,RILJ_ACK_WL:com.android.phone]
11-08 02:21:22.058  1147  1201 I VSyncReactor: Current= 60, Period= 60, hwcPeriod= 60
11-08 02:21:22.059  1292  4060 I am_uid_active: 10098
11-08 02:21:22.066 28231 28231 D CompatibilityChangeReporter: Compat change id reported: 171979766; UID 10098; state: ENABLED
11-08 02:21:22.074  1292  1716 D LocalDisplayAdapter: updateActiveModeLocked for d=4630946312756012673, mActiveModeId=2, mActiveSfDisplayMode=DisplayMode{id=1, width=1080, height=2408, xDpi=403.411, yDpi=402.389, refreshRate=60.000004, appVsyncOffsetNanos=1000000, presentationDeadlineNanos=16666666, group=1080}
11-08 02:21:22.076  1292  1716 I DisplayDeviceRepository: Display device changed: DisplayDeviceInfo{\"Built-in Screen\": uniqueId=\"local:4630946312756012673\", 1080 x 2408, modeId 2, defaultModeId 1, supportedModes [{id=1, width=1080, height=2408, fps=120.00001, alternativeRefreshRates=[60.000004]}, {id=2, width=1080, height=2408, fps=60.000004, alternativeRefreshRates=[120.00001]}], colorMode 0, supportedColorModes [0], hdrCapabilities HdrCapabilities{mSupportedHdrTypes=[], mMaxLuminance=500.0, mMaxAverageLuminance=500.0, mMinLuminance=0.0}, allmSupported false, gameContentTypeSupported false, density 450, 403.411 x 402.389 dpi, appVsyncOff 1000000, presDeadline 16666666, cutout DisplayCutout{insets=Rect(0, 65 - 0, 0) waterfall=Insets{left=0, top=0, right=0, bottom=0} boundingRect={Bounds=[Rect(0, 0 - 0, 0), Rect(454, 0 - 626, 65), Rect(0, 0 - 0, 0), Rect(0, 0 - 0, 0)]} cutoutPathParserInfo={CutoutPathParserInfo{displayWidth=1080 displayHeight=2408 physicalDisplayWidth=1080 physicalDisplayHeight=2408 density={2.8125} cutoutSpec={M 0,0 H -30.57777777777778 V 23.11111111111111 H 30.57777777777778 V 0 H 0 Z @dp} rotation={0} scale={1.0} physicalPixelDisplaySizeRatio={1.0}}}}, touch INTERNAL, rotation 0, type INTERNAL, address {port=129, model=0x40446d22b9ba26}, deviceProductInfo DeviceProductInfo{name=, manufacturerPnpId=QCM, productId=1, modelYear=null, manufactureDate=ManufactureDate{week=27, year=2006}, connectionToSinkType=0}, state ON, frameRateOverride , brightnessMinimum 0.0, brightnessMaximum 1.0, brightnessDefault 0.5019608, roundedCorners RoundedCorners{[RoundedCorner{position=TopLeft, radius=90, center=Point(90, 90)}, RoundedCorner{position=TopRight, radius=90, center=Point(990, 90)}, RoundedCorner{position=BottomRight, radius=90, center=Point(990, 2318)}, RoundedCorner{position=BottomLeft, radius=90, center=Point(90, 2318)}]}, FLAG_ALLOWED_TO_BE_DEFAULT_DISPLAY, FLAG_ROTATES_WITH_CONTENT, FLAG_SECURE, FLAG_SUPPORTS_PROTECTED_BUFFERS, installOrientation 0}
11-08 02:21:22.080  1292  3248 D LiftUpHandler: [LTW] Stopped already.
11-08 02:21:22.084  2293  2293 D DisplayLifecycle: updateDisplay id = 0
11-08 02:21:22.085  1292  1292 D SGM:GameManager: onDisplayChanged. displyId: 0, state: 2
11-08 02:21:22.085  1292  2097 D SGM:FgCheckThread: onLooperPrepared(), msg: MSG_LCD_ON
11-08 02:21:22.089  2258  2258 D DCT-C-0 : Screen INTERNAL on
11-08 02:21:22.090  1292  1292 D AODManagerService: requestReCalToTSP IsSingleTouchMode = false / previousDisplayState = ON
11-08 02:21:22.096  1292  1716 D DisplayModeDirector: onBrightnessChangedLocked, brightness=128, lux=-1.0
