11-04 20:41:22.107  2578  2762 I QC-NETMGR-LIB: netmgr_tc.c 355: flow bearer_id=91
11-04 20:41:22.107  2578  2762 I QC-NETMGR-LIB: netmgr_tc.c 356: flow ip_ver=4
11-04 20:41:22.107  2578  2762 I QC-NETMGR-LIB: netmgr_tc_multiq.c 786: >>>>>> LOCK MUTEX 0x55ecce14b8 SUCCESS
11-04 20:41:22.107  2578  2762 I QC-NETMGR-LIB: netmgr_tc.c 1533: netmgr_tc_find_flow_info: flow 0x429 ip 4 not found
11-04 20:41:22.107  2578  2762 E QC-NETMGR-LIB: netmgr_tc_multiq.c 791: netmgr_tc_flow_rebind_hdlr_multiq: the flow object does not exist
11-04 20:41:22.107  2578  2762 I QC-NETMGR-LIB: netmgr_tc_multiq.c 810: <<<<<< UNLOCK MUTEX 0x55ecce14b8 SUCCESS
11-04 20:41:22.107  2578  2762 E QC-NETMGR-LIB: netmgr_sm.c 2950: failed on tc_flow_rebind
11-04 20:41:22.108  2578  3452 I QC-NETMGR-LIB: netmgr_qmi_qos.c 596: netmgr_qmi_qos_ind_cb(): received indication=49 on link=3
11-04 20:41:22.108  2578  3452 I QC-NETMGR-LIB: netmgr_exec.c 391: Received command: ID=NETMGR_QMI_MSG_CMD, link=3
11-04 20:41:22.110  2578  2762 I QC-NETMGR-LIB: netmgr_exec.c 198: Process command: ID=NETMGR_QMI_MSG_CMD, link=3, state=5
11-04 20:41:22.110  2578  2762 I QC-NETMGR-LIB: netmgr_qmi.c 3843: Processing event reports - num_flows[1]
11-04 20:41:22.110  2578  2762 E QC-NETMGR-LIB: netmgr_qmi.c 3095: undefined traffic class, assuming default
11-04 20:41:22.110  2578  2762 I QC-NETMGR-LIB: netmgr_qmi.c 3241: Feature to skip buffered QoS modify is not enabled for this target
11-04 20:41:22.110  2578  2762 I QC-NETMGR-LIB: netmgr_exec.c 391: Received command: ID=NETMGR_QOS_ACTIVATE_EV, link=3
11-04 20:41:22.110  2578  2762 I QC-NETMGR-LIB: netmgr_exec.c 198: Process command: ID=NETMGR_QOS_ACTIVATE_EV, link=3, state=5
11-04 20:41:22.110  2578  2762 I QC-NETMGR-LIB: netmgr_tc_multiq.c 445: >>>>>> LOCK MUTEX 0x55ecce14b8 SUCCESS
11-04 20:41:22.110  2578  2762 I QC-NETMGR-LIB: netmgr_tc.c 1533: netmgr_tc_find_flow_info: flow 0x429 ip 4 not found
11-04 20:41:22.110  2578  2762 I QC-NETMGR-LIB: netmgr_tc.c 348: flow handle=0x00000429
11-04 20:41:22.110  2578  2762 I QC-NETMGR-LIB: netmgr_tc.c 350: flow is_new=TRUE
11-04 20:41:22.110  2578  2762 I QC-NETMGR-LIB: netmgr_tc.c 351: flow priority=7
11-04 20:41:22.110  2578  2762 I QC-NETMGR-LIB: netmgr_tc.c 352: flow datarate=52000
11-04 20:41:22.110  2578  2762 I QC-NETMGR-LIB: netmgr_tc.c 353: flow num_filter=2
11-04 20:41:22.110  2578  2762 I QC-NETMGR-LIB: netmgr_tc.c 354: flow filter_list=0xb4000075c2264808
11-04 20:41:22.110  2578  2762 I QC-NETMGR-LIB: netmgr_tc.c 355: flow bearer_id=91
11-04 20:41:22.110  2578  2762 I QC-NETMGR-LIB: netmgr_tc.c 356: flow ip_ver=4
11-04 20:41:22.110  2578  2762 I QC-NETMGR-LIB: netmgr_tc.c 361: flow filter_list addrs=0xb4000075c2264808
11-04 20:41:22.110  2578  2762 I QC-NETMGR-LIB: netmgr_tc.c 364: [0] param mask = 198
11-04 20:41:22.110  2578  2762 I QC-NETMGR-LIB: netmgr_tc.c 366: [0] filter_index = 256
11-04 20:41:22.110  2578  2762 I QC-NETMGR-LIB: netmgr_tc.c 368: [0]Filter ID = 0
11-04 20:41:22.110  2578  2762 I QC-NETMGR-LIB: netmgr_tc.c 370: [0] precedence = 48
11-04 20:41:22.110  2578  2762 I QC-NETMGR-LIB: netmgr_tc.c 375: [0] IP version = 4
11-04 20:41:22.110  2578  2762 I QC-NETMGR-LIB: netmgr_tc.c 396: [0] Protocol = 17
11-04 20:41:22.110  2578  2762 I QC-NETMGR-LIB: netmgr_tc.c 361: flow filter_list addrs=0xb4000075c22648a0
11-04 20:41:22.110  2578  2762 I QC-NETMGR-LIB: netmgr_tc.c 364: [1] param mask = 198
11-04 20:41:22.110  2578  2762 I QC-NETMGR-LIB: netmgr_tc.c 366: [1] filter_index = 258
11-04 20:41:22.110  2578  2762 I QC-NETMGR-LIB: netmgr_tc.c 368: [1]Filter ID = 0
11-04 20:41:22.111  2578  2762 I QC-NETMGR-LIB: netmgr_tc.c 370: [1] precedence = 56
11-04 20:41:22.111  2578  2762 I QC-NETMGR-LIB: netmgr_tc.c 375: [1] IP version = 4
11-04 20:41:22.111  2578  2762 I QC-NETMGR-LIB: netmgr_tc.c 396: [1] Protocol = 17
11-04 20:41:22.111  2578  2762 I QC-NETMGR-LIB: netmgr_tc_multiq.c 125: Assigned multiq num 2 for bearer 91 flow 0x429 ref 1
11-04 20:41:22.111  2578  2762 I QC-NETMGR-LIB: netmgr_tc_multiq.c 374: num_filters: 2
11-04 20:41:22.111  2578  2718 I QC-DS-LIB: ds_util.c 2718: ds_exec_internal(): Executing command \"iptables  -w -t mangle -N qcom_0x00000429.3 from /system/bin/iptables-wrapper-1.0 \"
11-04 20:41:22.121  2578  2718 I QC-DS-LIB: ds_util.c 2807: ds_exec_internal(): [cpid:7597] Spawned child PID(7597) command:\"iptables  -w -t mangle -N qcom_0x00000429.3\"
11-04 20:41:22.156  2578  2718 I QC-DS-LIB: ds_util.c 3004: ds_exec_internal(): [cpid:7597] Process exited normally with rc=0
11-04 20:41:22.157  2578  2718 I QC-DS-LIB: ds_util.c 2718: ds_exec_internal(): Executing command \"iptables  -w -t mangle -A qcom_0x00000429.3 -j MARK --set-mark 0x00000429 from /system/bin/iptables-wrapper-1.0 \"
11-04 20:41:22.170  2578  2718 I QC-DS-LIB: ds_util.c 2807: ds_exec_internal(): [cpid:7599] Spawned child PID(7599) command:\"iptables  -w -t mangle -A qcom_0x00000429.3 -j MARK --set-mark 0x00000429\"
11-04 20:41:22.203  2578  2718 I QC-DS-LIB: ds_util.c 3004: ds_exec_internal(): [cpid:7599] Process exited normally with rc=0
11-04 20:41:22.205  2578  2762 I QC-NETMGR-LIB: netmgr_recovery_util.c 726: netmgr_recovery_file_find_entry(): locking recovery file mutex
11-04 20:41:22.205  2578  2762 I QC-NETMGR-LIB: netmgr_recovery_util.c 731: netmgr_recovery_file_find_entry(): unlocking recovery file mutex
11-04 20:41:22.205  2578  2762 I QC-NETMGR-LIB: netmgr_recovery_util.c 879: netmgr_recovery_file_write_entry(): locking recovery file mutex
11-04 20:41:22.206  2578  2762 I QC-NETMGR-LIB: netmgr_recovery_util.c 966: netmgr_recovery_file_write_entry(): Successfully created entry at index = 2
11-04 20:41:22.206  2578  2762 I QC-NETMGR-LIB: netmgr_recovery_util.c 1001: netmgr_recovery_file_write_entry(): unlocking recovery file mutex
11-04 20:41:22.206  2578  2762 I QC-NETMGR-LIB: netmgr_tc.c 499: netmgr_tc_get_filter_index: Found index 0, list index 0
11-04 20:41:22.206  2578  2762 I QC-NETMGR-LIB: netmgr_tc.c 2292: Get filter_index:0, list_index:0 for rule 0
11-04 20:41:22.206  2578  2762 I QC-NETMGR-LIB: netmgr_tc.c 2303: Insert filter_data to list 
11-04 20:41:22.206  2578  2762 I QC-NETMGR-LIB: netmgr_tc.c 2383: Create v4 rule to with index 1 
11-04 20:41:22.206  2578  2718 I QC-DS-LIB: ds_util.c 2718: ds_exec_internal(): Executing command \"iptables  -w -t mangle -I qcom_qos_filter_POSTROUTING 1 -g qcom_0x00000429.3 --dst 10.224.24.245/255.255.255.255 --protocol 17 --sport 50034 --dport 36958 -o rmnet_data3 from /system/bin/iptables-wrapper-1.0 \"
11-04 20:41:22.217  2578  2718 I QC-DS-LIB: ds_util.c 2807: ds_exec_internal(): [cpid:7602] Spawned child PID(7602) command:\"iptables  -w -t mangle -I qcom_qos_filter_POSTROUTING 1 -g qcom_0x00000429.3 --dst 10.224.24.245/255.255.255.255 --protocol 17 --sport 50034 --dport 36958 -o rmnet_data3\"
11-04 20:41:22.232  2944  3758 D PowerManagerService: acquireWakeLockInternal: lock=14602469, flags=0x1, tag=\"RILJ_ACK_WL\", ws=null, uid=1001, pid=4121, packageName=\"com.android.phone\", displayId=-1
11-04 20:41:22.238  4121  4457 D RILJ    : Unsol response received; Sending ack to ril.cpp [PHONE0]
11-04 20:41:22.238  4121  4457 D RILJ    : [UNSL]< UNSOL_CALL_RING  [PHONE0]
11-04 20:41:22.238  4121  4121 D QtiGsmCdmaPhone: [0 ] handleMessage: Event: 14
11-04 20:41:22.238  4121  4121 D VendorGsmCdmaPhone: handleMessage: Event: 14
11-04 20:41:22.238  4121  4121 D Phone   : Event EVENT_CALL_RING Received state=IDLE
11-04 20:41:22.238  4121  4121 D Phone   : Sending notifyIncomingRing
11-04 20:41:22.248  2578  2718 I QC-DS-LIB: ds_util.c 3004: ds_exec_internal(): [cpid:7602] Process exited normally with rc=0
11-04 20:41:22.249  2578  2762 I QC-NETMGR-LIB: netmgr_tc.c 499: netmgr_tc_get_filter_index: Found index 1, list index 1
11-04 20:41:22.249  2578  2762 I QC-NETMGR-LIB: netmgr_tc.c 2292: Get filter_index:1, list_index:1 for rule 1
11-04 20:41:22.249  2578  2762 I QC-NETMGR-LIB: netmgr_tc.c 2303: Insert filter_data to list 
11-04 20:41:22.249  2578  2762 I QC-NETMGR-LIB: netmgr_tc.c 2383: Create v4 rule to with index 2 
11-04 20:41:22.249  2578  2718 I QC-DS-LIB: ds_util.c 2718: ds_exec_internal(): Executing command \"iptables  -w -t mangle -I qcom_qos_filter_POSTROUTING 2 -g qcom_0x00000429.3 --dst 10.224.24.245/255.255.255.255 --protocol 17 --sport 50035 --dport 36959 -o rmnet_data3 from /system/bin/iptables-wrapper-1.0 \"
11-04 20:41:22.252  2944  3758 D PowerManagerService: acquireWakeLockInternal: lock=64194155, flags=0x1, tag=\"NotifyRegistrantLock\", ws=null, uid=10329, pid=3951, packageName=\"org.codeaurora.ims\", displayId=-1
11-04 20:41:22.253  2944  5369 D PowerManagerService: acquireWakeLockInternal: lock=14602469, flags=0x1, tag=\"RILJ_ACK_WL\", ws=null, uid=1001, pid=4121, packageName=\"com.android.phone\", displayId=-1
11-04 20:41:22.254  4121  4457 D RILJ    : Unsol response received; Sending ack to ril.cpp [PHONE0]
11-04 20:41:22.254  4121  4457 D RILJ    : [UNSL]< UNSOL_CALL_RING  [PHONE0]
11-04 20:41:22.255  4121  4121 D QtiGsmCdmaPhone: [0 ] handleMessage: Event: 14
11-04 20:41:22.255  4121  4121 D VendorGsmCdmaPhone: handleMessage: Event: 14
11-04 20:41:22.255  4121  4121 D Phone   : Event EVENT_CALL_RING Received state=IDLE
11-04 20:41:22.255  4121  4121 D Phone   : Sending notifyIncomingRing
11-04 20:41:22.255  2944  5369 D PowerManagerService: acquireWakeLockInternal: lock=64194155, flags=0x1, tag=\"NotifyRegistrantLock\", ws=null, uid=10329, pid=3951, packageName=\"org.codeaurora.ims\", displayId=-1
11-04 20:41:22.258  2578  2718 I QC-DS-LIB: ds_util.c 2807: ds_exec_internal(): [cpid:7605] Spawned child PID(7605) command:\"iptables  -w -t mangle -I qcom_qos_filter_POSTROUTING 2 -g qcom_0x00000429.3 --dst 10.224.24.245/255.255.255.255 --protocol 17 --sport 50035 --dport 36959 -o rmnet_data3\"
11-04 20:41:22.264  2944  5369 D PowerManagerService: acquireWakeLockInternal: lock=64194155, flags=0x1, tag=\"NotifyRegistrantLock\", ws=null, uid=10329, pid=3951, packageName=\"org.codeaurora.ims\", displayId=-1
11-04 20:41:22.265  2944  5369 D PowerManagerService: acquireWakeLockInternal: lock=64194155, flags=0x1, tag=\"NotifyRegistrantLock\", ws=null, uid=10329, pid=3951, packageName=\"org.codeaurora.ims\", displayId=-1
11-04 20:41:22.274  2944  5369 D PowerManagerService: acquireWakeLockInternal: lock=64194155, flags=0x1, tag=\"NotifyRegistrantLock\", ws=null, uid=10329, pid=3951, packageName=\"org.codeaurora.ims\", displayId=-1
11-04 20:41:22.275  2712  3013 E RILC    : Unsupported unsolicited response code 1028
11-04 20:41:22.275  2578  2718 I QC-DS-LIB: ds_util.c 3004: ds_exec_internal(): [cpid:7605] Process exited normally with rc=0
11-04 20:41:22.275  2578  2762 I QC-NETMGR-LIB: netmgr_cb.c 723: netmgr_cb_runall(): Running [QMI:FLOW_ACTIVATE]-RMNET_EXT
11-04 20:41:22.276  2578  2762 I QC-NETMGR-LIB: netmgr_tc_multiq.c 506: <<<<<< UNLOCK MUTEX 0x55ecce14b8 SUCCESS
11-04 20:41:22.276  2578  2762 I QC-NETMGR-LIB: netmgr_netlink.c 736: Event=[4] link=[3] devname=[rmnet_data3]
11-04 20:41:22.277  2578  2762 E QC-NETMGR-LIB: netmgr_tipc.c 175: Writing tipc_msg: 64, Sent 64 
11-04 20:41:22.277  2578  2762 I QC-NETMGR-LIB: netmgr_tipc.c 376: Generated tipc msg, sendmsg returned 64
11-04 20:41:22.277  2578  2762 E QC-NETMGR-LIB: netmgr_kif.c 7618: netmgr_tipc_send msg 0
11-04 20:41:22.278  2578  2760 I QC-NETMGR-LIB: netmgr_netlink.c 1768: Received nl msg, recvmsg returned 1376
11-04 20:41:22.278  2578  2760 I QC-NETMGR-LIB: netmgr_exec.c 391: Received command: ID=NETMGR_KIF_MSG_CMD, link=0
11-04 20:41:22.279  2578  2762 I QC-NETMGR-LIB: netmgr_exec.c 198: Process command: ID=NETMGR_KIF_MSG_CMD, link=0, state=5
11-04 20:41:22.279  2578  2762 I QC-NETMGR-LIB: netmgr_netlink.c 1560: Processing RTM_NEWLINK
11-04 20:41:22.279  2578  2762 I QC-NETMGR-LIB: netmgr_netlink.c 988: Metainfo:  Index=23 Family=0 Type=0x207 Change=[0x0] Flags=[0x10041]UP RUNNING LOWER_UP 
11-04 20:41:22.279  2578  2762 I QC-NETMGR-LIB: netmgr_kif.c 7288: Rcvd Netlink msg type [16]
11-04 20:41:22.279  2578  2762 I QC-NETMGR-LIB: netmgr_kif.c 6129: Received RTM_NEWLINK
11-04 20:41:22.279  2752  3102 I QC-NETMGR-LIB: netmgr_netlink.c 1532: Processing NETMGR_NL_EVENT
11-04 20:41:22.279  2752  3102 I QC-NETMGR-LIB: netmgr_netlink.c 792: Attribute: Event 0x4
11-04 20:41:22.279  2752  3102 I QC-NETMGR-LIB: netmgr_netlink.c 797: Attribute: Link 0x3
11-04 20:41:22.279  2752  3102 I QC-NETMGR-LIB: netmgr_netlink.c 803: Attribute: FlowID 0x00000429
11-04 20:41:22.279  2752  3102 I QC-NETMGR-LIB: netmgr_netlink.c 804: Attribute: FlowType 1
11-04 20:41:22.279  2752  3102 I QC-NETMGR-LIB: netmgr_netlink.c 851: Attribute: DeviceName=rmnet_data3
11-04 20:41:22.279  2578  2762 I QC-NETMGR-LIB: netmgr_kif.c 5896: netmgr_kif_is_ifindex_wlan(): wlan0 ifidx:17
11-04 20:41:22.279  2752  3102 I QC-NETMGR-LIB: netmgr_client.c 208: Notified client: hdl=0x0x784e4bc218 event=4 link=3 flow=0x00000429
11-04 20:41:22.279  2578  2762 E QC-NETMGR-LIB: netmgr_kif.c 1706: call_ioctl_on_dev: ioctl failed:
11-04 20:41:22.279  2578  2762 E QC-NETMGR-LIB:  (19)No such device
11-04 20:41:22.279  2578  2762 E QC-NETMGR-LIB: netmgr_kif.c 5906: netmgr_kif_is_ifindex_wlan(): Cannot get ifindex for dev wlan1!
11-04 20:41:22.279  2578  2762 I QC-NETMGR-LIB: netmgr_kif.c 5911: netmgr_kif_is_ifindex_wlan(): Could not find matching wlan for ifindex=[23]
11-04 20:41:22.279  2578  2762 I QC-NETMGR-LIB: netmgr_kif.c 6332: not IFF_UP change, ignoring
11-04 20:41:22.279  2752  3102 I QC-NETMGR-LIB: netmgr_client.c 208: Notified client: hdl=0x0x784e4bc230 event=4 link=3 flow=0x00000429
11-04 20:41:22.279  2752  4353 D QC-DSI  : dsi_netctrl_netmgr.c 1048: dsi_netmgr_map_link: ENTRY
11-04 20:41:22.279  2752  4353 D QC-DSI  : dsi_netctrl_netmgr.c 1075: netmgr link [3] maps to  dsi iface [3]
11-04 20:41:22.279  2752  4353 D QC-DSI  : dsi_netctrl_netmgr.c 1081: dsi_netmgr_map_link: EXIT
11-04 20:41:22.279  2712  2970 I QC-NETMGR-LIB: netmgr_netlink.c 1532: Processing NETMGR_NL_EVENT
11-04 20:41:22.279  2752  4353 D QC-DSI  : dsi_netctrl_netmgr.c 1345: NET_PLATFORM_FLOW_ACTIVATED_EV received
11-04 20:41:22.279  2712  2970 I QC-NETMGR-LIB: netmgr_netlink.c 792: Attribute: Event 0x4
11-04 20:41:22.279  2752  4353 D QC-DSI  : dsi_netctrl_netmgr.c 955: dsi_netmgr_store_event_data: ENTRY
11-04 20:41:22.279  2712  2970 I QC-NETMGR-LIB: netmgr_netlink.c 797: Attribute: Link 0x3
11-04 20:41:22.279  2752  4353 D QC-DSI  : dsi_netctrli.c 1199: dsi_fill_qos_info: ENTRY
11-04 20:41:22.279  2712  2970 I QC-NETMGR-LIB: netmgr_netlink.c 803: Attribute: FlowID 0x00000429
11-04 20:41:22.279  2712  2970 I QC-NETMGR-LIB: netmgr_netlink.c 804: Attribute: FlowType 1
11-04 20:41:22.279  2752  4353 D QC-DSI  : dsi_netctrli.c 1250: dsi_fill_qos_info: EXIT
11-04 20:41:22.279  2712  2970 I QC-NETMGR-LIB: netmgr_netlink.c 851: Attribute: DeviceName=rmnet_data3
11-04 20:41:22.279  2752  4353 D QC-DSI  : dsi_netctrl_netmgr.c 769: qos flow [0x00000429] activated on iface [3]
11-04 20:41:22.279  2752  4353 D QC-DSI  : dsi_netctrl_netmgr.c 1016: dsi_netmgr_store_event_data: EXIT success, evt_ret 6
11-04 20:41:22.279  2752  4353 D QC-DSI  : dsi_netctrl_netmgr.c 1445: dsi_process_netmgr_ev posting event [6][QOS_STATUS_IND]
11-04 20:41:22.279  2712  2970 I QC-NETMGR-LIB: netmgr_client.c 208: Notified client: hdl=0x0x75d977b218 event=4 link=3 flow=0x00000429
11-04 20:41:22.279  2752  4353 D QC-DSI  : dsi_netctrl_netmgr.c 1446: L2S[pname:qcrilNrd pid:2752 tid:4353 type:ME fname:dsi_process_netmgr_ev iface_id:3 msg:\"Posting QOS_STATUS_IND\"]
11-04 20:41:22.279  2752  4353 D QC-DSI  : dsi_netctrl_netmgr.c 1175: posting [6] for dsi_iface_id [3]
11-04 20:41:22.279  2752  4353 D QC-DSI  : dsi_netctrl_netmgr.c 121: dsi_netmgr_find_ip_family: ENTRY
11-04 20:41:22.279  2752  4353 D QC-DSI  : dsi_netctrl_netmgr.c 147: dsi_netmgr_find_ip_family: addr=UNKNOWN, ip_family=-1
11-04 20:41:22.279  2752  4353 D QC-DSI  : dsi_netctrl_netmgr.c 1185: unable to determine IP family; assuming I/F is down
11-04 20:41:22.279  2712  2970 I QC-NETMGR-LIB: netmgr_client.c 208: Notified client: hdl=0x0x75d977b230 event=4 link=3 flow=0x00000429
11-04 20:41:22.279  2712  4329 D QC-DSI  : dsi_netctrl_netmgr.c 1048: dsi_netmgr_map_link: ENTRY
11-04 20:41:22.279  2712  4329 D QC-DSI  : dsi_netctrl_netmgr.c 1075: netmgr link [3] maps to  dsi iface [3]
11-04 20:41:22.279  2712  4329 D QC-DSI  : dsi_netctrl_netmgr.c 1081: dsi_netmgr_map_link: EXIT
11-04 20:41:22.279  2712  4329 D QC-DSI  : dsi_netctrl_netmgr.c 1345: NET_PLATFORM_FLOW_ACTIVATED_EV received
11-04 20:41:22.279  2712  4329 D QC-DSI  : dsi_netctrl_netmgr.c 955: dsi_netmgr_store_event_data: ENTRY
11-04 20:41:22.279  2712  4329 D QC-DSI  : dsi_netctrli.c 1199: dsi_fill_qos_info: ENTRY
11-04 20:41:22.280  2712  4329 D QC-DSI  : dsi_netctrli.c 1246: Cached event payload to handle [0xb4000073e8c67d00]
11-04 20:41:22.280  2712  4329 D QC-DSI  : dsi_netctrli.c 1250: dsi_fill_qos_info: EXIT
11-04 20:41:22.280  2712  4329 D QC-DSI  : dsi_netctrl_netmgr.c 769: qos flow [0x00000429] activated on iface [3]
11-04 20:41:22.280  2712  4329 D QC-DSI  : dsi_netctrl_netmgr.c 1016: dsi_netmgr_store_event_data: EXIT success, evt_ret 6
11-04 20:41:22.280  2712  4329 D QC-DSI  : dsi_netctrl_netmgr.c 1445: dsi_process_netmgr_ev posting event [6][QOS_STATUS_IND]
11-04 20:41:22.280  2712  4329 D QC-DSI  : dsi_netctrl_netmgr.c 1446: L2S[pname:qcrilNrd pid:2712 tid:4329 type:ME fname:dsi_process_netmgr_ev iface_id:3 msg:\"Posting QOS_STATUS_IND\"]
11-04 20:41:22.280  2712  4329 D QC-DSI  : dsi_netctrl_netmgr.c 1175: posting [6] for dsi_iface_id [3]
11-04 20:41:22.280  2712  4329 D QC-DSI  : dsi_netctrl_netmgr.c 121: dsi_netmgr_find_ip_family: ENTRY
11-04 20:41:22.280  2712  4329 D QC-DSI  : dsi_netctrl_netmgr.c 147: dsi_netmgr_find_ip_family: addr=UNKNOWN, ip_family=-1
11-04 20:41:22.280  2712  4329 D QC-DSI  : dsi_netctrl_netmgr.c 1185: unable to determine IP family; assuming I/F is down
11-04 20:41:22.280  2712  4329 D QC-DSI  : dsi_netctrli.c 947: notifying event [6] on handle [0xb4000073e8c67d00]
11-04 20:41:22.280  2712  4329 D QC-DSI  : dsi_netctrli.c 949: dsi_st_hndl=0xb4000073e8c67d00 hash=0x40f0ce62
11-04 20:41:22.281  2944  5689 D PowerManagerService: acquireWakeLockInternal: lock=64194155, flags=0x1, tag=\"NotifyRegistrantLock\", ws=null, uid=10329, pid=3951, packageName=\"org.codeaurora.ims\", displayId=-1
11-04 20:41:22.281  2944  3179 D BroadcastQueue_background: broadcastBegin: hashCode=59421714, Parallel, toUser=0, dispatchTime=0, ordered=false, sticky=false, Intent { act=com.qualcomm.intent.action.ACTION_UNSOL_RESPONSE_OEM_HOOK_RAW flg=0x10 (has extras) }
11-04 20:41:22.282  4121  4194 D MotoOemHookIndication: received oemhook indication 
11-04 20:41:22.282  4121  4194 D MotoExtTM: QcomOemHookIndicationProcess: processUnsolOemhookIndication: raw message=514F454D484F4F4B0D0004000C0000000100000013000000803E0000
11-04 20:41:22.282  4121  4194 D MotoExtTM: QcomOemHookIndicationProcess: it's a Qcom Unsolicited oem hook message
11-04 20:41:22.282  4121  4194 D MotoExtTM: QcomOemHookIndicationProcess: Not support QCOM  Unsolicted Oem Hook Message: 262157
11-04 20:41:22.283  2944  3179 D BroadcastQueue: broadcastComplete: hashCode=59421714, Parallel, costTime=2
11-04 20:41:22.283  2944  3179 D BroadcastQueue:     app=3928:com.qti.phone/u0a330, receiver=android.os.BinderProxy@9066846, costTime=1
11-04 20:41:22.283  2944  3179 D BroadcastQueue:     app=4121:com.android.phone/1001, receiver=android.os.BinderProxy@352e01b, costTime=0
11-04 20:41:22.283  2944  3179 D BroadcastQueue:     app=4121:com.android.phone/1001, receiver=android.os.BinderProxy@3a509a8, costTime=0
11-04 20:41:22.283  2944  3179 D BroadcastQueue:     app=4121:com.android.phone/1001, receiver=android.os.BinderProxy@21a675a, costTime=0
11-04 20:41:22.283  2944  3179 D BroadcastQueue:     app=24235:com.qualcomm.qti.modemtestmode/1001, receiver=android.os.BinderProxy@205d2ea, costTime=1
11-04 20:41:22.283  4121  4121 D ImsPhoneCallTracker: [0] processIncomingCall: incoming call intent
11-04 20:41:22.283  4121  4121 D ImsPhoneCallTracker: [0] processIncomingCall: isUnknown = false fg = IDLE bg = IDLE
11-04 20:41:22.292  4121  4121 D ImsPhoneConnection: acquireWakeLock
11-04 20:41:22.293  2944  3064 D PowerManagerService: acquireWakeLockInternal: lock=215504867, flags=0x1, tag=\"ImsPhoneConnection\", ws=null, uid=1001, pid=4121, packageName=\"com.android.phone\", displayId=-1
11-04 20:41:22.295  4121  4121 V ImsPhoneConnection: update localCallProfile={ serviceType=1, callType=2, restrictCause=0, mediaProfile={ audioQuality=2, audioDirection=3, audioCodecAttribute=null, videoQuality=0, videoDirection=-1, rttMode=0, hasRttAudioSpeech=false }, emergencyServiceCategories=0, emergencyUrns=[], emergencyCallRouting=0, emergencyCallTesting=false, hasKnownUserIntentEmergency=false, mRestrictCause=0, mCallerNumberVerstat= 0, mAcceptedRtpHeaderExtensions= [] }
11-04 20:41:22.295  4121  4121 I ImsPhoneConnection: applyLocalCallCapabilities - localProfile = { serviceType=1, callType=2, restrictCause=0, mediaProfile={ audioQuality=2, audioDirection=3, audioCodecAttribute=null, videoQuality=0, videoDirection=-1, rttMode=0, hasRttAudioSpeech=false }, emergencyServiceCategories=0, emergencyUrns=[], emergencyCallRouting=0, emergencyCallTesting=false, hasKnownUserIntentEmergency=false, mRestrictCause=0, mCallerNumberVerstat= 0, mAcceptedRtpHeaderExtensions= [] }
11-04 20:41:22.296  4121  4121 V ImsPhoneConnection: update remoteCallProfile={ serviceType=1, callType=3, restrictCause=0, mediaProfile={ audioQuality=0, audioDirection=3, audioCodecAttribute=null, videoQuality=0, videoDirection=-1, rttMode=1, hasRttAudioSpeech=false }, emergencyServiceCategories=0, emergencyUrns=[], emergencyCallRouting=0, emergencyCallTesting=false, hasKnownUserIntentEmergency=false, mRestrictCause=0, mCallerNumberVerstat= 0, mAcceptedRtpHeaderExtensions= [] }
11-04 20:41:22.296  4121  4121 W ImsPhoneConnection: applyRemoteCallCapabilities - remoteProfile = { serviceType=1, callType=3, restrictCause=0, mediaProfile={ audioQuality=0, audioDirection=3, audioCodecAttribute=null, videoQuality=0, videoDirection=-1, rttMode=1, hasRttAudioSpeech=false }, emergencyServiceCategories=0, emergencyUrns=[], emergencyCallRouting=0, emergencyCallTesting=false, hasKnownUserIntentEmergency=false, mRestrictCause=0, mCallerNumberVerstat= 0, mAcceptedRtpHeaderExtensions= [] }
11-04 20:41:22.296  4121  4121 E TelephonyMetrics: Call session is missing
11-04 20:41:22.297  4121  4121 E VoiceCallSessionStats: onAudioCodecChanged: untracked connection, connectionId=0
11-04 20:41:22.297  4121  4121 I ImsPhoneConnection: updateMediaCapabilities: mediate attributes changed: codec = 2, bitRate=0.0, bandwidth=0.0
11-04 20:41:22.301  4121  4121 D SubscriptionController: [getSubId]- numSubIds == 0, return null slotIndex=1
11-04 20:41:22.303  4121  4121 D ImsPhoneConnection: getDisconnectCause: cause=0
11-04 20:41:22.306  4121  4121 I Phone   : notifyNewRingingConnection: phoneId=[0], connection=[[ImsPhoneConnection objId: 99388545 telecomCallID: null address: [gV1eU3OpfFQ8gVZ6-H-2p03qmzk] isAdhocConf: N mIsMultiparty():false mIsConferenceHost():false ImsCall: [ImsCall objId:31967115 onHold:N mute:N mCallProfile:{ serviceType=1, callType=2, restrictCause=0, mediaProfile={ audioQuality=0, audioDirection=3, audioCodecAttribute=null, videoQuality=0, videoDirection=-1, rttMode=0, hasRttAudioSpeech=false }, emergencyServiceCategories=0, emergencyUrns=[], emergencyCallRouting=0, emergencyCallTesting=false, hasKnownUserIntentEmergency=false, mRestrictCause=0, mCallerNumberVerstat= 1, mAcceptedRtpHeaderExtensions= [] } networkType:13 updateRequest:NONE merging:N merge action pending:N merged:N multiParty:N confHost:N buried term:N isVideo: N wasVideo: N isWifi: N session:[ImsCallSession objId:243857754 state:IDLE callId:1] transientSession:null]]], registrants=[com.android.internal.telephony.Registrant@b11a0fd, com.android.internal.telephony.Registrant@fcd61a8]
11-04 20:41:22.306  4121  4121 D ImsPhone: [0] notifyIncomingRing
11-04 20:41:22.306  4121  4121 D ImsPhoneCallTracker: [0] updatePhoneState pendingMo = null, rng= INCOMING(null/objId:99388545), fg= IDLE(), bg= IDLE()
11-04 20:41:22.306  4121  4121 D ImsPhoneCallTracker: [0] updatePhoneState oldState=IDLE, newState=RINGING
11-04 20:41:22.307  2944  3064 I framework_stats_log: [PHONE_STATE_CHANGED, 1]
11-04 20:41:22.309  4121  4121 D SubscriptionController: [getSubId]- numSubIds == 0, return null slotIndex=1
11-04 20:41:22.309  4121  4121 D SubscriptionController: [getSubId]- numSubIds == 0, return null slotIndex=1
11-04 20:41:22.309  4121  4121 D TelephonyCapabilities: supportsEcm: Phone type = 5 Ims Phone = null
11-04 20:41:22.310  2944  3064 D Telecom : Logging: START_SESSION
11-04 20:41:22.310  2944  3064 I Telecom : : Adding new incoming call with phoneAccountHandle ComponentInfo{com.android.phone/com.android.services.telephony.TelephonyConnectionService}, 1, UserHandle{0}: TSI.aNIC@H7g
11-04 20:41:22.317  2944  3064 I Telecom : PhoneAccountRegistrar: getSimCallManager: SimCallManager for subId 1 queried, returning: null: TSI.aNIC@H7g
11-04 20:41:22.317  2944  3064 D Telecom : PhoneAccountRegistrar: getSimCallManagerFromHandle: targetPhac=ComponentInfo{com.android.phone/com.android.services.telephony.TelephonyConnectionService}, 1, UserHandle{0}, subId=1, scm=null: TSI.aNIC@H7g
11-04 20:41:22.317  2944  3064 D Telecom : Class: Processing incoming call from connection service [ComponentInfo{com.android.phone/com.android.services.telephony.TelephonyConnectionService}]: TSI.aNIC@H7g
11-04 20:41:22.317  2944  3064 D Telecom : MotoCallsManager: processIncomingCallIntent: TSI.aNIC@H7g
11-04 20:41:22.321  4121  4121 D EmergencyNumberTracker: slotId:0 country:us emergencyNumbers: 911,000,112,999,*272911
11-04 20:41:22.321  4121  4121 D EmergencyNumberTracker: Search results - inRilEccList:false inEmergencyNumberTestList: false
11-04 20:41:22.321  4121  4121 D SubscriptionController: [getSubId]- numSubIds == 0, return null slotIndex=1
11-04 20:41:22.321  4121  4121 D SubscriptionController: [getSubId]- numSubIds == 0, return null slotIndex=1
11-04 20:41:22.321  4121  4121 D SubscriptionController: [getSlotIndex]- subId invalid
11-04 20:41:22.321  4121  4121 D EmergencyNumberTracker: slotId:-1 country:us emergencyNumbers: 911,000,112,999,*272911
11-04 20:41:22.321  4121  4121 D EmergencyNumberTracker: Search results - inRilEccList:false inEmergencyNumberTestList: false
11-04 20:41:22.322  4121  4121 D SubscriptionController: [getSubId]- numSubIds == 0, return null slotIndex=1
11-04 20:41:22.322  2944  3064 V Telecom : Logging: CREATE_SUBSESSION TSI.aNIC->TSI.aNIC@H7g_0: TSI.aNIC@H7g
11-04 20:41:22.322  4121  4581 D SubscriptionController: [getActiveSubscriptionInfoForSimSlotIndex]+ slotIndex=0 subId={id=1 iccId=89105110012005978609 simSlotIndex=0 carrierId=2518 displayName=Boost carrierName=Boost nameSource=4 iconTint=-16746133 number=13526739015 dataRoaming=1 iconBitmap=android.graphics.Bitmap@a00149c mcc=313 mnc=340 countryIso=us isEmbedded=false nativeAccessRules=null cardString=89105110012005978609 cardId=1 portIndex=0 isOpportunistic=false groupUUID=null isGroupDisabled=false profileClass=-1 ehplmns=[313340, 313350] hplmns=[313340, 313350, 313350] subscriptionType=0 groupOwner=null carrierConfigAccessRules=null areUiccApplicationsEnabled=true usageSetting=0}
11-04 20:41:22.322  2944  3064 D Telecom : Call: maybeLoadCannedSmsResponses: doing nothing: TSI.aNIC@H7g
11-04 20:41:22.322  2944  3064 V Telecom : Call: setConnectionProperties: [Properties:]: TSI.aNIC@H7g
11-04 20:41:22.323  2944  2944 V Telecom : Logging: CONTINUE_SUBSESSION: TSI.aNIC->CILH.sL@H7g_0
11-04 20:41:22.323  2944  2944 V Telecom : Logging: CREATE_SUBSESSION TSI.aNIC->CILH.sL->CILH.sL@H7g_0_0: TSI.aNIC->CILH.sL@H7g_0
11-04 20:41:22.323  2944  2944 I Telecom : TelecomSystem: CallerInfoAsyncQuery.startQuery number=+13526739016 cookie=TSI.aNIC->CILH.sL->CILH.sL@H7g_0_0: TSI.aNIC->CILH.sL@H7g_0
11-04 20:41:22.328  2944  3064 I Telecom : TelecomAnalytics: Starting analytics for call TC@11: TSI.aNIC@H7g
11-04 20:41:22.328  2944  3064 D Telecom : TelecomAnalytics: setting call as emergency: false: TSI.aNIC@H7g
11-04 20:41:22.329  2944  3064 I Telecom : Event: RecordEntry TC@11: CREATED, null;null: TSI.aNIC@H7g
11-04 20:41:22.329  2944  3064 V Telecom : CreateConnectionProcessor: CreateConnectionProcessor created for Call = [Call id=TC@11, state=NEW, tpac=ComponentInfo{com.android.phone/com.android.services.telephony.TelephonyConnectionService}, 1, UserHandle{0}, cmgr=null, handle=tel:%2B13526739016, vidst=A, childs(0), has_parent(false), cap=[], prop=[], voip=false, gthpst=1, vzwAudioData=[VzwAudioData : UserSelectedAudioMode : -1 AudioMode : -1]], mIsConference(false)]: TSI.aNIC@H7g
11-04 20:41:22.329  2944  3064 V Telecom : CreateConnectionProcessor: process: TSI.aNIC@H7g
11-04 20:41:22.329  2944  3064 D Telecom : PhoneAccountRegistrar: getSimCallManagerFromCall: callId=TC@11, targetPhac=ComponentInfo{com.android.phone/com.android.services.telephony.TelephonyConnectionService}, 1, UserHandle{0}: TSI.aNIC@H7g
11-04 20:41:22.331  4121  4457 D EmergencyNumberTracker: slotId:0 country:us emergencyNumbers: 911,000,112,999,*272911
11-04 20:41:22.331  4121  4457 D EmergencyNumberTracker: Search results - inRilEccList:false inEmergencyNumberTestList: false
11-04 20:41:22.332  4121  4457 D SubscriptionController: [getSubId]- numSubIds == 0, return null slotIndex=1
11-04 20:41:22.333  4121  4457 D SubscriptionController: [getSubId]- numSubIds == 0, return null slotIndex=1
11-04 20:41:22.333  2944  3064 I Telecom : PhoneAccountRegistrar: getSimCallManager: SimCallManager for subId 1 queried, returning: null: TSI.aNIC@H7g
11-04 20:41:22.333  2944  3064 D Telecom : PhoneAccountRegistrar: getSimCallManagerFromHandle: targetPhac=ComponentInfo{com.android.phone/com.android.services.telephony.TelephonyConnectionService}, 1, UserHandle{0}, subId=1, scm=null: TSI.aNIC@H7g
11-04 20:41:22.333  2944  3064 V Telecom : CreateConnectionProcessor: setConnectionManager, not changing: TSI.aNIC@H7g
11-04 20:41:22.333  2944  3064 V Telecom : CreateConnectionProcessor: attemptNextPhoneAccount: TSI.aNIC@H7g
11-04 20:41:22.333  4121  4457 D SubscriptionController: [getSlotIndex]- subId invalid
11-04 20:41:22.333  4121  4457 D EmergencyNumberTracker: slotId:-1 country:us emergencyNumbers: 911,000,112,999,*272911
11-04 20:41:22.333  4121  4457 D EmergencyNumberTracker: Search results - inRilEccList:false inEmergencyNumberTestList: false
11-04 20:41:22.333  2944  3064 I Telecom : CreateConnectionProcessor: Trying attempt CallAttemptRecord(ComponentInfo{com.android.phone/com.android.services.telephony.TelephonyConnectionService}, 1, UserHandle{0},ComponentInfo{com.android.phone/com.android.services.telephony.TelephonyConnectionService}, 1, UserHandle{0}): TSI.aNIC@H7g
11-04 20:41:22.333  2944  3064 V Telecom : ConnectionServiceWrapper: Call count increment 1, com.android.phone/com.android.services.telephony.TelephonyConnectionService: TSI.aNIC@H7g
11-04 20:41:22.333  2944  3064 D Telecom : TelecomAnalytics: setting connection service for call TC@11: com.android.phone/com.android.services.telephony.TelephonyConnectionService: TSI.aNIC@H7g
11-04 20:41:22.333  2944  3064 D Telecom : CallIdMapper: addCall() TC@11_1<===>213016588: TSI.aNIC@H7g
11-04 20:41:22.334  2944  3064 I Telecom : ConnectionServiceWrapper: createConnection([Call id=TC@11, state=NEW, tpac=ComponentInfo{com.android.phone/com.android.services.telephony.TelephonyConnectionService}, 1, UserHandle{0}, cmgr=ComponentInfo{com.android.phone/com.android.services.telephony.TelephonyConnectionService}, 1, UserHandle{0}, handle=tel:%2B13526739016, vidst=A, childs(0), has_parent(false), cap=[], prop=[], voip=false, gthpst=1, vzwAudioData=[VzwAudioData : UserSelectedAudioMode : -1 AudioMode : -1]], mIsConference(false)]) via ComponentInfo{com.android.phone/com.android.services.telephony.TelephonyConnectionService}.: TSI.aNIC@H7g
11-04 20:41:22.334  2944  3064 D Telecom : ConnectionServiceWrapper: bind(): TSI.aNIC@H7g
11-04 20:41:22.334  2944  3064 I Telecom : Event: RecordEntry TC@11: BIND_CS, ComponentInfo{com.android.phone/com.android.services.telephony.TelephonyConnectionService}: TSI.aNIC@H7g
11-04 20:41:22.335  2944  3064 I framework_stats_log: [SERVICE_LAUNCH_REPORTED, 1001, com.android.phone, com.android.services.telephony.TelephonyConnectionService]
11-04 20:41:22.336  2944  3064 I framework_stats_log: [SERVICE_REQUEST_EVENT_REPORTED, 1001, 1000, ConnectionService, 2, false, 1]
11-04 20:41:22.337  2944  3064 V Telecom : Logging: END_SUBSESSION (dur: 27 mS): TSI.aNIC@H7g
11-04 20:41:22.337  4121  4121 D ImsPhone: [0] handleMessage what=14
11-04 20:41:22.337  4121  4121 D Phone   : Event EVENT_CALL_RING Received state=RINGING
11-04 20:41:22.337  4121  4121 D Phone   : Sending notifyIncomingRing
11-04 20:41:22.337  4121  4121 D QtiDSMGR-0: handleMessage: 2
11-04 20:41:22.340  4121  4121 D DSMGR-0 : mIsDataEnabled=true, prevDataEnabled=true
11-04 20:41:22.341  4121  4121 D ExtTelephonyUtils: getDataRoamingSettingsValue name=domestic_data_roaming1 subId=1
11-04 20:41:22.341  4121  4121 D DSMGR-0 : isEnhancedDataRoamingEnabled: mSubId=1 DataRestrictionType=1 isDataRoamingEnabled=true
11-04 20:41:22.342  4121  4121 D DN-126-C: ConnectedState: updateNetworkCapabilities: Capabilities not changed.
11-04 20:41:22.343  4121  4121 D ExtTelephonyUtils: getDataRoamingSettingsValue name=domestic_data_roaming1 subId=1
11-04 20:41:22.343  4121  4121 D DSMGR-0 : isEnhancedDataRoamingEnabled: mSubId=1 DataRestrictionType=1 isDataRoamingEnabled=true
11-04 20:41:22.344  2944  2944 V Telecom : Logging: END_SUBSESSION (dur: 21 mS): TSI.aNIC->CILH.sL@H7g_0
11-04 20:41:22.344  2944  8885 D Telecom : CallerInfoAsyncQuery: Processing event: 1 token (arg1): 1 command: 0 query URI: content://com.android.contacts/phone_lookup_enterprise/xxxxxxx
11-04 20:41:22.345  4121  4121 D DN-127-C: ConnectedState: updateNetworkCapabilities: Capabilities not changed.
11-04 20:41:22.346  2944  3251 D AutomaticBrightnessController[0]: Receive new lux[rear]=0.0
11-04 20:41:22.346  2944  3251 D AutomaticBrightnessController[0]: handleCombineLightSensorEvent mFrontLux=39.0 mRearLux=0.0 mLightSensor=TCS3720 Ambient Light Sensor Non-wakeup mLightSensorEnableTime=186234910 (1278600 ms ago)
11-04 20:41:22.347  2944  3251 D AutomaticBrightnessController[0]: Receive new lux[rear]=0.0
11-04 20:41:22.347  2944  3251 D AutomaticBrightnessController[0]: handleCombineLightSensorEvent mFrontLux=39.0 mRearLux=0.0 mLightSensor=TCS3720 Ambient Light Sensor Non-wakeup mLightSensorEnableTime=186234910 (1278601 ms ago)
11-04 20:41:22.347  2944  3251 D AutomaticBrightnessController[0]: Receive new lux[rear]=0.0
11-04 20:41:22.347  2944  3251 D AutomaticBrightnessController[0]: handleCombineLightSensorEvent mFrontLux=39.0 mRearLux=0.0 mLightSensor=TCS3720 Ambient Light Sensor Non-wakeup mLightSensorEnableTime=186234910 (1278601 ms ago)
11-04 20:41:22.347  2944  3251 D AutomaticBrightnessController[0]: Receive new lux[rear]=0.0
11-04 20:41:22.347  2944  3251 D AutomaticBrightnessController[0]: handleCombineLightSensorEvent mFrontLux=39.0 mRearLux=0.0 mLightSensor=TCS3720 Ambient Light Sensor Non-wakeup mLightSensorEnableTime=186234910 (1278601 ms ago)
11-04 20:41:22.348  2944  3251 D AutomaticBrightnessController[0]: Receive new lux[rear]=0.0
11-04 20:41:22.348  2944  3251 D AutomaticBrightnessController[0]: handleCombineLightSensorEvent mFrontLux=39.0 mRearLux=0.0 mLightSensor=TCS3720 Ambient Light Sensor Non-wakeup mLightSensorEnableTime=186234910 (1278602 ms ago)
11-04 20:41:22.348  4121  4121 D CallManager: getPhoneInEcm: Found no phone in Ecm!
11-04 20:41:22.348  4121  4121 D PhoneSwitcher: handle event - 109
11-04 20:41:22.348  4121  4121 D PhoneSwitcher: isPhoneInVoiceCallChanged from phoneId -1 to phoneId 0
11-04 20:41:22.348  4121  4121 D SubscriptionController: [getSubId]- numSubIds == 0, return null slotIndex=1
11-04 20:41:22.348  4121  4121 D PhoneSwitcher: updatePreferredDataPhoneId+
11-04 20:41:22.351  4121  4121 D PhoneSwitcher: data enabled on voice sub: true
11-04 20:41:22.351  4121  4121 D PhoneSwitcher: updatePreferredDataPhoneId isDataEnabled: true
11-04 20:41:22.352  4121  4121 D PhoneSwitcher: handle event - 122
11-04 20:41:22.353  2944  3064 D PowerManagerService: acquireWakeLockInternal: lock=106187057, flags=0x1, tag=\"*telephony-radio*\", ws=null, uid=1001, pid=4121, packageName=\"com.android.phone\", displayId=-1
11-04 20:41:22.354  4121  4121 D RILJ    : [0310]> GET_ALLOWED_NETWORK_TYPES_BITMAP [PHONE0]
11-04 20:41:22.356  4121  4457 D RILJ    : [0310]< GET_ALLOWED_NETWORK_TYPES_BITMAP {840583} [PHONE0]
11-04 20:41:22.357  4121  4121 D ImsPhoneCallTracker: [0] onCallUpdated
11-04 20:41:22.357  4121  4121 D ImsPhoneCallTracker: [0] onCallUpdated: profile is { serviceType=1, callType=2, restrictCause=0, mediaProfile={ audioQuality=0, audioDirection=3, audioCodecAttribute=null, videoQuality=0, videoDirection=-1, rttMode=0, hasRttAudioSpeech=false }, emergencyServiceCategories=0, emergencyUrns=[], emergencyCallRouting=0, emergencyCallTesting=false, hasKnownUserIntentEmergency=false, mRestrictCause=0, mCallerNumberVerstat= 1, mAcceptedRtpHeaderExtensions= [] }
11-04 20:41:22.357  4121  4121 D ImsPhoneCallTracker: [0] processCallStateChange state=INCOMING cause=0 ignoreState=true
11-04 20:41:22.357  2944  3064 D PowerManagerService: releaseWakeLockInternal: lock=106187057 [*telephony-radio*], flags=0x0, packageName=\"com.android.phone\", displayId=-1
11-04 20:41:22.357  4121  4121 V ImsPhoneConnection: update localCallProfile={ serviceType=1, callType=2, restrictCause=0, mediaProfile={ audioQuality=19, audioDirection=3, audioCodecAttribute=null, videoQuality=0, videoDirection=-1, rttMode=0, hasRttAudioSpeech=false }, emergencyServiceCategories=0, emergencyUrns=[], emergencyCallRouting=0, emergencyCallTesting=false, hasKnownUserIntentEmergency=false, mRestrictCause=0, mCallerNumberVerstat= 0, mAcceptedRtpHeaderExtensions= [] }
11-04 20:41:22.358  4121  4121 I ImsPhoneConnection: applyLocalCallCapabilities - localProfile = { serviceType=1, callType=2, restrictCause=0, mediaProfile={ audioQuality=19, audioDirection=3, audioCodecAttribute=null, videoQuality=0, videoDirection=-1, rttMode=0, hasRttAudioSpeech=false }, emergencyServiceCategories=0, emergencyUrns=[], emergencyCallRouting=0, emergencyCallTesting=false, hasKnownUserIntentEmergency=false, mRestrictCause=0, mCallerNumberVerstat= 0, mAcceptedRtpHeaderExtensions= [] }
11-04 20:41:22.358  4121  4121 V ImsPhoneConnection: update remoteCallProfile={ serviceType=1, callType=3, restrictCause=0, mediaProfile={ audioQuality=0, audioDirection=3, audioCodecAttribute=null, videoQuality=0, videoDirection=-1, rttMode=1, hasRttAudioSpeech=false }, emergencyServiceCategories=0, emergencyUrns=[], emergencyCallRouting=0, emergencyCallTesting=false, hasKnownUserIntentEmergency=false, mRestrictCause=0, mCallerNumberVerstat= 0, mAcceptedRtpHeaderExtensions= [] }
11-04 20:41:22.358  4121  4121 W ImsPhoneConnection: applyRemoteCallCapabilities - remoteProfile = { serviceType=1, callType=3, restrictCause=0, mediaProfile={ audioQuality=0, audioDirection=3, audioCodecAttribute=null, videoQuality=0, videoDirection=-1, rttMode=1, hasRttAudioSpeech=false }, emergencyServiceCategories=0, emergencyUrns=[], emergencyCallRouting=0, emergencyCallTesting=false, hasKnownUserIntentEmergency=false, mRestrictCause=0, mCallerNumberVerstat= 0, mAcceptedRtpHeaderExtensions= [] }
11-04 20:41:22.359  4121  4121 I ImsPhoneConnection: updateMediaCapabilities: mediate attributes changed: codec = 19, bitRate=0.0, bandwidth=0.0
11-04 20:41:22.362  4121  4121 D ImsPhoneConnection: updateAddressDisplay: callId = null address = [gV1eU3OpfFQ8gVZ6-H-2p03qmzk] name = [UFgsc3_F4l8oOfVVCfrw77lGujk] nump = 1 namep = 1
11-04 20:41:22.363  4121  4121 I ImsPhoneConnection: maybeChangeRingbackState
11-04 20:41:22.363  4121  4121 I ImsPhoneCall: maybeChangeRingbackState: state=INCOMING
11-04 20:41:22.366  4121  4121 D ImsPhoneCallTracker: [0] onCallUpdated
11-04 20:41:22.366  4121  4121 D ImsPhoneCallTracker: [0] onCallUpdated: profile is { serviceType=1, callType=2, restrictCause=0, mediaProfile={ audioQuality=0, audioDirection=3, audioCodecAttribute=null, videoQuality=0, videoDirection=-1, rttMode=0, hasRttAudioSpeech=false }, emergencyServiceCategories=0, emergencyUrns=[], emergencyCallRouting=0, emergencyCallTesting=false, hasKnownUserIntentEmergency=false, mRestrictCause=0, mCallerNumberVerstat= 1, mAcceptedRtpHeaderExtensions= [] }
11-04 20:41:22.366  4121  4121 D ImsPhoneCallTracker: [0] processCallStateChange state=INCOMING cause=0 ignoreState=true
11-04 20:41:22.366  4121  4121 V ImsPhoneConnection: update localCallProfile={ serviceType=1, callType=2, restrictCause=0, mediaProfile={ audioQuality=19, audioDirection=3, audioCodecAttribute=null, videoQuality=0, videoDirection=-1, rttMode=0, hasRttAudioSpeech=false }, emergencyServiceCategories=0, emergencyUrns=[], emergencyCallRouting=0, emergencyCallTesting=false, hasKnownUserIntentEmergency=false, mRestrictCause=0, mCallerNumberVerstat= 0, mAcceptedRtpHeaderExtensions= [] }
11-04 20:41:22.366  4121  4121 I ImsPhoneConnection: applyLocalCallCapabilities - localProfile = { serviceType=1, callType=2, restrictCause=0, mediaProfile={ audioQuality=19, audioDirection=3, audioCodecAttribute=null, videoQuality=0, videoDirection=-1, rttMode=0, hasRttAudioSpeech=false }, emergencyServiceCategories=0, emergencyUrns=[], emergencyCallRouting=0, emergencyCallTesting=false, hasKnownUserIntentEmergency=false, mRestrictCause=0, mCallerNumberVerstat= 0, mAcceptedRtpHeaderExtensions= [] }
11-04 20:41:22.367  4121  4121 V ImsPhoneConnection: update remoteCallProfile={ serviceType=1, callType=3, restrictCause=0, mediaProfile={ audioQuality=0, audioDirection=3, audioCodecAttribute=null, videoQuality=0, videoDirection=-1, rttMode=1, hasRttAudioSpeech=false }, emergencyServiceCategories=0, emergencyUrns=[], emergencyCallRouting=0, emergencyCallTesting=false, hasKnownUserIntentEmergency=false, mRestrictCause=0, mCallerNumberVerstat= 0, mAcceptedRtpHeaderExtensions= [] }
11-04 20:41:22.367  4121  4121 W ImsPhoneConnection: applyRemoteCallCapabilities - remoteProfile = { serviceType=1, callType=3, restrictCause=0, mediaProfile={ audioQuality=0, audioDirection=3, audioCodecAttribute=null, videoQuality=0, videoDirection=-1, rttMode=1, hasRttAudioSpeech=false }, emergencyServiceCategories=0, emergencyUrns=[], emergencyCallRouting=0, emergencyCallTesting=false, hasKnownUserIntentEmergency=false, mRestrictCause=0, mCallerNumberVerstat= 0, mAcceptedRtpHeaderExtensions= [] }
11-04 20:41:22.369  2944  3251 D AutomaticBrightnessController[0]: updateAmbientLux [Darkening] mAmbientLux=59.293278 fastAmbientLux=39.0 slowAmbientLux=39.0 threshold=38.659218187514033 (in 500 ms)
11-04 20:41:22.369  4121  4121 D ImsPhoneConnection: updateAddressDisplay: callId = null address = [gV1eU3OpfFQ8gVZ6-H-2p03qmzk] name = [UFgsc3_F4l8oOfVVCfrw77lGujk] nump = 1 namep = 1
11-04 20:41:22.370  4121  4121 I ImsPhoneConnection: maybeChangeRingbackState
11-04 20:41:22.370  4121  4121 I ImsPhoneCall: maybeChangeRingbackState: state=INCOMING
11-04 20:41:22.373  2944  2944 D Telecom : CallerInfoAsyncQuery: ##### onQueryComplete() #####   query complete for token: 0
11-04 20:41:22.376  2944  8885 D Telecom : CallerInfoAsyncQuery: Processing event: 6 token (arg1): 1 command: 0 query URI: 
11-04 20:41:22.377  2944  2944 D Telecom : Logging: START_SESSION
11-04 20:41:22.377  2944  2944 I Telecom : ServiceBinderConnection: Service bound ComponentInfo{com.android.phone/com.android.services.telephony.TelephonyConnectionService}: SBC.oSC(cap)@H7k
11-04 20:41:22.378  2944  2944 I Telecom : Event: RecordEntry TC@11: CS_BOUND, ComponentInfo{com.android.phone/com.android.services.telephony.TelephonyConnectionService}: SBC.oSC(cap)@H7k
11-04 20:41:22.379  2944  2944 V Telecom : ConnectionServiceWrapper: Adding Connection Service Adapter.: SBC.oSC(cap)@H7k
11-04 20:41:22.379  2944  2944 D Telecom : ConnectionServiceWrapper: TC -> CS[cap]: addConnectionServiceAdapter com.android.server.telecom.ConnectionServiceWrapper$Adapter@cafc62f: SBC.oSC(cap)@H7k
11-04 20:41:22.380  2944  2944 I Telecom : Event: RecordEntry TC@11: START_CONNECTION, tel:%2B13526739016 via:com.android.phone: SBC.oSC(cap)@H7k
11-04 20:41:22.381  2944  5369 D Telecom : Logging: START_EXTERNAL_SESSION
11-04 20:41:22.382  2944  5369 V Telecom : Logging: CREATE_SUBSESSION (...->CS.aCSA->H.CS.aCSA)->...->CS.aCSA->H.CS.aCSA(cap)@E-E-H7k_0: (...->CS.aCSA->H.CS.aCSA)(cap)@E-E-H7k
11-04 20:41:22.382  2944  5369 V Telecom : Logging: CONTINUE_SUBSESSION: (...->CS.aCSA->H.CS.aCSA)->CSW.qRCS(cap)@E-E-H7k_0
11-04 20:41:22.383  2944  2944 V Telecom : Logging: END_SUBSESSION (dur: 6 mS): SBC.oSC(cap)@H7k
11-04 20:41:22.383  2944  2944 D Telecom : Logging: END_SESSION (dur: 6 ms): SBC.oSC(cap)@H7k
11-04 20:41:22.383  2944  5369 D Telecom : ConnectionServiceWrapper: CS -> TC[cap]: queryRemoteConnectionServices callingPackage=com.android.phone: (...->CS.aCSA->H.CS.aCSA)->CSW.qRCS(cap)@E-E-H7k_0
11-04 20:41:22.384  2944  2944 D Telecom : CallerInfoAsyncQuery: ##### onQueryComplete() #####   query complete for token: 0
11-04 20:41:22.385  2944  8885 D Telecom : CallerInfoAsyncQuery: Processing event: 3 token (arg1): 1 command: 0 query URI: 
11-04 20:41:22.385  2944  2944 D Telecom : CallerInfoAsyncQuery: ##### onQueryComplete() #####   query complete for token: 0
11-04 20:41:22.392  4121  4581 D SubscriptionController: [getActiveSubscriptionInfoForSimSlotIndex]+ slotIndex=0 subId={id=1 iccId=89105110012005978609 simSlotIndex=0 carrierId=2518 displayName=Boost carrierName=Boost nameSource=4 iconTint=-16746133 number=13526739015 dataRoaming=1 iconBitmap=android.graphics.Bitmap@a00149c mcc=313 mnc=340 countryIso=us isEmbedded=false nativeAccessRules=null cardString=89105110012005978609 cardId=1 portIndex=0 isOpportunistic=false groupUUID=null isGroupDisabled=false profileClass=-1 ehplmns=[313340, 313350] hplmns=[313340, 313350, 313350] subscriptionType=0 groupOwner=null carrierConfigAccessRules=null areUiccApplicationsEnabled=true usageSetting=0}
11-04 20:41:22.394  2944  5369 I Telecom : PhoneAccountRegistrar: getSimCallManager: SimCallManager for subId 1 queried, returning: null: (...->CS.aCSA->H.CS.aCSA)->CSW.qRCS(cap)@E-E-H7k_0
11-04 20:41:22.395  2944  5369 V Telecom : ConnectionServiceWrapper: queryRemoteConnectionServices: callingPackage=com.android.phone skipped; doesn't match mgr null for tfa ComponentInfo{com.android.phone/com.android.services.telephony.TelephonyConnectionService}, 1, UserHandle{0}: (...->CS.aCSA->H.CS.aCSA)->CSW.qRCS(cap)@E-E-H7k_0
11-04 20:41:22.395  2944  5369 W Telecom : ConnectionServiceWrapper: call provider also detected as SIM call manager: [ConnectionServiceWrapper componentName=ComponentInfo{com.android.phone/com.android.services.telephony.TelephonyConnectionService}]: (...->CS.aCSA->H.CS.aCSA)->CSW.qRCS(cap)@E-E-H7k_0
11-04 20:41:22.395  2944  5369 D Telecom : ConnectionServiceWrapper: queryRemoteConnectionServices: none; not sim call mgr.: (...->CS.aCSA->H.CS.aCSA)->CSW.qRCS(cap)@E-E-H7k_0
11-04 20:41:22.396  2944  5369 V Telecom : Logging: END_SUBSESSION (dur: 14 mS): (...->CS.aCSA->H.CS.aCSA)->CSW.qRCS(cap)@E-E-H7k_0
11-04 20:41:22.396  2944  5369 D Telecom : Logging: END_SESSION (dur: 15 ms): (...->CS.aCSA->H.CS.aCSA)(cap)@E-E-H7k
11-04 20:41:22.397  2944  2944 V Telecom : Logging: CONTINUE_SUBSESSION: TSI.aNIC->CILH.sL->CILH.oQC@H7g_0_0
11-04 20:41:22.397  4121  4121 I TelecomFramework: TelephonyConnectionService: createConnection, callManagerAccount: ComponentInfo{com.android.phone/com.android.services.telephony.TelephonyConnectionService}, 1, UserHandle{0}, callId: TC@11_1, request: ConnectionRequest tel:%2B13526739016 Bundle[initialAudioRoute=1, android.telecom.extra.INCOMING_CALL_ADDRESS=***, android.telecom.extra.GLOBAL_UID=6c370ec9b7677264, android.telecom.extra.CALL_CREATED_TIME_MILLIS=187513473, android.telecom.extra.CALL_TELECOM_ROUTING_START_TIME_MILLIS=187513493, ] isAdhocConf: N, isIncoming: true, isUnknown: false, isLegacyHandover: false, isHandover: false,  addSelfManaged: true: (SBC.oSC)->CS.crCo->H.CS.crCo->H.CS.crCo.pICR(cap/cast)@E-H7k
11-04 20:41:22.397  2944  2944 I Telecom : CallerInfoLookupHelper: CI query for handle tel:%2B13526739016 has completed; notifying all listeners.: TSI.aNIC->CILH.sL->CILH.oQC@H7g_0_0
11-04 20:41:22.397  2944  2944 D Telecom : : CallerInfo BEFORE change: namePresentation = 0, name = null, cnapName = null: TSI.aNIC->CILH.sL->CILH.oQC@H7g_0_0
11-04 20:41:22.397  2944  2944 D Telecom : : CallerInfo AFTER change: namePresentation = 0, name = null, cnapName = null: TSI.aNIC->CILH.sL->CILH.oQC@H7g_0_0
11-04 20:41:22.397  2944  2944 I Telecom : Call: CallerInfo received for tel:%2B13526739016: android.telecom.CallerInfo@c93e43c { name null, phoneNumber non-null }: TSI.aNIC->CILH.sL->CILH.oQC@H7g_0_0
11-04 20:41:22.397  2944  2944 I Telecom : CallerInfoLookupHelper: There is no photo for this contact, skipping photo query: TSI.aNIC->CILH.sL->CILH.oQC@H7g_0_0
11-04 20:41:22.397  2944  2944 V Telecom : Logging: END_SUBSESSION (dur: 0 mS): TSI.aNIC->CILH.sL->CILH.oQC@H7g_0_0
11-04 20:41:22.397  2944  2944 D Telecom : Logging: END_SESSION (dur: 87 ms): TSI.aNIC@H7g
11-04 20:41:22.416  2944  5369 I framework_stats_log: [SCHEDULED_JOB_STATE_CHANGED, [10179], [null], com.dish.wireless.activation/androidx.work.impl.background.systemjob.SystemJobService, 2, -1, 6, 24352, false, true, false, false, false, false, true, false, false, false, 0, false, 400, 400, 0]
