10-09 18:25:18.014  2558  2884 I VolteServiceModule: hasCsCall: numPsCall=0, callState[0]=0
10-09 18:25:18.020  2558  2884 I CallProfileBuilder: onImsIncomingCallEvent: displayName match with phonenumber format, set as DialingNumber
10-09 18:25:18.020  2558  2884 I ImsCallSessionFactory: createImsCallSession: normal call session
10-09 18:25:18.024  1277  2001 D MotionEngine: [CALIBRATION] Calibration Secess(3)[-0.0038 0.0051 -0.0044]
10-09 18:25:18.025  2558  2884 I ImsCallSession: start CallStatMachine
10-09 18:25:18.027  2558  2884 I ResipVolteHandler: registerForCallStateEvent:
10-09 18:25:18.027  2558  2884 I ResipVolteHandler: registerForRrcConnectionEvent:
10-09 18:25:18.027  2558  2884 I ResipVolteHandler: registerForUssdEvent:
10-09 18:25:18.027  2558  2884 I ResipVolteHandler: registerForReferStatus:
10-09 18:25:18.027  2558  2884 I ImsMediaController: registerForMediaEvent: session -1
10-09 18:25:18.028  2558  2884 I ImsCallSession: mIsNrSaMode = true
10-09 18:25:18.030  2558  2884 I ImsCallSession(9): Session ID : [9]
10-09 18:25:18.030  2558  2884 I ImsCallSession(9): updateCallProfile: CallParams [mPLettering=null, mHistoryInfo=null, mDtmfEvent=null, mModifySupported=null, mAudioCodec=null, mNumberPlus=null, mConferenceSupported=null, mIsFocus=null, mIndicationFlag=0, misHDIcon=0, mPhotoRing=null, mLocalVideoRTPPort=0, mLocalVideoRTCPPort=0, mRemoteVideoRTPPort=0, mRemoteVideoRTCPPort=0, mRetryAfter=0, mAlertInfo=null, mVideoOrientation=0, mReferredBy=null, mSipCallId=LU-1696893910739780-3081471@imsx-001.nas01e2a2n1p1.ims.mnc340.mcc313.3gppnetwork.org, mLocalHoldTone=false, mVideoWidth=480, mVideoHeight=640, mVideoCrbtType=0, mFeatureCaps=null, mAudioEarlyMediaDir=0, mVerstat=xxxxx, mHasDiversion=false, mDelayRinging=false, mRejectProtocol=null, mRejectCode=-1, mRejectText=null, mRemoteHeld=false, mCmcEdCallSlot=-1]
10-09 18:25:18.030  2558 17830 I ImsCallSession(9): setNrSaMode : start, subId : 1
10-09 18:25:18.031  2558  2884 I ImsCallUtil: verstat xxxxx
10-09 18:25:18.031  2558  2884 I CallProfileBuilder: build CallProfile with CallParamscallType: [UNKNOWN], direction: [UNKNOWN], networkType: [NONE (emergency)], mIsVideoCrbt: [false], mIsVideoCrbtValid: [false], mP2p: [null], mCmcBoundSessionId: [-1], mRejectProtocol: [null], mRejectCode: [-1], mRejectText: [null], mIsRemoteHeld: [false], mCmcEdCallSlot: [-1]
10-09 18:25:18.031  2558  2884 I ImsMediaController: changeCameraCapabilities
10-09 18:25:18.031  2558  2884 I ImsProfile: isRttSupportByCallApp : true ttyType : 3
10-09 18:25:18.031  2558  2884 I ImsProfile: isRttSupportByCallApp : true ttyType : 3
10-09 18:25:18.031  2558  2884 I ImsProfile: isRttSupportByCallApp : true ttyType : 3
10-09 18:25:18.032  2244  2944 D SemTelephonyController: invokeOemRilRequestRaw: Uid: 1000 Pid : 2558
10-09 18:25:18.032  2244  2244 I SemTelephonyHandlerHelper: handleMessage - message code: 27
10-09 18:25:18.033  2244  2244 I SemTelephonyHandlerHelper: CMD_INVOKE_OEM_RIL_REQUEST_RAW
10-09 18:25:18.034  2558  2884 I ImsUtil : Package not found : com.verizon.onetalk.dialer
10-09 18:25:18.034  2558  2884 I ImsUtil : isOneTalkFeatureEnabled - false
10-09 18:25:18.034  2558  2884 I ResipVolteHandler: proceedIncomingCall: sessoinId 9
10-09 18:25:18.035  2558  2884 E #IMSCR  : 10-09 18:25:18 0x30000002:IncomingCall,0,9
10-09 18:25:18.035  1277  4596 I power_partial_wake_state: [CHG,1,*telephony-sem-radio*:com.android.phone]
10-09 18:25:18.036  2558  2879 I [IMS6.0]: CallMsgCreator::AddUnnecessaryHeaders(): mIsSoftphoneEnabled = 0
10-09 18:25:18.036  2244  2244 D SEM_RILJ: [7854]> OEM_HOOK_RAW[02840004] [PHONE0]
10-09 18:25:18.037  1277  2024 D ActivityTaskManager: SafeActivityOptions created, mOriginalCallingPid=1277, mOriginalCallingUid=1000, options=ActivityOptions(15743552), mPackageName=null, mAnimationType=-1, mStartX=0, mStartY=0, mWidth=0, mHeight=0, caller=com.android.server.am.PendingIntentRecord.sendInner:471 com.android.server.am.ActivityManagerService.sendIntentSender:6557 com.android.server.am.ActivityManagerService.sendIntentSender:6546 android.app.PendingIntent.sendAndReturnResult:1029 android.app.PendingIntent.send:1000 com.android.server.alarm.AlarmManagerService$DeliveryTracker.deliverLocked:6377 com.android.server.alarm.AlarmManagerService.deliverAlarmsLocked:5218 
10-09 18:25:18.037  1277  2024 D ActivityManager: Received BROADCAST intent 0x31c5323 Key{broadcastIntent pkg=com.sec.imsservice intent=act=com.sec.internal.ims.imsservice.alarmmanager flags=0x2000000 u=0} requestCode=0 sent=0 from uid 1000
10-09 18:25:18.038  2558  2884 I UserAgent<0>: progressIncomingCall: sessionId 9
10-09 18:25:18.038  2558  2872 I StackIF : progressIncomingCall: handle 30929 sessionId 9
10-09 18:25:18.038  2558  2884 I ImsCallDedicatedBearer: qci:1, state:3
10-09 18:25:18.039  2558  2884 I ImsCallDedicatedBearer: qci:2, state:3
10-09 18:25:18.039  2558  2884 I ImsCallDedicatedBearer: qci:8, state:3
10-09 18:25:18.039  2558  2872 I SECIMSJ : [9005]> 64
10-09 18:25:18.041  2244  2305 D SEM_RILJ: [7854]< OEM_HOOK_RAW [B@13d264f [PHONE0]
10-09 18:25:18.041  2244  2244 I SemTelephonyHandlerHelper: handleMessage - message code: 28
10-09 18:25:18.041  2244  2244 I SemTelephonyHandlerHelper: EVENT_INVOKE_OEM_RIL_REQUEST_RAW_DONE
10-09 18:25:18.041  2244  2944 D SemTelephonyController: invokeOemRilRequestRaw: got result [B@13d264f
10-09 18:25:18.041  1277 13442 I power_partial_wake_state: [CHG,6,*telephony-sem-radio*:com.android.phone]
10-09 18:25:18.042  2558 17830 I ImsCallSession(9): setNrSaMode : respLen : 4
10-09 18:25:18.043  2558  2884 I CallStateMachine(9): Enter [ReadyToCall]
10-09 18:25:18.043  1277  4596 I power_partial_wake_state: [REL,1,*telephony-sem-radio*:com.android.phone]
10-09 18:25:18.044  2558 17830 I RegiMgr : isHoEnable: 0
10-09 18:25:18.044  2558 17830 I RegiMgr : isOnlyEpsFallback: 0
10-09 18:25:18.044  2558 17830 I RegiMgr : nrPreferredMode: 0
10-09 18:25:18.044  2558 17830 I RegiMgr : nrSaMode : 1
10-09 18:25:18.045  2558  2879 I [IMS6.0]: CallMsgCreator::AddUnnecessaryHeaders(): mIsSoftphoneEnabled = 0
10-09 18:25:18.046  1277  1277 I power_partial_wake_state: [REL,8,*alarm*:android]
10-09 18:25:18.047  2558  2879 I StackIF : processMessage 3
10-09 18:25:18.047  2558  2879 I StackIF : Processing Notify
10-09 18:25:18.047  2558  2879 I SECIMSJ : [UNSL]< 20001
10-09 18:25:18.047  2558  2879 I StackIF : processNotify: id 20001
10-09 18:25:18.047  2558  2879 I ResipMiscHandler: onAlarmRequested: delay=2000 id=15229
10-09 18:25:18.047  2558  2879 I StackIF : processMessage 3
10-09 18:25:18.047  2558  2879 I StackIF : Processing Notify
10-09 18:25:18.048  2558  2879 I SECIMSJ : [UNSL]< 20001
10-09 18:25:18.048  2558  2879 I StackIF : processNotify: id 20001
10-09 18:25:18.048  2558  2879 I ResipMiscHandler: onAlarmRequested: delay=15000 id=15230
10-09 18:25:18.048  2558  2879 I StackIF : processMessage 3
10-09 18:25:18.048  2558  2879 I StackIF : Processing Notify
10-09 18:25:18.048  2558  2879 I SECIMSJ : [UNSL]< 20008
10-09 18:25:18.048  2558  2879 I StackIF : processNotify: id 20008
10-09 18:25:18.048  2558  2879 I StackIF : Echolocate Notify receive
10-09 18:25:18.048  2558  2879 I StackIF : processMessage 3
10-09 18:25:18.048  2558  2879 I StackIF : Processing Notify
10-09 18:25:18.049  2558  2879 I SECIMSJ : [UNSL]< 10003
10-09 18:25:18.049  2558  2879 I StackIF : processNotify: id 10003
10-09 18:25:18.050  2558  2879 I SIPMSG[0]: [-->] SIP/2.0 183 Session Progress [CSeq: 1 INVITE]
10-09 18:25:18.053  2558  2879 I CpAudioEngineClient: SAE_NotiInfo: SAE_NotiInfo string: 18:25:18.053>183 Session Progress:1 INVITE
10-09 18:25:18.053  2558  2879 I VoIpEngineProxy: NotiInfo:Sending IPC_IMS_INFO Noti
10-09 18:25:18.054  2558  2879 I OemIpcHandler: ImsNotiInfo ImsNoti send IPC : 18:25:18.053>183 Session Progress:1 INVITE
10-09 18:25:18.054  2558  2879 I OemIpcHandler: SendOemIpcCommand: main 16 sub 0c len(108) phoneId 0
10-09 18:25:18.054  2558  2879 I OemIpcHandler: SendOemIpcCommand: Send Client 111...
10-09 18:25:18.054  7946  8746 D Multi-Client: OemClient::ProcessBuffer() from [20], token[1], datalen[112]
10-09 18:25:18.054  2558  2879 I [IMS6.0]: IMS_onResponse()
10-09 18:25:18.055  7938  8054 E RILD    : [IMS SIP DbgMsg] 18:25:18.053>183 Session Progress:1 INVITE
10-09 18:25:18.055  2558  2881 I reSIProcate: INFO | RESIP:TRANSPORT | TransportSelector.cxx:810 | Via=SIP/2.0/TCP 10.224.38.176:6000;branch=z9hG4bK9e85a4fa2775ac501bb4f88188733c7964c33eaf-0-2e4fe3e-65248bd62c1a3d0c;_aluscr_
10-09 18:25:18.055  2558  2801 I ResipRawSipHandler: handleMessage: event: 200
10-09 18:25:18.055  2558  2558 I EcholocateBroadcaster: handleMessage: evt 1
10-09 18:25:18.055  2558  2558 I EcholocateBroadcaster: Do not broadcast. ICDV or Signature key is wrong
10-09 18:25:18.055  2558  2881 I reSIProcate: INFO | RESIP:TRANSPORT | TransportSelector.cxx:811 | Target=[ V4 10.224.38.176:65501 TCP target domain=unspecified mFlowKey=186 ] cport =7001 ] mInterface=rmnet_data1 ] transportKey=728 ]
10-09 18:25:18.055  2558  2801 I ResipVolteHandler: handleMessage: evt 114
10-09 18:25:18.055  2558  2879 I StackIF : processMessage 2
10-09 18:25:18.055  2558  2879 I StackIF : Processing Response
10-09 18:25:18.055  2558  2881 I reSIProcate: INFO | RESIP:TRANSPORT | TransportSelector.cxx:1500 | Transmitting to [ V4 10.224.38.176:65501 TCP target domain=unspecified mFlowKey=186 ] cport =7001 ] mInterface=rmnet_data1 ] transportKey=728 ] tlsDomain= via [ V4 0.0.0.0:7000 TCP target domain=unspecified mFlowKey=0 ] cport =0 ] mInterface= ] transportKey=0 ]
10-09 18:25:18.055  2558  2881 I reSIProcate: SipResp: 183 tid=9e85a4fa2775ac501bb4f88188733c7964c33eaf-0-2e4fe3e-65248bd62c1a3d0c cseq=1 INVITE contact=xxxx@10.75.184.158:7000 / 1 from(tu)sigcomp id=
10-09 18:25:18.056  2558  2879 I SECIMSJ : [9005]< 218
10-09 18:25:18.056  2558  2879 I StackIF : processResponse: reqId 218
10-09 18:25:18.056  2558  2879 I StackIF : processCallResponse: handle 30929
10-09 18:25:18.056  2558  2881 I reSIProcate: INFO | RESIP:TRANSPORT | Connection.cxx:229 | Interface : , Tried to send 1621 bytes, sent 1621 bytes
10-09 18:25:18.057  7946  8012 D Multi-Client: Oem OnRequestComplete:(20)
10-09 18:25:18.057  2558  9310 I OemIpcHandler: onRawReqComplete, 
10-09 18:25:18.125   946  8352 D qmi_secgps_clnt: SECGPS: QMI_SECGPS_AGNSS_CONFIG_MESSAGE_IND_V01 received
10-09 18:25:18.129  1277  2131 D GnssLocationProvider_ex: SV Count : 0 / 7      (PRN, Constellation, SNR, Used)
10-09 18:25:18.129  1277  2131 D GnssLocationProvider_ex: (3, GPS, 27.4, 0) (7, GPS, 29.0, 0) (8, GPS, 23.2, 0) (9, GPS, 25.6, 0) (15, GLONASS, 29.9, 0) (5, GLONASS, 23.9, 0) 
10-09 18:25:18.129  1277  2131 D GnssLocationProvider_ex: (2, GALILEO, 21.7, 0) 
10-09 18:25:18.129  1277  2131 I power_partial_wake_state: [REL,2,*location*:GnssLocationProvider:android]
10-09 18:25:18.129  3166  3239 I GnssEngineManager_FLP: updateSatelliteStatus, top4=27, top6=26, visibleSv=7, usedSv=0, usedL5Sv=0 (usedGps=0, usedGlo=0, usedBds=0, usedGal=0)
10-09 18:25:18.130   946  8344 I LocSvc_ApiV02: <--- globalEventCb line 272 QMI_LOC_EVENT_REPORT_IND_V02
10-09 18:25:18.131   946  8344 E LocSvc_ApiV02: reportLocEvent:4360] Loc event report: 0 KlobucharIonoMode_valid:0: leapSec_valid:1: tauC_valid:1 featureStatusReport_valid: 0 featureStatusReport: 0
10-09 18:25:18.131   946  8344 I LocSvc_ApiV02: <--- globalEventCb line 272 QMI_LOC_EVENT_ENGINE_STATE_IND_V02
10-09 18:25:18.131   946  8344 I LocSvc_ApiV02: <--- globalEventCb line 272 QMI_LOC_SYSTEM_INFO_REQ_V02
10-09 18:25:18.131   946  8344 E LocSvc_ApiV02: reportSystemInfo:4879] system info type: 1, leap second valid: 1 current gps time:valid:1, week: 2283, msec: 170736012,current leap second:valid 1, seconds 18, next gps time: valid 0, week: 0, msec: 0,next leap second: valid 0, seconds 0
10-09 18:25:18.132   946  1109 I LocSvc_api_v02: ---> locClientSendReq line 2409 QMI_LOC_REG_EVENTS_REQ_V02
10-09 18:25:18.135  3166  3239 I GnssEngineManager_FLP: updateEngineEnabled, false / isFromAp=false
10-09 18:25:18.135  3166  3239 I GpsSessionManager_FLP: closeGnssSession 529356734
10-09 18:25:18.136  3166  3239 I DataProvider_FLP: noteResetGps
10-09 18:25:18.137  1277  4596 I NSLocationMonitor: noteGpsOp, mode=3 (-1)
10-09 18:25:18.140  3166  3239 I GpsSession_FLP: Total distance      : 0.00 km
10-09 18:25:18.140  3166  3239 I GpsSession_FLP: Total duration      : 5 seconds
10-09 18:25:18.140  3166  3239 I GpsSession_FLP: Total fix duration  : 0 seconds 
10-09 18:25:18.140  3166  3239 I GpsSession_FLP: Total lost duration : 5 seconds
10-09 18:25:18.140  3166  3239 I GpsSession_FLP: Total lost sections : 1
10-09 18:25:18.140  3166  3239 I GpsSession_FLP: Time To First Fix   : 0 seconds
10-09 18:25:18.140  3166  3239 I SharedPreferences_FLP: removeExpiredLogs, 0 to 0
10-09 18:25:18.140  3166  3239 I ShadowRecoveryDetector_FLP: restored 0 daily summary
10-09 18:25:18.146  1277 13442 I power_partial_wake_state: [REL,5,GCoreFlp:com.google.android.gms]
10-09 18:25:18.151  1277  2131 D GnssLocationProvider: reportLocation
10-09 18:25:18.152  1277  2131 V LocationManagerService: gps provider registration 10234/com.dish.wireless.activation/8DB37EDC dropped delivery - too close
10-09 18:25:18.153  1277  2131 V LocationManagerService: gps provider registration 10234/com.dish.wireless.activation/1C1246F0 dropped delivery - too close
10-09 18:25:18.154  3166  3239 I GnssEngineManager_FLP: onGpsLocationChanged, provider=gps / isMock=false / speed=0.0 / time=1696893918000 / elapsed=529356719175042
10-09 18:25:18.165  1277  2131 E AppOps  : attributionTag SLocationService not declared in manifest of android
10-09 18:25:18.165  3166  3239 I GmsPassiveListener_FLP: onGmsLocationChanged, provider=fused / speed=6.0735994E-5 / time=1696893918119 / elapsed=529356719175042
10-09 18:25:18.166  1277  2131 V LocationManagerService: passive provider registration 1000/android[SensorNotificationService]/DB28295A dropped delivery - too close
10-09 18:25:18.166  1277  2131 I power_partial_wake_state: [REL,16,*location*:GnssLocationProvider:android]
10-09 18:25:18.167  1277  2457 D SLocation: PositionManager - PassiveonLocationChanged gps 1696893918000
10-09 18:25:18.168  1277  2457 D SLocation: ARDistanceBigData - BIGDATA ARD - receive location
10-09 18:25:18.169  1277  2457 D SLocation: ARDistanceBigData - BIGDATA ARD disabled, onReceiveLocation
10-09 18:25:18.169  2558  2801 I ResipMiscHandler: ALARM_WAKE_UP id=15227
10-09 18:25:18.169  1277  2457 D SLocation: GeopointGeofenceManager - Location reported : fix method = 3 / 19.2825
10-09 18:25:18.169  1277  2457 D SLocation: CellManagerFmm - refreshCellInfo
10-09 18:25:18.169  1277  2457 W Settings: Setting airplane_mode_on has moved from android.provider.Settings.System to android.provider.Settings.Global, returning read-only value.
10-09 18:25:18.169  2558  2801 I SECIMSJ : [9006]> 64
10-09 18:25:18.169  1277  2457 W Settings: Setting airplane_mode_on has moved from android.provider.Settings.System to android.provider.Settings.Global, returning read-only value.
10-09 18:25:18.169  1277  2457 D SLocation: CellManagerFmm - isChangedCellInfo - false
10-09 18:25:18.169  1277  2457 D SLocation: SLocationCoreSem - SemContext.TYPE_SLOCATION_CORE_SEM is not available
10-09 18:25:18.169  2558  2879 I [IMS6.0]: IMS_onResponse()
10-09 18:25:18.169  1277  2457 D SLocation: ARDistanceLibManager - request distance diff to AR Distance Library
10-09 18:25:18.170  1277  2457 D SLocation: SLocationCoreSem - SemContext.TYPE_SLOCATION_CORE_SEM is not available
10-09 18:25:18.170  2558  2879 I StackIF : processMessage 2
10-09 18:25:18.170  2558  2879 I StackIF : Processing Response
10-09 18:25:18.170  2558  2879 I SECIMSJ : [9006]< 901
10-09 18:25:18.170  2558  2879 I StackIF : processResponse: reqId 901
10-09 18:25:18.170  2558  2879 I StackIF : processResponse: handle -1 result 0 reason 0
10-09 18:25:18.170  1277 13442 I power_partial_wake_state: [REL,14,*location*:android]
10-09 18:25:18.170 25894 25894 I STFLocationUtils: onLocationResult: Location[fused 29.615212,-95.491337 hAcc=19.283 et=+6d3h2m36s719ms alt=-7.799999713897705 vAcc=1.0832717 vel=1.687111E-5 sAcc=0.46861497]
10-09 18:25:18.170 25894 25894 I STFService: onLocationUpdate: Location[fused 29.615212,-95.491337 hAcc=19.283 et=+6d3h2m36s719ms alt=-7.799999713897705 vAcc=1.0832717 vel=1.687111E-5 sAcc=0.46861497]
10-09 18:25:18.170 25894 25894 I STFService: Location: provider fused;latitude 29.6152121;longitude -95.4913369
10-09 18:25:18.172  1277  2457 D SLocation: LocationProcessingAlgorithm - entry condition - dist : 39.37853 padding : 0.0, accuracy : 19.2825, provider : gps, dir : 1
10-09 18:25:18.172  1277  2457 D SLocation: GeopointReceiver - send geopoint result - 1
10-09 18:25:18.172  1277  4179 E AppOps  : attributionTag SLocationService not declared in manifest of android
10-09 18:25:18.173  1277  4179 V LocationManagerService: passive provider registration 1000/android[SensorNotificationService]/DB28295A dropped delivery - too close
10-09 18:25:18.173  1277  2457 D SLocation: PositionManager - PassiveonLocationChanged fused 1696893918119
10-09 18:25:18.173  1277  2457 W SLocation: PositionManager - do not refresh last location about fused location
10-09 18:25:18.173  1277  2457 D SLocation: ARDistanceBigData - BIGDATA ARD - receive location
10-09 18:25:18.173  1277  2457 D SLocation: ARDistanceBigData - BIGDATA ARD disabled, onReceiveLocation
10-09 18:25:18.173  1277  2457 D SLocation: SLocationCoreSem - SemContext.TYPE_SLOCATION_CORE_SEM is not available
10-09 18:25:18.173  1277  2457 D SLocation: ARDistanceLibManager - request distance diff to AR Distance Library
10-09 18:25:18.173  1277  2457 D SLocation: SLocationCoreSem - SemContext.TYPE_SLOCATION_CORE_SEM is not available
10-09 18:25:18.173  1277  2457 D SLocation: PositionManager - receive fused location
10-09 18:25:18.179  1277  4179 I power_partial_wake_state: [REL,200,RILJ_ACK_WL:com.android.phone]
10-09 18:25:18.419 25894 25894 E STFService: run1: 3.2.3
10-09 18:25:18.420 25894 25894 D TelephonyManager: getAllCellInfo - caller PID: 25894, UID: 10289, TID: 25894
10-09 18:25:18.431 25894 25894 I STFService: sendNetworkClass:  CellSignalNr:{alphaLong=DISH, mnc=340, nrArfcn=129870, level=0, asulevel=28, csiCqiTableIndex=unknown, parametersUseForLevel=-112, csiCqiReport=[], rsrp=-112, mcc=313, bands=[71], csiRsrp=unknown, mAdditionalPlmns={}, csiRsrq=unknown, sinr=-5, nci=2297929756, rsrq=-16, tac=56103, pci=250, alphaShort=DSH}
10-09 18:25:18.437 25894 25894 I STFService: sendNetworkClass:  EPDGInfo:{ip_address_1=10.1.244.33, dns_server_2=10.226.72.142, dns_server_1=10.226.72.78, max_downstream_bandwidth=145000, is_secure=false, tunneling_protocol=rmnet_data0, max_upstream_bandwidth=60000}
10-09 18:25:18.527  1277  4596 E KernelCpuUidFullTimeReader: Negative delta from freq time for uid: 90000, delta: -406
10-09 18:25:18.528  1277  4596 E KernelCpuUidFullTimeReader: Negative delta from freq time for uid: 90001, delta: -8
10-09 18:25:18.528  1277  4596 E KernelCpuUidFullTimeReader: Negative delta from freq time for uid: 90002, delta: -5
10-09 18:25:18.528  1277  4596 E KernelCpuUidFullTimeReader: Negative delta from freq time for uid: 90003, delta: -8
10-09 18:25:18.528  1277  4596 D CustomizedBinderCallsStatsInternal: reportCpuUsage() : 3%
10-09 18:25:18.562  7938  8695 E RILD    : QmiWdsGlobalIndCallback: payloadLen(9600), ind_buf_len(8)
10-09 18:25:18.563  7938  8695 E RILD    : QmiWdsGlobalIndCallback: payloadLen(9600), ind_buf_len(8)
10-09 18:25:18.564  7938  8695 E RILD    : QmiWdsGlobalIndCallback: payloadLen(9600), ind_buf_len(8)
10-09 18:25:18.578  7938  8594 E RILD    : QmiWdsQosIndCallback: payloadLen(6192), ind_buf_len(16)
10-09 18:25:18.579  7938  8594 E RILD    : QmiWdsQosIndCallback: new_flow = 0x0, state = 6, mQosIpVer = 4, flowid = 11928
10-09 18:25:18.579  7938  8594 E RILD    : QmiWdsQosIndCallback: payloadLen(6192), ind_buf_len(811)
10-09 18:25:18.580  7938  8594 E RILD    : QmiWdsQosIndCallback: new_flow = 0x1, state = 0, mQosIpVer = 4, flowid = 11928
10-09 18:25:18.582  7938  8054 E RILC    : unsupported OEM unsolicated response code 11024
10-09 18:25:18.583   824  8751 I CASS_DEBUG: acquire_wake_lock lock=1 id='client-interface'
10-09 18:25:18.583   824  8751 D RILClient: processUnsolicited(): resp_id (11024), len(445)
10-09 18:25:18.583   824  8751 I CASS_DEBUG: release_wake_lock id='client-interface'
10-09 18:25:18.585   825  8753 D RILClient: processUnsolicited(): resp_id (11024), len(445)
10-09 18:25:18.587  2558  9310 I RILClient: processUnsolicited(): resp_id (11024), len(445)
10-09 18:25:18.588  2558  9310 I RILClient: processUnsolicited(): unsol_func resp_id (11024), len(445)
10-09 18:25:18.588  2558  9310 I OemIpcHandler: onUnsol: main 0x16 sub 0x0B type 0x03
10-09 18:25:18.588  2558  9310 I OemIpcHandler: onUnsol: client->prv = 6312e800
10-09 18:25:18.588  2558  9310 I OemIpcHandler: MAPBearerEventtoIPCEvent: Dedicated Bearer Event: [1] converted to :[110]
10-09 18:25:18.588  2558  9310 I OemIpcHandler: onUnsol: bearer_id : 73, tft_op_code : 1, pkt filter count : 4
10-09 18:25:18.588  2558  9310 I OemIpcHandler: onUnsol: noti_type : 1, profile_type : 2
10-09 18:25:18.588  2558  9310 I OemIpcHandler: onUnsol: qci : 1, gbr_dl : 52
10-09 18:25:18.589  2558  9310 I VoIpEngineProxy: IpcCallback: channel 2 event 110
10-09 18:25:18.589  2558  9310 I VoIpEngineProxy: IpcCallback: MediaEvtHandler 0x77d5615cf0 DataBearerEvtHandler 0x77d5615430 RRCConnectionEvtHandler 0x77d56159f0 NetworkQoSHandler 0x77d56161ec
10-09 18:25:18.589  7938  8027 E RILD    : RxQosSetEventReportInd: supported QoS flow event: 6(QOS_FLOW_REBIND)
10-09 18:25:18.591  7938  8027 E RILD    : RxQosSetEventReportInd: supported QoS flow event: 0(QOS_FLOW_ACTIVATED)
10-09 18:25:18.592  2558  2879 I StackIF : processMessage 3
10-09 18:25:18.592  7938  8027 E RILD    : QosFlowDecodeUmtsParams: No param for traffic class neither QCI. Assume default.
10-09 18:25:18.592  2558  2879 I StackIF : Processing Notify
10-09 18:25:18.592  2558  2879 I SECIMSJ : [UNSL]< 10016
10-09 18:25:18.592  2558  2879 I StackIF : processNotify: id 10016
10-09 18:25:18.592  7938  8054 E RILD    : [sqos]Qos entry with flow ID 0x2e98 is not found
10-09 18:25:18.592  7938  8054 E RILD    : OnQosStateChanged: update QOS for cid: 2
10-09 18:25:18.593  7938  8054 E RILD    : FillQosFlowInfo: cid: 2 Intf: rmnet_data1
10-09 18:25:18.593  2558  2801 I ResipVolteHandler: handleMessage: evt 110
10-09 18:25:18.593  7938  8054 E RILD    : FillQosFlowInfo: cid: 2 Intf: rmnet_data1 updating primary
10-09 18:25:18.593  7938  8054 E RILD    : FillQosFlowInfo: cid: 2 Intf: rmnet_data1 updating flow# 0 bearerId 69 flowId 9975
10-09 18:25:18.593  2558  2801 I ResipVolteHandler: onDedicatedBearerEventReceived:
10-09 18:25:18.593  2558  2879 I StackIF : processMessage 3
10-09 18:25:18.593  2558  2879 I StackIF : Processing Notify
10-09 18:25:18.593  2558  2879 I SECIMSJ : [UNSL]< 10016
10-09 18:25:18.593  2558  2879 I StackIF : processNotify: id 10016
10-09 18:25:18.593  7938  8054 E RILD    : FillQosFlowInfo : [qos] filter count 1
10-09 18:25:18.593  7938  8054 E RILD    : FillQosFlowInfo : [qos:0-0] param mask:0 protocol: 0
10-09 18:25:18.593  2558  2884 I VolteServiceModule: onDedicatedBearerEvent: unknown session 7
10-09 18:25:18.594  2558  2801 I ResipVolteHandler: handleMessage: evt 110
10-09 18:25:18.594  2558  2801 I ResipVolteHandler: onDedicatedBearerEventReceived:
10-09 18:25:18.594  2558  2879 I [IMS6.0]: CallSession::OnDedicatedBearer(): :(9) allocated bearer id: 73 1
10-09 18:25:18.594  2558  2879 I StackIF : processMessage 3
10-09 18:25:18.594  2558  2884 I VolteServiceModule: onDedicatedBearerEvent: unknown session 8
10-09 18:25:18.595  2558  2879 I StackIF : Processing Notify
10-09 18:25:18.595  2558  2879 I SECIMSJ : [UNSL]< 10016
10-09 18:25:18.595  2558  2879 I StackIF : processNotify: id 10016
10-09 18:25:18.595  2558  2801 I ResipVolteHandler: handleMessage: evt 110
10-09 18:25:18.595  2558  2801 I ResipVolteHandler: onDedicatedBearerEventReceived:
10-09 18:25:18.595  2558  2879 I StackIF : processMessage 3
10-09 18:25:18.596  2558  2879 I StackIF : Processing Notify
10-09 18:25:18.596  2558  2879 I SECIMSJ : [UNSL]< 10016
10-09 18:25:18.596  2558  2879 I StackIF : processNotify: id 10016
10-09 18:25:18.596  2558  2884 I ImsCallDedicatedBearer: qci:1, state:1
10-09 18:25:18.596  2558  2801 I ResipVolteHandler: handleMessage: evt 110
10-09 18:25:18.596  2558  2801 I ResipVolteHandler: onDedicatedBearerEventReceived:
10-09 18:25:18.596  2558  2884 I VolteServiceModule: onDedicatedBearerEvent: received for session : com.sec.internal.ims.servicemodules.volte2.ImsCallSession@9c0acf6 ,bearer state : 1 ,qci : 1
10-09 18:25:18.596  2558  2884 I ImsCallDedicatedBearer: qci:1, state:1
10-09 18:25:18.596  2558  2884 I ImsCallDedicatedBearer: qci:2, state:3
10-09 18:25:18.596  2558  2884 I ImsCallDedicatedBearer: qci:8, state:3
10-09 18:25:18.598  1277  2001 D MotionEngine: [@@@ Motion Engine @@@] GetMotionScenarioId 0.136391 0.105284 9.961321 0.030099 0.043049 -0.008750 8 51 20
10-09 18:25:18.598  1277  2001 D MotionEngine: [@@@ Motion Engine @@@] GnStuckMode 0 
10-09 18:25:18.601  3323 14734 I EPDG -- SIM0 [EpdgImsListener]: onDedicatedBearerEvent: bearerstate : 1, qci : 1
10-09 18:25:18.602  2558  2884 I VolteServiceModule: onDedicatedBearerEvent: unknown session 240
10-09 18:25:18.602  7938  8054 E RILD    : MakeData : QOS broadcast: qossessions 0100000000000008af2f080000000008af2f080000000000000000000000 1 0
10-09 18:25:18.603  7938  8054 E RILD    : MakeData : QOS broadcast: qossessions 0100000000000008af2f080000000008af2f080000000100000000000000f7260000020000000500000000000800000000000000080000000000000100000000000000000000000000000000000000000000000000ffffffff00000001000000fe000000 2 0
10-09 18:25:18.603  2244  2305 D SEM_RILJ: [UNSL]< UNSOL_OEM_EXECUTE [PHONE0]
10-09 18:25:18.604  2244  2305 D SEM_RILJ: execute cmd0: AM cmd1: qossessions 0100000000000008af2f080000000008af2f080000000000000000000000 1 0 [PHONE0]
10-09 18:25:18.604  2244  2305 W System.err: qossessions 0100000000000008af2f080000000008af2f080000000000000000000000 cid: 1 phone: 0
10-09 18:25:18.604  2244  2244 D DCT-C-0 : EVENT_QOS_STATE_CHANGED
10-09 18:25:18.605  7938  8054 E RILD    : [sqos]Qos entry with flow ID 0x2e98 is not found
10-09 18:25:18.606  2244  2244 D DCT-C-0 : QOS session nos :  0
10-09 18:25:18.606  2244  2244 D DCT-C-0 : QOS sessions: []
10-09 18:25:18.607  2244  2343 D QOSCT-445: updateSessions: sessions size=0
10-09 18:25:18.608  2244  2305 D RILJ    : Unsol response received; Sending ack to ril.cpp [PHONE0]
10-09 18:25:18.610  2244  2305 D RILJ    : [UNSL]< UNSOL_DATA_CALL_LIST_CHANGED [{.cause = NONE, .suggestedRetryTime = -1, .cid = 1, .active = ACTIVE, .type = IP, .ifname = rmnet_data0, .addresses = [{.address = 10.1.244.33/30, .properties = NONE, .deprecationTime = -1, .expirationTime = -1}], .dnses = [10.226.72.78, 10.226.72.142], .gateways = [10.1.244.34], .pcscf = [], .mtuV4 = 1430, .mtuV6 = 0}, {.cause = NONE, .suggestedRetryTime = -1, .cid = 2, .active = ACTIVE, .type = IP, .ifname = rmnet_data1, .addresses = [{.address = 10.75.184.158/30, .properties = NONE, .deprecationTime = -1, .expirationTime = -1}], .dnses = [10.226.71.206, 10.226.72.14], .gateways = [10.75.184.157], .pcscf = [10.224.38.176], .mtuV4 = 1430, .mtuV6 = 0}] [PHONE0]
10-09 18:25:18.611  2244  2305 D SEM_RILJ: [UNSL]< UNSOL_OEM_EXECUTE [PHONE0]
10-09 18:25:18.611  2244  2305 D SEM_RILJ: execute cmd0: AM cmd1: qossessions 0100000000000008af2f080000000008af2f080000000100000000000000f7260000020000000500000000000800000000000000080000000000000100000000000000000000000000000000000000000000000000ffffffff00000001000000fe000000 2 0 [PHONE0]
10-09 18:25:18.612  2244  2305 W System.err: qossessions 0100000000000008af2f080000000008af2f080000000100000000000000f7260000020000000500000000000800000000000000080000000000000100000000000000000000000000000000000000000000000000ffffffff00000001000000fe000000 cid: 2 phone: 0
10-09 18:25:18.612  2244  2244 D DCT-C-0 : EVENT_QOS_STATE_CHANGED
10-09 18:25:18.612  2244  2244 D DCT-C-0 : QOS session nos :  1
10-09 18:25:18.612  2244  2244 D DCT-C-0 : QOS sessions ID#0 no of filter 1
10-09 18:25:18.612  2244  2244 D DCT-C-0 : QOS sessions: [QosBearerSession { qosBearerSessionId=9975 qos=NrQos { fiveQi=5 downlink=Bandwidth { maxBitrateKbps=0 guaranteedBitrateKbps=8} uplink=Bandwidth { maxBitrateKbps=0 guaranteedBitrateKbps=8} qosFlowId=0 averagingWindowMs=0} qosBearerFilterList=[QosBearerFilter { localAddresses=[] remoteAddresses=[] localPort=PortRange { start=-1 end=-1} remotePort=PortRange { start=-1 end=-1} protocol=-1 typeOfServiceMask=0 flowLabel=0 securityParameterIndex=0 filterDirection=1 precedence=254}]}]
10-09 18:25:18.615  7938  8054 E RILD    : [sqos] TxCbFlowActivate(): phys_net_dev = rmnet_ipa0, iface = rmnet_data1, mBearerId = 73, mFlowId = 11928, mQosIpVer = 4, handle = 2
10-09 18:25:18.615  2244  2343 I TelephonyProvider: D/TelephonyProvider: subIdString = 1 subId = 1
10-09 18:25:18.618  7938  8050 E RILD    : Run(): nlmsg_type = 16
10-09 18:25:18.622  7938  8054 E RILD    : [sqos] TxCbFlowActivate(): Success to flow activate
10-09 18:25:18.622  7938  8054 E RILD    : OnQosStateChanged: update QOS for cid: 2
10-09 18:25:18.622  7938  8054 E RILD    : FillQosFlowInfo: cid: 2 Intf: rmnet_data1
10-09 18:25:18.622  7938  8054 E RILD    : FillQosFlowInfo: cid: 2 Intf: rmnet_data1 updating primary
10-09 18:25:18.622  7938  8054 E RILD    : FillQosFlowInfo: cid: 2 Intf: rmnet_data1 updating flow# 0 bearerId 69 flowId 9975
10-09 18:25:18.623  7938  8054 E RILD    : FillQosFlowInfo : [qos] filter count 1
10-09 18:25:18.623  7938  8054 E RILD    : FillQosFlowInfo : [qos:0-0] param mask:0 protocol: 0
10-09 18:25:18.623  7938  8054 E RILD    : FillQosFlowInfo: cid: 2 Intf: rmnet_data1 updating flow# 1 bearerId 73 flowId 11928
10-09 18:25:18.623  7938  8054 E RILD    : FillQosFlowInfo : [qos] filter count 2
10-09 18:25:18.623  7938  8054 E RILD    : FillQosFlowInfo : [qos:1-0] param mask:198 protocol: 17
10-09 18:25:18.623  7938  8054 E RILD    : FillQosFlowInfo : [qos:1-1] param mask:198 protocol: 17
10-09 18:25:18.625  2244  2343 D DCT-C-0 : getPreferredApn: For APN type default found apnSetting [ApnSetting] Internet, 12178, 313340, internet, , null, , null, null, 0, supl | dun | hipri | default, IPV4V6, IPV4V6, true, 0, false, 20, 0, 300, 0, 0, gid, 6332, false, UNKNOWN, UNKNOWN, 0, -1, 0, false
10-09 18:25:18.625  3323  3323 I EPDG -- SIM0 [EpdgInterfaceObserver]: Interface Number is 1
10-09 18:25:18.626  3323  3323 I EPDG -- SIM0 [EpdgIntfCont]: handleMessage msg : 1 cid : 2
10-09 18:25:18.626  3323  3323 I EPDG -- SIM0 [EpdgIntfCont]: new EpdgInterface :rmnet_data1
10-09 18:25:18.626  3323  3323 I EPDG -- SIM0 [EpdgIntfCont]: ignore interface up events
10-09 18:25:18.626  2244  2343 D DCT-C-0 : AllowInternetCapability : preferredApnName: internet, apnName: internet
10-09 18:25:18.627  3323  9133 I EPDG -- SIM0 [IPSECDATACONNSM][1]: InactiveState[ ] Event: INTERFACE_UP
10-09 18:25:18.628  7938  8054 E RILD    : MakeData : QOS broadcast: qossessions 0100000000000008af2f080000000008af2f080000000000000000000000 1 0
10-09 18:25:18.628  7938  8054 E RILD    : MakeData : QOS broadcast: qossessions 0100000000000008af2f080000000008af2f080000000200000000000000f7260000020000000500000000000800000000000000080000000000000100000000000000000000000000000000000000000000000000ffffffff00000001000000fe000000982e00000200000001000000000020cb00000000000020cb000000d0070200000000000000000000000000000001000000000000001000000031302e3232342e33382e3234352f333201f2040000f204000001dc730000dc730000110000000000000100000030000000000000000000000001000000000000001000000031302e3232342e33382e3234352f333201f3040000f304000001dd730000dd730000110000000000000100000038000000 2 0
10-09 18:25:18.630  2244  2305 D SEM_RILJ: [UNSL]< UNSOL_OEM_EXECUTE [PHONE0]
10-09 18:25:18.630  2244  2305 D SEM_RILJ: execute cmd0: AM cmd1: qossessions 0100000000000008af2f080000000008af2f080000000000000000000000 1 0 [PHONE0]
10-09 18:25:18.630  2244  2305 W System.err: qossessions 0100000000000008af2f080000000008af2f080000000000000000000000 cid: 1 phone: 0
10-09 18:25:18.631  2244  2244 D DCT-C-0 : EVENT_QOS_STATE_CHANGED
10-09 18:25:18.631  2244  2244 D DCT-C-0 : QOS session nos :  0
10-09 18:25:18.631  2244  2244 D DCT-C-0 : QOS sessions: []
10-09 18:25:18.632  2244  2305 D RILJ    : Unsol response received; Sending ack to ril.cpp [PHONE0]
10-09 18:25:18.633  2244  2305 D RILJ    : [UNSL]< UNSOL_DATA_CALL_LIST_CHANGED [{.cause = NONE, .suggestedRetryTime = -1, .cid = 1, .active = ACTIVE, .type = IP, .ifname = rmnet_data0, .addresses = [{.address = 10.1.244.33/30, .properties = NONE, .deprecationTime = -1, .expirationTime = -1}], .dnses = [10.226.72.78, 10.226.72.142], .gateways = [10.1.244.34], .pcscf = [], .mtuV4 = 1430, .mtuV6 = 0}, {.cause = NONE, .suggestedRetryTime = -1, .cid = 2, .active = ACTIVE, .type = IP, .ifname = rmnet_data1, .addresses = [{.address = 10.75.184.158/30, .properties = NONE, .deprecationTime = -1, .expirationTime = -1}], .dnses = [10.226.71.206, 10.226.72.14], .gateways = [10.75.184.157], .pcscf = [10.224.38.176], .mtuV4 = 1430, .mtuV6 = 0}] [PHONE0]
10-09 18:25:18.634  2244  2305 D SEM_RILJ: [UNSL]< UNSOL_OEM_EXECUTE [PHONE0]
10-09 18:25:18.634  2244  2305 D SEM_RILJ: execute cmd0: AM cmd1: qossessions 0100000000000008af2f080000000008af2f080000000200000000000000f7260000020000000500000000000800000000000000080000000000000100000000000000000000000000000000000000000000000000ffffffff00000001000000fe000000982e00000200000001000000000020cb00000000000020cb000000d0070200000000000000000000000000000001000000000000001000000031302e3232342e33382e3234352f333201f2040000f204000001dc730000dc730000110000000000000100000030000000000000000000000001000000000000001000000031302e3232342e33382e3234352f333201f3040000f304000001dd730000dd730000110000000000000100000038000000 2 0 [PHONE0]
10-09 18:25:18.634  2244  2305 W System.err: qossessions 0100000000000008af2f080000000008af2f080000000200000000000000f7260000020000000500000000000800000000000000080000000000000100000000000000000000000000000000000000000000000000ffffffff00000001000000fe000000982e00000200000001000000000020cb00000000000020cb000000d0070200000000000000000000000000000001000000000000001000000031302e3232342e33382e3234352f333201f2040000f204000001dc730000dc730000110000000000000100000030000000000000000000000001000000000000001000000031302e3232342e33382e3234352f333201f3040000f304000001dd730000dd730000110000000000000100000038000000 cid: 2 phone: 0
10-09 18:25:18.634  2244  2244 D DCT-C-0 : EVENT_QOS_STATE_CHANGED
10-09 18:25:18.634  2244  2244 D DCT-C-0 : QOS session nos :  2
10-09 18:25:18.634  2244  2244 D DCT-C-0 : QOS sessions ID#0 no of filter 1
10-09 18:25:18.634  2244  2244 D DCT-C-0 : QOS sessions ID#1 no of filter 2
10-09 18:25:18.636  2244  2244 D DCT-C-0 : QOS sessions: [QosBearerSession { qosBearerSessionId=9975 qos=NrQos { fiveQi=5 downlink=Bandwidth { maxBitrateKbps=0 guaranteedBitrateKbps=8} uplink=Bandwidth { maxBitrateKbps=0 guaranteedBitrateKbps=8} qosFlowId=0 averagingWindowMs=0} qosBearerFilterList=[QosBearerFilter { localAddresses=[] remoteAddresses=[] localPort=PortRange { start=-1 end=-1} remotePort=PortRange { start=-1 end=-1} protocol=-1 typeOfServiceMask=0 flowLabel=0 securityParameterIndex=0 filterDirection=1 precedence=254}]}, QosBearerSession { qosBearerSessionId=11928 qos=NrQos { fiveQi=1 downlink=Bandwidth { maxBitrateKbps=0 guaranteedBitrateKbps=52000} uplink=Bandwidth { maxBitrateKbps=0 guaranteedBitrateKbps=52000} qosFlowId=0 averagingWindowMs=2000} qosBearerFilterList=[QosBearerFilter { localAddresses=[] remoteAddresses=[10.224.38.245/32] localPort=PortRange { start=1266 end=1266} remotePort=PortRange { start=29660 end=29660} protocol=17 typeOfServiceMask=0 flowLabel=0 securityParameterIndex=0 filterDirection=1 precedence=48}, QosBearerFilter { localAddresses=[] remoteAddresses=[10.224.38.245/32] localPort=PortRange { start=1267 end=1267} remotePort=PortRange { start=29661 end=29661} protocol=17 typeOfServiceMask=0 flowLabel=0 securityParameterIndex=0 filterDirection=1 precedence=56}]}]
10-09 18:25:18.641  2244  2343 I TelephonyProvider: D/TelephonyProvider: subIdString = 1 subId = 1
10-09 18:25:18.648  2244  2343 D DCT-C-0 : getPreferredApn: For APN type default found apnSetting [ApnSetting] Internet, 12178, 313340, internet, , null, , null, null, 0, supl | dun | hipri | default, IPV4V6, IPV4V6, true, 0, false, 20, 0, 300, 0, 0, gid, 6332, false, UNKNOWN, UNKNOWN, 0, -1, 0, false
10-09 18:25:18.649  2244  2343 D DCT-C-0 : AllowInternetCapability : preferredApnName: internet, apnName: ims
10-09 18:25:18.653  2244  2343 D Dcc-C-0 : onDataStateChanged: dcsList=[DataCallResponse: { cause=NONE(0x0) retry=-1 cid=1 linkStatus=2 protocolType=0 ifname=rmnet_data0 addresses=[10.1.244.33/30] dnses=[/10.226.72.78, /10.226.72.142] gateways=[/10.1.244.34] pcscf=[] mtu=1430 mtuV4=1430 mtuV6=0 handoverFailureMode=fallback pduSessionId=0 defaultQos=null qosBearerSessions=[] sliceInfo=null trafficDescriptors=[]}, DataCallResponse: { cause=NONE(0x0) retry=-1 cid=2 linkStatus=2 protocolType=0 ifname=rmnet_data1 addresses=[10.75.184.158/30] dnses=[/10.226.71.206, /10.226.72.14] gateways=[/10.75.184.157] pcscf=[/10.224.38.176] mtu=1430 mtuV4=1430 mtuV6=0 handoverFailureMode=fallback pduSessionId=0 defaultQos=null qosBearerSessions=[] sliceInfo=null trafficDescriptors=[]}] dcListActiveByCid={1={DC-C-2: State=DcActiveState mApnSetting=[ApnSetting] Internet, 12178, 313340, internet, , null, , null, null, 0, supl | dun | hipri | default, IPV4V6, IPV4V6, true, 0, false, 20, 0, 300, 0, 0, gid, 6332, false, UNKNOWN, UNKNOWN, 0, -1, 0, false RefCount=1 mCid=1 mCreateTime=-1 mLastastFailTime=-1 mLastFailCause=NONE(0x0) mTag=176 mLinkProperties={InterfaceName: rmnet_data0 LinkAddresses: [ 10.1.244.33/30 ] DnsAddresses: [ /10.226.72.78,/10.226.72.142 ] Domains: null MTU: 1430 TcpBufferSizes: 2097152,6291456,16777216,512000,2097152,8388608 Routes: [ 0.0.0.0/0 -> 10.1.244.34 rmnet_data0 mtu 1430 ]} linkCapabilities=[ Transports: CELLULAR Capabilities: SUPL&DUN&INTERNET&NOT_RESTRICTED&TRUSTED&NOT_VPN&NOT_ROAMING&NOT_CONGESTED&NOT_SUSPENDED&NOT_VCN_MANAGED LinkUpBandwidth>=60000Kbps LinkDnBandwidth>=145000Kbps Specifier: <TelephonyNetworkSpecifier [mSubId = 1]> AllowedUids: <{10233}> OwnerUid: 10233 AdminUids: [10049, 10232, 10233, 10234] SubscriptionIds: {1} UnderlyingNetworks: Null] mRestrictedNetworkOverride=false mApnContexts={{mApnType=default mState=CONNECTED mWaitingApns={[[ApnSetting] Internet, 12178, 313340, internet, , null, , null, null, 0, supl | dun | hipri | default, IPV4V6, IPV4V6, true, 0, false, 20, 0, 300, 0, 0, gid, 6332, false, UNKNOWN, UNKNOWN, 0, -1, 0, false] priority=1} mApnSetting={[ApnSetting] Internet, 12178, 313340, internet, , null, , null, null, 0, supl | dun | hipri | default, IPV4V6, IPV4V6, true, 0, false, 20, 0, 300, 0, 0, gid, 6332, false, UNKNOWN, UNKNOWN, 0, -1, 0, false} mReason=connected mNeedDisconnectByDdsChange=false mDataEnabled=true}={mTag=176 mApnContext={mApnType=default mState=CONNECTED mWaitingApns={[[ApnSetting] Internet, 12178, 313340, internet, , null, , null, null, 0, supl | dun | hipri | default, IPV4V6, IPV4V6, true, 0, false, 20, 0, 300, 0, 0, gid, 6332, false, UNKNOWN, UNKNOWN, 0, -1, 0, false] priority=1} mApnSetting={[ApnSetting] Internet, 12178, 313340, internet, , null, , null, null, 0, supl | dun | hipri | default, IPV4V6, IPV4V6, true, 0, false, 20, 0, 300, 0, 0, gid, 6332, false, UNKNOWN, UNKNOWN, 0, -1, 0, false} mReason=connected mNeedDisconnectByDdsChange=false mDataEnabled=true} mProfileId=0 mRat=20 mOnCompletedMsg={what=0x42000 when=-6d3h2m37s238ms obj=Pair{{mApnType=default mState=CONNECTED mWaitingApns={[[ApnSetting] Internet, 12178, 313340, internet, , null, , null, null, 0, supl | dun | hipri | default, IPV4V6, IPV4V6, true, 0, false, 20, 0, 300, 0, 0, gid, 6332, false, UNKNOWN, UNKNOWN, 0, -1, 0, false] priority=1} mApnSetting={[ApnSetting] Internet, 12178, 313340, internet, , null, , null, null, 0, supl | dun | hipri | default, IPV4V6, IPV4V6, true, 0, false, 20, 0, 300, 0, 0, gid, 6332, false, UNKNOWN, UNKNOWN, 0, -1, 0, false} mReason=connected mNeedDisconnectByDdsChange=false mDataEnabled=true} 90} target=Handler (com.android.internal.telephony.dataconnection.DcTracker) {46695e4} replyTo=null} mRequestType=NORMAL mSubId=1 mIsPreferredApn=true}}}, 2={DC-C-1: State=DcActiveState mApnSetting=[ApnSetting] IMS, 12181, 313340, ims, , null, , null, null, 0, ims, IPV4V6, IPV4V6, true, 0, false, 20, 0, 300, 0, 0, gid, 6332, false, UNKNOWN, UNKNOWN, 0, -1, 1, false RefCount=1 mCid=2 mCreateTime=-1 mLastastFailTime=-1 mLastFailCause=NONE(0x0) mTag=142 mLinkProperties={InterfaceNam
10-09 18:25:18.653  2244  2343 D Dcc-C-0 : onDataStateChanged: dcsToRetry=[]
10-09 18:25:18.653  2244  2343 D Dcc-C-0 : onDataStateChanged: Found ConnId=1 newState=DataCallResponse: { cause=NONE(0x0) retry=-1 cid=1 linkStatus=2 protocolType=0 ifname=rmnet_data0 addresses=[10.1.244.33/30] dnses=[/10.226.72.78, /10.226.72.142] gateways=[/10.1.244.34] pcscf=[] mtu=1430 mtuV4=1430 mtuV6=0 handoverFailureMode=fallback pduSessionId=0 defaultQos=null qosBearerSessions=[] sliceInfo=null trafficDescriptors=[]}
10-09 18:25:18.653  2244  2343 D DC-C-2  : addr/pl=/10.1.244.33/30
10-09 18:25:18.653  2244  2343 D DC-C-2  : updateTcpBufferSizes: nr_sa
10-09 18:25:18.654  2244  2343 D Dcc-C-0 : onDataStateChanged: no change
10-09 18:25:18.654  2244  2343 D Dcc-C-0 : onDataStateChanged: Found ConnId=2 newState=DataCallResponse: { cause=NONE(0x0) retry=-1 cid=2 linkStatus=2 protocolType=0 ifname=rmnet_data1 addresses=[10.75.184.158/30] dnses=[/10.226.71.206, /10.226.72.14] gateways=[/10.75.184.157] pcscf=[/10.224.38.176] mtu=1430 mtuV4=1430 mtuV6=0 handoverFailureMode=fallback pduSessionId=0 defaultQos=null qosBearerSessions=[] sliceInfo=null trafficDescriptors=[]}
10-09 18:25:18.654  2244  2343 D DC-C-1  : addr/pl=/10.75.184.158/30
10-09 18:25:18.654  2244  2343 D DC-C-1  : updateTcpBufferSizes: nr_sa
10-09 18:25:18.655  2244  2343 D Dcc-C-0 : onDataStateChanged: no change
10-09 18:25:18.655  2244  2343 D Dcc-C-0 : onDataStateChanged: Data Activity updated to NONE. isAnyDataCallActive = true isAnyDataCallDormant = false
10-09 18:25:18.655  2244  2343 D Dcc-C-0 : onDataStateChanged: dcsToRetry=[] apnsToCleanup=[]
10-09 18:25:18.655  2244  2343 D QOSCT-448: updateSessions: sessions size=1
10-09 18:25:18.655  2244  2343 D QOSCT-445: updateSessions: sessions size=0
10-09 18:25:18.657  2244  2343 I TelephonyProvider: D/TelephonyProvider: subIdString = 1 subId = 1
10-09 18:25:18.661  2244  2343 D DCT-C-0 : getPreferredApn: For APN type default found apnSetting [ApnSetting] Internet, 12178, 313340, internet, , null, , null, null, 0, supl | dun | hipri | default, IPV4V6, IPV4V6, true, 0, false, 20, 0, 300, 0, 0, gid, 6332, false, UNKNOWN, UNKNOWN, 0, -1, 0, false
10-09 18:25:18.661  2244  2343 D DCT-C-0 : AllowInternetCapability : preferredApnName: internet, apnName: internet
10-09 18:25:18.662  2267  2374 D MobileStatusTracker(0/1): onDataActivity: direction=0
10-09 18:25:18.665  2244  2244 D DCT-C-0 : startDataStallAlarm: NOT started, no connection tag=25344
10-09 18:25:18.665  2244  2244 D DCT-C-0 : setActivity = NONE
10-09 18:25:18.666  2244  2343 I TelephonyProvider: D/TelephonyProvider: subIdString = 1 subId = 1
10-09 18:25:18.669  1277  2120 D ConnectivityService: reportNetworkActive, notify 0 listeners
10-09 18:25:18.670  2267  2374 D MobileStatusTracker(0/1): onDataActivity: direction=0
10-09 18:25:18.670  2244  2343 D DCT-C-0 : getPreferredApn: For APN type default found apnSetting [ApnSetting] Internet, 12178, 313340, internet, , null, , null, null, 0, supl | dun | hipri | default, IPV4V6, IPV4V6, true, 0, false, 20, 0, 300, 0, 0, gid, 6332, false, UNKNOWN, UNKNOWN, 0, -1, 0, false
10-09 18:25:18.671  2244  2343 D DCT-C-0 : AllowInternetCapability : preferredApnName: internet, apnName: ims
10-09 18:25:18.673  2244  2343 D Dcc-C-0 : onDataStateChanged: dcsList=[DataCallResponse: { cause=NONE(0x0) retry=-1 cid=1 linkStatus=2 protocolType=0 ifname=rmnet_data0 addresses=[10.1.244.33/30] dnses=[/10.226.72.78, /10.226.72.142] gateways=[/10.1.244.34] pcscf=[] mtu=1430 mtuV4=1430 mtuV6=0 handoverFailureMode=fallback pduSessionId=0 defaultQos=null qosBearerSessions=[] sliceInfo=null trafficDescriptors=[]}, DataCallResponse: { cause=NONE(0x0) retry=-1 cid=2 linkStatus=2 protocolType=0 ifname=rmnet_data1 addresses=[10.75.184.158/30] dnses=[/10.226.71.206, /10.226.72.14] gateways=[/10.75.184.157] pcscf=[/10.224.38.176] mtu=1430 mtuV4=1430 mtuV6=0 handoverFailureMode=fallback pduSessionId=0 defaultQos=null qosBearerSessions=[] sliceInfo=null trafficDescriptors=[]}] dcListActiveByCid={1={DC-C-2: State=DcActiveState mApnSetting=[ApnSetting] Internet, 12178, 313340, internet, , null, , null, null, 0, supl | dun | hipri | default, IPV4V6, IPV4V6, true, 0, false, 20, 0, 300, 0, 0, gid, 6332, false, UNKNOWN, UNKNOWN, 0, -1, 0, false RefCount=1 mCid=1 mCreateTime=-1 mLastastFailTime=-1 mLastFailCause=NONE(0x0) mTag=176 mLinkProperties={InterfaceName: rmnet_data0 LinkAddresses: [ 10.1.244.33/30 ] DnsAddresses: [ /10.226.72.78,/10.226.72.142 ] Domains: null MTU: 1430 TcpBufferSizes: 2097152,6291456,16777216,512000,2097152,8388608 Routes: [ 0.0.0.0/0 -> 10.1.244.34 rmnet_data0 mtu 1430 ]} linkCapabilities=[ Transports: CELLULAR Capabilities: SUPL&DUN&INTERNET&NOT_RESTRICTED&TRUSTED&NOT_VPN&NOT_ROAMING&NOT_CONGESTED&NOT_SUSPENDED&NOT_VCN_MANAGED LinkUpBandwidth>=60000Kbps LinkDnBandwidth>=145000Kbps Specifier: <TelephonyNetworkSpecifier [mSubId = 1]> AllowedUids: <{10233}> OwnerUid: 10233 AdminUids: [10049, 10232, 10233, 10234] SubscriptionIds: {1} UnderlyingNetworks: Null] mRestrictedNetworkOverride=false mApnContexts={{mApnType=default mState=CONNECTED mWaitingApns={[[ApnSetting] Internet, 12178, 313340, internet, , null, , null, null, 0, supl | dun | hipri | default, IPV4V6, IPV4V6, true, 0, false, 20, 0, 300, 0, 0, gid, 6332, false, UNKNOWN, UNKNOWN, 0, -1, 0, false] priority=1} mApnSetting={[ApnSetting] Internet, 12178, 313340, internet, , null, , null, null, 0, supl | dun | hipri | default, IPV4V6, IPV4V6, true, 0, false, 20, 0, 300, 0, 0, gid, 6332, false, UNKNOWN, UNKNOWN, 0, -1, 0, false} mReason=connected mNeedDisconnectByDdsChange=false mDataEnabled=true}={mTag=176 mApnContext={mApnType=default mState=CONNECTED mWaitingApns={[[ApnSetting] Internet, 12178, 313340, internet, , null, , null, null, 0, supl | dun | hipri | default, IPV4V6, IPV4V6, true, 0, false, 20, 0, 300, 0, 0, gid, 6332, false, UNKNOWN, UNKNOWN, 0, -1, 0, false] priority=1} mApnSetting={[ApnSetting] Internet, 12178, 313340, internet, , null, , null, null, 0, supl | dun | hipri | default, IPV4V6, IPV4V6, true, 0, false, 20, 0, 300, 0, 0, gid, 6332, false, UNKNOWN, UNKNOWN, 0, -1, 0, false} mReason=connected mNeedDisconnectByDdsChange=false mDataEnabled=true} mProfileId=0 mRat=20 mOnCompletedMsg={what=0x42000 when=-6d3h2m37s265ms obj=Pair{{mApnType=default mState=CONNECTED mWaitingApns={[[ApnSetting] Internet, 12178, 313340, internet, , null, , null, null, 0, supl | dun | hipri | default, IPV4V6, IPV4V6, true, 0, false, 20, 0, 300, 0, 0, gid, 6332, false, UNKNOWN, UNKNOWN, 0, -1, 0, false] priority=1} mApnSetting={[ApnSetting] Internet, 12178, 313340, internet, , null, , null, null, 0, supl | dun | hipri | default, IPV4V6, IPV4V6, true, 0, false, 20, 0, 300, 0, 0, gid, 6332, false, UNKNOWN, UNKNOWN, 0, -1, 0, false} mReason=connected mNeedDisconnectByDdsChange=false mDataEnabled=true} 90} target=Handler (com.android.internal.telephony.dataconnection.DcTracker) {46695e4} replyTo=null} mRequestType=NORMAL mSubId=1 mIsPreferredApn=true}}}, 2={DC-C-1: State=DcActiveState mApnSetting=[ApnSetting] IMS, 12181, 313340, ims, , null, , null, null, 0, ims, IPV4V6, IPV4V6, true, 0, false, 20, 0, 300, 0, 0, gid, 6332, false, UNKNOWN, UNKNOWN, 0, -1, 1, false RefCount=1 mCid=2 mCreateTime=-1 mLastastFailTime=-1 mLastFailCause=NONE(0x0) mTag=142 mLinkProperties={InterfaceNam
10-09 18:25:18.673  2244  2343 D Dcc-C-0 : onDataStateChanged: dcsToRetry=[]
10-09 18:25:18.673  2244  2343 D Dcc-C-0 : onDataStateChanged: Found ConnId=1 newState=DataCallResponse: { cause=NONE(0x0) retry=-1 cid=1 linkStatus=2 protocolType=0 ifname=rmnet_data0 addresses=[10.1.244.33/30] dnses=[/10.226.72.78, /10.226.72.142] gateways=[/10.1.244.34] pcscf=[] mtu=1430 mtuV4=1430 mtuV6=0 handoverFailureMode=fallback pduSessionId=0 defaultQos=null qosBearerSessions=[] sliceInfo=null trafficDescriptors=[]}
10-09 18:25:18.673  2244  2343 D DC-C-2  : addr/pl=/10.1.244.33/30
10-09 18:25:18.673  2244  2343 D DC-C-2  : updateTcpBufferSizes: nr_sa
10-09 18:25:18.673  2244  2343 D Dcc-C-0 : onDataStateChanged: no change
10-09 18:25:18.673  2244  2343 D Dcc-C-0 : onDataStateChanged: Found ConnId=2 newState=DataCallResponse: { cause=NONE(0x0) retry=-1 cid=2 linkStatus=2 protocolType=0 ifname=rmnet_data1 addresses=[10.75.184.158/30] dnses=[/10.226.71.206, /10.226.72.14] gateways=[/10.75.184.157] pcscf=[/10.224.38.176] mtu=1430 mtuV4=1430 mtuV6=0 handoverFailureMode=fallback pduSessionId=0 defaultQos=null qosBearerSessions=[] sliceInfo=null trafficDescriptors=[]}
10-09 18:25:18.673  2244  2343 D DC-C-1  : addr/pl=/10.75.184.158/30
10-09 18:25:18.673  2244  2343 D DC-C-1  : updateTcpBufferSizes: nr_sa
10-09 18:25:18.673  2244  2343 D Dcc-C-0 : onDataStateChanged: no change
10-09 18:25:18.673  2244  2343 D Dcc-C-0 : onDataStateChanged: Data Activity updated to NONE. isAnyDataCallActive = true isAnyDataCallDormant = false
10-09 18:25:18.673  2244  2343 D Dcc-C-0 : onDataStateChanged: dcsToRetry=[] apnsToCleanup=[]
10-09 18:25:18.673  2244  2343 D QOSCT-448: updateSessions: sessions size=2
