10-11 16:24:01.695  2554 17531 E CapabilityUtil<0>: checkModuleReady: mConfig.isAvailable == false
10-11 16:24:01.695 12773 12773 I SCallUI : MakeVoiceButtonGridExecutor - getButtonList(), Dialpad : false, Conference List: false, Landscape : false, MultiWindow : false
10-11 16:24:01.695 12773 12773 I SCallUI : MakeEndCallButtonGridExecutor - makeEndButtonGrid, [ButtonData(8674368)@id: INVALID { enabled, unchecked, GONE } , ButtonData(4f19381)@id: INVALID { enabled, unchecked, GONE } , ButtonData(c934c26)@id: INVALID { enabled, unchecked, GONE } , ButtonData(74f3067)@id: INVALID { enabled, unchecked, GONE } , ButtonData(4212e14)@id: INVALID { enabled, unchecked, GONE } , ButtonData(5a2e6bd)@id: INVALID { enabled, unchecked, GONE } , ButtonData(bd804b2)@id: INVALID { enabled, unchecked, GONE } , ButtonData(146c03)@id: SEND_MESSAGE { enabled, unchecked, VISIBLE, command } , ButtonData(eed1780)@id: INVALID { enabled, unchecked, GONE } , ButtonData(51c31b9)@id: INVALID { enabled, unchecked, GONE } ]
10-11 16:24:01.695 12773 16461 I SCallUI : RcsCapabilityModel@0(NONE) - RcsFlow: getRemoteCapabilitiesInternal, null
10-11 16:24:01.695 12773 12934 I SCallUI : TelephonyManagerModelImpl - getCountryIso: us(network)
10-11 16:24:01.695 12773 12773 I SCallUI : ComposeMessageControlExecutorImpl - checkAndShowComposeMessageButton:button, isSmsAvailable:true, visibility:0, enable:true
10-11 16:24:01.695 12773 12773 I SCallUI : MakeVoiceButtonGridExecutor - getButtonList(), Dialpad : false, Conference List: false, Landscape : false, MultiWindow : false
10-11 16:24:01.695 12773 12773 I SCallUI : MakeEndCallButtonGridExecutor - makeEndButtonGrid, [ButtonData(2453075)@id: INVALID { enabled, unchecked, GONE } , ButtonData(bb7780a)@id: INVALID { enabled, unchecked, GONE } , ButtonData(56d587b)@id: INVALID { enabled, unchecked, GONE } , ButtonData(aa65698)@id: INVALID { enabled, unchecked, GONE } , ButtonData(8c55ef1)@id: INVALID { enabled, unchecked, GONE } , ButtonData(e5d0ad6)@id: INVALID { enabled, unchecked, GONE } , ButtonData(e6f0157)@id: INVALID { enabled, unchecked, GONE } , ButtonData(7f64444)@id: SEND_MESSAGE { enabled, unchecked, VISIBLE, command } , ButtonData(d3ff92d)@id: INVALID { enabled, unchecked, GONE } , ButtonData(7f6fe62)@id: INVALID { enabled, unchecked, GONE } ]
10-11 16:24:01.699 12773 12931 I SCallUI : GeocoderRepository - getNumberWithCountryIso
10-11 16:24:01.699 12773 12931 I SCallUI : GeocoderRepository - getGeocoderModelGetDescriptionXXX
10-11 16:24:01.700 12773 12931 I SCallUI : GeocoderRepository - getGeocoderModelGetDescriptionGeocoderModelImpl{ LocationDescription : Idaho }
10-11 16:24:01.700 12773 12931 I SCallUI : GeocoderRepository - putIntoCache : GeocoderModelImpl{ LocationDescription : Idaho }
10-11 16:24:01.700 12773 12934 I SCallUI : TelephonyManagerModelImpl - getCountryIso: us(network)
10-11 16:24:01.700 12773 12773 I SCallUI : CallBgContentRepository - putIntoCache : com.android.incallui.t.w.d@76e0c39
10-11 16:24:01.700 12773 12773 I SCallUI : BluetoothMcfManager - onMcfAdapterServiceStateChanged, 1, isBleScanning: false
10-11 16:24:01.700 12773 12773 I [MCFSDK_incallui_1.1.5]_39_f: open - 
10-11 16:24:01.701 12773 12773 I [MCFSDK_incallui_1.1.5]_McfAdapter: getBleAdapter  -  f [#0x27, c.d.a.d.k.k.a@b3560b0]
10-11 16:24:01.701  6229  6229 I [MCFServer]_BleUtil: setStandAloneBleMode - Set StandAlone Ble Mode to true
10-11 16:24:01.701  6229  6229 I BluetoothAdapter: StandAloneBleMode=true called by PID : 6229 @ com.samsung.android.mcfserver
10-11 16:24:01.702  6229  6229 I BluetoothAdapter:  setting StandAloneBleMode=true
10-11 16:24:01.703  6229  6229 I BluetoothAdapter: enableRadio() : Calling enable
10-11 16:24:01.704  1259  1996 D MotionEngine: [CALIBRATION] Calibration Secess(5)[-0.0346 -0.0103 0.0028]
10-11 16:24:01.705  1259  2466 D SecContentProvider: query(), uri = 3 selection = isBLEAllowed
10-11 16:24:01.705 12773 12773 I CapabilityListener: onOwnCapabilitiesChanged: listener = com.android.incallui.u.o0.f.g0$a@2b7d702
10-11 16:24:01.705 12773 12773 I SCallUI : RcsCapabilityModel@0(NONE) - RcsFlow: startUpdatingOwnCapabilities - onOwnCapabilitiesChanged
10-11 16:24:01.705  1259  1996 D MotionEngine: [CALIBRATION] File Write[-0.0346 -0.0103 0.0028]
10-11 16:24:01.705  1259  2466 D SecContentProvider: called from android.uid.system:1000
10-11 16:24:01.705 12773 12773 I SCallUI : TelephonyManagerModelImpl - countryIso = US
10-11 16:24:01.705 12773 12773 I SCallUI : TelephonyManagerModelImpl - countryIso = US
10-11 16:24:01.705  2554 17531 E CapabilityUtil<0>: checkModuleReady: mConfig.isAvailable == false
10-11 16:24:01.705 12773 12773 I SCallUI : DisplayLocationExecutorImpl - executeDisplayLocation: done call id:CallModel_TC@2489 /data:LocationData@425f7ba, mId: CallModel_TC@2489, mLocation: XXX
10-11 16:24:01.706 12773 12931 I SCallUI : CallLogRepository - query: start
10-11 16:24:01.706 24736 18375 D BluetoothSettingsProvider: query
10-11 16:24:01.706 12773 16448 I SCallUI : RcsCapabilityModel@0(NONE) - RcsFlow: getOwnCapabilitiesInternal - null
10-11 16:24:01.706 12773 12773 I SCallUI : CoverSecondLineViewImpl - setDisplayLocationLiveData - callId: CallModel_TC@2489
10-11 16:24:01.706 12773 12773 I SCallUI : DisplayCallBgContentExecutorImpl - executeDisplayPrimaryCallBgContent: null
10-11 16:24:01.706 12773 12773 I SCallUI : DisplayCallBgContentExecutorImpl - getCurrentVideoContentSurface: full screen
10-11 16:24:01.706 12773 12773 I SCallUI : DisplayCallBgContentExecutorImpl - setVideoContentSurface: null
10-11 16:24:01.706 12773 12773 I SCallUI : PrimaryCallBgPlayer - setVideoContentSurface: skip
10-11 16:24:01.706 12773 12773 I SCallUI : SecondaryCallBgPlayer - setVideoContentSurface: skip
10-11 16:24:01.706 12773 12773 I SCallUI : DisplayCallBgContentExecutorImpl - executeUpdateCallBgContent: CallBgContentData{ mContentType : NONE, mContentUri : null, mContentSize : null, mImageBitmap : null, mIsScaledContent : false, mIsPresetContent : false, mCallStateIds : UNKNOWN, mIsVideoRendering : false, mIsContactPhoto : false, mIsCallBgSoundEnabled : false, mScaleX : -1.0, mScaleY : -1.0, mPivotXRatio : -1.0, mPivotYRatio : -1.0 }
10-11 16:24:01.706 12773 12773 I SCallUI : ReadCallerNameExecutorImpl - handleOnFilteredDataChanged: CALL_BACKGROUND, Owner type: NONE
10-11 16:24:01.706 12773 12773 I SCallUI : ViewContactExecutorImpl - visible:0 / icon:ADD_TO_CONTACT(Icon)
10-11 16:24:01.706 12773 12773 I SCallUI : ViewContactExecutorImpl - CallButtonFlow: ButtonData(d9ae661)@id: ADD_CONTACT { enabled, unchecked, VISIBLE, command } 
10-11 16:24:01.706 12773 12773 I SCallUI : MakeEndCallButtonGridExecutor - makeEndButtonGrid, [ButtonData(25cee47)@id: INVALID { enabled, unchecked, GONE } , ButtonData(4154674)@id: INVALID { enabled, unchecked, GONE } , ButtonData(a3e879d)@id: ADD_CONTACT { enabled, unchecked, VISIBLE, command } , ButtonData(a5fc412)@id: INVALID { enabled, unchecked, GONE } , ButtonData(7027e3)@id: INVALID { enabled, unchecked, GONE } , ButtonData(87a55e0)@id: INVALID { enabled, unchecked, GONE } , ButtonData(d810099)@id: INVALID { enabled, unchecked, GONE } , ButtonData(d720f5e)@id: SEND_MESSAGE { enabled, unchecked, VISIBLE, command } , ButtonData(af35f3f)@id: INVALID { enabled, unchecked, GONE } , ButtonData(a5ef00c)@id: INVALID { enabled, unchecked, GONE } ]
10-11 16:24:01.706  1259  2466 D SecContentProvider: query(), uri = 3 selection = isBLEAllowed
10-11 16:24:01.706 12773 12773 I SCallUI : DisplayCallLogMemoExecutorImpl -  getMemoDataFromMemoRepositoryWithE164Number  number :XXX, e164number :XXX
10-11 16:24:01.706  1259  2466 D SecContentProvider: called from android.uid.system:1000
10-11 16:24:01.707  1259  2466 D BluetoothManagerService: updateBleAppCount #UP | mBleAppCount: 3, mSappCount: 2, Using SS: true
10-11 16:24:01.707 12773 12773 I SCallUI : DisplayCallLogMemoExecutorImpl -  getMemoDataFromMemoRepositoryWithE164Number  number :XXX, e164number :XXX
10-11 16:24:01.707 12773 12934 I SCallUI : TelephonyManagerModelImpl - formatNumber(before): XXX, countryIso: US
10-11 16:24:01.707 24736 18375 D BluetoothSettingsProvider: Created cursor android.database.sqlite.SQLiteCursor@b7f1f5f
10-11 16:24:01.708  1259  3225 I Telecom:SamsungTelecomServiceImpl: getDefaultDialerPackage - callingPid : 12331 / processName : sts
10-11 16:24:01.709 12773 12934 I SCallUI : TelephonyManagerModelImpl - formatNumber(after): XXX
10-11 16:24:01.709  1259  2466 D BluetoothManagerService: enableBLE(): Bluetooth is already enabled or is turning on
10-11 16:24:01.711  6229  6229 I [MCFServer]_McfMainController: updateStandAloneBleMode - isStandAloneBleMode/SubscriberCallbacks.size()/CasterCallbacks.size()/BleAdapterCallbacks.size() = (true/0/0/1)
10-11 16:24:01.711  6229  6229 I [MCFServer]_McfMainController: registerCallback - create BA - appId=39/1
10-11 16:24:01.711  6229  6229 I [MCFServer]_BleAdapterManager: start - 
10-11 16:24:01.711  6229  6229 I [MCFServer]_BroadcastReceiverWrapper: register - registerReceiver
10-11 16:24:01.714 12773 12931 I SCallUI : CallLogRepository - query: onSuccess, cursor count: 126, uri: XXX, timeMillis:8
10-11 16:24:01.714 12773 12931 I SCallUI : CallLogRepository - getLastCallLogFromCursor
10-11 16:24:01.714 12773 12931 I SCallUI : CallLogRepository - Success : CallLogModelImpl/ number : XXX/ mDate : 1697054931579 }
10-11 16:24:01.715 12773 12931 I SCallUI : MemoRepository - query: start
10-11 16:24:01.715  1259  1259 W NotificationHistory: Attempted to add notif for locked/gone/disabled user 0
10-11 16:24:01.715 12773 16462 E [MCFSDK_incallui_1.1.5]_BluetoothBackupDB: retrieveBackupDataFromDB - cursor count: 0, Columns : 15
10-11 16:24:01.715  1259  1259 D NotificationReminder: addNotificationRecord record com.samsung.android.incallui
10-11 16:24:01.716  1259  3225 I Telecom:SamsungTelecomServiceImpl: getDefaultDialerPackage - callingPid : 12331 / processName : sts
10-11 16:24:01.716 12773 16462 I [MCFSDK_incallui_1.1.5]_BluetoothBackupDB: retrieveBackupDataFromDB -  query restored device
10-11 16:24:01.717  1259  1663 I WindowManager: Reparenting to leash, surface=Surface(name=3419536 com.samsung.android.incallui)/@0xb82b415, leashParent=Surface(name=WindowToken{5b0c5a4 type=2009 android.os.BinderProxy@981610c})/@0x6c3432a
10-11 16:24:01.718  1160  2993 I SurfaceFlinger: id=1703086 createSurf, flag=24004, Surface(name=3419536 com.samsung.android.incallui)/@0xb82b415 - animation-leash of window_animation#1703086
10-11 16:24:01.718 12773 12773 I SCallUI : CallerInfoDataHelper - getCallerInfoDataForFormatting
10-11 16:24:01.718 24736 18375 D BluetoothSettingsProvider: query
10-11 16:24:01.719  1259  1663 D WindowManager: makeSurface duration=1 leash=Surface(name=Surface(name=3419536 com.samsung.android.incallui)/@0xb82b415 - animation-leash of window_animation)/@0xfe77c91
10-11 16:24:01.719 24736 18375 D BluetoothSettingsProvider: Created cursor android.database.sqlite.SQLiteCursor@3297dac
10-11 16:24:01.719 16567 16567 I Launcher.NotificationListener: onNotificationPosted : com.samsung.android.incallui number : 0
10-11 16:24:01.719  1259  1663 V WindowManager: performShowLocked: mDrawState=HAS_DRAWN in Window{3419536 u0 com.samsung.android.incallui}
10-11 16:24:01.720 12773 16462 E [MCFSDK_incallui_1.1.5]_BluetoothBackupDB: retrieveBackupDataFromDB - cursor count: 0, Columns : 15
10-11 16:24:01.720 12773 12773 I SCallUI : DisplayCallerInfoExecutor - executeEarlyDisplayPrimaryCallerInfo: CallerInfoData@a48b05b, mId: CallModel_TC@2489, mAddress: XXX, mDisplayName: NULL, mDisplayNumber: XXX, mCallerInfoType: FORMAT_NUMBER, mCallerNamePresentation: EMPTY, mOrganizationInfo: NULL, mPhoneType: NULL, mSmartCallIcon: null, mProfileIcon: null, mIsCompleted: false, mIsSpamOrRisk: false, mIsVerifiedCall: false, mDisplayPhoto: null
10-11 16:24:01.720 12773 12773 I SCallUI : DisplayCallerInfoExecutor - setPrimaryCallerInfoLiveData: CallerInfoData@a48b05b, mId: CallModel_TC@2489, mAddress: XXX, mDisplayName: NULL, mDisplayNumber: XXX, mCallerInfoType: FORMAT_NUMBER, mCallerNamePresentation: EMPTY, mOrganizationInfo: NULL, mPhoneType: NULL, mSmartCallIcon: null, mProfileIcon: null, mIsCompleted: false, mIsSpamOrRisk: false, mIsVerifiedCall: false, mDisplayPhoto: null
10-11 16:24:01.720 12773 12773 I SCallUI : DisplayCallBgContentExecutorImpl - onPrimaryCallerInfoChanged: CallerInfoData@55929d1, mId: CallModel_TC@2489, mAddress: XXX, mDisplayName: NULL, mDisplayNumber: XXX, mCallerInfoType: FORMAT_NUMBER, mCallerNamePresentation: EMPTY, mOrganizationInfo: NULL, mPhoneType: NULL, mSmartCallIcon: null, mProfileIcon: null, mIsCompleted: false, mIsSpamOrRisk: false, mIsVerifiedCall: false, mDisplayPhoto: null
10-11 16:24:01.720 12773 12773 I SCallUI : DisplayRttChatExecutor - onPrimaryCallerInfoChanged: CallerInfoData@55929d1, mId: CallModel_TC@2489, mAddress: XXX, mDisplayName: NULL, mDisplayNumber: XXX, mCallerInfoType: FORMAT_NUMBER, mCallerNamePresentation: EMPTY, mOrganizationInfo: NULL, mPhoneType: NULL, mSmartCallIcon: null, mProfileIcon: null, mIsCompleted: false, mIsSpamOrRisk: false, mIsVerifiedCall: false, mDisplayPhoto: null
10-11 16:24:01.720 12773 12773 I SCallUI : DisplayRttChatExecutor - executeDisplayRttParticipants
10-11 16:24:01.720 12773 12773 I SCallUI : ReadCallerNameExecutorImpl - handleOnFilteredDataChanged: PRIMARY_CALLER_INFO, Owner type: NONE
10-11 16:24:01.720 12773 12773 I SCallUI : CoverSecondLineViewImpl - setPrimaryCallerInfoLiveData - callId: CallModel_TC@2489
10-11 16:24:01.720 12773 12773 I SCallUI : PhoneNumberFlipHolder - setPrimaryCallerInfoData, flipEnabled: false, isCallIdVerified: true, isNameExist: false, isNumberExist: true, isPhoneTypeExist: false
10-11 16:24:01.720 12773 12773 I SCallUI : OrganizationFlipHolder - setString, flipEnabled: false, callId: CallModel_TC@2489, info: null
10-11 16:24:01.721 12773 12773 I SCallUI : CallLogMemoFlipHolder - setString, flipEnabled: false, callId: , info: 
10-11 16:24:01.721 12773 12773 I SCallUI : LocationFlipHolder - setString, flipEnabled: true, callId: CallModel_TC@2489, info: Idaho
10-11 16:24:01.721 12773 12773 I SCallUI : CoverStirShakenViewImpl - updateStirShakenIconVisibility, isNameExist: false, isNumberExist: true
10-11 16:24:01.721 12773 12773 I SCallUI : DisplayCallerInfoExecutor - executeDisplayPrimaryCallerInfo
10-11 16:24:01.721 12773 12773 I SCallUI : CallerInfoDataHelper - getCallerInfoDataForSelectedContact: skip
10-11 16:24:01.722 12773 12931 I SCallUI : MemoRepository - query: onSuccess, cursor count: 837, uri: XXX, timeMillis:7
10-11 16:24:01.722 12773 12931 I SCallUI : MemoRepository - getMemoFromCursor - memo :null
10-11 16:24:01.722  1259  3225 I Telecom:SamsungTelecomServiceImpl: isVoiceMailNumber - PhoneAccountHandle : ComponentInfo{com.android.phone/com.android.services.telephony.TelephonyConnectionService}, 1, UserHandle{0} / number : 198*****060 / callingPackage : com.samsung.android.incallui
10-11 16:24:01.722 12773 16462 I [MCFSDK_incallui_1.1.5]_BluetoothCallHelper: hasBondedCallDevice - -
10-11 16:24:01.722 12773 16462 I [MCFSDK_incallui_1.1.5]_BluetoothCallHelper: hasSyncedCallDevice - -
10-11 16:24:01.722  2232  2476 D GsmCdmaPhone: [0] getVoiceMailNumber - number: length 12, source: SIM
10-11 16:24:01.722 12773 16462 I SCallUI : BluetoothCallHelperAdapter - DataReadyCallback, hasBondedCallDevice: false, hasSyncedCallDevice : false
10-11 16:24:01.722 12773 16462 I SCallUI : BluetoothMcfManager - startBleScan - failure, Headset is null 
10-11 16:24:01.723 12773 12931 I SCallUI : MemoRepository - putIntoCache : 
10-11 16:24:01.723  1259  2466 V WindowManager: Relayout Window{3419536 u0 com.samsung.android.incallui}: viewVisibility=0 req=1057x571 d0
10-11 16:24:01.724 12773 12804 I ViewRootImpl@6ab2320[]: Resizing android.view.ViewRootImpl@d72f595: frame = [11,65][1068,636] reportDraw = false forceLayout = false syncSeqId = 0
10-11 16:24:01.724  2262  2262 D BubblesManager: onEntryAdded : bubbleEntryAdded=false
10-11 16:24:01.725  2262  2262 D InterruptionStateProvider:  no Heads up : edgelighting enabled app. 0|com.samsung.android.incallui|1|null|1001
10-11 16:24:01.726  1259  2466 V WindowManager: Relayout hash=3419536, pid=12773, syncId=-1: mAttrs={(0,0)(1057xwrap) gr=TOP CENTER_VERTICAL sim={adjust=pan} ty=KEYGUARD_DIALOG fmt=TRANSLUCENT wanim=0x7f120197
10-11 16:24:01.726  1259  2466 V WindowManager:   fl=1800328
10-11 16:24:01.726  1259  2466 V WindowManager:   pfl=12000000
10-11 16:24:01.726  1259  2466 V WindowManager:   bhv=DEFAULT
10-11 16:24:01.726  1259  2466 V WindowManager:   fitTypes=NAVIGATION_BARS naviIconColor=0
10-11 16:24:01.726  1259  2466 V WindowManager:   sfl=20000}
10-11 16:24:01.727 12773 12934 I SCallUI : TelecomManagerModelImpl - isVoiceMailNumberInternal, timeMillis:6
10-11 16:24:01.727 12773 12773 I ViewRootImpl@6ab2320[]: Relayout returned: old=(11,65,1068,579) new=(11,65,1068,636) req=(1057,571)0 dur=4 res=0x0 s={true 0xb400006fc5099800} ch=false seqId=0
10-11 16:24:01.732  1259  1996 D MotionEngine: [MotionEngine] -> PR_MOVE -> Move Recognition Lv(3)
10-11 16:24:01.733 12773 12773 I SCallUI : DisplayCallerInfoCardExecutor - LastCallLog: XXX, XXX, time: XXX
10-11 16:24:01.733 12773 12773 I ViewRootImpl@6ab2320[]: handleResized, msg = 4 frames=ClientWindowFrames{frame=[11,65][1068,636] display=[-100000,-100000][100000,100000] parentFrame=[0,0][0,0] parentClippedByDisplayCutout=false} forceNextWindowRelayout=false displayId=0 resizeMode=-1 frameChanged=false displayFrameChanged=false configChanged=false displayChanged=false
10-11 16:24:01.734 12773 12773 I SCallUI : DisplayCallLogMemoExecutorImpl -  getMemoDataFromMemoRepository  number :XXX
10-11 16:24:01.735 12773 12773 I SCallUI : DisplayCallLogMemoExecutorImpl - executeDisplayCallLogMemoAsEmpty
10-11 16:24:01.735 12773 12934 I SCallUI : TelephonyManagerModelImpl - getCountryIso: us(network)
10-11 16:24:01.735 12773 12934 I SCallUI : TelephonyManagerModelImpl - formatNumber(before): XXX, countryIso: US
10-11 16:24:01.736 12773 12934 I SCallUI : TelephonyManagerModelImpl - formatNumber(after): XXX
10-11 16:24:01.736 12773 12773 I SCallUI : CallerInfoDataHelper - getCallerInfoDataForFormatting
10-11 16:24:01.736 12773 12773 I SCallUI : DisplayCallerInfoExecutor - executeDisplayPrimaryCallerInfo(CallModel_TC@2489): CallerInfoData@a48b05b, mId: CallModel_TC@2489, mAddress: XXX, mDisplayName: NULL, mDisplayNumber: XXX, mCallerInfoType: FORMAT_NUMBER, mCallerNamePresentation: EMPTY, mOrganizationInfo: NULL, mPhoneType: NULL, mSmartCallIcon: null, mProfileIcon: null, mIsCompleted: false, mIsSpamOrRisk: false, mIsVerifiedCall: false, mDisplayPhoto: null
10-11 16:24:01.736 12773 12773 I SCallUI : CallerInfoRepository - getCallerInfoModel: created(127289547)
10-11 16:24:01.736 12773 12773 I SCallUI : DisplayCallerInfoExecutor - setCallerInfoDataToRepository: CallerInfoModel{Ready, XXX, XXX, NULL, callerInfoType:FORMAT_NUMBER, contactStatus:FALSE, photoTypeId:0, NULL, NULL}
10-11 16:24:01.736 12773 12931 I SCallUI : MessageRepository - query: start
10-11 16:24:01.736 12773 12773 I SCallUI : AccountRepository - - subscriptionId(cached): 1, phoneAccountHandle: XXX
10-11 16:24:01.737 12773 12773 I SCallUI : DisplayCallerInfoExecutor - completeToSearchPrimaryCallerInfo
10-11 16:24:01.737 12773 12773 I SCallUI : DisplayCallerInfoExecutor - setPrimaryCallerInfoLiveData: CallerInfoData@a48b05b, mId: CallModel_TC@2489, mAddress: XXX, mDisplayName: NULL, mDisplayNumber: XXX, mCallerInfoType: FORMAT_NUMBER, mCallerNamePresentation: EMPTY, mOrganizationInfo: NULL, mPhoneType: NULL, mSmartCallIcon: null, mProfileIcon: null, mIsCompleted: true, mIsSpamOrRisk: false, mIsVerifiedCall: false, mDisplayPhoto: null
10-11 16:24:01.737 12773 12773 I SCallUI : DisplayCallBgContentExecutorImpl - onPrimaryCallerInfoChanged: CallerInfoData@1764209, mId: CallModel_TC@2489, mAddress: XXX, mDisplayName: NULL, mDisplayNumber: XXX, mCallerInfoType: FORMAT_NUMBER, mCallerNamePresentation: EMPTY, mOrganizationInfo: NULL, mPhoneType: NULL, mSmartCallIcon: null, mProfileIcon: null, mIsCompleted: true, mIsSpamOrRisk: false, mIsVerifiedCall: false, mDisplayPhoto: null
10-11 16:24:01.737 12773 12773 I SCallUI : DisplayCallBgContentExecutorImpl - executeDisplayCallBgContent
10-11 16:24:01.737 12773 12773 I SCallUI : AccountRepository - - phoneId(cached): 0, phoneAccountHandle: XXX
10-11 16:24:01.738 12773 12773 I SCallUI : AccountRepository - - phoneId(cached): 0, phoneAccountHandle: XXX
10-11 16:24:01.738 12773 12773 I SCallUI : CallBgContentRepository - is_default_bg_sim1 value is 1
10-11 16:24:01.738 12773 12773 I SCallUI : CallBgContentRepository - default BG content by settings value
10-11 16:24:01.738 12773 12773 I SCallUI : DisplayRttChatExecutor - onPrimaryCallerInfoChanged: CallerInfoData@1764209, mId: CallModel_TC@2489, mAddress: XXX, mDisplayName: NULL, mDisplayNumber: XXX, mCallerInfoType: FORMAT_NUMBER, mCallerNamePresentation: EMPTY, mOrganizationInfo: NULL, mPhoneType: NULL, mSmartCallIcon: null, mProfileIcon: null, mIsCompleted: true, mIsSpamOrRisk: false, mIsVerifiedCall: false, mDisplayPhoto: null
10-11 16:24:01.738 12773 12773 I SCallUI : DisplayRttChatExecutor - executeDisplayRttParticipants
10-11 16:24:01.738 12773 12773 I SCallUI : ReadCallerNameExecutorImpl - handleOnFilteredDataChanged: PRIMARY_CALLER_INFO, Owner type: NONE
10-11 16:24:01.738 12773 12773 I SCallUI : ReadCallerNameExecutorImpl - speakNameOrInternationalCall: CallerInfoData@1764209, mId: CallModel_TC@2489, mAddress: XXX, mDisplayName: NULL, mDisplayNumber: XXX, mCallerInfoType: FORMAT_NUMBER, mCallerNamePresentation: EMPTY, mOrganizationInfo: NULL, mPhoneType: NULL, mSmartCallIcon: null, mProfileIcon: null, mIsCompleted: true, mIsSpamOrRisk: false, mIsVerifiedCall: false, mDisplayPhoto: null
10-11 16:24:01.738 12773 12773 I SCallUI : ReadCallerNameExecutorImpl - shouldInformInternationalCall:false
10-11 16:24:01.739 12773 12773 I SCallUI : ReadCallerNameExecutorImpl - speakName: skip
10-11 16:24:01.739 12773 12773 I SCallUI : CoverSecondLineViewImpl - setPrimaryCallerInfoLiveData - callId: CallModel_TC@2489
10-11 16:24:01.739 12773 12773 I SCallUI : PhoneNumberFlipHolder - setPrimaryCallerInfoData, flipEnabled: false, isCallIdVerified: true, isNameExist: false, isNumberExist: true, isPhoneTypeExist: false
10-11 16:24:01.739 12773 12773 I SCallUI : OrganizationFlipHolder - setString, flipEnabled: false, callId: CallModel_TC@2489, info: null
10-11 16:24:01.739 12773 12773 I SCallUI : CallLogMemoFlipHolder - setString, flipEnabled: false, callId: , info: 
10-11 16:24:01.739 12773 12773 I SCallUI : LocationFlipHolder - setString, flipEnabled: true, callId: CallModel_TC@2489, info: Idaho
10-11 16:24:01.740 12773 12773 I SCallUI : CoverStirShakenViewImpl - updateStirShakenIconVisibility, isNameExist: false, isNumberExist: true
10-11 16:24:01.740 12773 12773 I SCallUI : DisplayCallerInfoExecutor - setCallerInfoDataToRepository: CallerInfoModel{Ready, XXX, XXX, NULL, callerInfoType:FORMAT_NUMBER, contactStatus:FALSE, photoTypeId:0, NULL, NULL}
10-11 16:24:01.740 12773 12773 I SCallUI : DisplayCallBgContentExecutorImpl - executeDisplayPrimaryCallBgContent: null
10-11 16:24:01.740 12773 12773 I SCallUI : DisplayCallBgContentExecutorImpl - getCurrentVideoContentSurface: full screen
10-11 16:24:01.740 12773 12773 I SCallUI : DisplayCallBgContentExecutorImpl - setVideoContentSurface: null
10-11 16:24:01.740 12773 12773 I SCallUI : PrimaryCallBgPlayer - setVideoContentSurface: skip
10-11 16:24:01.740 12773 12773 I SCallUI : SecondaryCallBgPlayer - setVideoContentSurface: skip
10-11 16:24:01.742  2232  2476 D TP/MmsSmsProvider: query, match:13, calling pid = 12773, accessRestricted = false
10-11 16:24:01.747  2232  2476 W SQLiteLog: (28) walIndexRecover: rc 0, nPage 0, mxFrame 0, /data/user/0/com.android.providers.telephony/databases/mmssms.db-wal
10-11 16:24:01.751  1259  1996 D MotionEngine: [TURN OVER] #####  Init
10-11 16:24:01.753  1160  1160 I DisplayDevice: [Display 4630946312756012673 (internal, primary, \"\")] ActiveConfigToHWC, ID : 0
10-11 16:24:01.753  1160  1160 I LayerHistory: StatusBar$_2262#88 voted 1 
10-11 16:24:01.753  1160  1160 I LayerHistory: com.sec.android.RilServiceModeApp/com.sec.android.RilServiceModeApp.ServiceModeApp$_6273#1703073 Max (can't resolve refresh rate)
10-11 16:24:01.753  1160  1160 I SurfaceFlinger: Touch - choose 120.00 Hz
10-11 16:24:01.756  1077  1162 I SDM     : HWCDisplay::SubmitDisplayConfig: [DispConfigs] config 1 => 0, hs_mode 1 => 1
10-11 16:24:01.756  1077  1162 I SDM     : DisplayBase::SetActiveConfig: [DispConfigs] 1 => 0 or hs mode is changed if same config
10-11 16:24:01.756  1077  1162 I SDM     : HWDeviceDRM::SetDisplaySwitchMode: [DispConfigs] check hs_mode 1
10-11 16:24:01.756  1077  1162 I SDM     : HWDeviceDRM::SetDisplaySwitchMode: [DispConfigs] SetDisplayAttributes  mode_index 0
10-11 16:24:01.757  1077  1162 I SDM     : HWDeviceDRM::UpdateMixerAttributes: Mixer WxH 1080x2408-0 for Peripheral
10-11 16:24:01.758  1077  1162 I SDM     : HWCDisplay::SubmitDisplayConfig: Active configuration changed to: 0
10-11 16:24:01.764  2232  2476 D TP/MmsSmsProvider: query, match 13:Elapsed time : 21.667 ms
10-11 16:24:01.765 12773 12931 I SCallUI : MessageRepository - query: onSuccess, cursor count: 1, uri: XXX, timeMillis:29
10-11 16:24:01.765 12773 12931 I SCallUI : MessageRepository - canonicalAddressesId2
10-11 16:24:01.765 12773 12931 I SCallUI : MessageRepository - query: start
10-11 16:24:01.767  2232  2476 D TP/MmsSmsProvider: query, match:37, calling pid = 12773, accessRestricted = false
10-11 16:24:01.767  2232  2476 D TP/MmsSmsProvider: URI_THREADS selection = recipient_ids=?
10-11 16:24:01.768  1160  1160 I Scheduler: DisplayModeChanged : 0
10-11 16:24:01.768  2232  2476 D TP/MmsSmsProvider: query, match 37:Elapsed time : 1.325 ms
10-11 16:24:01.768  1259  1662 D LocalDisplayAdapter: updateActiveModeLocked for d=4630946312756012673, mActiveModeId=1, mActiveSfDisplayMode=DisplayMode{id=0, width=1080, height=2408, xDpi=403.411, yDpi=402.389, refreshRate=120.00001, appVsyncOffsetNanos=1000000, presentationDeadlineNanos=12666666, group=1080}
10-11 16:24:01.769  1259  1662 I DisplayDeviceRepository: Display device changed: DisplayDeviceInfo{\"Built-in Screen\": uniqueId=\"local:4630946312756012673\", 1080 x 2408, modeId 1, defaultModeId 1, supportedModes [{id=1, width=1080, height=2408, fps=120.00001, alternativeRefreshRates=[60.000004]}, {id=2, width=1080, height=2408, fps=60.000004, alternativeRefreshRates=[120.00001]}], colorMode 0, supportedColorModes [0], hdrCapabilities HdrCapabilities{mSupportedHdrTypes=[], mMaxLuminance=500.0, mMaxAverageLuminance=500.0, mMinLuminance=0.0}, allmSupported false, gameContentTypeSupported false, density 450, 403.411 x 402.389 dpi, appVsyncOff 1000000, presDeadline 12666666, cutout DisplayCutout{insets=Rect(0, 65 - 0, 0) waterfall=Insets{left=0, top=0, right=0, bottom=0} boundingRect={Bounds=[Rect(0, 0 - 0, 0), Rect(454, 0 - 626, 65), Rect(0, 0 - 0, 0), Rect(0, 0 - 0, 0)]} cutoutPathParserInfo={CutoutPathParserInfo{displayWidth=1080 displayHeight=2408 physicalDisplayWidth=1080 physicalDisplayHeight=2408 density={2.8125} cutoutSpec={M 0,0 H -30.57777777777778 V 23.11111111111111 H 30.57777777777778 V 0 H 0 Z @dp} rotation={0} scale={1.0} physicalPixelDisplaySizeRatio={1.0}}}}, touch INTERNAL, rotation 0, type INTERNAL, address {port=129, model=0x40446d22b9ba26}, deviceProductInfo DeviceProductInfo{name=, manufacturerPnpId=QCM, productId=1, modelYear=null, manufactureDate=ManufactureDate{week=27, year=2006}, connectionToSinkType=0}, state ON, frameRateOverride , brightnessMinimum 0.0, brightnessMaximum 1.0, brightnessDefault 0.5019608, roundedCorners RoundedCorners{[RoundedCorner{position=TopLeft, radius=90, center=Point(90, 90)}, RoundedCorner{position=TopRight, radius=90, center=Point(990, 90)}, RoundedCorner{position=BottomRight, radius=90, center=Point(990, 2318)}, RoundedCorner{position=BottomLeft, radius=90, center=Point(90, 2318)}]}, FLAG_ALLOWED_TO_BE_DEFAULT_DISPLAY, FLAG_ROTATES_WITH_CONTENT, FLAG_SECURE, FLAG_SUPPORTS_PROTECTED_BUFFERS, installOrientation 0}
10-11 16:24:01.769 12773 12931 I SCallUI : MessageRepository - query: onSuccess, cursor count: 1, uri: XXX, timeMillis:4
10-11 16:24:01.769 12773 12931 I SCallUI : MessageRepository - threadId 2
10-11 16:24:01.770 12773 12931 I SCallUI : MessageRepository - query: start
10-11 16:24:01.771  2232  2476 D TP/MmsSmsProvider: query, match:701, calling pid = 12773, accessRestricted = false
10-11 16:24:01.772  2232  2476 D TP/MmsSmsProvider: getUnreadMesagesWithFirstText selection=thread_id = 2 sortOrder=normalized_date DESC LIMIT 1 isIntegratedQuery=false showTimed=false
10-11 16:24:01.774  1259  3115 D LiftUpHandler: [LTW] Stopped already.
10-11 16:24:01.774  1160  1160 D SurfaceFlinger: Display 4630946312756012673 HWC layers:
10-11 16:24:01.774  1160  1160 D SurfaceFlinger:      DEVICE | 0xb4000079b5c46f70 | 0102 | RGBA_8888    |    0.0    0.0 1080.0 2408.0 |    0    0 1080 2408 | com.sec.android.RilServiceModeApp/co[...]ModeApp.ServiceModeApp$_6273#1703073
10-11 16:24:01.774  1160  1160 D SurfaceFlinger:      DEVICE | 0xb4000079cd431d20 | 0100 | RGBA_8888    |    0.0    0.0 1080.0   70.0 |    0    0 1080   70 | StatusBar$_2262#88
10-11 16:24:01.774  1160  1160 D SurfaceFlinger:      DEVICE | 0xb4000079cd431ee0 | 0100 | RGBA_8888    |    0.0  437.0 1057.0  571.0 |   11    0 1068  134 | $_12773#1703085
10-11 16:24:01.774  1160  1160 D SurfaceFlinger:      DEVICE | 0xb4000079b50fd700 | 0100 | RGBA_8888    |    0.0    0.0 1080.0  135.0 |    0 2273 1080 2408 | NavigationBar0$_2262#80
10-11 16:24:01.774  1160  1160 D SurfaceFlinger: 
10-11 16:24:01.774  2232  2232 D DCT-C-0 : Screen INTERNAL on
10-11 16:24:01.775  1259  1259 D SGM:GameManager: onDisplayChanged. displyId: 0, state: 2
10-11 16:24:01.775  1259  1259 D AODManagerService: requestReCalToTSP IsSingleTouchMode = false / previousDisplayState = ON
10-11 16:24:01.776  1259  2077 D SGM:FgCheckThread: onLooperPrepared(), msg: MSG_LCD_ON
10-11 16:24:01.777  2262  2262 D DisplayLifecycle: updateDisplay id = 0
10-11 16:24:01.778  2232  2476 D TP/MmsSmsProvider: query, match 701:Elapsed time : 7.197 ms
10-11 16:24:01.783 12773 12931 I SCallUI : MessageRepository - query: onSuccess, cursor count: 1, uri: XXX, timeMillis:13
10-11 16:24:01.786 12773 12931 I SCallUI : MessageRepository - putIntoCache : MessageModelImpl{ mBody : XXX / mDate : 1696964950000 }
10-11 16:24:01.791  2262  2479 D LocalImageResolver: Couldn't use ImageDecoder for drawable, falling back to non-resized load.
10-11 16:24:01.802  2262  2479 D LocalImageResolver: Couldn't use ImageDecoder for drawable, falling back to non-resized load.
10-11 16:24:01.803 12773 12773 I SCallUI : DisplayCallerInfoCardExecutor - LastMessage: XXX, XXX, time: XXX
10-11 16:24:01.803 12773 12773 I SCallUI : DisplayCallerInfoCardExecutor - executeDisplayCallerInfoCard: CallerInfoCardData@9ed783b, mIcon: 2131231752, mContent: XXX, mDate: 4:08 PM, mUpdateTime: 1697054931579
10-11 16:24:01.803 12773 12773 I SCallUI : DisplayCallLogMemoExecutorImpl -  getMemoDataFromMemoRepository  number :XXX
10-11 16:24:01.803 12773 12773 I SCallUI : DisplayCallLogMemoExecutorImpl - executeDisplayCallLogMemoAsEmpty
10-11 16:24:01.821  2262  2262 D PluginInstanceManager: startListening
10-11 16:24:01.821  2262  2507 D PluginInstanceManager: queryAll com.android.systemui.action.PLUGIN_NOTIFICATION_MENU_ROW
10-11 16:24:01.822  2262  2507 D PluginInstanceManager: Found 0 plugins
10-11 16:24:01.828  2262  2262 I FaceWidgetPositionAlgorithm: getClockContainerHeight() supplier = 290, bottom margin = 0, real height = 535
10-11 16:24:01.828  2262  2262 I FaceWidgetPositionAlgorithm: getClockContainerHeight() supplier = 290, bottom margin = 68, real height = 535
10-11 16:24:01.828  2262  2262 I FaceWidgetPositionAlgorithm: getMediaContainerHeight() height = 0 container Visibility = 8, isValid = false, mIsDozing = false, fraction = 1.0, source = 0, target = 0
10-11 16:24:01.828  2262  2262 I FaceWidgetPositionAlgorithm: getMediaContainerHeight() supplier = 0
10-11 16:24:01.829  1259  1259 I power_partial_wake_state: [350,prevent full-screen wakelock in EnqueueNotificationRunnable:android(disabled)]
10-11 16:24:01.860  1259  1789 E AppOps  : evalMode() Foreground mode : uid - 10093, op - 26, capability - 0
10-11 16:24:01.911  1160  1160 I SurfaceFlinger: SFWD update time=4601201017677270
10-11 16:24:01.964 11705 11705 D BoundBrokerSvc: onBind: Intent { act=com.google.android.gms.safetynet.service.START pkg=com.google.android.gms }
10-11 16:24:01.964 11705 11705 D BoundBrokerSvc: Loading bound service for intent: Intent { act=com.google.android.gms.safetynet.service.START pkg=com.google.android.gms }
10-11 16:24:02.036  1259  1663 I WindowManager: Reparenting to original parent: Surface(name=WindowToken{5b0c5a4 type=2009 android.os.BinderProxy@981610c})/@0x6c3432a, destroy=true, surface=Surface(name=3419536 com.samsung.android.incallui)/@0xb82b415
10-11 16:24:02.040  1160  2993 I SurfaceFlinger: HRR : 1
10-11 16:24:02.043  1160  1160 I Layer   : id=1703086 removedFromDrawingState Surface(name=3419536 com.samsung.android.incallui)/@0xb82b415 - animation-leash of window_animation#1703086 (122)
10-11 16:24:02.044  1160  1160 I SurfaceFlinger: id=1703086 Removed Surface(name=3419536 com.samsung.android.incallui)/@0xb82b415 - animation-leash of window_animation#1703086 (122)
10-11 16:24:02.044  1160  1160 I Layer   : id=1703086 Destroyed Surface(name=3419536 com.samsung.android.incallui)/@0xb82b415 - animation-leash of window_animation#1703086
10-11 16:24:02.266  6273  6273 I ModemServiceMode: EVENT_TICK!
10-11 16:24:02.272  1950  1954 D Multi-Client: OemClient::ProcessBuffer() from [xxx], token[446], datalen[8]
10-11 16:24:02.274  1950  1953 D Multi-Client: Oem OnRequestComplete:
10-11 16:24:02.275  1259  2215 I power_partial_wake_state: [5,RILS:com.sec.phone(disabled)]
10-11 16:24:02.276  6273  6273 I ModemServiceMode: in QUERT_SERVM_DONE
10-11 16:24:02.276  6273  6273 I ModemServiceMode: size of result : 3400
10-11 16:24:02.276  6273  6273 I ModemServiceMode: Line 0 :  DEBUG INFO : 0 0 12 195 401050_
10-11 16:24:02.276  6273  6273 I ModemServiceMode: Line 1 :  HPLMN(313-340) sim_state(1)_
10-11 16:24:02.276  6273  6273 I ModemServiceMode: Line 2 :  Serving PLMN(313-340) - NR5G_
10-11 16:24:02.276  6273  6273 I ModemServiceMode: Line 3 :  NW sel mode : Auto_
10-11 16:24:02.276  6273  6273 I ModemServiceMode: Line 4 :  Service(available)_
10-11 16:24:02.276  6273  6273 I ModemServiceMode: Line 5 :  MM5G(REGISTERED) Sub(0)_
10-11 16:24:02.276  6273  6273 I ModemServiceMode: Line 6 :  MM5G Update(UPDATED)_
10-11 16:24:02.276  6273  6273 I ModemServiceMode: Line 7 :  NR5G_RSRP : -91_
10-11 16:24:02.276  6273  6273 I ModemServiceMode: Line 8 :  NR5G_SINR : 22.5_
10-11 16:24:02.276  6273  6273 I ModemServiceMode: Line 9 :  NR5G_RSRQ: -11_
10-11 16:24:02.276  6273  6273 I ModemServiceMode: Line 10 :  NR_RRC: CONNECTED_
10-11 16:24:02.276  6273  6273 I ModemServiceMode: Line 11 :  NR_SSB_Index: 3_
10-11 16:24:02.276  6273  6273 I ModemServiceMode: Line 12 :  NR_ARFCN: 401050_
10-11 16:24:02.276  6273  6273 I ModemServiceMode: Line 13 :  NR_PCI: 872_
10-11 16:24:02.276  6273  6273 I ModemServiceMode: Line 14 :  NR_BAND: n70_
10-11 16:24:02.276  6273  6273 I ModemServiceMode: Line 15 :  NR_DL Scheduling: 0.44 _
10-11 16:24:02.276  6273  6273 I ModemServiceMode: Line 16 :  NR_BLER: 0.00 _
10-11 16:24:02.276  6273  6273 I ModemServiceMode: Line 17 :  NR_BW: 25 MHz_
10-11 16:24:02.276  6273  6273 I ModemServiceMode: Line 18 :  NR_SA_RLF Count: --_
10-11 16:24:02.276  6273  6273 I ModemServiceMode: Line 19 :  NR_ANT MAX RSRP: -77_
10-11 16:24:02.276  6273  6273 I ModemServiceMode: Line 20 :  NR_ANT MIN RSRP: -156_
10-11 16:24:02.276  6273  6273 I ModemServiceMode: Line 21 :  NR_Tx Phy Channel Type: PUCCH_
10-11 16:24:02.276  6273  6273 I ModemServiceMode: Line 22 :  NR RX0 RSRP: -96 _
10-11 16:24:02.276  6273  6273 I ModemServiceMode: Line 23 :  NR RX1 RSRP: -89 _
10-11 16:24:02.276  6273  6273 I ModemServiceMode: Line 24 :  NR RX2 RSRP: -100 _
10-11 16:24:02.276  6273  6273 I ModemServiceMode: Line 25 :  NR RX3 RSRP: -106 _
10-11 16:24:02.276  6273  6273 I ModemServiceMode: Line 26 :  NR_Tx Pwr: 20 dBm_
10-11 16:24:02.276  6273  6273 I ModemServiceMode: Line 27 :  NR_SCS: 15kHz_
10-11 16:24:02.276  6273  6273 I ModemServiceMode: Line 28 :  NR_CDRX: Active_
10-11 16:24:02.276  6273  6273 I ModemServiceMode: Line 29 :  NR SA CA Not present _
10-11 16:24:02.276  6273  6273 I ModemServiceMode: Line 30 :  NETWORK : UNBLOCK_
10-11 16:24:02.276  6273  6273 I ModemServiceMode: Line 31 :  FINAL IMEI Certi: PASS_
10-11 16:24:02.276  6273  6273 I ModemServiceMode: Line 32 : Unknown 0_
10-11 16:24:02.276  6273  6273 I ModemServiceMode: Line 33 : AJB Init_buf:0 ms_
10-11 16:24:02.276  6273  6273 I ModemServiceMode: Line 34 : NO TSS DEVICE : err(0), tss_fla_
10-11 16:24:02.276  6273  6273 I ModemServiceMode: Line 35 :  ASDiv : NOT SUPPORTED_
10-11 16:24:02.276  6273  6273 I ModemServiceMode: Line 36 : TM:All TM Lvl is 0_
10-11 16:24:02.276  6273  6273 I ModemServiceMode: Line 37 : WAKEUP_INFO: 0_
10-11 16:24:02.276  6273  6273 I ModemServiceMode: Line 38 : _
10-11 16:24:02.276  6273  6273 I ModemServiceMode: Line 39 : _
10-11 16:24:02.277  6273  6273 I ModemServiceMode: Line 40 : _
10-11 16:24:02.277  6273  6273 I ModemServiceMode: Line 41 : _
10-11 16:24:02.277  6273  6273 I ModemServiceMode: Line 42 : _
10-11 16:24:02.277  6273  6273 I ModemServiceMode: Line 43 : _
10-11 16:24:02.277  6273  6273 I ModemServiceMode: Line 44 : _
10-11 16:24:02.277  6273  6273 I ModemServiceMode: Line 45 : _
10-11 16:24:02.277  6273  6273 I ModemServiceMode: Line 46 : _
10-11 16:24:02.277  6273  6273 I ModemServiceMode: Line 47 : _
10-11 16:24:02.277  6273  6273 I ModemServiceMode: Line 48 : _
10-11 16:24:02.277  6273  6273 I ModemServiceMode: Line 49 : _
10-11 16:24:02.277  6273  6273 I ModemServiceMode: Line 50 : _
10-11 16:24:02.277  6273  6273 I ModemServiceMode: Line 51 : _
10-11 16:24:02.277  6273  6273 I ModemServiceMode: Line 52 : _
10-11 16:24:02.277  6273  6273 I ModemServiceMode: Line 53 : _
10-11 16:24:02.277  6273  6273 I ModemServiceMode: Line 54 : _
10-11 16:24:02.277  6273  6273 I ModemServiceMode: Line 55 : _
10-11 16:24:02.277  6273  6273 I ModemServiceMode: Line 56 : _
10-11 16:24:02.277  6273  6273 I ModemServiceMode: Line 57 : _
10-11 16:24:02.277  6273  6273 I ModemServiceMode: Line 58 : _
10-11 16:24:02.277  6273  6273 I ModemServiceMode: Line 59 : _
10-11 16:24:02.277  6273  6273 I ModemServiceMode: Line 60 : _
10-11 16:24:02.277  6273  6273 I ModemServiceMode: Line 61 : _
10-11 16:24:02.277  6273  6273 I ModemServiceMode: Line 62 : _
10-11 16:24:02.277  6273  6273 I ModemServiceMode: Line 63 : _
10-11 16:24:02.277  6273  6273 I ModemServiceMode: Line 64 : _
10-11 16:24:02.277  6273  6273 I ModemServiceMode: Line 65 : _
10-11 16:24:02.277  6273  6273 I ModemServiceMode: Line 66 : _
10-11 16:24:02.277  6273  6273 I ModemServiceMode: Line 67 : _
10-11 16:24:02.277  6273  6273 I ModemServiceMode: Line 68 : _
10-11 16:24:02.277  6273  6273 I ModemServiceMode: Line 69 : _
10-11 16:24:02.277  6273  6273 I ModemServiceMode: Line 70 : _
10-11 16:24:02.277  6273  6273 I ModemServiceMode: Line 71 : _
10-11 16:24:02.277  6273  6273 I ModemServiceMode: Line 72 : _
10-11 16:24:02.277  6273  6273 I ModemServiceMode: Line 73 : _
10-11 16:24:02.277  6273  6273 I ModemServiceMode: Line 74 : _
10-11 16:24:02.277  6273  6273 I ModemServiceMode: Line 75 : _
10-11 16:24:02.277  6273  6273 I ModemServiceMode: Line 76 : _
10-11 16:24:02.277  6273  6273 I ModemServiceMode: Line 77 : _
10-11 16:24:02.277  6273  6273 I ModemServiceMode: Line 78 : _
10-11 16:24:02.277  6273  6273 I ModemServiceMode: Line 79 : _
10-11 16:24:02.277  6273  6273 I ModemServiceMode: Line 80 : _
10-11 16:24:02.277  6273  6273 I ModemServiceMode: Line 81 : _
10-11 16:24:02.277  6273  6273 I ModemServiceMode: Line 82 : _
10-11 16:24:02.277  6273  6273 I ModemServiceMode: Line 83 : _
10-11 16:24:02.277  6273  6273 I ModemServiceMode: Line 84 : _
10-11 16:24:02.277  6273  6273 I ModemServiceMode: Line 85 : _
10-11 16:24:02.277  6273  6273 I ModemServiceMode: Line 86 : _
10-11 16:24:02.277  6273  6273 I ModemServiceMode: Line 87 : _
10-11 16:24:02.277  6273  6273 I ModemServiceMode: Line 88 : _
10-11 16:24:02.277  6273  6273 I ModemServiceMode: Line 89 : _
10-11 16:24:02.277  6273  6273 I ModemServiceMode: Line 90 : _
10-11 16:24:02.277  6273  6273 I ModemServiceMode: Line 91 : _
10-11 16:24:02.277  6273  6273 I ModemServiceMode: Line 92 : _
10-11 16:24:02.277  6273  6273 I ModemServiceMode: Line 93 : _
10-11 16:24:02.277  6273  6273 I ModemServiceMode: Line 94 : _
10-11 16:24:02.277  6273  6273 I ModemServiceMode: Line 95 : _
10-11 16:24:02.277  6273  6273 I ModemServiceMode: Line 96 : _
10-11 16:24:02.277  6273  6273 I ModemServiceMode: Line 97 : _
10-11 16:24:02.277  6273  6273 I ModemServiceMode: Line 98 : _
10-11 16:24:02.277  6273  6273 I ModemServiceMode: Line 99 : _
10-11 16:24:02.277  6273  6273 I ModemServiceMode: Update!
10-11 16:24:02.432   986 16375 I HYPER-HAL: [ResourceManager.cpp]removeResource(): [CPUMinFreq] RemoveResource Request ID : 807096
10-11 16:24:02.435   986 16375 I HYPER-HAL: [RequestManager.cpp]releaseLocked(): Released ID : 807096
10-11 16:24:02.476  1259  1996 D MotionEngine: [@@@ Motion Engine @@@] GetMotionScenarioId 0.258425 0.257228 10.061819 -0.035349 0.014700 0.023449 8 51 20
10-11 16:24:02.476  1259  1996 D MotionEngine: [@@@ Motion Engine @@@] GnStuckMode 0 
10-11 16:24:02.552  8612  8612 E STFService: getNetworkProperties: Location fine denied
10-11 16:24:02.677  1259  1996 D MotionEngine: [CALIBRATION] Calibration Secess(1)[-0.0427 -0.0096 0.0108]
10-11 16:24:02.924   963 16453 I sensors-hal: handle_sns_client_event:630, [0][75] gyro_sample_cal(3) [-0.001, 0.000,-0.000] 4601202014016749
10-11 16:24:02.976 16325 16370 W ContextImpl: Calling a method in the system process without a qualified user: android.app.ContextImpl.bindService:2023 android.content.ContextWrapper.bindService:870 com.google.frameworks.client.data.android.binder.j.a:9 com.google.frameworks.client.data.android.binder.r.M:4 com.google.frameworks.client.data.android.binder.r.O:0 
10-11 16:24:02.978  1259  2215 W ActivityManager: Unable to start service Intent { act=grpc.io.action.BIND cmp=com.google.android.apps.messaging/.externalapi.service.ExternalMessagingApiService } U=0: not found
10-11 16:24:03.008  2232  2232 D SSCtr   : [0] EVENT_SIGNAL_LEVEL_INFO_CHANGED - SignalBarInfo{ nrLevel=5 }
10-11 16:24:03.016  2262  2479 D MobileStatusTracker(0/1): onSignalStrengthsChanged level=1, vendorLevel=5
10-11 16:24:03.017  2232  2232 D Telephony: SamsungWfcCapabilityNotificationMgr: onSignalStrengthsChanged: level=1
10-11 16:24:03.017  2232  2232 D Telephony: SamsungWfcCapabilityNotificationMgr: onSignalStrengthsChanged: mRsrp=2147483647
10-11 16:24:03.017  2262  2479 D MobileSignalController(0/1): notifyListener: enabled=true, connected=true, dataConnected=false, networkType=NR/NR_NSA is5gAvailable=false (5G_Connected), emergencyOnly=false, roaming=false, isDefault=false, dataActivity=, level=5, ca=false, mmWave=false, disabledDataIcon=false, simCard=ETC
10-11 16:24:03.018  2262  2479 D NetworkController: SignalStrength from intent slotId=0
10-11 16:24:03.029  2232  2232 I Telephony: SamsungWifiCallRepositoryImpl: getInt() wifi_call_enable : 0 , phoneId0
10-11 16:24:03.030  2232  2232 I Telephony: SamsungWifiCallRepositoryImpl: isWifiCallEnabled [ 0] : 0
10-11 16:24:03.031  2232  2232 I Telephony: SamsungWifiCallRepositoryImpl: getWfcCapaNotiCount count :0
10-11 16:24:03.031  2232  2232 I Telephony: SamsungWifiCallRepositoryImpl: isWifiCallMenuEnabled: false
10-11 16:24:03.031  2232  2232 D Telephony: SamsungWfcCapabilityNotificationMgr: updateWFCCapabilityNotification: tryCount=0 isWiFiCallEnable=false isWifiConnected=false isWifiCallMenuEnabled=false
10-11 16:24:03.031  2232  2232 D Telephony: SamsungWfcCapabilityNotificationMgr: updateWFCCapabilityNotification: canShowWfcCapableNotification=false shouldShowWfcCapableNotification=false isShowingNotification=false rsrp=2147483647
10-11 16:24:03.391   963 16444 I sensors-hal: handle_sns_client_event:544, [0][105] accel_sample [ 0.252,  0.254, 10.032] 4601202483755812
10-11 16:24:03.440   651   651 D io_stats: !@   8,0 r 129930353 2261024888 w 28948778 394598036 d 5971489 567760748 f 0 0 iot 110276952 0 th 0 0 0 pt 0 inp 0 0 4601202.546
10-11 16:24:03.468  1259  1996 D MotionEngine: [@@@ Motion Engine @@@] GetMotionScenarioId 0.266800 0.252443 10.046266 0.007700 -0.038499 -0.002100 8 51 20
10-11 16:24:03.468  1259  1996 D MotionEngine: [@@@ Motion Engine @@@] GnStuckMode 0 
10-11 16:24:03.473  2232  2232 D ImsPhone: [0] handleMessage what=15
10-11 16:24:03.474  2232  2232 D Phone   : Event EVENT_CALL_RING_CONTINUE Received state=RINGING
10-11 16:24:03.474  2232  2232 D Phone   : Sending notifyIncomingRing
10-11 16:24:03.474  2232  2232 D CAT     : CatService: handleMessage[112]
10-11 16:24:03.474  2232  2232 D CAT     : CatService: MSG_ID_IMS_RINGING_CALL
10-11 16:24:03.553  8612  8612 E STFService: getNetworkProperties: Location fine denied
10-11 16:24:03.613 12773 12773 I SCallUI : InCallNotificationLifeComponent - isResumed - true
10-11 16:24:03.614 12773 12773 I SCallUI : InCallNotificationLifeComponent@2723f90 - @Notification: setUpView:success
10-11 16:24:03.614 12773 12773 I SCallUI : NotificationViewImpl - constructor
10-11 16:24:03.616  1259  1303 D StatusBarManagerService: setIndicatorBgColor: caller=android.uid.phone:1001, color=0
10-11 16:24:03.618 12773 12773 I SCallUI : InCallNotificationLifeComponent - getViewModel, return hashCode: e669aea
10-11 16:24:03.619 12773 12773 I SCallUI : NotificationScreenViewsManagerImpl - setUpNotificationView
10-11 16:24:03.619 12773 12773 I SCallUI : NotificationScreenViewModelImpl - onViewInject
10-11 16:24:03.619 12773 12773 I SCallUI : NotificationScreenViewsManagerImpl@fdf71db - setUp
10-11 16:24:03.619 12773 12773 I SCallUI : NotificationScreenViewsManagerImpl - injectViews
10-11 16:24:03.621 12773 12773 I SCallUI : NotificationScreenViewModelImpl - onViewInjected
10-11 16:24:03.621 12773 12773 I SCallUI : ViewModelsManager - ViewModelLifecycle: connect - NOTIFICATION_SCREEN, hash:241605354
10-11 16:24:03.622 12773 12773 I SCallUI : VideoModeControlFlow - notifyViewModelMask - skip, VideoUiState: NONE, ViewModel{POPUP, NOTIFICATION}
10-11 16:24:03.622 12773 12773 I SCallUI : ViewModelsManager - ViewModelLifecycle: notifyViewModelScreenState, connected screen: {POPUP, NOTIFICATION}
10-11 16:24:03.622 12773 12773 I SCallUI : NotificationViewImpl - setSessionLiveData, session: CallSessionData(19e0754) {CallModel_TC@2489, VOICE, RINGING, NormalCall}
10-11 16:24:03.623 12773 12773 I SCallUI : InCallNotificationLifeComponent - pauseUpdate, isPaused: false
10-11 16:24:03.623 12773 12773 I SCallUI : InCallNotificationLifeComponent - startPendingUpdate
10-11 16:24:03.623 12773 12773 I SCallUI : InCallNotificationLifeComponent - endPendingUpdate
10-11 16:24:03.624 12773 12773 I SCallUI : InCallNotificationLifeComponent - startPendingUpdate
10-11 16:24:03.624 12773 12773 I SCallUI : InCallNotificationLifeComponent - endPendingUpdate
10-11 16:24:03.624 12773 12773 I SCallUI : InCallNotificationLifeComponent - startPendingUpdate
10-11 16:24:03.625 12773 12773 I SCallUI : InCallNotificationLifeComponent - endPendingUpdate
10-11 16:24:03.626  1259  2215 D StatusBarManagerService: setIndicatorBgColor: caller=android.uid.phone:1001, color=0
10-11 16:24:03.628 12773 12773 I SCallUI : NotificationViewImpl - setPrimaryCallerInfoLiveData, CallerInfoData@1764209, mId: CallModel_TC@2489, mAddress: XXX, mDisplayName: NULL, mDisplayNumber: XXX, mCallerInfoType: FORMAT_NUMBER, mCallerNamePresentation: EMPTY, mOrganizationInfo: NULL, mPhoneType: NULL, mSmartCallIcon: null, mProfileIcon: null, mIsCompleted: true, mIsSpamOrRisk: false, mIsVerifiedCall: false, mDisplayPhoto: null
10-11 16:24:03.629 12773 12773 I SCallUI : InCallNotificationLifeComponent - startPendingUpdate
10-11 16:24:03.629 12773 12773 I SCallUI : InCallNotificationLifeComponent - endPendingUpdate
10-11 16:24:03.630 12773 12773 I SCallUI : NotificationViewImpl - setDisplayCallStateLiveData, state: Incoming call
10-11 16:24:03.630 12773 12773 I SCallUI : NotificationViewImpl - setPrimaryCallConnectTimeMillis, connectTimeMillis: null
10-11 16:24:03.630 12773 12773 I SCallUI : NotificationViewImpl - setMuteButtonLiveData, button: ButtonData(312c8ac)@id: MUTE { disabled, unchecked, VISIBLE, command } 
10-11 16:24:03.630 12773 12773 I SCallUI : InCallNotificationLifeComponent - startPendingUpdate
10-11 16:24:03.630 12773 12773 I SCallUI : InCallNotificationLifeComponent - endPendingUpdate
10-11 16:24:03.631 12773 12773 I SCallUI : NotificationViewImpl - setSpeakerButtonLiveData, button: ButtonData(27ece76)@id: SPEAKER { enabled, unchecked, VISIBLE, command } 
10-11 16:24:03.631 12773 12773 I SCallUI : InCallNotificationLifeComponent - startPendingUpdate
10-11 16:24:03.631 12773 12773 I SCallUI : InCallNotificationLifeComponent - endPendingUpdate
10-11 16:24:03.631 12773 12773 I SCallUI : InCallNotificationLifeComponent - startPendingUpdate
10-11 16:24:03.631 12773 12773 I SCallUI : InCallNotificationLifeComponent - endPendingUpdate
10-11 16:24:03.631 12773 12773 I SCallUI : NotificationViewImpl - setCallScreenStateLiveData - POPUP_SCREEN
10-11 16:24:03.632  1259  2215 D StatusBarManagerService: setIndicatorBgColor: caller=android.uid.phone:1001, color=0
10-11 16:24:03.634 12773 12773 I SCallUI : NotificationViewImpl - setShowWifiEndCallLiveData: false
10-11 16:24:03.634 12773 12773 I SCallUI : InCallNotificationLifeComponent - startPendingUpdate
