11-08 02:20:23.728 22500 22533 I STFService: CoreFrequency index: 5 current: 576000 max: 1804800
11-08 02:20:23.731 22500 22533 I STFService: CoreFrequency index: 6 current: 691200 max: 2208000
11-08 02:20:23.733 22500 22533 I STFService: CoreFrequency index: 7 current: 1228800 max: 2208000
11-08 02:20:23.934  2293  2293 I UiThreadMonitor: setAwake 282653 3000 339
11-08 02:20:24.119   987  4378 I sensors-hal: handle_sns_client_event:544, [0][498046] accel_sample [-0.232,  0.504,  9.829] 925393982232264
11-08 02:20:24.194  1292  2526 I am_mem_factor: [0,2]
11-08 02:20:24.209 28596 28645 I content_query_sample: cp_s: [CONTACT con(6) dat(12) acc({sim(3)=3, phone(2)=3}) calls([logtype:100 cnt:6, logtype:200 cnt:5, logtype:500 cnt:108, logtype:1000 cnt:1886]) Iso(US) uId(0) ]\r
11-08 02:20:24.209 28596 28645 I content_query_sample: cp_s: [ agr({[3]=3, [2]=3}) ]\r
11-08 02:20:24.209 28596 28645 I content_query_sample: cp_s: [ cnt({acore(28596)=1}) ]\r
11-08 02:20:24.209 28596 28645 I content_query_sample: cp_s: [PROFILE ] [SAPROFILE ]\r
11-08 02:20:24.209 28596 28645 I content_query_sample: cp_s: [STATE R(F) ]
11-08 02:20:24.210 28596 28645 I ContactsProvider_EventLog: cp_s: [CONTACT con(6) dat(12) acc({sim(3)=3, phone(2)=3}) calls([logtype:100 cnt:6, logtype:200 cnt:5, logtype:500 cnt:108, logtype:1000 cnt:1886]) Iso(US) uId(0) ]\r
11-08 02:20:24.210 28596 28645 I ContactsProvider_EventLog: cp_s: [ agr({[3]=3, [2]=3}) ]\r
11-08 02:20:24.210 28596 28645 I ContactsProvider_EventLog: cp_s: [ cnt({acore(28596)=1}) ]\r
11-08 02:20:24.210 28596 28645 I ContactsProvider_EventLog: cp_s: [PROFILE ] [SAPROFILE ]\r
11-08 02:20:24.210 28596 28645 I ContactsProvider_EventLog: cp_s: [STATE R(F) ]
11-08 02:20:24.512  1292  1729 I am_meminfo: [160382976,133382144,668721152,658124800,518650880]
11-08 02:20:24.524  1292  1729 I am_pss  : [2768,10120,com.sec.android.app.launcher,135187456,102514688,29731840,144613376,1,2,9]
11-08 02:20:24.540  1292  1729 I am_pss  : [21769,10215,com.google.android.googlequicksearchbox:search,174583808,83484672,86665216,128577536,1,3,13]
11-08 02:20:24.547  1292  1729 I am_pss  : [17275,99002,com.google.android.webview:sandboxed_process0:org.chromium.content.app.SandboxedProcessService0:1,48427008,1392640,46671872,11710464,1,3,6]
11-08 02:20:24.567 22500 22500 E STFService: getNetworkProperties: Location fine denied
11-08 02:20:24.572  1292  2526 D AppOps  : noteOperation: reject #3 for code 105 (105) uid 1001 package com.android.phone flags: s
11-08 02:20:24.575  1292  1729 I am_pss  : [7302,10215,com.google.android.googlequicksearchbox:interactor,526107648,496488448,26452992,526434304,1,3,27]
11-08 02:20:24.584  1292  1729 I am_pss  : [26803,10093,com.samsung.android.dialer,39538688,27561984,499712,96972800,1,15,8]
11-08 02:20:24.593  1292  1729 I am_pss  : [18478,1000,com.android.settings,50023424,2084864,45531136,41611264,1,16,8]
11-08 02:20:24.603  1292  1729 I am_pss  : [4371,10162,com.samsung.android.honeyboard,83130368,12976128,68059136,51503104,1,7,9]
11-08 02:20:24.609  1292  1729 I am_pss  : [3327,10095,com.samsung.android.mcfserver,12685312,430080,11830272,18620416,1,6,4]
11-08 02:20:24.636  1292  1729 I am_pss  : [18972,10224,com.android.chrome,413367296,81367040,331289600,92004352,1,16,26]
11-08 02:20:24.643  1292  1729 I am_pss  : [20569,90066,com.android.chrome:sandboxed_process0:org.chromium.content.app.SandboxedProcessService0:538,33736704,3112960,30257152,14610432,1,17,6]
11-08 02:20:24.650  1292  1729 I am_pss  : [21309,90070,com.android.chrome:sandboxed_process0:org.chromium.content.app.SandboxedProcessService0:542,33701888,3104768,30226432,14610432,1,17,6]
11-08 02:20:24.660  1292  1729 I am_pss  : [9247,10224,com.android.chrome:privileged_process1,43908096,18292736,25086976,28004352,1,17,8]
11-08 02:20:24.668  1292  1729 I am_pss  : [20939,90068,com.android.chrome:sandboxed_process0:org.chromium.content.app.SandboxedProcessService0:540,33727488,3108864,30251008,14610432,1,17,6]
11-08 02:20:24.674  1292  1729 I am_pss  : [17028,90063,com.android.chrome:sandboxed_process0:org.chromium.content.app.SandboxedProcessService0:535,32098304,2977792,28778496,14024704,1,17,5]
11-08 02:20:24.680  1292  1729 I am_pss  : [17337,90064,com.android.chrome:sandboxed_process0:org.chromium.content.app.SandboxedProcessService0:536,15223808,2084864,12751872,13619200,1,17,5]
11-08 02:20:24.686  1292  1729 I am_pss  : [20741,90002,com.android.chrome:sandboxed_process0:org.chromium.content.app.SandboxedProcessService0:2,11251712,2191360,8814592,7499776,1,17,5]
11-08 02:20:24.693  1292  1729 I am_pss  : [8297,90060,com.android.chrome:sandboxed_process0:org.chromium.content.app.SandboxedProcessService0:532,33118208,3063808,29771776,12603392,1,17,6]
11-08 02:20:24.700  1292  1729 I am_pss  : [7973,90058,com.android.chrome:sandboxed_process0:org.chromium.content.app.SandboxedProcessService0:530,34420736,3190784,30949376,12713984,1,17,6]
11-08 02:20:24.707  1292  1729 I am_pss  : [7393,90056,com.android.chrome:sandboxed_process0:org.chromium.content.app.SandboxedProcessService0:528,34171904,3198976,30669824,12828672,1,17,6]
11-08 02:20:24.714  1292  1729 I am_pss  : [4229,90054,com.android.chrome:sandboxed_process0:org.chromium.content.app.SandboxedProcessService0:526,33335296,3203072,29850624,12738560,1,17,6]
11-08 02:20:24.721  1292  1729 I am_pss  : [3689,90052,com.android.chrome:sandboxed_process0:org.chromium.content.app.SandboxedProcessService0:524,33934336,3186688,30458880,12742656,1,17,5]
11-08 02:20:24.728  1292  1729 I am_pss  : [3183,90050,com.android.chrome:sandboxed_process0:org.chromium.content.app.SandboxedProcessService0:522,33799168,2289664,31236096,11640832,1,17,7]
11-08 02:20:24.735  1292  1729 I am_pss  : [31355,90048,com.android.chrome:sandboxed_process0:org.chromium.content.app.SandboxedProcessService0:520,34039808,3125248,30630912,12656640,1,17,6]
11-08 02:20:24.742  1292  1729 I am_pss  : [31022,90046,com.android.chrome:sandboxed_process0:org.chromium.content.app.SandboxedProcessService0:518,34096128,3153920,30658560,12713984,1,17,6]
11-08 02:20:24.749  1292  1729 I am_pss  : [30263,90044,com.android.chrome:sandboxed_process0:org.chromium.content.app.SandboxedProcessService0:516,34475008,3239936,30958592,12632064,1,17,7]
11-08 02:20:24.757  1292  1729 I am_pss  : [17457,90042,com.android.chrome:sandboxed_process0:org.chromium.content.app.SandboxedProcessService0:514,32391168,3162112,28960768,12210176,1,17,6]
11-08 02:20:24.764  1292  1729 I am_pss  : [17140,90039,com.android.chrome:sandboxed_process0:org.chromium.content.app.SandboxedProcessService0:512,33938432,3055616,30616576,12087296,1,17,6]
11-08 02:20:24.770  1292  1729 I am_pss  : [16855,90037,com.android.chrome:sandboxed_process0:org.chromium.content.app.SandboxedProcessService0:510,32801792,3059712,29471744,12124160,1,17,5]
11-08 02:20:24.777  1292  1729 I am_pss  : [13994,90035,com.android.chrome:sandboxed_process0:org.chromium.content.app.SandboxedProcessService0:508,33720320,3170304,30267392,12292096,1,17,6]
11-08 02:20:24.784  1292  1729 I am_pss  : [13416,90031,com.android.chrome:sandboxed_process0:org.chromium.content.app.SandboxedProcessService0:504,32965632,3149824,29549568,12185600,1,17,6]
11-08 02:20:24.790  1292  1729 I am_pss  : [14188,90017,com.android.chrome:sandboxed_process0:org.chromium.content.app.SandboxedProcessService0:490,33231872,3223552,29757440,11517952,1,17,6]
11-08 02:20:24.796  1292  1729 I am_pss  : [22304,1001,com.sec.phone,6057984,2297856,3102720,24821760,1,10,4]
11-08 02:20:24.804  1292  1729 I am_pss  : [32151,10214,com.google.android.gms,47346688,8519680,35090432,38137856,1,3,7]
11-08 02:20:24.814  1292  1729 I am_pss  : [22457,10214,com.google.android.gms.persistent,74101760,26374144,43633664,67444736,1,3,9]
11-08 02:20:24.820  1292  1729 I am_pss  : [3883,10099,com.samsung.android.smartsuggestions,11667456,2043904,9012224,23027712,1,5,5]
11-08 02:20:24.829  1292  1729 I am_pss  : [12393,10217,com.google.android.apps.tachyon,40043520,5648384,33083392,41209856,1,19,8]
11-08 02:20:24.835  7302  7310 I hbox:interactor: Background concurrent copying GC freed 3663684(98MB) AllocSpace objects, 0(0B) LOS objects, 6% free, 339MB/363MB, paused 113us,25us total 635.838ms
11-08 02:20:24.836  1292  1729 I am_pss  : [27745,10246,com.google.android.permissioncontroller,9795584,7630848,628736,42307584,1,19,6]
11-08 02:20:24.842  1292  1729 I am_pss  : [10591,10213,com.android.vending:background,27498496,2527232,24007680,25587712,1,4,6]
11-08 02:20:24.853  1292  1729 I am_pss  : [23391,10213,com.android.vending,83282944,14254080,67259392,51470336,1,4,9]
11-08 02:20:24.861  1292  1729 I am_pss  : [28596,10044,android.process.acore,30236672,4382720,25290752,25288704,1,19,7]
11-08 02:20:24.868  1292  1729 I am_pss  : [3113,1000,com.sec.epdg,16506880,1028096,14908416,23248896,1,6,6]
11-08 02:20:24.877  1292  1729 I am_pss  : [30541,5004,com.samsung.cmh:CMH,12508160,4546560,7440384,25853952,1,19,6]
11-08 02:20:24.886  1292  1729 I am_pss  : [23362,10091,com.samsung.android.scs,35182592,8003584,25796608,36892672,1,19,8]
11-08 02:20:24.894  1292  1729 I am_pss  : [3865,10255,com.google.android.providers.media.module,16893952,4431872,11919360,23244800,1,0,7]
11-08 02:20:24.902  1292  1729 I am_pss  : [30287,10050,android.process.media,18610176,3547136,14465024,26533888,1,19,7]
11-08 02:20:24.912  1292  1729 I am_pss  : [26435,10051,com.android.systemui:edgelighting,25812992,1024000,21123072,50876416,1,19,8]
11-08 02:20:24.920  1292  1729 I am_pss  : [24345,5009,com.samsung.android.scloud,14468096,278528,12788736,35504128,1,19,7]
11-08 02:20:24.920   650   650 D io_stats: !@   8,0 r 62128351 980051496 w 8745806 82526668 d 2157451 134037532 f 0 0 iot 43268800 0 th 0 0 0 pt 0 inp 0 0 925394.798
11-08 02:20:24.921   650   650 D io_stats: !@ Read_top(KB): system_server(1292) 304 sh(28180) 156 sh(28188) 132
11-08 02:20:24.921   650   650 D io_stats: !@ Write_top(KB): kworker/u16:0(15647) 524 d.process.acore(28596) 8 system_server(1292) 8
11-08 02:20:24.928  1292  1729 I am_pss  : [24307,5009,com.samsung.android.scpm,10685440,155648,9459712,31440896,1,19,6]
11-08 02:20:24.936  1292  1729 I am_pss  : [24225,5026,com.samsung.android.app.sharelive,22693888,1138688,20416512,33308672,1,19,7]
11-08 02:20:24.944  1292  1729 I am_pss  : [26324,10077,com.wsomacp,7698432,2748416,4079616,28028928,1,19,6]
11-08 02:20:24.954  1292  1729 I am_pss  : [25266,10266,com.samsung.android.spay,16304128,5554176,7819264,53317632,1,10,8]
11-08 02:20:24.962  1292  1729 I am_pss  : [21861,1000,com.samsung.InputEventApp,7027712,688128,5004288,35196928,1,10,6]
11-08 02:20:24.970  1292  1729 I am_pss  : [21601,1000,android:drmService,6024192,520192,4440064,29585408,1,10,7]
11-08 02:20:24.978  1292  1729 I am_pss  : [5636,10082,com.samsung.android.rubin.app,15049728,2801664,10960896,39047168,1,10,7]
11-08 02:20:24.987  1292  1729 I am_pss  : [2531,1002,com.android.bluetooth,22094848,4300800,16990208,29827072,1,0,7]
11-08 02:20:24.996  1292  1729 I am_pss  : [2664,10253,com.google.android.ext.services,37268480,3141632,32944128,29470720,1,5,7]
11-08 02:20:25.003  1292  1729 I am_pss  : [22540,10237,com.google.android.setupwizard,8683520,671744,7326720,27447296,1,4,6]
11-08 02:20:25.011  1292  1729 I am_pss  : [3884,10206,com.google.android.as,23334912,4251648,18497536,26365952,1,5,6]
11-08 02:20:25.018  1292  1729 I am_pss  : [22500,10300,jp.co.cyberagent.stf,8876032,4845568,3326976,31232000,1,4,6]
11-08 02:20:25.025  1292  1729 I am_pss  : [10685,5006,com.samsung.android.beaconmanager,7569408,401408,6715392,19185664,1,8,6]
11-08 02:20:25.032  1292  1729 I am_pss  : [7675,10233,com.dish.wireless.carrierapp,8195072,425984,7357440,19001344,1,5,6]
11-08 02:20:25.040  1292  1729 I am_pss  : [3973,1000,com.sec.android.sdhms,25331712,10534912,13715456,36073472,1,0,7]
11-08 02:20:25.047  1292  1729 I am_pss  : [4008,1000,com.qualcomm.qti.services.secureui:sui_service,7561216,405504,6987776,9699328,1,0,5]
11-08 02:20:25.054  1292  1729 I am_pss  : [3943,1000,com.sec.android.diagmonagent,15792128,4431872,10730496,25726976,1,0,6]
11-08 02:20:25.062  1292  1729 I am_pss  : [3533,1000,com.sec.imsservice:CloudMessageService,14385152,659456,13243392,20959232,1,6,6]
11-08 02:20:25.069  1292  1729 I am_pss  : [3196,5013,com.sec.location.nsflp2,13737984,4505600,8653824,26660864,1,5,6]
11-08 02:20:25.080  1292  1729 I am_pss  : [2627,1000,com.sec.imsservice,53022720,4890624,47154176,33345536,1,0,10]
11-08 02:20:25.086  1292  1729 I am_pss  : [2631,1068,com.android.se,7176192,417792,6602752,9154560,1,0,5]
11-08 02:20:25.093  1292  1729 I am_pss  : [2622,1027,com.android.nfc,18498560,1581056,16522240,18604032,1,0,7]
11-08 02:20:25.100  1292  1729 I am_pss  : [2620,1000,com.sec.sve,12033024,421888,11295744,15339520,1,0,6]
11-08 02:20:25.107  1292  1729 I am_pss  : [2590,10196,.qtidataservices,11515904,397312,10840064,13684736,1,0,6]
11-08 02:20:25.115  1292  1729 I am_pss  : [2325,1073,com.android.networkstack.process,14278656,2265088,11420672,23134208,1,0,7]
11-08 02:20:25.132  1292  1729 I am_pss  : [2293,10051,com.android.systemui,116573184,77881344,34784256,123826176,1,0,15]
11-08 02:20:25.146  1292  1729 I am_pss  : [2258,1001,com.android.phone,74364928,46313472,23058432,93515776,1,0,12]
11-08 02:20:25.184  1292  1729 I am_pss  : [1292,1000,system,367110144,268390400,84383744,334974976,1,0,34]
11-08 02:20:25.570 22500 22500 E STFService: getNetworkProperties: Location fine denied
11-08 02:20:25.582  1292 14222 D AppOps  : noteOperation: reject #3 for code 105 (105) uid 1001 package com.android.phone flags: s
11-08 02:20:26.133   987  4378 I sensors-hal: handle_sns_client_event:544, [0][498154] accel_sample [-0.217,  0.502,  9.845] 925395997650180
11-08 02:20:26.572 22500 22500 E STFService: getNetworkProperties: Location fine denied
11-08 02:20:26.595  1292  2526 D AppOps  : noteOperation: reject #3 for code 105 (105) uid 1001 package com.android.phone flags: s
11-08 02:20:26.704  1292 14222 D SGM:GameManager: identifyForegroundApp. com.sec.android.app.launcher, mCurrentUserId: 0, callerUserId: 0
11-08 02:20:26.705  1292 14222 D SGM:PkgDataHelper: getGamePkgData(). com.sec.android.app.launcher
11-08 02:20:26.705 30541 30596 I PolicyManager: [#CMH#] Is foreground game app: false
11-08 02:20:26.922   650   650 D io_stats: !@   8,0 r 62128367 980051680 w 8745806 82526668 d 2157451 134037532 f 0 0 iot 43268828 0 th 0 0 0 pt 0 inp 0 0 925396.800
11-08 02:20:26.936  2293  2293 I UiThreadMonitor: setAwake 282654 3003 339
11-08 02:20:27.062  7302  7310 I hbox:interactor: Background concurrent copying GC freed 1630000(43MB) AllocSpace objects, 0(0B) LOS objects, 6% free, 324MB/348MB, paused 1.551ms,34us total 641.452ms
11-08 02:20:27.572 22500 22500 E STFService: getNetworkProperties: Location fine denied
11-08 02:20:27.617  1292 14222 D AppOps  : noteOperation: reject #3 for code 105 (105) uid 1001 package com.android.phone flags: s
11-08 02:20:27.870   987 22214 I sensors-hal: handle_sns_client_event:229, auto_rotation_event_2: mode:255, type:1:0/-0.208,0.498,9.823, ar:0
11-08 02:20:28.149   987  4378 I sensors-hal: handle_sns_client_event:544, [0][498262] accel_sample [-0.221,  0.506,  9.833] 925398013022837
11-08 02:20:28.574 22500 22500 E STFService: getNetworkProperties: Location fine denied
11-08 02:20:28.638  1292  2526 D AppOps  : noteOperation: reject #3 for code 105 (105) uid 1001 package com.android.phone flags: s
11-08 02:20:28.742 22500 22533 I STFService: CoreFrequency index: 0 current: 576000 max: 1804800
11-08 02:20:28.744 22500 22533 I STFService: CoreFrequency index: 1 current: 576000 max: 1804800
11-08 02:20:28.745 22500 22533 I STFService: CoreFrequency index: 2 current: 576000 max: 1804800
11-08 02:20:28.746 22500 22533 I STFService: CoreFrequency index: 3 current: 576000 max: 1804800
11-08 02:20:28.747 22500 22533 I STFService: CoreFrequency index: 4 current: 576000 max: 1804800
11-08 02:20:28.748 22500 22533 I STFService: CoreFrequency index: 5 current: 576000 max: 1804800
11-08 02:20:28.750 22500 22533 I STFService: CoreFrequency index: 6 current: 940800 max: 2208000
11-08 02:20:28.752 22500 22533 I STFService: CoreFrequency index: 7 current: 940800 max: 2208000
11-08 02:20:28.924   650   650 D io_stats: !@ Read_top(KB): samsung.cmh:CMH(30541) 180 kworker/u16:0(15647) 4
11-08 02:20:29.221  1147  1201 I VSyncReactor: Current= 60, Period= 60, hwcPeriod= 60
11-08 02:20:29.577 22500 22500 E STFService: getNetworkProperties: Location fine denied
11-08 02:20:29.652  1292 14222 D AppOps  : noteOperation: reject #3 for code 105 (105) uid 1001 package com.android.phone flags: s
11-08 02:20:29.664  3973  4574 I SDHMS:D : SIOP:: AP:310 BAT:270 USB:0 CHG:315 PA:301 WIFI:293 BLK:0 SUBBAT:0 SKIN:305 LRP:305 LRP2:305 LRF2:286 LRB2:305 AP2:301 CHG2:289 MEM2:305 WIFI2:301 SPK2:260 VAP:322 
11-08 02:20:29.664  3973  4574 I SDHMS:D : MODEMQ:: MMWTHM:-777(-777) 
11-08 02:20:29.937  2293  2293 I UiThreadMonitor: setAwake 282655 3000 336
11-08 02:20:30.164   987  4378 I sensors-hal: handle_sns_client_event:544, [0][498370] accel_sample [-0.236,  0.504,  9.846] 925400028471482
11-08 02:20:30.570  7302  7310 I hbox:interactor: Background concurrent copying GC freed 1165463(31MB) AllocSpace objects, 0(0B) LOS objects, 6% free, 321MB/345MB, paused 147us,24us total 634.880ms
11-08 02:20:30.578 22500 22500 E STFService: getNetworkProperties: Location fine denied
11-08 02:20:30.668  1292  2526 D AppOps  : noteOperation: reject #3 for code 105 (105) uid 1001 package com.android.phone flags: s
11-08 02:20:30.926   650   650 D io_stats: !@   8,0 r 62128368 980051684 w 8745809 82526680 d 2157451 134037532 f 0 0 iot 43268848 0 th 0 0 0 pt 0 inp 0 0 925400.803
11-08 02:20:31.018  1147  1912 E SurfaceFlinger: Permission Denial: SurfaceFlinger did not recognize request code: 1598640985
11-08 02:20:31.580 22500 22500 E STFService: getNetworkProperties: Location fine denied
11-08 02:20:31.694  1292  2526 D AppOps  : noteOperation: reject #3 for code 105 (105) uid 1001 package com.android.phone flags: s
11-08 02:20:32.180   987  4378 I sensors-hal: handle_sns_client_event:544, [0][498478] accel_sample [-0.226,  0.500,  9.813] 925402043889660
11-08 02:20:32.582 22500 22500 E STFService: getNetworkProperties: Location fine denied
11-08 02:20:32.719  1292  2526 D AppOps  : noteOperation: reject #3 for code 105 (105) uid 1001 package com.android.phone flags: s
11-08 02:20:32.928   650   650 D io_stats: !@ Read_top(KB): earchbox:search(21769) 4
11-08 02:20:32.928   650   650 D io_stats: !@ Write_top(KB): kworker/u16:0(15647) 12
11-08 02:20:32.938  2293  2293 I UiThreadMonitor: setAwake 282656 3002 336
11-08 02:20:33.500   985   985 I android.hardware.health@2.1-service-samsung: updateLrpSysfs: write: 305
11-08 02:20:33.584 22500 22500 E STFService: getNetworkProperties: Location fine denied
11-08 02:20:33.585  7302  7310 I hbox:interactor: Background concurrent copying GC freed 1154196(30MB) AllocSpace objects, 0(0B) LOS objects, 6% free, 318MB/342MB, paused 1.269ms,35us total 653.547ms
11-08 02:20:33.742  1292  2526 D AppOps  : noteOperation: reject #3 for code 105 (105) uid 1001 package com.android.phone flags: s
11-08 02:20:33.763 22500 22533 I STFService: CoreFrequency index: 0 current: 576000 max: 1804800
11-08 02:20:33.767 22500 22533 I STFService: CoreFrequency index: 1 current: 576000 max: 1804800
11-08 02:20:33.771 22500 22533 I STFService: CoreFrequency index: 2 current: 691200 max: 1804800
11-08 02:20:33.775 22500 22533 I STFService: CoreFrequency index: 3 current: 691200 max: 1804800
11-08 02:20:33.777 22500 22533 I STFService: CoreFrequency index: 4 current: 691200 max: 1804800
11-08 02:20:33.780 22500 22533 I STFService: CoreFrequency index: 5 current: 691200 max: 1804800
11-08 02:20:33.787 22500 22533 I STFService: CoreFrequency index: 6 current: 691200 max: 2208000
11-08 02:20:33.795 22500 22533 I STFService: CoreFrequency index: 7 current: 691200 max: 2208000
11-08 02:20:33.841  1292  2037 D ActivityTaskManager: SafeActivityOptions created, mOriginalCallingPid=1292, mOriginalCallingUid=1000, options=ActivityOptions(9714044), mPackageName=null, mAnimationType=-1, mStartX=0, mStartY=0, mWidth=0, mHeight=0, caller=com.android.server.am.PendingIntentRecord.sendInner:471 com.android.server.am.ActivityManagerService.sendIntentSender:6557 com.android.server.am.ActivityManagerService.sendIntentSender:6546 android.app.PendingIntent.sendAndReturnResult:1029 android.app.PendingIntent.send:1000 com.android.server.alarm.AlarmManagerService$DeliveryTracker.deliverLocked:6377 com.android.server.alarm.AlarmManagerService.deliverAlarmsLocked:5218 
11-08 02:20:33.842  1292  2037 D AppOps  : noteOperation: reject #3 for code 24 (24) uid 10061 package com.samsung.android.game.gos flags: s
11-08 02:20:33.848  1292  2037 I am_uid_running: 10061
11-08 02:20:33.852  1292  2037 D CompatibilityChangeReporter: Compat change id reported: 135634846; UID 10061; state: DISABLED
11-08 02:20:33.853  1292  2037 D CompatibilityChangeReporter: Compat change id reported: 177438394; UID 10061; state: DISABLED
11-08 02:20:33.853  1292  2037 D CompatibilityChangeReporter: Compat change id reported: 135772972; UID 10061; state: DISABLED
11-08 02:20:33.854  1292  2037 D CompatibilityChangeReporter: Compat change id reported: 135754954; UID 10061; state: ENABLED
11-08 02:20:33.857  1292  2037 D ActivityManager: Received SERVICE intent 0xb569b4d Key{startService pkg=com.samsung.android.game.gos intent=cmp=com.samsung.android.game.gos/.service.MainIntentService flags=0x2000000 u=0} requestCode=1000 from uid 1000
11-08 02:20:33.858  1292  1731 D CompatibilityChangeReporter: Compat change id reported: 143937733; UID 10061; state: ENABLED
11-08 02:20:33.863  1292  2037 D ActivityTaskManager: SafeActivityOptions created, mOriginalCallingPid=1292, mOriginalCallingUid=1000, options=ActivityOptions(62145114), mPackageName=null, mAnimationType=-1, mStartX=0, mStartY=0, mWidth=0, mHeight=0, caller=com.android.server.am.PendingIntentRecord.sendInner:471 com.android.server.am.ActivityManagerService.sendIntentSender:6557 com.android.server.am.ActivityManagerService.sendIntentSender:6546 android.app.PendingIntent.sendAndReturnResult:1029 android.app.PendingIntent.send:1000 com.android.server.alarm.AlarmManagerService$DeliveryTracker.deliverLocked:6377 com.android.server.alarm.AlarmManagerService.deliverAlarmsLocked:5218 
11-08 02:20:33.864  1292  2037 D ActivityManager: Received BROADCAST intent 0xc2afe64 Key{broadcastIntent pkg=com.sec.android.sdhms intent=act=com.sec.android.alarm.refresh.battery_stats flags=0x4000000 u=0} requestCode=0 sent=0 from uid 1000
11-08 02:20:33.867  1292  2037 D ActivityTaskManager: SafeActivityOptions created, mOriginalCallingPid=1292, mOriginalCallingUid=1000, options=ActivityOptions(162099560), mPackageName=null, mAnimationType=-1, mStartX=0, mStartY=0, mWidth=0, mHeight=0, caller=com.android.server.am.PendingIntentRecord.sendInner:471 com.android.server.am.ActivityManagerService.sendIntentSender:6557 com.android.server.am.ActivityManagerService.sendIntentSender:6546 android.app.PendingIntent.sendAndReturnResult:1029 android.app.PendingIntent.send:1000 com.android.server.alarm.AlarmManagerService$DeliveryTracker.deliverLocked:6377 com.android.server.alarm.AlarmManagerService.deliverAlarmsLocked:5218 
11-08 02:20:33.868  1292  2037 D ActivityManager: Received BROADCAST intent 0xb384820 Key{broadcastIntent pkg=com.google.android.gms/com.google.android.gms.scheduler intent=act=com.google.android.gms.gcm.ACTION_CHECK_QUEUE cmp=com.google.android.gms/.gcm.nts.SchedulerInternalReceiver flags=0x2000000 u=0} requestCode=0 sent=0 from uid 1000
11-08 02:20:33.869  1292  2037 D ActivityTaskManager: SafeActivityOptions created, mOriginalCallingPid=1292, mOriginalCallingUid=1000, options=ActivityOptions(203630977), mPackageName=null, mAnimationType=-1, mStartX=0, mStartY=0, mWidth=0, mHeight=0, caller=com.android.server.am.PendingIntentRecord.sendInner:471 com.android.server.am.ActivityManagerService.sendIntentSender:6557 com.android.server.am.ActivityManagerService.sendIntentSender:6546 android.app.PendingIntent.sendAndReturnResult:1029 android.app.PendingIntent.send:1000 com.android.server.alarm.AlarmManagerService$DeliveryTracker.deliverLocked:6377 com.android.server.alarm.AlarmManagerService.deliverAlarmsLocked:5218 
11-08 02:20:33.870  1292  2037 D ActivityManager: Received BROADCAST intent 0x491f8ba Key{broadcastIntent pkg=com.samsung.android.rubin.app intent=act=com.samsung.android.rubin.controller.keepaliveservice.ACTION_SERVICE_ALARM pkg=com.samsung.android.rubin.app cmp=com.samsung.android.rubin.app/com.samsung.android.rubin.controller.KeepAliveService$AlarmBroadcastReceiver flags=0x4000000 u=0} requestCode=0 sent=0 from uid 1000
11-08 02:20:33.874   866   866 D Zygote  : Forked child process 28190
11-08 02:20:33.875  1292  1292 I power_partial_wake_state: [CHG,11,*alarm*:android]
11-08 02:20:33.875  1292  1731 I am_proc_start: [0,28190,10061,com.samsung.android.game.gos,service,{com.samsung.android.game.gos/com.samsung.android.game.gos.service.MainIntentService}]
11-08 02:20:33.877  1292  1731 I ActivityManager: Start proc 28190:com.samsung.android.game.gos/u0a61 for service {com.samsung.android.game.gos/com.samsung.android.game.gos.service.MainIntentService}
11-08 02:20:33.880  1292  1292 I power_partial_wake_state: [CHG,6,*alarm*:android]
11-08 02:20:33.902  1292  2526 D CompatibilityChangeReporter: Compat change id reported: 168419799; UID 10082; state: DISABLED
11-08 02:20:33.903  1292  1292 I power_partial_wake_state: [CHG,22,*alarm*:android]
11-08 02:20:33.922  1292  1292 I power_partial_wake_state: [REL,20,*alarm*:android]
11-08 02:20:33.922  1292  2030 I UMR     : B|Compact com.samsung.android.rubin.app(5636)
11-08 02:20:33.923  1292  2526 I power_partial_wake_state: [REL,20,*gms_scheduler*:internal:com.google.android.gms]
11-08 02:20:33.946 28190 28190 I ndroid.game.gos: Using CollectorTypeCC GC.
11-08 02:20:33.950 28190 28190 E ndroid.game.gos: Not starting debugger since process cannot load the jdwp agent.
11-08 02:20:33.956 28190 28190 D ActivityThread: setConscryptValidator
11-08 02:20:33.956 28190 28190 D ActivityThread: setConscryptValidator - put
11-08 02:20:33.960  1292  2030 I UMR     : E|Compact d_rss=-14732KB
11-08 02:20:33.960  1292  2030 I am_compact: [5636,com.samsung.android.rubin.app,anon,36576,21192,14732,39240,-14732,0,-14732,15228,38,0,0,905,10,1745836,-2680]
11-08 02:20:33.964  1292  2526 I ActivityManager: DSS OFF for com.samsung.android.game.gos
11-08 02:20:33.965  1292  2526 I am_proc_bound: [0,28190,com.samsung.android.game.gos]
11-08 02:20:33.978 28190 28190 D CompatibilityChangeReporter: Compat change id reported: 171979766; UID 10061; state: ENABLED
11-08 02:20:34.041  3973  4576 I SDHMS:m : Polling event handleUpdatedDeltaLocked will starts.
11-08 02:20:34.043  3973  4576 I SDHMS:m : handleUpdatedDeltaLocked : 2023-11-08 02:09:37.503 ~ 2023-11-08 02:20:34.041   reason=POLLING
11-08 02:20:34.044  3973  4576 I SDHMS:m : Polling event handleUpdatedDeltaLocked finished.
11-08 02:20:34.045  3973  4310 I SDHMS:PowerAnomaly:BatteryStatsDBManager: BarTender DB  BulkInsert Start / size=179
11-08 02:20:34.047  3973  4310 I SDHMS:BatteryStatsDBProvider: BarTender DB Provider bulkInsert Start
11-08 02:20:34.101  1292 14222 I GenerationRegistry: mBackingStore.isClosed() : false
11-08 02:20:34.155  1292 14222 I GenerationRegistry: mBackingStore.isClosed() : false
11-08 02:20:34.181  3973  4310 I SDHMS:BatteryStatsDBProvider: BarTender DB Provider bulkInsert End
11-08 02:20:34.181  3973  4310 I SDHMS:PowerAnomaly:BatteryStatsDBManager: BarTender DB  BulkInsert End
11-08 02:20:34.195   987  4378 I sensors-hal: handle_sns_client_event:544, [0][498586] accel_sample [-0.220,  0.497,  9.839] 925404059331170
11-08 02:20:34.211  3973  4310 I SDHMS:BarTender:Gatherer:BatteryStats: BarTender addStats To DB (171 ms)
11-08 02:20:34.250 28190 28212 I GOS:DssFeature: dpi: 450, width: 1080, height: 2208
11-08 02:20:34.271 28190 28212 I GOS:VrrFeature: updateDisplayModes(): displayModes: [{id=1, width=1080, height=2408, fps=120.00001, alternativeRefreshRates=[60.000004]}, {id=2, width=1080, height=2408, fps=60.000004, alternativeRefreshRates=[120.00001]}]
11-08 02:20:34.271 28190 28212 I GOS:VrrFeature: updateDisplayModes()-{96=null, 48=null, 120=1, 90=null, 60=2}
11-08 02:20:34.273  1292 14222 D SGM:GameManager: respondWithJson. command: is_variable_refresh_rate_supported
11-08 02:20:34.273  1292 14222 D SGM:GameManager: jsonParam : null
11-08 02:20:34.273  1292 14222 D SGM:GameManager: response : {\"value_bool_1\":true}
11-08 02:20:34.279 28190 28212 I GOS:PlatformUtil: getSemPlatformVersion(). SEM_PLATFORM_INT: 140100
11-08 02:20:34.290 28190 28212 I SemDvfsManager: SemDvfsManager:: New instance is created for com.samsung.android.game.gos/28190@0, type = -999
11-08 02:20:34.291 28190 28212 I SemDvfsHyPerManager: GetSupportedFrequency[805310465][0] 2092
11-08 02:20:34.292 28190 28212 I SemDvfsHyPerManager: GetSupportedFrequency[805310465][1] 1804
11-08 02:20:34.292 28190 28212 I SemDvfsHyPerManager: GetSupportedFrequency[805310465][2] 1555
11-08 02:20:34.292 28190 28212 I SemDvfsHyPerManager: GetSupportedFrequency[805310465][3] 1353
11-08 02:20:34.292 28190 28212 I SemDvfsHyPerManager: GetSupportedFrequency[805310465][4] 1017
11-08 02:20:34.292 28190 28212 I SemDvfsHyPerManager: GetSupportedFrequency[805310465][5] 768
11-08 02:20:34.292 28190 28212 I SemDvfsHyPerManager: GetSupportedFrequency[805310465][6] 681
11-08 02:20:34.292 28190 28212 I SemDvfsHyPerManager: GetSupportedFrequency[805310465][7] 547
11-08 02:20:34.292  3973  4310 I SDHMS:BarTender:Gatherer:BatteryStats: BarTender addStats To ExtDB (81 ms)
11-08 02:20:34.292 28190 28212 I SemDvfsHyPerManager: GetSupportedFrequency[805310465][8] 451
11-08 02:20:34.292  3973  4310 I SDHMS:BarTender:Gatherer:BatteryStats: refreshBatteryStats completed (252 ms)
11-08 02:20:34.292 28190 28212 I SemDvfsHyPerManager: GetSupportedFrequency[805310465][9] 300
11-08 02:20:34.292 28190 28212 I SemDvfsHyPerManager: GetSupportedFrequency[805310465][10] 200
11-08 02:20:34.292 28190 28212 I SemDvfsManager: SemDvfsManager:: New instance is created for com.samsung.android.game.gos/28190@1, type = -999
11-08 02:20:34.292 28190 28212 I SemDvfsManager: SemDvfsManager:: New instance is created for com.samsung.android.game.gos/28190@2, type = -999
11-08 02:20:34.292 28190 28212 I SemDvfsManager: SemDvfsManager:: New instance is created for com.samsung.android.game.gos/28190@3, type = -999
11-08 02:20:34.294 28190 28212 I SemDvfsHyPerManager: GetSupportedFrequency[301993985][0] 1900800
11-08 02:20:34.294 28190 28212 I SemDvfsHyPerManager: GetSupportedFrequency[301993985][1] 1804800
11-08 02:20:34.294 28190 28212 I SemDvfsHyPerManager: GetSupportedFrequency[301993985][2] 1651200
11-08 02:20:34.294 28190 28212 I SemDvfsHyPerManager: GetSupportedFrequency[301993985][3] 1516800
11-08 02:20:34.294 28190 28212 I SemDvfsHyPerManager: GetSupportedFrequency[301993985][4] 1401600
11-08 02:20:34.294 28190 28212 I SemDvfsHyPerManager: GetSupportedFrequency[301993985][5] 1228800
11-08 02:20:34.294 28190 28212 I SemDvfsHyPerManager: GetSupportedFrequency[301993985][6] 940800
11-08 02:20:34.294 28190 28212 I SemDvfsHyPerManager: GetSupportedFrequency[301993985][7] 902400
11-08 02:20:34.294 28190 28212 I SemDvfsHyPerManager: GetSupportedFrequency[301993985][8] 854400
11-08 02:20:34.294 28190 28212 I SemDvfsHyPerManager: GetSupportedFrequency[301993985][9] 825600
11-08 02:20:34.294 28190 28212 I SemDvfsHyPerManager: GetSupportedFrequency[301993985][10] 758400
11-08 02:20:34.294 28190 28212 I SemDvfsHyPerManager: GetSupportedFrequency[301993985][11] 662400
11-08 02:20:34.294 28190 28212 I SemDvfsHyPerManager: GetSupportedFrequency[301993985][12] 556800
11-08 02:20:34.294 28190 28212 I SemDvfsHyPerManager: GetSupportedFrequency[301993985][13] 470400
11-08 02:20:34.294 28190 28212 I SemDvfsHyPerManager: GetSupportedFrequency[301993985][14] 345600
11-08 02:20:34.294 28190 28212 I SemDvfsHyPerManager: GetSupportedFrequency[301993985][15] 288000
11-08 02:20:34.294 28190 28212 I SemDvfsHyPerManager: GetSupportedFrequency[301993985][16] 150000
11-08 02:20:34.295 28190 28212 I SemDvfsHyPerManager: GetSupportedFrequency[805310465][0] 2092
11-08 02:20:34.295 28190 28212 I SemDvfsHyPerManager: GetSupportedFrequency[805310465][1] 1804
11-08 02:20:34.295 28190 28212 I SemDvfsHyPerManager: GetSupportedFrequency[805310465][2] 1555
11-08 02:20:34.295 28190 28212 I SemDvfsHyPerManager: GetSupportedFrequency[805310465][3] 1353
11-08 02:20:34.295 28190 28212 I SemDvfsHyPerManager: GetSupportedFrequency[805310465][4] 1017
11-08 02:20:34.295 28190 28212 I SemDvfsHyPerManager: GetSupportedFrequency[805310465][5] 768
11-08 02:20:34.296 28190 28212 I SemDvfsHyPerManager: GetSupportedFrequency[805310465][6] 681
11-08 02:20:34.296 28190 28212 I SemDvfsHyPerManager: GetSupportedFrequency[805310465][7] 547
11-08 02:20:34.296 28190 28212 I SemDvfsHyPerManager: GetSupportedFrequency[805310465][8] 451
11-08 02:20:34.296 28190 28212 I SemDvfsHyPerManager: GetSupportedFrequency[805310465][9] 300
11-08 02:20:34.296 28190 28212 I SemDvfsHyPerManager: GetSupportedFrequency[805310465][10] 200
11-08 02:20:34.300 28190 28212 I GOS:Initializer: DB is already initialized
11-08 02:20:34.312 28190 28212 I GOS:Initializer: finished initGos()
11-08 02:20:34.315 28190 28218 I GOS:MainIntentService: onHandleIntent(). type(ON_ALARM) from 4
11-08 02:20:34.316 28190 28218 I GOS:MainIntentService: received UPDATE_ALARM type alarm: ON_ALARM
11-08 02:20:34.321  1292  2526 I GenerationRegistry: mBackingStore.isClosed() : false
11-08 02:20:34.439 28190 28218 I GOS:AlarmController: onUpdateAlarm(), start!, IntentType: ON_ALARM
11-08 02:20:34.442 28190 28218 I GOS:AlarmController: onUpdateAlarm() - too early. skip full update. millisFromLastFullyUpdate: 60744870
11-08 02:20:34.443 28190 28218 I GOS:AlarmController: onUpdateAlarm() - too early. skip normal update. millisFromLastUpdate: 60744871
11-08 02:20:34.444 28190 28218 I GOS:MainIntentService: onHandleIntent(). type(INIT_GOS) from 201
11-08 02:20:34.444  1292  2151 D SGM:GameManager: identifyForegroundApp. com.sec.android.app.launcher, mCurrentUserId: 0, callerUserId: 0
11-08 02:20:34.445  1292  2151 D SGM:PkgDataHelper: getGamePkgData(). com.sec.android.app.launcher
11-08 02:20:34.446 28190 28218 I GOS:AutoControlFeature: updateControlLevels maxBrightness=255, maxFps=60
11-08 02:20:34.446 28190 28218 I GOS:AutoControlFeature: update(): brightness=false, volume=false, fps=false
11-08 02:20:34.448 28190 28218 I GOS:WifiQosFeature: updatePolicy(). mTid: 0
11-08 02:20:34.454 28190 28218 I GOS:ClearBGProcessFeature: mLruNum=1
11-08 02:20:34.455 28190 28218 I GOS:ClearBGProcessFeature: loadSurviveMap apps=
11-08 02:20:34.466 28190 28218 I GOS:ClearBGProcessFeature: updateSurviveList mSurviveAppList=[com.samsung.android.spay, 10266, com.sec.android.app.clockpackage, 10151, com.samsung.android.app.reminder, 10188, com.android.vending, 10213, com.samsung.android.voc, 10264, com.samsung.android.calendar, 10189]
11-08 02:20:34.478  1292  2151 D InputManager: checkInputFeature : features = 0x61
11-08 02:20:34.479 28190 28218 I GOS:SeInputManager: checkInputFeature(), ret: 97
11-08 02:20:34.479 28190 28218 I GOS:TspFeature: isAvailableForSystemHelper(), tspVrrInputAvailable: false
11-08 02:20:34.480  1292  2151 D SGM:GameManager: respondWithJson. command: is_variable_refresh_rate_supported
11-08 02:20:34.480  1292  2151 D SGM:GameManager: jsonParam : null
11-08 02:20:34.480  1292  2151 D SGM:GameManager: response : {\"value_bool_1\":true}
11-08 02:20:34.481 28190 28218 I GOS:TspFeature: isAvailableForSystemHelper(), vrrAvailable: true
11-08 02:20:34.586 22500 22500 E STFService: getNetworkProperties: Location fine denied
11-08 02:20:34.772  1292  2142 W DeviceStorageMonitorService: updateBroadcasts(/data) oldLevel:0, newLevel:0, seq:1
11-08 02:20:34.776  1292  2142 D DeviceStorageMonitorService: Available File Node Number is [12322701]
11-08 02:20:34.776  1292  2142 W DeviceStorageMonitorService: updateBroadcasts_filenode(/data) fn_oldLevel:0, fn_newLevel:0, seq:1
11-08 02:20:34.777  1292  2526 D AppOps  : noteOperation: reject #3 for code 105 (105) uid 1001 package com.android.phone flags: s
11-08 02:20:34.929   650   650 D io_stats: !@   8,0 r 62129537 980069000 w 8745908 82528600 d 2157451 134037532 f 0 0 iot 43269392 0 th 0 0 0 pt 0 inp 0 0 925404.807
11-08 02:20:35.362 21769 21769 E A       : (REDACTED) disposing SearchServiceClient after timeout %s
11-08 02:20:35.588 22500 22500 E STFService: getNetworkProperties: Location fine denied
11-08 02:20:35.748  7302  7310 I hbox:interactor: Background concurrent copying GC freed 1158683(31MB) AllocSpace objects, 0(0B) LOS objects, 7% free, 316MB/340MB, paused 174us,43us total 642.926ms
11-08 02:20:35.807  1292  2151 D AppOps  : noteOperation: reject #3 for code 105 (105) uid 1001 package com.android.phone flags: s
11-08 02:20:35.939  2293  2293 I UiThreadMonitor: setAwake 282657 3001 333
11-08 02:20:36.211   987  4378 I sensors-hal: handle_sns_client_event:544, [0][498694] accel_sample [-0.217,  0.489,  9.817] 925406074746587
11-08 02:20:36.590 22500 22500 E STFService: getNetworkProperties: Location fine denied
11-08 02:20:36.835  1292  2151 D AppOps  : noteOperation: reject #3 for code 105 (105) uid 1001 package com.android.phone flags: s
11-08 02:20:36.895  1292 28219 E BinderTransaction: Binder proc file not exist.
11-08 02:20:36.930   650   650 D io_stats: !@   8,0 r 62129545 980069032 w 8745910 82528608 d 2157451 134037532 f 0 0 iot 43269412 0 th 0 0 0 pt 0 inp 0 0 925406.807
11-08 02:20:36.930   650   650 D io_stats: !@ Read_top(KB): ch_zygote(28190) 12612 c.android.sdhms(3973) 2584 system_server(1292) 608
11-08 02:20:36.930   650   650 D io_stats: !@ Write_top(KB): c.android.sdhms(3973) 1700 kworker/u16:3(17546) 8
11-08 02:20:36.987  1292  1721 E Watchdog: !@Sync: 30769 heap: 106 / 108 FD: 987 [2023-11-08 02:20:36.986]
11-08 02:20:37.592 22500 22500 E STFService: getNetworkProperties: Location fine denied
11-08 02:20:37.871  1292  2151 D AppOps  : noteOperation: reject #3 for code 105 (105) uid 1001 package com.android.phone flags: s
11-08 02:20:38.226   987  4378 I sensors-hal: handle_sns_client_event:544, [0][498802] accel_sample [-0.202,  0.500,  9.837] 925408090111222
11-08 02:20:38.320   987 22214 I sensors-hal: handle_sns_client_event:229, auto_rotation_event_2: mode:255, type:1:0/-0.184,0.502,9.789, ar:0
11-08 02:20:38.594 22500 22500 E STFService: getNetworkProperties: Location fine denied
11-08 02:20:38.807 22500 22533 I STFService: CoreFrequency index: 0 current: 576000 max: 1804800
11-08 02:20:38.812 22500 22533 I STFService: CoreFrequency index: 1 current: 576000 max: 1804800
11-08 02:20:38.815 22500 22533 I STFService: CoreFrequency index: 2 current: 576000 max: 1804800
11-08 02:20:38.819 22500 22533 I STFService: CoreFrequency index: 3 current: 576000 max: 1804800
11-08 02:20:38.823 22500 22533 I STFService: CoreFrequency index: 4 current: 576000 max: 1804800
11-08 02:20:38.827 22500 22533 I STFService: CoreFrequency index: 5 current: 576000 max: 1804800
11-08 02:20:38.831 22500 22533 I STFService: CoreFrequency index: 6 current: 2208000 max: 2208000
11-08 02:20:38.837 22500 22533 I STFService: CoreFrequency index: 7 current: 2208000 max: 2208000
11-08 02:20:38.900  1292  2526 D AppOps  : noteOperation: reject #3 for code 105 (105) uid 1001 package com.android.phone flags: s
11-08 02:20:38.920  1292  2037 D ActivityTaskManager: SafeActivityOptions created, mOriginalCallingPid=1292, mOriginalCallingUid=1000, options=ActivityOptions(122120907), mPackageName=null, mAnimationType=-1, mStartX=0, mStartY=0, mWidth=0, mHeight=0, caller=com.android.server.am.PendingIntentRecord.sendInner:471 com.android.server.am.ActivityManagerService.sendIntentSender:6557 com.android.server.am.ActivityManagerService.sendIntentSender:6546 android.app.PendingIntent.sendAndReturnResult:1029 android.app.PendingIntent.send:1000 com.android.server.alarm.AlarmManagerService$DeliveryTracker.deliverLocked:6377 com.android.server.alarm.AlarmManagerService.deliverAlarmsLocked:5218 
11-08 02:20:38.923  1292  2037 D ActivityManager: Received BROADCAST intent 0xb384820 Key{broadcastIntent pkg=com.google.android.gms/com.google.android.gms.scheduler intent=act=com.google.android.gms.gcm.ACTION_CHECK_QUEUE cmp=com.google.android.gms/.gcm.nts.SchedulerInternalReceiver flags=0x2000000 u=0} requestCode=0 sent=0 from uid 1000
11-08 02:20:38.941  2293  2293 I UiThreadMonitor: setAwake 282658 3002 332
11-08 02:20:38.942  1292  1292 I power_partial_wake_state: [REL,10,*alarm*:android]
11-08 02:20:39.098  1292  2151 I power_partial_wake_state: [REL,149,*gms_scheduler*:internal:com.google.android.gms]
11-08 02:20:39.106 22457 20057 I NetworkScheduler.Stats: (REDACTED) Task %s/%s started execution. cause:%s exec_start_elapsed_seconds: %s
11-08 02:20:39.239  7302  7310 I hbox:interactor: Background concurrent copying GC freed 1176571(31MB) AllocSpace objects, 0(0B) LOS objects, 7% free, 314MB/338MB, paused 177us,28us total 643.770ms
11-08 02:20:39.253  1292  2151 I power_partial_wake_state: [REL,217,*gms_scheduler*/com.google.android.gms/.auth.account.be.accountstate.GcmTaskService:com.google.android.gms]
11-08 02:20:39.262 22457 20874 I NetworkScheduler.Stats: (REDACTED) Task %s/%s finished executing. cause:%s result: %s elapsed_millis: %s uptime_millis: %s exec_start_elapsed_seconds: %s
11-08 02:20:39.273 22457 22467 I .gms.persistent: Background concurrent copying GC freed 288850(14MB) AllocSpace objects, 25(628KB) LOS objects, 50% free, 18MB/37MB, paused 318us,77us total 273.799ms
11-08 02:20:39.281  1292  4060 I power_partial_wake_state: [REL,22,*gms_scheduler*:internal:com.google.android.gms]
11-08 02:20:39.309  1292  4060 I power_partial_wake_state: [REL,24,*gms_scheduler*:internal:com.google.android.gms]
11-08 02:20:39.313 22457 22457 D BoundBrokerSvc: onBind: Intent { act=com.google.android.contextmanager.service.ContextManagerLogsUploadBoundService.ACTION_TASK_READY dat=chimera-action:/... cmp=com.google.android.gms/.chimera.PersistentInternalBoundBrokerService }
11-08 02:20:39.313 22457 22457 D BoundBrokerSvc: Loading bound service for intent: Intent { act=com.google.android.contextmanager.service.ContextManagerLogsUploadBoundService.ACTION_TASK_READY dat=chimera-action:/... cmp=com.google.android.gms/.chimera.PersistentInternalBoundBrokerService }
11-08 02:20:39.337 22457 20057 I NetworkScheduler.Stats: (REDACTED) Task %s/%s started execution. cause:%s exec_start_elapsed_seconds: %s
11-08 02:20:39.350  1292  2526 I power_partial_wake_state: [REL,43,*gms_scheduler*/com.google.android.gms/com.google.android.contextmanager.service.ContextManagerLogsUploadBoundService:com.google.android.gms]
11-08 02:20:39.354 22457 22457 D BoundBrokerSvc: onUnbind: Intent { act=com.google.android.contextmanager.service.ContextManagerLogsUploadBoundService.ACTION_TASK_READY dat=chimera-action:/... cmp=com.google.android.gms/.chimera.PersistentInternalBoundBrokerService }
11-08 02:20:39.355 22457 26554 I NetworkScheduler.Stats: (REDACTED) Task %s/%s finished executing. cause:%s result: %s elapsed_millis: %s uptime_millis: %s exec_start_elapsed_seconds: %s
11-08 02:20:39.360  1292  2526 I power_partial_wake_state: [REL,6,*gms_scheduler*:internal:com.google.android.gms]
11-08 02:20:39.379  1292  4060 I power_partial_wake_state: [REL,14,*gms_scheduler*:internal:com.google.android.gms]
11-08 02:20:39.426  1292  2526 I power_partial_wake_state: [REL,81,CMWakeLock:com.google.android.gms]
11-08 02:20:39.596 22500 22500 E STFService: getNetworkProperties: Location fine denied
11-08 02:20:39.945  1292  2526 D AppOps  : noteOperation: reject #3 for code 105 (105) uid 1001 package com.android.phone flags: s
11-08 02:20:40.241   987  4378 I sensors-hal: handle_sns_client_event:544, [0][498910] accel_sample [-0.208,  0.498,  9.785] 925410105515962
11-08 02:20:40.598 22500 22500 E STFService: getNetworkProperties: Location fine denied
11-08 02:20:40.932   650   650 D io_stats: !@   8,0 r 62130559 980075016 w 8745939 82528796 d 2157451 134037532 f 0 0 iot 43269824 0 th 0 0 0 pt 0 inp 0 0 925410.810
11-08 02:20:40.933   650   650 D io_stats: !@ Read_top(KB): .gms.persistent(22457) 5856 loop29(758) 84 system_server(1292) 16
11-08 02:20:40.933   650   650 D io_stats: !@ Write_top(KB): kworker/u16:0(15647) 116 .gms.persistent(22457) 56
11-08 02:20:40.974  1292  2526 D AppOps  : noteOperation: reject #3 for code 105 (105) uid 1001 package com.android.phone flags: s
11-08 02:20:41.600 22500 22500 E STFService: getNetworkProperties: Location fine denied
11-08 02:20:41.943  2293  2293 I UiThreadMonitor: setAwake 282659 3002 333
11-08 02:20:42.004  1292  2526 D AppOps  : noteOperation: reject #3 for code 105 (105) uid 1001 package com.android.phone flags: s
11-08 02:20:42.257   987  4378 I sensors-hal: handle_sns_client_event:544, [0][499018] accel_sample [-0.203,  0.493,  9.838] 925412120881639
11-08 02:20:42.492  7302  7310 I hbox:interactor: Background concurrent copying GC freed 1240196(33MB) AllocSpace objects, 0(0B) LOS objects, 7% free, 309MB/333MB, paused 192us,36us total 641.435ms
11-08 02:20:42.602 22500 22500 E STFService: getNetworkProperties: Location fine denied
11-08 02:20:43.032  1292  2526 D AppOps  : noteOperation: reject #3 for code 105 (105) uid 1001 package com.android.phone flags: s
11-08 02:20:43.605 22500 22500 E STFService: getNetworkProperties: Location fine denied
11-08 02:20:43.616   985   985 I android.hardware.health@2.1-service-samsung: updateLrpSysfs: write: 304
11-08 02:20:43.849 22500 22533 I STFService: CoreFrequency index: 0 current: 576000 max: 1804800
11-08 02:20:43.852 22500 22533 I STFService: CoreFrequency index: 1 current: 576000 max: 1804800
11-08 02:20:43.856 22500 22533 I STFService: CoreFrequency index: 2 current: 576000 max: 1804800
11-08 02:20:43.862 22500 22533 I STFService: CoreFrequency index: 3 current: 576000 max: 1804800
11-08 02:20:43.867 22500 22533 I STFService: CoreFrequency index: 4 current: 576000 max: 1804800
11-08 02:20:43.870 22500 22533 I STFService: CoreFrequency index: 5 current: 1113600 max: 1804800
11-08 02:20:43.874 22500 22533 I STFService: CoreFrequency index: 6 current: 691200 max: 2208000
11-08 02:20:43.881 22500 22533 I STFService: CoreFrequency index: 7 current: 691200 max: 2208000
11-08 02:20:44.064  1292  2526 D AppOps  : noteOperation: reject #3 for code 105 (105) uid 1001 package com.android.phone flags: s
11-08 02:20:44.272   987  4378 I sensors-hal: handle_sns_client_event:544, [0][499126] accel_sample [-0.223,  0.507,  9.808] 925414136148179
11-08 02:20:44.607 22500 22500 E STFService: getNetworkProperties: Location fine denied
11-08 02:20:44.936   650   650 D io_stats: !@   8,0 r 62130564 980075036 w 8745939 82528796 d 2157536 134039072 f 0 0 iot 43269860 0 th 0 0 0 pt 0 inp 0 0 925414.813
11-08 02:20:44.936   650   650 D io_stats: !@ Read_top(KB): .gms.persistent(22457) 16 android.vending(23391) 4
11-08 02:20:44.944  2293  2293 I UiThreadMonitor: setAwake 282660 3001 331
11-08 02:20:45.088  1292  2526 D AppOps  : noteOperation: reject #3 for code 105 (105) uid 1001 package com.android.phone flags: s
11-08 02:20:45.608 22500 22500 E STFService: getNetworkProperties: Location fine denied
11-08 02:20:45.725  7302  7310 I hbox:interactor: Background concurrent copying GC freed 1189292(32MB) AllocSpace objects, 0(0B) LOS objects, 7% free, 304MB/328MB, paused 302us,1.007ms total 645.276ms
11-08 02:20:46.111  1292  4060 D AppOps  : noteOperation: reject #3 for code 105 (105) uid 1001 package com.android.phone flags: s
11-08 02:20:46.287   987  4378 I sensors-hal: handle_sns_client_event:544, [0][499234] accel_sample [-0.195,  0.501,  9.826] 925416151372658
11-08 02:20:46.610 22500 22500 E STFService: getNetworkProperties: Location fine denied
11-08 02:20:46.937   650   650 D io_stats: !@   8,0 r 62130571 980075064 w 8745946 82528824 d 2157536 134039072 f 0 0 iot 43269884 0 th 0 0 0 pt 0 inp 0 0 925416.815
11-08 02:20:47.134  1292  4060 D AppOps  : noteOperation: reject #3 for code 105 (105) uid 1001 package com.android.phone flags: s
11-08 02:20:47.612 22500 22500 E STFService: getNetworkProperties: Location fine denied
11-08 02:20:47.946  2293  2293 I UiThreadMonitor: setAwake 282661 3001 332
11-08 02:20:48.158  1292  4060 D AppOps  : noteOperation: reject #3 for code 105 (105) uid 1001 package com.android.phone flags: s
11-08 02:20:48.303   987  4378 I sensors-hal: handle_sns_client_event:544, [0][499342] accel_sample [-0.215,  0.518,  9.845] 925418166586669
11-08 02:20:48.614 22500 22500 E STFService: getNetworkProperties: Location fine denied
11-08 02:20:48.706  7302  7310 I hbox:interactor: Background concurrent copying GC freed 1116775(30MB) AllocSpace objects, 0(0B) LOS objects, 7% free, 301MB/325MB, paused 1.304ms,40us total 626.422ms
11-08 02:20:48.769   987 22214 I sensors-hal: handle_sns_client_event:229, auto_rotation_event_2: mode:255, type:1:0/-0.203,0.488,9.839, ar:0
11-08 02:20:48.893 22500 22533 I STFService: CoreFrequency index: 0 current: 576000 max: 1804800
11-08 02:20:48.897 22500 22533 I STFService: CoreFrequency index: 1 current: 576000 max: 1804800
11-08 02:20:48.901 22500 22533 I STFService: CoreFrequency index: 2 current: 576000 max: 1804800
11-08 02:20:48.905 22500 22533 I STFService: CoreFrequency index: 3 current: 576000 max: 1804800
11-08 02:20:48.908 22500 22533 I STFService: CoreFrequency index: 4 current: 1113600 max: 1804800
11-08 02:20:48.910 22500 22533 I STFService: CoreFrequency index: 5 current: 1113600 max: 1804800
11-08 02:20:48.915 22500 22533 I STFService: CoreFrequency index: 6 current: 691200 max: 2208000
11-08 02:20:48.923 22500 22533 I STFService: CoreFrequency index: 7 current: 691200 max: 2208000
