07-26 17:23:48.992  1273  1273 I Telecom:Telecom_Timing: addCall to IncallService for GANG-ext
07-26 17:23:48.992  1273  1273 W Telecom : ConnectionServiceWrapper: onTrackedByNonUiService invoked while service is unbound: ICSBC.oSC(cgaa)@JEE
07-26 17:23:48.992  1273  1273 I Telecom : Event: RecordEntry TC@333: ICS_ADD_CALL, onConnected - [ComponentInfo{com.google.android.as/com.google.android.apps.miphone.aiai.captions.tulip.audiosource.impl.CIS} supportsExternal? false supportsSelfMg?false supportsAllowedSelfMg?false], 4: ICSBC.oSC(cgaa)@JEE
07-26 17:23:48.992  1273  1273 I Telecom : InCallController: 1 calls sent to InCallService.: ICSBC.oSC(cgaa)@JEE
07-26 17:23:48.993  3830  4390 D KnoxHelper: getActivityList callingUserId: 0, target user: 0
07-26 17:23:48.993  3830  8338 D Telecom-InCallService: InCallServiceBinder - addCall: id(TC@333), state(CONNECTING), [Capabilities:]
07-26 17:23:48.995  2566  2566 D BluetoothInCallService: onCallAdded : mBluetoothTbs is null
07-26 17:23:48.995  2566  2566 D Telecom-InCallService: handleMessage: ON_CALL_AUDIO_STATE_CHANGED
07-26 17:23:48.995  3830  4390 D KnoxHelper: getActivityList callingUserId: 0, target user: 0
07-26 17:23:48.995  1103  1556 V APM_AudioPolicyManager: setAudioPolicyConfig: audioParam;l_smart_view_split_sound_enable=false
07-26 17:23:48.995  2566  2566 D BluetoothInCallService: onCallAudioStateChanged, audioState == [AudioState isMuted: false, route: EARPIECE, supportedRouteMask: EARPIECE, SPEAKER, activeBluetoothDevice: [null], supportedBluetoothDevices: []]
07-26 17:23:48.995  2566  2566 D Telecom-InCallService: handleMessage: ON_CAN_ADD_CALL_CHANGED
07-26 17:23:48.996  1273  2992 I Telecom : Event: RecordEntry TC@333: REQUEST_START_CONNECTION, isIncoming=false, true, phoneAccount=ComponentInfo{com.android.phone/com.android.services.telephony.TelephonyConnectionService}, 1, UserHandle{0}, targetPhoneAccount=ComponentInfo{com.android.phone/com.android.services.telephony.TelephonyConnectionService}, 1, UserHandle{0}, isSelfManaged=false, isEmergencyCall=false, connectionAttempt=1, attemptRecords=1: NOCBIR.oR->CSFM.rF@JEA
07-26 17:23:48.996  3830  4390 D KnoxHelper: getActivityList callingUserId: 0, target user: 0
07-26 17:23:48.996  1103  1557 D AF::TrackHandle: OpPlayAudio: track:10919 usage:3 not muted
07-26 17:23:48.997  1273  2992 I Telecom : ConnectionServiceWrapper: createConnection([Call id=TC@333, state=CONNECTING, tpac=ComponentInfo{com.android.phone/com.android.services.telephony.TelephonyConnectionService}, 1, UserHandle{0}, cmgr=ComponentInfo{com.android.phone/com.android.services.telephony.TelephonyConnectionService}, 1, UserHandle{0}, handle=tel:**********, vidst=A, childs(0), has_parent(false), cap=[], prop=[]], voip=falsecaps=[Capabilities:], props=[Properties:], conf(false), had_child(false)) via ComponentInfo{com.android.phone/com.android.services.telephony.TelephonyConnectionService}.: NOCBIR.oR->CSFM.rF@JEA
07-26 17:23:48.998  1273  2990 I MediaFocusControl: requestAudioFocus() from uid/pid 1000/1273 AA=USAGE_VOICE_COMMUNICATION/CONTENT_TYPE_SPEECH clientId=AudioFocus_For_Phone_Ring_And_Calls callingPack=com.android.server.telecom req=2 flags=0x4 sdk=0
07-26 17:23:48.998  3830  3830 D Telecom-InCallService: handleMessage: SET_IN_CALL_ADAPTER
07-26 17:23:48.998  3830  4390 D KnoxHelper: getActivityList callingUserId: 0, target user: 0
07-26 17:23:48.999  1103  1557 I AF::Track: setMixerOutConfig return default condition, mixer key 2002, thread key 2002
07-26 17:23:48.999  3830  3830 D Telecom-InCallService: handleMessage: ADD_CALL
07-26 17:23:48.999  3830  3830 D Telecom-Call: internalUpdate - stateChanged: false, detailsChanged: true, videoCallChanged: false, isRttChanged: false, rttModeChanged: false, cannedTextResChanged: false, parentChanged: false, childrenChanged: false, activeChildChanged: false
07-26 17:23:49.000  1273  2990 D MediaFocusControl: selectFocusStack, uid = 1000, appDevice = 0, device = 2
07-26 17:23:49.001  3830  4390 D KnoxHelper: getActivityList callingUserId: 0, target user: 0
07-26 17:23:49.001  3830  3830 D Telecom-InCallService: handleMessage: ON_CALL_AUDIO_STATE_CHANGED
07-26 17:23:49.001  3830  3830 D Telecom-InCallService: handleMessage: ON_CAN_ADD_CALL_CHANGED
07-26 17:23:49.002  1273  5205 I AudioTrack: createTrack_l(10839): AUDIO_OUTPUT_FLAG_FAST successful; frameCount 960 -> 960
07-26 17:23:49.002  3830  4390 D KnoxHelper: getActivityList callingUserId: 0, target user: 0
07-26 17:23:49.003 31708 31708 D ActivityThread: setConscryptValidator
07-26 17:23:49.003 31708 31708 D ActivityThread: setConscryptValidator - put
07-26 17:23:49.003  1273  5205 D AudioTrack: setVolume(0.316228, 0.316228) pid : 1273
07-26 17:23:49.003  1273  5205 I Telecom:SamsungDtmfLocalTonePlayer: startLocalToneIfNeeded toneVolume = 1.0
07-26 17:23:49.004  3830  4390 D KnoxHelper: getActivityList callingUserId: 0, target user: 0
07-26 17:23:49.004  1273  5105 I power_partial_wake_state: [30,IntentOp:com.google.android.gms/.chimera.GmsIntentOperationService:com.google.android.gms(disabled)]
07-26 17:23:49.004  1273  5205 D AudioTrack: setVolume(1.000000, 1.000000) pid : 1273
07-26 17:23:49.004  1273  5205 I Telecom:SamsungToneGeneratorAdapterImpl: setSituationType stv_dtmf
07-26 17:23:49.006  1273  2990 D MediaFocusControl: propagateFocusLossFromGainToAll, 2
07-26 17:23:49.006  1273  5105 I ActivityManager: DSS OFF for com.samsung.android.incallui
07-26 17:23:49.006  1273  5105 I am_proc_bound: [0,31708,com.samsung.android.incallui]
07-26 17:23:49.007  1273  2990 I AudioService.FadeOutManager: unfadeOutUid() uid:1000
07-26 17:23:49.008  1273  2990 I Telecom:SamsungCallMultiSimAudioParam: setNone : mState = -1
07-26 17:23:49.008  1273  2990 I Telecom:SamsungCallAudioModeStateMachine: shouldControlEngine = false
07-26 17:23:49.008  1273  2990 I Telecom:SamsungAudioModeInCall: enterSimCallFocusState shouldControlEngine =false
07-26 17:23:49.008  1273  2990 I Telecom:SamsungCallAudioParam: CallAudioModeStateMachine : setAudioParam CALL_STATUS_VOLTE_CP_VOICE_CALL_ON
07-26 17:23:49.008  1273  2990 I AudioManager: setParameters keyValuePairs = g_call_state=514
07-26 17:23:49.010  1103  1556 V APM_AudioPolicyManager: setAudioPolicyConfig: g_call_state=514
07-26 17:23:49.013  1273  5105 D CompatibilityChangeReporter: Compat change id reported: 161145287; UID 1001; state: DISABLED
07-26 17:23:49.014 31708 31708 D CompatibilityChangeReporter: Compat change id reported: 171979766; UID 1001; state: ENABLED
07-26 17:23:49.014   944  6501 V sec_audio_hw: sec_dev_set_parameters : g_call_state=514
07-26 17:23:49.015   944  6501 D audio_hw_primary: adev_set_parameters: enter: g_call_state=514
07-26 17:23:49.015   944  6501 I audio_hw_sec: CallState val=0x202 
07-26 17:23:49.015   944  6501 V audio_hw_sec: sec_set_parameters: enter: 
07-26 17:23:49.015  1273  1273 I Telecom:Telecom_Timing: CS_BOUND for GANGA
07-26 17:23:49.016  1273  1273 I Telecom : ServiceBinderConnection: Service bound ComponentInfo{com.android.phone/com.android.services.telephony.TelephonyConnectionService}: SBC.oSC(cap)@JEI
07-26 17:23:49.016  1273  1273 I Telecom : Logging.Events: Non-call EVENT: CS_BOUND, ComponentInfo{com.android.phone/com.android.services.telephony.TelephonyConnectionService}: SBC.oSC(cap)@JEI
07-26 17:23:49.016  1273  1273 I Telecom : ConnectionServiceWrapper: TC -> CS[cap]: addConnectionServiceAdapter com.android.server.telecom.ConnectionServiceWrapper$Adapter@db27bcb: SBC.oSC(cap)@JEI
07-26 17:23:49.016  1273  1273 I Telecom : Event: RecordEntry TC@333: START_CONNECTION, tel:********** via:com.android.phone: SBC.oSC(cap)@JEI
07-26 17:23:49.016  1273  2990 I Telecom:SamsungCallAudioModeStateMachine: isAutoAnsweringModeOn: false
07-26 17:23:49.017  2249  2249 D Telecom-ConnectionServiceAdapter: addAdapter - adapter: com.android.internal.telecom.IConnectionServiceAdapter$Stub$Proxy@8fdf125
07-26 17:23:49.017  1273  2990 V AS.AudioService: setMode(mode=2, pid=1273, uid=1000, caller=com.android.server.telecom)
07-26 17:23:49.018  1273  2990 V AS.AudioService: setMode(2) adding handler for pid=1273
07-26 17:23:49.018  1273  2990 I Telecom:SamsungCallAudioModeStateMachine: unMarkShouldControlEngine
07-26 17:23:49.018  1273  4287 I Telecom : ConnectionServiceWrapper: CS -> TC[cap]: queryRemoteConnectionServices callingPackage=com.android.phone: (...->CS.aCSA->H.CS.aCSA)->CSW.qRCS(cap)@E-E-JEI
07-26 17:23:49.018  1273  2989 I Telecom : CallAudioRouteStateMachine: Message received: SWITCH_FOCUS=4001, arg1=2: TSI.hCI->CM.fOCP->CM.sOCPA->CM.dSMCP->CM.dSPA->CM.sRCQ->CM.pASP->CAMSM.pM_2001->CARSM.pM_SWITCH_FOCUS@JD0
07-26 17:23:49.018  1273  2135 V AS.AudioService: onUpdateAudioMode() new mode: 2, current mode: 0 requested mode: 2
07-26 17:23:49.019  1273  2989 I Telecom : QuiescentEarpieceRoute: Processing message SWITCH_FOCUS: TSI.hCI->CM.fOCP->CM.sOCPA->CM.dSMCP->CM.dSPA->CM.sRCQ->CM.pASP->CAMSM.pM_2001->CARSM.pM_SWITCH_FOCUS@JD0
07-26 17:23:49.019  1273  2989 D BluetoothAdapter: getActiveDevices(profile= HEARING_AID)
07-26 17:23:49.020  2566  3351 D HearingAidService: getActiveDevices
07-26 17:23:49.020  2566  3351 I BluetoothAdapterService: getActiveDevices: Hearing Aid devices: Left[null] - Right[null]
07-26 17:23:49.021  1273  2989 I Telecom : Event: RecordEntry TC@333: AUDIO_ROUTE, Leaving state QuiescentEarpieceRoute: TSI.hCI->CM.fOCP->CM.sOCPA->CM.dSMCP->CM.dSPA->CM.sRCQ->CM.pASP->CAMSM.pM_2001->CARSM.pM_SWITCH_FOCUS@JD0
07-26 17:23:49.021  1273  2989 I Telecom : Event: RecordEntry TC@333: AUDIO_ROUTE, Entering state ActiveEarpieceRoute: TSI.hCI->CM.fOCP->CM.sOCPA->CM.dSMCP->CM.dSPA->CM.sRCQ->CM.pASP->CAMSM.pM_2001->CARSM.pM_SWITCH_FOCUS@JD0
07-26 17:23:49.021  1273  2989 I Telecom : Event: RecordEntry TC@333: AUDIO_ROUTE_EARPIECE, null: TSI.hCI->CM.fOCP->CM.sOCPA->CM.dSMCP->CM.dSPA->CM.sRCQ->CM.pASP->CAMSM.pM_2001->CARSM.pM_SWITCH_FOCUS@JD0
07-26 17:23:49.022  1273  2989 I Telecom : CallAudioRouteStateMachine: turning speaker phone false: TSI.hCI->CM.fOCP->CM.sOCPA->CM.dSMCP->CM.dSPA->CM.sRCQ->CM.pASP->CAMSM.pM_2001->CARSM.pM_SWITCH_FOCUS@JD0
07-26 17:23:49.022  1273  4287 I Telecom : PhoneAccountRegistrar: getSimCallManager: SimCallManager for subId 1 queried, returning: null: (...->CS.aCSA->H.CS.aCSA)->CSW.qRCS(cap)@E-E-JEI
07-26 17:23:49.022  1273  4287 W Telecom : ConnectionServiceWrapper: call provider also detected as SIM call manager: [ConnectionServiceWrapper componentName=ComponentInfo{com.android.phone/com.android.services.telephony.TelephonyConnectionService}]: (...->CS.aCSA->H.CS.aCSA)->CSW.qRCS(cap)@E-E-JEI
07-26 17:23:49.025   944  6501 D audio_hw_primary: adev_set_mode: mode 2 , prev_mode 0 
07-26 17:23:49.025  1273  2989 V AS.AudioDeviceBroker: requestedCommunicationDevice, device: null mode owner pid: 0
07-26 17:23:49.025  2760 20363 I RecentModel: onTaskStackChangedBackground
07-26 17:23:49.026  2249  3397 D SubscriptionController: getPhoneNumber subId : 1, SOURCE_UICC : 19862[****]
07-26 17:23:49.026  2249  2249 I TelecomFramework: TelephonyConnectionService: createConnection, callManagerAccount: ComponentInfo{com.android.phone/com.android.services.telephony.TelephonyConnectionService}, 1, UserHandle{0}, callId: TC@333_1, request: ConnectionRequest xxxxxxxxxxxxxx <MASKED> isAdhocConf: N, isIncoming: false, isUnknown: false, isLegacyHandover: false, isHandover: false,  addSelfManaged: true: (SBC.oSC)->CS.crCo->H.CS.crCo->H.CS.crCo.pICR(cap/cast)@E-JEI
07-26 17:23:49.026  2249  2249 I Telephony: TelephonyConnectionService: onCreateOutgoingConnection, request: ConnectionRequest xxxxxxxxxxxxxx <MASKED> isAdhocConf: N
07-26 17:23:49.026  2249  2249 I Telephony: TelephonyConnectionService: onCreateOutgoingConnection, videoState : 0, rttTextStream : null
07-26 17:23:49.026  2249  2249 I PhoneUtils: getPhoneFromSubId, subId: 1
07-26 17:23:49.026  2249  2249 I PhoneUtils: getPhoneFromSubId, phoneSubId: 1
07-26 17:23:49.027  2249  3397 I TelephonyProvider: D/TelephonyProvider: Using old permission behavior for telephony provider compat
07-26 17:23:49.028  2249  2249 I PhoneUtils: getPhoneFromSubId, subId: 1
07-26 17:23:49.028  2249  2249 I PhoneUtils: getPhoneFromSubId, phoneSubId: 1
07-26 17:23:49.028  1103  1556 V APM_AudioPolicyManager: setPhoneState() state 2
07-26 17:23:49.029  1103  1556 I APM_AudioPolicyManager: setPhoneState() teardownOffload for state 2
07-26 17:23:49.029  4008  4397 I SemDvfsHyPerManager: acquire hyper - BaseTABoost/4008@17, type = 1090523139
07-26 17:23:49.030   984  1110 I HYPER-HAL: [RequestManager.cpp]acquire(): Acquired ID : 8102342  [4008 / 17]    HINT :      list : [TABoost / 1] 
07-26 17:23:49.031  2249  2249 I Telephony: SamsungCdmaCallRepository: isCdmaSubscriptionNv, isEmergencyPhoneAccount: false, isCdmaSubscriptionNvMode: false, isInServiceState: true
07-26 17:23:49.031  2249  2249 D Telephony: SamsungTelephonyConnectionService: preparePhoneForAccount: chosenPhoneID=0, preparedPhoneID=0
07-26 17:23:49.031  2249  2249 I PhoneUtils: getSubIdForPhoneAccountHandle: ComponentInfo{com.android.phone/com.android.services.telephony.TelephonyConnectionService}, 1, UserHandle{0}
07-26 17:23:49.031  2249  2249 I PhoneUtils: getPhoneFromSubId, subId: 1
07-26 17:23:49.031  2249  2249 I PhoneUtils: getPhoneFromSubId, phoneSubId: 1
07-26 17:23:49.033  2249  2249 I Telephony: SamsungImsRepositoryImpl: LTE NW: 20ServiceState: 0
07-26 17:23:49.033  2249  2249 D Telephony: SamsungTelephonyConnectionService: updatePhoneForAccountIfNeeded: chosenPhoneID=0, updatedPhoneID=0
07-26 17:23:49.033  2249  2249 I PhoneUtils: getPhoneFromSubId, subId: 1
07-26 17:23:49.034  2249  2249 I PhoneUtils: getPhoneFromSubId, phoneSubId: 1
07-26 17:23:49.035  2249  2249 D Telephony: SamsungTelephonyConnectionService: getPhoneForAccountForOutgoingCall: currentPhoneID=0, changedPhoneID=0
07-26 17:23:49.038  2249  2249 D Telephony: SamsungTelephonyConnectionService: isEmergencyNumber: phoneID=0, isEmergencyNumber=false
07-26 17:23:49.038  2249  2249 I PhoneUtils: getPhoneFromSubId, subId: 1
07-26 17:23:49.039  2249  2249 I PhoneUtils: getPhoneFromSubId, phoneSubId: 1
07-26 17:23:49.039  2249  2249 I Telephony: SamsungCdmaCallRepository: isCdmaSubscriptionNv, isEmergencyPhoneAccount: false, isCdmaSubscriptionNvMode: false, isInServiceState: true
07-26 17:23:49.039  2249  3397 D SubscriptionController: getPhoneNumber subId : 1, SOURCE_CARRIER : null
07-26 17:23:49.039  2249  2249 D Telephony: SamsungTelephonyConnectionService: preparePhoneForAccount: chosenPhoneID=0, preparedPhoneID=0
07-26 17:23:49.039  2249  2249 I PhoneUtils: getSubIdForPhoneAccountHandle: ComponentInfo{com.android.phone/com.android.services.telephony.TelephonyConnectionService}, 1, UserHandle{0}
07-26 17:23:49.039  2249  2249 I PhoneUtils: getPhoneFromSubId, subId: 1
07-26 17:23:49.039  2249  2249 I PhoneUtils: getPhoneFromSubId, phoneSubId: 1
07-26 17:23:49.040  2249  2249 I Telephony: SamsungImsRepositoryImpl: LTE NW: 20ServiceState: 0
07-26 17:23:49.040  2249  2249 D Telephony: SamsungTelephonyConnectionService: updatePhoneForAccountIfNeeded: chosenPhoneID=0, updatedPhoneID=0
07-26 17:23:49.040  2249  3397 I TelephonyProvider: D/TelephonyProvider: Using old permission behavior for telephony provider compat
07-26 17:23:49.040  2249  2249 I PhoneUtils: getPhoneFromSubId, subId: 1
07-26 17:23:49.040  2249  2249 I PhoneUtils: getPhoneFromSubId, phoneSubId: 1
07-26 17:23:49.041  2249  2249 I Telephony: SamsungCdmaCallRepository: isCdmaSubscriptionNv, isEmergencyPhoneAccount: false, isCdmaSubscriptionNvMode: false, isInServiceState: true
07-26 17:23:49.041  2249  2249 D Telephony: SamsungTelephonyConnectionService: preparePhoneForAccount: chosenPhoneID=0, preparedPhoneID=0
07-26 17:23:49.041  2249  2249 I PhoneUtils: getSubIdForPhoneAccountHandle: ComponentInfo{com.android.phone/com.android.services.telephony.TelephonyConnectionService}, 1, UserHandle{0}
07-26 17:23:49.041  2249  2249 I PhoneUtils: getPhoneFromSubId, subId: 1
07-26 17:23:49.041  2249  2249 I PhoneUtils: getPhoneFromSubId, phoneSubId: 1
07-26 17:23:49.041  2249  2249 I Telephony: SamsungImsRepositoryImpl: LTE NW: 20ServiceState: 0
07-26 17:23:49.042  2249  2249 D Telephony: SamsungTelephonyConnectionService: updatePhoneForAccountIfNeeded: chosenPhoneID=0, updatedPhoneID=0
07-26 17:23:49.043  2249  2249 I Telephony: SamsungFailedConnectionBase: isEmergencyNumber: false
07-26 17:23:49.043  2249  2249 D CmcSettingManager: getOwnDeviceType
07-26 17:23:49.043  2249  2249 D CmcSettingManager: own device type - db : pd
07-26 17:23:49.043  2249  2249 I Telephony: SamsungCmcRepositoryImpl: hasSdCallOnPd, isPdDevice: true, hasSdCallOnPd: false
07-26 17:23:49.043  2249  2249 D CmcSettingManager: getOwnDeviceType
07-26 17:23:49.043  2249  2249 D CmcSettingManager: own device type - db : pd
07-26 17:23:49.044  2249  2249 I Telephony: SamsungEmergencyAddCallFailedConnection: Was ActiveOrHeldConnection an emergency call? -- false
07-26 17:23:49.044  2249  2249 I Telephony: SamsungFailedConnectionBase: isEmergencyNumber: false
07-26 17:23:49.045  2249  2249 I Telephony: SamsungTelephonyManagerAdapterImpl: isNetworkRoaming: false
07-26 17:23:49.046  2249  2249 I Telephony: SamsungFailedConnectionBase: operatorNumeric : true psOnlySimList : 
07-26 17:23:49.046  2249  2249 I Telephony: SamsungImsManagerInjector: [getImsManager_0 : com.samsung.telephony.model.ims.SamsungTelephonyImsManager@bc96b7c] [ getImsManager_1 : null]
07-26 17:23:49.046  2249  2249 D semImsManager[0]: getImsRegistration
07-26 17:23:49.051  2249  3397 D SubscriptionController: getPhoneNumber subId : 1, SOURCE_IMS : +1986[****]
07-26 17:23:49.052  1103  1556 V APM_AudioPolicyManager: getNewOutputDevices selected devices {AUDIO_DEVICE_OUT_EARPIECE, @:}
07-26 17:23:49.052  2249  2249 I Telephony: SamsungImsRepositoryImpl: getRegistrationInfo result :com.samsung.android.ims.SemImsRegistration@a581a23
07-26 17:23:49.052  2249  2249 I Telephony: SamsungImsRepositoryImpl: isAvailableVoLTE: true
07-26 17:23:49.052  2249  2249 I Telephony: SamsungImsManagerInjector: [getImsManager_0 : com.samsung.telephony.model.ims.SamsungTelephonyImsManager@bc96b7c] [ getImsManager_1 : null]
07-26 17:23:49.052  2249  2249 D semImsManager[0]: getImsRegistration
07-26 17:23:49.052  1103  1556 V APM_AudioPolicyManager: updateCallRoutingInternal device rxDevice AUDIO_DEVICE_OUT_EARPIECE, @: txDevice AUDIO_DEVICE_IN_BUILTIN_MIC, @:bottom
07-26 17:23:49.053  1103  1556 V APM_AudioPolicyManager: setOutputDevices device {AUDIO_DEVICE_OUT_EARPIECE, @:} delayMs 0
07-26 17:23:49.053  1103  1556 V APM_AudioPolicyManager: setOutputDevices() prevDevice {AUDIO_DEVICE_OUT_EARPIECE, @:}
07-26 17:23:49.056  2249  2249 I Telephony: SamsungImsRepositoryImpl: getRegistrationInfo result :com.samsung.android.ims.SemImsRegistration@1dddcd9
07-26 17:23:49.056  2249  2249 I Telephony: SamsungImsRepositoryImpl: isAvailablePsVT: false
07-26 17:23:49.056  2249  2249 I Telephony: SamsungPsOnlySimFailedConnection: onFailedOutgoingConnection: isEmergencyNumber: false, isNetworkRoaming: false, isPsOnlySim: false, isAirplaneModeOn: false, isAvailableVoLTE: true, isAvailablePsVT: false
07-26 17:23:49.057  2249  2249 I Telephony: SamsungPackageRepositoryImpl: hasGlobalRoamingPackage() =false
07-26 17:23:49.057  2249  2249 I Telephony: SamsungFailedConnectionBase: isVideo: false
07-26 17:23:49.058  1103  1556 V APM_AudioPolicyManager: setOutputDevices changing device to {AUDIO_DEVICE_OUT_EARPIECE, @:}
07-26 17:23:49.059  2249  2249 I Telephony: SamsungFailedConnectionBase: isVideo: false
07-26 17:23:49.060  1103  1556 V APM_AudioPolicyManager: computeVoiceVolume cannot set volume group 3 volume when is not requested for comm
07-26 17:23:49.060  2249  2249 I Telephony: SamsungImsRepositoryImpl: isImsCall : true
07-26 17:23:49.061  2249  2249 I Telephony: SamsungServiceStateHandler: updateServiceState: currentServiceState=IN_SERVICE, airplaneModeOn=false, imsCall=true
07-26 17:23:49.061  2249  2249 I Telephony: SamsungServiceStateHandler: updateServiceState: currentServiceState=IN_SERVICE >> updatedServiceState=IN_SERVICE
07-26 17:23:49.061  2249  2249 I Telephony: SamsungTelephonyConnectionService: updateIsEmergencyNumber: false -> false
07-26 17:23:49.062  1273  2074 D BluetoothManagerService: addProxy com.android.bluetooth
07-26 17:23:49.062  2249  2249 I PhoneUtils: getSubIdForPhoneAccountHandle: ComponentInfo{com.android.phone/com.android.services.telephony.TelephonyConnectionService}, 1, UserHandle{0}
07-26 17:23:49.062  2249  2249 I PhoneUtils: getPhoneFromSubId, subId: 1
07-26 17:23:49.062  2249  2249 I PhoneUtils: getPhoneFromSubId, phoneSubId: 1
07-26 17:23:49.062  2566  3351 D BluetoothHeadset: Proxy object connected
07-26 17:23:49.063  2566  2566 W BluetoothInCallService: onServiceConnected, profile : 1
07-26 17:23:49.064  2249  2249 V Telephony: GsmConnection: onStateChanged, state: INITIALIZING
07-26 17:23:49.065  2249  2249 D Telephony: GsmConnection: updateConnectionCapabilities
07-26 17:23:49.065  2249  2249 I Telephony: SamsungCapabilityLogUtil: [before setting capabilities] id:TC@333_1 [Capabilities:]
07-26 17:23:49.065  2249  2249 I Telephony: SamsungCapabilityLogUtil: [before setting capabilities] id:TC@333_1 [Sem-Capabilities:]
07-26 17:23:49.065  1273  2432 D MdnieScenarioControlService:  packageName : com.sec.android.app.launcher    className : com.android.launcher3.uioverrides.QuickstepLauncher
07-26 17:23:49.065  2249  2249 D Telephony: GsmConnection: buildConnectionCapabilities: isHoldable = false State = 0 capabilities = 0
07-26 17:23:49.065  2249  2249 I Telephony: SamsungTelephonyConnection: connection is null
07-26 17:23:49.065  2249  2249 I Telephony: SamsungGsmConnection: GSM TelecomId : TC@333_1 buildConnectionCapabilities : capabilities = 66 newCapabilities : 66
07-26 17:23:49.065  2249  2249 I Telephony: SamsungTelephonyConnection: logOriginalConnectionCapabilities: supportsDowngradeToAudio=false, supportVTRemoteBidirectional=false, supportVTLocalBidirectional=false
07-26 17:23:49.066  2249  2249 I Telephony: SamsungCapabilityLogUtil: [after setting capabilities] id:TC@333_1 [Capabilities: CAPABILITY_MUTE CAPABILITY_SEPARATE_FROM_CONFERENCE CAPABILITY_DISCONNECT_FROM_CONFERENCE CAPABILITY_CANNOT_DOWNGRADE_VIDEO_TO_AUDIO CAPABILITY_SUPPORT_HOLD]
07-26 17:23:49.066  2249  2249 I Telephony: SamsungCapabilityLogUtil: [after setting capabilities] id:TC@333_1 [Sem-Capabilities:]
07-26 17:23:49.066  1273  2432 V MdnieScenarioControlService: setUIMode from UI function(3)
07-26 17:23:49.066  2249  2249 D Telephony: GsmConnection: updateConnectionCapabilities, setConnectionCapabilities will be called. getConnectionCapabilities() : 0, newCapabilities : 8400962
07-26 17:23:49.066   944  6501 V sec_audio_hw: sec_stream_set_parameters(13:0) : l_volume_voice=0.625000
07-26 17:23:49.066  2249  2249 I Telephony: SamsungCapabilityLogUtil: TelephonyConnection - id : TC@333_1
07-26 17:23:49.066  2249  2249 I Telephony: SamsungCapabilityLogUtil:   Capabilities : [8400962]
07-26 17:23:49.066  2249  2249 I Telephony: SamsungCapabilityLogUtil:   Current : [[Capabilities: CAPABILITY_MUTE CAPABILITY_SEPARATE_FROM_CONFERENCE CAPABILITY_DISCONNECT_FROM_CONFERENCE CAPABILITY_CANNOT_DOWNGRADE_VIDEO_TO_AUDIO CAPABILITY_SUPPORT_HOLD]]
07-26 17:23:49.066  2249  2249 I Telephony: SamsungCapabilityLogUtil:   Removed : [[Capabilities:]]
07-26 17:23:49.066  2249  2249 I Telephony: SamsungCapabilityLogUtil:   Added : [[Capabilities: CAPABILITY_MUTE CAPABILITY_SEPARATE_FROM_CONFERENCE CAPABILITY_DISCONNECT_FROM_CONFERENCE CAPABILITY_CANNOT_DOWNGRADE_VIDEO_TO_AUDIO CAPABILITY_SUPPORT_HOLD]]
07-26 17:23:49.066   944  6501 D audio_hw_primary: out_set_parameters: enter: usecase(1: primary-playback) kvpairs: l_volume_voice=0.625000
07-26 17:23:49.066  2249  2249 I Telephony: SamsungPropertyLogUtil: [before setting properties] id:TC@333_1 [Properties:]
07-26 17:23:49.066  2249  2249 I Telephony: SamsungPropertyLogUtil: [before setting properties] id:TC@333_1 [Sem-Properties:]
07-26 17:23:49.066   944  6501 D audio_hw_primary: out_set_parameters: usecase(primary-playback) new controller/stream (0/0)
07-26 17:23:49.066  2249  2249 I Telephony: SamsungPropertyLogUtil: [after setting properties] id:TC@333_1 [Properties:]
07-26 17:23:49.066  2249  2249 I Telephony: SamsungPropertyLogUtil: [after setting properties] id:TC@333_1 [Sem-Properties:]
07-26 17:23:49.067  2249  2249 I Telephony: SamsungTelephonyConnectionService: setOriginalAddress, handle : tel********246
07-26 17:23:49.067  1273  2870 I power_partial_wake_state: [76,IntentOp:.thunderbird.OutgoingEmergencyIntentOperation:com.google.android.gms(disabled)]
07-26 17:23:49.067  2249  2249 I Telephony: SamsungTwoPhoneRepositoryImpl: isTwoPhoneRegistered : false
07-26 17:23:49.068  2566  2566 I BluetoothInCallService: updateHeadsetWithCallState force true, pending false, numActive 0, numHeld 0, numChildOfActive 0, callState 2, ringing type 129
07-26 17:23:49.068  2249  2249 I Telephony: TelephonyConnectionService: Phone.dial. phoneid: 0, video state: 0, num: 35******46, rttTextStream: null, isGroupCall: false, emergencyNumber: N
07-26 17:23:49.070  2249  2249 I GsmCdmaPhone: [0] dial; isEmergency=false (based on this phone only); globalIsEmergency=false
07-26 17:23:49.071  2249  2249 D SemCallTrackerHelper: CallRoute - preprocessDialArgs: ImsDialArgs(videoState: 0, clirMode: 0, isEmergency: false, eccCategory: 0, intentExtras: <MASKED>)
07-26 17:23:49.071  2249  2249 D SemCallTrackerHelper: CallRoute - preprocessDialArgs: DSG-DSG, dialString: <MASKED>, dialLength: 10, ImsPhoneState: {Foreground(IDLE)}, NetworkMode: 26, SIM: 313340, Network: 313340, Voice: (IN_SERVICE home NR_SA), Data: (IN_SERVICE home NR_SA), ImsDialArgs(videoState: 0, clirMode: 0, isEmergency: false, eccCategory: 0, intentExtras: <MASKED>)
07-26 17:23:49.071  2566  2566 D HeadsetService: setScoPath : numActive: 0 numHeld: 0 callState: 2
07-26 17:23:49.073  1273  2870 D PhoneRestrictionPolicy: isOperationAllowed >>> slotNum: 0 function: 3
07-26 17:23:49.084  2249  2249 D SecImsManager: isVolteEnabledByPlatform
07-26 17:23:49.084  2249  2249 D SecImsManager: getFeatureValue
07-26 17:23:49.089  2612  3536 I ImsServiceStub<0>: isServiceAvailable: mmtel, rat: 13, profileFind:true, Enabled:true
07-26 17:23:49.089  2249  2249 D SecImsManager: onQueryCapabilityConfiguration : true
07-26 17:23:49.089  2249  2249 D SecImsManager: getFeatureValue(1, 0) : true
07-26 17:23:49.090  2249  2249 I TelephonyProvider: D/TelephonyProvider: Using old permission behavior for telephony provider compat
07-26 17:23:49.099  2249  2249 D SecImsManager: isEnhanced4gLteModeSettingEnabledByUser : sub DB = 1, system prop = 0
07-26 17:23:49.104  2249  2249 D GsmCdmaPhone: [0] CallRoute - useImsForCall: true, useImsForUt: true
07-26 17:23:49.105  2249  2249 I GsmCdmaPhone: [0] useImsForCall=true, useOnlyDialedSimEccList=true, isEmergency=false, useImsForEmergency=false, useImsForUt=true, isUt=false, isSuppServiceCode=false, isPotentialUssdCode=false, isWpsCall=false, allowWpsOverIms=true, imsPhone=Handler (com.android.internal.telephony.imsphone.ImsPhone) {2945b4}, imsPhone.isVoiceOverCellularImsEnabled()=true, imsPhone.isVowifiEnabled()=false, imsPhone.isVideoEnabled()=false, imsPhone.getServiceState().getState()=0
07-26 17:23:49.109  2249  2249 D SecImsManager: isWfcEnabledByPlatform
07-26 17:23:49.110  2249  2249 D GsmCdmaPhone: [0] Trying IMS PS call
07-26 17:23:49.110  2249  2249 I Telephony: GsmConnection: registerForCallEvents; phone=Handler (com.android.internal.telephony.imsphone.ImsPhone) {2945b4}
07-26 17:23:49.115  2249  2249 D GsmMmiCode: isTwoDigitShortCode
07-26 17:23:49.115  2249  2249 D ImsPhone: [0] dialInternal: dialing w/ mmi 'null'...
07-26 17:23:49.116  1103  1792 D DlbDlbEffect: handle_EFFECT_CMD_SET_DEVICE(device=0x00000001)
07-26 17:23:49.116  2249  2249 I ImsPhoneCallTracker: shouldProcessCall: number: [****], result: 0
07-26 17:23:49.116  2249  2249 D ImsPhoneCallTracker: [0] CallRoute - dial to <MASKED>. ImsPhoneState: {Foreground(IDLE)}, ImsDialArgs(videoState: 0, clirMode: 0, isEmergency: false, eccCategory: 0, intentExtras: <MASKED>)
07-26 17:23:49.117  1103  1792 D DlbEffectContext: setDevice(00000001)
07-26 17:23:49.117  1103  1792 D DlbEndpointParamCache: setDevice(device=0x00000002)
07-26 17:23:49.117  2249  2249 D ImsPhoneCallTracker: [0] clearDisconnected
07-26 17:23:49.117  2249  2249 D ImsPhoneCallTracker: [0] updatePhoneState pendingMo = null, rng= IDLE(), fg= IDLE(), bg= IDLE()
07-26 17:23:49.117  2249  2249 D ImsPhoneCallTracker: [0] updatePhoneState oldState=IDLE, newState=IDLE
07-26 17:23:49.118  2249  2249 D DefaultPhoneNotifier: notifyPreciseCallState - RingingCall: 0, ForegroundCall: 0, BackgroundCall: 0
07-26 17:23:49.119  1103  1792 D DlbDlbEffect: handle_EFFECT_CMD_SET_DEVICE(device=0x00000001)
07-26 17:23:49.119  2249  2249 D ImsPhoneBase: notifyPreciseCallStateChanged
07-26 17:23:49.120  2249  2249 D SemCallTrackerHelper: setImsCallList - ImsCallList is not changed
07-26 17:23:49.120  1103  1792 D DlbSpatializerEffectContext: setDevice(00000001)
07-26 17:23:49.120  1103  1792 D DlbEndpointParamCache: setDevice(device=0x00000002)
07-26 17:23:49.120  1103  1792 D DlbDlbEffect: handle_EFFECT_CMD_SET_DEVICE(device=0x00000001)
07-26 17:23:49.120  1103  1792 D DlbEffectContext: setDevice(00000001)
07-26 17:23:49.120  1103  1792 D DlbEndpointParamCache: setDevice(device=0x00000002)
07-26 17:23:49.121  2249  2249 D ImsPhoneConnection: acquireWakeLock
07-26 17:23:49.129   944  6501 D DlbDlbEffect: handle_EFFECT_CMD_SET_DEVICE(device=0x00000001)
07-26 17:23:49.129   944  6501 D DlbEffectContext: setDevice(00000001)
07-26 17:23:49.129   944  6501 D DlbEndpointParamCache: setDevice(device=0x00000002)
07-26 17:23:49.133  1103  1792 I AudioEffectExtendAction: setDevice_l empty address, empty name
07-26 17:23:49.133  1103  1792 I AudioEffectExtendAction: setDevice_l empty address, empty name
07-26 17:23:49.136  2249  2249 I SecImsManager: getInitialCallNetworkType : 13
07-26 17:23:49.136  2249  2249 D ImsPhoneCallTracker: [0] dial: initialCallNetworkType is 13
07-26 17:23:49.136  2249  2249 D ConnectionExt: [0][ImsPhoneConn] setCallRadioTech - Listeners: 0, callRadioTech: 0 -> 14
07-26 17:23:49.137  2249  2249 D SemGsmCdmaPhone: FDN is not blocked (FDN disable)
07-26 17:23:49.137  2249  2249 D IPF     : [IPCT]> createCallProfile {1, 2}
07-26 17:23:49.138   944  6501 D audio_hw_primary: adev_create_audio_patch: enter: num sources 1, num_sinks 1, handle 1
07-26 17:23:49.138   944  6501 D audio_hw_primary: adev_create_audio_patch: Playback patch from mix handle 13 to device 1
07-26 17:23:49.138   944  6501 D audio_hw_primary: route_output_stream: enter: usecase(1: primary-playback) devices 1
07-26 17:23:49.139   944  6501 D msm8974_platform: platform_set_mic_mute Setting voice mute state: 0
07-26 17:23:49.139   944  6501 D voice   : voice_start_usecase: enter usecase:voicemmode1-call
07-26 17:23:49.139   944  6501 D audio_hw_primary: select_devices for use case (voicemmode1-call)
07-26 17:23:49.139   944  6501 V audio_hw_sec: sec_platform_get_output_snd_device_for_call: enter: output devices(0x1)
07-26 17:23:49.139   944  6501 V audio_hw_sec: sec_platform_get_input_snd_device_for_call: enter: out_device(0x1) in_device(0)
07-26 17:23:49.140   944  6501 I msm8974_platform: platform_check_and_set_codec_backend_cfg:becf: afe: bitwidth 24, samplerate 48000 channels 2, backend_idx 0 usecase = 38 device (call-handset)
07-26 17:23:49.140   944  6501 I msm8974_platform: platform_check_and_set_codec_backend_cfg: new_snd_devices[0] is 22
07-26 17:23:49.140   944  6501 I msm8974_platform: platform_check_codec_backend_cfg:becf: afe: bitwidth 24, samplerate 48000 channels 2, backend_idx 0 usecase = 38 device (call-handset)
07-26 17:23:49.140   944  6501 V audio_hw_sec: sec_platform_get_output_snd_device_for_call: enter: output devices(0x1)
07-26 17:23:49.140   944  6501 W msm8974_platform: platform_check_codec_backend_cfg:becf: afe:Use default bw and sr for voice/voip calls 
07-26 17:23:49.140   944  6501 V audio_hw_sec: sec_platform_get_output_snd_device_for_call: enter: output devices(0x1)
07-26 17:23:49.140   944  6501 I msm8974_platform: platform_check_codec_backend_cfg:becf: afe: Codec selected backend: 0 updated bit width: 24 and sample rate: 48000
07-26 17:23:49.140   944  6501 D audio_hw_primary: check_usecases_codec_backend:becf: force routing 1
07-26 17:23:49.140   944  6501 D audio_hw_primary: check_usecases_codec_backend:becf: (89) check_usecases curr device: call-handset, usecase device: backends match 0
07-26 17:23:49.140   944  6501 D audio_hw_primary: check_usecases_codec_backend:becf: check_usecases num.of Usecases to switch 0
07-26 17:23:49.140   944  6501 D hardware_info: hw_info_append_hw_type : device_name = call-handset
07-26 17:23:49.140   944  6501 D audio_hw_primary: enable_snd_device: snd_device(22: call-handset)
07-26 17:23:49.140   944  6501 D msm8974_platform: platform_get_island_cfg_on_device:island cfg status on snd_device = (call-handset 0)
07-26 17:23:49.140  2249  2249 D IPF     : [IPCT]< createCallProfile {{ serviceType=1, callType=2, restrictCause=0, mediaProfile={ audioQuality=0, audioDirection=3, audioCodecAttribute=null, videoQuality=0, videoDirection=-1, rttMode=0, hasRttAudioSpeech=false }, emergencyServiceCategories=0, emergencyUrns=[], emergencyCallRouting=0, emergencyCallTesting=false, hasKnownUserIntentEmergency=false, mRestrictCause=0, mCallerNumberVerstat= 0, mAcceptedRtpHeaderExtensions= [] }, <MASKED>}
07-26 17:23:49.141  2249  2249 D ImsPhoneConnection: getDisconnectCause: cause=0
07-26 17:23:49.141  2249  2249 W ServiceStateStats: getBand: unknown WWAN RAT 20
07-26 17:23:49.142  2249  2249 D IPF     : [IPCT]> makeCall {<MASKED>, { serviceType=1, callType=2, restrictCause=0, mediaProfile={ audioQuality=0, audioDirection=3, audioCodecAttribute=null, videoQuality=0, videoDirection=-1, rttMode=0, hasRttAudioSpeech=false }, emergencyServiceCategories=0, emergencyUrns=[], emergencyCallRouting=0, emergencyCallTesting=false, hasKnownUserIntentEmergency=false, mRestrictCause=0, mCallerNumberVerstat= 0, mAcceptedRtpHeaderExtensions= [] }}
07-26 17:23:49.142  2249  2249 D ImsManager [0]: makeCall :: profile={ serviceType=1, callType=2, restrictCause=0, mediaProfile={ audioQuality=0, audioDirection=3, audioCodecAttribute=null, videoQuality=0, videoDirection=-1, rttMode=0, hasRttAudioSpeech=false }, emergencyServiceCategories=0, emergencyUrns=[], emergencyCallRouting=0, emergencyCallTesting=false, hasKnownUserIntentEmergency=false, mRestrictCause=0, mCallerNumberVerstat= 0, mAcceptedRtpHeaderExtensions= [] }
07-26 17:23:49.144   944  6501 D audio_route: Apply path: call-handset
07-26 17:23:49.150  2612  3536 I CmcImsServiceUtil: setBoundSessionInfo()
07-26 17:23:49.151   944  6501 I msm8974_platform: platform_check_and_set_capture_codec_backend_cfg:txbecf: afe: bitwidth 16, samplerate 48000, channel 1 format 1, backend_idx 8 usecase = 38 device (call-handset-mic)
07-26 17:23:49.151   944  6501 I msm8974_platform: platform_check_capture_codec_backend_cfg:txbecf: afe: Codec selected backend: 8 current bit width: 16 and sample rate: 48000, channels 1 format 1
07-26 17:23:49.151   944  6501 W msm8974_platform: platform_check_capture_codec_backend_cfg:txbecf: afe: Use default bw and sr for voice/voip calls and for unprocessed/camera source
07-26 17:23:49.151   944  6501 I msm8974_platform: platform_check_capture_codec_backend_cfg:txbecf: afe: current backend bit_width 16 sample_rate 48000 channels 1, format 0
07-26 17:23:49.151   944  6501 I msm8974_platform: platform_check_capture_codec_backend_cfg:txbecf: afe: Codec backend needs to be updated. new bit width: 16 new sample rate: 48000 new channel: 1 new format: 1
07-26 17:23:49.151   944  6501 I msm8974_platform: platform_set_codec_backend_cfg:becf: afe: bitwidth 16, samplerate 48000 channels 1 format 1, backend_idx 8 device (call-handset-mic)
07-26 17:23:49.151   944  6501 D audio_hw_primary: check_usecases_capture_codec_backend:becf: force routing 0
07-26 17:23:49.151   944  6501 D hardware_info: hw_info_append_hw_type : device_name = call-handset-mic
07-26 17:23:49.151   944  6501 D audio_hw_primary: enable_snd_device: snd_device(188: call-handset-mic)
07-26 17:23:49.151   944  6501 D msm8974_platform: platform_get_island_cfg_on_device:island cfg status on snd_device = (call-handset-mic 0)
07-26 17:23:49.151   944  6501 D audio_route: Apply path: call-handset-mic
07-26 17:23:49.152  2612  3536 I CmcImsServiceUtil: prepareCallSession(), isCmcRegExist: false
07-26 17:23:49.163  1273  2250 I Pageboost: Launcher App Execution
07-26 17:23:49.166  1273  2432 V MdnieScenarioControlService: mAclOffEnabled : false mAclPreviewState : false mAclCompensationState : false
07-26 17:23:49.167   944  6501 D ACDB-LOADER: ACDB -> send_voice_cal, acdb_rx = 7, acdb_tx = 114, feature_set = 0
07-26 17:23:49.168  2612  3536 I ImsCallSessionFactory: createImsCallSession: normal call session
07-26 17:23:49.169   944  6501 D ACDB-LOADER: ACDB -> send_voice_rx_topology
07-26 17:23:49.169   944  6501 D ACDB-LOADER: ACDB -> ACDB_CMD_GET_VOCPROC_COMMON_TOPOLOGY_ID
07-26 17:23:49.169   944  6501 D ACDB-LOADER: ACDB -> ACDB_CMD_GET_TARGET_SPECIFIC_DEVICE_INFO
07-26 17:23:49.169   944  6501 D ACDB-LOADER: ACDB -> ACDB_CHANNEL_MAPPING_CONFIG_V2: GET_DEVICE_PROPERTY
07-26 17:23:49.169   944  6501 D ACDB-LOADER: ACDB -> send_voice_tx_topology
07-26 17:23:49.169   944  6501 D ACDB-LOADER: ACDB -> ACDB_CMD_GET_VOCPROC_COMMON_TOPOLOGY_ID
07-26 17:23:49.169   944  6501 D ACDB-LOADER: ACDB -> ACDB_CMD_GET_TARGET_SPECIFIC_DEVICE_INFO
07-26 17:23:49.169   944  6501 D ACDB-LOADER: ACDB -> ACDB_CHANNEL_MAPPING_CONFIG_V2: GET_DEVICE_PROPERTY
07-26 17:23:49.170   944  6501 D ACDB-LOADER: ACDB -> AUDIO_SET_SIDETONE_IIR_CAL
07-26 17:23:49.170   944  6501 D ACDB-LOADER: ACDB -> ACDB_CMD_GET_AFE_DATA
07-26 17:23:49.170   944  6501 D ACDB-LOADER: ACDB -> AUDIO_SET_SIDETONE_CAL
07-26 17:23:49.170   944  6501 D ACDB-LOADER: ACDB -> send_voice_columns, rxacdb_id 7, txacdb_id 114, table 8
07-26 17:23:49.170   944  6501 D ACDB-LOADER: ACDB -> ACDB_CMD_GET_VOC_COLUMNS_INFO_V2
07-26 17:23:49.170   944  6501 D ACDB-LOADER: ACDB -> ACDB_CMD_GET_VOC_PROC_STATIC_TABLE_SIZE
07-26 17:23:49.172   944  6501 D ACDB-LOADER: ACDB -> ACDB_CMD_GET_VOC_PROC_STATIC_TABLE
07-26 17:23:49.174  2612  3536 I ImsCallSession: start CallStatMachine
07-26 17:23:49.174   944  6501 D ACDB-LOADER: ACDB -> AUDIO_SET_VOCPROC_CAL
07-26 17:23:49.174   944  6501 D ACDB-LOADER: ACDB -> ACDB_CMD_GET_VOC_PROC_DEVICE_CFG
07-26 17:23:49.174   944  6501 D ACDB-LOADER: ACDB -> AUDIO_SET_VOCPROC_DEV_CFG_CAL
07-26 17:23:49.174   944  6501 D ACDB-LOADER: ACDB -> send_voice_columns, rxacdb_id 7, txacdb_id 114, table 7
07-26 17:23:49.174   944  6501 D ACDB-LOADER: ACDB -> ACDB_CMD_GET_VOC_COLUMNS_INFO_V2
07-26 17:23:49.174   944  6501 D ACDB-LOADER: ACDB -> ACDB_CMD_GET_VOC_PROC_DYNAMIC_TABLE_SIZE
07-26 17:23:49.175  2612  3031 I CallStateMachine: Enter [ReadyToCall]
07-26 17:23:49.176  2612  3536 I ResipVolteHandler: registerForCallStateEvent:
07-26 17:23:49.176  2612  3536 I ResipVolteHandler: registerForRrcConnectionEvent:
07-26 17:23:49.176  2612  3536 I ResipVolteHandler: registerForUssdEvent:
07-26 17:23:49.176  2612  3536 I ResipVolteHandler: registerForReferStatus:
07-26 17:23:49.177  2612  3536 I ImsMediaController: registerForMediaEvent: session -1
07-26 17:23:49.177  2612  3536 I ImsCallSession: mIsNrSaMode = true
07-26 17:23:49.178   944  6501 D ACDB-LOADER: ACDB -> ACDB_CMD_GET_VOC_PROC_DYNAMIC_TABLE
07-26 17:23:49.181  2612  3031 I CallStateMachine: [ReadyToCall] processMessage 400
07-26 17:23:49.182  2612  3031 E CallStateMachine: [com.sec.internal.ims.servicemodules.volte2.ImsReadyToCall] msg:400 ignored !!!
07-26 17:23:49.183  2612  3536 I ImsCallSession: registerListener
07-26 17:23:49.183  2612  3536 I VolteNotifier: registerRttEventListener to phone#0
07-26 17:23:49.186  2612  3536 I ImsCallSessionEventListener: onIcsiListenerRegistered() mPrevOnEndedError = -1
07-26 17:23:49.187   944  6501 D ACDB-LOADER: ACDB -> AUDIO_SET_VOCPROC_VOL_CAL
07-26 17:23:49.187   944  6501 D ACDB-LOADER: ACDB -> send_voice_columns, rxacdb_id 7, txacdb_id 114, table 9
07-26 17:23:49.187   944  6501 D ACDB-LOADER: ACDB -> ACDB_CMD_GET_VOC_COLUMNS_INFO_V2
07-26 17:23:49.187   944  6501 D ACDB-LOADER: ACDB -> ACDB_CMD_GET_VOC_STREAM_STATIC_TABLE_SIZE
07-26 17:23:49.187  2249  2249 I ImsCall : start(1) :: session=[ImsCallSession objId:242526875 state:IDLE callId:78] ImsCall=[ImsCall objId:42602040 onHold:N mute:N mCallProfile:{ serviceType=1, callType=2, restrictCause=0, mediaProfile={ audioQuality=0, audioDirection=3, audioCodecAttribute=null, videoQuality=0, videoDirection=-1, rttMode=0, hasRttAudioSpeech=false }, emergencyServiceCategories=0, emergencyUrns=[], emergencyCallRouting=0, emergencyCallTesting=false, hasKnownUserIntentEmergency=false, mRestrictCause=0, mCallerNumberVerstat= 0, mAcceptedRtpHeaderExtensions= [] } tech:20 updateRequest:NONE merging:N merge action pending:N merged:N multiParty:N confHost:N buried term:N isVideo: N wasVideo: N isWifi: N isCrossSim: N session:null transientSession:null]
07-26 17:23:49.187   944  6501 D ACDB-LOADER: ACDB -> ACDB_CMD_GET_VOC_STREAM_STATIC_TABLE
07-26 17:23:49.187   944  6501 D ACDB-LOADER: ACDB -> AUDIO_SET_VOCPROC_STREAM_CAL
07-26 17:23:49.187   944  6501 D ACDB-LOADER: ACDB -> send_afe_topology
07-26 17:23:49.187   944  6501 D ACDB-LOADER: ACDB -> ACDB_CMD_GET_AFE_TOPOLOGY_ID
07-26 17:23:49.187   944  6501 D ACDB-LOADER: ACDB -> GET_AFE_TOPOLOGY_ID for adcd_id 114, Topology Id 112fb
07-26 17:23:49.187   944  6501 D ACDB-LOADER: ACDB -> send_afe_cal
07-26 17:23:49.187   944  6501 D ACDB-LOADER: ACDB -> ACDB_CMD_GET_AFE_INSTANCE_COMMON_TABLE_SIZE
07-26 17:23:49.188   944  6501 D android.hardware.audio.service: Failed to fetch the lookup information of the device 00000072 
07-26 17:23:49.188   944  6501 D ACDB-LOADER: Error: ACDB_CMD_GET_AFE_INSTANCE_COMMON_TABLE_SIZE Returned = -19
07-26 17:23:49.188   944  6501 D ACDB-LOADER: ACDB -> ACDB_CMD_GET_AFE_INSTANCE_COMMON_TABLE
07-26 17:23:49.188   944  6501 D android.hardware.audio.service: Failed to fetch the lookup information of the device 00000072 
07-26 17:23:49.188   944  6501 D ACDB-LOADER: Error: ACDB AFE returned = -19
07-26 17:23:49.188   944  6501 D ACDB-LOADER: ACDB -> AUDIO_SET_AFE_CAL cal_type[17] acdb_id[114]
07-26 17:23:49.188   944  6501 D ACDB-LOADER: ACDB -> send_afe_topology
07-26 17:23:49.188   944  6501 D ACDB-LOADER: ACDB -> ACDB_CMD_GET_AFE_TOPOLOGY_ID
07-26 17:23:49.188   944  6501 D ACDB-LOADER: ACDB -> GET_AFE_TOPOLOGY_ID for adcd_id 7, Topology Id 112fc
07-26 17:23:49.188   944  6501 D ACDB-LOADER: ACDB -> send_afe_cal
07-26 17:23:49.188   944  6501 D ACDB-LOADER: ACDB -> ACDB_CMD_GET_AFE_INSTANCE_COMMON_TABLE_SIZE
07-26 17:23:49.188   944  6501 D android.hardware.audio.service: Failed to fetch the lookup information of the device 00000007 
07-26 17:23:49.188   944  6501 D ACDB-LOADER: Error: ACDB_CMD_GET_AFE_INSTANCE_COMMON_TABLE_SIZE Returned = -19
07-26 17:23:49.188   944  6501 D ACDB-LOADER: ACDB -> ACDB_CMD_GET_AFE_INSTANCE_COMMON_TABLE
07-26 17:23:49.188   944  6501 D android.hardware.audio.service: Failed to fetch the lookup information of the device 00000007 
07-26 17:23:49.188   944  6501 D ACDB-LOADER: Error: ACDB AFE returned = -19
07-26 17:23:49.188   944  6501 D ACDB-LOADER: ACDB -> AUDIO_SET_AFE_CAL cal_type[16] acdb_id[7]
07-26 17:23:49.188   944  6501 D ACDB-LOADER: ACDB -> send_hw_delay : acdb_id = 114 path = 1
07-26 17:23:49.188   944  6501 D ACDB-LOADER: ACDB -> ACDB_AVSYNC_INFO: ACDB_CMD_GET_DEVICE_PROPERTY
07-26 17:23:49.188   944  6501 D ACDB-LOADER: ACDB -> send_hw_delay : acdb_id = 7 path = 0
07-26 17:23:49.188   944  6501 D ACDB-LOADER: ACDB -> ACDB_AVSYNC_INFO: ACDB_CMD_GET_DEVICE_PROPERTY
07-26 17:23:49.188   944  6501 D ACDB-LOADER: ACDB -> Sent VocProc Cal!
07-26 17:23:49.188  2612  3536 I VolteServiceModule: setAutomaticMode: false -> false
07-26 17:23:49.188   944  6501 E audio_hw_utils: audio_extn_utils_update_stream_app_type_cfg_for_usecase: app type cfg not supported for usecase type (2)
07-26 17:23:49.188  2612  3536 E VolteServiceModule: setAutomaticMode: ignored
07-26 17:23:49.188   944  6501 I audio_hw_utils: audio_extn_utils_send_app_type_cfg: not a playback/capture path, no need to cfg app type
07-26 17:23:49.189   944  6501 D audio_hw_primary: enable_audio_route: apply mixer and update path: voicemmode1-call
07-26 17:23:49.189   944  6501 D audio_route: Apply path: voicemmode1-call
07-26 17:23:49.189  2612  3536 E #IMSCALL: 78 - START OUTGOING
07-26 17:23:49.189  2612  3031 I CallStateMachine: [ReadyToCall] processMessage 15
07-26 17:23:49.190  2249  2249 D IPF     : [IPCT]< makeCall {[ImsCall objId:42602040 onHold:N mute:N mCallProfile:{ serviceType=1, callType=2, restrictCause=0, mediaProfile={ audioQuality=0, audioDirection=3, audioCodecAttribute=null, videoQuality=0, videoDirection=-1, rttMode=0, hasRttAudioSpeech=false }, emergencyServiceCategories=0, emergencyUrns=[], emergencyCallRouting=0, emergencyCallTesting=false, hasKnownUserIntentEmergency=false, mRestrictCause=0, mCallerNumberVerstat= 0, mAcceptedRtpHeaderExtensions= [] } tech:20 updateRequest:NONE merging:N merge action pending:N merged:N multiParty:N confHost:N buried term:N isVideo: N wasVideo: N isWifi: N isCrossSim: N session:[ImsCallSession objId:242526875 state:INITIATED callId:78] transientSession:null]}
07-26 17:23:49.190   944  6501 D audio_hw_primary: select_devices: done
07-26 17:23:49.190   944  6501 D voice   : voice_config.rate 8000
07-26 17:23:49.191   944  6501 D msm8974_platform: platform_set_mic_mute Setting voice mute state: 0
07-26 17:23:49.191  2249  2249 D SemCallTrackerHelper: [0] setImsCallList - {Total: 1, [state:DIALING, type:volte, mo, norm, <MASKED>, objId:220085930 (42602040)]}
07-26 17:23:49.193  1273  2870 I power_partial_wake_state: [0,*telephony-sem-radio*:com.android.phone]
07-26 17:23:49.193  2249  2249 D SEM_RILJ: [3084]> SET_IMS_CALL_LIST [PHONE0]
07-26 17:23:49.194  2249  2249 D Telecom-Connection: New Connection.VideoProvider - this: com.android.ims.internal.ImsVideoCallProviderWrapper@c6d4e11, binder: android.telecom.Connection$VideoProvider$VideoProviderBinder@a799b76
07-26 17:23:49.195  2249  2249 D ConnectionExt: [0][ImsPhoneConn] setVideoProvider - Listeners: 0
07-26 17:23:49.195  2612  3536 I ImsMediaController: registerForVideoServiceEvent
07-26 17:23:49.196  2249  2249 D ConnectionExt: [0][ImsPhoneConn] setCallRadioTech - Listeners: 0, callRadioTech: 14 -> 20
07-26 17:23:49.196  2249  2249 D SemCallTrackerHelper: updateIntentExtras - old: ImsDialArgs(videoState: 0, clirMode: 0, isEmergency: false, eccCategory: 0, intentExtras: <MASKED>)
07-26 17:23:49.196 31708 31708 I CapsuleProvider_1.0.23: onCreate
07-26 17:23:49.196  2249  2249 D SemCallTrackerHelper: updateIntentExtras - new: ImsDialArgs(videoState: 0, clirMode: 0, isEmergency: false, eccCategory: 0, intentExtras: <MASKED>)
07-26 17:23:49.196  2249  2249 D ImsPhoneCallTracker: [0] calltrackerDump: dialInternal
07-26 17:23:49.196  2249  2249 D ImsPhoneCallTracker: [0] calltrackerDump: ----- Foreground Call(DIALING) -----
07-26 17:23:49.196  2249  2249 D ImsPhoneCallTracker: [0] calltrackerDump: conn[0]: [telecomCallID: null objId: 220085930 incoming: false state: DIALING videoState: 0 callRadioTech: 20 audioQuality: 0 phoneType: 5 attribute: []]
07-26 17:23:49.196  2249  2249 D ImsPhoneCallTracker: [0] updatePhoneState pendingMo = DIALING(null/objId:220085930), rng= IDLE(), fg= DIALING(null/objId:220085930), bg= IDLE()
07-26 17:23:49.197  2249  2249 D ImsPhoneCallTracker: [0] updatePhoneState oldState=IDLE, newState=OFFHOOK
07-26 17:23:49.197  2249  2249 D DefaultPhoneNotifier: notifyPhoneState - state: 2, phoneId: 0, subId: 1
07-26 17:23:49.198  2279  2511 D MobileStatusTracker(0/1): onCallStateChanged=2
07-26 17:23:49.198  2249  2331 D DC-C-1  : newSuspendedState : false, mIsSuspended : false
07-26 17:23:49.200  1450  1949 E RILD    : ProcessSingleIpcMessageReceived() - IpcHistoryRecord has no message
07-26 17:23:49.201  2249  2331 I TelephonyProvider: D/TelephonyProvider: Using old permission behavior for telephony provider compat
07-26 17:23:49.202  2249  2331 I TelephonyProvider: D/TelephonyProvider: subIdString = 1 subId = 1
07-26 17:23:49.202  2612  2919 I ImsIconManager<0>: call state is changed to [2]
07-26 17:23:49.204  2249  2249 I ImsExternalCallTracker: onPhoneStateChanged : hasActiveCalls = true
07-26 17:23:49.204  2249  2249 D ImsExternalCallTracker: refreshCallPullState
07-26 17:23:49.204  2249  2249 D DefaultPhoneNotifier: notifyPreciseCallState - RingingCall: 0, ForegroundCall: 3, BackgroundCall: 0
07-26 17:23:49.205  1273  1273 D GnssNetworkConnectivityHandler: mActiveSubId: 1
07-26 17:23:49.205  1450  1949 E RILD    : ProcessSingleIpcMessageReceived() - IpcHistoryRecord has no message
07-26 17:23:49.205  2249  2249 D ImsPhoneBase: notifyPreciseCallStateChanged
07-26 17:23:49.205  2249  2249 D SemCallTrackerHelper: setImsCallList - ImsCallList is not changed
07-26 17:23:49.205  2249  2249 D ImsPhoneCallTracker: [0] CallRoute - dial completed. return [telecomCallID: null objId: 220085930 incoming: false state: DIALING videoState: 0 callRadioTech: 20 audioQuality: 0 phoneType: 5 attribute: []]
07-26 17:23:49.206  2249  2300 D SEM_RILJ: [3084]< SET_IMS_CALL_LIST  [PHONE0]
07-26 17:23:49.207  1273  2870 I power_partial_wake_state: [14,*telephony-sem-radio*:com.android.phone]
07-26 17:23:49.208  1273  2870 I power_partial_wake_state: [1,*telephony-sem-radio*:com.android.phone(disabled)]
