10-30 21:10:03.528 32657 32754 I CS/RcsCapabilityManager<0>: updateRemotePendingCapInfoTask
10-30 21:10:03.528 32657 32657 I CS/RcsCapabilityManager<0>: registerCapabilityListener, mCapabilityListener=com.samsung.android.messaging.common.capability.RcsCapabilityManager$2@427baae
10-30 21:10:03.528 32657 32657 I CS/RcsCapabilityManager<0>: doPendingWorks, size=0
10-30 21:10:03.529 32657 32657 I ORC/SimStateChangeReceiver: onReceive : Intent { act=android.intent.action.SIM_STATE_CHANGED flg=0x5000010 (has extras) }
10-30 21:10:03.529 32657 32657 I ORC/SimStateChangeReceiver: ACTION_SIM_STATE_CHANGED : simStatus[0] = LOADED, isInitialSticky :true
10-30 21:10:03.530 32657 32715 I ORC/CountryDetector: getNetworkBasedCountryIso : us
10-30 21:10:03.530  1286 13515 D AppOps  : noteOperation: reject #3 for code 105 (105) uid 1001 package com.android.phone flags: s
10-30 21:10:03.530 32657 32715 I ORC/CountryDetector: getSimFirstCountryIsoInner getSimBasedCountryIsous
10-30 21:10:03.530 32657 32715 I ORC/LocalNumberManager: onSimStateChanged: simStatus = LOADED, simSlot = 0
10-30 21:10:03.531  1286  1334 D AppOps  : noteOperation: reject #3 for code 105 (105) uid 1001 package com.android.phone flags: s
10-30 21:10:03.531  2602 19693 I UriUtil : fragment is null. get simSlot from priority policy.
10-30 21:10:03.531  1286  1334 D AppOps  : noteOperation: reject #3 for code 105 (105) uid 10098 package com.samsung.android.messaging flags: s
10-30 21:10:03.531  2602 19693 I UriGeneratorProvider: query()  mCountryCode US MCC 313 CountryCode US
10-30 21:10:03.532  2261  2275 D SubscriptionController: [getActiveSubscriptionInfoForSimSlotIndex]+ slotIndex=0 subId={id=1 iccId= simSlotIndex=0 carrierId=2528 displayName=DISH Wireless carrierName=DISH Wireless nameSource=4 iconTint=-16746133 number= dataRoaming=0 iconBitmap=null mcc=313 mnc=340 countryIso=us isEmbedded=false nativeAccessRules=null cardString= cardId=-2 portIndex=0 isOpportunistic=false groupUUID=null isGroupDisabled=false profileClass=-1 ehplmns=null hplmns=null subscriptionType=0 groupOwner=null carrierConfigAccessRules=[cert: 70D0BFCD7AE6B6E831AE7D1C16A641CB3EB489129D3A5ED168A760C94D50A8B4 pkg: null access: 0] areUiccApplicationsEnabled=true usageSetting=0}
10-30 21:10:03.532  1286  3692 D AppOps  : noteOperation: reject #3 for code 105 (105) uid 10098 package com.samsung.android.messaging flags: s
10-30 21:10:03.533 32657 32657 I ORC/DefaultDataSlotChangedReceiver: onReceive(), oldDataSlot = 0, newDataSlot = 0
10-30 21:10:03.533 32657 32715 I ORC/LocalNumberManager: loadLocalNumberIfNeeded: already loaded, (11)192#nn#63#nn#017, simSlot = 0, subId = 1
10-30 21:10:03.534  1286  1334 D AppOps  : noteOperation: reject #3 for code 105 (105) uid 1001 package com.android.phone flags: s
10-30 21:10:03.534 32657 32715 I ORC/CustomerNetworkFeatureLoader: isActivated = false, isNeedReload = false, isSingleSku = false
10-30 21:10:03.534 32657 32715 I ORC/UserSettingBySimUtil: load user setting by sim, simSlot: 0, imsi: 313#nn#549
10-30 21:10:03.534 32657 32715 I ORC/WithAppProvider: delete, uriMatch:1005
10-30 21:10:03.535 32657 32715 I ORC/UserSettingBySimUtil: delete due to never been changed by a user, count = 1
10-30 21:10:03.535  1286  3692 D AppOps  : noteOperation: reject #3 for code 105 (105) uid 10098 package com.samsung.android.messaging flags: s
10-30 21:10:03.535 32657 32715 I ORC/WithAppProvider: query, uriMatch:1005
10-30 21:10:03.536 32657 32715 I ORC/UserSettingBySimUtil: There is no user setting that matches the imsi value, insert new value from customer
10-30 21:10:03.536 32657 32754 I ORC/RcsCommonUtil: generate: FW returned URI
10-30 21:10:03.536 32657 32715 I ORC/WithAppProvider: insert, uriMatch:1005
10-30 21:10:03.537 32657 32657 I ORC/DefaultSmsSlotChangedReceiver: onReceive(), oldSmsSlot = 0, newSmsSlot = 0
10-30 21:10:03.537 32657 32657 I ORC/MultiSimManager: onSubscriptionsChanged
10-30 21:10:03.537 32657 32715 I ORC/UserSettingBySimUtil: settings = {sms_input_mode=GSM alphabet, mms_retrieval_during_roaming=true, cb_settings_activation=false, mms_delivery_reports=false, sms_delivery_reports=false, mms_auto_retrieval=true, mms_read_reports=false}
10-30 21:10:03.537 32657 32657 I ORC/ComposerConfig: isDualRcsSupported = false
10-30 21:10:03.537 32657 32657 I ORC/AsyncLayoutInflateManager: popView:fab_layout, return view
10-30 21:10:03.537 32657 32657 I ORC/AsyncLayoutInflateManager: total size = 7 view list size = 0
10-30 21:10:03.537 32657 32657 I ORC/WithActivityViewManager: initFab : manager = tp.f@b28ece5, layout = android.widget.LinearLayout{6b8d3ba V.E...... ......I. 0,0-0,0 #7f0a04f3 app:id/fab_layout}
10-30 21:10:03.538  1286  3692 D AppOps  : noteOperation: reject #3 for code 105 (105) uid 1001 package com.android.phone flags: s
10-30 21:10:03.538 32657 32657 I ORC/WithActivityViewManager: updateFAB()
10-30 21:10:03.538 32657 32657 I ORC/Setting: getEnableSupportSplitMode() smallest screen width : 384
10-30 21:10:03.539  2602  6462 I CapabilityQuery<0>: getCapabilities: refreshType ONLY_IF_NOT_FRESH_IN_MSG_CTX, lazyQuery: false
10-30 21:10:03.539 32657 32657 I Choreographer: Skipped 35 frames!  The application may be doing too much work on its main thread.
10-30 21:10:03.540  2261  3434 D SubscriptionController: [getActiveSubscriptionInfoForSimSlotIndex]+ slotIndex=0 subId={id=1 iccId= simSlotIndex=0 carrierId=2528 displayName=DISH Wireless carrierName=DISH Wireless nameSource=4 iconTint=-16746133 number= dataRoaming=0 iconBitmap=null mcc=313 mnc=340 countryIso=us isEmbedded=false nativeAccessRules=null cardString= cardId=-2 portIndex=0 isOpportunistic=false groupUUID=null isGroupDisabled=false profileClass=-1 ehplmns=null hplmns=null subscriptionType=0 groupOwner=null carrierConfigAccessRules=[cert: 70D0BFCD7AE6B6E831AE7D1C16A641CB3EB489129D3A5ED168A760C94D50A8B4 pkg: null access: 0] areUiccApplicationsEnabled=true usageSetting=0}
10-30 21:10:03.540  1286  3692 D AppOps  : noteOperation: reject #3 for code 105 (105) uid 10098 package com.samsung.android.messaging flags: s
10-30 21:10:03.542 32657 32715 I ORC/CustomerNetworkFeatureLoader: SimMobility is false, Update features from CustomerFeature, simSlot = 0
10-30 21:10:03.543  2602  6462 E #IMSCR  : 10-30 21:10:03 0x12010006:0,GETCAPA,3,false,77
10-30 21:10:03.544  1286 13515 D AppOps  : noteOperation: reject #3 for code 105 (105) uid 1001 package com.android.phone flags: s
10-30 21:10:03.546 32657 32657 I ORC/Setting: getEnableSupportSplitMode() smallest screen width : 384
10-30 21:10:03.546  2261  3434 D SubscriptionController: [getActiveSubscriptionInfoForSimSlotIndex]+ slotIndex=0 subId={id=1 iccId= simSlotIndex=0 carrierId=2528 displayName=DISH Wireless carrierName=DISH Wireless nameSource=4 iconTint=-16746133 number= dataRoaming=0 iconBitmap=null mcc=313 mnc=340 countryIso=us isEmbedded=false nativeAccessRules=null cardString= cardId=-2 portIndex=0 isOpportunistic=false groupUUID=null isGroupDisabled=false profileClass=-1 ehplmns=null hplmns=null subscriptionType=0 groupOwner=null carrierConfigAccessRules=[cert: 70D0BFCD7AE6B6E831AE7D1C16A641CB3EB489129D3A5ED168A760C94D50A8B4 pkg: null access: 0] areUiccApplicationsEnabled=true usageSetting=0}
10-30 21:10:03.546 32657 32657 I ORC/AppWindowManager: softInputMode = 307
10-30 21:10:03.546 32657 32657 I ORC/AppWindowManager: rootView = true contentView = true
10-30 21:10:03.546 32657 32657 I ORC/AppWindowManager: isMultiWindowMode = false isCurrentSplit = false
10-30 21:10:03.546 32657 32657 I ORC/AppWindowManager: onApplyWindowInsets, 0
10-30 21:10:03.546 32657 32657 I ORC/WorkingMessageModel: hasContentsForSend() : hasSubject = false, hasText = false, hasAttachment = false, isInputVoiceExist = false
10-30 21:10:03.546 32657 32657 I ORC/ComposerConfig: isMmsEnabledBySim 0 result = true
10-30 21:10:03.546 32657 32657 I ORC/Setting: getMmsMaxRecipient result = 20
10-30 21:10:03.546 32657 32657 I ORC/EditorPresenterImpl: isExceededMmsRecipientMaxCount : false
10-30 21:10:03.546 32657 32657 I ORC/ComposerConfig: isDualRcsSupported = false
10-30 21:10:03.546 32657 32657 I ORC/EditorView: isEditorEnabled
10-30 21:10:03.546 32657 32657 I ORC/WorkingMessageModel: hasContentsForSend() : hasSubject = false, hasText = false, hasAttachment = false, isInputVoiceExist = false
10-30 21:10:03.546 32657 32657 I ORC/ComposerModelUtil: [BOT] isBot, else
10-30 21:10:03.546 32657 32657 I ORC/ComposerModel: isDisabledGroupChatStatus result = false
10-30 21:10:03.546  1286 13515 D AppOps  : noteOperation: reject #3 for code 105 (105) uid 10098 package com.samsung.android.messaging flags: s
10-30 21:10:03.546 32657 32657 I ORC/AppWindowManager: onApplyWindowInsets, 0
10-30 21:10:03.547 32657 32657 I ORC/AttachSheetFragment: onApplyWindowInsets, 135
10-30 21:10:03.547 32657 32657 I ORC/AppWindowManager: contentViewApplyWindowInsetListener
10-30 21:10:03.547 32657 32657 I ORC/InputMethodUtil: isIMEShown = false
10-30 21:10:03.547 32657 32657 I ORC/AppWindowManager: isAttachAdded = false onAttachSheetSlide = false
10-30 21:10:03.547 32657 32657 I ORC/InputMethodUtil: isIMEShown = false
10-30 21:10:03.547 32657 32657 I ORC/Setting: getEnableSupportSplitMode() smallest screen width : 384
10-30 21:10:03.547 32657 32657 I ORC/AppWindowManager: bottom padding zero
10-30 21:10:03.550  1286 13515 D AppOps  : noteOperation: reject #3 for code 105 (105) uid 10098 package com.samsung.android.messaging flags: s
10-30 21:10:03.551  2602  6462 I DefaultUPMnoStrategy<0>: needRefresh: Capability is null
10-30 21:10:03.551  2602  6462 I CapabilityQuery<0>: needCapabilityRefresh: true, missing capabilities for 77
10-30 21:10:03.551  2602  2966 I CapabilityDiscModule: handleMessage: evt 6
10-30 21:10:03.551 32657 32715 I ORC/CustomerNetworkFeatureLoader: update network dependent features, simSlot = 0, smsPageCount = 5, smsRecipient = 20, mmsRecipient = 20, mmsSize = 1024000, emailGateWay = null, fromFieldMDN = null
10-30 21:10:03.552 32657 32715 I ORC/ProvisionUtil: loadUserAgentFromCSC(from CscFeature, 0) : cscUa = 
10-30 21:10:03.552 32657 32754 I CS/RcsCapabilityManager<0>: requestCapability() : requestCapability : ONLY_IF_NOT_FRESH_IN_MSG_CTX, storeRemoteCapable = true
10-30 21:10:03.552 32657 32754 I CS/RemoteCapabilityManager<0>: getCapabilityData() : CapabilityData is empty
10-30 21:10:03.552  2602  2966 I CapabilityEvent<0>: EVT_REQUEST_CAPABILITIES: refreshtype = 3
10-30 21:10:03.553  1286  1334 D AppOps  : noteOperation: reject #3 for code 105 (105) uid 1001 package com.android.phone flags: s
10-30 21:10:03.553  1286 13515 D AppOps  : noteOperation: reject #3 for code 105 (105) uid 1001 package com.android.phone flags: s
10-30 21:10:03.555  2261  3434 D SubscriptionController: [getActiveSubscriptionInfoForSimSlotIndex]+ slotIndex=0 subId={id=1 iccId= simSlotIndex=0 carrierId=2528 displayName=DISH Wireless carrierName=DISH Wireless nameSource=4 iconTint=-16746133 number= dataRoaming=0 iconBitmap=null mcc=313 mnc=340 countryIso=us isEmbedded=false nativeAccessRules=null cardString= cardId=-2 portIndex=0 isOpportunistic=false groupUUID=null isGroupDisabled=false profileClass=-1 ehplmns=null hplmns=null subscriptionType=0 groupOwner=null carrierConfigAccessRules=[cert: 70D0BFCD7AE6B6E831AE7D1C16A641CB3EB489129D3A5ED168A760C94D50A8B4 pkg: null access: 0] areUiccApplicationsEnabled=true usageSetting=0}
10-30 21:10:03.555  2261  2275 D SubscriptionController: [getActiveSubscriptionInfoForSimSlotIndex]+ slotIndex=0 subId={id=1 iccId= simSlotIndex=0 carrierId=2528 displayName=DISH Wireless carrierName=DISH Wireless nameSource=4 iconTint=-16746133 number= dataRoaming=0 iconBitmap=null mcc=313 mnc=340 countryIso=us isEmbedded=false nativeAccessRules=null cardString= cardId=-2 portIndex=0 isOpportunistic=false groupUUID=null isGroupDisabled=false profileClass=-1 ehplmns=null hplmns=null subscriptionType=0 groupOwner=null carrierConfigAccessRules=[cert: 70D0BFCD7AE6B6E831AE7D1C16A641CB3EB489129D3A5ED168A760C94D50A8B4 pkg: null access: 0] areUiccApplicationsEnabled=true usageSetting=0}
10-30 21:10:03.556  1286  3692 D AppOps  : noteOperation: reject #3 for code 105 (105) uid 10098 package com.samsung.android.messaging flags: s
10-30 21:10:03.556  1286  1334 D AppOps  : noteOperation: reject #3 for code 105 (105) uid 10098 package com.samsung.android.messaging flags: s
10-30 21:10:03.558 32657 32657 I ORC/CustomEditText: onAttachedToWindow
10-30 21:10:03.559 32657 32715 I ORC/TelephonyUtils: getSimOperatorForSlot(0) : 313340
10-30 21:10:03.559 32657 32754 I ORC/LocalNumberManager: loadLocalNumberIfNeeded: already loaded, (11)192#nn#63#nn#017, simSlot = 0, subId = 1
10-30 21:10:03.559 32657 32715 I ORC/CustomerFeature: getUaUap : type = MessageUserAgent
10-30 21:10:03.560 32657 32715 I ORC/CustomerFeature: getNbMMSView : Nb = 1
10-30 21:10:03.561 32657 32657 I ORC/SimButtonLayout: onAttachedToWindow
10-30 21:10:03.561 32657 32715 I ORC/CustomerFeature: getUaUap: MessageUserAgent = SAMSUNG-ANDROID-MMS/uaprof
10-30 21:10:03.561 32657 32715 I ORC/ProvisionUtil: loadUserAgentFromCSC(from Customer, 0) : cscUa = SAMSUNG-ANDROID-MMS/uaprof
10-30 21:10:03.561 32657 32715 I ORC/ProvisionUtil: loadUaProfUrlFromCSC(from CscFeature, 0) : cscUapUrl = 
10-30 21:10:03.561 32657 32657 I ORC/EditorView: updateEditorPaddingStart, 0
10-30 21:10:03.562 32657 32657 I ORC/EditorView: setEditorPadding, 33, 33
10-30 21:10:03.562 32657 32657 I ORC/FlashCache: return cached data isEnabledPkgcom.samsung.android.stickercenter
10-30 21:10:03.562  1286  3692 D AppOps  : noteOperation: reject #3 for code 105 (105) uid 1001 package com.android.phone flags: s
10-30 21:10:03.563  1286  2485 D AppOps  : noteOperation: reject #3 for code 105 (105) uid 1001 package com.android.phone flags: s
10-30 21:10:03.563 32657 32657 I ORC/ComposerConfig: isMmsEnabledBySim 0 result = true
10-30 21:10:03.563 32657 32657 I ORC/Setting: getMmsMaxRecipient result = 20
10-30 21:10:03.563 32657 32657 I ORC/EditorPresenterImpl: isExceededMmsRecipientMaxCount : false
10-30 21:10:03.563 32657 32657 I ORC/FlashCache: return cached data isEnabledPkgcom.samsung.android.stickercenter
10-30 21:10:03.564 32657 32657 I ORC/InputMethodUtil: showImeWithHardKeyboard 1
10-30 21:10:03.564  2261  2275 D SubscriptionController: [getActiveSubscriptionInfoForSimSlotIndex]+ slotIndex=0 subId={id=1 iccId= simSlotIndex=0 carrierId=2528 displayName=DISH Wireless carrierName=DISH Wireless nameSource=4 iconTint=-16746133 number= dataRoaming=0 iconBitmap=null mcc=313 mnc=340 countryIso=us isEmbedded=false nativeAccessRules=null cardString= cardId=-2 portIndex=0 isOpportunistic=false groupUUID=null isGroupDisabled=false profileClass=-1 ehplmns=null hplmns=null subscriptionType=0 groupOwner=null carrierConfigAccessRules=[cert: 70D0BFCD7AE6B6E831AE7D1C16A641CB3EB489129D3A5ED168A760C94D50A8B4 pkg: null access: 0] areUiccApplicationsEnabled=true usageSetting=0}
10-30 21:10:03.564  2261  3434 D SubscriptionController: [getActiveSubscriptionInfoForSimSlotIndex]+ slotIndex=0 subId={id=1 iccId= simSlotIndex=0 carrierId=2528 displayName=DISH Wireless carrierName=DISH Wireless nameSource=4 iconTint=-16746133 number= dataRoaming=0 iconBitmap=null mcc=313 mnc=340 countryIso=us isEmbedded=false nativeAccessRules=null cardString= cardId=-2 portIndex=0 isOpportunistic=false groupUUID=null isGroupDisabled=false profileClass=-1 ehplmns=null hplmns=null subscriptionType=0 groupOwner=null carrierConfigAccessRules=[cert: 70D0BFCD7AE6B6E831AE7D1C16A641CB3EB489129D3A5ED168A760C94D50A8B4 pkg: null access: 0] areUiccApplicationsEnabled=true usageSetting=0}
10-30 21:10:03.564  1286  1334 I InputMethodManagerService: isAccessoryKeyboard 0
10-30 21:10:03.565 32657 32657 I ORC/InputMethodUtil: onlyHwKeyboardEnabled() = false
10-30 21:10:03.565 32657 32657 I ORC/EditorView: updateEditorPaddingEnd, 107
10-30 21:10:03.565 32657 32657 I ORC/EditorView: setEditorPadding, 33, 140
10-30 21:10:03.565  1286  8588 D AppOps  : noteOperation: reject #3 for code 105 (105) uid 10098 package com.samsung.android.messaging flags: s
10-30 21:10:03.565  1286  4660 D AppOps  : noteOperation: reject #3 for code 105 (105) uid 10098 package com.samsung.android.messaging flags: s
10-30 21:10:03.566 32657 32715 I ORC/TelephonyUtils: getSimOperatorForSlot(0) : 313340
10-30 21:10:03.567 32657 32715 I ORC/CustomerFeature: getUaUap : type = MessageUaProfUrl
10-30 21:10:03.567 32657 32715 I ORC/CustomerFeature: getNbMMSView : Nb = 1
10-30 21:10:03.567 32657 32715 I ORC/CustomerFeature: getUaUap: MessageUaProfUrl = http://wap.samsungmobile.com/uaprof/uaprof.rdf
10-30 21:10:03.567 32657 32715 I ORC/ProvisionUtil: loadUaProfUrlFromCSC(from Customer, 0) : cscUapUrl = http://wap.samsungmobile.com/uaprof/uaprof.rdf
10-30 21:10:03.567 32657 32715 I ORC/ProvisionUtil:  sUserAgent(0) is SAMSUNG-ANDROID-MMS/uaprof
10-30 21:10:03.567 32657 32715 I ORC/ProvisionUtil:  sUaProfUrl(0) is http://wap.samsungmobile.com/uaprof/uaprof.rdf
10-30 21:10:03.568 32657 32715 I ORC/MultiSimManager: getMultiSimCardCapability = 1
10-30 21:10:03.568 32657 32715 I ORC/SimStateChangeReceiver: Load SMSC- SimCap : 1
10-30 21:10:03.568 32657 32754 I ORC/LocalNumberManager: loadLocalNumberIfNeeded: already loaded, (11)192#nn#63#nn#017, simSlot = 0, subId = 1
10-30 21:10:03.568 32657 32754 I CS/RemoteCapabilityManager<0>: updateCapabilityStatus() : There is someone without capability.
10-30 21:10:03.568 32657 32754 I CS/RcsCapabilityCheckUtil: updateFtSmsCapable, isFtSmsMode : false
10-30 21:10:03.568 32657 32754 I CS/RemoteCapabilityManager<0>: updateFtSmsCapable() : isFtSmsMode = false
10-30 21:10:03.568 32657 32754 I CS/RemoteCapabilityManager<0>: updateCapabilityStatus() : CapaMaps.size() = 1, remoteAvailable = false
10-30 21:10:03.568 32657 32754 I CS/CapabilityFactory: notifyCapabilityChange listener size : 4
10-30 21:10:03.569 32657 32754 I ORC/ComposerRcsCapabilityImpl: [RCS][CAPABILITY][UPDATE]0:onCapabilityUpdated():remote capa updated, mFeatures = 0[ none], LocalOffLn O, RemoteOffLn X, RcsEnabled X, Registered X, LegacyLat X
10-30 21:10:03.569 32657 32754 I ORC/ComposerRcsCapabilityImpl: [RCS][CAPABILITY][UPDATE]onCapabilityUpdated(): recipient = (10)447#nn#69#nn#077 simSlot = 0 isEnableBot = true isEnableAttMaap = false
10-30 21:10:03.569 32657 32754 I CS/RcsCapabilityManager<0>: OWN_REMOTE_RCS : own - false remote - false
10-30 21:10:03.569 32657 32754 I CS/RcsCapabilityManager<0>: isOwnRcsFtHttpCapable : true
10-30 21:10:03.569 32657 32754 I CS/RcsCapabilityManager<0>: isOwnRcsAvailable : false isRemoteRcsFtCapable : false
10-30 21:10:03.569 32657 32754 I CS/RcsCapabilityManager<0>: isOwnRcsAvailable : false isRemoteRcsFtSmsCapable : false
10-30 21:10:03.569 32657 32754 I CS/RcsCapabilityManager<0>: REMOTE_RCS : remote - false
10-30 21:10:03.569 32657 32754 I ORC/ComposerCapabilityModel: [updateRcsCapable] isRcsAvailable = false selectedSimSlot = 0, imsi = 313#nn#549
10-30 21:10:03.569 32657 32754 I ORC/ComposerCapabilityModel: [updateRcsCapable] isRemoteRcsFtCapable = false
10-30 21:10:03.569 32657 32754 I ORC/ComposerCapabilityModel: [updateRcsCapable] isRemoteRcsCapaAvailable = false
10-30 21:10:03.569 32657 32754 I ORC/ComposerCapabilityModel: [BOT][updateRcsCapable] isEnableBot = true
10-30 21:10:03.569 32657 32754 I ORC/ComposerCapabilityModel: [BOT][updateRcsCapable] isEnableAttMaap = false
10-30 21:10:03.569 32657 32754 I ORC/ComposerCapabilityModel: [BOT][updateRcsCapable] getBotCapable = [ none]
10-30 21:10:03.569 32657 32754 I ORC/ComposerModelUtil: [BOT] isBot, else
10-30 21:10:03.569  2298  2298 I UiThreadMonitor: setAwake 53014 3001 1
10-30 21:10:03.569 32657 32754 I ORC/ComposerCapabilityModel: [BOT][updateRcsCapable] isBot = false
10-30 21:10:03.569 32657 32754 I CS/RcsCapabilityManager<0>: isOwnRcsAvailable : false isRemoteRcsFtSmsCapable : false
10-30 21:10:03.569 32657 32754 I ORC/ComposerCapabilityModel: [updateRcsCapable] isRcsAvailable = false
10-30 21:10:03.569 32657 32754 I ORC/ComposerPresenterWorker: updateModeAndEditViewPanel need force update = true
10-30 21:10:03.569 32657 32754 I ORC/WorkingModeModel: updateComposerMode(), blockDuplicateNotify = false
10-30 21:10:03.569 32657 32754 I ORC/ComposerCapabilityModel: [begin]    isRcsAllowed
10-30 21:10:03.570 32657 32754 I ORC/ComposerModel: isNotStartedOpenGroupChat mIsOpenGroupChatNotStarted = false
10-30 21:10:03.570 32657 32754 I ORC/ComposerGroupModel: isOpenGroupModeOnOverMaxRecipient mIsSetOpenGroupChatOnOverMaxRecipients = false
10-30 21:10:03.570 32657 32754 I ORC/ComposerTwoPhoneModel: isMultiSimComposingBMode false
10-30 21:10:03.570 32657 32754 I ORC/ComposerModel: isNotStartedOpenGroupChat mIsOpenGroupChatNotStarted = false
10-30 21:10:03.570 32657 32754 I ORC/ComposerCapabilityModel: [isRcsCapableFromSim] getRcsCapable() : simSlot = 0, RcsCapable = false
10-30 21:10:03.570 32657 32754 I ORC/ComposerCapabilityModel: isGroupMms getRecipientCount = 1
10-30 21:10:03.570 32657 32754 I ORC/ComposerCapabilityModel: isGroupMms getRecipientCandidateCount = 0
10-30 21:10:03.570 32657 32657 I ViewRootImpl@a6feaf1[WithActivity]: performTraversals params={(0,0)(fillxfill) sim={state=always_hidden adjust=nothing forwardNavigation} layoutInDisplayCutoutMode=shortEdges ty=BASE_APPLICATION wanim=0x10302f4
10-30 21:10:03.570 32657 32657 I ViewRootImpl@a6feaf1[WithActivity]:   fl=81810100
10-30 21:10:03.570 32657 32657 I ViewRootImpl@a6feaf1[WithActivity]:   pfl=12020040
10-30 21:10:03.570 32657 32657 I ViewRootImpl@a6feaf1[WithActivity]:   vsysui=2010
10-30 21:10:03.570 32657 32657 I ViewRootImpl@a6feaf1[WithActivity]:   apr=LIGHT_STATUS_BARS LIGHT_NAVIGATION_BARS
10-30 21:10:03.570 32657 32657 I ViewRootImpl@a6feaf1[WithActivity]:   bhv=DEFAULT
10-30 21:10:03.570 32657 32657 I ViewRootImpl@a6feaf1[WithActivity]:   fitSides= naviIconColor=0}
10-30 21:10:03.570 32657 32754 I ORC/ComposerCapabilityModel: [isRcsCapable] isRcsCapable = false
10-30 21:10:03.570 32657 32754 I ORC/WorkingMessageModel: getDynamicSendAsChatValue() : 0
10-30 21:10:03.570 32657 32754 I ORC/WorkingMessageModel: isDefaultXmsMessagingType () : false
10-30 21:10:03.570 32657 32754 I ORC/ComposerCapabilityModel: isToSetRcsColorPossible : false, mIsToSetRcsColorPossible = false
10-30 21:10:03.570 32657 32754 I ORC/ComposerCapabilityModel: [end]      isRcsAllowed : false consume time = 0.890468
10-30 21:10:03.570 32657 32754 I ORC/WorkingModeModel: [COMPOSER]updateComposerMode(): composerMode = 1
10-30 21:10:03.571 32657 32754 I ORC/MessageSize: [SIZE]getMmsSize = 0
10-30 21:10:03.571 32657 32754 I ORC/ComposerCapabilityProvider: isRcsFtHttpCapable key : (10)447#nn#69#nn#077
10-30 21:10:03.571 32657 32754 I ORC/ComposerCapabilityProvider: isRcsFtHttpCapable simSlot = 0
10-30 21:10:03.571 32657 32754 I ORC/ComposerCapabilityProvider: isRcsFtHttpCapable, null capabilitiesData
10-30 21:10:03.571 32657 32754 I ORC/ComposerModelUtil: [BOT] isBot, else
10-30 21:10:03.571 32657 32754 I ORC/WorkingMessageModel: getAvailableSize() :: availableSize = 1018880 cmcMode = 0
10-30 21:10:03.571 32657 32754 I ORC/WorkingMessageModel: getAvailableSize size = 1018880
10-30 21:10:03.571 32657 32754 I ORC/WorkingMessageModel: getDynamicSendAsChatValue() : 0
10-30 21:10:03.571 32657 32754 I ORC/WorkingMessageModel: isDefaultXmsMessagingType () : false
10-30 21:10:03.571 32657 32754 I ORC/ComposerCapabilityModel: isToSetRcsColorPossible : false, mIsToSetRcsColorPossible = false
10-30 21:10:03.571 32657 32754 I ORC/ComposerModel: isDisabledGroupChatStatus result = false
10-30 21:10:03.571 32657 32754 I ORC/ComposerEditorHelper: updateMessageEditorView, CM=1, GC=false, CC=false, ALC=false
10-30 21:10:03.571 32657 32754 I ORC/ComposerModel: ComposerModel[ConversationId = -1, ConversationType = 1 CONVERSATION_TYPE_ONE_TO_ONE, isFromFab = false, RecipientCandidateCount = 0, RecipientCount = 1]
10-30 21:10:03.571 32657 32754 I CS/RcsCapabilityManager<0>: isOwnRcsAvailable : false isRemoteRcsFtCapable : false
10-30 21:10:03.571 32657 32754 I ORC/EditorViewImpl: setRcsFtStatusForAttach, R=false, H=true, O=false, S=false, F=false
10-30 21:10:03.571 32657 32754 I ORC/ComposerCapabilityProvider: [RCS][CAPABILITY][UPDATE]updateComposerCapabilityCache(), recipient = _10_#47#26#07# simSlot = 0 capa = mFeatures = 0[ none], LocalOffLn O, RemoteOffLn X, RcsEnabled X, Registered X, LegacyLat X
10-30 21:10:03.571 32657 32754 I CS/RcsCapabilityCheckUtil: isRcsEnabledUser : rcsUser = false, checkFtHttp = false
10-30 21:10:03.571 32657 32657 I ViewRootImpl@a6feaf1[WithActivity]: performTraversals mFirst=true windowShouldResize=true viewVisibilityChanged=false mForceNextWindowRelayout=false params={(0,0)(fillxfill) sim={state=always_hidden adjust=nothing forwardNavigation} layoutInDisplayCutoutMode=shortEdges ty=BASE_APPLICATION wanim=0x10302f4
10-30 21:10:03.571 32657 32657 I ViewRootImpl@a6feaf1[WithActivity]:   fl=81810100
10-30 21:10:03.571 32657 32657 I ViewRootImpl@a6feaf1[WithActivity]:   pfl=12020040
10-30 21:10:03.571 32657 32657 I ViewRootImpl@a6feaf1[WithActivity]:   vsysui=2010
10-30 21:10:03.571 32657 32657 I ViewRootImpl@a6feaf1[WithActivity]:   apr=LIGHT_STATUS_BARS LIGHT_NAVIGATION_BARS
10-30 21:10:03.571 32657 32657 I ViewRootImpl@a6feaf1[WithActivity]:   bhv=DEFAULT
10-30 21:10:03.571 32657 32657 I ViewRootImpl@a6feaf1[WithActivity]:   fitSides= naviIconColor=0}
10-30 21:10:03.571  2602  2966 I CapabilityExchange<0>: requestCapabilityExchange: mRegMan or ImsRegistration is null
10-30 21:10:03.572  1286 13515 V WindowManager: Relayout Window{b2c373e u0 com.samsung.android.messaging/com.samsung.android.messaging.ui.view.main.WithActivity}: viewVisibility=0 req=1080x2408 d0
10-30 21:10:03.572  1286 13515 D RestrictionPolicy: isScreenCaptureEnabled : ret=true userId=0
10-30 21:10:03.572  1154  4578 I SurfaceFlinger: id=141280 createSurf, flag=40004, com.samsung.android.messaging/com.samsung.android.messaging.ui.view.main.WithActivity$_32657#141280
10-30 21:10:03.573  1286 13515 D WindowManager: makeSurface duration=1 name=com.samsung.android.messaging/com.samsung.android.messaging.ui.view.main.WithActivity$_32657
10-30 21:10:03.573 32657 32754 I PROV/MsgContentProviderQuery: query, uriMatch : 1003, Elapsed time : 0.934427 ms
10-30 21:10:03.573 32657 32754 I CS/LocalDbUtils: [CONVERSATION]\tqueryConversationId result : 13
10-30 21:10:03.573 32657 32754 I CS/LocalDbConversations: [CONVERSATION]getConversationId(recipientList) result : 13
10-30 21:10:03.573 32657 32754 I ORC/ComposerCapabilityModel: [RCS][CAPABILITY][UPDATE]updateRcsCapability, conversationId:13, remoteCapa:null
10-30 21:10:03.573 32657 32754 I ORC/ComposerPresenterWorker: updateModeAndEditViewPanel need force update = false
10-30 21:10:03.573 32657 32754 I ORC/WorkingModeModel: updateComposerMode(), blockDuplicateNotify = false
10-30 21:10:03.573 32657 32754 I ORC/ComposerCapabilityModel: [begin]    isRcsAllowed
10-30 21:10:03.573 32657 32754 I ORC/ComposerModel: isNotStartedOpenGroupChat mIsOpenGroupChatNotStarted = false
10-30 21:10:03.573 32657 32754 I ORC/ComposerGroupModel: isOpenGroupModeOnOverMaxRecipient mIsSetOpenGroupChatOnOverMaxRecipients = false
10-30 21:10:03.574 32657 32754 I ORC/ComposerTwoPhoneModel: isMultiSimComposingBMode false
10-30 21:10:03.574 32657 32754 I ORC/ComposerModel: isNotStartedOpenGroupChat mIsOpenGroupChatNotStarted = false
10-30 21:10:03.574 32657 32754 I ORC/ComposerCapabilityModel: [isRcsCapableFromSim] getRcsCapable() : simSlot = 0, RcsCapable = false
10-30 21:10:03.574 32657 32754 I ORC/ComposerCapabilityModel: isGroupMms getRecipientCount = 1
10-30 21:10:03.574 32657 32754 I ORC/ComposerCapabilityModel: isGroupMms getRecipientCandidateCount = 0
10-30 21:10:03.574 32657 32754 I ORC/ComposerCapabilityModel: [isRcsCapable] isRcsCapable = false
10-30 21:10:03.574 32657 32754 I ORC/WorkingMessageModel: getDynamicSendAsChatValue() : 0
10-30 21:10:03.574 32657 32754 I ORC/WorkingMessageModel: isDefaultXmsMessagingType () : false
10-30 21:10:03.574 32657 32754 I ORC/ComposerCapabilityModel: isToSetRcsColorPossible : false, mIsToSetRcsColorPossible = false
10-30 21:10:03.574 32657 32754 I ORC/ComposerCapabilityModel: [end]      isRcsAllowed : false consume time = 0.782917
10-30 21:10:03.574 32657 32754 I ORC/WorkingModeModel: [COMPOSER]updateComposerMode(): composerMode = 1
10-30 21:10:03.574 32657 32754 I ORC/MessageSize: [SIZE]getMmsSize = 0
10-30 21:10:03.574 32657 32754 I ORC/ComposerCapabilityProvider: isRcsFtHttpCapable key : (10)447#nn#69#nn#077
10-30 21:10:03.574 32657 32754 I ORC/ComposerCapabilityProvider: isRcsFtHttpCapable simSlot = 0
10-30 21:10:03.574 32657 32754 I ORC/ComposerCapabilityProvider: isRcsFtHttpCapable, false
10-30 21:10:03.574 32657 32754 I ORC/ComposerModelUtil: [BOT] isBot, else
10-30 21:10:03.574 32657 32754 I ORC/WorkingMessageModel: getAvailableSize() :: availableSize = 1018880 cmcMode = 0
10-30 21:10:03.574 32657 32754 I ORC/WorkingMessageModel: getAvailableSize size = 1018880
10-30 21:10:03.574 32657 32754 I ORC/WorkingMessageModel: getDynamicSendAsChatValue() : 0
10-30 21:10:03.574 32657 32754 I ORC/WorkingMessageModel: isDefaultXmsMessagingType () : false
10-30 21:10:03.574 32657 32754 I ORC/ComposerCapabilityModel: isToSetRcsColorPossible : false, mIsToSetRcsColorPossible = false
10-30 21:10:03.574 32657 32754 I ORC/ComposerModelUtil: [BOT] isBot, else
10-30 21:10:03.575  1286 13515 V WindowManager: Changing focus from null to Window{b2c373e u0 com.samsung.android.messaging/com.samsung.android.messaging.ui.view.main.WithActivity} displayId=0 Callers=com.android.server.wm.RootWindowContainer.updateFocusedWindowLocked:595 com.android.server.wm.WindowManagerService.updateFocusedWindowLocked:6803 com.android.server.wm.WindowManagerService.relayoutWindow:2813 com.android.server.wm.Session.relayout:274 
10-30 21:10:03.575 32657 32754 I ORC/ComposerModel: ComposerModel[ConversationId = -1, ConversationType = 1 CONVERSATION_TYPE_ONE_TO_ONE, isFromFab = false, RecipientCandidateCount = 0, RecipientCount = 1]
10-30 21:10:03.575  1286 13515 D MARsPolicyManager: onPackageResumedFG pkgName = com.samsung.android.messaging, userId = 0
10-30 21:10:03.575  1286 13515 I WindowManager: Cancelling animation restarting=true, leash=Surface(name=Surface(name=910f845 StatusBar)/@0x6ee2766 - animation-leash of insets_animation)/@0xe6b4c3e
10-30 21:10:03.575 32657 32754 I ORC/ComposerModel: isNotStartedOpenGroupChat mIsOpenGroupChatNotStarted = false
10-30 21:10:03.575  1286 13515 I WindowManager: Reparenting to original parent: Surface(name=WindowToken{3edf0bc type=2000 android.os.BinderProxy@d50148e})/@0x24c0aa7, destroy=false, surface=Surface(name=910f845 StatusBar)/@0x6ee2766
10-30 21:10:03.575 32657 32754 I ORC/ComposerGroupModel: isOpenGroupModeOnOverMaxRecipient mIsSetOpenGroupChatOnOverMaxRecipients = false
10-30 21:10:03.575  1286 13515 I WindowManager: Reparenting to leash, surface=Surface(name=910f845 StatusBar)/@0x6ee2766, leashParent=Surface(name=WindowToken{3edf0bc type=2000 android.os.BinderProxy@d50148e})/@0x24c0aa7
10-30 21:10:03.575  1154  4578 I SurfaceFlinger: id=141281 createSurf, flag=24000, Surface(name=910f845 StatusBar)/@0x6ee2766 - animation-leash of insets_animation#141281
10-30 21:10:03.575 32657 32754 I ORC/ComposerTwoPhoneModel: isMultiSimComposingBMode false
10-30 21:10:03.575 32657 32754 I ORC/ComposerModel: isNotStartedOpenGroupChat mIsOpenGroupChatNotStarted = false
10-30 21:10:03.575 32657 32754 I ORC/ComposerCapabilityModel: [isRcsCapableFromSim] getRcsCapable() : simSlot = 0, RcsCapable = false
10-30 21:10:03.575 32657 32754 I ORC/ComposerCapabilityModel: isGroupMms getRecipientCount = 1
10-30 21:10:03.575 32657 32754 I ORC/ComposerCapabilityModel: isGroupMms getRecipientCandidateCount = 0
10-30 21:10:03.575 32657 32754 I ORC/ComposerCapabilityModel: [isRcsCapable] isRcsCapable = false
10-30 21:10:03.575 32657 32754 I ORC/ComposerGroupStatusModel: updateGroupStatusInternal, composerMode = 1, isGroupMenuModified = false, enableMultiSim = false
10-30 21:10:03.576 32657 32754 E ORC/AddressUtil: isValidGroupRecipient recipients size is under 2 return false
10-30 21:10:03.576 32657 32754 I ORC/ComposerGroupStatusModel: updateGroupMmsState, false, 1, false, false, 1
10-30 21:10:03.576 32657 32754 I ORC/ComposerGroupStatusModel: updateGroupMmsStateInternal, isGroupMms=false, isIndividualMms=false
10-30 21:10:03.576 32657 32754 I ORC/WorkingModeModel: updateComposerMode(), blockDuplicateNotify = false
10-30 21:10:03.576 32657 32754 I ORC/ComposerCapabilityModel: [begin]    isRcsAllowed
10-30 21:10:03.576 32657 32754 I ORC/ComposerModel: isNotStartedOpenGroupChat mIsOpenGroupChatNotStarted = false
10-30 21:10:03.576 32657 32754 I ORC/ComposerGroupModel: isOpenGroupModeOnOverMaxRecipient mIsSetOpenGroupChatOnOverMaxRecipients = false
10-30 21:10:03.576 32657 32754 I ORC/ComposerTwoPhoneModel: isMultiSimComposingBMode false
10-30 21:10:03.576 32657 32754 I ORC/ComposerModel: isNotStartedOpenGroupChat mIsOpenGroupChatNotStarted = false
10-30 21:10:03.576 32657 32754 I ORC/ComposerCapabilityModel: [isRcsCapableFromSim] getRcsCapable() : simSlot = 0, RcsCapable = false
10-30 21:10:03.576 32657 32754 I ORC/ComposerCapabilityModel: isGroupMms getRecipientCount = 1
10-30 21:10:03.576 32657 32754 I ORC/ComposerCapabilityModel: isGroupMms getRecipientCandidateCount = 0
10-30 21:10:03.576 32657 32754 I ORC/ComposerCapabilityModel: [isRcsCapable] isRcsCapable = false
10-30 21:10:03.576 32657 32754 I ORC/WorkingMessageModel: getDynamicSendAsChatValue() : 0
10-30 21:10:03.576 32657 32754 I ORC/WorkingMessageModel: isDefaultXmsMessagingType () : false
10-30 21:10:03.576 32657 32754 I ORC/ComposerCapabilityModel: isToSetRcsColorPossible : false, mIsToSetRcsColorPossible = false
10-30 21:10:03.576 32657 32754 I ORC/ComposerCapabilityModel: [end]      isRcsAllowed : false consume time = 0.610937
10-30 21:10:03.576 32657 32754 I ORC/WorkingModeModel: [COMPOSER]updateComposerMode(): composerMode = 1
10-30 21:10:03.576 32657 32754 I ORC/MessageSize: [SIZE]getMmsSize = 0
10-30 21:10:03.576 32657 32754 I ORC/ComposerCapabilityProvider: isRcsFtHttpCapable key : (10)447#nn#69#nn#077
10-30 21:10:03.576 32657 32754 I ORC/ComposerCapabilityProvider: isRcsFtHttpCapable simSlot = 0
10-30 21:10:03.576 32657 32754 I ORC/ComposerCapabilityProvider: isRcsFtHttpCapable, false
10-30 21:10:03.576 32657 32754 I ORC/ComposerModelUtil: [BOT] isBot, else
10-30 21:10:03.576 32657 32754 I ORC/WorkingMessageModel: getAvailableSize() :: availableSize = 1018880 cmcMode = 0
10-30 21:10:03.576 32657 32754 I ORC/WorkingMessageModel: getAvailableSize size = 1018880
10-30 21:10:03.577 32657 32754 I ORC/ComposerPresenterWorker: updateModeAndEditViewPanel need force update = false
10-30 21:10:03.577 32657 32754 I ORC/WorkingModeModel: updateComposerMode(), blockDuplicateNotify = false
10-30 21:10:03.577 32657 32754 I ORC/ComposerCapabilityModel: [begin]    isRcsAllowed
10-30 21:10:03.577 32657 32754 I ORC/ComposerModel: isNotStartedOpenGroupChat mIsOpenGroupChatNotStarted = false
10-30 21:10:03.577 32657 32754 I ORC/ComposerGroupModel: isOpenGroupModeOnOverMaxRecipient mIsSetOpenGroupChatOnOverMaxRecipients = false
10-30 21:10:03.577  1286 13515 D WindowManager: makeSurface duration=2 leash=Surface(name=Surface(name=910f845 StatusBar)/@0x6ee2766 - animation-leash of insets_animation)/@0xebb30bb
10-30 21:10:03.577 32657 32754 I ORC/ComposerTwoPhoneModel: isMultiSimComposingBMode false
10-30 21:10:03.577 32657 32754 I ORC/ComposerModel: isNotStartedOpenGroupChat mIsOpenGroupChatNotStarted = false
10-30 21:10:03.577 32657 32754 I ORC/ComposerCapabilityModel: [isRcsCapableFromSim] getRcsCapable() : simSlot = 0, RcsCapable = false
10-30 21:10:03.577 32657 32754 I ORC/ComposerCapabilityModel: isGroupMms getRecipientCount = 1
10-30 21:10:03.577 32657 32754 I ORC/ComposerCapabilityModel: isGroupMms getRecipientCandidateCount = 0
10-30 21:10:03.577 32657 32754 I ORC/ComposerCapabilityModel: [isRcsCapable] isRcsCapable = false
10-30 21:10:03.577 32657 32754 I ORC/WorkingMessageModel: getDynamicSendAsChatValue() : 0
10-30 21:10:03.577 32657 32754 I ORC/WorkingMessageModel: isDefaultXmsMessagingType () : false
10-30 21:10:03.577 32657 32754 I ORC/ComposerCapabilityModel: isToSetRcsColorPossible : false, mIsToSetRcsColorPossible = false
10-30 21:10:03.577 32657 32754 I ORC/ComposerCapabilityModel: [end]      isRcsAllowed : false consume time = 0.841771
10-30 21:10:03.577 32657 32754 I ORC/WorkingModeModel: [COMPOSER]updateComposerMode(): composerMode = 1
10-30 21:10:03.577 32657 32754 I ORC/MessageSize: [SIZE]getMmsSize = 0
10-30 21:10:03.578 32657 32754 I ORC/ComposerCapabilityProvider: isRcsFtHttpCapable key : (10)447#nn#69#nn#077
10-30 21:10:03.578 32657 32754 I ORC/ComposerCapabilityProvider: isRcsFtHttpCapable simSlot = 0
10-30 21:10:03.578 32657 32754 I ORC/ComposerCapabilityProvider: isRcsFtHttpCapable, false
10-30 21:10:03.578 32657 32754 I ORC/ComposerModelUtil: [BOT] isBot, else
10-30 21:10:03.578 32657 32754 I ORC/WorkingMessageModel: getAvailableSize() :: availableSize = 1018880 cmcMode = 0
10-30 21:10:03.578 32657 32754 I ORC/WorkingMessageModel: getAvailableSize size = 1018880
10-30 21:10:03.578 32657 32754 I ORC/WorkingMessageModel: getDynamicSendAsChatValue() : 0
10-30 21:10:03.578 32657 32754 I ORC/WorkingMessageModel: isDefaultXmsMessagingType () : false
10-30 21:10:03.578 32657 32754 I ORC/ComposerCapabilityModel: isToSetRcsColorPossible : false, mIsToSetRcsColorPossible = false
10-30 21:10:03.578 32657 32754 I ORC/ComposerModelUtil: [BOT] isBot, else
10-30 21:10:03.578 32657 32754 I ORC/ComposerModel: ComposerModel[ConversationId = -1, ConversationType = 1 CONVERSATION_TYPE_ONE_TO_ONE, isFromFab = false, RecipientCandidateCount = 0, RecipientCount = 1]
10-30 21:10:03.578  1286 13515 I WindowManager: Cancelling animation restarting=true, leash=Surface(name=Surface(name=b85acd8 NavigationBar0)/@0xc08aed0 - animation-leash of insets_animation)/@0x4f7a7ec
10-30 21:10:03.578 32657 32754 I ORC/ContactContentObserver: remote capa updated
10-30 21:10:03.578  1286 13515 I WindowManager: Reparenting to original parent: Surface(name=WindowToken{5f71fbb type=2019 android.os.BinderProxy@70755b5})/@0x9d5fec9, destroy=false, surface=Surface(name=b85acd8 NavigationBar0)/@0xc08aed0
10-30 21:10:03.578 32657 32719 I CS/RcsCapabilityManager<0>: updateRemotePendingCapInfoTask
10-30 21:10:03.578  1286 13515 I WindowManager: Reparenting to leash, surface=Surface(name=b85acd8 NavigationBar0)/@0xc08aed0, leashParent=Surface(name=WindowToken{5f71fbb type=2019 android.os.BinderProxy@70755b5})/@0x9d5fec9
10-30 21:10:03.578  1154  4578 I SurfaceFlinger: id=141282 createSurf, flag=24000, Surface(name=b85acd8 NavigationBar0)/@0xc08aed0 - animation-leash of insets_animation#141282
10-30 21:10:03.579  1286 13515 D WindowManager: makeSurface duration=1 leash=Surface(name=Surface(name=b85acd8 NavigationBar0)/@0xc08aed0 - animation-leash of insets_animation)/@0x6499131
10-30 21:10:03.580  1286 13515 D WindowManager: updateSystemBarAttributes: displayId=0, win=Window{b2c373e u0 com.samsung.android.messaging/com.samsung.android.messaging.ui.view.main.WithActivity}, navColorWin=Window{9f88bae u0 Splash Screen com.samsung.android.messaging}, focusedCanBeNavColorWin=false, behavior=1, appearance=24, statusBarAppearanceRegions=[AppearanceRegion{LIGHT_STATUS_BARS bounds=[0,0][1080,2408]}], requestedVisibilities=, from=com.android.server.wm.DisplayPolicy.focusChangedLw:3245 com.android.server.wm.DisplayContent.updateFocusedWindowLocked:4618 com.android.server.wm.RootWindowContainer.updateFocusedWindowLocked:595 
10-30 21:10:03.580  1286 13515 D StatusBarManagerService: notifyRequestedSystemKey recent=false home=false
10-30 21:10:03.580  2298  2298 D SamsungLightBarControlHelper: onStatusBarAppearanceChanged() -  sbModeChanged:false, statusBarMode:MODE_TRANSPARENT, barState:SHADE, isKeyguardShowing:false, navbarColorManagedByIme:false, stackAppearancesChanged:true, (AppearanceRegion{LIGHT_STATUS_BARS bounds=[0,0][1080,2408]}, ), packageName:com.samsung.android.messaging
10-30 21:10:03.580  2298  2298 D NavigationBar: onSystemBarAttributesChanged() -  displayId:0, appearance:24, packageName: com.samsung.android.messaging (APPEARANCE_LIGHT_STATUS_BARS APPEARANCE_LIGHT_NAVIGATION_BARS ), navbarColorManagedByIme:false
10-30 21:10:03.580  2298  2298 D SamsungLightBarControlHelper: updateNavigation(Black button) isLightBar:false, hasLightBarNavigationBarFlag:true, packageName:com.samsung.android.messaging, DirectReplying:false, NavBarColorManagerdByIme:false, ForceDarkForScrim:false, QsCustomizing:false, PanelHasWhiteBg:true
10-30 21:10:03.580  1286 13515 V WindowManager: Relayout hash=b2c373e, pid=32657, syncId=-1: mAttrs={(0,0)(fillxfill) sim={state=always_hidden adjust=nothing forwardNavigation} layoutInDisplayCutoutMode=shortEdges ty=BASE_APPLICATION wanim=0x10302f4
10-30 21:10:03.580  1286 13515 V WindowManager:   fl=81810100
10-30 21:10:03.580  1286 13515 V WindowManager:   pfl=12020040
10-30 21:10:03.580  1286 13515 V WindowManager:   vsysui=2010
10-30 21:10:03.580  1286 13515 V WindowManager:   apr=LIGHT_STATUS_BARS LIGHT_NAVIGATION_BARS
10-30 21:10:03.580  1286 13515 V WindowManager:   bhv=DEFAULT
10-30 21:10:03.580  1286 13515 V WindowManager:   fitSides= naviIconColor=0}
10-30 21:10:03.581  1286  1677 I input_focus: [Focus request b2c373e com.samsung.android.messaging/com.samsung.android.messaging.ui.view.main.WithActivity,reason=UpdateInputWindows]
10-30 21:10:03.581  2709 20880 I TouchInteractionService: onSystemUiStateChanged, stateFlags : 131072 |allow_gesture|
10-30 21:10:03.581  2298  2298 D SamsungLightBarControlHelper: updateStatus(BLACK icon) NumStacks:1, StatusBarMode:MODE_TRANSPARENT, lightBarBounds:[Rect(0, 0 - 1080, 2408)], StatusBarState:SHADE, packageName:com.samsung.android.messaging, isWhiteKeyguardStatusBarBySettings:false
10-30 21:10:03.581  2709  2709 I RecentsAnimationDeviceState: setSystemUiFlags, stateFlags : 131072
10-30 21:10:03.581  2709  2709 I TouchInteractionService: onSystemUiFlagsChanged, lastSysUIFlags : 0
10-30 21:10:03.581 32657 32715 I ORC/TelephonyUtils: getSmsc read from FW
10-30 21:10:03.582 32657 32657 I ViewRootImpl@a6feaf1[WithActivity]: updateBlastSurfaceIfNeeded mBlastBufferQueue=null isSameSurfaceControl=false
10-30 21:10:03.582 32657 32715 I ORC/TelephonyUtils: getSmsc simSlot = 0:+1725246
10-30 21:10:03.582 32657 32657 E BufferQueueProducer: Unable to open libpenguin.so: dlopen failed: library \"libpenguin.so\" not found.
10-30 21:10:03.583 32657 32657 I BLASTBufferQueue: new BLASTBufferQueue, mName= ViewRootImpl@a6feaf1[WithActivity] mNativeObject= 0xb400007211293a00 sc.mNativeObject= 0xb4000072114d4ac0 caller= android.view.ViewRootImpl.updateBlastSurfaceIfNeeded:2909 android.view.ViewRootImpl.relayoutWindow:9847 android.view.ViewRootImpl.performTraversals:3884 android.view.ViewRootImpl.doTraversal:3116 android.view.ViewRootImpl$TraversalRunnable.run:10885 android.view.Choreographer$CallbackRecord.run:1301 android.view.Choreographer$CallbackRecord.run:1309 android.view.Choreographer.doCallbacks:923 android.view.Choreographer.doFrame:852 android.view.Choreographer$FrameDisplayEventReceiver.run:1283 
10-30 21:10:03.583 32657 32657 I BLASTBufferQueue: update, w= 1080 h= 2408 mName = ViewRootImpl@a6feaf1[WithActivity] mNativeObject= 0xb400007211293a00 sc.mNativeObject= 0xb4000072114d4ac0 format= -1 caller= android.graphics.BLASTBufferQueue.<init>:84 android.view.ViewRootImpl.updateBlastSurfaceIfNeeded:2909 android.view.ViewRootImpl.relayoutWindow:9847 android.view.ViewRootImpl.performTraversals:3884 android.view.ViewRootImpl.doTraversal:3116 android.view.ViewRootImpl$TraversalRunnable.run:10885 
10-30 21:10:03.583 32657 32657 I ViewRootImpl@a6feaf1[WithActivity]: Relayout returned: old=(0,0,1080,2408) new=(0,0,1080,2408) req=(1080,2408)0 dur=11 res=0x3 s={true 0xb40000721ca46000} ch=true seqId=0
10-30 21:10:03.584 32657 32657 I ViewRootImpl@a6feaf1[WithActivity]: mThreadedRenderer.initialize() mSurface={isValid=true 0xb40000721ca46000} hwInitialized=true
10-30 21:10:03.585 32657 32715 I ORC/SimStateChangeReceiver: isSim1Changed = false, isSim2Changed = false
10-30 21:10:03.585 32657 32715 I CS/CapabilityFactory: onSimStateChanged : simSlot = 0 simStatus = LOADED, isInitialStickyBroadcast = true
10-30 21:10:03.585 32657 32715 I ORC/NotificationChannelManager: onSimStateChanged : Status = LOADED
10-30 21:10:03.585  1080  1215 I SDM     : HWCColorModeStc::GetColorModeCount: Supported color mode count = 1
10-30 21:10:03.585  1080  1215 I SDM     : HWCColorModeStc::GetColorModes: Color mode = 0 is supported
10-30 21:10:03.585 32657 32715 I ORC/BaseWithActivity: getComposerFragment : a9{28654a2} (96ac7168-4a37-4345-bf11-262abaa00651 id=0x7f0a043e tag=TAG_RIGHT_PANE_FRAGMENT)
10-30 21:10:03.586 32657 32715 I ORC/WithActivityListener: update call icon
10-30 21:10:03.586 32657 32715 I ORC/ComposerCallHelper: clearCallIconResId
10-30 21:10:03.588 32657 32657 I ORC/ComposerFragment: ComposerRoot SizeChanged
10-30 21:10:03.588 32657 32657 I ORC/ComposerWallpaperUtils: getSetTimeAllComposerWallpaper()
10-30 21:10:03.588 32657 32657 I ORC/ComposerWallpaperUtils: getSetTimeAllComposerWallpaper()
10-30 21:10:03.591  1286  1334 D AppOps  : noteOperation: reject #3 for code 105 (105) uid 1001 package com.android.phone flags: s
10-30 21:10:03.592  1154  1154 I Layer   : id=141263 removedFromDrawingState Surface(name=910f845 StatusBar)/@0x6ee2766 - animation-leash of insets_animation#141263 (119)
10-30 21:10:03.592  2298  2298 I ViewRootImpl@ef0189b[NotificationShade]: performTraversals mFirst=false windowShouldResize=false viewVisibilityChanged=false mForceNextWindowRelayout=false params={(0,0)(fillxfill) gr=TOP CENTER_VERTICAL sim={adjust=resize} layoutInDisplayCutoutMode=always ty=NOTIFICATION_SHADE fmt=TRANSLUCENT
10-30 21:10:03.592  2298  2298 I ViewRootImpl@ef0189b[NotificationShade]:   fl=81840048
10-30 21:10:03.592  2298  2298 I ViewRootImpl@ef0189b[NotificationShade]:   pfl=1b000000
10-30 21:10:03.592  2298  2298 I ViewRootImpl@ef0189b[NotificationShade]:   vsysui=2000
10-30 21:10:03.592  2298  2298 I ViewRootImpl@ef0189b[NotificationShade]:   apr=LIGHT_STATUS_BARS
10-30 21:10:03.592  2298  2298 I ViewRootImpl@ef0189b[NotificationShade]:   bhv=SHOW_TRANSIENT_BARS_BY_SWIPE naviIconColor=0
10-30 21:10:03.592  2298  2298 I ViewRootImpl@ef0189b[NotificationShade]:   sfl=40000}
10-30 21:10:03.592  1154  1154 I Layer   : id=75 removedFromDrawingState 910f845 StatusBar#75 (119)
10-30 21:10:03.592  1154  1154 I Layer   : id=83 removedFromDrawingState StatusBar$_2298#83 (119)
10-30 21:10:03.592  1154  1154 I Layer   : id=75 addToCurrentState 910f845 StatusBar#75 (119)
10-30 21:10:03.592  1154  1154 I Layer   : id=83 addToCurrentState StatusBar$_2298#83 (119)
10-30 21:10:03.592  1154  1154 I Layer   : id=141264 removedFromDrawingState Surface(name=b85acd8 NavigationBar0)/@0xc08aed0 - animation-leash of insets_animation#141264 (119)
10-30 21:10:03.593  1154  1154 I SurfaceFlinger: [b2c373e com.samsung.android.messaging/com.samsung.android.messaging.ui.view.main.WithActivity#141279] FrameRatePriority: 1
10-30 21:10:03.593  1154  1154 I SurfaceFlinger: id=141263 Removed Surface(name=910f845 StatusBar)/@0x6ee2766 - animation-leash of insets_animation#141263 (119)
10-30 21:10:03.593  1154  1154 I SurfaceFlinger: id=141264 Removed Surface(name=b85acd8 NavigationBar0)/@0xc08aed0 - animation-leash of insets_animation#141264 (119)
10-30 21:10:03.593  1286 13515 V WindowManager: Relayout Window{5a3a578 u0 NotificationShade}: viewVisibility=4 req=1080x2408 d0
10-30 21:10:03.593  1154  1154 I Layer   : id=141263 Destroyed Surface(name=910f845 StatusBar)/@0x6ee2766 - animation-leash of insets_animation#141263
10-30 21:10:03.593  1154  1154 I Layer   : id=141264 Destroyed Surface(name=b85acd8 NavigationBar0)/@0xc08aed0 - animation-leash of insets_animation#141264
10-30 21:10:03.595   599   608 I servicemanager: Could not find android.hardware.graphics.allocator.IAllocator/default in the VINTF manifest.
10-30 21:10:03.595  1286  4660 D AppOps  : noteOperation: reject #3 for code 105 (105) uid 10098 package com.samsung.android.messaging flags: s
10-30 21:10:03.595  1286  4660 D InputDispatcher: Focus request (0): b2c373e com.samsung.android.messaging/com.samsung.android.messaging.ui.view.main.WithActivity but waiting because NO_WINDOW
10-30 21:10:03.597  1286 13515 V WindowManager: Relayout hash=5a3a578, pid=2298, syncId=-1: mAttrs={(0,0)(fillxfill) gr=TOP CENTER_VERTICAL sim={adjust=resize} layoutInDisplayCutoutMode=always ty=NOTIFICATION_SHADE fmt=TRANSLUCENT
10-30 21:10:03.597  1286 13515 V WindowManager:   fl=81840048
10-30 21:10:03.597  1286 13515 V WindowManager:   pfl=1b000000
10-30 21:10:03.597  1286 13515 V WindowManager:   vsysui=2000
10-30 21:10:03.597  1286 13515 V WindowManager:   apr=LIGHT_STATUS_BARS
10-30 21:10:03.597  1286 13515 V WindowManager:   bhv=SHOW_TRANSIENT_BARS_BY_SWIPE naviIconColor=0
10-30 21:10:03.597  1286 13515 V WindowManager:   sfl=40000}
10-30 21:10:03.597 32657 32657 I ORC/Setting: getEnableSupportSplitMode() smallest screen width : 384
10-30 21:10:03.598 32657 32657 I ORC/Setting: getEnableSupportSplitMode() smallest screen width : 384
10-30 21:10:03.598 32657 32657 I ORC/EditorView: isEditorEnabled
10-30 21:10:03.598 32657 32657 I ORC/MessageEditorViewHolder: updateEditorToolbarLayout, false, 384.0 isEditorEnabled() = true isShown() = true
10-30 21:10:03.598 32657 32657 I ORC/Setting: getEnableSupportSplitMode() smallest screen width : 384
10-30 21:10:03.598 32657 32657 I ORC/EditorView: isEditorEnabled
10-30 21:10:03.598 32657 32657 I ORC/MessageEditorViewHolder: isEditorEnabled = true
10-30 21:10:03.598 32657 32657 I ORC/EditorView: isEditorEnabled
10-30 21:10:03.598 32657 32657 I ORC/Setting: getEnableSupportSplitMode() smallest screen width : 384
10-30 21:10:03.598 32657 32657 I ORC/WorkingMessageModel: getMaxAttachmentCount : 10
