10-30 21:09:59.080   993  1169 I SDM     : HWCDisplay::SubmitDisplayConfig: Active configuration changed to: 0
10-30 21:09:59.080  2728  2728 I InputMethodManager: startInputInner - mService.startInputOrWindowGainedFocus
10-30 21:09:59.080  6307  6307 I SAMSUNGWALLET: [Hint_IntroHintService] Hint Status - already visible, skip show
10-30 21:09:59.080  1284  2867 D WindowManager: finishDrawingWindow: Window{e64ee89 u0 com.samsung.android.spay.pay.HintService} mDrawState=DRAW_PENDING seqId=1
10-30 21:09:59.081  6307  6307 I SAMSUNGWALLET: [Hint_IntroHintService] Hint Status - already visible, skip show
10-30 21:09:59.082  1284  1691 V WindowManager: performShowLocked: mDrawState=HAS_DRAWN in Window{e64ee89 u0 com.samsung.android.spay.pay.HintService}
10-30 21:09:59.083  1284  1691 D SurfaceControl: applyGlobalTransaction called, mName=finishDrawing_syncId(1)_com.samsung.android.spay.pay.HintService<pending>
10-30 21:09:59.083  3896  4374 I SemDvfsHyPerManager: acquire hyper - BaseTABoost/3896@18, type = 1090523139
10-30 21:09:59.084  3801  4360 D KnoxHelper: getActivityList callingUserId: 0, target user: 0
10-30 21:09:59.084   956  1061 I HYPER-HAL: [RequestManager.cpp]acquire(): Acquired ID : 7661673  [3896 / 18]    HINT :      list : [TABoost / 1] 
10-30 21:09:59.084  1284  2473 V InputMethodManagerService: Unspecified window will hide input
10-30 21:09:59.085  1284  2473 V InputMethodManagerService: hideCurrentInputLocked : canceled, shouldHideSoftInput=false, mInputShown=false, mImeWindowVis=0
10-30 21:09:59.085  1284  2473 I InputMethodBindingController: setCurrentMethodNotVisible: mVisibleBound=false, mHasConnection=true, caller = com.android.server.inputmethod.InputMethodManagerService.hideCurrentInputLocked:4339 com.android.server.inputmethod.InputMethodManagerService.startInputOrWindowGainedFocusInternalLocked:4645 com.android.server.inputmethod.InputMethodManagerService.startInputOrWindowGainedFocusInternal:4423 com.android.server.inputmethod.InputMethodManagerService.startInputOrWindowGainedFocus:4362 com.android.internal.view.IInputMethodManager$Stub.onTransact:518 com.android.server.inputmethod.InputMethodManagerService.onTransact:2285 android.os.Binder.execTransactInternal:1316 android.os.Binder.execTransact:1280 <bottom of call stack> <bottom of call stack> 
10-30 21:09:59.085  2728  2941 I LiveIconUtil: getLiveIcon was called in ClockPackage
10-30 21:09:59.085  1284  2473 D InputMethodManagerService: mDesktopModeManager null!
10-30 21:09:59.085  1284  2473 V InputMethodManagerService: getDisplayIdOfInputMethodWindowToBeAdded: displayId=0
10-30 21:09:59.086  2248  2248 D InputTransport: Input channel destroyed: 'ClientS', fd=200
10-30 21:09:59.086  1284  2473 D InputMethodManagerService: isImeSwitcherDisabledPackage : false
10-30 21:09:59.086  3801  4360 D KnoxHelper: getActivityList callingUserId: 0, target user: 0
10-30 21:09:59.086  1284  2473 D InputMethodManagerService: shouldShowImeSwitcherLocked : checking vis : 3
10-30 21:09:59.086  2728  2941 I LiveIconUtil: getLiveIcon res = com.sec.android.app.clockpackage
10-30 21:09:59.087  2728  2941 I LiveIconUtil: stdIconSize : 135 , targetIconSize : 163
10-30 21:09:59.087  2728  2941 I LiveIconUtil: mIconDpi : 640 , mTargetIconDpi : 450
10-30 21:09:59.087  1284  2473 D InputMethodManagerService: checkDisplayOfStartInputAndUpdateKeyboard: displayId=0, mFocusedDisplayId=0
10-30 21:09:59.087  1284  2473 D InputTransport: Input channel constructed: 'ClientS', fd=685
10-30 21:09:59.088  1284  2473 D InputTransport: Input channel destroyed: 'ClientS', fd=685
10-30 21:09:59.088  1284  2074 D RestrictionPolicy: isScreenCaptureEnabled : ret=true userId=0
10-30 21:09:59.088  3801  4360 D KnoxHelper: getActivityList callingUserId: 0, target user: 0
10-30 21:09:59.088  4260  4260 I HBD     : HoneyBoardService onFinishInput 
10-30 21:09:59.089  1284  2074 I WindowManager: Cancelling animation restarting=true, leash=Surface(name=Surface(name=1f01bd9 InputMethod)/@0x330344c - animation-leash of insets_animation)/@0xcdcbdd
10-30 21:09:59.089  4260  4260 I HBD     : a IC have been unbinding,  RemoteInputConnection{idHash=#6a0064c}
10-30 21:09:59.089  1284  2074 I WindowManager: Reparenting to original parent: Surface(name=WindowToken{7494d9 type=2011 android.os.Binder@dea9320})/@0x38dbf14, destroy=false, surface=Surface(name=1f01bd9 InputMethod)/@0x330344c
10-30 21:09:59.089  4260  4260 I HBD     : HoneyBoardService [PF_CL][onFinishInput]  0 ms 
10-30 21:09:59.089  1284  2074 I WindowManager: Reparenting to leash, surface=Surface(name=1f01bd9 InputMethod)/@0x330344c, leashParent=Surface(name=WindowToken{7494d9 type=2011 android.os.Binder@dea9320})/@0x38dbf14
10-30 21:09:59.090  1148  1201 I VSyncReactor: Current= 60, Period= 120, hwcPeriod= 60
10-30 21:09:59.090  4260  4260 I HBD     : HoneyBoardService [IMI] onStartInput - caller pid : 2728 , caller uid : 10120 
10-30 21:09:59.090  1148  1210 I SurfaceFlinger: id=45922 createSurf, flag=24004, Surface(name=1f01bd9 InputMethod)/@0x330344c - animation-leash of insets_animation#45922
10-30 21:09:59.090  4260  4260 I HBD     : j updateConfigs 
10-30 21:09:59.090  4260  4260 I HBD     : j isEnabledNightMode : false 
10-30 21:09:59.090  4260  4260 I HBD     : a IC have been binding, RemoteInputConnection{idHash=#ed60695} 
10-30 21:09:59.090  4260  4260 I HBD     : h [EditorInputType]setPrivateImeOptionsToTable privateImeOptions ( null )
10-30 21:09:59.090  4260  4260 I HBD     : b incognitoMode : false 
10-30 21:09:59.090  4260  4260 I HBD     : a needOff = true , isForceOff = false, isNullInputClass : true 
10-30 21:09:59.091  4260  4260 I HBD     : h getDefaultInputRange : UNKNOWN 
10-30 21:09:59.091  4260  4260 I HBD     : h getDefaultInputRange : UNKNOWN 
10-30 21:09:59.091  1284  2074 D WindowManager: makeSurface duration=1 leash=Surface(name=Surface(name=1f01bd9 InputMethod)/@0x330344c - animation-leash of insets_animation)/@0xa598c01
10-30 21:09:59.091  3801  4360 D KnoxHelper: getActivityList callingUserId: 0, target user: 0
10-30 21:09:59.091  4260  4260 I HBD     : h getDefaultInputRange : UNKNOWN 
10-30 21:09:59.091  1148  1148 D SurfaceFlinger: Display 4630946312756012673 HWC layers:
10-30 21:09:59.091  1148  1148 D SurfaceFlinger:      CLIENT | 0xb400006f8cc21070 | 0100 | RGBx_8888    |  710.0  108.0 1690.0 2292.0 |    0    0 1080 2408 | Wallpaper BBQ wrapper#86
10-30 21:09:59.091  1148  1148 D SurfaceFlinger:      CLIENT | 0xb400006f8cc22730 | 0100 | RGBA_8888    |    0.0    0.0 1080.0 2408.0 |    0    0 1080 2408 | com.sec.android.app.launcher/com.sec[...]ivities.LauncherActivity$_2728#45914
10-30 21:09:59.091  1148  1148 D SurfaceFlinger:      CLIENT | 0xb400006f8cc226c0 | 0102 | RGBA_8888    |    0.0    0.0 1080.0 2408.0 |    7   16 1073 2392 | com.sec.android.RilServiceModeApp/co[...]ceModeApp.ServiceModeApp$_2248#45900
10-30 21:09:59.091  1148  1148 D SurfaceFlinger:      CLIENT | 0xb400006f8cc21cb0 | 0100 | RGBA_8888    |    0.0    0.0 1080.0   70.0 |    0    0 1080   70 | StatusBar$_2292#83
10-30 21:09:59.091  1148  1148 D SurfaceFlinger:      CLIENT | 0xb400006f8cc21540 | 0100 | RGBA_8888    |    0.0    0.0 1080.0  135.0 |    0 2273 1080 2408 | NavigationBar0$_2292#77
10-30 21:09:59.091  1148  1148 D SurfaceFlinger: 
10-30 21:09:59.092  4260  4260 I HBD     : a needOff = true , isForceOff = false, isNullInputClass : true 
10-30 21:09:59.092  4260  4260 I HBD     : a update cached prediction status : false 
10-30 21:09:59.092  4260  4260 I HBD     : h getDefaultInputRange : UNKNOWN 
10-30 21:09:59.093  4260  4260 I HBD     : a currentState : 0 
10-30 21:09:59.093  4260  4260 I HBD     : a [UpdatePolicy] [post] a: 0 cl: 65537 kit: [0/0] vt: 0 ir: 1 
10-30 21:09:59.093  3801  4360 D KnoxHelper: getActivityList callingUserId: 0, target user: 0
10-30 21:09:59.093  4260  4260 I HBD     : a [NRIC] resetNoResponseState 
10-30 21:09:59.093  4260  4260 I HBD     : a needOff = true , isForceOff = false, isNullInputClass : true 
10-30 21:09:59.093  4260  4260 I HBD     : a update cached prediction status : false 
10-30 21:09:59.094  4260  4260 I HBD     : HoneyBoardService [PF_OP][onStartInput]  4 ms 
10-30 21:09:59.095  1148  1148 I Scheduler: DisplayModeChanged : 0
10-30 21:09:59.095  1284  1690 D LocalDisplayAdapter: updateActiveModeLocked for d=4630946312756012673, mActiveModeId=1, mActiveSfDisplayMode=DisplayMode{id=0, width=1080, height=2408, xDpi=403.411, yDpi=402.389, refreshRate=120.00001, appVsyncOffsetNanos=1000000, presentationDeadlineNanos=12666666, group=1080}
10-30 21:09:59.096  1148  1148 I Layer   : id=45906 removedFromDrawingState Surface(name=1f01bd9 InputMethod)/@0x330344c - animation-leash of insets_animation#45906 (113)
10-30 21:09:59.096  1284  1690 I DisplayDeviceRepository: Display device changed: DisplayDeviceInfo{\"Built-in Screen\": uniqueId=\"local:4630946312756012673\", 1080 x 2408, modeId 1, defaultModeId 1, supportedModes [{id=1, width=1080, height=2408, fps=120.00001, alternativeRefreshRates=[60.000004]}, {id=2, width=1080, height=2408, fps=60.000004, alternativeRefreshRates=[120.00001]}], colorMode 0, supportedColorModes [0], hdrCapabilities HdrCapabilities{mSupportedHdrTypes=[], mMaxLuminance=500.0, mMaxAverageLuminance=500.0, mMinLuminance=0.0}, allmSupported false, gameContentTypeSupported false, density 450, 403.411 x 402.389 dpi, appVsyncOff 1000000, presDeadline 12666666, cutout DisplayCutout{insets=Rect(0, 65 - 0, 0) waterfall=Insets{left=0, top=0, right=0, bottom=0} boundingRect={Bounds=[Rect(0, 0 - 0, 0), Rect(454, 0 - 626, 65), Rect(0, 0 - 0, 0), Rect(0, 0 - 0, 0)]} cutoutPathParserInfo={CutoutPathParserInfo{displayWidth=1080 displayHeight=2408 physicalDisplayWidth=1080 physicalDisplayHeight=2408 density={2.8125} cutoutSpec={M 0,0 H -30.57777777777778 V 23.11111111111111 H 30.57777777777778 V 0 H 0 Z @dp} rotation={0} scale={1.0} physicalPixelDisplaySizeRatio={1.0}}}}, touch INTERNAL, rotation 0, type INTERNAL, address {port=129, model=0x40446d22b9ba26}, deviceProductInfo DeviceProductInfo{name=, manufacturerPnpId=QCM, productId=1, modelYear=null, manufactureDate=ManufactureDate{week=27, year=2006}, connectionToSinkType=0}, state ON, frameRateOverride , brightnessMinimum 0.0, brightnessMaximum 1.0, brightnessDefault 0.5019608, roundedCorners RoundedCorners{[RoundedCorner{position=TopLeft, radius=90, center=Point(90, 90)}, RoundedCorner{position=TopRight, radius=90, center=Point(990, 90)}, RoundedCorner{position=BottomRight, radius=90, center=Point(990, 2318)}, RoundedCorner{position=BottomLeft, radius=90, center=Point(90, 2318)}]}, FLAG_ALLOWED_TO_BE_DEFAULT_DISPLAY, FLAG_ROTATES_WITH_CONTENT, FLAG_SECURE, FLAG_SUPPORTS_PROTECTED_BUFFERS, installOrientation 0}
10-30 21:09:59.096  1148  1148 I SurfaceFlinger: id=45906 Removed Surface(name=1f01bd9 InputMethod)/@0x330344c - animation-leash of insets_animation#45906 (113)
10-30 21:09:59.096  3801  4360 D KnoxHelper: getActivityList callingUserId: 0, target user: 0
10-30 21:09:59.096  1148  1148 I Layer   : id=45906 Destroyed Surface(name=1f01bd9 InputMethod)/@0x330344c - animation-leash of insets_animation#45906
10-30 21:09:59.098  1148  1148 D SurfaceFlinger: GPIS:: requestGPIS
10-30 21:09:59.098  3801  4360 D KnoxHelper: getActivityList callingUserId: 0, target user: 0
10-30 21:09:59.099  1284  3232 D LiftUpHandler: [LTW] Stopped already.
10-30 21:09:59.103  3801  4360 D KnoxHelper: getActivityList callingUserId: 0, target user: 0
10-30 21:09:59.104  1284  1284 D SGM:GameManager: onDisplayChanged. displyId: 0, state: 2
10-30 21:09:59.105  1284  1284 D AODManagerService: requestReCalToTSP IsSingleTouchMode = false / previousDisplayState = ON
10-30 21:09:59.105  1284  2093 D SGM:FgCheckThread: onLooperPrepared(), msg: MSG_LCD_ON
10-30 21:09:59.106  2728  4328 I ViewRootImpl@d47ac9[LauncherActivity]: mWNT: t=0xb400007512842d00 mBlastBufferQueue=0xb4000074f7a99300 fn= 5 caller= com.android.systemui.shared.launcher.ViewRootImplCompat.mergeWithNextTransaction:2 com.android.quickstep.util.SurfaceTransactionApplier.lambda$scheduleApply$0:2 com.android.quickstep.util.SurfaceTransactionApplier.b:0 
10-30 21:09:59.107  1148  1201 I VSyncReactor: Current= 60, Period= 120, hwcPeriod= 120
10-30 21:09:59.107  3801  4360 D KnoxHelper: getActivityList callingUserId: 0, target user: 0
10-30 21:09:59.108  1284  2846 D InputMethodManagerService: isImeSwitcherDisabledPackage : false
10-30 21:09:59.108  2248  2248 D DCT-C-0 : Screen INTERNAL on
10-30 21:09:59.109  3801  4360 D KnoxHelper: getActivityList callingUserId: 0, target user: 0
10-30 21:09:59.110  2292  2292 D DisplayLifecycle: updateDisplay id = 0
10-30 21:09:59.110  1148  1148 D SurfaceFlinger: Display 4630946312756012673 HWC layers:
10-30 21:09:59.110  1148  1148 D SurfaceFlinger:      CLIENT | 0xb400006f8cc21070 | 0100 | RGBx_8888    |  708.0  102.0 1692.0 2298.0 |    0    0 1080 2408 | Wallpaper BBQ wrapper#86
10-30 21:09:59.110  1148  1148 D SurfaceFlinger:      CLIENT | 0xb400006f8cc22810 | 0100 | RGBA_8888    |    0.0    0.0 1080.0 2408.0 |    0    0 1080 2408 | com.sec.android.app.launcher/com.sec[...]ivities.LauncherActivity$_2728#45914
10-30 21:09:59.110  1148  1148 D SurfaceFlinger:      CLIENT | 0xb400006f8cc226c0 | 0102 | RGBA_8888    |    0.0    0.0 1080.0 2408.0 |   34   76 1046 2332 | com.sec.android.RilServiceModeApp/co[...]ceModeApp.ServiceModeApp$_2248#45900
10-30 21:09:59.110  1148  1148 D SurfaceFlinger:      CLIENT | 0xb400006f8cc21cb0 | 0100 | RGBA_8888    |    0.0    0.0 1080.0   70.0 |    0    0 1080   70 | StatusBar$_2292#83
10-30 21:09:59.110  1148  1148 D SurfaceFlinger:      CLIENT | 0xb400006f8cc21d20 | 0100 | RGBA_8888    |    0.0    0.0 1080.0  135.0 |    0 2273 1080 2408 | NavigationBar0$_2292#77
10-30 21:09:59.110  1148  1148 D SurfaceFlinger:      CLIENT | 0xb400006f8cc22a40 | 0100 | RGBA_8888    |    0.0    0.0  522.0   67.0 |  279 2341  801 2408 | com.samsung.android.spay.pay.HintService$_6307#45921
10-30 21:09:59.110  1148  1148 D SurfaceFlinger: 
10-30 21:09:59.112  1148  3135 D NativeSemDvfsManager: acquire:: timeout = 2000 mIsAcquired = 1  mTagName : SurfaceFlinger 
10-30 21:09:59.112  2728  4329 I ViewRootImpl@d47ac9[LauncherActivity]: mWNT: t=0xb4000075128d0000 mBlastBufferQueue=0xb4000074f7a99300 fn= 6 caller= com.android.systemui.shared.launcher.ViewRootImplCompat.mergeWithNextTransaction:2 com.android.quickstep.util.SurfaceTransactionApplier.lambda$scheduleApply$0:2 com.android.quickstep.util.SurfaceTransactionApplier.b:0 
10-30 21:09:59.114  1148  3135 E NativeCustomFrequencyManager: [NativeCFMS] BpCustomFrequencyManager::acquire()
10-30 21:09:59.114  3801  4360 D KnoxHelper: getActivityList callingUserId: 0, target user: 0
10-30 21:09:59.113   956  1061 I HYPER-HAL: [RequestManager.cpp]acquire(): Acquired ID : 2309026  [1148 / 1000]    HINT : SF_GPU_MINLOCK    list : [TIMEOUT / 2000] 
10-30 21:09:59.115  4260  4260 I InputMethodService: removeImeSurface
10-30 21:09:59.116  4260  4260 I MSHandlerLifeCycle: check: return. pkg=com.samsung.android.honeyboard isActivity=false callers=com.android.internal.policy.DecorView.setVisibility:4411 android.app.Dialog.hide:767 android.inputmethodservice.InputMethodService.removeImeSurface:1290 android.inputmethodservice.InputMethodService.scheduleImeSurfaceRemoval:1279 android.inputmethodservice.InputMethodService.-$$Nest$mscheduleImeSurfaceRemoval:0 
10-30 21:09:59.116  4260  4260 I MSHandlerLifeCycle: removeMultiSplitHandler: no exist. decor=DecorView@329505[InputMethod]
10-30 21:09:59.116  3801  4360 D KnoxHelper: getActivityList callingUserId: 0, target user: 0
10-30 21:09:59.118  1284  2482 D MdnieScenarioControlService:  packageName : com.sec.android.app.launcher    className : com.android.launcher3.uioverrides.QuickstepLauncher
10-30 21:09:59.119  3801  4360 D KnoxHelper: getActivityList callingUserId: 0, target user: 0
10-30 21:09:59.119  2728  4328 I ViewRootImpl@d47ac9[LauncherActivity]: mWNT: t=0xb4000075128d0100 mBlastBufferQueue=0xb4000074f7a99300 fn= 7 caller= com.android.systemui.shared.launcher.ViewRootImplCompat.mergeWithNextTransaction:2 com.android.quickstep.util.SurfaceTransactionApplier.lambda$scheduleApply$0:2 com.android.quickstep.util.SurfaceTransactionApplier.b:0 
10-30 21:09:59.121  1284  2482 V MdnieScenarioControlService: setUIMode from UI function(3)
10-30 21:09:59.122  3801  4360 D KnoxHelper: getActivityList callingUserId: 0, target user: 0
10-30 21:09:59.123  2728  2941 I AppIconSolution: load= live icon for com.sec.android.app.clockpackage, from overlay = false
10-30 21:09:59.124  3801  4360 D KnoxHelper: getActivityList callingUserId: 0, target user: 0
10-30 21:09:59.125  2728  2941 I LauncherActivityInfo: packageName: com.sec.android.app.clockpackage, useThemeIcon: false, height: 288, width: 288, density: 640
10-30 21:09:59.126  2728  4329 I ViewRootImpl@d47ac9[LauncherActivity]: mWNT: t=0xb4000075128d0200 mBlastBufferQueue=0xb4000074f7a99300 fn= 8 caller= com.android.systemui.shared.launcher.ViewRootImplCompat.mergeWithNextTransaction:2 com.android.quickstep.util.SurfaceTransactionApplier.lambda$scheduleApply$0:2 com.android.quickstep.util.SurfaceTransactionApplier.b:0 
10-30 21:09:59.127  3801  4360 D KnoxHelper: getActivityList callingUserId: 0, target user: 0
10-30 21:09:59.129  3801  4360 D KnoxHelper: getActivityList callingUserId: 0, target user: 0
10-30 21:09:59.131  3801  4360 D KnoxHelper: getActivityList callingUserId: 0, target user: 0
10-30 21:09:59.135  2728  4328 I ViewRootImpl@d47ac9[LauncherActivity]: mWNT: t=0xb4000075128d0300 mBlastBufferQueue=0xb4000074f7a99300 fn= 9 caller= com.android.systemui.shared.launcher.ViewRootImplCompat.mergeWithNextTransaction:2 com.android.quickstep.util.SurfaceTransactionApplier.lambda$scheduleApply$0:2 com.android.quickstep.util.SurfaceTransactionApplier.b:0 
10-30 21:09:59.136  3801  4360 D KnoxHelper: getActivityList callingUserId: 0, target user: 0
10-30 21:09:59.138  3801  4360 D KnoxHelper: getActivityList callingUserId: 0, target user: 0
10-30 21:09:59.141  3801  4360 D KnoxHelper: getActivityList callingUserId: 0, target user: 0
10-30 21:09:59.142  2728  4329 I ViewRootImpl@d47ac9[LauncherActivity]: mWNT: t=0xb4000075128d0600 mBlastBufferQueue=0xb4000074f7a99300 fn= 10 caller= com.android.systemui.shared.launcher.ViewRootImplCompat.mergeWithNextTransaction:2 com.android.quickstep.util.SurfaceTransactionApplier.lambda$scheduleApply$0:2 com.android.quickstep.util.SurfaceTransactionApplier.b:0 
10-30 21:09:59.144  3801  4360 D KnoxHelper: getActivityList callingUserId: 0, target user: 0
10-30 21:09:59.146  3801  4360 D KnoxHelper: getActivityList callingUserId: 0, target user: 0
10-30 21:09:59.150  3801  4360 D KnoxHelper: getActivityList callingUserId: 0, target user: 0
10-30 21:09:59.150  2728  4328 I ViewRootImpl@d47ac9[LauncherActivity]: mWNT: t=0xb4000075128d0700 mBlastBufferQueue=0xb4000074f7a99300 fn= 11 caller= com.android.systemui.shared.launcher.ViewRootImplCompat.mergeWithNextTransaction:2 com.android.quickstep.util.SurfaceTransactionApplier.lambda$scheduleApply$0:2 com.android.quickstep.util.SurfaceTransactionApplier.b:0 
10-30 21:09:59.153  3801  4360 D KnoxHelper: getActivityList callingUserId: 0, target user: 0
10-30 21:09:59.155  3801  4360 D KnoxHelper: getActivityList callingUserId: 0, target user: 0
10-30 21:09:59.159  2728  4329 I ViewRootImpl@d47ac9[LauncherActivity]: mWNT: t=0xb4000075128d0800 mBlastBufferQueue=0xb4000074f7a99300 fn= 12 caller= com.android.systemui.shared.launcher.ViewRootImplCompat.mergeWithNextTransaction:2 com.android.quickstep.util.SurfaceTransactionApplier.lambda$scheduleApply$0:2 com.android.quickstep.util.SurfaceTransactionApplier.b:0 
10-30 21:09:59.167  2728  4328 I ViewRootImpl@d47ac9[LauncherActivity]: mWNT: t=0xb400007597139200 mBlastBufferQueue=0xb4000074f7a99300 fn= 13 caller= com.android.systemui.shared.launcher.ViewRootImplCompat.mergeWithNextTransaction:2 com.android.quickstep.util.SurfaceTransactionApplier.lambda$scheduleApply$0:2 com.android.quickstep.util.SurfaceTransactionApplier.b:0 
10-30 21:09:59.175  2728  4329 I ViewRootImpl@d47ac9[LauncherActivity]: mWNT: t=0xb400007597139500 mBlastBufferQueue=0xb4000074f7a99300 fn= 14 caller= com.android.systemui.shared.launcher.ViewRootImplCompat.mergeWithNextTransaction:2 com.android.quickstep.util.SurfaceTransactionApplier.lambda$scheduleApply$0:2 com.android.quickstep.util.SurfaceTransactionApplier.b:0 
10-30 21:09:59.178  1284 13890 D AppOps  : noteOperation: reject #3 for code 105 (105) uid 1001 package com.android.phone flags: s
10-30 21:09:59.183  2728  4328 I ViewRootImpl@d47ac9[LauncherActivity]: mWNT: t=0xb40000759716ed00 mBlastBufferQueue=0xb4000074f7a99300 fn= 15 caller= com.android.systemui.shared.launcher.ViewRootImplCompat.mergeWithNextTransaction:2 com.android.quickstep.util.SurfaceTransactionApplier.lambda$scheduleApply$0:2 com.android.quickstep.util.SurfaceTransactionApplier.b:0 
10-30 21:09:59.192  2728  4329 I ViewRootImpl@d47ac9[LauncherActivity]: mWNT: t=0xb4000075971ef000 mBlastBufferQueue=0xb4000074f7a99300 fn= 16 caller= com.android.systemui.shared.launcher.ViewRootImplCompat.mergeWithNextTransaction:2 com.android.quickstep.util.SurfaceTransactionApplier.lambda$scheduleApply$0:2 com.android.quickstep.util.SurfaceTransactionApplier.b:0 
10-30 21:09:59.200  2728  4328 I ViewRootImpl@d47ac9[LauncherActivity]: mWNT: t=0xb4000075971ef100 mBlastBufferQueue=0xb4000074f7a99300 fn= 17 caller= com.android.systemui.shared.launcher.ViewRootImplCompat.mergeWithNextTransaction:2 com.android.quickstep.util.SurfaceTransactionApplier.lambda$scheduleApply$0:2 com.android.quickstep.util.SurfaceTransactionApplier.b:0 
10-30 21:09:59.209  2728  4329 I ViewRootImpl@d47ac9[LauncherActivity]: mWNT: t=0xb4000075971ef200 mBlastBufferQueue=0xb4000074f7a99300 fn= 18 caller= com.android.systemui.shared.launcher.ViewRootImplCompat.mergeWithNextTransaction:2 com.android.quickstep.util.SurfaceTransactionApplier.lambda$scheduleApply$0:2 com.android.quickstep.util.SurfaceTransactionApplier.b:0 
10-30 21:09:59.217  2728  4328 I ViewRootImpl@d47ac9[LauncherActivity]: mWNT: t=0xb4000075971ef600 mBlastBufferQueue=0xb4000074f7a99300 fn= 19 caller= com.android.systemui.shared.launcher.ViewRootImplCompat.mergeWithNextTransaction:2 com.android.quickstep.util.SurfaceTransactionApplier.lambda$scheduleApply$0:2 com.android.quickstep.util.SurfaceTransactionApplier.b:0 
10-30 21:09:59.221  1284  2482 V MdnieScenarioControlService: mAclOffEnabled : false mAclPreviewState : false mAclCompensationState : false
10-30 21:09:59.223  1148  1148 D SurfaceFlinger: Display 4630946312756012673 HWC layers:
10-30 21:09:59.223  1148  1148 D SurfaceFlinger:      DEVICE | 0xb400006f8cc21070 | 0100 | RGBx_8888    |  666.0    9.0 1734.0 2391.0 |    0    0 1080 2408 | Wallpaper BBQ wrapper#86
10-30 21:09:59.223  1148  1148 D SurfaceFlinger:      DEVICE | 0xb400006f8cc22650 | 0100 | RGBA_8888    |    0.0    0.0 1080.0 2408.0 |    0    0 1080 2408 | com.sec.android.app.launcher/com.sec[...]ivities.LauncherActivity$_2728#45914
10-30 21:09:59.223  1148  1148 D SurfaceFlinger:      CLIENT | 0xb400006f8cc21cb0 | 0100 | RGBA_8888    |    0.0    0.0 1080.0   70.0 |    0    0 1080   70 | StatusBar$_2292#83
10-30 21:09:59.223  1148  1148 D SurfaceFlinger:      CLIENT | 0xb400006f8cc21d20 | 0100 | RGBA_8888    |    0.0    0.0 1080.0  135.0 |    0 2273 1080 2408 | NavigationBar0$_2292#77
10-30 21:09:59.223  1148  1148 D SurfaceFlinger:      CLIENT | 0xb400006f8cc22a40 | 0100 | RGBA_8888    |    0.0    0.0  522.0   67.0 |  279 2341  801 2408 | com.samsung.android.spay.pay.HintService$_6307#45921
10-30 21:09:59.223  1148  1148 D SurfaceFlinger: 
10-30 21:09:59.225  2728  4329 I ViewRootImpl@d47ac9[LauncherActivity]: mWNT: t=0xb4000075971ef700 mBlastBufferQueue=0xb4000074f7a99300 fn= 20 caller= com.android.systemui.shared.launcher.ViewRootImplCompat.mergeWithNextTransaction:2 com.android.quickstep.util.SurfaceTransactionApplier.lambda$scheduleApply$0:2 com.android.quickstep.util.SurfaceTransactionApplier.b:0 
10-30 21:09:59.233  2728  4328 I ViewRootImpl@d47ac9[LauncherActivity]: mWNT: t=0xb4000075971efb00 mBlastBufferQueue=0xb4000074f7a99300 fn= 21 caller= com.android.systemui.shared.launcher.ViewRootImplCompat.mergeWithNextTransaction:2 com.android.quickstep.util.SurfaceTransactionApplier.lambda$scheduleApply$0:2 com.android.quickstep.util.SurfaceTransactionApplier.b:0 
10-30 21:09:59.242  2728  4329 I ViewRootImpl@d47ac9[LauncherActivity]: mWNT: t=0xb400007512842d00 mBlastBufferQueue=0xb4000074f7a99300 fn= 22 caller= com.android.systemui.shared.launcher.ViewRootImplCompat.mergeWithNextTransaction:2 com.android.quickstep.util.SurfaceTransactionApplier.lambda$scheduleApply$0:2 com.android.quickstep.util.SurfaceTransactionApplier.b:0 
10-30 21:09:59.250  2728  4328 I ViewRootImpl@d47ac9[LauncherActivity]: mWNT: t=0xb4000075128d0900 mBlastBufferQueue=0xb4000074f7a99300 fn= 23 caller= com.android.systemui.shared.launcher.ViewRootImplCompat.mergeWithNextTransaction:2 com.android.quickstep.util.SurfaceTransactionApplier.lambda$scheduleApply$0:2 com.android.quickstep.util.SurfaceTransactionApplier.b:0 
10-30 21:09:59.258  2728  4329 I ViewRootImpl@d47ac9[LauncherActivity]: mWNT: t=0xb4000075128d0a00 mBlastBufferQueue=0xb4000074f7a99300 fn= 24 caller= com.android.systemui.shared.launcher.ViewRootImplCompat.mergeWithNextTransaction:2 com.android.quickstep.util.SurfaceTransactionApplier.lambda$scheduleApply$0:2 com.android.quickstep.util.SurfaceTransactionApplier.b:0 
10-30 21:09:59.267  2728  4328 I ViewRootImpl@d47ac9[LauncherActivity]: mWNT: t=0xb4000075128d0b00 mBlastBufferQueue=0xb4000074f7a99300 fn= 25 caller= com.android.systemui.shared.launcher.ViewRootImplCompat.mergeWithNextTransaction:2 com.android.quickstep.util.SurfaceTransactionApplier.lambda$scheduleApply$0:2 com.android.quickstep.util.SurfaceTransactionApplier.b:0 
10-30 21:09:59.276  2728  4329 I ViewRootImpl@d47ac9[LauncherActivity]: mWNT: t=0xb4000075128d0c00 mBlastBufferQueue=0xb4000074f7a99300 fn= 26 caller= com.android.systemui.shared.launcher.ViewRootImplCompat.mergeWithNextTransaction:2 com.android.quickstep.util.SurfaceTransactionApplier.lambda$scheduleApply$0:2 com.android.quickstep.util.SurfaceTransactionApplier.b:0 
10-30 21:09:59.284  2728  4328 I ViewRootImpl@d47ac9[LauncherActivity]: mWNT: t=0xb4000075128d0d00 mBlastBufferQueue=0xb4000074f7a99300 fn= 27 caller= com.android.systemui.shared.launcher.ViewRootImplCompat.mergeWithNextTransaction:2 com.android.quickstep.util.SurfaceTransactionApplier.lambda$scheduleApply$0:2 com.android.quickstep.util.SurfaceTransactionApplier.b:0 
10-30 21:09:59.295  2728  4329 I ViewRootImpl@d47ac9[LauncherActivity]: mWNT: t=0xb4000075128d0e00 mBlastBufferQueue=0xb4000074f7a99300 fn= 28 caller= com.android.systemui.shared.launcher.ViewRootImplCompat.mergeWithNextTransaction:2 com.android.quickstep.util.SurfaceTransactionApplier.lambda$scheduleApply$0:2 com.android.quickstep.util.SurfaceTransactionApplier.b:0 
10-30 21:09:59.300  2728  2728 W AppTransitionAnimatorImpl: onAnimationEnd - APP OUT, Execution time for each frame : Start-(0)-0-(0)-0-(5)-0-(17)-0-(26)-0-(8)-0-(8)-1-(7)-1-(8)-0-(8)-0-(8)-1-(8)-0-(8)-0-(8)-1-(8)-0-(8)-0-(8)-1-(8)-0-(8)-0-(8)-1-(8)-0-(8)-0-(8)-1-(8)-0-(8)-0-(8)-1-(8)-0-(8)-0-(8)-1-End
10-30 21:09:59.300  2728  2728 I AppTransitionAnimatorImpl: resetContentView
10-30 21:09:59.300  2728  2728 I AnimationResult: AnimationResult finish : onAnimationEnd
10-30 21:09:59.300  2728  2728 I AnimationResult: finish : false, null
10-30 21:09:59.301  2728  2940 I AnimationResult: finish callback : null
10-30 21:09:59.301  1284 13890 D WindowManager: app-onAnimationFinished(): mOuter=RemoteAnimationController@9520cc9
10-30 21:09:59.301  2728  4328 I ViewRootImpl@d47ac9[LauncherActivity]: mWNT: t=0xb4000075128d0f00 mBlastBufferQueue=0xb4000074f7a99300 fn= 29 caller= com.android.systemui.shared.launcher.ViewRootImplCompat.mergeWithNextTransaction:2 com.android.quickstep.util.SurfaceTransactionApplier.lambda$scheduleApply$0:2 com.android.quickstep.util.SurfaceTransactionApplier.b:0 
10-30 21:09:59.301  1284 13890 D WindowManager: onAnimationFinished(RemoteAnimationController@9520cc9): mPendingAnimations=2, caller=
10-30 21:09:59.302  1284 13890 D WindowManager: app-release(): mOuter=RemoteAnimationController@9520cc9
10-30 21:09:59.302  1284 13890 D WindowManager: onAnimationFinished(): Notify animation finished:
10-30 21:09:59.302  1284 13890 I WindowManager: Reparenting to original parent: Surface(name=DefaultTaskDisplayArea)/@0x5aba9f6, destroy=true, surface=Surface(name=Task=1)/@0x81aa3cb
10-30 21:09:59.303  2728  2728 W Launcher: onEnterAnimationComplete
10-30 21:09:59.303  1284 13890 D WindowManager: \tcontainer=Task{ba1e509 #1 type=home ?? U=0 visible=true visibleRequested=true mode=fullscreen translucent=false sz=1}
10-30 21:09:59.303  1284 13890 I WindowManager: Reparenting to original parent: Surface(name=DefaultTaskDisplayArea)/@0x5aba9f6, destroy=true, surface=Surface(name=Task=48818)/@0xf37b48e
10-30 21:09:59.308  1284 13890 V WindowManager: Setting visibility of Window{74259f9 u0 com.sec.android.RilServiceModeApp/com.sec.android.RilServiceModeApp.ServiceModeApp}: false, caller=com.android.server.wm.WindowContainer.sendAppVisibilityToClients:1246 com.android.server.wm.WindowToken.setClientVisible:431 com.android.server.wm.ActivityRecord.setClientVisible:7682 com.android.server.wm.ActivityRecord.onAnimationFinished:8552 com.android.server.wm.WindowContainer.doAnimationFinished:3483 
10-30 21:09:59.308  2248  2248 I ViewRootImpl@b5e29f2[ServiceModeApp]: handleAppVisibility mAppVisible = true visible = false
10-30 21:09:59.309  1284 13890 D WindowManager: \tcontainer=Task{fc23a1d #48818 type=standard A=1001:com.sec.android.RilServiceModeApp U=0 visible=false visibleRequested=false mode=fullscreen translucent=true sz=1}
10-30 21:09:59.309  1284 13890 I WindowManager: Reparenting to original parent: Surface(name=Leaf:0:1)/@0x9d640e9, destroy=true, surface=Surface(name=WallpaperWindowToken{15df818 token=android.os.Binder@2a08ffb})/@0x1f62570
10-30 21:09:59.309  1284 13890 D WindowManager: \twallpaper=WallpaperWindowToken{15df818 token=android.os.Binder@2a08ffb}
10-30 21:09:59.310  1284 13890 I WindowManager: Finishing remote animation
10-30 21:09:59.316  1284  1690 I wm_destroy_activity: [0,73806580,48818,com.sec.android.RilServiceModeApp/.ServiceModeApp,finish-imm:idle]
10-30 21:09:59.316  1148  1148 I Layer   : id=45918 removedFromDrawingState Surface(name=Task=1)/@0x81aa3cb - animation-leash of app_transition#45918 (112)
10-30 21:09:59.317  1148  1148 I Layer   : Layer [com.sec.android.RilServiceModeApp/com.sec.android.RilServiceModeApp.ServiceModeApp$_2248#45900] hidden!! flag(1)
10-30 21:09:59.317  1148  1148 I Layer   : id=45917 removedFromDrawingState Surface(name=Task=48818)/@0xf37b48e - animation-leash of app_transition#45917 (112)
10-30 21:09:59.317  1148  1148 I Layer   : id=45919 removedFromDrawingState Surface(name=WallpaperWindowToken{15df818 token=android.os.Binder@2a08ffb})/@0x1f62570 - animation-leash of window_animation#45919 (112)
10-30 21:09:59.317  2248  8161 D OpenGLRenderer: setSurface called with nullptr
10-30 21:09:59.317  2248  8161 D OpenGLRenderer: setSurface() destroyed EGLSurface
10-30 21:09:59.318  2248  8161 D OpenGLRenderer: destroyEglSurface
10-30 21:09:59.320  2248  2248 I ViewRootImpl@b5e29f2[ServiceModeApp]: performTraversals mFirst=false windowShouldResize=false viewVisibilityChanged=true mForceNextWindowRelayout=false params=null
10-30 21:09:59.321  1284  2846 V WindowManager: Relayout Window{74259f9 u0 com.sec.android.RilServiceModeApp/com.sec.android.RilServiceModeApp.ServiceModeApp}: viewVisibility=8 req=1080x2408 d0
10-30 21:09:59.326  1284  2846 V WindowManager: Relayout hash=74259f9, pid=2248, syncId=-1: mAttrs={(0,0)(fillxfill) sim={adjust=resize forwardNavigation} ty=BASE_APPLICATION wanim=0x10302f4
10-30 21:09:59.326  1284  2846 V WindowManager:   fl=81810100
10-30 21:09:59.326  1284  2846 V WindowManager:   pfl=12020040
10-30 21:09:59.326  1284  2846 V WindowManager:   apr=LIGHT_NAVIGATION_BARS
10-30 21:09:59.326  1284  2846 V WindowManager:   bhv=DEFAULT
10-30 21:09:59.326  1284  2846 V WindowManager:   fitSides= naviIconColor=0
10-30 21:09:59.326  1284  2846 V WindowManager:   sfl=100000}
10-30 21:09:59.332  2248  2248 I ViewRootImpl@b5e29f2[ServiceModeApp]: Relayout returned: old=(0,0,1080,2408) new=(0,0,1080,2408) req=(1080,2408)8 dur=9 res=0x2 s={false 0x0} ch=true seqId=0
10-30 21:09:59.332  2248  2248 I ViewRootImpl@b5e29f2[ServiceModeApp]: stopped(true) old = false
10-30 21:09:59.332  2248  2248 I ViewRootImpl@b5e29f2[ServiceModeApp]: WindowStopped on com.sec.android.RilServiceModeApp/com.sec.android.RilServiceModeApp.ServiceModeApp set to true
10-30 21:09:59.333  2248  2248 I wm_on_stop_called: [73806580,com.sec.android.RilServiceModeApp.ServiceModeApp,LIFECYCLER_STOP_ACTIVITY]
10-30 21:09:59.334  2248  2248 I MSHandlerLifeCycle: check: return. Multi-window not supported pkg=com.sec.android.RilServiceModeApp
10-30 21:09:59.335  2248  2248 I MSHandlerLifeCycle: removeMultiSplitHandler: no exist. decor=DecorView@d7a96bc[ServiceModeApp]
10-30 21:09:59.335  2248  2248 E ModemServiceMode: onDestroy start
10-30 21:09:59.335  2248  2248 E ModemServiceMode: unbind connection
10-30 21:09:59.337  2248  2248 E ModemServiceMode: onDestroy finish
10-30 21:09:59.337  2248  2248 I wm_on_destroy_called: [73806580,com.sec.android.RilServiceModeApp.ServiceModeApp,performDestroy]
10-30 21:09:59.338  1284 13890 D CoreBackPreview: Window{74259f9 u0 com.sec.android.RilServiceModeApp/com.sec.android.RilServiceModeApp.ServiceModeApp}: Setting back callback null
10-30 21:09:59.339  2248  2248 I MSHandlerLifeCycle: removeMultiSplitHandler: no exist. decor=DecorView@d7a96bc[ServiceModeApp]
10-30 21:09:59.339  2248  2248 I DecorView: setWindowBackground: isPopOver=false color=fff6f6f6 d=null
10-30 21:09:59.339  2248  2248 I DecorView: notifyKeepScreenOnChanged: keepScreenOn=false
10-30 21:09:59.340  2248  8161 D OpenGLRenderer: setSurface called with nullptr
10-30 21:09:59.340  2248  2248 I ViewRootImpl@b5e29f2[ServiceModeApp]: dispatchDetachedFromWindow
10-30 21:09:59.341  1284 13890 D InputTransport: Input channel destroyed: '74259f9', fd=787
10-30 21:09:59.341  1284 13890 W InputManager-JNI: Input channel object '74259f9 com.sec.android.RilServiceModeApp/com.sec.android.RilServiceModeApp.ServiceModeApp (client)' was disposed without first being removed with the input manager!
10-30 21:09:59.341  1284 13890 D InputTransport: Input channel destroyed: '74259f9', fd=830
10-30 21:09:59.341  1284 13890 V WindowManager: Remove Window{74259f9 u0 com.sec.android.RilServiceModeApp/com.sec.android.RilServiceModeApp.ServiceModeApp}: mSurfaceController=Surface(name=com.sec.android.RilServiceModeApp/com.sec.android.RilServiceModeApp.ServiceModeApp$_2248)/@0x5a8a083 mAnimatingExit=false mRemoveOnExit=false mHasSurface=true surfaceShowing=false animating=false app-animation=false mWillReplaceWindow=false mDisplayFrozen=false callers=com.android.server.wm.WindowState.removeIfPossible:3041 com.android.server.wm.WindowManagerService.removeWindow:2282 com.android.server.wm.Session.remove:236 android.view.IWindowSession$Stub.onTransact:743 com.android.server.wm.Session.onTransact:188 android.os.Binder.execTransactInternal:1321 
10-30 21:09:59.342  1284 13890 I WindowManager: Destroying surface Surface(name=com.sec.android.RilServiceModeApp/com.sec.android.RilServiceModeApp.ServiceModeApp$_2248)/@0x5a8a083 called by com.android.server.wm.WindowStateAnimator.destroySurface:942 com.android.server.wm.WindowStateAnimator.destroySurfaceLocked:536 com.android.server.wm.WindowState.removeImmediately:2969 com.android.server.wm.WindowState.removeIfPossible:3228 com.android.server.wm.WindowState.removeIfPossible:3041 com.android.server.wm.WindowManagerService.removeWindow:2282 com.android.server.wm.Session.remove:236 android.view.IWindowSession$Stub.onTransact:743 
10-30 21:09:59.342  1284 13890 D RestrictionPolicy: isScreenCaptureEnabled : ret=true userId=0
10-30 21:09:59.342  1284 13890 V WindowManager: Nulling last startingData
10-30 21:09:59.345  1148  1148 I Layer   : id=45900 removedFromDrawingState com.sec.android.RilServiceModeApp/com.sec.android.RilServiceModeApp.ServiceModeApp$_2248#45900 (112)
10-30 21:09:59.345  1148  1148 I Layer   : id=45898 removedFromDrawingState 74259f9 com.sec.android.RilServiceModeApp/com.sec.android.RilServiceModeApp.ServiceModeApp#45898 (112)
10-30 21:09:59.345  1148  2973 I SurfaceFlinger: id=45900 Removed com.sec.android.RilServiceModeApp/com.sec.android.RilServiceModeApp.ServiceModeApp$_2248#45900 (112)
10-30 21:09:59.345  1148  2973 I SurfaceFlinger: id=45898 Removed 74259f9 com.sec.android.RilServiceModeApp/com.sec.android.RilServiceModeApp.ServiceModeApp#45898 (112)
10-30 21:09:59.345  2248  2248 D InputTransport: Input channel destroyed: '74259f9', fd=104
10-30 21:09:59.346  1148  1148 I Layer   : id=45898 Destroyed 74259f9 com.sec.android.RilServiceModeApp/com.sec.android.RilServiceModeApp.ServiceModeApp#45898
10-30 21:09:59.346  1148  1148 I Layer   : id=45900 Destroyed com.sec.android.RilServiceModeApp/com.sec.android.RilServiceModeApp.ServiceModeApp$_2248#45900
10-30 21:09:59.347  1148  2973 I SurfaceFlinger: id=45890 Removed 3e3bcc7 ActivityRecordInputSink com.sec.android.RilServiceModeApp/.ServiceModeApp#45890 (110)
10-30 21:09:59.347  1284  2846 I wm_task_removed: [48818,removeChild:removeChild last r=ActivityRecord{46632f4 u0 com.sec.android.RilServiceModeApp/.ServiceModeApp} t-1 f}} in t=Task{fc23a1d #48818 type=standard A=1001:com.sec.android.RilServiceModeApp U=0 visible=false visibleRequested=false mode=fullscreen translucent=true sz=0},1]
10-30 21:09:59.348  1284  2846 I wm_task_removed: [48818,removeChild,1]
10-30 21:09:59.348  1148  2973 I SurfaceFlinger: id=45923 createSurf, flag=24004, Task=48818#45923
10-30 21:09:59.353  2728  2728 I RecentsView: onTaskRemoved() taskId : 48818
10-30 21:09:59.353  2728  2728 I TopTaskTracker: onTaskRemoved : taskId = 48818
10-30 21:09:59.354  2728  2728 I RecentsView: onTaskRemoved() taskId : 48818
10-30 21:09:59.354  2728  2728 I TopTaskTracker: onTaskRemoved : taskId = 48818
10-30 21:09:59.355  1148  1148 I Layer   : id=45883 removedFromDrawingState ActivityRecord{46632f4 u0 com.sec.android.RilServiceModeApp/.ServiceModeApp} t48818}#45883 (111)
10-30 21:09:59.355  1148  1148 I Layer   : id=45890 removedFromDrawingState 3e3bcc7 ActivityRecordInputSink com.sec.android.RilServiceModeApp/.ServiceModeApp#45890 (111)
10-30 21:09:59.355  1148  1148 I Layer   : id=45923 removedFromDrawingState Task=48818#45923 (111)
10-30 21:09:59.355  1148  1148 I Layer   : id=45882 removedFromDrawingState Task=48818#45882 (111)
10-30 21:09:59.355  1148  1148 I SurfaceFlinger: id=45883 Removed ActivityRecord{46632f4 u0 com.sec.android.RilServiceModeApp/.ServiceModeApp} t48818}#45883 (111)
10-30 21:09:59.355  1148  1148 I SurfaceFlinger: id=45923 Removed Task=48818#45923 (111)
10-30 21:09:59.355  1148  1148 I Layer   : id=45923 Destroyed Task=48818#45923
10-30 21:09:59.356  1148  1148 I Layer   : id=45883 Destroyed ActivityRecord{46632f4 u0 com.sec.android.RilServiceModeApp/.ServiceModeApp} t48818}#45883
10-30 21:09:59.356  1148  1148 I Layer   : id=45890 Destroyed 3e3bcc7 ActivityRecordInputSink com.sec.android.RilServiceModeApp/.ServiceModeApp#45890
10-30 21:09:59.451   956 15689 I HYPER-HAL: [ResourceManager.cpp]removeResource(): [CPUMinFreq] RemoveResource Request ID : 861356
10-30 21:09:59.451   956 15689 I HYPER-HAL: [RequestManager.cpp]releaseLocked(): Released ID : 861356
10-30 21:09:59.461   956 15695 I HYPER-HAL: [ResourceManager.cpp]removeResource(): [CPUMinFreq] RemoveResource Request ID : 857420
10-30 21:09:59.462   956 15695 I HYPER-HAL: [RequestManager.cpp]releaseLocked(): Released ID : 857420
10-30 21:09:59.967  1148  1148 I DisplayDevice: [Display 4630946312756012673 (internal, primary, \"\")] ActiveConfigToHWC, ID : 1
10-30 21:09:59.968  1148  1148 I LayerHistory: NavigationBar0$_2292#77 Max (can't resolve refresh rate)
10-30 21:09:59.969  1148  1148 I LayerHistory: com.sec.android.app.launcher/com.sec.android.app.launcher.activities.LauncherActivity$_2728#45914 Max (can't resolve refresh rate)
10-30 21:09:59.969  1148  1148 I SurfaceFlinger: Idle - choose 60.00 Hz
10-30 21:09:59.972   993  1169 I SDM     : HWCDisplay::SubmitDisplayConfig: [DispConfigs] config 0 => 1, hs_mode 1 => 1
10-30 21:09:59.972   993  1169 I SDM     : DisplayBase::SetActiveConfig: [DispConfigs] 0 => 1 or hs mode is changed if same config
10-30 21:09:59.972   993  1169 I SDM     : HWDeviceDRM::SetDisplaySwitchMode: [DispConfigs] check hs_mode 1
10-30 21:09:59.973   993  1169 I SDM     : HWDeviceDRM::SetDisplaySwitchMode: [DispConfigs] SetDisplayAttributes  mode_index 1
10-30 21:09:59.973   993  1169 I SDM     : HWDeviceDRM::UpdateMixerAttributes: Mixer WxH 1080x2408-0 for Peripheral
10-30 21:09:59.974   993  1169 I SDM     : HWCDisplay::SubmitDisplayConfig: Active configuration changed to: 1
10-30 21:09:59.974  1148  1201 I VSyncReactor: Current= 120, Period= 60, hwcPeriod= 120
10-30 21:09:59.982  1148  1201 I VSyncReactor: Current= 120, Period= 60, hwcPeriod= 60
10-30 21:10:00.003  1284  6981 D SGM:GameManager: identifyGamePackage. com.sec.android.app.launcher, mCurrentUserId: 0, callerUserId: 0, callingMethodInfo: com.android.server.ssrm.SortingMachine.isGame(SortingMachine.java:162)
10-30 21:10:00.004  1284  6981 D SGM:PkgDataHelper: getGamePkgData(). com.sec.android.app.launcher
10-30 21:10:00.006  1284  1284 I power_partial_wake_state: [REL,2,*alarm*:android]
10-30 21:10:00.007  2292  2830 D QSClockBellTower: onReceive(android.intent.action.TIME_TICK) mTimeZoneString:null
10-30 21:10:00.008  2292  2292 D KeyguardUpdateMonitor: received broadcast android.intent.action.TIME_TICK
10-30 21:10:00.015  2292  2292 D QSClockBellTower: He is ready to ring the bell. (((QSClockBellSound - TimeText:9:10, TimeContentDescription:9:10 PM, DateText:Mon, October 30, ShortDateText:Mon, Oct 30, Demo:false, QuickStar-Second(false|12:34:56))))
10-30 21:10:00.016  2292  2292 D QSClockIndicatorView: Home Indicator status_bar_clock 9:10 notifyTimeChanged(QSClockBellSound - TimeText:9:10, TimeContentDescription:9:10 PM, DateText:Mon, October 30, ShortDateText:Mon, Oct 30, Demo:false, QuickStar-Second(false|12:34:56)) ClockVisibleByPolicy:true, ClockVisibleByUser:true, visible?true, parent:android.widget.LinearLayout{f35d795 V.E...... ......ID 0,0-75,70 #7f0b04f0 app:id/left_clock_container}
10-30 21:10:00.016  2292  2292 D QSClockBellTower: Everyone heard the bell. run(currentTime:1698714600011,   getTime():Mon Oct 30 21:10:00 EDT 2023,   getTimeZone():libcore.util.ZoneInfo[mDstSavings=3600000,mUseDst=true,mDelegate=[id=\"America/New_York\",mRawOffset=-18000000,mEarliestRawOffset=-17762000,transitions=236]])
10-30 21:10:00.019  2292  2292 D KeyguardUpdateMonitor: handleTimeUpdate
10-30 21:10:00.020  2292  2292 D FaceWidgetPagesController: onTimeChanged()
10-30 21:10:00.024  2292  2292 I FaceWidgetPositionAlgorithm: getClockContainerHeight() supplier = 290, bottom margin = 0, real height = 839
10-30 21:10:00.025  2292  2292 I FaceWidgetPositionAlgorithm: getClockContainerHeight() supplier = 290, bottom margin = 68, real height = 839
10-30 21:10:00.025  2292  2292 I FaceWidgetPositionAlgorithm: getMediaContainerHeight() height = 0 container Visibility = 8, isValid = false, mIsDozing = false, fraction = 1.0, source = 0, target = 0
10-30 21:10:00.025  2292  2292 I FaceWidgetPositionAlgorithm: getMediaContainerHeight() supplier = 0
10-30 21:10:00.026  2292  2292 V QsExpandAnimator: setQsExpansionPosition 0.0
10-30 21:10:00.030  2292  2292 V QsExpandAnimator: updateAnimators
10-30 21:10:00.030  2292  2292 V QsExpandAnimator: clearAnimationState 
10-30 21:10:00.031  2292  2292 V QsExpandAnimator: updateViews
10-30 21:10:00.033  2292  2292 V QsExpandAnimator: updateTileAnimator
10-30 21:10:00.034  2292  2292 V QsExpandAnimator: updateHeaderAnimator
10-30 21:10:00.034  2292  2292 V QsExpandAnimator: updateBarAnimator
10-30 21:10:00.035  2292  2292 V QsExpandAnimator: setQsExpansionPosition 0.0
10-30 21:10:00.035  2292  2292 V QsExpandAnimator: onAnimationAtStart
10-30 21:10:00.038  1148  1148 I DisplayDevice: [Display 4630946312756012673 (internal, primary, \"\")] ActiveConfigToHWC, ID : 0
10-30 21:10:00.038  1148  1148 I LayerHistory: StatusBar$_2292#83 voted 1, 0.00 fps
10-30 21:10:00.038  1148  1148 I LayerHistory: NavigationBar0$_2292#77 Max (can't resolve refresh rate)
10-30 21:10:00.038  1148  1148 I LayerHistory: com.sec.android.app.launcher/com.sec.android.app.launcher.activities.LauncherActivity$_2728#45914 Max (can't resolve refresh rate)
10-30 21:10:00.038  1148  1148 I SurfaceFlinger: Weight ignores NavigationBar0$_2292#77 (type=Max, weight=0.06, seamlessness=Default) 0.00 Hz's 120.00 Hz
10-30 21:10:00.038  1148  1148 I SurfaceFlinger: Best - choose 120.00 Hz
10-30 21:10:00.040   993  1169 I SDM     : HWCDisplay::SubmitDisplayConfig: [DispConfigs] config 1 => 0, hs_mode 1 => 1
10-30 21:10:00.040   993  1169 I SDM     : DisplayBase::SetActiveConfig: [DispConfigs] 1 => 0 or hs mode is changed if same config
10-30 21:10:00.040   993  1169 I SDM     : HWDeviceDRM::SetDisplaySwitchMode: [DispConfigs] check hs_mode 1
10-30 21:10:00.040   993  1169 I SDM     : HWDeviceDRM::SetDisplaySwitchMode: [DispConfigs] SetDisplayAttributes  mode_index 0
10-30 21:10:00.040   993  1169 I SDM     : HWDeviceDRM::UpdateMixerAttributes: Mixer WxH 1080x2408-0 for Peripheral
10-30 21:10:00.040   993  1169 I SDM     : HWCDisplay::SubmitDisplayConfig: Active configuration changed to: 0
10-30 21:10:00.048  1148  1201 I VSyncReactor: Current= 60, Period= 120, hwcPeriod= 60
10-30 21:10:00.054  1148  1148 I Scheduler: DisplayModeChanged : 0
10-30 21:10:00.055  1148  1148 D SurfaceFlinger: GPIS:: requestGPIS
10-30 21:10:00.065  1148  1201 I VSyncReactor: Current= 60, Period= 120, hwcPeriod= 120
10-30 21:10:00.071 13170 13170 E STFService: getNetworkProperties: Location fine denied
10-30 21:10:00.133  2728  2942 I QuickstepModelDelegate: Widget predictions updated
10-30 21:10:00.173  1449  1883 D RILD    : QmiUnsolicitedCallback: msgId(81)
10-30 21:10:00.174  1449  1883 V RILD    : NotifyAsyncMessage Completed
10-30 21:10:00.174  1449  1641 D RILD    : ReceiveMessage: svc(NAS), msg(0x51:QMI_NAS_SIG_INFO_IND), indi(1), size(76), err(0)
10-30 21:10:00.174  1449  1641 V RILD    : RxSigInfoIndi: 
10-30 21:10:00.175  1449  1641 V RILD    : InvalidateSigInfo:
10-30 21:10:00.175  1449  1641 V RILD    : AllocateTransaction() - Use: 2, Last: 27
10-30 21:10:00.175  1449  1641 V RILD    : GetSignalStrength:
10-30 21:10:00.175  1449  1641 V RILD    : need sig info-1, need err rate-0
10-30 21:10:00.175  1449  1641 V RILD    : Request for Signal Info
10-30 21:10:00.175  1449  1641 D RILD    : SendMessage: svc(NAS), msg(0x4F:QMI_NAS_GET_SIG_INFO), sync(1), internal(1), size(0)
10-30 21:10:00.175  1449  1638 V RILD    : NotifyAsyncMessage Completed
10-30 21:10:00.176  1449  1641 D RILD    : ReceiveMessage: svc(NAS), msg(0x4F:QMI_NAS_GET_SIG_INFO), indi(0), size(84), err(0)
10-30 21:10:00.176  1449  1641 V RILD    : RxGetSigInfo: 
10-30 21:10:00.176  1449  1641 D RILD    : Result(0), Error(0)
10-30 21:10:00.176  1449  1641 V RILD    : Signal strength from cache
10-30 21:10:00.176  1449  1641 D RILD    : Nr Signal Strength antnum=0x0004
10-30 21:10:00.177  1449  1641 V RILD    : UpdateAntennaNumber - Antenna: 0x0000, QMI: 0x0004, RAT: 20
10-30 21:10:00.177  1449  1641 D RILD    : RSSI level = 0x0004 - LTE: 4, EVDO: 0, CDMA: 0, GSM: 4, NR5G: 4
10-30 21:10:00.179  1449  1641 V RILD    : Signal strength from cache
10-30 21:10:00.179  1449  1641 D RILD    : Nr Signal Strength antnum=0x0004
10-30 21:10:00.179  1449  1641 V RILD    : UpdateAntennaNumber - Antenna: 0x0000, QMI: 0x0004, RAT: 20
10-30 21:10:00.179  1449  1641 D RILD    : RSSI level = 0x0004 - LTE: 4, EVDO: 0, CDMA: 0, GSM: 4, NR5G: 4
10-30 21:10:00.181  1449  1641 D RILD    : RxSigInfoIndi - SignalStrength: [4, C:(2147483647, 2147483647), E:(2147483647, 2147483647, 2147483647), G:(99, 99), W:(99, 99, 255, 255), T:(2147483647), L:(99, 2147483647, 2147483647, 2147483647, 2147483647), N:(-107, -15)]
10-30 21:10:00.181  1449  1641 D RILD    : SignalBarInfos: [cdmaLevel=0, evdoLevel=0, gsmLevel=0, wcdmaLevel=0, tdscdmaLevel=0, lteLevel=0, nrLevel=4]
10-30 21:10:00.181  1449  1641 V RILD    : Modem::NotifyRegistrant: regType=35
10-30 21:10:00.181  1449  1641 V RILD    : Registrant::Notify refcnt(1)
10-30 21:10:00.181  1449  1681 D RILD    : NET-MGR(3): evt(201)
10-30 21:10:00.181  1449  1681 D RILD    : RefreshHandler()
10-30 21:10:00.181  1449  1681 D RILD    : NetworkSignalStrengthHandler - RSSI: 0x0004
10-30 21:10:00.182  1449  1681 D RILD    : IsRegisteredNetworkType(): netType[1]  feature[00] state[0] 
10-30 21:10:00.182  1449  1681 D RILD    : UpdateWeakSignalStatus (gsm : 99, lte : 2147483647 dataRat : 20)
10-30 21:10:00.182  1449  1681 D RILD    : m5gRoveoutTh : -114 , sig : -107
10-30 21:10:00.182  1449  1681 D RILD    : m5gRoveinTh : -109 , sig : -107
10-30 21:10:00.182  1449  1681 D RILD    : mWeak2g : true , mWeak3g : true , mWeakLte : true, mWeak5g : false
10-30 21:10:00.182  1449  1681 D RILD    : NetworkSignalStrengthHandler - SignalStrength: [4, C:(2147483647, 2147483647), E:(2147483647, 2147483647, 2147483647), G:(99, 99), W:(99, 99, 255, 255), T:(2147483647), L:(99, 2147483647, 2147483647, 2147483647, 2147483647), N:(-107, -15)]
10-30 21:10:00.182  1449  1681 D RILD    : SignalBarInfos: [cdmaLevel=0, evdoLevel=0, gsmLevel=0, wcdmaLevel=0, tdscdmaLevel=0, lteLevel=0, nrLevel=4]
10-30 21:10:00.182  1449  1681 V RILD    : OnUnsolicitedResponse: unsolId: 11091
10-30 21:10:00.184  2248  2248 D SSCtr   : [0] EVENT_SIGNAL_LEVEL_INFO_CHANGED - SignalBarInfo{ nrLevel=4 }
