07-26 17:23:46.170  1273 14422 D PowerManagerService: [api] applyWakeLockFlagsOnReleaseLocked : userActivityNoUpdateLocked is called : SCREEN_DIM_WAKE_LOCK           'svcModeApp' ON_AFTER_RELEASE DISABLED (uid=1000 pid=3940 displayId=-1)
07-26 17:23:46.170  3940  3940 I ModemServiceMode: End Service Mode !
07-26 17:23:46.170  1273  1699 I input_focus: [Requesting to set focus to null window,reason=UpdateInputWindows]
07-26 17:23:46.171  3940  3940 I wm_on_paused_called: [149587619,com.sec.android.RilServiceModeApp.ServiceModeApp,performPause]
07-26 17:23:46.171  2760  2760 I MSHandlerLifeCycle: removeMultiSplitHandler: no exist. decor=DecorView@1c91931[LauncherActivity]
07-26 17:23:46.172  2760  2760 I Launcher: onNewIntent, isActionMain : true internalStateHandled : false shouldMoveToDefaultScreen : false false
07-26 17:23:46.172  2760  3126 I IMM_LC  : hsifw() - flag : 0
07-26 17:23:46.172  2760  2760 I OverviewCommandHelper: clearPendingCommands
07-26 17:23:46.172  2760  2760 I ViewRootImpl@7de0b0[LauncherActivity]: stopped(false) old = false
07-26 17:23:46.172  2760  2760 I Launcher: !@Boot_DEBUG: Launcher.onResume()
07-26 17:23:46.172  2760  2760 I Launcher: !@Boot_EBS_D: Launcher.onResume()
07-26 17:23:46.172  2760  2760 I BaseActivity: addActivityFlags, flags : 18
07-26 17:23:46.172  2760  3126 I IMM_LC  : hsifw() - mService.hideSoftInput
07-26 17:23:46.172  1117  1117 I SurfaceFlinger: [de8727e com.sec.android.RilServiceModeApp/com.sec.android.RilServiceModeApp.ServiceModeApp#266690] FrameRatePriority: -1
07-26 17:23:46.173  1273 14422 D InputMethodManagerService: hideSoftInput
07-26 17:23:46.173  1273  1698 D SGM:FgCheckThread: notePauseComponent(), received pkgName: com.sec.android.RilServiceModeApp, userId: 0
07-26 17:23:46.173  1273 14422 W InputMethodManagerService: Ignoring hideSoftInput of uid 10121: com.android.internal.view.IInputMethodClient$Stub$Proxy@a614d37
07-26 17:23:46.174  1273  1302 D InputDispatcher: Focus request (0): <null> but waiting because NOT_FOCUSABLE
07-26 17:23:46.174  1273  1302 D InputDispatcher: Focus left window (0): de8727e com.sec.android.RilServiceModeApp/com.sec.android.RilServiceModeApp.ServiceModeApp
07-26 17:23:46.174  2760  2760 I BaseActivity: removeActivityFlags, flags : 32
07-26 17:23:46.175  2760  2760 I AppsSearchBar: restoreCurrentCellLayoutAlpha: null
07-26 17:23:46.175  2760  2760 W SearchLauncherServiceMover: isMoving : false
07-26 17:23:46.175  2760  2760 I DecorView: notifyKeepScreenOnChanged: keepScreenOn=false
07-26 17:23:46.175  1273  2072 I input_focus: [Focus leaving de8727e com.sec.android.RilServiceModeApp/com.sec.android.RilServiceModeApp.ServiceModeApp (server),reason=Waiting for window because NOT_FOCUSABLE]
07-26 17:23:46.175  1273  9634 I AppOps  : updateUidProcState uid: 10213 procState: 3 capability:15
07-26 17:23:46.175  1273  9634 I AppOps  : updateUidProcState uid: 10210 procState: 3 capability:15
07-26 17:23:46.176  1273  9634 I ActivityManager: Changes in 10121 5 to 2, 8 to 15
07-26 17:23:46.176  1273  9634 I AppOps  : updateUidProcState uid: 10121 procState: 2 capability:15
07-26 17:23:46.176  1273  9634 I AppOps  : commitUidPendingStateLocked() :: UID - 10121, 500 > 200, 8 > 15
07-26 17:23:46.176  3940  3940 I ViewRootImpl@9ab6f42[ServiceModeApp]: MSG_WINDOW_FOCUS_CHANGED 0 0
07-26 17:23:46.176  2760  6640 I Launcher: DisplayMetrics from Resources : DisplayMetrics{density=2.8125, width=1080, height=2208, scaledDensity=2.8125, xdpi=403.411, ydpi=402.389}
07-26 17:23:46.177  2760  6640 I Launcher: realMetrics from Wm : DisplayMetrics{density=2.8125, width=1080, height=2408, scaledDensity=2.8125, xdpi=403.411, ydpi=402.389}
07-26 17:23:46.177  2760  6640 I Launcher: DeviceProfile, isLand : false, isMultiWin :false, availableWidthPx : 1080, availableHeightPx : 2273
07-26 17:23:46.177  1273  1273 I CocktailBarManagerServiceContainer: handleMessage: entry what = 6
07-26 17:23:46.177  1273  1273 I CocktailBarManagerServiceImpl: notePauseComponent : no active host
07-26 17:23:46.178  1273  1273 I Pageboost: package null
07-26 17:23:46.178  3264  3264 E pageboostd: Received HALT command code 2
07-26 17:23:46.178  1273  1695 D SSRM:LoadDetectMonitor: PID = 2760, UID = 10121
07-26 17:23:46.179  2760  2760 I Launcher: setWallpaperOffsets
07-26 17:23:46.179  1273  1698 D SGM:FgCheckThread: noteResumeComponent(), received pkgName: com.sec.android.app.launcher, userId: 0
07-26 17:23:46.179  2760  2760 I wm_on_resume_called: [22076000,com.sec.android.app.launcher.activities.LauncherActivity,RESUME_ACTIVITY]
07-26 17:23:46.179  1273  2088 D SGM:FgCheckThread: onLooperPrepared(), msg: MSG_APP_RESUME, pkgName: com.sec.android.app.launcher, userid: 0
07-26 17:23:46.179  1273  2088 D SGM:FgCheckThread: handleResume().
07-26 17:23:46.179  2760  2760 I DecorView: notifyKeepScreenOnChanged: keepScreenOn=false
07-26 17:23:46.179  1273  2088 D SGM:FgCheckThread: sendFocusOutConditionally() - mPrevNotiPkg: (unknown), userId: 0
07-26 17:23:46.179  1273  2088 D SGM:FgCheckThread:   handleResume(). pkgName: com.sec.android.app.launcher, userId: 0, isTunableApp: null
07-26 17:23:46.179  1273  2088 D SGM:FgCheckThread: notifyFocusInOut(). of pkg: com.sec.android.app.launcher, type: 4, isTunableApp: false, userId: 0
07-26 17:23:46.179  1273  2088 D SGM:FgCheckThread:   notifyFocusInOut(). unexpected mPrevNotiType: -1
07-26 17:23:46.179  1273  2088 D SGM:SystemHelper: callReleaseBlock needReleaseBlock:false
07-26 17:23:46.179  1273  1698 I GameSDK@LifeCycle: noteResumeComponent(): package name  : com.sec.android.app.launcher
07-26 17:23:46.179  2760  2760 I MSHandlerLifeCycle: removeMultiSplitHandler: no exist. decor=DecorView@1c91931[LauncherActivity]
07-26 17:23:46.180  1273  3311 I MediaSessionMonitor: Media session stopped : controllerList empty
07-26 17:23:46.181  1273  2731 V WindowManager: Relayout Window{c032e6c u0 com.sec.android.app.launcher/com.sec.android.app.launcher.activities.LauncherActivity}: viewVisibility=0 req=1080x2408 d0
07-26 17:23:46.181  1273  2731 D RestrictionPolicy: isScreenCaptureEnabled : ret=true userId=0
07-26 17:23:46.181 19413 19469 I Rubin   : [61] e9.a.c(SourceFile:1) : Notify com.samsung.android.rubin.inferenceengine.contextanalytics.engine.loggers.d's database is updated.
07-26 17:23:46.181  2760  3128 I LiveIconUpdateEventHandler: cancelDateChangeAlarm
07-26 17:23:46.181  1117  3148 I SurfaceFlinger: id=266701 createSurf, flag=40004, com.sec.android.app.launcher/com.sec.android.app.launcher.activities.LauncherActivity$_2760#266701
07-26 17:23:46.182  1273  1273 I CocktailBarManagerServiceContainer: handleMessage: entry what = 5
07-26 17:23:46.182  1273  1273 I CocktailBarManagerServiceImpl: noteResumeComponent : no active host
07-26 17:23:46.182  2760  3128 I LiveIconUpdateEventHandler: setDateChangeAlarm Thu Jul 27 00:00:00 CDT 2023
07-26 17:23:46.182  1273  2731 D WindowManager: makeSurface duration=1 name=com.sec.android.app.launcher/com.sec.android.app.launcher.activities.LauncherActivity$_2760
07-26 17:23:46.183  2760  3126 I IMM_LC  : hsifw() - flag : 0
07-26 17:23:46.183  2760  3126 I IMM_LC  : hsifw() - mService.hideSoftInput
07-26 17:23:46.183  1273 14422 D InputMethodManagerService: hideSoftInput
07-26 17:23:46.183  2760  3128 I LiveIconViewUpdater: onUpdateLiveIcon - id : 47, itemType : 0
07-26 17:23:46.184  2760  3128 I LiveIconUpdateEventHandler: cancelMinuteChangeAlarm
07-26 17:23:46.184  2760  3128 I LiveIconUpdateEventHandler: setMinuteChangeAlarm Wed Jul 26 17:24:00 CDT 2023
07-26 17:23:46.185  2760  3128 I LiveIconViewUpdater: onUpdateLiveIcon - id : 49, itemType : 0
07-26 17:23:46.185  2279  2279 D PopupUI.PopupUI: PopupUIReceiver.onReceive() action : android.intent.action.CLOSE_SYSTEM_DIALOGS
07-26 17:23:46.185  2279  2279 D LocationControllerImpl: onReceive() = android.intent.action.CLOSE_SYSTEM_DIALOGS
07-26 17:23:46.185  2760  3128 I SPayUpdater: updateSpayHandler, show = true, defaultPage = true
07-26 17:23:46.185  2279  2279 V ShadeControllerImpl: NotificationShadeWindow: com.android.systemui.statusbar.phone.NotificationShadeWindowView{7232a1b I.E...... ......ID 0,0-1080,2408} canPanelBeCollapsed(): false
07-26 17:23:46.186  2279  2279 D QSMoreButton: action:android.intent.action.CLOSE_SYSTEM_DIALOGS
07-26 17:23:46.186  2279  2279 D SecVolume.SecVolumeStore: dispatch [ACTION_DISMISS_REQUESTED] with [STATE_NO_DISPATCH]
07-26 17:23:46.186  2279  2279 D SecVolume.SecVolumeStore:   > New State : [STATE_NO_DISPATCH]
07-26 17:23:46.186  1273  2731 V WindowManager: Changing focus from null to Window{c032e6c u0 com.sec.android.app.launcher/com.sec.android.app.launcher.activities.LauncherActivity} displayId=0 Callers=com.android.server.wm.RootWindowContainer.updateFocusedWindowLocked:585 com.android.server.wm.WindowManagerService.updateFocusedWindowLocked:6715 com.android.server.wm.WindowManagerService.relayoutWindow:2749 com.android.server.wm.Session.relayout:274 
07-26 17:23:46.187  1273  2731 I WindowManager: Cancelling animation restarting=true, leash=Surface(name=Surface(name=bec729e StatusBar)/@0xd6bd59b - animation-leash of insets_animation)/@0x695388a
07-26 17:23:46.187  1273  2731 I WindowManager: Reparenting to original parent: Surface(name=WindowToken{625e8d9 type=2000 android.os.BinderProxy@a664623})/@0x2e15d38, destroy=false, surface=Surface(name=bec729e StatusBar)/@0xd6bd59b
07-26 17:23:46.187  1273  2731 I WindowManager: Reparenting to leash, surface=Surface(name=bec729e StatusBar)/@0xd6bd59b, leashParent=Surface(name=WindowToken{625e8d9 type=2000 android.os.BinderProxy@a664623})/@0x2e15d38
07-26 17:23:46.187  1117  3148 I SurfaceFlinger: id=266702 createSurf, flag=24000, Surface(name=bec729e StatusBar)/@0xd6bd59b - animation-leash of insets_animation#266702
07-26 17:23:46.188  1273  2731 D WindowManager: makeSurface duration=1 leash=Surface(name=Surface(name=bec729e StatusBar)/@0xd6bd59b - animation-leash of insets_animation)/@0xd7385d3
07-26 17:23:46.188  1273  2731 I WindowManager: Cancelling animation restarting=true, leash=Surface(name=Surface(name=c04e383 NavigationBar0)/@0x1cf0276 - animation-leash of insets_animation)/@0x6674b18
07-26 17:23:46.188  1273  2731 I WindowManager: Reparenting to original parent: Surface(name=WindowToken{405b23d type=2019 android.os.BinderProxy@37f2fe7})/@0x5283077, destroy=false, surface=Surface(name=c04e383 NavigationBar0)/@0x1cf0276
07-26 17:23:46.188  1273  2731 I WindowManager: Reparenting to leash, surface=Surface(name=c04e383 NavigationBar0)/@0x1cf0276, leashParent=Surface(name=WindowToken{405b23d type=2019 android.os.BinderProxy@37f2fe7})/@0x5283077
07-26 17:23:46.189  1117  3148 I SurfaceFlinger: id=266703 createSurf, flag=24000, Surface(name=c04e383 NavigationBar0)/@0x1cf0276 - animation-leash of insets_animation#266703
07-26 17:23:46.189  1957  1963 D Multi-Client: OemClient::ProcessBuffer() from [xxx], token[21], datalen[6]
07-26 17:23:46.189  1273  2731 D WindowManager: makeSurface duration=1 leash=Surface(name=Surface(name=c04e383 NavigationBar0)/@0x1cf0276 - animation-leash of insets_animation)/@0xc44e809
07-26 17:23:46.190  1273  2731 D WindowManager: updateSystemBarAttributes: displayId=0, win=Window{c032e6c u0 com.sec.android.app.launcher/com.sec.android.app.launcher.activities.LauncherActivity}, navColorWin=Window{de8727e u0 com.sec.android.RilServiceModeApp/com.sec.android.RilServiceModeApp.ServiceModeApp}, focusedCanBeNavColorWin=false, behavior=2, appearance=16, statusBarAppearanceRegions=[AppearanceRegion{ bounds=[0,0][1080,2408]}], requestedVisibilities=, from=com.android.server.wm.DisplayPolicy.focusChangedLw:3214 com.android.server.wm.DisplayContent.updateFocusedWindowLocked:4564 com.android.server.wm.RootWindowContainer.updateFocusedWindowLocked:585 
07-26 17:23:46.190 15130 15130 I GsaVoiceInteractionSrv: Handling ACTION_START_HOTWORD
07-26 17:23:46.190  1273  2731 D StatusBarManagerService: notifyRequestedSystemKey recent=false home=false
07-26 17:23:46.191  1273  2731 V WindowManager: Relayout hash=c032e6c, pid=2760, syncId=-1: mAttrs={(0,0)(fillxfill) sim={adjust=nothing forwardNavigation} layoutInDisplayCutoutMode=shortEdges ty=BASE_APPLICATION fmt=TRANSPARENT wanim=0x10302f4
07-26 17:23:46.191  1273  2731 V WindowManager:   fl=81910100
07-26 17:23:46.191  1273  2731 V WindowManager:   pfl=1e020040
07-26 17:23:46.191  1273  2731 V WindowManager:   vsysui=1700
07-26 17:23:46.191  1273  2731 V WindowManager:   bhv=SHOW_TRANSIENT_BARS_BY_SWIPE
07-26 17:23:46.191  1273  2731 V WindowManager:   fitSides= screenDimDuration=200000 naviIconColor=0}
07-26 17:23:46.191 15130 15174 I GsaVoiceInteractionSrv: (REDACTED) disregardVoiceMatch: %b
07-26 17:23:46.191 15130 15174 I GsaVoiceInteractionSrv: Cannot start hotword, hotword has been explicitly disabled.
07-26 17:23:46.191  1273  1699 I input_focus: [Focus request c032e6c com.sec.android.app.launcher/com.sec.android.app.launcher.activities.LauncherActivity,reason=UpdateInputWindows]
07-26 17:23:46.191  1273 14422 V InputMethodManagerService: Client requesting input be hidden
07-26 17:23:46.191  1273 14422 V InputMethodManagerService: hideCurrentInputLocked : canceled, shouldHideSoftInput=false, mInputShown=false, mImeWindowVis=0
07-26 17:23:46.192  1957  1962 D Multi-Client: Oem OnRequestComplete:
07-26 17:23:46.192  1273 14422 I InputMethodBindingController: setCurrentMethodNotVisible: mVisibleBound=false, mHasConnection=true, caller = com.android.server.inputmethod.InputMethodManagerService.hideCurrentInputLocked:4320 com.android.server.inputmethod.InputMethodManagerService.hideSoftInput:4258 com.android.internal.view.IInputMethodManager$Stub.onTransact:479 com.android.server.inputmethod.InputMethodManagerService.onTransact:2275 android.os.Binder.execTransactInternal:1316 android.os.Binder.execTransact:1280 <bottom of call stack> <bottom of call stack> <bottom of call stack> <bottom of call stack> 
07-26 17:23:46.192  2760  2760 I ViewRootImpl@7de0b0[LauncherActivity]: Relayout returned: old=(0,0,1080,2408) new=(0,0,1080,2408) req=(1080,2408)0 dur=11 res=0x3 s={true 0xb4000073a9ced800} ch=true seqId=0
07-26 17:23:46.193  3940  3940 I ModemServiceMode: Service mode End
07-26 17:23:46.193  2760 27261 I TouchInteractionService: onSystemUiStateChanged, stateFlags : 0 |
07-26 17:23:46.194  1273  9634 I power_partial_wake_state: [16,RILS:com.sec.phone(disabled)]
07-26 17:23:46.200  1273 14422 I wm_finish_activity: [0,149587619,10498,com.sec.android.RilServiceModeApp/.ServiceModeApp,app-request]
07-26 17:23:46.200  2760  2760 I wm_on_top_resumed_gained_called: [22076000,com.sec.android.app.launcher.activities.LauncherActivity,topStateChangedWhenResumed]
07-26 17:23:46.200  2760  2760 I TopTaskTracker: onTaskMovedToFront : taskId = 25
07-26 17:23:46.200  2760  2760 I BaseActivity: addActivityFlags, flags : 4
07-26 17:23:46.200  2760  2760 I Launcher: onDeferredResumed
07-26 17:23:46.200  2760  2760 I InstallShortcutReceiver: flushInstallQueue 0
07-26 17:23:46.200  2760  2760 I Launcher.NotificationListener: registerObserver this is not notificationService!!
07-26 17:23:46.200  2760  2760 I Launcher.NotificationListener: onNotificationFullRefresh
07-26 17:23:46.200  2760  2760 I BadgeCountUpdaterImpl: onNotificationsChangedConnected
07-26 17:23:46.201  2760  2760 W LauncherAppWidgetHost: setShouldListenFlag, mFlags:6 flag:resume on:true isFront:false
07-26 17:23:46.201  2760  3127 I InstallShortcutReceiver: flushQueueInBackground 0
07-26 17:23:46.201  1273 14422 I AppWidgetServiceImpl: startListening callbacks : com.android.internal.appwidget.IAppWidgetHost$Stub$Proxy@7ffba0e
07-26 17:23:46.202  2760  2760 W LauncherAppWidgetHost: startListening, mFlags:15 isFront:false
07-26 17:23:46.202  2760  2760 I RecentsAnimationDeviceState: setSystemUiFlags, stateFlags : 0
07-26 17:23:46.202  2760  2760 I TouchInteractionService: onSystemUiFlagsChanged, lastSysUIFlags : 131072
07-26 17:23:46.202  1273  9634 D WindowManager: finishDrawingWindow: Window{c032e6c u0 com.sec.android.app.launcher/com.sec.android.app.launcher.activities.LauncherActivity} mDrawState=DRAW_PENDING seqId=0
07-26 17:23:46.202  2760  2760 I wm_on_idle_called: {com.sec.android.app.launcher/com.sec.android.app.launcher.activities.LauncherActivity}
07-26 17:23:46.203  1273  1699 V WindowManager: Setting visibility of Window{b560bc7 u0 com.android.systemui.ImageWallpaper}: true, caller=com.android.server.wm.WindowContainer.sendAppVisibilityToClients:1236 com.android.server.wm.WindowToken.setClientVisible:431 com.android.server.wm.WallpaperWindowToken.setVisible:160 com.android.server.wm.WallpaperWindowToken.commitVisibility:202 com.android.server.wm.WallpaperWindowToken.setVisibility:187 
07-26 17:23:46.203  2279 15539 D WallpaperService: dispatchAppVisibility onVisibilityChanged(): true
07-26 17:23:46.204  1273  1699 I wm_wallpaper_surface: [0,1]
07-26 17:23:46.204  3830  4390 D KnoxHelper: getActivityList callingUserId: 0, target user: 0
07-26 17:23:46.205  1117  1117 I Layer   : id=266693 removedFromDrawingState Surface(name=bec729e StatusBar)/@0xd6bd59b - animation-leash of insets_animation#266693 (111)
07-26 17:23:46.205  1117  1117 I Layer   : id=266694 removedFromDrawingState Surface(name=c04e383 NavigationBar0)/@0x1cf0276 - animation-leash of insets_animation#266694 (111)
07-26 17:23:46.205  1117  1117 I SurfaceFlinger: [c032e6c com.sec.android.app.launcher/com.sec.android.app.launcher.activities.LauncherActivity#97] FrameRatePriority: 1
07-26 17:23:46.205  1117  1117 I SurfaceFlinger: id=266693 Removed Surface(name=bec729e StatusBar)/@0xd6bd59b - animation-leash of insets_animation#266693 (111)
07-26 17:23:46.205  1117  1117 I SurfaceFlinger: id=266694 Removed Surface(name=c04e383 NavigationBar0)/@0x1cf0276 - animation-leash of insets_animation#266694 (111)
07-26 17:23:46.205  1117  1117 I Layer   : id=266693 Destroyed Surface(name=bec729e StatusBar)/@0xd6bd59b - animation-leash of insets_animation#266693
07-26 17:23:46.205  1117  1117 I Layer   : id=266694 Destroyed Surface(name=c04e383 NavigationBar0)/@0x1cf0276 - animation-leash of insets_animation#266694
07-26 17:23:46.205  2279  2279 D WallpaperService: updateSurface forceRelayout=true forceReport=false redrawNeeded=false myWidth=2400 myHeight=2400 fixedSize=true x = 0 y = 0 mWidth=2400 mHeight=2400 mIsSleepMode=false
07-26 17:23:46.206  2279  2279 D WallpaperService: mDeviceHeight : 2408, mDeviceWidth : 1080,mDeviceRotation  : 0
07-26 17:23:46.206  1273  1698 D PowerManagerService: [api] setScreenDimDurationOverrideFromWindowManagerInternal: timeoutMillis: 200000
07-26 17:23:46.207  1273  3341 D InputDispatcher: Focus request (0): c032e6c com.sec.android.app.launcher/com.sec.android.app.launcher.activities.LauncherActivity but waiting because NOT_VISIBLE
07-26 17:23:46.208  1273  1699 D WindowManager: createAnimationAdapter(): container=Task{ca68064 #10498 type=standard A=1000:com.sec.android.RilServiceModeApp U=0 visible=false visibleRequested=false mode=fullscreen translucent=true sz=1}
07-26 17:23:46.208  1273  1699 I WindowManager: Reparenting to leash, surface=Surface(name=Task=10498)/@0x7a3f9ce, leashParent=Surface(name=DefaultTaskDisplayArea)/@0x155222d
07-26 17:23:46.208  3830  4390 D KnoxHelper: getActivityList callingUserId: 0, target user: 0
07-26 17:23:46.209  2760  3127 I Launcher.NotificationListener: notificationIsValidForUI : com.google.android.cellbroadcastreceiver missingTitleAndText : false isGroupHeader : false
07-26 17:23:46.209  1117  1802 I SurfaceFlinger: id=266704 createSurf, flag=24000, Surface(name=Task=10498)/@0x7a3f9ce - animation-leash of app_transition#266704
07-26 17:23:46.209  2760  3127 I Launcher.NotificationListener: notificationIsValidForUI : com.samsung.android.app.omcagent missingTitleAndText : false isGroupHeader : false
07-26 17:23:46.209  2760  3127 I Launcher.NotificationListener: notificationIsValidForUI : com.samsung.android.lool missingTitleAndText : false isGroupHeader : false
07-26 17:23:46.209  2760  3127 I Launcher.NotificationListener: notificationIsValidForUI : com.google.android.gms missingTitleAndText : true isGroupHeader : true
07-26 17:23:46.209  2760  3127 I Launcher.NotificationListener: notificationIsValidForUI : com.google.android.gms missingTitleAndText : false isGroupHeader : false
07-26 17:23:46.209  2760  3127 I Launcher.NotificationListener: notificationIsValidForUI : com.google.android.gms missingTitleAndText : false isGroupHeader : false
07-26 17:23:46.209  2760  3127 I Launcher.NotificationListener: notificationIsValidForUI : com.google.android.gms missingTitleAndText : false isGroupHeader : false
07-26 17:23:46.209  2760  3127 I Launcher.NotificationListener: notificationIsValidForUI : com.google.android.gms missingTitleAndText : false isGroupHeader : false
07-26 17:23:46.209  2760  3127 I Launcher.NotificationListener: notificationIsValidForUI : com.aura.oobe.dish missingTitleAndText : true isGroupHeader : false
07-26 17:23:46.209  2760  3127 I Launcher.NotificationListener: notificationIsValidForUI : com.dish.wireless.installer missingTitleAndText : false isGroupHeader : false
07-26 17:23:46.209  2760  3127 I Launcher.NotificationListener: notificationIsValidForUI : com.google.android.permissioncontroller missingTitleAndText : false isGroupHeader : false
07-26 17:23:46.209  2760  3127 I Launcher.NotificationListener: notificationIsValidForUI : com.dish.wireless.activation missingTitleAndText : false isGroupHeader : false
07-26 17:23:46.209  2760  3127 I Launcher.NotificationListener: Full refresh isConnected : true active size : 10
07-26 17:23:46.209  2760  2760 I PopupDataProvider: onNotificationFullRefresh prev dotInfoSize : 7
07-26 17:23:46.209  2760  2760 I PopupDataProvider: refresh badge  package : com.google.android.cellbroadcastreceiver count : 1
07-26 17:23:46.209  2760  2760 I PopupDataProvider: refresh badge  package : com.dish.wireless.activation count : 1
07-26 17:23:46.209  2760  2760 I PopupDataProvider: refresh badge  package : com.dish.wireless.installer count : 1
07-26 17:23:46.209  2760  2760 I PopupDataProvider: refresh badge  package : com.google.android.gms count : 4
07-26 17:23:46.209  2760  2760 I PopupDataProvider: refresh badge  package : com.samsung.android.lool count : 1
07-26 17:23:46.209  2760  2760 I PopupDataProvider: refresh badge  package : com.google.android.permissioncontroller count : 1
07-26 17:23:46.209  2760  2760 I PopupDataProvider: refresh badge  package : com.samsung.android.app.omcagent count : 1
07-26 17:23:46.209  2760  2760 I IconView: applyDotState itemInfo : Network Companion display : 1 count : 1
07-26 17:23:46.209  3830  4390 D KnoxHelper: getActivityList callingUserId: 0, target user: 0
07-26 17:23:46.209  1273  1699 D WindowManager: makeSurface duration=1 leash=Surface(name=Surface(name=Task=10498)/@0x7a3f9ce - animation-leash of app_transition)/@0x766ac2f
07-26 17:23:46.210  1273  1699 D WindowManager: startAnimation
07-26 17:23:46.210  3830  4390 D KnoxHelper: getActivityList callingUserId: 0, target user: 0
07-26 17:23:46.210  1273  1699 D WindowManager: createAnimationAdapter(): container=Task{754f4bb #1 type=home ?? U=0 visible=true visibleRequested=true mode=fullscreen translucent=false sz=1}
07-26 17:23:46.210  1273  1699 I WindowManager: Reparenting to leash, surface=Surface(name=Task=1)/@0x1f27144, leashParent=Surface(name=DefaultTaskDisplayArea)/@0x155222d
07-26 17:23:46.210  3830  4390 D KnoxHelper: getActivityList callingUserId: 0, target user: 0
07-26 17:23:46.210  1117  1802 I SurfaceFlinger: id=266705 createSurf, flag=24004, Surface(name=Task=1)/@0x1f27144 - animation-leash of app_transition#266705
07-26 17:23:46.211  3830  4390 D KnoxHelper: getActivityList callingUserId: 0, target user: 0
07-26 17:23:46.211  1273  1699 D WindowManager: makeSurface duration=1 leash=Surface(name=Surface(name=Task=1)/@0x1f27144 - animation-leash of app_transition)/@0xa87d23c
07-26 17:23:46.211  3830  4390 D KnoxHelper: getActivityList callingUserId: 0, target user: 0
07-26 17:23:46.212  1273  1699 D WindowManager: startAnimation
07-26 17:23:46.212  1273  1699 D ActivityTaskManager: mStartingWindow and mStartingData is null for token=ActivityRecord{150da60 u0 com.sec.android.app.launcher/.activities.LauncherActivity} t25}
07-26 17:23:46.212  1273  1699 V WindowManager: performShowLocked: mDrawState=HAS_DRAWN in Window{c032e6c u0 com.sec.android.app.launcher/com.sec.android.app.launcher.activities.LauncherActivity}
07-26 17:23:46.212  3830  4390 D KnoxHelper: getActivityList callingUserId: 0, target user: 0
07-26 17:23:46.212  1273  1699 D WindowManager: goodToGo(RemoteAnimationController@44afbc5)
07-26 17:23:46.213  1273  1699 D WindowManager: createAppAnimations()
07-26 17:23:46.213  3830  4390 D KnoxHelper: getActivityList callingUserId: 0, target user: 0
07-26 17:23:46.213  1273  1699 D WindowManager: \tAdd container=Task{754f4bb #1 type=home ?? U=0 visible=true visibleRequested=true mode=fullscreen translucent=false sz=1}
07-26 17:23:46.213  1273  1699 D WindowManager: \tAdd container=Task{ca68064 #10498 type=standard A=1000:com.sec.android.RilServiceModeApp U=0 visible=false visibleRequested=false mode=fullscreen translucent=true sz=1}
07-26 17:23:46.213  1273  1699 D WindowManager: createWallpaperAnimations()
07-26 17:23:46.213  3830  4390 D KnoxHelper: getActivityList callingUserId: 0, target user: 0
07-26 17:23:46.213  1273  1699 I WindowManager: Reparenting to leash, surface=Surface(name=WallpaperWindowToken{77e7e11 token=android.os.Binder@761fe38})/@0xd475db0, leashParent=Surface(name=Leaf:0:1)/@0xc0eb429
07-26 17:23:46.214  1117  1802 I SurfaceFlinger: id=266706 createSurf, flag=24000, Surface(name=WallpaperWindowToken{77e7e11 token=android.os.Binder@761fe38})/@0xd475db0 - animation-leash of window_animation#266706
07-26 17:23:46.215  3830  4390 D KnoxHelper: getActivityList callingUserId: 0, target user: 0
07-26 17:23:46.215  1273  1699 D WindowManager: makeSurface duration=2 leash=Surface(name=Surface(name=WallpaperWindowToken{77e7e11 token=android.os.Binder@761fe38})/@0xd475db0 - animation-leash of window_animation)/@0xc01691a
07-26 17:23:46.215  1273  1699 D WindowManager: startAnimation
07-26 17:23:46.215  1273  1699 D WindowManager: createNonAppWindowAnimations()
07-26 17:23:46.215  1273  1699 D RestrictionPolicy: isScreenCaptureEnabled : ret=true userId=0
07-26 17:23:46.216  3830  4390 D KnoxHelper: getActivityList callingUserId: 0, target user: 0
07-26 17:23:46.217  3830  4390 D KnoxHelper: getActivityList callingUserId: 0, target user: 0
07-26 17:23:46.217  1273  1728 I am_pss  : [31241,10094,com.samsung.android.dialer,53250048,45113344,272384,123842560,0,15,9]
07-26 17:23:46.218  3830  4390 D KnoxHelper: getActivityList callingUserId: 0, target user: 0
07-26 17:23:46.219  1117  1117 I Layer   : id=266707 Destroyed Screenshot Parent#266707
07-26 17:23:46.219  2760  3127 I LiveIconLoader: [Calendar] LiveIcon - stdIconSize : 135 , targetIconSize : 163
07-26 17:23:46.219  2760  3127 I LiveIconLoader: [Calendar] LiveIcon - sIconDpi : 640 , targetIconDpi : 450
07-26 17:23:46.219  3830  4390 D KnoxHelper: getActivityList callingUserId: 0, target user: 0
07-26 17:23:46.220  2760  3127 W LiveIconLoader: System font not found, reverting to Roboto.
07-26 17:23:46.220  3830  4390 D KnoxHelper: getActivityList callingUserId: 0, target user: 0
07-26 17:23:46.222  3830  4390 D KnoxHelper: getActivityList callingUserId: 0, target user: 0
07-26 17:23:46.223  3830  4390 D KnoxHelper: getActivityList callingUserId: 0, target user: 0
07-26 17:23:46.225  3830  4390 D KnoxHelper: getActivityList callingUserId: 0, target user: 0
07-26 17:23:46.225  1273  1699 D WindowManager: updateSystemBarAttributes: displayId=0, win=Window{c032e6c u0 com.sec.android.app.launcher/com.sec.android.app.launcher.activities.LauncherActivity}, navColorWin=Window{c032e6c u0 com.sec.android.app.launcher/com.sec.android.app.launcher.activities.LauncherActivity}, focusedCanBeNavColorWin=false, behavior=2, appearance=0, statusBarAppearanceRegions=[AppearanceRegion{ bounds=[0,0][1080,2408]}], requestedVisibilities=, from=com.android.server.wm.DisplayPolicy.finishPostLayoutPolicyLw:2523 com.android.server.wm.DisplayContent.applySurfaceChangesTransaction:5632 com.android.server.wm.RootWindowContainer.applySurfaceChangesTransaction:1220 
07-26 17:23:46.227  1273  1699 D WindowManager: goodToGo(RemoteAnimationController@44afbc5): onAnimationStart, transit=TRANSIT_OLD_WALLPAPER_OPEN, apps=2, wallpapers=1, nonApps=0
07-26 17:23:46.227  1273  1699 D WindowManager: startAnimation(): Notify animation start:
07-26 17:23:46.227  1273  1699 I WindowManager: Starting remote animation
07-26 17:23:46.227  1273  1699 I WindowManager: container=Task{754f4bb #1 type=home ?? U=0 visible=true visibleRequested=true mode=fullscreen translucent=false sz=1}
07-26 17:23:46.227  1273  1699 I WindowManager: Target:
07-26 17:23:46.227  1273  1699 I WindowManager:   mode=0 taskId=25 isTranslucent=false clipRect=[0,0][0,0] contentInsets=[0,70][0,135] prefixOrderIndex=28 position=[0,0] sourceContainerBounds=[0,0][1080,2408] screenSpaceBounds=[0,0][1080,2408] localBounds=[0,0][1080,2408]
07-26 17:23:46.227  1273  1699 I WindowManager:   windowConfiguration={ mBounds=Rect(0, 0 - 1080, 2408) mAppBounds=Rect(0, 65 - 1080, 2273) mMaxBounds=Rect(0, 0 - 1080, 2408) mDisplayRotation=ROTATION_0 mWindowingMode=fullscreen mDisplayWindowingMode=fullscreen mActivityType=home mAlwaysOnTop=undefined mRotation=ROTATION_0 mPopOver=undefined mStageConfig=undefined mFreeformTaskPinningState=unpinned mFreeformStashState=undefined}
07-26 17:23:46.227  1273  1699 I WindowManager:   leash=Surface(name=Surface(name=Task=1)/@0x1f27144 - animation-leash of app_transition)/@0xa87d23c
07-26 17:23:46.227  1273  1699 I WindowManager:   taskInfo=TaskInfo{userId=0 taskId=25 displayId=0 isRunning=true baseIntent=Intent { act=android.intent.action.MAIN cat=[android.intent.category.HOME] flg=0x10000100 cmp=com.sec.android.app.launcher/.activities.LauncherActivity } baseActivity=ComponentInfo{com.sec.android.app.launcher/com.sec.android.app.launcher.activities.LauncherActivity} topActivity=ComponentInfo{com.sec.android.app.launcher/com.android.launcher3.uioverrides.QuickstepLauncher} origActivity=ComponentInfo{com.sec.android.app.launcher/com.sec.android.app.launcher.activities.LauncherActivity} realActivity=ComponentInfo{com.sec.android.app.launcher/com.android.launcher3.uioverrides.QuickstepLauncher} numActivities=1 lastActiveTime=710494260 supportsSplitScreenMultiWindow=true supportsMultiWindow=true resizeMode=2 isResizeable=true minWidth=-1 minHeight=-1 defaultMinSize=220 token=WCT{RemoteToken{1bca4dc Task{b9b4c89 #25 type=home A=10121:com.sec.android.app.launcher.activities.LauncherActivity U=0 rootTaskId=1 visible=true visibleRequested=true mode=fullscreen translucent=false sz=1}}} topActivityType=2 pictureInPictureParams=null shouldDockBigOverlays=false launchIntoPipHostTaskId=0 displayCutoutSafeInsets=null topActivityInfo=ActivityInfo{5b569e5 com.sec.android.app.launcher.activities.LauncherActivity} launchCookies=[] positionInParent=Point(0, 0) parentTaskId=-1 isFocused=true isVisible=true isSleeping=false topActivityInSizeCompat=false topActivityEligibleForLetterboxEducation= false locusId=LocusId[17_chars] displayAreaFeatureId=1 cameraCompatControlState=hidden originallySupportedSplitScreen=true hasWallpaper=true isTopTransparentActivity=true topActivityInFixedAspectRatio=false topActivityInDisplayCompat=false topActivityBounds=null}
07-26 17:23:46.227  1273  1699 I WindowManager:   allowEnterPip=true
07-26 17:23:46.227  1273  1699 I WindowManager:   windowType=-1  hasAnimatingParent=false  backgroundColor=0container=Task{ca68064 #10498 type=standard A=1000:com.sec.android.RilServiceModeApp U=0 visible=false visibleRequested=false mode=fullscreen translucent=true sz=1}
07-26 17:23:46.227  1273  1699 I WindowManager: Target:
07-26 17:23:46.227  1273  1699 I WindowManager:   mode=1 taskId=10498 isTranslucent=false clipRect=[0,0][0,0] contentInsets=[0,70][0,135] prefixOrderIndex=24 position=[0,0] sourceContainerBounds=[0,0][1080,2408] screenSpaceBounds=[0,0][1080,2408] localBounds=[0,0][1080,2408]
07-26 17:23:46.227  1273  1699 I WindowManager:   windowConfiguration={ mBounds=Rect(0, 0 - 1080, 2408) mAppBounds=Rect(0, 65 - 1080, 2273) mMaxBounds=Rect(0, 0 - 1080, 2408) mDisplayRotation=ROTATION_0 mWindowingMode=fullscreen mDisplayWindowingMode=fullscreen mActivityType=standard mAlwaysOnTop=undefined mRotation=ROTATION_0 mPopOver=undefined mStageConfig=undefined mFreeformTaskPinningState=unpinned mFreeformStashState=undefined}
07-26 17:23:46.227  1273  1699 I WindowManager:   leash=Surface(name=Surface(name=Task=10498)/@0x7a3f9ce - animation-leash of app_transition)/@0x766ac2f
07-26 17:23:46.227  1273  1699 I WindowManager:   taskInfo=TaskInfo{userId=0 taskId=10498 displayId=0 isRunning=false baseIntent=Intent { act=android.intent.action.MAIN flg=0x10000000 cmp=com.sec.android.RilServiceModeApp/.ServiceModeApp } baseActivity=null topActivity=null origActivity=null realActivity=ComponentInfo{com.sec.android.RilServiceModeApp/com.sec.android.RilServiceModeApp.ServiceModeApp} numActivities=0 lastActiveTime=710494256 supportsSplitScreenMultiWindow=false supportsMultiWindow=false resizeMode=0 isResizeable=false minWidth=-1 minHeight=-1 defaultMinSize=220 token=WCT{RemoteToken{ebbdc4b Task{ca68064 #10498 type=standard A=1000:com.sec.android.RilServiceModeApp U=0 visible=false visibleRequested=false mode=fullscreen translucent=true sz=1}}} topActivityType=1 pictureInPictureParams=null shouldDockBigOverlays=false launchIntoPipHostTaskId=0 displayCutoutSafeInsets=Rect(0, 65 - 0, 0) topActivityInfo=null launchCookies=[] positionInParent=Point(0, 0) parentTaskId=-1 isFocused=false isVisible=false isSleeping=false topActivityInSizeCompat=false topActivityEligibleForLetterboxEducation= false locusId=null displayAreaFeatureId=1 cameraCompatControlState=hidden originallySupportedSplitScreen=false hasWallpaper=false isTopTransparentActivity=false topActivityInFixedAspectRatio=false topActivityInDisplayCompat=false topActivityBounds=null}
07-26 17:23:46.227  1273  1699 I WindowManager:   allowEnterPip=true
07-26 17:23:46.227  1273  1699 I WindowManager:   windowType=-1  hasAnimatingParent=false  backgroundColor=0
07-26 17:23:46.227  2279  2342 D Bubbles : onLocusVisibilityChanged: LocusId[17_chars] visible=true
07-26 17:23:46.228  2760  3127 I LiveIconLoader: [Calendar] getLiveIcon - Date: 26
07-26 17:23:46.228  2760 20363 I LauncherAnimationRunner: onAnimationStart, appTargets : [Lcom.android.systemui.shared.system.RemoteAnimationTargetCompat;@e037c9f mStartAtFrontOfQueue : false
07-26 17:23:46.228  3830  4390 D KnoxHelper: getActivityList callingUserId: 0, target user: 0
07-26 17:23:46.229  2760  2760 I Launcher: getFirstMatch : no matching view
07-26 17:23:46.229  2760  2760 W AppTransitionAnimatorImpl: closing animation without icon
07-26 17:23:46.229  2760  2760 I AppTransitionAnimatorImpl: window bounds: Rect(0, 0 - 1080, 2408), target bounds: RectF(0.0, 0.0, 1080.0, 2408.0)
07-26 17:23:46.229  2760  2760 I AnimationResult: setAnimation : null
07-26 17:23:46.229  2760  2760 W AppTransitionAnimatorImpl: onAnimationStart - APP OUT
07-26 17:23:46.229  2760  3127 I AppIconSolution: load= live icon for com.samsung.android.calendar, from overlay = false
07-26 17:23:46.230  3830  4390 D KnoxHelper: getActivityList callingUserId: 0, target user: 0
07-26 17:23:46.232  1273  1694 I sysui_multi_action: [319,78,322,65,325,710494,757,761,758,9,759,2,806,com.sec.android.app.launcher,871,com.sec.android.app.launcher.activities.LauncherActivity,905,0,1320,8,1321,5]
07-26 17:23:46.232  1273  1694 I am_app_transition: [com.sec.android.app.launcher,com.sec.android.app.launcher.activities.LauncherActivity,WINDOWS_DRAWN(2),78,-1,-1,65,HOT(9),speed-profile(8)]
07-26 17:23:46.233  2760  3127 I LauncherActivityInfo: Load live icon for com.samsung.android.calendar
07-26 17:23:46.233  2760  3127 I LauncherActivityInfo: packageName: com.samsung.android.calendar, useThemeIcon: false, height: 385, width: 385, density: 640
07-26 17:23:46.233  3830  4390 D KnoxHelper: getActivityList callingUserId: 0, target user: 0
07-26 17:23:46.233  1273  1694 D [secipm]: mSecIpmManager report to nap
07-26 17:23:46.233  1273  1694 I PkgPredictorService-SecIpmManagerServiceImpl: reportToNAP uid:10121 com.sec.android.app.launcher/com.sec.android.app.launcher.activities.LauncherActivity thisTime:65
07-26 17:23:46.233  1273 14422 I dvm_lock_sample: [system_server,0,binder:1273_1F,25,ActivityClientController.java,147,void com.android.server.wm.ActivityClientController.activityIdle(android.os.IBinder, android.content.res.Configuration, boolean),WindowManagerService.java,3848,float com.android.server.wm.WindowManagerService.getCurrentAnimatorScale(),5]
07-26 17:23:46.233  1273 14422 I wm_idle_activity: [0,22076000,com.sec.android.app.launcher/.activities.LauncherActivity]
07-26 17:23:46.234  1273 14422 I power_partial_wake_state: [76,*launch*:android(disabled)]
07-26 17:23:46.235  1273  5105 V WindowManager: Relayout Window{b560bc7 u0 com.android.systemui.ImageWallpaper}: viewVisibility=0 req=2400x2400 d0
07-26 17:23:46.237  3830  4390 D KnoxHelper: getActivityList callingUserId: 0, target user: 0
07-26 17:23:46.237  1273  1699 D ActivityTaskManager: mStartingWindow and mStartingData is null for token=ActivityRecord{150da60 u0 com.sec.android.app.launcher/.activities.LauncherActivity} t25}
07-26 17:23:46.238  1273  5105 V WindowManager: Relayout hash=b560bc7, pid=2279, syncId=-1: mAttrs={(0,0)(2408x2408) gr=TOP START CENTER layoutInDisplayCutoutMode=always ty=WALLPAPER fmt=RGBX_8888 wanim=0x103031a
07-26 17:23:46.238  1273  5105 V WindowManager:   fl=14318
07-26 17:23:46.238  1273  5105 V WindowManager:   pfl=2000014
07-26 17:23:46.238  1273  5105 V WindowManager:   bhv=DEFAULT naviIconColor=0
07-26 17:23:46.238  1273  5105 V WindowManager:   sfl=8}
07-26 17:23:46.238  3830  4390 D KnoxHelper: getActivityList callingUserId: 0, target user: 0
07-26 17:23:46.239  2760  4474 I ViewRootImpl@7de0b0[LauncherActivity]: mWNT: t=0xb4000074447da400 mBlastBufferQueue=0xb40000743baedf00 fn= 2 caller= com.android.systemui.shared.launcher.ViewRootImplCompat.mergeWithNextTransaction:2 com.android.quickstep.util.SurfaceTransactionApplier.lambda$scheduleApply$0:2 com.android.quickstep.util.SurfaceTransactionApplier.b:0 
07-26 17:23:46.239  2760  4474 I ViewRootImpl@7de0b0[LauncherActivity]: mWNT: t=0xb4000074447e1000 mBlastBufferQueue=0xb40000743baedf00 fn= 2 caller= com.android.systemui.shared.launcher.ViewRootImplCompat.mergeWithNextTransaction:2 com.android.quickstep.util.SurfaceTransactionApplier.lambda$scheduleApply$0:2 com.android.quickstep.util.SurfaceTransactionApplier.b:0 
07-26 17:23:46.239  2760  4474 I ViewRootImpl@7de0b0[LauncherActivity]: mWNT: t=0xb4000074447e1200 mBlastBufferQueue=0xb40000743baedf00 fn= 2 caller= com.android.systemui.shared.launcher.ViewRootImplCompat.mergeWithNextTransaction:2 com.android.quickstep.util.SurfaceTransactionApplier.lambda$scheduleApply$0:2 com.android.quickstep.util.SurfaceTransactionApplier.b:0 
07-26 17:23:46.239  2279  2279 D BLASTBufferQueue: update, w= 2400 h= 2400 mNativeObject= 0xb4000073af0e7500 sc.mNativeObject= 0xb4000073aef0cb20 format= 2 caller= android.service.wallpaper.WallpaperService$Engine.getOrCreateBLASTSurface:2537 android.service.wallpaper.WallpaperService$Engine.updateSurface:1496 android.service.wallpaper.WallpaperService$Engine.reportVisibility:1871 android.service.wallpaper.WallpaperService$Engine.doVisibilityChanged:1841 android.service.wallpaper.WallpaperService$IWallpaperEngineWrapper.executeMessage:2798 com.android.internal.os.HandlerCaller$MyHandler.handleMessage:44 
07-26 17:23:46.240  3830  4390 D KnoxHelper: getActivityList callingUserId: 0, target user: 0
07-26 17:23:46.240  2279  2279 D WallpaperService: reportVisibility onVisibilityChanged visible: true
07-26 17:23:46.240  2279  2558 I ImageWallpaper[GLEngine]:  onVisibilityChanged true , 0
07-26 17:23:46.240  1273 14422 D WALLPAPER_SVC:WallpaperManagerService: getWallpaperSafeLocked, userId = 0, which = 1, caller = com.android.server.wallpaper.WallpaperManagerService.semGetWallpaperType:6677 
07-26 17:23:46.240  1273 14422 D WallpaperManagerService: which : 1, return type : 0 (called by userId= 0)
07-26 17:23:46.240  2279  2279 D NavigationBar: onSystemBarAttributesChanged() -  displayId:0, appearance:0, packageName: com.sec.android.app.launcher, navbarColorManagedByIme:false
07-26 17:23:46.241  3830  4390 D KnoxHelper: getActivityList callingUserId: 0, target user: 0
07-26 17:23:46.241  2279  2558 I ImageWallpaperRenderer: updateWallpaperOffset 0 lastCropOffset 0 wp Type , 0 , rotation == 0 Do not change Display offset 0
07-26 17:23:46.242  2279  2279 D SamsungLightBarControlHelper: updateNavigation(White button) isLightBar:false, hasLightBarNavigationBarFlag:false, packageName:com.sec.android.app.launcher, DirectReplying:false, NavBarColorManagerdByIme:false, ForceDarkForScrim:false, QsCustomizing:false, PanelHasWhiteBg:true
07-26 17:23:46.242  3830  4390 D KnoxHelper: getActivityList callingUserId: 0, target user: 0
07-26 17:23:46.243  3830  4390 D KnoxHelper: getActivityList callingUserId: 0, target user: 0
07-26 17:23:46.243  2760  3127 I LiveIconUtil: getLiveIcon was called in ClockPackage
07-26 17:23:46.244  3830  4390 D KnoxHelper: getActivityList callingUserId: 0, target user: 0
07-26 17:23:46.244  2760  3127 I LiveIconUtil: getLiveIcon res = com.sec.android.app.clockpackage
07-26 17:23:46.245  2760  3127 I LiveIconUtil: stdIconSize : 135 , targetIconSize : 163
07-26 17:23:46.245  2760  3127 I LiveIconUtil: mIconDpi : 640 , mTargetIconDpi : 450
07-26 17:23:46.245  3830  4390 D KnoxHelper: getActivityList callingUserId: 0, target user: 0
07-26 17:23:46.246  3830  4390 D KnoxHelper: getActivityList callingUserId: 0, target user: 0
07-26 17:23:46.246  3830  4390 D KnoxHelper: getActivityList callingUserId: 0, target user: 0
07-26 17:23:46.248  3830  4390 D KnoxHelper: getActivityList callingUserId: 0, target user: 0
07-26 17:23:46.249  3830  4390 D KnoxHelper: getActivityList callingUserId: 0, target user: 0
07-26 17:23:46.250  3830  4390 D KnoxHelper: getActivityList callingUserId: 0, target user: 0
07-26 17:23:46.252  3830  4390 D KnoxHelper: getActivityList callingUserId: 0, target user: 0
07-26 17:23:46.254  3830  4390 D KnoxHelper: getActivityList callingUserId: 0, target user: 0
07-26 17:23:46.256  1117  1117 I DisplayDevice: [Display 4630946312756012673 (internal, primary, \"\")] ActiveConfigToHWC, ID : 0
07-26 17:23:46.256  2760  4475 I ViewRootImpl@7de0b0[LauncherActivity]: mWNT: t=0xb4000074447e1500 mBlastBufferQueue=0xb40000743baedf00 fn= 3 caller= com.android.systemui.shared.launcher.ViewRootImplCompat.mergeWithNextTransaction:2 com.android.quickstep.util.SurfaceTransactionApplier.lambda$scheduleApply$0:2 com.android.quickstep.util.SurfaceTransactionApplier.b:0 
07-26 17:23:46.256  1117  1117 I LayerHistory: com.sec.android.app.launcher/com.sec.android.app.launcher.activities.LauncherActivity$_2760#266701 Max (can't resolve refresh rate)
07-26 17:23:46.256  3830  4390 D KnoxHelper: getActivityList callingUserId: 0, target user: 0
07-26 17:23:46.256  1117  1117 I LayerHistory: com.sec.android.RilServiceModeApp/com.sec.android.RilServiceModeApp.ServiceModeApp$_3940#266692 is infrequent
07-26 17:23:46.256  1117  1117 I SurfaceFlinger: Best - choose 120.00 Hz
07-26 17:23:46.258  2760 20363 I RecentModel: onTaskStackChangedBackground
07-26 17:23:46.258  1273 14422 D InputDispatcher: Focus entered window (0): c032e6c com.sec.android.app.launcher/com.sec.android.app.launcher.activities.LauncherActivity
07-26 17:23:46.259  3830  4390 D KnoxHelper: getActivityList callingUserId: 0, target user: 0
07-26 17:23:46.259  1273  2072 I input_focus: [Focus entering c032e6c com.sec.android.app.launcher/com.sec.android.app.launcher.activities.LauncherActivity (server),reason=Window became focusable. Previous reason: NOT_VISIBLE]
07-26 17:23:46.259  1051  1190 I SDM     : HWCDisplay::SubmitDisplayConfig: [DispConfigs] config 1 => 0, hs_mode 1 => 1
07-26 17:23:46.260  1051  1190 I SDM     : DisplayBase::SetActiveConfig: [DispConfigs] 1 => 0 or hs mode is changed if same config
07-26 17:23:46.260  1051  1190 I SDM     : HWDeviceDRM::SetDisplaySwitchMode: [DispConfigs] check hs_mode 1
07-26 17:23:46.260  1051  1190 I SDM     : HWDeviceDRM::SetDisplaySwitchMode: [DispConfigs] SetDisplayAttributes  mode_index 0
07-26 17:23:46.260  1051  1190 I SDM     : HWDeviceDRM::UpdateMixerAttributes: Mixer WxH 1080x2408-0 for Peripheral
07-26 17:23:46.260  2760  2760 I ViewRootImpl@7de0b0[LauncherActivity]: MSG_WINDOW_FOCUS_CHANGED 1 0
07-26 17:23:46.260  2760  2760 I BaseActivity: addActivityFlags, flags : 8
07-26 17:23:46.260  1051  1190 I SDM     : HWCDisplay::SubmitDisplayConfig: Active configuration changed to: 0
07-26 17:23:46.260  2760  2760 I InputMethodManager: startInputInner - mService.startInputOrWindowGainedFocus
07-26 17:23:46.261  4008  4397 I SemDvfsHyPerManager: acquire hyper - BaseTABoost/4008@17, type = 1090523139
07-26 17:23:46.261   984  1110 I HYPER-HAL: [RequestManager.cpp]acquire(): Acquired ID : 8102342  [4008 / 17]    HINT :      list : [TABoost / 1] 
07-26 17:23:46.262  3830  4390 D KnoxHelper: getActivityList callingUserId: 0, target user: 0
07-26 17:23:46.262  1273  5105 V InputMethodManagerService: Unspecified window will hide input
07-26 17:23:46.262  1273  5105 V InputMethodManagerService: hideCurrentInputLocked : canceled, shouldHideSoftInput=false, mInputShown=false, mImeWindowVis=0
07-26 17:23:46.262  1273  5105 I InputMethodBindingController: setCurrentMethodNotVisible: mVisibleBound=false, mHasConnection=true, caller = com.android.server.inputmethod.InputMethodManagerService.hideCurrentInputLocked:4320 com.android.server.inputmethod.InputMethodManagerService.startInputOrWindowGainedFocusInternalLocked:4626 com.android.server.inputmethod.InputMethodManagerService.startInputOrWindowGainedFocusInternal:4404 com.android.server.inputmethod.InputMethodManagerService.startInputOrWindowGainedFocus:4343 com.android.internal.view.IInputMethodManager$Stub.onTransact:509 com.android.server.inputmethod.InputMethodManagerService.onTransact:2275 android.os.Binder.execTransactInternal:1316 android.os.Binder.execTransact:1280 <bottom of call stack> <bottom of call stack> 
07-26 17:23:46.262  1273  5105 D InputMethodManagerService: mDesktopModeManager null!
07-26 17:23:46.262  1273  5105 V InputMethodManagerService: getDisplayIdOfInputMethodWindowToBeAdded: displayId=0
07-26 17:23:46.263  1273  5105 D InputMethodManagerService: isImeSwitcherDisabledPackage : false
07-26 17:23:46.263  1273  5105 D InputMethodManagerService: shouldShowImeSwitcherLocked : checking vis : 3
07-26 17:23:46.263  3830  4390 D KnoxHelper: getActivityList callingUserId: 0, target user: 0
07-26 17:23:46.264  1273  5105 D InputMethodManagerService: checkDisplayOfStartInputAndUpdateKeyboard: displayId=0, mFocusedDisplayId=0
07-26 17:23:46.264  1273  5105 D InputTransport: Input channel constructed: 'ClientS', fd=587
07-26 17:23:46.264  3830  4390 D KnoxHelper: getActivityList callingUserId: 0, target user: 0
07-26 17:23:46.265  1273  5105 D InputTransport: Input channel destroyed: 'ClientS', fd=587
07-26 17:23:46.265  7647  7647 I HBD     : HoneyBoardService onFinishInput 
07-26 17:23:46.265  1273  5105 D RestrictionPolicy: isScreenCaptureEnabled : ret=true userId=0
07-26 17:23:46.266  7647  7647 I HBD     : a IC have been unbinding,  RemoteInputConnection{idHash=#88592f8}
07-26 17:23:46.266  7647  7647 I HBD     : HoneyBoardService [PF_CL][onFinishInput]  1 ms 
07-26 17:23:46.266  7647  7647 I HBD     : HoneyBoardService [IMI] onStartInput - caller pid : 2760 , caller uid : 10121 
07-26 17:23:46.266  7647  7647 I HBD     : j updateConfigs 
07-26 17:23:46.266  7647  7647 I HBD     : j isEnabledNightMode : false 
07-26 17:23:46.266  7647  7647 I HBD     : a IC have been binding, RemoteInputConnection{idHash=#dfe8e36} 
07-26 17:23:46.266  1273  5105 I WindowManager: Cancelling animation restarting=true, leash=Surface(name=Surface(name=9217c02 InputMethod)/@0x4752750 - animation-leash of insets_animation)/@0xb7da0e1
07-26 17:23:46.266  7647  7647 I HBD     : h [EditorInputType]setPrivateImeOptionsToTable privateImeOptions ( null )
07-26 17:23:46.266  1273  5105 I WindowManager: Reparenting to original parent: Surface(name=WindowToken{8f56e6e type=2011 android.os.Binder@e7584b3})/@0xfbc4d49, destroy=false, surface=Surface(name=9217c02 InputMethod)/@0x4752750
07-26 17:23:46.266  7647  7647 I HBD     : b incognitoMode : false 
07-26 17:23:46.266  7647  7647 I HBD     : a needOff = true , isForceOff = false, isNullInputClass : true 
07-26 17:23:46.266  1117  1117 D SurfaceFlinger: Display 4630946312756012673 HWC layers:
07-26 17:23:46.266  1117  1117 D SurfaceFlinger:      CLIENT | 0xb400006f90621a80 | 0100 | RGBx_8888    |  711.0  109.0 1689.0 2291.0 |    0    0 1080 2408 | Wallpaper BBQ wrapper#77
07-26 17:23:46.266  1117  1117 D SurfaceFlinger:      CLIENT | 0xb400006f906214d0 | 0100 | RGBA_8888    |    0.0    0.0 1080.0 2408.0 |    0    0 1080 2408 | com.sec.android.app.launcher/com.sec[...]vities.LauncherActivity$_2760#266701
07-26 17:23:46.266  1117  1117 D SurfaceFlinger:      CLIENT | 0xb400006f82e48210 | 0102 | RGBA_8888    |    0.0    0.0 1080.0 2408.0 |    0    0 1080 2408 | com.sec.android.RilServiceModeApp/co[...]eModeApp.ServiceModeApp$_3940#266692
07-26 17:23:46.266  1117  1117 D SurfaceFlinger:      CLIENT | 0xb400006f90621310 | 0100 | RGBA_8888    |    0.0    0.0 1080.0   70.0 |    0    0 1080   70 | StatusBar$_2279#85
07-26 17:23:46.266  1117  1117 D SurfaceFlinger:      CLIENT | 0xb400006f90621540 | 0100 | RGBA_8888    |    0.0    0.0 1080.0  135.0 |    0 2273 1080 2408 | NavigationBar0$_2279#78
