10-09 18:25:04.970  1277  2787 V WindowManager: Relayout hash=cbdf294, pid=19978, syncId=-1: mAttrs={(0,0)(522x67) gr=BOTTOM CENTER sim={adjust=pan} layoutInDisplayCutoutMode=shortEdges ty=NAVIGATION_BAR_PANEL fmt=TRANSLUCENT
10-09 18:25:04.970  1277  2787 V WindowManager:   fl=1800308
10-09 18:25:04.970  1277  2787 V WindowManager:   pfl=12000000
10-09 18:25:04.970  1277  2787 V WindowManager:   bhv=DEFAULT
10-09 18:25:04.970  1277  2787 V WindowManager:   fitTypes=NAVIGATION_BARS
10-09 18:25:04.970  1277  2787 V WindowManager:   fitSides=LEFT RIGHT naviIconColor=0}
10-09 18:25:04.973 19978 19978 I ViewRootImpl@b259530[HintService]: Relayout returned: old=(279,2341,801,2408) new=(279,2341,801,2408) req=(522,67)8 dur=3 res=0x2 s={false 0x0} ch=true seqId=0
10-09 18:25:04.980 11268 11268 D nativeloader: Configuring classloader-namespace-shared for other apk /system/framework/knoxsdk.jar. target_sdk_version=33, uses_libraries=ALL, library_path=/system/priv-app/Telecom/lib/arm64:/system/priv-app/Telecom/Telecom.apk!/lib/arm64-v8a:/system/lib64:/system/system_ext/lib64, permitted_path=/data:/mnt/expand:/data/user_de/0/com.android.server.telecom:/system/priv-app/Telecom:/system/lib64:/system/system_ext/lib64
10-09 18:25:04.980 11268 11268 D nativeloader: Extending system_exposed_libraries: libPortraitDistortionCorrection.arcsoft.so:libPortraitDistortionCorrectionCali.arcsoft.so:libface_landmark.arcsoft.so:liblow_light_hdr.arcsoft.so:libhigh_dynamic_range.arcsoft.so:libFacialAttributeDetection.arcsoft.so:libBeauty_v4.camera.samsung.so:libexifa.camera.samsung.so:libjpega.camera.samsung.so:libOpenCv.camera.samsung.so:libImageScreener.camera.samsung.so:libMyFilter.camera.samsung.so:libtensorflowLite.myfilter.camera.samsung.so:libtensorflowlite_inference_api.myfilter.camera.samsung.so:libUltraWideDistortionCorrection.camera.samsung.so:libHpr_RecGAE_cvFeature_v1.0.camera.samsung.so:libHprFace_GAE_api.camera.samsung.so:libFace_Landmark_API.camera.samsung.so:libHprFace_GAE_jni.camera.samsung.so:libFacialBasedSelfieCorrection.camera.samsung.so:libcolor_engine.camera.samsung.so:libDLInterface_aidl.camera.samsung.so:libImageTagger.camera.samsung.so:libSceneDetector_v1.camera.samsung.so:libQREngine.camera.samsung.so:libEventDetector.camera.samsung.so:libFood.camera.sams
10-09 18:25:04.982  1139  1139 I Layer   : id=236100 removedFromDrawingState com.samsung.android.spay.pay.HintService$_19978#236100 (115)
10-09 18:25:04.983  1139  1139 I SurfaceFlinger: id=236100 Removed com.samsung.android.spay.pay.HintService$_19978#236100 (115)
10-09 18:25:04.985  1139  1139 I Layer   : id=236100 Destroyed com.samsung.android.spay.pay.HintService$_19978#236100
10-09 18:25:04.987  2676 32547 I RecentModel: onTaskStackChangedBackground
10-09 18:25:04.989  3989  4759 I SemDvfsHyPerManager: acquire hyper - BaseTABoost/3989@17, type = 1090523139
10-09 18:25:04.990   981  1084 I HYPER-HAL: [RequestManager.cpp]acquire(): Acquired ID : 8026038  [3989 / 17]    HINT :      list : [TABoost / 1] 
10-09 18:25:04.991  1139  1139 D SurfaceFlinger: Display 4630946312756012673 HWC layers:
10-09 18:25:04.991  1139  1139 D SurfaceFlinger:      DEVICE | 0xb40000756f620420 | 0100 | RGBx_8888    |  662.0    0.0 1738.0 2400.0 |    0    0 1080 2408 | Wallpaper BBQ wrapper#92
10-09 18:25:04.991  1139  1139 D SurfaceFlinger:      DEVICE | 0xb40000756f625660 | 0100 | RGBA_8888    |    0.0    0.0 1080.0 2408.0 |    0    0 1080 2408 | com.sec.android.app.launcher/com.sec[...]vities.LauncherActivity$_2676#236097
10-09 18:25:04.991  1139  1139 D SurfaceFlinger:      CLIENT | 0xb40000756f622e90 | 0100 | RGBA_8888    |    0.0    0.0 1080.0   70.0 |    0    0 1080   70 | StatusBar$_2263#85
10-09 18:25:04.991  1139  1139 D SurfaceFlinger:      CLIENT | 0xb400007580221700 | 0100 | RGBA_8888    |    0.0    0.0 1080.0  135.0 |    0 2273 1080 2408 | NavigationBar0$_2263#77
10-09 18:25:04.991  1139  1139 D SurfaceFlinger: 
10-09 18:25:05.000  1277  1689 D LocalDisplayAdapter: updateActiveModeLocked for d=4630946312756012673, mActiveModeId=2, mActiveSfDisplayMode=DisplayMode{id=1, width=1080, height=2408, xDpi=403.411, yDpi=402.389, refreshRate=60.000004, appVsyncOffsetNanos=1000000, presentationDeadlineNanos=16666666, group=1080}
10-09 18:25:05.001  1277  1689 I DisplayDeviceRepository: Display device changed: DisplayDeviceInfo{\"Built-in Screen\": uniqueId=\"local:4630946312756012673\", 1080 x 2408, modeId 2, defaultModeId 1, supportedModes [{id=1, width=1080, height=2408, fps=120.00001, alternativeRefreshRates=[60.000004]}, {id=2, width=1080, height=2408, fps=60.000004, alternativeRefreshRates=[120.00001]}], colorMode 0, supportedColorModes [0], hdrCapabilities HdrCapabilities{mSupportedHdrTypes=[], mMaxLuminance=500.0, mMaxAverageLuminance=500.0, mMinLuminance=0.0}, allmSupported false, gameContentTypeSupported false, density 450, 403.411 x 402.389 dpi, appVsyncOff 1000000, presDeadline 16666666, cutout DisplayCutout{insets=Rect(0, 65 - 0, 0) waterfall=Insets{left=0, top=0, right=0, bottom=0} boundingRect={Bounds=[Rect(0, 0 - 0, 0), Rect(454, 0 - 626, 65), Rect(0, 0 - 0, 0), Rect(0, 0 - 0, 0)]} cutoutPathParserInfo={CutoutPathParserInfo{displayWidth=1080 displayHeight=2408 physicalDisplayWidth=1080 physicalDisplayHeight=2408 density={2.8125} cutoutSpec={M 0,0 H -30.57777777777778 V 23.11111111111111 H 30.57777777777778 V 0 H 0 Z @dp} rotation={0} scale={1.0} physicalPixelDisplaySizeRatio={1.0}}}}, touch INTERNAL, rotation 0, type INTERNAL, address {port=129, model=0x40446d22b9ba26}, deviceProductInfo DeviceProductInfo{name=, manufacturerPnpId=QCM, productId=1, modelYear=null, manufactureDate=ManufactureDate{week=27, year=2006}, connectionToSinkType=0}, state ON, frameRateOverride , brightnessMinimum 0.0, brightnessMaximum 1.0, brightnessDefault 0.5019608, roundedCorners RoundedCorners{[RoundedCorner{position=TopLeft, radius=90, center=Point(90, 90)}, RoundedCorner{position=TopRight, radius=90, center=Point(990, 90)}, RoundedCorner{position=BottomRight, radius=90, center=Point(990, 2318)}, RoundedCorner{position=BottomLeft, radius=90, center=Point(90, 2318)}]}, FLAG_ALLOWED_TO_BE_DEFAULT_DISPLAY, FLAG_ROTATES_WITH_CONTENT, FLAG_SECURE, FLAG_SUPPORTS_PROTECTED_BUFFERS, installOrientation 0}
10-09 18:25:05.004  1277  3168 D LiftUpHandler: [LTW] Stopped already.
10-09 18:25:05.004  1277  1277 D SGM:GameManager: onDisplayChanged. displyId: 0, state: 2
10-09 18:25:05.005  2263  2263 D DisplayLifecycle: updateDisplay id = 0
10-09 18:25:05.005  1277  1277 D AODManagerService: requestReCalToTSP IsSingleTouchMode = false / previousDisplayState = ON
10-09 18:25:05.005  1277  2077 D SGM:FgCheckThread: onLooperPrepared(), msg: MSG_LCD_ON
10-09 18:25:05.007  1277  1689 D DisplayModeDirector: onBrightnessChangedLocked, brightness=128, lux=-1.0
10-09 18:25:05.007  1277  1689 D DisplayModeDirector: setPassiveMode=false, brightness=128, lux=-1.0, mRequestedPassive=false
10-09 18:25:05.009 11268 11268 D nativeloader: Configuring classloader-namespace-shared for other apk /system/priv-app/Telecom/Telecom.apk. target_sdk_version=33, uses_libraries=, library_path=/system/priv-app/Telecom/lib/arm64:/system/priv-app/Telecom/Telecom.apk!/lib/arm64-v8a:/system/lib64:/system/system_ext/lib64, permitted_path=/data:/mnt/expand:/data/user_de/0/com.android.server.telecom:/system/priv-app/Telecom:/system/lib64:/system/system_ext/lib64
10-09 18:25:05.009  2233  2233 D DCT-C-0 : Screen INTERNAL on
10-09 18:25:05.018  2676  2696 W System  : A resource failed to call release. 
10-09 18:25:05.018  2676  2696 W System  : A resource failed to call release. 
10-09 18:25:05.018  2676  2696 W System  : A resource failed to call release. 
10-09 18:25:05.018  1139  1199 I SurfaceFlinger: id=236102 Removed Surface(name=Task=1)/@0xf08c487 - animation-leash of app_transition#236102 (114)
10-09 18:25:05.018  1139  1200 I SurfaceFlinger: id=236103 Removed Surface(name=WallpaperWindowToken{e34b013 token=android.os.Binder@c9d8f02})/@0x72f9b8d - animation-leash of window_animation#236103 (114)
10-09 18:25:05.018  1139  1821 I SurfaceFlinger: id=236101 Removed Surface(name=Task=16483)/@0x9c778b0 - animation-leash of app_transition#236101 (114)
10-09 18:25:05.029 11268 11268 V GraphicsEnvironment: ANGLE Developer option for 'com.android.server.telecom' set to: 'default'
10-09 18:25:05.030 11268 11268 V GraphicsEnvironment: ANGLE GameManagerService for com.android.server.telecom: false
10-09 18:25:05.030 11268 11268 V GraphicsEnvironment: Neither updatable production driver nor prerelease driver is supported.
10-09 18:25:05.032 11268 11268 D NetworkSecurityConfig: No Network Security Config specified, using platform default
10-09 18:25:05.033  1139  1139 I Layer   : id=236101 Destroyed Surface(name=Task=16483)/@0x9c778b0 - animation-leash of app_transition#236101
10-09 18:25:05.033  1139  1139 I Layer   : id=236102 Destroyed Surface(name=Task=1)/@0xf08c487 - animation-leash of app_transition#236102
10-09 18:25:05.033  1139  1139 I Layer   : id=236103 Destroyed Surface(name=WallpaperWindowToken{e34b013 token=android.os.Binder@c9d8f02})/@0x72f9b8d - animation-leash of window_animation#236103
10-09 18:25:05.034 11268 11268 D NetworkSecurityConfig: No Network Security Config specified, using platform default
10-09 18:25:05.040 11268 11268 I Telecom:Telecom_Timing: TelecomApp onCreate for GANG-ext
10-09 18:25:05.041 11268 11268 I Telecom:SamsungRxErrorHandler: initRxErrorHandler
10-09 18:25:05.047 11268 11290 D OpenGLRenderer: RenderThread::requireGlContext()
10-09 18:25:05.048 11268 11290 I AdrenoGLES-0: QUALCOMM build                   : 8699000cd8, I1027f1d7d9
10-09 18:25:05.048 11268 11290 I AdrenoGLES-0: Build Date                       : 04/08/22
10-09 18:25:05.048 11268 11290 I AdrenoGLES-0: OpenGL ES Shader Compiler Version: EV031.35.01.12
10-09 18:25:05.048 11268 11290 I AdrenoGLES-0: Local Branch                     : 
10-09 18:25:05.048 11268 11290 I AdrenoGLES-0: Remote Branch                    : 
10-09 18:25:05.048 11268 11290 I AdrenoGLES-0: Remote Branch                    : 
10-09 18:25:05.048 11268 11290 I AdrenoGLES-0: Reconstruct Branch               : 
10-09 18:25:05.048 11268 11290 I AdrenoGLES-0: Build Config                     : S P 10.0.7 AArch64
10-09 18:25:05.048 11268 11290 I AdrenoGLES-0: Driver Path                      : /vendor/lib64/egl/libGLESv2_adreno.so
10-09 18:25:05.052 11268 11290 I AdrenoGLES-0: PFP: 0x016ee201, ME: 0x00000000
10-09 18:25:05.053  1277  7309 I GenerationRegistry: mBackingStore.isClosed() : false
10-09 18:25:05.055   600   600 I hwservicemanager: getTransport: Cannot find entry vendor.qti.qspmhal@1.0::IQspmhal/default in either framework or device VINTF manifest.
10-09 18:25:05.055 11268 11290 W Adreno-AppProfiles: Could not find QSPM HAL service. Skipping adreno profile processing.
10-09 18:25:05.061 11268 11290 D OpenGLRenderer: RenderThread::setGrContext()
10-09 18:25:05.062 11268 11268 D SemCarrierFeature: update default carrier features
10-09 18:25:05.063 11268 11268 D FeatureUtil: filePath /optics/configs/carriers/DSG/conf/system/customer_carrier_feature.json carrierGroup DSG canonicalId -1
10-09 18:25:05.063 11268 11268 D FeatureUtil: filePath /omr/carrier/0/customer_carrier_feature.json carrierGroup DSG canonicalId -1
10-09 18:25:05.064 11268 11268 D SemCarrierFeature: update carrier features : 0/31164
10-09 18:25:05.064 11268 11268 D FeatureUtil: filePath /optics/configs/carriers/DSG/conf/system/customer_carrier_feature.json carrierGroup DSG canonicalId 31164
10-09 18:25:05.064 11268 11268 D FeatureUtil: filePath /omr/carrier/0/customer_carrier_feature.json carrierGroup DSG canonicalId 31164
10-09 18:25:05.068 11268 11268 I Telecom:SamsungImsManagerInjector: connectService, simSlotCount : 1
10-09 18:25:05.068 11268 11268 I Telecom:SamsungImsManagerInjector: [getImsManager_0 : null] [ getImsManager_1 : null]
10-09 18:25:05.069 11268 11268 D semImsManager[0]: Register Receiver for Restart
10-09 18:25:05.070  1277  1299 D CompatibilityChangeReporter: Compat change id reported: 161145287; UID 1000; state: DISABLED
10-09 18:25:05.072 11268 11268 I Telecom:SamsungImsManagerInjector: onConnected SemImsManager, phoneId : 0
10-09 18:25:05.072 11268 11268 I Telecom:SamsungImsManagerInjector: getImsManager created SemImsManager [0]
10-09 18:25:05.072 11268 11268 I Telecom:SamsungImsManagerInjector: [getSecImsManager_0 : null] [ getSecImsManager_1 : null]
10-09 18:25:05.074 11268 11268 D legacyImsManager[0]: Register Receiver for Restart
10-09 18:25:05.077 11268 11268 D legacyImsManager: registerPreviousListeners:  mRegListeners:0 mDialogListeners:0 mVideoListeners:0 mImSessionListeners:0 mOngoingFtEventListeners:0 mAutoConfigurationListener:0 mSimMobilityStatusListeners:0 mEpdgListeners:0 mCmcRegListeners:0
10-09 18:25:05.077 11268 11268 I Telecom:SamsungImsManagerInjector: onConnected SecImsManager, phoneId : 0
10-09 18:25:05.077 11268 11268 I Telecom:SamsungImsManagerInjector: getImsManager created SecImsManager [0]
10-09 18:25:05.079 11268 11268 I TelecomFramework: UserCallActivity: getIntentCallingPackage - launchedFromPackage : com.android.shell, callingPackage : null: UCA.oC@AAA
10-09 18:25:05.079 11268 11268 I Telecom:SamsungUserCallIntentProcessor: processIntent - action : android.intent.action.CALL / callingPackageName : com.android.shell / canCallNonEmergency : true / isLocalInvocation : false
10-09 18:25:05.082 11268 11268 D CmcSettingManager: init : CmcSettingManager version : 1.4.1
10-09 18:25:05.082 11268 11268 D CmcSettingManager: context : com.android.server.telecom.components.UserCallActivity@f707e01
10-09 18:25:05.082 11268 11268 D CmcSettingManager: cur version : 5.0.00.27
10-09 18:25:05.082 11268 11268 D CmcSettingManager: getOwnDeviceType
10-09 18:25:05.083 11268 11268 D CmcSettingManager: own device type - db : pd
10-09 18:25:05.083 11268 11268 D CmcSettingManager: deInit
10-09 18:25:05.083 13058 13058 E STFService: run1: 3.2.3
10-09 18:25:05.083 11268 11268 D CmcSettingManager: unregisterListener : all
10-09 18:25:05.083 11268 11268 D CmcSettingManager: context : com.android.server.telecom.components.UserCallActivity@f707e01
10-09 18:25:05.083 13058 13058 E STFService: getNetworkProperties: Location fine denied
10-09 18:25:05.084 11268 11268 I Telecom:SamsungUserCallIntentProcessor: processOutgoingCallIntentManagedProfile - isManagedProfile : false / shouldProcessAsEmergency : false / isCmcEmergencyNumber : false / baseUserRestriction : false / userRestriction : false
10-09 18:25:05.084  1277  2459 D MdnieScenarioControlService:  packageName : com.android.server.telecom    className : com.android.server.telecom.components.UserCallActivity
10-09 18:25:05.084 11268 11268 D CmcSettingManager: init : CmcSettingManager version : 1.4.1
10-09 18:25:05.084 11268 11268 D CmcSettingManager: context : com.android.server.telecom.components.UserCallActivity@f707e01
10-09 18:25:05.084 11268 11268 D CmcSettingManager: cur version : 5.0.00.27
10-09 18:25:05.084 11268 11268 D CmcSettingManager: getOwnDeviceType
10-09 18:25:05.084 11268 11268 D CmcSettingManager: own device type - db : pd
10-09 18:25:05.084 11268 11268 D CmcSettingManager: deInit
10-09 18:25:05.084 11268 11268 D CmcSettingManager: unregisterListener : all
10-09 18:25:05.084 11268 11268 D CmcSettingManager: context : com.android.server.telecom.components.UserCallActivity@f707e01
10-09 18:25:05.085 11268 11268 I Telecom:SamsungUserCallIntentProcessor: processOutgoingCallIntent - uriString : 35******02
10-09 18:25:05.085 11268 11268 I Telecom:SamsungTelecomWakeLock: acquirePartialWakeLockShortly - timeout : 1000 / tag : SamsungUserCallIntentProcessor
10-09 18:25:05.085  1277  2459 V MdnieScenarioControlService: setUIMode from UI function(3)
10-09 18:25:05.086 11268 11268 I TelecomFramework: UserCallIntentProcessor: sendIntentToDestination: trampoline to Telecom.: UCA.oC@AAA
10-09 18:25:05.088  1277  2636 I Telecom:SamsungTelecomServiceImpl: handleCallIntent - intent : Intent { act=android.intent.action.CALL dat=tel:xxxxxxxxxx flg=0x10000000 cmp=com.android.server.telecom/.components.UserCallActivity (has extras) } / callingPid : 11268 / processName : sts
10-09 18:25:05.088  1277  2636 I Telecom : : handleCallIntent: handling call intent: TSI.hCI@8ug
10-09 18:25:05.088  1277  2636 I Telecom:SamsungCallIntentProcessor: processOutgoingCallIntent - PhoneAccountHandleId : null
10-09 18:25:05.088  1277  2636 I Telecom:SamsungCallIntentProcessor: processOutgoingCallIntent - initiatingUser : UserHandle{0}
10-09 18:25:05.088  1277  2636 I Telecom:SamsungCallIntentProcessor: Before number : 35******02
10-09 18:25:05.088  1277  2636 I Telecom:SamsungCallIntentProcessor: After number : 35******02
10-09 18:25:05.089  1277  2636 E Telecom:SamsungCallIntentProcessor: fixInitiatingUserIfNecessary - Attempt to invoke virtual method 'android.os.UserHandle android.content.pm.UserInfo.getUserHandle()' on a null object reference
10-09 18:25:05.089  1277  2636 I Telecom:SamsungCallIntentProcessor: fixInitiatingUserIfNecessary - initiatingUser : UserHandle{0} / isManagedProfile : false / dialerInstalledCount : 1 / parentUserHandle : UserHandle{-10000}
10-09 18:25:05.089  1277  2636 I Telecom:SamsungDefaultDialerCache: callingPackage : com.android.shell
10-09 18:25:05.090  1277  2636 I Telecom:SamsungDefaultDialerCache: isDefaultPrivilegedDialerPackage : false
10-09 18:25:05.090  1277  2636 I Telecom:SamsungNewOutgoingCallIntentBroadcaster: isOutgoingGroupCall : false
10-09 18:25:05.090  1277  2636 D CmcSettingManager: init : CmcSettingManager version : 1.4.1
10-09 18:25:05.090  1277  2636 D CmcSettingManager: context : com.android.server.telecom.components.TelecomService@ce191b8
10-09 18:25:05.091  1277  2636 D CmcSettingManager: cur version : 5.0.00.27
10-09 18:25:05.091  1277  2636 D CmcSettingManager: getOwnDeviceType
10-09 18:25:05.091  1277  2636 D CmcSettingManager: own device type - db : pd
10-09 18:25:05.091  1277  2636 D CmcSettingManager: deInit
10-09 18:25:05.091  1277  2636 D CmcSettingManager: unregisterListener : all
10-09 18:25:05.091  1277  2636 D CmcSettingManager: context : com.android.server.telecom.components.TelecomService@ce191b8
10-09 18:25:05.091  1277  2636 I Telecom : SamsungNewOutgoingCallIntentBroadcaster: hasFeatureForCallImmediately :false: TSI.hCI@8ug
10-09 18:25:05.091  1277  2636 I Telecom:NewOutgoingCallIntentBroadcaster: isSpecialNumberForCallImmediately = false
10-09 18:25:05.093  1277  2636 I Telecom:SamsungCall: startCallerInfoLookup : ***
10-09 18:25:05.093  1277  1277 I Telecom:SamsungCallerInfoAsyncQueryFactory: CallerInfoAsyncQuery.startQuery number =35******02 cookie= TSI.hCI->CILH.sL->CILH.sL@8ug
10-09 18:25:05.093  1277  1277 I Telecom:SamsungCallerInfoQueryCompleteListener: SamsungCallerInfoQueryCompleteListener - create
10-09 18:25:05.095  1277  2636 I Telecom : Event: RecordEntry TC@261: CALL_HANDLE, tel:35******02, Allowed, 35******02, null: TSI.hCI@8ug
10-09 18:25:05.095  1277  2636 I Telecom:SamsungPhoneAccountInfo: setTargetPhoneAccount : null
10-09 18:25:05.095  1277  2636 I Telecom:SamsungRestrictionPolicyHelper: canShowCallerIdIncomingCall, call is not incoming
10-09 18:25:05.095  1277  2636 I Telecom : TelecomAnalytics: Starting analytics for call TC@261: TSI.hCI@8ug
10-09 18:25:05.095  1277  2636 I Telecom : Event: RecordEntry TC@261: CREATED, com.android.shell;requestedAcct:none, selfMgd:false, OUTGOING, false: TSI.hCI@8ug
10-09 18:25:05.095  1277  2636 I Telecom:SamsungCallNotifier: setIsSelfManaged : false
10-09 18:25:05.095  1277  2636 I Telecom : Event: RecordEntry TC@261: START_OUTGOING_CALL, intentSchemes=tel:35******02, callSchemes=tel:35******02, initiatingAccountHandle=null, requestedAccountHandle=null, initiatingVideoState=Audio Only, videoState=Audio Only, initiatingUser=UserHandle{0}, isReusedCall=false: TSI.hCI@8ug
10-09 18:25:05.095  1277  2636 I Telecom : CallerInfoLookupHelper: There is a previously incomplete query for handle tel:**********. Adding to listeners for this query.: TSI.hCI@8ug
10-09 18:25:05.096  1277  1299 I power_partial_wake_state: [39,UserCallActivity:com.android.server.telecom(disabled)]
10-09 18:25:05.096 11268 11268 I TelecomFramework: UserCallActivity: onCreate done
10-09 18:25:05.097  1277  5959 I wm_finish_activity: [0,245192638,16484,com.android.server.telecom/.components.UserCallActivity,app-request]
10-09 18:25:05.097  1277  5959 I wm_task_moved: [1,1,7]
10-09 18:25:05.098  1277  5959 V WindowManager: Changing focus from null to Window{33c21b7 u0 com.sec.android.app.launcher/com.sec.android.app.launcher.activities.LauncherActivity} displayId=0 Callers=com.android.server.wm.RootWindowContainer.updateFocusedWindowLocked:585 com.android.server.wm.WindowManagerService.updateFocusedWindowLocked:6715 com.android.server.wm.DisplayContent.layoutAndAssignWindowLayersIfNeeded:4726 com.android.server.wm.TaskDisplayArea.positionChildTaskAt:587 
10-09 18:25:05.098  2233  2364 D GsmCdmaPhone: [0] getVoiceMailNumber - number: length 12, source: SIM
10-09 18:25:05.098  1277  5959 D StatusBarManagerService: notifyRequestedSystemKey recent=false home=false
10-09 18:25:05.099  1277  5959 I wm_task_moved: [7846,1,2147483647]
10-09 18:25:05.099  1277  5959 I wm_task_to_front: [0,7846]
10-09 18:25:05.099  1277  5959 I wm_focused_root_task: [0,0,1,-1,finish-top adjustFocusToNextFocusableTask]
10-09 18:25:05.099  1277  5959 W WindowManager: Prepare app transition: mNextAppTransitionRequests=[TRANSIT_OPEN, TRANSIT_OPEN, TRANSIT_CLOSE], mNextAppTransitionFlags=, displayId: 0 Callers=com.android.server.wm.DisplayContent.prepareAppTransition:6376 com.android.server.wm.DisplayContent.prepareAppTransition:6367 com.android.server.wm.ActivityRecord.finishIfPossible:4103 com.android.server.wm.ActivityClientController.finishActivity:522 android.app.IActivityClientController$Stub.onTransact:711 
10-09 18:25:05.099  1277  5959 I wm_pause_activity: [0,245192638,com.android.server.telecom/.components.UserCallActivity,userLeaving=false,finish]
10-09 18:25:05.102 11268 11268 I wm_on_create_called: [245192638,com.android.server.telecom.components.UserCallActivity,performCreate]
10-09 18:25:05.102  1277  1690 I input_focus: [Focus request 33c21b7 com.sec.android.app.launcher/com.sec.android.app.launcher.activities.LauncherActivity,reason=UpdateInputWindows]
10-09 18:25:05.103  2676  2676 I TopTaskTracker: onTaskMovedToFront : taskId = 7846
10-09 18:25:05.105  1277  1689 I sysui_multi_action: [757,1144,758,7,806,com.android.server.telecom,871,com.android.server.telecom.components.UserCallActivity]
10-09 18:25:05.106  1277  1277 I Telecom:SamsungPhoneAccountHandleRegistrar: constructPossiblePhoneAccounts - accounts : [ComponentInfo{com.android.phone/com.android.services.telephony.TelephonyConnectionService}, 1, UserHandle{0}] / handle : tel:********** / isVideo : false / initiatingUser : UserHandle{0}
10-09 18:25:05.106 11268 11268 I DecorView: [INFO] isPopOver=false config=true
10-09 18:25:05.106 11268 11268 I DecorView: updateCaptionType: isFloating=true isApplication=true hasWindowDecorCaption=false this=DecorView@d380283[]
10-09 18:25:05.106 11268 11268 D DecorView: setCaptionType = 0, this = DecorView@d380283[]
10-09 18:25:05.106  1277  1277 I Telecom : CallsManager: call outgoing call suggestion service stage: TSI.hCI->CM.fOCP->CM.cOCSS@8ug
10-09 18:25:05.106  1277  8100 I ActivityManager: Changes in 10044 19 to 5, 0 to 8
10-09 18:25:05.107  1277  1277 I Telecom : CallsManager: set outgoing call phone acct; potentialAccts=[ComponentInfo{com.android.phone/com.android.services.telephony.TelephonyConnectionService}, 1, UserHandle{0}]: TSI.hCI->CM.fOCP->CM.sOCPA@8ug
10-09 18:25:05.107  1277  1277 I Telecom:SamsungPhoneAccountInfo: setTargetPhoneAccount : ComponentInfo{com.android.phone/com.android.services.telephony.TelephonyConnectionService}, 1, UserHandle{0}
10-09 18:25:05.107  1277  1277 I Telecom:SamsungPhoneAccountInfo: setTargetPhoneAccount : null -> ComponentInfo{com.android.phone/com.android.services.telephony.TelephonyConnectionService}, 1, UserHandle{0}, call: [Call id=TC@261, state=NEW, tpac=null, cmgr=null, handle=tel:**********, vidst=A, childs(0), has_parent(false), cap=[], prop=[]], voip=falsecaps=[Capabilities:], props=[Properties:], conf(false), had_child(false)
10-09 18:25:05.107 11268 11268 I DecorView: setWindowBackground: isPopOver=false color=0 d=android.graphics.drawable.ColorDrawable@e3dec39
10-09 18:25:05.107  1277  1277 I Telecom : Event: RecordEntry TC@261: TARGET_PHONE_ACCOUNT, accountHandle=ComponentInfo{com.android.phone/com.android.services.telephony.TelephonyConnectionService}, 1, UserHandle{0}: TSI.hCI->CM.fOCP->CM.sOCPA@8ug
10-09 18:25:05.108  2233  2364 I PhoneUtils: getSubIdForPhoneAccountHandle: ComponentInfo{com.android.phone/com.android.services.telephony.TelephonyConnectionService}, 1, UserHandle{0}
10-09 18:25:05.108  2233  2364 I PhoneUtils: getPhoneFromSubId, subId: 1
10-09 18:25:05.108  2233  2364 I PhoneUtils: getPhoneFromSubId, phoneSubId: 1
10-09 18:25:05.109  1277  1277 I Telecom:SamsungTelephonyManagerAdapterImpl: getSubIdForPhoneAccount : 1
10-09 18:25:05.109  1277  1277 I Telecom:SamsungTelephonyManagerAdapterImpl: getSubIdForPhoneAccount : 1
10-09 18:25:05.109  1277  2777 I power_partial_wake_state: [229,*launch*:android]
10-09 18:25:05.109  1277  1277 I Telecom:SamsungSubscriptionManagerAdapterImpl: getPhoneId : subscriptionId = 1 --> phoneId = 0
10-09 18:25:05.109  1277  2777 V MARsPolicyManager: Current Home Package com.sec.android.app.launcher Resumed
10-09 18:25:05.109  1277  2777 D MARsPolicyManager: onPackageResumedFG pkgName = com.sec.android.app.launcher, userId = 0
10-09 18:25:05.109  1277  1277 I Telecom:SamsungPhoneAccountInfo: updateIds : mPhoneId = 0, mSubscriptionId = 1
10-09 18:25:05.109  1277  2777 I SemDvfsHyPerManager: acquire hyper - AMS_APP_HOME/1277@29, type = -999
10-09 18:25:05.109   981  1084 I HYPER-HAL: [RequestManager.cpp]acquire(): Acquired ID : 853500  [1277 / 29]    HINT : AMS_APP_HOME    list : 
10-09 18:25:05.110  1277  1277 I Telecom : CallsManager: make room for outgoing call stage: TSI.hCI->CM.fOCP->CM.sOCPA->CM.dSMCP@8ug
10-09 18:25:05.110  1277  1277 I Telecom : CallsManager: dialer phone acct select stage: TSI.hCI->CM.fOCP->CM.sOCPA->CM.dSMCP->CM.dSPA@8ug
10-09 18:25:05.110  3989  3989 I SemDvfsHyPerManager: acquire hyper - APP_START_SHORT/3989@14, type = -999
10-09 18:25:05.111  1277  2777 D ActivityManagerPerformance: AMP_acquire() HOME
10-09 18:25:05.111  1277  1277 I Telecom : CallsManager: post acct selection stage: TSI.hCI->CM.fOCP->CM.sOCPA->CM.dSMCP->CM.dSPA->CM.sRCQ->CM.pASP@8ug
10-09 18:25:05.111  1277  1277 I Telecom:SamsungPhoneAccountInfo: setTargetPhoneAccount : ComponentInfo{com.android.phone/com.android.services.telephony.TelephonyConnectionService}, 1, UserHandle{0}
10-09 18:25:05.111  1277  1277 I Telecom:SamsungVideoCallsManager: checkAndSwitchVideoCallToVoiceCall, return - call is audio only
10-09 18:25:05.111  1277  1277 I Telecom:SamsungUsaEmergencyCallsManageListener: isEmergencyCallPlayTone : false
10-09 18:25:05.111  1277  1277 I Telecom : Event: RecordEntry TC@261: UPDATE_OUTGOING_CALL, 35******02 -> 35******02, 35******02 -> 35******02: TSI.hCI->CM.fOCP->CM.sOCPA->CM.dSMCP->CM.dSPA->CM.sRCQ->CM.pASP@8ug
10-09 18:25:05.112  1277  1277 I Telecom : Event: RecordEntry TC@261: SET_CONNECTING, ComponentInfo{com.android.phone/com.android.services.telephony.TelephonyConnectionService}, 1, UserHandle{0}: TSI.hCI->CM.fOCP->CM.sOCPA->CM.dSMCP->CM.dSPA->CM.sRCQ->CM.pASP@8ug
10-09 18:25:05.112   981  1084 I HYPER-HAL: [ResourceManager.cpp]updateResource(): [CPUMinFreq] UpdateResource Request ID : 853500    Value : 2208000
10-09 18:25:05.112  1277  2777 W WindowManager: Prepare app transition: mNextAppTransitionRequests=[TRANSIT_OPEN, TRANSIT_OPEN, TRANSIT_CLOSE, TRANSIT_OPEN], mNextAppTransitionFlags=, displayId: 0 Callers=com.android.server.wm.DisplayContent.prepareAppTransition:6376 com.android.server.wm.DisplayContent.prepareAppTransition:6367 com.android.server.wm.TaskFragment.resumeTopActivity:1538 com.android.server.wm.TaskFragment.resumeTopActivity:1285 com.android.server.wm.Task.resumeTopActivityInnerLocked:6312 
10-09 18:25:05.112   981  1084 I HYPER-HAL: [RequestManager.cpp]acquire(): Acquired ID : 8014020  [3989 / 14]    HINT : APP_START    list : [TIMEOUT / 1500] 
10-09 18:25:05.112   981  1084 I HYPER-HAL: [ResourceManager.cpp]updateResource(): [CPUMaxFreq] UpdateResource Request ID : 8014020    Value : 2208000
10-09 18:25:05.113  1277  2777 D InputDispatcher: Focused application(0): ActivityRecord{38057ff u0 com.sec.android.app.launcher/.activities.LauncherActivity} t7846}
10-09 18:25:05.113  2233  2364 D GsmCdmaPhone: [0] getVoiceMailNumber - number: length 12, source: SIM
10-09 18:25:05.113  1277  2777 D SGM:FgCheckThread: TaskStackListener.onTaskFocusChanged(), taskId=16484, focused=false
10-09 18:25:05.113  1277  2777 D SGM:FgCheckThread: TaskStackListener.onTaskFocusChanged(), taskId=7846, focused=true
10-09 18:25:05.113  1277  2777 D SGM:FgCheckThread:   sendRunningComponentFocus(), pkgName: com.sec.android.app.launcher, userId: 0
10-09 18:25:05.113  1277  2077 D SGM:FgCheckThread: onLooperPrepared(), msg: MSG_TASK_FOCUSED, pkgName: com.sec.android.app.launcher, userId: 0
10-09 18:25:05.113  1277  2077 D SGM:FgCheckThread: handleTaskFocused().
10-09 18:25:05.114  1277  2077 D SGM:FgCheckThread: sendFocusOutConditionally() - mPrevNotiPkg: (unknown), userId: 0
10-09 18:25:05.114  1277  2077 D SGM:FgCheckThread:   handleTaskFocused(), pkgName: com.sec.android.app.launcher, userID:0 mResumedPkgMap does not containsKey.
10-09 18:25:05.114  1277  2777 I wm_set_resumed_activity: [0,com.sec.android.app.launcher/.activities.LauncherActivity,resumeTopActivity]
10-09 18:25:05.114  1277  2777 V WindowManager: rotationForOrientation(orient=SCREEN_ORIENTATION_NOSENSOR (5), last=ROTATION_0 (0)); user=ROTATION_0 (0) USER_ROTATION_LOCKED
10-09 18:25:05.114  1277  2777 D WindowManager: rotationForOrientation, orientationSource=ActivityRecord{38057ff u0 com.sec.android.app.launcher/.activities.LauncherActivity} t7846}
10-09 18:25:05.115  1277  2777 V WindowManager: Computed rotation=ROTATION_0 (0) for display id=0 based on lastOrientation=SCREEN_ORIENTATION_NOSENSOR (5) and oldRotation=ROTATION_0 (0), caller=com.android.server.wm.DisplayRotation.updateOrientation:414 com.android.server.wm.DisplayContent.updateOrientation:1971 com.android.server.wm.DisplayContent.updateOrientation:1872 com.android.server.wm.RootWindowContainer.ensureVisibilityAndConfig:2125 com.android.server.wm.TaskFragment.resumeTopActivity:1607 com.android.server.wm.TaskFragment.resumeTopActivity:1285 
10-09 18:25:05.116  1139  1139 I SurfaceFlinger: [33c21b7 com.sec.android.app.launcher/com.sec.android.app.launcher.activities.LauncherActivity#101] FrameRatePriority: 1
10-09 18:25:05.118  1277  2777 D TspStateManager: updateCustomValue customSetting=
10-09 18:25:05.119  1277  2777 D TspStateManager: updateCustomValue customSetting=
10-09 18:25:05.119  1277  2777 I wm_resume_activity: [0,58742783,7846,com.sec.android.app.launcher/.activities.LauncherActivity]
10-09 18:25:05.120  2676  2676 I ViewRootImpl@625cee[LauncherActivity]: stopped(false) old = false
10-09 18:25:05.120  2676  2676 I Launcher: !@Boot_DEBUG: Launcher.onResume()
10-09 18:25:05.120  2676  2676 I Launcher: !@Boot_EBS_D: Launcher.onResume()
10-09 18:25:05.120  2676  2676 I BaseActivity: addActivityFlags, flags : 18
10-09 18:25:05.120  2676  2676 I BaseActivity: removeActivityFlags, flags : 32
10-09 18:25:05.120  2676  2676 I AppsSearchBar: restoreCurrentCellLayoutAlpha: null
10-09 18:25:05.120  2676  2898 I IMM_LC  : hsifw() - flag : 0
10-09 18:25:05.120  2676  2676 W SearchLauncherServiceMover: isMoving : false
10-09 18:25:05.120  2676  2676 I DecorView: notifyKeepScreenOnChanged: keepScreenOn=false
10-09 18:25:05.120  2676  2898 I IMM_LC  : hsifw() - mService.hideSoftInput
10-09 18:25:05.120  2676 10162 I Launcher: DisplayMetrics from Resources : DisplayMetrics{density=2.8125, width=1080, height=2208, scaledDensity=2.8125, xdpi=403.411, ydpi=402.389}
10-09 18:25:05.121  2676  2676 I Launcher: setWallpaperOffsets
10-09 18:25:05.121  1277  1277 I Telecom : Event: RecordEntry TC@261: RESTRICT_FILTERING_INITIATED, 9, 35******02, 35******02, true: TSI.hCI->CM.fOCP->CM.sOCPA->CM.dSMCP->CM.dSPA->CM.sRCQ->CM.pASP@8ug
10-09 18:25:05.121  1277  1299 D InputMethodManagerService: hideSoftInput
10-09 18:25:05.121  2676  2676 I wm_on_resume_called: [58742783,com.sec.android.app.launcher.activities.LauncherActivity,RESUME_ACTIVITY]
10-09 18:25:05.121  1277  1299 V InputMethodManagerService: Client requesting input be hidden
10-09 18:25:05.121  2676  2676 I wm_on_top_resumed_gained_called: [58742783,com.sec.android.app.launcher.activities.LauncherActivity,topWhenResuming]
10-09 18:25:05.121  1277  1299 V InputMethodManagerService: hideCurrentInputLocked : canceled, shouldHideSoftInput=false, mInputShown=false, mImeWindowVis=0
10-09 18:25:05.121  2676  2676 I DecorView: notifyKeepScreenOnChanged: keepScreenOn=false
10-09 18:25:05.121  1277  1277 I Telecom:SamsungCoolDownOutgoingCallFiltering: isCoolDownMode : isCoolDownMode : false, thermalStatus  : 0
10-09 18:25:05.121  1277  1299 I InputMethodBindingController: setCurrentMethodNotVisible: mVisibleBound=false, mHasConnection=true, caller = com.android.server.inputmethod.InputMethodManagerService.hideCurrentInputLocked:4320 com.android.server.inputmethod.InputMethodManagerService.hideSoftInput:4258 com.android.internal.view.IInputMethodManager$Stub.onTransact:479 com.android.server.inputmethod.InputMethodManagerService.onTransact:2275 android.os.Binder.execTransactInternal:1316 android.os.Binder.execTransact:1280 <bottom of call stack> <bottom of call stack> <bottom of call stack> <bottom of call stack> 
10-09 18:25:05.121  1277  2777 W WindowManager: Execute app transition: mNextAppTransitionRequests=[TRANSIT_OPEN, TRANSIT_OPEN, TRANSIT_CLOSE, TRANSIT_OPEN], mNextAppTransitionFlags=, displayId: 0 Callers=com.android.server.wm.RootWindowContainer.executeAppTransitionForAllDisplay:2566 com.android.server.wm.ActivityTaskSupervisor.reportResumedActivityLocked:2218 com.android.server.wm.ActivityRecord.completeResumeLocked:6879 com.android.server.wm.TaskFragment.resumeTopActivity:1698 com.android.server.wm.TaskFragment.resumeTopActivity:1285 
10-09 18:25:05.121  2676  2900 I SPayUpdater: updateSpayHandler, show = true, defaultPage = false
10-09 18:25:05.121  1277  1277 I Telecom:SamsungMdmOutgoingCallFiltering: restrictOutgoingCall
10-09 18:25:05.121  1277  2777 D WindowManagerServiceExt: notifyOccludeChangeNotice: reset
10-09 18:25:05.122  1277  2777 W WindowManager: Execute app transition: mNextAppTransitionRequests=[TRANSIT_OPEN, TRANSIT_OPEN, TRANSIT_CLOSE, TRANSIT_OPEN], mNextAppTransitionFlags=, displayId: 0 Callers=com.android.server.wm.Task.executeAppTransition:7643 com.android.server.wm.TaskFragment.resumeTopActivity:1325 com.android.server.wm.TaskFragment.resumeTopActivity:1285 com.android.server.wm.Task.resumeTopActivityInnerLocked:6312 com.android.server.wm.Task.resumeTopActivityUncheckedLocked:6221 
10-09 18:25:05.122  2676 10162 I Launcher: realMetrics from Wm : DisplayMetrics{density=2.8125, width=1080, height=2408, scaledDensity=2.8125, xdpi=403.411, ydpi=402.389}
10-09 18:25:05.122  2676 10162 I Launcher: DeviceProfile, isLand : false, isMultiWin :false, availableWidthPx : 1080, availableHeightPx : 2273
10-09 18:25:05.122 19978 19978 I SAMSUNGWALLET: [Hint_IntroHintService] onReceive() action=com.sec.android.app.launcher.intent.action.UPDATE_SPAY_HANDLER
10-09 18:25:05.122  1277  2777 W WindowManager: Execute app transition: mNextAppTransitionRequests=[TRANSIT_OPEN, TRANSIT_OPEN, TRANSIT_CLOSE, TRANSIT_OPEN], mNextAppTransitionFlags=, displayId: 0 Callers=com.android.server.wm.Task.executeAppTransition:7643 com.android.server.wm.TaskFragment.resumeTopActivity:1325 com.android.server.wm.TaskFragment.resumeTopActivity:1285 com.android.server.wm.Task.resumeTopActivityInnerLocked:6312 com.android.server.wm.Task.resumeTopActivityUncheckedLocked:6221 
10-09 18:25:05.122 19978 19978 I SAMSUNGWALLET: [Hint_IntroHintService] home change, s home : true , default : false , gesture : false , s result : true , prev : true
10-09 18:25:05.122  1277  1684 I sysui_multi_action: [757,803,799,window_time_0,802,0]
10-09 18:25:05.123  1277  2777 D ActivityTaskManager: mStartingWindow and mStartingData is null for token=ActivityRecord{38057ff u0 com.sec.android.app.launcher/.activities.LauncherActivity} t7846}
10-09 18:25:05.124  1277  1277 I Telecom:SamsungMdmOutgoingCallFiltering: restrictOutgoingCall - phoneId: 0, subId: 1, canMakeCall: true, isEmergencyCall: false, canOutgoingCall: true, isEmergencyCallOnly: false, isRoamingVoiceCallsDisabled: false, isNetworkRoaming: false, blockedByRoamingPolicy: false, isPotentialEmergencyNumber: false
10-09 18:25:05.125  1277  1277 I Telecom:SamsungUsaWpsOutgoingCallFiltering: preConditionCheck failed
10-09 18:25:05.125  1277  1277 I Telecom:SamsungCallFilterManager: restrictOutgoingCall leave - no restrict
10-09 18:25:05.125  1277  1277 I Telecom : CallsManager: addCall([Call id=TC@261, state=CONNECTING, tpac=ComponentInfo{com.android.phone/com.android.services.telephony.TelephonyConnectionService}, 1, UserHandle{0}, cmgr=null, handle=tel:**********, vidst=A, childs(0), has_parent(false), cap=[], prop=[]], voip=falsecaps=[Capabilities:], props=[Properties:], conf(false), had_child(false)): TSI.hCI->CM.fOCP->CM.sOCPA->CM.dSMCP->CM.dSPA->CM.sRCQ->CM.pASP@8ug
10-09 18:25:05.125  1277  1277 I Telecom:SamsungCallsManager: call : [Call id=TC@261, state=CONNECTING, tpac=ComponentInfo{com.android.phone/com.android.services.telephony.TelephonyConnectionService}, 1, UserHandle{0}, cmgr=null, handle=tel:**********, vidst=A, childs(0), has_parent(false), cap=[], prop=[]], voip=falsecaps=[Capabilities:], props=[Properties:], conf(false), had_child(false) / hasCall : false
10-09 18:25:05.126  1277  1277 I Telecom : TelecomWakeLock: WakeLock already released with id: 26: TSI.hCI->CM.fOCP->CM.sOCPA->CM.dSMCP->CM.dSPA->CM.sRCQ->CM.pASP@8ug
10-09 18:25:05.126  1277  1277 I Telecom : InCallWakeLockController: Releasing full wake lock: TSI.hCI->CM.fOCP->CM.sOCPA->CM.dSMCP->CM.dSPA->CM.sRCQ->CM.pASP@8ug
10-09 18:25:05.126  1277  1277 I Telecom : Event: RecordEntry TC@261: ICS_CALL_ADDED, not bound or connected: TSI.hCI->CM.fOCP->CM.sOCPA->CM.dSMCP->CM.dSPA->CM.sRCQ->CM.pASP@8ug
10-09 18:25:05.126  1277  1277 I Telecom : InCallController: onCallAdded: [Call id=TC@261, state=CONNECTING, tpac=ComponentInfo{com.android.phone/com.android.services.telephony.TelephonyConnectionService}, 1, UserHandle{0}, cmgr=null, handle=tel:**********, vidst=A, childs(0), has_parent(false), cap=[], prop=[]], voip=falsecaps=[Capabilities:], props=[Properties:], conf(false), had_child(false); not bound or connected.: TSI.hCI->CM.fOCP->CM.sOCPA->CM.dSMCP->CM.dSPA->CM.sRCQ->CM.pASP@8ug
10-09 18:25:05.126  1277  1277 I Telecom : Event: RecordEntry TC@261: BTS_ICS, null, false, 1277, 1277: TSI.hCI->CM.fOCP->CM.sOCPA->CM.dSMCP->CM.dSPA->CM.sRCQ->CM.pASP@8ug
10-09 18:25:05.127  1277  1277 I Telecom:SamsungInCallController: ComponentEnabledSetting - componentName : ComponentInfo{com.samsung.android.incallui/com.android.incallui.InCallServiceImpl} / userId : 0 / componentEnabledState : 0
10-09 18:25:05.127  1277  1277 I Telecom : InCallController: defaultDialer: [ComponentInfo{com.samsung.android.incallui/com.android.incallui.InCallServiceImpl} supportsExternal? true supportsSelfMg?false supportsAllowedSelfMg?false], 2: TSI.hCI->CM.fOCP->CM.sOCPA->CM.dSMCP->CM.dSPA->CM.sRCQ->CM.pASP@8ug
10-09 18:25:05.127  1277  1277 I Telecom : InCallController: defaultDialer: null: TSI.hCI->CM.fOCP->CM.sOCPA->CM.dSMCP->CM.dSPA->CM.sRCQ->CM.pASP@8ug
10-09 18:25:05.127  1277  1277 I Telecom:SamsungInCallController: ComponentEnabledSetting - componentName : ComponentInfo{com.samsung.android.incallui/com.android.incallui.InCallServiceImpl} / userId : 0 / componentEnabledState : 0
10-09 18:25:05.128  1277  1277 I Telecom:SamsungInCallController: ComponentEnabledSetting - componentName : ComponentInfo{com.android.bluetooth/com.android.bluetooth.telephony.BluetoothInCallService} / userId : 0 / componentEnabledState : 2
10-09 18:25:05.128  1277  1277 I Telecom:SamsungInCallController: ComponentEnabledSetting - componentName : ComponentInfo{com.google.android.as/com.google.android.apps.miphone.aiai.captions.tulip.audiosource.impl.CIS} / userId : 0 / componentEnabledState : 1
10-09 18:25:05.128  1277  1277 I Telecom:SamsungInCallController: ComponentEnabledSetting - componentName : ComponentInfo{com.google.android.gms/com.google.android.gms.dtdi.contextsync.ContextSyncInCallService} / userId : 0 / componentEnabledState : 0
10-09 18:25:05.128  1277  1277 I Telecom:SamsungInCallController: ComponentEnabledSetting - componentName : ComponentInfo{com.google.android.googlequicksearchbox/com.google.android.libraries.assistant.auto.tng.morris.framework.datasources.impl.phone.MorrisCarModeInCallService} / userId : 0 / componentEnabledState : 0
10-09 18:25:05.128  1277  1277 I Telecom:SamsungInCallController: ComponentEnabledSetting - componentName : ComponentInfo{com.google.android.googlequicksearchbox/com.google.android.libraries.assistant.auto.tng.morris.framework.datasources.impl.phone.MorrisNonCarInCallService} / userId : 0 / componentEnabledState : 0
10-09 18:25:05.128  1277  1277 I Telecom:SamsungInCallController: ComponentEnabledSetting - componentName : ComponentInfo{com.google.android.googlequicksearchbox/com.google.android.libraries.search.assistant.incallservice.IncomingCallInCallService} / userId : 0 / componentEnabledState : 1
10-09 18:25:05.128  1277  1277 I Telecom:SamsungInCallController: ComponentEnabledSetting - componentName : ComponentInfo{com.google.android.googlequicksearchbox/com.google.android.libraries.search.assistant.performer.communication.IncomingCallInCallService} / userId : 0 / componentEnabledState : 2
10-09 18:25:05.129  1277  1277 I Telecom:SamsungInCallController: ComponentEnabledSetting - componentName : ComponentInfo{com.google.android.projection.gearhead/com.google.android.apps.auto.components.telecom.service.NonCarInCallServiceImpl} / userId : 0 / componentEnabledState : 0
10-09 18:25:05.129  1277  1277 I Telecom:SamsungInCallController: ComponentEnabledSetting - componentName : ComponentInfo{com.google.android.projection.gearhead/com.google.android.apps.auto.components.telecom.service.CarProjectionInCallServiceImpl} / userId : 0 / componentEnabledState : 1
10-09 18:25:05.129  1277  1277 I Telecom:SamsungInCallController: ComponentEnabledSetting - componentName : ComponentInfo{com.google.android.projection.gearhead/com.google.android.apps.auto.components.telecom.service.ComplementaryInCallServiceImpl} / userId : 0 / componentEnabledState : 0
10-09 18:25:05.129  1277  1277 I Telecom:SamsungInCallController: ComponentEnabledSetting - componentName : ComponentInfo{com.google.android.projection.gearhead/com.google.android.apps.auto.components.telecom.service.SharedComplementaryInCallServiceImpl} / userId : 0 / componentEnabledState : 0
10-09 18:25:05.129  1277  1277 I Telecom:SamsungInCallController: ComponentEnabledSetting - componentName : ComponentInfo{com.samsung.android.incallui/com.android.incallui.InCallServiceImpl} / userId : 0 / componentEnabledState : 0
10-09 18:25:05.129  1277  1277 I Telecom : Event: RecordEntry TC@261: NEW_ICSC, [ComponentInfo{com.samsung.android.incallui/com.android.incallui.InCallServiceImpl} supportsExternal? true supportsSelfMg?false supportsAllowedSelfMg?false], 2, null, [ComponentInfo{com.samsung.android.incallui/com.android.incallui.InCallServiceImpl} supportsExternal? true supportsSelfMg?false supportsAllowedSelfMg?false], 2, [ComponentInfo{com.google.android.projection.gearhead/com.google.android.apps.auto.components.telecom.service.CarProjectionInCallServiceImpl} supportsExternal? false supportsSelfMg?true supportsAllowedSelfMg?false], 3: TSI.hCI->CM.fOCP->CM.sOCPA->CM.dSMCP->CM.dSPA->CM.sRCQ->CM.pASP@8ug
10-09 18:25:05.129  1277  1277 I Telecom : Event: RecordEntry TC@261: NEW_ICS_INFO, [ComponentInfo{com.samsung.android.incallui/com.android.incallui.InCallServiceImpl} supportsExternal? true supportsSelfMg?false supportsAllowedSelfMg?false], 2, [ComponentInfo{com.samsung.android.incallui/com.android.incallui.InCallServiceImpl} supportsExternal? true supportsSelfMg?false supportsAllowedSelfMg?false], 2, [ComponentInfo{com.google.android.projection.gearhead/com.google.android.apps.auto.components.telecom.service.CarProjectionInCallServiceImpl} supportsExternal? false supportsSelfMg?true supportsAllowedSelfMg?false], 3, false, false: TSI.hCI->CM.fOCP->CM.sOCPA->CM.dSMCP->CM.dSPA->CM.sRCQ->CM.pASP@8ug
10-09 18:25:05.129  1277  1689 I dvm_lock_sample: [system_server,1,android.display,16,ActivityTaskManagerService.java,2629,android.app.ActivityTaskManager$RootTaskInfo com.android.server.wm.ActivityTaskManagerService.getFocusedRootTaskInfo(),ActivityClientController.java,229,void com.android.server.wm.ActivityClientController.activityPaused(android.os.IBinder),3]
10-09 18:25:05.129  1277  1277 I Telecom : CarSwappingInCallServiceConnection: chooseInitialInCallService: false => false: TSI.hCI->CM.fOCP->CM.sOCPA->CM.dSMCP->CM.dSPA->CM.sRCQ->CM.pASP@8ug
10-09 18:25:05.129  1277  1277 I Telecom : EmergencyCallHelper: ShouldGrantTemporaryLocationPermission, not emergency: TSI.hCI->CM.fOCP->CM.sOCPA->CM.dSMCP->CM.dSPA->CM.sRCQ->CM.pASP@8ug
10-09 18:25:05.129  1277  1277 I Telecom : EmergencyInCallServiceConnection: Attempting to bind to InCall [ComponentInfo{com.samsung.android.incallui/com.android.incallui.InCallServiceImpl} supportsExternal? true supportsSelfMg?false supportsAllowedSelfMg?false], 2, with Intent { act=android.telecom.InCallService cmp=com.samsung.android.incallui/com.android.incallui.InCallServiceImpl (has extras) }: TSI.hCI->CM.fOCP->CM.sOCPA->CM.dSMCP->CM.dSPA->CM.sRCQ->CM.pASP@8ug
10-09 18:25:05.130  1277  1277 I Telecom : Event: RecordEntry TC@261: BIND_ICS, [ComponentInfo{com.samsung.android.incallui/com.android.incallui.InCallServiceImpl} supportsExternal? true supportsSelfMg?false supportsAllowedSelfMg?false], 2: TSI.hCI->CM.fOCP->CM.sOCPA->CM.dSMCP->CM.dSPA->CM.sRCQ->CM.pASP@8ug
10-09 18:25:05.130  2676  2676 I MSHandlerLifeCycle: removeMultiSplitHandler: no exist. decor=DecorView@b54e56[LauncherActivity]
10-09 18:25:05.130  1277  1689 D SGM:FgCheckThread: notePauseComponent(), received pkgName: com.android.server.telecom, userId: 0
10-09 18:25:05.130  2676  2676 I BaseActivity: addActivityFlags, flags : 4
10-09 18:25:05.130  2676  2676 I Launcher: onDeferredResumed
10-09 18:25:05.130  2676  2676 I InstallShortcutReceiver: flushInstallQueue 0
10-09 18:25:05.130  2676  2676 I Launcher.NotificationListener: onNotificationFullRefresh
10-09 18:25:05.130  2676  2676 I BadgeCountUpdaterImpl: onNotificationsChangedConnected
10-09 18:25:05.130  2676  2676 W LauncherAppWidgetHost: setShouldListenFlag, mFlags:7 flag:resume on:true isFront:false
10-09 18:25:05.131  2676  2899 I InstallShortcutReceiver: flushQueueInBackground 0
10-09 18:25:05.131  1277  1277 I ActivityManager: com.samsung.android.incallui is exempt from freezer by list
10-09 18:25:05.131  1277  1277 D CompatibilityChangeReporter: Compat change id reported: 135634846; UID 1001; state: DISABLED
10-09 18:25:05.132  1277  1277 D CompatibilityChangeReporter: Compat change id reported: 177438394; UID 1001; state: DISABLED
10-09 18:25:05.132  1277  1277 D CompatibilityChangeReporter: Compat change id reported: 135772972; UID 1001; state: DISABLED
10-09 18:25:05.132  1277  1277 D CompatibilityChangeReporter: Compat change id reported: 135754954; UID 1001; state: ENABLED
10-09 18:25:05.132  1277  1277 I Telecom : EmergencyInCallServiceConnection: mCall: [Call id=TC@261, state=CONNECTING, tpac=ComponentInfo{com.android.phone/com.android.services.telephony.TelephonyConnectionService}, 1, UserHandle{0}, cmgr=null, handle=tel:**********, vidst=A, childs(0), has_parent(false), cap=[], prop=[]], voip=falsecaps=[Capabilities:], props=[Properties:], conf(false), had_child(false), mIsConnected: true: TSI.hCI->CM.fOCP->CM.sOCPA->CM.dSMCP->CM.dSPA->CM.sRCQ->CM.pASP@8ug
10-09 18:25:05.133  1277  1689 I GameSDK@LifeCycle: noteResumeComponent(): package name  : com.sec.android.app.launcher
10-09 18:25:05.133  2676  2899 I Launcher.NotificationListener: notificationIsValidForUI : com.google.android.setupwizard missingTitleAndText : false isGroupHeader : false
10-09 18:25:05.133  3847  4526 D KnoxHelper: getActivityList callingUserId: 0, target user: 0
10-09 18:25:05.133  2676  2899 I Launcher.NotificationListener: notificationIsValidForUI : com.google.android.cellbroadcastreceiver missingTitleAndText : false isGroupHeader : false
10-09 18:25:05.133  2676  2899 I Launcher.NotificationListener: notificationIsValidForUI : com.sec.android.daemonapp missingTitleAndText : false isGroupHeader : false
10-09 18:25:05.133  2676  2899 I Launcher.NotificationListener: notificationIsValidForUI : com.samsung.android.lool missingTitleAndText : false isGroupHeader : false
10-09 18:25:05.134  2676  2899 I Launcher.NotificationListener: notificationIsValidForUI : com.google.android.permissioncontroller missingTitleAndText : false isGroupHeader : false
10-09 18:25:05.134  2676  2899 I Launcher.NotificationListener: notificationIsValidForUI : com.android.vending missingTitleAndText : false isGroupHeader : false
10-09 18:25:05.134  2676  2899 I Launcher.NotificationListener: Full refresh isConnected : true active size : 6
10-09 18:25:05.134 19978 20000 I SAMSUNGWALLET: [Hint_afp] isHomePackageRunning topPkgName = com.sec.android.app.launcher, topClsName = com.android.launcher3.uioverrides.QuickstepLauncher, return true , se : true
