11-04 20:41:22.014  2935  6672 I Telecom : InCallController: Sending updateCall [Call id=TC@11, state=DIALING, tpac=ComponentInfo{com.android.phone/com.android.services.telephony.TelephonyConnectionService}, 1, UserHandle{0}, cmgr=ComponentInfo{com.android.phone/com.android.services.telephony.TelephonyConnectionService}, 1, UserHandle{0}, handle=tel:%2B13526739015, vidst=A, childs(0), has_parent(false), cap=[ sup_hld mut !v2a], prop=[ HD], voip=false, gthpst=1, vzwAudioData=[VzwAudioData : UserSelectedAudioMode : -1 AudioMode : -1]], mIsConference(false)]: CSW.pE(cap)@OC0
11-04 20:41:22.015  2935  6672 I Telecom : InCallController: Components updated: [ComponentInfo{com.android.bluetooth/com.android.bluetooth.telephony.BluetoothInCallService}, ComponentInfo{com.google.android.dialer/com.android.incallui.InCallServiceImpl}, ComponentInfo{com.qualcomm.qtil.btdsda/com.qualcomm.qtil.btdsda.BtDsDaService}, ComponentInfo{com.motorola.bach.modemstats/com.motorola.bach.modemstats.call.MPhoneInCallService}]: CSW.pE(cap)@OC0
11-04 20:41:22.015  2935  6672 D Telecom : CallsManager: onExtrasChanged call = [Call id=TC@11, state=DIALING, tpac=ComponentInfo{com.android.phone/com.android.services.telephony.TelephonyConnectionService}, 1, UserHandle{0}, cmgr=ComponentInfo{com.android.phone/com.android.services.telephony.TelephonyConnectionService}, 1, UserHandle{0}, handle=tel:%2B13526739015, vidst=A, childs(0), has_parent(false), cap=[ sup_hld mut !v2a], prop=[ HD], voip=false, gthpst=1, vzwAudioData=[VzwAudioData : UserSelectedAudioMode : -1 AudioMode : -1]], mIsConference(false)]: CSW.pE(cap)@OC0
11-04 20:41:22.016  2935  6672 V Telecom : MotoCallAudioModeStateMachine: updateAudioBand set to WB: CSW.pE(cap)@OC0
11-04 20:41:22.016  2935  6672 D Telecom : TelecomAnalytics: adding callTechnology for call TC@11: 4: CSW.pE(cap)@OC0
11-04 20:41:22.016  2935  6672 V Telecom : Logging: END_SUBSESSION (dur: 2 mS): CSW.pE(cap)@OC0
11-04 20:41:22.016  2935  6672 D Telecom : Logging: END_SESSION (dur: 2 ms): CSW.pE(cap)@OC0
11-04 20:41:22.016  2935  4522 I Telecom : CallAudioModeStateMachine: Message received: null.
11-04 20:41:22.017  2935  6672 D Telecom : Logging: START_SESSION
11-04 20:41:22.017  2935  6672 D Telecom : InCallController: mCallListener, onExtrasChanged: CSW.pE(cap)@OC4
11-04 20:41:22.017  2935  6672 I Telecom : InCallController: Sending updateCall [Call id=TC@11, state=DIALING, tpac=ComponentInfo{com.android.phone/com.android.services.telephony.TelephonyConnectionService}, 1, UserHandle{0}, cmgr=ComponentInfo{com.android.phone/com.android.services.telephony.TelephonyConnectionService}, 1, UserHandle{0}, handle=tel:%2B13526739015, vidst=A, childs(0), has_parent(false), cap=[ sup_hld mut !v2a], prop=[ HD], voip=false, gthpst=1, vzwAudioData=[VzwAudioData : UserSelectedAudioMode : -1 AudioMode : -1]], mIsConference(false)]: CSW.pE(cap)@OC4
11-04 20:41:22.018  2935  6672 I Telecom : InCallController: Components updated: [ComponentInfo{com.android.bluetooth/com.android.bluetooth.telephony.BluetoothInCallService}, ComponentInfo{com.google.android.dialer/com.android.incallui.InCallServiceImpl}, ComponentInfo{com.qualcomm.qtil.btdsda/com.qualcomm.qtil.btdsda.BtDsDaService}, ComponentInfo{com.motorola.bach.modemstats/com.motorola.bach.modemstats.call.MPhoneInCallService}]: CSW.pE(cap)@OC4
11-04 20:41:22.018  2935  6672 D Telecom : CallsManager: onExtrasChanged call = [Call id=TC@11, state=DIALING, tpac=ComponentInfo{com.android.phone/com.android.services.telephony.TelephonyConnectionService}, 1, UserHandle{0}, cmgr=ComponentInfo{com.android.phone/com.android.services.telephony.TelephonyConnectionService}, 1, UserHandle{0}, handle=tel:%2B13526739015, vidst=A, childs(0), has_parent(false), cap=[ sup_hld mut !v2a], prop=[ HD], voip=false, gthpst=1, vzwAudioData=[VzwAudioData : UserSelectedAudioMode : -1 AudioMode : -1]], mIsConference(false)]: CSW.pE(cap)@OC4
11-04 20:41:22.018  2935  6672 V Telecom : MotoCallAudioModeStateMachine: updateAudioBand set to WB: CSW.pE(cap)@OC4
11-04 20:41:22.018  2935  6672 D Telecom : TelecomAnalytics: adding callTechnology for call TC@11: 4: CSW.pE(cap)@OC4
11-04 20:41:22.018  2935  6672 V Telecom : Logging: END_SUBSESSION (dur: 1 mS): CSW.pE(cap)@OC4
11-04 20:41:22.018  2935  6672 D Telecom : Logging: END_SESSION (dur: 1 ms): CSW.pE(cap)@OC4
11-04 20:41:22.018  2935  4522 D Telecom : MotoCallAudioModeStateMachine: AudioMgr: set volte_band_limit=off takes 1 ms
11-04 20:41:22.018  2935  4522 W Telecom : Logging: Log.endSession was called with no session active.
11-04 20:41:22.018  2935  4522 I Telecom : CallAudioModeStateMachine: Message received: null.
11-04 20:41:22.022  2935  4522 D Telecom : MotoCallAudioModeStateMachine: AudioMgr: set volte_band_limit=off takes 3 ms
11-04 20:41:22.022  2935  4522 W Telecom : Logging: Log.endSession was called with no session active.
11-04 20:41:22.022  4118  4118 D ImsPhoneCallTracker: [0] onCallProgressing
11-04 20:41:22.023  4118  4118 D ImsPhoneCallTracker: [0] processCallStateChange [ImsCall objId:100330995 onHold:N mute:N mCallProfile:{ serviceType=1, callType=2, restrictCause=0, mediaProfile={ audioQuality=0, audioDirection=3, audioCodecAttribute=null, videoQuality=0, videoDirection=-1, rttMode=0, hasRttAudioSpeech=false }, emergencyServiceCategories=0, emergencyUrns=[], emergencyCallRouting=0, emergencyCallTesting=false, hasKnownUserIntentEmergency=false, mRestrictCause=0, mCallerNumberVerstat= 0, mAcceptedRtpHeaderExtensions= [] } networkType:13 updateRequest:NONE merging:N merge action pending:N merged:N multiParty:N confHost:N buried term:N isVideo: N wasVideo: N isWifi: N session:[ImsCallSession objId:260085858 state:NEGOTIATING callId:1] transientSession:null] state=ALERTING cause=0
11-04 20:41:22.023  4118  4118 D ImsPhoneCallTracker: [0] processCallStateChange state=ALERTING cause=0 ignoreState=false
11-04 20:41:22.023  4118  4118 V ImsPhoneConnection: update localCallProfile={ serviceType=1, callType=2, restrictCause=0, mediaProfile={ audioQuality=19, audioDirection=3, audioCodecAttribute=null, videoQuality=0, videoDirection=-1, rttMode=0, hasRttAudioSpeech=false }, emergencyServiceCategories=0, emergencyUrns=[], emergencyCallRouting=0, emergencyCallTesting=false, hasKnownUserIntentEmergency=false, mRestrictCause=0, mCallerNumberVerstat= 0, mAcceptedRtpHeaderExtensions= [] }
11-04 20:41:22.023  4118  4118 I ImsPhoneConnection: applyLocalCallCapabilities - localProfile = { serviceType=1, callType=2, restrictCause=0, mediaProfile={ audioQuality=19, audioDirection=3, audioCodecAttribute=null, videoQuality=0, videoDirection=-1, rttMode=0, hasRttAudioSpeech=false }, emergencyServiceCategories=0, emergencyUrns=[], emergencyCallRouting=0, emergencyCallTesting=false, hasKnownUserIntentEmergency=false, mRestrictCause=0, mCallerNumberVerstat= 0, mAcceptedRtpHeaderExtensions= [] }
11-04 20:41:22.024  4118  4118 V ImsPhoneConnection: update remoteCallProfile={ serviceType=1, callType=2, restrictCause=0, mediaProfile={ audioQuality=0, audioDirection=3, audioCodecAttribute=null, videoQuality=0, videoDirection=-1, rttMode=1, hasRttAudioSpeech=false }, emergencyServiceCategories=0, emergencyUrns=[], emergencyCallRouting=0, emergencyCallTesting=false, hasKnownUserIntentEmergency=false, mRestrictCause=0, mCallerNumberVerstat= 0, mAcceptedRtpHeaderExtensions= [] }
11-04 20:41:22.024  4118  4118 W ImsPhoneConnection: applyRemoteCallCapabilities - remoteProfile = { serviceType=1, callType=2, restrictCause=0, mediaProfile={ audioQuality=0, audioDirection=3, audioCodecAttribute=null, videoQuality=0, videoDirection=-1, rttMode=1, hasRttAudioSpeech=false }, emergencyServiceCategories=0, emergencyUrns=[], emergencyCallRouting=0, emergencyCallTesting=false, hasKnownUserIntentEmergency=false, mRestrictCause=0, mCallerNumberVerstat= 0, mAcceptedRtpHeaderExtensions= [] }
11-04 20:41:22.024  4118  4118 I ImsPhoneCall: maybeChangeRingbackState: state=ALERTING
11-04 20:41:22.024  4118  4118 I ImsPhoneCall: isLocalTone: audioDirection=3, playRingback=false
11-04 20:41:22.026  4118  4118 V ImsPhoneConnection: update localCallProfile={ serviceType=1, callType=2, restrictCause=0, mediaProfile={ audioQuality=19, audioDirection=3, audioCodecAttribute=null, videoQuality=0, videoDirection=-1, rttMode=0, hasRttAudioSpeech=false }, emergencyServiceCategories=0, emergencyUrns=[], emergencyCallRouting=0, emergencyCallTesting=false, hasKnownUserIntentEmergency=false, mRestrictCause=0, mCallerNumberVerstat= 0, mAcceptedRtpHeaderExtensions= [] }
11-04 20:41:22.026  4118  4118 I ImsPhoneConnection: applyLocalCallCapabilities - localProfile = { serviceType=1, callType=2, restrictCause=0, mediaProfile={ audioQuality=19, audioDirection=3, audioCodecAttribute=null, videoQuality=0, videoDirection=-1, rttMode=0, hasRttAudioSpeech=false }, emergencyServiceCategories=0, emergencyUrns=[], emergencyCallRouting=0, emergencyCallTesting=false, hasKnownUserIntentEmergency=false, mRestrictCause=0, mCallerNumberVerstat= 0, mAcceptedRtpHeaderExtensions= [] }
11-04 20:41:22.026  4118  4118 V ImsPhoneConnection: update remoteCallProfile={ serviceType=1, callType=2, restrictCause=0, mediaProfile={ audioQuality=0, audioDirection=3, audioCodecAttribute=null, videoQuality=0, videoDirection=-1, rttMode=1, hasRttAudioSpeech=false }, emergencyServiceCategories=0, emergencyUrns=[], emergencyCallRouting=0, emergencyCallTesting=false, hasKnownUserIntentEmergency=false, mRestrictCause=0, mCallerNumberVerstat= 0, mAcceptedRtpHeaderExtensions= [] }
11-04 20:41:22.026  4118  4118 W ImsPhoneConnection: applyRemoteCallCapabilities - remoteProfile = { serviceType=1, callType=2, restrictCause=0, mediaProfile={ audioQuality=0, audioDirection=3, audioCodecAttribute=null, videoQuality=0, videoDirection=-1, rttMode=1, hasRttAudioSpeech=false }, emergencyServiceCategories=0, emergencyUrns=[], emergencyCallRouting=0, emergencyCallTesting=false, hasKnownUserIntentEmergency=false, mRestrictCause=0, mCallerNumberVerstat= 0, mAcceptedRtpHeaderExtensions= [] }
11-04 20:41:22.026  4118  4118 D ImsPhoneCallTracker: [0] updatePhoneState pendingMo = null, rng= IDLE(), fg= ALERTING(TC@11_1/objId:171691588), bg= IDLE()
11-04 20:41:22.026  4118  4118 D ImsPhoneCallTracker: [0] updatePhoneState oldState=OFFHOOK, newState=OFFHOOK
11-04 20:41:22.029  4118  7405 D SubscriptionController: [getActiveSubscriptionInfoForSimSlotIndex]+ slotIndex=0 subId={id=1 iccId=89105110012005978617 simSlotIndex=0 carrierId=2518 displayName=Boost carrierName=Boost nameSource=4 iconTint=-16746133 number=13526739016 dataRoaming=1 iconBitmap=android.graphics.Bitmap@b7fd696 mcc=313 mnc=340 countryIso=us isEmbedded=false nativeAccessRules=null cardString=89105110012005978617 cardId=0 portIndex=0 isOpportunistic=false groupUUID=null isGroupDisabled=false profileClass=-1 ehplmns=[313340, 313350] hplmns=[313340, 313350, 313350] subscriptionType=0 groupOwner=null carrierConfigAccessRules=null areUiccApplicationsEnabled=true usageSetting=0}
11-04 20:41:22.033  2935  3833 D Telecom : Logging: START_SESSION
11-04 20:41:22.033  2935  3833 D Telecom : ConnectionServiceWrapper: CS -> TC[cap]: setConnectionCapabilities TC@11_1 536870978: CSW.sCC(cap)@OC8
11-04 20:41:22.033  2935  3833 V Telecom : Call: setConnectionCapabilities: [Capabilities: CAPABILITY_SUPPORT_HOLD CAPABILITY_MUTE CAPABILITY_REMOTE_PARTY_SUPPORTS_RTT]: CSW.sCC(cap)@OC8
11-04 20:41:22.033  2935  3833 D Telecom : InCallController: mCallListener, onConnectionCapabilitiesChanged: CSW.sCC(cap)@OC8
11-04 20:41:22.033  2935  3833 I Telecom : InCallController: Sending updateCall [Call id=TC@11, state=DIALING, tpac=ComponentInfo{com.android.phone/com.android.services.telephony.TelephonyConnectionService}, 1, UserHandle{0}, cmgr=ComponentInfo{com.android.phone/com.android.services.telephony.TelephonyConnectionService}, 1, UserHandle{0}, handle=tel:%2B13526739015, vidst=A, childs(0), has_parent(false), cap=[ sup_hld mut sup_rtt], prop=[ HD], voip=false, gthpst=1, vzwAudioData=[VzwAudioData : UserSelectedAudioMode : -1 AudioMode : -1]], mIsConference(false)]: CSW.sCC(cap)@OC8
11-04 20:41:22.034  2935  3833 I Telecom : InCallController: Components updated: [ComponentInfo{com.android.bluetooth/com.android.bluetooth.telephony.BluetoothInCallService}, ComponentInfo{com.google.android.dialer/com.android.incallui.InCallServiceImpl}, ComponentInfo{com.qualcomm.qtil.btdsda/com.qualcomm.qtil.btdsda.BtDsDaService}, ComponentInfo{com.motorola.bach.modemstats/com.motorola.bach.modemstats.call.MPhoneInCallService}]: CSW.sCC(cap)@OC8
11-04 20:41:22.034  2935  3833 I Telecom : Event: RecordEntry TC@11: CAPABILITY_CHANGE, Current: [[ sup_hld mut sup_rtt]], Removed [[ !v2a]], Added [[ sup_rtt]]: CSW.sCC(cap)@OC8
11-04 20:41:22.034  2935  3833 V Telecom : Logging: END_SUBSESSION (dur: 1 mS): CSW.sCC(cap)@OC8
11-04 20:41:22.034  2935  3833 D Telecom : Logging: END_SESSION (dur: 1 ms): CSW.sCC(cap)@OC8
11-04 20:41:22.035  2935  4768 D Telecom : Logging: START_SESSION
11-04 20:41:22.035  2935  4768 D Telecom : InCallController: mCallListener, onExtrasChanged: CSW.pE(cap)@ODA
11-04 20:41:22.035  2935  4768 I Telecom : InCallController: Sending updateCall [Call id=TC@11, state=DIALING, tpac=ComponentInfo{com.android.phone/com.android.services.telephony.TelephonyConnectionService}, 1, UserHandle{0}, cmgr=ComponentInfo{com.android.phone/com.android.services.telephony.TelephonyConnectionService}, 1, UserHandle{0}, handle=tel:%2B13526739015, vidst=A, childs(0), has_parent(false), cap=[ sup_hld mut sup_rtt], prop=[ HD], voip=false, gthpst=1, vzwAudioData=[VzwAudioData : UserSelectedAudioMode : -1 AudioMode : -1]], mIsConference(false)]: CSW.pE(cap)@ODA
11-04 20:41:22.035  2935  4768 I Telecom : InCallController: Components updated: [ComponentInfo{com.android.bluetooth/com.android.bluetooth.telephony.BluetoothInCallService}, ComponentInfo{com.google.android.dialer/com.android.incallui.InCallServiceImpl}, ComponentInfo{com.qualcomm.qtil.btdsda/com.qualcomm.qtil.btdsda.BtDsDaService}, ComponentInfo{com.motorola.bach.modemstats/com.motorola.bach.modemstats.call.MPhoneInCallService}]: CSW.pE(cap)@ODA
11-04 20:41:22.035  2935  4768 D Telecom : CallsManager: onExtrasChanged call = [Call id=TC@11, state=DIALING, tpac=ComponentInfo{com.android.phone/com.android.services.telephony.TelephonyConnectionService}, 1, UserHandle{0}, cmgr=ComponentInfo{com.android.phone/com.android.services.telephony.TelephonyConnectionService}, 1, UserHandle{0}, handle=tel:%2B13526739015, vidst=A, childs(0), has_parent(false), cap=[ sup_hld mut sup_rtt], prop=[ HD], voip=false, gthpst=1, vzwAudioData=[VzwAudioData : UserSelectedAudioMode : -1 AudioMode : -1]], mIsConference(false)]: CSW.pE(cap)@ODA
11-04 20:41:22.036  2935  4768 V Telecom : MotoCallAudioModeStateMachine: updateAudioBand set to WB: CSW.pE(cap)@ODA
11-04 20:41:22.036  2935  4768 D Telecom : TelecomAnalytics: adding callTechnology for call TC@11: 4: CSW.pE(cap)@ODA
11-04 20:41:22.036  2935  4768 V Telecom : Logging: END_SUBSESSION (dur: 1 mS): CSW.pE(cap)@ODA
11-04 20:41:22.036  2935  4768 D Telecom : Logging: END_SESSION (dur: 1 ms): CSW.pE(cap)@ODA
11-04 20:41:22.036  2935  4522 I Telecom : CallAudioModeStateMachine: Message received: null.
11-04 20:41:22.038  2935  4522 D Telecom : MotoCallAudioModeStateMachine: AudioMgr: set volte_band_limit=off takes 2 ms
11-04 20:41:22.038  2935  4522 W Telecom : Logging: Log.endSession was called with no session active.
11-04 20:41:22.045  4118  4118 D CallManager: getPhoneInEcm: Found no phone in Ecm!
11-04 20:41:22.045  4118  4118 D PhoneSwitcher: handle event - 109
11-04 20:41:22.045  4118  4118 D PhoneSwitcher: isPhoneInVoiceCallChanged from phoneId -1 to phoneId 0
11-04 20:41:22.045  4118  4118 D SubscriptionController: [getSubId]- numSubIds == 0, return null slotIndex=1
11-04 20:41:22.045  4118  4118 D PhoneSwitcher: updatePreferredDataPhoneId+
11-04 20:41:22.047  4118  4118 D PhoneSwitcher: data enabled on voice sub: true
11-04 20:41:22.047  4118  4118 D PhoneSwitcher: updatePreferredDataPhoneId isDataEnabled: true
11-04 20:41:22.047  4118  4118 D ImsPhoneConnection: getDisconnectCause: cause=0
11-04 20:41:22.048  2935  6689 D Telecom : Logging: START_SESSION
11-04 20:41:22.048  2935  6689 D Telecom : InCallController: mCallListener, onExtrasChanged: CSW.pE(cap)@ODE
11-04 20:41:22.048  2935  6689 I Telecom : InCallController: Sending updateCall [Call id=TC@11, state=DIALING, tpac=ComponentInfo{com.android.phone/com.android.services.telephony.TelephonyConnectionService}, 1, UserHandle{0}, cmgr=ComponentInfo{com.android.phone/com.android.services.telephony.TelephonyConnectionService}, 1, UserHandle{0}, handle=tel:%2B13526739015, vidst=A, childs(0), has_parent(false), cap=[ sup_hld mut sup_rtt], prop=[ HD], voip=false, gthpst=1, vzwAudioData=[VzwAudioData : UserSelectedAudioMode : -1 AudioMode : -1]], mIsConference(false)]: CSW.pE(cap)@ODE
11-04 20:41:22.048  2935  6689 I Telecom : InCallController: Components updated: [ComponentInfo{com.android.bluetooth/com.android.bluetooth.telephony.BluetoothInCallService}, ComponentInfo{com.google.android.dialer/com.android.incallui.InCallServiceImpl}, ComponentInfo{com.qualcomm.qtil.btdsda/com.qualcomm.qtil.btdsda.BtDsDaService}, ComponentInfo{com.motorola.bach.modemstats/com.motorola.bach.modemstats.call.MPhoneInCallService}]: CSW.pE(cap)@ODE
11-04 20:41:22.049  2935  6689 D Telecom : CallsManager: onExtrasChanged call = [Call id=TC@11, state=DIALING, tpac=ComponentInfo{com.android.phone/com.android.services.telephony.TelephonyConnectionService}, 1, UserHandle{0}, cmgr=ComponentInfo{com.android.phone/com.android.services.telephony.TelephonyConnectionService}, 1, UserHandle{0}, handle=tel:%2B13526739015, vidst=A, childs(0), has_parent(false), cap=[ sup_hld mut sup_rtt], prop=[ HD], voip=false, gthpst=1, vzwAudioData=[VzwAudioData : UserSelectedAudioMode : -1 AudioMode : -1]], mIsConference(false)]: CSW.pE(cap)@ODE
11-04 20:41:22.049  2935  6689 V Telecom : MotoCallAudioModeStateMachine: updateAudioBand set to WB: CSW.pE(cap)@ODE
11-04 20:41:22.049  2935  6689 D Telecom : TelecomAnalytics: adding callTechnology for call TC@11: 4: CSW.pE(cap)@ODE
11-04 20:41:22.049  2935  6689 V Telecom : Logging: END_SUBSESSION (dur: 1 mS): CSW.pE(cap)@ODE
11-04 20:41:22.049  2935  6689 D Telecom : Logging: END_SESSION (dur: 1 ms): CSW.pE(cap)@ODE
11-04 20:41:22.049  2935  6689 D Telecom : Logging: START_SESSION
11-04 20:41:22.049  2935  4522 I Telecom : CallAudioModeStateMachine: Message received: null.
11-04 20:41:22.049  2935  6689 D Telecom : ConnectionServiceWrapper: CS -> TC[cap]: setConferenceableConnections TC@11_1 []: CSW.sCC(cap)@ODI
11-04 20:41:22.050  2935  6689 I Telecom : Event: RecordEntry TC@11: CONF_CALLS_CHANGED, : CSW.sCC(cap)@ODI
11-04 20:41:22.050  2935  6689 D Telecom : InCallController: mCallListener, onConferenceableCallsChanged: CSW.sCC(cap)@ODI
11-04 20:41:22.050  2935  6689 I Telecom : InCallController: Sending updateCall [Call id=TC@11, state=DIALING, tpac=ComponentInfo{com.android.phone/com.android.services.telephony.TelephonyConnectionService}, 1, UserHandle{0}, cmgr=ComponentInfo{com.android.phone/com.android.services.telephony.TelephonyConnectionService}, 1, UserHandle{0}, handle=tel:%2B13526739015, vidst=A, childs(0), has_parent(false), cap=[ sup_hld mut sup_rtt], prop=[ HD], voip=false, gthpst=1, vzwAudioData=[VzwAudioData : UserSelectedAudioMode : -1 AudioMode : -1]], mIsConference(false)]: CSW.sCC(cap)@ODI
11-04 20:41:22.051  2935  6689 I Telecom : InCallController: Components updated: [ComponentInfo{com.android.bluetooth/com.android.bluetooth.telephony.BluetoothInCallService}, ComponentInfo{com.google.android.dialer/com.android.incallui.InCallServiceImpl}, ComponentInfo{com.qualcomm.qtil.btdsda/com.qualcomm.qtil.btdsda.BtDsDaService}, ComponentInfo{com.motorola.bach.modemstats/com.motorola.bach.modemstats.call.MPhoneInCallService}]: CSW.sCC(cap)@ODI
11-04 20:41:22.051  2935  6689 V Telecom : Logging: END_SUBSESSION (dur: 2 mS): CSW.sCC(cap)@ODI
11-04 20:41:22.052  2935  6689 D Telecom : Logging: END_SESSION (dur: 2 ms): CSW.sCC(cap)@ODI
11-04 20:41:22.052  2935  6689 D Telecom : Logging: START_SESSION
11-04 20:41:22.052  2935  6689 D Telecom : ConnectionServiceWrapper: CS -> TC[cap]: setStatusHints TC@11_1 null: CSW.sSH(cap)@ODM
11-04 20:41:22.052  2935  6689 D Telecom : InCallController: mCallListener, onStatusHintsChanged: CSW.sSH(cap)@ODM
11-04 20:41:22.052  2935  6689 I Telecom : InCallController: Sending updateCall [Call id=TC@11, state=DIALING, tpac=ComponentInfo{com.android.phone/com.android.services.telephony.TelephonyConnectionService}, 1, UserHandle{0}, cmgr=ComponentInfo{com.android.phone/com.android.services.telephony.TelephonyConnectionService}, 1, UserHandle{0}, handle=tel:%2B13526739015, vidst=A, childs(0), has_parent(false), cap=[ sup_hld mut sup_rtt], prop=[ HD], voip=false, gthpst=1, vzwAudioData=[VzwAudioData : UserSelectedAudioMode : -1 AudioMode : -1]], mIsConference(false)]: CSW.sSH(cap)@ODM
11-04 20:41:22.053  2935  6689 I Telecom : InCallController: Components updated: [ComponentInfo{com.android.bluetooth/com.android.bluetooth.telephony.BluetoothInCallService}, ComponentInfo{com.google.android.dialer/com.android.incallui.InCallServiceImpl}, ComponentInfo{com.qualcomm.qtil.btdsda/com.qualcomm.qtil.btdsda.BtDsDaService}, ComponentInfo{com.motorola.bach.modemstats/com.motorola.bach.modemstats.call.MPhoneInCallService}]: CSW.sSH(cap)@ODM
11-04 20:41:22.053  2935  6689 V Telecom : Logging: END_SUBSESSION (dur: 1 mS): CSW.sSH(cap)@ODM
11-04 20:41:22.053  2935  6689 D Telecom : Logging: END_SESSION (dur: 1 ms): CSW.sSH(cap)@ODM
11-04 20:41:22.055  2935  4522 D Telecom : MotoCallAudioModeStateMachine: AudioMgr: set volte_band_limit=off takes 5 ms
11-04 20:41:22.055  2935  4522 W Telecom : Logging: Log.endSession was called with no session active.
11-04 20:41:22.081  3152  3152 I msm_dwc3_perf_vote_work: in_perf_mode:1, interrupts in last sample:1285
11-04 20:41:22.061  2935  6689 D PowerManagerService: acquireWakeLockInternal: lock=15568153, flags=0x1, tag=\"NotifyRegistrantLock\", ws=null, uid=10329, pid=4059, packageName=\"org.codeaurora.ims\", displayId=-1
11-04 20:41:22.081  3152  3152 I msm_dwc3_perf_vote_update: latency updated to: 2
11-04 20:41:22.061  2935  6672 D PowerManagerService: acquireWakeLockInternal: lock=222401840, flags=0x1, tag=\"RILJ_ACK_WL\", ws=null, uid=1001, pid=4118, packageName=\"com.android.phone\", displayId=-1
11-04 20:41:22.062  4118  4322 D MotoOemHookIndication: received oemhook indication 
11-04 20:41:22.062  4118  4322 D MotoExtTM: QcomOemHookIndicationProcess: processUnsolOemhookIndication: raw message=001C00040400000000000100
11-04 20:41:22.062  4118  4322 D MotoExtTM: QcomOemHookIndicationProcess: processUnsolOemhookIndication: msgId=67116032
11-04 20:41:22.062  4118  4322 D MotoExtTM: QcomOemHookIndicationProcess: handleNASSysInfo NRSysInfo(UpperlayerIndR15Available:false, NRSubcarrierSpacing:15 kHz)
11-04 20:41:22.063  4118  4207 D RILJ    : Unsol response received; Sending ack to ril.cpp [PHONE0]
11-04 20:41:22.063  4118  4207 D RILJ    : [UNSL]< UNSOL_RESPONSE_NETWORK_STATE_CHANGED [PHONE0]
11-04 20:41:22.063  4118  4661 D NRM-C-0 : onNetworkStateChanged
11-04 20:41:22.063  4118  4322 D MotoExtTM: QcomOemHookIndicationProcess: notifyOemHookRawEventForPhone 0
11-04 20:41:22.064  4059  4059 D MotoExtTM: MotoExtPhoneStateListener: mSubId=1 what=0x8000 msg={ when=0 what=32768 obj=[B@f832521 target=com.motorola.android.telephony.MotoExtPhoneStateListener$1 {781006a} sendThreadId=5682 sendThreadName=binder:4059_8 hashCode=92d6270 }
11-04 20:41:22.065  5326  5326 D MotoExtTM: MotoExtPhoneStateListener: mSubId=1 what=0x8000 msg={ when=0 what=32768 obj=[B@1d1ba98 target=com.motorola.android.telephony.MotoExtPhoneStateListener$1 {2224cdc} sendThreadId=5397 sendThreadName=binder:5326_2 hashCode=1220f6b }
11-04 20:41:22.065  5326  5326 D MotoExtTM: MotoExtPhoneStateListener: mSubId=1 what=0x8000 msg={ when=0 what=32768 obj=[B@6b6f2f1 target=com.motorola.android.telephony.MotoExtPhoneStateListener$1 {b46c30d} sendThreadId=16682 sendThreadName=binder:5326_5 hashCode=7f212ef }
11-04 20:41:22.067  4118  4118 D EmergencyNumberTracker: slotId:0 country:us emergencyNumbers: 911,000,112,999,*272911
11-04 20:41:22.067  4118  4118 D EmergencyNumberTracker: Search results - inRilEccList:false inEmergencyNumberTestList: false
11-04 20:41:22.069  2935  6672 D PowerManagerService: releaseWakeLockInternal: lock=170539112 [AudioMix], flags=0x0, packageName=\"audioserver\", displayId=-1
11-04 20:41:22.070  4118  4118 D EmergencyNumberTracker: slotId:0 country:us emergencyNumbers: 911,000,112,999,*272911
11-04 20:41:22.070  4118  4118 D EmergencyNumberTracker: Search results - inRilEccList:false inEmergencyNumberTestList: false
11-04 20:41:22.070  4118  4118 D SubscriptionController: [getSubId]- numSubIds == 0, return null slotIndex=1
11-04 20:41:22.070  4118  4118 D SubscriptionController: [getSubId]- numSubIds == 0, return null slotIndex=1
11-04 20:41:22.070  4118  4118 D SubscriptionController: [getSlotIndex]- subId invalid
11-04 20:41:22.070  4118  4118 D EmergencyNumberTracker: slotId:-1 country:us emergencyNumbers: 911,000,112,999,*272911
11-04 20:41:22.070  4118  4118 D EmergencyNumberTracker: Search results - inRilEccList:false inEmergencyNumberTestList: false
11-04 20:41:22.072  2935  6672 D PowerManagerService: acquireWakeLockInternal: lock=140632783, flags=0x1, tag=\"AudioMix\", ws=null, uid=1041, pid=0, packageName=\"audioserver\", displayId=-1
11-04 20:41:22.078  4118  4118 D SubscriptionController: getSubscriptionProperty Query value = -1
11-04 20:41:22.078  2935  4768 D PowerManagerService: releaseWakeLockInternal: lock=173908665 [AudioMix], flags=0x0, packageName=\"audioserver\", displayId=-1
11-04 20:41:22.081  2935  6689 D PowerManagerService: releaseWakeLockInternal: lock=145535349 [AudioMix], flags=0x0, packageName=\"audioserver\", displayId=-1
11-04 20:41:22.082  2935  6689 D PowerManagerService: releaseWakeLockInternal: lock=192627067 [AudioMix], flags=0x0, packageName=\"audioserver\", displayId=-1
11-04 20:41:22.083  2935  4768 D PowerManagerService: acquireWakeLockInternal: lock=98338874, flags=0x1, tag=\"AudioMix\", ws=null, uid=1041, pid=0, packageName=\"audioserver\", displayId=-1
11-04 20:41:22.084  2935  6689 D Telecom : Logging: START_SESSION
11-04 20:41:22.084  2935  6672 D PowerManagerService: acquireWakeLockInternal: lock=207534024, flags=0x1, tag=\"*telephony-radio*\", ws=null, uid=1001, pid=4118, packageName=\"com.android.phone\", displayId=-1
11-04 20:41:22.084  2935  6689 D Telecom : ConnectionServiceWrapper: CS -> TC[cap]: removeExtra TC@11_1 [android.telecom.extra.DISABLE_ADD_CALL]: CSW.rE(cap)@ODQ
11-04 20:41:22.084  2935  6689 I Telecom : InCallController: Sending updateCall [Call id=TC@11, state=DIALING, tpac=ComponentInfo{com.android.phone/com.android.services.telephony.TelephonyConnectionService}, 1, UserHandle{0}, cmgr=ComponentInfo{com.android.phone/com.android.services.telephony.TelephonyConnectionService}, 1, UserHandle{0}, handle=tel:%2B13526739015, vidst=A, childs(0), has_parent(false), cap=[ sup_hld mut sup_rtt], prop=[ HD], voip=false, gthpst=1, vzwAudioData=[VzwAudioData : UserSelectedAudioMode : -1 AudioMode : -1]], mIsConference(false)]: CSW.rE(cap)@ODQ
11-04 20:41:22.084  4118  4118 D RILJ    : [1304]> GET_ALLOWED_NETWORK_TYPES_BITMAP [PHONE0]
11-04 20:41:22.084  4118  4118 D SST     : [0] handleMessage: received event 2
11-04 20:41:22.085  4118  4118 D SST     : [0] pollState: modemTriggered=true, radioState=1
11-04 20:41:22.085  4118  4118 D SST     : [0] issuePollCommands
11-04 20:41:22.085  2935  6672 D PowerManagerService: acquireWakeLockInternal: lock=207534024, flags=0x1, tag=\"*telephony-radio*\", ws=WorkSource{1001 com.android.phone}, uid=1001, pid=4118, packageName=\"com.android.phone\", displayId=-1
11-04 20:41:22.085  4118  4118 D RILJ    : [1305]> OPERATOR [PHONE0]
11-04 20:41:22.085  2935  6689 I Telecom : InCallController: Components updated: [ComponentInfo{com.android.bluetooth/com.android.bluetooth.telephony.BluetoothInCallService}, ComponentInfo{com.google.android.dialer/com.android.incallui.InCallServiceImpl}, ComponentInfo{com.qualcomm.qtil.btdsda/com.qualcomm.qtil.btdsda.BtDsDaService}, ComponentInfo{com.motorola.bach.modemstats/com.motorola.bach.modemstats.call.MPhoneInCallService}]: CSW.rE(cap)@ODQ
11-04 20:41:22.085  2935  6689 V Telecom : Logging: END_SUBSESSION (dur: 1 mS): CSW.rE(cap)@ODQ
11-04 20:41:22.085  2935  6689 D Telecom : Logging: END_SESSION (dur: 1 ms): CSW.rE(cap)@ODQ
11-04 20:41:22.085  2935  6689 D PowerManagerService: acquireWakeLockInternal: lock=207534024, flags=0x1, tag=\"*telephony-radio*\", ws=WorkSource{1001 com.android.phone}, uid=1001, pid=4118, packageName=\"com.android.phone\", displayId=-1
11-04 20:41:22.086  4118  4661 D RILJ    : [1306]> DATA_REGISTRATION_STATE [PHONE0]
11-04 20:41:22.086  4118  4661 D RILJ    : getDataRegistrationState: overrideHalVersion=null [PHONE0]
11-04 20:41:22.086  2935  6672 D PowerManagerService: acquireWakeLockInternal: lock=207534024, flags=0x1, tag=\"*telephony-radio*\", ws=WorkSource{1001 com.android.phone}, uid=1001, pid=4118, packageName=\"com.android.phone\", displayId=-1
11-04 20:41:22.086  4118  4322 D RILJ    : [1304]< GET_ALLOWED_NETWORK_TYPES_BITMAP {840583} [PHONE0]
11-04 20:41:22.086  2935  6689 D PowerManagerService: acquireWakeLockInternal: lock=58807721, flags=0x1, tag=\"IWLAN_PROXY_WL\", ws=null, uid=10150, pid=3949, packageName=\"vendor.qti.iwlan\", displayId=-1
11-04 20:41:22.086  4118  4118 D RILJ    : [1307]> QUERY_NETWORK_SELECTION_MODE [PHONE0]
11-04 20:41:22.087  4118  4118 D MotoExtTM: MotoExtPhoneStateListener: mSubId=-1 what=0x8000 msg={ when=-23ms what=32768 obj=[B@3e9443e target=com.motorola.android.telephony.MotoExtPhoneStateListener$1 {45ce5f9} sendThreadId=4207 sendThreadName=binder:4118_2 hashCode=8bdff44 }
11-04 20:41:22.087  4118  4118 D DPM-1   : DcPhoneStateListener: oem msgId=67116032 secondId=4
11-04 20:41:22.089  2935  3246 D AutomaticBrightnessController[0]: Receive new lux[rear]=0.0
11-04 20:41:22.089  2935  3246 D AutomaticBrightnessController[0]: handleCombineLightSensorEvent mFrontLux=123.75 mRearLux=0.0 mLightSensor=TCS3720 Ambient Light Sensor Non-wakeup mLightSensorEnableTime=187555130 (32643 ms ago)
11-04 20:41:22.089  2935  3246 D AutomaticBrightnessController[0]: Receive new lux[rear]=0.0
11-04 20:41:22.089  2935  3246 D AutomaticBrightnessController[0]: handleCombineLightSensorEvent mFrontLux=123.75 mRearLux=0.0 mLightSensor=TCS3720 Ambient Light Sensor Non-wakeup mLightSensorEnableTime=187555130 (32643 ms ago)
11-04 20:41:22.089  2935  3246 D AutomaticBrightnessController[0]: Receive new lux[rear]=0.0
11-04 20:41:22.089  2935  3246 D AutomaticBrightnessController[0]: handleCombineLightSensorEvent mFrontLux=123.75 mRearLux=0.0 mLightSensor=TCS3720 Ambient Light Sensor Non-wakeup mLightSensorEnableTime=187555130 (32643 ms ago)
11-04 20:41:22.089  2935  3246 D AutomaticBrightnessController[0]: Receive new lux[rear]=0.0
11-04 20:41:22.089  2935  3246 D AutomaticBrightnessController[0]: handleCombineLightSensorEvent mFrontLux=123.75 mRearLux=0.0 mLightSensor=TCS3720 Ambient Light Sensor Non-wakeup mLightSensorEnableTime=187555130 (32643 ms ago)
11-04 20:41:22.089  2935  3246 D AutomaticBrightnessController[0]: Receive new lux[rear]=0.0
11-04 20:41:22.089  2935  3246 D AutomaticBrightnessController[0]: handleCombineLightSensorEvent mFrontLux=123.75 mRearLux=0.0 mLightSensor=TCS3720 Ambient Light Sensor Non-wakeup mLightSensorEnableTime=187555130 (32643 ms ago)
11-04 20:41:22.090  4118  4207 D NRM-I-0 : onRequestNetworkRegistrationInfoComplete result: 0, info: NetworkRegistrationInfo{ domain=PS transportType=WLAN registrationState=NOT_REG_OR_SEARCHING roamingType=NOT_ROAMING accessNetworkTechnology=UNKNOWN rejectCause=0 emergencyEnabled=false availableServices=[] cellIdentity=null voiceSpecificInfo=null dataSpecificInfo=null nrState=NONE rRplmn= isUsingCarrierAggregation=false}
11-04 20:41:22.091  2935  6672 D PowerManagerService: releaseWakeLockInternal: lock=58807721 [IWLAN_PROXY_WL], flags=0x0, packageName=\"vendor.qti.iwlan\", displayId=-1
11-04 20:41:22.091  4118  4118 D SST     : [0] handleMessage: received event 6
11-04 20:41:22.091  4118  4118 D SST     : [0] QTISST: handlePollStateResultMessage processing 6
11-04 20:41:22.091  4118  4118 D SST     : [0] handlePollStateResultMessage: PS IWLAN. NetworkRegistrationInfo{ domain=PS transportType=WLAN registrationState=NOT_REG_OR_SEARCHING roamingType=NOT_ROAMING accessNetworkTechnology=UNKNOWN rejectCause=0 emergencyEnabled=false availableServices=[] cellIdentity=null voiceSpecificInfo=null dataSpecificInfo=null nrState=NONE rRplmn= isUsingCarrierAggregation=false}
11-04 20:41:22.092  2935  4768 D PowerManagerService: acquireWakeLockInternal: lock=207534024, flags=0x1, tag=\"*telephony-radio*\", ws=WorkSource{1001 com.android.phone}, uid=1001, pid=4118, packageName=\"com.android.phone\", displayId=-1
11-04 20:41:22.092  4118  4661 D RILJ    : [1308]> VOICE_REGISTRATION_STATE [PHONE0]
11-04 20:41:22.092  4118  4661 D RILJ    : getVoiceRegistrationState: overrideHalVersion=null [PHONE0]
11-04 20:41:22.093  4118  4322 D MotoOemHookIndication: received oemhook indication 
11-04 20:41:22.094  4118  4322 D MotoExtTM: QcomOemHookIndicationProcess: processUnsolOemhookIndication: raw message=001F00040400000000000100
11-04 20:41:22.094  4118  4322 D MotoExtTM: QcomOemHookIndicationProcess: processUnsolOemhookIndication: msgId=67116800
11-04 20:41:22.094  4118  4322 D MotoExtTM: QcomOemHookIndicationProcess: HST isValid=0 isInHST=0 i=0
11-04 20:41:22.094  4118  4322 D MotoExtTM: QcomOemHookIndicationProcess: HST isValid=1 isInHST=0 i=2
11-04 20:41:22.094  4118  4322 D MotoExtTM: QcomOemHookIndicationProcess: OEM_RIL_UNSOL_HST_INFO_IND isInHSTMode=false len=4
11-04 20:41:22.094  4118  4322 D MotoExtTM: QcomOemHookIndicationProcess: notifyOemHookRawEventForPhone 0
11-04 20:41:22.096  4059  4059 D MotoExtTM: MotoExtPhoneStateListener: mSubId=1 what=0x8000 msg={ when=0 what=32768 obj=[B@8ad0d46 target=com.motorola.android.telephony.MotoExtPhoneStateListener$1 {781006a} sendThreadId=5682 sendThreadName=binder:4059_8 hashCode=92d6270 }
11-04 20:41:22.096  4118  4118 D MotoExtTM: MotoExtPhoneStateListener: mSubId=-1 what=0x8000 msg={ when=0 what=32768 obj=[B@311229f target=com.motorola.android.telephony.MotoExtPhoneStateListener$1 {45ce5f9} sendThreadId=7405 sendThreadName=binder:4118_E hashCode=cd25fec }
11-04 20:41:22.096  4118  4118 D DPM-1   : DcPhoneStateListener: oem msgId=67116800 secondId=4
11-04 20:41:22.096  5326  5326 D MotoExtTM: MotoExtPhoneStateListener: mSubId=1 what=0x8000 msg={ when=-1ms what=32768 obj=[B@1510ed6 target=com.motorola.android.telephony.MotoExtPhoneStateListener$1 {2224cdc} sendThreadId=16682 sendThreadName=binder:5326_5 hashCode=7f212ef }
11-04 20:41:22.096  5326  5326 D MotoExtTM: MotoExtPhoneStateListener: mSubId=1 what=0x8000 msg={ when=0 what=32768 obj=[B@18cb557 target=com.motorola.android.telephony.MotoExtPhoneStateListener$1 {b46c30d} sendThreadId=5397 sendThreadName=binder:5326_2 hashCode=1220f6b }
11-04 20:41:22.098  4118  7405 D SubscriptionController: [getActiveSubscriptionInfoForSimSlotIndex]+ slotIndex=0 subId={id=1 iccId=89105110012005978617 simSlotIndex=0 carrierId=2518 displayName=Boost carrierName=Boost nameSource=4 iconTint=-16746133 number=13526739016 dataRoaming=1 iconBitmap=android.graphics.Bitmap@b7fd696 mcc=313 mnc=340 countryIso=us isEmbedded=false nativeAccessRules=null cardString=89105110012005978617 cardId=0 portIndex=0 isOpportunistic=false groupUUID=null isGroupDisabled=false profileClass=-1 ehplmns=[313340, 313350] hplmns=[313340, 313350, 313350] subscriptionType=0 groupOwner=null carrierConfigAccessRules=null areUiccApplicationsEnabled=true usageSetting=0}
11-04 20:41:22.105  2935  6672 D PowerManagerService: acquireWakeLockInternal: lock=222401840, flags=0x1, tag=\"RILJ_ACK_WL\", ws=null, uid=1001, pid=4118, packageName=\"com.android.phone\", displayId=-1
11-04 20:41:22.105  4118  7405 D RILJ    : Unsol response received; Sending ack to ril.cpp [PHONE0]
11-04 20:41:22.105  4118  7405 D RILJ    : [UNSL]< UNSOL_RESPONSE_NETWORK_STATE_CHANGED [PHONE0]
11-04 20:41:22.105  4118  4661 D NRM-C-0 : onNetworkStateChanged
11-04 20:41:22.106  4118  4118 D SST     : [0] handleMessage: received event 2
11-04 20:41:22.106  4118  4118 D SST     : [0] pollState: modemTriggered=true, radioState=1
11-04 20:41:22.106  4118  4118 D SST     : [0] issuePollCommands
11-04 20:41:22.106  4118  7405 D MotoOemHookIndication: received oemhook indication 
11-04 20:41:22.106  2935  6672 D PowerManagerService: acquireWakeLockInternal: lock=207534024, flags=0x1, tag=\"*telephony-radio*\", ws=WorkSource{1001 com.android.phone}, uid=1001, pid=4118, packageName=\"com.android.phone\", displayId=-1
11-04 20:41:22.106  4118  7405 D MotoExtTM: QcomOemHookIndicationProcess: processUnsolOemhookIndication: raw message=001C00040400000000000100
11-04 20:41:22.106  4118  7405 D MotoExtTM: QcomOemHookIndicationProcess: processUnsolOemhookIndication: msgId=67116032
11-04 20:41:22.106  4118  7405 D MotoExtTM: QcomOemHookIndicationProcess: handleNASSysInfo NRSysInfo(UpperlayerIndR15Available:false, NRSubcarrierSpacing:15 kHz)
11-04 20:41:22.106  4118  4118 D RILJ    : [1310]> OPERATOR [PHONE0]
11-04 20:41:22.106  2935  4768 D PowerManagerService: acquireWakeLockInternal: lock=15568153, flags=0x1, tag=\"NotifyRegistrantLock\", ws=null, uid=10329, pid=4059, packageName=\"org.codeaurora.ims\", displayId=-1
11-04 20:41:22.107  4118  7405 D MotoExtTM: QcomOemHookIndicationProcess: notifyOemHookRawEventForPhone 0
11-04 20:41:22.107  2935  4768 D PowerManagerService: acquireWakeLockInternal: lock=207534024, flags=0x1, tag=\"*telephony-radio*\", ws=WorkSource{1001 com.android.phone}, uid=1001, pid=4118, packageName=\"com.android.phone\", displayId=-1
11-04 20:41:22.107  4118  4118 D RILJ    : [1311]> QUERY_NETWORK_SELECTION_MODE [PHONE0]
11-04 20:41:22.107  2935  4768 D PowerManagerService: acquireWakeLockInternal: lock=58807721, flags=0x1, tag=\"IWLAN_PROXY_WL\", ws=null, uid=10150, pid=3949, packageName=\"vendor.qti.iwlan\", displayId=-1
11-04 20:41:22.108  5326  5326 D MotoExtTM: MotoExtPhoneStateListener: mSubId=1 what=0x8000 msg={ when=0 what=32768 obj=[B@73e844 target=com.motorola.android.telephony.MotoExtPhoneStateListener$1 {b46c30d} sendThreadId=16682 sendThreadName=binder:5326_5 hashCode=1220f6b }
11-04 20:41:22.108  5326  5326 D MotoExtTM: MotoExtPhoneStateListener: mSubId=1 what=0x8000 msg={ when=0 what=32768 obj=[B@ab6cd2d target=com.motorola.android.telephony.MotoExtPhoneStateListener$1 {2224cdc} sendThreadId=5397 sendThreadName=binder:5326_2 hashCode=7f212ef }
11-04 20:41:22.108  4118  4118 D MotoExtTM: MotoExtPhoneStateListener: mSubId=-1 what=0x8000 msg={ when=0 what=32768 obj=[B@e31d231 target=com.motorola.android.telephony.MotoExtPhoneStateListener$1 {45ce5f9} sendThreadId=4322 sendThreadName=binder:4118_5 hashCode=cd25fec }
11-04 20:41:22.108  4118  4118 D DPM-1   : DcPhoneStateListener: oem msgId=67116032 secondId=4
11-04 20:41:22.108  4059  4059 D MotoExtTM: MotoExtPhoneStateListener: mSubId=1 what=0x8000 msg={ when=0 what=32768 obj=[B@5de2b07 target=com.motorola.android.telephony.MotoExtPhoneStateListener$1 {781006a} sendThreadId=5682 sendThreadName=binder:4059_8 hashCode=92d6270 }
11-04 20:41:22.109  2935  6689 D PowerManagerService: acquireWakeLockInternal: lock=207534024, flags=0x1, tag=\"*telephony-radio*\", ws=WorkSource{1001 com.android.phone}, uid=1001, pid=4118, packageName=\"com.android.phone\", displayId=-1
11-04 20:41:22.109  4118  4661 D RILJ    : [1312]> DATA_REGISTRATION_STATE [PHONE0]
11-04 20:41:22.109  4118  4661 D RILJ    : getDataRegistrationState: overrideHalVersion=null [PHONE0]
11-04 20:41:22.110  2935  6689 D PowerManagerService: acquireWakeLockInternal: lock=207534024, flags=0x1, tag=\"*telephony-radio*\", ws=WorkSource{1001 com.android.phone}, uid=1001, pid=4118, packageName=\"com.android.phone\", displayId=-1
11-04 20:41:22.110  4118  4661 D RILJ    : [1313]> VOICE_REGISTRATION_STATE [PHONE0]
11-04 20:41:22.110  4118  4661 D RILJ    : getVoiceRegistrationState: overrideHalVersion=null [PHONE0]
11-04 20:41:22.111  2935  6689 I framework_stats_log: [SCHEDULED_JOB_STATE_CHANGED, [10178], [null], com.dish.wireless.activation/androidx.work.impl.background.systemjob.SystemJobService, 2, -1, 6, 21629, false, true, false, false, false, false, true, false, false, false, 0, false, 400, 400, 0]
11-04 20:41:22.112  2935  6689 D PowerManagerService: acquireWakeLockInternal: lock=234281544, flags=0x1, tag=\"*job*/com.dish.wireless.activation/androidx.work.impl.background.systemjob.SystemJobService\", ws=WorkSource{10178 com.dish.wireless.activation}, uid=1000, pid=2935, packageName=\"android\", displayId=-1
11-04 20:41:22.112  2935  6689 D PowerManagerService: acquireWakeLockInternal: lock=72159457, flags=0x1, tag=\"*job*/com.dish.wireless.activation/androidx.work.impl.background.systemjob.SystemJobService\", ws=WorkSource{10178 com.dish.wireless.activation}, uid=1000, pid=2935, packageName=\"android\", displayId=-1
11-04 20:41:22.113  2935  4768 D PowerManagerService: releaseWakeLockInternal: lock=58807721 [IWLAN_PROXY_WL], flags=0x0, packageName=\"vendor.qti.iwlan\", displayId=-1
11-04 20:41:22.113  4118  7405 D NRM-I-0 : onRequestNetworkRegistrationInfoComplete result: 0, info: NetworkRegistrationInfo{ domain=PS transportType=WLAN registrationState=NOT_REG_OR_SEARCHING roamingType=NOT_ROAMING accessNetworkTechnology=UNKNOWN rejectCause=0 emergencyEnabled=false availableServices=[] cellIdentity=null voiceSpecificInfo=null dataSpecificInfo=null nrState=NONE rRplmn= isUsingCarrierAggregation=false}
11-04 20:41:22.113  2935  6689 D ActivityManager: Set 8946 com.dish.wireless.activation adj 100: service (ProcessRecord{d51e26c 2935:system/1000})
11-04 20:41:22.113  4118  7405 D RILJ    : [1305]< OPERATOR {Boost, BST, 313340} [PHONE0]
11-04 20:41:22.113  2935  6689 I framework_stats_log: [SERVICE_LAUNCH_REPORTED, 10178, com.dish.wireless.activation, androidx.work.impl.background.systemjob.SystemJobService]
11-04 20:41:22.113  4118  4118 D SST     : [0] handleMessage: received event 6
11-04 20:41:22.113  4118  4118 D SST     : [0] QTISST: handlePollStateResultMessage processing 6
11-04 20:41:22.113  4118  4118 D SST     : [0] handlePollStateResultMessage: PS IWLAN. NetworkRegistrationInfo{ domain=PS transportType=WLAN registrationState=NOT_REG_OR_SEARCHING roamingType=NOT_ROAMING accessNetworkTechnology=UNKNOWN rejectCause=0 emergencyEnabled=false availableServices=[] cellIdentity=null voiceSpecificInfo=null dataSpecificInfo=null nrState=NONE rRplmn= isUsingCarrierAggregation=false}
11-04 20:41:22.113  4118  4118 D SST     : [0] handleMessage: received event 7
11-04 20:41:22.113  4118  4322 D RILJ    : [1310]< OPERATOR {Boost, BST, 313340} [PHONE0]
11-04 20:41:22.113  4118  4118 D SST     : [0] handleMessage: received event 7
11-04 20:41:22.114  4118  4118 D SST     : [0] QTISST: handlePollStateResultMessage processing 7
11-04 20:41:22.115  2935  6689 I framework_stats_log: [SERVICE_REQUEST_EVENT_REPORTED, 10178, 1000, null, 2, false, 1]
11-04 20:41:22.115  2935  6689 I framework_stats_log: [SCHEDULED_JOB_STATE_CHANGED, [10178], [null], com.dish.wireless.activation/androidx.work.impl.background.systemjob.SystemJobService, 1, -1, 6, 21629, false, true, false, false, false, false, true, false, false, false, 0, false, 400, 400, 0]
11-04 20:41:22.115  2935  6689 D PowerManagerService: releaseWakeLockInternal: lock=234281544 [*job*/com.dish.wireless.activation/androidx.work.impl.background.systemjob.SystemJobService], flags=0x0, packageName=\"android\", displayId=-1
11-04 20:41:22.117  4118  7405 V RILJ    : [UNSL]< UNSOL_SIGNAL_STRENGTH SignalStrength:{mCdma=CellSignalStrengthCdma: cdmaDbm=2147483647 cdmaEcio=2147483647 evdoDbm=2147483647 evdoEcio=2147483647 evdoSnr=2147483647 level=0,mGsm=CellSignalStrengthGsm: rssi=2147483647 ber=2147483647 mTa=2147483647 mLevel=0,mWcdma=CellSignalStrengthWcdma: ss=2147483647 ber=2147483647 rscp=2147483647 ecno=2147483647 level=0,mTdscdma=CellSignalStrengthTdscdma: rssi=2147483647 ber=2147483647 rscp=2147483647 level=0,mLte=CellSignalStrengthLte: rssi=2147483647 rsrp=2147483647 rsrq=2147483647 rssnr=2147483647 cqiTableIndex=2147483647 cqi=2147483647 ta=2147483647 level=0 parametersUseForLevel=1,mNr=CellSignalStrengthNr:{ csiRsrp = 2147483647 csiRsrq = 2147483647 csiCqiTableIndex = 2147483647 csiCqiReport = [] ssRsrp = -111 ssRsrq = -12 ssSinr = 5 level = 1 parametersUseForLevel = 1 },primary=CellSignalStrengthNr,mMaxLevel=4} [PHONE0]
11-04 20:41:22.119  4118  4322 D MotoOemHookIndication: received oemhook indication 
11-04 20:41:22.120  2935  3227 I framework_stats_log: [PHONE_SIGNAL_STRENGTH_CHANGED, 3]
11-04 20:41:22.121  2935  3183 D BroadcastQueue_background: broadcastBegin: hashCode=237558301, Parallel, toUser=0, dispatchTime=1, ordered=false, sticky=false, Intent { act=com.motorola.motocare.INTENT_TRIGGER flg=0x10 (has extras) }
11-04 20:41:22.121  2935  3183 D BroadcastQueue: broadcastComplete: hashCode=237558301, Parallel, costTime=0
11-04 20:41:22.121  2935  3183 D BroadcastQueue:     app=12606:com.motorola.motocare/u0a303, receiver=android.os.BinderProxy@bae6c77, costTime=0
11-04 20:41:22.123  2935  6689 I framework_stats_log: [SERVICE_STATE_CHANGED, 10303, com.motorola.motocare, com.motorola.motocare.MotoCareService, 1]
11-04 20:41:22.124  2935  6689 D ActivityManager: Set 12606 com.motorola.motocare adj 0: exec-service (null)
11-04 20:41:22.124  2935  6689 I framework_stats_log: [SERVICE_REQUEST_EVENT_REPORTED, 10303, 10303, INTENT_TRIGGER, 1, false, 2]
11-04 20:41:22.125  4118  4322 D MotoExtTM: QcomOemHookIndicationProcess: processUnsolOemhookIndication: raw message=0019000400000000
11-04 20:41:22.125  4118  4322 D MotoExtTM: QcomOemHookIndicationProcess: processUnsolOemhookIndication: msgId=67115264
11-04 20:41:22.125  4118  4322 D MotoExtTM: QcomOemHookIndicationProcess: notifyOemHookRawEventForPhone 0
11-04 20:41:22.125  2935  3833 D ActivityManager: Set 12606 com.motorola.motocare adj 800: started-services (null)
11-04 20:41:22.127  4118  4661 D NRM-C-0 : onRequestNetworkRegistrationInfoComplete result: 0, info: NetworkRegistrationInfo{ domain=PS transportType=WWAN registrationState=HOME roamingType=NOT_ROAMING accessNetworkTechnology=NR rejectCause=0 emergencyEnabled=false availableServices=[DATA] cellIdentity=CellIdentityNr:{ mPci = 70 mTac = 87697 mNrArfcn = 129370 mBands = [71] mMcc = 313 mMnc = 340 mNci = 3584024771 mAlphaLong = Boost mAlphaShort = BST mAdditionalPlmns = {} mSnpnInfo = null mCagInfo = null } voiceSpecificInfo=null dataSpecificInfo=android.telephony.DataSpecificRegistrationInfo :{ maxDataCalls = 16 isDcNrRestricted = false isNrAvailable = false isEnDcAvailable = false NrVopsSupportInfo :  mVopsSupport = 1 mEmcSupport = 1 mEmfSupport = 0 } nrState=NONE rRplmn=313340 isUsingCarrierAggregation=false}
11-04 20:41:22.128  4118  4118 D SST     : [0] handleMessage: received event 5
11-04 20:41:22.129  4118  7405 D RILJ    : [1306]< DATA_REGISTRATION_STATE android.hardware.radio.network.RegStateResult{regState: REG_HOME, rat: NR, reasonForDenial: NONE, cellIdentity: android.hardware.radio.network.CellIdentity.nr(android.hardware.radio.network.CellIdentityNr{mcc: 313, mnc: 340, nci: 3584024771, pci: 70, tac: 87697, nrarfcn: 129370, operatorNames: android.hardware.radio.network.OperatorInfo{alphaLong: Boost, alphaShort: BST, operatorNumeric: 313340, status: 2}, additionalPlmns: [], bands: [BAND_71]}), registeredPlmn: 313340, accessTechnologySpecificInfo: android.hardware.radio.network.AccessTechnologySpecificInfo.ngranNrVopsInfo(android.hardware.radio.network.NrVopsInfo{vopsSupported: 1, emcSupported: 1, emfSupported: 0})} [PHONE0]
11-04 20:41:22.129  4118  7405 D RILJ    : [1312]< DATA_REGISTRATION_STATE android.hardware.radio.network.RegStateResult{regState: REG_HOME, rat: NR, reasonForDenial: NONE, cellIdentity: android.hardware.radio.network.CellIdentity.nr(android.hardware.radio.network.CellIdentityNr{mcc: 313, mnc: 340, nci: 3584024771, pci: 70, tac: 87697, nrarfcn: 129370, operatorNames: android.hardware.radio.network.OperatorInfo{alphaLong: Boost, alphaShort: BST, operatorNumeric: 313340, status: 2}, additionalPlmns: [], bands: [BAND_71]}), registeredPlmn: 313340, accessTechnologySpecificInfo: android.hardware.radio.network.AccessTechnologySpecificInfo.ngranNrVopsInfo(android.hardware.radio.network.NrVopsInfo{vopsSupported: 1, emcSupported: 1, emfSupported: 0})} [PHONE0]
11-04 20:41:22.130  4118  4661 D NRM-C-0 : onRequestNetworkRegistrationInfoComplete result: 0, info: NetworkRegistrationInfo{ domain=PS transportType=WWAN registrationState=HOME roamingType=NOT_ROAMING accessNetworkTechnology=NR rejectCause=0 emergencyEnabled=false availableServices=[DATA] cellIdentity=CellIdentityNr:{ mPci = 70 mTac = 87697 mNrArfcn = 129370 mBands = [71] mMcc = 313 mMnc = 340 mNci = 3584024771 mAlphaLong = Boost mAlphaShort = BST mAdditionalPlmns = {} mSnpnInfo = null mCagInfo = null } voiceSpecificInfo=null dataSpecificInfo=android.telephony.DataSpecificRegistrationInfo :{ maxDataCalls = 16 isDcNrRestricted = false isNrAvailable = false isEnDcAvailable = false NrVopsSupportInfo :  mVopsSupport = 1 mEmcSupport = 1 mEmfSupport = 0 } nrState=NONE rRplmn=313340 isUsingCarrierAggregation=false}
11-04 20:41:22.130  4118  4661 D CellularNetworkService: No access tech specific info passes for RegStateResult
