10-09 18:25:05.454  3847  3847 D Telecom-Call: internalUpdate - stateChanged: false, detailsChanged: false, videoCallChanged: false, isRttChanged: false, rttModeChanged: false, cannedTextResChanged: false, parentChanged: false, childrenChanged: false, activeChildChanged: false
10-09 18:25:05.454 23994 24042 D Telecom-InCallService: InCallServiceBinder - updateCall: id(TC@261), state(DIALING), [Capabilities: CAPABILITY_SUPPORT_HOLD CAPABILITY_MUTE CAPABILITY_CANNOT_DOWNGRADE_VIDEO_TO_AUDIO]
10-09 18:25:05.455  2233  2233 D Telephony: GsmConnection: refreshConferenceSupported = true.
10-09 18:25:05.455  2233  2233 I Telephony: GsmConnection: shouldSetDisableAddCallExtra
10-09 18:25:05.455 23994 23994 D Telecom-InCallService: handleMessage: UPDATE_CALL
10-09 18:25:05.455  3847 20583 D Telecom-InCallService: InCallServiceBinder - updateCall: id(TC@261), state(DIALING), [Capabilities: CAPABILITY_SUPPORT_HOLD CAPABILITY_MUTE CAPABILITY_CANNOT_DOWNGRADE_VIDEO_TO_AUDIO]
10-09 18:25:05.455  2233  2233 I Telephony: SamsungConnectionExtraAddCall: shouldSetDisableAddCallExtraForVideo, videoState : 0
10-09 18:25:05.455  3847  3847 D Telecom-InCallService: handleMessage: UPDATE_CALL
10-09 18:25:05.455  2233  2233 I Telephony: GsmConnection: shouldSetDisableAddCallExtra, isCurrentVideoCall : false, wasVideoCall : false, isWifi() : false
10-09 18:25:05.456  1277  1718 W BroadcastQueue: Permission Denial: receiving Intent { act=android.intent.action.PHONE_STATE flg=0x1000010 (has extras) } to ProcessRecord{5f2494d 13058:jp.co.cyberagent.stf/u0a297} (pid=13058, uid=10297) requires android.permission.READ_PRIVILEGED_PHONE_STATE due to sender android (uid 1000)
10-09 18:25:05.456  3847  3847 D Telecom-Call: internalUpdate - stateChanged: false, detailsChanged: false, videoCallChanged: false, isRttChanged: false, rttModeChanged: false, cannedTextResChanged: false, parentChanged: false, childrenChanged: false, activeChildChanged: false
10-09 18:25:05.456  2233  2233 D SecImsManager: isWfcEnabledByPlatform
10-09 18:25:05.456 23994 23994 D Telecom-Call: internalUpdate - stateChanged: false, detailsChanged: false, videoCallChanged: false, isRttChanged: false, rttModeChanged: false, cannedTextResChanged: false, parentChanged: false, childrenChanged: false, activeChildChanged: false
10-09 18:25:05.456  2233  2233 D SecImsManager: isWfcEnabledByUser
10-09 18:25:05.456 23994 23994 D Telecom-InCallService: handleMessage: UPDATE_CALL
10-09 18:25:05.456  2233  2233 D ImsUtil : isWfcEnabled :: isEnabledByPlatform=true phoneId=0
10-09 18:25:05.456  2233  2233 D ImsUtil : isWfcEnabled :: isEnabledByUser=false phoneId=0
10-09 18:25:05.456 23994 23994 D Telecom-Call: internalUpdate - stateChanged: false, detailsChanged: false, videoCallChanged: false, isRttChanged: false, rttModeChanged: false, cannedTextResChanged: false, parentChanged: false, childrenChanged: false, activeChildChanged: false
10-09 18:25:05.456   978   978 I sensors-hal: sendContextData:285, sensor hal 4, (0xb4, 0x11, 0xd9, 0x0)
10-09 18:25:05.456   978   978 I sensors-hal: sendContextData:226, activities 4 b4, 1
10-09 18:25:05.456  2233  2233 D Telephony: GsmConnection: refreshDisableAddCall, shouldSetDisableAddCallExtra is false
10-09 18:25:05.456   978   978 I sensors-hal: sendUserData:247, Activities cmd 0xb4 0x11
10-09 18:25:05.456  2233  2233 I SemTelephonyHandlerHelper: handleMessage: what=89
10-09 18:25:05.456  2233  2233 D SemTelephonyHandlerHelper: CMD_CHECK_CALL_CONTROL
10-09 18:25:05.456 11295 11295 I SCallUI : TelecomAdapter - setUp
10-09 18:25:05.457  2263  2491 V BluetoothEventManager: onReceive :: android.intent.action.PHONE_STATE
10-09 18:25:05.457 11295 11295 I SCallUI : CallRepository - CallUIPerf: CallFlow: CallRepository is created, hashCode: 9f6cfd7
10-09 18:25:05.457   978   978 I sensors-hal: create_send_context_data:79, sending create_send_context_data
10-09 18:25:05.457  2263  2263 D IndicatorTouchHandler: samsung.intent.action.PHONE_STATE GED=true, Samsung=true
10-09 18:25:05.457  1277 11335 I InputManager.ControlWakeKey: setWakeKeyDynamically: pkg=com.android.server.telecom, uid=1000, keyCodes=114,115, put=true
10-09 18:25:05.458  1277  1299 I Telecom : ConnectionServiceWrapper: CS -> TC[cap]: removeExtra TC@261_1 [android.telecom.extra.DISABLE_ADD_CALL]: CSW.rE(cap)@8u4
10-09 18:25:05.458   978   978 I sensors-hal: send_context_data:651, activities, 4914309220830019584, 1320970896291267344, msgid:700
10-09 18:25:05.458  2233  2233 D GsmCdmaPhone: [0] isCallControlSupport: disabled csc feature for ims call control
10-09 18:25:05.458  1277  1299 I Telecom : InCallController: Sending updateCall [Call id=TC@261, state=DIALING, tpac=ComponentInfo{com.android.phone/com.android.services.telephony.TelephonyConnectionService}, 1, UserHandle{0}, cmgr=ComponentInfo{com.android.phone/com.android.services.telephony.TelephonyConnectionService}, 1, UserHandle{0}, handle=tel:**********, vidst=A, childs(0), has_parent(false), cap=[ sup_hld mut !v2a], prop=[]], voip=falsecaps=[Capabilities: CAPABILITY_SUPPORT_HOLD CAPABILITY_MUTE CAPABILITY_CANNOT_DOWNGRADE_VIDEO_TO_AUDIO], props=[Properties:], conf(false), had_child(false): CSW.rE(cap)@8u4
10-09 18:25:05.458 13058 13058 I STFPhoneStateMonitor: Bundle[{state=OFFHOOK}]
10-09 18:25:05.459  1277 11335 D InputManager.ControlWakeKey: mWakeKeyRefCount(114) is increased: 1
10-09 18:25:05.459  1277 11335 D InputManager.ControlWakeKey: mWakeKeyRefCount(115) is increased: 1
10-09 18:25:05.459  2233  2233 E SemTelephonyHandlerHelper: checkCallControl: fail to check call control
10-09 18:25:05.459  1277 11335 I InputManager.ControlWakeKey: FileOutputStreamvolume is passed
10-09 18:25:05.459  1277  1299 I Telecom : InCallController: Components updated: [ComponentInfo{com.google.android.googlequicksearchbox/com.google.android.libraries.search.assistant.incallservice.IncomingCallInCallService}, ComponentInfo{com.google.android.as/com.google.android.apps.miphone.aiai.captions.tulip.audiosource.impl.CIS}]: CSW.rE(cap)@8u4
10-09 18:25:05.459 23994 24042 D Telecom-InCallService: InCallServiceBinder - updateCall: id(TC@261), state(DIALING), [Capabilities: CAPABILITY_SUPPORT_HOLD CAPABILITY_MUTE CAPABILITY_CANNOT_DOWNGRADE_VIDEO_TO_AUDIO]
10-09 18:25:05.460  3847 20583 D Telecom-InCallService: InCallServiceBinder - updateCall: id(TC@261), state(DIALING), [Capabilities: CAPABILITY_SUPPORT_HOLD CAPABILITY_MUTE CAPABILITY_CANNOT_DOWNGRADE_VIDEO_TO_AUDIO]
10-09 18:25:05.460  3847  3847 D Telecom-InCallService: handleMessage: UPDATE_CALL
10-09 18:25:05.460 13058 13058 D STFPhoneStateMonitor: Call Picked Up
10-09 18:25:05.460  3847  3847 D Telecom-Call: internalUpdate - stateChanged: false, detailsChanged: false, videoCallChanged: false, isRttChanged: false, rttModeChanged: false, cannedTextResChanged: false, parentChanged: false, childrenChanged: false, activeChildChanged: false
10-09 18:25:05.460   978 18589 I sensors-hal: ssc_conn_resp_cb:898, resp_value = 0
10-09 18:25:05.460   978   978 I sensors-hal: sendContextData:91, common_info 4
10-09 18:25:05.460   978   978 I sensors-hal: sendUserData:114, CommonInfo 0xb4 0x11 0xd9 0x0
10-09 18:25:05.460   978   978 I sensors-hal: create_send_context_data:67, sending create_send_context_data
10-09 18:25:05.460  2263  2263 D PowerUI : mPhoneStateListener onCallStateChanged(): state= 2 mIsShutdownTaskDelayed = false
10-09 18:25:05.460  1277 11335 I InputManager.ControlWakeKey: fosWakeKeyvolume writing is passed 1
10-09 18:25:05.460  1277 11335 I InputManager.ControlWakeKey: closing fosWakeKeyvolume is passed
10-09 18:25:05.460 23994 23994 D Telecom-InCallService: handleMessage: UPDATE_CALL
10-09 18:25:05.461   978   978 I sensors-hal: send_context_data:651, common_info, 4914309147815575552, 1320970896291267344, msgid:700
10-09 18:25:05.461  2263  2491 V BluetoothEventManager: onReceive :: android.intent.action.PHONE_STATE
10-09 18:25:05.461 23994 23994 D Telecom-Call: internalUpdate - stateChanged: false, detailsChanged: false, videoCallChanged: false, isRttChanged: false, rttModeChanged: false, cannedTextResChanged: false, parentChanged: false, childrenChanged: false, activeChildChanged: false
10-09 18:25:05.462  1277  7309 D CompatibilityChangeReporter: Compat change id reported: 157233955; UID 10050; state: ENABLED
10-09 18:25:05.462   978  2042 I sensors-hal: ssc_conn_resp_cb:898, resp_value = 0
10-09 18:25:05.463   959  1785 D voice   : voice_set_sidetone: enable, out_snd_device: 22
10-09 18:25:05.463   959  1785 D audio_route: Apply path: sidetone-handset
10-09 18:25:05.463   959  1785 D msm8974_platform: platform_set_voice_volume: Setting voice volume index: 3
10-09 18:25:05.463   959  1785 I audio_hw_sec: sec_voice_get_device_type: device 0x1 device_type = [4]
10-09 18:25:05.464   959  1785 D audio_hw_sec: sec_voice_set_device_info: Setting device info mixer value 4
10-09 18:25:05.464   959  1785 V audio_hw_sec: sec_set_mixer_value_int set Voice Device Info as 4
10-09 18:25:05.464   959  1785 V audio_hw_sec: sec_platform_set_nb_quality state = 0
10-09 18:25:05.464   959  1785 V audio_hw_sec: sec_set_mixer_value_int set NB Mode as 0
10-09 18:25:05.464  1277  1718 W BroadcastQueue: Permission Denial: receiving Intent { act=android.intent.action.PHONE_STATE flg=0x1000010 (has extras) } to ProcessRecord{5f2494d 13058:jp.co.cyberagent.stf/u0a297} (pid=13058, uid=10297) requires android.permission.READ_CALL_LOG due to sender android (uid 1000)
10-09 18:25:05.464  1277  1277 D CompatibilityChangeReporter: Compat change id reported: 157233955; UID 1000; state: ENABLED
10-09 18:25:05.464  1277  1277 D SemWifiBackOff.Sar: received ACTION_PHONE_STATE_CHANGED, phoneState=OFFHOOK
10-09 18:25:05.465   959  1785 D audio_hw_sec: sec_voice_set_rx_mute: set as unmute (0)
10-09 18:25:05.465   959  1785 V audio_hw_sec: sec_set_mixer_value_int set DSP AEC Effect as 1
10-09 18:25:05.465  1277 11335 I InputManager.ControlWakeKey: file not found: /sys/class/sec/ap_pmic/volkey_wakeup
10-09 18:25:05.465  1277 11335 D InputManager.ControlWakeKey: keyCodes in makeWakeKeyString is 114,115,116,172
10-09 18:25:05.465  1277 11335 I InputManager.ControlWakeKey: file not found: /sys/class/sec/sec_key/wakeup_keys
10-09 18:25:05.465   959  1785 D voice   : voice_start_usecase: exit: status(0)
10-09 18:25:05.465  1277 11335 I Telecom:SamsungWakeManagerAdapterImpl: setWakeKeyDynamically - key: 114,115, isPut: true
10-09 18:25:05.465  1277 11335 I Telecom:SamsungWakeupKeyWriteThread: setWakeKeyDynamically - result: true
10-09 18:25:05.466  2263  2263 D KeyguardUpdateMonitor: received broadcast android.intent.action.PHONE_STATE
10-09 18:25:05.466  2233  2233 D DCT-C-0 : onVoiceCallStarted
10-09 18:25:05.466  1277  1277 D SemWifiBackOff.Sar: received ACTION_PHONE_STATE_CHANGED, phoneState=OFFHOOK
10-09 18:25:05.467  1277  1277 D SemWifiBackOff.Sar: received ACTION_PHONE_STATE_CHANGED, phoneState=OFFHOOK
10-09 18:25:05.467 13058 13058 D STFPhoneStateMonitor: Device Software Version: 06
10-09 18:25:05.467  1122  1780 D AudioFlinger: setCurDevice() 0x1
10-09 18:25:05.467 13058 13058 D STFPhoneStateMonitor: Network Country ISO: us
10-09 18:25:05.467  2263  2263 D IndicatorTouchHandler: ACTION_PHONE_STATE_CHANGED GED=true, Samsung=true
10-09 18:25:05.467  2263  2263 D KeyguardUpdateMonitor: received broadcast android.intent.action.PHONE_STATE
10-09 18:25:05.468  2263  2263 D IndicatorTouchHandler: ACTION_PHONE_STATE_CHANGED GED=true, Samsung=true
10-09 18:25:05.468  2263  2263 D KeyguardUpdateMonitor: received broadcast android.intent.action.PHONE_STATE
10-09 18:25:05.468  2263  2263 D IndicatorTouchHandler: ACTION_PHONE_STATE_CHANGED GED=true, Samsung=true
10-09 18:25:05.468  2263  2263 D KeyguardUpdateMonitor: handlePhoneStateChanged(OFFHOOK)
10-09 18:25:05.470  1277  1718 D ActivityManager: sync unfroze 6531 com.dish.wireless.activation
10-09 18:25:05.470 28119 28119 I ORC/CreatePhoneStateListenerImpl: [DEFAULT]onCallStateChanged, OFFHOOK
10-09 18:25:05.470  1122 15939 V APM_AudioPolicyManager: setOutputDevices() AF::createAudioPatch returned 0 patchHandle 9068 num_sources 1 num_sinks 1
10-09 18:25:05.471  1277  2015 I am_unfreeze: [6531,com.dish.wireless.activation]
10-09 18:25:05.472 13058 13058 D STFPhoneStateMonitor: Network Operator: Boost
10-09 18:25:05.472   981 11229 I HYPER-HAL: [RequestManager.cpp]releaseLocked(): Released ID : 2289730
10-09 18:25:05.472  1122 15939 V APM_AudioPolicyManager: computeVolume: stream 0, index 5, volume 0.398107, deviceTypes 0x1
10-09 18:25:05.472  1122 15939 V APM_AudioPolicyManager: computeVolume: stream 10, index 8, volume 0.398107, deviceTypes 0x1
10-09 18:25:05.473  2263  2263 D KeyguardViewMediator: onPhoneStateChanged IDLE => OFFHOOK
10-09 18:25:05.473  2263  2491 V BluetoothEventManager: onReceive :: android.intent.action.PHONE_STATE
10-09 18:25:05.474  1122 15939 V APM_AudioPolicyManager: computeVolume: stream 4, index 11, volume 0.251189, deviceTypes 0x1
10-09 18:25:05.475  1122 15939 V APM_AudioPolicyManager: checkAndSetVolume cannot set volume group 3 volume when is not requested for comm
10-09 18:25:05.476  1122 15939 V APM_AudioPolicyManager: computeVolume: stream 0, index 5, volume 0.398107, deviceTypes 0x1
10-09 18:25:05.476  1122 15939 V APM_AudioPolicyManager: computeVolume: stream 8, index 11, volume 0.398107, deviceTypes 0x1
10-09 18:25:05.476 11295 11295 I SCallUI : ExternalCallRepository - CallUIPerf: CallFlow: ExternalCallRepository is created, hashCode: 794f616
10-09 18:25:05.476 13058 13058 D STFPhoneStateMonitor: Network Type: NR
10-09 18:25:05.476  2233  2233 V RcsCallTracker: analizeAndSendEvents - Connection state: [ImsPhoneConnection objId: 106790495 telecomCallID: TC@261_1 address: [****] isAdhocConf: N state: DIALING videoState: 0 callRadioTech: 20 audioQuality: 0 phoneType: 5 preHOState: IDLE attribute: [] ImsCall: [ImsCall objId:72880501 onHold:N mute:N mCallProfile:{ serviceType=1, callType=2, restrictCause=0, mediaProfile={ audioQuality=0, audioDirection=3, audioCodecAttribute=null, videoQuality=0, videoDirection=-1, rttMode=0, hasRttAudioSpeech=false }, emergencyServiceCategories=0, emergencyUrns=[], emergencyCallRouting=0, emergencyCallTesting=false, hasKnownUserIntentEmergency=false, mRestrictCause=0, mCallerNumberVerstat= 0, mAcceptedRtpHeaderExtensions= [] } tech:20 updateRequest:NONE merging:N merge action pending:N merged:N multiParty:N confHost:N buried term:N isVideo: N wasVideo: N isWifi: N isCrossSim: N session:[ImsCallSession objId:248115372 state:INITIATED callId:6] transientSession:null]]
10-09 18:25:05.476 13058 13058 D STFPhoneStateMonitor: Is Network Roaming: false
10-09 18:25:05.476  2233  2233 V RcsCallTracker: notifyTransition - phoneId: 0
10-09 18:25:05.477  2233  2233 D CmcCallTracker: [0] handleMessage what=101
10-09 18:25:05.478  2233  2233 D CMCF    : [CMCT]> sendPublishDialog {}
10-09 18:25:05.479  2543 27752 I CmcImsServiceUtil: sendPublishDialog() callCnt: 1
10-09 18:25:05.480  1122 15939 V APM_AudioPolicyManager: computeVolume: stream 7, index 15, volume 1.000000, deviceTypes 0x1
10-09 18:25:05.481  2263  2263 D KeyguardFingerprint: updateFingerprintListeningState#mFingerprintRunningState=0 shouldListenForFingerprint=false isUdfpsEnrolled=false bioType : 0
10-09 18:25:05.481  1122 15939 V APM_AudioPolicyManager: computeVolume: stream 3, index 8, volume 0.063096, deviceTypes 0x1
10-09 18:25:05.481  1122 15939 V APM_AudioPolicyManager: computeVolume: stream 3, index 9, volume 0.089125, deviceTypes 0x1
10-09 18:25:05.483  2233  2233 D CAT     : CatService: handleMessage[111]
10-09 18:25:05.483  2233  2233 D CAT     : CatService: MSG_ID_IMS_CALL_CONNECT
10-09 18:25:05.483  2233  2233 V Telephony: GsmConnection: MSG_PRECISE_CALL_STATE_CHANGED
10-09 18:25:05.484  2233  2233 D ImsPhoneConnection: getDisconnectCause: cause=0
10-09 18:25:05.484  1122 15939 V APM_AudioPolicyManager: computeVolume: stream 5, index 11, volume 0.251189, deviceTypes 0x1
10-09 18:25:05.484  2233  2233 V Telephony: GsmConnection: Update state from DIALING to DIALING for TC@261_1
10-09 18:25:05.484  2233  2233 I Telephony: SamsungConnectToneHandler: onStartUpdateStateInternal, oldState=DIALING ->  newState=DIALING
10-09 18:25:05.484  2233  2233 D Telephony: SamsungGroupCallService: onStartUpdateStateInternal: telecomId=TC@261_1
10-09 18:25:05.484  2233  2233 D Telephony: SamsungGroupCallService: onTelephonyConnectionStateChanged: telecomId=TC@261_1
10-09 18:25:05.484  2233  2233 D Telephony: GsmConnection: updateConnectionCapabilities
10-09 18:25:05.485  1277  2787 I Telecom : ConnectionServiceWrapper: CS -> TC[cap]: setStatusHints TC@261_1 null: CSW.sSH(cap)@8vM
10-09 18:25:05.485  2233  2233 I Telephony: SamsungCapabilityLogUtil: [before setting capabilities] id:TC@261_1 [Capabilities: CAPABILITY_MUTE CAPABILITY_DISCONNECT_FROM_CONFERENCE CAPABILITY_CANNOT_DOWNGRADE_VIDEO_TO_AUDIO CAPABILITY_SUPPORT_HOLD]
10-09 18:25:05.485  1277  2787 I Telecom : InCallController: Sending updateCall [Call id=TC@261, state=DIALING, tpac=ComponentInfo{com.android.phone/com.android.services.telephony.TelephonyConnectionService}, 1, UserHandle{0}, cmgr=ComponentInfo{com.android.phone/com.android.services.telephony.TelephonyConnectionService}, 1, UserHandle{0}, handle=tel:**********, vidst=A, childs(0), has_parent(false), cap=[ sup_hld mut !v2a], prop=[]], voip=falsecaps=[Capabilities: CAPABILITY_SUPPORT_HOLD CAPABILITY_MUTE CAPABILITY_CANNOT_DOWNGRADE_VIDEO_TO_AUDIO], props=[Properties:], conf(false), had_child(false): CSW.sSH(cap)@8vM
10-09 18:25:05.485  2233  2233 I Telephony: SamsungCapabilityLogUtil: [before setting capabilities] id:TC@261_1 [Sem-Capabilities:]
10-09 18:25:05.485  1122 15939 V APM_AudioPolicyManager: computeVolume: stream 2, index 11, volume 0.251189, deviceTypes 0x1
10-09 18:25:05.485  1277  2787 I Telecom : InCallController: Components updated: [ComponentInfo{com.google.android.googlequicksearchbox/com.google.android.libraries.search.assistant.incallservice.IncomingCallInCallService}, ComponentInfo{com.google.android.as/com.google.android.apps.miphone.aiai.captions.tulip.audiosource.impl.CIS}]: CSW.sSH(cap)@8vM
10-09 18:25:05.485  2233  2233 D Telephony: GsmConnection: buildConnectionCapabilities: isHoldable = true State = 3 capabilities = 2
10-09 18:25:05.485 23994 24042 D Telecom-InCallService: InCallServiceBinder - updateCall: id(TC@261), state(DIALING), [Capabilities: CAPABILITY_SUPPORT_HOLD CAPABILITY_MUTE CAPABILITY_CANNOT_DOWNGRADE_VIDEO_TO_AUDIO]
10-09 18:25:05.485  2233  2233 I Telephony: SamsungTelephonyConnection: not alive or dialing
10-09 18:25:05.485  2233  2233 I Telephony: SamsungGsmConnection: GSM TelecomId : TC@261_1 buildConnectionCapabilities : capabilities = 66 newCapabilities : 66
10-09 18:25:05.485 23994 23994 D Telecom-InCallService: handleMessage: UPDATE_CALL
10-09 18:25:05.485  3847 20583 D Telecom-InCallService: InCallServiceBinder - updateCall: id(TC@261), state(DIALING), [Capabilities: CAPABILITY_SUPPORT_HOLD CAPABILITY_MUTE CAPABILITY_CANNOT_DOWNGRADE_VIDEO_TO_AUDIO]
10-09 18:25:05.485  2233  2233 I Telephony: SamsungTelephonyConnection: logOriginalConnectionCapabilities: supportsDowngradeToAudio=false, supportVTRemoteBidirectional=false, supportVTLocalBidirectional=false
10-09 18:25:05.486 23994 23994 D Telecom-Call: internalUpdate - stateChanged: false, detailsChanged: false, videoCallChanged: false, isRttChanged: false, rttModeChanged: false, cannedTextResChanged: false, parentChanged: false, childrenChanged: false, activeChildChanged: false
10-09 18:25:05.486  2233  2233 I Telephony: SamsungConnectionCapabilityFromConference: buildCapabilityFromFeatureRepository, applyCapability CAPABILITY_DISCONNECT_FROM_CONFERENCE
10-09 18:25:05.486  3847  3847 D Telecom-InCallService: handleMessage: UPDATE_CALL
10-09 18:25:05.486  2233  2233 I Telephony: SamsungConnectionCapabilityUtil: applyCapability : [Capabilities: CAPABILITY_DISCONNECT_FROM_CONFERENCE]
10-09 18:25:05.486  2233  2233 I Telephony: SamsungConnectionCapabilityFromConference: buildCapabilityFromConference capabilities : 8388674 newCapabilities : 8396866
10-09 18:25:05.486  3847  3847 D Telecom-Call: internalUpdate - stateChanged: false, detailsChanged: false, videoCallChanged: false, isRttChanged: false, rttModeChanged: false, cannedTextResChanged: false, parentChanged: false, childrenChanged: false, activeChildChanged: false
10-09 18:25:05.486  2233  2233 I Telephony: SamsungCapabilityLogUtil: [after setting capabilities] id:TC@261_1 [Capabilities: CAPABILITY_MUTE CAPABILITY_DISCONNECT_FROM_CONFERENCE CAPABILITY_CANNOT_DOWNGRADE_VIDEO_TO_AUDIO CAPABILITY_SUPPORT_HOLD]
10-09 18:25:05.486  2233  2233 I Telephony: SamsungCapabilityLogUtil: [after setting capabilities] id:TC@261_1 [Sem-Capabilities:]
10-09 18:25:05.486  2233  2233 I Telephony: SamsungPropertyLogUtil: [before setting properties] id:TC@261_1 [Properties:]
10-09 18:25:05.487  2233  2233 I Telephony: SamsungPropertyLogUtil: [before setting properties] id:TC@261_1 [Sem-Properties:]
10-09 18:25:05.487  1122 15939 V APM_AudioPolicyManager: computeVolume: stream 1, index 6, volume 0.011220, deviceTypes 0x1
10-09 18:25:05.487  2233  2233 I Telephony: SamsungPropertyLogUtil: [after setting properties] id:TC@261_1 [Properties:]
10-09 18:25:05.487  2233  2233 I Telephony: SamsungPropertyLogUtil: [after setting properties] id:TC@261_1 [Sem-Properties:]
10-09 18:25:05.487  2233  2233 I Telephony: TelephonyConnection: getAddressFromNumber, number : 35******02
10-09 18:25:05.487  2233  2233 V Telephony: GsmConnection: updateAddress, pre-number : 35******02, pre-presentation : 1
10-09 18:25:05.487  2233  2233 V Telephony: GsmConnection: updateAddress, post-number : 35******02, post-presentation : 1
10-09 18:25:05.487  2233  2233 V Telephony: GsmConnection: updateAddress, caller display pre-name : null, pre-namePresentation : 1
10-09 18:25:05.488  2233  2233 V Telephony: GsmConnection: updateAddress, caller display post-name : null, post-namePresentation : 1
10-09 18:25:05.489  2233  2233 V Telephony: GsmConnection: refreshConferenceSupported : isConfSupp=true, isImsConfSupp=true, isVidConfSupp=true, isMergeOfWifiAllowed=true, isWifi=false
10-09 18:25:05.489  2233  2233 D Telephony: SamsungCarrierRepositoryImpl: getSimOperator, phoneId=0, simOperator=313340
10-09 18:25:05.489  2233  2233 D Telephony: SamsungCarrierRepositoryImpl: getSimOperator, phoneId=0, simOperator=313340
10-09 18:25:05.489  1122 15939 V APM_AudioPolicyManager: computeVolume: stream 9, index 8, volume 0.251189, deviceTypes 0x1
10-09 18:25:05.490  2233  2233 D Telephony: SamsungCarrierRepositoryImpl: getSimOperator, phoneId=0, simOperator=313340
10-09 18:25:05.490  1122 15939 V APM_AudioPolicyManager: computeVolume: stream 0, index 5, volume 0.398107, deviceTypes 0x1
10-09 18:25:05.490  2233  2233 D Telephony: SamsungCarrierRepositoryImpl: getSimOperator, phoneId=0, simOperator=313340
10-09 18:25:05.490  2233  2233 I Telephony: SamsungCanConferenceHasMtConference: hasMtConference : false
10-09 18:25:05.490  2233  2233 D Telephony: GsmConnection: refreshConferenceSupported = true.
10-09 18:25:05.491  2233  2233 I Telephony: GsmConnection: shouldSetDisableAddCallExtra
10-09 18:25:05.491  2233  2233 I Telephony: SamsungConnectionExtraAddCall: shouldSetDisableAddCallExtraForVideo, videoState : 0
10-09 18:25:05.491  2233  2233 I Telephony: GsmConnection: shouldSetDisableAddCallExtra, isCurrentVideoCall : false, wasVideoCall : false, isWifi() : false
10-09 18:25:05.492  1122 15939 V APM_AudioPolicyManager: computeVolume use music stream 11, stream=AUDIO_STREAM_ASSISTANT
10-09 18:25:05.492  2233  2233 D SecImsManager: isWfcEnabledByPlatform
10-09 18:25:05.492  1122 15939 V APM_AudioPolicyManager: computeVolume: stream 3, index 7, volume 0.044668, deviceTypes 0x1
10-09 18:25:05.492  2233  2233 D SecImsManager: isWfcEnabledByUser
10-09 18:25:05.492  2233  2233 D ImsUtil : isWfcEnabled :: isEnabledByPlatform=true phoneId=0
10-09 18:25:05.492  2233  2233 D ImsUtil : isWfcEnabled :: isEnabledByUser=false phoneId=0
10-09 18:25:05.492  2233  2233 D Telephony: GsmConnection: refreshDisableAddCall, shouldSetDisableAddCallExtra is false
10-09 18:25:05.492  2233  2364 D SubscriptionController: [getActiveSubscriptionInfoForSimSlotIndex]+ slotIndex=0 subId={id=1 iccId= simSlotIndex=0 carrierId=2518 displayName=Boost carrierName=Boost nameSource=4 iconTint=-16746133 number= dataRoaming=0 iconBitmap=null mcc=313 mnc=340 countryIso=us isEmbedded=false nativeAccessRules=null cardString= cardId=0 portIndex=0 isOpportunistic=false groupUUID=null isGroupDisabled=false profileClass=-1 ehplmns=null hplmns=null subscriptionType=0 groupOwner=null carrierConfigAccessRules=null areUiccApplicationsEnabled=true usageSetting=0}
10-09 18:25:05.493  1277  2787 I Telecom:SamsungTelecomServiceImpl: getPhoneAccount - PhoneAccountHandle : ComponentInfo{com.android.phone/com.android.services.telephony.TelephonyConnectionService}, 1, UserHandle{0} / callingPid : 11295 / processName : sts
10-09 18:25:05.493  2233  2233 D SSCtr   : [0] EVENT_SIGNAL_LEVEL_INFO_CHANGED - SignalBarInfo{ nrLevel=3 }
10-09 18:25:05.493  1277  2787 D CompatibilityChangeReporter: Compat change id reported: 183407956; UID 1001; state: ENABLED
10-09 18:25:05.493  1122 15939 V APM_AudioPolicyManager: getNewOutputDevices selected devices {AUDIO_DEVICE_OUT_EARPIECE, @:}
10-09 18:25:05.493  1122 15939 V APM_AudioPolicyManager: getNewOutputDevices selected devices AUDIO_DEVICE_NONE
10-09 18:25:05.493  1122 15939 V APM_AudioPolicyManager: setOutputDevices device AUDIO_DEVICE_NONE delayMs 0
10-09 18:25:05.493  1122 15939 V APM_AudioPolicyManager: setOutputDevices() prevDevice {AUDIO_DEVICE_OUT_SPEAKER, @:}
10-09 18:25:05.493  1277  1299 I Telecom : ConnectionServiceWrapper: CS -> TC[cap]: removeExtra TC@261_1 [android.telecom.extra.DISABLE_ADD_CALL]: CSW.rE(cap)@8vU
10-09 18:25:05.494  1277  1299 I Telecom : InCallController: Sending updateCall [Call id=TC@261, state=DIALING, tpac=ComponentInfo{com.android.phone/com.android.services.telephony.TelephonyConnectionService}, 1, UserHandle{0}, cmgr=ComponentInfo{com.android.phone/com.android.services.telephony.TelephonyConnectionService}, 1, UserHandle{0}, handle=tel:**********, vidst=A, childs(0), has_parent(false), cap=[ sup_hld mut !v2a], prop=[]], voip=falsecaps=[Capabilities: CAPABILITY_SUPPORT_HOLD CAPABILITY_MUTE CAPABILITY_CANNOT_DOWNGRADE_VIDEO_TO_AUDIO], props=[Properties:], conf(false), had_child(false): CSW.rE(cap)@8vU
10-09 18:25:05.494 23994 24042 D Telecom-InCallService: InCallServiceBinder - updateCall: id(TC@261), state(DIALING), [Capabilities: CAPABILITY_SUPPORT_HOLD CAPABILITY_MUTE CAPABILITY_CANNOT_DOWNGRADE_VIDEO_TO_AUDIO]
10-09 18:25:05.495 23994 23994 D Telecom-InCallService: handleMessage: UPDATE_CALL
10-09 18:25:05.495  1277  1299 I Telecom : InCallController: Components updated: [ComponentInfo{com.google.android.googlequicksearchbox/com.google.android.libraries.search.assistant.incallservice.IncomingCallInCallService}, ComponentInfo{com.google.android.as/com.google.android.apps.miphone.aiai.captions.tulip.audiosource.impl.CIS}]: CSW.rE(cap)@8vU
10-09 18:25:05.495 23994 23994 D Telecom-Call: internalUpdate - stateChanged: false, detailsChanged: false, videoCallChanged: false, isRttChanged: false, rttModeChanged: false, cannedTextResChanged: false, parentChanged: false, childrenChanged: false, activeChildChanged: false
10-09 18:25:05.495  3847 20583 D Telecom-InCallService: InCallServiceBinder - updateCall: id(TC@261), state(DIALING), [Capabilities: CAPABILITY_SUPPORT_HOLD CAPABILITY_MUTE CAPABILITY_CANNOT_DOWNGRADE_VIDEO_TO_AUDIO]
10-09 18:25:05.495  3847  3847 D Telecom-InCallService: handleMessage: UPDATE_CALL
10-09 18:25:05.495 11295 11295 I SCallUI : TelephonyManagerModelImpl - getSubscriptionIdByPhoneAccount(extras), subscription id : 1
10-09 18:25:05.495  2233  2233 D Telephony: GsmConnection: MSG_CONNECTION_EXTRAS_CHANGED
10-09 18:25:05.495 11295 11295 I SCallUI : TelephonyManagerModelImpl - getPhoneIdByPhoneAccount(extras), phoneId id : 0
10-09 18:25:05.495  2233  2233 D Telephony: GsmConnection: Extras update not required
10-09 18:25:05.495  3847  3847 D Telecom-Call: internalUpdate - stateChanged: false, detailsChanged: false, videoCallChanged: false, isRttChanged: false, rttModeChanged: false, cannedTextResChanged: false, parentChanged: false, childrenChanged: false, activeChildChanged: false
10-09 18:25:05.495  2233  2233 D CallNotifier: handleMessage(1)
10-09 18:25:05.496  2233  2233 I Telephony: SamsungCdmaSignalInfoNotifier: PHONE_STATE_CHANGED: DIALING
10-09 18:25:05.496  2233  2233 D Telecom-Connection: MSG_ADD_VIDEO_CALLBACK - binder: android.os.BinderProxy@41d0c29, callback: com.android.internal.telecom.IVideoCallback$Stub$Proxy@108bd4f, size: 1
10-09 18:25:05.496  2233  2233 D Telephony: SamsungMmiDialogController: onCallingState: mPrevState=0 newState=2
10-09 18:25:05.496  2233  2233 I TelecomFramework: TelephonyConnectionService: notifyCreateConnectionComplete TC@261_1: (...->CSW.hCCC)->CS.crCoC->H.CS.crCoC(cap/cast)@E-E-E-8uw
10-09 18:25:05.497  2263  2263 D NotificationShadeWindowController: setStatusBarSplitTouchable:false
10-09 18:25:05.497  2263  2263 D KeyguardUpdateMonitor: handlePhoneStateChanged(OFFHOOK)
10-09 18:25:05.497  2263  2263 D KeyguardViewMediator: onPhoneStateChanged OFFHOOK => OFFHOOK
10-09 18:25:05.498  2263  2263 D KeyguardFingerprint: updateFingerprintListeningState#mFingerprintRunningState=0 shouldListenForFingerprint=false isUdfpsEnrolled=false bioType : 0
10-09 18:25:05.498 11295 11295 I SCallUI : CallFeature:  - RuntimeSimFeature {313340, ETC, ETC, hd_icon_delta:NONE, []}
10-09 18:25:05.498  2233  2233 I Telephony: SamsungTwoPhoneRepositoryImpl: isTwoPhoneRegistered : false
10-09 18:25:05.498  1122 15939 V APM_AudioPolicyManager: setOutputDevices setting same device AUDIO_DEVICE_NONE or null device, force=0, patch handle=6
10-09 18:25:05.498  2233  2233 I Telephony: SamsungCdmaSignalInfoConnectionService: onCreateConnectionComplete, isCdmaSilenceSignal: false
10-09 18:25:05.498  1122 15939 V APM_AudioPolicyManager: getNewOutputDevices selected devices AUDIO_DEVICE_NONE
10-09 18:25:05.498  1122 15939 V APM_AudioPolicyManager: setOutputDevices device AUDIO_DEVICE_NONE delayMs 0
10-09 18:25:05.498  1122 15939 V APM_AudioPolicyManager: setOutputDevices() prevDevice {AUDIO_DEVICE_OUT_SPEAKER, @:}
10-09 18:25:05.498  2233  2233 D CAT     : CatService: handleMessage[104]
10-09 18:25:05.498  2233  2233 D CAT     : CatService: MSG_ID_CALL_CONTROL_RESULT
10-09 18:25:05.498  2233  2233 D CAT     : CatService: Call control result data000100
10-09 18:25:05.498  2233  2233 D CAT     : CatService: The call control result by SIM = 1
10-09 18:25:05.498  2233  2233 D CAT     : CatService: The call control result by SIM : alphaidpresent = false
10-09 18:25:05.499  2233  2233 I SemTelephonyHandlerHelper: handleMessage: what=90
10-09 18:25:05.499 13058 13093 I STFService: Connection stopping
10-09 18:25:05.500  2263  2263 D KeyguardUpdateMonitor: handlePhoneStateChanged(OFFHOOK)
10-09 18:25:05.500  2263  2263 D KeyguardViewMediator: onPhoneStateChanged OFFHOOK => OFFHOOK
10-09 18:25:05.501  2233  2233 D SemTelephonyHandlerHelper: EVENT_CHECK_CALL_CONTROL_DONE
10-09 18:25:05.501  2233  2233 D SemTelephonyHandlerHelper: onCheckCallControlDone, failed to check call control
10-09 18:25:05.501  2233  2248 D SemTelephonyController: checkCallControl response : xxxx
10-09 18:25:05.501  2233  2233 D CallNotifier: handleMessage(1)
10-09 18:25:05.501  2233  2233 I Telephony: SamsungCdmaSignalInfoNotifier: PHONE_STATE_CHANGED: DIALING
10-09 18:25:05.501  2543  2877 I CallStateMachine: It's not emergency call
10-09 18:25:05.501  2263  2263 D KeyguardFingerprint: updateFingerprintListeningState#mFingerprintRunningState=0 shouldListenForFingerprint=false isUdfpsEnrolled=false bioType : 0
10-09 18:25:05.502  2543  2877 I VolteServiceModule: onCallStateChanged: state 2
10-09 18:25:05.502  2543  2877 I EcholocateBroadcaster: onCallStateChanged[0] 0->2, mCallOffhook:true Number [xxxxx]
10-09 18:25:05.502  2543  2877 I CallStateMachine: [ReadyToCall] processMessage 11
10-09 18:25:05.502  1277  1299 D AS.AudioService: adjustStreamVolume() stream=4, dir=100, flags=0, caller=jp.co.cyberagent.stf
10-09 18:25:05.503  1122 15939 V APM_AudioPolicyManager: setOutputDevices setting same device AUDIO_DEVICE_NONE or null device, force=0, patch handle=8
10-09 18:25:05.503  1122 15939 V APM_AudioPolicyManager: getNewOutputDevices selected devices AUDIO_DEVICE_NONE
10-09 18:25:05.503  1122 15939 V APM_AudioPolicyManager: setOutputDevices device AUDIO_DEVICE_NONE delayMs 0
10-09 18:25:05.503  1122 15939 V APM_AudioPolicyManager: setOutputDevices() prevDevice {AUDIO_DEVICE_OUT_TELEPHONY_TX, @:}
10-09 18:25:05.503  1277  1299 D AS.AudioService: adjustStreamVolume() stream=8, dir=100, flags=0, caller=jp.co.cyberagent.stf
10-09 18:25:05.504  1277  2787 I power_partial_wake_state: [0,*telephony-radio*:com.android.phone]
10-09 18:25:05.505  2263  2263 D ViewRootImpl@83c6671[NotificationShade]: performTraversals params={(0,0)(fillxfill) gr=TOP CENTER_VERTICAL sim={adjust=resize} layoutInDisplayCutoutMode=always ty=NOTIFICATION_SHADE fmt=TRANSLUCENT
10-09 18:25:05.505  2263  2263 D ViewRootImpl@83c6671[NotificationShade]:   fl=81040048
10-09 18:25:05.505  2263  2263 D ViewRootImpl@83c6671[NotificationShade]:   pfl=1b000000
10-09 18:25:05.505  2263  2263 D ViewRootImpl@83c6671[NotificationShade]:   bhv=SHOW_TRANSIENT_BARS_BY_SWIPE naviIconColor=0
10-09 18:25:05.505  2263  2263 D ViewRootImpl@83c6671[NotificationShade]:   sfl=40000}
10-09 18:25:05.505  2543  2877 I SsacManager: Voice Call[0]: isCallBarred:rand1:[0.9603934552713057] rand2:[0.40999291562138374]
10-09 18:25:05.505  2543  2877 I VolteServiceModule: isCallBarredBySSAC[0]: result for call type 1 is false
10-09 18:25:05.506  2263  2263 D ViewRootImpl@83c6671[NotificationShade]: performTraversals mFirst=false windowShouldResize=false viewVisibilityChanged=false mForceNextWindowRelayout=false params={(0,0)(fillxfill) gr=TOP CENTER_VERTICAL sim={adjust=resize} layoutInDisplayCutoutMode=always ty=NOTIFICATION_SHADE fmt=TRANSLUCENT
10-09 18:25:05.506  2263  2263 D ViewRootImpl@83c6671[NotificationShade]:   fl=81040048
10-09 18:25:05.506  2263  2263 D ViewRootImpl@83c6671[NotificationShade]:   pfl=1b000000
10-09 18:25:05.506  2263  2263 D ViewRootImpl@83c6671[NotificationShade]:   bhv=SHOW_TRANSIENT_BARS_BY_SWIPE naviIconColor=0
10-09 18:25:05.506  2263  2263 D ViewRootImpl@83c6671[NotificationShade]:   sfl=40000}
10-09 18:25:05.506  2543  2877 I RegisterTask: isSuspended: mSuspended(false) mSuspendByIrat(false)
10-09 18:25:05.506  2543  2877 I RegisterTask: isSuspended: mSuspended(false) mSuspendByIrat(false)
10-09 18:25:05.506  2233  2233 D RILJ    : [5327]> GET_ALLOWED_NETWORK_TYPES_BITMAP [PHONE0]
10-09 18:25:05.508  1277  2787 V WindowManager: Relayout Window{958171e u0 NotificationShade}: viewVisibility=4 req=1080x2408 d0
10-09 18:25:05.508  1122 15939 V APM_AudioPolicyManager: setOutputDevices setting same device AUDIO_DEVICE_NONE or null device, force=0, patch handle=13
10-09 18:25:05.508  1122 15939 V APM_AudioPolicyManager: getNewOutputDevices selected devices AUDIO_DEVICE_NONE
10-09 18:25:05.508  1122 15939 V APM_AudioPolicyManager: setOutputDevices device AUDIO_DEVICE_NONE delayMs 0
10-09 18:25:05.508  1122 15939 V APM_AudioPolicyManager: setOutputDevices() prevDevice {AUDIO_DEVICE_OUT_TELEPHONY_TX, @:}
10-09 18:25:05.511  1277  2787 V WindowManager: Relayout hash=958171e, pid=2263, syncId=-1: mAttrs={(0,0)(fillxfill) gr=TOP CENTER_VERTICAL sim={adjust=resize} layoutInDisplayCutoutMode=always ty=NOTIFICATION_SHADE fmt=TRANSLUCENT
10-09 18:25:05.511  1277  2787 V WindowManager:   fl=81040048
10-09 18:25:05.511  1277  2787 V WindowManager:   pfl=1b000000
10-09 18:25:05.511  1277  2787 V WindowManager:   bhv=SHOW_TRANSIENT_BARS_BY_SWIPE naviIconColor=0
10-09 18:25:05.511  1277  2787 V WindowManager:   sfl=40000}
10-09 18:25:05.511 11295 11295 I SCallUI : AccountModel@0 - AccountFlow: SemImsManager:onConnected
10-09 18:25:05.511  2543  2877 I CallStateMachine: CLI : null LetteringText : null
10-09 18:25:05.512  2543  2877 I CallStateMachine: bindToNetwork for MO
10-09 18:25:05.512  2543  2877 I ImsMediaController: bindToNetwork() 521
10-09 18:25:05.512  2543  2877 I ResipMediaHandler: bindToNetwork : 521
10-09 18:25:05.512  1122 15939 V APM_AudioPolicyManager: setOutputDevices setting same device AUDIO_DEVICE_NONE or null device, force=0, patch handle=15
10-09 18:25:05.512  1122 15939 V APM_AudioPolicyManager: setPhoneState() in call state management: new state is 2
10-09 18:25:05.513  2263  2263 I ViewRootImpl@83c6671[NotificationShade]: Relayout returned: old=(0,0,1080,2408) new=(0,0,1080,2408) req=(1080,2408)4 dur=6 res=0x0 s={false 0x0} ch=false seqId=2
10-09 18:25:05.513  2233  2284 D RILJ    : [5327]< GET_ALLOWED_NETWORK_TYPES_BITMAP {840583} [PHONE0]
10-09 18:25:05.513  2543 27752 I SemImsServiceStub<0>: SemRegisterImsRegistrationListener com.samsung.android.ims.SemImsRegiListener$Stub$Proxy@8bac7cb
10-09 18:25:05.513  1277  7309 I power_partial_wake_state: [8,*telephony-radio*:com.android.phone]
10-09 18:25:05.514  1277  2124 V AS.AudioService: onUpdateAudioMode: mode successfully set to 2
10-09 18:25:05.515  1122  1953 V APM_AudioPolicyManager: listAudioPorts() role 0 type 0 num_ports 0 ports 0xb4000077a109f420
10-09 18:25:05.515  1122  1953 V APM_AudioPolicyManager: listAudioPorts() got 0 ports needed 13
10-09 18:25:05.515  1277  2787 I power_partial_wake_state: [1,*telephony-radio*:com.android.phone(disabled)]
10-09 18:25:05.515  1122 20560 V APM_AudioPolicyManager: listAudioPorts() role 0 type 0 num_ports 0 ports 0xb4000077a109f440
10-09 18:25:05.515  1122 20560 V APM_AudioPolicyManager: listAudioPorts() got 0 ports needed 13
10-09 18:25:05.515  1122 12710 V APM_AudioPolicyManager: listAudioPorts() role 0 type 0 num_ports 0 ports 0xb4000077a68364f0
10-09 18:25:05.516  1122 12710 V APM_AudioPolicyManager: listAudioPorts() got 0 ports needed 13
10-09 18:25:05.516  1122 20560 V APM_AudioPolicyManager: listAudioPorts() role 0 type 0 num_ports 13 ports 0xb4000077a11da680
10-09 18:25:05.516  1122 20560 V APM_AudioPolicyManager: listAudioPorts() got 13 ports needed 13
10-09 18:25:05.517  1122 12710 V APM_AudioPolicyManager: listAudioPorts() role 0 type 0 num_ports 13 ports 0xb400007785e24040
10-09 18:25:05.517  1122 12710 V APM_AudioPolicyManager: listAudioPorts() got 13 ports needed 13
10-09 18:25:05.517 11295 11316 I SCallUI : AccountModel@0 - AccountFlow: SemImsRegistration:onRegistered...
10-09 18:25:05.517 11295 11295 I SCallUI : AccountModel@0 - AccountFlow: Created.. 
10-09 18:25:05.518 11295 11295 I SCallUI : AccountRepository - AccountFlow: inserted:success, AccountModel@0{sub_id:1, phone_account_handle_id:XXX, phone_account_extras:Bundle[{com.samsung.telecom.extra.SUPPORT_VRBT=false, android.telecom.extra.SUPPORTS_VIDEO_CALLING_FALLBACK=true, com.samsung.telecom.extra.SUBSCRIPTION_ID=1, com.samsung.telecom.extra.CAN_COEXIST_ACCOUNT=true, com.samsung.telecom.extra.PHONE_ID=0, com.samsung.telecom.extra.NO_CHECK_IF_VIDEO_CAPABLE=true}], runtime_feature:RuntimeSimFeature {313340, ETC, ETC, hd_icon_delta:NONE, []}, carrier_feature:CallTypeIconFeature@0{ConfigOpStyleForHdIcon:DisableHdOnLog,NOHD}}
10-09 18:25:05.518 11295 11295 I SCallUI : AccountRepository - CallUIPerf: createAccountModelList: 1
10-09 18:25:05.519  1277  2125 I Telecom:SamsungTelecomServiceImpl: isInCall - callingPackage : android
10-09 18:25:05.520  1277  1299 I stream_devices_changed: [2,2,1]
10-09 18:25:05.520  1277  2264 I AS.DvfsHelper: release() cpu min lock
10-09 18:25:05.520  1277  1277 D SemWifiSwitchForIndividualAppsService: SEM_ACTION_AUDIO_MODE_CHANGED - Enter State
10-09 18:25:05.520  1122  1953 V APM_AudioPolicyManager: listAudioPorts() role 0 type 0 num_ports 13 ports 0xb4000077a1203080
10-09 18:25:05.520  1277  2124 I Telecom:SamsungTelecomServiceImpl: isInCall - callingPackage : android
10-09 18:25:05.520  1122  1953 V APM_AudioPolicyManager: listAudioPorts() got 13 ports needed 13
10-09 18:25:05.520  1277  2124 I Telecom:SamsungTelecomServiceImpl: isInCall - callingPackage : android
10-09 18:25:05.523  1122 12710 V APM_AudioPolicyManager: getAudioPolicyConfig: audioParam;l_device_current_output
10-09 18:25:05.524  1122 12710 V APM_AudioPolicyManager: getNewOutputDevices selected devices {AUDIO_DEVICE_OUT_EARPIECE, @:}
10-09 18:25:05.524  1277  2916 D AS.AudioDeviceBroker: updateActiveCommunicationDevice mActiveCommunicationDevice = 1
10-09 18:25:05.525  2263  2263 D QSMumButton: needToBeVisible() result:false [MumSetting?false = (TwoPhoneSetting:false || (somethingInDetail:true && Pref:false && Settings:false)), DEX-(DeviceState?false, DesktopManager?false, SemDesktopModeStateEnable?false) Panel-mExpanded?false, RepairModeUser?false]
10-09 18:25:05.525  1277  2916 D AS.AudioService: getCommunicationDevice deviceType = 1
10-09 18:25:05.525  1277  2916 D BluetoothAdapter: getActiveDevices(profile= HEARING_AID)
10-09 18:25:05.525  1122 28814 V APM_AudioPolicyManager: setAudioPolicyConfig: audioParam;l_smart_view_split_sound_enable=false
10-09 18:25:05.526  1277  2125 D AS.AudioDeviceBroker: Send receiver_sar state true
10-09 18:25:05.526  1277  2926 I MediaFocusControl: requestAudioFocus() from uid/pid 1000/1277 AA=USAGE_VOICE_COMMUNICATION/CONTENT_TYPE_SPEECH clientId=AudioFocus_For_Phone_Ring_And_Calls callingPack=com.android.server.telecom req=2 flags=0x4 sdk=0
10-09 18:25:05.526  1277  2926 D MediaFocusControl: requestAudioFocus failed while call
10-09 18:25:05.526  1277  2926 I Telecom:SamsungCallMultiSimAudioParam: setNone : mState = -1
10-09 18:25:05.526  1277  2053 D MotionRecognitionService: [SAR]  onReceive : MEDIA_SAR :: isRCV = true
10-09 18:25:05.527  1122 12710 V APM_AudioPolicyManager: getAudioPolicyConfig: audioParam;l_fmradio_record_active
10-09 18:25:05.527  2233  2233 D SemDeviceStateMonitor: Intent : android.samsung.media.action.receiver_sar
10-09 18:25:05.528  3182  3359 E BluetoothAdapterService: getActiveDevices: HearingAidService is null
10-09 18:25:05.529  1277  2916 I Telecom : CallAudioRouteStateMachine: setSystemAudioState: changing from [AudioState isMuted: false, route: EARPIECE, supportedRouteMask: EARPIECE, SPEAKER, activeBluetoothDevice: [null], supportedBluetoothDevices: []] to [AudioState isMuted: false, route: EARPIECE, supportedRouteMask: EARPIECE, SPEAKER, activeBluetoothDevice: [null], supportedBluetoothDevices: []]: TSI.hCI->CM.fOCP->CM.sOCPA->CM.dSMCP->CM.dSPA->CM.sRCQ->CM.pASP->CAMSM.pM_2001->CARSM.pM_SWITCH_FOCUS@8ug
10-09 18:25:05.529  1277  2508 I power_partial_wake_state: [1,*telephony-sem-radio*:com.android.phone]
10-09 18:25:05.529  1277  2916 I Telecom : InCallController: Calling onAudioStateChanged, audioState: [AudioState isMuted: false, route: EARPIECE, supportedRouteMask: EARPIECE, SPEAKER, activeBluetoothDevice: [null], supportedBluetoothDevices: []] -> [AudioState isMuted: false, route: EARPIECE, supportedRouteMask: EARPIECE, SPEAKER, activeBluetoothDevice: [null], supportedBluetoothDevices: []]: TSI.hCI->CM.fOCP->CM.sOCPA->CM.dSMCP->CM.dSPA->CM.sRCQ->CM.pASP->CAMSM.pM_2001->CARSM.pM_SWITCH_FOCUS@8ug
10-09 18:25:05.530  1277  2916 I Telecom : ConnectionServiceWrapper: TC -> CS[cap]: onCallAudioStateChanged TC@261_1 [AudioState isMuted: false, route: EARPIECE, supportedRouteMask: EARPIECE, SPEAKER, activeBluetoothDevice: [null], supportedBluetoothDevices: []]: TSI.hCI->CM.fOCP->CM.sOCPA->CM.dSMCP->CM.dSPA->CM.sRCQ->CM.pASP->CAMSM.pM_2001->CARSM.pM_SWITCH_FOCUS@8ug
10-09 18:25:05.530 23994 23994 D Telecom-InCallService: handleMessage: ON_CALL_AUDIO_STATE_CHANGED
10-09 18:25:05.530  3847  3847 D Telecom-InCallService: handleMessage: ON_CALL_AUDIO_STATE_CHANGED
10-09 18:25:05.530  1277  2916 I Telecom : BluetoothRouteManager: getBluetoothAudioConnectedDevice: no service available.: TSI.hCI->CM.fOCP->CM.sOCPA->CM.dSMCP->CM.dSPA->CM.sRCQ->CM.pASP->CAMSM.pM_2001->CARSM.pM_SWITCH_FOCUS@8ug
10-09 18:25:05.530  1277  2916 D BluetoothAdapter: getActiveDevices(profile= HEARING_AID)
10-09 18:25:05.531  2233  2233 D SEM_RILJ: [5328]> OEM_HOOK_RAW[1182000D010000000000008000] [PHONE0]
10-09 18:25:05.532  3182  3359 E BluetoothAdapterService: getActiveDevices: HearingAidService is null
10-09 18:25:05.532  2233  2233 I TelecomFramework: TelephonyConnectionService: onAudioStateChanged TC@261_1 [AudioState isMuted: false, route: EARPIECE, supportedRouteMask: EARPIECE, SPEAKER, activeBluetoothDevice: [null], supportedBluetoothDevices: []]: (TSI.hCI->CM.fOCP->CM.sOCPA->CM.dSMCP->CM.dSPA->CM.sRCQ->CM.pASP->CAMSM.pM_2001->CARSM.pM_SWITCH_FOCUS)->CS.cASC->H.CS.cASC(cast)@E-8ug
10-09 18:25:05.533  1277  2916 I Telecom : CallAudioRouteStateMachine: Message received: UPDATE_SYSTEM_AUDIO_ROUTE=1201, arg1=0: (...->CS.crCo->H.CS.crCo->H.CS.crCo.pICR)->CSW.hCCC->CARSM.pM_UPDATE_SYSTEM_AUDIO_ROUTE(cap/cast)@E-E-8uw
10-09 18:25:05.533  1277  2916 I Telecom : ActiveEarpieceRoute: Processing message UPDATE_SYSTEM_AUDIO_ROUTE: (...->CS.crCo->H.CS.crCo->H.CS.crCo.pICR)->CSW.hCCC->CARSM.pM_UPDATE_SYSTEM_AUDIO_ROUTE(cap/cast)@E-E-8uw
10-09 18:25:05.533  1277  2916 I Telecom : BluetoothRouteManager: getBluetoothAudioConnectedDevice: no service available.: (...->CS.crCo->H.CS.crCo->H.CS.crCo.pICR)->CSW.hCCC->CARSM.pM_UPDATE_SYSTEM_AUDIO_ROUTE(cap/cast)@E-E-8uw
10-09 18:25:05.533  1277  2916 D BluetoothAdapter: getActiveDevices(profile= HEARING_AID)
10-09 18:25:05.533  2233  2233 D Telephony: SamsungTelephonyConnection: onCallAudioStateChanged
10-09 18:25:05.535  6531  6531 D TelephonyManager: getAllCellInfo - caller PID: 6531, UID: 10230, TID: 6531
10-09 18:25:05.535  3182  3359 E BluetoothAdapterService: getActiveDevices: HearingAidService is null
10-09 18:25:05.536  1277  2916 I Telecom : CallAudioRouteStateMachine: updateLastKnownCallAudioStateWithCurrent [AudioState isMuted: false, route: EARPIECE, supportedRouteMask: EARPIECE, SPEAKER, activeBluetoothDevice: [null], supportedBluetoothDevices: []] -> [AudioState isMuted: false, route: EARPIECE, supportedRouteMask: EARPIECE, SPEAKER, activeBluetoothDevice: [null], supportedBluetoothDevices: []]: (...->CS.crCo->H.CS.crCo->H.CS.crCo.pICR)->CSW.hCCC->CARSM.pM_UPDATE_SYSTEM_AUDIO_ROUTE(cap/cast)@E-E-8uw
10-09 18:25:05.536  1277  2916 I Telecom : CallAudioRouteStateMachine: setSystemAudioState: changing from [AudioState isMuted: false, route: EARPIECE, supportedRouteMask: EARPIECE, SPEAKER, activeBluetoothDevice: [null], supportedBluetoothDevices: []] to [AudioState isMuted: false, route: EARPIECE, supportedRouteMask: EARPIECE, SPEAKER, activeBluetoothDevice: [null], supportedBluetoothDevices: []]: (...->CS.crCo->H.CS.crCo->H.CS.crCo.pICR)->CSW.hCCC->CARSM.pM_UPDATE_SYSTEM_AUDIO_ROUTE(cap/cast)@E-E-8uw
10-09 18:25:05.536  2233  2284 D SEM_RILJ: [5328]< OEM_HOOK_RAW [B@ccb04ba [PHONE0]
10-09 18:25:05.536  1277  2916 I Telecom : InCallController: Calling onAudioStateChanged, audioState: [AudioState isMuted: false, route: EARPIECE, supportedRouteMask: EARPIECE, SPEAKER, activeBluetoothDevice: [null], supportedBluetoothDevices: []] -> [AudioState isMuted: false, route: EARPIECE, supportedRouteMask: EARPIECE, SPEAKER, activeBluetoothDevice: [null], supportedBluetoothDevices: []]: (...->CS.crCo->H.CS.crCo->H.CS.crCo.pICR)->CSW.hCCC->CARSM.pM_UPDATE_SYSTEM_AUDIO_ROUTE(cap/cast)@E-E-8uw
10-09 18:25:05.536  1277  2508 I power_partial_wake_state: [6,*telephony-sem-radio*:com.android.phone]
10-09 18:25:05.537  3847  3847 D Telecom-InCallService: handleMessage: ON_CALL_AUDIO_STATE_CHANGED
10-09 18:25:05.537 23994 23994 D Telecom-InCallService: handleMessage: ON_CALL_AUDIO_STATE_CHANGED
10-09 18:25:05.537  1277  2916 I Telecom : ConnectionServiceWrapper: TC -> CS[cap]: onCallAudioStateChanged TC@261_1 [AudioState isMuted: false, route: EARPIECE, supportedRouteMask: EARPIECE, SPEAKER, activeBluetoothDevice: [null], supportedBluetoothDevices: []]: (...->CS.crCo->H.CS.crCo->H.CS.crCo.pICR)->CSW.hCCC->CARSM.pM_UPDATE_SYSTEM_AUDIO_ROUTE(cap/cast)@E-E-8uw
10-09 18:25:05.537  1277  2508 I power_partial_wake_state: [1,*telephony-sem-radio*:com.android.phone(disabled)]
10-09 18:25:05.538 11295 11337 I SCallUI : AccountModel@0 - AccountFlow: Registered features: [mmtel-video, smsip, mmtel]
10-09 18:25:05.538  2233  2233 I TelecomFramework: TelephonyConnectionService: onAudioStateChanged TC@261_1 [AudioState isMuted: false, route: EARPIECE, supportedRouteMask: EARPIECE, SPEAKER, activeBluetoothDevice: [null], supportedBluetoothDevices: []]: (...->CSW.hCCC->CARSM.pM_UPDATE_SYSTEM_AUDIO_ROUTE)->CS.cASC->H.CS.cASC(cap/cast/cast)@E-E-E-8uw
10-09 18:25:05.538  2233  2233 D Telephony: SamsungTelephonyConnection: onCallAudioStateChanged
10-09 18:25:05.544  1277  2124 I Telecom:SamsungTelecomServiceImpl: isInCall - callingPackage : android
10-09 18:25:05.545  2543  2877 I ResipVolteHandler: makeCall: regId=52 CallSetupData [mOrigUri=xxxxx, mDestUri=xxxxx, mDialingNumber=xxxxx, mCallType=1, mLetteringText=null, mIsEmergency=false, mPEmergencyInfo=null, mCli=null, mAlertInfo=null, mIsLteEpsOnlyAttached=true, mCmcBoundSessionId=-1, mReplaceCallId=null, mCmcEdCallSlot=-1] additionalSipHeaders=null
10-09 18:25:05.546  2543  2877 I ImsProfile: trimAudioCodec : audioCodecMode=2 audioCapabilities=0 dtmfCodecMode=0 isEnableEvs=1
10-09 18:25:05.546  2543  2877 I ImsProfile: trimAudioCodec : EVS=EVS AMRBE_WB=AMRBE-WB AMRBE=AMRBE AMR-WB=AMR-WB AMR=AMR DTMFWB=DTMFWB DTMF=DTMF OTHERS=
10-09 18:25:05.547  2543  2877 I ResipVolteHandler: makeCall: Do device support 3gpp 24.390 USSI?true
10-09 18:25:05.548  2543  2877 I UserAgent<0>: makeCall: destUri=xxxxx, type=1 origUri=xxxxx
