10-11 16:23:57.605  1294  6639 D InputDispatcher: Focus request (0): b83a1ef com.samsung.android.dialer/com.samsung.android.dialer.DialtactsActivity but waiting because NOT_VISIBLE
10-11 16:23:57.606  1154  1816 I SurfaceFlinger: id=939014 createSurf, flag=20004, DimAnimationLayer for Task=34842#939014
10-11 16:23:57.607  1294  2750 I WindowManager: Reparenting to leash, surface=Surface(name=Task=34842)/@0xa2b4dc2, leashParent=Surface(name=DefaultTaskDisplayArea)/@0xb9ef977
10-11 16:23:57.607  1154  1816 I SurfaceFlinger: id=939015 createSurf, flag=24004, Surface(name=Task=34842)/@0xa2b4dc2 - animation-leash of app_transition#939015
10-11 16:23:57.608  1294  2750 D WindowManager: makeSurface duration=1 leash=Surface(name=Surface(name=Task=34842)/@0xa2b4dc2 - animation-leash of app_transition)/@0xdb11d48
10-11 16:23:57.608  1294  2750 D ActivityTaskManager: mStartingWindow and mStartingData is null for token=ActivityRecord{9867e74 u0 com.samsung.android.dialer/.DialtactsActivity} t34842}
10-11 16:23:57.608  1294  2750 V WindowManager: performShowLocked: mDrawState=HAS_DRAWN in Window{b83a1ef u0 com.samsung.android.dialer/com.samsung.android.dialer.DialtactsActivity}
10-11 16:23:57.609  1294  2750 D RestrictionPolicy: isScreenCaptureEnabled : ret=true userId=0
10-11 16:23:57.614  1154  1154 I Layer   : id=939016 Destroyed Screenshot Parent#939016
10-11 16:23:57.622  1294  2750 D WindowManager: updateSystemBarAttributes: displayId=0, win=Window{b83a1ef u0 com.samsung.android.dialer/com.samsung.android.dialer.DialtactsActivity}, navColorWin=Window{b83a1ef u0 com.samsung.android.dialer/com.samsung.android.dialer.DialtactsActivity}, focusedCanBeNavColorWin=false, behavior=1, appearance=24, statusBarAppearanceRegions=[AppearanceRegion{LIGHT_STATUS_BARS bounds=[0,0][1080,2408]}], requestedVisibilities=, from=com.android.server.wm.DisplayPolicy.finishPostLayoutPolicyLw:2523 com.android.server.wm.DisplayContent.applySurfaceChangesTransaction:5632 com.android.server.wm.RootWindowContainer.applySurfaceChangesTransaction:1220 
10-11 16:23:57.623  2260  2260 D SamsungLightBarControlHelper: onStatusBarAppearanceChanged() -  sbModeChanged:false, statusBarMode:MODE_TRANSPARENT, barState:SHADE, isKeyguardShowing:false, navbarColorManagedByIme:false, stackAppearancesChanged:true, (AppearanceRegion{LIGHT_STATUS_BARS bounds=[0,0][1080,2408]}, ), packageName:com.samsung.android.dialer
10-11 16:23:57.625  2260  2260 D SamsungLightBarControlHelper: updateStatus(BLACK icon) NumStacks:1, StatusBarMode:MODE_TRANSPARENT, lightBarBounds:[Rect(0, 0 - 1080, 2408)], StatusBarState:SHADE, packageName:com.samsung.android.dialer, NeedDarkFontFromWallpaper:false, isWhiteKeyguardStatusBarBySettings:false
10-11 16:23:57.626  1294  1294 I Telecom : EmergencyInCallServiceConnection: mCall: [Call id=TC@1487, state=CONNECTING, tpac=ComponentInfo{com.android.phone/com.android.services.telephony.TelephonyConnectionService}, 1, UserHandle{0}, cmgr=null, handle=tel:**********, vidst=A, childs(0), has_parent(false), cap=[], prop=[]], voip=falsecaps=[Capabilities:], props=[Properties:], conf(false), had_child(false), mIsConnected: true: TSI.hCI->CM.fOCP->CM.sOCPA->CM.dSMCP->CM.dSPA->CM.sRCQ->CM.pASP@nP4
10-11 16:23:57.626  1294  1674 D ActivityTaskManager: mStartingWindow and mStartingData is null for token=ActivityRecord{9867e74 u0 com.samsung.android.dialer/.DialtactsActivity} t34842}
10-11 16:23:57.626  1294  2675 D CompatibilityChangeReporter: Compat change id reported: 161145287; UID 10095; state: DISABLED
10-11 16:23:57.626 30814 30814 I RCS-DuoModel: [D] enabled : 0, isDuoLauncherEnabled : true
10-11 16:23:57.627  1294  1294 I Telecom:SamsungInCallController: ComponentEnabledSetting - componentName : ComponentInfo{com.android.bluetooth/com.android.bluetooth.telephony.BluetoothInCallService} / userId : 0 / componentEnabledState : 2
10-11 16:23:57.627 30814 30814 I wm_on_resume_called: [159809140,com.samsung.android.dialer.DialtactsActivity,RESUME_ACTIVITY]
10-11 16:23:57.627  1294  1294 I Telecom:SamsungInCallController: ComponentEnabledSetting - componentName : ComponentInfo{com.google.android.as/com.google.android.apps.miphone.aiai.captions.tulip.audiosource.impl.CIS} / userId : 0 / componentEnabledState : 0
10-11 16:23:57.627  1294  2675 D WifiDisplayAdapter: isFitToActiveDisplayLocked : false
10-11 16:23:57.627  1294  1294 I Telecom:SamsungInCallController: ComponentEnabledSetting - componentName : ComponentInfo{com.google.android.gms/com.google.android.gms.dtdi.contextsync.ContextSyncInCallService} / userId : 0 / componentEnabledState : 0
10-11 16:23:57.627  1294  1294 I Telecom:SamsungInCallController: ComponentEnabledSetting - componentName : ComponentInfo{com.google.android.googlequicksearchbox/com.google.android.libraries.assistant.auto.tng.morris.framework.datasources.impl.phone.MorrisInCallService} / userId : 0 / componentEnabledState : 0
10-11 16:23:57.627 30814 30814 I DialpadPresenter: [D] completeSearch
10-11 16:23:57.627  1294  1294 I Telecom:SamsungInCallController: ComponentEnabledSetting - componentName : ComponentInfo{com.google.android.googlequicksearchbox/com.google.android.libraries.search.assistant.performer.communication.IncomingCallInCallService} / userId : 0 / componentEnabledState : 1
10-11 16:23:57.627  1294  1294 I Telecom:SamsungInCallController: ComponentEnabledSetting - componentName : ComponentInfo{com.samsung.android.incallui/com.android.incallui.InCallServiceImpl} / userId : 0 / componentEnabledState : 0
10-11 16:23:57.627  1294  1294 I Telecom : InCallServiceBindingConnection: Attempting to bind to InCall [ComponentInfo{com.google.android.googlequicksearchbox/com.google.android.libraries.search.assistant.performer.communication.IncomingCallInCallService} supportsExternal? false supportsSelfMg?false supportsAllowedSelfMg?false], 4, with Intent { act=android.telecom.InCallService cmp=com.google.android.googlequicksearchbox/com.google.android.libraries.search.assistant.performer.communication.IncomingCallInCallService (has extras) }: TSI.hCI->CM.fOCP->CM.sOCPA->CM.dSMCP->CM.dSPA->CM.sRCQ->CM.pASP@nP4
10-11 16:23:57.627  1294  1673 I wm_destroy_activity: [0,35979424,34844,com.android.server.telecom/.components.UserCallActivity,finish-imm:idle]
10-11 16:23:57.627  1294  1294 I Telecom : Event: RecordEntry TC@1487: BIND_ICS, [ComponentInfo{com.google.android.googlequicksearchbox/com.google.android.libraries.search.assistant.performer.communication.IncomingCallInCallService} supportsExternal? false supportsSelfMg?false supportsAllowedSelfMg?false], 4: TSI.hCI->CM.fOCP->CM.sOCPA->CM.dSMCP->CM.dSPA->CM.sRCQ->CM.pASP@nP4
10-11 16:23:57.628 30814 30814 W RCS-CallPlusWithSimModel: [D] callComposerAppAvailable : false
10-11 16:23:57.628 30814 30814 I DialpadButtonImpl: [D] refreshVideoButtonView
10-11 16:23:57.629 30814 30814 I TelephonyDataSource: [D] isMultiSimModel - getActiveModemCount() : 1
10-11 16:23:57.629 30814 30814 I SimModel: [D] isMultiSimModel : false
10-11 16:23:57.629 30814 30814 I SimModel: [D] isMultiSimInserted : false
10-11 16:23:57.629 30814 30814 I SimModel: [D] No Multi Sim isPreferredSimAlwaysAsk false
10-11 16:23:57.629 30814 30814 I TelephonyDataSource: [D] getDefaultVoiceSubscriptionId : 1
10-11 16:23:57.632 31249 31249 I Telecom:SamsungImsManagerInjector: disconnectService, SemImsManager - phoneId 0
10-11 16:23:57.632  1294  1673 D SGM:GameManager: identifyGamePackage. com.samsung.android.dialer, mCurrentUserId: 0, callerUserId: 0, callingMethodInfo: com.android.server.ssrm.SortingMachine.isGame(SortingMachine.java:162)
10-11 16:23:57.632 27876 27876 I SCallUI : InCallServiceImpl@134563174 - CallUIPerf: Constructor
10-11 16:23:57.632  1294  1673 D SGM:PkgDataHelper: getGamePkgData(). com.samsung.android.dialer
10-11 16:23:57.633  1294  1673 D SGM:FgCheckThread: noteResumeComponent(), received pkgName: com.samsung.android.dialer, userId: 0
10-11 16:23:57.633  1294  3300 I MediaSessionMonitor: Media session stopped : controllerList empty
10-11 16:23:57.633 30814 30814 I TelephonyDataSource: [D] getSlotId(1) : 0
10-11 16:23:57.633  1294  2079 D SGM:FgCheckThread: onLooperPrepared(), msg: MSG_APP_RESUME, pkgName: com.samsung.android.dialer, userid: 0
10-11 16:23:57.633 30814 30814 I RCS-ImsCommonModel: [D] isSimMobility : false
10-11 16:23:57.633  1294  2079 D SGM:FgCheckThread: handleResume().
10-11 16:23:57.633 27876 27876 I SCallUI : BixbyHandler - startBixby2: do not support
10-11 16:23:57.633 27876 27876 I SCallUI : NotificationHandler - createNotificationChannel
10-11 16:23:57.633  1294  2079 D SGM:FgCheckThread: sendFocusOutConditionally() - mPrevNotiPkg: (unknown), userId: 0
10-11 16:23:57.633  1294  2079 D SGM:FgCheckThread:   handleResume(). pkgName: com.samsung.android.dialer, userId: 0, isTunableApp: null
10-11 16:23:57.633  1294  2079 D SGM:FgCheckThread: notifyFocusInOut(). of pkg: com.samsung.android.dialer, type: 4, isTunableApp: false, userId: 0
10-11 16:23:57.634  1294  2079 D SGM:FgCheckThread:   notifyFocusInOut(). unexpected mPrevNotiType: -1
10-11 16:23:57.634  1294  2079 D SGM:SystemHelper: callReleaseBlock needReleaseBlock:false
10-11 16:23:57.634  2614  2970 I ImsServiceStub<0>: isServiceAvailable: VoImsFeature : (mmtel-video) is not supported
10-11 16:23:57.634 31249 31249 I Telecom:SamsungImsManagerInjector: onDisconnected SemImsManager, phoneId : 0
10-11 16:23:57.634 31249 31249 I Telecom:SamsungImsManagerInjector: disconnectService, SecImsManager - phoneId 0
10-11 16:23:57.635  1294  1294 I Telecom : InCallServiceBindingConnection: mCall: [Call id=TC@1487, state=CONNECTING, tpac=ComponentInfo{com.android.phone/com.android.services.telephony.TelephonyConnectionService}, 1, UserHandle{0}, cmgr=null, handle=tel:**********, vidst=A, childs(0), has_parent(false), cap=[], prop=[]], voip=falsecaps=[Capabilities:], props=[Properties:], conf(false), had_child(false), mIsConnected: true: TSI.hCI->CM.fOCP->CM.sOCPA->CM.dSMCP->CM.dSPA->CM.sRCQ->CM.pASP@nP4
10-11 16:23:57.635 30814 30814 I RCS-ImsUiVideoCallCommon: [D] isDialerVideoButtonAvailable(0) : false
10-11 16:23:57.635 31249 31249 I Telecom:SamsungImsManagerInjector: onDisconnected SecImsManager, phoneId : 0
10-11 16:23:57.635 30814 30814 I DialpadButtonHelperUSA: [D] isVideoCallAvailable : false
10-11 16:23:57.635 31249 31249 I wm_on_destroy_called: [35979424,com.android.server.telecom.components.UserCallActivity,performDestroy]
10-11 16:23:57.635 30814 30814 I RCS-ImsUiManager: [D] getDialerVideoCallIcon slotId : -1
10-11 16:23:57.635  1294  2755 I wm_task_removed: [34844,removeChild:removeChild last r=ActivityRecord{22500a0 u0 com.android.server.telecom/.components.UserCallActivity} t-1 f}} in t=Task{c4102df #34844 type=standard A=1000:com.android.server.telecom U=0 visible=false visibleRequested=false mode=fullscreen translucent=true sz=0},1]
10-11 16:23:57.635  1294  2755 I wm_task_removed: [34844,removeChild,1]
10-11 16:23:57.635 30814 30814 I TelephonyDataSource: [D] getDefaultVoiceSubscriptionId : 1
10-11 16:23:57.635  1294  1294 I Telecom : CallDiagnosticServiceController: bindCallDiagnosticService: no package; skip binding.: TSI.hCI->CM.fOCP->CM.sOCPA->CM.dSMCP->CM.dSPA->CM.sRCQ->CM.pASP@nP4
10-11 16:23:57.636  1294  1294 I AudioManager: getParameters keys = g_volume_situation_key;type=13
10-11 16:23:57.636  1294  3002 I Telecom : CallAudioRouteStateMachine: Message received: MUTE_OFF=3002, arg1=0: TSI.hCI->CM.fOCP->CM.sOCPA->CM.dSMCP->CM.dSPA->CM.sRCQ->CM.pASP->CARSM.pM_MUTE_OFF@nP4
10-11 16:23:57.636  1294  3002 I Telecom : QuiescentEarpieceRoute: Processing message MUTE_OFF: TSI.hCI->CM.fOCP->CM.sOCPA->CM.dSMCP->CM.dSPA->CM.sRCQ->CM.pASP->CARSM.pM_MUTE_OFF@nP4
10-11 16:23:57.637  1123  1959 V APM_AudioPolicyManager: getAudioPolicyConfig: g_volume_situation_key;type=13
10-11 16:23:57.637  1123  1959 W SecAudioParamPolicy: g_volume_situation_key: did not support legacy situation volumes
10-11 16:23:57.637  1294  3002 I Telecom : Event: RecordEntry TC@1487: UNMUTE, null: TSI.hCI->CM.fOCP->CM.sOCPA->CM.dSMCP->CM.dSPA->CM.sRCQ->CM.pASP->CARSM.pM_MUTE_OFF@nP4
10-11 16:23:57.637  1294  3002 D BluetoothAdapter: getActiveDevices(profile= HEARING_AID)
10-11 16:23:57.637  1294  1294 D AudioSystem: getParameters() ERROR : can't get situationVolume
10-11 16:23:57.637  1294  1294 I Telecom:SamsungBluetoothManager: setIsExistForegroundCall = true
10-11 16:23:57.638  1294  1294 I Telecom:CallAudioManager: onCallEnteringActiveDialingOrConnecting : size = 1 isAnswered: false
10-11 16:23:57.638  1294  1294 I Telecom : IncomingCallNotifier: updateIncomingCall: foundIncomingcall = null: TSI.hCI->CM.fOCP->CM.sOCPA->CM.dSMCP->CM.dSPA->CM.sRCQ->CM.pASP@nP4
10-11 16:23:57.638  1294  1294 I Telecom:SamsungATCommandManager: onCallAdded() command = null
10-11 16:23:57.638  1123  1959 V APM_AudioPolicyManager: selectOutput new bestOutput 13 criteria 0 100 0 0 0 0 0 2 
10-11 16:23:57.638  1294  1294 I Telecom:SamsungSpeakerManagerForSessionModify: onCallAdded 
10-11 16:23:57.638  1123  1959 V APM_AudioPolicyManager: getOutput() stream 8 selected devices {AUDIO_DEVICE_OUT_SPEAKER, @:}, output 13
10-11 16:23:57.638  1294  1294 I Telecom:SamsungSpeakerManagerForSessionModify: isSktTPhoneMode : false
10-11 16:23:57.638  1294  3005 I Telecom : CallAudioModeStateMachine: Message received: NEW_ACTIVE_OR_DIALING_CALL.: TSI.hCI->CM.fOCP->CM.sOCPA->CM.dSMCP->CM.dSPA->CM.sRCQ->CM.pASP->CAMSM.pM_2001@nP4
10-11 16:23:57.638  1294  1294 I Telecom:SamsungAutoAnswerCallsManagerListener: onCallAdded : [Call id=TC@1487, state=CONNECTING, tpac=ComponentInfo{com.android.phone/com.android.services.telephony.TelephonyConnectionService}, 1, UserHandle{0}, cmgr=null, handle=tel:**********, vidst=A, childs(0), has_parent(false), cap=[], prop=[]], voip=falsecaps=[Capabilities:], props=[Properties:], conf(false), had_child(false)
10-11 16:23:57.639  3151  3205 E BluetoothAdapterService: getActiveDevices: HearingAidService is null
10-11 16:23:57.639  1294  1294 I Telecom:SamsungFolderAngleRegistrar: registerListenerToSensorManager failed :NOT_SUPPORTED
10-11 16:23:57.639 30814 30814 I TelephonyDataSource: [D] getSlotId(1) : 0
10-11 16:23:57.639  1294  1294 I Telecom:SamsungRestrictionPolicyHelper: canShowCallerIdIncomingCall, call is not incoming
10-11 16:23:57.639  1294  1294 D Telecom:SamsungRingingTimeCallAddedTimeMarker:  callAddedElapsedTime : 10128046833
10-11 16:23:57.639  1294  3005 I Telecom:SamsungCallAudioModeStateMachine: setRefreshAudioModemForSpecialModem md=
10-11 16:23:57.639  1294  3005 I AudioManager: setParameters keyValuePairs = RefreshModem=
10-11 16:23:57.639  1294  6639 I Telecom:SamsungSemTelecomServiceImpl: getAllowedPhoneAccounts - includeRegisteredAccounts : true / includeSimSubscriptionAccounts : false / isServiceConnected : true / lockExists : true / callingPackage : com.samsung.android.dialer
10-11 16:23:57.640  1294  1673 I GameSDK@LifeCycle: noteResumeComponent(): package name  : com.samsung.android.dialer
10-11 16:23:57.640  1294  1294 D CmcSettingManager: init : CmcSettingManager version : 1.4.1
10-11 16:23:57.640 27876 27876 I SCallUI : TelecomAdapter - setUp
10-11 16:23:57.640  1294  1294 D CmcSettingManager: context : com.android.server.telecom.components.TelecomService@6a40728
10-11 16:23:57.640 27876 27876 I SCallUI : InCallServiceImpl@134563174 - <----- onBind, duration: 7ms - {NO_SCREEN}
10-11 16:23:57.641  1294  1294 D CmcSettingManager: cur version : 5.0.00.27
10-11 16:23:57.641  1294  1294 D CmcSettingManager: getOwnDeviceType
10-11 16:23:57.641  1294  1294 D CmcSettingManager: own device type - db : pd
10-11 16:23:57.641  1294  1294 D CmcSettingManager: deInit
10-11 16:23:57.641  1294  1294 D CmcSettingManager: unregisterListener : all
10-11 16:23:57.641  1294  1294 D CmcSettingManager: context : com.android.server.telecom.components.TelecomService@6a40728
10-11 16:23:57.641  1294  1294 I Telecom:SamsungNewOutgoingCallIntentBroadcaster: isOutgoingGroupCall : false
10-11 16:23:57.641  1294  1294 I Telecom:SamsungNewOutgoingCallIntentBroadcaster: processCall, need to update handle
10-11 16:23:57.641  1294  1294 I Telecom : CallRedirectionProcessorHelper: formatNumberToE164, original number: ***: TSI.hCI->CIP.sNOCI@nP4
10-11 16:23:57.642   961  1955 D audio_hw_primary: adev_set_parameters: enter: RefreshModem=
10-11 16:23:57.642  1154  1154 I Layer   : id=939009 removedFromDrawingState ActivityRecord{22500a0 u0 com.android.server.telecom/.components.UserCallActivity}#939009 (115)
10-11 16:23:57.642  1154  1154 I Layer   : id=939008 removedFromDrawingState Task=34844#939008 (115)
10-11 16:23:57.642  1154  1154 I SurfaceFlinger: id=939009 Removed ActivityRecord{22500a0 u0 com.android.server.telecom/.components.UserCallActivity}#939009 (115)
10-11 16:23:57.642  1154  1154 I SurfaceFlinger: id=939008 Removed Task=34844#939008 (115)
10-11 16:23:57.642  1154  1154 I Layer   : id=939008 Destroyed Task=34844#939008
10-11 16:23:57.642  1154  1154 I Layer   : id=939009 Destroyed ActivityRecord{22500a0 u0 com.android.server.telecom/.components.UserCallActivity}#939009
10-11 16:23:57.643  1154  1154 I DisplayDevice: [Display 4630946312756012673 (internal, primary, \"\")] ActiveConfigToHWC, ID : 0
10-11 16:23:57.643  1154  1154 I LayerHistory: com.sec.android.RilServiceModeApp/com.sec.android.RilServiceModeApp.ServiceModeApp$_25750#938999 Max (can't resolve refresh rate)
10-11 16:23:57.643  1154  1154 I SurfaceFlinger: Touch - choose 120.00 Hz
10-11 16:23:57.643   961  1955 V audio_hw_sec: sec_set_parameters: enter: RefreshModem=
10-11 16:23:57.644  1294  1294 I Telecom : CallRedirectionProcessorHelper: formatNumberToE164, formatted E164 number: null: TSI.hCI->CIP.sNOCI@nP4
10-11 16:23:57.644  1294  1294 I Telecom : CallRedirectionProcessorHelper: removePostDialDigits, number after being extracted post dial digits: ***: TSI.hCI->CIP.sNOCI@nP4
10-11 16:23:57.644  1294  1294 I Telecom : CallRedirectionProcessorHelper: PackageName is empty. Not performing user-defined call redirection.: TSI.hCI->CIP.sNOCI@nP4
10-11 16:23:57.645  1069  1069 I SDM     : HWCDisplay::SubmitDisplayConfig: [DispConfigs] config 1 => 0, hs_mode 1 => 1
10-11 16:23:57.645  1069  1069 I SDM     : DisplayBase::SetActiveConfig: [DispConfigs] 1 => 0 or hs mode is changed if same config
10-11 16:23:57.645  1069  1069 I SDM     : HWDeviceDRM::SetDisplaySwitchMode: [DispConfigs] check hs_mode 1
10-11 16:23:57.645  1069  1069 I SDM     : HWDeviceDRM::SetDisplaySwitchMode: [DispConfigs] SetDisplayAttributes  mode_index 0
10-11 16:23:57.645 21110 21124 I SAMSUNGWALLET: [Hint_ProcessStatusChange] fg Change, pid : 31249 , isNotify : true , isForeground : false , fg list : [25750, 30814]
10-11 16:23:57.645  1069  1069 I SDM     : HWDeviceDRM::UpdateMixerAttributes: Mixer WxH 1080x2408-0 for Peripheral
10-11 16:23:57.646  1069  1069 I SDM     : HWCDisplay::SubmitDisplayConfig: Active configuration changed to: 0
10-11 16:23:57.646  2702  2702 I RecentsView: onTaskRemoved() taskId : 34844
10-11 16:23:57.646  2702  2702 I TopTaskTracker: onTaskRemoved : taskId = 34844
10-11 16:23:57.646  2702  2702 I RecentsView: onTaskRemoved() taskId : 34844
10-11 16:23:57.646  2702  2702 I TopTaskTracker: onTaskRemoved : taskId = 34844
10-11 16:23:57.648  1123  8757 V APM_AudioPolicyManager: getOutputForAttrInt() attributes={ Content type: AUDIO_CONTENT_TYPE_UNKNOWN Usage: AUDIO_USAGE_VOICE_COMMUNICATION_SIGNALLING Source: AUDIO_SOURCE_DEFAULT Flags: 0x0 Tags:  } stream=AUDIO_STREAM_DTMF session 241705 selectedDeviceId 0
10-11 16:23:57.648  1123  8757 V APM_AudioPolicyManager: getOutputForAttrInt() device {AUDIO_DEVICE_OUT_SPEAKER, @:}, sampling rate 0, format 0x1, channel mask 0x1, flags 0x100004 stream AUDIO_STREAM_DTMF
10-11 16:23:57.648  1123  8757 V APM_AudioPolicyManager: selectOutput new bestOutput 13 criteria 0 100 0 0 0 0 4 2 
10-11 16:23:57.648  1123  8757 V APM_AudioPolicyManager: selectOutput new bestOutput 29 criteria 0 100 0 0 0 1 4 0 
10-11 16:23:57.648  1123  8757 V APM_AudioPolicyManager: getOutputForAttrInt returns output 29 selectedDeviceId 3
10-11 16:23:57.648  1123  8757 V APM_AudioPolicyManager: getOutputForAttr() returns output 29 requestedPortId 0 selectedDeviceId 3 for port ID 21337
10-11 16:23:57.648  2260  2260 D ViewRootImpl@a99c7cc[NotificationShade]: performTraversals mFirst=false windowShouldResize=false viewVisibilityChanged=false mForceNextWindowRelayout=false params={(0,0)(fillxfill) gr=TOP CENTER_VERTICAL sim={adjust=resize} layoutInDisplayCutoutMode=always ty=NOTIFICATION_SHADE fmt=TRANSLUCENT
10-11 16:23:57.648  2260  2260 D ViewRootImpl@a99c7cc[NotificationShade]:   fl=81840048
10-11 16:23:57.648  2260  2260 D ViewRootImpl@a99c7cc[NotificationShade]:   pfl=1b000000
10-11 16:23:57.648  2260  2260 D ViewRootImpl@a99c7cc[NotificationShade]:   vsysui=2000
10-11 16:23:57.648  2260  2260 D ViewRootImpl@a99c7cc[NotificationShade]:   apr=LIGHT_STATUS_BARS
10-11 16:23:57.648  2260  2260 D ViewRootImpl@a99c7cc[NotificationShade]:   bhv=SHOW_TRANSIENT_BARS_BY_SWIPE naviIconColor=0
10-11 16:23:57.648  2260  2260 D ViewRootImpl@a99c7cc[NotificationShade]:   sfl=40000}
10-11 16:23:57.649 21110 21132 I SAMSUNGWALLET: [Hint_afp] isHomePackageRunning topPkgName = com.samsung.android.dialer, topClsName = com.samsung.android.dialer.DialtactsActivity, return false , se : false
10-11 16:23:57.649  1294  1294 I Telecom : CallRedirectionProcessorHelper: Cannot get carrier componentNameString.: TSI.hCI->CIP.sNOCI@nP4
10-11 16:23:57.649  1294  2215 V WindowManager: Relayout Window{5a41d52 u0 NotificationShade}: viewVisibility=4 req=1080x2408 d0
10-11 16:23:57.649  1294  1294 I Telecom : CallRedirectionProcessor: Can make call redirection with any available service: false: TSI.hCI->CIP.sNOCI@nP4
10-11 16:23:57.649  1294  1294 I Telecom : NewOutgoingCallIntentBroadcaster: Sending NewOutgoingCallBroadcast for [Call id=TC@1487, state=CONNECTING, tpac=ComponentInfo{com.android.phone/com.android.services.telephony.TelephonyConnectionService}, 1, UserHandle{0}, cmgr=null, handle=tel:**********, vidst=A, childs(0), has_parent(false), cap=[], prop=[]], voip=falsecaps=[Capabilities:], props=[Properties:], conf(false), had_child(false) to UserHandle{0}: TSI.hCI->CIP.sNOCI@nP4
10-11 16:23:57.649  1294  1294 I Telecom : Event: RecordEntry TC@1487: SEND_NEW_OUTGOING_CALL, number=72******17, true, UserHandle{0}: TSI.hCI->CIP.sNOCI@nP4
10-11 16:23:57.650 21110 21110 I SAMSUNGWALLET: [Hint_IntroHintService] Hint Status - already invisible, skip hide : [4000000] - Home Package Not Running
10-11 16:23:57.650  1294  1294 W Telecom : Logging: Log.endSession was called with no session active.
10-11 16:23:57.650  1294  1294 I CocktailBarManagerServiceContainer: handleMessage: entry what = 6
10-11 16:23:57.650  1294  1294 I CocktailBarManagerServiceImpl: notePauseComponent : no active host
10-11 16:23:57.650  1294  3002 I Telecom : CallAudioRouteStateMachine: setSystemAudioState: changing from [AudioState isMuted: false, route: EARPIECE, supportedRouteMask: EARPIECE, SPEAKER, activeBluetoothDevice: [null], supportedBluetoothDevices: []] to [AudioState isMuted: false, route: EARPIECE, supportedRouteMask: EARPIECE, SPEAKER, activeBluetoothDevice: [null], supportedBluetoothDevices: []]: TSI.hCI->CM.fOCP->CM.sOCPA->CM.dSMCP->CM.dSPA->CM.sRCQ->CM.pASP->CARSM.pM_MUTE_OFF@nP4
10-11 16:23:57.650  1294  1294 I CocktailBarManagerServiceContainer: handleMessage: entry what = 5
10-11 16:23:57.650  1294  1294 I CocktailBarManagerServiceImpl: noteResumeComponent : no active host
10-11 16:23:57.650  1294  1294 D MediaSessionService: Global priority session is updated, active=true
10-11 16:23:57.650  1294  3002 I Telecom : BluetoothRouteManager: getBluetoothAudioConnectedDevice: no service available.: TSI.hCI->CM.fOCP->CM.sOCPA->CM.dSMCP->CM.dSPA->CM.sRCQ->CM.pASP->CARSM.pM_MUTE_OFF@nP4
10-11 16:23:57.650  1294  3002 D BluetoothAdapter: getActiveDevices(profile= HEARING_AID)
10-11 16:23:57.650  1294  3005 I Telecom:SamsungCallAudioModeStateMachine: getTargetAudioMode : mode = 2 mSamsungMessageArg: SamsungMessageArgs{foregroundCallPhoneId =0, foregroundCallIsCs =false, foregroundCallIsVideo =false, mUseIWLAN =false, foregroundCallIsCmcSdCall =false, foregroundCallIsVoip =false, foregroundCallIsInContact =false, foregroundCallIsVoiceMailNumber =false}
10-11 16:23:57.650  1294  3005 I Telecom : CallAudioModeStateMachine: destinationStateByAudioMode mode=2: TSI.hCI->CM.fOCP->CM.sOCPA->CM.dSMCP->CM.dSPA->CM.sRCQ->CM.pASP->CAMSM.pM_2001@nP4
10-11 16:23:57.651  1294  3005 I Telecom : CallAudioModeStateMachine: Audio focus entering SIM CALL state: TSI.hCI->CM.fOCP->CM.sOCPA->CM.dSMCP->CM.dSPA->CM.sRCQ->CM.pASP->CAMSM.pM_2001@nP4
10-11 16:23:57.651  2260  4359 D RefOnMediaKeyEventSessionChangedListenerProxy: invoke() onMediaKeyEventSessionChanged
10-11 16:23:57.652  2260  4359 D FaceWidgetMusicViewModel: onMediaKeyEventSessionChanged() packageName = com.android.server.telecom, sessionToken = android.media.session.MediaSession$Token@f2da13c
10-11 16:23:57.652  1123  1959 V APM_AudioPolicyManager: setAudioPolicyConfig: audioParam;l_smart_view_split_sound_enable=false
10-11 16:23:57.652  2260  3335 D RefOnMediaKeyEventSessionChangedListenerProxy: invoke() onMediaKeyEventSessionChanged
10-11 16:23:57.652  1294  6639 I Telecom:SamsungAllowedPhoneAccountFilterManager: filterSalesCode - option : EXCLUDE / allowedPhoneAccount : SamsungJsonPhoneAccount { RawData : {\"package_name\":\"com.google.android.apps.tachyon\",\"component_name\":\"\",\"sales_code_option\":\"exclude\",\"sales_codes\":[\"CDR\",\"DOR\",\"UFN\",\"UFU\",\"SAM\",\"CHC\",\"TCE\",\"GCF\"],\"model_names\":[],\"orders\":{\"default\":200,\"SKC\":900,\"KTC\":900,\"LUC\":900}} / PackageName : com.google.android.apps.tachyon / ComponentName :  / SalesCodeOption : exclude / SalesCodes : [CDR, DOR, UFN, UFU, SAM, CHC, TCE, GCF] / ModelNameOption : null / ModelNames : [] / Orders : {default=200, SKC=900, KTC=900, LUC=900} / Order : 200
10-11 16:23:57.652  2260  3335 D FaceWidgetMusicViewModel: onMediaKeyEventSessionChanged() packageName = com.android.server.telecom, sessionToken = android.media.session.MediaSession$Token@f2da13c
10-11 16:23:57.652  1294  6639 I Telecom:SamsungAllowedPhoneAccountFilterManager: filterModelName - option : ALL / allowedPhoneAccount : SamsungJsonPhoneAccount { RawData : {\"package_name\":\"com.google.android.apps.tachyon\",\"component_name\":\"\",\"sales_code_option\":\"exclude\",\"sales_codes\":[\"CDR\",\"DOR\",\"UFN\",\"UFU\",\"SAM\",\"CHC\",\"TCE\",\"GCF\"],\"model_names\":[],\"orders\":{\"default\":200,\"SKC\":900,\"KTC\":900,\"LUC\":900}} / PackageName : com.google.android.apps.tachyon / ComponentName :  / SalesCodeOption : exclude / SalesCodes : [CDR, DOR, UFN, UFU, SAM, CHC, TCE, GCF] / ModelNameOption : null / ModelNames : [] / Orders : {default=200, SKC=900, KTC=900, LUC=900} / Order : 200
10-11 16:23:57.652  1294  6639 I Telecom:SamsungAllowedPhoneAccountFilterManager: filterSalesCode - option : INCLUDE / allowedPhoneAccount : SamsungJsonPhoneAccount { RawData : {\"package_name\":\"com.skt.prod.together\",\"component_name\":\"\",\"sales_code_option\":\"include\",\"sales_codes\":[\"SKC\",\"KOO\"],\"model_names\":[],\"orders\":{\"SKC\":100}} / PackageName : com.skt.prod.together / ComponentName :  / SalesCodeOption : include / SalesCodes : [SKC, KOO] / ModelNameOption : null / ModelNames : [] / Orders : {SKC=100} / Order : 1000
10-11 16:23:57.652 30814 30814 I TelecomDataSource: [D] allowedSemPhoneAccounts: semPhoneAccount: com.google.android.apps.tachyon
10-11 16:23:57.652  1294  3005 I MediaFocusControl: requestAudioFocus() from uid/pid 1000/1294 AA=USAGE_VOICE_COMMUNICATION/CONTENT_TYPE_SPEECH clientId=AudioFocus_For_Phone_Ring_And_Calls callingPack=com.android.server.telecom req=2 flags=0x4 sdk=0
10-11 16:23:57.652 30814 30814 I PhoneAccountModel: [D] PackageComponentWrapper(com.google.android.apps.tachyon, null, 200 )
10-11 16:23:57.653  1294  2215 V WindowManager: Relayout hash=5a41d52, pid=2260, syncId=-1: mAttrs={(0,0)(fillxfill) gr=TOP CENTER_VERTICAL sim={adjust=resize} layoutInDisplayCutoutMode=always ty=NOTIFICATION_SHADE fmt=TRANSLUCENT
10-11 16:23:57.653  1294  2215 V WindowManager:   fl=81840048
10-11 16:23:57.653  1294  2215 V WindowManager:   pfl=1b000000
10-11 16:23:57.653  1294  2215 V WindowManager:   vsysui=2000
10-11 16:23:57.653  1294  2215 V WindowManager:   apr=LIGHT_STATUS_BARS
10-11 16:23:57.653  1294  2215 V WindowManager:   bhv=SHOW_TRANSIENT_BARS_BY_SWIPE naviIconColor=0
10-11 16:23:57.653  1294  2215 V WindowManager:   sfl=40000}
10-11 16:23:57.653  1294  6639 I Telecom:SamsungSemTelecomServiceImpl: getAllowedPhoneAccounts - includeRegisteredAccounts : true / includeSimSubscriptionAccounts : false / isServiceConnected : true / lockExists : true / callingPackage : com.samsung.android.dialer
10-11 16:23:57.653 21545 21545 I A       : onBind() to the IncomingCallInCallService.
10-11 16:23:57.653  1294  6639 I Telecom:SamsungAllowedPhoneAccountFilterManager: filterSalesCode - option : EXCLUDE / allowedPhoneAccount : SamsungJsonPhoneAccount { RawData : {\"package_name\":\"com.google.android.apps.tachyon\",\"component_name\":\"\",\"sales_code_option\":\"exclude\",\"sales_codes\":[\"CDR\",\"DOR\",\"UFN\",\"UFU\",\"SAM\",\"CHC\",\"TCE\",\"GCF\"],\"model_names\":[],\"orders\":{\"default\":200,\"SKC\":900,\"KTC\":900,\"LUC\":900}} / PackageName : com.google.android.apps.tachyon / ComponentName :  / SalesCodeOption : exclude / SalesCodes : [CDR, DOR, UFN, UFU, SAM, CHC, TCE, GCF] / ModelNameOption : null / ModelNames : [] / Orders : {default=200, SKC=900, KTC=900, LUC=900} / Order : 200
10-11 16:23:57.653  1294  6639 I Telecom:SamsungAllowedPhoneAccountFilterManager: filterModelName - option : ALL / allowedPhoneAccount : SamsungJsonPhoneAccount { RawData : {\"package_name\":\"com.google.android.apps.tachyon\",\"component_name\":\"\",\"sales_code_option\":\"exclude\",\"sales_codes\":[\"CDR\",\"DOR\",\"UFN\",\"UFU\",\"SAM\",\"CHC\",\"TCE\",\"GCF\"],\"model_names\":[],\"orders\":{\"default\":200,\"SKC\":900,\"KTC\":900,\"LUC\":900}} / PackageName : com.google.android.apps.tachyon / ComponentName :  / SalesCodeOption : exclude / SalesCodes : [CDR, DOR, UFN, UFU, SAM, CHC, TCE, GCF] / ModelNameOption : null / ModelNames : [] / Orders : {default=200, SKC=900, KTC=900, LUC=900} / Order : 200
10-11 16:23:57.653  1294  6639 I Telecom:SamsungAllowedPhoneAccountFilterManager: filterSalesCode - option : INCLUDE / allowedPhoneAccount : SamsungJsonPhoneAccount { RawData : {\"package_name\":\"com.skt.prod.together\",\"component_name\":\"\",\"sales_code_option\":\"include\",\"sales_codes\":[\"SKC\",\"KOO\"],\"model_names\":[],\"orders\":{\"SKC\":100}} / PackageName : com.skt.prod.together / ComponentName :  / SalesCodeOption : include / SalesCodes : [SKC, KOO] / ModelNameOption : null / ModelNames : [] / Orders : {SKC=100} / Order : 1000
10-11 16:23:57.653  1123  8757 I AudioFlinger: nonSecFlag 4, secFlag 100000, outputFlags 4
10-11 16:23:57.653  1123  8757 D AudioFlinger: Client defaulted notificationFrames to 192 for frameCount 960
10-11 16:23:57.653 30814 30814 I OpenCommunicationModel: [D] allowedPhoneAccountInfo : [PackageComponentWrapper(packageName=com.google.android.apps.tachyon, componentName=null, order=200)] selfManagedAccounts : []
10-11 16:23:57.653  1294  3005 D MediaFocusControl: selectFocusStack, uid = 1000, appDevice = 0, device = 2
10-11 16:23:57.654  3151  3205 E BluetoothAdapterService: getActiveDevices: HearingAidService is null
10-11 16:23:57.654 30814 30814 I RCS-DuoModel: [D] duo version : 172
10-11 16:23:57.654 30814 30814 I RCS-DuoModel: [D] enabled : 0, isDuoLauncherEnabled : true
10-11 16:23:57.654  2260  2260 I ViewRootImpl@a99c7cc[NotificationShade]: Relayout returned: old=(0,0,1080,2408) new=(0,0,1080,2408) req=(1080,2408)4 dur=6 res=0x0 s={false 0x0} ch=false seqId=2532
10-11 16:23:57.655  1294  3002 I Telecom : CallAudioRouteStateMachine: Message received: UPDATE_SYSTEM_AUDIO_ROUTE=1201, arg1=0: TSI.hCI->CM.fOCP->CM.sOCPA->CM.dSMCP->CM.dSPA->CM.sRCQ->CM.pASP->CARSM.pM_UPDATE_SYSTEM_AUDIO_ROUTE@nP4
10-11 16:23:57.655 30814 30814 I RCS-DuoModel: [D] enabled : 0, isDuoLauncherEnabled : true
10-11 16:23:57.655 30814 30814 I OpenCommunicationModel: [D] result : [PhoneAccountWrapper(id=0, icon=Icon(typ=RESOURCE pkg=com.samsung.android.dialer id=0x7f08015a), label=Duo, packageName=com.google.android.apps.tachyon, accountBundle=AccountBundle(intentActionVideoCall=com.google.android.apps.tachyon.action.CALL, intentActionVideoGroupCall=null, isCapabilitySupportGroupCall=false, groupVideoMaxRecipient=-1), order=200)]
10-11 16:23:57.655  1294  3002 I Telecom : QuiescentEarpieceRoute: Processing message UPDATE_SYSTEM_AUDIO_ROUTE: TSI.hCI->CM.fOCP->CM.sOCPA->CM.dSMCP->CM.dSPA->CM.sRCQ->CM.pASP->CARSM.pM_UPDATE_SYSTEM_AUDIO_ROUTE@nP4
10-11 16:23:57.655 30814 30814 I TelephonyDataSource: [D] isMultiSimModel - getActiveModemCount() : 1
10-11 16:23:57.655 30814 30814 I SimModel: [D] isMultiSimModel : false
10-11 16:23:57.655 30814 30814 I SimModel: [D] isMultiSimInserted : false
10-11 16:23:57.655  1294  1294 I Telecom:Telecom_Timing: onServiceConnected from IncallService for GANG-ext
10-11 16:23:57.655 30814 30814 I SimModel: [D] No Multi Sim isPreferredSimAlwaysAsk false
10-11 16:23:57.655 30814 30814 I RCS-ImsCommonModel: [D] isSimMobility : false
10-11 16:23:57.655  1294  3002 I Telecom : BluetoothRouteManager: getBluetoothAudioConnectedDevice: no service available.: TSI.hCI->CM.fOCP->CM.sOCPA->CM.dSMCP->CM.dSPA->CM.sRCQ->CM.pASP->CARSM.pM_UPDATE_SYSTEM_AUDIO_ROUTE@nP4
10-11 16:23:57.655  1294  1294 I Telecom : Event: RecordEntry TC@1487: ICS_SERVICE_CONNECTED, com.samsung.android.incallui/com.android.incallui.InCallServiceImpl, android.os.BinderProxy@5489ac1, false, true, false, 2: ICSBC.oSC(csai)@nQM
10-11 16:23:57.655  1294  3002 D BluetoothAdapter: getActiveDevices(profile= HEARING_AID)
10-11 16:23:57.655  1294  1294 I Telecom : InCallController: onConnected to ComponentInfo{com.samsung.android.incallui/com.android.incallui.InCallServiceImpl}: ICSBC.oSC(csai)@nQM
10-11 16:23:57.655  1294  1294 I Telecom : InCallController: trackCallingUserInterfaceStarted: com.samsung.android.incallui is now calling UX.: ICSBC.oSC(csai)@nQM
10-11 16:23:57.655  1294  1294 I Telecom : InCallController: Adding 1 calls to InCallService after onConnected: ComponentInfo{com.samsung.android.incallui/com.android.incallui.InCallServiceImpl}, including external calls: ICSBC.oSC(csai)@nQM
10-11 16:23:57.656  2614  2970 I ImsServiceStub<0>: isServiceAvailable: VoImsFeature : (mmtel-video) is not supported
10-11 16:23:57.656 30814 30814 I OpenCommunicationModel: [D] getVideoCallType() isViLteEnabled : false, videoMethod : 
10-11 16:23:57.656 30814 30814 I RCS-DuoUiVideoCall: [D] getDialerDuoIcon type : 4
10-11 16:23:57.656 30814 30814 I RCS-DuoModel: [D] duo version : 172
10-11 16:23:57.656  1294  1294 I Telecom:Telecom_Timing: addCall to IncallService for GANGA
10-11 16:23:57.656 30814 30814 I RCS-DuoModel: [D] enabled : 0, isDuoLauncherEnabled : true
10-11 16:23:57.656 30814 30814 I RCS-DuoModel: [D] duo version : 172
10-11 16:23:57.656  1294  1294 W Telecom : Call: maybeOnInCallServiceTrackingChanged() request on a call without a connection service.: ICSBC.oSC(csai)@nQM
10-11 16:23:57.656  1294  1294 I Telecom : Event: RecordEntry TC@1487: ICS_ADD_CALL, onConnected - [ComponentInfo{com.samsung.android.incallui/com.android.incallui.InCallServiceImpl} supportsExternal? true supportsSelfMg?false supportsAllowedSelfMg?false], 2: ICSBC.oSC(csai)@nQM
10-11 16:23:57.656 30814 30814 I RCS-DuoModel: [D] enabled : 0, isDuoLauncherEnabled : true
10-11 16:23:57.656  3151  3205 E BluetoothAdapterService: getActiveDevices: HearingAidService is null
10-11 16:23:57.657  1294  1294 I Telecom : InCallController: 1 calls sent to InCallService.: ICSBC.oSC(csai)@nQM
10-11 16:23:57.657  1294  3300 D MediaSessionRecord: registering controller callback android.media.session.MediaController$CallbackStub@bdda9a7 from controllerandroid
10-11 16:23:57.657 30814 30814 I DialPadBottomToggleHelper: [D] changeVisibility : false, misVisible : false
10-11 16:23:57.657  1123  8757 D AF::TrackHandle: OpPlayAudio: track:21368 usage:3 not muted
10-11 16:23:57.658  1294  3002 I Telecom : CallAudioRouteStateMachine: updateLastKnownCallAudioStateWithCurrent [AudioState isMuted: false, route: EARPIECE, supportedRouteMask: EARPIECE, SPEAKER, activeBluetoothDevice: [null], supportedBluetoothDevices: []] -> [AudioState isMuted: false, route: EARPIECE, supportedRouteMask: EARPIECE, SPEAKER, activeBluetoothDevice: [null], supportedBluetoothDevices: []]: TSI.hCI->CM.fOCP->CM.sOCPA->CM.dSMCP->CM.dSPA->CM.sRCQ->CM.pASP->CARSM.pM_UPDATE_SYSTEM_AUDIO_ROUTE@nP4
10-11 16:23:57.658  1154  1154 I Scheduler: DisplayModeChanged : 0
10-11 16:23:57.658  1294  3002 I Telecom : CallAudioRouteStateMachine: setSystemAudioState: changing from [AudioState isMuted: false, route: EARPIECE, supportedRouteMask: EARPIECE, SPEAKER, activeBluetoothDevice: [null], supportedBluetoothDevices: []] to [AudioState isMuted: false, route: EARPIECE, supportedRouteMask: EARPIECE, SPEAKER, activeBluetoothDevice: [null], supportedBluetoothDevices: []]: TSI.hCI->CM.fOCP->CM.sOCPA->CM.dSMCP->CM.dSPA->CM.sRCQ->CM.pASP->CARSM.pM_UPDATE_SYSTEM_AUDIO_ROUTE@nP4
10-11 16:23:57.658  1294  3002 I Telecom : InCallController: Calling onAudioStateChanged, audioState: [AudioState isMuted: false, route: EARPIECE, supportedRouteMask: EARPIECE, SPEAKER, activeBluetoothDevice: [null], supportedBluetoothDevices: []] -> [AudioState isMuted: false, route: EARPIECE, supportedRouteMask: EARPIECE, SPEAKER, activeBluetoothDevice: [null], supportedBluetoothDevices: []]: TSI.hCI->CM.fOCP->CM.sOCPA->CM.dSMCP->CM.dSPA->CM.sRCQ->CM.pASP->CARSM.pM_UPDATE_SYSTEM_AUDIO_ROUTE@nP4
10-11 16:23:57.659  1294  1673 D LocalDisplayAdapter: updateActiveModeLocked for d=4630946312756012673, mActiveModeId=1, mActiveSfDisplayMode=DisplayMode{id=0, width=1080, height=2408, xDpi=403.411, yDpi=402.389, refreshRate=120.00001, appVsyncOffsetNanos=1000000, presentationDeadlineNanos=12666666, group=1080}
10-11 16:23:57.659  1294  2215 I Telecom:SamsungTelecomServiceImpl: getPhoneAccount - PhoneAccountHandle : ComponentInfo{com.android.phone/com.android.services.telephony.TelephonyConnectionService}, 1, UserHandle{0} / callingPid : 30814 / processName : sts
10-11 16:23:57.659  1294  1673 I DisplayDeviceRepository: Display device changed: DisplayDeviceInfo{\"Built-in Screen\": uniqueId=\"local:4630946312756012673\", 1080 x 2408, modeId 1, defaultModeId 1, supportedModes [{id=1, width=1080, height=2408, fps=120.00001, alternativeRefreshRates=[60.000004]}, {id=2, width=1080, height=2408, fps=60.000004, alternativeRefreshRates=[120.00001]}], colorMode 0, supportedColorModes [0], hdrCapabilities HdrCapabilities{mSupportedHdrTypes=[], mMaxLuminance=500.0, mMaxAverageLuminance=500.0, mMinLuminance=0.0}, allmSupported false, gameContentTypeSupported false, density 450, 403.411 x 402.389 dpi, appVsyncOff 1000000, presDeadline 12666666, cutout DisplayCutout{insets=Rect(0, 65 - 0, 0) waterfall=Insets{left=0, top=0, right=0, bottom=0} boundingRect={Bounds=[Rect(0, 0 - 0, 0), Rect(454, 0 - 626, 65), Rect(0, 0 - 0, 0), Rect(0, 0 - 0, 0)]} cutoutPathParserInfo={CutoutPathParserInfo{displayWidth=1080 displayHeight=2408 physicalDisplayWidth=1080 physicalDisplayHeight=2408 density={2.8125} cutoutSpec={M 0,0 H -30.57777777777778 V 23.11111111111111 H 30.57777777777778 V 0 H 0 Z @dp} rotation={0} scale={1.0} physicalPixelDisplaySizeRatio={1.0}}}}, touch INTERNAL, rotation 0, type INTERNAL, address {port=129, model=0x40446d22b9ba26}, deviceProductInfo DeviceProductInfo{name=, manufacturerPnpId=QCM, productId=1, modelYear=null, manufactureDate=ManufactureDate{week=27, year=2006}, connectionToSinkType=0}, state ON, frameRateOverride , brightnessMinimum 0.0, brightnessMaximum 1.0, brightnessDefault 0.5019608, roundedCorners RoundedCorners{[RoundedCorner{position=TopLeft, radius=90, center=Point(90, 90)}, RoundedCorner{position=TopRight, radius=90, center=Point(990, 90)}, RoundedCorner{position=BottomRight, radius=90, center=Point(990, 2318)}, RoundedCorner{position=BottomLeft, radius=90, center=Point(90, 2318)}]}, FLAG_ALLOWED_TO_BE_DEFAULT_DISPLAY, FLAG_ROTATES_WITH_CONTENT, FLAG_SECURE, FLAG_SUPPORTS_PROTECTED_BUFFERS, installOrientation 0}
10-11 16:23:57.659  1294  3005 D MediaFocusControl: propagateFocusLossFromGainToAll, 2
10-11 16:23:57.659  1294  3005 I AudioService.FadeOutManager: unfadeOutUid() uid:1000
10-11 16:23:57.660  1123  8757 I AF::Track: setMixerOutConfig return default condition, mixer key 2002, thread key 2002
10-11 16:23:57.660 30814 30814 I DialPadSearchImpl: [D] mSearchItemList : 0mFirstSearchItem :null
10-11 16:23:57.660 30814 30814 I DialpadButtonImpl: [D] initButtonView
10-11 16:23:57.660 30814 30814 I TelephonyDataSource: [D] isMultiSimModel - getActiveModemCount() : 1
10-11 16:23:57.660 30814 30814 I SimModel: [D] isMultiSimModel : false
10-11 16:23:57.660 30814 30814 I SimModel: [D] isMultiSimInserted : false
10-11 16:23:57.661  1294  6639 D InputDispatcher: Focus entered window (0): b83a1ef com.samsung.android.dialer/com.samsung.android.dialer.DialtactsActivity
10-11 16:23:57.662  1294  2063 I input_focus: [Focus entering b83a1ef com.samsung.android.dialer/com.samsung.android.dialer.DialtactsActivity (server),reason=Window became focusable. Previous reason: NOT_VISIBLE]
10-11 16:23:57.662 30814 30814 I TelephonyDataSource: [D] isMultiSimModel - getActiveModemCount() : 1
10-11 16:23:57.662  1294  1294 I Telecom:SamsungCallerInfoQueryCompleteListener: onQueryComplete - start : CallerInfo - name : null / contactRingtoneUri : null / number : (72********117 / cnapName : null
10-11 16:23:57.662 30814 30814 I SimModel: [D] isMultiSimModel : false
10-11 16:23:57.662 30814 30814 I SimModel: [D] isMultiSimInserted : false
10-11 16:23:57.662 30814 30814 I SimModel: [D] No Multi Sim isPreferredSimAlwaysAsk false
10-11 16:23:57.662  1294  1294 I Telecom:SamsungRingerRepositoryImpl: getContactCallBgInfo - secCallBackground : null
10-11 16:23:57.662  1294  1294 I Telecom:SamsungCallerInfoQueryCompleteListener: onQueryComplete - end
10-11 16:23:57.662 30814 30814 I TelephonyDataSource: [D] getDefaultVoiceSubscriptionId : 1
10-11 16:23:57.663  1294 31276 I Telecom:SamsungCallerInfoQueryCompleteListener: updateCallerInfo : android.telecom.CallerInfo@60993b5 { name null, phoneNumber non-null }
10-11 16:23:57.663  1294 31276 I Telecom:SamsungEcidContactModel: generateDisplayName length : 0
10-11 16:23:57.663  1294 31276 I Telecom:SamsungEcidContactModel: generateDisplayName is null
10-11 16:23:57.663  1294 31276 I Telecom:SamsungCallerInfoQueryCompleteListener: updateTPhoneCallerInfo info : <Empty>
10-11 16:23:57.663  1294 31276 I Telecom:SamsungCallerInfoQueryCompleteListener: updateContactCallBg value is changed
10-11 16:23:57.663  1294  1294 I Telecom:SamsungCallerInfoQueryCompleteListener: SamsungCallerInfoQueryCompleteListener [doOnSuccess] - CallerInfo - name : null / contactRingtoneUri : null / number : (72********117 / cnapName : null
10-11 16:23:57.663  1294  1294 I Telecom:SamsungCallerInfoQueryCompleteListener: onQueryComplete : CallerInfo - name : null / contactRingtoneUri : null / number : (72********117 / cnapName : null
10-11 16:23:57.663  1294  3005 I Telecom:SamsungCallMultiSimAudioParam: setNone : mState = -1
10-11 16:23:57.663  1294  3634 I AudioTrack: createTrack_l(21328): AUDIO_OUTPUT_FLAG_FAST successful; frameCount 960 -> 960
10-11 16:23:57.663  1294  3005 I Telecom:SamsungCallAudioModeStateMachine: shouldControlEngine = false
10-11 16:23:57.663  1294  3005 I Telecom:SamsungAudioModeInCall: enterSimCallFocusState shouldControlEngine =false
10-11 16:23:57.663  1294  1294 I Telecom : CallerInfoLookupHelper: CI query for handle tel:********** has completed; notifying all listeners.: TSI.hCI->CILH.sL->CILH.oQC@nP4
10-11 16:23:57.663  1294  3005 I Telecom:SamsungCallAudioParam: CallAudioModeStateMachine : setAudioParam CALL_STATUS_VOLTE_CP_VOICE_CALL_ON
10-11 16:23:57.663  1294  1294 I Telecom:SamsungRingerInfo: updateContactCallBgValues - secCallBackground : null
10-11 16:23:57.663  1294  3005 I AudioManager: setParameters keyValuePairs = g_call_state=514
10-11 16:23:57.664  1294  1294 I Telecom:SamsungRingerInfo: setCallerInfo : RawContactId = 0, VibrationUri : null
10-11 16:23:57.664  1294  1294 I Telecom : Call: CallerInfo received for tel:**********: android.telecom.CallerInfo@60993b5 { name null, phoneNumber non-null }: TSI.hCI->CILH.sL->CILH.oQC@nP4
10-11 16:23:57.664  1294  1294 I Telecom : CallerInfoLookupHelper: There is no photo for this contact, skipping photo query: TSI.hCI->CILH.sL->CILH.oQC@nP4
10-11 16:23:57.664  1123  8757 V APM_AudioPolicyManager: setAudioPolicyConfig: g_call_state=514
10-11 16:23:57.664  1294  1294 I Telecom : CallsManager: Outgoing caller ID complete: TSI.hCI->CILH.sL->CILH.oQC->CM.pCSB@nP4
10-11 16:23:57.665  1154  1154 D SurfaceFlinger: Display 4630946312756012673 HWC layers:
10-11 16:23:57.665  1154  1154 D SurfaceFlinger:      DEVICE | 0xb4000074df622030 | 0102 | RGBA_8888    |    0.0   27.0 1080.0 2408.0 |    0    0 1080 2381 | com.sec.android.RilServiceModeApp/co[...]ModeApp.ServiceModeApp$_25750#938999
10-11 16:23:57.665  1154  1154 D SurfaceFlinger:  SOLID_COLOR |              | 0000 |  Unknown  |    0.0    0.0    0.0    0.0 |    0    0 1080 2408 | DimAnimationLayer for Task=34842#939014
10-11 16:23:57.665  1154  1154 D SurfaceFlinger:      DEVICE | 0xb4000074d28c7f70 | 0102 | RGBA_8888    |    0.0    0.0 1080.0 2130.0 |    0  278 1080 2408 | com.samsung.android.dialer/com.samsu[...]aler.DialtactsActivity$_30814#939010
10-11 16:23:57.665  1154  1154 D SurfaceFlinger:      CLIENT | 0xb4000074d28c8360 | 0100 | RGBA_8888    |    0.0    0.0 1080.0   70.0 |    0    0 1080   70 | StatusBar$_2260#84
10-11 16:23:57.665  1154  1154 D SurfaceFlinger:      CLIENT | 0xb4000074d28c9320 | 0100 | RGBA_8888    |    0.0    0.0 1080.0  135.0 |    0 2273 1080 2408 | NavigationBar0$_2260#80
10-11 16:23:57.665  1154  1154 D SurfaceFlinger: 
10-11 16:23:57.665  1154  3167 D NativeSemDvfsManager: acquire:: timeout = 2000 mIsAcquired = 1  mTagName : SurfaceFlinger 
10-11 16:23:57.665  1154  3167 E NativeCustomFrequencyManager: [NativeCFMS] BpCustomFrequencyManager::acquire()
10-11 16:23:57.666   961  1955 V sec_audio_hw: sec_dev_set_parameters : g_call_state=514
10-11 16:23:57.666   983  1076 I HYPER-HAL: [RequestManager.cpp]acquire(): Acquired ID : 2321935  [1154 / 1000]    HINT : SF_GPU_MINLOCK    list : [TIMEOUT / 2000] 
10-11 16:23:57.666   961  1955 D audio_hw_primary: adev_set_parameters: enter: g_call_state=514
10-11 16:23:57.667   961  1955 I audio_hw_sec: CallState val=0x202 
10-11 16:23:57.667   961  1955 V audio_hw_sec: sec_set_parameters: enter: 
10-11 16:23:57.667  1294  1294 D SGM:GameManager: onDisplayChanged. displyId: 0, state: 2
10-11 16:23:57.667  1294  2079 D SGM:FgCheckThread: onLooperPrepared(), msg: MSG_LCD_ON
10-11 16:23:57.667  1294  1294 D AODManagerService: requestReCalToTSP IsSingleTouchMode = false / previousDisplayState = ON
10-11 16:23:57.668  1294  3634 D AudioTrack: setVolume(0.316228, 0.316228) pid : 1294
10-11 16:23:57.668  1294  3634 I Telecom:SamsungDtmfLocalTonePlayer: startLocalToneIfNeeded toneVolume = 1.0
10-11 16:23:57.668  1294  3634 D AudioTrack: setVolume(1.000000, 1.000000) pid : 1294
10-11 16:23:57.668  1294  3634 I Telecom:SamsungToneGeneratorAdapterImpl: setSituationType stv_dtmf
10-11 16:23:57.669 30814 30814 I TelephonyDataSource: [D] getSlotId(1) : 0
10-11 16:23:57.669 30814 30814 I RCS-ImsCommonModel: [D] isSimMobility : false
10-11 16:23:57.669  1294  3297 D LiftUpHandler: [LTW] Stopped already.
10-11 16:23:57.670  1294  2439 V MdnieScenarioControlService: mAclOffEnabled : false mAclPreviewState : false mAclCompensationState : false
10-11 16:23:57.670  2235  2235 D DCT-C-0 : Screen INTERNAL on
10-11 16:23:57.670  2614  2970 I ImsServiceStub<0>: isServiceAvailable: VoImsFeature : (mmtel-video) is not supported
10-11 16:23:57.670 27876 27876 I SCallUI : ViewModelsManager - ViewModelLifecycle: onPrepare, ViewModelStatusOwner{Status: PREPARE, Mask: BIND}
10-11 16:23:57.670 27876 27876 I SCallUI : ModelsFactory@daaa111 - CallUIPerf: setUp
10-11 16:23:57.670 30814 30814 I RCS-ImsUiVideoCallCommon: [D] isDialerVideoButtonAvailable(0) : false
10-11 16:23:57.670 30814 30814 I DialpadButtonHelperUSA: [D] isVideoCallAvailable : false
10-11 16:23:57.670 30814 30814 I RCS-ImsUiManager: [D] getDialerVideoCallIcon slotId : -1
10-11 16:23:57.671 30814 30814 I TelephonyDataSource: [D] getDefaultVoiceSubscriptionId : 1
10-11 16:23:57.672  1294  1294 I Telecom:Telecom_Timing: onServiceConnected from IncallService for GANG-ext
10-11 16:23:57.672  1294  1294 I Telecom : Event: RecordEntry TC@1487: ICS_SERVICE_CONNECTED, com.google.android.googlequicksearchbox/com.google.android.libraries.search.assistant.performer.communication.IncomingCallInCallService, android.os.BinderProxy@3a382d8, false, true, false, 4: ICSBC.oSC(cgag)@nQY
10-11 16:23:57.672  1294  1294 I Telecom : InCallController: onConnected to ComponentInfo{com.google.android.googlequicksearchbox/com.google.android.libraries.search.assistant.performer.communication.IncomingCallInCallService}: ICSBC.oSC(cgag)@nQY
10-11 16:23:57.673  1294  1294 I Telecom : InCallController: Adding 1 calls to InCallService after onConnected: ComponentInfo{com.google.android.googlequicksearchbox/com.google.android.libraries.search.assistant.performer.communication.IncomingCallInCallService}, including external calls: ICSBC.oSC(cgag)@nQY
10-11 16:23:57.673  1294  1294 I Telecom:Telecom_Timing: addCall to IncallService for GANG-ext
10-11 16:23:57.673  1294  1294 W Telecom : Call: maybeOnInCallServiceTrackingChanged() request on a call without a connection service.: ICSBC.oSC(cgag)@nQY
