10-09 18:25:20.043  1277 17846 I Telecom : Event: RecordEntry TC@182: NEW_ICS_INFO, [ComponentInfo{com.samsung.android.incallui/com.android.incallui.InCallServiceImpl} supportsExternal? true supportsSelfMg?false supportsAllowedSelfMg?false], 2, [ComponentInfo{com.samsung.android.incallui/com.android.incallui.InCallServiceImpl} supportsExternal? true supportsSelfMg?false supportsAllowedSelfMg?false], 2, [ComponentInfo{com.google.android.projection.gearhead/com.google.android.apps.auto.components.telecom.service.CarProjectionInCallServiceImpl} supportsExternal? false supportsSelfMg?true supportsAllowedSelfMg?false], 3, false, false: NCSSF.aC->ICFG.sF->ICFG.sF->ICFG.sF@P44
10-09 18:25:20.043  1277 17846 I Telecom : CarSwappingInCallServiceConnection: chooseInitialInCallService: false => false: NCSSF.aC->ICFG.sF->ICFG.sF->ICFG.sF@P44
10-09 18:25:20.044  1277 17846 I Telecom : EmergencyCallHelper: ShouldGrantTemporaryLocationPermission, not emergency: NCSSF.aC->ICFG.sF->ICFG.sF->ICFG.sF@P44
10-09 18:25:20.044  1277 17846 I Telecom : EmergencyInCallServiceConnection: Attempting to bind to InCall [ComponentInfo{com.samsung.android.incallui/com.android.incallui.InCallServiceImpl} supportsExternal? true supportsSelfMg?false supportsAllowedSelfMg?false], 2, with Intent { act=android.telecom.InCallService cmp=com.samsung.android.incallui/com.android.incallui.InCallServiceImpl }: NCSSF.aC->ICFG.sF->ICFG.sF->ICFG.sF@P44
10-09 18:25:20.044  1277 17846 I Telecom : Event: RecordEntry TC@182: BIND_ICS, [ComponentInfo{com.samsung.android.incallui/com.android.incallui.InCallServiceImpl} supportsExternal? true supportsSelfMg?false supportsAllowedSelfMg?false], 2: NCSSF.aC->ICFG.sF->ICFG.sF->ICFG.sF@P44
10-09 18:25:20.047  1277 17846 I ActivityManager: com.samsung.android.incallui is exempt from freezer by list
10-09 18:25:20.048  1277 17846 D CompatibilityChangeReporter: Compat change id reported: 135634846; UID 1001; state: DISABLED
10-09 18:25:20.048  1277 17846 D CompatibilityChangeReporter: Compat change id reported: 177438394; UID 1001; state: DISABLED
10-09 18:25:20.048  1277 17846 D CompatibilityChangeReporter: Compat change id reported: 135772972; UID 1001; state: DISABLED
10-09 18:25:20.049  1277 17846 D CompatibilityChangeReporter: Compat change id reported: 135754954; UID 1001; state: ENABLED
10-09 18:25:20.050  1277 17846 I Telecom : EmergencyInCallServiceConnection: mCall: [Call id=TC@182, state=RINGING, tpac=ComponentInfo{com.android.phone/com.android.services.telephony.TelephonyConnectionService}, 1, UserHandle{0}, cmgr=ComponentInfo{com.android.phone/com.android.services.telephony.TelephonyConnectionService}, 1, UserHandle{0}, handle=tel:***********, vidst=A, childs(0), has_parent(false), cap=[ sup_hld mut !v2a spd_aud], prop=[ HD]], voip=falsecaps=[Capabilities: CAPABILITY_SUPPORT_HOLD CAPABILITY_MUTE CAPABILITY_CANNOT_DOWNGRADE_VIDEO_TO_AUDIO CAPABILITY_SPEED_UP_MT_AUDIO], props=[Properties: PROPERTY_HIGH_DEF_AUDIO], conf(false), had_child(false), mIsConnected: true: NCSSF.aC->ICFG.sF->ICFG.sF->ICFG.sF@P44
10-09 18:25:20.052  1277 17846 I Telecom:SamsungInCallController: ComponentEnabledSetting - componentName : ComponentInfo{com.android.bluetooth/com.android.bluetooth.telephony.BluetoothInCallService} / userId : 0 / componentEnabledState : 2
10-09 18:25:20.052  1277 17846 I Telecom:SamsungInCallController: ComponentEnabledSetting - componentName : ComponentInfo{com.google.android.as/com.google.android.apps.miphone.aiai.captions.tulip.audiosource.impl.CIS} / userId : 0 / componentEnabledState : 1
10-09 18:25:20.053  1277 17846 I Telecom:SamsungInCallController: ComponentEnabledSetting - componentName : ComponentInfo{com.google.android.gms/com.google.android.gms.dtdi.contextsync.ContextSyncInCallService} / userId : 0 / componentEnabledState : 0
10-09 18:25:20.053  1277 17846 I Telecom:SamsungInCallController: ComponentEnabledSetting - componentName : ComponentInfo{com.google.android.googlequicksearchbox/com.google.android.libraries.assistant.auto.tng.morris.framework.datasources.impl.phone.MorrisCarModeInCallService} / userId : 0 / componentEnabledState : 0
10-09 18:25:20.053  1277 17846 I Telecom:SamsungInCallController: ComponentEnabledSetting - componentName : ComponentInfo{com.google.android.googlequicksearchbox/com.google.android.libraries.assistant.auto.tng.morris.framework.datasources.impl.phone.MorrisNonCarInCallService} / userId : 0 / componentEnabledState : 0
10-09 18:25:20.053  1277 17846 I Telecom:SamsungInCallController: ComponentEnabledSetting - componentName : ComponentInfo{com.google.android.googlequicksearchbox/com.google.android.libraries.search.assistant.incallservice.IncomingCallInCallService} / userId : 0 / componentEnabledState : 1
10-09 18:25:20.054  1277 17846 I Telecom:SamsungInCallController: ComponentEnabledSetting - componentName : ComponentInfo{com.google.android.googlequicksearchbox/com.google.android.libraries.search.assistant.performer.communication.IncomingCallInCallService} / userId : 0 / componentEnabledState : 2
10-09 18:25:20.054  1277 17846 I Telecom:SamsungInCallController: ComponentEnabledSetting - componentName : ComponentInfo{com.google.android.projection.gearhead/com.google.android.apps.auto.components.telecom.service.NonCarInCallServiceImpl} / userId : 0 / componentEnabledState : 0
10-09 18:25:20.054  1277 17846 I Telecom:SamsungInCallController: ComponentEnabledSetting - componentName : ComponentInfo{com.google.android.projection.gearhead/com.google.android.apps.auto.components.telecom.service.CarProjectionInCallServiceImpl} / userId : 0 / componentEnabledState : 1
10-09 18:25:20.054  1277 17846 I Telecom:SamsungInCallController: ComponentEnabledSetting - componentName : ComponentInfo{com.google.android.projection.gearhead/com.google.android.apps.auto.components.telecom.service.ComplementaryInCallServiceImpl} / userId : 0 / componentEnabledState : 0
10-09 18:25:20.055  1277 17846 I Telecom:SamsungInCallController: ComponentEnabledSetting - componentName : ComponentInfo{com.google.android.projection.gearhead/com.google.android.apps.auto.components.telecom.service.SharedComplementaryInCallServiceImpl} / userId : 0 / componentEnabledState : 0
10-09 18:25:20.055  1277 17846 I Telecom:SamsungInCallController: ComponentEnabledSetting - componentName : ComponentInfo{com.samsung.android.incallui/com.android.incallui.InCallServiceImpl} / userId : 0 / componentEnabledState : 0
10-09 18:25:20.055  1277 17846 I Telecom:SamsungInCallController: ComponentEnabledSetting - componentName : ComponentInfo{com.samsung.android.mdecservice/com.samsung.android.mdecservice.notisync.service.InCallServiceImpl} / userId : 0 / componentEnabledState : 0
10-09 18:25:20.055  1277 17846 I Telecom : InCallServiceBindingConnection: Attempting to bind to InCall [ComponentInfo{com.google.android.as/com.google.android.apps.miphone.aiai.captions.tulip.audiosource.impl.CIS} supportsExternal? false supportsSelfMg?false supportsAllowedSelfMg?false], 4, with Intent { act=android.telecom.InCallService cmp=com.google.android.as/com.google.android.apps.miphone.aiai.captions.tulip.audiosource.impl.CIS }: NCSSF.aC->ICFG.sF->ICFG.sF->ICFG.sF@P44
10-09 18:25:20.056  1277 17846 I Telecom : Event: RecordEntry TC@182: BIND_ICS, [ComponentInfo{com.google.android.as/com.google.android.apps.miphone.aiai.captions.tulip.audiosource.impl.CIS} supportsExternal? false supportsSelfMg?false supportsAllowedSelfMg?false], 4: NCSSF.aC->ICFG.sF->ICFG.sF->ICFG.sF@P44
10-09 18:25:20.056   865   865 D Zygote  : Forked child process 17882
10-09 18:25:20.059  1277  1704 I am_proc_start: [0,17882,1001,com.samsung.android.incallui,service,{com.samsung.android.incallui/com.android.incallui.InCallServiceImpl}]
10-09 18:25:20.059  1277 17846 I Telecom : InCallServiceBindingConnection: mCall: [Call id=TC@182, state=RINGING, tpac=ComponentInfo{com.android.phone/com.android.services.telephony.TelephonyConnectionService}, 1, UserHandle{0}, cmgr=ComponentInfo{com.android.phone/com.android.services.telephony.TelephonyConnectionService}, 1, UserHandle{0}, handle=tel:***********, vidst=A, childs(0), has_parent(false), cap=[ sup_hld mut !v2a spd_aud], prop=[ HD]], voip=falsecaps=[Capabilities: CAPABILITY_SUPPORT_HOLD CAPABILITY_MUTE CAPABILITY_CANNOT_DOWNGRADE_VIDEO_TO_AUDIO CAPABILITY_SPEED_UP_MT_AUDIO], props=[Properties: PROPERTY_HIGH_DEF_AUDIO], conf(false), had_child(false), mIsConnected: true: NCSSF.aC->ICFG.sF->ICFG.sF->ICFG.sF@P44
10-09 18:25:20.059  1277 17846 I Telecom : InCallServiceBindingConnection: Attempting to bind to InCall [ComponentInfo{com.google.android.googlequicksearchbox/com.google.android.libraries.search.assistant.incallservice.IncomingCallInCallService} supportsExternal? false supportsSelfMg?false supportsAllowedSelfMg?false], 4, with Intent { act=android.telecom.InCallService cmp=com.google.android.googlequicksearchbox/com.google.android.libraries.search.assistant.incallservice.IncomingCallInCallService }: NCSSF.aC->ICFG.sF->ICFG.sF->ICFG.sF@P44
10-09 18:25:20.059  1277  1704 I ActivityManager: Start proc 17882:com.samsung.android.incallui/1001 for service {com.samsung.android.incallui/com.android.incallui.InCallServiceImpl}
10-09 18:25:20.059  1277 17846 I Telecom : Event: RecordEntry TC@182: BIND_ICS, [ComponentInfo{com.google.android.googlequicksearchbox/com.google.android.libraries.search.assistant.incallservice.IncomingCallInCallService} supportsExternal? false supportsSelfMg?false supportsAllowedSelfMg?false], 4: NCSSF.aC->ICFG.sF->ICFG.sF->ICFG.sF@P44
10-09 18:25:20.065  1277 17846 I Telecom : InCallServiceBindingConnection: mCall: [Call id=TC@182, state=RINGING, tpac=ComponentInfo{com.android.phone/com.android.services.telephony.TelephonyConnectionService}, 1, UserHandle{0}, cmgr=ComponentInfo{com.android.phone/com.android.services.telephony.TelephonyConnectionService}, 1, UserHandle{0}, handle=tel:***********, vidst=A, childs(0), has_parent(false), cap=[ sup_hld mut !v2a spd_aud], prop=[ HD]], voip=falsecaps=[Capabilities: CAPABILITY_SUPPORT_HOLD CAPABILITY_MUTE CAPABILITY_CANNOT_DOWNGRADE_VIDEO_TO_AUDIO CAPABILITY_SPEED_UP_MT_AUDIO], props=[Properties: PROPERTY_HIGH_DEF_AUDIO], conf(false), had_child(false), mIsConnected: true: NCSSF.aC->ICFG.sF->ICFG.sF->ICFG.sF@P44
10-09 18:25:20.071  4002  4002 I A       : onBind() to the IncomingCallInCallService.
10-09 18:25:20.073  1277  1277 I Telecom:Telecom_Timing: onServiceConnected from IncallService for GANG-ext
10-09 18:25:20.081  1277 17846 I Telecom : CallDiagnosticServiceController: bindCallDiagnosticService: no package; skip binding.: NCSSF.aC->ICFG.sF->ICFG.sF->ICFG.sF@P44
10-09 18:25:20.083  1277 17846 I AudioManager: getParameters keys = g_volume_situation_key;type=13
10-09 18:25:20.083 17882 17882 I ndroid.incallui: Using CollectorTypeCC GC.
10-09 18:25:20.084  1111 10846 V APM_AudioPolicyManager: getAudioPolicyConfig: g_volume_situation_key;type=13
10-09 18:25:20.084  1277  2958 I Telecom : CallAudioRouteStateMachine: Message received: UPDATE_SYSTEM_AUDIO_ROUTE=1201, arg1=0: NCSSF.aC->ICFG.sF->ICFG.sF->ICFG.sF->CARSM.pM_UPDATE_SYSTEM_AUDIO_ROUTE@P44
10-09 18:25:20.085  1277  2958 I Telecom : QuiescentEarpieceRoute: Processing message UPDATE_SYSTEM_AUDIO_ROUTE: NCSSF.aC->ICFG.sF->ICFG.sF->ICFG.sF->CARSM.pM_UPDATE_SYSTEM_AUDIO_ROUTE@P44
10-09 18:25:20.085  1277  2958 I Telecom : BluetoothRouteManager: getBluetoothAudioConnectedDevice: no service available.: NCSSF.aC->ICFG.sF->ICFG.sF->ICFG.sF->CARSM.pM_UPDATE_SYSTEM_AUDIO_ROUTE@P44
10-09 18:25:20.085  1277  2958 D BluetoothAdapter: getActiveDevices(profile= HEARING_AID)
10-09 18:25:20.085  1111 10846 W SecAudioParamPolicy: g_volume_situation_key: did not support legacy situation volumes
10-09 18:25:20.085  1277 17846 D AudioSystem: getParameters() ERROR : can't get situationVolume
10-09 18:25:20.086  1277 17846 I Telecom:SamsungBluetoothManager: setIsExistForegroundCall = true
10-09 18:25:20.087 17882 17882 E ndroid.incallui: Not starting debugger since process cannot load the jdwp agent.
10-09 18:25:20.087  1277  2960 I Telecom : CallAudioModeStateMachine: Message received: NEW_RINGING_CALL.: NCSSF.aC->ICFG.sF->ICFG.sF->ICFG.sF->CAMSM.pM_2002@P44
10-09 18:25:20.087  1111 10846 V APM_AudioPolicyManager: selectOutput new bestOutput 13 criteria 0 100 0 0 0 0 0 2 
10-09 18:25:20.087  1111 10846 V APM_AudioPolicyManager: getOutput() stream 8 selected devices {AUDIO_DEVICE_OUT_SPEAKER, @:}, output 13
10-09 18:25:20.088  1277  2960 D Telecom:SamsungCallAudioModeStateMachine: isMuteFirstRingFromSetting false
10-09 18:25:20.088  1277  2960 I Telecom:SamsungCallAudioModeStateMachine: getTargetAudioMode : mode = 2 mSamsungMessageArg: SamsungMessageArgs{foregroundCallPhoneId =0, foregroundCallIsCs =false, foregroundCallIsVideo =false, mUseIWLAN =false, foregroundCallIsCmcSdCall =false, foregroundCallIsVoip =false, foregroundCallIsInContact =false, foregroundCallIsVoiceMailNumber =false}
10-09 18:25:20.088  1277  2960 I Telecom : CallAudioModeStateMachine: Audio focus entering RINGING state: NCSSF.aC->ICFG.sF->ICFG.sF->ICFG.sF->CAMSM.pM_2002@P44
10-09 18:25:20.088  1277  2960 I Telecom : CallAudioModeStateMachine: checkDelayThenTryStartRinging false DelayedRinger: false,  delay: 0: NCSSF.aC->ICFG.sF->ICFG.sF->ICFG.sF->CAMSM.pM_2002@P44
10-09 18:25:20.088  1277  2053 D MotionRecognitionService: Call state check
10-09 18:25:20.088  1277  2053 D MotionRecognitionService: RINGING callStatefalse
10-09 18:25:20.089  1277  2960 I Telecom:SamsungRecordingRepositoryImpl: Video recording: false
10-09 18:25:20.092  5364 12515 E BluetoothAdapterService: getActiveDevices: HearingAidService is null
10-09 18:25:20.093 17882 17882 D ActivityThread: setConscryptValidator
10-09 18:25:20.093 17882 17882 D ActivityThread: setConscryptValidator - put
10-09 18:25:20.093  1277  2958 I Telecom : CallAudioRouteStateMachine: updateLastKnownCallAudioStateWithCurrent [AudioState isMuted: false, route: EARPIECE, supportedRouteMask: EARPIECE, SPEAKER, activeBluetoothDevice: [null], supportedBluetoothDevices: []] -> [AudioState isMuted: false, route: EARPIECE, supportedRouteMask: EARPIECE, SPEAKER, activeBluetoothDevice: [null], supportedBluetoothDevices: []]: NCSSF.aC->ICFG.sF->ICFG.sF->ICFG.sF->CARSM.pM_UPDATE_SYSTEM_AUDIO_ROUTE@P44
10-09 18:25:20.094  1277  2444 D CompatibilityChangeReporter: Compat change id reported: 168419799; UID 1001; state: DISABLED
10-09 18:25:20.095  1277  2444 I ActivityManager: DSS OFF for com.samsung.android.incallui
10-09 18:25:20.095  1277  2444 I am_proc_bound: [0,17882,com.samsung.android.incallui]
10-09 18:25:20.099 17882 17882 D CompatibilityChangeReporter: Compat change id reported: 171979766; UID 1001; state: ENABLED
10-09 18:25:20.100  2558  2801 I CapabilityDiscModule: onCallStateChanged: 1
10-09 18:25:20.101  2244  2244 D Telephony: SamsungMmiDialogController: onCallingState: mPrevState=0 newState=1
10-09 18:25:20.101  2244  2244 D Telephony: SamsungMmiDialogController: onCallingState
10-09 18:25:20.101  1111  5593 V APM_AudioPolicyManager: getOutputForAttrInt() attributes={ Content type: AUDIO_CONTENT_TYPE_UNKNOWN Usage: AUDIO_USAGE_VOICE_COMMUNICATION_SIGNALLING Source: AUDIO_SOURCE_DEFAULT Flags: 0x0 Tags:  } stream=AUDIO_STREAM_DTMF session 37505 selectedDeviceId 0
10-09 18:25:20.102  1111  5593 V APM_AudioPolicyManager: getOutputForAttrInt() device {AUDIO_DEVICE_OUT_SPEAKER, @:}, sampling rate 0, format 0x1, channel mask 0x1, flags 0x100004 stream AUDIO_STREAM_DTMF
10-09 18:25:20.102  1111  5593 V APM_AudioPolicyManager: selectOutput new bestOutput 13 criteria 0 100 0 0 0 0 4 2 
10-09 18:25:20.102  1111  5593 V APM_AudioPolicyManager: selectOutput new bestOutput 29 criteria 0 100 0 0 0 1 4 0 
10-09 18:25:20.102  1111  5593 V APM_AudioPolicyManager: getOutputForAttrInt returns output 29 selectedDeviceId 3
10-09 18:25:20.102  1111  5593 V APM_AudioPolicyManager: getOutputForAttr() returns output 29 requestedPortId 0 selectedDeviceId 3 for port ID 3669
10-09 18:25:20.102  1111  5593 I AudioFlinger: nonSecFlag 4, secFlag 100000, outputFlags 4
10-09 18:25:20.102  1111  5593 D AudioFlinger: Client defaulted notificationFrames to 192 for frameCount 960
10-09 18:25:20.102  2267  2267 D PowerUI : mPhoneStateListener onCallStateChanged(): state= 1 mIsShutdownTaskDelayed = false
10-09 18:25:20.105  1277  2444 D CompatibilityChangeReporter: Compat change id reported: 157233955; UID 10051; state: ENABLED
10-09 18:25:20.105  1111  5593 D AF::TrackHandle: OpPlayAudio: track:3700 usage:3 not muted
10-09 18:25:20.107  4568  4568 I HBD     : a HBD onCallStateChanged : 1
10-09 18:25:20.106  1111  5593 I AF::Track: setMixerOutConfig return default condition, mixer key 2002, thread key 2002
10-09 18:25:20.107 12062 12062 I BCMGR[11.0.01.4]: BeaconManager] PhoneStateListener - state changed : false to 1
10-09 18:25:20.109  2267  2267 D IndicatorTouchHandler: ACTION_PHONE_STATE_CHANGED GED=true, Samsung=true
10-09 18:25:20.109  2267  2267 D KeyguardUpdateMonitor: received broadcast android.intent.action.PHONE_STATE
10-09 18:25:20.109  1277  1703 W BroadcastQueue: Permission Denial: receiving Intent { act=android.intent.action.PHONE_STATE flg=0x1000010 (has extras) } to ProcessRecord{af3968e 25894:jp.co.cyberagent.stf/u0a289} (pid=25894, uid=10289) requires android.permission.READ_PRIVILEGED_PHONE_STATE due to sender android (uid 1000)
10-09 18:25:20.111 11815 11815 V BluetoothEventManager: onReceive :: android.intent.action.PHONE_STATE
10-09 18:25:20.111  1277 10070 I AudioTrack: createTrack_l(3644): AUDIO_OUTPUT_FLAG_FAST successful; frameCount 960 -> 960
10-09 18:25:20.111  7033  7501 D TrafficStats: tagSocket(81) with statsTag=0xffffffff, statsUid=-1
10-09 18:25:20.112  1277 10070 D AudioTrack: setVolume(0.316228, 0.316228) pid : 1277
10-09 18:25:20.112  1277 10070 I Telecom:SamsungDtmfLocalTonePlayer: startLocalToneIfNeeded toneVolume = 1.0
10-09 18:25:20.113  1277 10070 D AudioTrack: setVolume(1.000000, 1.000000) pid : 1277
10-09 18:25:20.113  1277 10070 I Telecom:SamsungToneGeneratorAdapterImpl: setSituationType stv_dtmf
10-09 18:25:20.113  1277  2216 D NetdEventListenerService: DNS Requested by : 445, 10234
10-09 18:25:20.116 25894 25894 I STFPhoneStateMonitor: Bundle[{state=RINGING}]
10-09 18:25:20.117 11815 11815 V BluetoothEventManager: onReceive :: android.intent.action.PHONE_STATE
10-09 18:25:20.117  1277 17846 I Telecom : PhoneStateBroadcaster: Broadcasted state change: 1: NCSSF.aC->ICFG.sF->ICFG.sF->ICFG.sF@P44
10-09 18:25:20.117  1277 17846 I Telecom:PhoneStateBroadcaster: It takes 29 ms for broadcasting
10-09 18:25:20.117  1277 17846 I Telecom : IncomingCallNotifier: updateIncomingCall: foundIncomingcall = null: NCSSF.aC->ICFG.sF->ICFG.sF->ICFG.sF@P44
10-09 18:25:20.117  2267  2267 D KeyguardUpdateMonitor: handlePhoneStateChanged(RINGING)
10-09 18:25:20.117  1277 17846 I Telecom:SamsungATCommandManager: onCallAdded() command = null
10-09 18:25:20.117  1277 17846 I Telecom:SamsungSpeakerManagerForSessionModify: onCallAdded 
10-09 18:25:20.117  1277 17846 I Telecom:SamsungSpeakerManagerForSessionModify: isSktTPhoneMode : false
10-09 18:25:20.117  1277 17846 I Telecom:SamsungAutoAnswerCallsManagerListener: onCallAdded : [Call id=TC@182, state=RINGING, tpac=ComponentInfo{com.android.phone/com.android.services.telephony.TelephonyConnectionService}, 1, UserHandle{0}, cmgr=ComponentInfo{com.android.phone/com.android.services.telephony.TelephonyConnectionService}, 1, UserHandle{0}, handle=tel:***********, vidst=A, childs(0), has_parent(false), cap=[ sup_hld mut !v2a spd_aud], prop=[ HD]], voip=falsecaps=[Capabilities: CAPABILITY_SUPPORT_HOLD CAPABILITY_MUTE CAPABILITY_CANNOT_DOWNGRADE_VIDEO_TO_AUDIO CAPABILITY_SPEED_UP_MT_AUDIO], props=[Properties: PROPERTY_HIGH_DEF_AUDIO], conf(false), had_child(false)
10-09 18:25:20.117  1277 17846 I Telecom:SamsungAutoAnswer: checkAutoAnsweringMode
10-09 18:25:20.118 25894 25894 D STFPhoneStateMonitor: Phone is Ringing. Incoming number is: null
10-09 18:25:20.118 25894 25894 D AndroidRuntime: Shutting down VM
10-09 18:25:20.119  1277 17846 I Telecom:SamsungCallSettingsRepositoryImpl: isAutoAnsweringModeOn : false
10-09 18:25:20.119 11815 11815 V BluetoothEventManager: onReceive :: android.intent.action.PHONE_STATE
10-09 18:25:20.120  1277 17846 I Telecom:SamsungFolderAngleRegistrar: registerListenerToSensorManager failed :NOT_SUPPORTED
10-09 18:25:20.120  1277  1703 W BroadcastQueue: Permission Denial: receiving Intent { act=android.intent.action.PHONE_STATE flg=0x1000010 (has extras) } to ProcessRecord{af3968e 25894:jp.co.cyberagent.stf/u0a289} (pid=25894, uid=10289) requires android.permission.READ_CALL_LOG due to sender android (uid 1000)
10-09 18:25:20.120  2267  2267 D KeyguardViewMediator: onPhoneStateChanged IDLE => RINGING
10-09 18:25:20.120  1277  4199 I ActivityManager: Background started FGS: Allowed [callingPackage: com.dish.wireless.activation; callingUid: 10234; uidState: FGS ; intent: Intent { cmp=com.dish.wireless.activation/.roadrunner.service.RoadRunnerService }; code:BACKGROUND_ACTIVITY_PERMISSION; tempAllowListReason:<,reasonCode:SYSTEM_ALLOW_LISTED,duration:9223372036854775807,callingUid:-1>; targetSdkVersion:33; callerTargetSdkVersion:33; startForegroundCount:181; bindFromPackage:null]
10-09 18:25:20.121  1277  4199 I am_foreground_service_start: [0,com.dish.wireless.activation/.roadrunner.service.RoadRunnerService,1,BACKGROUND_ACTIVITY_PERMISSION,33,33,0,1,0,182,UNKNOWN,0]
10-09 18:25:20.121  1277 17846 I Telecom:SamsungEnterpriseDeviceManagerAdapterImpl: isCallerIDDisplayAllowed : true
10-09 18:25:20.121  1277 17846 D Telecom:SamsungRingingTimeCallAddedTimeMarker:  callAddedElapsedTime : 529358722
10-09 18:25:20.122  1277  1703 D ApplicationPolicy: isStatusBarNotificationAllowedAsUser: packageName = com.dish.wireless.activation,userId = 0
10-09 18:25:20.122  1277 17846 I Telecom : Event: RecordEntry TC@182: FILTERING_COMPLETED, [Allow, logged, notified, mCallScreeningAppName = Phone, mCallScreeningComponentName = com.samsung.android.dialer/com.samsung.android.dialtacts.model.component.service.callscreeningservice.CallScreeningServiceImpl]: NCSSF.aC->ICFG.sF->ICFG.sF->ICFG.sF@P44
10-09 18:25:20.122  2267  2288 D SecFgsManagerControllerImpl: onForegroundStateChanged: dialogShown:false, isForeground:true, packageName:com.dish.wireless.activation , token:android.os.BinderProxy@aee0683, userId:0
10-09 18:25:20.122  1277  4199 W BroadcastQueue: Permission Denial: receiving Intent { act=android.intent.action.PHONE_STATE flg=0x1000010 (has extras) } to com.samsung.android.privateshare/com.samsung.android.privacy.ExternalBroadcastReceiver requires android.permission.READ_PRIVILEGED_PHONE_STATE due to sender android (uid 1000)
10-09 18:25:20.122  1277  1277 I Telecom : Event: RecordEntry TC@182: ICS_SERVICE_CONNECTED, com.google.android.googlequicksearchbox/com.google.android.libraries.search.assistant.incallservice.IncomingCallInCallService, android.os.BinderProxy@f91c714, false, true, false, 4: ICSBC.oSC(cgag)@P5A
10-09 18:25:20.123  1277  1277 I Telecom : InCallController: onConnected to ComponentInfo{com.google.android.googlequicksearchbox/com.google.android.libraries.search.assistant.incallservice.IncomingCallInCallService}: ICSBC.oSC(cgag)@P5A
10-09 18:25:20.123  1277  1703 D ApplicationPolicy: isStatusBarNotificationAllowedAsUser: packageName = com.dish.wireless.activation,userId = 0
10-09 18:25:20.123  1277  1277 I Telecom : InCallController: Adding 1 calls to InCallService after onConnected: ComponentInfo{com.google.android.googlequicksearchbox/com.google.android.libraries.search.assistant.incallservice.IncomingCallInCallService}, including external calls: ICSBC.oSC(cgag)@P5A
10-09 18:25:20.123  1277  1277 I Telecom:SamsungConnectionServiceCallEvent: sendCallEvent - callId : TC@182 / event : com.samsung.telecom.CALL_EVENT_ADD_CALL / extras : null
10-09 18:25:20.123  4002  4002 D Telecom-InCallService: handleMessage: SET_IN_CALL_ADAPTER
10-09 18:25:20.123  1277  1277 I Telecom : Event: RecordEntry TC@182: CALL_EVENT, com.samsung.telecom.CALL_EVENT_ADD_CALL: ICSBC.oSC(cgag)@P5A
10-09 18:25:20.124  1277  1277 D Telecom:SamsungCallAudioManager: onSendCallEvent - event : com.samsung.telecom.CALL_EVENT_ADD_CALL
10-09 18:25:20.124  1277  1277 I Telecom : ConnectionServiceWrapper: TC -> CS[cap]: sendCallEvent TC@182_1 com.samsung.telecom.CALL_EVENT_ADD_CALL: ICSBC.oSC(cgag)@P5A
--------- beginning of crash
10-09 18:25:20.124 25894 25894 E AndroidRuntime: FATAL EXCEPTION: main
10-09 18:25:20.124 25894 25894 E AndroidRuntime: Process: jp.co.cyberagent.stf, PID: 25894
10-09 18:25:20.124 25894 25894 E AndroidRuntime: java.lang.RuntimeException: Error receiving broadcast Intent { act=android.intent.action.PHONE_STATE flg=0x1000010 (has extras) } in jp.co.cyberagent.stf.monitor.PhoneStateMonitor$1@cd684c9
10-09 18:25:20.124 25894 25894 E AndroidRuntime: \tat android.app.LoadedApk$ReceiverDispatcher$Args.lambda$getRunnable$0$android-app-LoadedApk$ReceiverDispatcher$Args(LoadedApk.java:1928)
10-09 18:25:20.124 25894 25894 E AndroidRuntime: \tat android.app.LoadedApk$ReceiverDispatcher$Args$$ExternalSyntheticLambda0.run(Unknown Source:2)
10-09 18:25:20.124 25894 25894 E AndroidRuntime: \tat android.os.Handler.handleCallback(Handler.java:942)
10-09 18:25:20.124 25894 25894 E AndroidRuntime: \tat android.os.Handler.dispatchMessage(Handler.java:99)
10-09 18:25:20.124 25894 25894 E AndroidRuntime: \tat android.os.Looper.loopOnce(Looper.java:226)
10-09 18:25:20.124 25894 25894 E AndroidRuntime: \tat android.os.Looper.loop(Looper.java:313)
10-09 18:25:20.124 25894 25894 E AndroidRuntime: \tat android.app.ActivityThread.main(ActivityThread.java:8757)
10-09 18:25:20.124 25894 25894 E AndroidRuntime: \tat java.lang.reflect.Method.invoke(Native Method)
10-09 18:25:20.124 25894 25894 E AndroidRuntime: \tat com.android.internal.os.RuntimeInit$MethodAndArgsCaller.run(RuntimeInit.java:571)
10-09 18:25:20.124 25894 25894 E AndroidRuntime: \tat com.android.internal.os.ZygoteInit.main(ZygoteInit.java:1067)
10-09 18:25:20.124 25894 25894 E AndroidRuntime: Caused by: java.lang.NullPointerException: Attempt to invoke virtual method 'java.lang.Class java.lang.Object.getClass()' on a null object reference
10-09 18:25:20.124 25894 25894 E AndroidRuntime: \tat jp.co.cyberagent.stf.proto.Wire$CALL_RECEIVED$Data.setValue(Wire.java:2436)
10-09 18:25:20.124 25894 25894 E AndroidRuntime: \tat jp.co.cyberagent.stf.proto.Wire$CALL_RECEIVED$Data.access$3400(Wire.java:2348)
10-09 18:25:20.124 25894 25894 E AndroidRuntime: \tat jp.co.cyberagent.stf.proto.Wire$CALL_RECEIVED$Data$Builder.setValue(Wire.java:2642)
10-09 18:25:20.124 25894 25894 E AndroidRuntime: \tat jp.co.cyberagent.stf.monitor.PhoneStateMonitor$1.onReceive(PhoneStateMonitor.java:46)
10-09 18:25:20.124 25894 25894 E AndroidRuntime: \tat android.app.LoadedApk$ReceiverDispatcher$Args.lambda$getRunnable$0$android-app-LoadedApk$ReceiverDispatcher$Args(LoadedApk.java:1918)
10-09 18:25:20.124 25894 25894 E AndroidRuntime: \t... 9 more
10-09 18:25:20.124  1277  1277 I Telecom:SamsungConnectionManager: getRequestConnectionService - targetPhoneAccountHandle : ComponentInfo{com.android.phone/com.android.services.telephony.TelephonyConnectionService}, 1, UserHandle{0} / connectionMgrAccountHandle : ComponentInfo{com.android.phone/com.android.services.telephony.TelephonyConnectionService}, 1, UserHandle{0}
10-09 18:25:20.124  2244  2244 I TelecomFramework: TelephonyConnectionService: sendCallEvent(TC@182_1, com.samsung.telecom.CALL_EVENT_ADD_CALL): (ICSBC.oSC)->CS.sCE->H.CS.sCE(cgag/cast)@E-P5A
10-09 18:25:20.124  2244  2244 D Telephony: SamsungTelephonyConnection: onCallEvent
10-09 18:25:20.125  2267  2267 I FaceWidgetWindowManager: removeAllViews
10-09 18:25:20.125  2244  2244 I Telephony: SamsungAutoAnswerConnectionService: canAutoAnsweringWithoutDevice: 0
10-09 18:25:20.125  2244  2244 D CmcSettingManager: getOwnCmcActivation
10-09 18:25:20.125  2244  2244 D CmcSettingManager: cmc activation : 0
10-09 18:25:20.125  2244  2244 I Telephony: SamsungTransferConnection: onCallEvent: com.samsung.telecom.CALL_EVENT_ADD_CALL
10-09 18:25:20.125  2244  2244 I Telephony: SamsungImsInterfaceConnection: SamsungTelephonyConnectionListener.onCallEvent: com.samsung.telecom.CALL_EVENT_ADD_CALL
10-09 18:25:20.126  1277  4199 W BroadcastQueue: Permission Denial: receiving Intent { act=android.intent.action.PHONE_STATE flg=0x1000010 (has extras) } to com.samsung.android.privateshare/com.samsung.android.privacy.ExternalBroadcastReceiver requires android.permission.READ_PHONE_STATE due to sender android (uid 1000)
10-09 18:25:20.127  1277  1277 I Telecom:SamsungRespondViaSmsRepositoryImpl: isRespondViaSmsCapable - phoneNumber : 135*****104 / presentation : 1 / hasRespondViaSmsCapable : false / isRespondViaSmsCapable : false / userHandle : UserHandle{0}
10-09 18:25:20.127  1277 13442 I am_crash: [25894,0,jp.co.cyberagent.stf,814267972,java.lang.NullPointerException,Attempt to invoke virtual method 'java.lang.Class java.lang.Object.getClass()' on a null object reference,Wire.java,2436]
10-09 18:25:20.128  1111 10846 D AF::TrackHandle: OpPlayAudio: track:70 usage:2 not muted
10-09 18:25:20.129  1277  1277 I Telecom:Telecom_Timing: addCall to IncallService for GANG-ext
10-09 18:25:20.129  1277  1277 I Telecom : ConnectionServiceWrapper: TC -> CS[cap]: onTrackedByNonUiService true: ICSBC.oSC(cgag)@P5A
10-09 18:25:20.130  4002  5973 D Telecom-InCallService: InCallServiceBinder - addCall: id(TC@182), state(RINGING), [Capabilities: CAPABILITY_SUPPORT_HOLD CAPABILITY_RESPOND_VIA_TEXT CAPABILITY_MUTE CAPABILITY_CANNOT_DOWNGRADE_VIDEO_TO_AUDIO]
10-09 18:25:20.130  1277  1277 I Telecom : Event: RecordEntry TC@182: ICS_ADD_CALL, onConnected - [ComponentInfo{com.google.android.googlequicksearchbox/com.google.android.libraries.search.assistant.incallservice.IncomingCallInCallService} supportsExternal? false supportsSelfMg?false supportsAllowedSelfMg?false], 4: ICSBC.oSC(cgag)@P5A
10-09 18:25:20.130  2244  2244 I TelecomFramework: TelephonyConnectionService: onTrackedByNonUiService TC@182_1 true: (ICSBC.oSC)->CS.tBNUS->H.CS.tBNUS(cgag/cast)@E-P5A
10-09 18:25:20.130  4002  4002 D Telecom-InCallService: handleMessage: ADD_CALL
10-09 18:25:20.130  1277  1277 I Telecom : InCallController: 1 calls sent to InCallService.: ICSBC.oSC(cgag)@P5A
10-09 18:25:20.131  1277  1277 I Telecom:Telecom_Timing: onServiceConnected from IncallService for GANG-ext
10-09 18:25:20.131  4002  4002 D Telecom-VideoCallImpl: New VideoCallImpl - videoProvider: com.android.internal.telecom.IVideoProvider$Stub$Proxy@3ceb85c, binder: android.telecom.VideoCallImpl$VideoCallListenerBinder@e58b765
10-09 18:25:20.131  2267  2267 D KeyguardFingerprint: updateFingerprintListeningState#mFingerprintRunningState=0 shouldListenForFingerprint=false isUdfpsEnrolled=false bioType : 0
10-09 18:25:20.131  1277  2446 D Telecom-Connection: addVideoCallback - videoCallbackBinder: android.os.BinderProxy@c0c9903
10-09 18:25:20.131  2267  2267 D IndicatorTouchHandler: ACTION_PHONE_STATE_CHANGED GED=true, Samsung=true
10-09 18:25:20.131  4002  4002 D Telecom-ParcelableCall: Make new VideoCallImpl - VideoCallProvider: com.android.internal.telecom.IVideoProvider$Stub$Proxy@3ceb85c, Package: com.google.android.googlequicksearchbox, SdkVer: 33
10-09 18:25:20.131  2267  2267 D KeyguardUpdateMonitor: received broadcast android.intent.action.PHONE_STATE
10-09 18:25:20.131  4002  4002 D Telecom-Call: internalUpdate - stateChanged: false, detailsChanged: true, videoCallChanged: true, isRttChanged: false, rttModeChanged: false, cannedTextResChanged: true, parentChanged: false, childrenChanged: false, activeChildChanged: false
10-09 18:25:20.131  4002  4002 D Telecom-Call: internalUpdate - videoCallImpl: android.telecom.VideoCallImpl@c50c3a, isVideoCallProviderChanged: true
10-09 18:25:20.131  1277 17900 I DropBoxManagerService: add tag=data_app_crash isTagEnabled=true flags=0x2
10-09 18:25:20.131  4002  4002 D Telecom-InCallService: handleMessage: ON_CALL_AUDIO_STATE_CHANGED
10-09 18:25:20.131  4002  4002 D Telecom-InCallService: handleMessage: ON_CAN_ADD_CALL_CHANGED
10-09 18:25:20.136  1277 10077 I Telecom:RingtoneFactory: isWorkContact= false contactCallerInfo= android.telecom.CallerInfo@f0c5973 { name null, phoneNumber non-null }
10-09 18:25:20.136  1277 10077 I Telecom:SamsungRingtoneHelper: getSamsungRingTone - ringtoneUri: null
10-09 18:25:20.136  1277 10077 I Telecom:SamsungRingerInfo: mGroupRingtoneUriForKnoxContact = 
10-09 18:25:20.136  1277 10077 I Telecom:SamsungRingerInfo: mGroupRingtoneUri = 
10-09 18:25:20.136  1277 10077 I Telecom:SamsungRingerInfo: getActualGroupRingtoneUri uri = 
10-09 18:25:20.136  1277 10077 I Telecom:SamsungRingtoneHelper: getSamsungRingTone - groupRingtoneUri: 
10-09 18:25:20.136  1277 10077 I Telecom:SamsungRingtoneHelper: getSamsungFeatureRingtoneUri Uri.EMPTY
10-09 18:25:20.136  1277 10077 I Telecom:SamsungRingtoneHelper: getSamsungRingTone - specialUri: 
10-09 18:25:20.136  1277 10077 I Telecom:SamsungRingtoneHelper: getSamsungRingTone - ringtone: null
10-09 18:25:20.136  1277 10077 I Telecom:RingtoneFactory: userContext UserHandle{0}
10-09 18:25:20.136  1277 10077 I Telecom:SamsungRingtoneHelper: syncParentSound : 1
10-09 18:25:20.136  1277 10077 I Telecom:RingtoneFactory: contextToUse.getUser: UserHandle{0} contextToUse: android.app.ContextImpl@396e4ac
10-09 18:25:20.138  1277 10077 D RingtoneManager: getActualDefaultRingtoneUri  type    :1
10-09 18:25:20.138  1277 10077 I RingtoneManager: Ringtone value : content://media/internal/audio/media/102?title=Galaxy%20Bells&canonical=1
10-09 18:25:20.138  1277 10077 D Ringtone: highlight offset is : null
10-09 18:25:20.141  1277  2446 W BroadcastQueue: Permission Denial: receiving Intent { act=android.intent.action.PHONE_STATE flg=0x1000010 (has extras) } to com.samsung.android.privateshare/com.samsung.android.privacy.ExternalBroadcastReceiver requires android.permission.READ_PHONE_STATE due to sender android (uid 1000)
10-09 18:25:20.141  1111 10846 D AF::TrackHandle: OpPlayAudio: track:70 usage:2 not muted
10-09 18:25:20.142  1111  5593 D AF::TrackHandle: OpPlayAudio: track:70 usage:2 not muted
10-09 18:25:20.142  1111  5593 D AF::TrackHandle: OpPlayAudio: track:70 usage:2 not muted
10-09 18:25:20.142  1277 13442 D Debug   : low && ship && 3rdparty app crash, do not dump
10-09 18:25:20.142  1111  5593 D AF::TrackHandle: OpPlayAudio: track:70 usage:2 not muted
10-09 18:25:20.144  2267  2267 D IndicatorTouchHandler: ACTION_PHONE_STATE_CHANGED GED=true, Samsung=true
10-09 18:25:20.144  2267  2267 D KeyguardUpdateMonitor: received broadcast android.intent.action.PHONE_STATE
10-09 18:25:20.145  2267  2267 D KeyguardUpdateMonitor: handlePhoneStateChanged(RINGING)
10-09 18:25:20.145  2267  2267 D KeyguardViewMediator: onPhoneStateChanged RINGING => RINGING
10-09 18:25:20.145  2267  2267 I FaceWidgetWindowManager: removeAllViews
10-09 18:25:20.145  1277 10077 V MediaPlayer-JNI: native_setup
10-09 18:25:20.145  2267  2267 D KeyguardFingerprint: updateFingerprintListeningState#mFingerprintRunningState=0 shouldListenForFingerprint=false isUdfpsEnrolled=false bioType : 0
10-09 18:25:20.145  1277 10077 V MediaPlayerNative: constructor
10-09 18:25:20.145  2267  2267 D KeyguardUpdateMonitor: handlePhoneStateChanged(RINGING)
10-09 18:25:20.145  2267  2267 D KeyguardViewMediator: onPhoneStateChanged RINGING => RINGING
10-09 18:25:20.145  2267  2267 I FaceWidgetWindowManager: removeAllViews
10-09 18:25:20.145  1277 10077 V MediaPlayerNative: setListener
10-09 18:25:20.145  2267  2267 D KeyguardFingerprint: updateFingerprintListeningState#mFingerprintRunningState=0 shouldListenForFingerprint=false isUdfpsEnrolled=false bioType : 0
10-09 18:25:20.146  1277 13442 W ContextImpl: Calling a method in the system process without a qualified user: android.app.ContextImpl.sendBroadcast:1252 com.android.server.am.AppErrors.crashApplicationInner:722 com.android.server.am.AppErrors.crashApplication:598 com.android.server.am.ActivityManagerService.handleApplicationCrashInner:10406 com.android.server.am.ActivityManagerService.handleApplicationCrash:10275 
10-09 18:25:20.146  1277 13442 W ActivityManager: crash : jp.co.cyberagent.stf,10289
10-09 18:25:20.148  1277 13442 I sysui_multi_action: [757,316,758,4,759,-1]
10-09 18:25:20.149 25894 25894 I Process : Sending signal. PID: 25894 SIG: 9
10-09 18:25:20.152  1277 10077 D CompatibilityChangeReporter: Compat change id reported: 182734110; UID 1000; state: ENABLED
10-09 18:25:20.152  4113 29850 I FASProvider: makeValuesForFasUpdate contentValues = package_name=com.microsoft.skydrive extras=0 reason=deleted_from_mars_auto disableReason=default uid=10084 mode=0 level=1 resetTime=0
10-09 18:25:20.166  4113  4113 I SDHMS:BarTender:Gatherer:AppError: update AppError : uid=10289, pkg=jp.co.cyberagent.stf, errorType=crash
10-09 18:25:20.175  3984 12370 W MediaProvider: Didn't find any volume for getVolume(/system/media/audio/ringtones/SoundTheme/Galaxy/Galaxy_Bells.ogg)
10-09 18:25:20.179  4113  4113 I SDHMS:BarTender:Analyzer:AppError: analyze app error : uid=10289, pkg=jp.co.cyberagent.stf, appErrorCount=2
10-09 18:25:20.180  1277 13442 D ConnectivityService: ConnectivityService NetworkRequestInfo binderDied(uid/pid:10289/25894, [NetworkRequest [ LISTEN id=8498, [ Transports: CELLULAR|WIFI Capabilities: NOT_RESTRICTED&TRUSTED&NOT_VPN&FOREGROUND&NOT_VCN_MANAGED Uid: 10289 RequestorUid: 10289 RequestorPkg: jp.co.cyberagent.stf UnderlyingNetworks: Null] ]], android.os.BinderProxy@9625e2d)
10-09 18:25:20.181  1277  2064 D ConnectivityService: ConnectivityService NetworkRequestInfo binderDied(uid/pid:10289/25894, [NetworkRequest [ LISTEN id=8494, [ Transports: CELLULAR|WIFI Capabilities: NOT_RESTRICTED&TRUSTED&NOT_VPN&FOREGROUND&NOT_VCN_MANAGED Uid: 10289 RequestorUid: 10289 RequestorPkg: jp.co.cyberagent.stf UnderlyingNetworks: Null] ]], android.os.BinderProxy@b61ff62)
10-09 18:25:20.181  1277 13442 D ConnectivityService: ConnectivityService NetworkRequestInfo binderDied(uid/pid:10289/25894, [NetworkRequest [ LISTEN id=8496, [ Transports: CELLULAR Capabilities: INTERNET&NOT_RESTRICTED&TRUSTED&NOT_VPN&FOREGROUND&NOT_VCN_MANAGED Uid: 10289 RequestorUid: 10289 RequestorPkg: jp.co.cyberagent.stf UnderlyingNetworks: Null] ]], android.os.BinderProxy@c55c8f3)
10-09 18:25:20.181  1277  2769 D LocationManagerService: network provider registration 10289/jp.co.cyberagent.stf/8ED613D7 died
10-09 18:25:20.182   865   865 I Zygote  : Process 25894 exited due to signal 9 (Killed)
10-09 18:25:20.182  1277  2769 D LocationManagerService: network provider removed registration from 10289/jp.co.cyberagent.stf/8ED613D7
10-09 18:25:20.182  1277  4537 D ConnectivityService: ConnectivityService NetworkRequestInfo binderDied(uid/pid:10289/25894, [NetworkRequest [ LISTEN id=8497, [ Transports: CELLULAR|WIFI Capabilities: NOT_RESTRICTED&TRUSTED&NOT_VPN&FOREGROUND&NOT_VCN_MANAGED Uid: 10289 RequestorUid: 10289 RequestorPkg: jp.co.cyberagent.stf UnderlyingNetworks: Null] ]], android.os.BinderProxy@13f1d44)
10-09 18:25:20.183  1277  4179 D ConnectivityService: ConnectivityService NetworkRequestInfo binderDied(uid/pid:10289/25894, [NetworkRequest [ LISTEN id=8495, [ Transports: CELLULAR|WIFI Capabilities: NOT_RESTRICTED&TRUSTED&NOT_VPN&FOREGROUND&NOT_VCN_MANAGED Uid: 10289 RequestorUid: 10289 RequestorPkg: jp.co.cyberagent.stf UnderlyingNetworks: Null] ]], android.os.BinderProxy@85f9e57)
10-09 18:25:20.183  3166  3239 E RequestManager_FLP: [LocationManager] Location remove 8ED613D7 from jp.co.cyberagent.stf
10-09 18:25:20.183  1277  2064 I ActivityManager: Process jp.co.cyberagent.stf (pid 25894) has died: prcp FGS (111,605)
10-09 18:25:20.183  1277  2064 I am_proc_died: [0,25894,jp.co.cyberagent.stf,200,4,111,605]
10-09 18:25:20.183  3166  3239 I LocationRequestData_FLP: Remove in requestInfoList, 8ED613D7 / ListSize[network]=1
10-09 18:25:20.184  1277  2064 I am_foreground_service_stop: [0,jp.co.cyberagent.stf/.Service,1,SYSTEM_UID,30,33,1,1,3388810,1,STOP_SERVICE,8]
10-09 18:25:20.185  1277  1722 I libprocessgroup: Successfully killed process cgroup uid 10289 pid 25894 in 0ms
10-09 18:25:20.185  2267  2288 D SecFgsManagerControllerImpl: onForegroundStateChanged: dialogShown:false, isForeground:false, packageName:jp.co.cyberagent.stf , token:android.os.BinderProxy@7e1251f, userId:0
10-09 18:25:20.185  1277  2064 I am_uid_stopped: 10289
10-09 18:25:20.188  3984 12370 I MediaProvider: Open with lower FS for /system/media/audio/ringtones/SoundTheme/Galaxy/Galaxy_Bells.ogg. Uid: 1000
10-09 18:25:20.188  2267  2288 D SecFgsManagerControllerImpl: updateNumberOfVisibleRunningPackagesLocked: 1
10-09 18:25:20.190  1277  2064 I am_mem_factor: [1,0]
10-09 18:25:20.191  1277 10077 V MediaPlayer-JNI: setDataSourceFD: fd 808
10-09 18:25:20.191  1277 10077 V MediaPlayerNative: setDataSource(808, 0, 576460752303423487)
10-09 18:25:20.196  3166  3166 W DeviceManager_FLP: onTrimMemory : 5
10-09 18:25:20.197  3166  3239 I GpsSessionManager_FLP: arrangeInvalidSessions
10-09 18:25:20.197  4050  4050 W DMASA[U]: [AppLogData]onTrimMemory(5):1696893920197
10-09 18:25:20.197  4050  4050 W DMASA[C]: [DiagMonAgentApplication]onTrimMemory (5)
10-09 18:25:20.198  1143  1182 I VSyncReactor: Current= 60, Period= 60, hwcPeriod= 60
10-09 18:25:20.199  2267  2267 D SystemUIService: SYSUI_RAM_OPTIMIZATION onTrimMemory=5
10-09 18:25:20.199  2267  2267 D SystemUIService: onTrimMemory : 5
10-09 18:25:20.199  4568  4568 I HBD     : HoneyBoardService onTrimMemory 5
10-09 18:25:20.200  1277  4537 D CompatibilityChangeReporter: Compat change id reported: 168936375; UID 10212; state: ENABLED
10-09 18:25:20.201  5529  5529 I [IPSA-C] IpsApplication: onTrimMemory : level=80
10-09 18:25:20.201  1277  4537 D LocationManagerService: gps provider removed registration from 10212/com.google.android.gms[fused_location_provider]/3C5285D0
10-09 18:25:20.202  1277  4537 D LocationManagerService: gps provider added registration from 10212/com.google.android.gms[fused_location_provider]/3C5285D0 -> Request[@+1h0m0s0ms HIGH_ACCURACY, hiddenFromAppOps, WorkSource{10234 com.dish.wireless.activation}]
10-09 18:25:20.202   578   578 I SCS@AiSearch user 0: (SearchProvider) onTrimMemory(): 60
10-09 18:25:20.202  5602  5602 I CMHApplication: [#CMH#] Block to verify, Change Trim Memory Level: 60 
10-09 18:25:20.202  3166  3239 E RequestManager_FLP: [LocationManager] Location remove 3C5285D0 from com.google.android.gms.persistent
10-09 18:25:20.202  3166  3239 I LocationRequestData_FLP: Remove in requestInfoList, 3C5285D0 / ListSize[gps]=2
10-09 18:25:20.204   694   694 I ContactsProvider: onTrimMemory-success
10-09 18:25:20.204  3976  3976 I AiAi    : onTrimMemory() with level 5
10-09 18:25:20.206  1420  4446 V MediaPlayerService: Create new client(1082) from AttributionSourceState{pid: 1277, uid: 1000, packageName: android, attributionTag: (null), token: {no toString() implemented}, renouncedPermissions: [], next: []}, 
10-09 18:25:20.208  3166  3239 I GnssStopController_FLP: onMinIntervalChanged=3600000
10-09 18:25:20.208  1420  4446 V MediaPlayerService: setDataSource fd=8, offset=0, length=576460752303423487
10-09 18:25:20.208  1420  4446 V MediaPlayerService: st_dev  = 64772
10-09 18:25:20.208  1420  4446 V MediaPlayerService: st_mode = 33188
10-09 18:25:20.208  1420  4446 V MediaPlayerService: st_uid  = 0
10-09 18:25:20.208  1420  4446 V MediaPlayerService: st_gid  = 0
10-09 18:25:20.208  1420  4446 V MediaPlayerService: st_size = 242450
10-09 18:25:20.208  1420  4446 V MediaPlayerService: calculated length = 242450
10-09 18:25:20.208  1420  4446 V MediaPlayerService: player type = 4
10-09 18:25:20.209  1277  4537 D CompatibilityChangeReporter: Compat change id reported: 73144566; UID 10212; state: ENABLED
10-09 18:25:20.209  3166  3239 E RequestManager_FLP: [LocationManager] Location request 3C5285D0(Listener) gps interval=3600000ms (min=3600000ms) from com.google.android.gms.persistent[WorkSource com.dish.wireless.activation(10234)] (10212_FINE_fg_true_foreground)
10-09 18:25:20.210  1277  4537 D SensorService: Calling activate off 11
10-09 18:25:20.210   949   949 I sensors-hal: set_config:67, sample_period_ns is adjusted to 10000000 based on min/max delay_ns
10-09 18:25:20.210   949   949 I sensors-hal: batch:454, android.sensor.accelerometer/11, period=10000000, max_latency=0 request completed
10-09 18:25:20.210  1420  4446 D NuPlayerDriver: NuPlayerDriver(0xf04ab100) created, clientPid(1277)
10-09 18:25:20.211  8921  9019 D SensorManager: unregisterListener
10-09 18:25:20.211  1277  2131 D GnssLocationProvider: setRequest ProviderRequest[@+1h0m0s0ms, HIGH_ACCURACY, WorkSource{10234 com.dish.wireless.activation}]
10-09 18:25:20.212  1277  2131 D GnssLocationProvider: mStarted =  true, isEnabled = true
10-09 18:25:20.213  1277  2131 D GnssLocationProvider: stopBatching
10-09 18:25:20.217  1277  4537 I power_partial_wake_state: [CHG,472,GCoreFlp:com.google.android.gms]
10-09 18:25:20.217  3166  3239 I LocFrameworkMonitor_FLP: updateRequirementsFromGlp, Engine interval is changed to 3600000
10-09 18:25:20.217  3166  3239 I GpsSession_FLP: Interval was changed from 0 to 3600000
10-09 18:25:20.218  1277  2064 D SensorService: Calling activate off 11
10-09 18:25:20.219   949   949 I sensors-hal: set_config:67, sample_period_ns is adjusted to 20000000 based on min/max delay_ns
10-09 18:25:20.219   949   949 I sensors-hal: send_sync_sensor_request:470, send sync request
10-09 18:25:20.219   949   949 I sensors-hal: send_sync_sensor_request:496, wait for notification of response
10-09 18:25:20.220   949 14668 I sensors-hal: ssc_conn_resp_cb:898, resp_value = 0
10-09 18:25:20.220   949   949 I sensors-hal: send_sync_sensor_request:502, takes 1 ms to receive the response with 0
10-09 18:25:20.220   949   949 I sensors-hal: batch:454, android.sensor.accelerometer/11, period=20000000, max_latency=0 request completed
10-09 18:25:20.221   946  1122 I LocSvc_GnssInterface: ===> setPositionMode_1_1 line 489 
10-09 18:25:20.222  1277  4537 I power_partial_wake_state: [REL,1,NlpWakeLock:com.google.android.gms]
10-09 18:25:20.222  1277  2458 D SensorService: Calling activate off 141
10-09 18:25:20.222   949   949 I sensors-hal: activate:370, android.sensor.magnetic_field_uncalibrated/141 en=0
10-09 18:25:20.223  1277  1703 W BroadcastQueue: Background execution not allowed: receiving Intent { act=android.intent.action.DROPBOX_ENTRY_ADDED flg=0x10 (has extras) } to com.google.android.gms/.stats.service.DropBoxEntryAddedReceiver
10-09 18:25:20.224   949   949 I sensors-hal: deactivate:381, disconnect qmi to disable sensor
10-09 18:25:20.224  4050  4050 W DMASA[D]: [a]Diagnostic is not agreed
10-09 18:25:20.226  1277  2064 D ActivityTaskManager: SafeActivityOptions created, mOriginalCallingPid=8921, mOriginalCallingUid=10212, options=ActivityOptions(44967397), mPackageName=null, mAnimationType=-1, mStartX=0, mStartY=0, mWidth=0, mHeight=0, caller=com.android.server.am.PendingIntentRecord.sendInner:471 com.android.server.am.ActivityManagerService.sendIntentSender:6557 com.android.server.am.ActivityManagerService.sendIntentSender:6546 android.app.IActivityManager$Stub.onTransact:4849 com.android.server.am.ActivityManagerService.onTransact:3118 android.os.Binder.execTransactInternal:1316 android.os.Binder.execTransact:1280 
10-09 18:25:20.226  1277  1703 W BroadcastQueue: Background execution not allowed: receiving Intent { act=android.intent.action.DROPBOX_ENTRY_ADDED flg=0x10 (has extras) } to com.google.android.gms/.chimera.GmsIntentOperationService$PersistentTrustedReceiver
10-09 18:25:20.227   949   949 I sensors-hal: activate:388, android.sensor.magnetic_field_uncalibrated/141 en=0 completed
10-09 18:25:20.227  1277  4537 D SensorService: Calling activate off 161
10-09 18:25:20.227   949   949 I sensors-hal: activate:370, android.sensor.gyroscope_uncalibrated/161 en=0
10-09 18:25:20.228   946  1109 I LocSvc_utils_cfg: loc_read_sec_gps_conf: no secgps conf file, using defaults
10-09 18:25:20.229   949   949 I sensors-hal: deactivate:381, disconnect qmi to disable sensor
10-09 18:25:20.229  1277  2064 D ActivityManager: Received SERVICE intent 0xf495e2f Key{startService pkg=com.google.android.gms/fused_location_provider intent=act=com.google.android.location.internal.action.FLP_FULL_POWER_LOCATION_RESULT pkg=com.google.android.gms cmp=com.google.android.gms/com.google.android.location.internal.PendingIntentCallbackService flags=0x2000000 u=0} requestCode=0 from uid 10212
10-09 18:25:20.230   946  1109 D SemNativeCarrierFeature_vendor: getInstance
10-09 18:25:20.230  1277  2064 I power_partial_wake_state: [REL,6,NlpWakeLock:com.google.android.gms]
10-09 18:25:20.231   949   949 I sensors-hal: activate:388, android.sensor.gyroscope_uncalibrated/161 en=0 completed
10-09 18:25:20.232  1277  4537 D SensorService: Calling activate off 21
10-09 18:25:20.232   949   949 I sensors-hal: activate:370, android.sensor.magnetic_field/21 en=0
10-09 18:25:20.233   949   949 I sensors-hal: deactivate:381, disconnect qmi to disable sensor
10-09 18:25:20.233   946  1109 I LocSvc_api_v02: ---> locClientSendReq line 2409 QMI_LOC_SET_OPERATION_MODE_REQ_V02
10-09 18:25:20.234   946  8344 I LocSvc_ApiV02: <--- globalRespCb line 300 QMI_LOC_SET_OPERATION_MODE_REQ_V02
10-09 18:25:20.234  1277  2064 D ActivityTaskManager: SafeActivityOptions created, mOriginalCallingPid=8921, mOriginalCallingUid=10212, options=ActivityOptions(131078330), mPackageName=null, mAnimationType=-1, mStartX=0, mStartY=0, mWidth=0, mHeight=0, caller=com.android.server.am.PendingIntentRecord.sendInner:471 com.android.server.am.ActivityManagerService.sendIntentSender:6557 com.android.server.am.ActivityManagerService.sendIntentSender:6546 android.app.IActivityManager$Stub.onTransact:4849 com.android.server.am.ActivityManagerService.onTransact:3118 android.os.Binder.execTransactInternal:1316 android.os.Binder.execTransact:1280 
