10-15 21:09:27.780  2246  2246 I ModemServiceMode: Line 99 : _
10-15 21:09:27.780  2246  2246 I ModemServiceMode: Update!
10-15 21:09:27.781  3100  4741 I EPDG -- SIM0 [IPCDISPATCHER]: [Tx]: Main: IPC_NET_CMD Sub: IPC_NET_REGIST Cmd Type: IPC_CMD_RESP Param: 30 03 01 00 00 00 00 00 00 00 00 00 00 00 00 00 00 00 00 00 
10-15 21:09:27.782  3100 17982 I EPDG -- : EpdgModemSender(): send
10-15 21:09:27.782  3100 17969 I EPDG -- SIM0 [EpdgHandler]: Event received: RIL_EPDG_STATUS_QUERY cid - 1
10-15 21:09:27.782 17204 17204 D RILD    : HalIoChannel: receive [epdgd]
10-15 21:09:27.782 17204 17204 D RILD    : HalIoChannel: NotifyAsyncMessage completed [epdgd]
10-15 21:09:27.783 17204 17740 V RILD    : IpcModem::ReceiveMessage
10-15 21:09:27.783 17204 17740 V RILD    : IpcModem::DoIoChannelRouting
10-15 21:09:27.783 17204 17740 D RILD    : [E] RX: (M)NET_CMD (S)NET_REGIST (T)RESP l:1b m:07 a:42 [ 30 03 01 00 00 00 00 00 00 00 00 00 00 00 00 00 00 00 00 00 ]
10-15 21:09:27.784 17204 17740 D RILD    : IpcRxNetRegState: set isCrossSim: false
10-15 21:09:27.785 17204 17740 V RILD    : IpcRxNetRegState: VolteSupport 0 ImsEmergencySupport 0 TAC 0 PhysicalCellId 0
10-15 21:09:27.785 17204 17740 D SemNativeCarrierFeature_vendor: getInstance
10-15 21:09:27.785 17204 17740 V RILD    : NotifyTimeoutChanged()
10-15 21:09:27.785 17204 17235 D RILD    : NET-MGR(3): evt(101)
10-15 21:09:27.786 17204 17235 D RILD    : RefreshHandler()
10-15 21:09:27.786 17204 17235 D RILD    : epdg was not regi.
10-15 21:09:27.786 17204 17235 D RILD    : it was rat 0 but it will be unknown owing to no service
10-15 21:09:27.786 17204 17235 V RILD    : DoGetCellInfoListForSync(): domain- 1, Request getCellInfoList
10-15 21:09:27.786 17204 17235 V RILD    : AllocateTransaction() - Use: 1, Last: 12
10-15 21:09:27.786 17204 17235 D RILD    : SendMessage: svc(NAS), msg(0x43:QMI_NAS_GET_CELL_LOCATION_INFO), sync(0), internal(0), size(0)
10-15 21:09:27.786 17204 17235 V RILD    : Message obj refcnt=-1
10-15 21:09:27.787 17204 17741 V RILD    : Reader: timeout=-1
10-15 21:09:27.787 17204 17225 V RILD    : NotifyAsyncMessage Completed
10-15 21:09:27.787 17204 17240 D RILD    : QmiSolicitedCallback: msgId(67), err(0)
10-15 21:09:27.788 17204 17240 V RILD    : NotifyAsyncMessage Completed
10-15 21:09:27.788 17204 17226 D RILD    : ReceiveMessage: svc(NAS), msg(0x43:QMI_NAS_GET_CELL_LOCATION_INFO), indi(0), size(3784), err(0)
10-15 21:09:27.788 17204 17226 D RILD    : RxGetCellInfoList: Receive cell location info
10-15 21:09:27.788 17204 17226 D RILD    : Result(1), Error(13)
10-15 21:09:27.788 17204 17226 V RILD    : txn(56767) released
10-15 21:09:27.788 17204 17235 D RILD    : NET-MGR(3): evt(131)
10-15 21:09:27.789 17204 17235 D RILD    : RefreshHandler()
10-15 21:09:27.789 17204 17235 V RILD    : OnGetCellInfoListForSyncDone(): domain- 1, ERROR case
10-15 21:09:27.789 17204 17235 V RILD    : CellReqComplete(): domain- 1
10-15 21:09:27.789 17204 17235 D RILD    : ConvertNetRegStateToCellIdentity - cellInfoType: 6 (Rat: 0, MobileRat: 0, CellInfoRat: 20)
10-15 21:09:27.789 17204 17235 D RILD    : RequestComplete - req : 21, peek : 21
10-15 21:09:27.789 17204 17235 V RILD    : Message obj refcnt=-1
10-15 21:09:27.790 17204 17236 D RILD    : DoRouteOut - FW reqId : 20
10-15 21:09:27.790 17204 17236 D RILD    : Onprocessing: request id(20), handleEvent(0)
10-15 21:09:27.790 17204 17235 D RILD    : NET-MGR(3): evt(0)
10-15 21:09:27.790 17204 17235 D RILD    : RefreshHandler()
10-15 21:09:27.790 17204 17235 V RILD    : AllocateTransaction() - Use: 1, Last: 13
10-15 21:09:27.790 17204 17235 D RILD    : TxGetSysInfo: Cache hit!
10-15 21:09:27.790 17204 17235 V RILD    :  .. prep 5G
10-15 21:09:27.790 17204 17235 V RILD    : completed with 1
10-15 21:09:27.790 17204 17235 D RILD    : GetVoiceSysInfo: regState(12), voiceRte(20), isRte3gpp(1)
10-15 21:09:27.790 17204 17235 V RILD    :  ... so far ss, vrte 20
10-15 21:09:27.790 17204 17235 V RILD    : .. adjusting for reg reject 1, status 13
10-15 21:09:27.790 17204 17235 V RILD    :  ... so far in_service 0
10-15 21:09:27.790 17204 17235 D RILD    :  ... cid invalid, set cid to previous value 0, 1
10-15 21:09:27.790 17204 17235 D RILD    : cdmaCcsSupported: 0, SimulVoiceAndDataCapability Valid: 1, Value: 0
10-15 21:09:27.791 17204 17235 D RILD    : mReportedDataTechnology Valid: 1, Value: 14
10-15 21:09:27.791 17204 17235 V RILD    : .. in transfer reg reject 0
10-15 21:09:27.791 17204 17235 D RILD    : FillUpCellInfo - cellInfoRat: 20 (rteType: 1, rte: 7)
10-15 21:09:27.791 17204 17235 D RILD    : BuildVoiceRegState - Rte: 7, VoPS: 0, EbSupp: 0, EmerBarr: 0, Tac: 11297, VoiceSuppOnLte: 0, N: 0
10-15 21:09:27.791  2246  2372 W CellularNetworkService: Updating incorrect network type from UNKNOWN to NR
10-15 21:09:27.791  2246  2372 D CellularNetworkService: No access tech specific info passes for RegStateResult
10-15 21:09:27.791 17204 17225 V RILD    : NotifyAsyncMessage Completed
10-15 21:09:27.791  2246  2372 D NRM-C-0 : onRequestNetworkRegistrationInfoComplete result: 0, info: NetworkRegistrationInfo{ domain=PS transportType=WWAN registrationState=NOT_REG_SEARCHING roamingType=NOT_ROAMING accessNetworkTechnology=NR rejectCause=0 emergencyEnabled=true availableServices=[EMERGENCY] cellIdentity=CellIdentityNr:{ mPci = 0 mTac = 1***7 mNrArfcn = 2147483647 mBands = [] mMcc = 313 mMnc = 340 mNci = 4******00 mAlphaLong = DISH mAlphaShort = DSH mAdditionalPlmns = {} } voiceSpecificInfo=null dataSpecificInfo=android.telephony.DataSpecificRegistrationInfo :{ maxDataCalls = 16 isDcNrRestricted = false isNrAvailable = false isEnDcAvailable = false LteVopsSupportInfo :  mVopsSupport = 1 mEmcBearerSupport = 1 } nrState=**** rRplmn=313340 isUsingCarrierAggregation=false}
10-15 21:09:27.791 17204 17235 V RILD    : txn(-1) released
10-15 21:09:27.791  2246  2281 D RILJ    : [6008]< DATA_REGISTRATION_STATE {.regState = NOT_REG_MT_SEARCHING_OP_EM, .rat = UNKNOWN, .reasonForDenial = NONE, .cellIdentity = {.nr = {.base = {.mcc = 313, .mnc = 340, .nci = <MASKED>, .pci = <MASKED>, .tac = <MASKED>, .nrarfcn = -1, .operatorNames = {.alphaLong = DISH, .alphaShort = DSH}}, .additionalPlmns = [], .bands = []}}, .registeredPlmn = 313340, .accessTechnologySpecificInfo = {.noinit = {}}} [PHONE0]
10-15 21:09:27.792 17204 17235 V RILD    : Message obj refcnt=-1
10-15 21:09:27.792 17204 17235 D RILD    : NET-MGR(3): evt(100)
10-15 21:09:27.792 17204 17235 D RILD    : RefreshHandler()
10-15 21:09:27.792 17204 17235 D RILD    : IsRegistered - Feature: 0x0B
10-15 21:09:27.793 17204 17235 D RILD    : Use TAC (isLacValid: 0, RAT: 0)
10-15 21:09:27.793  1145  1189 I VSyncReactor: Current= 60, Period= 60, hwcPeriod= 60
10-15 21:09:27.794 17204 17235 V RILD    : DoGetCellInfoListForSync(): domain- 2, Request getCellInfoList
10-15 21:09:27.794 17204 17235 V RILD    : AllocateTransaction() - Use: 1, Last: 14
10-15 21:09:27.794 17204 17225 V RILD    : NotifyAsyncMessage Completed
10-15 21:09:27.794 17204 17235 D RILD    : SendMessage: svc(NAS), msg(0x43:QMI_NAS_GET_CELL_LOCATION_INFO), sync(0), internal(0), size(0)
10-15 21:09:27.794 17204 17235 V RILD    : Message obj refcnt=-1
10-15 21:09:27.795 17204 17240 D RILD    : QmiSolicitedCallback: msgId(67), err(0)
10-15 21:09:27.795 17204 17240 V RILD    : NotifyAsyncMessage Completed
10-15 21:09:27.795 17204 17226 D RILD    : ReceiveMessage: svc(NAS), msg(0x43:QMI_NAS_GET_CELL_LOCATION_INFO), indi(0), size(3784), err(0)
10-15 21:09:27.795 17204 17226 D RILD    : RxGetCellInfoList: Receive cell location info
10-15 21:09:27.795 17204 17226 D RILD    : Result(1), Error(13)
10-15 21:09:27.795 17204 17226 V RILD    : txn(56768) released
10-15 21:09:27.795 17204 17235 D RILD    : NET-MGR(3): evt(132)
10-15 21:09:27.795 17204 17235 D RILD    : RefreshHandler()
10-15 21:09:27.795 17204 17235 V RILD    : OnGetCellInfoListForSyncDone(): domain- 2, ERROR case
10-15 21:09:27.795 17204 17235 V RILD    : CellReqComplete(): domain- 2
10-15 21:09:27.796 17204 17235 D RILD    : ConvertNetRegStateToCellIdentity - cellInfoType: 6 (Rat: 0, MobileRat: 0, CellInfoRat: 20)
10-15 21:09:27.796 17204 17235 D RILD    : SetEmergencyState(): mState= 13 mMcc = 313
10-15 21:09:27.796 17204 17235 D SemNativeCarrierFeature_vendor: getInstance
10-15 21:09:27.796 17204 17235 D RILD    : SetEmergencyState(): Use default value Feature::QmiSupported(0) : 1
10-15 21:09:27.797  2246  2281 D SEM_RILJ: [UNSL]< UNSOL_EXTENDED_REGISTRATION_STATE {.isValid = true, .snapshotStatus = 0, .unprocessedDataRegState = NOT_REG_MT_SEARCHING_OP_EM, .unprocessedDataRat = 0, .mobileOptionalRat = 0, .imsEmergencyCallBarring = 0, .unprocessedVoiceRegState = REG_DENIED_EM, .isPsOnlyReg = false} [PHONE0]
10-15 21:09:27.797 17204 17235 D RILD    : RequestComplete - req : 20, peek : 20
10-15 21:09:27.798 17204 17235 V RILD    : Message obj refcnt=-1
10-15 21:09:27.799  2246  2246 D SST     : [0] handlePollStateResultMessage: PS cellular. NetworkRegistrationInfo{ domain=PS transportType=WWAN registrationState=NOT_REG_SEARCHING roamingType=NOT_ROAMING accessNetworkTechnology=NR rejectCause=0 emergencyEnabled=true availableServices=[EMERGENCY] cellIdentity=CellIdentityNr:{ mPci = 0 mTac = 1***7 mNrArfcn = 2147483647 mBands = [] mMcc = 313 mMnc = 340 mNci = 4******00 mAlphaLong = DISH mAlphaShort = DSH mAdditionalPlmns = {} } voiceSpecificInfo=null dataSpecificInfo=android.telephony.DataSpecificRegistrationInfo :{ maxDataCalls = 16 isDcNrRestricted = false isNrAvailable = false isEnDcAvailable = false LteVopsSupportInfo :  mVopsSupport = 1 mEmcBearerSupport = 1 } nrState=**** rRplmn=313340 isUsingCarrierAggregation=false}
10-15 21:09:27.799  2246  2246 D SST     : [0] EVENT_GET_EXTENDED_REGISTRATION_STATE
10-15 21:09:27.801  2246  2281 D RILJ    : [6009]< VOICE_REGISTRATION_STATE {.regState = REG_DENIED_EM, .rat = UNKNOWN, .reasonForDenial = NONE, .cellIdentity = {.nr = {.base = {.mcc = 313, .mnc = 340, .nci = <MASKED>, .pci = <MASKED>, .tac = <MASKED>, .nrarfcn = -1, .operatorNames = {.alphaLong = DISH, .alphaShort = DSH}}, .additionalPlmns = [], .bands = []}}, .registeredPlmn = 313340, .accessTechnologySpecificInfo = {.cdmaInfo = {.cssSupported = false, .roamingIndicator = 0, .systemIsInPrl = NOT_IN_PRL, .defaultRoamingIndicator = 0}}} [PHONE0]
10-15 21:09:27.801  1259  8196 I power_partial_wake_state: [CHG,42,*telephony-radio*:com.android.phone]
10-15 21:09:27.802  1259  8196 D AppOps  : startOperation: allowing code 40 uid 1001 package com.android.phone restricted: false flags: s
10-15 21:09:27.802  2246  2372 W CellularNetworkService: Updating incorrect network type from UNKNOWN to NR
10-15 21:09:27.803  2246  2372 D NRM-C-0 : onRequestNetworkRegistrationInfoComplete result: 0, info: NetworkRegistrationInfo{ domain=CS transportType=WWAN registrationState=DENIED roamingType=NOT_ROAMING accessNetworkTechnology=NR rejectCause=0 emergencyEnabled=true availableServices=[EMERGENCY] cellIdentity=CellIdentityNr:{ mPci = 0 mTac = 1***7 mNrArfcn = 2147483647 mBands = [] mMcc = 313 mMnc = 340 mNci = 4******00 mAlphaLong = DISH mAlphaShort = DSH mAdditionalPlmns = {} } voiceSpecificInfo=VoiceSpecificRegistrationInfo { mCssSupported=false mRoamingIndicator=0 mSystemIsInPrl=0 mDefaultRoamingIndicator=0} dataSpecificInfo=null nrState=**** rRplmn=313340 isUsingCarrierAggregation=false}
10-15 21:09:27.803  1259  8196 I power_partial_wake_state: [REL,1,*telephony-radio*:com.android.phone]
10-15 21:09:27.803  2246  2246 D SST     : [0] handlePollStateResultMessage: CS cellular. NetworkRegistrationInfo{ domain=CS transportType=WWAN registrationState=DENIED roamingType=NOT_ROAMING accessNetworkTechnology=NR rejectCause=0 emergencyEnabled=true availableServices=[EMERGENCY] cellIdentity=CellIdentityNr:{ mPci = 0 mTac = 1***7 mNrArfcn = 2147483647 mBands = [] mMcc = 313 mMnc = 340 mNci = 4******00 mAlphaLong = DISH mAlphaShort = DSH mAdditionalPlmns = {} } voiceSpecificInfo=VoiceSpecificRegistrationInfo { mCssSupported=false mRoamingIndicator=0 mSystemIsInPrl=0 mDefaultRoamingIndicator=0} dataSpecificInfo=null nrState=**** rRplmn=313340 isUsingCarrierAggregation=false}
10-15 21:09:27.803  2246  2246 D SST     : [0] combinePsRegistrationStates: {mVoiceRegState=1(OUT_OF_SERVICE), mDataRegState=1(OUT_OF_SERVICE), mChannelNumber=2147483647, duplexMode()=0, mCellBandwidths=[], mOperatorAlphaLong=, mOperatorAlphaShort=, isManualNetworkSelection=true(manual), getRilVoiceRadioTechnology=20(NR_SA), getRilDataRadioTechnology=20(NR_SA), mCssIndicator=unsupported, mNetworkId=*1, mSystemId=*1, mCdmaRoamingIndicator=-1, mCdmaDefaultRoamingIndicator=-1, VoiceRegType=0, Snap=0, MobileData=OUT_OF_SERVICE, MobileDataRoamingType=home, MobileDataRat=Unknown, PsOnly=false, FemtocellInd=0, SprDisplayRoam=false, OptRadioTech=0, MsimSubmode=0, mIsEmergencyOnly=true, isUsingCarrierAggregation=false, mArfcnRsrpBoost=0, mNetworkRegistrationInfos=[NetworkRegistrationInfo{ domain=PS transportType=WWAN registrationState=NOT_REG_SEARCHING roamingType=NOT_ROAMING accessNetworkTechnology=NR rejectCause=0 emergencyEnabled=true availableServices=[EMERGENCY] cellIdentity=CellIdentityNr:{ mPci = 0 mTac = 1***7 mNrArfcn = 2147483647 mBands = [] mMcc = 313 mMnc = 340 mNci = 4******00 mAlphaLong = DISH mAlphaShort = DSH mAdditionalPlmns = {} } voiceSpecificInfo=null dataSpecificInfo=android.telephony.DataSpecificRegistrationInfo :{ maxDataCalls = 16 isDcNrRestricted = false isNrAvailable = false isEnDcAvailable = false LteVopsSupportInfo :  mVopsSupport = 1 mEmcBearerSupport = 1 } nrState=**** rRplmn=313340 isUsingCarrierAggregation=false}, NetworkRegistrationInfo{ domain=CS transportType=WWAN registrationState=DENIED roamingType=NOT_ROAMING accessNetworkTechnology=NR rejectCause=0 emergencyEnabled=true availableServices=[EMERGENCY] cellIdentity=CellIdentityNr:{ mPci = 0 mTac = 1***7 mNrArfcn = 2147483647 mBands = [] mMcc = 313 mMnc = 340 mNci = 4******00 mAlphaLong = DISH mAlphaShort = DSH mAdditionalPlmns = {} } voiceSpecificInfo=VoiceSpecificRegistrationInfo { mCssSupported=false mRoamingIndicator=0 mSystemIsInPrl=0 mDefaultRoamingIndicator=0} dataSpecificInfo=null nrState=**** rRplmn=313340 isUsingCarrierAggregation=false}], mNrFrequencyRange=0, mOperatorAlphaLongRaw=, mOperatorAlphaShortRaw=, mIsDataRoamingFromRegistration=false, mIsIwlanPreferred=false}
10-15 21:09:27.806  2246  2246 D SST     : [0] setRoamingType: currentRoamingType = 0
10-15 21:09:27.806  2246  2246 D SST     : [0] prePollStateDone - mNewSS: {mVoiceRegState=1(OUT_OF_SERVICE), mDataRegState=1(OUT_OF_SERVICE), mChannelNumber=2147483647, duplexMode()=0, mCellBandwidths=[], mOperatorAlphaLong=, mOperatorAlphaShort=, isManualNetworkSelection=true(manual), getRilVoiceRadioTechnology=20(NR_SA), getRilDataRadioTechnology=20(NR_SA), mCssIndicator=unsupported, mNetworkId=*1, mSystemId=*1, mCdmaRoamingIndicator=-1, mCdmaDefaultRoamingIndicator=-1, VoiceRegType=0, Snap=0, MobileData=OUT_OF_SERVICE, MobileDataRoamingType=home, MobileDataRat=Unknown, PsOnly=false, FemtocellInd=0, SprDisplayRoam=false, OptRadioTech=0, MsimSubmode=0, mIsEmergencyOnly=true, isUsingCarrierAggregation=false, mArfcnRsrpBoost=0, mNetworkRegistrationInfos=[NetworkRegistrationInfo{ domain=CS transportType=WWAN registrationState=DENIED roamingType=NOT_ROAMING accessNetworkTechnology=NR rejectCause=0 emergencyEnabled=true availableServices=[EMERGENCY] cellIdentity=CellIdentityNr:{ mPci = 0 mTac = 1***7 mNrArfcn = 2147483647 mBands = [] mMcc = 313 mMnc = 340 mNci = 4******00 mAlphaLong = DISH mAlphaShort = DSH mAdditionalPlmns = {} } voiceSpecificInfo=VoiceSpecificRegistrationInfo { mCssSupported=false mRoamingIndicator=0 mSystemIsInPrl=0 mDefaultRoamingIndicator=0} dataSpecificInfo=null nrState=**** rRplmn=313340 isUsingCarrierAggregation=false}, NetworkRegistrationInfo{ domain=PS transportType=WWAN registrationState=NOT_REG_SEARCHING roamingType=NOT_ROAMING accessNetworkTechnology=NR rejectCause=0 emergencyEnabled=true availableServices=[EMERGENCY] cellIdentity=CellIdentityNr:{ mPci = 0 mTac = 1***7 mNrArfcn = 2147483647 mBands = [] mMcc = 313 mMnc = 340 mNci = 4******00 mAlphaLong = DISH mAlphaShort = DSH mAdditionalPlmns = {} } voiceSpecificInfo=null dataSpecificInfo=android.telephony.DataSpecificRegistrationInfo :{ maxDataCalls = 16 isDcNrRestricted = false isNrAvailable = false isEnDcAvailable = false LteVopsSupportInfo :  mVopsSupport = 1 mEmcBearerSupport = 1 } nrState=**** rRplmn=313340 isUsingCarrierAggregation=false}], mNrFrequencyRange=0, mOperatorAlphaLongRaw=, mOperatorAlphaShortRaw=, mIsDataRoamingFromRegistration=false, mIsIwlanPreferred=false}
10-15 21:09:27.808  2246  2246 D SST     : [0] updateNrFrequencyRangeFromPhysicalChannelConfigs - nrFrequencyRange: 0 -> 0
10-15 21:09:27.809  2246  2246 D SST     : [0] Poll ServiceState done: oldSS=[{mVoiceRegState=1(OUT_OF_SERVICE), mDataRegState=1(OUT_OF_SERVICE), mChannelNumber=2147483647, duplexMode()=0, mCellBandwidths=[], mOperatorAlphaLong=, mOperatorAlphaShort=, isManualNetworkSelection=true(manual), getRilVoiceRadioTechnology=20(NR_SA), getRilDataRadioTechnology=20(NR_SA), mCssIndicator=unsupported, mNetworkId=*1, mSystemId=*1, mCdmaRoamingIndicator=-1, mCdmaDefaultRoamingIndicator=-1, VoiceRegType=0, Snap=0, MobileData=OUT_OF_SERVICE, MobileDataRoamingType=home, MobileDataRat=Unknown, PsOnly=false, FemtocellInd=0, SprDisplayRoam=false, OptRadioTech=0, MsimSubmode=0, mIsEmergencyOnly=true, isUsingCarrierAggregation=false, mArfcnRsrpBoost=0, mNetworkRegistrationInfos=[NetworkRegistrationInfo{ domain=CS transportType=WWAN registrationState=DENIED roamingType=NOT_ROAMING accessNetworkTechnology=NR rejectCause=0 emergencyEnabled=true availableServices=[EMERGENCY] cellIdentity=CellIdentityNr:{ mPci = 0 mTac = 1***7 mNrArfcn = 2147483647 mBands = [] mMcc = 313 mMnc = 340 mNci = 4******00 mAlphaLong = DISH mAlphaShort = DSH mAdditionalPlmns = {} } voiceSpecificInfo=VoiceSpecificRegistrationInfo { mCssSupported=false mRoamingIndicator=0 mSystemIsInPrl=0 mDefaultRoamingIndicator=0} dataSpecificInfo=null nrState=**** rRplmn=313340 isUsingCarrierAggregation=false}, NetworkRegistrationInfo{ domain=PS transportType=WWAN registrationState=NOT_REG_SEARCHING roamingType=NOT_ROAMING accessNetworkTechnology=NR rejectCause=0 emergencyEnabled=true availableServices=[EMERGENCY] cellIdentity=CellIdentityNr:{ mPci = 0 mTac = 1***7 mNrArfcn = 2147483647 mBands = [] mMcc = 313 mMnc = 340 mNci = 4******00 mAlphaLong = DISH mAlphaShort = DSH mAdditionalPlmns = {} } voiceSpecificInfo=null dataSpecificInfo=android.telephony.DataSpecificRegistrationInfo :{ maxDataCalls = 16 isDcNrRestricted = false isNrAvailable = false isEnDcAvailable = false LteVopsSupportInfo :  mVopsSupport = 1 mEmcBearerSupport = 1 } nrState=**** rRplmn=313340 isUsingCarrierAggregation=false}], mNrFrequencyRange=0, mOperatorAlphaLongRaw=, mOperatorAlphaShortRaw=, mIsDataRoamingFromRegistration=false, mIsIwlanPreferred=false}]
10-15 21:09:27.809  2246  2246 D SST     : [0] Poll ServiceState done: newSS=[{mVoiceRegState=1(OUT_OF_SERVICE), mDataRegState=1(OUT_OF_SERVICE), mChannelNumber=2147483647, duplexMode()=0, mCellBandwidths=[], mOperatorAlphaLong=, mOperatorAlphaShort=, isManualNetworkSelection=true(manual), getRilVoiceRadioTechnology=20(NR_SA), getRilDataRadioTechnology=20(NR_SA), mCssIndicator=unsupported, mNetworkId=*1, mSystemId=*1, mCdmaRoamingIndicator=-1, mCdmaDefaultRoamingIndicator=-1, VoiceRegType=0, Snap=0, MobileData=OUT_OF_SERVICE, MobileDataRoamingType=home, MobileDataRat=Unknown, PsOnly=false, FemtocellInd=0, SprDisplayRoam=false, OptRadioTech=0, MsimSubmode=0, mIsEmergencyOnly=true, isUsingCarrierAggregation=false, mArfcnRsrpBoost=0, mNetworkRegistrationInfos=[NetworkRegistrationInfo{ domain=CS transportType=WWAN registrationState=DENIED roamingType=NOT_ROAMING accessNetworkTechnology=NR rejectCause=0 emergencyEnabled=true availableServices=[EMERGENCY] cellIdentity=CellIdentityNr:{ mPci = 0 mTac = 1***7 mNrArfcn = 2147483647 mBands = [] mMcc = 313 mMnc = 340 mNci = 4******00 mAlphaLong = DISH mAlphaShort = DSH mAdditionalPlmns = {} } voiceSpecificInfo=VoiceSpecificRegistrationInfo { mCssSupported=false mRoamingIndicator=0 mSystemIsInPrl=0 mDefaultRoamingIndicator=0} dataSpecificInfo=null nrState=**** rRplmn=313340 isUsingCarrierAggregation=false}, NetworkRegistrationInfo{ domain=PS transportType=WWAN registrationState=NOT_REG_SEARCHING roamingType=NOT_ROAMING accessNetworkTechnology=NR rejectCause=0 emergencyEnabled=true availableServices=[EMERGENCY] cellIdentity=CellIdentityNr:{ mPci = 0 mTac = 1***7 mNrArfcn = 2147483647 mBands = [] mMcc = 313 mMnc = 340 mNci = 4******00 mAlphaLong = DISH mAlphaShort = DSH mAdditionalPlmns = {} } voiceSpecificInfo=null dataSpecificInfo=android.telephony.DataSpecificRegistrationInfo :{ maxDataCalls = 16 isDcNrRestricted = false isNrAvailable = false isEnDcAvailable = false LteVopsSupportInfo :  mVopsSupport = 1 mEmcBearerSupport = 1 } nrState=**** rRplmn=313340 isUsingCarrierAggregation=false}], mNrFrequencyRange=0, mOperatorAlphaLongRaw=, mOperatorAlphaShortRaw=, mIsDataRoamingFromRegistration=false, mIsIwlanPreferred=false}]
10-15 21:09:27.809  2246  2246 D SST     : [0] oldMaxDataCalls=16 mNewMaxDataCalls=16 oldReasonDataDenied=0 mNewReasonDataDenied=0
10-15 21:09:27.810  2246  2246 D SST     : [0] pollStateDone: hasRegistered = false hasDeregistered = false hasDataAttached = {1=false} hasDataDetached = {1=false} hasDataRegStateChanged = {1=false} hasRilVoiceRadioTechnologyChanged = false hasRilDataRadioTechnologyChanged = {1=false} hasDataTransportPreferenceChanged = false hasChanged = false hasVoiceRoamingOn = false hasVoiceRoamingOff = false hasDataRoamingOn =false hasDataRoamingOff = false hasLocationChanged = false has4gHandoff = false hasMultiApnSupport = false hasLostMultiApnSupport = false hasCssIndicatorChanged = false hasNrFrequencyRangeChanged = false hasNrStateChanged = false hasBandwidthChanged = true hasAirplaneModeOnlChanged = false
10-15 21:09:27.810  2246  2246 D SST     : [0] postPollStateDone(DSG) - mNrBearerStatusOnPoll: -1
10-15 21:09:27.810  2246  2246 D NetworkTypeController: [0] LegacyState: process EVENT_BANDWIDTH_CHANGED
10-15 21:09:27.811  2246  2246 D NetworkTypeController: [0] Remove primary timer! rat: 0, currentState: legacy
10-15 21:09:27.811  2246  2246 D NetworkTypeController: [0] DefaultState: process EVENT_BANDWIDTH_CHANGED
10-15 21:09:27.811  2246  2246 D NetworkTypeController: [0] is5gAvailable: false, 0, 0
10-15 21:09:27.901 17204 17240 D RILD    : QmiUnsolicitedCallback: msgId(78)
10-15 21:09:27.901 17204 17240 V RILD    : NotifyAsyncMessage Completed
10-15 21:09:27.902 17204 17226 D RILD    : ReceiveMessage: svc(NAS), msg(0x4E:QMI_NAS_SYS_INFO_IND), indi(1), size(1320), err(0)
10-15 21:09:27.902 17204 17226 V RILD    : completed with 0
10-15 21:09:27.902 17204 17226 V RILD    : completed with 0
10-15 21:09:27.902 17204 17226 V RILD    : completed with 0
10-15 21:09:27.902 17204 17226 V RILD    : completed with 1
10-15 21:09:27.903 17204 17226 D RILD    : IsConsideredRegistered: cs 1x(0), gsm(2), wcdma(2), lte(2), hdr(0), Td(0)
10-15 21:09:27.903 17204 17226 V RILD    : completed with 0
10-15 21:09:27.903 17204 17226 V RILD    : completed with 0
10-15 21:09:27.903 17204 17226 V RILD    : completed with 0
10-15 21:09:27.903 17204 17226 V RILD    : completed with 1
10-15 21:09:27.903 17204 17226 D RILD    : IsConsideredRegistered: ps 1x(0), gsm(2), wcdma(2), lte(2), hdr(0), Td(0), Nr5g(12)
10-15 21:09:27.903 17204 17226 V RILD    : completed with 0
10-15 21:09:27.903 17204 17226 V RILD    : completed with 0
10-15 21:09:27.903 17204 17226 V RILD    : completed with 0
10-15 21:09:27.903 17204 17226 V RILD    : completed with 1
10-15 21:09:27.903 17204 17226 D RILD    : GetDataRegs: group( CDMA), reg(0)
10-15 21:09:27.903 17204 17226 D RILD    : GetDataRegs: group( EVDO), reg(0)
10-15 21:09:27.904 17204 17226 D RILD    : GetDataRegs: group(  GSM), reg(2)
10-15 21:09:27.904 17204 17226 D RILD    : GetDataRegs: group( UMTS), reg(2)
10-15 21:09:27.904 17204 17226 D RILD    : GetDataRegs: group(EHRPD), reg(0)
10-15 21:09:27.904 17204 17226 D RILD    : GetDataRegs: group(  LTE), reg(2)
10-15 21:09:27.904 17204 17226 D RILD    : GetDataRegs: group(TDSCDMA), reg(0)
10-15 21:09:27.904 17204 17226 D RILD    : GetDataRegs: group( NR5G), reg(12)
10-15 21:09:27.904 17204 17226 D RILD    : UpdateSysInfo - VoPS: 0, EbSupport: 0, EmergencyAccessBarred: 0
10-15 21:09:27.904 17204 17226 D RILD    : UpdateSysInfo - endc_available: 0, restrict_dcnr: 0, plmnInfolistR15Available: 0, NrVoPS: 0, Emc: 1, Emf: 0
10-15 21:09:27.904 17204 17226 D SemNativeCarrierFeature_vendor: getInstance
10-15 21:09:27.905 17204 17226 V RILD    :  .. prep CDMA
10-15 21:09:27.905 17204 17226 V RILD    :  .. prep GSM
10-15 21:09:27.905 17204 17226 V RILD    : completed with 0
10-15 21:09:27.905 17204 17226 V RILD    :  .. prep WCDMA
10-15 21:09:27.905 17204 17226 V RILD    : completed with 0
10-15 21:09:27.905 17204 17226 V RILD    :  .. prep LTE
10-15 21:09:27.905 17204 17226 V RILD    : completed with 0
10-15 21:09:27.905 17204 17226 D RILD    : CHECK FAILED - nasSysInfoHelper is NULL
10-15 21:09:27.905 17204 17226 V RILD    :  .. prep EVDO
10-15 21:09:27.905 17204 17226 V RILD    :  .. prep TDSCDMA
10-15 21:09:27.905 17204 17226 V RILD    :  .. prep NR5G
10-15 21:09:27.905 17204 17226 V RILD    : completed with 1
10-15 21:09:27.905 17204 17226 E RILD    : UpdateVoiceRte: [CS] 1x reg [0], gsm reg [2], wcdma reg [2], lte reg [2], hdr reg [0], Td reg [0], 5G reg [12]
10-15 21:09:27.905 17204 17226 E RILD    : UpdateVoiceRte: mVoiceRte(7), Confidence(2), mReportedLteSmsStatus(0)
10-15 21:09:27.905 17204 17226 V RILD    : completed with 0
10-15 21:09:27.905 17204 17226 V RILD    : completed with 0
10-15 21:09:27.905 17204 17226 V RILD    : completed with 0
10-15 21:09:27.905 17204 17226 V RILD    : completed with 1
10-15 21:09:27.905 17204 17226 E RILD    : SetDataRteRegStatus: [PS] 1x reg [0], gsm reg [2], wcdma reg [2], lte reg [2], hdr reg [0], Td reg [0], nr5g reg [12] pref_data_tech(0), radio_tech_flag(2)
10-15 21:09:27.905 17204 17226 E RILD    : SetDataRteRegStatus: [FINAL-PS] 1x reg [0], gsm reg [2], wcdma reg [2], lte reg [2], hdr reg [0], Td reg[0], nr5g reg [12]
10-15 21:09:27.905 17204 17226 E RILD    : UpdateDataRte: mDataRte(7), Confidence(2)
10-15 21:09:27.905 17204 17226 E RILD    : UpdateImsRte: mImsRte(0), Confidence(4)
10-15 21:09:27.905 17204 17226 D RILD    : UpdateVoiceTech - RteType: 1, VoiceRadioTech: 1 -> 1
10-15 21:09:27.905 17204 17226 V RILD    : completed with 0
10-15 21:09:27.906 17204 17226 V RILD    : completed with 0
10-15 21:09:27.906 17204 17226 V RILD    : completed with 0
10-15 21:09:27.906 17204 17226 V RILD    : completed with 1
10-15 21:09:27.906 17204 17226 V RILD    : [CS] 1x reg [0], gsm reg [2], wcdma reg [2], lte reg [2], hdr reg [0], TD reg[0], 5G reg[12]
10-15 21:09:27.906 17204 17226 V RILD    : .. nof cs reg reject 1, cs reg reject for direct inj 0
10-15 21:09:27.906 17204 17226 D RILD    : .. cs reject follow up on re-reg to ltd (idx: 7, cause: 10)
10-15 21:09:27.906 17204 17226 V RILD    : completed with 0
10-15 21:09:27.906 17204 17226 V RILD    : completed with 0
10-15 21:09:27.906 17204 17226 V RILD    : completed with 0
10-15 21:09:27.906 17204 17226 V RILD    : completed with 1
10-15 21:09:27.906 17204 17226 V RILD    : [PS] 1x reg [0], gsm reg [2], wcdma reg [2], lte reg [2], hdr reg [0], TD reg[0], 5G reg[12]
10-15 21:09:27.906 17204 17226 V RILD    :  .. prep 5G
10-15 21:09:27.906 17204 17226 V RILD    : completed with 1
10-15 21:09:27.906 17204 17226 D RILD    : GetVoiceSysInfo: regState(12), voiceRte(20), isRte3gpp(1)
10-15 21:09:27.906 17204 17226 V RILD    :  ... so far ss, vrte 20
10-15 21:09:27.906 17204 17226 V RILD    : .. adjusting for reg reject 1, status 13
10-15 21:09:27.906 17204 17226 V RILD    :  ... so far in_service 0
10-15 21:09:27.906 17204 17226 D RILD    :  ... cid invalid, set cid to previous value 0, 1
10-15 21:09:27.906 17204 17226 D RILD    : cdmaCcsSupported: 0, SimulVoiceAndDataCapability Valid: 1, Value: 0
10-15 21:09:27.906 17204 17226 D RILD    : mReportedDataTechnology Valid: 1, Value: 14
10-15 21:09:27.906 17204 17226 V RILD    : .. in transfer reg reject 0
10-15 21:09:27.906 17204 17226 D RILD    : FillUpCellInfo - cellInfoRat: 20 (rteType: 1, rte: 7)
10-15 21:09:27.906 17204 17226 D RILD    : BuildVoiceRegState - Rte: 7, VoPS: 0, EbSupp: 0, EmerBarr: 0, Tac: 11297, VoiceSuppOnLte: 0, N: 0
10-15 21:09:27.906 17204 17226 D RILD    : RxSysInfoInd: sys info updated, mNeedNotify: 0
10-15 21:09:27.907 17204 17226 V RILD    : AllocateTransaction() - Use: 1, Last: 15
10-15 21:09:27.907 17204 17225 V RILD    : NotifyAsyncMessage Completed
10-15 21:09:27.907 17204 17226 V RILD    : GetSignalStrength:
10-15 21:09:27.907 17204 17226 V RILD    : need sig info-0, need err rate-0
10-15 21:09:27.907 17204 17226 V RILD    : Signal strength from cache
10-15 21:09:27.907 17204 17226 D RILD    : Nr Signal Strength antnum=0x0005
10-15 21:09:27.907 17204 17226 V RILD    : UpdateAntennaNumber - Antenna: 0x0000, QMI: 0x0005, RAT: 20
10-15 21:09:27.907 17204 17226 D RILD    : RSSI level = 0x0005 - LTE: 5, EVDO: 0, CDMA: 0, GSM: 5, NR5G: 5
10-15 21:09:27.909 17204 17226 V RILD    : Signal strength from cache
10-15 21:09:27.909 17204 17226 D RILD    : Nr Signal Strength antnum=0x0005
10-15 21:09:27.909 17204 17226 V RILD    : UpdateAntennaNumber - Antenna: 0x0000, QMI: 0x0005, RAT: 20
10-15 21:09:27.909 17204 17226 D RILD    : RSSI level = 0x0005 - LTE: 5, EVDO: 0, CDMA: 0, GSM: 5, NR5G: 5
10-15 21:09:27.910 17204 17226 V RILD    : Modem::NotifyRegistrant: regType=35
10-15 21:09:27.910 17204 17226 V RILD    : Registrant::Notify refcnt(1)
10-15 21:09:27.910 17204 17235 D RILD    : NET-MGR(3): evt(201)
10-15 21:09:27.910 17204 17235 D RILD    : RefreshHandler()
10-15 21:09:27.910 17204 17235 D RILD    : NetworkSignalStrengthHandler - RSSI: 0x0005
10-15 21:09:27.911 17204 17235 D RILD    : IsRegisteredNetworkType(): netType[1]  feature[00] state[0] 
10-15 21:09:27.911 17204 17235 D RILD    : UpdateWeakSignalStatus (gsm : 99, lte : 2147483647 dataRat : 0)
10-15 21:09:27.911 17204 17235 D RILD    : No need to check rat for this rat 0
10-15 21:09:27.911 17204 17235 D RILD    : NetworkSignalStrengthHandler - SignalStrength: [5, C:(2147483647, 2147483647), E:(2147483647, 2147483647, 2147483647), G:(99, 99), W:(99, 99, 255, 255), T:(2147483647), L:(99, 2147483647, 2147483647, 2147483647, 2147483647), N:(-89, -11)]
10-15 21:09:27.911 17204 17235 D RILD    : SignalBarInfos: [cdmaLevel=0, evdoLevel=0, gsmLevel=0, wcdmaLevel=0, tdscdmaLevel=0, lteLevel=0, nrLevel=5]
10-15 21:09:27.911 17204 17235 V RILD    : OnUnsolicitedResponse: unsolId: 11091
10-15 21:09:27.911 17204 17226 V RILD    : AllocateTransaction() - Use: 1, Last: 16
10-15 21:09:27.911 17204 17225 V RILD    : NotifyAsyncMessage Completed
10-15 21:09:27.911 17204 17226 D RILD    : SendMessage: svc(NAS), msg(0x31:QMI_NAS_GET_RF_BAND_INFO), sync(0), internal(1), size(0)
10-15 21:09:27.912 17204 17226 V RILD    : CalculateRestrictedDetails:
10-15 21:09:27.912 17204 17226 V RILD    : UpdateRestrictedDetails:
10-15 21:09:27.912 17204 17226 D RILD    : mCurrentRestricedState = 0
10-15 21:09:27.912 17204 17226 D RILD    : UpdateRestrictedDetails nRestrictedStateDetail 0
10-15 21:09:27.913 17204 17240 D RILD    : QmiSolicitedCallback: msgId(49), err(0)
10-15 21:09:27.913 17204 17240 V RILD    : NotifyAsyncMessage Completed
10-15 21:09:27.913 17204 17235 V RILD    : InitState Setting data size of 0x723360b8d0 to 0
10-15 21:09:27.913 17204 17235 V RILD    : InitState Setting data pos of 0x723360b8d0 to 0
10-15 21:09:27.913 17204 17235 V RILD    : OnUnsolicitedResponse: unsolId: 1009
10-15 21:09:27.913 17204 17235 V RILD    : InitState Setting data size of 0x723360b8f0 to 0
10-15 21:09:27.913 17204 17235 V RILD    : InitState Setting data pos of 0x723360b8f0 to 0
10-15 21:09:27.913 17204 17235 V RILD    : Message obj refcnt=0
10-15 21:09:27.913 17204 17226 V RILD    : Modem::NotifyRegistrant: regType=34
10-15 21:09:27.913  2246  2246 D SSCtr   : [0] EVENT_SIGNAL_LEVEL_INFO_CHANGED - SignalBarInfo{ nrLevel=5 }
10-15 21:09:27.913 17204 17226 V RILD    : Registrant::Notify refcnt(1)
10-15 21:09:27.913 17204 17235 D RILD    : NET-MGR(3): evt(200)
10-15 21:09:27.913 17204 17235 D RILD    : RefreshHandler()
10-15 21:09:27.913 17204 17235 V RILD    : OnUnsolicitedResponse: unsolId: 1002
10-15 21:09:27.914 17204 17235 V RILD    : InitState Setting data size of 0x723360b620 to 0
10-15 21:09:27.914 17204 17235 V RILD    : InitState Setting data pos of 0x723360b620 to 0
10-15 21:09:27.914 17204 17235 V RILD    : Message obj refcnt=0
10-15 21:09:27.914 17204 17226 D RILD    : ReceiveMessage: svc(NAS), msg(0x31:QMI_NAS_GET_RF_BAND_INFO), indi(0), size(684), err(0)
10-15 21:09:27.914 17204 17226 E RILD    : RxGetRfBandInfo: 
10-15 21:09:27.914 17204 17226 D RILD    : SetNrDuplexMode: -FDD
10-15 21:09:27.916  2246  2281 D RILJ    : Unsol response received; Sending ack to ril.cpp [PHONE0]
10-15 21:09:27.916  2246  2281 D RILJ    : [UNSL]< UNSOL_RESPONSE_NETWORK_STATE_CHANGED [PHONE0]
10-15 21:09:27.916  2246  2372 D NRM-C-0 : onNetworkStateChanged
10-15 21:09:27.917  2246  2246 D SST     : [0] pollState: modemTriggered=true, radioState=1
10-15 21:09:27.918  1259  8196 D AppOps  : startOperation: allowing code 40 uid 1001 package com.android.phone restricted: false flags: s
10-15 21:09:27.919  1259  8196 I power_partial_wake_state: [CHG,1,*telephony-radio*:com.android.phone]
10-15 21:09:27.919  2246  2246 D RILJ    : [6011]> OPERATOR [PHONE0]
10-15 21:09:27.920 17204 17204 V RILD    : RilData is not necessary for this request
10-15 21:09:27.920 17204 17204 D RILD    : IsRegisteredNetworkType(): netType[1]  feature[00] state[0] 
10-15 21:09:27.920 17204 17236 D RILD    : DoRouteIn - FW reqId : 22
10-15 21:09:27.920 17204 17236 D RILD    : DoRouteOut - FW reqId : 22
10-15 21:09:27.920 17204 17236 D RILD    : Onprocessing: request id(22), handleEvent(4)
10-15 21:09:27.920 17204 17235 D RILD    : NET-MGR(3): evt(4)
10-15 21:09:27.920 17204 17235 D RILD    : RefreshHandler()
10-15 21:09:27.920 17204 17235 V RILD    : AllocateTransaction() - Use: 1, Last: 17
10-15 21:09:27.920 17204 17235 V RILD    : completed with 0
10-15 21:09:27.920 17204 17235 V RILD    : completed with 0
10-15 21:09:27.920 17204 17235 V RILD    : completed with 0
10-15 21:09:27.920 17204 17235 V RILD    : completed with 1
10-15 21:09:27.920 17204 17235 D RILD    : IsConsideredRegistered: cs 1x(0), gsm(2), wcdma(2), lte(2), hdr(0), Td(0)
10-15 21:09:27.920 17204 17235 V RILD    : completed with 0
10-15 21:09:27.920 17204 17235 V RILD    : completed with 0
10-15 21:09:27.920 17204 17235 V RILD    : completed with 0
10-15 21:09:27.920 17204 17235 V RILD    : completed with 1
10-15 21:09:27.920 17204 17235 D RILD    : IsConsideredRegistered: ps 1x(0), gsm(2), wcdma(2), lte(2), hdr(0), Td(0), Nr5g(12)
10-15 21:09:27.920 17204 17235 E RILD    : GetOperatorName: fetch sys info
10-15 21:09:27.921 17204 17235 V RILD    : AllocateTransaction() - Use: 2, Last: 18
10-15 21:09:27.921 17204 17235 D RILD    : SendMessage: svc(NAS), msg(0x4D:QMI_NAS_GET_SYS_INFO), sync(1), internal(1), size(0)
10-15 21:09:27.921 17204 17225 V RILD    : NotifyAsyncMessage Completed
10-15 21:09:27.921 17204 17225 V RILD    : NotifyAsyncMessage Completed
10-15 21:09:27.921  2246  2246 D RILJ    : [6012]> QUERY_NETWORK_SELECTION_MODE [PHONE0]
10-15 21:09:27.921 17204 17235 D RILD    : ReceiveMessage: svc(NAS), msg(0x4D:QMI_NAS_GET_SYS_INFO), indi(0), size(1328), err(0)
10-15 21:09:27.921 17204 17204 V RILD    : RilData is not necessary for this request
10-15 21:09:27.921 17204 17235 D RILD    : Result(0), Error(0)
10-15 21:09:27.921 17204 17204 D RILD    : IsRegisteredNetworkType(): netType[1]  feature[00] state[0] 
10-15 21:09:27.921 17204 17235 D RILD    : UpdateSysInfo - VoPS: 0, EbSupport: 0, EmergencyAccessBarred: 0
10-15 21:09:27.921 17204 17235 D RILD    : UpdateSysInfo - endc_available: 0, restrict_dcnr: 0, plmnInfolistR15Available: 0, NrVoPS: 0, Emc: 1, Emf: 0
10-15 21:09:27.921 17204 17235 D SemNativeCarrierFeature_vendor: getInstance
10-15 21:09:27.921 17204 17236 D RILD    : DoRouteIn - FW reqId : 45
10-15 21:09:27.921 17204 17235 V RILD    :  .. prep CDMA
10-15 21:09:27.921 17204 17235 V RILD    :  .. prep GSM
10-15 21:09:27.921 17204 17236 D RILD    : Onprocessing: request id(22), handleEvent(4)
10-15 21:09:27.921 17204 17235 V RILD    : completed with 0
10-15 21:09:27.921 17204 17235 V RILD    :  .. prep WCDMA
10-15 21:09:27.921 17204 17235 V RILD    : completed with 0
10-15 21:09:27.921 17204 17235 V RILD    :  .. prep LTE
10-15 21:09:27.922 17204 17235 V RILD    : completed with 0
10-15 21:09:27.922 17204 17235 D RILD    : CHECK FAILED - nasSysInfoHelper is NULL
10-15 21:09:27.922 17204 17235 V RILD    :  .. prep EVDO
10-15 21:09:27.922 17204 17235 V RILD    :  .. prep TDSCDMA
10-15 21:09:27.922 17204 17235 V RILD    :  .. prep NR5G
10-15 21:09:27.922 17204 17235 V RILD    : completed with 1
10-15 21:09:27.922 17204 17235 E RILD    : UpdateVoiceRte: [CS] 1x reg [0], gsm reg [2], wcdma reg [2], lte reg [2], hdr reg [0], Td reg [0], 5G reg [12]
10-15 21:09:27.922 17204 17235 E RILD    : UpdateVoiceRte: mVoiceRte(7), Confidence(2), mReportedLteSmsStatus(0)
10-15 21:09:27.922 17204 17235 V RILD    : completed with 0
10-15 21:09:27.922 17204 17235 V RILD    : completed with 0
10-15 21:09:27.922 17204 17235 V RILD    : completed with 0
10-15 21:09:27.922 17204 17235 V RILD    : completed with 1
10-15 21:09:27.922 17204 17235 E RILD    : SetDataRteRegStatus: [PS] 1x reg [0], gsm reg [2], wcdma reg [2], lte reg [2], hdr reg [0], Td reg [0], nr5g reg [12] pref_data_tech(0), radio_tech_flag(2)
10-15 21:09:27.922 17204 17235 E RILD    : SetDataRteRegStatus: [FINAL-PS] 1x reg [0], gsm reg [2], wcdma reg [2], lte reg [2], hdr reg [0], Td reg[0], nr5g reg [12]
10-15 21:09:27.922 17204 17235 E RILD    : UpdateDataRte: mDataRte(7), Confidence(2)
10-15 21:09:27.922 17204 17235 E RILD    : UpdateImsRte: mImsRte(0), Confidence(4)
10-15 21:09:27.922 17204 17235 D RILD    : UpdateVoiceTech - RteType: 1, VoiceRadioTech: 1 -> 1
10-15 21:09:27.922 17204 17235 V RILD    : completed with 0
10-15 21:09:27.922 17204 17235 V RILD    : completed with 0
10-15 21:09:27.922 17204 17235 V RILD    : completed with 0
10-15 21:09:27.922 17204 17235 V RILD    : completed with 1
10-15 21:09:27.922 17204 17235 V RILD    : [CS] 1x reg [0], gsm reg [2], wcdma reg [2], lte reg [2], hdr reg [0], TD reg[0], 5G reg[12]
10-15 21:09:27.922 17204 17235 V RILD    : .. nof cs reg reject 1, cs reg reject for direct inj 0
10-15 21:09:27.922 17204 17235 D RILD    : .. cs reject follow up on re-reg to ltd (idx: 7, cause: 10)
10-15 21:09:27.922 17204 17235 V RILD    : completed with 0
10-15 21:09:27.922 17204 17235 V RILD    : completed with 0
10-15 21:09:27.922 17204 17235 V RILD    : completed with 0
10-15 21:09:27.922 17204 17235 V RILD    : completed with 1
10-15 21:09:27.922 17204 17235 V RILD    : [PS] 1x reg [0], gsm reg [2], wcdma reg [2], lte reg [2], hdr reg [0], TD reg[0], 5G reg[12]
10-15 21:09:27.922 17204 17235 V RILD    :  .. prep 5G
10-15 21:09:27.922 17204 17235 V RILD    : completed with 1
10-15 21:09:27.922 17204 17235 D RILD    : GetVoiceSysInfo: regState(12), voiceRte(20), isRte3gpp(1)
10-15 21:09:27.922 17204 17235 V RILD    :  ... so far ss, vrte 20
10-15 21:09:27.922 17204 17235 V RILD    : .. adjusting for reg reject 1, status 13
10-15 21:09:27.922 17204 17235 V RILD    :  ... so far in_service 0
10-15 21:09:27.922 17204 17235 D RILD    :  ... cid invalid, set cid to previous value 0, 1
10-15 21:09:27.922 17204 17235 D RILD    : cdmaCcsSupported: 0, SimulVoiceAndDataCapability Valid: 1, Value: 0
10-15 21:09:27.922 17204 17235 D RILD    : mReportedDataTechnology Valid: 1, Value: 14
10-15 21:09:27.923 17204 17235 V RILD    : .. in transfer reg reject 0
10-15 21:09:27.923 17204 17235 D RILD    : FillUpCellInfo - cellInfoRat: 20 (rteType: 1, rte: 7)
10-15 21:09:27.923  2246  2372 D RILJ    : [6013]> DATA_REGISTRATION_STATE [PHONE0]
10-15 21:09:27.923 17204 17235 D RILD    : BuildVoiceRegState - Rte: 7, VoPS: 0, EbSupp: 0, EmerBarr: 0, Tac: 11297, VoiceSuppOnLte: 0, N: 0
10-15 21:09:27.923 17204 17235 V RILD    : completed with 0
10-15 21:09:27.923  2246  2372 D RILJ    : getDataRegistrationState: overrideHalVersion=null [PHONE0]
10-15 21:09:27.923 17204 17235 V RILD    : completed with 0
10-15 21:09:27.923 17204 17235 V RILD    : completed with 0
10-15 21:09:27.923 17204 17235 V RILD    : completed with 1
10-15 21:09:27.923 17204 17235 V RILD    : completed with 0
10-15 21:09:27.923 17204 17235 V RILD    : completed with 0
10-15 21:09:27.923 17204 17235 V RILD    : completed with 0
10-15 21:09:27.923 17204 17235 V RILD    : completed with 1
10-15 21:09:27.923 17204 17204 V RILD    : RilData is not necessary for this request
10-15 21:09:27.923 17204 17235 D RILD    : IsInService: rat(2), service(0)
10-15 21:09:27.923 17204 17235 D RILD    : IsInService: rat(1), service(0)
10-15 21:09:27.923 17204 17204 D RILD    : IsRegisteredNetworkType(): netType[1]  feature[00] state[0] 
10-15 21:09:27.923 17204 17235 D RILD    : FindCurrentCampOnMccMnc: mcc(313), mnc(340)
10-15 21:09:27.923 17204 17235 V RILD    : txn(-1) released
10-15 21:09:27.923 17204 17235 V RILD    : Message obj refcnt=-1
10-15 21:09:27.923 17204 17236 D RILD    : DoRouteIn - FW reqId : 21
10-15 21:09:27.923 17204 17235 D RILD    : NET-MGR(3): evt(104)
10-15 21:09:27.923 17204 17235 D RILD    : RefreshHandler()
10-15 21:09:27.923 17204 17236 D RILD    : Onprocessing: request id(22), handleEvent(4)
10-15 21:09:27.923 17204 17235 D RILD    : IsRegistered - Feature: 0x0B
10-15 21:09:27.923 17204 17235 V RILD    : OperatorDoneHandler - ModelType: 1, Operator: (, , 313340), Rat: 0
10-15 21:09:27.923 17204 17235 D RILD    : RequestComplete - req : 22, peek : 22
10-15 21:09:27.923 17204 17235 V RILD    : Message obj refcnt=-1
10-15 21:09:27.923 17204 17236 D RILD    : DoRouteOut - FW reqId : 45
10-15 21:09:27.924 17204 17236 D RILD    : Onprocessing: request id(45), handleEvent(9)
10-15 21:09:27.924 17204 17235 D RILD    : NET-MGR(3): evt(9)
10-15 21:09:27.924 17204 17235 D RILD    : RefreshHandler()
10-15 21:09:27.924 17204 17235 V RILD    : AllocateTransaction() - Use: 1, Last: 19
10-15 21:09:27.924  2246  2281 D RILJ    : [6011]< OPERATOR  [PHONE0]
10-15 21:09:27.924 17204 17225 V RILD    : NotifyAsyncMessage Completed
10-15 21:09:27.924  2246  2372 D RILJ    : [6014]> VOICE_REGISTRATION_STATE [PHONE0]
10-15 21:09:27.924 17204 17235 V RILD    : txn(-1) released
10-15 21:09:27.924 17204 17235 V RILD    : Message obj refcnt=-1
10-15 21:09:27.924  2246  2372 D RILJ    : getVoiceRegistrationState: overrideHalVersion=null [PHONE0]
10-15 21:09:27.924 17204 17235 D RILD    : NET-MGR(3): evt(109)
10-15 21:09:27.924 17204 17235 D RILD    : RefreshHandler()
10-15 21:09:27.924 17204 17235 D RILD    : RequestComplete - req : 45, peek : 45
10-15 21:09:27.924 17204 17204 V RILD    : RilData is not necessary for this request
10-15 21:09:27.924 17204 17204 D RILD    : IsRegisteredNetworkType(): netType[1]  feature[00] state[0] 
10-15 21:09:27.924  2246  2246 D SST     : [0] EVENT_POLL_STATE_NETWORK_SELECTION_MODE
10-15 21:09:27.925  2246  2246 D Phone   : [0] SubId1,get allowed network types user: value = GPRS|EDGE|UMTS|HSDPA|HSUPA|HSPA|LTE|HSPA+|GSM|LTE_CA|NR
10-15 21:09:27.925 17204 17236 D RILD    : DoRouteOut - FW reqId : 21
10-15 21:09:27.925  2246  2246 D GsmCdmaPhone: [0] shouldForceAutoNetworkSelect in mode = 840583
10-15 21:09:27.925  2246  2246 D GsmCdmaPhone: [0] isManualNetSelAllowedInGlobal in current carrier is false
10-15 21:09:27.925 17204 17236 D RILD    : Onprocessing: request id(21), handleEvent(1)
10-15 21:09:27.925  2246  2246 D GsmCdmaPhone: [0] Should not force auto network select mode = 840583
10-15 21:09:27.925 17204 17236 D RILD    : DoRouteIn - FW reqId : 20
10-15 21:09:27.925  2246  2281 D RILJ    : [6012]< QUERY_NETWORK_SELECTION_MODE {1} [PHONE0]
10-15 21:09:27.925 17204 17236 D RILD    : Onprocessing: request id(21), handleEvent(1)
10-15 21:09:27.925 17204 17235 V RILD    : Message obj refcnt=-1
10-15 21:09:27.925 17204 17235 D RILD    : NET-MGR(3): evt(1)
10-15 21:09:27.925 17204 17235 D RILD    : RefreshHandler()
10-15 21:09:27.925 17204 17235 V RILD    : AllocateTransaction() - Use: 1, Last: 20
10-15 21:09:27.925 17204 17225 V RILD    : NotifyAsyncMessage Completed
10-15 21:09:27.925 17204 17235 D RILD    : TxGetSysInfo: Cache hit!
10-15 21:09:27.926 17204 17235 V RILD    : completed with 0
10-15 21:09:27.926 17204 17235 V RILD    : completed with 0
10-15 21:09:27.926 17204 17235 V RILD    : completed with 0
10-15 21:09:27.926 17204 17235 V RILD    : completed with 1
10-15 21:09:27.926 17204 17235 D RILD    : GetDataRegs: group( CDMA), reg(0)
10-15 21:09:27.926 17204 17235 D RILD    : GetDataRegs: group( EVDO), reg(0)
10-15 21:09:27.926 17204 17235 D RILD    : GetDataRegs: group(  GSM), reg(2)
10-15 21:09:27.926 17204 17235 D RILD    : GetDataRegs: group( UMTS), reg(2)
10-15 21:09:27.926 17204 17235 D RILD    : GetDataRegs: group(EHRPD), reg(0)
10-15 21:09:27.926 17204 17235 D RILD    : GetDataRegs: group(  LTE), reg(2)
10-15 21:09:27.926 17204 17235 D RILD    : GetDataRegs: group(TDSCDMA), reg(0)
10-15 21:09:27.926 17204 17235 D RILD    : GetDataRegs: group( NR5G), reg(12)
10-15 21:09:27.926 17204 17235 D RILD    : mIsMatch true
10-15 21:09:27.926 17204 17235 D RILD    : UpdatePrefDataTechToReport: not registered..
10-15 21:09:27.926 17204 17235 D RILD    : UpdatePrefDataTechToReport: vrte(7), state(12), mDataTechToReport(8)
10-15 21:09:27.926 17204 17235 D RILD    : BuildDataRegState: isRegistered : 0, dataTechToReport : 8
10-15 21:09:27.926 17204 17235 D RILD    : MakeNetRegStateData - prefDataTechRegState: 12
10-15 21:09:27.926 17204 17235 D RILD    : mConsideredDataTechnology Valid: 1, Value: 14
10-15 21:09:27.926 17204 17235 D RILD    : MakeNetRegStateData - Rte: 7, VoPS: 0, EbSupp: 0, EmeryBarr: 0, VoiceSuppOnLte: 0
10-15 21:09:27.926 17204 17235 D RILD    : MakeNetRegStateData - EndcAvailable: 1, RestrictDCNR: 0, NrAvailable: 1
10-15 21:09:27.926 17204 17235 D RILD    : FillUpCellInfo - cellInfoRat: 20 (rteType: 2, rte: 7)
10-15 21:09:27.926 17204 17235 V RILD    : txn(-1) released
10-15 21:09:27.926 17204 17235 V RILD    : NotifyTimeoutChanged()
10-15 21:09:27.926 17204 17741 V RILD    : Reader: timeout=35000
10-15 21:09:27.927 17204 17235 D RILD    : IpcTxNetGetDataRegState()
10-15 21:09:27.927 17204 17235 V RILD    : IpcModem::SendMessage
10-15 21:09:27.927 17204 17235 D RILD    : [E] TX: (M)NET_CMD (S)NET_REGIST (T)GET l:9 m:43 a:00 [ FF 03 ]
10-15 21:09:27.927 17204 17235 V RILD    : IpcModem::DoIoChannelRouting
10-15 21:09:27.927 17204 17235 V RILD    : HalIoChannel::Write [epdgd]
10-15 21:09:27.927 17204 17235 V RILD    : Message obj refcnt=-1
10-15 21:09:27.927 17204 17235 D RILD    : NET-MGR(3): evt(101)
10-15 21:09:27.927 17204 17235 D RILD    : RefreshHandler()
10-15 21:09:27.927 17204 17235 D RILD    : UpdateLteVoiceSupportProperty_0 - PsVoiceSupport: 0, ImsEmergencyCallSupport: 0
10-15 21:09:27.927  3100  4741 I EPDG -- EpdgIpcMessageFactory: ipcMainCmd: 8
10-15 21:09:27.927 17204 17235 V RILD    : Message obj refcnt=-1
10-15 21:09:27.927  3100  4741 I EPDG -- SIM0 [RILRECEIVER]: [Rx]: Main: IPC_NET_CMD Sub: IPC_NET_REGIST Param: FF 03 
10-15 21:09:27.927  3100  4741 I EPDG -- SIM0 [RILRECEIVER]: RX [NET_REGIST] -- RESPONSE -- EPDG NOT AVAILABLE
10-15 21:09:27.927  1259  1717 I SemDvfsHyPerManager: acquire hyper - APP_LAUNCH/1259@30, type = -999
10-15 21:09:27.928  1259  8196 D ActivityTaskManager: startActivityAsUser: callingPid=14922, callingUid=2000, caller=com.android.server.wm.ActivityTaskManagerService.startActivityAsUser:1815 com.android.server.am.ActivityManagerService.startActivityAsUserWithFeature:3714 com.android.server.am.ActivityManagerShellCommand.runStartActivity:656 com.android.server.am.ActivityManagerShellCommand.onCommand:222 com.android.modules.utils.BasicShellCommandHandler.exec:97 android.os.ShellCommand.exec:38 com.android.server.am.ActivityManagerService.onShellCommand:11173 
10-15 21:09:27.928  3100  4741 I EPDG -- SIM0 [IPCDISPATCHER]: [Tx]: Main: IPC_NET_CMD Sub: IPC_NET_REGIST Cmd Type: IPC_CMD_RESP Param: 30 03 01 00 00 00 00 00 00 00 00 00 00 00 00 00 00 00 00 00 
10-15 21:09:27.928   980  1102 I HYPER-HAL: [RequestManager.cpp]acquire(): Acquired ID : 831435  [1259 / 30]    HINT : APP_LAUNCH    list : 
10-15 21:09:27.928  1259  1701 I ChimeraSystemEventListener: Not an effective intent: Intent { act=android.intent.action.CALL dat=tel:xxxxxxxxxx flg=0x10000000 }
10-15 21:09:27.928  3100 17982 I EPDG -- : EpdgModemSender(): send
10-15 21:09:27.929   980  1102 I HYPER-HAL: [ResourceManager.cpp]updateResource(): [CPULittleMinFreq] UpdateResource Request ID : 831435    Value : 1804800
10-15 21:09:27.929 17204 17204 D RILD    : HalIoChannel: receive [epdgd]
10-15 21:09:27.929  3100 17969 I EPDG -- SIM0 [EpdgHandler]: Event received: RIL_EPDG_STATUS_QUERY cid - 1
10-15 21:09:27.929 17204 17204 D RILD    : HalIoChannel: NotifyAsyncMessage completed [epdgd]
10-15 21:09:27.929  1259  8196 I ActivityTaskManager: START u0 {act=android.intent.action.CALL dat=tel:xxxxxxxxxx flg=0x10000000 cmp=com.android.server.telecom/.components.UserCallActivity} from uid 2000
10-15 21:09:27.929 17204 17740 V RILD    : IpcModem::ReceiveMessage
10-15 21:09:27.929 17204 17740 V RILD    : IpcModem::DoIoChannelRouting
10-15 21:09:27.929 17204 17740 D RILD    : [E] RX: (M)NET_CMD (S)NET_REGIST (T)RESP l:1b m:08 a:43 [ 30 03 01 00 00 00 00 00 00 00 00 00 00 00 00 00 00 00 00 00 ]
10-15 21:09:27.929  1259  8196 D AppOps  : noteOperation: allowing code 13 uid 2000 package com.android.shell flags: s
10-15 21:09:27.930 17204 17740 D RILD    : IpcRxNetRegState: set isCrossSim: false
