10-15 21:09:44.862  5635  5825 W ExifInterface: \tat android.media.ExifInterface.<init>(ExifInterface.java:1641)
10-15 21:09:44.862  5635  5825 W ExifInterface: \tat android.media.ExifInterface.<init>(ExifInterface.java:1592)
10-15 21:09:44.862  5635  5825 W ExifInterface: \tat com.samsung.android.providers.media.scan.MediaParser.getDateTimeOriginal(MediaParser.java:390)
10-15 21:09:44.862  5635  5825 W ExifInterface: \tat com.samsung.android.providers.media.scan.MediaParser.computeDateMetadata(MediaParser.java:367)
10-15 21:09:44.862  5635  5825 W ExifInterface: \tat com.samsung.android.providers.media.sync.MediaSync.createOperation(MediaSync.java:426)
10-15 21:09:44.862  5635  5825 W ExifInterface: \tat com.samsung.android.providers.media.sync.MediaSync.loadInternal(MediaSync.java:386)
10-15 21:09:44.862  5635  5825 W ExifInterface: \tat com.samsung.android.providers.media.sync.MediaSync.load(MediaSync.java:324)
10-15 21:09:44.862  5635  5825 W ExifInterface: \tat com.samsung.android.providers.media.sync.MediaSync.-$$Nest$mload(Unknown Source:0)
10-15 21:09:44.862  5635  5825 W ExifInterface: \tat com.samsung.android.providers.media.sync.MediaSync$SyncTask.run(MediaSync.java:468)
10-15 21:09:44.862  5635  5825 W ExifInterface: \tat android.os.Handler.handleCallback(Handler.java:942)
10-15 21:09:44.862  5635  5825 W ExifInterface: \tat android.os.Handler.dispatchMessage(Handler.java:99)
10-15 21:09:44.862  5635  5825 W ExifInterface: \tat android.os.Looper.loopOnce(Looper.java:226)
10-15 21:09:44.862  5635  5825 W ExifInterface: \tat android.os.Looper.loop(Looper.java:313)
10-15 21:09:44.862  5635  5825 W ExifInterface: \tat android.os.HandlerThread.run(HandlerThread.java:67)
10-15 21:09:44.862  2262  2262 I ModemServiceMode: in QUERT_SERVM_DONE
10-15 21:09:44.862  2262  2262 I ModemServiceMode: size of result : 3400
10-15 21:09:44.862  2262  2262 I ModemServiceMode: Line 0 :  DEBUG INFO : 0 0 12 195 401050_
10-15 21:09:44.862  2262  2262 I ModemServiceMode: Line 1 :  HPLMN(313-340) sim_state(1)_
10-15 21:09:44.862  2262  2262 I ModemServiceMode: Line 2 :  Serving PLMN(313-340) - NR5G_
10-15 21:09:44.862  2262  2262 I ModemServiceMode: Line 3 :  NW sel mode : Manual_
10-15 21:09:44.862  2262  2262 I ModemServiceMode: Line 4 :  Selected PLMN(313-340)_
10-15 21:09:44.862  2262  2262 I ModemServiceMode: Line 5 :  Service(available)_
10-15 21:09:44.862  2262  2262 I ModemServiceMode: Line 6 :  MM5G(REGISTERED) Sub(0)_
10-15 21:09:44.862  2262  2262 I ModemServiceMode: Line 7 :  MM5G Update(UPDATED)_
10-15 21:09:44.862  2262  2262 I ModemServiceMode: Line 8 :  NR5G_RSRP : -97_
10-15 21:09:44.862  2262  2262 I ModemServiceMode: Line 9 :  NR5G_SINR : 16.7_
10-15 21:09:44.862  2262  2262 I ModemServiceMode: Line 10 :  NR5G_RSRQ: -11_
10-15 21:09:44.862  2262  2262 I ModemServiceMode: Line 11 :  NR_RRC: IDLE_
10-15 21:09:44.862  2262  2262 I ModemServiceMode: Line 12 :  NR_SSB_Index: 3_
10-15 21:09:44.862  2262  2262 I ModemServiceMode: Line 13 :  NR_ARFCN: 401050_
10-15 21:09:44.862  2262  2262 I ModemServiceMode: Line 14 :  NR_PCI: 160_
10-15 21:09:44.862  2262  2262 I ModemServiceMode: Line 15 :  NR_BAND: n70_
10-15 21:09:44.862  2262  2262 I ModemServiceMode: Line 16 :  NR_DL Scheduling: 0.00 _
10-15 21:09:44.862  2262  2262 I ModemServiceMode: Line 17 :  NR_BLER: 0.00 _
10-15 21:09:44.862  2262  2262 I ModemServiceMode: Line 18 :  NR_BW: 25 MHz_
10-15 21:09:44.862  2262  2262 I ModemServiceMode: Line 19 :  NR_SA_RLF Count: --_
10-15 21:09:44.862  2262  2262 I ModemServiceMode: Line 20 :  NR_ANT MAX RSRP: -79_
10-15 21:09:44.862  2262  2262 I ModemServiceMode: Line 21 :  NR_ANT MIN RSRP: -154_
10-15 21:09:44.862  2262  2262 I ModemServiceMode: Line 22 :  NR_Tx Phy Channel Type: PUCCH_
10-15 21:09:44.862  2262  2262 I ModemServiceMode: Line 23 :  NR RX0 RSRP: -96 _
10-15 21:09:44.862  2262  2262 I ModemServiceMode: Line 24 :  NR RX1 RSRP: -96 _
10-15 21:09:44.862  2262  2262 I ModemServiceMode: Line 25 :  NR RX2 RSRP: -102 _
10-15 21:09:44.862  2262  2262 I ModemServiceMode: Line 26 :  NR RX3 RSRP: -99 _
10-15 21:09:44.862  2262  2262 I ModemServiceMode: Line 27 :  NR_Tx Pwr: 16 dBm_
10-15 21:09:44.862  2262  2262 I ModemServiceMode: Line 28 :  NR_SCS: 15kHz_
10-15 21:09:44.862  2262  2262 I ModemServiceMode: Line 29 :  NR_CDRX: Active_
10-15 21:09:44.862  2262  2262 I ModemServiceMode: Line 30 :  NR SA CA Not present _
10-15 21:09:44.862  2262  2262 I ModemServiceMode: Line 31 :  NETWORK : UNBLOCK_
10-15 21:09:44.863  2262  2262 I ModemServiceMode: Line 32 :  FINAL IMEI Certi: PASS_
10-15 21:09:44.863  2262  2262 I ModemServiceMode: Line 33 : Unknown 0_
10-15 21:09:44.863  2262  2262 I ModemServiceMode: Line 34 : AJB Init_buf:0 ms_
10-15 21:09:44.863  2262  2262 I ModemServiceMode: Line 35 : NO TSS DEVICE : err(0), tss_fla_
10-15 21:09:44.863  2262  2262 I ModemServiceMode: Line 36 :  ASDiv : NOT SUPPORTED_
10-15 21:09:44.863  2262  2262 I ModemServiceMode: Line 37 : TM:All TM Lvl is 0_
10-15 21:09:44.863  2262  2262 I ModemServiceMode: Line 38 : WAKEUP_INFO: 0_
10-15 21:09:44.863  2262  2262 I ModemServiceMode: Line 39 : _
10-15 21:09:44.863  2262  2262 I ModemServiceMode: Line 40 : _
10-15 21:09:44.863  2262  2262 I ModemServiceMode: Line 41 : _
10-15 21:09:44.863  2262  2262 I ModemServiceMode: Line 42 : _
10-15 21:09:44.863  2262  2262 I ModemServiceMode: Line 43 : _
10-15 21:09:44.863  2262  2262 I ModemServiceMode: Line 44 : _
10-15 21:09:44.863  2262  2262 I ModemServiceMode: Line 45 : _
10-15 21:09:44.863  2262  2262 I ModemServiceMode: Line 46 : _
10-15 21:09:44.863  2262  2262 I ModemServiceMode: Line 47 : _
10-15 21:09:44.863  2262  2262 I ModemServiceMode: Line 48 : _
10-15 21:09:44.863  2262  2262 I ModemServiceMode: Line 49 : _
10-15 21:09:44.863  2262  2262 I ModemServiceMode: Line 50 : _
10-15 21:09:44.863  2262  2262 I ModemServiceMode: Line 51 : _
10-15 21:09:44.863  2262  2262 I ModemServiceMode: Line 52 : _
10-15 21:09:44.863  2262  2262 I ModemServiceMode: Line 53 : _
10-15 21:09:44.863  2262  2262 I ModemServiceMode: Line 54 : _
10-15 21:09:44.863  2262  2262 I ModemServiceMode: Line 55 : _
10-15 21:09:44.863  2262  2262 I ModemServiceMode: Line 56 : _
10-15 21:09:44.863  2262  2262 I ModemServiceMode: Line 57 : _
10-15 21:09:44.863  2262  2262 I ModemServiceMode: Line 58 : _
10-15 21:09:44.863  2262  2262 I ModemServiceMode: Line 59 : _
10-15 21:09:44.863  2262  2262 I ModemServiceMode: Line 60 : _
10-15 21:09:44.863  2262  2262 I ModemServiceMode: Line 61 : _
10-15 21:09:44.863  2262  2262 I ModemServiceMode: Line 62 : _
10-15 21:09:44.863  2262  2262 I ModemServiceMode: Line 63 : _
10-15 21:09:44.863  2262  2262 I ModemServiceMode: Line 64 : _
10-15 21:09:44.863  2262  2262 I ModemServiceMode: Line 65 : _
10-15 21:09:44.863  2262  2262 I ModemServiceMode: Line 66 : _
10-15 21:09:44.863  2262  2262 I ModemServiceMode: Line 67 : _
10-15 21:09:44.863  2262  2262 I ModemServiceMode: Line 68 : _
10-15 21:09:44.863  2262  2262 I ModemServiceMode: Line 69 : _
10-15 21:09:44.863  2262  2262 I ModemServiceMode: Line 70 : _
10-15 21:09:44.863  2262  2262 I ModemServiceMode: Line 71 : _
10-15 21:09:44.863  2262  2262 I ModemServiceMode: Line 72 : _
10-15 21:09:44.863  2262  2262 I ModemServiceMode: Line 73 : _
10-15 21:09:44.863  2262  2262 I ModemServiceMode: Line 74 : _
10-15 21:09:44.863  2262  2262 I ModemServiceMode: Line 75 : _
10-15 21:09:44.863  2262  2262 I ModemServiceMode: Line 76 : _
10-15 21:09:44.863  2262  2262 I ModemServiceMode: Line 77 : _
10-15 21:09:44.863  2262  2262 I ModemServiceMode: Line 78 : _
10-15 21:09:44.863  2262  2262 I ModemServiceMode: Line 79 : _
10-15 21:09:44.863  2262  2262 I ModemServiceMode: Line 80 : _
10-15 21:09:44.863  2262  2262 I ModemServiceMode: Line 81 : _
10-15 21:09:44.863  2262  2262 I ModemServiceMode: Line 82 : _
10-15 21:09:44.863  2262  2262 I ModemServiceMode: Line 83 : _
10-15 21:09:44.863  2262  2262 I ModemServiceMode: Line 84 : _
10-15 21:09:44.863  2262  2262 I ModemServiceMode: Line 85 : _
10-15 21:09:44.863  2262  2262 I ModemServiceMode: Line 86 : _
10-15 21:09:44.863  2262  2262 I ModemServiceMode: Line 87 : _
10-15 21:09:44.863  2262  2262 I ModemServiceMode: Line 88 : _
10-15 21:09:44.863  2262  2262 I ModemServiceMode: Line 89 : _
10-15 21:09:44.863  2262  2262 I ModemServiceMode: Line 90 : _
10-15 21:09:44.863  2262  2262 I ModemServiceMode: Line 91 : _
10-15 21:09:44.863  2262  2262 I ModemServiceMode: Line 92 : _
10-15 21:09:44.863  2262  2262 I ModemServiceMode: Line 93 : _
10-15 21:09:44.863  2262  2262 I ModemServiceMode: Line 94 : _
10-15 21:09:44.863  2262  2262 I ModemServiceMode: Line 95 : _
10-15 21:09:44.863  2262  2262 I ModemServiceMode: Line 96 : _
10-15 21:09:44.863  2262  2262 I ModemServiceMode: Line 97 : _
10-15 21:09:44.864  2262  2262 I ModemServiceMode: Line 98 : _
10-15 21:09:44.864  2262  2262 I ModemServiceMode: Line 99 : _
10-15 21:09:44.864  2262  2262 I ModemServiceMode: Update!
10-15 21:09:44.865  1241  6676 I power_partial_wake_state: [REL,6,RILS:com.sec.phone]
10-15 21:09:44.866  1241  6676 I power_partial_wake_state: [REL,26,*gms_scheduler*:internal:com.google.android.gms]
10-15 21:09:44.874 29826 22764 I NetworkScheduler.Stats: (REDACTED) Task %s/%s started execution. cause:%s exec_start_elapsed_seconds: %s
10-15 21:09:44.875  1147  1188 I VSyncReactor: Current= 60, Period= 60, hwcPeriod= 60
10-15 21:09:44.876   599   605 I servicemanager: Could not find android.hardware.graphics.allocator.IAllocator/default in the VINTF manifest.
10-15 21:09:44.876  1241  4351 I power_partial_wake_state: [REL,19,*gms_scheduler*/com.google.android.gms/.ipa.base.IpaGcmTaskService:com.google.android.gms]
10-15 21:09:44.883 29826 30075 I NetworkScheduler.Stats: (REDACTED) Task %s/%s finished executing. cause:%s result: %s elapsed_millis: %s uptime_millis: %s exec_start_elapsed_seconds: %s
10-15 21:09:44.888  1241  4351 I power_partial_wake_state: [REL,6,*gms_scheduler*:internal:com.google.android.gms]
10-15 21:09:44.892  2296  2296 I UiThreadMonitor: setAwake 108179 3003 0
10-15 21:09:44.893  1241  6676 D AppOps  : noteOperation: reject #3 for code 92 (92) uid 10051 package com.samsung.android.providers.media flags: s
10-15 21:09:44.898  5635  5825 D MediaSync: loaded: 61ms, 1
10-15 21:09:44.900  1241  4351 I power_partial_wake_state: [REL,11,*gms_scheduler*:internal:com.google.android.gms]
10-15 21:09:45.145  1241  6676 I power_partial_wake_state: [REL,4,*job*/com.google.android.providers.media.module/com.android.providers.media.MediaService:android]
10-15 21:09:45.150  4117  5204 I MediaProvider: Begin Intent { act=android.intent.action.MEDIA_SCANNER_SCAN_FILE dat=file:///... flg=0x1400010 cmp=com.google.android.providers.media.module/com.android.providers.media.MediaService }
10-15 21:09:45.155  5635 20037 I MtpStorageManager: Got inotify CLOSE_WRITE event for : c2NyZWVuLnBuZw==
10-15 21:09:45.156  5635 20037 D MtpStorageManager: sendObjectInfoChanged: id=1202,size=282296
10-15 21:09:45.167  4117  5204 I MediaProvider: End Intent { act=android.intent.action.MEDIA_SCANNER_SCAN_FILE dat=file:///... flg=0x1400010 cmp=com.google.android.providers.media.module/com.android.providers.media.MediaService }
10-15 21:09:45.168  1241  2076 I power_partial_wake_state: [REL,26,*job*/com.google.android.providers.media.module/com.android.providers.media.MediaService:android]
10-15 21:09:45.174  1241  6676 D AppOps  : noteOperation: reject #3 for code 92 (92) uid 10051 package com.samsung.android.providers.media flags: s
10-15 21:09:45.190  1241  6676 I power_partial_wake_state: [REL,18,*gms_scheduler*:internal:com.google.android.gms]
10-15 21:09:45.197 29826 26347 I NetworkScheduler.Stats: (REDACTED) Task %s/%s started execution. cause:%s exec_start_elapsed_seconds: %s
10-15 21:09:45.200  1241  4351 I power_partial_wake_state: [REL,18,*gms_scheduler*/com.google.android.gms/.ipa.base.IpaGcmTaskService:com.google.android.gms]
10-15 21:09:45.202 29826 22764 I NetworkScheduler.Stats: (REDACTED) Task %s/%s finished executing. cause:%s result: %s elapsed_millis: %s uptime_millis: %s exec_start_elapsed_seconds: %s
10-15 21:09:45.206  1241  4351 I power_partial_wake_state: [REL,4,*gms_scheduler*:internal:com.google.android.gms]
10-15 21:09:45.215  1241  4351 I power_partial_wake_state: [REL,7,*gms_scheduler*:internal:com.google.android.gms]
10-15 21:09:45.216  1241  6676 D AppOps  : noteOperation: reject #3 for code 92 (92) uid 10051 package com.samsung.android.providers.media flags: s
10-15 21:09:45.217  6061  6279 I BaseThreadPoolExecutor: [#CMH#] Task e0.e@2a398f3 is submitted
10-15 21:09:45.220  5635  5825 D MediaSync: loaded: 52ms, 1
10-15 21:09:45.222  1241  2076 D AppOps  : noteOperation: reject #3 for code 92 (92) uid 10051 package com.samsung.android.providers.media flags: s
10-15 21:09:45.223  5635 28581 D MediaParser: scanItem: 1
10-15 21:09:45.232  6061 31467 I MediaContentSyncTask: [#CMH#] No of Row (SEC MP :  4, Max Id : 2147493738) (CMH : 3, Max Id : 2147492986) - Time :3
10-15 21:09:45.233  1241  2076 I power_partial_wake_state: [REL,6,*job*/com.samsung.android.providers.media/.LocationService:android]
10-15 21:09:45.242  5635 31469 D LocationService: Begin: com.samsung.intent.action.UPDATE_LOCATION
10-15 21:09:45.243  5635 31469 D LocationManager: delete null addr: 0
10-15 21:09:45.252  6061 31467 I MediaContentSyncTask: [#CMH#] Rebuilding contents count 1
10-15 21:09:45.253  5635 31469 W GeoCoder: list size is zero
10-15 21:09:45.254  5635 31469 E LocationManager: Can't get address
10-15 21:09:45.254  6061 31467 I ImageFeatures: [#CMH#] Not support file type 
10-15 21:09:45.255  5635 31469 D ModernSamsungCoreService: applyPending()
10-15 21:09:45.255  5635 31469 D LocationManager: LocationTask: 13ms
10-15 21:09:45.255  5635 31469 D LocationService: End: com.samsung.intent.action.UPDATE_LOCATION
10-15 21:09:45.257  1241  4351 I power_partial_wake_state: [REL,28,*job*/com.samsung.android.providers.media/.LocationService:android]
10-15 21:09:45.264  6061 31467 I MediaContentSyncTask: [#CMH#] Insert ITEM :  1
10-15 21:09:45.265  1042 31453 I HYPER-HAL: [ResourceManager.cpp]removeResource(): [CPUMinFreq] RemoveResource Request ID : 803304
10-15 21:09:45.265  1042 31453 I HYPER-HAL: [RequestManager.cpp]releaseLocked(): Released ID : 803304
10-15 21:09:45.267   649   649 D io_stats: !@   8,0 r 10482173 185613392 w 2821215 26069416 d 686182 73312688 f 0 0 iot 9712764 0 th 0 0 0 pt 0 inp 0 0 371122.990
10-15 21:09:45.267   649   649 D io_stats: !@ Read_top(KB): d.process.media(5635) 276 rs.media.module(4117) 136 .gms.persistent(29826) 80
10-15 21:09:45.267   649   649 D io_stats: !@ Write_top(KB): rs.media.module(4117) 152 .gms.persistent(29826) 80
10-15 21:09:45.274  6061 31467 I MediaContentSyncLocation: [#CMH#] Location Count MP :  0, CMH : 0
10-15 21:09:45.275  6061 31467 I BaseThreadPoolExecutor: [#CMH#] afterExecute FutureTask
10-15 21:09:45.275  6061 31467 I ControllerEventHandler: [#CMH#] New Task for wait content sync job 
10-15 21:09:45.275  6061 31467 I BaseThreadPoolExecutor: [#CMH#] Task e0.e@2a398f3 is submitted
10-15 21:09:45.288  6061 31467 I MediaContentSyncTask: [#CMH#] No of Row (SEC MP :  4, Max Id : 2147493738) (CMH : 4, Max Id : 2147493738) - Time :2
10-15 21:09:45.302  6061 31467 I MediaContentSyncTask: [#CMH#] MP time stamp :  1697422185214, CMH time stamp : 1697144185153
10-15 21:09:45.311  6061 31467 I MediaContentSyncTask: [#CMH#] Update ITEM  :  1
10-15 21:09:45.326  6061 31467 I MediaContentSyncTask: [#CMH#] Update Cursor Count (1=>1), Time: 15 
10-15 21:09:45.330  6061 31467 I MediaContentSyncTask: [#CMH#] Update ITEM :  1
10-15 21:09:45.344  6061 31467 I MediaContentSyncLocation: [#CMH#] Location Count MP :  0, CMH : 0
10-15 21:09:45.344  6061 31467 I BaseThreadPoolExecutor: [#CMH#] afterExecute FutureTask
10-15 21:09:45.344  6061 31467 I ControllerEventHandler: [#CMH#] Alive Privacy Ignored Policy Called:  false
10-15 21:09:45.346  6061  6275 I BaseThreadPoolExecutor: [#CMH#] Task v.k@77f6312 is submitted
10-15 21:09:45.347  6061 31471 I POITask : [#CMH#] POITask started 
10-15 21:09:45.348  6061 31471 I POITask : [#CMH#] Online statue:  true, Setting location extraction flag: false
10-15 21:09:45.348  6061 31471 I BaseThreadPoolExecutor: [#CMH#] afterExecute FutureTask
10-15 21:09:45.419  1437  1952 D RILD    : QmiVssUnsolicitedCallback: msgId(6)
10-15 21:09:45.420  1437  1952 D RILD    : IpcOverQmiChannel: NotifyAsyncMessage completed
10-15 21:09:45.420  1437  1953 V RILD    : IpcModem::ReceiveMessage
10-15 21:09:45.421  1437  1953 V RILD    : IpcModem::DoIoChannelRouting
10-15 21:09:45.431  2616  2616 E STFService: getNetworkProperties: Location fine denied
10-15 21:09:45.433  1437  1953 D RILD    : [L] RX: (M)SVC_CMD (S)SVC_DISPLAY_SCREEN (T)NOTI l:aa8 m:00 a:ff [ 50 00 00 20 44 45 42 55 47 20 49 4E 46 4F 20 3A 20 30 20 30 20 31 32 20 31 39 35 20 34 30 31 30 35 30 00 01 00 20 48 50 4C 4D 4E 28 33 31 33 2D 33 34 30 29 20 73 69 6D 5F 73 74 61 74 65 28 31 29 00 00 00 00 02 00 20 53 65 72 76 69 6E 67 20 50 4C 4D 4E 28 33 31 33 2D 33 34 30 29 20 2D 20 4E 52 35 47 00 00 00 03 00 20 4E 57 20 73 65 6C 20 6D 6F 64 65 20 3A 20 4D 61 6E 75 61 6C 00 00 00 00 00 00 00 00 00 00 00 04 00 20 53 65 6C 65 63 74 65 64 20 50 4C 4D 4E 28 33 31 33 2D 33 34 30 29 00 00 00 00 00 00 00 00 00 05 00 20 53 65 72 76 69 63 65 28 61 76 61 69 6C 61 62 6C 65 29 00 31 37 30 38 29 00 30 38 29 00 29 00 06 00 20 4D 4D 35 47 28 52 45 47 49 53 54 45 52 45 44 29 20 53 75 62 28 30 29 00 29 00 00 35 00 00 00 07 00 20 4D 4D 35 47 20 55 70 64 61 74 65 28 55 50 44 41 54 45 44 29 00 35 37 00 00 30 00 00 00 00 00 08 00 20 4E 52 35 47 5F 52 53 52 50 20 3A 20 2D 39 37 00 00 00 4E 52 3A 32 31 2E 32 00 00 2D 2D 00 00 09 00 20 4E 52 35 47 5F 53 49 4E 
10-15 21:09:45.433  1437  1953 D RILD    : 52 20 3A 20 31 36 2E 37 00 20 50 41 53 53 00 2E 34 00 00 00 00 00 00 0A 00 20 4E 52 35 47 5F 52 53 52 51 3A 20 2D 31 31 00 72 65 64 3A 20 32 00 00 00 00 00 00 00 00 00 00 0B 00 20 4E 52 5F 52 52 43 3A 20 49 44 4C 45 00 43 54 45 44 00 41 4D 50 45 44 00 00 00 00 00 00 00 00 0C 00 20 4E 52 5F 53 53 42 5F 49 6E 64 65 78 3A 20 33 00 00 72 28 30 29 2C 20 74 73 73 5F 66 6C 61 00 0D 00 20 4E 52 5F 41 52 46 43 4E 3A 20 34 30 31 30 35 30 00 52 54 45 44 00 53 45 00 6F 72 74 00 00 00 0E 00 20 4E 52 5F 50 43 49 3A 20 31 36 30 00 20 69 73 20 30 00 2D 2D 20 52 53 52 51 3A 20 2D 2D 00 00 0F 00 20 4E 52 5F 42 41 4E 44 3A 20 6E 37 30 00 00 2D 2D 00 20 2D 2D 20 52 53 52 51 3A 20 2D 2D 00 00 10 00 20 4E 52 5F 44 4C 20 53 63 68 65 64 75 6C 69 6E 67 3A 20 30 2E 30 30 20 00 00 00 00 00 00 00 00 11 00 20 4E 52 5F 42 4C 45 52 3A 20 30 2E 30 30 20 00 00 20 2D 2D 00 00 00 00 00 00 00 00 00 00 00 00 12 00 20 4E 52 5F 42 57 3A 20 32 35 20 4D 48 7A 00 2D 2D 00 20 54 79 
10-15 21:09:45.433  1437  1953 D RILD    : 70 65 3A 20 2D 2D 00 00 00 00 00 13 00 20 4E 52 5F 53 41 5F 52 4C 46 20 43 6F 75 6E 74 3A 20 2D 2D 00 00 00 00 00 00 00 00 00 00 00 00 14 00 20 4E 52 5F 41 4E 54 20 4D 41 58 20 52 53 52 50 3A 20 2D 37 39 00 00 00 00 00 00 00 00 00 00 00 15 00 20 4E 52 5F 41 4E 54 20 4D 49 4E 20 52 53 52 50 3A 20 2D 31 35 34 00 00 00 00 00 00 00 00 00 00 16 00 20 4E 52 5F 54 78 20 50 68 79 20 43 68 61 6E 6E 65 6C 20 54 79 70 65 3A 20 50 55 43 43 48 00 00 17 00 20 4E 52 20 52 58 30 20 52 53 52 50 3A 20 2D 39 36 20 00 00 00 20 00 00 00 00 00 00 00 00 00 00 18 00 20 4E 52 20 52 58 31 20 52 53 52 50 3A 20 2D 39 36 20 00 00 79 70 65 3A 20 2D 2D 00 00 00 00 00 19 00 20 4E 52 20 52 58 32 20 52 53 52 50 3A 20 2D 31 30 32 20 00 41 53 53 00 20 2D 2D 00 00 00 00 00 1A 00 20 4E 52 20 52 58 33 20 52 53 52 50 3A 20 2D 39 39 20 00 00 2D 2D 00 00 00 00 00 00 00 00 00 00 1B 00 20 4E 52 5F 54 78 20 50 77 72 3A 20 31 36 20 64 42 6D 00 20 00 2D 00 00 00 00 00 00 00 00 00 00 1C 
10-15 21:09:45.433  1437  1953 D RILD    : 00 20 4E 52 5F 53 43 53 3A 20 31 35 6B 48 7A 00 2D 31 30 33 20 00 29 2C 20 74 73 73 5F 66 6C 61 00 1D 00 20 4E 52 5F 43 44 52 58 3A ]
10-15 21:09:45.434  1437  1953 V RILD    : MatchIpc: mMainCmd 11 mainCmd 0b mSubCmdMask ffffffffffffffff_ffffffffffffffff subCmd 05
10-15 21:09:45.434  1437  1953 V RILD    : MatchIpc: mMainCmd 16 mainCmd 0b mSubCmdMask 0_f1b06fefe subCmd 05
10-15 21:09:45.434  1437  1953 V RILD    : MatchIpc: mMainCmd 23 mainCmd 0b mSubCmdMask 0_36 subCmd 05
10-15 21:09:45.434  1437  1953 V RILD    : MatchIpc: mMainCmd 24 mainCmd 0b mSubCmdMask ffffffffffffffff_ffffffffffffffff subCmd 05
10-15 21:09:45.434  1437  1953 V RILD    : MatchIpc: mMainCmd 25 mainCmd 0b mSubCmdMask ffffffffffffffff_ffffffffffffffff subCmd 05
10-15 21:09:45.434  1437  1953 D RILD    : GetRxData:
10-15 21:09:45.434  1437  1953 D RILD    : IpcRxServiceModeDisplayScreen:
10-15 21:09:45.434  1437  1953 D RILD    : BuildRilDataSvcModeDisplayScreen:
10-15 21:09:45.435  1437  1953 V RILD    : IpcModem::ProcessIpc regType=82
10-15 21:09:45.435  1437  1953 V RILD    : Registrant::Notify refcnt(1)
10-15 21:09:45.435  1437  1687 D RILD    : SVC-MGR(19): evt(103)
10-15 21:09:45.436  1437  1687 D RILD    : EVENT_MODEMUI_UPDATED response
10-15 21:09:45.436  1437  1687 V RILD    : Message obj refcnt=0
10-15 21:09:45.437  1437  1953 V RILD    : NotifyTimeoutChanged()
10-15 21:09:45.437  1437  1955 V RILD    : Reader: timeout=-1
10-15 21:09:45.603  1241  4351 D AppOps  : noteOperation: reject #3 for code 105 (105) uid 1001 package com.android.phone flags: s
10-15 21:09:45.698  1241  1241 I power_partial_wake_state: [REL,22,*job*/com.samsung.android.scs/androidx.work.impl.background.systemjob.SystemJobService:android]
10-15 21:09:45.718 27563 27563 I SCS@AiSearch user 0: (ObserverWorker::AOSP_MP) [main] entering in startWork():  
10-15 21:09:45.718 27563 27563 I SCS@AiSearch user 0: (BaseCollector::AOSP_MP) [main] entering in onChange():  
10-15 21:09:45.719 27563 30064 I SCS@AiSearch user 0: (BaseCollector::AOSP_MP) [AOSP_MP-0] entering in collectChanges():  
10-15 21:09:45.731  1241  6676 D PackageManager: setEnabledSetting : userId = 0 packageName = com.samsung.android.scs cmp = androidx.work.impl.background.systemalarm.RescheduleReceiver newState = 1 callingPackage = 10091/com.samsung.android.scs
10-15 21:09:45.733  1241  6676 D ApplicationPolicy: getApplicationStateEnabled : pkg = com.samsung.android.scs userId : 0
10-15 21:09:45.736  1241  4331 D AppOps  : noteOperation: reject #3 for code 92 (92) uid 10091 package com.samsung.android.scs flags: s
10-15 21:09:45.737  1241  6676 D ApplicationPolicy: getApplicationComponentState : pkg = com.samsung.android.scs userId : 0
10-15 21:09:45.766  1241  1241 I power_partial_wake_state: [REL,4,*job*/com.samsung.android.scs/androidx.work.impl.background.systemjob.SystemJobService:android]
10-15 21:09:45.777 27563 27563 I SCS@AiSearch user 0: (ObserverWorker::GALLERY) [main] entering in startWork():  
10-15 21:09:45.777 27563 27563 I SCS@AiSearch user 0: (BaseCollector::GALLERY) [main] entering in onChange():  
10-15 21:09:45.778 27563 30070 I SCS@AiSearch user 0: (BaseCollector::GALLERY) [GALLERY-0] entering in collectChanges():  
10-15 21:09:45.783  1241  4328 D AppOps  : noteOperation: reject #3 for code 92 (92) uid 10091 package com.samsung.android.scs flags: s
10-15 21:09:45.785  1241  4331 D PackageManager: setEnabledSetting : userId = 0 packageName = com.samsung.android.scs cmp = androidx.work.impl.background.systemalarm.RescheduleReceiver newState = 1 callingPackage = 10091/com.samsung.android.scs
10-15 21:09:45.786  1241  4331 D ApplicationPolicy: getApplicationStateEnabled : pkg = com.samsung.android.scs userId : 0
10-15 21:09:45.787  1241  4331 D ApplicationPolicy: getApplicationComponentState : pkg = com.samsung.android.scs userId : 0
10-15 21:09:45.800 27563 30070 I SCS@AiSearch user 0: (BaseCollector::GALLERY) fetchInternal values : maxSyncId: 2147492986 indexCount: 3 sourceCount: 3
10-15 21:09:45.803 27563 30064 I SCS@AiSearch user 0: (BaseCollector::AOSP_MP) fetchInternal values : maxSyncId: 1000000725 indexCount: 82 sourceCount: 82
10-15 21:09:45.807  1241  4351 D AppOps  : noteOperation: reject #3 for code 92 (92) uid 10091 package com.samsung.android.scs flags: s
10-15 21:09:45.827  1241  4351 D AppOps  : noteOperation: reject #3 for code 92 (92) uid 10091 package com.samsung.android.scs flags: s
10-15 21:09:45.834 27563 30064 I SCS@AiSearch user 0: (IndexManager) [AOSP_MP-0] entering in addIndex():  
10-15 21:09:45.837 27563 30064 I SCS@AiSearch user 0: (BaseCollector::AOSP_MP) fetch: fetching took  59 ms
10-15 21:09:45.837 27563 30064 I SCS@AiSearch user 0: (BaseCollector::AOSP_MP) fetchChanges: applied 0 items
10-15 21:09:45.837 27563 30064 I SCS@AiSearch user 0: (BaseCollector::AOSP_MP) Collect finished. Result: true
10-15 21:09:45.838 27563 30064 I SCS@AiSearch user 0: (BaseCollector::AOSP_MP) enqueue ObserverWorker name: com.sec.android.app.myfiles, policy: APPEND_OR_REPLACE
10-15 21:09:45.838 27563 27615 I WM-WorkerWrapper: Worker result SUCCESS for Work [ id=48739374-88bd-4705-a778-8286ee76c053, tags={ com.sec.android.app.myfiles, com.samsung.android.scs.ai.search.data.collector.ObserverWorker } ]
10-15 21:09:45.842  1241  4331 I power_partial_wake_state: [REL,164,*job*/com.samsung.android.scs/androidx.work.impl.background.systemjob.SystemJobService:android]
10-15 21:09:45.854 27563 30070 I SCS@AiSearch user 0: (IndexManager) [GALLERY-0] entering in addIndex():  
10-15 21:09:45.855 27563 30070 I SCS@AiSearch user 0: (IndexManager) [INSERT] index=[com.google.android.providers.media], size=1
10-15 21:09:45.856 27563 30070 I SCS@AiSearch user 0: (IndexManager) getIndexWriter(): indexName com.google.android.providers.media
10-15 21:09:45.860 27563 30070 I SCS@AiSearch user 0: (IndexManager) [INSERT] Done
10-15 21:09:45.861 27563 30070 I SCS@AiSearch user 0: (IndexSearcherManager) [GALLERY-0] entering in refreshSearcherManager():  refreshSearcherManager for com.google.android.providers.media
10-15 21:09:45.896  1241  4331 D PackageManager: setEnabledSetting : userId = 0 packageName = com.samsung.android.scs cmp = androidx.work.impl.background.systemalarm.RescheduleReceiver newState = 1 callingPackage = 10091/com.samsung.android.scs
10-15 21:09:45.897  1241  4331 D ApplicationPolicy: getApplicationStateEnabled : pkg = com.samsung.android.scs userId : 0
10-15 21:09:45.898  1241  4331 D ApplicationPolicy: getApplicationComponentState : pkg = com.samsung.android.scs userId : 0
10-15 21:09:45.900 27563 30070 I SCS@AiSearch user 0: (IndexSearcherManager) [GALLERY-0] leaving from refreshSearcherManager():  
10-15 21:09:45.901 27563 30070 I SCS@AiSearch user 0: (IndexManager) [GALLERY-0] entering in waitUntilCommitTaskFinished (idx=com.google.android.providers.media)():  
10-15 21:09:45.901 27563 30074 I SCS@AiSearch user 0: (IndexManager) [pool-14-thread-1] entering in commitIndexWriter():  
10-15 21:09:45.936 27563 30074 I SCS@AiSearch user 0: (IndexManager) [pool-14-thread-1] leaving from commitIndexWriter():  
10-15 21:09:45.936 27563 30070 I SCS@AiSearch user 0: (IndexManager) [GALLERY-0] leaving from waitUntilCommitTaskFinished (idx=com.google.android.providers.media)():  
10-15 21:09:45.936 27563 30070 I SCS@AiSearch user 0: (IndexManager) addIndex(): done
10-15 21:09:45.939 27563 30070 I SCS@AiSearch user 0: (BaseCollector::GALLERY) fetch: fetching took  146 ms
10-15 21:09:45.939 27563 30070 I SCS@AiSearch user 0: (BaseCollector::GALLERY) fetchChanges: applied 1 items
10-15 21:09:46.113  2616  2685 I STFService: CoreFrequency index: 0 current: 576000 max: 1804800
10-15 21:09:46.117  2616  2685 I STFService: CoreFrequency index: 1 current: 576000 max: 1804800
10-15 21:09:46.121  2616  2685 I STFService: CoreFrequency index: 2 current: 576000 max: 1804800
10-15 21:09:46.125  2616  2685 I STFService: CoreFrequency index: 3 current: 576000 max: 1804800
10-15 21:09:46.129  2616  2685 I STFService: CoreFrequency index: 4 current: 576000 max: 1804800
10-15 21:09:46.131  2616  2685 I STFService: CoreFrequency index: 5 current: 1113600 max: 1804800
10-15 21:09:46.137  2616  2685 I STFService: CoreFrequency index: 6 current: 691200 max: 2208000
10-15 21:09:46.143  2616  2685 I STFService: CoreFrequency index: 7 current: 691200 max: 2208000
10-15 21:09:46.367  2262  2262 I ModemServiceMode: EVENT_TICK!
10-15 21:09:46.375  1241  4328 D AppOps  : startOperation: allowing code 40 uid 1001 package com.sec.phone restricted: false flags: s
10-15 21:09:46.378  1961  1969 D Multi-Client: OemClient::ProcessBuffer() from [5], token[43], datalen[8]
10-15 21:09:46.379  1437  1437 D RILD    : IsRegisteredNetworkType(): netType[1]  feature[00] state[0] 
10-15 21:09:46.380  1437  1688 D RILD    : DoRouteIn - FW reqId : 59
10-15 21:09:46.380  1437  1688 D RILD    : DoRouteOut - FW reqId : 59
10-15 21:09:46.380  1437  1688 D RILD    : GetMessage : oem func id = 0x01
10-15 21:09:46.380  1437  1688 D RILD    : Onprocessing: request id(59), handleEvent(100)
10-15 21:09:46.381  1437  1687 D RILD    : SVC-MGR(19): evt(100)
10-15 21:09:46.381  1437  1687 D RILD    : OnOemServiceMode: sub id = 0x01, 4
10-15 21:09:46.381  1437  1687 D RILD    : MakeOemResponseBuilder : oem func id = 0x01
10-15 21:09:46.381  1437  1687 D RILD    : MakeOemResponseBuilder : Unsupported Function ID(1)
10-15 21:09:46.381  1437  1687 D RILD    : BuildSolicited : sub id = 0x01
10-15 21:09:46.382  1437  1687 D RILD    : RequestComplete - req : 59, peek : 59
10-15 21:09:46.382  1961  1968 D Multi-Client: Oem OnRequestComplete:(5)
10-15 21:09:46.382  1437  1687 V RILD    : Message obj refcnt=-1
10-15 21:09:46.386  2262  2262 I ModemServiceMode: in QUERT_SERVM_DONE
10-15 21:09:46.386  1241  4331 I power_partial_wake_state: [REL,10,RILS:com.sec.phone]
10-15 21:09:46.386  2262  2262 I ModemServiceMode: size of result : 3400
10-15 21:09:46.386  2262  2262 I ModemServiceMode: Line 0 :  DEBUG INFO : 0 0 12 195 401050_
10-15 21:09:46.386  2262  2262 I ModemServiceMode: Line 1 :  HPLMN(313-340) sim_state(1)_
10-15 21:09:46.386  2262  2262 I ModemServiceMode: Line 2 :  Serving PLMN(313-340) - NR5G_
10-15 21:09:46.386  2262  2262 I ModemServiceMode: Line 3 :  NW sel mode : Manual_
10-15 21:09:46.386  2262  2262 I ModemServiceMode: Line 4 :  Selected PLMN(313-340)_
10-15 21:09:46.386  2262  2262 I ModemServiceMode: Line 5 :  Service(available)_
10-15 21:09:46.386  2262  2262 I ModemServiceMode: Line 6 :  MM5G(REGISTERED) Sub(0)_
10-15 21:09:46.386  2262  2262 I ModemServiceMode: Line 7 :  MM5G Update(UPDATED)_
10-15 21:09:46.386  2262  2262 I ModemServiceMode: Line 8 :  NR5G_RSRP : -97_
10-15 21:09:46.386  2262  2262 I ModemServiceMode: Line 9 :  NR5G_SINR : 16.7_
10-15 21:09:46.387  2262  2262 I ModemServiceMode: Line 10 :  NR5G_RSRQ: -11_
10-15 21:09:46.387  2262  2262 I ModemServiceMode: Line 11 :  NR_RRC: IDLE_
10-15 21:09:46.387  2262  2262 I ModemServiceMode: Line 12 :  NR_SSB_Index: 3_
10-15 21:09:46.387  2262  2262 I ModemServiceMode: Line 13 :  NR_ARFCN: 401050_
10-15 21:09:46.387  2262  2262 I ModemServiceMode: Line 14 :  NR_PCI: 160_
10-15 21:09:46.387  2262  2262 I ModemServiceMode: Line 15 :  NR_BAND: n70_
10-15 21:09:46.387  2262  2262 I ModemServiceMode: Line 16 :  NR_DL Scheduling: 0.00 _
10-15 21:09:46.387  2262  2262 I ModemServiceMode: Line 17 :  NR_BLER: 0.00 _
10-15 21:09:46.387  2262  2262 I ModemServiceMode: Line 18 :  NR_BW: 25 MHz_
10-15 21:09:46.387  2262  2262 I ModemServiceMode: Line 19 :  NR_SA_RLF Count: --_
10-15 21:09:46.387  2262  2262 I ModemServiceMode: Line 20 :  NR_ANT MAX RSRP: -79_
10-15 21:09:46.387  2262  2262 I ModemServiceMode: Line 21 :  NR_ANT MIN RSRP: -154_
10-15 21:09:46.387  2262  2262 I ModemServiceMode: Line 22 :  NR_Tx Phy Channel Type: PUCCH_
10-15 21:09:46.387  2262  2262 I ModemServiceMode: Line 23 :  NR RX0 RSRP: -96 _
10-15 21:09:46.387  2262  2262 I ModemServiceMode: Line 24 :  NR RX1 RSRP: -96 _
10-15 21:09:46.387  2262  2262 I ModemServiceMode: Line 25 :  NR RX2 RSRP: -102 _
10-15 21:09:46.387  2262  2262 I ModemServiceMode: Line 26 :  NR RX3 RSRP: -99 _
10-15 21:09:46.387  2262  2262 I ModemServiceMode: Line 27 :  NR_Tx Pwr: 16 dBm_
10-15 21:09:46.387  2262  2262 I ModemServiceMode: Line 28 :  NR_SCS: 15kHz_
10-15 21:09:46.387  2262  2262 I ModemServiceMode: Line 29 :  NR_CDRX: Active_
10-15 21:09:46.387  2262  2262 I ModemServiceMode: Line 30 :  NR SA CA Not present _
10-15 21:09:46.387  2262  2262 I ModemServiceMode: Line 31 :  NETWORK : UNBLOCK_
10-15 21:09:46.387  2262  2262 I ModemServiceMode: Line 32 :  FINAL IMEI Certi: PASS_
10-15 21:09:46.387  2262  2262 I ModemServiceMode: Line 33 : Unknown 0_
10-15 21:09:46.388  2262  2262 I ModemServiceMode: Line 34 : AJB Init_buf:0 ms_
10-15 21:09:46.388  2262  2262 I ModemServiceMode: Line 35 : NO TSS DEVICE : err(0), tss_fla_
10-15 21:09:46.388  2262  2262 I ModemServiceMode: Line 36 :  ASDiv : NOT SUPPORTED_
10-15 21:09:46.388  2262  2262 I ModemServiceMode: Line 37 : TM:All TM Lvl is 0_
10-15 21:09:46.388  2262  2262 I ModemServiceMode: Line 38 : WAKEUP_INFO: 0_
10-15 21:09:46.388  2262  2262 I ModemServiceMode: Line 39 : _
10-15 21:09:46.388  2262  2262 I ModemServiceMode: Line 40 : _
10-15 21:09:46.388  2262  2262 I ModemServiceMode: Line 41 : _
10-15 21:09:46.388  2262  2262 I ModemServiceMode: Line 42 : _
10-15 21:09:46.388  2262  2262 I ModemServiceMode: Line 43 : _
10-15 21:09:46.388  2262  2262 I ModemServiceMode: Line 44 : _
10-15 21:09:46.388  2262  2262 I ModemServiceMode: Line 45 : _
10-15 21:09:46.388  2262  2262 I ModemServiceMode: Line 46 : _
10-15 21:09:46.388  2262  2262 I ModemServiceMode: Line 47 : _
10-15 21:09:46.388  2262  2262 I ModemServiceMode: Line 48 : _
10-15 21:09:46.388  2262  2262 I ModemServiceMode: Line 49 : _
10-15 21:09:46.388  2262  2262 I ModemServiceMode: Line 50 : _
10-15 21:09:46.389  2262  2262 I ModemServiceMode: Line 51 : _
10-15 21:09:46.389  2262  2262 I ModemServiceMode: Line 52 : _
10-15 21:09:46.389  2262  2262 I ModemServiceMode: Line 53 : _
10-15 21:09:46.389  2262  2262 I ModemServiceMode: Line 54 : _
10-15 21:09:46.389  2262  2262 I ModemServiceMode: Line 55 : _
10-15 21:09:46.389  2262  2262 I ModemServiceMode: Line 56 : _
10-15 21:09:46.389  2262  2262 I ModemServiceMode: Line 57 : _
10-15 21:09:46.389  2262  2262 I ModemServiceMode: Line 58 : _
10-15 21:09:46.389  2262  2262 I ModemServiceMode: Line 59 : _
10-15 21:09:46.389  2262  2262 I ModemServiceMode: Line 60 : _
10-15 21:09:46.389  2262  2262 I ModemServiceMode: Line 61 : _
10-15 21:09:46.389  2262  2262 I ModemServiceMode: Line 62 : _
10-15 21:09:46.389  2262  2262 I ModemServiceMode: Line 63 : _
10-15 21:09:46.389  2262  2262 I ModemServiceMode: Line 64 : _
10-15 21:09:46.389  2262  2262 I ModemServiceMode: Line 65 : _
10-15 21:09:46.389  2262  2262 I ModemServiceMode: Line 66 : _
10-15 21:09:46.389  2262  2262 I ModemServiceMode: Line 67 : _
10-15 21:09:46.389  2262  2262 I ModemServiceMode: Line 68 : _
10-15 21:09:46.389  2262  2262 I ModemServiceMode: Line 69 : _
10-15 21:09:46.389  2262  2262 I ModemServiceMode: Line 70 : _
10-15 21:09:46.389  2262  2262 I ModemServiceMode: Line 71 : _
10-15 21:09:46.389  2262  2262 I ModemServiceMode: Line 72 : _
10-15 21:09:46.389  2262  2262 I ModemServiceMode: Line 73 : _
10-15 21:09:46.389  2262  2262 I ModemServiceMode: Line 74 : _
10-15 21:09:46.389  2262  2262 I ModemServiceMode: Line 75 : _
10-15 21:09:46.389  2262  2262 I ModemServiceMode: Line 76 : _
10-15 21:09:46.389  2262  2262 I ModemServiceMode: Line 77 : _
10-15 21:09:46.389  2262  2262 I ModemServiceMode: Line 78 : _
10-15 21:09:46.389  2262  2262 I ModemServiceMode: Line 79 : _
10-15 21:09:46.389  2262  2262 I ModemServiceMode: Line 80 : _
10-15 21:09:46.390  2262  2262 I ModemServiceMode: Line 81 : _
10-15 21:09:46.390  2262  2262 I ModemServiceMode: Line 82 : _
10-15 21:09:46.390  2262  2262 I ModemServiceMode: Line 83 : _
10-15 21:09:46.390  2262  2262 I ModemServiceMode: Line 84 : _
10-15 21:09:46.390  2262  2262 I ModemServiceMode: Line 85 : _
10-15 21:09:46.390  2262  2262 I ModemServiceMode: Line 86 : _
10-15 21:09:46.390  2262  2262 I ModemServiceMode: Line 87 : _
10-15 21:09:46.390  2262  2262 I ModemServiceMode: Line 88 : _
10-15 21:09:46.390  2262  2262 I ModemServiceMode: Line 89 : _
10-15 21:09:46.390  2262  2262 I ModemServiceMode: Line 90 : _
10-15 21:09:46.390  2262  2262 I ModemServiceMode: Line 91 : _
10-15 21:09:46.390  2262  2262 I ModemServiceMode: Line 92 : _
10-15 21:09:46.390  2262  2262 I ModemServiceMode: Line 93 : _
10-15 21:09:46.390  2262  2262 I ModemServiceMode: Line 94 : _
10-15 21:09:46.390  2262  2262 I ModemServiceMode: Line 95 : _
10-15 21:09:46.390  2262  2262 I ModemServiceMode: Line 96 : _
10-15 21:09:46.390  2262  2262 I ModemServiceMode: Line 97 : _
10-15 21:09:46.390  2262  2262 I ModemServiceMode: Line 98 : _
10-15 21:09:46.390  2262  2262 I ModemServiceMode: Line 99 : _
10-15 21:09:46.390  2262  2262 I ModemServiceMode: Update!
10-15 21:09:46.409  1147  1188 I VSyncReactor: Current= 60, Period= 60, hwcPeriod= 60
10-15 21:09:46.433  2616  2616 E STFService: getNetworkProperties: Location fine denied
10-15 21:09:46.615  1241  4331 D AppOps  : noteOperation: reject #3 for code 105 (105) uid 1001 package com.android.phone flags: s
10-15 21:09:46.718  1437  1952 D RILD    : QmiVssUnsolicitedCallback: msgId(6)
10-15 21:09:46.718  1437  1952 D RILD    : IpcOverQmiChannel: NotifyAsyncMessage completed
10-15 21:09:46.719  1437  1953 V RILD    : IpcModem::ReceiveMessage
10-15 21:09:46.719  1437  1953 V RILD    : IpcModem::DoIoChannelRouting
10-15 21:09:46.731  1437  1953 D RILD    : [L] RX: (M)SVC_CMD (S)SVC_DISPLAY_SCREEN (T)NOTI l:aa8 m:00 a:ff [ 50 00 00 20 44 45 42 55 47 20 49 4E 46 4F 20 3A 20 30 20 30 20 31 32 20 31 39 35 20 34 30 31 30 35 30 00 01 00 20 48 50 4C 4D 4E 28 33 31 33 2D 33 34 30 29 20 73 69 6D 5F 73 74 61 74 65 28 31 29 00 00 00 00 02 00 20 53 65 72 76 69 6E 67 20 50 4C 4D 4E 28 33 31 33 2D 33 34 30 29 20 2D 20 4E 52 35 47 00 00 00 03 00 20 4E 57 20 73 65 6C 20 6D 6F 64 65 20 3A 20 4D 61 6E 75 61 6C 00 00 00 00 00 00 00 00 00 00 00 04 00 20 53 65 6C 65 63 74 65 64 20 50 4C 4D 4E 28 33 31 33 2D 33 34 30 29 00 00 00 00 00 00 00 00 00 05 00 20 53 65 72 76 69 63 65 28 61 76 61 69 6C 61 62 6C 65 29 00 31 37 30 38 29 00 30 38 29 00 29 00 06 00 20 4D 4D 35 47 28 52 45 47 49 53 54 45 52 45 44 29 20 53 75 62 28 30 29 00 29 00 00 35 00 00 00 07 00 20 4D 4D 35 47 20 55 70 64 61 74 65 28 55 50 44 41 54 45 44 29 00 35 37 00 00 30 00 00 00 00 00 08 00 20 4E 52 35 47 5F 52 53 52 50 20 3A 20 2D 39 37 00 00 00 4E 52 3A 32 31 2E 32 00 00 2D 2D 00 00 09 00 20 4E 52 35 47 5F 53 49 4E 
10-15 21:09:46.732  1437  1953 D RILD    : 52 20 3A 20 31 36 2E 35 00 20 50 41 53 53 00 2E 34 00 00 00 00 00 00 0A 00 20 4E 52 35 47 5F 52 53 52 51 3A 20 2D 31 31 00 72 65 64 3A 20 32 00 00 00 00 00 00 00 00 00 00 0B 00 20 4E 52 5F 52 52 43 3A 20 49 44 4C 45 00 43 54 45 44 00 41 4D 50 45 44 00 00 00 00 00 00 00 00 0C 00 20 4E 52 5F 53 53 42 5F 49 6E 64 65 78 3A 20 33 00 00 72 28 30 29 2C 20 74 73 73 5F 66 6C 61 00 0D 00 20 4E 52 5F 41 52 46 43 4E 3A 20 34 30 31 30 35 30 00 52 54 45 44 00 53 45 00 6F 72 74 00 00 00 0E 00 20 4E 52 5F 50 43 49 3A 20 31 36 30 00 20 69 73 20 30 00 2D 2D 20 52 53 52 51 3A 20 2D 2D 00 00 0F 00 20 4E 52 5F 42 41 4E 44 3A 20 6E 37 30 00 00 2D 2D 00 20 2D 2D 20 52 53 52 51 3A 20 2D 2D 00 00 10 00 20 4E 52 5F 44 4C 20 53 63 68 65 64 75 6C 69 6E 67 3A 20 30 2E 30 30 20 00 00 00 00 00 00 00 00 11 00 20 4E 52 5F 42 4C 45 52 3A 20 30 2E 30 30 20 00 00 20 2D 2D 00 00 00 00 00 00 00 00 00 00 00 00 12 00 20 4E 52 5F 42 57 3A 20 32 35 20 4D 48 7A 00 2D 2D 00 20 54 79 
10-15 21:09:46.732  1437  1953 D RILD    : 70 65 3A 20 2D 2D 00 00 00 00 00 13 00 20 4E 52 5F 53 41 5F 52 4C 46 20 43 6F 75 6E 74 3A 20 2D 2D 00 00 00 00 00 00 00 00 00 00 00 00 14 00 20 4E 52 5F 41 4E 54 20 4D 41 58 20 52 53 52 50 3A 20 2D 37 39 00 00 00 00 00 00 00 00 00 00 00 15 00 20 4E 52 5F 41 4E 54 20 4D 49 4E 20 52 53 52 50 3A 20 2D 31 35 34 00 00 00 00 00 00 00 00 00 00 16 00 20 4E 52 5F 54 78 20 50 68 79 20 43 68 61 6E 6E 65 6C 20 54 79 70 65 3A 20 50 55 43 43 48 00 00 17 00 20 4E 52 20 52 58 30 20 52 53 52 50 3A 20 2D 39 36 20 00 00 00 20 00 00 00 00 00 00 00 00 00 00 18 00 20 4E 52 20 52 58 31 20 52 53 52 50 3A 20 2D 39 36 20 00 00 79 70 65 3A 20 2D 2D 00 00 00 00 00 19 00 20 4E 52 20 52 58 32 20 52 53 52 50 3A 20 2D 31 30 32 20 00 41 53 53 00 20 2D 2D 00 00 00 00 00 1A 00 20 4E 52 20 52 58 33 20 52 53 52 50 3A 20 2D 39 39 20 00 00 2D 2D 00 00 00 00 00 00 00 00 00 00 1B 00 20 4E 52 5F 54 78 20 50 77 72 3A 20 31 36 20 64 42 6D 00 20 00 2D 00 00 00 00 00 00 00 00 00 00 1C 
10-15 21:09:46.732  1437  1953 D RILD    : 00 20 4E 52 5F 53 43 53 3A 20 31 35 6B 48 7A 00 2D 31 30 33 20 00 29 2C 20 74 73 73 5F 66 6C 61 00 1D 00 20 4E 52 5F 43 44 52 58 3A ]
10-15 21:09:46.733  1437  1953 V RILD    : MatchIpc: mMainCmd 11 mainCmd 0b mSubCmdMask ffffffffffffffff_ffffffffffffffff subCmd 05
10-15 21:09:46.734  1437  1953 V RILD    : MatchIpc: mMainCmd 16 mainCmd 0b mSubCmdMask 0_f1b06fefe subCmd 05
10-15 21:09:46.734  1437  1953 V RILD    : MatchIpc: mMainCmd 23 mainCmd 0b mSubCmdMask 0_36 subCmd 05
10-15 21:09:46.734  1437  1953 V RILD    : MatchIpc: mMainCmd 24 mainCmd 0b mSubCmdMask ffffffffffffffff_ffffffffffffffff subCmd 05
10-15 21:09:46.734  1437  1953 V RILD    : MatchIpc: mMainCmd 25 mainCmd 0b mSubCmdMask ffffffffffffffff_ffffffffffffffff subCmd 05
10-15 21:09:46.734  1437  1953 D RILD    : GetRxData:
10-15 21:09:46.734  1437  1953 D RILD    : IpcRxServiceModeDisplayScreen:
10-15 21:09:46.734  1437  1953 D RILD    : BuildRilDataSvcModeDisplayScreen:
10-15 21:09:46.735  1437  1953 V RILD    : IpcModem::ProcessIpc regType=82
10-15 21:09:46.735  1437  1953 V RILD    : Registrant::Notify refcnt(1)
10-15 21:09:46.735  1437  1687 D RILD    : SVC-MGR(19): evt(103)
10-15 21:09:46.735  1437  1687 D RILD    : EVENT_MODEMUI_UPDATED response
10-15 21:09:46.736  1437  1687 V RILD    : Message obj refcnt=0
10-15 21:09:46.737  1437  1953 V RILD    : NotifyTimeoutChanged()
10-15 21:09:46.737  1437  1955 V RILD    : Reader: timeout=-1
10-15 21:09:47.270   649   649 D io_stats: !@   8,0 r 10482189 185613456 w 2821319 26070104 d 686182 73312688 f 0 0 iot 9712860 0 th 0 0 0 pt 0 inp 0 0 371124.993
10-15 21:09:47.420  5635 20037 I MtpStorageManager: Got inotify removed event for : c2NyZWVuLnBuZw==
10-15 21:09:47.421  5635 20037 I MtpStorageManager: NORMAL transitioned to NORMAL in op NONE
10-15 21:09:47.435  2616  2616 E STFService: getNetworkProperties: Location fine denied
10-15 21:09:47.437  4117  4555 I MediaProvider: Deleted 0 1 0 0 0 0 0 items on external_primary due to com.android.shell
10-15 21:09:47.447  1241  4331 D AppOps  : noteOperation: reject #3 for code 92 (92) uid 10051 package com.samsung.android.providers.media flags: s
10-15 21:09:47.456  5635  5825 D MediaSync: loaded: 16ms, 0
10-15 21:09:47.474  6061  6279 I BaseThreadPoolExecutor: [#CMH#] Task e0.e@2a398f3 is submitted
10-15 21:09:47.482  1241  1276 I power_partial_wake_state: [REL,40,*gms_scheduler*:internal:com.google.android.gms]
10-15 21:09:47.491  6061 31467 I MediaContentSyncTask: [#CMH#] No of Row (SEC MP :  3, Max Id : 2147492986) (CMH : 4, Max Id : 2147493738) - Time :3
10-15 21:09:47.495 29826 26347 I NetworkScheduler.Stats: (REDACTED) Task %s/%s started execution. cause:%s exec_start_elapsed_seconds: %s
10-15 21:09:47.501  1241  4328 I power_partial_wake_state: [REL,35,*gms_scheduler*/com.google.android.gms/.ipa.base.IpaGcmTaskService:com.google.android.gms]
10-15 21:09:47.506 29826 30075 I NetworkScheduler.Stats: (REDACTED) Task %s/%s finished executing. cause:%s result: %s elapsed_millis: %s uptime_millis: %s exec_start_elapsed_seconds: %s
10-15 21:09:47.509  6061 31467 I MediaContentSyncTask: [#CMH#] CMH Id Count: 4, MP Id Count: 3, duplicate Size: 3 
10-15 21:09:47.511  6061 31467 I MediaContentSyncTask: [#CMH#] No of Uris to be deleted from CMH:  1
10-15 21:09:47.514  6061 31467 I MediaContentSyncTask: [#CMH#] Delete Set Size after checking:  1
10-15 21:09:47.516  1241  4328 I power_partial_wake_state: [REL,11,*gms_scheduler*:internal:com.google.android.gms]
10-15 21:09:47.524  6061 31467 I StoryTable: [#CMH#] Empty delete list for cover collage 
10-15 21:09:47.525  6061 31467 I AutoAlbumRuleTable: [#CMH#] In Clean up of AutoAlbumRuleTable ...   
10-15 21:09:47.530  6061 31467 I TaskCommonUtils: [#CMH#] sending media deletion request to CMH Services, deletedIdSize=  1fileIdList: [2147493738]
10-15 21:09:47.530  6061 31467 I ServiceManager: [#CMH#] Explicitly binding  StoryService
10-15 21:09:47.533  1241  1276 I power_partial_wake_state: [REL,15,*gms_scheduler*:internal:com.google.android.gms]
10-15 21:09:47.536  1241  4328 D AppOps  : noteOperation: reject #3 for code 24 (24) uid 5004 package com.samsung.cmh flags: s
10-15 21:09:47.537 27594 27594 I StoryService: [StoryService] onBind() 
10-15 21:09:47.538  6061 31467 I ServiceManager: [#CMH#] After calling bind service for  StoryService
10-15 21:09:47.538  6061 31467 I MediaContentSyncTask: [#CMH#] Delete ITEM :  1
10-15 21:09:47.538  6061 31467 I BaseThreadPoolExecutor: [#CMH#] afterExecute FutureTask
10-15 21:09:47.538  6061 31467 I ControllerEventHandler: [#CMH#] New Task for wait content sync job 
10-15 21:09:47.538  6061 31467 I BaseThreadPoolExecutor: [#CMH#] Task e0.e@2a398f3 is submitted
10-15 21:09:47.542 27594 27594 I ChannelGeneratorFactory: [StoryService] Ignore creation of non time/trip based story creation  2023-10-15 till 2023-10-16
10-15 21:09:47.542 27594 27594 I ServiceController: [StoryService] initialize ContentObserver  
10-15 21:09:47.550  6061  6061 I ServiceManager: [#CMH#]  In onServiceConnected  
10-15 21:09:47.550  6061  6061 I ServiceManager: [#CMH#] Bound to Package  com.samsung.storyservice
10-15 21:09:47.551 27594 27594 I StoryService: [StoryService] onProcessNow() 
10-15 21:09:47.552 27594 27594 I ServiceController: [StoryService] Handling processNow for Media deletion 
10-15 21:09:47.552 27594 27594 I ServiceController: [StoryService] delaying start for service start 
10-15 21:09:47.552 27594 27594 I ServiceController: [StoryService] Sending response for  31 with status 0
10-15 21:09:47.555  6061 31467 I MediaContentSyncTask: [#CMH#] No of Row (SEC MP :  3, Max Id : 2147492986) (CMH : 3, Max Id : 2147492986) - Time :5
10-15 21:09:47.574  6061 31467 I MediaContentSyncTask: [#CMH#] MP time stamp :  1697144185153, CMH time stamp : 1697144185153
10-15 21:09:47.574  6061 31467 I MediaContentSyncTask: [#CMH#] Update ITEM :  0
10-15 21:09:47.577  6061 31467 I BaseThreadPoolExecutor: [#CMH#] afterExecute FutureTask
10-15 21:09:47.578  6061 31467 I ControllerEventHandler: [#CMH#] Alive Privacy Ignored Policy Called:  false
10-15 21:09:47.579  6061  6275 I BaseThreadPoolExecutor: [#CMH#] Task v.k@77f6312 is submitted
10-15 21:09:47.579  6061 31471 I POITask : [#CMH#] POITask started 
10-15 21:09:47.579  6061 31471 I POITask : [#CMH#] Online statue:  true, Setting location extraction flag: false
10-15 21:09:47.579  6061 31471 I BaseThreadPoolExecutor: [#CMH#] afterExecute FutureTask
10-15 21:09:47.628  1241  2073 D AppOps  : noteOperation: reject #3 for code 105 (105) uid 1001 package com.android.phone flags: s
10-15 21:09:47.892  2262  2262 I ModemServiceMode: EVENT_TICK!
10-15 21:09:47.897  2296  2296 I UiThreadMonitor: setAwake 108180 3005 0
10-15 21:09:47.901  1241  4331 D AppOps  : startOperation: allowing code 40 uid 1001 package com.sec.phone restricted: false flags: s
10-15 21:09:47.904  1961  1969 D Multi-Client: OemClient::ProcessBuffer() from [5], token[44], datalen[8]
10-15 21:09:47.904  1437  1437 D RILD    : IsRegisteredNetworkType(): netType[1]  feature[00] state[0] 
10-15 21:09:47.905  1437  1688 D RILD    : DoRouteIn - FW reqId : 59
10-15 21:09:47.905  1437  1688 D RILD    : DoRouteOut - FW reqId : 59
10-15 21:09:47.905  1437  1688 D RILD    : GetMessage : oem func id = 0x01
10-15 21:09:47.906  1437  1688 D RILD    : Onprocessing: request id(59), handleEvent(100)
10-15 21:09:47.906  1437  1687 D RILD    : SVC-MGR(19): evt(100)
10-15 21:09:47.906  1437  1687 D RILD    : OnOemServiceMode: sub id = 0x01, 4
10-15 21:09:47.906  1437  1687 D RILD    : MakeOemResponseBuilder : oem func id = 0x01
10-15 21:09:47.906  1437  1687 D RILD    : MakeOemResponseBuilder : Unsupported Function ID(1)
10-15 21:09:47.906  1437  1687 D RILD    : BuildSolicited : sub id = 0x01
10-15 21:09:47.907  1437  1687 D RILD    : RequestComplete - req : 59, peek : 59
10-15 21:09:47.907  1437  1687 V RILD    : Message obj refcnt=-1
10-15 21:09:47.907  1961  1968 D Multi-Client: Oem OnRequestComplete:(5)
10-15 21:09:47.911  1241  4331 I power_partial_wake_state: [REL,10,RILS:com.sec.phone]
10-15 21:09:47.911  2262  2262 I ModemServiceMode: in QUERT_SERVM_DONE
10-15 21:09:47.912  2262  2262 I ModemServiceMode: size of result : 3400
10-15 21:09:47.912  2262  2262 I ModemServiceMode: Line 0 :  DEBUG INFO : 0 0 12 195 401050_
10-15 21:09:47.912  2262  2262 I ModemServiceMode: Line 1 :  HPLMN(313-340) sim_state(1)_
10-15 21:09:47.912  2262  2262 I ModemServiceMode: Line 2 :  Serving PLMN(313-340) - NR5G_
10-15 21:09:47.912  2262  2262 I ModemServiceMode: Line 3 :  NW sel mode : Manual_
10-15 21:09:47.912  2262  2262 I ModemServiceMode: Line 4 :  Selected PLMN(313-340)_
10-15 21:09:47.912  2262  2262 I ModemServiceMode: Line 5 :  Service(available)_
10-15 21:09:47.912  2262  2262 I ModemServiceMode: Line 6 :  MM5G(REGISTERED) Sub(0)_
10-15 21:09:47.912  2262  2262 I ModemServiceMode: Line 7 :  MM5G Update(UPDATED)_
10-15 21:09:47.912  2262  2262 I ModemServiceMode: Line 8 :  NR5G_RSRP : -97_
10-15 21:09:47.912  2262  2262 I ModemServiceMode: Line 9 :  NR5G_SINR : 16.5_
10-15 21:09:47.912  2262  2262 I ModemServiceMode: Line 10 :  NR5G_RSRQ: -11_
10-15 21:09:47.912  2262  2262 I ModemServiceMode: Line 11 :  NR_RRC: IDLE_
10-15 21:09:47.912  2262  2262 I ModemServiceMode: Line 12 :  NR_SSB_Index: 3_
10-15 21:09:47.912  2262  2262 I ModemServiceMode: Line 13 :  NR_ARFCN: 401050_
10-15 21:09:47.912  2262  2262 I ModemServiceMode: Line 14 :  NR_PCI: 160_
