10-15 21:03:47.101 24120 24214 W A       : Disposing empty manager. Did you forgot to subscribe observables?
10-15 21:03:47.101 24120 24214 W A       : Disposing empty manager. Did you forgot to subscribe observables?
10-15 21:03:47.101 24120 24214 W A       : Disposing empty manager. Did you forgot to subscribe observables?
10-15 21:03:47.102 24120 24214 W A       : Disposing empty manager. Did you forgot to subscribe observables?
10-15 21:03:47.102 24120 24214 I A       : (REDACTED) onDisabled. Registered: %s
10-15 21:03:47.104 24120 24214 I NgaEntryPointEventSendr: setupConnection
10-15 21:03:47.109 24120 24212 I A       : (REDACTED) on opa visibility changed %s
10-15 21:03:47.114 24120 24214 I NgaEntryPointEventSendr: (REDACTED) State changed: %s => %s
10-15 21:03:47.115 24120 24215 I A       : Initialize
10-15 21:03:47.125 15717 15717 I A       : Creating pss binder().
10-15 21:03:47.127 24120 24216 I A       : (REDACTED) on opa visibility changed %s
10-15 21:03:47.128 24120 24212 I NgaEntryPointEventSendr: onServiceConnected
10-15 21:03:47.128 15717 28499 I A       : Calling beginBinderSession().
10-15 21:03:47.128 15717 28499 I A       : beginBinderSession(): calling binder
10-15 21:03:47.129 24120 24212 I NgaEntryPointEventSendr: (REDACTED) State changed: %s => %s
10-15 21:03:47.135 15717 15771 I A       : Trying to enqueue PieTriggeringWorker
10-15 21:03:47.140  1241  7346 I ActivityManager: Changes in 10217 19 to 5, 0 to 8
10-15 21:03:47.141  1241  1792 E AppOps  : evalMode() Foreground Record OP returned IGNORE, uid - 10217, capability - 8
10-15 21:03:47.142  1241  1792 E AppOps  : evalMode() Foreground Camera OP returned IGNORE, uid - 10217, capability - 8
10-15 21:03:47.147 24120 24216 I A       : Successfully initialized all components
10-15 21:03:47.148 15717 15751 E TelephonyManager: isDataEnabled Bindcalling pid : 15717, uid : 10215
10-15 21:03:47.149  1241  2774 D AppOps  : noteOperation: reject #3 for code 105 (105) uid 1001 package com.android.phone flags: s
10-15 21:03:47.149  1241  7346 D AppOps  : noteOperation: allowing code 51 uid 10217 package com.google.android.apps.tachyon flags: s
10-15 21:03:47.151  1241  2774 D AppOps  : noteOperation: reject #3 for code 105 (105) uid 1001 package com.android.phone flags: s
10-15 21:03:47.153  1241  8653 I ActivityManager: Changes in 10217 5 to 10, 8 to 0
10-15 21:03:47.158 24120 24120 I A       : (REDACTED) eventData = %s
10-15 21:03:47.158 24120 24215 I A       : Logging success flow
10-15 21:03:47.161 15717 27895 I PBSessionCacheImpl: (REDACTED) Deleted sessionId[%d] from persistence.
10-15 21:03:47.161 15717 15771 W A       : (REDACTED) %s task was not run. Callback from Service received after client was disposed.
10-15 21:03:47.162 24120 24216 I NgaEntryPointEventSendr: (REDACTED) State changed: %s => %s (%s)
10-15 21:03:47.163 29826 22764 W CCTFlatFileLogStore: Excessive logging: 128 events, 355207 bytes from log source ANDROID_GSA last 190s
10-15 21:03:47.166 15717 15771 W SearchServiceCore: Abort, client detached.
10-15 21:03:47.166 15717 15771 I HttpStreamingTapasSearc: (REDACTED) taskGraphFactory: %s#%d
10-15 21:03:47.290  1241  2024 I commit_sys_config_file: [settings-2-0,15]
10-15 21:03:47.545  2296  2296 I UiThreadMonitor: setAwake 108060 3002 1
10-15 21:03:47.555  2616  2616 E STFService: getNetworkProperties: Location fine denied
10-15 21:03:47.798  1241  7346 D AppOps  : noteOperation: reject #3 for code 105 (105) uid 1001 package com.android.phone flags: s
10-15 21:03:48.012  1033 15796 I sensors-hal: handle_sns_client_event:544, [0][325185] accel_sample [-2.267, -0.631,  9.704] 370870260618229
10-15 21:03:48.159  1241  1792 E AppOps  : evalMode() Foreground mode : uid - 10217, op - 27, capability - 0
10-15 21:03:48.159  1241  1792 E AppOps  : evalMode() Foreground mode : uid - 10217, op - 26, capability - 0
10-15 21:03:48.557  2616  2616 E STFService: getNetworkProperties: Location fine denied
10-15 21:03:48.809   649   649 D io_stats: !@   8,0 r 10476170 185511764 w 2818550 26041168 d 685431 73281684 f 0 0 iot 9703968 0 th 0 0 0 pt 0 inp 0 0 370766.533
10-15 21:03:48.810   649   649 D io_stats: !@ Write_top(KB): earchbox:search(15717) 128 system_server(1241) 64 kworker/u16:5(26346) 36
10-15 21:03:48.834  1241  8653 D AppOps  : noteOperation: reject #3 for code 105 (105) uid 1001 package com.android.phone flags: s
10-15 21:03:48.955  1241  8653 D InputDispatcher: Inject motion (28811/2000): action=0x0, time=370766678000000, f=0x0, d=0 dsdx=1.000000 dtdx=0.000000
10-15 21:03:48.957  1241  2079 I InputDispatcher: Delivering touch to (2296): action: 0x4, f=0x0, d=0, '8263493', t=1 
10-15 21:03:48.958  1241  2079 I InputDispatcher: Delivering touch to (4480): action: 0x0, f=0x0, d=0, '2395c86', t=1 
10-15 21:03:48.959  4480  4480 I ViewRootImpl@afa230e[NetSettingsActivity]: ViewPostIme pointer 0
10-15 21:03:48.960  1241  1609 I GestureDetector: obtain mCurrentDownEvent. id: -1046794015 caller: com.android.server.wm.SystemGesturesPointerEventListener.onPointerEvent:203 com.android.server.wm.PointerEventDispatcher.onInputEvent:53 android.view.InputEventReceiver.dispatchInputEvent:285 
10-15 21:03:48.961  1241  1609 I GestureDetector: obtain mCurrentDownEvent. id: -1046794015 caller: com.android.server.wm.SystemPerformancePointerEventListener.onPointerEvent:89 com.android.server.wm.PointerEventDispatcher.onInputEvent:53 android.view.InputEventReceiver.dispatchInputEvent:285 
10-15 21:03:48.962  1241  2079 D PowerManagerService: UserActivityStateListenerState: 1
10-15 21:03:48.966  1241  8653 D InputDispatcher: Inject motion (28811/2000): action=0x1, time=370766678000000, f=0x0, d=0 dsdx=1.000000 dtdx=0.000000
10-15 21:03:48.969  1241  2079 I InputDispatcher: Delivering touch to (4480): action: 0x1, f=0x0, d=0, '2395c86', t=1 
10-15 21:03:48.970  4480  4480 I ViewRootImpl@afa230e[NetSettingsActivity]: ViewPostIme pointer 1
10-15 21:03:48.971  1147  1147 I DisplayDevice: [Display 4630946312756012673 (internal, primary, \"\")] ActiveConfigToHWC, ID : 0
10-15 21:03:48.972  1147  1147 I SurfaceFlinger: Touch - choose 120.00 Hz
10-15 21:03:48.973  1241  1609 I GestureDetector: obtain mCurrentMotionEventRaw. action: 1 id: -964482125
10-15 21:03:48.973  1241  1609 I GestureDetector: obtain mCurrentMotionEventRaw. action: 1 id: -964482125
10-15 21:03:48.975  1074 18890 I SDM     : HWCDisplay::SubmitDisplayConfig: [DispConfigs] config 1 => 0, hs_mode 1 => 1
10-15 21:03:48.975  1074 18890 I SDM     : DisplayBase::SetActiveConfig: [DispConfigs] 1 => 0 or hs mode is changed if same config
10-15 21:03:48.975  1074 18890 I SDM     : HWDeviceDRM::SetDisplaySwitchMode: [DispConfigs] check hs_mode 1
10-15 21:03:48.975  1074 18890 I SDM     : HWDeviceDRM::SetDisplaySwitchMode: [DispConfigs] SetDisplayAttributes  mode_index 0
10-15 21:03:48.975  1074 18890 I SDM     : HWDeviceDRM::UpdateMixerAttributes: Mixer WxH 1080x2408-0 for Peripheral
10-15 21:03:48.976  1074 18890 I SDM     : HWCDisplay::SubmitDisplayConfig: Active configuration changed to: 0
10-15 21:03:48.978  1147  1147 I Scheduler: DisplayModeChanged : 0
10-15 21:03:48.979  4480  4480 I NU.SelectNetworkBasePreference: onClick() / isEnabled = true, mIsAutoSelect = false
10-15 21:03:48.979  1241  1618 D LocalDisplayAdapter: updateActiveModeLocked for d=4630946312756012673, mActiveModeId=1, mActiveSfDisplayMode=DisplayMode{id=0, width=1080, height=2408, xDpi=403.411, yDpi=402.389, refreshRate=120.00001, appVsyncOffsetNanos=1000000, presentationDeadlineNanos=12666666, group=1080}
10-15 21:03:48.979  4480  4480 I UT.SamsungAnalyticsLog: logEvent: screenId -> 6503, eventName -> 00120
10-15 21:03:48.981  1241  1618 I DisplayDeviceRepository: Display device changed: DisplayDeviceInfo{\"Built-in Screen\": uniqueId=\"local:4630946312756012673\", 1080 x 2408, modeId 1, defaultModeId 1, supportedModes [{id=1, width=1080, height=2408, fps=120.00001, alternativeRefreshRates=[60.000004]}, {id=2, width=1080, height=2408, fps=60.000004, alternativeRefreshRates=[120.00001]}], colorMode 0, supportedColorModes [0], hdrCapabilities HdrCapabilities{mSupportedHdrTypes=[], mMaxLuminance=500.0, mMaxAverageLuminance=500.0, mMinLuminance=0.0}, allmSupported false, gameContentTypeSupported false, density 450, 403.411 x 402.389 dpi, appVsyncOff 1000000, presDeadline 12666666, cutout DisplayCutout{insets=Rect(0, 65 - 0, 0) waterfall=Insets{left=0, top=0, right=0, bottom=0} boundingRect={Bounds=[Rect(0, 0 - 0, 0), Rect(454, 0 - 626, 65), Rect(0, 0 - 0, 0), Rect(0, 0 - 0, 0)]} cutoutPathParserInfo={CutoutPathParserInfo{displayWidth=1080 displayHeight=2408 physicalDisplayWidth=1080 physicalDisplayHeight=2408 density={2.8125} cutoutSpec={M 0,0 H -30.57777777777778 V 23.11111111111111 H 30.57777777777778 V 0 H 0 Z @dp} rotation={0} scale={1.0} physicalPixelDisplaySizeRatio={1.0}}}}, touch INTERNAL, rotation 0, type INTERNAL, address {port=129, model=0x40446d22b9ba26}, deviceProductInfo DeviceProductInfo{name=, manufacturerPnpId=QCM, productId=1, modelYear=null, manufactureDate=ManufactureDate{week=27, year=2006}, connectionToSinkType=0}, state ON, frameRateOverride , brightnessMinimum 0.0, brightnessMaximum 1.0, brightnessDefault 0.5019608, roundedCorners RoundedCorners{[RoundedCorner{position=TopLeft, radius=90, center=Point(90, 90)}, RoundedCorner{position=TopRight, radius=90, center=Point(990, 90)}, RoundedCorner{position=BottomRight, radius=90, center=Point(990, 2318)}, RoundedCorner{position=BottomLeft, radius=90, center=Point(90, 2318)}]}, FLAG_ALLOWED_TO_BE_DEFAULT_DISPLAY, FLAG_ROTATES_WITH_CONTENT, FLAG_SECURE, FLAG_SUPPORTS_PROTECTED_BUFFERS, installOrientation 0}
10-15 21:03:48.983  1147  1188 I VSyncReactor: Current= 60, Period= 120, hwcPeriod= 60
10-15 21:03:48.986  1241  3378 D LiftUpHandler: [LTW] Stopped already.
10-15 21:03:48.986  1241  1241 D SGM:GameManager: onDisplayChanged. displyId: 0, state: 2
10-15 21:03:48.987  2296  2296 D DisplayLifecycle: updateDisplay id = 0
10-15 21:03:48.987  1241  1241 D AODManagerService: requestReCalToTSP IsSingleTouchMode = false / previousDisplayState = ON
10-15 21:03:48.987  1241  2097 D SGM:FgCheckThread: onLooperPrepared(), msg: MSG_LCD_ON
10-15 21:03:48.988  2262  2262 D DCT-C-0 : Screen INTERNAL on
10-15 21:03:48.990  1241  1618 D DisplayModeDirector: onBrightnessChangedLocked, brightness=128, lux=-1.0
10-15 21:03:48.990  1241  1618 D DisplayModeDirector: setPassiveMode=false, brightness=128, lux=-1.0, mRequestedPassive=false
10-15 21:03:48.990  4480  4480 I UT.TelephonyUtils: getPhoneId : subId = 1
10-15 21:03:48.991  1241  2471 D AppOps  : noteOperation: reject #3 for code 105 (105) uid 1001 package com.android.phone flags: s
10-15 21:03:48.991  1147  1188 I VSyncReactor: Current= 60, Period= 120, hwcPeriod= 120
10-15 21:03:48.992  1241  2471 D AppOps  : noteOperation: reject #3 for code 105 (105) uid 1001 package com.samsung.android.app.telephonyui flags: s
10-15 21:03:48.993  1241  4370 D AppOps  : noteOperation: reject #3 for code 105 (105) uid 1001 package com.android.phone flags: s
10-15 21:03:48.994  2262  2387 D SubscriptionController: [getActiveSubscriptionInfoForSimSlotIndex]+ slotIndex=0 subId={id=1 iccId= simSlotIndex=0 carrierId=2528 displayName=DISH Wireless carrierName=DISH Wireless nameSource=4 iconTint=-16746133 number= dataRoaming=0 iconBitmap=null mcc=313 mnc=340 countryIso=us isEmbedded=false nativeAccessRules=null cardString= cardId=0 portIndex=0 isOpportunistic=false groupUUID=null isGroupDisabled=false profileClass=-1 ehplmns=null hplmns=null subscriptionType=0 groupOwner=null carrierConfigAccessRules=[cert: 70D0BFCD7AE6B6E831AE7D1C16A641CB3EB489129D3A5ED168A760C94D50A8B4 pkg: null access: 0] areUiccApplicationsEnabled=true usageSetting=0}
10-15 21:03:48.994  1241  7346 D AppOps  : noteOperation: reject #3 for code 105 (105) uid 1001 package com.samsung.android.app.telephonyui flags: s
10-15 21:03:48.995  4480  4480 E TelephonyManager: isDataEnabled Bindcalling pid : 4480, uid : 1001
10-15 21:03:48.996  1241  4329 D AppOps  : noteOperation: reject #3 for code 105 (105) uid 1001 package com.android.phone flags: s
10-15 21:03:48.997  1241  4329 D AppOps  : noteOperation: reject #3 for code 105 (105) uid 1001 package com.android.phone flags: s
10-15 21:03:48.997  2262  2387 D GsmCdmaPhone: [0] getDataConnectionState apnType=default ret=CONNECTED
10-15 21:03:48.998  4480  4480 I NU.NetSettingsUtilsManager: isDataConnectedNow : isDataEnabled = true, dataState : 2
10-15 21:03:48.998  4480  4480 I NU.SelectNetworkBasePreference: setPreferenceEnabled() / enabled = false
10-15 21:03:48.998  1241  7346 D AppOps  : noteOperation: reject #3 for code 105 (105) uid 1001 package com.android.phone flags: s
10-15 21:03:48.999  2262  3260 D SubscriptionController: [getActiveSubscriptionInfoForSimSlotIndex]+ slotIndex=0 subId={id=1 iccId= simSlotIndex=0 carrierId=2528 displayName=DISH Wireless carrierName=DISH Wireless nameSource=4 iconTint=-16746133 number= dataRoaming=0 iconBitmap=null mcc=313 mnc=340 countryIso=us isEmbedded=false nativeAccessRules=null cardString= cardId=0 portIndex=0 isOpportunistic=false groupUUID=null isGroupDisabled=false profileClass=-1 ehplmns=null hplmns=null subscriptionType=0 groupOwner=null carrierConfigAccessRules=[cert: 70D0BFCD7AE6B6E831AE7D1C16A641CB3EB489129D3A5ED168A760C94D50A8B4 pkg: null access: 0] areUiccApplicationsEnabled=true usageSetting=0}
10-15 21:03:48.999  1241  4370 D AppOps  : noteOperation: reject #3 for code 105 (105) uid 1001 package com.samsung.android.app.telephonyui flags: s
10-15 21:03:49.001  2616  2685 I STFService: CoreFrequency index: 0 current: 1516800 max: 1804800
10-15 21:03:49.001  2616  2685 I STFService: CoreFrequency index: 1 current: 1516800 max: 1804800
10-15 21:03:49.001  2616  2685 I STFService: CoreFrequency index: 2 current: 1516800 max: 1804800
10-15 21:03:49.001  4480  4480 I UT.TelephonyUtils: getPhoneId : subId = 1
10-15 21:03:49.002  1241  7346 D AppOps  : noteOperation: reject #3 for code 105 (105) uid 1001 package com.android.phone flags: s
10-15 21:03:49.003  2616  2685 I STFService: CoreFrequency index: 3 current: 1804800 max: 1804800
10-15 21:03:49.003  2616  2685 I STFService: CoreFrequency index: 4 current: 1804800 max: 1804800
10-15 21:03:49.004  2616  2685 I STFService: CoreFrequency index: 5 current: 1804800 max: 1804800
10-15 21:03:49.004  1241  7346 D AppOps  : noteOperation: reject #3 for code 105 (105) uid 1001 package com.samsung.android.app.telephonyui flags: s
10-15 21:03:49.005  2616  2685 I STFService: CoreFrequency index: 6 current: 2208000 max: 2208000
10-15 21:03:49.005  1241  2471 D AppOps  : noteOperation: reject #3 for code 105 (105) uid 1001 package com.android.phone flags: s
10-15 21:03:49.006  2616  2685 I STFService: CoreFrequency index: 7 current: 2208000 max: 2208000
10-15 21:03:49.006  2262  3067 D SubscriptionController: [getActiveSubscriptionInfoForSimSlotIndex]+ slotIndex=0 subId={id=1 iccId= simSlotIndex=0 carrierId=2528 displayName=DISH Wireless carrierName=DISH Wireless nameSource=4 iconTint=-16746133 number= dataRoaming=0 iconBitmap=null mcc=313 mnc=340 countryIso=us isEmbedded=false nativeAccessRules=null cardString= cardId=0 portIndex=0 isOpportunistic=false groupUUID=null isGroupDisabled=false profileClass=-1 ehplmns=null hplmns=null subscriptionType=0 groupOwner=null carrierConfigAccessRules=[cert: 70D0BFCD7AE6B6E831AE7D1C16A641CB3EB489129D3A5ED168A760C94D50A8B4 pkg: null access: 0] areUiccApplicationsEnabled=true usageSetting=0}
10-15 21:03:49.007  1241  2399 D AppOps  : noteOperation: reject #3 for code 105 (105) uid 1001 package com.samsung.android.app.telephonyui flags: s
10-15 21:03:49.007  4480  4480 I FT.SimUtilFeature: getCarrierName : DISH Wireless
10-15 21:03:49.007  4480  4480 I NU.NetSettingsUtilsManager: getNetworkOperatorName() phoneId = 0, getCarrierName = DISH Wireless
10-15 21:03:49.007  4480  4480 I UT.SimInfo: isSimOperator(313340)
10-15 21:03:49.007  4480  4480 I NU.NetSettingsDialogManager: showDisconnectNetworkDialog()
10-15 21:03:49.009  4480  4480 I NU.NetSettingsDialogManager: showDialogOnActivity : true
10-15 21:03:49.010  4480  4480 I Dialog  : mIsDeviceDefault = true, mIsSamsungBasicInteraction = true, isMetaDataInActivity = true
10-15 21:03:49.012  4480  4480 I DecorView: [INFO] isPopOver=false config=false
10-15 21:03:49.012  4480  4480 I DecorView: updateCaptionType: isFloating=true isApplication=true hasWindowDecorCaption=false this=DecorView@95eaf3b[]
10-15 21:03:49.013  4480  4480 I DecorView: setWindowBackground: isPopOver=false color=ff010101 d=android.graphics.drawable.InsetDrawable@a7173b1
10-15 21:03:49.022  4480  4480 W Settings: Setting show_button_background has moved from android.provider.Settings.System to android.provider.Settings.Global, returning read-only value.
10-15 21:03:49.028  1241  7346 D InputTransport: Input channel constructed: 'd035da7', fd=572
10-15 21:03:49.028  1241  7346 D InputTransport: Input channel constructed: 'd035da7', fd=647
10-15 21:03:49.028  1241  7346 D InputTransport: Input channel constructed: 'd035da7', fd=788
10-15 21:03:49.028  1147  1791 I SurfaceFlinger: id=168093 createSurf, flag=80004, d035da7 com.samsung.android.app.telephonyui/com.samsung.android.app.telephonyui.netsettings.ui.NetSettingsActivity#168093
10-15 21:03:49.030  1241  7346 V WindowManager: Changing focus from Window{2395c86 u0 com.samsung.android.app.telephonyui/com.samsung.android.app.telephonyui.netsettings.ui.NetSettingsActivity} to Window{d035da7 u0 com.samsung.android.app.telephonyui/com.samsung.android.app.telephonyui.netsettings.ui.NetSettingsActivity} displayId=0 Callers=com.android.server.wm.RootWindowContainer.updateFocusedWindowLocked:595 com.android.server.wm.WindowManagerService.updateFocusedWindowLocked:6803 com.android.server.wm.WindowManagerService.addWindow:2047 com.android.server.wm.Session.addToDisplayAsUser:222 
10-15 21:03:49.030  1241  7346 D MARsPolicyManager: onPackageResumedFG pkgName = com.samsung.android.app.telephonyui, userId = 0
10-15 21:03:49.030  1241  7346 I WindowManager: Cancelling animation restarting=true, leash=Surface(name=Surface(name=767c47d StatusBar)/@0xc3fb51f - animation-leash of insets_animation)/@0x3ebb12
10-15 21:03:49.030  1241  7346 I WindowManager: Reparenting to original parent: Surface(name=WindowToken{e1bead4 type=2000 android.os.BinderProxy@2f90ae6})/@0x549c06c, destroy=false, surface=Surface(name=767c47d StatusBar)/@0xc3fb51f
10-15 21:03:49.030  1241  7346 I WindowManager: Reparenting to leash, surface=Surface(name=767c47d StatusBar)/@0xc3fb51f, leashParent=Surface(name=WindowToken{e1bead4 type=2000 android.os.BinderProxy@2f90ae6})/@0x549c06c
10-15 21:03:49.030  1147  1791 I SurfaceFlinger: id=168094 createSurf, flag=24000, Surface(name=767c47d StatusBar)/@0xc3fb51f - animation-leash of insets_animation#168094
10-15 21:03:49.032  1241  7346 D WindowManager: makeSurface duration=1 leash=Surface(name=Surface(name=767c47d StatusBar)/@0xc3fb51f - animation-leash of insets_animation)/@0xdb702f2
10-15 21:03:49.032  1241  7346 I WindowManager: Cancelling animation restarting=true, leash=Surface(name=Surface(name=8263493 NavigationBar0)/@0x5da1049 - animation-leash of insets_animation)/@0xf83a4e0
10-15 21:03:49.032  1241  7346 I WindowManager: Reparenting to original parent: Surface(name=WindowToken{331b8cd type=2019 android.os.BinderProxy@d012ff6})/@0x455d4e, destroy=false, surface=Surface(name=8263493 NavigationBar0)/@0x5da1049
10-15 21:03:49.032  1241  7346 I WindowManager: Reparenting to leash, surface=Surface(name=8263493 NavigationBar0)/@0x5da1049, leashParent=Surface(name=WindowToken{331b8cd type=2019 android.os.BinderProxy@d012ff6})/@0x455d4e
10-15 21:03:49.032  1147  1791 I SurfaceFlinger: id=168095 createSurf, flag=24000, Surface(name=8263493 NavigationBar0)/@0x5da1049 - animation-leash of insets_animation#168095
10-15 21:03:49.033  1241  7346 D WindowManager: makeSurface duration=2 leash=Surface(name=Surface(name=8263493 NavigationBar0)/@0x5da1049 - animation-leash of insets_animation)/@0xcd5dfc0
10-15 21:03:49.034  1241  7346 D StatusBarManagerService: notifyRequestedSystemKey recent=false home=false
10-15 21:03:49.034  1241  7346 D InputTransport: Input channel destroyed: 'd035da7', fd=788
10-15 21:03:49.038  1147  1147 I SurfaceFlinger: [d035da7 com.samsung.android.app.telephonyui/com.samsung.android.app.telephonyui.netsettings.ui.NetSettingsActivity#168093] FrameRatePriority: 1
10-15 21:03:49.038  1147  1147 I SurfaceFlinger: [2395c86 com.samsung.android.app.telephonyui/com.samsung.android.app.telephonyui.netsettings.ui.NetSettingsActivity#168080] FrameRatePriority: -1
10-15 21:03:49.038  1147  1147 I Layer   : id=168082 removedFromDrawingState Surface(name=767c47d StatusBar)/@0xc3fb51f - animation-leash of insets_animation#168082 (110)
10-15 21:03:49.039  1147  1147 I Layer   : id=168083 removedFromDrawingState Surface(name=8263493 NavigationBar0)/@0x5da1049 - animation-leash of insets_animation#168083 (110)
10-15 21:03:49.042  4480  4480 I ViewRootImpl@ff69e93[NetSettingsActivity]: setView = com.android.internal.policy.DecorView@95eaf3b TM=true
10-15 21:03:49.043  1241  2433 D CoreBackPreview: Window{d035da7 u0 com.samsung.android.app.telephonyui/com.samsung.android.app.telephonyui.netsettings.ui.NetSettingsActivity}: Setting back callback OnBackInvokedCallbackInfo{mCallback=android.window.IOnBackInvokedCallback$Stub$Proxy@fbcf4f9, mPriority=0}
10-15 21:03:49.049  4480  4480 I ViewRootImpl@ff69e93[NetSettingsActivity]: performTraversals params={(0,0)(wrapxwrap) gr=BOTTOM CENTER_VERTICAL sim={adjust=pan forwardNavigation} layoutInDisplayCutoutMode=shortEdges ty=APPLICATION fmt=TRANSLUCENT wanim=0x7f120007 surfaceInsets=Rect(8, 8 - 8, 8)
10-15 21:03:49.049  4480  4480 I ViewRootImpl@ff69e93[NetSettingsActivity]:   fl=1820002
10-15 21:03:49.049  4480  4480 I ViewRootImpl@ff69e93[NetSettingsActivity]:   pfl=42000000
10-15 21:03:49.049  4480  4480 I ViewRootImpl@ff69e93[NetSettingsActivity]:   bhv=DEFAULT
10-15 21:03:49.049  4480  4480 I ViewRootImpl@ff69e93[NetSettingsActivity]:   fitTypes=STATUS_BARS NAVIGATION_BARS CAPTION_BAR
10-15 21:03:49.049  4480  4480 I ViewRootImpl@ff69e93[NetSettingsActivity]:  dimAmount=0.65 dimDuration=150 naviIconColor=0}
10-15 21:03:49.049  4480  4480 I ViewRootImpl@ff69e93[NetSettingsActivity]: performTraversals mFirst=true windowShouldResize=true viewVisibilityChanged=false mForceNextWindowRelayout=false params={(0,0)(wrapxwrap) gr=BOTTOM CENTER_VERTICAL sim={adjust=pan forwardNavigation} layoutInDisplayCutoutMode=shortEdges ty=APPLICATION fmt=TRANSLUCENT wanim=0x7f120007 surfaceInsets=Rect(8, 8 - 8, 8)
10-15 21:03:49.049  4480  4480 I ViewRootImpl@ff69e93[NetSettingsActivity]:   fl=1820002
10-15 21:03:49.049  4480  4480 I ViewRootImpl@ff69e93[NetSettingsActivity]:   pfl=42000000
10-15 21:03:49.049  4480  4480 I ViewRootImpl@ff69e93[NetSettingsActivity]:   bhv=DEFAULT
10-15 21:03:49.049  4480  4480 I ViewRootImpl@ff69e93[NetSettingsActivity]:   fitTypes=STATUS_BARS NAVIGATION_BARS CAPTION_BAR
10-15 21:03:49.049  4480  4480 I ViewRootImpl@ff69e93[NetSettingsActivity]:  dimAmount=0.65 dimDuration=150 naviIconColor=0}
10-15 21:03:49.050  1241  2433 V WindowManager: Relayout Window{d035da7 u0 com.samsung.android.app.telephonyui/com.samsung.android.app.telephonyui.netsettings.ui.NetSettingsActivity}: viewVisibility=0 req=1080x554 d0
10-15 21:03:49.050  1241  2433 D RestrictionPolicy: isScreenCaptureEnabled : ret=true userId=0
10-15 21:03:49.050  1147  1791 I SurfaceFlinger: id=168096 createSurf, flag=40004, com.samsung.android.app.telephonyui/com.samsung.android.app.telephonyui.netsettings.ui.NetSettingsActivity$_4480#168096
10-15 21:03:49.052  1241  2433 D WindowManager: makeSurface duration=2 name=com.samsung.android.app.telephonyui/com.samsung.android.app.telephonyui.netsettings.ui.NetSettingsActivity$_4480
10-15 21:03:49.057  1241  1619 I input_focus: [Focus request d035da7 com.samsung.android.app.telephonyui/com.samsung.android.app.telephonyui.netsettings.ui.NetSettingsActivity,reason=UpdateInputWindows]
10-15 21:03:49.059  1241  2433 V WindowManager: Relayout hash=d035da7, pid=4480, syncId=-1: mAttrs={(0,0)(wrapxwrap) gr=BOTTOM CENTER_VERTICAL sim={adjust=pan forwardNavigation} layoutInDisplayCutoutMode=shortEdges ty=APPLICATION fmt=TRANSLUCENT wanim=0x7f120007 surfaceInsets=Rect(8, 8 - 8, 8)
10-15 21:03:49.059  1241  2433 V WindowManager:   fl=1820002
10-15 21:03:49.059  1241  2433 V WindowManager:   pfl=42000000
10-15 21:03:49.059  1241  2433 V WindowManager:   bhv=DEFAULT
10-15 21:03:49.059  1241  2433 V WindowManager:   fitTypes=STATUS_BARS NAVIGATION_BARS CAPTION_BAR
10-15 21:03:49.059  1241  2433 V WindowManager:  dimAmount=0.65 dimDuration=150 naviIconColor=0}
10-15 21:03:49.063  4480  4480 I ViewRootImpl@ff69e93[NetSettingsActivity]: updateBlastSurfaceIfNeeded mBlastBufferQueue=null isSameSurfaceControl=false
10-15 21:03:49.064  4480  4480 I BLASTBufferQueue: new BLASTBufferQueue, mName= ViewRootImpl@ff69e93[NetSettingsActivity] mNativeObject= 0xb4000070b0550000 sc.mNativeObject= 0xb4000070b04aade0 caller= android.view.ViewRootImpl.updateBlastSurfaceIfNeeded:2909 android.view.ViewRootImpl.relayoutWindow:9847 android.view.ViewRootImpl.performTraversals:3884 android.view.ViewRootImpl.doTraversal:3116 android.view.ViewRootImpl$TraversalRunnable.run:10885 android.view.Choreographer$CallbackRecord.run:1301 android.view.Choreographer$CallbackRecord.run:1309 android.view.Choreographer.doCallbacks:923 android.view.Choreographer.doFrame:852 android.view.Choreographer$FrameDisplayEventReceiver.run:1283 
10-15 21:03:49.064  4480  4480 I BLASTBufferQueue: update, w= 1096 h= 570 mName = ViewRootImpl@ff69e93[NetSettingsActivity] mNativeObject= 0xb4000070b0550000 sc.mNativeObject= 0xb4000070b04aade0 format= -3 caller= android.graphics.BLASTBufferQueue.<init>:84 android.view.ViewRootImpl.updateBlastSurfaceIfNeeded:2909 android.view.ViewRootImpl.relayoutWindow:9847 android.view.ViewRootImpl.performTraversals:3884 android.view.ViewRootImpl.doTraversal:3116 android.view.ViewRootImpl$TraversalRunnable.run:10885 
10-15 21:03:49.065  4480  4480 I ViewRootImpl@ff69e93[NetSettingsActivity]: Relayout returned: old=(0,70,1080,2273) new=(0,1719,1080,2273) req=(1080,554)0 dur=14 res=0x3 s={true 0xb4000070b0456000} ch=true seqId=0
10-15 21:03:49.066  4480  4480 I ViewRootImpl@ff69e93[NetSettingsActivity]: mThreadedRenderer.initialize() mSurface={isValid=true 0xb4000070b0456000} hwInitialized=true
10-15 21:03:49.068  4480  4480 I ViewRootImpl@ff69e93[NetSettingsActivity]: reportNextDraw android.view.ViewRootImpl.performTraversals:4438 android.view.ViewRootImpl.doTraversal:3116 android.view.ViewRootImpl$TraversalRunnable.run:10885 android.view.Choreographer$CallbackRecord.run:1301 android.view.Choreographer$CallbackRecord.run:1309 
10-15 21:03:49.068  4480  4480 I ViewRootImpl@ff69e93[NetSettingsActivity]: Setup new sync id=0
10-15 21:03:49.068  4480  4480 I ViewRootImpl@ff69e93[NetSettingsActivity]: Setting syncFrameCallback
10-15 21:03:49.068  4480  4480 I ViewRootImpl@ff69e93[NetSettingsActivity]: registerCallbacksForSync syncBuffer=false
10-15 21:03:49.072  4480  4579 I ViewRootImpl@ff69e93[NetSettingsActivity]: Received frameDrawingCallback syncResult=0 frameNum=1.
10-15 21:03:49.072  4480  4579 I ViewRootImpl@ff69e93[NetSettingsActivity]: Setting up sync and frameCommitCallback
10-15 21:03:49.076  4480  4525 I BLASTBufferQueue: [ViewRootImpl@ff69e93[NetSettingsActivity]#34](f:0,a:0) onFrameAvailable the first frame is available
10-15 21:03:49.076  4480  4525 I ViewRootImpl@ff69e93[NetSettingsActivity]: Received frameCommittedCallback lastAttemptedDrawFrameNum=1 didProduceBuffer=true
10-15 21:03:49.076  1241  7346 D InputDispatcher: Focus request (0): d035da7 com.samsung.android.app.telephonyui/com.samsung.android.app.telephonyui.netsettings.ui.NetSettingsActivity but waiting because NOT_VISIBLE
10-15 21:03:49.076  1241  7346 D InputDispatcher: Focus left window (0): 2395c86 com.samsung.android.app.telephonyui/com.samsung.android.app.telephonyui.netsettings.ui.NetSettingsActivity
10-15 21:03:49.077  1241  2079 I input_focus: [Focus leaving 2395c86 com.samsung.android.app.telephonyui/com.samsung.android.app.telephonyui.netsettings.ui.NetSettingsActivity (server),reason=Waiting for window because NOT_VISIBLE]
10-15 21:03:49.078  4480  4525 W Parcel  : Expecting binder but got null!
10-15 21:03:49.078  4480  4480 I ViewRootImpl@ff69e93[NetSettingsActivity]: onSyncComplete
10-15 21:03:49.079  4480  4480 I ViewRootImpl@ff69e93[NetSettingsActivity]: setupSync seqId=0 mSyncId=0 fn=1 caller=android.view.ViewRootImpl$$ExternalSyntheticLambda11.accept:6 android.window.SurfaceSyncer.lambda$setupSync$1$android-window-SurfaceSyncer:128 android.window.SurfaceSyncer$$ExternalSyntheticLambda1.accept:8 android.window.SurfaceSyncer$SyncSet.checkIfSyncIsComplete:382 android.window.SurfaceSyncer$SyncSet.markSyncReady:359 android.window.SurfaceSyncer.markSyncReady:151 android.view.ViewRootImpl.performTraversals:4503 
10-15 21:03:49.079  4480  4480 I ViewRootImpl@ff69e93[NetSettingsActivity]: reportDrawFinished seqId=0 mSyncId=-1 fn=1 mSurfaceChangedTransaction=0xb4000070b03bcd00
10-15 21:03:49.080  1241  4370 D WindowManager: finishDrawingWindow: Window{d035da7 u0 com.samsung.android.app.telephonyui/com.samsung.android.app.telephonyui.netsettings.ui.NetSettingsActivity} mDrawState=DRAW_PENDING seqId=0
10-15 21:03:49.081  1147  1194 I SurfaceFlinger: id=168083 Removed Surface(name=8263493 NavigationBar0)/@0x5da1049 - animation-leash of insets_animation#168083 (111)
10-15 21:03:49.082  1147  1194 I SurfaceFlinger: id=168082 Removed Surface(name=767c47d StatusBar)/@0xc3fb51f - animation-leash of insets_animation#168082 (111)
10-15 21:03:49.086  4480  4480 I ViewRootImpl@afa230e[NetSettingsActivity]: MSG_WINDOW_FOCUS_CHANGED 0 0
10-15 21:03:49.089  1147  1147 I Layer   : id=168082 Destroyed Surface(name=767c47d StatusBar)/@0xc3fb51f - animation-leash of insets_animation#168082
10-15 21:03:49.089  1147  1147 I Layer   : id=168083 Destroyed Surface(name=8263493 NavigationBar0)/@0x5da1049 - animation-leash of insets_animation#168083
10-15 21:03:49.095  1241  1619 I WindowManager: Reparenting to leash, surface=Surface(name=d035da7 com.samsung.android.app.telephonyui/com.samsung.android.app.telephonyui.netsettings.ui.NetSettingsActivity)/@0x91937ec, leashParent=Surface(name=ActivityRecord{1328950 u0 com.samsung.android.app.telephonyui/.netsettings.ui.NetSettingsActivity} t50275})/@0x7c9765e
10-15 21:03:49.096  1147  1791 I SurfaceFlinger: id=168097 createSurf, flag=24004, Surface(name=d035da7 com.samsung.android.app.telephonyui/com.samsung.android.app.telephonyui.netsettings.ui.NetSettingsActivity)/@0x91937ec - animation-leash of window_animation#168097
10-15 21:03:49.098  1241  1619 D WindowManager: makeSurface duration=2 leash=Surface(name=Surface(name=d035da7 com.samsung.android.app.telephonyui/com.samsung.android.app.telephonyui.netsettings.ui.NetSettingsActivity)/@0x91937ec - animation-leash of window_animation)/@0xb4ee7b5
10-15 21:03:49.098  1241  1619 V WindowManager: performShowLocked: mDrawState=HAS_DRAWN in Window{d035da7 u0 com.samsung.android.app.telephonyui/com.samsung.android.app.telephonyui.netsettings.ui.NetSettingsActivity}
10-15 21:03:49.099  1147  1791 I SurfaceFlinger: id=168098 createSurf, flag=20004, Dim Layer for - Task=50275#168098
10-15 21:03:49.102  1241  1619 I WindowManager: Reparenting to leash, surface=Surface(name=Dim Layer for - Task=50275)/@0x62ffe4a, leashParent=Surface(name=Task=50275)/@0xc1a2b67
10-15 21:03:49.102  1147  2809 I SurfaceFlinger: id=168099 createSurf, flag=24000, Surface(name=Dim Layer for - Task=50275)/@0x62ffe4a - animation-leash of dimmer#168099
10-15 21:03:49.104  1241  1619 D WindowManager: makeSurface duration=2 leash=Surface(name=Surface(name=Dim Layer for - Task=50275)/@0x62ffe4a - animation-leash of dimmer)/@0x92601bb
10-15 21:03:49.109  1241  1619 D ActivityTaskManager: mStartingWindow and mStartingData is null for token=ActivityRecord{1328950 u0 com.samsung.android.app.telephonyui/.netsettings.ui.NetSettingsActivity} t50275}
10-15 21:03:49.113  1147  1147 I Layer   : Layer [com.samsung.android.app.telephonyui/com.samsung.android.app.telephonyui.netsettings.ui.NetSettingsActivity$_4480#168096] hidden!! flag(0)
10-15 21:03:49.123  1241  4370 D InputDispatcher: Focus entered window (0): d035da7 com.samsung.android.app.telephonyui/com.samsung.android.app.telephonyui.netsettings.ui.NetSettingsActivity
10-15 21:03:49.124  1241  2079 I input_focus: [Focus entering d035da7 com.samsung.android.app.telephonyui/com.samsung.android.app.telephonyui.netsettings.ui.NetSettingsActivity (server),reason=Window became focusable. Previous reason: NOT_VISIBLE]
10-15 21:03:49.124  4480  4480 I ViewRootImpl@ff69e93[NetSettingsActivity]: MSG_WINDOW_FOCUS_CHANGED 1 0
10-15 21:03:49.124  4480  4480 I ViewRootImpl@ff69e93[NetSettingsActivity]: mThreadedRenderer.initializeIfNeeded()#2 mSurface={isValid=true 0xb4000070b0456000}
10-15 21:03:49.133  1147  1147 D SurfaceFlinger: Display 4630946312756012673 HWC layers:
10-15 21:03:49.133  1147  1147 D SurfaceFlinger:      DEVICE | 0xb40000776e842f20 | 0102 | RGBA_8888    |    0.0    0.0 1080.0 2408.0 |    0    0 1080 2408 | com.samsung.android.app.telephonyui/[...].ui.NetSettingsActivity$_4480#168081
10-15 21:03:49.133  1147  1147 D SurfaceFlinger:  SOLID_COLOR |              | 0000 |  Unknown  |    0.0    0.0    0.0    0.0 |    0    0 1080 2408 | Dim Layer for - Task=50275#168098
10-15 21:03:49.133  1147  1147 D SurfaceFlinger:      DEVICE | 0xb400007779421000 | 0100 | RGBA_8888    |    8.0    0.0 1088.0  570.0 |    0 1808 1080 2378 | com.samsung.android.app.telephonyui/[...].ui.NetSettingsActivity$_4480#168096
10-15 21:03:49.133  1147  1147 D SurfaceFlinger:      CLIENT | 0xb400007779421620 | 0100 | RGBA_8888    |    0.0    0.0 1080.0   70.0 |    0    0 1080   70 | StatusBar$_2296#82
10-15 21:03:49.133  1147  1147 D SurfaceFlinger:      CLIENT | 0xb400007779421460 | 0100 | RGBA_8888    |    0.0    0.0 1080.0  135.0 |    0 2273 1080 2408 | NavigationBar0$_2296#80
10-15 21:03:49.133  1147  1147 D SurfaceFlinger: 
10-15 21:03:49.133  1147  3287 D NativeSemDvfsManager: acquire:: timeout = 2000 mIsAcquired = 1  mTagName : SurfaceFlinger 
10-15 21:03:49.134  1042  1090 I HYPER-HAL: [RequestManager.cpp]acquire(): Acquired ID : 2306878  [1147 / 1000]    HINT : SF_GPU_MINLOCK    list : [TIMEOUT / 2000] 
10-15 21:03:49.134  1147  3287 E NativeCustomFrequencyManager: [NativeCFMS] BpCustomFrequencyManager::acquire()
10-15 21:03:49.135  1147  1147 D SurfaceFlinger: GPIS:: requestGPIS
10-15 21:03:49.151   980   980 I android.hardware.health@2.1-service-samsung: updateLrpSysfs: write: 258
10-15 21:03:49.260  1241  1609 I GestureDetector: handleMessage TAP
10-15 21:03:49.261  1241  1241 I GestureDetector: handleMessage TAP
10-15 21:03:49.406  1241  1619 I WindowManager: Reparenting to original parent: Surface(name=ActivityRecord{1328950 u0 com.samsung.android.app.telephonyui/.netsettings.ui.NetSettingsActivity} t50275})/@0x7c9765e, destroy=true, surface=Surface(name=d035da7 com.samsung.android.app.telephonyui/com.samsung.android.app.telephonyui.netsettings.ui.NetSettingsActivity)/@0x91937ec
10-15 21:03:49.406  1241  1619 I WindowManager: Reparenting to original parent: Surface(name=Task=50275)/@0xc1a2b67, destroy=true, surface=Surface(name=Dim Layer for - Task=50275)/@0x62ffe4a
10-15 21:03:49.418  1147  1147 I Layer   : id=168097 removedFromDrawingState Surface(name=d035da7 com.samsung.android.app.telephonyui/com.samsung.android.app.telephonyui.netsettings.ui.NetSettingsActivity)/@0x91937ec - animation-leash of window_animation#168097 (112)
10-15 21:03:49.418  1147  1147 I Layer   : id=168099 removedFromDrawingState Surface(name=Dim Layer for - Task=50275)/@0x62ffe4a - animation-leash of dimmer#168099 (112)
10-15 21:03:49.418  1147  1147 I SurfaceFlinger: id=168099 Removed Surface(name=Dim Layer for - Task=50275)/@0x62ffe4a - animation-leash of dimmer#168099 (112)
10-15 21:03:49.419  1147  1147 I SurfaceFlinger: id=168097 Removed Surface(name=d035da7 com.samsung.android.app.telephonyui/com.samsung.android.app.telephonyui.netsettings.ui.NetSettingsActivity)/@0x91937ec - animation-leash of window_animation#168097 (112)
10-15 21:03:49.419  1147  1147 I Layer   : id=168097 Destroyed Surface(name=d035da7 com.samsung.android.app.telephonyui/com.samsung.android.app.telephonyui.netsettings.ui.NetSettingsActivity)/@0x91937ec - animation-leash of window_animation#168097
10-15 21:03:49.419  1147  1147 I Layer   : id=168099 Destroyed Surface(name=Dim Layer for - Task=50275)/@0x62ffe4a - animation-leash of dimmer#168099
10-15 21:03:49.558  2616  2616 E STFService: getNetworkProperties: Location fine denied
10-15 21:03:49.859  1241  4370 D AppOps  : noteOperation: reject #3 for code 105 (105) uid 1001 package com.android.phone flags: s
10-15 21:03:50.027  1033 15796 I sensors-hal: handle_sns_client_event:544, [0][325290] accel_sample [-2.283, -0.638,  9.708] 370872273960052
10-15 21:03:50.191  1147  1147 I DisplayDevice: [Display 4630946312756012673 (internal, primary, \"\")] ActiveConfigToHWC, ID : 1
10-15 21:03:50.193  1147  1147 I LayerHistory: com.samsung.android.app.telephonyui/com.samsung.android.app.telephonyui.netsettings.ui.NetSettingsActivity$_4480#168081 Max (can't resolve refresh rate)
10-15 21:03:50.193  1147  1147 I SurfaceFlinger: Idle - choose 60.00 Hz
10-15 21:03:50.196  1147  1188 I VSyncReactor: Current= 120, Period= 60, hwcPeriod= 120
10-15 21:03:50.197  1074 18890 I SDM     : HWCDisplay::SubmitDisplayConfig: [DispConfigs] config 0 => 1, hs_mode 1 => 1
10-15 21:03:50.197  1074 18890 I SDM     : DisplayBase::SetActiveConfig: [DispConfigs] 0 => 1 or hs mode is changed if same config
10-15 21:03:50.198  1074 18890 I SDM     : HWDeviceDRM::SetDisplaySwitchMode: [DispConfigs] check hs_mode 1
10-15 21:03:50.198  1074 18890 I SDM     : HWDeviceDRM::SetDisplaySwitchMode: [DispConfigs] SetDisplayAttributes  mode_index 1
10-15 21:03:50.198  1074 18890 I SDM     : HWDeviceDRM::UpdateMixerAttributes: Mixer WxH 1080x2408-0 for Peripheral
10-15 21:03:50.199  1074 18890 I SDM     : HWCDisplay::SubmitDisplayConfig: Active configuration changed to: 1
10-15 21:03:50.200  1147  1188 I VSyncReactor: Current= 120, Period= 60, hwcPeriod= 60
10-15 21:03:50.546  2296  2296 I UiThreadMonitor: setAwake 108061 3002 1
10-15 21:03:50.560  2616  2616 E STFService: getNetworkProperties: Location fine denied
10-15 21:03:50.813   649   649 D io_stats: !@   8,0 r 10476204 185512720 w 2818557 26041240 d 685431 73281684 f 0 0 iot 9704036 0 th 0 0 0 pt 0 inp 0 0 370768.536
10-15 21:03:50.884  1241  2433 D AppOps  : noteOperation: reject #3 for code 105 (105) uid 1001 package com.android.phone flags: s
10-15 21:03:51.137  1042 28818 I HYPER-HAL: [RequestManager.cpp]releaseLocked(): Released ID : 2306878
10-15 21:03:51.562  2616  2616 E STFService: getNetworkProperties: Location fine denied
10-15 21:03:51.905  1241  4370 D AppOps  : noteOperation: reject #3 for code 105 (105) uid 1001 package com.android.phone flags: s
10-15 21:03:51.965  1241  1805 D PowerManagerService: UserActivityStateListenerState: 0
10-15 21:03:52.039  1033 15796 I sensors-hal: handle_sns_client_event:544, [0][325395] accel_sample [-2.278, -0.619,  9.701] 370874287260937
10-15 21:03:52.484 28858 28858 D AndroidRuntime: >>>>>> START com.android.internal.os.RuntimeInit uid 2000 <<<<<<
10-15 21:03:52.490 28858 28858 I AndroidRuntime: Using default boot image
10-15 21:03:52.490 28858 28858 I AndroidRuntime: Leaving lock profiling enabled
10-15 21:03:52.490 28858 28858 D SecNativeFeatureCppIf: encoded
10-15 21:03:52.491 28858 28858 D SecNativeFeatureCppIf: decoding and unzip finish
10-15 21:03:52.491 28858 28858 D SecNativeFeatureCppIf: use unCompDataBuff. encoded
10-15 21:03:52.491 28858 28858 D SecNativeFeatureCppIf: Free unCompDataBuff
10-15 21:03:52.491 28858 28858 D AndroidRuntime: addProductProperty: pBrand1 is not null
10-15 21:03:52.491 28858 28858 D AndroidRuntime: addProductProperty: not brand or 7
10-15 21:03:52.494 28858 28858 I app_process: Using CollectorTypeCC GC.
10-15 21:03:52.564  2616  2616 E STFService: getNetworkProperties: Location fine denied
10-15 21:03:52.607 28858 28858 D app_process: Time zone APEX ICU file found: /apex/com.android.tzdata/etc/icu/icu_tzdata.dat
10-15 21:03:52.607 28858 28858 D app_process: I18n APEX ICU file found: /apex/com.android.i18n/etc/icu/icudt70l.dat
10-15 21:03:52.618 28858 28858 W app_process: ClassLoaderContext classpath size mismatch. expected=0, found=1 (PCL[] | PCL[/system/framework/android.test.runner.jar*2256426886])
10-15 21:03:52.639 28858 28858 E SemDvfsManager_JNI: SemDvfsManager: registerfunction enter
10-15 21:03:52.639 28858 28858 E SemAffinityControl: SemAffinityControl: registerfunction enter
10-15 21:03:52.648 28858 28858 D AndroidRuntime: Calling main entry com.android.commands.uiautomator.Launcher
10-15 21:03:52.667  1147  1194 I SurfaceFlinger: id=168100 createSurf, flag=80004, WindowToken{61586d type=2032 android.os.Binder@bd09884}#168100
10-15 21:03:52.668  1241  1618 D LocalDisplayAdapter: updateActiveModeLocked for d=4630946312756012673, mActiveModeId=2, mActiveSfDisplayMode=DisplayMode{id=1, width=1080, height=2408, xDpi=403.411, yDpi=402.389, refreshRate=60.000004, appVsyncOffsetNanos=1000000, presentationDeadlineNanos=16666666, group=1080}
10-15 21:03:52.670  1241  1618 I DisplayDeviceRepository: Display device changed: DisplayDeviceInfo{\"Built-in Screen\": uniqueId=\"local:4630946312756012673\", 1080 x 2408, modeId 2, defaultModeId 1, supportedModes [{id=1, width=1080, height=2408, fps=120.00001, alternativeRefreshRates=[60.000004]}, {id=2, width=1080, height=2408, fps=60.000004, alternativeRefreshRates=[120.00001]}], colorMode 0, supportedColorModes [0], hdrCapabilities HdrCapabilities{mSupportedHdrTypes=[], mMaxLuminance=500.0, mMaxAverageLuminance=500.0, mMinLuminance=0.0}, allmSupported false, gameContentTypeSupported false, density 450, 403.411 x 402.389 dpi, appVsyncOff 1000000, presDeadline 16666666, cutout DisplayCutout{insets=Rect(0, 65 - 0, 0) waterfall=Insets{left=0, top=0, right=0, bottom=0} boundingRect={Bounds=[Rect(0, 0 - 0, 0), Rect(454, 0 - 626, 65), Rect(0, 0 - 0, 0), Rect(0, 0 - 0, 0)]} cutoutPathParserInfo={CutoutPathParserInfo{displayWidth=1080 displayHeight=2408 physicalDisplayWidth=1080 physicalDisplayHeight=2408 density={2.8125} cutoutSpec={M 0,0 H -30.57777777777778 V 23.11111111111111 H 30.57777777777778 V 0 H 0 Z @dp} rotation={0} scale={1.0} physicalPixelDisplaySizeRatio={1.0}}}}, touch INTERNAL, rotation 0, type INTERNAL, address {port=129, model=0x40446d22b9ba26}, deviceProductInfo DeviceProductInfo{name=, manufacturerPnpId=QCM, productId=1, modelYear=null, manufactureDate=ManufactureDate{week=27, year=2006}, connectionToSinkType=0}, state ON, frameRateOverride , brightnessMinimum 0.0, brightnessMaximum 1.0, brightnessDefault 0.5019608, roundedCorners RoundedCorners{[RoundedCorner{position=TopLeft, radius=90, center=Point(90, 90)}, RoundedCorner{position=TopRight, radius=90, center=Point(990, 90)}, RoundedCorner{position=BottomRight, radius=90, center=Point(990, 2318)}, RoundedCorner{position=BottomLeft, radius=90, center=Point(90, 2318)}]}, FLAG_ALLOWED_TO_BE_DEFAULT_DISPLAY, FLAG_ROTATES_WITH_CONTENT, FLAG_SECURE, FLAG_SUPPORTS_PROTECTED_BUFFERS, installOrientation 0}
10-15 21:03:52.671  1241  2433 D SettingsProvider: isChangeAllowed() : name = accessibility_enabled
10-15 21:03:52.673  1241  2433 I GenerationRegistry: mBackingStore.isClosed() : false
10-15 21:03:52.674  1241  2433 D WindowMagnificationMgr: requestConnection :false mConnectionState : 3
10-15 21:03:52.674  1241  2433 W WindowMagnificationMgr: requestConnection duplicated request: connect=false, mConnectionState=DISCONNECTED
10-15 21:03:52.680  2296  2296 D DisplayLifecycle: updateDisplay id = 0
10-15 21:03:52.682  2262  2262 D DCT-C-0 : Screen INTERNAL on
10-15 21:03:52.682  1147  1188 I VSyncReactor: Current= 60, Period= 60, hwcPeriod= 60
10-15 21:03:52.686  1241  3378 D LiftUpHandler: [LTW] Stopped already.
10-15 21:03:52.687  1241  1241 D SGM:GameManager: onDisplayChanged. displyId: 0, state: 2
10-15 21:03:52.687  1241  1241 D AODManagerService: requestReCalToTSP IsSingleTouchMode = false / previousDisplayState = ON
10-15 21:03:52.687  1241  1241 D BatterySaverPolicy: accessibility changed to true, updating policy.
10-15 21:03:52.687  1241  2097 D SGM:FgCheckThread: onLooperPrepared(), msg: MSG_LCD_ON
10-15 21:03:52.690  1241  7346 D SettingsProvider: isChangeAllowed() : name = accessibility_enabled
10-15 21:03:52.690  1241  7346 I GenerationRegistry: mBackingStore.isClosed() : false
10-15 21:03:52.690  1241  7346 D WindowMagnificationMgr: requestConnection :false mConnectionState : 3
10-15 21:03:52.690  1241  7346 W WindowMagnificationMgr: requestConnection duplicated request: connect=false, mConnectionState=DISCONNECTED
10-15 21:03:52.690  1241  1618 I dvm_lock_sample: [system_server,1,android.display,11,WindowManagerService.java,8762,void com.android.server.wm.WindowManagerService$LocalService.requestTraversalFromDisplayManager(),InputMonitor.java,160,void com.android.server.wm.InputMonitor$UpdateInputWindows.run(),2]
10-15 21:03:52.695  1241  1618 D DisplayModeDirector: onBrightnessChangedLocked, brightness=128, lux=-1.0
10-15 21:03:52.695  1241  1618 D DisplayModeDirector: setPassiveMode=false, brightness=128, lux=-1.0, mRequestedPassive=false
10-15 21:03:52.700  1241  1241 I AccessibilityManagerService: semIsAccessibilityServiceEnabled()
10-15 21:03:52.700  1241  1241 I AccessibilityManagerService: accesibilityService is null
10-15 21:03:52.700  1241  1241 I AccessibilityManagerService: semIsAccessibilityServiceEnabled()
10-15 21:03:52.700  1241  1241 I AccessibilityManagerService: accesibilityService is null
10-15 21:03:52.700  1241  1241 D AS.AudioService: Accessibility volume enabled = false
10-15 21:03:52.703 27491 27491 V SafetyCenterAccessibilityListener: accessibility event occurred, safety center feature not enabled.
10-15 21:03:52.704 15717 15751 I A       : NGA disabled since it's running Panthera and at least one a11y feature is on.
10-15 21:03:52.704 15717 15751 I A       : (REDACTED) Nga state changed to %s
10-15 21:03:52.706  1241  1276 W WindowManager: Cannot find window which accessibility connection is added to
10-15 21:03:52.707 24120 24214 I A       : Unsubscribed to apa or classic variant change.
10-15 21:03:52.707 24120 24132 I A       : (REDACTED) APA or Classic session decision: %s.
10-15 21:03:52.708  1241  4329 W WindowManager: Cannot find window which accessibility connection is added to
10-15 21:03:52.715  2773  7989 I TouchInteractionService: onActiveNavBarRegionChanges, region : SkRegion((0,2273,388,2408)(389,2273,690,2408)(691,2273,961,2408))
10-15 21:03:52.717  2296  2296 V Navbar.Store: ----handleEvent(0) OnUpdateRemoteViewContainer(leftContainer=android.widget.LinearLayout{cbe1d66 I.E...... ......I. 0,0-118,135 #7f0b04f6 app:id/left_remoteview}, rightContainer=android.widget.LinearLayout{ccbc8a7 I.E...... ......I. 962,0-1080,135 #7f0b07aa app:id/right_remoteview}, contextualButtonVisible=false, darkIntensity=0.0) [Module] SamsungNavigationBarView
10-15 21:03:52.717  2296  2296 V Navbar.Store: ------[Band]REMOTE_VIEW_PACK_SET_REMOTEVIEW_CONTAINER
10-15 21:03:52.717  2296  2296 V Navbar.Store: --------apply(0) UpdateRemoteViewContainer
10-15 21:03:52.717  1241  1241 I notification_cancel: [10215,24120,com.google.android.googlequicksearchbox,720896,NULL,0,0,1088,8,NULL]
10-15 21:03:52.718  1241  1241 I notification_cancel: [10215,24120,com.google.android.googlequicksearchbox,720897,NULL,0,0,1088,8,NULL]
10-15 21:03:52.718  2296  2296 V Navbar.Store: --------apply(0) UpdateRemoteViewDarkIntensity
10-15 21:03:52.718  2296  2296 V Navbar.Store: handleEvent(0) OnNavBarUpdateA11YService(clickable=false, longClickable=false) [Module] NavigationBar
10-15 21:03:52.718  2296  2296 V Navbar.Store: --[Band]SETUPWIZARD_PACK_UPDATE_A11Y_SERVICE
10-15 21:03:52.718  1241  1241 I notification_cancel: [10215,24120,com.google.android.googlequicksearchbox,720900,NULL,0,0,1088,8,NULL]
10-15 21:03:52.719  1241  1241 I notification_cancel: [10215,24120,com.google.android.googlequicksearchbox,720904,NULL,0,0,1088,8,NULL]
10-15 21:03:52.719  1241  1241 I notification_cancel: [10215,24120,com.google.android.googlequicksearchbox,720905,NULL,0,0,1088,8,NULL]
10-15 21:03:52.720  1241  1241 I notification_cancel: [10215,24120,com.google.android.googlequicksearchbox,720906,NULL,0,0,1088,8,NULL]
10-15 21:03:52.721  1241  1241 I notification_cancel: [10215,24120,com.google.android.googlequicksearchbox,720907,NULL,0,0,1088,8,NULL]
10-15 21:03:52.721  1241  1241 I notification_cancel: [10215,24120,com.google.android.googlequicksearchbox,720908,NULL,0,0,1088,8,NULL]
10-15 21:03:52.722  1241  1241 I notification_cancel: [10215,24120,com.google.android.googlequicksearchbox,720909,NULL,0,0,1088,8,NULL]
10-15 21:03:52.722  1241  1241 I notification_cancel: [10215,24120,com.google.android.googlequicksearchbox,720910,NULL,0,0,1088,8,NULL]
10-15 21:03:52.727 15717 15771 I A       : Trying to enqueue PieTriggeringWorker
10-15 21:03:52.729 24120 24120 I A       : (REDACTED) eventData = %s
10-15 21:03:52.729 24120 24211 I A       : Logging success flow
10-15 21:03:52.733  2773  7989 I TouchInteractionService: onActiveNavBarRegionChanges, region : SkRegion((0,2273,388,2408)(389,2273,690,2408)(691,2273,961,2408))
10-15 21:03:52.738 15717 15771 I A       : Trying to enqueue PieTriggeringWorker
10-15 21:03:52.740 24120 24120 I A       : (REDACTED) eventData = %s
10-15 21:03:52.740 24120 24215 I A       : Logging success flow
10-15 21:03:52.752 15717 15771 I A       : Trying to enqueue PieTriggeringWorker
10-15 21:03:52.753 24120 24120 I A       : (REDACTED) eventData = %s
