10-15 21:09:27.930 17204 17740 V RILD    : IpcRxNetRegState: VolteSupport 0 ImsEmergencySupport 0 TAC 0 PhysicalCellId 0
10-15 21:09:27.930 17204 17740 D SemNativeCarrierFeature_vendor: getInstance
10-15 21:09:27.930 17204 17740 V RILD    : NotifyTimeoutChanged()
10-15 21:09:27.930  1259  8196 D AppOps  : noteOperation: allowing code 13 uid 2000 package com.android.shell flags: s
10-15 21:09:27.930 17204 17741 V RILD    : Reader: timeout=-1
10-15 21:09:27.930  3721  3721 I SemDvfsHyPerManager: acquire hyper - APP_START_SHORT/3721@14, type = -999
10-15 21:09:27.931 17204 17235 D RILD    : NET-MGR(3): evt(101)
10-15 21:09:27.931 17204 17235 D RILD    : RefreshHandler()
10-15 21:09:27.931 17204 17235 D RILD    : epdg was not regi.
10-15 21:09:27.931 17204 17235 D RILD    : it was rat 0 but it will be unknown owing to no service
10-15 21:09:27.931 17204 17235 V RILD    : DoGetCellInfoListForSync(): domain- 1, Request getCellInfoList
10-15 21:09:27.931 17204 17235 V RILD    : AllocateTransaction() - Use: 1, Last: 21
10-15 21:09:27.931 17204 17225 V RILD    : NotifyAsyncMessage Completed
10-15 21:09:27.932 17204 17235 D RILD    : SendMessage: svc(NAS), msg(0x43:QMI_NAS_GET_CELL_LOCATION_INFO), sync(0), internal(0), size(0)
10-15 21:09:27.932 17204 17235 V RILD    : Message obj refcnt=-1
10-15 21:09:27.932 17204 17240 D RILD    : QmiSolicitedCallback: msgId(67), err(0)
10-15 21:09:27.932 17204 17240 V RILD    : NotifyAsyncMessage Completed
10-15 21:09:27.933 17204 17226 D RILD    : ReceiveMessage: svc(NAS), msg(0x43:QMI_NAS_GET_CELL_LOCATION_INFO), indi(0), size(3784), err(0)
10-15 21:09:27.933 17204 17226 D RILD    : RxGetCellInfoList: Receive cell location info
10-15 21:09:27.933 17204 17226 D RILD    : Result(1), Error(13)
10-15 21:09:27.933 17204 17226 V RILD    : txn(56771) released
10-15 21:09:27.933  1259  8196 D CompatibilityChangeReporter: Compat change id reported: 194480991; UID 1000; state: ENABLED
10-15 21:09:27.933 17204 17235 D RILD    : NET-MGR(3): evt(131)
10-15 21:09:27.933 17204 17235 D RILD    : RefreshHandler()
10-15 21:09:27.933 17204 17235 V RILD    : OnGetCellInfoListForSyncDone(): domain- 1, ERROR case
10-15 21:09:27.933 17204 17235 V RILD    : CellReqComplete(): domain- 1
10-15 21:09:27.934 17204 17235 D RILD    : ConvertNetRegStateToCellIdentity - cellInfoType: 6 (Rat: 0, MobileRat: 0, CellInfoRat: 20)
10-15 21:09:27.934 17204 17235 D RILD    : RequestComplete - req : 21, peek : 21
10-15 21:09:27.934 17204 17236 D RILD    : DoRouteOut - FW reqId : 20
10-15 21:09:27.934 17204 17236 D RILD    : Onprocessing: request id(20), handleEvent(0)
10-15 21:09:27.934 17204 17235 V RILD    : Message obj refcnt=-1
10-15 21:09:27.934 17204 17235 D RILD    : NET-MGR(3): evt(0)
10-15 21:09:27.934 17204 17235 D RILD    : RefreshHandler()
10-15 21:09:27.934 17204 17235 V RILD    : AllocateTransaction() - Use: 1, Last: 22
10-15 21:09:27.934 17204 17225 V RILD    : NotifyAsyncMessage Completed
10-15 21:09:27.934 17204 17235 D RILD    : TxGetSysInfo: Cache hit!
10-15 21:09:27.935 17204 17235 V RILD    :  .. prep 5G
10-15 21:09:27.935 17204 17235 V RILD    : completed with 1
10-15 21:09:27.935 17204 17235 D RILD    : GetVoiceSysInfo: regState(12), voiceRte(20), isRte3gpp(1)
10-15 21:09:27.935 17204 17235 V RILD    :  ... so far ss, vrte 20
10-15 21:09:27.935 17204 17235 V RILD    : .. adjusting for reg reject 1, status 13
10-15 21:09:27.935 17204 17235 V RILD    :  ... so far in_service 0
10-15 21:09:27.935 17204 17235 D RILD    :  ... cid invalid, set cid to previous value 0, 1
10-15 21:09:27.935 17204 17235 D RILD    : cdmaCcsSupported: 0, SimulVoiceAndDataCapability Valid: 1, Value: 0
10-15 21:09:27.935 17204 17235 D RILD    : mReportedDataTechnology Valid: 1, Value: 14
10-15 21:09:27.935 17204 17235 V RILD    : .. in transfer reg reject 0
10-15 21:09:27.935 17204 17235 D RILD    : FillUpCellInfo - cellInfoRat: 20 (rteType: 1, rte: 7)
10-15 21:09:27.935 17204 17235 D RILD    : BuildVoiceRegState - Rte: 7, VoPS: 0, EbSupp: 0, EmerBarr: 0, Tac: 11297, VoiceSuppOnLte: 0, N: 0
10-15 21:09:27.935 17204 17235 V RILD    : txn(-1) released
10-15 21:09:27.935 17204 17235 V RILD    : Message obj refcnt=-1
10-15 21:09:27.935 17204 17235 D RILD    : NET-MGR(3): evt(100)
10-15 21:09:27.935 17204 17235 D RILD    : RefreshHandler()
10-15 21:09:27.935 17204 17235 D RILD    : IsRegistered - Feature: 0x0B
10-15 21:09:27.935  2246  2281 D RILJ    : [6013]< DATA_REGISTRATION_STATE {.regState = NOT_REG_MT_SEARCHING_OP_EM, .rat = UNKNOWN, .reasonForDenial = NONE, .cellIdentity = {.nr = {.base = {.mcc = 313, .mnc = 340, .nci = <MASKED>, .pci = <MASKED>, .tac = <MASKED>, .nrarfcn = -1, .operatorNames = {.alphaLong = DISH, .alphaShort = DSH}}, .additionalPlmns = [], .bands = []}}, .registeredPlmn = 313340, .accessTechnologySpecificInfo = {.noinit = {}}} [PHONE0]
10-15 21:09:27.935  2246  2372 W CellularNetworkService: Updating incorrect network type from UNKNOWN to NR
10-15 21:09:27.935  2246  2372 D CellularNetworkService: No access tech specific info passes for RegStateResult
10-15 21:09:27.935  1259  8196 D ActivityTaskManager: TaskLaunchParamsModifier:task=null activity=ActivityRecord{d02f0f u0 com.android.server.telecom/.components.UserCallActivity} display-id=0 display-windowing-mode=1 suggested-display-area=DefaultTaskDisplayArea@108840554
10-15 21:09:27.936  2246  2372 D NRM-C-0 : onRequestNetworkRegistrationInfoComplete result: 0, info: NetworkRegistrationInfo{ domain=PS transportType=WWAN registrationState=NOT_REG_SEARCHING roamingType=NOT_ROAMING accessNetworkTechnology=NR rejectCause=0 emergencyEnabled=true availableServices=[EMERGENCY] cellIdentity=CellIdentityNr:{ mPci = 0 mTac = 1***7 mNrArfcn = 2147483647 mBands = [] mMcc = 313 mMnc = 340 mNci = 4******00 mAlphaLong = DISH mAlphaShort = DSH mAdditionalPlmns = {} } voiceSpecificInfo=null dataSpecificInfo=android.telephony.DataSpecificRegistrationInfo :{ maxDataCalls = 16 isDcNrRestricted = false isNrAvailable = false isEnDcAvailable = false LteVopsSupportInfo :  mVopsSupport = 1 mEmcBearerSupport = 1 } nrState=**** rRplmn=313340 isUsingCarrierAggregation=false}
10-15 21:09:27.936  1259  8196 D [secipm]: mSecIpmManager Preload com.android.server.telecom dex files
10-15 21:09:27.936  1259  8196 D PkgPredictorService-SecIpmManager: dexFilePreload  uid=1000 pkgName:com.android.server.telecom path:/system/priv-app/Telecom
10-15 21:09:27.936 17204 17235 D RILD    : Use TAC (isLacValid: 0, RAT: 0)
10-15 21:09:27.936 17204 17235 V RILD    : DoGetCellInfoListForSync(): domain- 2, Request getCellInfoList
10-15 21:09:27.936  1259  8196 D ActivityTaskManager: TaskLaunchParamsModifier:task=null activity=ActivityRecord{d02f0f u0 com.android.server.telecom/.components.UserCallActivity} t-1} display-id=0 display-windowing-mode=1 suggested-display-area=DefaultTaskDisplayArea@108840554 non-freeform-display display-area=DefaultTaskDisplayArea@108840554 maximized-bounds
10-15 21:09:27.936  2246  2246 D SST     : [0] handlePollStateResultMessage: PS cellular. NetworkRegistrationInfo{ domain=PS transportType=WWAN registrationState=NOT_REG_SEARCHING roamingType=NOT_ROAMING accessNetworkTechnology=NR rejectCause=0 emergencyEnabled=true availableServices=[EMERGENCY] cellIdentity=CellIdentityNr:{ mPci = 0 mTac = 1***7 mNrArfcn = 2147483647 mBands = [] mMcc = 313 mMnc = 340 mNci = 4******00 mAlphaLong = DISH mAlphaShort = DSH mAdditionalPlmns = {} } voiceSpecificInfo=null dataSpecificInfo=android.telephony.DataSpecificRegistrationInfo :{ maxDataCalls = 16 isDcNrRestricted = false isNrAvailable = false isEnDcAvailable = false LteVopsSupportInfo :  mVopsSupport = 1 mEmcBearerSupport = 1 } nrState=**** rRplmn=313340 isUsingCarrierAggregation=false}
10-15 21:09:27.936 17204 17235 V RILD    : AllocateTransaction() - Use: 1, Last: 23
10-15 21:09:27.937 17204 17225 V RILD    : NotifyAsyncMessage Completed
10-15 21:09:27.937 17204 17235 D RILD    : SendMessage: svc(NAS), msg(0x43:QMI_NAS_GET_CELL_LOCATION_INFO), sync(0), internal(0), size(0)
10-15 21:09:27.937 17204 17235 V RILD    : Message obj refcnt=-1
10-15 21:09:27.937 17204 17240 D RILD    : QmiSolicitedCallback: msgId(67), err(0)
10-15 21:09:27.937 17204 17240 V RILD    : NotifyAsyncMessage Completed
10-15 21:09:27.937 17204 17226 D RILD    : ReceiveMessage: svc(NAS), msg(0x43:QMI_NAS_GET_CELL_LOCATION_INFO), indi(0), size(3784), err(0)
10-15 21:09:27.938 17204 17226 D RILD    : RxGetCellInfoList: Receive cell location info
10-15 21:09:27.938 17204 17226 D RILD    : Result(1), Error(13)
10-15 21:09:27.938 17204 17226 V RILD    : txn(56772) released
10-15 21:09:27.938 17204 17235 D RILD    : NET-MGR(3): evt(132)
10-15 21:09:27.938 17204 17235 D RILD    : RefreshHandler()
10-15 21:09:27.938 17204 17235 V RILD    : OnGetCellInfoListForSyncDone(): domain- 2, ERROR case
10-15 21:09:27.938 17204 17235 V RILD    : CellReqComplete(): domain- 2
10-15 21:09:27.938 17204 17235 D RILD    : ConvertNetRegStateToCellIdentity - cellInfoType: 6 (Rat: 0, MobileRat: 0, CellInfoRat: 20)
10-15 21:09:27.938 17204 17235 D RILD    : SetEmergencyState(): mState= 13 mMcc = 313
10-15 21:09:27.938 17204 17235 D SemNativeCarrierFeature_vendor: getInstance
10-15 21:09:27.938 17204 17235 D RILD    : SetEmergencyState(): Use default value Feature::QmiSupported(0) : 1
10-15 21:09:27.939  2246  2281 D SEM_RILJ: [UNSL]< UNSOL_EXTENDED_REGISTRATION_STATE {.isValid = true, .snapshotStatus = 0, .unprocessedDataRegState = NOT_REG_MT_SEARCHING_OP_EM, .unprocessedDataRat = 0, .mobileOptionalRat = 0, .imsEmergencyCallBarring = 0, .unprocessedVoiceRegState = REG_DENIED_EM, .isPsOnlyReg = false} [PHONE0]
10-15 21:09:27.939 17204 17235 D RILD    : RequestComplete - req : 20, peek : 20
10-15 21:09:27.939 17204 17235 V RILD    : Message obj refcnt=-1
10-15 21:09:27.939  2246  2246 D SST     : [0] EVENT_GET_EXTENDED_REGISTRATION_STATE
10-15 21:09:27.940  1259  2823 I SemDvfsHyPerManager: acquire hyper - AMS_APP_SWITCH/1259@18, type = -999
10-15 21:09:27.940  2246  2281 D RILJ    : [6014]< VOICE_REGISTRATION_STATE {.regState = REG_DENIED_EM, .rat = UNKNOWN, .reasonForDenial = NONE, .cellIdentity = {.nr = {.base = {.mcc = 313, .mnc = 340, .nci = <MASKED>, .pci = <MASKED>, .tac = <MASKED>, .nrarfcn = -1, .operatorNames = {.alphaLong = DISH, .alphaShort = DSH}}, .additionalPlmns = [], .bands = []}}, .registeredPlmn = 313340, .accessTechnologySpecificInfo = {.cdmaInfo = {.cssSupported = false, .roamingIndicator = 0, .systemIsInPrl = NOT_IN_PRL, .defaultRoamingIndicator = 0}}} [PHONE0]
10-15 21:09:27.940  1259  8196 I wm_task_created: [28984,-1]
10-15 21:09:27.940  2246  2372 W CellularNetworkService: Updating incorrect network type from UNKNOWN to NR
10-15 21:09:27.940  2246  2372 D NRM-C-0 : onRequestNetworkRegistrationInfoComplete result: 0, info: NetworkRegistrationInfo{ domain=CS transportType=WWAN registrationState=DENIED roamingType=NOT_ROAMING accessNetworkTechnology=NR rejectCause=0 emergencyEnabled=true availableServices=[EMERGENCY] cellIdentity=CellIdentityNr:{ mPci = 0 mTac = 1***7 mNrArfcn = 2147483647 mBands = [] mMcc = 313 mMnc = 340 mNci = 4******00 mAlphaLong = DISH mAlphaShort = DSH mAdditionalPlmns = {} } voiceSpecificInfo=VoiceSpecificRegistrationInfo { mCssSupported=false mRoamingIndicator=0 mSystemIsInPrl=0 mDefaultRoamingIndicator=0} dataSpecificInfo=null nrState=**** rRplmn=313340 isUsingCarrierAggregation=false}
10-15 21:09:27.940  1259  2468 I power_partial_wake_state: [CHG,22,*telephony-radio*:com.android.phone]
10-15 21:09:27.940  1259  2468 D AppOps  : startOperation: allowing code 40 uid 1001 package com.android.phone restricted: false flags: s
10-15 21:09:27.940  2246  2246 D SST     : [0] handlePollStateResultMessage: CS cellular. NetworkRegistrationInfo{ domain=CS transportType=WWAN registrationState=DENIED roamingType=NOT_ROAMING accessNetworkTechnology=NR rejectCause=0 emergencyEnabled=true availableServices=[EMERGENCY] cellIdentity=CellIdentityNr:{ mPci = 0 mTac = 1***7 mNrArfcn = 2147483647 mBands = [] mMcc = 313 mMnc = 340 mNci = 4******00 mAlphaLong = DISH mAlphaShort = DSH mAdditionalPlmns = {} } voiceSpecificInfo=VoiceSpecificRegistrationInfo { mCssSupported=false mRoamingIndicator=0 mSystemIsInPrl=0 mDefaultRoamingIndicator=0} dataSpecificInfo=null nrState=**** rRplmn=313340 isUsingCarrierAggregation=false}
10-15 21:09:27.941  2246  2246 D SST     : [0] combinePsRegistrationStates: {mVoiceRegState=1(OUT_OF_SERVICE), mDataRegState=1(OUT_OF_SERVICE), mChannelNumber=2147483647, duplexMode()=0, mCellBandwidths=[], mOperatorAlphaLong=, mOperatorAlphaShort=, isManualNetworkSelection=true(manual), getRilVoiceRadioTechnology=20(NR_SA), getRilDataRadioTechnology=20(NR_SA), mCssIndicator=unsupported, mNetworkId=*1, mSystemId=*1, mCdmaRoamingIndicator=-1, mCdmaDefaultRoamingIndicator=-1, VoiceRegType=0, Snap=0, MobileData=OUT_OF_SERVICE, MobileDataRoamingType=home, MobileDataRat=Unknown, PsOnly=false, FemtocellInd=0, SprDisplayRoam=false, OptRadioTech=0, MsimSubmode=0, mIsEmergencyOnly=true, isUsingCarrierAggregation=false, mArfcnRsrpBoost=0, mNetworkRegistrationInfos=[NetworkRegistrationInfo{ domain=PS transportType=WWAN registrationState=NOT_REG_SEARCHING roamingType=NOT_ROAMING accessNetworkTechnology=NR rejectCause=0 emergencyEnabled=true availableServices=[EMERGENCY] cellIdentity=CellIdentityNr:{ mPci = 0 mTac = 1***7 mNrArfcn = 2147483647 mBands = [] mMcc = 313 mMnc = 340 mNci = 4******00 mAlphaLong = DISH mAlphaShort = DSH mAdditionalPlmns = {} } voiceSpecificInfo=null dataSpecificInfo=android.telephony.DataSpecificRegistrationInfo :{ maxDataCalls = 16 isDcNrRestricted = false isNrAvailable = false isEnDcAvailable = false LteVopsSupportInfo :  mVopsSupport = 1 mEmcBearerSupport = 1 } nrState=**** rRplmn=313340 isUsingCarrierAggregation=false}, NetworkRegistrationInfo{ domain=CS transportType=WWAN registrationState=DENIED roamingType=NOT_ROAMING accessNetworkTechnology=NR rejectCause=0 emergencyEnabled=true availableServices=[EMERGENCY] cellIdentity=CellIdentityNr:{ mPci = 0 mTac = 1***7 mNrArfcn = 2147483647 mBands = [] mMcc = 313 mMnc = 340 mNci = 4******00 mAlphaLong = DISH mAlphaShort = DSH mAdditionalPlmns = {} } voiceSpecificInfo=VoiceSpecificRegistrationInfo { mCssSupported=false mRoamingIndicator=0 mSystemIsInPrl=0 mDefaultRoamingIndicator=0} dataSpecificInfo=null nrState=**** rRplmn=313340 isUsingCarrierAggregation=false}], mNrFrequencyRange=0, mOperatorAlphaLongRaw=, mOperatorAlphaShortRaw=, mIsDataRoamingFromRegistration=false, mIsIwlanPreferred=false}
10-15 21:09:27.941  1259  2468 I power_partial_wake_state: [REL,0,*telephony-radio*:com.android.phone]
10-15 21:09:27.941  1259  8196 I wm_task_windowing_mode_changed: [28984,0,1]
10-15 21:09:27.942  1145  1193 I SurfaceFlinger: id=141748 createSurf, flag=24004, Task=28984#141748
10-15 21:09:27.942  2246  2246 D SST     : [0] setRoamingType: currentRoamingType = 0
10-15 21:09:27.942  2246  2246 D SST     : [0] prePollStateDone - mNewSS: {mVoiceRegState=1(OUT_OF_SERVICE), mDataRegState=1(OUT_OF_SERVICE), mChannelNumber=2147483647, duplexMode()=0, mCellBandwidths=[], mOperatorAlphaLong=, mOperatorAlphaShort=, isManualNetworkSelection=true(manual), getRilVoiceRadioTechnology=20(NR_SA), getRilDataRadioTechnology=20(NR_SA), mCssIndicator=unsupported, mNetworkId=*1, mSystemId=*1, mCdmaRoamingIndicator=-1, mCdmaDefaultRoamingIndicator=-1, VoiceRegType=0, Snap=0, MobileData=OUT_OF_SERVICE, MobileDataRoamingType=home, MobileDataRat=Unknown, PsOnly=false, FemtocellInd=0, SprDisplayRoam=false, OptRadioTech=0, MsimSubmode=0, mIsEmergencyOnly=true, isUsingCarrierAggregation=false, mArfcnRsrpBoost=0, mNetworkRegistrationInfos=[NetworkRegistrationInfo{ domain=CS transportType=WWAN registrationState=DENIED roamingType=NOT_ROAMING accessNetworkTechnology=NR rejectCause=0 emergencyEnabled=true availableServices=[EMERGENCY] cellIdentity=CellIdentityNr:{ mPci = 0 mTac = 1***7 mNrArfcn = 2147483647 mBands = [] mMcc = 313 mMnc = 340 mNci = 4******00 mAlphaLong = DISH mAlphaShort = DSH mAdditionalPlmns = {} } voiceSpecificInfo=VoiceSpecificRegistrationInfo { mCssSupported=false mRoamingIndicator=0 mSystemIsInPrl=0 mDefaultRoamingIndicator=0} dataSpecificInfo=null nrState=**** rRplmn=313340 isUsingCarrierAggregation=false}, NetworkRegistrationInfo{ domain=PS transportType=WWAN registrationState=NOT_REG_SEARCHING roamingType=NOT_ROAMING accessNetworkTechnology=NR rejectCause=0 emergencyEnabled=true availableServices=[EMERGENCY] cellIdentity=CellIdentityNr:{ mPci = 0 mTac = 1***7 mNrArfcn = 2147483647 mBands = [] mMcc = 313 mMnc = 340 mNci = 4******00 mAlphaLong = DISH mAlphaShort = DSH mAdditionalPlmns = {} } voiceSpecificInfo=null dataSpecificInfo=android.telephony.DataSpecificRegistrationInfo :{ maxDataCalls = 16 isDcNrRestricted = false isNrAvailable = false isEnDcAvailable = false LteVopsSupportInfo :  mVopsSupport = 1 mEmcBearerSupport = 1 } nrState=**** rRplmn=313340 isUsingCarrierAggregation=false}], mNrFrequencyRange=0, mOperatorAlphaLongRaw=, mOperatorAlphaShortRaw=, mIsDataRoamingFromRegistration=false, mIsIwlanPreferred=false}
10-15 21:09:27.943  2246  2246 D SST     : [0] updateNrFrequencyRangeFromPhysicalChannelConfigs - nrFrequencyRange: 0 -> 0
10-15 21:09:27.943  2246  2246 D SST     : [0] Poll ServiceState done: oldSS=[{mVoiceRegState=1(OUT_OF_SERVICE), mDataRegState=1(OUT_OF_SERVICE), mChannelNumber=2147483647, duplexMode()=0, mCellBandwidths=[], mOperatorAlphaLong=, mOperatorAlphaShort=, isManualNetworkSelection=true(manual), getRilVoiceRadioTechnology=20(NR_SA), getRilDataRadioTechnology=20(NR_SA), mCssIndicator=unsupported, mNetworkId=*1, mSystemId=*1, mCdmaRoamingIndicator=-1, mCdmaDefaultRoamingIndicator=-1, VoiceRegType=0, Snap=0, MobileData=OUT_OF_SERVICE, MobileDataRoamingType=home, MobileDataRat=Unknown, PsOnly=false, FemtocellInd=0, SprDisplayRoam=false, OptRadioTech=0, MsimSubmode=0, mIsEmergencyOnly=true, isUsingCarrierAggregation=false, mArfcnRsrpBoost=0, mNetworkRegistrationInfos=[NetworkRegistrationInfo{ domain=CS transportType=WWAN registrationState=DENIED roamingType=NOT_ROAMING accessNetworkTechnology=NR rejectCause=0 emergencyEnabled=true availableServices=[EMERGENCY] cellIdentity=CellIdentityNr:{ mPci = 0 mTac = 1***7 mNrArfcn = 2147483647 mBands = [] mMcc = 313 mMnc = 340 mNci = 4******00 mAlphaLong = DISH mAlphaShort = DSH mAdditionalPlmns = {} } voiceSpecificInfo=VoiceSpecificRegistrationInfo { mCssSupported=false mRoamingIndicator=0 mSystemIsInPrl=0 mDefaultRoamingIndicator=0} dataSpecificInfo=null nrState=**** rRplmn=313340 isUsingCarrierAggregation=false}, NetworkRegistrationInfo{ domain=PS transportType=WWAN registrationState=NOT_REG_SEARCHING roamingType=NOT_ROAMING accessNetworkTechnology=NR rejectCause=0 emergencyEnabled=true availableServices=[EMERGENCY] cellIdentity=CellIdentityNr:{ mPci = 0 mTac = 1***7 mNrArfcn = 2147483647 mBands = [] mMcc = 313 mMnc = 340 mNci = 4******00 mAlphaLong = DISH mAlphaShort = DSH mAdditionalPlmns = {} } voiceSpecificInfo=null dataSpecificInfo=android.telephony.DataSpecificRegistrationInfo :{ maxDataCalls = 16 isDcNrRestricted = false isNrAvailable = false isEnDcAvailable = false LteVopsSupportInfo :  mVopsSupport = 1 mEmcBearerSupport = 1 } nrState=**** rRplmn=313340 isUsingCarrierAggregation=false}], mNrFrequencyRange=0, mOperatorAlphaLongRaw=, mOperatorAlphaShortRaw=, mIsDataRoamingFromRegistration=false, mIsIwlanPreferred=false}]
10-15 21:09:27.943  2246  2246 D SST     : [0] Poll ServiceState done: newSS=[{mVoiceRegState=1(OUT_OF_SERVICE), mDataRegState=1(OUT_OF_SERVICE), mChannelNumber=2147483647, duplexMode()=0, mCellBandwidths=[], mOperatorAlphaLong=, mOperatorAlphaShort=, isManualNetworkSelection=true(manual), getRilVoiceRadioTechnology=20(NR_SA), getRilDataRadioTechnology=20(NR_SA), mCssIndicator=unsupported, mNetworkId=*1, mSystemId=*1, mCdmaRoamingIndicator=-1, mCdmaDefaultRoamingIndicator=-1, VoiceRegType=0, Snap=0, MobileData=OUT_OF_SERVICE, MobileDataRoamingType=home, MobileDataRat=Unknown, PsOnly=false, FemtocellInd=0, SprDisplayRoam=false, OptRadioTech=0, MsimSubmode=0, mIsEmergencyOnly=true, isUsingCarrierAggregation=false, mArfcnRsrpBoost=0, mNetworkRegistrationInfos=[NetworkRegistrationInfo{ domain=CS transportType=WWAN registrationState=DENIED roamingType=NOT_ROAMING accessNetworkTechnology=NR rejectCause=0 emergencyEnabled=true availableServices=[EMERGENCY] cellIdentity=CellIdentityNr:{ mPci = 0 mTac = 1***7 mNrArfcn = 2147483647 mBands = [] mMcc = 313 mMnc = 340 mNci = 4******00 mAlphaLong = DISH mAlphaShort = DSH mAdditionalPlmns = {} } voiceSpecificInfo=VoiceSpecificRegistrationInfo { mCssSupported=false mRoamingIndicator=0 mSystemIsInPrl=0 mDefaultRoamingIndicator=0} dataSpecificInfo=null nrState=**** rRplmn=313340 isUsingCarrierAggregation=false}, NetworkRegistrationInfo{ domain=PS transportType=WWAN registrationState=NOT_REG_SEARCHING roamingType=NOT_ROAMING accessNetworkTechnology=NR rejectCause=0 emergencyEnabled=true availableServices=[EMERGENCY] cellIdentity=CellIdentityNr:{ mPci = 0 mTac = 1***7 mNrArfcn = 2147483647 mBands = [] mMcc = 313 mMnc = 340 mNci = 4******00 mAlphaLong = DISH mAlphaShort = DSH mAdditionalPlmns = {} } voiceSpecificInfo=null dataSpecificInfo=android.telephony.DataSpecificRegistrationInfo :{ maxDataCalls = 16 isDcNrRestricted = false isNrAvailable = false isEnDcAvailable = false LteVopsSupportInfo :  mVopsSupport = 1 mEmcBearerSupport = 1 } nrState=**** rRplmn=313340 isUsingCarrierAggregation=false}], mNrFrequencyRange=0, mOperatorAlphaLongRaw=, mOperatorAlphaShortRaw=, mIsDataRoamingFromRegistration=false, mIsIwlanPreferred=false}]
10-15 21:09:27.943  2246  2246 D SST     : [0] oldMaxDataCalls=16 mNewMaxDataCalls=16 oldReasonDataDenied=0 mNewReasonDataDenied=0
10-15 21:09:27.944  2246  2246 D SST     : [0] pollStateDone: hasRegistered = false hasDeregistered = false hasDataAttached = {1=false} hasDataDetached = {1=false} hasDataRegStateChanged = {1=false} hasRilVoiceRadioTechnologyChanged = false hasRilDataRadioTechnologyChanged = {1=false} hasDataTransportPreferenceChanged = false hasChanged = false hasVoiceRoamingOn = false hasVoiceRoamingOff = false hasDataRoamingOn =false hasDataRoamingOff = false hasLocationChanged = false has4gHandoff = false hasMultiApnSupport = false hasLostMultiApnSupport = false hasCssIndicatorChanged = false hasNrFrequencyRangeChanged = false hasNrStateChanged = false hasBandwidthChanged = true hasAirplaneModeOnlChanged = false
10-15 21:09:27.944  2246  2246 D SST     : [0] postPollStateDone(DSG) - mNrBearerStatusOnPoll: -1
10-15 21:09:27.944  2246  2246 D NetworkTypeController: [0] LegacyState: process EVENT_BANDWIDTH_CHANGED
10-15 21:09:27.944  2246  2246 D NetworkTypeController: [0] Remove primary timer! rat: 0, currentState: legacy
10-15 21:09:27.944  2246  2246 D NetworkTypeController: [0] DefaultState: process EVENT_BANDWIDTH_CHANGED
10-15 21:09:27.944  2246  2246 D NetworkTypeController: [0] is5gAvailable: false, 0, 0
10-15 21:09:27.945  1259  8196 D ActivityTaskManager: TaskLaunchParamsModifier:task=Task{b94cb9c #28984 type=standard A=1000:com.android.server.telecom U=0 visible=false visibleRequested=false mode=fullscreen translucent=true sz=0} activity=ActivityRecord{d02f0f u0 com.android.server.telecom/.components.UserCallActivity} t-1} display-from-task=0 display-id=0 display-windowing-mode=1 suggested-display-area=DefaultTaskDisplayArea@108840554 non-freeform-display display-area=DefaultTaskDisplayArea@108840554 maximized-bounds
10-15 21:09:27.945  1259  8196 D CompatibilityChangeReporter: Compat change id reported: 174042980; UID 1000; state: DISABLED
10-15 21:09:27.946  1145  1193 I SurfaceFlinger: id=141749 createSurf, flag=80004, ActivityRecord{d02f0f u0 com.android.server.telecom/.components.UserCallActivity} t28984}#141749
10-15 21:09:27.946  3721  3721 I SemDvfsHyPerManager: acquire hyper - APP_START_SHORT/3721@14, type = -999
10-15 21:09:27.947  1259  2823 D ActivityManagerPerformance: AMP_acquire() APP_SWITCH
10-15 21:09:27.948   980  1102 I HYPER-HAL: [ResourceManager.cpp]updateResource(): [CPUMinFreq] UpdateResource Request ID : 831435    Value : 2208000
10-15 21:09:27.948   980  1102 I HYPER-HAL: [RequestManager.cpp]acquire(): Acquired ID : 6976994  [3721 / 14]    HINT : APP_START    list : [TIMEOUT / 1500] 
10-15 21:09:27.948  1259  8196 I wm_task_moved: [28984,1,8]
10-15 21:09:27.948  1259  8196 I wm_task_to_front: [0,28984]
10-15 21:09:27.949  1259  8196 D ActivityTaskManager: scheduleTopResumedActivityChanged, onTop=false r=ActivityRecord{2ed9494 u0 com.sec.android.RilServiceModeApp/.ServiceModeApp} t28983} caller=com.android.server.wm.ActivityTaskSupervisor.updateTopResumedActivityIfNeeded:2508 com.android.server.wm.TaskDisplayArea.positionChildTaskAt:602 com.android.server.wm.TaskDisplayArea.positionChildAt:537 com.android.server.wm.Task.moveToFrontInner:6051 com.android.server.wm.Task.moveToFront:6017 com.android.server.wm.ActivityStarter.startActivityInner:2917 
10-15 21:09:27.949   980  1102 I HYPER-HAL: [ResourceManager.cpp]updateResource(): [CPUMaxFreq] UpdateResource Request ID : 6976994    Value : 2208000
10-15 21:09:27.949  1259  8196 I wm_create_task: [0,28984,1]
10-15 21:09:27.949  1259  8196 I wm_create_activity: [0,13643535,28984,com.android.server.telecom/.components.UserCallActivity,android.intent.action.CALL,NULL,tel:xxxxxxxxxx,276824064,startActivityAsUser:com.android.shell:14922]
10-15 21:09:27.949   980  1102 I HYPER-HAL: [RequestManager.cpp]acquire(): Acquired ID : 816021  [1259 / 18]    HINT : AMS_APP_SWITCH    list : 
10-15 21:09:27.949  2246  2246 I wm_on_top_resumed_lost_called: [49124500,com.sec.android.RilServiceModeApp.ServiceModeApp,topStateChangedWhenResumed]
10-15 21:09:27.949  1259  8196 I wm_task_moved: [28984,1,8]
10-15 21:09:27.949   980  1102 I HYPER-HAL: [ResourceManager.cpp]updateResource(): [CPULittleMinFreq] UpdateResource Request ID : 816021    Value : 1804800
10-15 21:09:27.949  1259  8196 W WindowManager: Prepare app transition: mNextAppTransitionRequests=[TRANSIT_OPEN], mNextAppTransitionFlags=, displayId: 0 Callers=com.android.server.wm.DisplayContent.prepareAppTransition:6470 com.android.server.wm.DisplayContent.prepareAppTransition:6461 com.android.server.wm.Task.startActivityLocked:6593 com.android.server.wm.ActivityStarter.startActivityInner:2973 com.android.server.wm.ActivityStarter.startActivityUnchecked:2463 
10-15 21:09:27.950  1259  8196 V WindowManager: Checking theme of starting window: 0x7f110188
10-15 21:09:27.950  1259  8196 V WindowManager: Translucent=true Floating=true ShowWallpaper=false Disable=false
10-15 21:09:27.950  1259  8196 D CompatibilityChangeReporter: Compat change id reported: 205907456; UID 1000; state: ENABLED
10-15 21:09:27.950  1259  8196 I wm_pause_activity: [0,49124500,com.sec.android.RilServiceModeApp/.ServiceModeApp,userLeaving=true,pauseBackTasks]
10-15 21:09:27.951  1259  8196 I SemDvfsHyPerManager: acquire hyper - AMS_APP_LAUNCH/1259@15, type = -999
10-15 21:09:27.952   980  1102 I HYPER-HAL: [ResourceManager.cpp]updateResource(): [CPUMinFreq] UpdateResource Request ID : 816021    Value : 2208000
10-15 21:09:27.952   980  1102 I HYPER-HAL: [RequestManager.cpp]acquire(): Acquired ID : 6976994  [3721 / 14]    HINT : APP_START    list : [TIMEOUT / 1500] 
10-15 21:09:27.953   980  1102 I HYPER-HAL: [ResourceManager.cpp]updateResource(): [CPUMaxFreq] UpdateResource Request ID : 6976994    Value : 2208000
10-15 21:09:27.953   980  1102 I HYPER-HAL: [RequestManager.cpp]acquire(): Acquired ID : 812190  [1259 / 15]    HINT : AMS_APP_LAUNCH    list : 
10-15 21:09:27.953   980  1102 I HYPER-HAL: [ResourceManager.cpp]updateResource(): [CPULittleMinFreq] UpdateResource Request ID : 812190    Value : 1804800
10-15 21:09:27.954  2246  2246 I ModemServiceMode: onPause occur
10-15 21:09:27.954  1259  8196 D PowerManagerService: [api] release WakeLock SCREEN_DIM_WAKE_LOCK           'svcModeApp' ON_AFTER_RELEASE ACQ=-49s7ms (uid=1001 pid=2246 displayId=-1 lock=ab4bdad)
10-15 21:09:27.954  1259  8196 D EdgeLightingManager: hideForWakeLock packageName=com.sec.android.RilServiceModeApp
10-15 21:09:27.954  1259  8196 D EdgeLightingManager: hideForWakeLock is no more used
10-15 21:09:27.954  1259  8196 D PowerManagerService: [api] applyWakeLockFlagsOnReleaseLocked : userActivityNoUpdateLocked is called : SCREEN_DIM_WAKE_LOCK           'svcModeApp' ON_AFTER_RELEASE DISABLED (uid=1001 pid=2246 displayId=-1 lock=ab4bdad)
10-15 21:09:27.955  2246  2246 I ModemServiceMode: End Service Mode !
10-15 21:09:27.955  3721  3721 I SemDvfsHyPerManager: acquire hyper - APP_START/3721@16, type = -999
10-15 21:09:27.955   980  1102 I HYPER-HAL: [ResourceManager.cpp]updateResource(): [CPUMinFreq] UpdateResource Request ID : 812190    Value : 2208000
10-15 21:09:27.955   980  1102 I HYPER-HAL: [RequestManager.cpp]acquire(): Acquired ID : 6984469  [3721 / 16]    HINT : APP_START    list : 
10-15 21:09:27.955  2738  2738 I TopTaskTracker: onTaskMovedToFront : taskId = 28984
10-15 21:09:27.955  2246  2246 I wm_on_paused_called: [49124500,com.sec.android.RilServiceModeApp.ServiceModeApp,performPause]
10-15 21:09:27.956  1259 11677 D MARsPolicyManager: onPackageResumedFG pkgName = com.android.server.telecom, userId = 0
10-15 21:09:27.956   980  1102 I HYPER-HAL: [ResourceManager.cpp]updateResource(): [CPUMaxFreq] UpdateResource Request ID : 6984469    Value : 2208000
10-15 21:09:27.956  1259 11677 W WindowManager: Prepare app transition: mNextAppTransitionRequests=[TRANSIT_OPEN, TRANSIT_OPEN], mNextAppTransitionFlags=, displayId: 0 Callers=com.android.server.wm.DisplayContent.prepareAppTransition:6470 com.android.server.wm.TaskFragment.resumeTopActivity:1573 com.android.server.wm.TaskFragment.resumeTopActivity:1307 com.android.server.wm.Task.resumeTopActivityInnerLocked:6449 com.android.server.wm.Task.resumeTopActivityUncheckedLocked:6350 
10-15 21:09:27.957  1259  1698 I sysui_multi_action: [757,803,799,window_time_0,802,49]
10-15 21:09:27.957  1259  1701 I ActivityManager: com.android.server.telecom is exempt from freezer
10-15 21:09:27.958  1259  2468 D AppOps  : startOperation: allowing code 40 uid 1001 package com.sec.phone restricted: false flags: s
10-15 21:09:27.958  1259  1701 D CompatibilityChangeReporter: Compat change id reported: 135634846; UID 1000; state: DISABLED
10-15 21:09:27.958 17206 17744 D Multi-Client: OemClient::ProcessBuffer() from [5], token[33], datalen[6]
10-15 21:09:27.958  1259  1701 D CompatibilityChangeReporter: Compat change id reported: 177438394; UID 1000; state: DISABLED
10-15 21:09:27.959  1259  1701 D CompatibilityChangeReporter: Compat change id reported: 135772972; UID 1000; state: DISABLED
10-15 21:09:27.959  1259  1701 D CompatibilityChangeReporter: Compat change id reported: 135754954; UID 1000; state: ENABLED
10-15 21:09:27.959 17204 17204 D RILD    : IsRegisteredNetworkType(): netType[1]  feature[00] state[0] 
10-15 21:09:27.959 17204 17236 D RILD    : DoRouteIn - FW reqId : 59
10-15 21:09:27.959 17204 17236 D RILD    : DoRouteOut - FW reqId : 59
10-15 21:09:27.959 17204 17236 D RILD    : GetMessage : oem func id = 0x01
10-15 21:09:27.959 17204 17236 D RILD    : Onprocessing: request id(59), handleEvent(100)
10-15 21:09:27.959 17204 17235 D RILD    : SVC-MGR(19): evt(100)
10-15 21:09:27.959 17204 17235 D RILD    : OnOemServiceMode: sub id = 0x02, 2
10-15 21:09:27.959 17204 17235 V RILD    : NotifyTimeoutChanged()
10-15 21:09:27.959 17204 17235 D RILD    : IpcTxSetEndServiceMode:
10-15 21:09:27.959 17204 17235 V RILD    : IpcModem::SendMessage
10-15 21:09:27.959 17204 17235 D RILD    : [L] TX: (M)SVC_CMD (S)SVC_END (T)SET l:8 m:23 a:00 [ 04 ]
10-15 21:09:27.959 17204 17235 V RILD    : IpcModem::DoIoChannelRouting
10-15 21:09:27.960 17204 17736 V RILD    : Reader: timeout=10000
10-15 21:09:27.960  1259  1259 I CocktailBarManagerServiceContainer: handleMessage: entry what = 6
10-15 21:09:27.960  1259  1259 I CocktailBarManagerServiceImpl: notePauseComponent : no active host
10-15 21:09:27.960 17204 17235 V RILD    : Message obj refcnt=-1
10-15 21:09:27.960 17204 17733 D RILD    : QmiVssUnsolicitedCallback: msgId(6)
10-15 21:09:27.961 17204 17733 D RILD    : IpcOverQmiChannel: NotifyAsyncMessage completed
10-15 21:09:27.961 17204 17734 V RILD    : IpcModem::ReceiveMessage
10-15 21:09:27.961 17204 17734 V RILD    : IpcModem::DoIoChannelRouting
10-15 21:09:27.961 17204 17734 D RILD    : [L] RX: (M)GEN_CMD (S)GEN_PHONE_RES (T)RESP l:c m:00 a:23 [ 0B 02 03 00 80 ]
10-15 21:09:27.961 17204 17734 V RILD    : MatchIpc: mMainCmd 11 mainCmd 0b mSubCmdMask ffffffffffffffff_ffffffffffffffff subCmd 02
10-15 21:09:27.961 17204 17734 V RILD    : MatchIpc: mMainCmd 16 mainCmd 0b mSubCmdMask 0_f1b06fefe subCmd 02
10-15 21:09:27.961 17204 17734 V RILD    : MatchIpc: mMainCmd 23 mainCmd 0b mSubCmdMask 0_36 subCmd 02
10-15 21:09:27.961 17204 17734 V RILD    : MatchIpc: mMainCmd 24 mainCmd 0b mSubCmdMask ffffffffffffffff_ffffffffffffffff subCmd 02
10-15 21:09:27.961 17204 17734 V RILD    : MatchIpc: mMainCmd 25 mainCmd 0b mSubCmdMask ffffffffffffffff_ffffffffffffffff subCmd 02
10-15 21:09:27.961 17204 17734 D RILD    : IpcProtocol41Gen GR: 0x8000
10-15 21:09:27.961 17204 17734 D RILD    : IpcProtocol GR: 0x8000
10-15 21:09:27.961 17204 17734 V RILD    : NotifyTimeoutChanged()
10-15 21:09:27.961  1259  1701 D SGM:FgCheckThread: notePauseComponent(), received pkgName: com.sec.android.RilServiceModeApp, userId: 0
10-15 21:09:27.961 17204 17736 V RILD    : Reader: timeout=-1
10-15 21:09:27.961 17204 17235 D RILD    : SVC-MGR(19): evt(102)
10-15 21:09:27.962 17204 17235 D RILD    : EVENT_GEN_RESP_DONE response
10-15 21:09:27.962 17204 17235 D RILD    : RequestComplete - req : 59, peek : 59
10-15 21:09:27.962 17206 17214 D Multi-Client: Oem OnRequestComplete:(5)
10-15 21:09:27.962 17204 17235 V RILD    : Message obj refcnt=-1
10-15 21:09:27.963  2246  2246 I ModemServiceMode: Service mode End
10-15 21:09:27.963  1259  8958 I power_partial_wake_state: [REL,6,RILS:com.sec.phone]
10-15 21:09:27.963  1259 11677 I wm_finish_activity: [0,49124500,28983,com.sec.android.RilServiceModeApp/.ServiceModeApp,app-request]
10-15 21:09:27.964  1259 11677 W WindowManager: Prepare app transition: mNextAppTransitionRequests=[TRANSIT_OPEN, TRANSIT_OPEN, TRANSIT_CLOSE], mNextAppTransitionFlags=, displayId: 0 Callers=com.android.server.wm.DisplayContent.prepareAppTransition:6470 com.android.server.wm.DisplayContent.prepareAppTransition:6461 com.android.server.wm.ActivityRecord.prepareActivityHideTransitionAnimation:4255 com.android.server.wm.ActivityRecord.finishIfPossible:4202 com.android.server.wm.ActivityClientController.finishActivity:522 
10-15 21:09:27.964  1259 11677 W WindowManager: Execute app transition: mNextAppTransitionRequests=[TRANSIT_OPEN, TRANSIT_OPEN, TRANSIT_CLOSE], mNextAppTransitionFlags=, displayId: 0 Callers=com.android.server.wm.ActivityRecord.prepareActivityHideTransitionAnimation:4257 com.android.server.wm.ActivityRecord.finishIfPossible:4202 com.android.server.wm.ActivityClientController.finishActivity:522 android.app.IActivityClientController$Stub.onTransact:711 com.android.server.wm.ActivityClientController.onTransact:136 
10-15 21:09:27.965  1259 11677 D CompatibilityChangeReporter: Compat change id reported: 181136395; UID 1000; state: DISABLED
10-15 21:09:27.965  1259 11677 D CompatibilityChangeReporter: Compat change id reported: 174042936; UID 1000; state: DISABLED
10-15 21:09:27.966  1259 11677 V WindowManager: Setting visibility of Window{463ab57 u0 com.samsung.android.dialer/com.samsung.android.dialer.DialtactsActivity}: true, caller=com.android.server.wm.WindowContainer.sendAppVisibilityToClients:1246 com.android.server.wm.WindowToken.setClientVisible:431 com.android.server.wm.ActivityRecord.setClientVisible:7682 com.android.server.wm.ActivityRecord.setVisibility:6082 com.android.server.wm.ActivityRecord.setVisibility:5975 
10-15 21:09:27.966 14404 14404 I ViewRootImpl@7834c88[DialtactsActivity]: handleAppVisibility mAppVisible = false visible = true
10-15 21:09:27.966  1259  1701 I ActivityManager: Changes in 10095 15 to 2, 0 to 15
10-15 21:09:27.967  1259  1701 I AppOps  : updateUidProcState uid: 10095 procState: 2 capability:15
10-15 21:09:27.967   863   863 D Zygote  : Forked child process 14931
10-15 21:09:27.967  1259  1701 I AppOps  : commitUidPendingStateLocked() :: UID - 10095, 700 > 200, 0 > 15
10-15 21:09:27.967  1259  1701 I ActivityManager: updateOomAdj start time is before than pendingPid added, don't delete it
10-15 21:09:27.967  1259 11677 D WindowManagerServiceExt: notifyOccludeChangeNotice: cn=ComponentInfo{com.samsung.android.dialer/com.samsung.android.dialer.DialtactsActivity} occludesParent=true inMultiWindow=false styleFloating=false caller=com.android.server.wm.WindowManagerServiceExt.updateOccludeTargetIfNeeded:1402 com.android.server.wm.DisplayContent.ensureActivitiesVisible:7509 com.android.server.wm.ActivityRecord.completeFinishing:4302 com.android.server.wm.ActivityRecord.completeFinishing:4261 com.android.server.wm.ActivityRecord.finishIfPossible:4205 
10-15 21:09:27.967  1259 11677 I wm_add_to_stopping: [0,49124500,com.sec.android.RilServiceModeApp/.ServiceModeApp,completeFinishing]
10-15 21:09:27.968 14404 14404 I ViewRootImpl@7834c88[DialtactsActivity]: stopped(false) old = true
10-15 21:09:27.968 14404 14404 I ViewRootImpl@7834c88[DialtactsActivity]: WindowStopped on com.samsung.android.dialer/com.samsung.android.dialer.DialtactsActivity set to false
10-15 21:09:27.969  1259  1699 D PkgPredictorService-SecIpmManagerServiceImpl: onForegroundActivitiesChanged pid:14404 uid:10095
10-15 21:09:27.969 14404 14404 I wm_on_restart_called: [38897805,com.samsung.android.dialer.DialtactsActivity,performRestartActivity]
10-15 21:09:27.970 14404 14404 I VerificationLog: [D] onStart
10-15 21:09:27.970  1259  1701 I ActivityManager: updateOomAdj start time is before than pendingPid added, don't delete it
10-15 21:09:27.971  1259  1701 I AppOps  : updateUidProcState uid: 1001 procState: 0 capability:15
10-15 21:09:27.971  1259  1718 I am_proc_start: [0,14931,1000,com.android.server.telecom:ui,next-top-activity,{com.android.server.telecom/com.android.server.telecom.components.UserCallActivity}]
10-15 21:09:27.971  1259  1718 I ActivityManager: Start proc 14931:com.android.server.telecom:ui/1000 for next-top-activity {com.android.server.telecom/com.android.server.telecom.components.UserCallActivity}
10-15 21:09:27.971  1259  8958 D SettingsProvider: isChangeAllowed() : name = dialer_app_active
10-15 21:09:27.971  1259  8958 D SettingsProvider: edmUri: content://com.sec.knox.provider/RestrictionPolicy3
10-15 21:09:27.971  1259  8958 D SettingsProvider: projectionArgs: isSettingsChangesAllowed
10-15 21:09:27.971  1259  8958 D SettingsProvider: selectionArgs: false
10-15 21:09:27.971  1259  8958 D SettingsProvider: selectionArgs: 10095
10-15 21:09:27.972  1259  8958 D SecContentProvider: query(), uri = 17 selection = isSettingsChangesAllowed
10-15 21:09:27.972  1259  8958 D SecContentProvider: called from com.samsung.android.uid.dialer:10095
10-15 21:09:27.972  1259  8958 D RestrictionPolicy: isSettingsChangesAllowedAsUser, userId 0 : true
10-15 21:09:27.972  1259  8958 D SettingsProvider: ret = 1
10-15 21:09:27.972  1259  8958 I GenerationRegistry: mBackingStore.isClosed() : false
10-15 21:09:27.973 14404 14404 I VerificationLog: [D] Executed
10-15 21:09:27.973 14404 14404 I wm_on_start_called: [38897805,com.samsung.android.dialer.DialtactsActivity,handleStartActivity]
10-15 21:09:27.973 14404 14506 I HiyaPrivacyDialog: [D] isSupportSmartCall : false
10-15 21:09:27.974  1259  8196 I Telecom:SamsungTelecomServiceImpl: getDefaultDialerPackage - callingPid : 14404 / processName : sts
10-15 21:09:27.974 14404 14404 I MSHandlerLifeCycle: removeMultiSplitHandler: no exist. decor=DecorView@ee5e4e0[DialtactsActivity]
10-15 21:09:27.977  8294  8308 I SAMSUNGWALLET: [Hint_ProcessStatusChange] fg Change, pid : 14404 , isNotify : true , isForeground : true , fg list : [14404]
10-15 21:09:27.978  1259  1701 I ActivityManager: updateOomAdj start time is before than pendingPid added, don't delete it
10-15 21:09:27.978 14404 14404 I ViewRootImpl@7834c88[DialtactsActivity]: performTraversals mFirst=false windowShouldResize=false viewVisibilityChanged=true mForceNextWindowRelayout=false params=null
10-15 21:09:27.979  1259  8196 V WindowManager: Relayout Window{463ab57 u0 com.samsung.android.dialer/com.samsung.android.dialer.DialtactsActivity}: viewVisibility=0 req=1080x2408 d0
10-15 21:09:27.980  1259  8196 D RestrictionPolicy: isScreenCaptureEnabled : ret=true userId=0
10-15 21:09:27.980 14404 14506 I DialogPresenter: [D] DialerType : SAMSUNG_DEFAULT
10-15 21:09:27.980 14404 14506 I TabManager: [D] rebuildTabsIfNecessary
10-15 21:09:27.980  1145  1193 I SurfaceFlinger: id=141750 createSurf, flag=40004, com.samsung.android.dialer/com.samsung.android.dialer.DialtactsActivity$_14404#141750
10-15 21:09:27.981  1259  1701 I ActivityManager: updateOomAdj start time is before than pendingPid added, don't delete it
10-15 21:09:27.982  1259  8196 D WindowManager: makeSurface duration=1 name=com.samsung.android.dialer/com.samsung.android.dialer.DialtactsActivity$_14404
10-15 21:09:27.983  1259  8196 V WindowManager: Changing focus from Window{ca281de u0 com.sec.android.RilServiceModeApp/com.sec.android.RilServiceModeApp.ServiceModeApp} to null displayId=0 Callers=com.android.server.wm.RootWindowContainer.updateFocusedWindowLocked:595 com.android.server.wm.WindowManagerService.updateFocusedWindowLocked:6803 com.android.server.wm.WindowManagerService.relayoutWindow:2813 com.android.server.wm.Session.relayout:274 
10-15 21:09:27.983  1259  8196 D MARsPolicyManager: onPackageResumedFG pkgName = com.sec.android.RilServiceModeApp, userId = 0
10-15 21:09:27.984  1259  8196 D StatusBarManagerService: notifyRequestedSystemKey recent=false home=false
10-15 21:09:27.984  1259  8196 V WindowManager: rotationForOrientation(orient=SCREEN_ORIENTATION_UNSPECIFIED (-1), last=ROTATION_0 (0)); user=ROTATION_0 (0) USER_ROTATION_LOCKED
10-15 21:09:27.984  1259  8196 D WindowManager: rotationForOrientation, orientationSource=ActivityRecord{251888d u0 com.samsung.android.dialer/.DialtactsActivity} t28982}
10-15 21:09:27.984  1259  8196 V WindowManager: rotationForOrientation(orient=SCREEN_ORIENTATION_UNSPECIFIED (-1), last=ROTATION_0 (0)); user=ROTATION_0 (0) USER_ROTATION_LOCKED
10-15 21:09:27.984  1259  8196 D WindowManager: rotationForOrientation, orientationSource=ActivityRecord{251888d u0 com.samsung.android.dialer/.DialtactsActivity} t28982}
10-15 21:09:27.984  1259  8196 V WindowManager: Computed rotation=ROTATION_0 (0) for display id=0 based on lastOrientation=SCREEN_ORIENTATION_UNSPECIFIED (-1) and oldRotation=ROTATION_0 (0), caller=com.android.server.wm.DisplayRotation.updateOrientation:414 com.android.server.wm.DisplayContent.updateOrientation:1981 com.android.server.wm.DisplayContent.updateOrientation:1863 com.android.server.wm.WindowManagerService.relayoutWindow:2844 com.android.server.wm.Session.relayout:274 android.view.IWindowSession$Stub.onTransact:779 
10-15 21:09:27.984  1259  8196 V WindowManager: Relayout hash=463ab57, pid=14404, syncId=-1: mAttrs={(0,0)(fillxfill) sim={state=always_hidden adjust=nothing forwardNavigation} layoutInDisplayCutoutMode=shortEdges ty=BASE_APPLICATION wanim=0x10302f4
10-15 21:09:27.984  1259  8196 V WindowManager:   fl=81810100
10-15 21:09:27.984  1259  8196 V WindowManager:   pfl=12020040
10-15 21:09:27.984  1259  8196 V WindowManager:   bhv=DEFAULT
10-15 21:09:27.984  1259  8196 V WindowManager:   fitSides= naviIconColor=0}
10-15 21:09:27.985 14404 14404 I ViewRootImpl@7834c88[DialtactsActivity]: updateBlastSurfaceIfNeeded mBlastBufferQueue=null isSameSurfaceControl=false
10-15 21:09:27.987 14404 14404 I BLASTBufferQueue: new BLASTBufferQueue, mName= ViewRootImpl@7834c88[DialtactsActivity] mNativeObject= 0xb40000750f1b0f00 sc.mNativeObject= 0xb40000750f1a43e0 caller= android.view.ViewRootImpl.updateBlastSurfaceIfNeeded:2909 android.view.ViewRootImpl.relayoutWindow:9847 android.view.ViewRootImpl.performTraversals:3884 android.view.ViewRootImpl.doTraversal:3116 android.view.ViewRootImpl$TraversalRunnable.run:10885 android.view.Choreographer$CallbackRecord.run:1301 android.view.Choreographer$CallbackRecord.run:1309 android.view.Choreographer.doCallbacks:923 android.view.Choreographer.doFrame:852 android.view.Choreographer$FrameDisplayEventReceiver.run:1283 
10-15 21:09:27.987 14404 14404 I BLASTBufferQueue: update, w= 1080 h= 2408 mName = ViewRootImpl@7834c88[DialtactsActivity] mNativeObject= 0xb40000750f1b0f00 sc.mNativeObject= 0xb40000750f1a43e0 format= -1 caller= android.graphics.BLASTBufferQueue.<init>:84 android.view.ViewRootImpl.updateBlastSurfaceIfNeeded:2909 android.view.ViewRootImpl.relayoutWindow:9847 android.view.ViewRootImpl.performTraversals:3884 android.view.ViewRootImpl.doTraversal:3116 android.view.ViewRootImpl$TraversalRunnable.run:10885 
10-15 21:09:27.987  8294  8335 I SAMSUNGWALLET: [Hint_afp] isHomePackageRunning topPkgName = com.samsung.android.dialer, topClsName = com.samsung.android.dialer.DialtactsActivity, return false , se : false
10-15 21:09:27.987  1259  1714 I am_pss  : [14681,10234,com.dish.wireless.activation,28631040,26599424,465920,69025792,0,19,7]
10-15 21:09:27.987  8294  8294 I SAMSUNGWALLET: [Hint_IntroHintService] Hint Status - already invisible, skip hide : Home Package Not Running
10-15 21:09:27.988 14404 14404 I ViewRootImpl@7834c88[DialtactsActivity]: Relayout returned: old=(0,0,1080,2408) new=(0,0,1080,2408) req=(1080,2408)0 dur=6 res=0x3 s={true 0xb400007529509800} ch=true seqId=0
10-15 21:09:27.988 14404 14404 I ViewRootImpl@7834c88[DialtactsActivity]: mThreadedRenderer.initialize() mSurface={isValid=true 0xb400007529509800} hwInitialized=true
10-15 21:09:27.989 14404 14404 I ViewRootImpl@7834c88[DialtactsActivity]: reportNextDraw android.view.ViewRootImpl.performTraversals:4438 android.view.ViewRootImpl.doTraversal:3116 android.view.ViewRootImpl$TraversalRunnable.run:10885 android.view.Choreographer$CallbackRecord.run:1301 android.view.Choreographer$CallbackRecord.run:1309 
10-15 21:09:27.989 14404 14404 I ViewRootImpl@7834c88[DialtactsActivity]: Setup new sync id=1
10-15 21:09:27.989 14404 14404 I ViewRootImpl@7834c88[DialtactsActivity]: Setting syncFrameCallback
10-15 21:09:27.989 14404 14404 I ViewRootImpl@7834c88[DialtactsActivity]: registerCallbacksForSync syncBuffer=false
10-15 21:09:27.993 14404 14517 I ViewRootImpl@7834c88[DialtactsActivity]: Received frameDrawingCallback syncResult=0 frameNum=1.
10-15 21:09:27.993 14404 14517 I ViewRootImpl@7834c88[DialtactsActivity]: Setting up sync and frameCommitCallback
10-15 21:09:27.994 14931 14931 I rver.telecom:ui: Using CollectorTypeCC GC.
10-15 21:09:27.995  1259  2468 D InputDispatcher: Focus left window (0): ca281de com.sec.android.RilServiceModeApp/com.sec.android.RilServiceModeApp.ServiceModeApp
10-15 21:09:27.996  1259  2062 I input_focus: [Focus leaving ca281de com.sec.android.RilServiceModeApp/com.sec.android.RilServiceModeApp.ServiceModeApp (server),reason=NO_WINDOW]
10-15 21:09:27.997 14404 14437 I BLASTBufferQueue: [ViewRootImpl@7834c88[DialtactsActivity]#1](f:0,a:0) onFrameAvailable the first frame is available
10-15 21:09:27.998 14931 14931 E rver.telecom:ui: Not starting debugger since process cannot load the jdwp agent.
10-15 21:09:27.998 14404 14437 I ViewRootImpl@7834c88[DialtactsActivity]: Received frameCommittedCallback lastAttemptedDrawFrameNum=1 didProduceBuffer=true
10-15 21:09:27.998  2246  2246 I ViewRootImpl@79e2d49[ServiceModeApp]: MSG_WINDOW_FOCUS_CHANGED 0 0
10-15 21:09:27.999 14404 14404 I ViewRootImpl@7834c88[DialtactsActivity]: onSyncComplete
10-15 21:09:27.999 14404 14404 I ViewRootImpl@7834c88[DialtactsActivity]: setupSync seqId=0 mSyncId=1 fn=1 caller=android.view.ViewRootImpl$$ExternalSyntheticLambda11.accept:6 android.window.SurfaceSyncer.lambda$setupSync$1$android-window-SurfaceSyncer:128 android.window.SurfaceSyncer$$ExternalSyntheticLambda1.accept:8 android.window.SurfaceSyncer$SyncSet.checkIfSyncIsComplete:382 android.window.SurfaceSyncer$SyncSet.markSyncReady:359 android.window.SurfaceSyncer.markSyncReady:151 android.view.ViewRootImpl.performTraversals:4503 
10-15 21:09:28.000 14404 14404 I ViewRootImpl@7834c88[DialtactsActivity]: reportDrawFinished seqId=0 mSyncId=-1 fn=1 mSurfaceChangedTransaction=0xb400007529287000
10-15 21:09:28.001  1259  2468 D WindowManager: finishDrawingWindow: Window{463ab57 u0 com.samsung.android.dialer/com.samsung.android.dialer.DialtactsActivity} mDrawState=DRAW_PENDING seqId=0
10-15 21:09:28.003 14931 14931 D ActivityThread: setConscryptValidator
10-15 21:09:28.003 14931 14931 D ActivityThread: setConscryptValidator - put
10-15 21:09:28.004  1259  1702 D ActivityTaskManager: mStartingWindow and mStartingData is null for token=ActivityRecord{251888d u0 com.samsung.android.dialer/.DialtactsActivity} t28982}
10-15 21:09:28.004  1259  1702 D WindowManager: performShow logReadyForDisplay win=Window{463ab57 u0 com.samsung.android.dialer/com.samsung.android.dialer.DialtactsActivity} mToken.waitingToShow:true isTransitionSet:true
10-15 21:09:28.007  1259  2468 D CompatibilityChangeReporter: Compat change id reported: 168419799; UID 1000; state: DISABLED
10-15 21:09:28.007  1259  2468 I ActivityManager: DSS OFF for com.android.server.telecom
10-15 21:09:28.007  1259  2468 I am_proc_bound: [0,14931,com.android.server.telecom:ui]
10-15 21:09:28.009  1259  2468 V WindowManager: rotationForOrientation(orient=SCREEN_ORIENTATION_UNSPECIFIED (-1), last=ROTATION_0 (0)); user=ROTATION_0 (0) USER_ROTATION_LOCKED
10-15 21:09:28.009  1259  2468 D WindowManager: rotationForOrientation, orientationSource=ActivityRecord{251888d u0 com.samsung.android.dialer/.DialtactsActivity} t28982}
