10-11 16:23:59.449  2554  2877 I StackIF : Processing Notify
10-11 16:23:59.449  2554  2877 I SECIMSJ : [UNSL]< 10003
10-11 16:23:59.449  2554  2877 I StackIF : processNotify: id 10003
10-11 16:23:59.459  2554  2877 I SIPMSG[0]: [<--] INVITE sip:xxxxxxxxxxxxxxx@xxx.xxx.xxx.xxx:6100 SIP/2.0 [CSeq: 1 INVITE]
10-11 16:23:59.460  2554  2772 I ResipRawSipHandler: handleMessage: event: 100
10-11 16:23:59.473  2554  2772 I ResipVolteHandler: handleMessage: evt 114
10-11 16:23:59.475  2554  2877 I [IMS6.0]: OutOfTransManager::FindDialogHandler(): Handler not found.
10-11 16:23:59.483  2554  2877 I CpAudioEngineClient: Init.
10-11 16:23:59.483  2554  2877 I CpAudioEngineClient: SAE_Init: Already initialized. Terminate it first.
10-11 16:23:59.485  2554  2877 I reSIProcate: INFO | RESIP:SDP | SdpContents.cxx:1847 | payloadType : 127
10-11 16:23:59.485  2554  2877 I reSIProcate: INFO | RESIP:SDP | SdpContents.cxx:1847 | payloadType : 114
10-11 16:23:59.486  2554  2877 I reSIProcate: INFO | RESIP:SDP | SdpContents.cxx:1847 | payloadType : 113
10-11 16:23:59.486  2554  2877 I reSIProcate: INFO | RESIP:SDP | SdpContents.cxx:1847 | payloadType : 102
10-11 16:23:59.486  2554  2877 I reSIProcate: INFO | RESIP:SDP | SdpContents.cxx:1847 | payloadType : 115
10-11 16:23:59.486  2554  2877 I reSIProcate: INFO | RESIP:SDP | SdpContents.cxx:1847 | payloadType : 105
10-11 16:23:59.486  2554  2877 I reSIProcate: INFO | RESIP:SDP | SdpContents.cxx:1847 | payloadType : 101
10-11 16:23:59.486  2554  2877 I StackIF : processMessage 3
10-11 16:23:59.486  2554  2877 I StackIF : Processing Notify
10-11 16:23:59.487  2554  2877 I SECIMSJ : [UNSL]< 20008
10-11 16:23:59.487  2554  2877 I StackIF : processNotify: id 20008
10-11 16:23:59.487  2554  2877 I StackIF : Echolocate Notify receive
10-11 16:23:59.488  2554  2554 I EcholocateBroadcaster: handleMessage: evt 1
10-11 16:23:59.489  2554  2554 I EcholocateBroadcaster: Do not broadcast. ICDV or Signature key is wrong
10-11 16:23:59.490  2554  2877 I StackIF : processMessage 3
10-11 16:23:59.490  2554  2877 I StackIF : Processing Notify
10-11 16:23:59.490  2554  2877 I SECIMSJ : [UNSL]< 20001
10-11 16:23:59.490  2554  2877 I StackIF : processNotify: id 20001
10-11 16:23:59.490  2554  2877 I ResipMiscHandler: onAlarmRequested: delay=70 id=15785
10-11 16:23:59.498  2554  2877 I [IMS6.0]: SdpCreator::CodecAddParameter(): Update : attrType : fmtp, parameter : bw=nb-wb;br=5.9-13.2;evs-mode-switch=0
10-11 16:23:59.498  2554  2877 I [IMS6.0]: SdpCreator::CodecAddParameter(): Update : attrType : fmtp, parameter : bw=nb-wb;br=5.9-13.2;evs-mode-switch=0;ch-aw-recv=2
10-11 16:23:59.501  2554  2877 I CpAudioEngineClient: SAE_SetImsCallStatus: Entry
10-11 16:23:59.501  2554  2877 I CpAudioEngineClient: SAE_SetImsCallStatus: SAE_SetImsCallStatus phoneId : 0, callStatus : 1 callType: 1 isEmergency: 0 bearerType: 12 needToSetSaMode : 0
10-11 16:23:59.501  2554  2877 I VoIpEngineProxy: Sending IPC_IMS_CALL_STATUS bearerType 12
10-11 16:23:59.501  2554  2877 I OemIpcHandler: PrepareWaiting:
10-11 16:23:59.501  2554  2877 I OemIpcHandler: SendOemIpcCommandForQmi: phoneId[0] main 02 sub 7c paramLen 03
10-11 16:23:59.501  2554  2877 I OemIpcHandler: ============
10-11 16:23:59.501  2554  2877 I OemIpcHandler: pkt[0] =  2
10-11 16:23:59.501  2554  2877 I OemIpcHandler: pkt[1] = 7c
10-11 16:23:59.501  2554  2877 I OemIpcHandler: pkt[2] =  0
10-11 16:23:59.501  2554  2877 I OemIpcHandler: pkt[3] =  7
10-11 16:23:59.501  2554  2877 I OemIpcHandler: pkt[4] =  1
10-11 16:23:59.501  2554  2877 I OemIpcHandler: pkt[5] =  1
10-11 16:23:59.501  2554  2877 I OemIpcHandler: pkt[6] =  c
10-11 16:23:59.501  2554  2877 I OemIpcHandler: ============
10-11 16:23:59.501  2554  2877 I OemIpcHandler: IPC counter[35689]
10-11 16:23:59.501  2554  2877 I OemIpcHandler: SendOemIpcCommandForQmi: Send Client 111...
10-11 16:23:59.502  1950  1954 D Multi-Client: OemClient::ProcessBuffer() from [xxx], token[1], datalen[7]
10-11 16:23:59.502  2554  2877 I OemIpcHandler: WaitwithTimeout:
10-11 16:23:59.503  1259  9203 D CompatibilityChangeReporter: Compat change id reported: 171306433; UID 1000; state: ENABLED
10-11 16:23:59.503  1259  9203 D CompatibilityChangeReporter: Compat change id reported: 218533173; UID 1000; state: DISABLED
10-11 16:23:59.503  1259  9203 D CompatibilityChangeReporter: Compat change id reported: 226439802; UID 1000; state: DISABLED
10-11 16:23:59.504  1950  1953 D Multi-Client: Oem OnRequestComplete:
10-11 16:23:59.505  2554  3426 I OemIpcHandler: onImsCallStatusReqComplete, 
10-11 16:23:59.505  2554  3426 I OemIpcHandler: Notify:
10-11 16:23:59.505  2554  3426 I OemIpcHandler: Notify: exit
10-11 16:23:59.505  2554  2877 I OemIpcHandler: WaitwithTimeout: exit
10-11 16:23:59.506  2554  2879 I reSIProcate: INFO | RESIP:TRANSPORT | TransportSelector.cxx:810 | Via=SIP/2.0/TCP 10.224.24.176:6000;branch=z9hG4bKaf93b361acd11892b68570d53367ccbc64c0bd23-0-24fb858-6527045e33babca2;_aluscr_
10-11 16:23:59.506  2554  2877 I StackIF : processMessage 3
10-11 16:23:59.506  2554  2877 I StackIF : Processing Notify
10-11 16:23:59.507  2554  2877 I SECIMSJ : [UNSL]< 10005
10-11 16:23:59.507  2554  2879 I reSIProcate: INFO | RESIP:TRANSPORT | TransportSelector.cxx:811 | Target=[ V4 10.224.24.176:65461 TCP target domain=unspecified mFlowKey=170 ] cport =0 ] mInterface= ] transportKey=394 ]
10-11 16:23:59.507  2554  2877 I StackIF : processNotify: id 10005
10-11 16:23:59.507  2554  2879 W reSIProcate: WARNING | RESIP:TRANSPORT | TransportSelector.cxx:1900 | Can't find matching transport [ V4 10.224.24.176:6000 TCP target domain=unspecified mFlowKey=0 ] cport =0 ] mInterface= ] transportKey=0 ]
10-11 16:23:59.507  2554  2879 I reSIProcate: INFO | RESIP:TRANSPORT | TransportSelector.cxx:1656 | target.transportKey : 394, mTransports.size() : 3
10-11 16:23:59.507  2554  2772 I ResipVolteHandler: handleMessage: evt 101
10-11 16:23:59.507  2554  2879 I reSIProcate: INFO | RESIP:TRANSPORT | TransportSelector.cxx:1500 | Transmitting to [ V4 10.224.24.176:65461 TCP target domain=unspecified mFlowKey=170 ] cport =0 ] mInterface= ] transportKey=394 ] tlsDomain= via [ V4 0.0.0.0:6100 TCP target domain=unspecified mFlowKey=0 ] cport =0 ] mInterface= ] transportKey=0 ]
10-11 16:23:59.507  2554  2879 I reSIProcate: SipResp: 100 tid=af93b361acd11892b68570d53367ccbc64c0bd23-0-24fb858-6527045e33babca2 cseq=1 INVITE / 1 from(tu)sigcomp id=
10-11 16:23:59.511  2554  2879 I reSIProcate: INFO | RESIP:TRANSPORT | Connection.cxx:229 | Interface : , Tried to send 697 bytes, sent 697 bytes
10-11 16:23:59.518  2554  2772 I ResipVolteHandler: Add Call 8
10-11 16:23:59.518  2232  2286 D RILJ    : Unsol response received; Sending ack to ril.cpp [PHONE0]
10-11 16:23:59.518  2554  2772 I ResipVolteHandler: onNewIncomingCall: sessionId 8 peer xxxxx
10-11 16:23:59.518  2554  2772 I ResipVolteHandler: notifyIncomingCall() pre Alerting session: 8, callType: 1
10-11 16:23:59.519  2554  2881 I VolteServiceModule: onImsIncomingCallEvent : sessionId=8 peerURI=xxxxx param=CallParams [mPLettering=null, mHistoryInfo=null, mDtmfEvent=null, mModifySupported=null, mAudioCodec=null, mNumberPlus=null, mConferenceSupported=null, mIsFocus=null, mIndicationFlag=0, misHDIcon=0, mPhotoRing=null, mLocalVideoRTPPort=0, mLocalVideoRTCPPort=0, mRemoteVideoRTPPort=0, mRemoteVideoRTCPPort=0, mRetryAfter=0, mAlertInfo=null, mVideoOrientation=0, mReferredBy=null, mSipCallId=LU-1697055838867738-2318896@imsx-002.nas01e2a1n1p1.ims.mnc340.mcc313.3gppnetwork.org, mLocalHoldTone=false, mVideoWidth=480, mVideoHeight=640, mVideoCrbtType=0, mFeatureCaps=null, mAudioEarlyMediaDir=0, mVerstat=xxxxx, mHasDiversion=false, mDelayRinging=false, mRejectProtocol=null, mRejectCode=-1, mRejectText=null, mRemoteHeld=false, mCmcEdCallSlot=-1] type=1 isDelayedIncoming=false
10-11 16:23:59.519  2232  2286 D RILJ    : [UNSL]< UNSOL_BARRING_INFO_CHANGED BarringInfo {mCellIdentity=CellIdentityNr:{ mPci = **2 mTac = 1***8 mNrArfcn = 0 mBands = [] mMcc = 313 mMnc = 340 mNci = 4******53 mAlphaLong =  mAlphaShort =  mAdditionalPlmns = {} }, mBarringServiceInfos={3={isBarred: false (type: 0, isConditionally: false), factor: 0, timeseconds: 0}, 4={isBarred: false (type: 0, isConditionally: false), factor: 0, timeseconds: 0}, 6={isBarred: false (type: 0, isConditionally: false), factor: 0, timeseconds: 0}, 7={isBarred: false (type: 0, isConditionally: false), factor: 0, timeseconds: 0}, 8={isBarred: false (type: 0, isConditionally: false), factor: 0, timeseconds: 0}, 9={isBarred: false (type: 0, isConditionally: false), factor: 0, timeseconds: 0}}} [PHONE0]
10-11 16:23:59.520  2232  2232 D GsmCdmaPhone: [0] Event BarringInfoChanged Received - barringInfo: BarringInfo {mCellIdentity=CellIdentityNr:{ mPci = **2 mTac = 1***8 mNrArfcn = 0 mBands = [] mMcc = 313 mMnc = 340 mNci = 4******53 mAlphaLong =  mAlphaShort =  mAdditionalPlmns = {} }, mBarringServiceInfos={3={isBarred: false (type: 0, isConditionally: false), factor: 0, timeseconds: 0}, 4={isBarred: false (type: 0, isConditionally: false), factor: 0, timeseconds: 0}, 6={isBarred: false (type: 0, isConditionally: false), factor: 0, timeseconds: 0}, 7={isBarred: false (type: 0, isConditionally: false), factor: 0, timeseconds: 0}, 8={isBarred: false (type: 0, isConditionally: false), factor: 0, timeseconds: 0}, 9={isBarred: false (type: 0, isConditionally: false), factor: 0, timeseconds: 0}}}
10-11 16:23:59.520  2554  2881 I VolteServiceModule: getRegInfo: found regId=12371
10-11 16:23:59.521  2554  2881 I VolteServiceModule: getPreAlerting is true
10-11 16:23:59.525  1259  9203 D CompatibilityChangeReporter: Compat change id reported: 157233955; UID 1000; state: ENABLED
10-11 16:23:59.525  1259  9203 D CompatibilityChangeReporter: Compat change id reported: 157233955; UID 1000; state: DISABLED
10-11 16:23:59.530  2554  2881 I VolteServiceModule: hasCsCall: numPsCall=0, callState[0]=0
10-11 16:23:59.535  2554  2881 I ImsCallSipErrorFactory: checkRejectIncomingCall: numPsCall 0, hasInCall false, hasHoldCall false, hasTtyCall false isModifyOngoing false, hasConfCall false, error 200 - OK
10-11 16:23:59.544  2554  2881 I ImsCallSipErrorFactory: getSipErrorOnCsNetwork: 20, 20
10-11 16:23:59.544  8612  8612 E STFService: getNetworkProperties: Location fine denied
10-11 16:23:59.546  2554  2881 I VolteServiceModule: hasCsCall: numPsCall=0, callState[0]=0
10-11 16:23:59.548  2554  2881 I VolteServiceModule: onImsIncomingCallEvent: displayName match with phonenumber format, set as DialingNumber
10-11 16:23:59.548  2554  2881 I ImsCallSessionFactory: createImsCallSession: normal call session
10-11 16:23:59.554  2554  2881 I ImsCallSession: start CallStatMachine
10-11 16:23:59.554  2554  2881 I ResipVolteHandler: registerForCallStateEvent:
10-11 16:23:59.554  2554  2881 I ResipVolteHandler: registerForRrcConnectionEvent:
10-11 16:23:59.554  2554  2881 I ResipVolteHandler: registerForUssdEvent:
10-11 16:23:59.554  2554  2881 I ResipVolteHandler: registerForReferStatus:
10-11 16:23:59.555  2554  2881 I ImsMediaController: registerForMediaEvent: session -1
10-11 16:23:59.555  2554  2881 I ImsCallSession: mIsNrSaMode = true
10-11 16:23:59.556  2554  2881 I ImsCallSession(8): Session ID : [8]
10-11 16:23:59.556  2554  2881 I ImsCallSession(8): updateCallProfile: CallParams [mPLettering=null, mHistoryInfo=null, mDtmfEvent=null, mModifySupported=null, mAudioCodec=null, mNumberPlus=null, mConferenceSupported=null, mIsFocus=null, mIndicationFlag=0, misHDIcon=0, mPhotoRing=null, mLocalVideoRTPPort=0, mLocalVideoRTCPPort=0, mRemoteVideoRTPPort=0, mRemoteVideoRTCPPort=0, mRetryAfter=0, mAlertInfo=null, mVideoOrientation=0, mReferredBy=null, mSipCallId=LU-1697055838867738-2318896@imsx-002.nas01e2a1n1p1.ims.mnc340.mcc313.3gppnetwork.org, mLocalHoldTone=false, mVideoWidth=480, mVideoHeight=640, mVideoCrbtType=0, mFeatureCaps=null, mAudioEarlyMediaDir=0, mVerstat=xxxxx, mHasDiversion=false, mDelayRinging=false, mRejectProtocol=null, mRejectCode=-1, mRejectText=null, mRemoteHeld=false, mCmcEdCallSlot=-1]
10-11 16:23:59.558  2554  2881 I ImsCallUtil: verstat xxxxx
10-11 16:23:59.558  2554  2881 I CallProfileBuilder: build CallProfile with CallParamscallType: [UNKNOWN], direction: [UNKNOWN], networkType: [NONE (emergency)], mIsVideoCrbt: [false], mIsVideoCrbtValid: [false], mP2p: [null], mCmcBoundSessionId: [-1], mRejectProtocol: [null], mRejectCode: [-1], mRejectText: [null], mIsRemoteHeld: [false], mCmcEdCallSlot: [-1]
10-11 16:23:59.558  2554  2881 I ImsMediaController: changeCameraCapabilities
10-11 16:23:59.559  2554  2881 I ImsProfile: isRttSupportByCallApp : true ttyType : 3
10-11 16:23:59.559  2554  2881 I ImsProfile: isRttSupportByCallApp : true ttyType : 3
10-11 16:23:59.559  2554  2881 I ImsProfile: isRttSupportByCallApp : true ttyType : 3
10-11 16:23:59.560  2554  2877 I [IMS6.0]: CallMsgCreator::AddUnnecessaryHeaders(): mIsSoftphoneEnabled = 0
10-11 16:23:59.562  2554  2881 I ImsUtil : Package not found : com.verizon.onetalk.dialer
10-11 16:23:59.562  2554  2881 I ImsUtil : isOneTalkFeatureEnabled - false
10-11 16:23:59.563  2554  2881 I ResipVolteHandler: proceedIncomingCall: sessoinId 8
10-11 16:23:59.564  2554  2881 E #IMSCR  : 10-11 16:23:59 0x30000002:IncomingCall,0,8
10-11 16:23:59.564  2554  2881 I UserAgent<0>: progressIncomingCall: sessionId 8
10-11 16:23:59.566  2554  2881 I CallStateMachine(8): Enter [ReadyToCall]
10-11 16:23:59.567  2554  2881 I VolteServiceModule: onBarringInfoChanged: barringInfo BarringInfo {mCellIdentity=CellIdentityNr:{ mPci = **2 mTac = 1***8 mNrArfcn = 0 mBands = [] mMcc = 313 mMnc = 340 mNci = 4******53 mAlphaLong =  mAlphaShort =  mAdditionalPlmns = {} }, mBarringServiceInfos={3={isBarred: false (type: 0, isConditionally: false), factor: 0, timeseconds: 0}, 4={isBarred: false (type: 0, isConditionally: false), factor: 0, timeseconds: 0}, 6={isBarred: false (type: 0, isConditionally: false), factor: 0, timeseconds: 0}, 7={isBarred: false (type: 0, isConditionally: false), factor: 0, timeseconds: 0}, 8={isBarred: false (type: 0, isConditionally: false), factor: 0, timeseconds: 0}, 9={isBarred: false (type: 0, isConditionally: false), factor: 0, timeseconds: 0}}}
10-11 16:23:59.567  2554  2881 I VolteServiceModule: voiceBarringInfo mConditionalBarringFactor:0 mConditionalBarringTimeSeconds:0
10-11 16:23:59.567  2554  2881 I VolteServiceModule: videoBarringInfo mConditionalBarringFactor:0 mConditionalBarringTimeSeconds:0
10-11 16:23:59.567  2554  2881 I SsacManager: updateSSACInfo[0] : Voice(100:0) Video(100:0)
10-11 16:23:59.568  2554  2869 I StackIF : progressIncomingCall: handle 12371 sessionId 8
10-11 16:23:59.568  2554  2881 I SsacManager: Voice Call updateSSACInfo[0] : f[100], t[0]
10-11 16:23:59.569  2554  2881 I SsacManager: Video Call updateSSACInfo[0] : f[100], t[0]
10-11 16:23:59.570  1259  2020 D ActivityTaskManager: SafeActivityOptions created, mOriginalCallingPid=1259, mOriginalCallingUid=1000, options=ActivityOptions(91921597), mPackageName=null, mAnimationType=-1, mStartX=0, mStartY=0, mWidth=0, mHeight=0, caller=com.android.server.am.PendingIntentRecord.sendInner:471 com.android.server.am.ActivityManagerService.sendIntentSender:6570 com.android.server.am.ActivityManagerService.sendIntentSender:6559 android.app.PendingIntent.sendAndReturnResult:1029 android.app.PendingIntent.send:1000 com.android.server.alarm.AlarmManagerService$DeliveryTracker.deliverLocked:6338 com.android.server.alarm.AlarmManagerService.deliverAlarmsLocked:5181 
10-11 16:23:59.570  2554  2869 I SECIMSJ : [1006]> 64
10-11 16:23:59.571  1259  2020 D ActivityManager: Received BROADCAST intent 0x28e37f0 Key{broadcastIntent pkg=com.sec.imsservice intent=act=com.sec.internal.ims.imsservice.alarmmanager flags=0x2000000 u=0} requestCode=0 sent=0 from uid 1000
10-11 16:23:59.574  2554  2877 I [IMS6.0]: CallMsgCreator::AddUnnecessaryHeaders(): mIsSoftphoneEnabled = 0
10-11 16:23:59.583  1259  2013 I UMR     : B|Compact com.samsung.InputEventApp(939)
10-11 16:23:59.585  2554  2877 I StackIF : processMessage 3
10-11 16:23:59.585  2554  2877 I StackIF : Processing Notify
10-11 16:23:59.585  2554  2877 I SECIMSJ : [UNSL]< 20001
10-11 16:23:59.585  2554  2877 I StackIF : processNotify: id 20001
10-11 16:23:59.585  2554  2877 I ResipMiscHandler: onAlarmRequested: delay=2000 id=15786
10-11 16:23:59.585  2554  2877 I StackIF : processMessage 3
10-11 16:23:59.585  2554  2877 I StackIF : Processing Notify
10-11 16:23:59.585  2554  2877 I SECIMSJ : [UNSL]< 20001
10-11 16:23:59.585  2554  2877 I StackIF : processNotify: id 20001
10-11 16:23:59.585  2554  2877 I ResipMiscHandler: onAlarmRequested: delay=15000 id=15787
10-11 16:23:59.586  2554  2877 I StackIF : processMessage 3
10-11 16:23:59.586  2554  2877 I StackIF : Processing Notify
10-11 16:23:59.586  2554  2877 I SECIMSJ : [UNSL]< 20008
10-11 16:23:59.586  2554  2877 I StackIF : processNotify: id 20008
10-11 16:23:59.586  2554  2877 I StackIF : Echolocate Notify receive
10-11 16:23:59.586  2554  2877 I StackIF : processMessage 3
10-11 16:23:59.587  2554  2877 I StackIF : Processing Notify
10-11 16:23:59.587  2554  2877 I SECIMSJ : [UNSL]< 10003
10-11 16:23:59.587  2554  2877 I StackIF : processNotify: id 10003
10-11 16:23:59.590  2554  2877 I SIPMSG[0]: [-->] SIP/2.0 183 Session Progress [CSeq: 1 INVITE]
10-11 16:23:59.590   963 13156 I sensors-hal: handle_sns_client_event:229, auto_rotation_event_2: mode:255, type:1:0/0.234,0.258,10.043, ar:0
10-11 16:23:59.591  1259  1259 I power_partial_wake_state: [20,*alarm*:android(disabled)]
10-11 16:23:59.597  2554  2772 I ResipRawSipHandler: handleMessage: event: 200
10-11 16:23:59.597  2554  2554 I EcholocateBroadcaster: handleMessage: evt 1
10-11 16:23:59.597  2554  2877 I CpAudioEngineClient: SAE_NotiInfo: SAE_NotiInfo string: 16:23:59.597>183 Session Progress:1 INVITE
10-11 16:23:59.597  2554  2772 I ResipVolteHandler: handleMessage: evt 114
10-11 16:23:59.597  2554  2877 I VoIpEngineProxy: NotiInfo:Sending IPC_IMS_INFO Noti
10-11 16:23:59.597  2554  2877 I OemIpcHandler: ImsNotiInfo ImsNoti send IPC : 16:23:59.597>183 Session Progress:1 INVITE
10-11 16:23:59.597  2554  2877 I OemIpcHandler: SendOemIpcCommand: main 16 sub 0c len(108) phoneId 0
10-11 16:23:59.597  2554  2877 I OemIpcHandler: SendOemIpcCommand: Send Client 111...
10-11 16:23:59.598  2554  2554 I EcholocateBroadcaster: Do not broadcast. ICDV or Signature key is wrong
10-11 16:23:59.598  1950  1954 D Multi-Client: OemClient::ProcessBuffer() from [xxx], token[1], datalen[112]
10-11 16:23:59.599  1437  1686 E RILD    : [IMS SIP DbgMsg] 16:23:59.597>183 Session Progress:1 INVITE
10-11 16:23:59.600  1950  1953 D Multi-Client: Oem OnRequestComplete:
10-11 16:23:59.600  2554  2877 I [IMS6.0]: IMS_onResponse()
10-11 16:23:59.600  2554  2879 I reSIProcate: INFO | RESIP:TRANSPORT | TransportSelector.cxx:810 | Via=SIP/2.0/TCP 10.224.24.176:6000;branch=z9hG4bKaf93b361acd11892b68570d53367ccbc64c0bd23-0-24fb858-6527045e33babca2;_aluscr_
10-11 16:23:59.600  2554  2877 I StackIF : processMessage 2
10-11 16:23:59.600  2554  2877 I StackIF : Processing Response
10-11 16:23:59.600  2554  2879 I reSIProcate: INFO | RESIP:TRANSPORT | TransportSelector.cxx:811 | Target=[ V4 10.224.24.176:65461 TCP target domain=unspecified mFlowKey=170 ] cport =6101 ] mInterface=rmnet_data1 ] transportKey=394 ]
10-11 16:23:59.600  2554  3426 I OemIpcHandler: onRawReqComplete, 
10-11 16:23:59.600  2554  2877 I SECIMSJ : [1006]< 218
10-11 16:23:59.600  2554  2877 I StackIF : processResponse: reqId 218
10-11 16:23:59.600  2554  2877 I StackIF : processCallResponse: handle 12371
10-11 16:23:59.601  2554  2879 I reSIProcate: INFO | RESIP:TRANSPORT | TransportSelector.cxx:1500 | Transmitting to [ V4 10.224.24.176:65461 TCP target domain=unspecified mFlowKey=170 ] cport =6101 ] mInterface=rmnet_data1 ] transportKey=394 ] tlsDomain= via [ V4 0.0.0.0:6100 TCP target domain=unspecified mFlowKey=0 ] cport =0 ] mInterface= ] transportKey=0 ]
10-11 16:23:59.601  2554  2879 I reSIProcate: SipResp: 183 tid=af93b361acd11892b68570d53367ccbc64c0bd23-0-24fb858-6527045e33babca2 cseq=1 INVITE contact=xxxx@10.63.226.76:6100 / 1 from(tu)sigcomp id=
10-11 16:23:59.602  1259  1706 I am_pss  : [15935,10093,com.samsung.android.dialer,55779328,49348608,364544,117362688,0,15,12]
10-11 16:23:59.603  2554  2879 I reSIProcate: INFO | RESIP:TRANSPORT | Connection.cxx:229 | Interface : , Tried to send 1650 bytes, sent 1650 bytes
10-11 16:23:59.604  1259  2013 I UMR     : E|Compact d_rss=-19004KB
10-11 16:23:59.604  1259  2013 I am_compact: [939,com.samsung.InputEventApp,anon,38736,18912,19152,28368,-19004,0,-19004,19004,21,0,0,995,10,2291220,828]
10-11 16:23:59.604  1259  2013 I UMR     : B|Compact com.samsung.android.spay(919)
10-11 16:23:59.640  1437  1666 E RILD    : RxGetRfBandInfo: 
10-11 16:23:59.641  1437  1686 D rild    : physicalChannelConfigInd_V1_4
10-11 16:23:59.644  2232  2286 D RILJ    : Unsol response received; Sending ack to ril.cpp [PHONE0]
10-11 16:23:59.644  2232  2286 D RILJ    : [UNSL]< UNSOL_PHYSICAL_CHANNEL_CONFIG [{mConnectionStatus=PrimaryServing,mCellBandwidthDownlinkKhz=0,mCellBandwidthUplinkKhz=0,mNetworkType=NR,mFrequencyRange=HIGH,mDownlinkChannelNumber=2147483647,mUplinkChannelNumber=2147483647,mContextIds=[2],mPhysicalCellId=0,mBand=0,mDownlinkFrequency=0,mUplinkFrequency=0}] [PHONE0]
10-11 16:23:59.651  2232  2232 I TelephonyProvider: D/TelephonyProvider: Using old permission behavior for telephony provider compat
10-11 16:23:59.652  2232  2232 I TelephonyProvider: D/TelephonyProvider: subIdString = 1 subId = 1
10-11 16:23:59.671  2232  2232 D DCT-C-0 : getPreferredApn: For APN type default found apnSetting [ApnSetting] Internet, 5778, 313340, internet, , null, , null, null, 0, supl | dun | hipri | default, IPV4V6, IPV4V6, true, 0, false, 20, 0, 300, 0, 0, gid, 6538, false, UNKNOWN, UNKNOWN, 0, -1, 0, false
10-11 16:23:59.673  2232  2232 D DCT-C-0 : AllowInternetCapability : preferredApnName: internet, apnName: ims
10-11 16:23:59.678  1259  2013 I UMR     : E|Compact d_rss=-12944KB
10-11 16:23:59.678  1259  2013 I am_compact: [919,com.samsung.android.spay,anon,46108,32244,13108,41464,-12944,0,-12944,12944,74,0,0,999,10,2292048,-5712]
10-11 16:23:59.679  1259  2013 I UMR     : B|Compact android:drmService(323)
10-11 16:23:59.680  2232  2232 D SST     : [0] updateNrStateFromPhysicalChannelConfigs - hasNrSecondCell: false
10-11 16:23:59.682  2232  2232 I TelephonyProvider: D/TelephonyProvider: Using old permission behavior for telephony provider compat
10-11 16:23:59.682  2232  2232 I TelephonyProvider: D/TelephonyProvider: subIdString = 1 subId = 1
10-11 16:23:59.688  2232  2232 D DCT-C-0 : getPreferredApn: For APN type default found apnSetting [ApnSetting] Internet, 5778, 313340, internet, , null, , null, null, 0, supl | dun | hipri | default, IPV4V6, IPV4V6, true, 0, false, 20, 0, 300, 0, 0, gid, 6538, false, UNKNOWN, UNKNOWN, 0, -1, 0, false
10-11 16:23:59.689  2232  2232 D DCT-C-0 : AllowInternetCapability : preferredApnName: internet, apnName: ims
10-11 16:23:59.691  2232  2232 D SST     : [0] updateNrFrequencyRangeFromPhysicalChannelConfigs
10-11 16:23:59.692  2232  2232 D NetworkTypeController: [0] NrConnectedState(connected): process EVENT_PHYSICAL_CHANNEL_CONFIG_CHANGED
10-11 16:23:59.692  2232  2232 D NetworkTypeController: [0] updateNrAdvancedState: CONNECTED_NR_ADVANCED -> CONNECTED
10-11 16:23:59.692  2232  2232 D NetworkTypeController: [0] Transition with primary timer from connected to connected
10-11 16:23:59.693  2232  2232 D NetworkTypeController: [0] Entering NrConnectedState(connected)
10-11 16:23:59.693  2232  2232 D NetworkTypeController: [0] mIsNrSA = true
10-11 16:23:59.693  2232  2232 D NetworkTypeController: [0] is5gAvailable: false, 3, 0
10-11 16:23:59.696  1259  2013 I UMR     : E|Compact d_rss=-19000KB
10-11 16:23:59.696  1259  2013 I am_compact: [323,android:drmService,anon,35412,15428,19324,27820,-19000,0,-19000,19000,17,0,0,999,10,2286336,-224]
10-11 16:23:59.717  2554  2772 I ResipMiscHandler: ALARM_WAKE_UP id=15785
10-11 16:23:59.718  2554  2772 I SECIMSJ : [1007]> 64
10-11 16:23:59.727  2554  2877 I [IMS6.0]: IMS_onResponse()
10-11 16:23:59.727  2554  2877 I StackIF : processMessage 2
10-11 16:23:59.728  2554  2877 I StackIF : Processing Response
10-11 16:23:59.728  2554  2877 I SECIMSJ : [1007]< 901
10-11 16:23:59.728  2554  2877 I StackIF : processResponse: reqId 901
10-11 16:23:59.728  2554  2877 I StackIF : processResponse: handle -1 result 0 reason 0
10-11 16:23:59.846  1259  4255 I power_partial_wake_state: [329,RILJ_ACK_WL:com.android.phone(disabled)]
10-11 16:23:59.897  2554  2879 I reSIProcate: INFO | RESIP:TRANSPORT | Transport.cxx:401 | incoming from: [ V4 10.224.24.176:65461 UDP target domain=unspecified mFlowKey=87 ] cport =6101 ] mInterface= ] transportKey=393 ]
10-11 16:23:59.898  2554  2879 I reSIProcate: INFO | RESIP:TRANSPORT | Transport.cxx:402 | SipReq:  PRACK xxxx@10.63.226.76:6100 tid=f7046e74dea8f2a5d6a17151d989515164c0bd23-0-24fb868-652704601042f6f4 cseq=2 PRACK contact=xxxx@10.224.24.176:6000 / 2 from(wire)
10-11 16:23:59.900  2554  2877 I StackIF : processMessage 3
10-11 16:23:59.900  2554  2877 I StackIF : Processing Notify
10-11 16:23:59.900  2554  2879 I CpAudioEngineClient: SAE_NotiInfo: SAE_NotiInfo string: 16:23:59.900<PRACK:2 PRACK
10-11 16:23:59.901  2554  2879 I VoIpEngineProxy: NotiInfo:Sending IPC_IMS_INFO Noti
10-11 16:23:59.901  2554  2879 I OemIpcHandler: ImsNotiInfo ImsNoti send IPC : 16:23:59.900<PRACK:2 PRACK
10-11 16:23:59.901  2554  2879 I OemIpcHandler: SendOemIpcCommand: main 16 sub 0c len(108) phoneId 0
10-11 16:23:59.901  2554  2879 I OemIpcHandler: SendOemIpcCommand: Send Client 111...
10-11 16:23:59.901  2554  2877 I SECIMSJ : [UNSL]< 10003
10-11 16:23:59.901  2554  2877 I StackIF : processNotify: id 10003
10-11 16:23:59.902  1950  1954 D Multi-Client: OemClient::ProcessBuffer() from [xxx], token[1], datalen[112]
10-11 16:23:59.904  1437  1686 E RILD    : [IMS SIP DbgMsg] 16:23:59.900<PRACK:2 PRACK
10-11 16:23:59.904  1437  1927 E RILD    : QmiWdsGlobalIndCallback: payloadLen(9600), ind_buf_len(41)
10-11 16:23:59.905  1437  1927 E RILD    : QmiWdsGlobalIndCallback: payloadLen(9600), ind_buf_len(41)
10-11 16:23:59.905  1437  1927 E RILD    : QmiWdsGlobalIndCallback: payloadLen(9600), ind_buf_len(41)
10-11 16:23:59.907  1950  1953 D Multi-Client: Oem OnRequestComplete:
10-11 16:23:59.908  2554  3426 I OemIpcHandler: onRawReqComplete, 
10-11 16:23:59.913  2554  2877 I SIPMSG[0]: [<--] PRACK sip:xxxxxxxxxxxxxxx@xxx.xxx.xxx.xxx:6100 SIP/2.0 [CSeq: 2 PRACK]
10-11 16:23:59.914  1437  1686 E RILC    : unsupported OEM unsolicated response code 11024
10-11 16:23:59.915  2554  2772 I ResipRawSipHandler: handleMessage: event: 100
10-11 16:23:59.916   824  1968 I CASS_DEBUG: acquire_wake_lock lock=1 id='client-interface'
10-11 16:23:59.916   824  1968 D RILClient: processUnsolicited(): resp_id (11024), len(445)
10-11 16:23:59.916   824  1968 I CASS_DEBUG: release_wake_lock id='client-interface'
10-11 16:23:59.917  1437  1831 E RILD    : QmiWdsQosIndCallback: payloadLen(6192), ind_buf_len(16)
10-11 16:23:59.917  1437  1831 E RILD    : QmiWdsQosIndCallback: new_flow = 0x0, state = 6, mQosIpVer = 4, flowid = 185045
10-11 16:23:59.918  1437  1831 E RILD    : QmiWdsQosIndCallback: payloadLen(6192), ind_buf_len(811)
10-11 16:23:59.918  1437  1831 E RILD    : QmiWdsQosIndCallback: new_flow = 0x1, state = 0, mQosIpVer = 4, flowid = 185045
10-11 16:23:59.920   825  1952 D RILClient: processUnsolicited(): resp_id (11024), len(445)
10-11 16:23:59.922  2554  3426 I RILClient: processUnsolicited(): resp_id (11024), len(445)
10-11 16:23:59.922  2554  3426 I RILClient: processUnsolicited(): unsol_func resp_id (11024), len(445)
10-11 16:23:59.923  2554  3426 I OemIpcHandler: onUnsol: main 0x16 sub 0x0B type 0x03
10-11 16:23:59.923  2554  3426 I OemIpcHandler: onUnsol: client->prv = d27d6f00
10-11 16:23:59.923  2554  3426 I OemIpcHandler: MAPBearerEventtoIPCEvent: Dedicated Bearer Event: [1] converted to :[110]
10-11 16:23:59.923  2554  3426 I OemIpcHandler: onUnsol: bearer_id : 71, tft_op_code : 1, pkt filter count : 4
10-11 16:23:59.923  2554  3426 I OemIpcHandler: onUnsol: noti_type : 1, profile_type : 2
10-11 16:23:59.923  2554  3426 I OemIpcHandler: onUnsol: qci : 1, gbr_dl : 52
10-11 16:23:59.923  2554  3426 I VoIpEngineProxy: IpcCallback: channel 2 event 110
10-11 16:23:59.923  2554  3426 I VoIpEngineProxy: IpcCallback: MediaEvtHandler 0x6f488d9a54 DataBearerEvtHandler 0x6f488d9194 RRCConnectionEvtHandler 0x6f488d9754 NetworkQoSHandler 0x6f488d9f50
10-11 16:23:59.924  2554  2772 I ResipVolteHandler: handleMessage: evt 114
10-11 16:23:59.925  2554  2877 I StackIF : processMessage 3
10-11 16:23:59.925  2554  2877 I StackIF : Processing Notify
10-11 16:23:59.926  2554  2877 I SECIMSJ : [UNSL]< 20008
10-11 16:23:59.926  2554  2877 I StackIF : processNotify: id 20008
10-11 16:23:59.926  2554  2877 I StackIF : Echolocate Notify receive
10-11 16:23:59.926  1951  2138 D RILClient: processUnsolicited(): resp_id (11024), len(445)
10-11 16:23:59.926  2554  2877 I StackIF : processMessage 3
10-11 16:23:59.926  2554  2877 I StackIF : Processing Notify
10-11 16:23:59.926  2554  2877 I SECIMSJ : [UNSL]< 20002
10-11 16:23:59.926  2554  2877 I StackIF : processNotify: id 20002
10-11 16:23:59.926  2554  2877 I ResipMiscHandler: onAlarmCancelled: id=15786
10-11 16:23:59.927  2554  2554 I EcholocateBroadcaster: handleMessage: evt 1
10-11 16:23:59.927  2554  2554 I EcholocateBroadcaster: Do not broadcast. ICDV or Signature key is wrong
10-11 16:23:59.927  2554  2877 I StackIF : processMessage 3
10-11 16:23:59.927  2554  2877 I StackIF : Processing Notify
10-11 16:23:59.927  2554  2877 I SECIMSJ : [UNSL]< 20002
10-11 16:23:59.927  2554  2877 I StackIF : processNotify: id 20002
10-11 16:23:59.927  2554  2877 I ResipMiscHandler: onAlarmCancelled: id=15787
10-11 16:23:59.928  2554  2877 I [IMS6.0]: CallMsgCreator::AddUnnecessaryHeaders(): mIsSoftphoneEnabled = 0
10-11 16:23:59.928  2554  2877 I StackIF : processMessage 3
10-11 16:23:59.928  2554  2877 I StackIF : Processing Notify
10-11 16:23:59.928  2554  2877 I SECIMSJ : [UNSL]< 20008
10-11 16:23:59.928  1437  1666 E RILD    : RxQosSetEventReportInd: supported QoS flow event: 6(QOS_FLOW_REBIND)
10-11 16:23:59.928  2554  2877 I StackIF : processNotify: id 20008
10-11 16:23:59.928  2554  2877 I StackIF : Echolocate Notify receive
10-11 16:23:59.929  2554  2877 I StackIF : processMessage 3
10-11 16:23:59.929  2554  2877 I StackIF : Processing Notify
10-11 16:23:59.929  2554  2877 I SECIMSJ : [UNSL]< 10003
10-11 16:23:59.929  2554  2877 I StackIF : processNotify: id 10003
10-11 16:23:59.930  1437  1666 E RILD    : RxQosSetEventReportInd: supported QoS flow event: 0(QOS_FLOW_ACTIVATED)
10-11 16:23:59.930  1437  1686 E RILD    : [sqos]Qos entry with flow ID 0x2d2d5 is not found
10-11 16:23:59.930  1437  1686 E RILD    : OnQosStateChanged: update QOS for cid: 2
10-11 16:23:59.930  1437  1686 E RILD    : FillQosFlowInfo: cid: 2 Intf: rmnet_data1
10-11 16:23:59.931  1437  1686 E RILD    : FillQosFlowInfo: cid: 2 Intf: rmnet_data1 updating primary
10-11 16:23:59.931  1437  1686 E RILD    : FillQosFlowInfo: cid: 2 Intf: rmnet_data1 updating flow# 0 bearerId 69 flowId 184861
10-11 16:23:59.931  1437  1686 E RILD    : FillQosFlowInfo : [qos] filter count 1
10-11 16:23:59.931  1437  1686 E RILD    : FillQosFlowInfo : [qos:0-0] param mask:0 protocol: 0
10-11 16:23:59.932  2554  2877 I SIPMSG[0]: [-->] SIP/2.0 200 OK [CSeq: 2 PRACK]
10-11 16:23:59.933  1437  1686 E RILD    : MakeData : QOS broadcast: qossessions 0100000000000008af2f080000000008af2f0800000001000000000000001dd20200020000000500000000000800000000000000080000000000000100000000000000000000000000000000000000000000000000ffffffff00000001000000fe000000 2 0
10-11 16:23:59.934  1437  1666 E RILD    : QosFlowDecodeUmtsParams: No param for traffic class neither QCI. Assume default.
10-11 16:23:59.934  2232  2286 D SEM_RILJ: [UNSL]< UNSOL_OEM_EXECUTE [PHONE0]
10-11 16:23:59.934  2232  2286 D SEM_RILJ: execute cmd0: AM cmd1: qossessions 0100000000000008af2f080000000008af2f0800000001000000000000001dd20200020000000500000000000800000000000000080000000000000100000000000000000000000000000000000000000000000000ffffffff00000001000000fe000000 2 0 [PHONE0]
10-11 16:23:59.935  2554  2772 I ResipRawSipHandler: handleMessage: event: 200
10-11 16:23:59.935   825  1952 D RILClient: processUnsolicited(): resp_id (11090), len(219)
10-11 16:23:59.935  2554  2554 I EcholocateBroadcaster: handleMessage: evt 1
10-11 16:23:59.935  2554  2554 I EcholocateBroadcaster: Do not broadcast. ICDV or Signature key is wrong
10-11 16:23:59.935  2232  2286 W System.err: qossessions 0100000000000008af2f080000000008af2f0800000001000000000000001dd20200020000000500000000000800000000000000080000000000000100000000000000000000000000000000000000000000000000ffffffff00000001000000fe000000 cid: 2 phone: 0
10-11 16:23:59.935  2232  2232 D DCT-C-0 : EVENT_QOS_STATE_CHANGED
10-11 16:23:59.935   824  1968 I CASS_DEBUG: acquire_wake_lock lock=1 id='client-interface'
10-11 16:23:59.936   824  1968 D RILClient: processUnsolicited(): resp_id (11090), len(219)
10-11 16:23:59.936   824  1968 I CASS_DEBUG: release_wake_lock id='client-interface'
10-11 16:23:59.936  2232  2232 D DCT-C-0 : QOS session nos :  1
10-11 16:23:59.936  2232  2232 D DCT-C-0 : QOS sessions ID#0 no of filter 1
10-11 16:23:59.936  2232  2232 D DCT-C-0 : QOS sessions: [QosBearerSession { qosBearerSessionId=184861 qos=NrQos { fiveQi=5 downlink=Bandwidth { maxBitrateKbps=0 guaranteedBitrateKbps=8} uplink=Bandwidth { maxBitrateKbps=0 guaranteedBitrateKbps=8} qosFlowId=0 averagingWindowMs=0} qosBearerFilterList=[QosBearerFilter { localAddresses=[] remoteAddresses=[] localPort=PortRange { start=-1 end=-1} remotePort=PortRange { start=-1 end=-1} protocol=-1 typeOfServiceMask=0 flowLabel=0 securityParameterIndex=0 filterDirection=1 precedence=254}]}]
10-11 16:23:59.937  2554  3426 I RILClient: processUnsolicited(): resp_id (11090), len(219)
10-11 16:23:59.938  2554  2772 I ResipVolteHandler: handleMessage: evt 114
10-11 16:23:59.939  2554  2877 I CpAudioEngineClient: SAE_NotiInfo: SAE_NotiInfo string: 16:23:59.938>200 OK:2 PRACK
10-11 16:23:59.939  2554  2877 I VoIpEngineProxy: NotiInfo:Sending IPC_IMS_INFO Noti
10-11 16:23:59.939  2554  2877 I OemIpcHandler: ImsNotiInfo ImsNoti send IPC : 16:23:59.938>200 OK:2 PRACK
10-11 16:23:59.939  2554  2877 I OemIpcHandler: SendOemIpcCommand: main 16 sub 0c len(108) phoneId 0
10-11 16:23:59.939  2554  2877 I OemIpcHandler: SendOemIpcCommand: Send Client 111...
10-11 16:23:59.939  2232  2286 D RILJ    : Unsol response received; Sending ack to ril.cpp [PHONE0]
10-11 16:23:59.939  1951  2138 D RILClient: processUnsolicited(): resp_id (11090), len(219)
10-11 16:23:59.939  1950  1954 D Multi-Client: OemClient::ProcessBuffer() from [xxx], token[1], datalen[112]
10-11 16:23:59.940  2232  2326 D QOSCT-784: updateSessions: sessions size=1
10-11 16:23:59.940  2232  2286 D RILJ    : [UNSL]< UNSOL_DATA_CALL_LIST_CHANGED [{.cause = NONE, .suggestedRetryTime = -1, .cid = 2, .active = DORMANT, .type = IP, .ifname = rmnet_data1, .addresses = [{.address = 10.63.226.76/29, .properties = NONE, .deprecationTime = -1, .expirationTime = -1}], .dnses = [10.226.7.206, 10.226.8.14], .gateways = [10.63.226.77], .pcscf = [10.224.24.176, 10.224.38.176], .mtuV4 = 1430, .mtuV6 = 0}] [PHONE0]
10-11 16:23:59.940  2554  2879 I reSIProcate: INFO | RESIP:TRANSPORT | TransportSelector.cxx:810 | Via=SIP/2.0/UDP 10.224.24.176:6000;branch=z9hG4bKf7046e74dea8f2a5d6a17151d989515164c0bd23-0-24fb868-652704601042f6f4;_aluscr_
10-11 16:23:59.940  2554  2877 I [IMS6.0]: CallMsgCreator::AddUnnecessaryHeaders(): mIsSoftphoneEnabled = 0
10-11 16:23:59.940  2554  2879 I reSIProcate: INFO | RESIP:TRANSPORT | TransportSelector.cxx:811 | Target=[ V4 10.224.24.176:6000 UDP target domain=unspecified mFlowKey=87 ] cport =6101 ] mInterface=rmnet_data1 ] transportKey=393 ]
10-11 16:23:59.940  2554  2879 I reSIProcate: INFO | RESIP:TRANSPORT | TransportSelector.cxx:1500 | Transmitting to [ V4 10.224.24.176:6000 UDP target domain=unspecified mFlowKey=87 ] cport =6101 ] mInterface=rmnet_data1 ] transportKey=395 ] tlsDomain= via [ V4 0.0.0.0:6101 UDP target domain=unspecified mFlowKey=168 ] cport =0 ] mInterface= ] transportKey=0 ]
10-11 16:23:59.940  2554  2879 I reSIProcate: SipResp: 200 tid=f7046e74dea8f2a5d6a17151d989515164c0bd23-0-24fb868-652704601042f6f4 cseq=2 PRACK contact=xxxx@10.63.226.76:6100 / 2 from(tu)sigcomp id=
10-11 16:23:59.941  2554  2877 I StackIF : processMessage 3
10-11 16:23:59.941  2554  2877 I StackIF : Processing Notify
10-11 16:23:59.941  2554  2877 I SECIMSJ : [UNSL]< 20008
10-11 16:23:59.941  2554  2877 I StackIF : processNotify: id 20008
10-11 16:23:59.941  2554  2877 I StackIF : Echolocate Notify receive
10-11 16:23:59.941  2554  2877 I StackIF : processMessage 3
10-11 16:23:59.942  2554  2877 I StackIF : Processing Notify
10-11 16:23:59.942  2554  2877 I SECIMSJ : [UNSL]< 10003
10-11 16:23:59.942  2554  2877 I StackIF : processNotify: id 10003
10-11 16:23:59.942  2554  2554 I EcholocateBroadcaster: handleMessage: evt 1
10-11 16:23:59.942  2554  2554 I EcholocateBroadcaster: Do not broadcast. ICDV or Signature key is wrong
10-11 16:23:59.942  1437  1686 E RILD    : [sqos]Qos entry with flow ID 0x2d2d5 is not found
10-11 16:23:59.944  2554  2877 I SIPMSG[0]: [-->] SIP/2.0 180 Ringing [CSeq: 1 INVITE]
10-11 16:23:59.945  2554  2772 I ResipRawSipHandler: handleMessage: event: 200
10-11 16:23:59.946  2232  2326 I TelephonyProvider: D/TelephonyProvider: Using old permission behavior for telephony provider compat
10-11 16:23:59.946  2232  2326 I TelephonyProvider: D/TelephonyProvider: subIdString = 1 subId = 1
10-11 16:23:59.948  2554  2772 I ResipVolteHandler: handleMessage: evt 114
10-11 16:23:59.948  2554  2877 I CpAudioEngineClient: SAE_NotiInfo: SAE_NotiInfo string: 16:23:59.948>180 Ringing:1 INVITE
10-11 16:23:59.948  2554  2877 I VoIpEngineProxy: NotiInfo:Sending IPC_IMS_INFO Noti
10-11 16:23:59.949  2554  2877 I OemIpcHandler: ImsNotiInfo ImsNoti send IPC : 16:23:59.948>180 Ringing:1 INVITE
10-11 16:23:59.949  2554  2877 I OemIpcHandler: SendOemIpcCommand: main 16 sub 0c len(108) phoneId 0
10-11 16:23:59.949  2554  2877 I OemIpcHandler: SendOemIpcCommand: Send Client 111...
10-11 16:23:59.949  1950  1954 D Multi-Client: OemClient::ProcessBuffer() from [xxx], token[2], datalen[112]
10-11 16:23:59.950  2554  2877 I [IMS6.0]: *CallSession::SelectAudioInterface(): :(8) Current pdn is ims, ThirdParyMode false cmcType 0
10-11 16:23:59.952  2554  2879 I reSIProcate: INFO | RESIP:TRANSPORT | TransportSelector.cxx:810 | Via=SIP/2.0/TCP 10.224.24.176:6000;branch=z9hG4bKaf93b361acd11892b68570d53367ccbc64c0bd23-0-24fb858-6527045e33babca2;_aluscr_
10-11 16:23:59.952  2554  2879 I reSIProcate: INFO | RESIP:TRANSPORT | TransportSelector.cxx:811 | Target=[ V4 10.224.24.176:65461 TCP target domain=unspecified mFlowKey=170 ] cport =6101 ] mInterface=rmnet_data1 ] transportKey=394 ]
10-11 16:23:59.952  1437  1686 E RILD    : [sqos] TxCbFlowActivate(): phys_net_dev = rmnet_ipa0, iface = rmnet_data1, mBearerId = 71, mFlowId = 185045, mQosIpVer = 4, handle = 2
10-11 16:23:59.953  2554  2879 I reSIProcate: INFO | RESIP:TRANSPORT | TransportSelector.cxx:1500 | Transmitting to [ V4 10.224.24.176:65461 TCP target domain=unspecified mFlowKey=170 ] cport =6101 ] mInterface=rmnet_data1 ] transportKey=394 ] tlsDomain= via [ V4 0.0.0.0:6100 TCP target domain=unspecified mFlowKey=0 ] cport =0 ] mInterface= ] transportKey=0 ]
10-11 16:23:59.953  2554  2879 I reSIProcate: SipResp: 180 tid=af93b361acd11892b68570d53367ccbc64c0bd23-0-24fb858-6527045e33babca2 cseq=1 INVITE contact=xxxx@10.63.226.76:6100 / 1 from(tu)sigcomp id=
10-11 16:23:59.954  1437  1683 E RILD    : Run(): nlmsg_type = 16
10-11 16:23:59.956  1437  1686 E RILD    : [sqos] TxCbFlowActivate(): Success to flow activate
10-11 16:23:59.956  1437  1686 E RILD    : OnQosStateChanged: update QOS for cid: 2
10-11 16:23:59.956  1437  1686 E RILD    : FillQosFlowInfo: cid: 2 Intf: rmnet_data1
10-11 16:23:59.957  1437  1686 E RILD    : FillQosFlowInfo: cid: 2 Intf: rmnet_data1 updating primary
10-11 16:23:59.957  1437  1686 E RILD    : FillQosFlowInfo: cid: 2 Intf: rmnet_data1 updating flow# 0 bearerId 69 flowId 184861
10-11 16:23:59.957  1437  1686 E RILD    : FillQosFlowInfo : [qos] filter count 1
10-11 16:23:59.957  1437  1686 E RILD    : FillQosFlowInfo : [qos:0-0] param mask:0 protocol: 0
10-11 16:23:59.957  2554  2879 I reSIProcate: INFO | RESIP:TRANSPORT | Connection.cxx:229 | Interface : , Tried to send 1156 bytes, sent 1156 bytes
10-11 16:23:59.957  1437  1686 E RILD    : FillQosFlowInfo: cid: 2 Intf: rmnet_data1 updating flow# 1 bearerId 71 flowId 185045
10-11 16:23:59.957  1437  1686 E RILD    : FillQosFlowInfo : [qos] filter count 2
10-11 16:23:59.957  1437  1686 E RILD    : FillQosFlowInfo : [qos:1-0] param mask:198 protocol: 17
10-11 16:23:59.957  1437  1686 E RILD    : FillQosFlowInfo : [qos:1-1] param mask:198 protocol: 17
10-11 16:23:59.961  1437  1686 E RILD    : MakeData : QOS broadcast: qossessions 0100000000000008af2f080000000008af2f0800000002000000000000001dd20200020000000500000000000800000000000000080000000000000100000000000000000000000000000000000000000000000000ffffffff00000001000000fe000000d5d202000200000001000000000020cb00000000000020cb000000d0070200000000000000000000000000000001000000000000001000000031302e3232342e32342e3234352f333201d8040000d804000001786e0000786e0000110000000000000100000030000000000000000000000001000000000000001000000031302e3232342e32342e3234352f333201d9040000d904000001796e0000796e0000110000000000000100000038000000 2 0
10-11 16:23:59.961  1259  2215 I EthernetTracker: interfaceLinkStateChanged, iface: rmnet_data1, up: true
10-11 16:23:59.962   824  1968 I CASS_DEBUG: acquire_wake_lock lock=1 id='client-interface'
10-11 16:23:59.962   824  1968 D RILClient: processUnsolicited(): resp_id (11090), len(569)
10-11 16:23:59.962   824  1968 I CASS_DEBUG: release_wake_lock id='client-interface'
10-11 16:23:59.962   825  1952 D RILClient: processUnsolicited(): resp_id (11090), len(569)
10-11 16:23:59.962  2232  2326 D DCT-C-0 : getPreferredApn: For APN type default found apnSetting [ApnSetting] Internet, 5778, 313340, internet, , null, , null, null, 0, supl | dun | hipri | default, IPV4V6, IPV4V6, true, 0, false, 20, 0, 300, 0, 0, gid, 6538, false, UNKNOWN, UNKNOWN, 0, -1, 0, false
10-11 16:23:59.963  2554  3426 I RILClient: processUnsolicited(): resp_id (11090), len(569)
10-11 16:23:59.963  1437  1686 E RILD    : [IMS SIP DbgMsg] 16:23:59.938>200 OK:2 PRACK
10-11 16:23:59.963  2994  2994 I EPDG -- SIM0 [EpdgInterfaceObserver]: Interface Number is 1
10-11 16:23:59.964  2232  2326 D DCT-C-0 : AllowInternetCapability : preferredApnName: internet, apnName: ims
10-11 16:23:59.964  1951  2138 D RILClient: processUnsolicited(): resp_id (11090), len(569)
10-11 16:23:59.964  2994  2994 I EPDG -- SIM0 [EpdgIntfCont]: handleMessage msg : 1 cid : 2
10-11 16:23:59.964  2232  2286 D SEM_RILJ: [UNSL]< UNSOL_OEM_EXECUTE [PHONE0]
10-11 16:23:59.964  2232  2286 D SEM_RILJ: execute cmd0: AM cmd1: qossessions 0100000000000008af2f080000000008af2f0800000002000000000000001dd20200020000000500000000000800000000000000080000000000000100000000000000000000000000000000000000000000000000ffffffff00000001000000fe000000d5d202000200000001000000000020cb00000000000020cb000000d0070200000000000000000000000000000001000000000000001000000031302e3232342e32342e3234352f333201d8040000d804000001786e0000786e0000110000000000000100000030000000000000000000000001000000000000001000000031302e3232342e32342e3234352f333201d9040000d904000001796e0000796e0000110000000000000100000038000000 2 0 [PHONE0]
10-11 16:23:59.964  2232  2286 W System.err: qossessions 0100000000000008af2f080000000008af2f0800000002000000000000001dd20200020000000500000000000800000000000000080000000000000100000000000000000000000000000000000000000000000000ffffffff00000001000000fe000000d5d202000200000001000000000020cb00000000000020cb000000d0070200000000000000000000000000000001000000000000001000000031302e3232342e32342e3234352f333201d8040000d804000001786e0000786e0000110000000000000100000030000000000000000000000001000000000000001000000031302e3232342e32342e3234352f333201d9040000d904000001796e0000796e0000110000000000000100000038000000 cid: 2 phone: 0
10-11 16:23:59.964  2232  2232 D DCT-C-0 : EVENT_QOS_STATE_CHANGED
10-11 16:23:59.964  2232  2232 D DCT-C-0 : QOS session nos :  2
10-11 16:23:59.964  2232  2232 D DCT-C-0 : QOS sessions ID#0 no of filter 1
10-11 16:23:59.964  2232  2232 D DCT-C-0 : QOS sessions ID#1 no of filter 2
10-11 16:23:59.965  2232  2232 D DCT-C-0 : QOS sessions: [QosBearerSession { qosBearerSessionId=184861 qos=NrQos { fiveQi=5 downlink=Bandwidth { maxBitrateKbps=0 guaranteedBitrateKbps=8} uplink=Bandwidth { maxBitrateKbps=0 guaranteedBitrateKbps=8} qosFlowId=0 averagingWindowMs=0} qosBearerFilterList=[QosBearerFilter { localAddresses=[] remoteAddresses=[] localPort=PortRange { start=-1 end=-1} remotePort=PortRange { start=-1 end=-1} protocol=-1 typeOfServiceMask=0 flowLabel=0 securityParameterIndex=0 filterDirection=1 precedence=254}]}, QosBearerSession { qosBearerSessionId=185045 qos=NrQos { fiveQi=1 downlink=Bandwidth { maxBitrateKbps=0 guaranteedBitrateKbps=52000} uplink=Bandwidth { maxBitrateKbps=0 guaranteedBitrateKbps=52000} qosFlowId=0 averagingWindowMs=2000} qosBearerFilterList=[QosBearerFilter { localAddresses=[] remoteAddresses=[10.224.24.245/32] localPort=PortRange { start=1240 end=1240} remotePort=PortRange { start=28280 end=28280} protocol=17 typeOfServiceMask=0 flowLabel=0 securityParameterIndex=0 filterDirection=1 precedence=48}, QosBearerFilter { localAddresses=[] remoteAddresses=[10.224.24.245/32] localPort=PortRange { start=1241 end=1241} remotePort=PortRange { start=28281 end=28281} protocol=17 typeOfServiceMask=0 flowLabel=0 securityParameterIndex=0 filterDirection=1 precedence=56}]}]
10-11 16:23:59.966  2994  2994 I EPDG -- SIM0 [EpdgIntfCont]: new EpdgInterface :rmnet_data1
10-11 16:23:59.967  1437  1686 E RILD    : [IMS SIP DbgMsg] 16:23:59.948>180 Ringing:1 INVITE
10-11 16:23:59.967  1950  1953 D Multi-Client: Oem OnRequestComplete:
10-11 16:23:59.967  2554  3426 I OemIpcHandler: onRawReqComplete, 
10-11 16:23:59.967  2232  2326 D Dcc-C-0 : onDataStateChanged: dcsList=[DataCallResponse: { cause=NONE(0x0) retry=-1 cid=2 linkStatus=1 protocolType=0 ifname=rmnet_data1 addresses=[10.63.226.76/29] dnses=[/10.226.7.206, /10.226.8.14] gateways=[/10.63.226.77] pcscf=[/10.224.24.176, /10.224.38.176] mtu=1430 mtuV4=1430 mtuV6=0 handoverFailureMode=fallback pduSessionId=0 defaultQos=null qosBearerSessions=[] sliceInfo=null trafficDescriptors=[]}] dcListActiveByCid={2={DC-C-1: State=DcActiveState mApnSetting=[ApnSetting] IMS, 5781, 313340, ims, , null, , null, null, 0, ims, IPV4V6, IPV4V6, true, 0, false, 20, 0, 300, 0, 0, gid, 6538, false, UNKNOWN, UNKNOWN, 0, -1, 1, false RefCount=1 mCid=2 mCreateTime=-1 mLastastFailTime=-1 mLastFailCause=NONE(0x0) mTag=1584 mLinkProperties={InterfaceName: rmnet_data1 LinkAddresses: [ 10.63.226.76/29 ] DnsAddresses: [ /10.226.7.206,/10.226.8.14 ] PcscfAddresses: [ /10.224.24.176,/10.224.38.176 ] Domains: null MTU: 1430 TcpBufferSizes: 2097152,6291456,16777216,512000,2097152,8388608 Routes: [ 0.0.0.0/0 -> 10.63.226.77 rmnet_data1 mtu 1430 ]} linkCapabilities=[ Transports: CELLULAR Capabilities: IMS&NOT_METERED&TRUSTED&NOT_VPN&NOT_ROAMING&NOT_CONGESTED&NOT_SUSPENDED&NOT_VCN_MANAGED LinkUpBandwidth>=18000Kbps LinkDnBandwidth>=47000Kbps Specifier: <TelephonyNetworkSpecifier [mSubId = 1]> AllowedUids: <{10231}> OwnerUid: 10231 AdminUids: [10049, 10230, 10231, 10294] SubscriptionIds: {1} UnderlyingNetworks: Null] mRestrictedNetworkOverride=false mApnContexts={{mApnType=ims mState=CONNECTED mWaitingApns={[[ApnSetting] IMS, 5781, 313340, ims, , null, , null, null, 0, ims, IPV4V6, IPV4V6, true, 0, false, 20, 0, 300, 0, 0, gid, 6538, false, UNKNOWN, UNKNOWN, 0, -1, 1, false] priority=2} mApnSetting={[ApnSetting] IMS, 5781, 313340, ims, , null, , null, null, 0, ims, IPV4V6, IPV4V6, true, 0, false, 20, 0, 300, 0, 0, gid, 6538, false, UNKNOWN, UNKNOWN, 0, -1, 1, false} mReason=connected mNeedDisconnectByDdsChange=false mDataEnabled=true}={mTag=1584 mApnContext={mApnType=ims mState=CONNECTED mWaitingApns={[[ApnSetting] IMS, 5781, 313340, ims, , null, , null, null, 0, ims, IPV4V6, IPV4V6, true, 0, false, 20, 0, 300, 0, 0, gid, 6538, false, UNKNOWN, UNKNOWN, 0, -1, 1, false] priority=2} mApnSetting={[ApnSetting] IMS, 5781, 313340, ims, , null, , null, null, 0, ims, IPV4V6, IPV4V6, true, 0, false, 20, 0, 300, 0, 0, gid, 6538, false, UNKNOWN, UNKNOWN, 0, -1, 1, false} mReason=connected mNeedDisconnectByDdsChange=false mDataEnabled=true} mProfileId=2 mRat=20 mOnCompletedMsg={what=0x42000 when=-53d6h6m39s73ms obj=Pair{{mApnType=ims mState=CONNECTED mWaitingApns={[[ApnSetting] IMS, 5781, 313340, ims, , null, , null, null, 0, ims, IPV4V6, IPV4V6, true, 0, false, 20, 0, 300, 0, 0, gid, 6538, false, UNKNOWN, UNKNOWN, 0, -1, 1, false] priority=2} mApnSetting={[ApnSetting] IMS, 5781, 313340, ims, , null, , null, null, 0, ims, IPV4V6, IPV4V6, true, 0, false, 20, 0, 300, 0, 0, gid, 6538, false, UNKNOWN, UNKNOWN, 0, -1, 1, false} mReason=connected mNeedDisconnectByDdsChange=false mDataEnabled=true} 90} target=Handler (com.android.internal.telephony.dataconnection.DcTracker) {1f86a87} replyTo=null} mRequestType=NORMAL mSubId=1 mIsPreferredApn=false}}}}
10-11 16:23:59.967  2232  2326 D Dcc-C-0 : onDataStateChanged: dcsToRetry=[]
10-11 16:23:59.967  2994  2994 I EPDG -- SIM0 [EpdgIntfCont]: ignore interface up events
