12-14 03:46:49.589  1634  2646 I Telecom : InCallController: Components updated: [ComponentInfo{com.google.android.bluetooth/com.android.bluetooth.telephony.BluetoothInCallService}, ComponentInfo{com.google.android.apps.scone/com.google.android.apps.scone.coex.StateService}, ComponentInfo{com.google.android.googlequicksearchbox/com.google.android.libraries.search.assistant.incallservice.IncomingCallInCallService}, ComponentInfo{android/com.android.server.companion.datatransfer.contextsync.CallMetadataSyncInCallService}, ComponentInfo{com.google.android.dialer/com.android.incallui.InCallServiceImpl}]: TSI.aRC->CSFM.rF(a)@dzY?
12-14 03:46:49.590  1634  2645 I Telecom : CallAudioModeStateMachine: Message received: NO_MORE_RINGING_CALLS.: TSI.aRC->CSFM.rF->CAMSM.pM_1002(a)@dzY?
12-14 03:46:49.590  1634  2646 I Telecom : CallAnomalyWatchdog: onCallStateChanged: call=[Call id=TC@1113, state=ANSWERED, tpac=ComponentInfo{com.android.phone/com.android.services.telephony.TelephonyConnectionService}, 2, UserHandle{0}, cmgr=ComponentInfo{com.android.phone/com.android.services.telephony.TelephonyConnectionService}, 2, UserHandle{0}, handle=tel:**********77, vidst=A, childs(0), has_parent(false), cap=[ sup_hld mut VTlrx VTltx VTlbi spd_aud], prop=[]], voip=false: TSI.aRC->CSFM.rF(a)@dzY?
12-14 03:46:49.590  1634  2646 I Telecom : CallAnomalyWatchdog: maybePostCleanupTask; callId=TC@1113, state=ANSWERED, createConnComplete=true: TSI.aRC->CSFM.rF(a)@dzY?
12-14 03:46:49.591  1634  2646 I Telecom : IncomingCallNotifier: updateIncomingCall: foundIncomingcall = null: TSI.aRC->CSFM.rF(a)@dzY?
12-14 03:46:49.592  1634  2637 I Telecom : CallAudioRouteStateMachine: setSystemAudioState: changing from [AudioState isMuted: false, route: EARPIECE, supportedRouteMask: EARPIECE, SPEAKER, activeBluetoothDevice: [null], supportedBluetoothDevices: []] to [AudioState isMuted: false, route: EARPIECE, supportedRouteMask: EARPIECE, SPEAKER, activeBluetoothDevice: [null], supportedBluetoothDevices: []]: TSI.aRC->CSFM.rF->CARSM.pM_MUTE_OFF(a)@dzY?
12-14 03:46:49.592  1634  2637 D BluetoothAdapter: getActiveDevices(profile= HEADSET)
12-14 03:46:49.592  1634  2646 I Telecom : ConnectionServiceFocusManager: updateCurrentFocusCall = null: TSI.aRC->CSFM.rF->CSFM.oCSS(a)@dzY?
12-14 03:46:49.592  1634  2645 I Telecom : Logging.Events: Non-call EVENT: FLASH_NOTIFICATION_STOP, null: TSI.aRC->CSFM.rF->CAMSM.pM_1002(a)@dzY?
12-14 03:46:49.593 11135 11189 I DialerInCallUpdatePropagatorImpl: com.android.dialer.incall.core.dataservice.impl.InCallUpdatePropagatorImpl$1.onSuccess:79 IN_CALL_UPDATE_MONITORING: fire update in the ui thread
12-14 03:46:49.593  1634  2645 I Telecom : CallAudioModeStateMachine: Audio focus entering SIM CALL state: TSI.aRC->CSFM.rF->CAMSM.pM_1002(a)@dzY?
12-14 03:46:49.593 11135 11193 I DialerCallScopesImpl: com.android.dialer.incall.core.callscope.callscopes.impl.CallScopesImpl.getAudioAvailableCallScope:214 enter
12-14 03:46:49.593 11135 11189 I DialerInCallProductionComponentAuthorityImpl: com.android.dialer.incall.core.dataservice.impl.InCallProductionComponentAuthorityImpl.postNewPrimaryCallGraph:60 IN_CALL_UPDATE_MONITORING: start building new call graph
12-14 03:46:49.593 11135 11193 I DialerCallScopesImpl: com.android.dialer.incall.core.callscope.callscopes.impl.CallScopesImpl.getAudioAvailableCallScope:221 found 1 call scopes
12-14 03:46:49.593 11135 11193 I DialerCallScopesImpl: com.android.dialer.incall.core.callscope.callscopes.impl.CallScopesImpl.getAudioAvailableCallScope:253 getAudioAvailableCallScope returning empty optional
12-14 03:46:49.593 11135 11193 I DialerAudioAvailableCallAttributesUpdatePropagator: com.android.dialer.audio.impl.tidepods.AudioAvailableCallAttributesUpdatePropagator.lambda$updateModelAndPropagate$3:119 no active call scope present
12-14 03:46:49.593 11135 11135 I DialerTelecomEventUiThreadBlockedTimer: com.android.incallui.TelecomEventUiThreadBlockedTimer.lambda$onEvent$0:58 InCallService.uiThreadBlockedByTelecomEvent blocked UI thread for 1.81 ms
12-14 03:46:49.593 11135 11193 I DialerAudioAvailableCallAttributesUpdatePropagator: com.android.dialer.audio.impl.tidepods.AudioAvailableCallAttributesUpdatePropagator.lambda$updateModelAndPropagate$4:142 no new model to propagate
12-14 03:46:49.594 11135 11135 I DialerTelecomEventUiThreadBlockedTimer: com.android.incallui.TelecomEventUiThreadBlockedTimer.lambda$onEvent$0:58 InCallService.uiThreadBlockedByTelecomEvent.onDetailsChanged blocked UI thread for 2.45 ms
12-14 03:46:49.595  1634 20122 I FlashNotifController: stopFlashNotification: tag=com.android.server.telecom
12-14 03:46:49.596 11135 11189 I DialerTiktokDataServiceInCallUpdateListener: com.android.dialer.incall.core.dataservice.impl.TiktokDataServiceInCallUpdateListener.onCallGraphUpdated:30 IN_CALL_UPDATE_MONITORING: enter
12-14 03:46:49.597  1634  2645 I MediaFocusControl: requestAudioFocus() from uid/pid 1000/1634 AA=USAGE_VOICE_COMMUNICATION/CONTENT_TYPE_SPEECH clientId=AudioFocus_For_Phone_Ring_And_Calls callingPack=com.android.server.telecom req=2 flags=0x4 sdk=0
12-14 03:46:49.597 11135 11189 I DialerDialerBubbleController: com.android.dialer.incall.bubble.dialerbubble.DialerBubbleController.onCallGraphUpdated:79 IN_CALL_UPDATE_MONITORING: enter
12-14 03:46:49.597 11135 11189 I DialerStatusBarNotifier: com.android.dialer.incall.statusbarnotification.ui.StatusBarNotifier.onCallGraphUpdated:231 updateInProgress: false
12-14 03:46:49.597 11135 11135 I DialerDialerBubbleController: com.android.dialer.incall.bubble.dialerbubble.DialerBubbleController.lambda$onCallGraphUpdated$1:90 IN_CALL_UPDATE_MONITORING: fire update in the ui thread
12-14 03:46:49.597  2330  3780 I BluetoothAdapterService: getActiveDevices: Headset device: null
12-14 03:46:49.597 11135 11189 I DialerStatusBarNotifier: com.android.dialer.incall.statusbarnotification.ui.StatusBarNotifier.getModel:480 PrimaryCallGraph present: true; model already present: true
12-14 03:46:49.598  1634  2637 D BluetoothAdapter: getActiveDevices(profile= HEARING_AID)
12-14 03:46:49.598 11135 11191 I DialerPrivate: com.android.dialer.incall.bubble.service.BubbleModelProducerModule.produceIsInCallUiHidden:393 cannot show bubble, legacyInCallUiShowing state is not present
12-14 03:46:49.598 11135 11193 I DialerPrivate: com.android.dialer.incall.bubble.service.BubbleModelProducerModule.produceIsBubbleFeatureEnabledForCall:342 Not showing bubble in Android S+ when 'enable_android_s_notifications' is enabled.
12-14 03:46:49.598 11135 11191 I DialerAtlasBusinessFinderImpl: com.android.incallui.atlas.ui.impl.businessfinder.AtlasBusinessFinderImpl.findBusiness:126 atlas isn't available for incoming calls
12-14 03:46:49.598 11135 11191 I DialerPhoneLookupInfoConsolidator: com.android.dialer.phonelookup.consolidator.PhoneLookupInfoConsolidator.getName:204 nameSource: NONE
12-14 03:46:49.599  2330  3780 I BluetoothAdapterService: getActiveDevices: Hearing Aid devices: Left[null] - Right[null]
12-14 03:46:49.600 11135 11189 I DialerCallStatusTextGenerator: com.android.dialer.incall.statusbarnotification.basiccontent.CallStatusTextGenerator.getCallStatusTextFromResources:171 Notification call status text: Incoming call
12-14 03:46:49.600 11135 11184 I DialerCallStatusTextGenerator: com.android.dialer.incall.statusbarnotification.basiccontent.CallStatusTextGenerator.getCallStatusTextFromResources:171 Notification call status text: Incoming call
12-14 03:46:49.600 11135 11185 I DialerGamingModeSupportImpl: com.android.dialer.gamingmodesupport.impl.GamingModeSupportImpl.isGamingModeOn:61 gaming mode off
12-14 03:46:49.600   957   957 D usf_sensor_hal: pressure: Enter Activate. Enable = 0.
12-14 03:46:49.601  2425 10334 I SHANNON_IMS: 8297 [IMPL] #:BLUE:# Commit accept for CallType[2] Profile[{ audioQuality=0, audioDirection=3, audioCodecAttribute=null, videoQuality=0, videoDirection=-1, rttMode=0, hasRttAudioSpeech=false }]  [SLID:0 CID:0 CURI:null MLT:false  ICP:{ serviceType=1, callType=1, restrictCause=0, mediaProfile={ audioQuality=0, audioDirection=3, audioCodecAttribute=null, videoQuality=0, videoDirection=-1, rttMode=0, hasRttAudioSpeech=false }, emergencyServiceCategories=0, emergencyUrns=[], emergencyCallRouting=0, emergencyCallTesting=false, hasKnownUserIntentEmergency=false, mRestrictCause=0, mCallerNumberVerstat= 1, mAcceptedRtpHeaderExtensions= {} }CST:ESTABLISHING  HRS:IDLE IC:true ECC:NONE WFC:false VCC:false OIR:2 CRS:false CUI:CCID:0 MP:false CCS:IDLE L(0):[] PCR:UNSPECIFIED] (ImsCallSessionImpl%accept:198)
12-14 03:46:49.601  1186  1186 D AOC     : A3:MSG: usf_sensor.cc, 1544: USF: Received stop sampling request for ICP20100 Pressure Sensor.
12-14 03:46:49.602  1186  1186 D AOC     : A3:MSG: icp20100_device.cc, 146: USF: ICP20100: Barometer starts sampling: period_ns = 40000000, max_latency_ns = 10000
12-14 03:46:49.602 11135 11189 I DialerDrawableConverter: com.android.dialer.util.DrawableConverter.drawableToBitmap:64 created bitmap with width: 144, height: 144
12-14 03:46:49.602 11135 11160 V ClearcutMetricXmitter: Transmission is done.
12-14 03:46:49.603 11135 11184 I DialerDrawableConverter: com.android.dialer.util.DrawableConverter.drawableToBitmap:64 created bitmap with width: 126, height: 126
12-14 03:46:49.603 11135 11189 I DialerStatusBarNotifier: com.android.dialer.incall.statusbarnotification.ui.StatusBarNotifier.lambda$updateModelAndNotification$1:443 Received new model for Call: DialerCall_0 - time to retrieve: 6
12-14 03:46:49.603 11135 11189 I DialerStatusBarNotifier: com.android.dialer.incall.statusbarnotification.ui.StatusBarNotifier.lambda$updateModelAndNotification$1:453 model unchanged, so no updates for now
12-14 03:46:49.603 11135 11189 I DialerStatusBarNotifier: com.android.dialer.incall.statusbarnotification.ui.StatusBarNotifier$1.onSuccess:259 Update finished successfully. updateInProgress set to false
12-14 03:46:49.604 11135 11160 V ClearcutMetricXmitter: Transmission is done.
12-14 03:46:49.606  1634  2645 I Telecom : CallAudioModeStateMachine: Message received: NEW_ACTIVE_OR_DIALING_CALL.: TSI.aRC->CSFM.rF->CAMSM.pM_2001(a)@dzY?
12-14 03:46:49.606   925 19322 D audio_hw_soundtrigger: updated Stream 2 active in soundtrigger
12-14 03:46:49.606   925 19322 D audio_hw_output_stream: update stream 2 active 1 gain 0.000000
12-14 03:46:49.606  1634  2637 I Telecom : CallAudioRouteStateMachine: Message received: SWITCH_FOCUS=4001, arg1=2: TSI.aRC->CSFM.rF->CAMSM.pM_1002->CARSM.pM_SWITCH_FOCUS(a)@dzY?
12-14 03:46:49.607  1634  2637 I Telecom : ActiveEarpieceRoute: Processing message SWITCH_FOCUS: TSI.aRC->CSFM.rF->CAMSM.pM_1002->CARSM.pM_SWITCH_FOCUS(a)@dzY?
12-14 03:46:49.607   925 19322 D audio_hw: adev_set_mode: mode 2
12-14 03:46:49.607   925 19322 W audio_hw_35l41: cs35l41_amp_common_event: ret: 0, event: 7, state: 3, device: 2
12-14 03:46:49.607   925 19322 D audio_hw_voice: HAL_EVENT_PHONE_STATE_CHANGE
12-14 03:46:49.612  1138 25834 I hw-BpHwBinder: onLastStrongRef automatically unlinking death recipients
12-14 03:46:49.612  2425 10334 D SHANNON_IMS: 8298 [CALL] #:ORNG:# Accept with call type :2  [SLID:0 CID:0 CURI:+142****9877 MLT:false  ICP:{ serviceType=1, callType=1, restrictCause=0, mediaProfile={ audioQuality=0, audioDirection=3, audioCodecAttribute=null, videoQuality=0, videoDirection=-1, rttMode=0, hasRttAudioSpeech=false }, emergencyServiceCategories=0, emergencyUrns=[], emergencyCallRouting=0, emergencyCallTesting=false, hasKnownUserIntentEmergency=false, mRestrictCause=0, mCallerNumberVerstat= 1, mAcceptedRtpHeaderExtensions= {} }CST:ESTABLISHING  HRS:IDLE IC:true ECC:NONE WFC:false VCC:false OIR:2 CRS:false CUI:CCID:0 MP:false CCS:IDLE L(0):[] PCR:UNSPECIFIED] (ImsCall%accept:1141)
12-14 03:46:49.613  2425 10334 I SHANNON_IMS: 8299 [ADAP] Sending answer with call type [2] : { serviceType=1, callType=2, restrictCause=0, mediaProfile={ audioQuality=0, audioDirection=3, audioCodecAttribute=null, videoQuality=0, videoDirection=-1, rttMode=0, hasRttAudioSpeech=false }, emergencyServiceCategories=0, emergencyUrns=[], emergencyCallRouting=0, emergencyCallTesting=false, hasKnownUserIntentEmergency=false, mRestrictCause=0, mCallerNumberVerstat= 1, mAcceptedRtpHeaderExtensions= {} } [SLID:0 ] (CallSessionAdaptor%sendAnswer:158)
12-14 03:46:49.613  2425 10334 I SHANNON_IMS: 8300 [HELP] #:PURP:# SOL TX{RILC_REQ_AIMS_ANSWER} : call-type : TYPE_VOICE  media-direction : 1  video-rtp-port : 0  [SLID:0  Active:true] (ImsRilHelper%sendRequest:313)
12-14 03:46:49.613  2425 10334 V ImsRIL  : [ImsRIL_5631]> STATUS_MAX 01 00 01 00 00 00 
12-14 03:46:49.614  1138 25833 D MediaCodec: flushMediametrics
12-14 03:46:49.614  1156  1297 D RIL_EXTERNAL: sendRequestRaw
12-14 03:46:49.614  1164  1164 I hw-BpHwBinder: onLastStrongRef automatically unlinking death recipients
12-14 03:46:49.614  1156  1297 V RIL     : [RilApplication] externalOnRequest reqOemId=10301, t=0xb400007b49a48110, socketid=0
12-14 03:46:49.614  1156  1297 V RIL     : [RilContext_0] SendMessage RIL Request Routing : RCM ID=10301 Service ID=8 Message ID=8014 delayMillis=0
12-14 03:46:49.614  1156  1297 V RIL     : [ServiceMgr] msg(0xb400007ce9a33570) msgId=8014 svc=ImsService_0(8) direction=Request
12-14 03:46:49.615  1156  1309 V RIL     : ImsService_0::OnHandleRequest() nMsgId=8014
12-14 03:46:49.616  1156  1309 I RIL     : [ImsService_0] Process AIMS Request
12-14 03:46:49.616  1156  1309 V RIL     : [ImsService_0] AIMS Request: msgId=8014 requestId=10301 parameter=0x0xb400007ba9a1b230 parameter length=6
12-14 03:46:49.616  1156  1309 I RIL     : [RilContext_0] Send 
12-14 03:46:49.616  1156  1309 V RIL     : [RilContext_0] RecordRequestHistory token=0x79EE
12-14 03:46:49.616  1156  1309 I RIL     : [RilContext_0] Send 
12-14 03:46:49.616  1156  1309 V RIL     : [/dev/umts_ipc0][TX] SIT_AIMS_ANSWER, REQ, 18 bytes, Token(0x79ee)
12-14 03:46:49.616  1156  1309 V RIL     :  00 00 02 0d 12 00 ee 79   00 00 00 00 01 00 01 00  
12-14 03:46:49.616  1156  1309 V RIL     :  00 00
12-14 03:46:49.618  1138 25822 D NuPlayerDriver: notifyResetComplete(0xb400007ba9cd6e10)
12-14 03:46:49.618  1138 10866 D NuPlayerDriver: reset(0xb400007ba9cd6e10) at state 0
12-14 03:46:49.620  1634 25798 V MediaPlayer: resetDrmState:  mDrmInfo=null mDrmProvisioningThread=null mPrepareDrmInProgress=false mActiveDrmScheme=false
12-14 03:46:49.620  1634 25798 V MediaPlayer: cleanDrmObj: mDrmObj=null mDrmSessionId=null
12-14 03:46:49.620  1138 10866 D AudioTrack: stop(3021): called with 0 frames delivered
12-14 03:46:49.622  1634 25798 V MediaPlayer: resetDrmState:  mDrmInfo=null mDrmProvisioningThread=null mPrepareDrmInProgress=false mActiveDrmScheme=false
12-14 03:46:49.622  1634 25798 V MediaPlayer: cleanDrmObj: mDrmObj=null mDrmSessionId=null
12-14 03:46:49.629  1156  1319 V RIL     : [/dev/umts_ipc0][RX] SIT_AIMS_ANSWER, RSP, 12 bytes, Token(0x79ee), OK(RCM_E_SUCCESS)
12-14 03:46:49.629  1156  1319 V RIL     :  01 00 02 0d 0c 00 ee 79   00 00 00 00
12-14 03:46:49.629  1156  1319 I RIL     : [RilContext_0] ProcessModemData 
12-14 03:46:49.629  1156  1319 V RIL     : WaitList::Find() found record : token=0x79EE SrcService ID =8 DestService ID=8 Result Id=8015
12-14 03:46:49.629  1156  1319 V RIL     : [RilContext_0] SendMessage RCM Response Routing : Type=0001, RCM ID=0x0D02 Service ID=8 Message ID=8015
12-14 03:46:49.629  1156  1319 V RIL     : [ServiceMgr] msg(0xb400007ce9a2c7a0) msgId=8015 svc=ImsService_0(8) direction=Response
12-14 03:46:49.630  1156  1319 V RIL     : [/dev/umts_ipc0][RX] SIT_IND_AIMS_RINGBACK_TONE, IND, 12 bytes
12-14 03:46:49.630  1156  1319 V RIL     :  02 00 2f 0d 0c 00 00 00   00 00 00 00
12-14 03:46:49.630  1156  1319 I RIL     : [RilContext_0] ProcessModemData 
12-14 03:46:49.630  1156  1319 V RIL     : [RilContext_0] SendMessage RCM Response Routing : Type=0002, RCM ID=0x0D2F Service ID=8 Message ID=8138
12-14 03:46:49.630  1156  1319 V RIL     : [ServiceMgr] msg(0xb400007ce9a34220) msgId=8138 svc=ImsService_0(8) direction=Response
12-14 03:46:49.630  1156  1309 V RIL     : ImsService_0::OnHandleSolicitedResponse() nMsgId=8015
12-14 03:46:49.630  1156  1309 V RIL     : ImsService_0::OnHandleSolicitedResponse() MSG_IMS_BASE msgId=8015
12-14 03:46:49.630  1156  1309 I RIL     : [ImsService_0] Process AIMS Response
12-14 03:46:49.630  1156  1309 V RIL     : [ImsService_0] AIMS Response: msgId=8015 errorCode=0 parameter=0x0x0 parameter length=0
12-14 03:46:49.630  1156  1309 I RIL     : [RilContext_0] OnRequestComplete 
12-14 03:46:49.630  1156  1309 I RIL     : [RilContext_0] ProcessSolicitedResponse Request ID=10301
12-14 03:46:49.630  1156  1309 D RIL_EXTERNAL: sendRequestRawResponse: 5631
12-14 03:46:49.631  1156  1309 D RIL_EXTERNAL: sendRequestRawResponse: serial 5631, RILC_REQ_AIMS_ANSWER(101) slotId 0 RIL_Errno 0
12-14 03:46:49.631  1156  1309 D RIL_EXTERNAL: sendRequestRawResponse
12-14 03:46:49.631  1156  1309 D RIL_EXTERNAL: sendRequestRawResponse
12-14 03:46:49.631  1156  1309 V RIL     : [RilContext_0] RemoveRequestHistory  token=0x79EE
12-14 03:46:49.631  1156  1309 I RIL     : [ImsService_0] AimsDefaultHandler OnIndication()
12-14 03:46:49.631  1156  1309 V RIL     : [ImsService_0] AIMS Indication: msgId=8138 resultId=20313 parameter=0x0xb400007ba9a1b158 parameter length=4
12-14 03:46:49.631  1156  1309 I RIL     : [RilContext_0] OnUnsolicitedResponse 
12-14 03:46:49.631  1156  1309 I RIL     : [RilContext_0] ProcessUnsolicitedResponse 
12-14 03:46:49.631  1156  1309 V RIL     : RADIO::[RilResponseListener] OnUnsolicitedResponse Filter out Unsolicited response=20313
12-14 03:46:49.631  1156  1309 D RIL_EXTERNAL: rilExternalRawIndication
12-14 03:46:49.631  1156  1309 I RIL_EXTERNAL: [isFilteredIndication] clientId=0 name=PID(1142) indication=2003 isFiltered=false
12-14 03:46:49.631  1156  1309 I RIL_EXTERNAL: [isFilteredIndication] clientId=1 name=GpsApi(1152) indication=2003 isFiltered=true
12-14 03:46:49.631  1156  1309 I RIL_EXTERNAL: [isFilteredIndication] clientId=2 name=unknown{pid=2364 uid=1001 callingPacakge=com.samsung.slsi.telephony.oem.oemrilhookservice} indication=2003 isFiltered=true
12-14 03:46:49.631  1156  1309 I RIL_EXTERNAL: [isFilteredIndication] clientId=3 name=unknown{pid=2364 uid=1001 callingPacakge=com.samsung.slsi.telephony.oem.oemrilhookservice} indication=2003 isFiltered=true
12-14 03:46:49.631  1156  1309 I RIL_EXTERNAL: [isFilteredIndication] clientId=4 name=OemRil0{pid=2514 uid=10219 callingPacakge=com.samsung.slsi.telephony.oemril} indication=2003 isFiltered=true
12-14 03:46:49.631  1156  1309 I RIL_EXTERNAL: [isFilteredIndication] clientId=5 name=OemRil1{pid=2514 uid=10219 callingPacakge=com.samsung.slsi.telephony.oemril} indication=2003 isFiltered=true
12-14 03:46:49.631  1156  1309 I RIL_EXTERNAL: [isFilteredIndication] clientId=6 name=unknown indication=2003 isFiltered=false
12-14 03:46:49.631  1156  1309 I RIL_EXTERNAL: [isFilteredIndication] clientId=7 name=unknown indication=2003 isFiltered=false
12-14 03:46:49.631  1156  1309 I RIL_EXTERNAL: [isFilteredIndication] clientId=8 name=unknown indication=2003 isFiltered=false
12-14 03:46:49.631  1156  1309 I RIL_EXTERNAL: [isFilteredIndication] clientId=9 name=SeApi(953) indication=2003 isFiltered=true
12-14 03:46:49.631  1156  1309 I RIL_EXTERNAL: [isFilteredIndication] clientId=10 name=SeApi(955) indication=2003 isFiltered=true
12-14 03:46:49.631  1156  1309 I RIL_EXTERNAL: [isFilteredIndication] clientId=11 name=unknown indication=2003 isFiltered=false
12-14 03:46:49.631  1156  1309 I RIL_EXTERNAL: [isFilteredIndication] clientId=12 name=unknown indication=2003 isFiltered=false
12-14 03:46:49.631  1156  1309 I RIL_EXTERNAL: [isFilteredIndication] clientId=13 name=PID(1007) indication=2003 isFiltered=false
12-14 03:46:49.631  1156  1309 D RIL_EXTERNAL: rilExternalRawIndication
12-14 03:46:49.631  1156  1309 D RIL_EXTERNAL: rilExternalRawIndication
12-14 03:46:49.631  1156  1309 D RIL_EXTERNAL: rilExternalRawIndication
12-14 03:46:49.631  1142  1162 D RILClient: [OemClient]IND: (clientId = 0, msgId = 2003, dataLength = 4, channel = 0)
12-14 03:46:49.631  1156  1309 D RIL_EXTERNAL: rilExternalRawIndication
12-14 03:46:49.631  1156  1309 D RIL_EXTERNAL: rilExternalRawIndication
12-14 03:46:49.632  1156  1309 D RIL_EXTERNAL: rilExternalRawIndication
12-14 03:46:49.632  1156  1309 D RIL_EXTERNAL: rilExternalRawIndication
12-14 03:46:49.632  1156  1319 V RIL     : [/dev/umts_ipc0][RX] SIT_IND_AIMS_CODEC_INFO, IND, 38 bytes
12-14 03:46:49.632  1156  1319 I RIL     : [RilContext_0] ProcessModemData 
12-14 03:46:49.632  1156  1319 V RIL     : [RilContext_0] SendMessage RCM Response Routing : Type=0002, RCM ID=0x0D97 Service ID=8 Message ID=8179
12-14 03:46:49.632  1156  1319 V RIL     : [ServiceMgr] msg(0xb400007ce9a2ca40) msgId=8179 svc=ImsService_0(8) direction=Response
12-14 03:46:49.632  1156  1319 V RIL     : [/dev/umts_ipc0][RX] SIT_IND_WB_AMR_REPORT, IND, 10 bytes
12-14 03:46:49.632  1156  1319 V RIL     :  02 00 0c 0a 0a 00 00 00   08 04
12-14 03:46:49.632  1156  1319 I RIL     : [RilContext_0] ProcessModemData 
12-14 03:46:49.632  1156  1319 V RIL     : [RilContext_0] SendMessage RCM Response Routing : Type=0002, RCM ID=0x0A0C Service ID=7 Message ID=7019
12-14 03:46:49.632  1156  1319 V RIL     : [ServiceMgr] msg(0xb400007ce9a27720) msgId=7019 svc=AudioService_0(7) direction=Response
12-14 03:46:49.633  1156  1309 I RIL     : [ImsService_0] AimsDefaultHandler OnIndication()
12-14 03:46:49.633  1156  1308 V RIL     : AudioService_0::OnHandleUnsolicitedResponse() nMsgId=7019
12-14 03:46:49.633  1156  1308 I RIL     : [AudioService_0] OnWBAMRReportNtf
12-14 03:46:49.633  1156  1308 V RIL     : OnWBAMRReportNtf Update Audio info to RilAudioClient
12-14 03:46:49.633  1156  1308 D rild_exynos: RilAudioClientImpl storeAudioInfo() Storing info: 4, 8
12-14 03:46:49.633  1156  1308 I RIL     : [RilContext_0] OnUnsolicitedResponse 
12-14 03:46:49.633  1007  8208 D RILClient: [OemClient]IND: (clientId = 13, msgId = 2003, dataLength = 4, channel = 0)
12-14 03:46:49.633  1156  1308 I RIL     : [RilContext_0] ProcessUnsolicitedResponse 
12-14 03:46:49.633  1156  1308 I RILC-CommandInfo: getUnsolRespInfo found {unsolResponse=1001 halVer=00}
12-14 03:46:49.633  1156 25916 D rild_exynos: RilAudioClientImpl NotifyNetworkInfoToAudioService() NotifyNetworkInfoToAudioService
12-14 03:46:49.633  1156 25916 D rild_exynos: RilAudioClientImpl NotifyNetworkInfoToAudioService() sending rat: 1, band: 3, inCsCall: 0, inImsCall: 1 
12-14 03:46:49.633  2425  4933 I SHANNON_IMS: 8301 [ADAP] SOL RX{RILC_REQ_AIMS_ANSWER}  status : STATUS_SUCCESS [call-type : TYPE_VOICE  media-direction : 1  video-rtp-port : 0] (SolicitedMessage%handleMessage:66)
12-14 03:46:49.633   925 19322 D audioext: calling update_network: RAT 1 band 3
12-14 03:46:49.634   925 19322 D audio_hw: NETWORK_UPDATE: mode:2 RAT_VOLTE band:32000
12-14 03:46:49.634  2425  2425 I SHANNON_IMS: 8302 [NETW] #:PURP:# UNSOL {RILC_UNSOL_AUDIO_RINGBACK} : ringback-state : 0  (NetworkAdaptor$AdaptorChannel%onMessage:306)
12-14 03:46:49.634  1156  1319 V RIL     : [/dev/umts_ipc0][RX] SIT_IND_AIMS_CALL_STATUS, IND, 79 bytes
12-14 03:46:49.634  1156 25916 D rild_exynos: RilAudioClientImpl NotifyNetworkInfoToAudioService() notify Audio service 1
12-14 03:46:49.634  1156  1319 I RIL     : [RilContext_0] ProcessModemData 
12-14 03:46:49.634  1156  1319 V RIL     : [RilContext_0] SendMessage RCM Response Routing : Type=0002, RCM ID=0x0D04 Service ID=8 Message ID=8125
12-14 03:46:49.634  1156  1319 V RIL     : [ServiceMgr] msg(0xb400007ce9a28bb0) msgId=8125 svc=ImsService_0(8) direction=Response
12-14 03:46:49.634  1156  1308 D RILC-HIDL: callStateChangedInd
12-14 03:46:49.634  1156  1308 D RILC-AIDL_SERVICE: RadioVoiceIndicationHook::callStateChanged mVoiceCb=0xb400007bf9a12ff8
12-14 03:46:49.634  1156  1308 I RILC    : RIL_SOCKET_1 UNSOLICITED: UNSOL_RESPONSE_CALL_STATE_CHANGED length:0
12-14 03:46:49.634  1156  1309 V RIL     : [ImsService_0] AIMS Indication: msgId=8179 resultId=20354 parameter=0x0xb400007b49a48498 parameter length=30
12-14 03:46:49.634  1156  1309 I RIL     : [RilContext_0] OnUnsolicitedResponse 
12-14 03:46:49.635  1156  1309 I RIL     : [RilContext_0] ProcessUnsolicitedResponse 
12-14 03:46:49.635  1156  1309 V RIL     : RADIO::[RilResponseListener] OnUnsolicitedResponse Filter out Unsolicited response=20354
12-14 03:46:49.635  1156  1309 D RIL_EXTERNAL: rilExternalRawIndication
12-14 03:46:49.635  1156  1309 I RIL_EXTERNAL: [isFilteredIndication] clientId=0 name=PID(1142) indication=3066 isFiltered=false
12-14 03:46:49.635  1156  1309 I RIL_EXTERNAL: [isFilteredIndication] clientId=1 name=GpsApi(1152) indication=3066 isFiltered=true
12-14 03:46:49.635  1156  1309 I RIL_EXTERNAL: [isFilteredIndication] clientId=2 name=unknown{pid=2364 uid=1001 callingPacakge=com.samsung.slsi.telephony.oem.oemrilhookservice} indication=3066 isFiltered=true
12-14 03:46:49.635  1156  1309 I RIL_EXTERNAL: [isFilteredIndication] clientId=3 name=unknown{pid=2364 uid=1001 callingPacakge=com.samsung.slsi.telephony.oem.oemrilhookservice} indication=3066 isFiltered=true
12-14 03:46:49.635  1156  1309 I RIL_EXTERNAL: [isFilteredIndication] clientId=4 name=OemRil0{pid=2514 uid=10219 callingPacakge=com.samsung.slsi.telephony.oemril} indication=3066 isFiltered=true
12-14 03:46:49.635  1156  1309 I RIL_EXTERNAL: [isFilteredIndication] clientId=5 name=OemRil1{pid=2514 uid=10219 callingPacakge=com.samsung.slsi.telephony.oemril} indication=3066 isFiltered=true
12-14 03:46:49.635  1156  1309 I RIL_EXTERNAL: [isFilteredIndication] clientId=6 name=unknown indication=3066 isFiltered=false
12-14 03:46:49.635  1156  1309 I RIL_EXTERNAL: [isFilteredIndication] clientId=7 name=unknown indication=3066 isFiltered=false
12-14 03:46:49.635  1156  1309 I RIL_EXTERNAL: [isFilteredIndication] clientId=8 name=unknown indication=3066 isFiltered=false
12-14 03:46:49.635  1156  1309 I RIL_EXTERNAL: [isFilteredIndication] clientId=9 name=SeApi(953) indication=3066 isFiltered=true
12-14 03:46:49.635  1156  1309 I RIL_EXTERNAL: [isFilteredIndication] clientId=10 name=SeApi(955) indication=3066 isFiltered=true
12-14 03:46:49.635  1156  1309 I RIL_EXTERNAL: [isFilteredIndication] clientId=11 name=unknown indication=3066 isFiltered=false
12-14 03:46:49.635  1156  1309 I RIL_EXTERNAL: [isFilteredIndication] clientId=12 name=unknown indication=3066 isFiltered=false
12-14 03:46:49.635  1156  1309 I RIL_EXTERNAL: [isFilteredIndication] clientId=13 name=PID(1007) indication=3066 isFiltered=false
12-14 03:46:49.635  1156  1309 D RIL_EXTERNAL: rilExternalRawIndication
12-14 03:46:49.635  1142  1162 D RILClient: [OemClient]IND: (clientId = 0, msgId = 3066, dataLength = 30, channel = 0)
12-14 03:46:49.635  1156  1309 D RIL_EXTERNAL: rilExternalRawIndication
12-14 03:46:49.635  1156  1309 D RIL_EXTERNAL: rilExternalRawIndication
12-14 03:46:49.636  1156  1309 D RIL_EXTERNAL: rilExternalRawIndication
12-14 03:46:49.636  1156  1309 D RIL_EXTERNAL: rilExternalRawIndication
12-14 03:46:49.636  1156  1309 D RIL_EXTERNAL: rilExternalRawIndication
12-14 03:46:49.636  1156  1309 D RIL_EXTERNAL: rilExternalRawIndication
12-14 03:46:49.636  1007  8208 D RILClient: [OemClient]IND: (clientId = 13, msgId = 3066, dataLength = 30, channel = 0)
12-14 03:46:49.636  1156  1309 I RIL     : ImsService_0::OnHandleUnsolicitedResponse() nMsgId=8125
12-14 03:46:49.636  1156  1309 V RIL     : [ImsService_0] Process AIMS Indication
12-14 03:46:49.637  1156  1309 V RIL     : [ImsService_0] AIMS Indication: msgId=8125 resultId=20301 parameter=0x0xb400007c19a28678 parameter length=71
12-14 03:46:49.637  1156  1309 I RIL     : [RilContext_0] OnUnsolicitedResponse 
12-14 03:46:49.637  1156  1309 I RIL     : [RilContext_0] ProcessUnsolicitedResponse 
12-14 03:46:49.637  1156  1309 V RIL     : RADIO::[RilResponseListener] OnUnsolicitedResponse Filter out Unsolicited response=20301
12-14 03:46:49.637  1156  1309 D RIL_EXTERNAL: rilExternalRawIndication
12-14 03:46:49.637  1156  1309 I RIL_EXTERNAL: [isFilteredIndication] clientId=0 name=PID(1142) indication=3011 isFiltered=false
12-14 03:46:49.637  1156  1309 I RIL_EXTERNAL: [isFilteredIndication] clientId=1 name=GpsApi(1152) indication=3011 isFiltered=true
12-14 03:46:49.637  1156  1309 I RIL_EXTERNAL: [isFilteredIndication] clientId=2 name=unknown{pid=2364 uid=1001 callingPacakge=com.samsung.slsi.telephony.oem.oemrilhookservice} indication=3011 isFiltered=true
12-14 03:46:49.637  1156  1309 I RIL_EXTERNAL: [isFilteredIndication] clientId=3 name=unknown{pid=2364 uid=1001 callingPacakge=com.samsung.slsi.telephony.oem.oemrilhookservice} indication=3011 isFiltered=true
12-14 03:46:49.637  1156  1309 I RIL_EXTERNAL: [isFilteredIndication] clientId=4 name=OemRil0{pid=2514 uid=10219 callingPacakge=com.samsung.slsi.telephony.oemril} indication=3011 isFiltered=true
12-14 03:46:49.637  1156  1309 I RIL_EXTERNAL: [isFilteredIndication] clientId=5 name=OemRil1{pid=2514 uid=10219 callingPacakge=com.samsung.slsi.telephony.oemril} indication=3011 isFiltered=true
12-14 03:46:49.637  1156  1309 I RIL_EXTERNAL: [isFilteredIndication] clientId=6 name=unknown indication=3011 isFiltered=false
12-14 03:46:49.637  1156  1309 I RIL_EXTERNAL: [isFilteredIndication] clientId=7 name=unknown indication=3011 isFiltered=false
12-14 03:46:49.637  1156  1309 I RIL_EXTERNAL: [isFilteredIndication] clientId=8 name=unknown indication=3011 isFiltered=false
12-14 03:46:49.637  1156  1309 I RIL_EXTERNAL: [isFilteredIndication] clientId=9 name=SeApi(953) indication=3011 isFiltered=true
12-14 03:46:49.637  1156  1309 I RIL_EXTERNAL: [isFilteredIndication] clientId=10 name=SeApi(955) indication=3011 isFiltered=true
12-14 03:46:49.637  1156  1309 I RIL_EXTERNAL: [isFilteredIndication] clientId=11 name=unknown indication=3011 isFiltered=false
12-14 03:46:49.637  1156  1309 I RIL_EXTERNAL: [isFilteredIndication] clientId=12 name=unknown indication=3011 isFiltered=false
12-14 03:46:49.637  1156  1309 I RIL_EXTERNAL: [isFilteredIndication] clientId=13 name=PID(1007) indication=3011 isFiltered=false
12-14 03:46:49.637  1156  1309 D RIL_EXTERNAL: rilExternalRawIndication
12-14 03:46:49.638  1142  1162 D RILClient: [OemClient]IND: (clientId = 0, msgId = 3011, dataLength = 71, channel = 0)
12-14 03:46:49.638  1156  1309 D RIL_EXTERNAL: rilExternalRawIndication
12-14 03:46:49.638  1156  1309 D RIL_EXTERNAL: rilExternalRawIndication
12-14 03:46:49.638  1156  1309 D RIL_EXTERNAL: rilExternalRawIndication
12-14 03:46:49.638  1156  1309 D RIL_EXTERNAL: rilExternalRawIndication
12-14 03:46:49.638  1156  1309 D RIL_EXTERNAL: rilExternalRawIndication
12-14 03:46:49.638  1156  1309 D RIL_EXTERNAL: rilExternalRawIndication
12-14 03:46:49.639  2345  3646 D GRIL-VendorImsExt: convertHalImsCallInfo: totalVarLength = 0, sdpLength = 0, connPartyNumberLen = 0
12-14 03:46:49.639  2345  2345 D GRIL-S  : IMS call info IND received
12-14 03:46:49.639  1156  1308 V RIL     : RADIO_EXT::[RilExternalResponseListener] OnUnsolicitedResponse Filter out Unsolicited response=1001, channel=0
12-14 03:46:49.640  1156  1308 I RIL     : [RilContext_0] OnUnsolicitedResponse 
12-14 03:46:49.640  1156  1308 I RIL     : [RilContext_0] ProcessUnsolicitedResponse 
12-14 03:46:49.640  1156  1308 I RILC-CommandInfo: getUnsolRespInfo not found(unsolResponse=6004 halVer=00)
12-14 03:46:49.640  1156  1308 I RILC-CommandInfo: getUnsolRespInfo not found(unsolResponse=6004 halVer=00)
12-14 03:46:49.640  1156  1308 E RILC    : unsupported unsolicited response code 6004
12-14 03:46:49.640  1156  1308 D RIL_EXTERNAL: rilExternalRawIndication
12-14 03:46:49.640  1156  1309 V RIL     : updateAudioClient id: 3332, datalen: 71
12-14 03:46:49.640  1156  1309 V RIL     : ImsService_0::updateAudioClient() call id:0, call status:0, NormalEccCall id:-1
12-14 03:46:49.640  1156  1309 D rild_exynos: RilAudioClientImpl updateImsCallInfo() call id = 0, status = 0, sessiontype = 0
12-14 03:46:49.641  1156 25917 D rild_exynos: RilAudioClientImpl NotifyImsCallInfoToAudioService() NotifyImsCallInfoToAudioService
12-14 03:46:49.641  1156 25917 D rild_exynos: RilAudioClientImpl NotifyImsCallInfoToAudioService() sending IMS call info: 1 call(s)
12-14 03:46:49.641   925 19322 D audio_hw: IMS call:
12-14 03:46:49.641  2881 10449 D GoogleQnsManager[0]: EVENT_UNSOL_IMS_CALL_INFO
12-14 03:46:49.641   925 19322 D audio_hw: session 0(em:0): CALL_STATUS_ACTIVE
12-14 03:46:49.641  1156 25917 D rild_exynos: RilAudioClientImpl NotifyImsCallInfoToAudioService() notify Audio service 1
12-14 03:46:49.641  2528  8778 D RILJ    : Unsol response received; Sending ack to ril.cpp [PHONE0]
12-14 03:46:49.641  2881 10449 D QNS_AlternativeEventListener_0: onCallInfoChanged callId0  type1  state1
12-14 03:46:49.641  2528  8778 D RILJ    : [UNSL]< UNSOL_RESPONSE_CALL_STATE_CHANGED [PHONE0]
12-14 03:46:49.641  2881 10449 D QNS_AlternativeEventListener_0: CallId[0] changed to ACTIVE 
12-14 03:46:49.641  1007  8208 D RILClient: [OemClient]IND: (clientId = 13, msgId = 3011, dataLength = 71, channel = 0)
12-14 03:46:49.642  1156  1308 I RIL_EXTERNAL: [isFilteredIndication] clientId=0 name=PID(1142) indication=2008 isFiltered=false
12-14 03:46:49.642  1156  1308 I RIL_EXTERNAL: [isFilteredIndication] clientId=1 name=GpsApi(1152) indication=2008 isFiltered=true
12-14 03:46:49.642  1156  1308 I RIL_EXTERNAL: [isFilteredIndication] clientId=2 name=unknown{pid=2364 uid=1001 callingPacakge=com.samsung.slsi.telephony.oem.oemrilhookservice} indication=2008 isFiltered=true
12-14 03:46:49.642  1156  1308 I RIL_EXTERNAL: [isFilteredIndication] clientId=3 name=unknown{pid=2364 uid=1001 callingPacakge=com.samsung.slsi.telephony.oem.oemrilhookservice} indication=2008 isFiltered=true
12-14 03:46:49.642  1156  1308 I RIL_EXTERNAL: [isFilteredIndication] clientId=4 name=OemRil0{pid=2514 uid=10219 callingPacakge=com.samsung.slsi.telephony.oemril} indication=2008 isFiltered=true
12-14 03:46:49.642  1156  1308 I RIL_EXTERNAL: [isFilteredIndication] clientId=5 name=OemRil1{pid=2514 uid=10219 callingPacakge=com.samsung.slsi.telephony.oemril} indication=2008 isFiltered=true
12-14 03:46:49.642  1156  1308 I RIL_EXTERNAL: [isFilteredIndication] clientId=6 name=unknown indication=2008 isFiltered=false
12-14 03:46:49.642  1156  1308 I RIL_EXTERNAL: [isFilteredIndication] clientId=7 name=unknown indication=2008 isFiltered=false
12-14 03:46:49.642  1156  1308 I RIL_EXTERNAL: [isFilteredIndication] clientId=8 name=unknown indication=2008 isFiltered=false
12-14 03:46:49.642  1156  1308 I RIL_EXTERNAL: [isFilteredIndication] clientId=9 name=SeApi(953) indication=2008 isFiltered=true
12-14 03:46:49.642  1156  1308 I RIL_EXTERNAL: [isFilteredIndication] clientId=10 name=SeApi(955) indication=2008 isFiltered=true
12-14 03:46:49.642  1156  1308 I RIL_EXTERNAL: [isFilteredIndication] clientId=11 name=unknown indication=2008 isFiltered=false
12-14 03:46:49.642  1156  1308 I RIL_EXTERNAL: [isFilteredIndication] clientId=12 name=unknown indication=2008 isFiltered=false
12-14 03:46:49.642  1156  1308 I RIL_EXTERNAL: [isFilteredIndication] clientId=13 name=PID(1007) indication=2008 isFiltered=false
12-14 03:46:49.642  1156  1308 D RIL_EXTERNAL: rilExternalRawIndication
12-14 03:46:49.642  1156  1308 D RIL_EXTERNAL: rilExternalRawIndication
12-14 03:46:49.642  1142  1162 D RILClient: [OemClient]IND: (clientId = 0, msgId = 2008, dataLength = 8, channel = 0)
12-14 03:46:49.642  1156  1308 D RIL_EXTERNAL: rilExternalRawIndication
12-14 03:46:49.643  1156  1308 D RIL_EXTERNAL: rilExternalRawIndication
12-14 03:46:49.643  1156  1308 D RIL_EXTERNAL: rilExternalRawIndication
12-14 03:46:49.643  2528  2528 D RILJ    : [9718]> GET_CURRENT_CALLS [PHONE0]
12-14 03:46:49.643  1156  1308 D RIL_EXTERNAL: rilExternalRawIndication
12-14 03:46:49.643  1156  1308 D RIL_EXTERNAL: rilExternalRawIndication
12-14 03:46:49.643  1156  1156 D RILC    : getCurrentCalls_1_6: serial 39718
12-14 03:46:49.643  1156  1156 I RILC-CommandInfo: getCommandInfo found {request=9 halVer=16}
12-14 03:46:49.643  1156  1156 V RIL     : [RilContext_0] SendMessage RIL Request Routing : RCM ID=9 Service ID=1 Message ID=1001 delayMillis=0
12-14 03:46:49.644  1156  1156 V RIL     : [ServiceMgr] msg(0xb400007ce9a27720) msgId=1001 svc=CsService_0(1) direction=Request
12-14 03:46:49.644  1007  8208 D RILClient: [OemClient]IND: (clientId = 13, msgId = 2008, dataLength = 8, channel = 0)
12-14 03:46:49.644  1156  1302 I RIL     : [CsService_0] GetCurrentCallListHandler OnRequest()
12-14 03:46:49.644  1156  1302 E RIL     : [EmergencyCallHelper] IsUnderWaiting() mUnderWaiting:0
12-14 03:46:49.644  1156  1302 I RIL     : [RilContext_0] Send 
12-14 03:46:49.644  1156  1302 V RIL     : [RilContext_0] RecordRequestHistory token=0x79EF
12-14 03:46:49.644  1156  1302 I RIL     : [RilContext_0] Send 
12-14 03:46:49.644  1156  1302 V RIL     : [/dev/umts_ipc0][TX] SIT_GET_CURRENT_CALLS, REQ, 12 bytes, Token(0x79ef)
12-14 03:46:49.645  2425  2425 I SHANNON_IMS: 8303 [CALL] progressing imsCall : SLID:0 CID:0 CURI:+142****9877 MLT:false  ICP:{ serviceType=1, callType=2, restrictCause=0, mediaProfile={ audioQuality=0, audioDirection=3, audioCodecAttribute=null, videoQuality=0, videoDirection=-1, rttMode=0, hasRttAudioSpeech=false }, emergencyServiceCategories=0, emergencyUrns=[], emergencyCallRouting=0, emergencyCallTesting=false, hasKnownUserIntentEmergency=false, mRestrictCause=0, mCallerNumberVerstat= 1, mAcceptedRtpHeaderExtensions= {} }CST:ESTABLISHING  HRS:IDLE IC:true ECC:NONE WFC:false VCC:false OIR:2 CRS:false CUI:CCID:0 MP:false CCS:IDLE L(0):[] PCR:UNSPECIFIED (ImsCallManager%getProgressingCall:1171)
12-14 03:46:49.646  2425  2425 D SHANNON_IMS: 8304 [HELP] Unsol {RILC_UNSOL_AUDIO_RINGBACK} received  [SLID:0  Active:true] (ImsRilHelper%onHandleUnsolicitedResponse:304)
12-14 03:46:49.646  2425  2425 I SHANNON_IMS: 8305 [NETW] #:PURP:# UNSOL {RILC_UNSOL_AIMS_CODEC_INFO} : call-id : 0  audio-quality : 12  min-bitrate : 13200  max-bitrate : 13200  current-bitrate : 13200  min-bandwidth : 8000  max-bandwidth : 32000  current-bandwidth : 32000  limit-voice-band : 0  (NetworkAdaptor$AdaptorChannel%onMessage:306)
12-14 03:46:49.647  1156  1319 V RIL     : [/dev/umts_ipc0][RX] SIT_GET_CURRENT_CALLS, RSP, 16 bytes, Token(0x79ef), OK(RCM_E_SUCCESS)
12-14 03:46:49.647  1156  1319 I RIL     : [RilContext_0] ProcessModemData 
12-14 03:46:49.647  1156  1319 V RIL     : WaitList::Find() found record : token=0x79EF SrcService ID =1 DestService ID=1 Result Id=1001
12-14 03:46:49.647  1156  1319 V RIL     : [RilContext_0] SendMessage RCM Response Routing : Type=0001, RCM ID=0x0000 Service ID=1 Message ID=1001
12-14 03:46:49.647  1156  1319 V RIL     : [ServiceMgr] msg(0xb400007ce9a34450) msgId=1001 svc=CsService_0(1) direction=Response
12-14 03:46:49.647  1156  1302 I RIL     : [CsService_0] GetCurrentCallListHandler OnResponse()
12-14 03:46:49.647  1156  1302 V RIL     : [CsService_0] OnResponse Current Call Count: 0
12-14 03:46:49.648  1156  1302 V RIL     : [1]th Call ID : -1, state(0)
12-14 03:46:49.648  1156  1302 V RIL     : [2]th Call ID : -1, state(0)
12-14 03:46:49.648  1156  1302 V RIL     : [3]th Call ID : -1, state(0)
12-14 03:46:49.648  1156  1302 V RIL     : [4]th Call ID : -1, state(0)
12-14 03:46:49.648  1156  1302 V RIL     : [5]th Call ID : -1, state(0)
12-14 03:46:49.648  1156  1302 V RIL     : [6]th Call ID : -1, state(0)
12-14 03:46:49.648  1156 25918 D rild_exynos: RilAudioClientImpl NotifyCsCallInfoToAudioService() NotifyCsCallInfoToAudioService
12-14 03:46:49.648  1156  1302 V RIL     : [7]th Call ID : -1, state(0)
12-14 03:46:49.648  1156 25918 D rild_exynos: RilAudioClientImpl NotifyCsCallInfoToAudioService() sending CS call info: 0 call(s)
12-14 03:46:49.648  1156  1302 V RIL     : [8]th Call ID : -1, state(0)
12-14 03:46:49.648  1156  1302 V RIL     : [9]th Call ID : -1, state(0)
12-14 03:46:49.648  1156  1302 I RIL     : [CsService_0] BuildCallListResponse
12-14 03:46:49.648  1156  1302 I RIL     : [RilContext_0] OnRequestComplete 
12-14 03:46:49.648  1156  1302 I RIL     : [RilContext_0] ProcessSolicitedResponse Request ID=9
12-14 03:46:49.648  1156  1302 D RILC    : RequestComplete, RIL_SOCKET_1
12-14 03:46:49.648  1156  1302 E RILC    : Calling responseFunction() for token 39718
12-14 03:46:49.648   925 19322 D audio_hw: CS call:
12-14 03:46:49.648  1156  1302 D RILC-HIDL: HidlHalVoiceResponse_1_6::getCurrentCallsResponse_1_6: serial 39718
12-14 03:46:49.648  1156  1302 D RILC-AIDL_SERVICE: RadioVoiceResponseHook::getCurrentCallsResponse_1_6 mVoiceCb=0xb400007bf9a14128
12-14 03:46:49.648  1156 25918 D rild_exynos: RilAudioClientImpl NotifyCsCallInfoToAudioService() notify Audio service 1
12-14 03:46:49.648  1156  1302 V RIL     : [RilContext_0] RemoveRequestHistory  token=0x79EF
12-14 03:46:49.648  2528  8778 D RILJ    : [9718]< GET_CURRENT_CALLS {} [PHONE0]
12-14 03:46:49.648  2528  2528 D GsmCdmaCallTracker: Event EVENT_POLL_CALLS_RESULT Received
12-14 03:46:49.648  2528  2528 D GsmCdmaCallTracker: [0] update phone state, old=IDLE new=IDLE
12-14 03:46:49.655  2425  2425 D SHANNON_IMS: 8306 [CALL] Not update codec info because call is not active yet. [SLID:0 CID:0 CURI:+142****9877 MLT:false  ICP:{ serviceType=1, callType=2, restrictCause=0, mediaProfile={ audioQuality=0, audioDirection=3, audioCodecAttribute=null, videoQuality=0, videoDirection=-1, rttMode=0, hasRttAudioSpeech=false }, emergencyServiceCategories=0, emergencyUrns=[], emergencyCallRouting=0, emergencyCallTesting=false, hasKnownUserIntentEmergency=false, mRestrictCause=0, mCallerNumberVerstat= 1, mAcceptedRtpHeaderExtensions= {} }CST:ESTABLISHING  HRS:IDLE IC:true ECC:NONE WFC:false VCC:false OIR:2 CRS:false CUI:CCID:0 MP:false CCS:IDLE L(0):[] PCR:UNSPECIFIED] (ImsCall$Listener%callSessionCodecInfoReceived:2827)
12-14 03:46:49.655  2425  2425 D SHANNON_IMS: 8307 [HELP] Unsol {RILC_UNSOL_AIMS_CODEC_INFO} received  [SLID:0  Active:true] (ImsRilHelper%onHandleUnsolicitedResponse:304)
12-14 03:46:49.656  2425  2425 I SHANNON_IMS: 8308 [NETW] #:PURP:# UNSOL {RILC_UNSOL_AIMS_CALL_STATUS} : call-type : 1  call-id : 0  call-state : 0  multiparty : false  state-reason : 0  end-cause : 31  ecc-category : 255  user-count : 0  media-direction : 1  uri-text : UNKNOWN  sdp-length : 0  is-upgrade-possible : false  ecbm : 0  called-party-num : +142****9877  audio-quality : 12  sip-error-code : 0  sip-reason-header-num : 0  reason-header : end-cause : 31  sip-error-code : 0  sip-cause-code : 0  sip-reason-text : null  q850-cause-code : 0  q850-reason-text : null  isInternalErrorCause : false  mExtraReasonText : null  current-bitrate : 13200  min-bitrate : 13200  max-bitrate : 13200  current-bandwidth : 32000  min-bandwidth : 8000  max-bandwidth : 32000  emergency-urn-length : 0  emergency-urn :   change-in-RAT-Type : 255  (NetworkAdaptor$AdaptorChannel%onMessage:306)
12-14 03:46:49.656  1152  1152 D gpsd    : WakeLock(Release,GPSD)
12-14 03:46:49.656  2425  2425 I SHANNON_IMS: 8309 [MEDI] CurrentProfile=[VideoProfile videoState = Audio Only videoQuality = 4] [com.shannon.imsservice.media.ImsMediaNetworkListener@6a3f0c7] (ImsMediaNetworkListener%callSessionStarted:338)
12-14 03:46:49.656  2425  2425 I SHANNON_IMS: 8310 [MEDI] profile=[VideoProfile videoState = Audio Only videoQuality = 4], video-tag=false, sdp=[B@81456f4 [com.shannon.imsservice.media.ImsMediaNetworkListener@6a3f0c7] (ImsMediaNetworkListener%callSessionStarted:340)
12-14 03:46:49.656  2425  2425 I SHANNON_IMS: 8311 [MEDI] sdp info is null [com.shannon.imsservice.media.ImsMediaNetworkListener@6a3f0c7] (ImsMediaNetworkListener%updateNegotiatedSdp:675)
12-14 03:46:49.669  2425  2425 I SHANNON_IMS: 8312 [IMPL] #:BLUE:# Listening callSessionUpdated  [SLID:0 CID:0 CURI:+142****9877 MLT:false  ICP:{ serviceType=1, callType=2, restrictCause=0, mediaProfile={ audioQuality=0, audioDirection=3, audioCodecAttribute=null, videoQuality=0, videoDirection=-1, rttMode=0, hasRttAudioSpeech=false }, emergencyServiceCategories=0, emergencyUrns=[], emergencyCallRouting=0, emergencyCallTesting=false, hasKnownUserIntentEmergency=false, mRestrictCause=0, mCallerNumberVerstat= 1, mAcceptedRtpHeaderExtensions= {} }CST:ESTABLISHING  HRS:IDLE IC:true ECC:NONE WFC:false VCC:false OIR:2 CRS:false CUI:CCID:0 MP:false CCS:IDLE L(0):[] PCR:UNSPECIFIED] (ImsCallSessionImpl$ProxyListener%callSessionUpdated:504)
12-14 03:46:49.669  2425  2425 I ImsCallProfile: maybeCleanseExtras: 1 extra values were removed - only primitive types and system parcelables are permitted.
12-14 03:46:49.669  2425  2425 I SHANNON_IMS: 8313 [MEDI] Profile=[VideoProfile videoState = Audio Only videoQuality = 4], callStarted=true [com.shannon.imsservice.media.ImsMedia@7df8e1d] (ImsMedia%updateMedia:403)
12-14 03:46:49.669  2425  2425 I SHANNON_IMS: 8314 [MEDI] stopRx() tries\tNO_INIT => NO_INIT [com.shannon.imsservice.media.MediaController@eea8892] (MediaController%stopRx:714)
12-14 03:46:49.669  2425  2425 I SHANNON_IMS: 8315 [MEDI] releaseRxActivatedBy: slot(0) call(0) (ResourceMutex%releaseRxActivatedBy:187)
12-14 03:46:49.670  2425  2425 D SHANNON_IMS: 8316 [MEDI] mLastRxReportAt: 0 [com.shannon.imsservice.media.mediahelper.RtpDataUsageHelper@264d263] (RtpDataUsageHelper%setRxStopped:283)
12-14 03:46:49.670  2425  2425 D SHANNON_IMS: 8317 [MEDI] mRxStopAt: 1702554409669 [com.shannon.imsservice.media.mediahelper.RtpDataUsageHelper@264d263] (RtpDataUsageHelper%setRxStopped:284)
12-14 03:46:49.670  2425  2425 D SHANNON_IMS: 8318 [MEDI] mLastRxReportAt == 0 [com.shannon.imsservice.media.mediahelper.RtpDataUsageHelper@264d263] (RtpDataUsageHelper%updateAvgRxUsage:129)
12-14 03:46:49.670  2425  2425 I SHANNON_IMS: 8319 [ADAP] Sending media state ind(SIP:ACK) as [true] [SLID:0 ] (MediaAdaptor%sendMediaInd:328)
12-14 03:46:49.670  2425  2425 I SHANNON_IMS: 8320 [HELP] #:PURP:# SOL TX{RILC_REQ_AIMS_MEDIA_STATE_IND} : mCallId : 0  mState : 1  mAction : 0  mRtpContextPresent : 0  mRtpSsrc : 0  mRtpTimestamp : 0  mRtpSeq : 0  [SLID:0  Active:true] (ImsRilHelper%sendRequest:313)
12-14 03:46:49.670  2425  2425 V ImsRIL  : [ImsRIL_5632]> STATUS_MAX 00 01 00 00 00 00 00 00 00 00 00 00 00 00 00 00 00 00 00 00 00 00 00 00 
12-14 03:46:49.670  2425  2425 D SHANNON_IMS: 8321 [MEDI] release tx session as it is audio call [com.shannon.imsservice.media.ImsMedia@7df8e1d] (ImsMedia%updateMedia:432)
12-14 03:46:49.671  1156  1297 D RIL_EXTERNAL: sendRequestRaw
12-14 03:46:49.671  2425  2425 I SHANNON_IMS: 8322 [MEDI] stopTx() RELEASE_CAMERA_AND_RECORDER [com.shannon.imsservice.media.MediaController@eea8892] (MediaController%stopTx:734)
12-14 03:46:49.671  1156  1297 V RIL     : [RilApplication] externalOnRequest reqOemId=10335, t=0xb400007b49a47410, socketid=0
12-14 03:46:49.671  2528  2528 I ImsCall : callSessionUpdated :: session=[ImsCallSession objId:169393419 callId:0] profile={ serviceType=1, callType=2, restrictCause=0, mediaProfile={ audioQuality=0, audioDirection=3, audioCodecAttribute=null, videoQuality=0, videoDirection=-1, rttMode=0, hasRttAudioSpeech=false }, emergencyServiceCategories=0, emergencyUrns=[], emergencyCallRouting=0, emergencyCallTesting=false, hasKnownUserIntentEmergency=false, mRestrictCause=0, mCallerNumberVerstat= 1, mAcceptedRtpHeaderExtensions= [] } ImsCall=[ImsCall objId:128190440 onHold:N mute:N mCallProfile:{ serviceType=1, callType=1, restrictCause=0, mediaProfile={ audioQuality=0, audioDirection=3, audioCodecAttribute=null, videoQuality=0, videoDirection=-1, rttMode=0, hasRttAudioSpeech=false }, emergencyServiceCategories=0, emergencyUrns=[], emergencyCallRouting=0, emergencyCallTesting=false, hasKnownUserIntentEmergency=false, mRestrictCause=0, mCallerNumberVerstat= 1, mAcceptedRtpHeaderExtensions= [] } networkType:13 updateRequest:NONE merging:N merge action pending:N merged:N multiParty:N confHost:N buried term:N isVideo: N wasVideo: N isWifi: N session:[ImsCallSession objId:169393419 callId:0] transientSession:null]
12-14 03:46:49.671  1156  1297 V RIL     : [RilContext_0] SendMessage RIL Request Routing : RCM ID=10335 Service ID=8 Message ID=8070 delayMillis=0
12-14 03:46:49.671  1156  1297 V RIL     : [ServiceMgr] msg(0xb400007ce9a34450) msgId=8070 svc=ImsService_0(8) direction=Request
12-14 03:46:49.671  2528  2528 D ImsPhoneCallTracker: [0] onCallUpdated
12-14 03:46:49.671  2528  2528 D ImsPhoneCallTracker: [0] onCallUpdated: profile is { serviceType=1, callType=2, restrictCause=0, mediaProfile={ audioQuality=0, audioDirection=3, audioCodecAttribute=null, videoQuality=0, videoDirection=-1, rttMode=0, hasRttAudioSpeech=false }, emergencyServiceCategories=0, emergencyUrns=[], emergencyCallRouting=0, emergencyCallTesting=false, hasKnownUserIntentEmergency=false, mRestrictCause=0, mCallerNumberVerstat= 1, mAcceptedRtpHeaderExtensions= [] }
12-14 03:46:49.671  2528  2528 D ImsPhoneCallTracker: [0] processCallStateChange state=INCOMING cause=0 ignoreState=true
12-14 03:46:49.671  1156  1309 V RIL     : [ImsService_0] Process AIMS Request(Ind)
12-14 03:46:49.671  1156  1309 V RIL     : [ImsService_0] AIMS Request(Ind): msgId=8070 requestId=10335 parameter=0x0xb400007b39a2b590 parameter length=24
12-14 03:46:49.671  1156  1309 I RIL     : [RilContext_0] Send 
12-14 03:46:49.672  1156  1309 V RIL     : [/dev/umts_ipc0][TX] SIT_AIMS_MEDIA_STATE_IND, IND, 32 bytes
12-14 03:46:49.672  1156  1309 V RIL     :  02 00 30 0d 20 00 00 00   00 01 00 00 00 00 00 00  
12-14 03:46:49.672  1156  1309 V RIL     :  00 00 00 00 00 00 00 00   00 00 00 00 00 00 00 00  
12-14 03:46:49.672  2425 10257 I ImsCallProfile: maybeCleanseExtras: 1 extra values were removed - only primitive types and system parcelables are permitted.
