10-11 16:23:58.047 27876 27876 I SCallUI : ClearCoverRepository - addClearCoverStateListener
10-11 16:23:58.047  2235  2235 D Telephony: GsmConnection: buildConnectionCapabilities: isHoldable = true State = 3 capabilities = 2
10-11 16:23:58.047  2235  2235 I Telephony: SamsungTelephonyConnection: not alive or dialing
10-11 16:23:58.047  2235  2235 I Telephony: SamsungGsmConnection: GSM TelecomId : TC@1487_1 buildConnectionCapabilities : capabilities = 66 newCapabilities : 66
10-11 16:23:58.047 27876 27876 I SCallUI : RttFlow: RttChatExecutor - onFullScreenModelChanged
10-11 16:23:58.047 27876 27876 I SCallUI : DisplayCallerInfoCardExecutor - onFullScreenModelChanged
10-11 16:23:58.048  1294  2214 V WindowManager: Relayout hash=c977356, pid=25750, syncId=-1: mAttrs={(0,0)(fillxfill) sim={adjust=resize forwardNavigation} ty=BASE_APPLICATION wanim=0x10302f4
10-11 16:23:58.048  1294  2214 V WindowManager:   fl=81810100
10-11 16:23:58.048  1294  2214 V WindowManager:   pfl=12020040
10-11 16:23:58.048  1294  2214 V WindowManager:   apr=LIGHT_NAVIGATION_BARS
10-11 16:23:58.048  1294  2214 V WindowManager:   bhv=DEFAULT
10-11 16:23:58.048  1294  2214 V WindowManager:   fitSides= naviIconColor=0
10-11 16:23:58.048  1294  2214 V WindowManager:   sfl=100000}
10-11 16:23:58.048 27876 27876 I SCallUI : DisplayCallerInfoCardExecutor - executeDisplayCallerInfoCard - needToHideCallerInfoCard is true
10-11 16:23:58.048 27876 27876 I SCallUI : DisplayCallerInfoCardExecutor - executeDisplayCallerInfoCard: CallerInfoCardData@f95c6ed, mIcon: 0, mContent: NULL, mDate: null, mUpdateTime: 0
10-11 16:23:58.048 27876 27876 I SCallUI : CallCardExecutors - ExecutorLifecycle: CallFlow: onForegroundCallChanged, CallModel_TC@1487{CONNECTING(CONNECTING), AUDIO_ONLY, NONE}
10-11 16:23:58.048 27876 27876 I SCallUI : CallCardStateTransitionExecutorImpl - updateCallCardStateData, CallCardStateData@def3fb3, mIsConference: false, mIsGroupCall: false, mIsMultiparty: false, mIsMcidEnabled: false, mIsVcidEnabled: false, mHasVideoSecondLineInfo: false
10-11 16:23:58.049 27876 27876 I SCallUI : DisplayScreenCallExecutor - checkAndUpdate, callId: 124685587 -> 178371727
10-11 16:23:58.049 27876 27876 I SCallUI : DisplayScreenCallExecutor - stopScreenCall
10-11 16:23:58.049 27876 27876 I SCallUI : DisplayScreenCallExecutor - stopScreenCall
10-11 16:23:58.049  2235  2235 I Telephony: SamsungTelephonyConnection: logOriginalConnectionCapabilities: supportsDowngradeToAudio=false, supportVTRemoteBidirectional=false, supportVTLocalBidirectional=false
10-11 16:23:58.049 27876 27876 I SCallUI : DisplayCallerInfoExecutor - executeDisplayPrimaryCallerInfo
10-11 16:23:58.049  2235  2235 I Telephony: SamsungConnectionCapabilityFromConference: buildCapabilityFromFeatureRepository, applyCapability CAPABILITY_DISCONNECT_FROM_CONFERENCE
10-11 16:23:58.049  1294  1668 I sysui_multi_action: [319,180,322,170,325,10128047,757,761,758,8,759,2,806,com.samsung.android.incallui,871,com.android.incallui.call.InCallActivity,904,com.samsung.android.incallui,905,0,1320,8,1321,5]
10-11 16:23:58.049  2235  2235 I Telephony: SamsungConnectionCapabilityUtil: applyCapability : [Capabilities: CAPABILITY_DISCONNECT_FROM_CONFERENCE]
10-11 16:23:58.049  2235  2235 I Telephony: SamsungConnectionCapabilityFromConference: buildCapabilityFromConference capabilities : 8388674 newCapabilities : 8396866
10-11 16:23:58.049  1294  1668 I am_app_transition: [com.samsung.android.incallui,com.android.incallui.call.InCallActivity,WINDOWS_DRAWN(2),180,-1,-1,170,WARM(8),speed-profile(8)]
10-11 16:23:58.050 27876 27876 I SCallUI : DisplayCallStateExecutor - displayCallStateLabel - state : CONNECTING
10-11 16:23:58.050  1294  1668 D [secipm]: mSecIpmManager report to nap
10-11 16:23:58.051  1294  1668 I PkgPredictorService-SecIpmManagerServiceImpl: reportToNAP uid:1001 com.samsung.android.incallui/com.android.incallui.call.InCallActivity thisTime:170
10-11 16:23:58.051 27876 27876 I SCallUI : GeocoderRepository - getGeocoderModelFromLibrary
10-11 16:23:58.051 27876 27876 I SCallUI : DisplayLocationExecutorImpl - executeDisplayLocation search start!! - call - CallModel_TC@1487
10-11 16:23:58.051  1294  2127 I stream_devices_changed: [11,2,1]
10-11 16:23:58.051  1294  2755 I Telecom:SamsungTelecomServiceImpl: isVoiceMailNumber - PhoneAccountHandle : ComponentInfo{com.android.phone/com.android.services.telephony.TelephonyConnectionService}, 1, UserHandle{0} / number : 72******17 / callingPackage : com.samsung.android.incallui
10-11 16:23:58.051 27876 27947 I SCallUI : ContactRepository - query: start
10-11 16:23:58.051 27876 27876 I SCallUI : DisplayCallerInfoCardExecutor - executeDisplayCallerInfoCard - needToHideCallerInfoCard is true
10-11 16:23:58.052 27876 27876 I SCallUI : DisplayCallerInfoCardExecutor - executeDisplayCallerInfoCard: CallerInfoCardData@bf8f22b, mIcon: 0, mContent: NULL, mDate: null, mUpdateTime: 0
10-11 16:23:58.053  1294  1711 I am_uid_running: 10110
10-11 16:23:58.053  2235  3339 D GsmCdmaPhone: [0] getVoiceMailNumber - number: length 12, source: SIM
10-11 16:23:58.054  1294  1711 D CompatibilityChangeReporter: Compat change id reported: 135634846; UID 10110; state: DISABLED
10-11 16:23:58.054  1294  1711 D CompatibilityChangeReporter: Compat change id reported: 177438394; UID 10110; state: DISABLED
10-11 16:23:58.055  1294  1711 D CompatibilityChangeReporter: Compat change id reported: 135772972; UID 10110; state: DISABLED
10-11 16:23:58.055  1294  1711 D CompatibilityChangeReporter: Compat change id reported: 135754954; UID 10110; state: ENABLED
10-11 16:23:58.055 25750 25750 I ViewRootImpl@c20584a[ServiceModeApp]: Relayout returned: old=(0,0,1080,2408) new=(0,0,1080,2408) req=(1080,2408)8 dur=7 res=0x2 s={false 0x0} ch=true seqId=0
10-11 16:23:58.055  1294  1712 D CompatibilityChangeReporter: Compat change id reported: 143937733; UID 10110; state: ENABLED
10-11 16:23:58.055 25750 25750 I ViewRootImpl@c20584a[ServiceModeApp]: stopped(true) old = false
10-11 16:23:58.056 27876 27876 I SCallUI : DisplayRttChatExecutor - executeDisplayRttParticipants
10-11 16:23:58.056 27876 27876 I SCallUI : DisplayCallLogMemoExecutorImpl - executeDisplayCallLogMemo
10-11 16:23:58.056  2235  2235 I Telephony: SamsungCapabilityLogUtil: [after setting capabilities] id:TC@1487_1 [Capabilities: CAPABILITY_MUTE CAPABILITY_DISCONNECT_FROM_CONFERENCE CAPABILITY_CANNOT_DOWNGRADE_VIDEO_TO_AUDIO CAPABILITY_SUPPORT_HOLD]
10-11 16:23:58.056  2235  2235 I Telephony: SamsungCapabilityLogUtil: [after setting capabilities] id:TC@1487_1 [Sem-Capabilities:]
10-11 16:23:58.056  2235  2235 D Telephony: SamsungCarrierRepositoryImpl: getSimOperator, phoneId=0, simOperator=313340
10-11 16:23:58.057  2235  2235 D Telephony: SamsungCarrierRepositoryImpl: getSimOperator, phoneId=0, simOperator=313340
10-11 16:23:58.057  2235  2235 I Telephony: SamsungWfcConnectionService: needToShowWeakWifiSignalDialog, showWeakWifiSignalEnabled: false, showWeakWifiSignalSim: false
10-11 16:23:58.057 25750 25750 I wm_on_stop_called: [154124790,com.sec.android.RilServiceModeApp.ServiceModeApp,LIFECYCLER_STOP_ACTIVITY]
10-11 16:23:58.057  2260  2260 I FaceWidgetPositionAlgorithm: getClockContainerHeight() supplier = 290, bottom margin = 0, real height = 535
10-11 16:23:58.057  2260  2260 I FaceWidgetPositionAlgorithm: getClockContainerHeight() supplier = 290, bottom margin = 68, real height = 535
10-11 16:23:58.057  2260  2260 I FaceWidgetPositionAlgorithm: getMediaContainerHeight() height = 0 container Visibility = 8, isValid = false, mIsDozing = false, fraction = 1.0, source = 0, target = 0
10-11 16:23:58.058  2260  2260 I FaceWidgetPositionAlgorithm: getMediaContainerHeight() supplier = 0
10-11 16:23:58.058 25750 25750 I MSHandlerLifeCycle: check: return. Multi-window not supported pkg=com.sec.android.RilServiceModeApp
10-11 16:23:58.058 25750 25750 I MSHandlerLifeCycle: removeMultiSplitHandler: no exist. decor=DecorView@fd2a545[ServiceModeApp]
10-11 16:23:58.058 25750 25750 E ModemServiceMode: onDestroy start
10-11 16:23:58.058 25750 25750 E ModemServiceMode: unbind connection
10-11 16:23:58.059 27876 27876 I SCallUI : ShowWifiEndCallExecutor - phoneIds:0, carrier_feature:false, csc_feature:false
10-11 16:23:58.060  1294  2215 I Telecom:Telecom_Timing: handleCreateConnectionComplete for GANGA
10-11 16:23:58.060 27876 27876 I SCallUI : DisplaySmartCallBusinessTextExecutorImpl - updateBusinessTextExtraInformationAsEmpty
10-11 16:23:58.060  1123  1495 V APM_AudioPolicyManager: setForceUse() usage 7, config 0, mPhoneState 2
10-11 16:23:58.060  1123  1495 W APM_AudioPolicyManager: setForceUse() usage 7, config 0 is already set
10-11 16:23:58.060 27876 27876 I SCallUI : VerificationStatusExecutorImpl - executeVerificationStatusInternal, isRinging:false
10-11 16:23:58.060 27876 27876 I SCallUI : DisplayCallTypeIconExecutorImpl - AccountFlow: setAccountModel, AccountModel@0{sub_id:1, phone_account_handle_id:XXX, phone_account_extras:Bundle[{com.samsung.telecom.extra.SUPPORT_VRBT=false, android.telecom.extra.SUPPORTS_VIDEO_CALLING_FALLBACK=true, com.samsung.telecom.extra.SUBSCRIPTION_ID=1, com.samsung.telecom.extra.CAN_COEXIST_ACCOUNT=true, com.samsung.telecom.extra.PHONE_ID=0, com.samsung.telecom.extra.NO_CHECK_IF_VIDEO_CAPABLE=true}], runtime_feature:RuntimeSimFeature {313340, ETC, ETC, hd_icon_delta:NONE, []}, carrier_feature:CallTypeIconFeature@0{ConfigOpStyleForHdIcon:GSM_HD,5G_SUPPORT}}
10-11 16:23:58.062 27876 27876 I SCallUI : DisplayCallTypeIconExecutorImpl - CallCardFlow: Primary:DisplayCallType@END_CALL_DEFAULT -> NONE, icon:EMPTY, CallTypeIconData@2236334, mIcon: 0, mIconColor: ff252525, CallModel_TC@1487{CONNECTING(CONNECTING), AUDIO_ONLY, NONE, CallModelProperty{[Properties:](0), [SamsungProperties:empty](0)}}
10-11 16:23:58.062 27876 27876 I SCallUI : DisplayCallTypeIconExecutorImpl - updateDisplayCallTypeIcon, {Record:GSM_AUTHENTICATION(IconSet:GSM, Default:GSM), Primary:NONE(Icon:EMPTY), , AMR_NB, VideoQuality:4, CallModel_TC@1487(178371727)CONNECTING, AUDIO_ONLY, IDLE, NONE, UxOperatorDelta:OPEN}
10-11 16:23:58.063 25750 25750 E ModemServiceMode: onDestroy finish
10-11 16:23:58.063 25750 25750 I wm_on_destroy_called: [154124790,com.sec.android.RilServiceModeApp.ServiceModeApp,performDestroy]
10-11 16:23:58.063  2235  2235 V RcsCallTracker: analizeAndSendEvents - Connection state: [ImsPhoneConnection objId: 127460300 telecomCallID: TC@1487_1 address: [****] isAdhocConf: N state: DIALING videoState: 0 callRadioTech: 20 audioQuality: 0 phoneType: 5 preHOState: IDLE attribute: [] ImsCall: [ImsCall objId:162676010 onHold:N mute:N mCallProfile:{ serviceType=1, callType=2, restrictCause=0, mediaProfile={ audioQuality=0, audioDirection=3, audioCodecAttribute=null, videoQuality=0, videoDirection=-1, rttMode=0, hasRttAudioSpeech=false }, emergencyServiceCategories=0, emergencyUrns=[], emergencyCallRouting=0, emergencyCallTesting=false, hasKnownUserIntentEmergency=false, mRestrictCause=0, mCallerNumberVerstat= 0, mAcceptedRtpHeaderExtensions= [] } tech:20 updateRequest:NONE merging:N merge action pending:N merged:N multiParty:N confHost:N buried term:N isVideo: N wasVideo: N isWifi: N isCrossSim: N session:[ImsCallSession objId:222909973 state:INITIATED callId:202] transientSession:null]]
10-11 16:23:58.063  2235  2235 V RcsCallTracker: notifyTransition - phoneId: 0
10-11 16:23:58.063  2235  2235 D CmcCallTracker: [0] handleMessage what=101
10-11 16:23:58.064 27876 27942 I SCallUI : TelecomManagerModelImpl - isVoiceMailNumberInternal, timeMillis:13
10-11 16:23:58.064  1123  1451 I AudioPolicyService: doOnCheckSpatializer mSpatializer 0xb400007a1a12ad00 level 0
10-11 16:23:58.064 27876 27876 I SCallUI : DisplayParticipantListExecutor - CallCardFlow: [ConferenceInfoBanner] isSupportConferenceInfoBanner: false, Foreground:false, Background:false
10-11 16:23:58.064 27876 27876 I SCallUI : DisplayCallBgContentExecutorImpl - executeDisplayCallBgContent
10-11 16:23:58.064 27876 27876 I SCallUI : AccountRepository - - phoneId(cached): 0, phoneAccountHandle: XXX
10-11 16:23:58.065 25750 25750 I MSHandlerLifeCycle: removeMultiSplitHandler: no exist. decor=DecorView@fd2a545[ServiceModeApp]
10-11 16:23:58.065 27876 27876 I SCallUI : AccountRepository - - phoneId(cached): 0, phoneAccountHandle: XXX
10-11 16:23:58.065 25750 25750 I DecorView: setWindowBackground: isPopOver=false color=fff6f6f6 d=null
10-11 16:23:58.065 27876 27876 I SCallUI : CallBgContentRepository - is_default_bg_sim1 value is 1
10-11 16:23:58.065 27876 27876 I SCallUI : CallBgContentRepository - default BG content by settings value
10-11 16:23:58.065 25750 25750 I DecorView: notifyKeepScreenOnChanged: keepScreenOn=false
10-11 16:23:58.065 27876 27876 I SCallUI : ManageConferenceExecutor - setManageConferenceButtonLiveData: ButtonData(7477ba3)@id: MANAGE_CONFERENCE { enabled, unchecked, GONE, command } 
10-11 16:23:58.065 27876 27876 I SCallUI : ManageConferenceExecutor - executeHideParticipantListIfNecessary...
10-11 16:23:58.065 27876 27876 I SCallUI : ManageConferenceExecutor - setManageConferenceButtonLiveData: ButtonData(3b3da59)@id: MANAGE_CONFERENCE { enabled, unchecked, GONE, command } 
10-11 16:23:58.066  2260  2827 D vol.VolumeDialogControl: onVolumeChangedW stream = 8, flags = 0, lastAudibleStreamVolume = 9, changed = true, showUI = false, dualAudio = false
10-11 16:23:58.066  1294  2755 D CoreBackPreview: Window{c977356 u0 com.sec.android.RilServiceModeApp/com.sec.android.RilServiceModeApp.ServiceModeApp}: Setting back callback null
10-11 16:23:58.066  2235  2235 D CMCF    : [CMCT]> sendPublishDialog {}
10-11 16:23:58.067 27876 27876 I SCallUI : RttChatButtonSupplier - dispatchButtonButtonData(84c2eff)@id: RTT_CHAT { disabled, unchecked, VISIBLE, command } 
10-11 16:23:58.067 27876 27876 I SCallUI : MuteControlExecutorImpl - onKnoxScreenModelChanged - skip, KnoxScreenModel{NONE}
10-11 16:23:58.067 27876 27876 I SCallUI : PrepareOptionMenuListControlExecutor - setUp, VoiceMenuSet: VOICE_OPEN VideoMenuSet: VIDEO_OPEN RttMenuSetVOICE_RTT_OPEN
10-11 16:23:58.067 27876 27876 I SCallUI : PrepareOptionMenuListControlExecutor - onKnoxScreenModelChanged - skip, KnoxScreenModel{NONE}
10-11 16:23:58.068 27876 27876 I SCallUI : PrepareOptionMenuHelper - onRttChatVisibilityChanged, false
10-11 16:23:58.068 27876 27876 I SCallUI : SendVideoCallAgainExecutor - onRcsCapabilityModelChanged, RcsCapabilityModel : RcsCapabilityModel@0(NONE){OwnCapabilityData@0{isAvailable:false, isUserOffline:false, none }, <EMPTY>, RcsSimData{PhoneId:0, SubscriptionId:1} }, AccountModel : null
10-11 16:23:58.069  2614 17715 I CmcImsServiceUtil: sendPublishDialog() callCnt: 1
10-11 16:23:58.070  1294  2215 I Telecom : ConnectionServiceWrapper: CS -> TC[cap]: handleCreateConnectionComplete TC@1487_1: (...->CS.crCo->H.CS.crCo->H.CS.crCo.pICR)->CSW.hCCC(cap/cast)@E-E-nQw
10-11 16:23:58.070  1294  2215 I Telecom:SamsungPhoneAccountInfo: setTargetPhoneAccount : ComponentInfo{com.android.phone/com.android.services.telephony.TelephonyConnectionService}, 1, UserHandle{0}
10-11 16:23:58.070  1294  2215 I Telecom:SamsungRestrictionPolicyHelper: canShowCallerIdIncomingCall, call is not incoming
10-11 16:23:58.070  1294  2215 I Telecom : InCallController: Sending updateCall [Call id=TC@1487, state=CONNECTING, tpac=ComponentInfo{com.android.phone/com.android.services.telephony.TelephonyConnectionService}, 1, UserHandle{0}, cmgr=ComponentInfo{com.android.phone/com.android.services.telephony.TelephonyConnectionService}, 1, UserHandle{0}, handle=tel:**********, vidst=A, childs(0), has_parent(false), cap=[], prop=[]], voip=falsecaps=[Capabilities:], props=[Properties:], conf(false), had_child(false): (...->CS.crCo->H.CS.crCo->H.CS.crCo.pICR)->CSW.hCCC(cap/cast)@E-E-nQw
10-11 16:23:58.073  1294  2215 I Telecom : InCallController: Components updated: [ComponentInfo{com.samsung.android.incallui/com.android.incallui.InCallServiceImpl}, ComponentInfo{com.google.android.googlequicksearchbox/com.google.android.libraries.search.assistant.performer.communication.IncomingCallInCallService}]: (...->CS.crCo->H.CS.crCo->H.CS.crCo.pICR)->CSW.hCCC(cap/cast)@E-E-nQw
10-11 16:23:58.073 25750 25750 I ViewRootImpl@c20584a[ServiceModeApp]: dispatchDetachedFromWindow
10-11 16:23:58.073  1294  2215 I Telecom : InCallController: Sending updateCall [Call id=TC@1487, state=CONNECTING, tpac=ComponentInfo{com.android.phone/com.android.services.telephony.TelephonyConnectionService}, 1, UserHandle{0}, cmgr=ComponentInfo{com.android.phone/com.android.services.telephony.TelephonyConnectionService}, 1, UserHandle{0}, handle=tel:**********, vidst=A, childs(0), has_parent(false), cap=[ sup_hld mut !v2a], prop=[]], voip=falsecaps=[Capabilities: CAPABILITY_SUPPORT_HOLD CAPABILITY_MUTE CAPABILITY_CANNOT_DOWNGRADE_VIDEO_TO_AUDIO], props=[Properties:], conf(false), had_child(false): (...->CS.crCo->H.CS.crCo->H.CS.crCo.pICR)->CSW.hCCC(cap/cast)@E-E-nQw
10-11 16:23:58.073 21545  6791 D Telecom-InCallService: InCallServiceBinder - updateCall: id(TC@1487), state(CONNECTING), [Capabilities:]
10-11 16:23:58.073 21545 21545 D Telecom-InCallService: handleMessage: UPDATE_CALL
10-11 16:23:58.073  1294  2215 I Telecom : InCallController: Components updated: [ComponentInfo{com.samsung.android.incallui/com.android.incallui.InCallServiceImpl}, ComponentInfo{com.google.android.googlequicksearchbox/com.google.android.libraries.search.assistant.performer.communication.IncomingCallInCallService}]: (...->CS.crCo->H.CS.crCo->H.CS.crCo.pICR)->CSW.hCCC(cap/cast)@E-E-nQw
10-11 16:23:58.073 21545 21545 D Telecom-Call: internalUpdate - stateChanged: false, detailsChanged: true, videoCallChanged: false, isRttChanged: false, rttModeChanged: false, cannedTextResChanged: false, parentChanged: false, childrenChanged: false, activeChildChanged: false
10-11 16:23:58.073  1294  4361 D InputTransport: Input channel destroyed: 'c977356', fd=842
10-11 16:23:58.073  1294  2215 I Telecom : Event: RecordEntry TC@1487: CAPABILITY_CHANGE, Current: [[ sup_hld mut !v2a]], Removed [[]], Added [[ sup_hld mut !v2a]]: (...->CS.crCo->H.CS.crCo->H.CS.crCo.pICR)->CSW.hCCC(cap/cast)@E-E-nQw
10-11 16:23:58.073   862   862 D Zygote  : Forked child process 31343
10-11 16:23:58.074  1294  4361 W InputManager-JNI: Input channel object 'c977356 com.sec.android.RilServiceModeApp/com.sec.android.RilServiceModeApp.ServiceModeApp (client)' was disposed without first being removed with the input manager!
10-11 16:23:58.074  1294  4361 D InputTransport: Input channel destroyed: 'c977356', fd=859
10-11 16:23:58.074  1294  1712 I am_proc_start: [0,31343,10110,com.sec.android.app.soundalive,broadcast,{com.sec.android.app.soundalive/com.sec.android.app.soundalive.receiver.AndroidMediaReceiver}]
10-11 16:23:58.074 27876 27876 I SCallUI : MakeVoiceButtonGridExecutor - getButtonList(), Dialpad : false, Conference List: false, Landscape : false, MultiWindow : false
10-11 16:23:58.074  1294  1712 I ActivityManager: Start proc 31343:com.sec.android.app.soundalive/u0a110 for broadcast {com.sec.android.app.soundalive/com.sec.android.app.soundalive.receiver.AndroidMediaReceiver}
10-11 16:23:58.074 27876 27876 I SCallUI : MakeVoiceButtonGridExecutor - updateButtonGrid - skip, [ButtonData(abec315)@id: RTT_CHAT { disabled, unchecked, VISIBLE, command } , null, null, null, null, ButtonData(9e7a62a)@id: DIALPAD_SHOW { enabled, unchecked, VISIBLE } ], {CallModel_TC@1487{CONNECTING(CONNECTING), AUDIO_ONLY, NONE}, record:INVALID, upgrade:INVALID, rcs_visible:false, null, }
10-11 16:23:58.074 27876 27876 I SCallUI : MakeVoiceButtonGridExecutor - getButtonList(), Dialpad : false, Conference List: false, Landscape : false, MultiWindow : false
10-11 16:23:58.074 27876 27876 I SCallUI : MakeVoiceButtonGridExecutor - updateButtonGrid - skip, [ButtonData(abebc1b)@id: RTT_CHAT { disabled, unchecked, VISIBLE, command } , null, null, null, null, ButtonData(86881b8)@id: DIALPAD_SHOW { enabled, unchecked, VISIBLE } ], {CallModel_TC@1487{CONNECTING(CONNECTING), AUDIO_ONLY, NONE}, record:INVALID, upgrade:INVALID, rcs_visible:false, null, }
10-11 16:23:58.074  1294  4361 I WindowManager: Destroying surface Surface(name=com.sec.android.RilServiceModeApp/com.sec.android.RilServiceModeApp.ServiceModeApp$_25750)/@0x367fbd2 called by com.android.server.wm.WindowStateAnimator.destroySurface:907 com.android.server.wm.WindowStateAnimator.destroySurfaceLocked:519 com.android.server.wm.WindowState.removeImmediately:2933 com.android.server.wm.WindowState.removeIfPossible:3177 com.android.server.wm.WindowState.removeIfPossible:3004 com.android.server.wm.WindowManagerService.removeWindow:2234 com.android.server.wm.Session.remove:236 android.view.IWindowSession$Stub.onTransact:743 
10-11 16:23:58.074 27876 27876 I SCallUI : SpeakerControlExecutorImpl - onKnoxScreenModelChanged - skip, KnoxScreenModel{NONE}
10-11 16:23:58.074  1294  4361 D RestrictionPolicy: isScreenCaptureEnabled : ret=true userId=0
10-11 16:23:58.074  2235  2235 D PhoneSwitcher: isPhoneInVoiceCallChanged from phoneId -1 to phoneId 0
10-11 16:23:58.074  1294  2215 I Telecom:SamsungCallNotifier: prevcap=[Capabilities:]cap=[Capabilities: CAPABILITY_SUPPORT_HOLD CAPABILITY_MUTE CAPABILITY_CANNOT_DOWNGRADE_VIDEO_TO_AUDIO]callcap=[Capabilities: CAPABILITY_SUPPORT_HOLD CAPABILITY_MUTE CAPABILITY_CANNOT_DOWNGRADE_VIDEO_TO_AUDIO]xorcaps=[Capabilities: CAPABILITY_SUPPORT_HOLD CAPABILITY_MUTE CAPABILITY_CANNOT_DOWNGRADE_VIDEO_TO_AUDIO]forceUpdate=false
10-11 16:23:58.074  1294  2215 D Telecom-Connection: New Connection.VideoProvider with looper - this: com.android.server.telecom.VideoProviderProxy@2016b59, binder: android.telecom.Connection$VideoProvider$VideoProviderBinder@926031e
10-11 16:23:58.074  1294  4361 V WindowManager: Nulling last startingData
10-11 16:23:58.075 21545  6791 D Telecom-InCallService: InCallServiceBinder - updateCall: id(TC@1487), state(CONNECTING), [Capabilities: CAPABILITY_SUPPORT_HOLD CAPABILITY_MUTE CAPABILITY_CANNOT_DOWNGRADE_VIDEO_TO_AUDIO]
10-11 16:23:58.076 27876 27876 I SCallUI : ScreenCallAnswerExecutorImpl - setup!
10-11 16:23:58.076 27876 27876 I SCallUI : ScreenCallAnswerExecutorImpl - canVisible - false, unsupported by bixby feature, timeMillis:0
10-11 16:23:58.076 27876 27876 I SCallUI : ScreenCallAnswerExecutorImpl - onTtsLanguageStateChanged - skip, UNAVAILABLE
10-11 16:23:58.076 27876 27876 I SCallUI : MakeEndCallButtonGridExecutor - makeEndButtonGrid, [ButtonData(8557b91)@id: INVALID { enabled, unchecked, GONE } , ButtonData(b31faf6)@id: INVALID { enabled, unchecked, GONE } , ButtonData(f02fef7)@id: INVALID { enabled, unchecked, GONE } , ButtonData(8000164)@id: INVALID { enabled, unchecked, GONE } , ButtonData(fc53fcd)@id: INVALID { enabled, unchecked, GONE } , ButtonData(5fad082)@id: INVALID { enabled, unchecked, GONE } , ButtonData(dde9393)@id: INVALID { enabled, unchecked, GONE } , ButtonData(f6dcfd0)@id: INVALID { enabled, unchecked, GONE } , ButtonData(1f30bc9)@id: INVALID { enabled, unchecked, GONE } , ButtonData(88972ce)@id: INVALID { enabled, unchecked, GONE } ]
10-11 16:23:58.076  1294  2215 I Telecom : InCallController: Sending updateCall [Call id=TC@1487, state=CONNECTING, tpac=ComponentInfo{com.android.phone/com.android.services.telephony.TelephonyConnectionService}, 1, UserHandle{0}, cmgr=ComponentInfo{com.android.phone/com.android.services.telephony.TelephonyConnectionService}, 1, UserHandle{0}, handle=tel:**********, vidst=A, childs(0), has_parent(false), cap=[ sup_hld mut !v2a], prop=[]], voip=falsecaps=[Capabilities: CAPABILITY_SUPPORT_HOLD CAPABILITY_MUTE CAPABILITY_CANNOT_DOWNGRADE_VIDEO_TO_AUDIO], props=[Properties:], conf(false), had_child(false): (...->CS.crCo->H.CS.crCo->H.CS.crCo.pICR)->CSW.hCCC(cap/cast)@E-E-nQw
10-11 16:23:58.077  1294  2215 I Telecom : InCallController: Components updated: [ComponentInfo{com.samsung.android.incallui/com.android.incallui.InCallServiceImpl}, ComponentInfo{com.google.android.googlequicksearchbox/com.google.android.libraries.search.assistant.performer.communication.IncomingCallInCallService}]: (...->CS.crCo->H.CS.crCo->H.CS.crCo.pICR)->CSW.hCCC(cap/cast)@E-E-nQw
10-11 16:23:58.078  1294  2215 I Telecom : Event: RecordEntry TC@1487: AUDIO_INFO, setRingbackRequested=false: (...->CS.crCo->H.CS.crCo->H.CS.crCo.pICR)->CSW.hCCC(cap/cast)@E-E-nQw
10-11 16:23:58.078  1294  2215 I Telecom : InCallController: Sending updateCall [Call id=TC@1487, state=CONNECTING, tpac=ComponentInfo{com.android.phone/com.android.services.telephony.TelephonyConnectionService}, 1, UserHandle{0}, cmgr=ComponentInfo{com.android.phone/com.android.services.telephony.TelephonyConnectionService}, 1, UserHandle{0}, handle=tel:**********, vidst=A, childs(0), has_parent(false), cap=[ sup_hld mut !v2a], prop=[]], voip=falsecaps=[Capabilities: CAPABILITY_SUPPORT_HOLD CAPABILITY_MUTE CAPABILITY_CANNOT_DOWNGRADE_VIDEO_TO_AUDIO], props=[Properties:], conf(false), had_child(false): (...->CS.crCo->H.CS.crCo->H.CS.crCo.pICR)->CSW.hCCC(cap/cast)@E-E-nQw
10-11 16:23:58.078 21545  6791 D Telecom-InCallService: InCallServiceBinder - updateCall: id(TC@1487), state(CONNECTING), [Capabilities: CAPABILITY_SUPPORT_HOLD CAPABILITY_MUTE CAPABILITY_CANNOT_DOWNGRADE_VIDEO_TO_AUDIO]
10-11 16:23:58.078 21545 21545 D Telecom-InCallService: handleMessage: UPDATE_CALL
10-11 16:23:58.078 21545 21545 D Telecom-Call: internalUpdate - stateChanged: false, detailsChanged: true, videoCallChanged: false, isRttChanged: false, rttModeChanged: false, cannedTextResChanged: false, parentChanged: false, childrenChanged: false, activeChildChanged: false
10-11 16:23:58.078 21545 21545 D Telecom-InCallService: handleMessage: UPDATE_CALL
10-11 16:23:58.078  1294  2215 I Telecom : InCallController: Components updated: [ComponentInfo{com.samsung.android.incallui/com.android.incallui.InCallServiceImpl}, ComponentInfo{com.google.android.googlequicksearchbox/com.google.android.libraries.search.assistant.performer.communication.IncomingCallInCallService}]: (...->CS.crCo->H.CS.crCo->H.CS.crCo.pICR)->CSW.hCCC(cap/cast)@E-E-nQw
10-11 16:23:58.078  1294  2215 I Telecom : InCallController: Sending updateCall [Call id=TC@1487, state=CONNECTING, tpac=ComponentInfo{com.android.phone/com.android.services.telephony.TelephonyConnectionService}, 1, UserHandle{0}, cmgr=ComponentInfo{com.android.phone/com.android.services.telephony.TelephonyConnectionService}, 1, UserHandle{0}, handle=tel:**********, vidst=A, childs(0), has_parent(false), cap=[ sup_hld mut !v2a], prop=[]], voip=falsecaps=[Capabilities: CAPABILITY_SUPPORT_HOLD CAPABILITY_MUTE CAPABILITY_CANNOT_DOWNGRADE_VIDEO_TO_AUDIO], props=[Properties:], conf(false), had_child(false): (...->CS.crCo->H.CS.crCo->H.CS.crCo.pICR)->CSW.hCCC(cap/cast)@E-E-nQw
10-11 16:23:58.079 21545  6791 D Telecom-InCallService: InCallServiceBinder - updateCall: id(TC@1487), state(CONNECTING), [Capabilities: CAPABILITY_SUPPORT_HOLD CAPABILITY_MUTE CAPABILITY_CANNOT_DOWNGRADE_VIDEO_TO_AUDIO]
10-11 16:23:58.079  2235  3339 D Telecom-Connection: addVideoCallback - videoCallbackBinder: android.os.BinderProxy@5f730ef
10-11 16:23:58.080 27876 27876 I SCallUI : BluetoothControlExecutor - checkAndUpdate getBluetoothName - null
10-11 16:23:58.080 27876 27876 I SCallUI : BluetoothControlExecutor - setBluetoothButtonData, ButtonData(5a818fc)@id: BLUETOOTH { enabled, unchecked, VISIBLE } 
10-11 16:23:58.081 27876 27876 I SCallUI : MakeVoiceButtonGridExecutor - getButtonList(), Dialpad : false, Conference List: false, Landscape : false, MultiWindow : false
10-11 16:23:58.081 27876 27876 I SCallUI : MakeVoiceButtonGridExecutor - updateButtonGrid - skip, [ButtonData(c4dedda)@id: RTT_CHAT { disabled, unchecked, VISIBLE, command } , null, ButtonData(c42e20b)@id: BLUETOOTH { enabled, unchecked, VISIBLE } , null, null, ButtonData(8dbc8e8)@id: DIALPAD_SHOW { enabled, unchecked, VISIBLE } ], {CallModel_TC@1487{CONNECTING(CONNECTING), AUDIO_ONLY, NONE}, record:INVALID, upgrade:INVALID, rcs_visible:false, null, }
10-11 16:23:58.081 21545  6791 D Telecom-InCallService: InCallServiceBinder - updateCall: id(TC@1487), state(CONNECTING), [Capabilities: CAPABILITY_SUPPORT_HOLD CAPABILITY_MUTE CAPABILITY_CANNOT_DOWNGRADE_VIDEO_TO_AUDIO]
10-11 16:23:58.081 27876 27876 I SCallUI : BluetoothControlExecutor - onKnoxScreenModelChanged, KnoxScreenModel{NONE}
10-11 16:23:58.081  2260  2827 D vol.VolumeDialogControl: onVolumeChangedW stream = 10, flags = 0, lastAudibleStreamVolume = 8, changed = false, showUI = false, dualAudio = false
10-11 16:23:58.081 27876 27876 I SCallUI : BluetoothControlExecutor - checkAndUpdate getBluetoothName - null
10-11 16:23:58.081 27876 27876 I SCallUI : CallButtonExecutors - ExecutorLifecycle: CallFlow: onForegroundCallChanged, CallModel_TC@1487{CONNECTING(CONNECTING), AUDIO_ONLY, NONE}
10-11 16:23:58.081  1123  9487 V APM_AudioPolicyManager: setStreamVolumeIndex: stream AUDIO_STREAM_DTMF attributes={ Content type: AUDIO_CONTENT_TYPE_UNKNOWN Usage: AUDIO_USAGE_VOICE_COMMUNICATION_SIGNALLING Source: AUDIO_SOURCE_DEFAULT Flags: 0x0 Tags:  }
10-11 16:23:58.081  1123  9487 V APM_AudioPolicyManager: setVolumeIndexForAttributes: group 4 matching with { Content type: AUDIO_CONTENT_TYPE_UNKNOWN Usage: AUDIO_USAGE_VOICE_COMMUNICATION_SIGNALLING Source: AUDIO_SOURCE_DEFAULT Flags: 0x0 Tags:  }
10-11 16:23:58.081  1294  2215 I Telecom : InCallController: Components updated: [ComponentInfo{com.samsung.android.incallui/com.android.incallui.InCallServiceImpl}, ComponentInfo{com.google.android.googlequicksearchbox/com.google.android.libraries.search.assistant.performer.communication.IncomingCallInCallService}]: (...->CS.crCo->H.CS.crCo->H.CS.crCo.pICR)->CSW.hCCC(cap/cast)@E-E-nQw
10-11 16:23:58.082  1294  2215 I Telecom:SamsungCallAudioManager: updateSamsungAudioMode : onCallTechnologyTypeChanged
10-11 16:23:58.082  1294  2215 I Telecom:SamsungCallAudioManager: updateSamsungAudioMode : onCallNetworkTypeChanged 0 -> 20
10-11 16:23:58.082  1123  9487 V APM_AudioPolicyManager: setVolumeCurveIndex device 00000001, index 9
10-11 16:23:58.082 21545 21545 D Telecom-VideoCallImpl: New VideoCallImpl - videoProvider: com.android.internal.telecom.IVideoProvider$Stub$Proxy@369e323, binder: android.telecom.VideoCallImpl$VideoCallListenerBinder@75c9020
10-11 16:23:58.082 21545 21545 D Telecom-ParcelableCall: Make new VideoCallImpl - VideoCallProvider: com.android.internal.telecom.IVideoProvider$Stub$Proxy@369e323, Package: com.google.android.googlequicksearchbox, SdkVer: 33
10-11 16:23:58.082 21545 21545 D Telecom-Call: internalUpdate - stateChanged: false, detailsChanged: false, videoCallChanged: true, isRttChanged: false, rttModeChanged: false, cannedTextResChanged: false, parentChanged: false, childrenChanged: false, activeChildChanged: false
10-11 16:23:58.082 21545 21545 D Telecom-Call: internalUpdate - videoCallImpl: android.telecom.VideoCallImpl@f134dd9, isVideoCallProviderChanged: true
10-11 16:23:58.082 21545 21545 D Telecom-InCallService: handleMessage: UPDATE_CALL
10-11 16:23:58.082  1294  2215 I Telecom : InCallController: Sending updateCall [Call id=TC@1487, state=CONNECTING, tpac=ComponentInfo{com.android.phone/com.android.services.telephony.TelephonyConnectionService}, 1, UserHandle{0}, cmgr=ComponentInfo{com.android.phone/com.android.services.telephony.TelephonyConnectionService}, 1, UserHandle{0}, handle=tel:**********, vidst=A, childs(0), has_parent(false), cap=[ sup_hld mut !v2a], prop=[]], voip=falsecaps=[Capabilities: CAPABILITY_SUPPORT_HOLD CAPABILITY_MUTE CAPABILITY_CANNOT_DOWNGRADE_VIDEO_TO_AUDIO], props=[Properties:], conf(false), had_child(false): (...->CS.crCo->H.CS.crCo->H.CS.crCo.pICR)->CSW.hCCC(cap/cast)@E-E-nQw
10-11 16:23:58.082 21545 21545 D Telecom-Call: internalUpdate - stateChanged: false, detailsChanged: false, videoCallChanged: false, isRttChanged: false, rttModeChanged: false, cannedTextResChanged: false, parentChanged: false, childrenChanged: false, activeChildChanged: false
10-11 16:23:58.083 21545 21545 D Telecom-InCallService: handleMessage: UPDATE_CALL
10-11 16:23:58.083  1294  2215 I Telecom : InCallController: Components updated: [ComponentInfo{com.samsung.android.incallui/com.android.incallui.InCallServiceImpl}, ComponentInfo{com.google.android.googlequicksearchbox/com.google.android.libraries.search.assistant.performer.communication.IncomingCallInCallService}]: (...->CS.crCo->H.CS.crCo->H.CS.crCo.pICR)->CSW.hCCC(cap/cast)@E-E-nQw
10-11 16:23:58.083  1294  3005 I Telecom : CallAudioModeStateMachine: Message received: SAMSUNG_CHANGE_AUDIO_MODE.: (...->CS.crCo->H.CS.crCo->H.CS.crCo.pICR)->CSW.hCCC->CAMSM.pM_2101(cap/cast)@E-E-nQw
10-11 16:23:58.083  1294  3005 I Telecom:SamsungCallAudioModeStateMachine: getTargetAudioMode : mode = 2 mSamsungMessageArg: SamsungMessageArgs{foregroundCallPhoneId =0, foregroundCallIsCs =false, foregroundCallIsVideo =false, mUseIWLAN =false, foregroundCallIsCmcSdCall =false, foregroundCallIsVoip =false, foregroundCallIsInContact =false, foregroundCallIsVoiceMailNumber =false}
10-11 16:23:58.083  1294  3005 I Telecom:SamsungCallAudioModeStateMachine: preSetAudioParam newMode=2
10-11 16:23:58.083  1294  3005 I Telecom : CallAudioModeStateMachine: destinationStateByAudioMode mode=2: (...->CS.crCo->H.CS.crCo->H.CS.crCo.pICR)->CSW.hCCC->CAMSM.pM_2101(cap/cast)@E-E-nQw
10-11 16:23:58.084  1294  3005 I Telecom : CallAudioModeStateMachine: Audio focus entering SIM CALL state: (...->CS.crCo->H.CS.crCo->H.CS.crCo.pICR)->CSW.hCCC->CAMSM.pM_2101(cap/cast)@E-E-nQw
10-11 16:23:58.084  1154  1154 I Layer   : id=938999 removedFromDrawingState com.sec.android.RilServiceModeApp/com.sec.android.RilServiceModeApp.ServiceModeApp$_25750#938999 (117)
10-11 16:23:58.084 21545 21545 D Telecom-Call: internalUpdate - stateChanged: false, detailsChanged: true, videoCallChanged: false, isRttChanged: false, rttModeChanged: false, cannedTextResChanged: false, parentChanged: false, childrenChanged: false, activeChildChanged: false
10-11 16:23:58.084  1154  1154 I Layer   : id=938997 removedFromDrawingState c977356 com.sec.android.RilServiceModeApp/com.sec.android.RilServiceModeApp.ServiceModeApp#938997 (117)
10-11 16:23:58.084  1294  2215 I Telecom : CallsManager: setCallState CONNECTING -> DIALING, call: [Call id=TC@1487, state=CONNECTING, tpac=ComponentInfo{com.android.phone/com.android.services.telephony.TelephonyConnectionService}, 1, UserHandle{0}, cmgr=ComponentInfo{com.android.phone/com.android.services.telephony.TelephonyConnectionService}, 1, UserHandle{0}, handle=tel:**********, vidst=A, childs(0), has_parent(false), cap=[ sup_hld mut !v2a], prop=[]], voip=falsecaps=[Capabilities: CAPABILITY_SUPPORT_HOLD CAPABILITY_MUTE CAPABILITY_CANNOT_DOWNGRADE_VIDEO_TO_AUDIO], props=[Properties:], conf(false), had_child(false): (...->CS.crCo->H.CS.crCo->H.CS.crCo.pICR)->CSW.hCCC(cap/cast)@E-E-nQw
10-11 16:23:58.084  1154  1154 I SurfaceFlinger: id=938999 Removed com.sec.android.RilServiceModeApp/com.sec.android.RilServiceModeApp.ServiceModeApp$_25750#938999 (117)
10-11 16:23:58.084  1154  1154 I SurfaceFlinger: id=938997 Removed c977356 com.sec.android.RilServiceModeApp/com.sec.android.RilServiceModeApp.ServiceModeApp#938997 (117)
10-11 16:23:58.084  1294  2215 I Telecom : Event: RecordEntry TC@1487: SET_DIALING, successful outgoing call: (...->CS.crCo->H.CS.crCo->H.CS.crCo.pICR)->CSW.hCCC(cap/cast)@E-E-nQw
10-11 16:23:58.084  1154  1154 I Layer   : id=938997 Destroyed c977356 com.sec.android.RilServiceModeApp/com.sec.android.RilServiceModeApp.ServiceModeApp#938997
10-11 16:23:58.084  1294  2215 I Telecom:SamsungPhoneStateIntentBroadcaster: Broadcasted state change: 2 - OFFHOOK
10-11 16:23:58.084  1294  2215 I Telecom : TelecomWakeLock: WakeLock already released with id: 26: (...->CS.crCo->H.CS.crCo->H.CS.crCo.pICR)->CSW.hCCC(cap/cast)@E-E-nQw
10-11 16:23:58.084  1294  2215 I Telecom : InCallWakeLockController: Releasing full wake lock: (...->CS.crCo->H.CS.crCo->H.CS.crCo.pICR)->CSW.hCCC(cap/cast)@E-E-nQw
10-11 16:23:58.085  1294  2215 I Telecom : InCallController: Sending updateCall [Call id=TC@1487, state=DIALING, tpac=ComponentInfo{com.android.phone/com.android.services.telephony.TelephonyConnectionService}, 1, UserHandle{0}, cmgr=ComponentInfo{com.android.phone/com.android.services.telephony.TelephonyConnectionService}, 1, UserHandle{0}, handle=tel:**********, vidst=A, childs(0), has_parent(false), cap=[ sup_hld mut !v2a], prop=[]], voip=falsecaps=[Capabilities: CAPABILITY_SUPPORT_HOLD CAPABILITY_MUTE CAPABILITY_CANNOT_DOWNGRADE_VIDEO_TO_AUDIO], props=[Properties:], conf(false), had_child(false): (...->CS.crCo->H.CS.crCo->H.CS.crCo.pICR)->CSW.hCCC(cap/cast)@E-E-nQw
10-11 16:23:58.085  1154  1154 I Layer   : id=938999 Destroyed com.sec.android.RilServiceModeApp/com.sec.android.RilServiceModeApp.ServiceModeApp$_25750#938999
10-11 16:23:58.085  1294  2215 I Telecom : InCallController: Components updated: [ComponentInfo{com.samsung.android.incallui/com.android.incallui.InCallServiceImpl}, ComponentInfo{com.google.android.googlequicksearchbox/com.google.android.libraries.search.assistant.performer.communication.IncomingCallInCallService}]: (...->CS.crCo->H.CS.crCo->H.CS.crCo.pICR)->CSW.hCCC(cap/cast)@E-E-nQw
10-11 16:23:58.085  1294  2215 I Telecom:CallAudioManager: onCallEnteringActiveDialingOrConnecting : size = 1 isAnswered: false
10-11 16:23:58.085  1294  2052 D MotionRecognitionService: Call state check
10-11 16:23:58.086 21545  6791 D Telecom-InCallService: InCallServiceBinder - updateCall: id(TC@1487), state(CONNECTING), [Capabilities: CAPABILITY_SUPPORT_HOLD CAPABILITY_MUTE CAPABILITY_CANNOT_DOWNGRADE_VIDEO_TO_AUDIO]
10-11 16:23:58.086  1294  2052 E MotionRecognitionService: File not found!/sys/class/sensors/proximity_sensor/check_far_state
10-11 16:23:58.086  1294  2052 D MotionRecognitionService: OFFHOOK callStatetrue
10-11 16:23:58.086  1294  2052 E MotionRecognitionService: [EARHOVER_MOTION]  mMotionSensor is null. 
10-11 16:23:58.086 21545  6791 D Telecom-InCallService: InCallServiceBinder - updateCall: id(TC@1487), state(DIALING), [Capabilities: CAPABILITY_SUPPORT_HOLD CAPABILITY_MUTE CAPABILITY_CANNOT_DOWNGRADE_VIDEO_TO_AUDIO]
10-11 16:23:58.086  1123  1495 V APM_AudioPolicyManager: setAudioPolicyConfig: audioParam;l_smart_view_split_sound_enable=false
10-11 16:23:58.087  1123  9487 V APM_AudioPolicyManager: computeVolume: stream 0, index 5, volume 0.398107, deviceTypes 0x1
10-11 16:23:58.087  1123  9487 V APM_AudioPolicyManager: computeVolume: stream 8, index 9, volume 0.398107, deviceTypes 0x1
10-11 16:23:58.088  2260  2260 D BubblesManager: onEntryAdded : bubbleEntryAdded=false
10-11 16:23:58.088  1294  9464 D Telecom-Connection: addVideoCallback - videoCallbackBinder: android.os.BinderProxy@ace00cd
10-11 16:23:58.088  2260  2260 D InterruptionStateProvider:  no Heads up : edgelighting enabled app. 0|com.samsung.android.incallui|1|null|1001
10-11 16:23:58.089  1294  3005 I MediaFocusControl: requestAudioFocus() from uid/pid 1000/1294 AA=USAGE_VOICE_COMMUNICATION/CONTENT_TYPE_SPEECH clientId=AudioFocus_For_Phone_Ring_And_Calls callingPack=com.android.server.telecom req=2 flags=0x4 sdk=0
10-11 16:23:58.089  1294  3005 D MediaFocusControl: requestAudioFocus failed while call
10-11 16:23:58.089  1294  3005 I Telecom:SamsungCallMultiSimAudioParam: setNone : mState = -1
10-11 16:23:58.089  1294  3005 I Telecom:SamsungCallAudioModeStateMachine: shouldControlEngine = false
10-11 16:23:58.089  1294  3005 I Telecom:SamsungAudioModeInCall: enterSimCallFocusState shouldControlEngine =false
10-11 16:23:58.089  1294  3005 I Telecom:SamsungCallAudioParam: CallAudioModeStateMachine : setAudioParam CALL_STATUS_VOLTE_CP_VOICE_CALL_ON
10-11 16:23:58.089 27876 27876 I SCallUI : RcsShareControlExecutorImpl - RcsFlow: connectRcsCapabilityModel, RcsCapabilityModel@0(NONE){OwnCapabilityData@0{isAvailable:false, isUserOffline:false, none }, <EMPTY>, RcsSimData{PhoneId:0, SubscriptionId:1} }
10-11 16:23:58.089  1294  3005 I AudioManager: setParameters keyValuePairs = g_call_state=514
10-11 16:23:58.090 27876 27876 I SCallUI : RcsCapabilityModel@0(NONE) - RcsFlow: startUpdatingRemoteCapabilities, XXX
10-11 16:23:58.090  1123  1495 V APM_AudioPolicyManager: setAudioPolicyConfig: g_call_state=514
10-11 16:23:58.090 27876 27876 I SCallUI : RcsShareControlExecutorImpl - RcsFlow: [RcsShareButton]:onRcsCapabilityChange, RcsCapabilityModel@0(NONE){OwnCapabilityData@0{isAvailable:false, isUserOffline:false, none }, <EMPTY>, RcsSimData{PhoneId:0, SubscriptionId:1} }
10-11 16:23:58.090 27876 27876 I SCallUI : RcsCapabilityModel@0(NONE) - RcsFlow: isEnrichedCallComposerAvailable, isAvailable : false
10-11 16:23:58.090 27876 27876 I SCallUI : RcsCapabilityModel@0(NONE) - RcsFlow: isEnrichedCallComposerAvailable, isAvailable : false
10-11 16:23:58.091 27876 27876 I SCallUI : RcsShareControlExecutorImpl - RcsFlow: [RcsShareButton]:init, RcsCapabilityRepository{RcsCapabilityModel@0(NONE){OwnCapabilityData@0{isAvailable:false, isUserOffline:false, none }, <EMPTY>, RcsSimData{PhoneId:0, SubscriptionId:1} }}, {CallModel_TC@1487{CONNECTING(CONNECTING), AUDIO_ONLY, NONE}, RcsServiceType:NONE, isShareAvailableForCrane:false, canEnable:falseRcsCapabilityModel:RcsCapabilityModel@0(NONE){RcsSimData{PhoneId:0, SubscriptionId:1}, OwnCapabilityData@0{isAvailable:false, isUserOffline:false, none }, null }, null }
10-11 16:23:58.091 21545 21545 D Telecom-InCallService: handleMessage: UPDATE_CALL
10-11 16:23:58.091  1294  1668 I wm_activity_launch_time: [0,131964131,com.samsung.android.incallui/com.android.incallui.call.InCallActivity,170]
10-11 16:23:58.091  2614 17715 I CapabilityQuery<0>: getCapabilities: refreshType DISABLED, lazyQuery: false
10-11 16:23:58.091  1294  1668 I ActivityTaskManager: Displayed com.samsung.android.incallui/com.android.incallui.call.InCallActivity: +170ms
10-11 16:23:58.091  1294  1668 I Pageboost: Launch time gathered : pid 27876 com.samsung.android.incallui 170
10-11 16:23:58.092 27876 27876 I SCallUI : RcsVideoShareControlExecutorImpl - RcsFlow: connectRcsCapabilityModel, RcsCapabilityModel@0(NONE){OwnCapabilityData@0{isAvailable:false, isUserOffline:false, none }, <EMPTY>, RcsSimData{PhoneId:0, SubscriptionId:1} }
10-11 16:23:58.092 27876 27876 I SCallUI : RcsVideoShareControlExecutorImpl - RcsFlow: [RcsVideoShareButton]:onRcsCapabilityChange, RcsCapabilityModel@0(NONE){RcsSimData{PhoneId:0, SubscriptionId:1}, OwnCapabilityData@0{isAvailable:false, isUserOffline:false, none }, null }
10-11 16:23:58.093 27876 27876 I SCallUI : RcsVideoShareControlExecutorImpl - RcsFlow: [RcsVideoShareButton]:init, RcsCapabilityRepository{RcsCapabilityModel@0(NONE){OwnCapabilityData@0{isAvailable:false, isUserOffline:false, none }, <EMPTY>, RcsSimData{PhoneId:0, SubscriptionId:1} }}, {CallModel_TC@1487{CONNECTING(CONNECTING), AUDIO_ONLY, NONE}, RcsServiceType:NONE, canVideoShare:false, canEnable:false, RcsCapabilityModel:RcsCapabilityModel@0(NONE){RcsSimData{PhoneId:0, SubscriptionId:1}, OwnCapabilityData@0{isAvailable:false, isUserOffline:false, none }, null }, null }
10-11 16:23:58.093 27876 27876 I SCallUI : MuteControlExecutorImpl - setMuteButtonLiveData,ButtonData(b3b93e7)@id: MUTE { disabled, unchecked, VISIBLE, command } 
10-11 16:23:58.093 27876 27876 I SCallUI : MakeVoiceButtonGridExecutor - getButtonList(), Dialpad : false, Conference List: false, Landscape : false, MultiWindow : false
10-11 16:23:58.093 27876 27876 I SCallUI : MakeVoiceButtonGridExecutor - updateButtonGrid - skip, [ButtonData(c72b63d)@id: RTT_CHAT { disabled, unchecked, VISIBLE, command } , null, ButtonData(8c5e32)@id: BLUETOOTH { enabled, unchecked, VISIBLE } , null, ButtonData(d238783)@id: MUTE { disabled, unchecked, VISIBLE, command } , ButtonData(dbccd00)@id: DIALPAD_SHOW { enabled, unchecked, VISIBLE } ], {CallModel_TC@1487{CONNECTING(CONNECTING), AUDIO_ONLY, NONE}, record:INVALID, upgrade:INVALID, rcs_visible:false, null, }
10-11 16:23:58.093 27876 27876 I SCallUI : BluetoothControlExecutor - checkAndUpdate getBluetoothName - null
10-11 16:23:58.093 27876 27876 W Settings: Setting all_sound_off has moved from android.provider.Settings.System to android.provider.Settings.Global, returning read-only value.
10-11 16:23:58.094 27876 27876 I SCallUI : MakeVoiceButtonGridExecutor - getButtonList(), Dialpad : false, Conference List: false, Landscape : false, MultiWindow : false
10-11 16:23:58.094 27876 27876 I SCallUI : MakeVoiceButtonGridExecutor - updateButtonGrid - skip, [ButtonData(a4f6ff5)@id: RTT_CHAT { disabled, unchecked, VISIBLE, command } , null, ButtonData(46d818a)@id: BLUETOOTH { enabled, unchecked, VISIBLE } , ButtonData(ad463fb)@id: SPEAKER { enabled, unchecked, VISIBLE, command } , ButtonData(2073c18)@id: MUTE { disabled, unchecked, VISIBLE, command } , ButtonData(3f41671)@id: DIALPAD_SHOW { enabled, unchecked, VISIBLE } ], {CallModel_TC@1487{CONNECTING(CONNECTING), AUDIO_ONLY, NONE}, record:INVALID, upgrade:INVALID, rcs_visible:false, null, }
10-11 16:23:58.094 27876 27876 I SCallUI : BlockNumberExecutorImpl -  hideButton 
10-11 16:23:58.095 27876 27876 I SCallUI : AccountRepository - - phoneId(cached): 0, phoneAccountHandle: XXX
10-11 16:23:58.095 21545 21545 D Telecom-Call: internalUpdate - stateChanged: false, detailsChanged: false, videoCallChanged: false, isRttChanged: false, rttModeChanged: false, cannedTextResChanged: false, parentChanged: false, childrenChanged: false, activeChildChanged: false
10-11 16:23:58.096  1123  9487 V APM_AudioPolicyManager: computeVolume: stream 0, index 5, volume 0.398107, deviceTypes 0x1
10-11 16:23:58.096  1123  9487 V APM_AudioPolicyManager: computeVolume: stream 8, index 9, volume 0.398107, deviceTypes 0x1
10-11 16:23:58.097 21545 21545 D Telecom-InCallService: handleMessage: UPDATE_CALL
10-11 16:23:58.097 27876 27876 I SCallUI : TakeNoteExecutorImpl - checkAndUpdate:buttonData: ButtonData(a2a2c56)@id: INVALID { enabled, unchecked, VISIBLE, command } 
10-11 16:23:58.097   961  1955 V sec_audio_hw: sec_dev_set_parameters : g_call_state=514
10-11 16:23:58.097  2614 17715 I CapabilityQuery<0>: needCapabilityRefresh: false, capex is Capabilities [mId=4, mUri=xxxxx, mContactId=null, mNumber=17, mIsAvailable=false, mFeatures=1000000, mAvailableFeatures=1000000, mSupportPresence=false, mIsLegacyLatching=false, mPhoneId=0, mBotServiceId=xxxxx, mTimestamp=Wed May 24 14:56:44 EDT 2023], mAvailableFeatures=[null], mFeatures=[null], mLastSeen=-1, mExtFeatures=[]]
10-11 16:23:58.097   961  1955 D audio_hw_primary: adev_set_parameters: enter: g_call_state=514
10-11 16:23:58.097   961  1955 I audio_hw_sec: CallState val=0x202 
10-11 16:23:58.097   961  1955 V audio_hw_sec: sec_set_parameters: enter: 
10-11 16:23:58.098  3243  3243 E pageboostd: Received HALT command code 2
10-11 16:23:58.099 21545 21545 D Telecom-Call: internalUpdate - stateChanged: true, detailsChanged: true, videoCallChanged: false, isRttChanged: false, rttModeChanged: false, cannedTextResChanged: false, parentChanged: false, childrenChanged: false, activeChildChanged: false
10-11 16:23:58.099 27876 31287 I SCallUI : RcsCapabilityModel@0(NONE) - RcsFlow: getRemoteCapabilitiesInternal, Capabilities [mId=4, mUri=xxxxx, mContactId=null, mNumber=17, mIsAvailable=false, mFeatures=1000000, mAvailableFeatures=1000000, mSupportPresence=false, mIsLegacyLatching=false, mPhoneId=0, mBotServiceId=xxxxx, mTimestamp=Wed May 24 14:56:44 EDT 2023], mAvailableFeatures=[null], mFeatures=[null], mLastSeen=-1, mExtFeatures=[]]
10-11 16:23:58.099 27876 27947 I SCallUI : ContactRepository - query: onComplete, cursor is empty, uri: XXX, timeMillis:48
10-11 16:23:58.100  1154  1210 I SurfaceFlinger: id=938995 Removed 3c6fd2a ActivityRecordInputSink com.sec.android.RilServiceModeApp/.ServiceModeApp#938995 (115)
10-11 16:23:58.100  1123  9487 V APM_AudioPolicyManager: computeVolume: stream 0, index 5, volume 0.398107, deviceTypes 0x1
10-11 16:23:58.100  1123  9487 V APM_AudioPolicyManager: computeVolume: stream 8, index 9, volume 0.398107, deviceTypes 0x1
10-11 16:23:58.100  1294  4361 I wm_task_removed: [34843,removeChild:removeChild last r=ActivityRecord{92fc1f6 u0 com.sec.android.RilServiceModeApp/.ServiceModeApp} t-1 f}} in t=Task{2f5ad0b #34843 type=standard A=1000:com.sec.android.RilServiceModeApp U=0 visible=false visibleRequested=false mode=fullscreen translucent=true sz=0},1]
10-11 16:23:58.100  1294  4361 I wm_task_removed: [34843,removeChild,1]
10-11 16:23:58.100  1154  1210 I SurfaceFlinger: id=939029 createSurf, flag=24004, Task=34843#939029
10-11 16:23:58.100 27876 27947 I SCallUI : ContactRepository - putIntoCache : []
10-11 16:23:58.100  1294  3005 I Telecom:SamsungCallAudioModeStateMachine: isAutoAnsweringModeOn: false
10-11 16:23:58.101  1294  3005 V AS.AudioService: setMode(mode=2, pid=1294, uid=1000, caller=com.android.server.telecom)
10-11 16:23:58.101  1294  3005 V AS.AudioService: setMode(2) updating hldr for pid: 1294
10-11 16:23:58.101 27876 27876 I SCallUI : RcsCraneAddReasonExecutorImpl - RcsFlow: connectRcsCapabilityModel, RcsCapabilityModel@0(NONE){OwnCapabilityData@0{isAvailable:false, isUserOffline:false, none }, <EMPTY>, RcsSimData{PhoneId:0, SubscriptionId:1} }
10-11 16:23:58.102 27876 27876 I SCallUI : RcsCraneAddReasonExecutorImpl - onRcsCapabilityChange, RcsCapabilityModel@0(NONE){OwnCapabilityData@0{isAvailable:false, isUserOffline:false, none }, <EMPTY>, RcsSimData{PhoneId:0, SubscriptionId:1} }
10-11 16:23:58.102  1294  3005 I Telecom:SamsungCallAudioModeStateMachine: unMarkShouldControlEngine
