12-14 03:46:43.497  1564  1943 D ConnectivityService: NetReassign [7296 : null ? 100] [c 0] [a 0] [i 8]
12-14 03:46:43.498 30410 30438 I DialerDrawableConverter: com.android.dialer.util.DrawableConverter.drawableToBitmap:64 created bitmap with width: 168, height: 168
12-14 03:46:43.498  1564  1692 D ActivityManager: sync unfroze 20404 com.google.android.settings.intelligence for 3
12-14 03:46:43.499 30410 30438 I DialerStatusBarNotifier: com.android.dialer.incall.statusbarnotification.ui.StatusBarNotifier.lambda$updateModelAndNotification$1:438 Received new model for Call: DialerCall_0 - time to retrieve: 142
12-14 03:46:43.499 30410 30469 I DialerInCallLoggingImpl: com.android.dialer.incall.logging.impl.InCallLoggingImpl.addImpressionInternal:69 InCall-Impression: STATUS_BAR_NOTIFICATION_MODEL_PRODUCED, CallId: DialerCall_0
12-14 03:46:43.499 30410 30438 I DialerStatusBarNotifier: com.android.dialer.incall.statusbarnotification.ui.StatusBarNotifier.applyCallStyle:618 Skipping 'CallStyle' application because no call style params are present.
12-14 03:46:43.499  1564  1692 D ActivityManager: sync unfroze 29389 com.google.android.apps.wellbeing for 3
12-14 03:46:43.500 30410 30438 I DialerStatusBarNotifier: com.android.dialer.incall.statusbarnotification.ui.StatusBarNotifier.startNotification:657 notification updated: Notification(channel=phone_ongoing_call shortcut=null contentView=null vibrate=null sound=null defaults=0x0 flags=0xa color=0xff484459 category=call vis=PRIVATE publicVersion=Notification(channel=null shortcut=null contentView=null vibrate=null sound=null defaults=0x0 flags=0x0 color=0xff484459 vis=PRIVATE))
12-14 03:46:43.500 30410 30438 I DialerStatusBarNotificationController: com.android.dialer.incall.statusbarnotification.service.StatusBarNotificationController.onNotificationModelShown:137 Notification model shown: DEFAULT
12-14 03:46:43.500 30410 30468 I DialerInCallLoggingImpl: com.android.dialer.incall.logging.impl.InCallLoggingImpl.addImpressionInternal:69 InCall-Impression: STATUS_BAR_NOTIFICATION_SHOWED, CallId: DialerCall_0
12-14 03:46:43.500 30410 30468 I DialerInCallLoggingImpl: com.android.dialer.incall.logging.impl.InCallLoggingImpl.addImpressionInternal:69 InCall-Impression: DEFAULT_NOTIFICATION_SHOWED, CallId: DialerCall_0
12-14 03:46:43.500 30410 30468 I Dialerekt: com.android.dialer.cui.impl.InternalSemanticEventLoggerImpl.handleEvent:112 CUI event: INCOMING_CALL_NOTIFICATION_REQUESTED; uniqueCallId: 5c4d416b-a5a0-4c59-be4a-bfe94d45e863
12-14 03:46:43.500 30410 30467 I DialerInCallLoggingImpl: com.android.dialer.incall.logging.impl.InCallLoggingImpl.addImpressionInternal:69 InCall-Impression: CUI_INFRA_CUI_EVENT_LOGGED, CallId: DialerCall_0
12-14 03:46:43.501  1564  1692 D ActivityManager: sync unfroze 15360 com.android.settings for 3
12-14 03:46:43.502 30410 30469 I DialerXatuSupportedNumbers: com.android.dialer.xatu.impl.service.XatuSupportedNumbers.lambda$checkAndCacheEligibility$6:173 returning eligible: false, source: 1000 for **********
12-14 03:46:43.502 30410 30469 I DialerAtlasCallMetricsLogger: com.android.incallui.atlas.logger.AtlasCallMetricsLogger.logEnrollmentStatus:121 hold for me enrollment status:0
12-14 03:46:43.502 30410 30438 I DialerXatuPreconditions: com.android.dialer.xatu.impl.service.XatuPreconditions.lambda$arePreconditionsSatisfied$0:127 enrollment status unknown
12-14 03:46:43.502 30410 30472 I DialerAtlasCallMetricsLogger: com.android.incallui.atlas.logger.AtlasCallMetricsLogger.logEnrollmentStatus:121 hold for me enrollment status:0
12-14 03:46:43.502 30410 30438 I DialerXatuPreconditions: com.android.dialer.xatu.impl.service.XatuPreconditions.lambda$arePreconditionsSatisfied$0:137 pipeline is not ready for [DialerCall_0]
12-14 03:46:43.502 30410 30438 I DialerXatuPreconditions: com.android.dialer.xatu.impl.service.XatuPreconditions.lambda$arePreconditionsSatisfied$0:143 unsupported number for [DialerCall_0], reason: 1000
12-14 03:46:43.502 30410 30472 I DialerAtlasCallMetricsLogger: com.android.incallui.atlas.logger.AtlasCallMetricsLogger.logEnrollmentStatus:121 hold for me enrollment status:0
12-14 03:46:43.502 30410 30469 I DialerAtlasCallMetricsLogger: com.android.incallui.atlas.logger.AtlasCallMetricsLogger.logEnrollmentStatus:121 hold for me enrollment status:0
12-14 03:46:43.502 30410 30467 I DialerInCallUpdatePropagatorImpl: com.android.dialer.incall.core.dataservice.impl.InCallUpdatePropagatorImpl$1.onSuccess:79 IN_CALL_UPDATE_MONITORING: fire update in the ui thread
12-14 03:46:43.502 30410 30467 I DialerInCallProductionComponentAuthorityImpl: com.android.dialer.incall.core.dataservice.impl.InCallProductionComponentAuthorityImpl.postNewPrimaryCallGraph:60 IN_CALL_UPDATE_MONITORING: start building new call graph
12-14 03:46:43.503 30410 30469 I DialerInCallProximityController: com.android.dialer.incall.proximitysensor.impl.incall.InCallProximityController.turnOnProximitySensor:107 acquiring wake lock
12-14 03:46:43.504 30410 30467 I DialerTiktokDataServiceInCallUpdateListener: com.android.dialer.incall.core.dataservice.impl.TiktokDataServiceInCallUpdateListener.onCallGraphUpdated:30 IN_CALL_UPDATE_MONITORING: enter
12-14 03:46:43.505 30410 30469 I DialerInCallLoggingImpl: com.android.dialer.incall.logging.impl.InCallLoggingImpl.addImpressionInternal:69 InCall-Impression: IN_CALL_PROXIMITY_SENSOR_TURNED_ON, CallId: DialerCall_0
12-14 03:46:43.505 30410 30471 I DialerAccelerometerTracker: com.android.dialer.incall.proximitysensor.impl.incall.AccelerometerTracker.lambda$enable$0:135 sensorEventListener already enabled.
12-14 03:46:43.505 30410 30471 I DialerAtlasBusinessFinderImpl: com.android.incallui.atlas.ui.impl.businessfinder.AtlasBusinessFinderImpl.findBusinessMatchingPhoneNumber:214 finding business in cache
12-14 03:46:43.506 30410 30471 I DialerAtlasBusinessFinderImpl: com.android.incallui.atlas.ui.impl.businessfinder.AtlasBusinessFinderImpl.findBusinessMatchingPhoneNumber:216 result found in cache
12-14 03:46:43.506   932  1584 D usf_sensor_hal: proximity: Enter Batch. period = 200000000, latency = 0.
12-14 03:46:43.506  1564  1811 D CompatibilityChangeReporter: Compat change id reported: 170668199; UID 10162; state: ENABLED
12-14 03:46:43.506 30410 30436 W DialerLegacyHoldForMeMddResourcesImpl: com.android.incallui.atlas.ui.impl.mddresources.impl.LegacyHoldForMeMddResourcesImpl.lambda$getDownloadedZipFileUri$3:128 No model has been downloaded yet. [CONTEXT enable_persistent_logger=true ]
12-14 03:46:43.506  1564  1811 D CompatibilityChangeReporter: Compat change id reported: 170668199; UID 1000; state: ENABLED
12-14 03:46:43.506  1564  1811 D CompatibilityChangeReporter: Compat change id reported: 170668199; UID 1000; state: DISABLED
12-14 03:46:43.506   932  1584 D usf_sensor_hal: proximity: Enter Activate. Enable = 1.
12-14 03:46:43.506  1564  1811 I ActivityManager: Background started FGS: Allowed [callingPackage: com.google.android.dialer; callingUid: 10162; uidState: TOP ; uidBFSL: [BFSL]; intent: Intent { act=android.telecom.InCallService cmp=com.google.android.dialer/com.android.incallui.InCallServiceImpl }; code:PROC_STATE_TOP; tempAllowListReason:<null>; targetSdkVersion:34; callerTargetSdkVersion:34; startForegroundCount:0; bindFromPackage:null: isBindService:false]
12-14 03:46:43.507  1564  1811 I am_foreground_service_start: [0,com.google.android.dialer/com.android.incallui.InCallServiceImpl,1,PROC_STATE_PERSISTENT,34,34,0,0,0,1,UNKNOWN,132]
12-14 03:46:43.507  1143  1143 D AOC     : A3:MSG: usf_sensor.cc, 1545: USF: Received start sampling request for TMD3719 Proximity (active:1).
12-14 03:46:43.507 30410 30438 I DialerAtlasCallMetricsLogger: com.android.incallui.atlas.logger.AtlasCallMetricsLogger.logEnrollmentStatus:121 hold for me enrollment status:0
12-14 03:46:43.507 30410 30438 I DialerStatusBarNotifier: com.android.dialer.incall.statusbarnotification.ui.StatusBarNotifier$1.onSuccess:254 Update finished successfully. updateInProgress set to false
12-14 03:46:43.507 30410 30438 I DialerStatusBarNotifier: com.android.dialer.incall.statusbarnotification.ui.StatusBarNotifier.onCallGraphUpdated:226 updateInProgress: false
12-14 03:46:43.508  1564  1564 I notification_enqueue: [10162,30410,com.google.android.dialer,1,NULL,0,Notification(channel=phone_ongoing_call shortcut=null contentView=null vibrate=null sound=null defaults=0x0 flags=0x4a color=0xff484459 category=call vis=PRIVATE publicVersion=Notification(channel=null shortcut=null contentView=null vibrate=null sound=null defaults=0x0 flags=0x0 color=0xff484459 vis=PRIVATE)),0]
12-14 03:46:43.508 30410 30438 I DialerStatusBarNotifier: com.android.dialer.incall.statusbarnotification.ui.StatusBarNotifier.getModel:475 PrimaryCallGraph present: true; model already present: true
12-14 03:46:43.509 30410 30473 I DialerPhoneLookupInfoConsolidator: com.android.dialer.phonelookup.consolidator.PhoneLookupInfoConsolidator.getGeolocation:386 nameSource: NONE
12-14 03:46:43.509 30410 30410 I Dialerfqu: com.android.dialer.errors.dataservice.SubscriptionMixinCallbacksFactory$createLocalSubscriptionCallbacks$1.onLoaded:40 LocalSubscriptionCallbacks onLoaded called for Optional[VoiceModel{callId=DialerCall_0, outgoingCallRequestId=Optional.empty, modelType=PRODUCED, contactGridDataModel=LegacyContactGridModel{callId=DialerCall_0, outgoingCallRequestId=Optional.empty, avatar=Avatar{photoInfo=# fvh@841bcb2}, topRow=TopRow{label=Optional[Calling], singleLine=true, validatedIconVisible=false, validationIconResId=Optional.empty}, middleRow=MiddleRow{label=Optional[?(469) 863-6372?]}, bottomRow=BottomRow{label=Optional[Texas], timeVisible=false, workIconVisible=false, forwardedIconVisible=false, spamIconVisible=false, shouldPopulateAccessibilityEvent=true, callStartTime=0}, colorScheme=DEFAULT, deviceNumberRow=DeviceNumberRow{label=Optional.empty}, nameAmbiguous=false, icons=[], callState=CONNECTING, labelForConnecting=Calling}, fixedVoiceButtonsList=[# hrt@a300a8c5, # hrt@6fc73f4a, # hrt@e8d0689c, # hrt@dc79a8ff], buttonsList=[], shouldShowButtonRow=true, contactGridModeOneColumnLayout=2, contactGridModeTwoColumnLayout=2, shouldShowDialpad=false, shouldShowAudioRouteSelector=false, shouldShowButtonDrawer=false, shouldShowBottomSheetFragment=false, shouldShowBluetoothPermissionsPrompt=false, callAudioDevicesList=[CallAudioDevice{audioRoute=ROUTE_SPEAKER, bluetoothDevice=Optional.empty, name=Optional[Speaker], selected=Optional[false]}, CallAudioDevice{audioRoute=ROUTE_EARPIECE, bluetoothDevice=Optional.empty, name=Optional[Phone], selected=Optional[true]}], centerFragmentKey=Optional.empty, bottomRowFragmentKey=Optional.empty, bottomSheetFragmentKey=Optional.empty, dialogFragmentKey=Optional.empty, snackbarKey=Optional.empty, shouldEnableEndCallButton=true, shownAsFallbackFragment=false}]
12-14 03:46:43.509 30410 30473 I DialerPhoneNumberGeoLocatorImpl: com.android.dialer.phonenumbergeolocator.impl.PhoneNumberGeoLocatorImpl.getGeoDescription:54 number: **********
12-14 03:46:43.509 30410 30473 I DialerPhoneNumberGeoLocatorImpl: com.android.dialer.phonenumbergeolocator.impl.PhoneNumberGeoLocatorImpl.getGeoDescription:55 countryIso: Redacted-2-chars
12-14 03:46:43.509 30410 30467 I DialerDialerBubbleController: com.android.dialer.incall.bubble.dialerbubble.DialerBubbleController.onCallGraphUpdated:79 IN_CALL_UPDATE_MONITORING: enter
12-14 03:46:43.509 30410 30467 I DialerStatusBarNotifier: com.android.dialer.incall.statusbarnotification.ui.StatusBarNotifier.onCallGraphUpdated:226 updateInProgress: true
12-14 03:46:43.509 30410 30467 I DialerStatusBarNotifier: com.android.dialer.incall.statusbarnotification.ui.StatusBarNotifier.onCallGraphUpdated:230 Setting updatedQueued to true
12-14 03:46:43.509 30410 30468 I DialerInCallLoggingImpl: com.android.dialer.incall.logging.impl.InCallLoggingImpl.addImpressionInternal:69 InCall-Impression: FIRST_PRODUCED_MODEL_FOR_VOICE_SCREEN_SHOWN, CallId: DialerCall_0
12-14 03:46:43.509 30410 30473 I DialerPhoneNumberGeoLocatorImpl: com.android.dialer.phonenumbergeolocator.impl.PhoneNumberGeoLocatorImpl.getGeoDescription:70 parsedPhoneNumber is null: false
12-14 03:46:43.509 30410 30410 I DialerVoiceFragmentPeer: com.android.dialer.incall.voice.ui.VoiceFragmentPeer.updateAndShowButtonRow:1052 enter
12-14 03:46:43.509 30410 30468 I DialerInCallLoggingImpl: com.android.dialer.incall.logging.impl.InCallLoggingImpl.addImpressionInternal:69 InCall-Impression: BOUNCE_VOICE_SCREEN_SHOWN, CallId: DialerCall_0
12-14 03:46:43.510  1143  1143 D AOC     : A3:MSG: tmd3719_sensor.cc, 327: USF: TMD3719: Report new active state:1
12-14 03:46:43.510 30410 30410 I DialerVoiceFragmentPeer: com.android.dialer.incall.voice.ui.VoiceFragmentPeer.emitCuiEventOnButtonUpdate:1819 enter
12-14 03:46:43.510 30410 30469 I DialerInCallLoggingImpl: com.android.dialer.incall.logging.impl.InCallLoggingImpl.addImpressionInternal:69 InCall-Impression: REGULAR_SIZE_BUTTON_ROW, CallId: DialerCall_0
12-14 03:46:43.510 30410 30467 I DialerGamingModeSupportImpl: com.android.dialer.gamingmodesupport.impl.GamingModeSupportImpl.isGamingModeOn:61 gaming mode off
12-14 03:46:43.510 30410 30467 I DialerCallStatusTextGenerator: com.android.dialer.incall.statusbarnotification.basiccontent.CallStatusTextGenerator.getCallStatusTextFromResources:171 Notification call status text: Ongoing call
12-14 03:46:43.510 30410 30469 I DialerCallStatusTextGenerator: com.android.dialer.incall.statusbarnotification.basiccontent.CallStatusTextGenerator.getCallStatusTextFromResources:171 Notification call status text: Ongoing call
12-14 03:46:43.512 30410 30472 I DialerPhoneLookupInfoConsolidator: com.android.dialer.phonelookup.consolidator.PhoneLookupInfoConsolidator.getName:204 nameSource: NONE
12-14 03:46:43.512 30410 30472 I DialerDrawableConverter: com.android.dialer.util.DrawableConverter.drawableToBitmap:64 created bitmap with width: 168, height: 168
12-14 03:46:43.513   932   979 I usf_sensor_hal: Received REPORT_SENSOR_ACTIVE_STATE_CHANGES event from 'TMD3719 Proximity' with new state:kActive!
12-14 03:46:43.513 30410 30472 I DialerStatusBarNotifier: com.android.dialer.incall.statusbarnotification.ui.StatusBarNotifier.lambda$updateModelAndNotification$1:438 Received new model for Call: DialerCall_0 - time to retrieve: 5
12-14 03:46:43.514 30410 30472 I DialerStatusBarNotifier: com.android.dialer.incall.statusbarnotification.ui.StatusBarNotifier.lambda$updateModelAndNotification$1:448 model unchanged, so no updates for now
12-14 03:46:43.514 30410 30472 I DialerStatusBarNotifier: com.android.dialer.incall.statusbarnotification.ui.StatusBarNotifier$1.onSuccess:254 Update finished successfully. updateInProgress set to false
12-14 03:46:43.514 30410 30472 I DialerStatusBarNotifier: com.android.dialer.incall.statusbarnotification.ui.StatusBarNotifier.onCallGraphUpdated:226 updateInProgress: false
12-14 03:46:43.514 30410 30472 I DialerStatusBarNotifier: com.android.dialer.incall.statusbarnotification.ui.StatusBarNotifier.getModel:475 PrimaryCallGraph present: true; model already present: true
12-14 03:46:43.514 30410 30472 I DialerStatusBarNotifier: com.android.dialer.incall.statusbarnotification.ui.StatusBarNotifier.lambda$updateModelAndNotification$1:438 Received new model for Call: DialerCall_0 - time to retrieve: 0
12-14 03:46:43.514 30410 30472 I DialerStatusBarNotifier: com.android.dialer.incall.statusbarnotification.ui.StatusBarNotifier.lambda$updateModelAndNotification$1:448 model unchanged, so no updates for now
12-14 03:46:43.514 30410 30472 I DialerStatusBarNotifier: com.android.dialer.incall.statusbarnotification.ui.StatusBarNotifier$1.onSuccess:254 Update finished successfully. updateInProgress set to false
12-14 03:46:43.515   605   692 D hwc-display: setMinIdleRefreshRate requester 0, fps 60
12-14 03:46:43.515   605   692 I hwc-display: ExynosPrimaryDisplay::setMinIdleRefreshRate() writes min_vrefresh(60) to the sysfs node
12-14 03:46:43.515   605   692 I hwc-display: setRefreshRateThrottleNanos() requester(0) set delay to 1000000000ns
12-14 03:46:43.515 30410 30471 I DialerAccelerometerTracker: com.android.dialer.incall.proximitysensor.impl.incall.AccelerometerTracker.lambda$enable$0:135 sensorEventListener already enabled.
12-14 03:46:43.515   605   692 I hwc-display: setDisplayIdleDelayNanos() writes idle_delay_ms(1000) to the sysfs node (0x0)
12-14 03:46:43.515  1564  1870 I am_unfreeze: [20404,com.google.android.settings.intelligence,3]
12-14 03:46:43.516  1564  1870 I am_unfreeze: [29389,com.google.android.apps.wellbeing,3]
12-14 03:46:43.516 30410 30471 I DialerAccelerometerTracker: com.android.dialer.incall.proximitysensor.impl.incall.AccelerometerTracker.lambda$enable$0:135 sensorEventListener already enabled.
12-14 03:46:43.516  1564  1870 I am_unfreeze: [15360,com.android.settings,3]
12-14 03:46:43.516 30410 30471 I DialerAccelerometerTracker: com.android.dialer.incall.proximitysensor.impl.incall.AccelerometerTracker.lambda$enable$0:135 sensorEventListener already enabled.
12-14 03:46:43.516 30410 30471 I DialerAccelerometerTracker: com.android.dialer.incall.proximitysensor.impl.incall.AccelerometerTracker.lambda$enable$0:135 sensorEventListener already enabled.
12-14 03:46:43.517 30410 30410 I DialerContactGridSubscriber: com.android.dialer.incall.contactgrid.ContactGridSubscriber.lambda$updateTopRow$9:421 No top row label to show. Making it invisible
12-14 03:46:43.518 30410 30410 I DialerContactGridSubscriber: com.android.dialer.incall.contactgrid.ContactGridSubscriber.lambda$updateBottomRow$45:900 updating to 0 icons with color scheme: UNKNOWN
12-14 03:46:43.518 30410 30410 I DialerContactGridSubscriber: com.android.dialer.incall.contactgrid.ContactGridSubscriber.attemptEmittingFirstContactDisplayedEvent:573 No middle row text to show
12-14 03:46:43.519 30410 30410 I Dialerekt: com.android.dialer.cui.impl.InternalSemanticEventLoggerImpl.handleEvent:112 CUI event: IN_CALL_CALLING_TEXT_SHOWN; uniqueCallId: 5c4d416b-a5a0-4c59-be4a-bfe94d45e863
12-14 03:46:43.519 30410 30471 I DialerInCallLoggingImpl: com.android.dialer.incall.logging.impl.InCallLoggingImpl.addImpressionInternal:69 InCall-Impression: CONTACT_GRID_TOP_ROW_SHOWN, CallId: DialerCall_0
12-14 03:46:43.519 30410 30410 I Dialerelk: com.android.dialer.cuilogging.metadata.PhoneAndroidCuiMetadataFactory.create:36 positiveTraceId: 3495584724497970135
12-14 03:46:43.519 30410 30410 I Dialerelk: com.android.dialer.cuilogging.metadata.PhoneAndroidCuiMetadataFactory.create:43 sessionId: 74b0b53a-c50c-4856-8027-96ba22b00cfe
12-14 03:46:43.520 30410 30410 I DialerContactGridSubscriber: com.android.dialer.incall.contactgrid.ContactGridSubscriber.attemptEmittingFirstContactDisplayedEvent:582 Waiting middle row to draw to log the information was shown
12-14 03:46:43.520 30410 30410 I DialerContactGridSubscriber: com.android.dialer.incall.contactgrid.ContactGridSubscriber.lambda$updateBottomRow$45:900 updating to 0 icons with color scheme: DEFAULT
12-14 03:46:43.521 30410 30410 I Dialerekt: com.android.dialer.cui.impl.InternalSemanticEventLoggerImpl.handleEvent:112 CUI event: BOUNCE_VOICE_FRAGMENT_DATA_LOADED; uniqueCallId: 5c4d416b-a5a0-4c59-be4a-bfe94d45e863
12-14 03:46:43.521 30410 30468 I DialerInCallLoggingImpl: com.android.dialer.incall.logging.impl.InCallLoggingImpl.addImpressionInternal:69 InCall-Impression: CONTACT_GRID_MIDDLE_ROW_SHOWN, CallId: DialerCall_0
12-14 03:46:43.521 30410 30472 I DialerInCallUpdatePropagatorImpl: com.android.dialer.incall.core.dataservice.impl.InCallUpdatePropagatorImpl$1.onSuccess:79 IN_CALL_UPDATE_MONITORING: fire update in the ui thread
12-14 03:46:43.521 30410 30410 I DialerDialerBubbleController: com.android.dialer.incall.bubble.dialerbubble.DialerBubbleController.lambda$onCallGraphUpdated$1:90 IN_CALL_UPDATE_MONITORING: fire update in the ui thread
12-14 03:46:43.521 30410 30469 D CompatibilityChangeReporter: Compat change id reported: 183155436; UID 10162; state: ENABLED
12-14 03:46:43.521 30410 30468 I DialerInCallLoggingImpl: com.android.dialer.incall.logging.impl.InCallLoggingImpl.addImpressionInternal:69 InCall-Impression: CONTACT_GRID_BOTTOM_ROW_SHOWN, CallId: DialerCall_0
12-14 03:46:43.521 30410 30472 I DialerInCallProductionComponentAuthorityImpl: com.android.dialer.incall.core.dataservice.impl.InCallProductionComponentAuthorityImpl.postNewPrimaryCallGraph:60 IN_CALL_UPDATE_MONITORING: start building new call graph
12-14 03:46:43.521 30410 30469 I DialerCnapPhoneLookupContributor: com.android.dialer.phonelookup.cnap.CnapPhoneLookupContributor.lookup:72 callerDisplayName: null
12-14 03:46:43.521 30410 30469 I DialerCompositeSpam: com.android.dialer.spam.composite.CompositeSpam.checkSpamStatus:291 enter
12-14 03:46:43.521 30410 30438 I DialerPrivate: com.android.dialer.incall.bubble.service.BubbleModelProducerModule.produceIsBubbleFeatureEnabledForCall:335 Not showing bubble in Android S+.
12-14 03:46:43.521 30410 30468 I DialerDrawableConverter: com.android.dialer.util.DrawableConverter.drawableToBitmap:64 created bitmap with width: 147, height: 147
12-14 03:46:43.522 30410 30469 I DialerCompositeSpam: com.android.dialer.spam.composite.CompositeSpam.checkSpamStatusInAppCatchingAll:391 querying inAppSpam
12-14 03:46:43.522 30410 30469 I DialerCompositeSpam: com.android.dialer.spam.composite.CompositeSpam.checkSpamStatusStirShakenCatchingAll:410 querying stirShakenSpam
12-14 03:46:43.522 30410 30469 I DialerStirShakenSpam: com.android.dialer.spam.stirshaken.StirShakenSpam.getSpamStatus:138 number: **********
12-14 03:46:43.522 30410 30469 I DialerStirShakenSpam: com.android.dialer.spam.stirshaken.StirShakenSpam.fromVerificationStatus:380 Stir/Shaken status from verification status: 0
12-14 03:46:43.522 30410 30469 I DialerLogcatLoggingBindings: com.android.dialer.logging.logcat.LogcatLoggingBindings.logImpression:51 Impression: STIR_SHAKEN_FROM_VERIFICATION_STATUS
12-14 03:46:43.522 30410 30469 I DialerLegacyCountryDetector: com.android.dialer.location.LegacyCountryDetector.getCurrentCountryIso:99 returning Redacted-2-chars
12-14 03:46:43.522 30410 30472 I DialerTiktokDataServiceInCallUpdateListener: com.android.dialer.incall.core.dataservice.impl.TiktokDataServiceInCallUpdateListener.onCallGraphUpdated:30 IN_CALL_UPDATE_MONITORING: enter
12-14 03:46:43.522 30410 30472 I DialerDialerBubbleController: com.android.dialer.incall.bubble.dialerbubble.DialerBubbleController.onCallGraphUpdated:79 IN_CALL_UPDATE_MONITORING: enter
12-14 03:46:43.523 30410 30470 I DialerLegacyCountryDetector: com.android.dialer.location.LegacyCountryDetector.getCurrentCountryIso:99 returning Redacted-2-chars
12-14 03:46:43.523 30410 30470 I DialerDialerPhoneNumberUtil: com.android.dialer.phonenumberproto.DialerPhoneNumberUtil.parse:96 country ISO set to default region
12-14 03:46:43.523 30410 30472 I DialerStatusBarNotifier: com.android.dialer.incall.statusbarnotification.ui.StatusBarNotifier.onCallGraphUpdated:226 updateInProgress: false
12-14 03:46:43.523 30410 30472 I DialerStatusBarNotifier: com.android.dialer.incall.statusbarnotification.ui.StatusBarNotifier.getModel:475 PrimaryCallGraph present: true; model already present: true
12-14 03:46:43.523 30410 30470 I DialerDialerPhoneNumberUtil: com.android.dialer.phonenumberproto.DialerPhoneNumberUtil.parse:142 normalized number is set to valid number
12-14 03:46:43.523 30410 30468 I DialerAtlasBusinessFinderImpl: com.android.incallui.atlas.ui.impl.businessfinder.AtlasBusinessFinderImpl.findBusinessMatchingPhoneNumber:214 finding business in cache
12-14 03:46:43.523 30410 30468 I DialerAtlasBusinessFinderImpl: com.android.incallui.atlas.ui.impl.businessfinder.AtlasBusinessFinderImpl.findBusinessMatchingPhoneNumber:216 result found in cache
12-14 03:46:43.524 30410 30471 I DialerPhoneLookupInfoConsolidator: com.android.dialer.phonelookup.consolidator.PhoneLookupInfoConsolidator.getName:204 nameSource: NONE
12-14 03:46:43.524 30410 30469 I DialerGamingModeSupportImpl: com.android.dialer.gamingmodesupport.impl.GamingModeSupportImpl.isGamingModeOn:61 gaming mode off
12-14 03:46:43.524 30410 30469 I DialerCallStatusTextGenerator: com.android.dialer.incall.statusbarnotification.basiccontent.CallStatusTextGenerator.getCallStatusTextFromResources:171 Notification call status text: Ongoing call
12-14 03:46:43.524 30410 30438 I DialerCallStatusTextGenerator: com.android.dialer.incall.statusbarnotification.basiccontent.CallStatusTextGenerator.getCallStatusTextFromResources:171 Notification call status text: Ongoing call
12-14 03:46:43.525 30410 30470 I DialerLegacyCountryDetector: com.android.dialer.location.LegacyCountryDetector.getCurrentCountryIso:99 returning Redacted-2-chars
12-14 03:46:43.525 30410 30470 I DialerDialerPhoneNumberUtil: com.android.dialer.phonenumberproto.DialerPhoneNumberUtil.parse:96 country ISO set to default region
12-14 03:46:43.525 30410 30470 I DialerDialerPhoneNumberUtil: com.android.dialer.phonenumberproto.DialerPhoneNumberUtil.parse:142 normalized number is set to valid number
12-14 03:46:43.525 30410 30471 I DialerDrawableConverter: com.android.dialer.util.DrawableConverter.drawableToBitmap:64 created bitmap with width: 168, height: 168
12-14 03:46:43.525 30410 30450 I DialerLegacyCountryDetector: com.android.dialer.location.LegacyCountryDetector.getCurrentCountryIso:99 returning Redacted-2-chars
12-14 03:46:43.526 30410 30450 I DialerDialerPhoneNumberUtil: com.android.dialer.phonenumberproto.DialerPhoneNumberUtil.parse:96 country ISO set to default region
12-14 03:46:43.526 30410 30450 I DialerDialerPhoneNumberUtil: com.android.dialer.phonenumberproto.DialerPhoneNumberUtil.parse:142 normalized number is set to valid number
12-14 03:46:43.526 30410 30450 I DialerStirShakenSpam: com.android.dialer.spam.stirshaken.StirShakenSpam.lambda$storeResults$2:238 storing result
12-14 03:46:43.526 30410 30470 I DialerLegacyCountryDetector: com.android.dialer.location.LegacyCountryDetector.getCurrentCountryIso:99 returning Redacted-2-chars
12-14 03:46:43.526 30410 30470 I DialerDialerPhoneNumberUtil: com.android.dialer.phonenumberproto.DialerPhoneNumberUtil.parse:96 country ISO set to default region
12-14 03:46:43.527 30410 30470 I DialerDialerPhoneNumberUtil: com.android.dialer.phonenumberproto.DialerPhoneNumberUtil.parse:142 normalized number is set to valid number
12-14 03:46:43.527 30410 30436 I DialerLegacyCountryDetector: com.android.dialer.location.LegacyCountryDetector.getCurrentCountryIso:99 returning Redacted-2-chars
12-14 03:46:43.527 30410 30436 I DialerDialerPhoneNumberUtil: com.android.dialer.phonenumberproto.DialerPhoneNumberUtil.parse:96 country ISO set to default region
12-14 03:46:43.528 30410 30471 I DialerStatusBarNotifier: com.android.dialer.incall.statusbarnotification.ui.StatusBarNotifier.lambda$updateModelAndNotification$1:438 Received new model for Call: DialerCall_0 - time to retrieve: 5
12-14 03:46:43.528 30410 30471 I DialerStatusBarNotifier: com.android.dialer.incall.statusbarnotification.ui.StatusBarNotifier.lambda$updateModelAndNotification$1:448 model unchanged, so no updates for now
12-14 03:46:43.528 30410 30471 I DialerStatusBarNotifier: com.android.dialer.incall.statusbarnotification.ui.StatusBarNotifier$1.onSuccess:254 Update finished successfully. updateInProgress set to false
12-14 03:46:43.530 30410 30450 I DialerLegacyCountryDetector: com.android.dialer.location.LegacyCountryDetector.getCurrentCountryIso:99 returning Redacted-2-chars
12-14 03:46:43.530 30410 30450 I DialerDialerPhoneNumberUtil: com.android.dialer.phonenumberproto.DialerPhoneNumberUtil.parse:96 country ISO set to default region
12-14 03:46:43.531 30410 30450 I DialerDialerPhoneNumberUtil: com.android.dialer.phonenumberproto.DialerPhoneNumberUtil.parse:142 normalized number is set to valid number
12-14 03:46:43.531 30410 30450 I DialerLegacyCountryDetector: com.android.dialer.location.LegacyCountryDetector.getCurrentCountryIso:99 returning Redacted-2-chars
12-14 03:46:43.531 30410 30450 I DialerDialerPhoneNumberUtil: com.android.dialer.phonenumberproto.DialerPhoneNumberUtil.parse:96 country ISO set to default region
12-14 03:46:43.532 30410 30450 I DialerDialerPhoneNumberUtil: com.android.dialer.phonenumberproto.DialerPhoneNumberUtil.parse:142 normalized number is set to valid number
12-14 03:46:43.532 30410 30450 I DialerLegacyCountryDetector: com.android.dialer.location.LegacyCountryDetector.getCurrentCountryIso:99 returning Redacted-2-chars
12-14 03:46:43.534 30410 30436 I DialerDialerPhoneNumberUtil: com.android.dialer.phonenumberproto.DialerPhoneNumberUtil.parse:142 normalized number is set to valid number
12-14 03:46:43.535  2371  8360 I SHANNON_IMS: 3128 [MEDI] ImsMedia created. callId=-1 [com.shannon.imsservice.media.ImsMediaManager@a3f0b70] (ImsMediaManager%createImsMedia:113)
12-14 03:46:43.538 30410 30471 I DialerPhoneLookupInfoConsolidator: com.android.dialer.phonelookup.consolidator.PhoneLookupInfoConsolidator.getGeolocation:386 nameSource: NONE
12-14 03:46:43.538 30410 30410 I DialerDialerBubbleController: com.android.dialer.incall.bubble.dialerbubble.DialerBubbleController.lambda$onCallGraphUpdated$1:90 IN_CALL_UPDATE_MONITORING: fire update in the ui thread
12-14 03:46:43.538 30410 30471 I DialerPhoneNumberGeoLocatorImpl: com.android.dialer.phonenumbergeolocator.impl.PhoneNumberGeoLocatorImpl.getGeoDescription:54 number: **********
12-14 03:46:43.538 30410 30471 I DialerPhoneNumberGeoLocatorImpl: com.android.dialer.phonenumbergeolocator.impl.PhoneNumberGeoLocatorImpl.getGeoDescription:55 countryIso: Redacted-2-chars
12-14 03:46:43.538 30410 30471 I DialerPhoneNumberGeoLocatorImpl: com.android.dialer.phonenumbergeolocator.impl.PhoneNumberGeoLocatorImpl.getGeoDescription:70 parsedPhoneNumber is null: false
12-14 03:46:43.539 30410 30471 I DialerDrawableConverter: com.android.dialer.util.DrawableConverter.drawableToBitmap:64 created bitmap with width: 147, height: 147
12-14 03:46:43.539 25535 25535 I GoogleInputMethodService: GoogleInputMethodService.onFinishInput():3227 
12-14 03:46:43.539 30410 30434 I DialerLegacyCountryDetector: com.android.dialer.location.LegacyCountryDetector.getCurrentCountryIso:99 returning Redacted-2-chars
12-14 03:46:43.539 25535 25535 I GoogleInputMethodService: GoogleInputMethodService.updateDeviceLockedStatus():2087 repeatCheckTimes = 0, unlocked = true
12-14 03:46:43.539 30410 30438 I DialerPrivate: com.android.dialer.incall.bubble.service.BubbleModelProducerModule.produceIsBubbleFeatureEnabledForCall:335 Not showing bubble in Android S+.
12-14 03:46:43.540 25535 25535 I GoogleInputMethodService: GoogleInputMethodService.onStartInput():1877 onStartInput(EditorInfo{inputType=0x0(NULL) imeOptions=0x0 privateImeOptions=null actionName=UNSPECIFIED actionLabel=null actionId=0 initialSelStart=-1 initialSelEnd=-1 initialCapsMode=0x0 hintText=null label=null packageName=com.google.android.dialer fieldId=0 fieldName=null extras=null}, false)
12-14 03:46:43.540 30410 30434 I DialerDialerPhoneNumberUtil: com.android.dialer.phonenumberproto.DialerPhoneNumberUtil.parse:96 country ISO set to default region
12-14 03:46:43.540 25535 25535 I GoogleInputMethodService: GoogleInputMethodService.shouldHideHeaderOnInitialState():4008 ShouldHideHeaderOnInitialState = false
12-14 03:46:43.540 30410 30434 I DialerDialerPhoneNumberUtil: com.android.dialer.phonenumberproto.DialerPhoneNumberUtil.parse:142 normalized number is set to valid number
12-14 03:46:43.540 25535 25535 I GoogleInputMethodService: GoogleInputMethodService.updateDeviceLockedStatus():2087 repeatCheckTimes = 2, unlocked = true
12-14 03:46:43.540 30410 30434 W DialerLegacyHoldForMeMddResourcesImpl: com.android.incallui.atlas.ui.impl.mddresources.impl.LegacyHoldForMeMddResourcesImpl.lambda$getDownloadedZipFileUri$3:128 No model has been downloaded yet. [CONTEXT enable_persistent_logger=true ]
12-14 03:46:43.540 30410 30470 I DialerLegacyCountryDetector: com.android.dialer.location.LegacyCountryDetector.getCurrentCountryIso:99 returning Redacted-2-chars
12-14 03:46:43.540 30410 30470 I DialerDialerPhoneNumberUtil: com.android.dialer.phonenumberproto.DialerPhoneNumberUtil.parse:96 country ISO set to default region
12-14 03:46:43.540  2470  2470 I ImsCall : start(1) :: session=[ImsCallSession objId:186629885 callId:[UNINITIALIZED]] ImsCall=[ImsCall objId:224630770 onHold:N mute:N mCallProfile:{ serviceType=1, callType=2, restrictCause=0, mediaProfile={ audioQuality=0, audioDirection=3, audioCodecAttribute=null, videoQuality=0, videoDirection=-1, rttMode=0, hasRttAudioSpeech=false }, emergencyServiceCategories=0, emergencyUrns=[], emergencyCallRouting=0, emergencyCallTesting=false, hasKnownUserIntentEmergency=false, mRestrictCause=0, mCallerNumberVerstat= 0, mAcceptedRtpHeaderExtensions= [] } networkType:0 updateRequest:NONE merging:N merge action pending:N merged:N multiParty:N confHost:N buried term:N isVideo: N wasVideo: N isWifi: N session:null transientSession:null]
12-14 03:46:43.540 30410 30470 I DialerDialerPhoneNumberUtil: com.android.dialer.phonenumberproto.DialerPhoneNumberUtil.parse:142 normalized number is set to valid number
12-14 03:46:43.542 30410 30470 I DialerCallerTagsFeatureEnabledFn: com.android.dialer.callertags.impl.CallerTagsFeatureEnabledFn.isEnabled:32 caller tag experiment id: 236860 [CONTEXT ratelimit_period=\"1 MINUTES\" ]
12-14 03:46:43.543 30410 30434 I Dialerfrg: com.android.dialer.externals.logging.SingletonScopedExternalsLogging.recordCallMethodInvocation:51 event: TELEPHONY_IS_EMERGENCY_NUMBER, function parameters: [false], return value: Default
12-14 03:46:43.543  2470  7667 D IccProvider: [IccProvider] query
12-14 03:46:43.543  2470  7667 D IccProvider: [IccProvider] getRequestSubId url: content://icc/fdn/subId/1
12-14 03:46:43.543  2470  7667 D IccProvider: [IccProvider] loadFromEf: efType=0x6F3B, subscription=1
12-14 03:46:43.543 30410 30467 I DialerInCallLoggingImpl: com.android.dialer.incall.logging.impl.InCallLoggingImpl.addImpressionInternal:69 InCall-Impression: DIALER_GATEWAY_CALL_INFO_LOOKUP_SERVICE_REQUEST_GENERATED, CallId: DialerCall_0
12-14 03:46:43.544 30410 30467 I DialerAtlasCallMetricsLogger: com.android.incallui.atlas.logger.AtlasCallMetricsLogger.logEnrollmentStatus:121 hold for me enrollment status:0
12-14 03:46:43.544 30410 31122 D CompatibilityChangeReporter: Compat change id reported: 289878283; UID 10162; state: ENABLED
12-14 03:46:43.546  2470  7667 D IccPhoneBookIM: [IccPbInterfaceManager] getAdnRecordsInEF: efid=0x6F3B
12-14 03:46:43.547 30410 30467 I DialerAlternativeSpamSolution: com.android.dialer.spam.alternativespamsolution.AlternativeSpamSolution.shouldUseAlternativeSpamSolutionForCall:62 Alternative spam solution used is false, as random hash number is 0.323200 and sample rate is 0.000000
12-14 03:46:43.547 30410 30467 I DialerCompositeSpam: com.android.dialer.spam.composite.CompositeSpam.lambda$checkSpamStatus$4:350 performing full compose
12-14 03:46:43.547 30410 30467 I DialerCompositeSpam: com.android.dialer.spam.composite.CompositeSpam.checkSpamStatusPatronusCatchingAll:432 not calling patronus spam since this is not an incoming call.
12-14 03:46:43.547 30410 30468 E DialerCallInfoLookupServicePhoneLookupContributor: com.android.dialer.phonelookup.dialergatewayserver.CallInfoLookupServicePhoneLookupContributor.handleStatusRuntimeException:408 Unauthenticated [CONTEXT disable_client_error_logging=true ]
12-14 03:46:43.547 30410 30468 E DialerCallInfoLookupServicePhoneLookupContributor: wbx: UNAUTHENTICATED
12-14 03:46:43.547 30410 30468 E DialerCallInfoLookupServicePhoneLookupContributor: \tat wbv.h(PG:3)
12-14 03:46:43.547 30410 30468 E DialerCallInfoLookupServicePhoneLookupContributor: \tat wpe.a(PG:38)
12-14 03:46:43.547 30410 30468 E DialerCallInfoLookupServicePhoneLookupContributor: \tat wba.a(PG:3)
12-14 03:46:43.547 30410 30468 E DialerCallInfoLookupServicePhoneLookupContributor: \tat rpf.a(PG:2)
12-14 03:46:43.547 30410 30468 E DialerCallInfoLookupServicePhoneLookupContributor: \tat tnb.z(PG:93)
12-14 03:46:43.547 30410 30468 E DialerCallInfoLookupServicePhoneLookupContributor: \tat tnb.x(PG:23)
12-14 03:46:43.547 30410 30468 E DialerCallInfoLookupServicePhoneLookupContributor: \tat tnb.a(PG:8)
12-14 03:46:43.547 30410 30468 E DialerCallInfoLookupServicePhoneLookupContributor: \tat sag.run(PG:113)
12-14 03:46:43.547 30410 30468 E DialerCallInfoLookupServicePhoneLookupContributor: \tat tnf.x(PG:19)
12-14 03:46:43.547 30410 30468 E DialerCallInfoLookupServicePhoneLookupContributor: \tat tnf.a(PG:13)
12-14 03:46:43.547 30410 30468 E DialerCallInfoLookupServicePhoneLookupContributor: \tat sag.run(PG:138)
12-14 03:46:43.547 30410 30468 E DialerCallInfoLookupServicePhoneLookupContributor: \tat tmt.run(PG:269)
12-14 03:46:43.547 30410 30468 E DialerCallInfoLookupServicePhoneLookupContributor: \tat tck.run(PG:103)
12-14 03:46:43.547 30410 30468 E DialerCallInfoLookupServicePhoneLookupContributor: \tat a.v(PG:1)
12-14 03:46:43.547 30410 30468 E DialerCallInfoLookupServicePhoneLookupContributor: \tat tax.execute(PG:1)
12-14 03:46:43.547 30410 30468 E DialerCallInfoLookupServicePhoneLookupContributor: \tat tmx.execute(PG:3)
12-14 03:46:43.547 30410 30468 E DialerCallInfoLookupServicePhoneLookupContributor: \tat tcl.execute(PG:36)
12-14 03:46:43.547 30410 30468 E DialerCallInfoLookupServicePhoneLookupContributor: \tat sur.execute(PG:19)
12-14 03:46:43.547 30410 30468 E DialerCallInfoLookupServicePhoneLookupContributor: \tat tmz.c(PG:36)
12-14 03:46:43.547 30410 30468 E DialerCallInfoLookupServicePhoneLookupContributor: \tat tnc.c(PG:67)
12-14 03:46:43.547 30410 30468 E DialerCallInfoLookupServicePhoneLookupContributor: \tat vyq.c(PG:5)
12-14 03:46:43.547 30410 30468 E DialerCallInfoLookupServicePhoneLookupContributor: \tat rpe.d(PG:21)
12-14 03:46:43.547 30410 30468 E DialerCallInfoLookupServicePhoneLookupContributor: \tat pci.run(PG:102)
12-14 03:46:43.547 30410 30468 E DialerCallInfoLookupServicePhoneLookupContributor: \tat rum.run(PG:18)
12-14 03:46:43.547 30410 30468 E DialerCallInfoLookupServicePhoneLookupContributor: \tat rpe.c(PG:19)
12-14 03:46:43.547 30410 30468 E DialerCallInfoLookupServicePhoneLookupContributor: \tat wpf.c(PG:6)
12-14 03:46:43.547 30410 30468 E DialerCallInfoLookupServicePhoneLookupContributor: \tat wpf.a(PG:11)
12-14 03:46:43.547 30410 30468 E DialerCallInfoLookupServicePhoneLookupContributor: \tat tum.b(PG:68)
12-14 03:46:43.547 30410 30468 E DialerCallInfoLookupServicePhoneLookupContributor: \tat imo.a(PG:681)
12-14 03:46:43.547 30410 30468 E DialerCallInfoLookupServicePhoneLookupContributor: \tat run.a(PG:219)
12-14 03:46:43.547 30410 30468 E DialerCallInfoLookupServicePhoneLookupContributor: \tat tcr.a(PG:3)
12-14 03:46:43.547 30410 30468 E DialerCallInfoLookupServicePhoneLookupContributor: \tat tbx.run(PG:21)
12-14 03:46:43.547 30410 30468 E DialerCallInfoLookupServicePhoneLookupContributor: \tat tct.run(PG:5)
12-14 03:46:43.547 30410 30468 E DialerCallInfoLookupServicePhoneLookupContributor: \tat nvp.run(PG:3)
12-14 03:46:43.547 30410 30468 E DialerCallInfoLookupServicePhoneLookupContributor: \tat java.util.concurrent.ThreadPoolExecutor.runWorker(ThreadPoolExecutor.java:1145)
12-14 03:46:43.547 30410 30468 E DialerCallInfoLookupServicePhoneLookupContributor: \tat java.util.concurrent.ThreadPoolExecutor$Worker.run(ThreadPoolExecutor.java:644)
12-14 03:46:43.547 30410 30468 E DialerCallInfoLookupServicePhoneLookupContributor: \tat nqn.run(PG:210)
12-14 03:46:43.547 30410 30468 E DialerCallInfoLookupServicePhoneLookupContributor: \tat nqh.run(PG:343)
12-14 03:46:43.547 30410 30468 E DialerCallInfoLookupServicePhoneLookupContributor: \tat java.lang.Thread.run(Thread.java:1012)
12-14 03:46:43.547 30410 30468 E DialerCallInfoLookupServicePhoneLookupContributor: \tat nvs.run(PG:51)
12-14 03:46:43.548 30410 30471 I DialerCompositeSpamStatus: com.android.dialer.spam.composite.CompositeSpamStatus.getSpamStatusSourceOfTruth:64 enter
12-14 03:46:43.548 30410 30471 I DialerCompositeSpamStatus: com.android.dialer.spam.composite.CompositeSpamStatus.getSpamStatusSourceOfTruth:93 patronus is source of truth
12-14 03:46:43.548 30410 30471 I DialerCompositeSpamStatus: com.android.dialer.spam.composite.CompositeSpamStatus.mergeStirShakenAndWriteCallIsSampledinSpamMetadata:118 merging stirShaken status with other metadata
12-14 03:46:43.548 30410 30471 I DialerCompositeSpamStatus: com.android.dialer.spam.composite.CompositeSpamStatus.mergeStirShakenAndWriteCallIsSampledinSpamMetadata:130 writing alternativeSpamSolutionUsed in the metadata
12-14 03:46:43.548 30410 30471 I DialerCompositeSpamStatus: com.android.dialer.spam.composite.CompositeSpamStatus.lambda$mergeStirShakenAndWriteCallIsSampledinSpamMetadata$0:137 setting verdict source is enabled, writing source of spam verdict
12-14 03:46:43.548 30410 30471 I DialerCompositeSpamStatus: com.android.dialer.spam.composite.CompositeSpamStatus.mergeStirShakenAndWriteCallIsSampledinSpamMetadata:149 merged stirShaken status
12-14 03:46:43.548 30410 30471 I DialerCompositeSpamStatus: com.android.dialer.spam.composite.CompositeSpamStatus.lambda$mergeStirShakenAndWriteCallIsSampledinSpamMetadata$1:156 setting verdict source enabled, writing source of spam verdict
12-14 03:46:43.548 30410 30438 I DialerAccelerometerTracker: com.android.dialer.incall.proximitysensor.impl.incall.AccelerometerTracker.lambda$enable$0:135 sensorEventListener already enabled.
12-14 03:46:43.549 30410 30468 I DialerLogcatLoggingBindings: com.android.dialer.logging.logcat.LogcatLoggingBindings.logImpression:44 Impression: DIALER_GATEWAY_CALL_INFO_LOOKUP_SERVICE_PHONE_LOOKUP_UNAUTHENTICATED
12-14 03:46:43.549  2371  8360 I SHANNON_IMS: 3130 [IMPL] #:BLUE:# Commit start for Callee[469****372] Profile[{ serviceType=1, callType=2, restrictCause=0, mediaProfile={ audioQuality=0, audioDirection=3, audioCodecAttribute=null, videoQuality=0, videoDirection=-1, rttMode=0, hasRttAudioSpeech=false }, emergencyServiceCategories=0, emergencyUrns=[], emergencyCallRouting=0, emergencyCallTesting=false, hasKnownUserIntentEmergency=false, mRestrictCause=0, mCallerNumberVerstat= 0, mAcceptedRtpHeaderExtensions= [] }]  [SLID:0 CID:-1 CURI:null MLT:false  ICP:{ serviceType=1, callType=2, restrictCause=0, mediaProfile={ audioQuality=0, audioDirection=3, audioCodecAttribute=null, videoQuality=0, videoDirection=-1, rttMode=0, hasRttAudioSpeech=false }, emergencyServiceCategories=0, emergencyUrns=[], emergencyCallRouting=0, emergencyCallTesting=false, hasKnownUserIntentEmergency=false, mRestrictCause=0, mCallerNumberVerstat= 0, mAcceptedRtpHeaderExtensions= [] }CST:IDLE  HRS:IDLE IC:false ECC:NONE WFC:false VCC:false OIR:0 CRS:false CUI:CCID:0 MP:false CCS:IDLE L(0):[] PCR:UNSPECIFIED LRS:LOCATION_NOT_REQUESTED] (ImsCallSessionImplS%start:56)
12-14 03:46:43.552 30410 30473 I DialerInCallLoggingImpl: com.android.dialer.incall.logging.impl.InCallLoggingImpl.addImpressionInternal:69 InCall-Impression: DIALER_GATEWAY_CALL_INFO_LOOKUP_SERVICE_REQUEST_GENERATED, CallId: DialerCall_0
12-14 03:46:43.553 30410 30436 I DialerLegacyCountryDetector: com.android.dialer.location.LegacyCountryDetector.getCurrentCountryIso:99 returning Redacted-2-chars
12-14 03:46:43.553 30410 30436 I DialerDialerPhoneNumberUtil: com.android.dialer.phonenumberproto.DialerPhoneNumberUtil.parse:96 country ISO set to default region
12-14 03:46:43.553 30410 30436 I DialerDialerPhoneNumberUtil: com.android.dialer.phonenumberproto.DialerPhoneNumberUtil.parse:142 normalized number is set to valid number
12-14 03:46:43.553  2470  7667 D RILJ    : [2156]> iccIO: SIM_IO command = 0xc0 fileId = 0x6f3b path = 3F007FFF p1 = 0 p2 = 0 p3 =  data = null aid = A0000000871002FFFFFFFF8903020000 [PHONE0]
12-14 03:46:43.553  1118  1118 D RILC    : iccIOForApp: serial 82156
12-14 03:46:43.553  1118  1118 I RILC-CommandInfo: getCommandInfo found {request=28 halVer=00}
12-14 03:46:43.553  1118  1118 V RIL     : [vendor/samsung_slsi/telephony/s5300/exynos-ril/base/simdata.cpp,encode] is called, [path==NULL] 0, [data==NULL] 1, [PIN2 == NULL] 1
12-14 03:46:43.553  1118  1118 V RIL     : [RilContext_0] SendMessage RIL Request Routing : RCM ID=28 Service ID=16 Message ID=2017 delayMillis=0
12-14 03:46:43.553  1118  1118 V RIL     : [ServiceMgr] msg(0xb400007bae0b52e0) msgId=2017 svc=SimIoService_0(16) direction=Request
12-14 03:46:43.553  1118  1272 I RIL     : SimIoService_0::DoSimIo() [<-- 
12-14 03:46:43.553  1118  1272 V RIL     : [RilContext_0] GetService return service(3)
12-14 03:46:43.553  1118  1272 V RIL     : SimIoService_0::DoSimIo() RIL AID:A0000000871002FFFFFFFF8903020000, App Num:2
12-14 03:46:43.553  1118  1272 V RIL     : SimIoService_0::DoSimIo() 0. Stored AID:A0000000871002FFFFFFFF8903020000
12-14 03:46:43.553  1118  1272 V RIL     : ProtocolSimBuilder::BuildSimIO() Cmd:GET_RESPONSE(0xC0), AppType:2, FileID:6F3B, Path:3F007FFF
12-14 03:46:43.553  1118  1272 V RIL     : ProtocolSimBuilder::BuildSimIO() P1:0=0x00, P2:0=0x00, P3:15=0x0F
12-14 03:46:43.553  1118  1272 V RIL     : ProtocolSimBuilder::BuildSimIO() Data Length: 0
12-14 03:46:43.554  1118  1272 I RIL     : [RilContext_0] Send 
12-14 03:46:43.554  1118  1272 V RIL     : [RilContext_0] RecordRequestHistory token=0xEF32
12-14 03:46:43.554  1118  1272 I RIL     : [RilContext_0] Send 
12-14 03:46:43.554  1118  1272 V RIL     : [/dev/umts_ipc0][TX] SIT_SIM_IO, REQ, 572 bytes, Token(0xef32)
12-14 03:46:43.554  1118  1272 I RIL     : SimIoService_0::DoSimIo() [--> 
12-14 03:46:43.554 30410 30436 I DialerGeoLocationPhoneLookupContributor: com.android.dialer.phonelookup.geolocation.GeoLocationPhoneLookupContributor.getGeoLocationLookupInfo:94 normalizedNumber: +***********
12-14 03:46:43.554 30410 30438 W DialerCallInfoLookupServicePhoneLookupContributor: com.android.dialer.phonelookup.dialergatewayserver.CallInfoLookupServicePhoneLookupContributor.lambda$lookup$0:197 lookup for call failed [CONTEXT disable_client_error_logging=true ]
12-14 03:46:43.554 30410 30438 W DialerCallInfoLookupServicePhoneLookupContributor: soq: MEDIUM
12-14 03:46:43.554 30410 30438 W DialerCallInfoLookupServicePhoneLookupContributor: \tat ilu.a(PG:542)
12-14 03:46:43.554 30410 30438 W DialerCallInfoLookupServicePhoneLookupContributor: \tat tah.a(PG:32)
12-14 03:46:43.554 30410 30438 W DialerCallInfoLookupServicePhoneLookupContributor: \tat tah.a(PG:32)
12-14 03:46:43.554 30410 30438 W DialerCallInfoLookupServicePhoneLookupContributor: \tat syy.d(PG:3)
12-14 03:46:43.554 30410 30438 W DialerCallInfoLookupServicePhoneLookupContributor: \tat sza.run(PG:139)
12-14 03:46:43.554 30410 30438 W DialerCallInfoLookupServicePhoneLookupContributor: \tat nvp.run(PG:3)
12-14 03:46:43.554 30410 30438 W DialerCallInfoLookupServicePhoneLookupContributor: \tat java.util.concurrent.ThreadPoolExecutor.runWorker(ThreadPoolExecutor.java:1145)
12-14 03:46:43.554 30410 30438 W DialerCallInfoLookupServicePhoneLookupContributor: \tat java.util.concurrent.ThreadPoolExecutor$Worker.run(ThreadPoolExecutor.java:644)
12-14 03:46:43.554 30410 30438 W DialerCallInfoLookupServicePhoneLookupContributor: \tat nqn.run(PG:210)
12-14 03:46:43.554 30410 30438 W DialerCallInfoLookupServicePhoneLookupContributor: \tat nqn.run(PG:463)
12-14 03:46:43.554 30410 30438 W DialerCallInfoLookupServicePhoneLookupContributor: \tat java.lang.Thread.run(Thread.java:1012)
12-14 03:46:43.554 30410 30438 W DialerCallInfoLookupServicePhoneLookupContributor: \tat nvs.run(PG:51)
12-14 03:46:43.554 30410 30436 I DialerGeoLocationPhoneLookupContributor: com.android.dialer.phonelookup.geolocation.GeoLocationPhoneLookupContributor.getGeoLocationLookupInfo:95 countryIso: Redacted-2-chars
12-14 03:46:43.554 30410 30436 I DialerPhoneNumberGeoLocatorImpl: com.android.dialer.phonenumbergeolocator.impl.PhoneNumberGeoLocatorImpl.getGeoDescription:54 number: +***********
12-14 03:46:43.554 30410 30436 I DialerPhoneNumberGeoLocatorImpl: com.android.dialer.phonenumbergeolocator.impl.PhoneNumberGeoLocatorImpl.getGeoDescription:55 countryIso: Redacted-2-chars
12-14 03:46:43.554  2371  8360 D SHANNON_IMS: 3131 [CALL] #:ORNG:# Start with callee : 469****372  [SLID:0 CID:-1 CURI:null MLT:false  ICP:{ serviceType=1, callType=2, restrictCause=0, mediaProfile={ audioQuality=0, audioDirection=3, audioCodecAttribute=null, videoQuality=0, videoDirection=-1, rttMode=0, hasRttAudioSpeech=false }, emergencyServiceCategories=0, emergencyUrns=[], emergencyCallRouting=0, emergencyCallTesting=false, hasKnownUserIntentEmergency=false, mRestrictCause=0, mCallerNumberVerstat= 0, mAcceptedRtpHeaderExtensions= [] }CST:IDLE  HRS:IDLE IC:false ECC:NONE WFC:false VCC:false OIR:0 CRS:false CUI:CCID:0 MP:false CCS:IDLE L(0):[] PCR:UNSPECIFIED LRS:LOCATION_NOT_REQUESTED] (ImsCall%start:846)
12-14 03:46:43.554 30410 30436 I DialerPhoneNumberGeoLocatorImpl: com.android.dialer.phonenumbergeolocator.impl.PhoneNumberGeoLocatorImpl.getGeoDescription:70 parsedPhoneNumber is null: false
12-14 03:46:43.554 30410 30438 I DialerLogcatLoggingBindings: com.android.dialer.logging.logcat.LogcatLoggingBindings.logImpression:44 Impression: DIALER_GATEWAY_CALL_INFO_LOOKUP_SERVICE_PHONE_LOOKUP_FAILED
12-14 03:46:43.555 30410 30436 I DialerGeoLocationPhoneLookupContributor: com.android.dialer.phonelookup.geolocation.GeoLocationPhoneLookupContributor.getGeoLocationLookupInfo:102 geoDescription set: Redacted-5-chars
12-14 03:46:43.556 30410 30467 E DialerMddCallerTagsConfigProvider: com.android.dialer.callertags.configprovider.mdd.MddCallerTagsConfigProvider.lambda$getTagConfigs$9:165 No file group for caller tags locale: en-US
12-14 03:46:43.556 30410 30467 E DialerMddCallerTagsConfigProvider: soq: MEDIUM
12-14 03:46:43.556 30410 30467 E DialerMddCallerTagsConfigProvider: \tat cwf.a(PG:883)
12-14 03:46:43.556 30410 30467 E DialerMddCallerTagsConfigProvider: \tat tah.a(PG:32)
12-14 03:46:43.556 30410 30467 E DialerMddCallerTagsConfigProvider: \tat szr.d(PG:3)
12-14 03:46:43.556 30410 30467 E DialerMddCallerTagsConfigProvider: \tat szt.run(PG:42)
