--------- beginning of system
11-04 20:41:11.837  2935  3246 D AutomaticBrightnessController[0]: Receive new lux[rear]=0.0
11-04 20:41:11.838  2935  3246 D AutomaticBrightnessController[0]: handleCombineLightSensorEvent mFrontLux=112.375 mRearLux=0.0 mLightSensor=TCS3720 Ambient Light Sensor Non-wakeup mLightSensorEnableTime=187555130 (22392 ms ago)
11-04 20:41:11.838  2935  3246 D AutomaticBrightnessController[0]: Receive new lux[rear]=0.0
11-04 20:41:11.838  2935  3246 D AutomaticBrightnessController[0]: handleCombineLightSensorEvent mFrontLux=112.375 mRearLux=0.0 mLightSensor=TCS3720 Ambient Light Sensor Non-wakeup mLightSensorEnableTime=187555130 (22392 ms ago)
11-04 20:41:11.838  2935  3246 D AutomaticBrightnessController[0]: Receive new lux[rear]=0.0
11-04 20:41:11.838  2935  3246 D AutomaticBrightnessController[0]: handleCombineLightSensorEvent mFrontLux=112.375 mRearLux=0.0 mLightSensor=TCS3720 Ambient Light Sensor Non-wakeup mLightSensorEnableTime=187555130 (22392 ms ago)
11-04 20:41:11.838  2935  3246 D AutomaticBrightnessController[0]: Receive new lux[rear]=0.0
11-04 20:41:11.838  2935  3246 D AutomaticBrightnessController[0]: handleCombineLightSensorEvent mFrontLux=112.375 mRearLux=0.0 mLightSensor=TCS3720 Ambient Light Sensor Non-wakeup mLightSensorEnableTime=187555130 (22392 ms ago)
11-04 20:41:11.838  2935  3246 D AutomaticBrightnessController[0]: Receive new lux[rear]=0.0
11-04 20:41:11.838  2935  3246 D AutomaticBrightnessController[0]: handleCombineLightSensorEvent mFrontLux=112.375 mRearLux=0.0 mLightSensor=TCS3720 Ambient Light Sensor Non-wakeup mLightSensorEnableTime=187555130 (22392 ms ago)
11-04 20:41:11.877  2935  3246 D AutomaticBrightnessController[0]: updateAmbientLux [Darkening] mAmbientLux=123.19039 fastAmbientLux=112.375 slowAmbientLux=112.375 threshold=98.552315187578061 (in 500 ms)
--------- beginning of kernel
11-04 20:41:12.002  3152  3152 I msm_dwc3_perf_vote_work: in_perf_mode:0, interrupts in last sample:101
11-04 20:41:12.088  2935  3246 D AutomaticBrightnessController[0]: Receive new lux[rear]=0.0
11-04 20:41:12.088  2935  3246 D AutomaticBrightnessController[0]: handleCombineLightSensorEvent mFrontLux=112.375 mRearLux=0.0 mLightSensor=TCS3720 Ambient Light Sensor Non-wakeup mLightSensorEnableTime=187555130 (22643 ms ago)
11-04 20:41:12.088  2935  3246 D AutomaticBrightnessController[0]: Receive new lux[rear]=0.0
11-04 20:41:12.089  2935  3246 D AutomaticBrightnessController[0]: handleCombineLightSensorEvent mFrontLux=112.375 mRearLux=0.0 mLightSensor=TCS3720 Ambient Light Sensor Non-wakeup mLightSensorEnableTime=187555130 (22643 ms ago)
11-04 20:41:12.089  2935  3246 D AutomaticBrightnessController[0]: Receive new lux[rear]=0.0
11-04 20:41:12.089  2935  3246 D AutomaticBrightnessController[0]: handleCombineLightSensorEvent mFrontLux=112.375 mRearLux=0.0 mLightSensor=TCS3720 Ambient Light Sensor Non-wakeup mLightSensorEnableTime=187555130 (22643 ms ago)
11-04 20:41:12.089  2935  3246 D AutomaticBrightnessController[0]: Receive new lux[rear]=0.0
11-04 20:41:12.089  2935  3246 D AutomaticBrightnessController[0]: handleCombineLightSensorEvent mFrontLux=112.375 mRearLux=0.0 mLightSensor=TCS3720 Ambient Light Sensor Non-wakeup mLightSensorEnableTime=187555130 (22643 ms ago)
11-04 20:41:12.089  2935  3246 D AutomaticBrightnessController[0]: Receive new lux[rear]=0.0
11-04 20:41:12.089  2935  3246 D AutomaticBrightnessController[0]: handleCombineLightSensorEvent mFrontLux=112.375 mRearLux=0.0 mLightSensor=TCS3720 Ambient Light Sensor Non-wakeup mLightSensorEnableTime=187555130 (22643 ms ago)
11-04 20:41:12.285  1618  1618 I timerfd_poll: comm:android.hardwar pid:1618 exp:187577942
11-04 20:41:12.312  1618  1618 W healthd : battery l=100 v=4432 t=27.0 h=2 st=5 c=0 fc=5100000 cc=11 chg=a
11-04 20:41:12.340  2935  3246 D AutomaticBrightnessController[0]: Receive new lux[rear]=0.0
11-04 20:41:12.344  2935  3246 D AutomaticBrightnessController[0]: handleCombineLightSensorEvent mFrontLux=112.375 mRearLux=0.0 mLightSensor=TCS3720 Ambient Light Sensor Non-wakeup mLightSensorEnableTime=187555130 (22898 ms ago)
11-04 20:41:12.344  2935  3246 D AutomaticBrightnessController[0]: Receive new lux[rear]=0.0
11-04 20:41:12.344  2935  3246 D AutomaticBrightnessController[0]: handleCombineLightSensorEvent mFrontLux=112.375 mRearLux=0.0 mLightSensor=TCS3720 Ambient Light Sensor Non-wakeup mLightSensorEnableTime=187555130 (22899 ms ago)
11-04 20:41:12.345  2935  3246 D AutomaticBrightnessController[0]: Receive new lux[rear]=0.0
11-04 20:41:12.345  2935  3246 D AutomaticBrightnessController[0]: handleCombineLightSensorEvent mFrontLux=112.375 mRearLux=0.0 mLightSensor=TCS3720 Ambient Light Sensor Non-wakeup mLightSensorEnableTime=187555130 (22899 ms ago)
11-04 20:41:12.345  2935  3246 D AutomaticBrightnessController[0]: Receive new lux[rear]=0.0
11-04 20:41:12.346  2935  3246 D AutomaticBrightnessController[0]: handleCombineLightSensorEvent mFrontLux=112.375 mRearLux=0.0 mLightSensor=TCS3720 Ambient Light Sensor Non-wakeup mLightSensorEnableTime=187555130 (22900 ms ago)
11-04 20:41:12.346  2935  3246 D AutomaticBrightnessController[0]: Receive new lux[rear]=0.0
11-04 20:41:12.346  2935  3246 D AutomaticBrightnessController[0]: handleCombineLightSensorEvent mFrontLux=112.375 mRearLux=0.0 mLightSensor=TCS3720 Ambient Light Sensor Non-wakeup mLightSensorEnableTime=187555130 (22900 ms ago)
--------- beginning of events
11-04 20:41:12.361  2935  5216 I framework_stats_log: [SERVICE_REQUEST_EVENT_REPORTED, 10194, 10194, START, 2, false, 2]
11-04 20:41:12.377  2935  3246 D AutomaticBrightnessController[0]: updateAmbientLux [Darkening] mAmbientLux=123.19039 fastAmbientLux=112.375 slowAmbientLux=112.375 threshold=98.552315187578561 (in 500 ms)
11-04 20:41:12.444  2935  5216 W UsbDeviceManager: Ignore missing legacy kernel path in bugreport dump: kernel function list:/sys/class/android_usb/android0/functions
11-04 20:41:12.446  2935  5216 I UsbPortManager: USB HAL HIDL version: 12
11-04 20:41:12.454 16979 16979 I auditd  : type=1400 audit(0.0:21102): avc: denied { ioctl } for comm=\"pool-27560-thre\" path=\"/storage/emulated/0/batterytracer/databases/current/BT_current.btd\" dev=\"fuse\" ino=113058 ioctlcmd=0xf50c scontext=u:r:system_app:s0 tcontext=u:object_r:fuse:s0 tclass=file permissive=0
11-04 20:41:12.587  2935  3246 D AutomaticBrightnessController[0]: Receive new lux[rear]=0.0
11-04 20:41:12.588  2935  3246 D AutomaticBrightnessController[0]: handleCombineLightSensorEvent mFrontLux=112.375 mRearLux=0.0 mLightSensor=TCS3720 Ambient Light Sensor Non-wakeup mLightSensorEnableTime=187555130 (23142 ms ago)
11-04 20:41:12.589  2935  3246 D AutomaticBrightnessController[0]: Receive new lux[rear]=0.0
11-04 20:41:12.589  2935  3246 D AutomaticBrightnessController[0]: handleCombineLightSensorEvent mFrontLux=112.375 mRearLux=0.0 mLightSensor=TCS3720 Ambient Light Sensor Non-wakeup mLightSensorEnableTime=187555130 (23143 ms ago)
11-04 20:41:12.589  2935  3246 D AutomaticBrightnessController[0]: Receive new lux[rear]=0.0
11-04 20:41:12.589  2935  3246 D AutomaticBrightnessController[0]: handleCombineLightSensorEvent mFrontLux=112.375 mRearLux=0.0 mLightSensor=TCS3720 Ambient Light Sensor Non-wakeup mLightSensorEnableTime=187555130 (23144 ms ago)
11-04 20:41:12.590  2935  3246 D AutomaticBrightnessController[0]: Receive new lux[rear]=0.0
11-04 20:41:12.590  2935  3246 D AutomaticBrightnessController[0]: handleCombineLightSensorEvent mFrontLux=112.375 mRearLux=0.0 mLightSensor=TCS3720 Ambient Light Sensor Non-wakeup mLightSensorEnableTime=187555130 (23144 ms ago)
11-04 20:41:12.591  2935  3246 D AutomaticBrightnessController[0]: Receive new lux[rear]=0.0
11-04 20:41:12.591  2935  3246 D AutomaticBrightnessController[0]: handleCombineLightSensorEvent mFrontLux=112.375 mRearLux=0.0 mLightSensor=TCS3720 Ambient Light Sensor Non-wakeup mLightSensorEnableTime=187555130 (23145 ms ago)
11-04 20:41:12.838  2935  3246 D AutomaticBrightnessController[0]: Receive new lux[rear]=0.0
11-04 20:41:12.839  2935  3246 D AutomaticBrightnessController[0]: handleCombineLightSensorEvent mFrontLux=112.375 mRearLux=0.0 mLightSensor=TCS3720 Ambient Light Sensor Non-wakeup mLightSensorEnableTime=187555130 (23393 ms ago)
11-04 20:41:12.840  2935  3246 D AutomaticBrightnessController[0]: Receive new lux[rear]=0.0
11-04 20:41:12.841  2935  3246 D AutomaticBrightnessController[0]: handleCombineLightSensorEvent mFrontLux=112.375 mRearLux=0.0 mLightSensor=TCS3720 Ambient Light Sensor Non-wakeup mLightSensorEnableTime=187555130 (23395 ms ago)
11-04 20:41:12.841  2935  3246 D AutomaticBrightnessController[0]: Receive new lux[rear]=0.0
11-04 20:41:12.841  2935  3246 D AutomaticBrightnessController[0]: handleCombineLightSensorEvent mFrontLux=112.375 mRearLux=0.0 mLightSensor=TCS3720 Ambient Light Sensor Non-wakeup mLightSensorEnableTime=187555130 (23395 ms ago)
11-04 20:41:12.841  2935  3246 D AutomaticBrightnessController[0]: Receive new lux[rear]=0.0
11-04 20:41:12.841  2935  3246 D AutomaticBrightnessController[0]: handleCombineLightSensorEvent mFrontLux=112.375 mRearLux=0.0 mLightSensor=TCS3720 Ambient Light Sensor Non-wakeup mLightSensorEnableTime=187555130 (23395 ms ago)
11-04 20:41:12.841  2935  3246 D AutomaticBrightnessController[0]: Receive new lux[rear]=0.0
11-04 20:41:12.841  2935  3246 D AutomaticBrightnessController[0]: handleCombineLightSensorEvent mFrontLux=112.375 mRearLux=0.0 mLightSensor=TCS3720 Ambient Light Sensor Non-wakeup mLightSensorEnableTime=187555130 (23395 ms ago)
--------- beginning of radio
11-04 20:41:12.842  4118  4118 D SST     : [0] handleMessage: received event 43
11-04 20:41:12.878  2935  3246 D AutomaticBrightnessController[0]: updateAmbientLux [Darkening] mAmbientLux=123.19039 fastAmbientLux=112.375 slowAmbientLux=112.375 threshold=98.552315187579062 (in 500 ms)
11-04 20:41:12.888  2935  5216 I framework_stats_log: [SENSOR_STATE_CHANGED, [10194], [null], 61, 0]
11-04 20:41:12.896  2935  3246 D AutomaticBrightnessController[0]: Receive new lux[rear]=0.0
11-04 20:41:12.896  2935  3246 D AutomaticBrightnessController[0]: handleCombineLightSensorEvent mFrontLux=112.375 mRearLux=0.0 mLightSensor=TCS3720 Ambient Light Sensor Non-wakeup mLightSensorEnableTime=187555130 (23451 ms ago)
11-04 20:41:12.899  2935  5177 D PowerManagerService: releaseWakeLockInternal: lock=246821943 [GCoreFlp], flags=0x0, packageName=\"com.google.android.gms\", displayId=-1
11-04 20:41:13.158  2700  2700 I [schedu][0x3469a17310b][20:41:13.133461] kiwi_v2: [2700:I:OSIF] vdev 0, scan id 42210 type COMPLETED(1) reason COMPLETED(1) scan found 50 bss
11-04 20:41:13.148  2935  3246 D AutomaticBrightnessController[0]: Receive new lux[rear]=0.0
11-04 20:41:13.148  2935  3246 D AutomaticBrightnessController[0]: handleCombineLightSensorEvent mFrontLux=112.375 mRearLux=0.0 mLightSensor=TCS3720 Ambient Light Sensor Non-wakeup mLightSensorEnableTime=187555130 (23702 ms ago)
11-04 20:41:13.149  2935  3246 D AutomaticBrightnessController[0]: Receive new lux[rear]=0.0
11-04 20:41:13.149  2935  3246 D AutomaticBrightnessController[0]: handleCombineLightSensorEvent mFrontLux=112.375 mRearLux=0.0 mLightSensor=TCS3720 Ambient Light Sensor Non-wakeup mLightSensorEnableTime=187555130 (23703 ms ago)
11-04 20:41:13.149  2935  3246 D AutomaticBrightnessController[0]: Receive new lux[rear]=0.0
11-04 20:41:13.149  2935  3246 D AutomaticBrightnessController[0]: handleCombineLightSensorEvent mFrontLux=112.375 mRearLux=0.0 mLightSensor=TCS3720 Ambient Light Sensor Non-wakeup mLightSensorEnableTime=187555130 (23703 ms ago)
11-04 20:41:13.149  2935  3246 D AutomaticBrightnessController[0]: Receive new lux[rear]=0.0
11-04 20:41:13.149  2935  3246 D AutomaticBrightnessController[0]: handleCombineLightSensorEvent mFrontLux=112.375 mRearLux=0.0 mLightSensor=TCS3720 Ambient Light Sensor Non-wakeup mLightSensorEnableTime=187555130 (23703 ms ago)
11-04 20:41:13.149  2935  3246 D AutomaticBrightnessController[0]: Receive new lux[rear]=0.0
11-04 20:41:13.149  2935  3246 D AutomaticBrightnessController[0]: handleCombineLightSensorEvent mFrontLux=112.375 mRearLux=0.0 mLightSensor=TCS3720 Ambient Light Sensor Non-wakeup mLightSensorEnableTime=187555130 (23703 ms ago)
11-04 20:41:13.167  2935  3183 D BroadcastQueue_background: broadcastBegin: hashCode=94876562, Parallel, toUser=-1, dispatchTime=2, ordered=false, sticky=false, Intent { act=android.net.wifi.SCAN_RESULTS flg=0x4000010 (has extras) }
11-04 20:41:13.169  2935  3183 D BroadcastQueue: broadcastComplete: hashCode=94876562, Parallel, costTime=2
11-04 20:41:13.169  2935  3183 D BroadcastQueue:     app=16979:com.motorola.tools.batterytracer/1000, receiver=android.os.BinderProxy@3751569, costTime=2
11-04 20:41:13.174  2935  5177 D PowerManagerService: acquireWakeLockInternal: lock=25996742, flags=0x1, tag=\"NlpWakeLock\", ws=WorkSource{10194 com.google.android.gms}, uid=10194, pid=23545, packageName=\"com.google.android.gms\", displayId=-1
11-04 20:41:13.177  2935  5177 D PowerManagerService: acquireWakeLockInternal: lock=187329568, flags=0x1, tag=\"NlpWakeLock\", ws=WorkSource{10466 jp.co.cyberagent.stf}, uid=10194, pid=23545, packageName=\"com.google.android.gms\", displayId=-1
11-04 20:41:13.182  2935  5177 I framework_stats_log: [SERVICE_STATE_CHANGED, 10194, com.google.android.gms, com.google.android.location.network.NetworkLocationService, 1]
11-04 20:41:13.184  2935  5177 D ActivityManager: Set 23545 com.google.android.gms.persistent adj 0: service (ProcessRecord{128610c 24501:com.google.android.gms/u0a194})
11-04 20:41:13.185  2935  5177 I framework_stats_log: [SERVICE_REQUEST_EVENT_REPORTED, 10194, 10194, , 1, false, 2]
11-04 20:41:13.186  2935  3833 D PowerManagerService: releaseWakeLockInternal: lock=187329568 [NlpWakeLock], flags=0x0, packageName=\"com.google.android.gms\", displayId=-1
11-04 20:41:13.187  2935  5216 D ActivityManager: Set 23545 com.google.android.gms.persistent adj 100: service (ProcessRecord{128610c 24501:com.google.android.gms/u0a194})
11-04 20:41:13.187  2935  5177 D PowerManagerService: acquireWakeLockInternal: lock=187329568, flags=0x1, tag=\"NlpWakeLock\", ws=WorkSource{10466 jp.co.cyberagent.stf}, uid=10194, pid=23545, packageName=\"com.google.android.gms\", displayId=-1
11-04 20:41:13.188  2935  3833 W ContextImpl: Calling a method in the system process without a qualified user: android.app.ContextImpl.sendBroadcast:1215 com.android.server.location.provider.LocationProviderManager$LocationRegistration$1.test:998 com.android.server.location.provider.LocationProviderManager$LocationRegistration$1.test:952 android.location.LocationResult.filter:191 com.android.server.location.provider.LocationProviderManager$LocationRegistration.acceptLocationChange:951 
11-04 20:41:13.189  2935  3183 D BroadcastQueue_background: broadcastBegin: hashCode=101327203, Parallel, toUser=0, dispatchTime=1, ordered=false, sticky=false, Intent { act=com.motorola.location.instrumentation flg=0x10 (has extras) }
11-04 20:41:13.189  2935  3183 D BroadcastQueue: broadcastComplete: hashCode=101327203, Parallel, costTime=0
11-04 20:41:13.189  2935  3183 D BroadcastQueue:     app=2935:system/1000, receiver=android.app.LoadedApk$ReceiverDispatcher$InnerReceiver@7f9ae4f, costTime=0
11-04 20:41:13.189  2935  3833 W ContextImpl: Calling a method in the system process without a qualified user: android.app.ContextImpl.sendBroadcast:1215 com.android.server.location.provider.LocationProviderManager$LocationRegistration$1.test:998 com.android.server.location.provider.LocationProviderManager$LocationRegistration$1.test:952 android.location.LocationResult.filter:191 com.android.server.location.provider.LocationProviderManager$LocationRegistration.acceptLocationChange:951 
11-04 20:41:13.189  2935  3183 D BroadcastQueue_background: broadcastBegin: hashCode=235835744, Parallel, toUser=0, dispatchTime=0, ordered=false, sticky=false, Intent { act=com.motorola.location.instrumentation flg=0x10 (has extras) }
11-04 20:41:13.190  2935  3183 D BroadcastQueue: broadcastComplete: hashCode=235835744, Parallel, costTime=1
11-04 20:41:13.190  2935  3183 D BroadcastQueue:     app=2935:system/1000, receiver=android.app.LoadedApk$ReceiverDispatcher$InnerReceiver@7f9ae4f, costTime=1
11-04 20:41:13.190  2935  5177 I framework_stats_log: [SERVICE_STATE_CHANGED, 10194, com.google.android.gms, com.google.android.location.internal.PendingIntentCallbackService, 1]
11-04 20:41:13.190  2935  3833 W ContextImpl: Calling a method in the system process without a qualified user: android.app.ContextImpl.sendBroadcast:1215 com.android.server.location.provider.LocationProviderManager$LocationRegistration$1.test:998 com.android.server.location.provider.LocationProviderManager$LocationRegistration$1.test:952 android.location.LocationResult.filter:191 com.android.server.location.provider.LocationProviderManager$LocationRegistration.acceptLocationChange:951 
11-04 20:41:13.190  2935  5177 D ActivityManager: Set 23545 com.google.android.gms.persistent adj 0: service (ProcessRecord{128610c 24501:com.google.android.gms/u0a194})
11-04 20:41:13.191  2935  5177 I framework_stats_log: [SERVICE_REQUEST_EVENT_REPORTED, 10194, 10194, FLP_FULL_POWER_LOCATION_RESULT, 1, false, 2]
11-04 20:41:13.192  2935  5216 D PowerManagerService: releaseWakeLockInternal: lock=187329568 [NlpWakeLock], flags=0x0, packageName=\"com.google.android.gms\", displayId=-1
11-04 20:41:13.193  2935  5177 D PowerManagerService: acquireWakeLockInternal: lock=187329568, flags=0x1, tag=\"NlpWakeLock\", ws=null, uid=10194, pid=23545, packageName=\"com.google.android.gms\", displayId=-1
11-04 20:41:13.193  2935  5216 D ActivityManager: Set 23545 com.google.android.gms.persistent adj 100: service (ProcessRecord{128610c 24501:com.google.android.gms/u0a194})
11-04 20:41:13.194  2935  3183 D BroadcastQueue_background: broadcastBegin: hashCode=213866009, Parallel, toUser=0, dispatchTime=0, ordered=false, sticky=false, Intent { act=com.motorola.location.instrumentation flg=0x10 (has extras) }
11-04 20:41:13.194  2935  3183 D BroadcastQueue: broadcastComplete: hashCode=213866009, Parallel, costTime=0
11-04 20:41:13.194  2935  3183 D BroadcastQueue:     app=2935:system/1000, receiver=android.app.LoadedApk$ReceiverDispatcher$InnerReceiver@7f9ae4f, costTime=0
11-04 20:41:13.194  2935  5177 I framework_stats_log: [SERVICE_STATE_CHANGED, 10194, com.google.android.gms, com.google.android.location.internal.PendingIntentCallbackService, 1]
11-04 20:41:13.195  2935  5177 D ActivityManager: Set 23545 com.google.android.gms.persistent adj 0: service (ProcessRecord{128610c 24501:com.google.android.gms/u0a194})
11-04 20:41:13.195  2935  3833 W ContextImpl: Calling a method in the system process without a qualified user: android.app.ContextImpl.sendBroadcast:1215 com.android.server.location.provider.LocationProviderManager$LocationRegistration$1.test:998 com.android.server.location.provider.LocationProviderManager$LocationRegistration$1.test:952 android.location.LocationResult.filter:191 com.android.server.location.provider.LocationProviderManager$LocationRegistration.acceptLocationChange:951 
11-04 20:41:13.195  2935  5177 I framework_stats_log: [SERVICE_REQUEST_EVENT_REPORTED, 10194, 10194, FLP_LOW_POWER_LOCATION_RESULT, 1, false, 2]
11-04 20:41:13.196  2935  6667 D PowerManagerService: releaseWakeLockInternal: lock=187329568 [NlpWakeLock], flags=0x0, packageName=\"com.google.android.gms\", displayId=-1
11-04 20:41:13.196  2935  3183 D BroadcastQueue_background: broadcastBegin: hashCode=168392414, Parallel, toUser=0, dispatchTime=0, ordered=false, sticky=false, Intent { act=com.motorola.location.instrumentation flg=0x10 (has extras) }
11-04 20:41:13.197  2935  3183 D BroadcastQueue: broadcastComplete: hashCode=168392414, Parallel, costTime=1
11-04 20:41:13.197  2935  3183 D BroadcastQueue:     app=2935:system/1000, receiver=android.app.LoadedApk$ReceiverDispatcher$InnerReceiver@7f9ae4f, costTime=1
11-04 20:41:13.197  2935  5216 D PowerManagerService: acquireWakeLockInternal: lock=89086613, flags=0x1, tag=\"GCoreFlp\", ws=WorkSource{10194 com.google.android.gms}, uid=10194, pid=23545, packageName=\"com.google.android.gms\", displayId=-1
11-04 20:41:13.198  2935  3833 I framework_stats_log: [SERVICE_STATE_CHANGED, 10194, com.google.android.gms, com.google.android.location.network.NetworkLocationService, 2]
11-04 20:41:13.199  2935  5219 D PowerManagerService: releaseWakeLockInternal: lock=89086613 [GCoreFlp], flags=0x0, packageName=\"com.google.android.gms\", displayId=-1
11-04 20:41:13.199  2935  6667 I framework_stats_log: [ALARM_SCHEDULED, 10194, true, true, false, false, false, 2, false, 1020]
11-04 20:41:13.200  2935  6667 W AlarmManager: Alarms must either supply a PendingIntent or an AlarmReceiver
11-04 20:41:13.200  2935  5177 D PowerManagerService: acquireWakeLockInternal: lock=77670314, flags=0x1, tag=\"GCoreFlp\", ws=WorkSource{10466 jp.co.cyberagent.stf}, uid=10194, pid=23545, packageName=\"com.google.android.gms\", displayId=-1
11-04 20:41:13.200  2935  6667 D PowerManagerService: releaseWakeLockInternal: lock=50102663 [NlpWakeLock], flags=0x0, packageName=\"com.google.android.gms\", displayId=-1
11-04 20:41:13.201  2935  5177 D PowerManagerService: releaseWakeLockInternal: lock=25996742 [NlpWakeLock], flags=0x0, packageName=\"com.google.android.gms\", displayId=-1
11-04 20:41:13.201  2935  6667 D ActivityManager: Set 23545 com.google.android.gms.persistent adj 100: service (ProcessRecord{128610c 24501:com.google.android.gms/u0a194})
11-04 20:41:13.206  2935  5177 D PowerManagerService: releaseWakeLockInternal: lock=77670314 [GCoreFlp], flags=0x0, packageName=\"com.google.android.gms\", displayId=-1
11-04 20:41:13.380  2935  3246 D AutomaticBrightnessController[0]: updateAmbientLux [Darkening] mAmbientLux=123.19039 fastAmbientLux=112.375 slowAmbientLux=112.375 threshold=98.552315187579564 (in 500 ms)
11-04 20:41:13.388  2935  3246 D AutomaticBrightnessController[0]: Receive new lux[rear]=0.0
11-04 20:41:13.389  2935  3246 D AutomaticBrightnessController[0]: handleCombineLightSensorEvent mFrontLux=112.375 mRearLux=0.0 mLightSensor=TCS3720 Ambient Light Sensor Non-wakeup mLightSensorEnableTime=187555130 (23943 ms ago)
11-04 20:41:13.389  2935  3246 D AutomaticBrightnessController[0]: Receive new lux[rear]=0.0
11-04 20:41:13.389  2935  3246 D AutomaticBrightnessController[0]: handleCombineLightSensorEvent mFrontLux=112.375 mRearLux=0.0 mLightSensor=TCS3720 Ambient Light Sensor Non-wakeup mLightSensorEnableTime=187555130 (23944 ms ago)
11-04 20:41:13.390  2935  3246 D AutomaticBrightnessController[0]: Receive new lux[rear]=0.0
11-04 20:41:13.390  2935  3246 D AutomaticBrightnessController[0]: handleCombineLightSensorEvent mFrontLux=112.375 mRearLux=0.0 mLightSensor=TCS3720 Ambient Light Sensor Non-wakeup mLightSensorEnableTime=187555130 (23944 ms ago)
11-04 20:41:13.390  2935  3246 D AutomaticBrightnessController[0]: Receive new lux[rear]=0.0
11-04 20:41:13.390  2935  3246 D AutomaticBrightnessController[0]: handleCombineLightSensorEvent mFrontLux=112.375 mRearLux=0.0 mLightSensor=TCS3720 Ambient Light Sensor Non-wakeup mLightSensorEnableTime=187555130 (23944 ms ago)
11-04 20:41:13.390  2935  3246 D AutomaticBrightnessController[0]: Receive new lux[rear]=0.0
11-04 20:41:13.390  2935  3246 D AutomaticBrightnessController[0]: handleCombineLightSensorEvent mFrontLux=112.375 mRearLux=0.0 mLightSensor=TCS3720 Ambient Light Sensor Non-wakeup mLightSensorEnableTime=187555130 (23944 ms ago)
11-04 20:41:13.639  2935  3246 D AutomaticBrightnessController[0]: Receive new lux[rear]=0.0
11-04 20:41:13.640  2935  3246 D AutomaticBrightnessController[0]: handleCombineLightSensorEvent mFrontLux=112.375 mRearLux=0.0 mLightSensor=TCS3720 Ambient Light Sensor Non-wakeup mLightSensorEnableTime=187555130 (24194 ms ago)
11-04 20:41:13.640  2935  3246 D AutomaticBrightnessController[0]: Receive new lux[rear]=0.0
11-04 20:41:13.640  2935  3246 D AutomaticBrightnessController[0]: handleCombineLightSensorEvent mFrontLux=112.375 mRearLux=0.0 mLightSensor=TCS3720 Ambient Light Sensor Non-wakeup mLightSensorEnableTime=187555130 (24194 ms ago)
11-04 20:41:13.640  2935  3246 D AutomaticBrightnessController[0]: Receive new lux[rear]=0.0
11-04 20:41:13.640  2935  3246 D AutomaticBrightnessController[0]: handleCombineLightSensorEvent mFrontLux=112.375 mRearLux=0.0 mLightSensor=TCS3720 Ambient Light Sensor Non-wakeup mLightSensorEnableTime=187555130 (24194 ms ago)
11-04 20:41:13.641  2935  3246 D AutomaticBrightnessController[0]: Receive new lux[rear]=0.0
11-04 20:41:13.641  2935  3246 D AutomaticBrightnessController[0]: handleCombineLightSensorEvent mFrontLux=112.375 mRearLux=0.0 mLightSensor=TCS3720 Ambient Light Sensor Non-wakeup mLightSensorEnableTime=187555130 (24195 ms ago)
11-04 20:41:13.641  2935  3246 D AutomaticBrightnessController[0]: Receive new lux[rear]=0.0
11-04 20:41:13.641  2935  3246 D AutomaticBrightnessController[0]: handleCombineLightSensorEvent mFrontLux=112.375 mRearLux=0.0 mLightSensor=TCS3720 Ambient Light Sensor Non-wakeup mLightSensorEnableTime=187555130 (24195 ms ago)
11-04 20:41:13.697  5421  5421 D cnss    : Runtime suspend start
11-04 20:41:13.698  5421  5421 I [kworke][0x3469ab583b7][20:41:13.673870] kiwi_v2: [5421:I:PMO] pmo_core_enable_wow_in_fw: drv wow is enabled
11-04 20:41:13.726  5421  5421 I [kworke][0x3469abd81fa][20:41:13.701153] kiwi_v2: [5421:I:HIF] hif_try_complete_tasks: waiting for tasklets 0 grp tasklets 0 work 2
11-04 20:41:13.741  5421  5421 D cnss    : Setting MHI state: SUSPEND(6)
11-04 20:41:13.741  5421  5421 D cnss    : Suspending PCI link
11-04 20:41:13.741  5421  5421 D cnss    : Use PCIe DRV suspend
11-04 20:41:13.754  5421  5421 D cnss    : Runtime suspend status: 0
11-04 20:41:13.881  2935  3246 D AutomaticBrightnessController[0]: updateAmbientLux [Darkening] mAmbientLux=123.19039 fastAmbientLux=112.375 slowAmbientLux=112.375 threshold=98.552315187580065 (in 500 ms)
11-04 20:41:13.889  2935  3246 D AutomaticBrightnessController[0]: Receive new lux[rear]=0.0
11-04 20:41:13.890  2935  3246 D AutomaticBrightnessController[0]: handleCombineLightSensorEvent mFrontLux=112.375 mRearLux=0.0 mLightSensor=TCS3720 Ambient Light Sensor Non-wakeup mLightSensorEnableTime=187555130 (24444 ms ago)
11-04 20:41:13.890  2935  3246 D AutomaticBrightnessController[0]: Receive new lux[rear]=0.0
11-04 20:41:13.890  2935  3246 D AutomaticBrightnessController[0]: handleCombineLightSensorEvent mFrontLux=112.375 mRearLux=0.0 mLightSensor=TCS3720 Ambient Light Sensor Non-wakeup mLightSensorEnableTime=187555130 (24444 ms ago)
11-04 20:41:13.890  2935  3246 D AutomaticBrightnessController[0]: Receive new lux[rear]=0.0
11-04 20:41:13.890  2935  3246 D AutomaticBrightnessController[0]: handleCombineLightSensorEvent mFrontLux=112.375 mRearLux=0.0 mLightSensor=TCS3720 Ambient Light Sensor Non-wakeup mLightSensorEnableTime=187555130 (24444 ms ago)
11-04 20:41:13.890  2935  3246 D AutomaticBrightnessController[0]: Receive new lux[rear]=0.0
11-04 20:41:13.890  2935  3246 D AutomaticBrightnessController[0]: handleCombineLightSensorEvent mFrontLux=112.375 mRearLux=0.0 mLightSensor=TCS3720 Ambient Light Sensor Non-wakeup mLightSensorEnableTime=187555130 (24444 ms ago)
11-04 20:41:13.890  2935  3246 D AutomaticBrightnessController[0]: Receive new lux[rear]=0.0
11-04 20:41:13.890  2935  3246 D AutomaticBrightnessController[0]: handleCombineLightSensorEvent mFrontLux=112.375 mRearLux=0.0 mLightSensor=TCS3720 Ambient Light Sensor Non-wakeup mLightSensorEnableTime=187555130 (24444 ms ago)
11-04 20:41:14.017  3152  3152 I msm_dwc3_perf_vote_work: in_perf_mode:0, interrupts in last sample:87
11-04 20:41:14.141  2935  3246 D AutomaticBrightnessController[0]: Receive new lux[rear]=0.0
11-04 20:41:14.142  2935  3246 D AutomaticBrightnessController[0]: handleCombineLightSensorEvent mFrontLux=112.375 mRearLux=0.0 mLightSensor=TCS3720 Ambient Light Sensor Non-wakeup mLightSensorEnableTime=187555130 (24696 ms ago)
11-04 20:41:14.142  2935  3246 D AutomaticBrightnessController[0]: Receive new lux[rear]=0.0
11-04 20:41:14.143  2935  3246 D AutomaticBrightnessController[0]: handleCombineLightSensorEvent mFrontLux=112.375 mRearLux=0.0 mLightSensor=TCS3720 Ambient Light Sensor Non-wakeup mLightSensorEnableTime=187555130 (24697 ms ago)
11-04 20:41:14.143  2935  3246 D AutomaticBrightnessController[0]: Receive new lux[rear]=0.0
11-04 20:41:14.143  2935  3246 D AutomaticBrightnessController[0]: handleCombineLightSensorEvent mFrontLux=112.375 mRearLux=0.0 mLightSensor=TCS3720 Ambient Light Sensor Non-wakeup mLightSensorEnableTime=187555130 (24697 ms ago)
11-04 20:41:14.144  2935  3246 D AutomaticBrightnessController[0]: Receive new lux[rear]=0.0
11-04 20:41:14.144  2935  3246 D AutomaticBrightnessController[0]: handleCombineLightSensorEvent mFrontLux=112.375 mRearLux=0.0 mLightSensor=TCS3720 Ambient Light Sensor Non-wakeup mLightSensorEnableTime=187555130 (24699 ms ago)
11-04 20:41:14.145  2935  3246 D AutomaticBrightnessController[0]: Receive new lux[rear]=0.0
11-04 20:41:14.146  2935  3246 D AutomaticBrightnessController[0]: handleCombineLightSensorEvent mFrontLux=112.375 mRearLux=0.0 mLightSensor=TCS3720 Ambient Light Sensor Non-wakeup mLightSensorEnableTime=187555130 (24700 ms ago)
11-04 20:41:14.382  2935  3246 D AutomaticBrightnessController[0]: updateAmbientLux [Darkening] mAmbientLux=123.19039 fastAmbientLux=112.375 slowAmbientLux=112.375 threshold=98.552315187580566 (in 500 ms)
11-04 20:41:14.389  2935  3246 D AutomaticBrightnessController[0]: Receive new lux[rear]=0.0
11-04 20:41:14.390  2935  3246 D AutomaticBrightnessController[0]: handleCombineLightSensorEvent mFrontLux=112.375 mRearLux=0.0 mLightSensor=TCS3720 Ambient Light Sensor Non-wakeup mLightSensorEnableTime=187555130 (24944 ms ago)
11-04 20:41:14.391  2935  3246 D AutomaticBrightnessController[0]: Receive new lux[rear]=0.0
11-04 20:41:14.391  2935  3246 D AutomaticBrightnessController[0]: handleCombineLightSensorEvent mFrontLux=112.375 mRearLux=0.0 mLightSensor=TCS3720 Ambient Light Sensor Non-wakeup mLightSensorEnableTime=187555130 (24946 ms ago)
11-04 20:41:14.392  2935  3246 D AutomaticBrightnessController[0]: Receive new lux[rear]=0.0
11-04 20:41:14.392  2935  3246 D AutomaticBrightnessController[0]: handleCombineLightSensorEvent mFrontLux=112.375 mRearLux=0.0 mLightSensor=TCS3720 Ambient Light Sensor Non-wakeup mLightSensorEnableTime=187555130 (24947 ms ago)
11-04 20:41:14.393  2935  3246 D AutomaticBrightnessController[0]: Receive new lux[rear]=0.0
11-04 20:41:14.393  2935  3246 D AutomaticBrightnessController[0]: handleCombineLightSensorEvent mFrontLux=112.375 mRearLux=0.0 mLightSensor=TCS3720 Ambient Light Sensor Non-wakeup mLightSensorEnableTime=187555130 (24947 ms ago)
11-04 20:41:14.394  2935  3246 D AutomaticBrightnessController[0]: Receive new lux[rear]=0.0
11-04 20:41:14.394  2935  3246 D AutomaticBrightnessController[0]: handleCombineLightSensorEvent mFrontLux=112.375 mRearLux=0.0 mLightSensor=TCS3720 Ambient Light Sensor Non-wakeup mLightSensorEnableTime=187555130 (24948 ms ago)
11-04 20:41:14.640  2935  3246 D AutomaticBrightnessController[0]: Receive new lux[rear]=0.0
11-04 20:41:14.641  2935  3246 D AutomaticBrightnessController[0]: handleCombineLightSensorEvent mFrontLux=112.375 mRearLux=0.0 mLightSensor=TCS3720 Ambient Light Sensor Non-wakeup mLightSensorEnableTime=187555130 (25195 ms ago)
11-04 20:41:14.641  2935  3246 D AutomaticBrightnessController[0]: Receive new lux[rear]=0.0
11-04 20:41:14.642  2935  3246 D AutomaticBrightnessController[0]: handleCombineLightSensorEvent mFrontLux=112.375 mRearLux=0.0 mLightSensor=TCS3720 Ambient Light Sensor Non-wakeup mLightSensorEnableTime=187555130 (25196 ms ago)
11-04 20:41:14.642  2935  3246 D AutomaticBrightnessController[0]: Receive new lux[rear]=0.0
11-04 20:41:14.642  2935  3246 D AutomaticBrightnessController[0]: handleCombineLightSensorEvent mFrontLux=112.375 mRearLux=0.0 mLightSensor=TCS3720 Ambient Light Sensor Non-wakeup mLightSensorEnableTime=187555130 (25196 ms ago)
11-04 20:41:14.642  2935  3246 D AutomaticBrightnessController[0]: Receive new lux[rear]=0.0
11-04 20:41:14.642  2935  3246 D AutomaticBrightnessController[0]: handleCombineLightSensorEvent mFrontLux=112.375 mRearLux=0.0 mLightSensor=TCS3720 Ambient Light Sensor Non-wakeup mLightSensorEnableTime=187555130 (25197 ms ago)
11-04 20:41:14.642  2935  3246 D AutomaticBrightnessController[0]: Receive new lux[rear]=0.0
11-04 20:41:14.643  2935  3246 D AutomaticBrightnessController[0]: handleCombineLightSensorEvent mFrontLux=112.375 mRearLux=0.0 mLightSensor=TCS3720 Ambient Light Sensor Non-wakeup mLightSensorEnableTime=187555130 (25197 ms ago)
11-04 20:41:14.882  2935  3246 D AutomaticBrightnessController[0]: updateAmbientLux [Darkening] mAmbientLux=123.19039 fastAmbientLux=112.375 slowAmbientLux=112.375 threshold=98.552315187581066 (in 499 ms)
11-04 20:41:14.889  2935  3246 D AutomaticBrightnessController[0]: Receive new lux[rear]=0.0
11-04 20:41:14.889  2935  3246 D AutomaticBrightnessController[0]: handleCombineLightSensorEvent mFrontLux=112.375 mRearLux=0.0 mLightSensor=TCS3720 Ambient Light Sensor Non-wakeup mLightSensorEnableTime=187555130 (25443 ms ago)
11-04 20:41:14.890  2935  3246 D AutomaticBrightnessController[0]: Receive new lux[rear]=0.0
11-04 20:41:14.890  2935  3246 D AutomaticBrightnessController[0]: handleCombineLightSensorEvent mFrontLux=112.375 mRearLux=0.0 mLightSensor=TCS3720 Ambient Light Sensor Non-wakeup mLightSensorEnableTime=187555130 (25444 ms ago)
11-04 20:41:14.890  2935  3246 D AutomaticBrightnessController[0]: Receive new lux[rear]=0.0
11-04 20:41:14.890  2935  3246 D AutomaticBrightnessController[0]: handleCombineLightSensorEvent mFrontLux=112.375 mRearLux=0.0 mLightSensor=TCS3720 Ambient Light Sensor Non-wakeup mLightSensorEnableTime=187555130 (25445 ms ago)
11-04 20:41:14.891  2935  3246 D AutomaticBrightnessController[0]: Receive new lux[rear]=0.0
11-04 20:41:14.891  2935  3246 D AutomaticBrightnessController[0]: handleCombineLightSensorEvent mFrontLux=112.375 mRearLux=0.0 mLightSensor=TCS3720 Ambient Light Sensor Non-wakeup mLightSensorEnableTime=187555130 (25445 ms ago)
11-04 20:41:14.891  2935  3246 D AutomaticBrightnessController[0]: Receive new lux[rear]=0.0
11-04 20:41:14.891  2935  3246 D AutomaticBrightnessController[0]: handleCombineLightSensorEvent mFrontLux=112.375 mRearLux=0.0 mLightSensor=TCS3720 Ambient Light Sensor Non-wakeup mLightSensorEnableTime=187555130 (25445 ms ago)
11-04 20:41:15.139  2935  3246 D AutomaticBrightnessController[0]: Receive new lux[rear]=0.0
11-04 20:41:15.139  2935  3246 D AutomaticBrightnessController[0]: handleCombineLightSensorEvent mFrontLux=112.375 mRearLux=0.0 mLightSensor=TCS3720 Ambient Light Sensor Non-wakeup mLightSensorEnableTime=187555130 (25693 ms ago)
11-04 20:41:15.139  2935  3246 D AutomaticBrightnessController[0]: Receive new lux[rear]=0.0
11-04 20:41:15.139  2935  3246 D AutomaticBrightnessController[0]: handleCombineLightSensorEvent mFrontLux=112.375 mRearLux=0.0 mLightSensor=TCS3720 Ambient Light Sensor Non-wakeup mLightSensorEnableTime=187555130 (25693 ms ago)
11-04 20:41:15.139  2935  3246 D AutomaticBrightnessController[0]: Receive new lux[rear]=0.0
11-04 20:41:15.139  2935  3246 D AutomaticBrightnessController[0]: handleCombineLightSensorEvent mFrontLux=112.375 mRearLux=0.0 mLightSensor=TCS3720 Ambient Light Sensor Non-wakeup mLightSensorEnableTime=187555130 (25693 ms ago)
11-04 20:41:15.139  2935  3246 D AutomaticBrightnessController[0]: Receive new lux[rear]=0.0
11-04 20:41:15.140  2935  3246 D AutomaticBrightnessController[0]: handleCombineLightSensorEvent mFrontLux=112.375 mRearLux=0.0 mLightSensor=TCS3720 Ambient Light Sensor Non-wakeup mLightSensorEnableTime=187555130 (25693 ms ago)
11-04 20:41:15.140  2935  3246 D AutomaticBrightnessController[0]: Receive new lux[rear]=0.0
11-04 20:41:15.140  2935  3246 D AutomaticBrightnessController[0]: handleCombineLightSensorEvent mFrontLux=112.375 mRearLux=0.0 mLightSensor=TCS3720 Ambient Light Sensor Non-wakeup mLightSensorEnableTime=187555130 (25694 ms ago)
11-04 20:41:15.383  2935  3246 D AutomaticBrightnessController[0]: updateAmbientLux [Darkening] mAmbientLux=123.19039 fastAmbientLux=112.375 slowAmbientLux=112.375 threshold=98.552315187581567 (in 500 ms)
11-04 20:41:15.388  2935  3246 D AutomaticBrightnessController[0]: Receive new lux[rear]=0.0
11-04 20:41:15.389  2935  3246 D AutomaticBrightnessController[0]: handleCombineLightSensorEvent mFrontLux=112.375 mRearLux=0.0 mLightSensor=TCS3720 Ambient Light Sensor Non-wakeup mLightSensorEnableTime=187555130 (25943 ms ago)
11-04 20:41:15.390  2935  3246 D AutomaticBrightnessController[0]: Receive new lux[rear]=0.0
11-04 20:41:15.391  2935  3246 D AutomaticBrightnessController[0]: handleCombineLightSensorEvent mFrontLux=112.375 mRearLux=0.0 mLightSensor=TCS3720 Ambient Light Sensor Non-wakeup mLightSensorEnableTime=187555130 (25945 ms ago)
11-04 20:41:15.392  2935  3246 D AutomaticBrightnessController[0]: Receive new lux[rear]=0.0
11-04 20:41:15.393  2935  3246 D AutomaticBrightnessController[0]: handleCombineLightSensorEvent mFrontLux=112.375 mRearLux=0.0 mLightSensor=TCS3720 Ambient Light Sensor Non-wakeup mLightSensorEnableTime=187555130 (25947 ms ago)
11-04 20:41:15.394  2935  3246 D AutomaticBrightnessController[0]: Receive new lux[rear]=0.0
11-04 20:41:15.395  2935  3246 D AutomaticBrightnessController[0]: handleCombineLightSensorEvent mFrontLux=112.375 mRearLux=0.0 mLightSensor=TCS3720 Ambient Light Sensor Non-wakeup mLightSensorEnableTime=187555130 (25949 ms ago)
11-04 20:41:15.396  2935  3246 D AutomaticBrightnessController[0]: Receive new lux[rear]=0.0
11-04 20:41:15.397  2935  3246 D AutomaticBrightnessController[0]: handleCombineLightSensorEvent mFrontLux=112.375 mRearLux=0.0 mLightSensor=TCS3720 Ambient Light Sensor Non-wakeup mLightSensorEnableTime=187555130 (25951 ms ago)
11-04 20:41:15.633  2935  3182 W ActivityManager: System server heap size? maxMemory=5.36870912E8 totalMemory=1.52700008E8
11-04 20:41:15.637  2935  3246 D AutomaticBrightnessController[0]: Receive new lux[rear]=0.0
11-04 20:41:15.638  2935  3246 D AutomaticBrightnessController[0]: handleCombineLightSensorEvent mFrontLux=112.375 mRearLux=0.0 mLightSensor=TCS3720 Ambient Light Sensor Non-wakeup mLightSensorEnableTime=187555130 (26192 ms ago)
11-04 20:41:15.638  2935  3246 D AutomaticBrightnessController[0]: Receive new lux[rear]=0.0
11-04 20:41:15.639  2935  3246 D AutomaticBrightnessController[0]: handleCombineLightSensorEvent mFrontLux=112.375 mRearLux=0.0 mLightSensor=TCS3720 Ambient Light Sensor Non-wakeup mLightSensorEnableTime=187555130 (26193 ms ago)
11-04 20:41:15.639  2935  3246 D AutomaticBrightnessController[0]: Receive new lux[rear]=0.0
11-04 20:41:15.639  2935  3246 D AutomaticBrightnessController[0]: handleCombineLightSensorEvent mFrontLux=112.375 mRearLux=0.0 mLightSensor=TCS3720 Ambient Light Sensor Non-wakeup mLightSensorEnableTime=187555130 (26193 ms ago)
11-04 20:41:15.639  2935  3246 D AutomaticBrightnessController[0]: Receive new lux[rear]=0.0
11-04 20:41:15.639  2935  3246 D AutomaticBrightnessController[0]: handleCombineLightSensorEvent mFrontLux=112.375 mRearLux=0.0 mLightSensor=TCS3720 Ambient Light Sensor Non-wakeup mLightSensorEnableTime=187555130 (26193 ms ago)
11-04 20:41:15.639  2935  3246 D AutomaticBrightnessController[0]: Receive new lux[rear]=0.0
11-04 20:41:15.639  2935  3246 D AutomaticBrightnessController[0]: handleCombineLightSensorEvent mFrontLux=112.375 mRearLux=0.0 mLightSensor=TCS3720 Ambient Light Sensor Non-wakeup mLightSensorEnableTime=187555130 (26193 ms ago)
11-04 20:41:15.885  2935  3246 D AutomaticBrightnessController[0]: updateAmbientLux [Darkening] mAmbientLux=123.19039 fastAmbientLux=112.375 slowAmbientLux=112.375 threshold=98.552315187582069 (in 500 ms)
11-04 20:41:15.888  2935  3246 D AutomaticBrightnessController[0]: Receive new lux[rear]=0.0
11-04 20:41:15.889  2935  3246 D AutomaticBrightnessController[0]: handleCombineLightSensorEvent mFrontLux=112.375 mRearLux=0.0 mLightSensor=TCS3720 Ambient Light Sensor Non-wakeup mLightSensorEnableTime=187555130 (26443 ms ago)
11-04 20:41:15.889  2935  3246 D AutomaticBrightnessController[0]: Receive new lux[rear]=0.0
11-04 20:41:15.890  2935  3246 D AutomaticBrightnessController[0]: handleCombineLightSensorEvent mFrontLux=112.375 mRearLux=0.0 mLightSensor=TCS3720 Ambient Light Sensor Non-wakeup mLightSensorEnableTime=187555130 (26444 ms ago)
11-04 20:41:15.890  2935  3246 D AutomaticBrightnessController[0]: Receive new lux[rear]=0.0
11-04 20:41:15.891  2935  3246 D AutomaticBrightnessController[0]: handleCombineLightSensorEvent mFrontLux=112.375 mRearLux=0.0 mLightSensor=TCS3720 Ambient Light Sensor Non-wakeup mLightSensorEnableTime=187555130 (26445 ms ago)
11-04 20:41:15.891  2935  3246 D AutomaticBrightnessController[0]: Receive new lux[rear]=0.0
11-04 20:41:15.892  2935  3246 D AutomaticBrightnessController[0]: handleCombineLightSensorEvent mFrontLux=112.375 mRearLux=0.0 mLightSensor=TCS3720 Ambient Light Sensor Non-wakeup mLightSensorEnableTime=187555130 (26446 ms ago)
11-04 20:41:15.892  2935  3246 D AutomaticBrightnessController[0]: Receive new lux[rear]=0.0
11-04 20:41:15.892  2935  3246 D AutomaticBrightnessController[0]: handleCombineLightSensorEvent mFrontLux=112.375 mRearLux=0.0 mLightSensor=TCS3720 Ambient Light Sensor Non-wakeup mLightSensorEnableTime=187555130 (26447 ms ago)
11-04 20:41:15.932  2935  3592 I AlarmManager: deliverAlarmsLocked, the triggerList size :1
11-04 20:41:15.936  2935  3592 I framework_stats_log: [SERVICE_STATE_CHANGED, 10194, com.google.android.gms, com.google.android.gms.chimera.GmsIntentOperationService, 1]
11-04 20:41:15.938  2935  3592 D ActivityManager: Set 24501 com.google.android.gms adj 0: service (ProcessRecord{cbe5984 5898:com.google.android.googlequicksearchbox:search/u0a238})
11-04 20:41:15.938  2935  3592 I framework_stats_log: [SERVICE_LAUNCH_REPORTED, 10194, com.google.android.gms, com.google.android.gms.chimera.GmsIntentOperationService]
11-04 20:41:15.942  2935  3592 I framework_stats_log: [SERVICE_REQUEST_EVENT_REPORTED, 10194, 10194, DEVICE_STATE_CHECK_DELAY_COMPLETE, 1, false, 1]
11-04 20:41:15.943  2935  3592 D PowerManagerService: acquireWakeLockInternal: lock=116580702, flags=0x1, tag=\"*alarm*\", ws=WorkSource{10194 com.google.android.gms}, uid=1000, pid=2935, packageName=\"android\", displayId=-1
11-04 20:41:15.949  2935  3592 I framework_stats_log: [ALARM_BATCH_DELIVERED, 1, 0]
11-04 20:41:15.950  2935  2935 D PowerManagerService: releaseWakeLockInternal: lock=116580702 [*alarm*], flags=0x0, packageName=\"android\", displayId=-1
11-04 20:41:15.952  2935  6667 D ActivityManager: Set 24501 com.google.android.gms adj 100: service (ProcessRecord{cbe5984 5898:com.google.android.googlequicksearchbox:search/u0a238})
11-04 20:41:15.953  2935  5177 I framework_stats_log: [ALARM_SCHEDULED, 10194, false, false, false, false, false, 0, false, 1020]
11-04 20:41:16.033  3152  3152 I msm_dwc3_perf_vote_work: in_perf_mode:0, interrupts in last sample:44
11-04 20:41:16.138  2935  3246 D AutomaticBrightnessController[0]: Receive new lux[rear]=0.0
11-04 20:41:16.140  2935  3246 D AutomaticBrightnessController[0]: handleCombineLightSensorEvent mFrontLux=112.375 mRearLux=0.0 mLightSensor=TCS3720 Ambient Light Sensor Non-wakeup mLightSensorEnableTime=187555130 (26694 ms ago)
11-04 20:41:16.140  2935  3246 D AutomaticBrightnessController[0]: Receive new lux[rear]=0.0
11-04 20:41:16.141  2935  3246 D AutomaticBrightnessController[0]: handleCombineLightSensorEvent mFrontLux=112.375 mRearLux=0.0 mLightSensor=TCS3720 Ambient Light Sensor Non-wakeup mLightSensorEnableTime=187555130 (26695 ms ago)
11-04 20:41:16.141  2935  3246 D AutomaticBrightnessController[0]: Receive new lux[rear]=0.0
11-04 20:41:16.141  2935  3246 D AutomaticBrightnessController[0]: handleCombineLightSensorEvent mFrontLux=112.375 mRearLux=0.0 mLightSensor=TCS3720 Ambient Light Sensor Non-wakeup mLightSensorEnableTime=187555130 (26695 ms ago)
11-04 20:41:16.141  2935  3246 D AutomaticBrightnessController[0]: Receive new lux[rear]=0.0
11-04 20:41:16.141  2935  3246 D AutomaticBrightnessController[0]: handleCombineLightSensorEvent mFrontLux=112.375 mRearLux=0.0 mLightSensor=TCS3720 Ambient Light Sensor Non-wakeup mLightSensorEnableTime=187555130 (26695 ms ago)
11-04 20:41:16.141  2935  3246 D AutomaticBrightnessController[0]: Receive new lux[rear]=0.0
11-04 20:41:16.141  2935  3246 D AutomaticBrightnessController[0]: handleCombineLightSensorEvent mFrontLux=112.375 mRearLux=0.0 mLightSensor=TCS3720 Ambient Light Sensor Non-wakeup mLightSensorEnableTime=187555130 (26695 ms ago)
11-04 20:41:16.267  3152  3152 I qti_glink_charger: qti_charger_get_chg_info: LPD: present=0, rsbu1=204400, rsbu2=233657
11-04 20:41:16.275  3152  3152 I qti_glink_charger: qti_wireless_charge_dump_info: Wireless dump info -1: CHIP_ID: 0x0000, MTP_FW_VER: 0x0000, IRQ STATUS: 0x0000, SYS_MODE:  RX/TX 0, OP_MODE:  BPP/EPP 0x0, RX_FOP: 0kHz, RX_VOUT: 0mV, RX_VRECT: 0mV, RX_IRECT: 0mV, RX_NEG_POWER: 0w
11-04 20:41:16.275  3152  3152 I qti_glink_charger: qti_wireless_charge_dump_info: Wireless dump info -2: TX_IIN: 0mA, TX_VIN: 0mV, TX_VRECT: 0mV, TX_DET_RX_POWER: 0mW, TX_POWER: 0mW, POWER_LOSS: 0mW, TX_FOD: 0, RX_CONNECTED: 0, TX_EPT_RSN: 0x0000,
11-04 20:41:16.275  3152  3152 I qti_glink_charger: qti_wireless_charge_dump_info: Wireless dump info -3: rx_ept: 0, rx_ce: 0, rx_rp: 0, rx_dietemp: 0, USB_OTG: 0, WLS_BOOST: 0, WLS_ICL_MA: 1250mA, WLS_ICL_THERM_MA: 1250mA
11-04 20:41:16.275  3152  3152 I qti_glink_charger: qti_wireless_charge_dump_info: Wireless dump info -4: WLC Stand: tx_type 0, tx_power: 0, fan: 0, light: 0, status: 0
11-04 20:41:16.275  3152  3152 I mmi_charger: mmi_get_charger_info: [C:qti_glink_charger]: batt_mv 4432, batt_ma -6, batt_soc 100, batt_temp 27, batt_status 4, batt_sn SB18D58448, batt_fv_mv 4420, batt_fcc_ma 6000
11-04 20:41:16.275  3152  3152 I mmi_charger: mmi_get_charger_info: [C:qti_glink_charger]: chrg_present 1, chrg_type 3, chrg_pmax_mw 7000, chrg_mv 5086, chrg_ma 253, chrg_otg_enabled 0, thermal_level 0
11-04 20:41:16.275  3152  3152 I mmi_charger: mmi_update_charger_status: [C:qti_glink_charger]: StepChg: MAX, TempZone: 0, LimitMode: 2, DemoSuspend: 0
11-04 20:41:16.275  3152  3152 I mmi_charger: mmi_configure_charger: [C:qti_glink_charger]: FV=4400, FCC=4000, CDIS=0, CSUS=0, CRES=0, CFULL=0
11-04 20:41:16.337  2935  5177 D PowerManagerService: acquireWakeLockInternal: lock=219257212, flags=0x1, tag=\"*location*:GnssLocationProvider\", ws=null, uid=1000, pid=2935, packageName=\"android\", displayId=-1
11-04 20:41:16.347  2935  3166 D PowerManagerService: releaseWakeLockInternal: lock=219257212 [*location*:GnssLocationProvider], flags=0x0, packageName=\"android\", displayId=-1
11-04 20:41:16.350  2935  5219 D PowerManagerService: acquireWakeLockInternal: lock=246821943, flags=0x1, tag=\"GCoreFlp\", ws=WorkSource{10466 jp.co.cyberagent.stf}, uid=10194, pid=23545, packageName=\"com.google.android.gms\", displayId=-1
11-04 20:41:16.356  2935  5219 D PowerManagerService: releaseWakeLockInternal: lock=246821943 [GCoreFlp], flags=0x0, packageName=\"com.google.android.gms\", displayId=-1
11-04 20:41:16.385  2935  3246 D AutomaticBrightnessController[0]: updateAmbientLux [Darkening] mAmbientLux=123.19039 fastAmbientLux=112.375 slowAmbientLux=112.375 threshold=98.552315187582569 (in 500 ms)
11-04 20:41:16.388  2935  3246 D AutomaticBrightnessController[0]: Receive new lux[rear]=0.0
11-04 20:41:16.388  2935  3246 D AutomaticBrightnessController[0]: handleCombineLightSensorEvent mFrontLux=112.375 mRearLux=0.0 mLightSensor=TCS3720 Ambient Light Sensor Non-wakeup mLightSensorEnableTime=187555130 (26942 ms ago)
11-04 20:41:16.388  2935  3246 D AutomaticBrightnessController[0]: Receive new lux[rear]=0.0
11-04 20:41:16.388  2935  3246 D AutomaticBrightnessController[0]: handleCombineLightSensorEvent mFrontLux=112.375 mRearLux=0.0 mLightSensor=TCS3720 Ambient Light Sensor Non-wakeup mLightSensorEnableTime=187555130 (26942 ms ago)
11-04 20:41:16.388  2935  3246 D AutomaticBrightnessController[0]: Receive new lux[rear]=0.0
11-04 20:41:16.388  2935  3246 D AutomaticBrightnessController[0]: handleCombineLightSensorEvent mFrontLux=112.375 mRearLux=0.0 mLightSensor=TCS3720 Ambient Light Sensor Non-wakeup mLightSensorEnableTime=187555130 (26942 ms ago)
11-04 20:41:16.388  2935  3246 D AutomaticBrightnessController[0]: Receive new lux[rear]=0.0
11-04 20:41:16.388  2935  3246 D AutomaticBrightnessController[0]: handleCombineLightSensorEvent mFrontLux=112.375 mRearLux=0.0 mLightSensor=TCS3720 Ambient Light Sensor Non-wakeup mLightSensorEnableTime=187555130 (26942 ms ago)
11-04 20:41:16.388  2935  3246 D AutomaticBrightnessController[0]: Receive new lux[rear]=0.0
11-04 20:41:16.388  2935  3246 D AutomaticBrightnessController[0]: handleCombineLightSensorEvent mFrontLux=112.375 mRearLux=0.0 mLightSensor=TCS3720 Ambient Light Sensor Non-wakeup mLightSensorEnableTime=187555130 (26942 ms ago)
11-04 20:41:16.638  2935  3246 D AutomaticBrightnessController[0]: Receive new lux[rear]=0.0
11-04 20:41:16.639  2935  3246 D AutomaticBrightnessController[0]: handleCombineLightSensorEvent mFrontLux=112.375 mRearLux=0.0 mLightSensor=TCS3720 Ambient Light Sensor Non-wakeup mLightSensorEnableTime=187555130 (27193 ms ago)
11-04 20:41:16.639  2935  3246 D AutomaticBrightnessController[0]: Receive new lux[rear]=0.0
11-04 20:41:16.640  2935  3246 D AutomaticBrightnessController[0]: handleCombineLightSensorEvent mFrontLux=112.375 mRearLux=0.0 mLightSensor=TCS3720 Ambient Light Sensor Non-wakeup mLightSensorEnableTime=187555130 (27194 ms ago)
11-04 20:41:16.640  2935  3246 D AutomaticBrightnessController[0]: Receive new lux[rear]=0.0
