--------- beginning of main
10-15 21:09:25.207 10532 10723 W bt_stack: pause_registered_clients()
10-15 21:09:25.208 10532 10723 W bt_stack: le_scanning_manager :: OnPause()
10-15 21:09:25.208 10532 10723 W bt_stack: Stop LeSetExtendedScan
10-15 21:09:25.208 10532 10723 W bt_stack: le_scanning_manager :: OnPause() - call AckPause
10-15 21:09:25.210   975   975 D vendor.qti.bluetooth@1.0-ibs_handler: SerialClockVote: vote for UART CLK ON
10-15 21:09:25.213   975   975 D vendor.qti.bluetooth@1.0-wake_lock: Acquire wakelock is acquired 
10-15 21:09:25.213   975   975 I vendor.qti.bluetooth@1.0-ibs_handler: DeviceWakeUp: Writing IBS_WAKE_IND
10-15 21:09:25.217   975 10745 I vendor.qti.bluetooth@1.0-ibs_handler: ProcessIbsCmd: Received IBS_WAKE_ACK: 0xFC
10-15 21:09:25.217   975 10745 I vendor.qti.bluetooth@1.0-ibs_handler: ProcessIbsCmd: Signal wack_cond_
10-15 21:09:25.217   975   975 D vendor.qti.bluetooth@1.0-ibs_handler: DeviceWakeUp: Unblocked from waiting for FC, pthread_cond_timedwait ret = 0
10-15 21:09:25.219 10532 10723 W bt_stack: le_address_manager :: ack_pause()
10-15 21:09:25.219 10532 10723 W bt_stack: le_address_manager :: ack_pause() - handle_next_command
10-15 21:09:25.219 10532 10723 W bt_stack: handle_next_command()
10-15 21:09:25.219   975 10745 I vendor.qti.bluetooth@1.0-ibs_handler: ProcessIbsCmd: Received IBS_WAKE_IND: 0xFD
10-15 21:09:25.219   975 10745 I vendor.qti.bluetooth@1.0-ibs_handler: ProcessIbsCmd: Writing IBS_WAKE_ACK
10-15 21:09:25.231 10532 10723 W bt_stack: Received command complete with op_code LE_SET_RANDOM_ADDRESS
10-15 21:09:25.231 10532 10723 W bt_stack: le_scanning_manager :: OnResume()
10-15 21:09:25.231 10532 10723 W bt_stack: Start LeSetExtendedScan
10-15 21:09:25.231 10532 10723 W bt_stack: le_scanning_manager :: OnResume() - call AckResume
10-15 21:09:25.231 10532 10723 W bt_stack: le_address_manager :: ack_resume()
--------- beginning of system
10-15 21:09:25.246   649   649 D io_stats: !@   8,0 r 10482044 185612824 w 2821178 26069152 d 686182 73312688 f 0 0 iot 9712628 0 th 0 0 0 pt 0 inp 0 0 371102.969
10-15 21:09:25.246   649   649 D io_stats: !@ Read_top(KB): logcat(31424) 12 kworker/u16:3(26640) 4
10-15 21:09:25.274   975 10745 I vendor.qti.bluetooth@1.0-ibs_handler: ProcessIbsCmd: Received IBS_SLEEP_IND: 0xFE
10-15 21:09:25.373  1241  4328 D AppOps  : noteOperation: reject #3 for code 105 (105) uid 1001 package com.android.phone flags: s
10-15 21:09:25.378  2616  2616 E STFService: getNetworkProperties: Location fine denied
10-15 21:09:25.444  1241 31427 E BinderTransaction: Binder proc file not exist.
10-15 21:09:25.524  1241  1655 E Watchdog: !@Sync: 12341 heap: 79 / 94 FD: 928 [2023-10-15 21:09:25.523]
10-15 21:09:25.927  2616  2685 I STFService: CoreFrequency index: 0 current: 576000 max: 1804800
10-15 21:09:25.931  2616  2685 I STFService: CoreFrequency index: 1 current: 576000 max: 1804800
10-15 21:09:25.935  2616  2685 I STFService: CoreFrequency index: 2 current: 576000 max: 1804800
10-15 21:09:25.939  2616  2685 I STFService: CoreFrequency index: 3 current: 576000 max: 1804800
10-15 21:09:25.943  2616  2685 I STFService: CoreFrequency index: 4 current: 576000 max: 1804800
10-15 21:09:25.948  2616  2685 I STFService: CoreFrequency index: 5 current: 576000 max: 1804800
10-15 21:09:25.953  2616  2685 I STFService: CoreFrequency index: 6 current: 691200 max: 2208000
10-15 21:09:25.960  2616  2685 I STFService: CoreFrequency index: 7 current: 691200 max: 2208000
10-15 21:09:26.233   975 10748 I vendor.qti.bluetooth@1.0-ibs_handler: DeviceSleep: TX Awake, Sending SLEEP_IND
10-15 21:09:26.233   975 10748 D vendor.qti.bluetooth@1.0-ibs_handler: SerialClockVote: vote for UART CLK OFF
--------- beginning of radio
10-15 21:09:26.238  1437  1952 D RILD    : QmiVssUnsolicitedCallback: msgId(6)
10-15 21:09:26.238  1437  1952 D RILD    : IpcOverQmiChannel: NotifyAsyncMessage completed
10-15 21:09:26.239  1437  1953 V RILD    : IpcModem::ReceiveMessage
10-15 21:09:26.239  1437  1953 V RILD    : IpcModem::DoIoChannelRouting
10-15 21:09:26.250  1437  1953 D RILD    : [L] RX: (M)SVC_CMD (S)SVC_DISPLAY_SCREEN (T)NOTI l:aa8 m:00 a:ff [ 50 00 00 20 44 45 42 55 47 20 49 4E 46 4F 20 3A 20 30 20 30 20 31 32 20 31 39 35 20 34 30 31 30 35 30 00 01 00 20 48 50 4C 4D 4E 28 33 31 33 2D 33 34 30 29 20 73 69 6D 5F 73 74 61 74 65 28 31 29 00 00 00 00 02 00 20 53 65 72 76 69 6E 67 20 50 4C 4D 4E 28 33 31 33 2D 33 34 30 29 20 2D 20 4E 52 35 47 00 00 00 03 00 20 4E 57 20 73 65 6C 20 6D 6F 64 65 20 3A 20 4D 61 6E 75 61 6C 00 00 00 00 00 00 00 00 00 00 00 04 00 20 53 65 6C 65 63 74 65 64 20 50 4C 4D 4E 28 33 31 33 2D 33 34 30 29 00 00 00 00 00 00 00 00 00 05 00 20 53 65 72 76 69 63 65 28 61 76 61 69 6C 61 62 6C 65 29 00 31 37 30 38 29 00 30 38 29 00 29 00 06 00 20 4D 4D 35 47 28 52 45 47 49 53 54 45 52 45 44 29 20 53 75 62 28 30 29 00 29 00 00 35 00 00 00 07 00 20 4D 4D 35 47 20 55 70 64 61 74 65 28 55 50 44 41 54 45 44 29 00 35 37 00 00 30 00 00 00 00 00 08 00 20 4E 52 35 47 5F 52 53 52 50 20 3A 20 2D 39 37 00 00 00 4E 52 3A 32 31 2E 32 00 00 2D 2D 00 00 09 00 20 4E 52 35 47 5F 53 49 4E 
10-15 21:09:26.251  1437  1953 D RILD    : 52 20 3A 20 31 37 2E 30 00 20 50 41 53 53 00 2E 34 00 00 00 00 00 00 0A 00 20 4E 52 35 47 5F 52 53 52 51 3A 20 2D 31 31 00 72 65 64 3A 20 32 00 00 00 00 00 00 00 00 00 00 0B 00 20 4E 52 5F 52 52 43 3A 20 49 44 4C 45 00 43 54 45 44 00 41 4D 50 45 44 00 00 00 00 00 00 00 00 0C 00 20 4E 52 5F 53 53 42 5F 49 6E 64 65 78 3A 20 33 00 00 72 28 30 29 2C 20 74 73 73 5F 66 6C 61 00 0D 00 20 4E 52 5F 41 52 46 43 4E 3A 20 34 30 31 30 35 30 00 52 54 45 44 00 53 45 00 6F 72 74 00 00 00 0E 00 20 4E 52 5F 50 43 49 3A 20 31 36 30 00 20 69 73 20 30 00 2D 2D 20 52 53 52 51 3A 20 2D 2D 00 00 0F 00 20 4E 52 5F 42 41 4E 44 3A 20 6E 37 30 00 00 2D 2D 00 20 2D 2D 20 52 53 52 51 3A 20 2D 2D 00 00 10 00 20 4E 52 5F 44 4C 20 53 63 68 65 64 75 6C 69 6E 67 3A 20 30 2E 30 30 20 00 00 00 00 00 00 00 00 11 00 20 4E 52 5F 42 4C 45 52 3A 20 30 2E 30 30 20 00 00 20 2D 2D 00 00 00 00 00 00 00 00 00 00 00 00 12 00 20 4E 52 5F 42 57 3A 20 32 35 20 4D 48 7A 00 2D 2D 00 20 54 79 
10-15 21:09:26.251  1437  1953 D RILD    : 70 65 3A 20 2D 2D 00 00 00 00 00 13 00 20 4E 52 5F 53 41 5F 52 4C 46 20 43 6F 75 6E 74 3A 20 2D 2D 00 00 00 00 00 00 00 00 00 00 00 00 14 00 20 4E 52 5F 41 4E 54 20 4D 41 58 20 52 53 52 50 3A 20 2D 37 39 00 00 00 00 00 00 00 00 00 00 00 15 00 20 4E 52 5F 41 4E 54 20 4D 49 4E 20 52 53 52 50 3A 20 2D 31 35 34 00 00 00 00 00 00 00 00 00 00 16 00 20 4E 52 5F 54 78 20 50 68 79 20 43 68 61 6E 6E 65 6C 20 54 79 70 65 3A 20 50 55 43 43 48 00 00 17 00 20 4E 52 20 52 58 30 20 52 53 52 50 3A 20 2D 39 36 20 00 00 00 20 00 00 00 00 00 00 00 00 00 00 18 00 20 4E 52 20 52 58 31 20 52 53 52 50 3A 20 2D 39 37 20 00 00 79 70 65 3A 20 2D 2D 00 00 00 00 00 19 00 20 4E 52 20 52 58 32 20 52 53 52 50 3A 20 2D 31 30 32 20 00 41 53 53 00 20 2D 2D 00 00 00 00 00 1A 00 20 4E 52 20 52 58 33 20 52 53 52 50 3A 20 2D 39 39 20 00 00 2D 2D 00 00 00 00 00 00 00 00 00 00 1B 00 20 4E 52 5F 54 78 20 50 77 72 3A 20 31 36 20 64 42 6D 00 20 00 2D 00 00 00 00 00 00 00 00 00 00 1C 
10-15 21:09:26.251  1437  1953 D RILD    : 00 20 4E 52 5F 53 43 53 3A 20 31 35 6B 48 7A 00 2D 31 30 33 20 00 29 2C 20 74 73 73 5F 66 6C 61 00 1D 00 20 4E 52 5F 43 44 52 58 3A ]
10-15 21:09:26.251  1437  1953 V RILD    : MatchIpc: mMainCmd 11 mainCmd 0b mSubCmdMask ffffffffffffffff_ffffffffffffffff subCmd 05
10-15 21:09:26.251  1437  1953 V RILD    : MatchIpc: mMainCmd 16 mainCmd 0b mSubCmdMask 0_f1b06fefe subCmd 05
10-15 21:09:26.252  1437  1953 V RILD    : MatchIpc: mMainCmd 23 mainCmd 0b mSubCmdMask 0_36 subCmd 05
10-15 21:09:26.252  1437  1953 V RILD    : MatchIpc: mMainCmd 24 mainCmd 0b mSubCmdMask ffffffffffffffff_ffffffffffffffff subCmd 05
10-15 21:09:26.252  1437  1953 V RILD    : MatchIpc: mMainCmd 25 mainCmd 0b mSubCmdMask ffffffffffffffff_ffffffffffffffff subCmd 05
10-15 21:09:26.252  1437  1953 D RILD    : GetRxData:
10-15 21:09:26.252  1437  1953 D RILD    : IpcRxServiceModeDisplayScreen:
10-15 21:09:26.252  1437  1953 D RILD    : BuildRilDataSvcModeDisplayScreen:
10-15 21:09:26.252  1437  1953 V RILD    : IpcModem::ProcessIpc regType=82
10-15 21:09:26.253  1437  1953 V RILD    : Registrant::Notify refcnt(1)
10-15 21:09:26.253  1437  1687 D RILD    : SVC-MGR(19): evt(103)
10-15 21:09:26.253  1437  1687 D RILD    : EVENT_MODEMUI_UPDATED response
10-15 21:09:26.253  1437  1687 V RILD    : Message obj refcnt=0
10-15 21:09:26.255  1437  1953 V RILD    : NotifyTimeoutChanged()
10-15 21:09:26.255  1437  1955 V RILD    : Reader: timeout=-1
10-15 21:09:26.299  1241  4328 D InputDispatcher: Inject key (31430/2000): action=0, f=0x0, d=-1, time=371104022000000
10-15 21:09:26.299  1241  4328 D InputManager-JNI: !@interceptKeyBeforeQueueing(0), action=0, interactive=true
10-15 21:09:26.299  1241  4328 D WindowManager: interceptKeyTq interceptKeyResult=1
10-15 21:09:26.299  1241  4328 D PhoneWindowManagerExt: HINT_DEVICE_WAKEUP acquire()
10-15 21:09:26.299  1241  4328 I SemDvfsHyPerManager: acquire hyper - DEVICE_WAKEUP/1241@26, type = -999
10-15 21:09:26.300  1241  4328 D PowerManagerService: [api] wakeUp (uid: 1000 pid: 1241) eventTime = 371104022
10-15 21:09:26.300  1241  4328 D InputManager-JNI: !@handleInterceptActions(0), action=0, wmActions=0
10-15 21:09:26.301  1042  1090 I HYPER-HAL: [RequestManager.cpp]acquire(): Acquired ID : 803304  [1241 / 26]    HINT : DEVICE_WAKEUP    list : 
10-15 21:09:26.302  1241  4328 D InputDispatcher: Inject key (31430/2000): action=1, f=0x0, d=-1, time=371104022000000
10-15 21:09:26.303  1241  4328 D InputManager-JNI: !@interceptKeyBeforeQueueing(0), action=1, interactive=true
10-15 21:09:26.303  1241  4328 D WindowManager: interceptKeyTq interceptKeyResult=1
10-15 21:09:26.304  1241  4328 D PhoneWindowManagerExt: HINT_DEVICE_WAKEUP acquire()
10-15 21:09:26.304  1241  4328 I SemDvfsHyPerManager: acquire hyper - DEVICE_WAKEUP/1241@26, type = -999
10-15 21:09:26.305  1042  1090 I HYPER-HAL: [ResourceManager.cpp]updateResource(): [CPUMinFreq] UpdateResource Request ID : 803304    Value : 1804800
10-15 21:09:26.307  1241  4328 D PowerManagerService: [api] wakeUp (uid: 1000 pid: 1241) eventTime = 371104022
10-15 21:09:26.307  1042  1090 I HYPER-HAL: [RequestManager.cpp]acquire(): Acquired ID : 803304  [1241 / 26]    HINT : DEVICE_WAKEUP    list : 
10-15 21:09:26.307  1241  4328 D InputManager-JNI: !@handleInterceptActions(0), action=1, wmActions=0
10-15 21:09:26.307  1042  1090 I HYPER-HAL: [ResourceManager.cpp]updateResource(): [CPUMinFreq] UpdateResource Request ID : 803304    Value : 1804800
10-15 21:09:26.380  2616  2616 E STFService: getNetworkProperties: Location fine denied
10-15 21:09:26.383  1241  2076 D AppOps  : noteOperation: reject #3 for code 105 (105) uid 1001 package com.android.phone flags: s
10-15 21:09:26.384   975 10726 D vendor.qti.bluetooth@1.0-wake_lock: Release wakelock is released 
10-15 21:09:26.536  2262  2262 I ModemServiceMode: EVENT_TICK!
10-15 21:09:26.544  1241  4328 D AppOps  : startOperation: allowing code 40 uid 1001 package com.sec.phone restricted: false flags: s
10-15 21:09:26.546  1961  1969 D Multi-Client: OemClient::ProcessBuffer() from [5], token[30], datalen[8]
10-15 21:09:26.547  1437  1437 D RILD    : IsRegisteredNetworkType(): netType[1]  feature[00] state[0] 
10-15 21:09:26.548  1437  1688 D RILD    : DoRouteIn - FW reqId : 59
10-15 21:09:26.548  1437  1688 D RILD    : DoRouteOut - FW reqId : 59
10-15 21:09:26.548  1437  1688 D RILD    : GetMessage : oem func id = 0x01
10-15 21:09:26.549  1437  1688 D RILD    : Onprocessing: request id(59), handleEvent(100)
10-15 21:09:26.549  1437  1687 D RILD    : SVC-MGR(19): evt(100)
10-15 21:09:26.549  1437  1687 D RILD    : OnOemServiceMode: sub id = 0x01, 4
10-15 21:09:26.549  1437  1687 D RILD    : MakeOemResponseBuilder : oem func id = 0x01
10-15 21:09:26.549  1437  1687 D RILD    : MakeOemResponseBuilder : Unsupported Function ID(1)
10-15 21:09:26.549  1437  1687 D RILD    : BuildSolicited : sub id = 0x01
10-15 21:09:26.549  1437  1687 D RILD    : RequestComplete - req : 59, peek : 59
10-15 21:09:26.550  1437  1687 V RILD    : Message obj refcnt=-1
10-15 21:09:26.550  1961  1968 D Multi-Client: Oem OnRequestComplete:(5)
--------- beginning of events
10-15 21:09:26.553  1241  2076 I power_partial_wake_state: [REL,9,RILS:com.sec.phone]
10-15 21:09:26.553  2262  2262 I ModemServiceMode: in QUERT_SERVM_DONE
10-15 21:09:26.554  2262  2262 I ModemServiceMode: size of result : 3400
10-15 21:09:26.554  2262  2262 I ModemServiceMode: Line 0 :  DEBUG INFO : 0 0 12 195 401050_
10-15 21:09:26.554  2262  2262 I ModemServiceMode: Line 1 :  HPLMN(313-340) sim_state(1)_
10-15 21:09:26.554  2262  2262 I ModemServiceMode: Line 2 :  Serving PLMN(313-340) - NR5G_
10-15 21:09:26.554  2262  2262 I ModemServiceMode: Line 3 :  NW sel mode : Manual_
10-15 21:09:26.554  2262  2262 I ModemServiceMode: Line 4 :  Selected PLMN(313-340)_
10-15 21:09:26.554  2262  2262 I ModemServiceMode: Line 5 :  Service(available)_
10-15 21:09:26.554  2262  2262 I ModemServiceMode: Line 6 :  MM5G(REGISTERED) Sub(0)_
10-15 21:09:26.554  2262  2262 I ModemServiceMode: Line 7 :  MM5G Update(UPDATED)_
10-15 21:09:26.554  2262  2262 I ModemServiceMode: Line 8 :  NR5G_RSRP : -97_
10-15 21:09:26.554  2262  2262 I ModemServiceMode: Line 9 :  NR5G_SINR : 17.0_
10-15 21:09:26.554  2262  2262 I ModemServiceMode: Line 10 :  NR5G_RSRQ: -11_
10-15 21:09:26.554  2262  2262 I ModemServiceMode: Line 11 :  NR_RRC: IDLE_
10-15 21:09:26.554  2262  2262 I ModemServiceMode: Line 12 :  NR_SSB_Index: 3_
10-15 21:09:26.554  2262  2262 I ModemServiceMode: Line 13 :  NR_ARFCN: 401050_
10-15 21:09:26.554  2262  2262 I ModemServiceMode: Line 14 :  NR_PCI: 160_
10-15 21:09:26.554  2262  2262 I ModemServiceMode: Line 15 :  NR_BAND: n70_
10-15 21:09:26.554  2262  2262 I ModemServiceMode: Line 16 :  NR_DL Scheduling: 0.00 _
10-15 21:09:26.554  2262  2262 I ModemServiceMode: Line 17 :  NR_BLER: 0.00 _
10-15 21:09:26.554  2262  2262 I ModemServiceMode: Line 18 :  NR_BW: 25 MHz_
10-15 21:09:26.554  2262  2262 I ModemServiceMode: Line 19 :  NR_SA_RLF Count: --_
10-15 21:09:26.554  2262  2262 I ModemServiceMode: Line 20 :  NR_ANT MAX RSRP: -79_
10-15 21:09:26.554  2262  2262 I ModemServiceMode: Line 21 :  NR_ANT MIN RSRP: -154_
10-15 21:09:26.554  2262  2262 I ModemServiceMode: Line 22 :  NR_Tx Phy Channel Type: PUCCH_
10-15 21:09:26.554  2262  2262 I ModemServiceMode: Line 23 :  NR RX0 RSRP: -96 _
10-15 21:09:26.554  2262  2262 I ModemServiceMode: Line 24 :  NR RX1 RSRP: -97 _
10-15 21:09:26.554  2262  2262 I ModemServiceMode: Line 25 :  NR RX2 RSRP: -102 _
10-15 21:09:26.554  2262  2262 I ModemServiceMode: Line 26 :  NR RX3 RSRP: -99 _
10-15 21:09:26.554  2262  2262 I ModemServiceMode: Line 27 :  NR_Tx Pwr: 16 dBm_
10-15 21:09:26.554  2262  2262 I ModemServiceMode: Line 28 :  NR_SCS: 15kHz_
10-15 21:09:26.554  2262  2262 I ModemServiceMode: Line 29 :  NR_CDRX: Active_
10-15 21:09:26.554  2262  2262 I ModemServiceMode: Line 30 :  NR SA CA Not present _
10-15 21:09:26.554  2262  2262 I ModemServiceMode: Line 31 :  NETWORK : UNBLOCK_
10-15 21:09:26.554  2262  2262 I ModemServiceMode: Line 32 :  FINAL IMEI Certi: PASS_
10-15 21:09:26.554  2262  2262 I ModemServiceMode: Line 33 : Unknown 0_
10-15 21:09:26.554  2262  2262 I ModemServiceMode: Line 34 : AJB Init_buf:0 ms_
10-15 21:09:26.554  2262  2262 I ModemServiceMode: Line 35 : NO TSS DEVICE : err(0), tss_fla_
10-15 21:09:26.554  2262  2262 I ModemServiceMode: Line 36 :  ASDiv : NOT SUPPORTED_
10-15 21:09:26.554  2262  2262 I ModemServiceMode: Line 37 : TM:All TM Lvl is 0_
10-15 21:09:26.554  2262  2262 I ModemServiceMode: Line 38 : WAKEUP_INFO: 0_
10-15 21:09:26.554  2262  2262 I ModemServiceMode: Line 39 : _
10-15 21:09:26.554  2262  2262 I ModemServiceMode: Line 40 : _
10-15 21:09:26.554  2262  2262 I ModemServiceMode: Line 41 : _
10-15 21:09:26.554  2262  2262 I ModemServiceMode: Line 42 : _
10-15 21:09:26.554  2262  2262 I ModemServiceMode: Line 43 : _
10-15 21:09:26.554  2262  2262 I ModemServiceMode: Line 44 : _
10-15 21:09:26.554  2262  2262 I ModemServiceMode: Line 45 : _
10-15 21:09:26.554  2262  2262 I ModemServiceMode: Line 46 : _
10-15 21:09:26.554  2262  2262 I ModemServiceMode: Line 47 : _
10-15 21:09:26.554  2262  2262 I ModemServiceMode: Line 48 : _
10-15 21:09:26.554  2262  2262 I ModemServiceMode: Line 49 : _
10-15 21:09:26.554  2262  2262 I ModemServiceMode: Line 50 : _
10-15 21:09:26.554  2262  2262 I ModemServiceMode: Line 51 : _
10-15 21:09:26.554  2262  2262 I ModemServiceMode: Line 52 : _
10-15 21:09:26.554  2262  2262 I ModemServiceMode: Line 53 : _
10-15 21:09:26.554  2262  2262 I ModemServiceMode: Line 54 : _
10-15 21:09:26.554  2262  2262 I ModemServiceMode: Line 55 : _
10-15 21:09:26.554  2262  2262 I ModemServiceMode: Line 56 : _
10-15 21:09:26.554  2262  2262 I ModemServiceMode: Line 57 : _
10-15 21:09:26.554  2262  2262 I ModemServiceMode: Line 58 : _
10-15 21:09:26.554  2262  2262 I ModemServiceMode: Line 59 : _
10-15 21:09:26.554  2262  2262 I ModemServiceMode: Line 60 : _
10-15 21:09:26.554  2262  2262 I ModemServiceMode: Line 61 : _
10-15 21:09:26.554  2262  2262 I ModemServiceMode: Line 62 : _
10-15 21:09:26.554  2262  2262 I ModemServiceMode: Line 63 : _
10-15 21:09:26.554  2262  2262 I ModemServiceMode: Line 64 : _
10-15 21:09:26.554  2262  2262 I ModemServiceMode: Line 65 : _
10-15 21:09:26.554  2262  2262 I ModemServiceMode: Line 66 : _
10-15 21:09:26.554  2262  2262 I ModemServiceMode: Line 67 : _
10-15 21:09:26.554  2262  2262 I ModemServiceMode: Line 68 : _
10-15 21:09:26.554  2262  2262 I ModemServiceMode: Line 69 : _
10-15 21:09:26.554  2262  2262 I ModemServiceMode: Line 70 : _
10-15 21:09:26.555  2262  2262 I ModemServiceMode: Line 71 : _
10-15 21:09:26.555  2262  2262 I ModemServiceMode: Line 72 : _
10-15 21:09:26.555  2262  2262 I ModemServiceMode: Line 73 : _
10-15 21:09:26.555  2262  2262 I ModemServiceMode: Line 74 : _
10-15 21:09:26.555  2262  2262 I ModemServiceMode: Line 75 : _
10-15 21:09:26.555  2262  2262 I ModemServiceMode: Line 76 : _
10-15 21:09:26.555  2262  2262 I ModemServiceMode: Line 77 : _
10-15 21:09:26.555  2262  2262 I ModemServiceMode: Line 78 : _
10-15 21:09:26.555  2262  2262 I ModemServiceMode: Line 79 : _
10-15 21:09:26.555  2262  2262 I ModemServiceMode: Line 80 : _
10-15 21:09:26.555  2262  2262 I ModemServiceMode: Line 81 : _
10-15 21:09:26.555  2262  2262 I ModemServiceMode: Line 82 : _
10-15 21:09:26.555  2262  2262 I ModemServiceMode: Line 83 : _
10-15 21:09:26.555  2262  2262 I ModemServiceMode: Line 84 : _
10-15 21:09:26.555  2262  2262 I ModemServiceMode: Line 85 : _
10-15 21:09:26.555  2262  2262 I ModemServiceMode: Line 86 : _
10-15 21:09:26.555  2262  2262 I ModemServiceMode: Line 87 : _
10-15 21:09:26.555  2262  2262 I ModemServiceMode: Line 88 : _
10-15 21:09:26.555  2262  2262 I ModemServiceMode: Line 89 : _
10-15 21:09:26.555  2262  2262 I ModemServiceMode: Line 90 : _
10-15 21:09:26.555  2262  2262 I ModemServiceMode: Line 91 : _
10-15 21:09:26.555  2262  2262 I ModemServiceMode: Line 92 : _
10-15 21:09:26.555  2262  2262 I ModemServiceMode: Line 93 : _
10-15 21:09:26.555  2262  2262 I ModemServiceMode: Line 94 : _
10-15 21:09:26.555  2262  2262 I ModemServiceMode: Line 95 : _
10-15 21:09:26.555  2262  2262 I ModemServiceMode: Line 96 : _
10-15 21:09:26.555  2262  2262 I ModemServiceMode: Line 97 : _
10-15 21:09:26.555  2262  2262 I ModemServiceMode: Line 98 : _
10-15 21:09:26.555  2262  2262 I ModemServiceMode: Line 99 : _
10-15 21:09:26.555  2262  2262 I ModemServiceMode: Update!
10-15 21:09:26.563  1147  1188 I VSyncReactor: Current= 60, Period= 60, hwcPeriod= 60
10-15 21:09:26.868  2296  2296 I UiThreadMonitor: setAwake 108173 3004 1
10-15 21:09:27.309  1042 31433 I HYPER-HAL: [ResourceManager.cpp]removeResource(): [CPUMinFreq] RemoveResource Request ID : 803304
10-15 21:09:27.310  1042 31433 I HYPER-HAL: [RequestManager.cpp]releaseLocked(): Released ID : 803304
10-15 21:09:27.382  2616  2616 E STFService: getNetworkProperties: Location fine denied
10-15 21:09:27.394  1241  4328 D AppOps  : noteOperation: reject #3 for code 105 (105) uid 1001 package com.android.phone flags: s
10-15 21:09:27.499  1437  1952 D RILD    : QmiVssUnsolicitedCallback: msgId(6)
10-15 21:09:27.500  1437  1952 D RILD    : IpcOverQmiChannel: NotifyAsyncMessage completed
10-15 21:09:27.500  1437  1953 V RILD    : IpcModem::ReceiveMessage
10-15 21:09:27.500  1437  1953 V RILD    : IpcModem::DoIoChannelRouting
10-15 21:09:27.511  1437  1953 D RILD    : [L] RX: (M)SVC_CMD (S)SVC_DISPLAY_SCREEN (T)NOTI l:aa8 m:00 a:ff [ 50 00 00 20 44 45 42 55 47 20 49 4E 46 4F 20 3A 20 30 20 30 20 31 32 20 31 39 35 20 34 30 31 30 35 30 00 01 00 20 48 50 4C 4D 4E 28 33 31 33 2D 33 34 30 29 20 73 69 6D 5F 73 74 61 74 65 28 31 29 00 00 00 00 02 00 20 53 65 72 76 69 6E 67 20 50 4C 4D 4E 28 33 31 33 2D 33 34 30 29 20 2D 20 4E 52 35 47 00 00 00 03 00 20 4E 57 20 73 65 6C 20 6D 6F 64 65 20 3A 20 4D 61 6E 75 61 6C 00 00 00 00 00 00 00 00 00 00 00 04 00 20 53 65 6C 65 63 74 65 64 20 50 4C 4D 4E 28 33 31 33 2D 33 34 30 29 00 00 00 00 00 00 00 00 00 05 00 20 53 65 72 76 69 63 65 28 61 76 61 69 6C 61 62 6C 65 29 00 31 37 30 38 29 00 30 38 29 00 29 00 06 00 20 4D 4D 35 47 28 52 45 47 49 53 54 45 52 45 44 29 20 53 75 62 28 30 29 00 29 00 00 35 00 00 00 07 00 20 4D 4D 35 47 20 55 70 64 61 74 65 28 55 50 44 41 54 45 44 29 00 35 37 00 00 30 00 00 00 00 00 08 00 20 4E 52 35 47 5F 52 53 52 50 20 3A 20 2D 39 37 00 00 00 4E 52 3A 32 31 2E 32 00 00 2D 2D 00 00 09 00 20 4E 52 35 47 5F 53 49 4E 
10-15 21:09:27.512  1437  1953 D RILD    : 52 20 3A 20 31 37 2E 30 00 20 50 41 53 53 00 2E 34 00 00 00 00 00 00 0A 00 20 4E 52 35 47 5F 52 53 52 51 3A 20 2D 31 31 00 72 65 64 3A 20 32 00 00 00 00 00 00 00 00 00 00 0B 00 20 4E 52 5F 52 52 43 3A 20 49 44 4C 45 00 43 54 45 44 00 41 4D 50 45 44 00 00 00 00 00 00 00 00 0C 00 20 4E 52 5F 53 53 42 5F 49 6E 64 65 78 3A 20 33 00 00 72 28 30 29 2C 20 74 73 73 5F 66 6C 61 00 0D 00 20 4E 52 5F 41 52 46 43 4E 3A 20 34 30 31 30 35 30 00 52 54 45 44 00 53 45 00 6F 72 74 00 00 00 0E 00 20 4E 52 5F 50 43 49 3A 20 31 36 30 00 20 69 73 20 30 00 2D 2D 20 52 53 52 51 3A 20 2D 2D 00 00 0F 00 20 4E 52 5F 42 41 4E 44 3A 20 6E 37 30 00 00 2D 2D 00 20 2D 2D 20 52 53 52 51 3A 20 2D 2D 00 00 10 00 20 4E 52 5F 44 4C 20 53 63 68 65 64 75 6C 69 6E 67 3A 20 30 2E 30 30 20 00 00 00 00 00 00 00 00 11 00 20 4E 52 5F 42 4C 45 52 3A 20 30 2E 30 30 20 00 00 20 2D 2D 00 00 00 00 00 00 00 00 00 00 00 00 12 00 20 4E 52 5F 42 57 3A 20 32 35 20 4D 48 7A 00 2D 2D 00 20 54 79 
10-15 21:09:27.512  1437  1953 D RILD    : 70 65 3A 20 2D 2D 00 00 00 00 00 13 00 20 4E 52 5F 53 41 5F 52 4C 46 20 43 6F 75 6E 74 3A 20 2D 2D 00 00 00 00 00 00 00 00 00 00 00 00 14 00 20 4E 52 5F 41 4E 54 20 4D 41 58 20 52 53 52 50 3A 20 2D 37 39 00 00 00 00 00 00 00 00 00 00 00 15 00 20 4E 52 5F 41 4E 54 20 4D 49 4E 20 52 53 52 50 3A 20 2D 31 35 34 00 00 00 00 00 00 00 00 00 00 16 00 20 4E 52 5F 54 78 20 50 68 79 20 43 68 61 6E 6E 65 6C 20 54 79 70 65 3A 20 50 55 43 43 48 00 00 17 00 20 4E 52 20 52 58 30 20 52 53 52 50 3A 20 2D 39 36 20 00 00 00 20 00 00 00 00 00 00 00 00 00 00 18 00 20 4E 52 20 52 58 31 20 52 53 52 50 3A 20 2D 39 37 20 00 00 79 70 65 3A 20 2D 2D 00 00 00 00 00 19 00 20 4E 52 20 52 58 32 20 52 53 52 50 3A 20 2D 31 30 32 20 00 41 53 53 00 20 2D 2D 00 00 00 00 00 1A 00 20 4E 52 20 52 58 33 20 52 53 52 50 3A 20 2D 39 39 20 00 00 2D 2D 00 00 00 00 00 00 00 00 00 00 1B 00 20 4E 52 5F 54 78 20 50 77 72 3A 20 31 36 20 64 42 6D 00 20 00 2D 00 00 00 00 00 00 00 00 00 00 1C 
10-15 21:09:27.512  1437  1953 D RILD    : 00 20 4E 52 5F 53 43 53 3A 20 31 35 6B 48 7A 00 2D 31 30 33 20 00 29 2C 20 74 73 73 5F 66 6C 61 00 1D 00 20 4E 52 5F 43 44 52 58 3A ]
10-15 21:09:27.513  1437  1953 V RILD    : MatchIpc: mMainCmd 11 mainCmd 0b mSubCmdMask ffffffffffffffff_ffffffffffffffff subCmd 05
10-15 21:09:27.513  1437  1953 V RILD    : MatchIpc: mMainCmd 16 mainCmd 0b mSubCmdMask 0_f1b06fefe subCmd 05
10-15 21:09:27.513  1437  1953 V RILD    : MatchIpc: mMainCmd 23 mainCmd 0b mSubCmdMask 0_36 subCmd 05
10-15 21:09:27.514  1437  1953 V RILD    : MatchIpc: mMainCmd 24 mainCmd 0b mSubCmdMask ffffffffffffffff_ffffffffffffffff subCmd 05
10-15 21:09:27.514  1437  1953 V RILD    : MatchIpc: mMainCmd 25 mainCmd 0b mSubCmdMask ffffffffffffffff_ffffffffffffffff subCmd 05
10-15 21:09:27.514  1437  1953 D RILD    : GetRxData:
10-15 21:09:27.514  1437  1953 D RILD    : IpcRxServiceModeDisplayScreen:
10-15 21:09:27.514  1437  1953 D RILD    : BuildRilDataSvcModeDisplayScreen:
10-15 21:09:27.514  1437  1953 V RILD    : IpcModem::ProcessIpc regType=82
10-15 21:09:27.514  1437  1953 V RILD    : Registrant::Notify refcnt(1)
10-15 21:09:27.515  1437  1687 D RILD    : SVC-MGR(19): evt(103)
10-15 21:09:27.515  1437  1687 D RILD    : EVENT_MODEMUI_UPDATED response
10-15 21:09:27.515  1437  1687 V RILD    : Message obj refcnt=0
10-15 21:09:27.515  1437  1953 V RILD    : NotifyTimeoutChanged()
10-15 21:09:27.516  1437  1955 V RILD    : Reader: timeout=-1
10-15 21:09:28.057  2262  2262 I ModemServiceMode: EVENT_TICK!
10-15 21:09:28.064  1241  4328 D AppOps  : startOperation: allowing code 40 uid 1001 package com.sec.phone restricted: false flags: s
10-15 21:09:28.068  1961  1969 D Multi-Client: OemClient::ProcessBuffer() from [5], token[31], datalen[8]
10-15 21:09:28.070  1437  1437 D RILD    : IsRegisteredNetworkType(): netType[1]  feature[00] state[0] 
10-15 21:09:28.070  1437  1688 D RILD    : DoRouteIn - FW reqId : 59
10-15 21:09:28.071  1437  1688 D RILD    : DoRouteOut - FW reqId : 59
10-15 21:09:28.071  1437  1688 D RILD    : GetMessage : oem func id = 0x01
10-15 21:09:28.071  1437  1688 D RILD    : Onprocessing: request id(59), handleEvent(100)
10-15 21:09:28.071  1437  1687 D RILD    : SVC-MGR(19): evt(100)
10-15 21:09:28.072  1437  1687 D RILD    : OnOemServiceMode: sub id = 0x01, 4
10-15 21:09:28.072  1437  1687 D RILD    : MakeOemResponseBuilder : oem func id = 0x01
10-15 21:09:28.072  1437  1687 D RILD    : MakeOemResponseBuilder : Unsupported Function ID(1)
10-15 21:09:28.072  1437  1687 D RILD    : BuildSolicited : sub id = 0x01
10-15 21:09:28.072  1437  1687 D RILD    : RequestComplete - req : 59, peek : 59
10-15 21:09:28.073  1437  1687 V RILD    : Message obj refcnt=-1
10-15 21:09:28.073  1961  1968 D Multi-Client: Oem OnRequestComplete:(5)
10-15 21:09:28.077  2262  2262 I ModemServiceMode: in QUERT_SERVM_DONE
10-15 21:09:28.077  1241  2076 I power_partial_wake_state: [REL,13,RILS:com.sec.phone]
10-15 21:09:28.077  2262  2262 I ModemServiceMode: size of result : 3400
10-15 21:09:28.078  2262  2262 I ModemServiceMode: Line 0 :  DEBUG INFO : 0 0 12 195 401050_
10-15 21:09:28.078  2262  2262 I ModemServiceMode: Line 1 :  HPLMN(313-340) sim_state(1)_
10-15 21:09:28.078  2262  2262 I ModemServiceMode: Line 2 :  Serving PLMN(313-340) - NR5G_
10-15 21:09:28.078  2262  2262 I ModemServiceMode: Line 3 :  NW sel mode : Manual_
10-15 21:09:28.078  2262  2262 I ModemServiceMode: Line 4 :  Selected PLMN(313-340)_
10-15 21:09:28.078  2262  2262 I ModemServiceMode: Line 5 :  Service(available)_
10-15 21:09:28.078  2262  2262 I ModemServiceMode: Line 6 :  MM5G(REGISTERED) Sub(0)_
10-15 21:09:28.078  2262  2262 I ModemServiceMode: Line 7 :  MM5G Update(UPDATED)_
10-15 21:09:28.078  2262  2262 I ModemServiceMode: Line 8 :  NR5G_RSRP : -97_
10-15 21:09:28.078  2262  2262 I ModemServiceMode: Line 9 :  NR5G_SINR : 17.0_
10-15 21:09:28.078  2262  2262 I ModemServiceMode: Line 10 :  NR5G_RSRQ: -11_
10-15 21:09:28.078  2262  2262 I ModemServiceMode: Line 11 :  NR_RRC: IDLE_
10-15 21:09:28.078  2262  2262 I ModemServiceMode: Line 12 :  NR_SSB_Index: 3_
10-15 21:09:28.078  2262  2262 I ModemServiceMode: Line 13 :  NR_ARFCN: 401050_
10-15 21:09:28.078  2262  2262 I ModemServiceMode: Line 14 :  NR_PCI: 160_
10-15 21:09:28.078  2262  2262 I ModemServiceMode: Line 15 :  NR_BAND: n70_
10-15 21:09:28.078  2262  2262 I ModemServiceMode: Line 16 :  NR_DL Scheduling: 0.00 _
10-15 21:09:28.078  2262  2262 I ModemServiceMode: Line 17 :  NR_BLER: 0.00 _
10-15 21:09:28.078  2262  2262 I ModemServiceMode: Line 18 :  NR_BW: 25 MHz_
10-15 21:09:28.078  2262  2262 I ModemServiceMode: Line 19 :  NR_SA_RLF Count: --_
10-15 21:09:28.078  2262  2262 I ModemServiceMode: Line 20 :  NR_ANT MAX RSRP: -79_
10-15 21:09:28.078  2262  2262 I ModemServiceMode: Line 21 :  NR_ANT MIN RSRP: -154_
10-15 21:09:28.078  2262  2262 I ModemServiceMode: Line 22 :  NR_Tx Phy Channel Type: PUCCH_
10-15 21:09:28.078  2262  2262 I ModemServiceMode: Line 23 :  NR RX0 RSRP: -96 _
10-15 21:09:28.078  2262  2262 I ModemServiceMode: Line 24 :  NR RX1 RSRP: -97 _
10-15 21:09:28.078  2262  2262 I ModemServiceMode: Line 25 :  NR RX2 RSRP: -102 _
10-15 21:09:28.078  2262  2262 I ModemServiceMode: Line 26 :  NR RX3 RSRP: -99 _
10-15 21:09:28.078  2262  2262 I ModemServiceMode: Line 27 :  NR_Tx Pwr: 16 dBm_
10-15 21:09:28.078  2262  2262 I ModemServiceMode: Line 28 :  NR_SCS: 15kHz_
10-15 21:09:28.078  2262  2262 I ModemServiceMode: Line 29 :  NR_CDRX: Active_
10-15 21:09:28.078  2262  2262 I ModemServiceMode: Line 30 :  NR SA CA Not present _
10-15 21:09:28.078  2262  2262 I ModemServiceMode: Line 31 :  NETWORK : UNBLOCK_
10-15 21:09:28.078  2262  2262 I ModemServiceMode: Line 32 :  FINAL IMEI Certi: PASS_
10-15 21:09:28.079  2262  2262 I ModemServiceMode: Line 33 : Unknown 0_
10-15 21:09:28.079  2262  2262 I ModemServiceMode: Line 34 : AJB Init_buf:0 ms_
10-15 21:09:28.079  2262  2262 I ModemServiceMode: Line 35 : NO TSS DEVICE : err(0), tss_fla_
10-15 21:09:28.079  2262  2262 I ModemServiceMode: Line 36 :  ASDiv : NOT SUPPORTED_
10-15 21:09:28.079  2262  2262 I ModemServiceMode: Line 37 : TM:All TM Lvl is 0_
10-15 21:09:28.079  2262  2262 I ModemServiceMode: Line 38 : WAKEUP_INFO: 0_
10-15 21:09:28.079  2262  2262 I ModemServiceMode: Line 39 : _
10-15 21:09:28.079  2262  2262 I ModemServiceMode: Line 40 : _
10-15 21:09:28.079  2262  2262 I ModemServiceMode: Line 41 : _
10-15 21:09:28.079  2262  2262 I ModemServiceMode: Line 42 : _
10-15 21:09:28.079  2262  2262 I ModemServiceMode: Line 43 : _
10-15 21:09:28.079  2262  2262 I ModemServiceMode: Line 44 : _
10-15 21:09:28.079  2262  2262 I ModemServiceMode: Line 45 : _
10-15 21:09:28.079  2262  2262 I ModemServiceMode: Line 46 : _
10-15 21:09:28.079  2262  2262 I ModemServiceMode: Line 47 : _
10-15 21:09:28.079  2262  2262 I ModemServiceMode: Line 48 : _
10-15 21:09:28.079  2262  2262 I ModemServiceMode: Line 49 : _
10-15 21:09:28.079  2262  2262 I ModemServiceMode: Line 50 : _
10-15 21:09:28.079  2262  2262 I ModemServiceMode: Line 51 : _
10-15 21:09:28.079  2262  2262 I ModemServiceMode: Line 52 : _
10-15 21:09:28.079  2262  2262 I ModemServiceMode: Line 53 : _
10-15 21:09:28.079  2262  2262 I ModemServiceMode: Line 54 : _
10-15 21:09:28.079  2262  2262 I ModemServiceMode: Line 55 : _
10-15 21:09:28.079  2262  2262 I ModemServiceMode: Line 56 : _
10-15 21:09:28.079  2262  2262 I ModemServiceMode: Line 57 : _
10-15 21:09:28.079  2262  2262 I ModemServiceMode: Line 58 : _
10-15 21:09:28.079  2262  2262 I ModemServiceMode: Line 59 : _
10-15 21:09:28.079  2262  2262 I ModemServiceMode: Line 60 : _
10-15 21:09:28.079  2262  2262 I ModemServiceMode: Line 61 : _
10-15 21:09:28.079  2262  2262 I ModemServiceMode: Line 62 : _
10-15 21:09:28.079  2262  2262 I ModemServiceMode: Line 63 : _
10-15 21:09:28.079  2262  2262 I ModemServiceMode: Line 64 : _
10-15 21:09:28.079  2262  2262 I ModemServiceMode: Line 65 : _
10-15 21:09:28.079  2262  2262 I ModemServiceMode: Line 66 : _
10-15 21:09:28.079  2262  2262 I ModemServiceMode: Line 67 : _
10-15 21:09:28.079  2262  2262 I ModemServiceMode: Line 68 : _
10-15 21:09:28.079  2262  2262 I ModemServiceMode: Line 69 : _
10-15 21:09:28.079  2262  2262 I ModemServiceMode: Line 70 : _
10-15 21:09:28.080  2262  2262 I ModemServiceMode: Line 71 : _
10-15 21:09:28.080  2262  2262 I ModemServiceMode: Line 72 : _
10-15 21:09:28.080  2262  2262 I ModemServiceMode: Line 73 : _
10-15 21:09:28.080  2262  2262 I ModemServiceMode: Line 74 : _
10-15 21:09:28.080  2262  2262 I ModemServiceMode: Line 75 : _
10-15 21:09:28.080  2262  2262 I ModemServiceMode: Line 76 : _
10-15 21:09:28.080  2262  2262 I ModemServiceMode: Line 77 : _
10-15 21:09:28.080  2262  2262 I ModemServiceMode: Line 78 : _
10-15 21:09:28.080  2262  2262 I ModemServiceMode: Line 79 : _
10-15 21:09:28.080  2262  2262 I ModemServiceMode: Line 80 : _
10-15 21:09:28.080  2262  2262 I ModemServiceMode: Line 81 : _
10-15 21:09:28.080  2262  2262 I ModemServiceMode: Line 82 : _
10-15 21:09:28.080  2262  2262 I ModemServiceMode: Line 83 : _
10-15 21:09:28.080  2262  2262 I ModemServiceMode: Line 84 : _
10-15 21:09:28.080  2262  2262 I ModemServiceMode: Line 85 : _
10-15 21:09:28.080  2262  2262 I ModemServiceMode: Line 86 : _
10-15 21:09:28.080  2262  2262 I ModemServiceMode: Line 87 : _
10-15 21:09:28.080  2262  2262 I ModemServiceMode: Line 88 : _
10-15 21:09:28.080  2262  2262 I ModemServiceMode: Line 89 : _
10-15 21:09:28.080  2262  2262 I ModemServiceMode: Line 90 : _
10-15 21:09:28.080  2262  2262 I ModemServiceMode: Line 91 : _
10-15 21:09:28.080  2262  2262 I ModemServiceMode: Line 92 : _
10-15 21:09:28.080  2262  2262 I ModemServiceMode: Line 93 : _
10-15 21:09:28.080  2262  2262 I ModemServiceMode: Line 94 : _
10-15 21:09:28.080  2262  2262 I ModemServiceMode: Line 95 : _
10-15 21:09:28.080  2262  2262 I ModemServiceMode: Line 96 : _
10-15 21:09:28.080  2262  2262 I ModemServiceMode: Line 97 : _
10-15 21:09:28.080  2262  2262 I ModemServiceMode: Line 98 : _
10-15 21:09:28.081  2262  2262 I ModemServiceMode: Line 99 : _
10-15 21:09:28.081  2262  2262 I ModemServiceMode: Update!
10-15 21:09:28.097  1147  1188 I VSyncReactor: Current= 60, Period= 60, hwcPeriod= 60
10-15 21:09:28.317  1033 23555 I sensors-hal: handle_sns_client_event:229, auto_rotation_event_2: mode:255, type:1:0/-2.292,-0.627,9.703, ar:0
10-15 21:09:28.385  2616  2616 E STFService: getNetworkProperties: Location fine denied
10-15 21:09:28.405  1241  2076 D AppOps  : noteOperation: reject #3 for code 105 (105) uid 1001 package com.android.phone flags: s
10-15 21:09:28.799  1437  1952 D RILD    : QmiVssUnsolicitedCallback: msgId(6)
10-15 21:09:28.800  1437  1952 D RILD    : IpcOverQmiChannel: NotifyAsyncMessage completed
10-15 21:09:28.800  1437  1953 V RILD    : IpcModem::ReceiveMessage
10-15 21:09:28.801  1437  1953 V RILD    : IpcModem::DoIoChannelRouting
10-15 21:09:28.810  1437  1953 D RILD    : [L] RX: (M)SVC_CMD (S)SVC_DISPLAY_SCREEN (T)NOTI l:aa8 m:00 a:ff [ 50 00 00 20 44 45 42 55 47 20 49 4E 46 4F 20 3A 20 30 20 30 20 31 32 20 31 39 35 20 34 30 31 30 35 30 00 01 00 20 48 50 4C 4D 4E 28 33 31 33 2D 33 34 30 29 20 73 69 6D 5F 73 74 61 74 65 28 31 29 00 00 00 00 02 00 20 53 65 72 76 69 6E 67 20 50 4C 4D 4E 28 33 31 33 2D 33 34 30 29 20 2D 20 4E 52 35 47 00 00 00 03 00 20 4E 57 20 73 65 6C 20 6D 6F 64 65 20 3A 20 4D 61 6E 75 61 6C 00 00 00 00 00 00 00 00 00 00 00 04 00 20 53 65 6C 65 63 74 65 64 20 50 4C 4D 4E 28 33 31 33 2D 33 34 30 29 00 00 00 00 00 00 00 00 00 05 00 20 53 65 72 76 69 63 65 28 61 76 61 69 6C 61 62 6C 65 29 00 31 37 30 38 29 00 30 38 29 00 29 00 06 00 20 4D 4D 35 47 28 52 45 47 49 53 54 45 52 45 44 29 20 53 75 62 28 30 29 00 29 00 00 35 00 00 00 07 00 20 4D 4D 35 47 20 55 70 64 61 74 65 28 55 50 44 41 54 45 44 29 00 35 37 00 00 30 00 00 00 00 00 08 00 20 4E 52 35 47 5F 52 53 52 50 20 3A 20 2D 39 37 00 00 00 4E 52 3A 32 31 2E 32 00 00 2D 2D 00 00 09 00 20 4E 52 35 47 5F 53 49 4E 
10-15 21:09:28.810  1437  1953 D RILD    : 52 20 3A 20 31 36 2E 37 00 20 50 41 53 53 00 2E 34 00 00 00 00 00 00 0A 00 20 4E 52 35 47 5F 52 53 52 51 3A 20 2D 31 31 00 72 65 64 3A 20 32 00 00 00 00 00 00 00 00 00 00 0B 00 20 4E 52 5F 52 52 43 3A 20 49 44 4C 45 00 43 54 45 44 00 41 4D 50 45 44 00 00 00 00 00 00 00 00 0C 00 20 4E 52 5F 53 53 42 5F 49 6E 64 65 78 3A 20 33 00 00 72 28 30 29 2C 20 74 73 73 5F 66 6C 61 00 0D 00 20 4E 52 5F 41 52 46 43 4E 3A 20 34 30 31 30 35 30 00 52 54 45 44 00 53 45 00 6F 72 74 00 00 00 0E 00 20 4E 52 5F 50 43 49 3A 20 31 36 30 00 20 69 73 20 30 00 2D 2D 20 52 53 52 51 3A 20 2D 2D 00 00 0F 00 20 4E 52 5F 42 41 4E 44 3A 20 6E 37 30 00 00 2D 2D 00 20 2D 2D 20 52 53 52 51 3A 20 2D 2D 00 00 10 00 20 4E 52 5F 44 4C 20 53 63 68 65 64 75 6C 69 6E 67 3A 20 30 2E 30 30 20 00 00 00 00 00 00 00 00 11 00 20 4E 52 5F 42 4C 45 52 3A 20 30 2E 30 30 20 00 00 20 2D 2D 00 00 00 00 00 00 00 00 00 00 00 00 12 00 20 4E 52 5F 42 57 3A 20 32 35 20 4D 48 7A 00 2D 2D 00 20 54 79 
10-15 21:09:28.810  1437  1953 D RILD    : 70 65 3A 20 2D 2D 00 00 00 00 00 13 00 20 4E 52 5F 53 41 5F 52 4C 46 20 43 6F 75 6E 74 3A 20 2D 2D 00 00 00 00 00 00 00 00 00 00 00 00 14 00 20 4E 52 5F 41 4E 54 20 4D 41 58 20 52 53 52 50 3A 20 2D 37 39 00 00 00 00 00 00 00 00 00 00 00 15 00 20 4E 52 5F 41 4E 54 20 4D 49 4E 20 52 53 52 50 3A 20 2D 31 35 34 00 00 00 00 00 00 00 00 00 00 16 00 20 4E 52 5F 54 78 20 50 68 79 20 43 68 61 6E 6E 65 6C 20 54 79 70 65 3A 20 50 55 43 43 48 00 00 17 00 20 4E 52 20 52 58 30 20 52 53 52 50 3A 20 2D 39 36 20 00 00 00 20 00 00 00 00 00 00 00 00 00 00 18 00 20 4E 52 20 52 58 31 20 52 53 52 50 3A 20 2D 39 37 20 00 00 79 70 65 3A 20 2D 2D 00 00 00 00 00 19 00 20 4E 52 20 52 58 32 20 52 53 52 50 3A 20 2D 31 30 32 20 00 41 53 53 00 20 2D 2D 00 00 00 00 00 1A 00 20 4E 52 20 52 58 33 20 52 53 52 50 3A 20 2D 39 39 20 00 00 2D 2D 00 00 00 00 00 00 00 00 00 00 1B 00 20 4E 52 5F 54 78 20 50 77 72 3A 20 31 36 20 64 42 6D 00 20 00 2D 00 00 00 00 00 00 00 00 00 00 1C 
10-15 21:09:28.810  1437  1953 D RILD    : 00 20 4E 52 5F 53 43 53 3A 20 31 35 6B 48 7A 00 2D 31 30 33 20 00 29 2C 20 74 73 73 5F 66 6C 61 00 1D 00 20 4E 52 5F 43 44 52 58 3A ]
10-15 21:09:28.811  1437  1953 V RILD    : MatchIpc: mMainCmd 11 mainCmd 0b mSubCmdMask ffffffffffffffff_ffffffffffffffff subCmd 05
10-15 21:09:28.811  1437  1953 V RILD    : MatchIpc: mMainCmd 16 mainCmd 0b mSubCmdMask 0_f1b06fefe subCmd 05
10-15 21:09:28.811  1437  1953 V RILD    : MatchIpc: mMainCmd 23 mainCmd 0b mSubCmdMask 0_36 subCmd 05
10-15 21:09:28.811  1437  1953 V RILD    : MatchIpc: mMainCmd 24 mainCmd 0b mSubCmdMask ffffffffffffffff_ffffffffffffffff subCmd 05
10-15 21:09:28.811  1437  1953 V RILD    : MatchIpc: mMainCmd 25 mainCmd 0b mSubCmdMask ffffffffffffffff_ffffffffffffffff subCmd 05
10-15 21:09:28.811  1437  1953 D RILD    : GetRxData:
10-15 21:09:28.811  1437  1953 D RILD    : IpcRxServiceModeDisplayScreen:
10-15 21:09:28.811  1437  1953 D RILD    : BuildRilDataSvcModeDisplayScreen:
10-15 21:09:28.812  1437  1953 V RILD    : IpcModem::ProcessIpc regType=82
10-15 21:09:28.812  1437  1953 V RILD    : Registrant::Notify refcnt(1)
10-15 21:09:28.812  1437  1687 D RILD    : SVC-MGR(19): evt(103)
10-15 21:09:28.812  1437  1687 D RILD    : EVENT_MODEMUI_UPDATED response
10-15 21:09:28.812  1437  1687 V RILD    : Message obj refcnt=0
10-15 21:09:28.813  1437  1953 V RILD    : NotifyTimeoutChanged()
10-15 21:09:28.813  1437  1955 V RILD    : Reader: timeout=-1
10-15 21:09:29.250   649   649 D io_stats: !@   8,0 r 10482044 185612824 w 2821179 26069160 d 686182 73312688 f 0 0 iot 9712636 0 th 0 0 0 pt 0 inp 0 0 371106.974
10-15 21:09:29.251   649   649 D io_stats: !@ Write_top(KB): kworker/u16:3(26640) 8
10-15 21:09:29.387  2616  2616 E STFService: getNetworkProperties: Location fine denied
10-15 21:09:29.417  1241  2076 D AppOps  : noteOperation: reject #3 for code 105 (105) uid 1001 package com.android.phone flags: s
10-15 21:09:29.584  2262  2262 I ModemServiceMode: EVENT_TICK!
10-15 21:09:29.592  1241  2076 D AppOps  : startOperation: allowing code 40 uid 1001 package com.sec.phone restricted: false flags: s
10-15 21:09:29.596  1961  1969 D Multi-Client: OemClient::ProcessBuffer() from [5], token[32], datalen[8]
10-15 21:09:29.597  1437  1437 D RILD    : IsRegisteredNetworkType(): netType[1]  feature[00] state[0] 
10-15 21:09:29.598  1437  1688 D RILD    : DoRouteIn - FW reqId : 59
10-15 21:09:29.598  1437  1688 D RILD    : DoRouteOut - FW reqId : 59
10-15 21:09:29.598  1437  1688 D RILD    : GetMessage : oem func id = 0x01
10-15 21:09:29.598  1437  1688 D RILD    : Onprocessing: request id(59), handleEvent(100)
10-15 21:09:29.599  1437  1687 D RILD    : SVC-MGR(19): evt(100)
10-15 21:09:29.599  1437  1687 D RILD    : OnOemServiceMode: sub id = 0x01, 4
10-15 21:09:29.599  1437  1687 D RILD    : MakeOemResponseBuilder : oem func id = 0x01
10-15 21:09:29.599  1437  1687 D RILD    : MakeOemResponseBuilder : Unsupported Function ID(1)
10-15 21:09:29.599  1437  1687 D RILD    : BuildSolicited : sub id = 0x01
10-15 21:09:29.600  1437  1687 D RILD    : RequestComplete - req : 59, peek : 59
10-15 21:09:29.600  1437  1687 V RILD    : Message obj refcnt=-1
10-15 21:09:29.600  1961  1968 D Multi-Client: Oem OnRequestComplete:(5)
10-15 21:09:29.605  2262  2262 I ModemServiceMode: in QUERT_SERVM_DONE
10-15 21:09:29.605  2262  2262 I ModemServiceMode: size of result : 3400
10-15 21:09:29.605  1241  2076 I power_partial_wake_state: [REL,12,RILS:com.sec.phone]
10-15 21:09:29.605  2262  2262 I ModemServiceMode: Line 0 :  DEBUG INFO : 0 0 12 195 401050_
10-15 21:09:29.605  2262  2262 I ModemServiceMode: Line 1 :  HPLMN(313-340) sim_state(1)_
10-15 21:09:29.605  2262  2262 I ModemServiceMode: Line 2 :  Serving PLMN(313-340) - NR5G_
10-15 21:09:29.605  2262  2262 I ModemServiceMode: Line 3 :  NW sel mode : Manual_
10-15 21:09:29.605  2262  2262 I ModemServiceMode: Line 4 :  Selected PLMN(313-340)_
10-15 21:09:29.605  2262  2262 I ModemServiceMode: Line 5 :  Service(available)_
10-15 21:09:29.605  2262  2262 I ModemServiceMode: Line 6 :  MM5G(REGISTERED) Sub(0)_
10-15 21:09:29.605  2262  2262 I ModemServiceMode: Line 7 :  MM5G Update(UPDATED)_
10-15 21:09:29.605  2262  2262 I ModemServiceMode: Line 8 :  NR5G_RSRP : -97_
10-15 21:09:29.605  2262  2262 I ModemServiceMode: Line 9 :  NR5G_SINR : 16.7_
10-15 21:09:29.605  2262  2262 I ModemServiceMode: Line 10 :  NR5G_RSRQ: -11_
10-15 21:09:29.605  2262  2262 I ModemServiceMode: Line 11 :  NR_RRC: IDLE_
10-15 21:09:29.606  2262  2262 I ModemServiceMode: Line 12 :  NR_SSB_Index: 3_
10-15 21:09:29.606  2262  2262 I ModemServiceMode: Line 13 :  NR_ARFCN: 401050_
10-15 21:09:29.606  2262  2262 I ModemServiceMode: Line 14 :  NR_PCI: 160_
10-15 21:09:29.606  2262  2262 I ModemServiceMode: Line 15 :  NR_BAND: n70_
10-15 21:09:29.606  2262  2262 I ModemServiceMode: Line 16 :  NR_DL Scheduling: 0.00 _
10-15 21:09:29.606  2262  2262 I ModemServiceMode: Line 17 :  NR_BLER: 0.00 _
10-15 21:09:29.606  2262  2262 I ModemServiceMode: Line 18 :  NR_BW: 25 MHz_
10-15 21:09:29.606  2262  2262 I ModemServiceMode: Line 19 :  NR_SA_RLF Count: --_
10-15 21:09:29.606  2262  2262 I ModemServiceMode: Line 20 :  NR_ANT MAX RSRP: -79_
10-15 21:09:29.606  2262  2262 I ModemServiceMode: Line 21 :  NR_ANT MIN RSRP: -154_
10-15 21:09:29.606  2262  2262 I ModemServiceMode: Line 22 :  NR_Tx Phy Channel Type: PUCCH_
10-15 21:09:29.606  2262  2262 I ModemServiceMode: Line 23 :  NR RX0 RSRP: -96 _
10-15 21:09:29.606  2262  2262 I ModemServiceMode: Line 24 :  NR RX1 RSRP: -97 _
10-15 21:09:29.606  2262  2262 I ModemServiceMode: Line 25 :  NR RX2 RSRP: -102 _
10-15 21:09:29.606  2262  2262 I ModemServiceMode: Line 26 :  NR RX3 RSRP: -99 _
10-15 21:09:29.606  2262  2262 I ModemServiceMode: Line 27 :  NR_Tx Pwr: 16 dBm_
10-15 21:09:29.606  2262  2262 I ModemServiceMode: Line 28 :  NR_SCS: 15kHz_
10-15 21:09:29.606  2262  2262 I ModemServiceMode: Line 29 :  NR_CDRX: Active_
10-15 21:09:29.606  2262  2262 I ModemServiceMode: Line 30 :  NR SA CA Not present _
10-15 21:09:29.606  2262  2262 I ModemServiceMode: Line 31 :  NETWORK : UNBLOCK_
10-15 21:09:29.606  2262  2262 I ModemServiceMode: Line 32 :  FINAL IMEI Certi: PASS_
10-15 21:09:29.606  2262  2262 I ModemServiceMode: Line 33 : Unknown 0_
10-15 21:09:29.606  2262  2262 I ModemServiceMode: Line 34 : AJB Init_buf:0 ms_
10-15 21:09:29.606  2262  2262 I ModemServiceMode: Line 35 : NO TSS DEVICE : err(0), tss_fla_
10-15 21:09:29.606  2262  2262 I ModemServiceMode: Line 36 :  ASDiv : NOT SUPPORTED_
10-15 21:09:29.606  2262  2262 I ModemServiceMode: Line 37 : TM:All TM Lvl is 0_
10-15 21:09:29.606  2262  2262 I ModemServiceMode: Line 38 : WAKEUP_INFO: 0_
10-15 21:09:29.606  2262  2262 I ModemServiceMode: Line 39 : _
10-15 21:09:29.607  2262  2262 I ModemServiceMode: Line 40 : _
10-15 21:09:29.607  2262  2262 I ModemServiceMode: Line 41 : _
10-15 21:09:29.607  2262  2262 I ModemServiceMode: Line 42 : _
10-15 21:09:29.607  2262  2262 I ModemServiceMode: Line 43 : _
10-15 21:09:29.607  2262  2262 I ModemServiceMode: Line 44 : _
10-15 21:09:29.607  2262  2262 I ModemServiceMode: Line 45 : _
10-15 21:09:29.607  2262  2262 I ModemServiceMode: Line 46 : _
10-15 21:09:29.607  2262  2262 I ModemServiceMode: Line 47 : _
10-15 21:09:29.607  2262  2262 I ModemServiceMode: Line 48 : _
10-15 21:09:29.607  2262  2262 I ModemServiceMode: Line 49 : _
10-15 21:09:29.607  2262  2262 I ModemServiceMode: Line 50 : _
10-15 21:09:29.607  2262  2262 I ModemServiceMode: Line 51 : _
10-15 21:09:29.607  2262  2262 I ModemServiceMode: Line 52 : _
10-15 21:09:29.607  2262  2262 I ModemServiceMode: Line 53 : _
10-15 21:09:29.607  2262  2262 I ModemServiceMode: Line 54 : _
10-15 21:09:29.607  2262  2262 I ModemServiceMode: Line 55 : _
10-15 21:09:29.607  2262  2262 I ModemServiceMode: Line 56 : _
10-15 21:09:29.607  2262  2262 I ModemServiceMode: Line 57 : _
10-15 21:09:29.607  2262  2262 I ModemServiceMode: Line 58 : _
10-15 21:09:29.607  2262  2262 I ModemServiceMode: Line 59 : _
10-15 21:09:29.607  2262  2262 I ModemServiceMode: Line 60 : _
10-15 21:09:29.607  2262  2262 I ModemServiceMode: Line 61 : _
10-15 21:09:29.607  2262  2262 I ModemServiceMode: Line 62 : _
10-15 21:09:29.607  2262  2262 I ModemServiceMode: Line 63 : _
10-15 21:09:29.607  2262  2262 I ModemServiceMode: Line 64 : _
10-15 21:09:29.607  2262  2262 I ModemServiceMode: Line 65 : _
10-15 21:09:29.607  2262  2262 I ModemServiceMode: Line 66 : _
10-15 21:09:29.607  2262  2262 I ModemServiceMode: Line 67 : _
10-15 21:09:29.607  2262  2262 I ModemServiceMode: Line 68 : _
10-15 21:09:29.607  2262  2262 I ModemServiceMode: Line 69 : _
10-15 21:09:29.608  2262  2262 I ModemServiceMode: Line 70 : _
10-15 21:09:29.608  2262  2262 I ModemServiceMode: Line 71 : _
10-15 21:09:29.608  2262  2262 I ModemServiceMode: Line 72 : _
10-15 21:09:29.608  2262  2262 I ModemServiceMode: Line 73 : _
10-15 21:09:29.608  2262  2262 I ModemServiceMode: Line 74 : _
10-15 21:09:29.608  2262  2262 I ModemServiceMode: Line 75 : _
10-15 21:09:29.608  2262  2262 I ModemServiceMode: Line 76 : _
10-15 21:09:29.608  2262  2262 I ModemServiceMode: Line 77 : _
10-15 21:09:29.608  2262  2262 I ModemServiceMode: Line 78 : _
10-15 21:09:29.608  2262  2262 I ModemServiceMode: Line 79 : _
10-15 21:09:29.608  2262  2262 I ModemServiceMode: Line 80 : _
10-15 21:09:29.608  2262  2262 I ModemServiceMode: Line 81 : _
10-15 21:09:29.608  2262  2262 I ModemServiceMode: Line 82 : _
10-15 21:09:29.608  2262  2262 I ModemServiceMode: Line 83 : _
10-15 21:09:29.608  2262  2262 I ModemServiceMode: Line 84 : _
10-15 21:09:29.608  2262  2262 I ModemServiceMode: Line 85 : _
10-15 21:09:29.608  2262  2262 I ModemServiceMode: Line 86 : _
10-15 21:09:29.608  2262  2262 I ModemServiceMode: Line 87 : _
10-15 21:09:29.608  2262  2262 I ModemServiceMode: Line 88 : _
10-15 21:09:29.608  2262  2262 I ModemServiceMode: Line 89 : _
10-15 21:09:29.608  2262  2262 I ModemServiceMode: Line 90 : _
10-15 21:09:29.609  2262  2262 I ModemServiceMode: Line 91 : _
10-15 21:09:29.609  2262  2262 I ModemServiceMode: Line 92 : _
10-15 21:09:29.609  2262  2262 I ModemServiceMode: Line 93 : _
10-15 21:09:29.609  2262  2262 I ModemServiceMode: Line 94 : _
10-15 21:09:29.609  2262  2262 I ModemServiceMode: Line 95 : _
10-15 21:09:29.609  2262  2262 I ModemServiceMode: Line 96 : _
10-15 21:09:29.609  2262  2262 I ModemServiceMode: Line 97 : _
10-15 21:09:29.609  2262  2262 I ModemServiceMode: Line 98 : _
10-15 21:09:29.609  2262  2262 I ModemServiceMode: Line 99 : _
10-15 21:09:29.609  2262  2262 I ModemServiceMode: Update!
10-15 21:09:29.613  1147  1188 I VSyncReactor: Current= 60, Period= 60, hwcPeriod= 60
10-15 21:09:29.873  2296  2296 I UiThreadMonitor: setAwake 108174 3006 0
10-15 21:09:30.063  1437  1952 D RILD    : QmiVssUnsolicitedCallback: msgId(6)
10-15 21:09:30.063  1437  1952 D RILD    : IpcOverQmiChannel: NotifyAsyncMessage completed
10-15 21:09:30.064  1437  1953 V RILD    : IpcModem::ReceiveMessage
10-15 21:09:30.064  1437  1953 V RILD    : IpcModem::DoIoChannelRouting
10-15 21:09:30.073  1437  1953 D RILD    : [L] RX: (M)SVC_CMD (S)SVC_DISPLAY_SCREEN (T)NOTI l:aa8 m:00 a:ff [ 50 00 00 20 44 45 42 55 47 20 49 4E 46 4F 20 3A 20 30 20 30 20 31 32 20 31 39 35 20 34 30 31 30 35 30 00 01 00 20 48 50 4C 4D 4E 28 33 31 33 2D 33 34 30 29 20 73 69 6D 5F 73 74 61 74 65 28 31 29 00 00 00 00 02 00 20 53 65 72 76 69 6E 67 20 50 4C 4D 4E 28 33 31 33 2D 33 34 30 29 20 2D 20 4E 52 35 47 00 00 00 03 00 20 4E 57 20 73 65 6C 20 6D 6F 64 65 20 3A 20 4D 61 6E 75 61 6C 00 00 00 00 00 00 00 00 00 00 00 04 00 20 53 65 6C 65 63 74 65 64 20 50 4C 4D 4E 28 33 31 33 2D 33 34 30 29 00 00 00 00 00 00 00 00 00 05 00 20 53 65 72 76 69 63 65 28 61 76 61 69 6C 61 62 6C 65 29 00 31 37 30 38 29 00 30 38 29 00 29 00 06 00 20 4D 4D 35 47 28 52 45 47 49 53 54 45 52 45 44 29 20 53 75 62 28 30 29 00 29 00 00 35 00 00 00 07 00 20 4D 4D 35 47 20 55 70 64 61 74 65 28 55 50 44 41 54 45 44 29 00 35 37 00 00 30 00 00 00 00 00 08 00 20 4E 52 35 47 5F 52 53 52 50 20 3A 20 2D 39 37 00 00 00 4E 52 3A 32 31 2E 32 00 00 2D 2D 00 00 09 00 20 4E 52 35 47 5F 53 49 4E 
