12-14 03:46:38.536  1634  1766 V WindowManager:     info={id=4984 t=OPEN f=0x0 trk=0 r=[0@Point(0, 0)] c=[{WCT{RemoteToken{9606f37 Task{6da7cc4 #1 type=home}}} m=TO_FRONT f=SHOW_WALLPAPER|MOVE_TO_TOP leash=Surface(name=Task=1)/@0x2d42d2c sb=Rect(0, 0 - 1008, 2244) eb=Rect(0, 0 - 1008, 2244) d=0},{WCT{RemoteToken{2b1b056 Task{848fb83 #1173 type=standard A=1000:com.android.settings.root}}} m=TO_BACK f=NONE leash=Surface(name=Task=1173)/@0xcba2018 sb=Rect(0, 0 - 1008, 2244) eb=Rect(0, 0 - 1008, 2244) d=0},{null m=TO_FRONT f=IS_WALLPAPER leash=Surface(name=WallpaperWindowToken{b2748c7 token=android.os.Binder@c950a06})/@0xee67f7e sb=Rect(0, 0 - 1008, 2244) eb=Rect(0, 0 - 1008, 2244) d=0}]}
12-14 03:46:38.537   619 19566 W gralloc4: Unable to set buffer name VRI[NexusLauncherActivity]#18(BLAST Consumer)18: File name too long
12-14 03:46:38.540  2101  2127 V WindowManagerShell:  animated by com.android.wm.shell.transition.RemoteTransitionHandler@1ce957a
12-14 03:46:38.564  1634  1972 I WifiScanningService: singleScanResults: ClientInfo[uid=10177, package=com.google.android.gms, android.net.wifi.IWifiScannerListener$Stub$Proxy@7fce205],results=25
12-14 03:46:38.565  1634  1972 I WifiScanningService: singleScanResults: ClientInfo[uid=1000, package=android, com.android.server.wifi.scanner.WifiScannerInternal$ScanListener@1c5428d],results=50
12-14 03:46:38.565  1634  1972 I WifiScanningService: singleScanResults: ClientInfo[uid=1000, package=android, com.android.server.wifi.scanner.WifiScannerInternal$ScanListener@334bbe3],results=50
12-14 03:46:38.565  1634  1959 D WifiScanRequestProxy: Scan results received
12-14 03:46:38.565  1634  1972 I WifiScanningService: singleScanResults: ClientInfo[uid=1000, package=android, com.android.server.wifi.scanner.WifiScannerInternal$ScanListener@f9427a8],results=50
12-14 03:46:38.565  1634  1959 D WifiScanRequestProxy: Received 50 scan results
12-14 03:46:38.565  1634  1972 I WifiScanningService: singleScanResults: ClientInfo[uid=1000, package=android, android.net.wifi.WifiScanner$ServiceListener@f2789f2],results=50
12-14 03:46:38.566  1634  1972 I WifiScanningService: singleScanResults: ClientInfo[uid=10177, package=com.google.android.gms, android.net.wifi.IWifiScannerListener$Stub$Proxy@6cdf235],results=50
12-14 03:46:38.566   619  2956 W gralloc4: Unable to set buffer name VRI[NexusLauncherActivity]#9(BLAST Consumer)9: File name too long
12-14 03:46:38.567  1634  1972 I WifiScanningService: Unregistering listener= android.net.wifi.IWifiScannerListener$Stub$Proxy@7fce205 uid=10177 packageName=com.google.android.gms workSource=WorkSource{10177}
12-14 03:46:38.568  1634  1959 D WakeupController: Incoming scan #9903
12-14 03:46:38.583   619 19566 W gralloc4: Unable to set buffer name VRI[NexusLauncherActivity]#18(BLAST Consumer)18: File name too long
12-14 03:46:38.589  1249  1249 D AutofillManager: view is not autofillable - activity denied for autofill
12-14 03:46:38.589  1249  1249 D AutofillManager: view is not autofillable - activity denied for autofill
12-14 03:46:38.590  1634  2714 I dvm_lock_sample: [system_server,1,binder:1634_A,5,ActivityManagerService.java,18116,android.content.ComponentName com.android.server.am.ActivityManagerService$LocalService.startServiceInPackage(int, android.content.Intent, java.lang.String, boolean, java.lang.String, java.lang.String, int, android.app.BackgroundStartPrivileges),-,13410,boolean com.android.server.am.ActivityManagerService.unbindService(android.app.IServiceConnection),1]
12-14 03:46:38.590  1249  1249 D AutofillManager: view is not autofillable - activity denied for autofill
12-14 03:46:38.595  1249  1364 E GmsPlayProvider: Channel is not established
12-14 03:46:38.595  1249  1291 I ImeTracker: com.google.android.apps.nexuslauncher:46a88b85: onRequestHide at ORIGIN_CLIENT_HIDE_SOFT_INPUT reason HIDE_SOFT_INPUT
12-14 03:46:38.596  1249  1291 I ImeTracker: com.google.android.apps.nexuslauncher:46a88b85: onFailed at PHASE_CLIENT_VIEW_SERVED
12-14 03:46:38.597   975   975 D GnssAidl: Gnss::injectLocation
12-14 03:46:38.597  1152  1152 D gpsd    : WakeLock(Acquire,GPSD)
12-14 03:46:38.600  1249  1281 I jank_cuj_events_begin_request: [9,1702554398599374000,732522412493253,732522412493416,]
12-14 03:46:38.614 12688 12763 I FusedLocation: location delivery to 10177/com.google.android.gms[earthquake_alerting]/455529fe blocked - too close [CONTEXT service_id=6 ]
12-14 03:46:38.614 12688 12763 I FusedLocation: location delivery to 10177/com.google.android.gms[.personalsafety]/e92a675f blocked - too close [CONTEXT service_id=6 ]
12-14 03:46:38.614 12688 12763 I FusedLocation: location delivery to 10177/com.google.android.gms[.personalsafety]/f0736a15 blocked - too close [CONTEXT service_id=6 ]
12-14 03:46:38.614 12688 12763 I FusedLocation: location delivery to 10302/jp.co.cyberagent.stf/82cccef4 blocked - too fast [CONTEXT service_id=6 ]
12-14 03:46:38.620  1634  1917 I input_focus: [Focus entering 699a399 com.google.android.apps.nexuslauncher/com.google.android.apps.nexuslauncher.NexusLauncherActivity (server),reason=Window became focusable. Previous reason: NOT_VISIBLE]
12-14 03:46:38.626  1634  3319 I ImeTracker: com.google.android.apps.nexuslauncher:b9d237c9: onRequestHide at ORIGIN_SERVER_HIDE_INPUT reason HIDE_UNSPECIFIED_WINDOW
12-14 03:46:38.626  1634  3319 I ImeTracker: com.google.android.apps.nexuslauncher:b9d237c9: onCancelled at PHASE_SERVER_SHOULD_HIDE
12-14 03:46:38.628  3424  3424 I GoogleInputMethodService: GoogleInputMethodService.onFinishInput():3227 
12-14 03:46:38.628 12688 12763 I dpqy    : Received empty WiFi-RTT scan. [CONTEXT service_id=6 ]
12-14 03:46:38.629  3424  3424 I GoogleInputMethodService: GoogleInputMethodService.updateDeviceLockedStatus():2087 repeatCheckTimes = 0, unlocked = true
12-14 03:46:38.629  3424  3424 I GoogleInputMethodService: GoogleInputMethodService.onStartInput():1877 onStartInput(EditorInfo{inputType=0x0(NULL) imeOptions=0x0 privateImeOptions=null actionName=UNSPECIFIED actionLabel=null actionId=0 initialSelStart=-1 initialSelEnd=-1 initialCapsMode=0x0 hintText=null label=null packageName=com.google.android.apps.nexuslauncher fieldId=0 fieldName=null extras=null}, false)
12-14 03:46:38.629  3424  3424 I GoogleInputMethodService: GoogleInputMethodService.shouldHideHeaderOnInitialState():4008 ShouldHideHeaderOnInitialState = false
12-14 03:46:38.630  3424  3424 I GoogleInputMethodService: GoogleInputMethodService.updateDeviceLockedStatus():2087 repeatCheckTimes = 2, unlocked = true
12-14 03:46:38.641  1634  1794 I dvm_lock_sample: [system_server,0,binder:1634_4,5,Session.java,577,void com.android.server.wm.Session.setWallpaperZoomOut(android.os.IBinder, float),WindowSurfacePlacer.java,58,void com.android.server.wm.WindowSurfacePlacer$Traverser.run(),1]
12-14 03:46:38.671  2101  2137 I jank_cuj_events_end_request: [55,1702554398671606000,732522484732389,732522484732877]
12-14 03:46:38.699  1152  1152 D gpsd    : WakeLock(Release,GPSD)
12-14 03:46:38.911   618  1912 W VsyncModulator: setTransactionSchedule: Unexpected EarlyEnd
12-14 03:46:38.952  1249  1281 I jank_cuj_events_end_request: [9,1702554398952300000,732522765434375,732522765435514]
12-14 03:46:38.979  1086  1086 W [11:46:38.951708][dhd][wlan]dhdpcie_bus_suspend: Before DW_ASSERT inband_dw_state:0
12-14 03:46:38.955  2101  2127 V WindowManagerShell: Transition animation finished (aborted=false), notifying core (#4984)android.os.BinderProxy@3224c9@0
12-14 03:46:38.981  1086  1086 W [11:46:38.953698][dhd][wlan]dhdpcie_bus_suspend: After DW_ASSERT inband_dw_state:3
12-14 03:46:38.982  1086  1086 W [11:46:38.953850][dhd][wlan]dhdpcie_bus_suspend: Before D3_INFORM inband_dw_state:5
12-14 03:46:38.982  1086  1086 W [11:46:38.954677][dhd][wlan]dhdpcie_bus_suspend: After D3_INFORM inband_dw_state:5
12-14 03:46:38.983     0     0 W [    C7] [11: 46:38.954732][dhd][wlan]dhdpcie_bus_ringbell_fast: trying to ring the doorbell after D3 inform 1
12-14 03:46:38.958  1634  1766 V WindowManager: Finish Transition #4984: created at 12-14 03:46:38.411 collect-started=0.012ms request-sent=4.444ms started=29.979ms ready=29.953ms sent=112.142ms finished=545.988ms
12-14 03:46:38.961  2101  2127 V WindowManagerShell: Track 0 became idle
12-14 03:46:38.961  2101  2127 V WindowManagerShell: All active transition animations finished
12-14 03:46:38.962  1634  1770 I wm_stop_activity: [0,44587780,com.android.settings/.SubSettings]
12-14 03:46:39.002     0     0 W [    C7] [11: 46:38.973919][dhd][wlan]dhdpcie_bus_ringbell_fast: trying to ring the doorbell after D3 inform 2
12-14 03:46:39.002  1086  1086 W [11:46:38.974121][dhd][wlan]dhd_plat_l1ss_ctrl: Control L1ss RC side 0
12-14 03:46:39.002  1086  1086 E exynos-pcie-rc 13120000.pcie: exynos_pcie_rc_set_l1ss:\tid = 0x10, enable=0, exynos_pcie=0000000000000000
12-14 03:46:39.002  1086  1086 E exynos-pcie-rc 13120000.pcie: exynos_pcie_rc_set_l1ss:L1SS_END(l1ss_ctrl_id_state=0x10, id=0x10, enable=0)
12-14 03:46:39.015  1086  1086 E exynos-pcie-rc 13120000.pcie: start poweroff, state: 2
12-14 03:46:39.015  1086  1086 E exynos-pcie-rc 13120000.pcie: exynos_pcie_rc_poweroff: Set PERST to LOW, gpio val = 0
12-14 03:46:39.015  1086  1086 E exynos-pcie-rc 13120000.pcie: end poweroff, state: 0
12-14 03:46:38.995 19222 19222 I wm_on_stop_called: [44587780,com.android.settings.SubSettings,STOP_ACTIVITY_ITEM,2]
12-14 03:46:39.196 11492 11492 E STFService: run1: 3.2.3
12-14 03:46:39.201 11492 11492 I STFService: sendNetworkClass:  CellSignalLte:{alphaLong=AT&T, rssi=2147483647, mnc=410, level=3, bandwidth=20000, ci=108773128, asulevel=45, parametersUseForLevel=-95, rsrp=-95, rssnr=1, bands=[2], mcc=310, ta=10, mAdditionalPlmns={}, sinr=1, csgInfo=unknown, rsrq=-8, pci=147, tac=37133, alphaShort=AT&T, cqi=2147483647, earfcn=700}
12-14 03:46:39.205 11492 11492 I STFService: sendNetworkClass:  EPDGInfo:{ip_address_1=2600:381:922e:6e92:6cc8:2e59:3e3:410a, ip_address_2=10.94.157.213, dns_server_2=172.26.38.2, dns_server_1=fc00:a:a::400, max_downstream_bandwidth=43727, is_secure=false, tunneling_protocol=rmnet1, max_upstream_bandwidth=14634}
12-14 03:46:39.633 11492 11529 I STFService: CoreFrequency index: 0 current: 324000 max: 1704000
12-14 03:46:39.634 11492 11529 I STFService: CoreFrequency index: 1 current: 324000 max: 1704000
12-14 03:46:39.636 11492 11529 I STFService: CoreFrequency index: 2 current: 324000 max: 1704000
12-14 03:46:39.637 11492 11529 I STFService: CoreFrequency index: 3 current: 324000 max: 1704000
12-14 03:46:39.638 11492 11529 I STFService: CoreFrequency index: 4 current: 402000 max: 2352000
12-14 03:46:39.639 11492 11529 I STFService: CoreFrequency index: 5 current: 402000 max: 2352000
12-14 03:46:39.640 11492 11529 I STFService: CoreFrequency index: 6 current: 402000 max: 2352000
12-14 03:46:39.642 11492 11529 I STFService: CoreFrequency index: 7 current: 402000 max: 2352000
12-14 03:46:39.643 11492 11529 I STFService: CoreFrequency index: 8 current: 500000 max: 2914000
12-14 03:46:39.649   957   957 D usf_sensor_hal: pressure: Enter Activate. Enable = 0.
12-14 03:46:39.651  1186  1186 D AOC     : A3:MSG: usf_sensor.cc, 1544: USF: Received stop sampling request for ICP20100 Pressure Sensor.
12-14 03:46:39.652  1186  1186 D AOC     : A3:MSG: icp20100_device.cc, 146: USF: ICP20100: Barometer starts sampling: period_ns = 40000000, max_latency_ns = 10000
12-14 03:46:40.160  1634  8533 W UsbDeviceManager: Ignore missing legacy kernel path in bugreport dump: kernel function list:/sys/class/android_usb/android0/functions
12-14 03:46:40.162  1634  8533 I UsbPortManager: USB HAL AIDL version: USB_HAL_V2_0
12-14 03:46:40.168 11492 11523 D STFService: 
12-14 03:46:40.168 11492 11523 D STFService: 
12-14 03:46:40.207 11492 11492 E STFService: run1: 3.2.3
12-14 03:46:40.213 11492 11492 I STFService: sendNetworkClass:  CellSignalLte:{alphaLong=AT&T, rssi=2147483647, mnc=410, level=3, bandwidth=20000, ci=108773128, asulevel=45, parametersUseForLevel=-95, rsrp=-95, rssnr=1, bands=[2], mcc=310, ta=10, mAdditionalPlmns={}, sinr=1, csgInfo=unknown, rsrq=-8, pci=147, tac=37133, alphaShort=AT&T, cqi=2147483647, earfcn=700}
12-14 03:46:40.218 11492 11492 I STFService: sendNetworkClass:  EPDGInfo:{ip_address_1=2600:381:922e:6e92:6cc8:2e59:3e3:410a, ip_address_2=10.94.157.213, dns_server_2=172.26.38.2, dns_server_1=fc00:a:a::400, max_downstream_bandwidth=43727, is_secure=false, tunneling_protocol=rmnet1, max_upstream_bandwidth=14634}
12-14 03:46:41.222 11492 11492 E STFService: run1: 3.2.3
12-14 03:46:41.228 11492 11492 I STFService: sendNetworkClass:  CellSignalLte:{alphaLong=AT&T, rssi=2147483647, mnc=410, level=3, bandwidth=20000, ci=108773128, asulevel=45, parametersUseForLevel=-95, rsrp=-95, rssnr=1, bands=[2], mcc=310, ta=10, mAdditionalPlmns={}, sinr=1, csgInfo=unknown, rsrq=-8, pci=147, tac=37133, alphaShort=AT&T, cqi=2147483647, earfcn=700}
12-14 03:46:41.231 11492 11492 I STFService: sendNetworkClass:  EPDGInfo:{ip_address_1=2600:381:922e:6e92:6cc8:2e59:3e3:410a, ip_address_2=10.94.157.213, dns_server_2=172.26.38.2, dns_server_1=fc00:a:a::400, max_downstream_bandwidth=43727, is_secure=false, tunneling_protocol=rmnet1, max_upstream_bandwidth=14634}
12-14 03:46:42.235 11492 11492 E STFService: run1: 3.2.3
12-14 03:46:42.241 11492 11492 I STFService: sendNetworkClass:  CellSignalLte:{alphaLong=AT&T, rssi=2147483647, mnc=410, level=3, bandwidth=20000, ci=108773128, asulevel=45, parametersUseForLevel=-95, rsrp=-95, rssnr=1, bands=[2], mcc=310, ta=10, mAdditionalPlmns={}, sinr=1, csgInfo=unknown, rsrq=-8, pci=147, tac=37133, alphaShort=AT&T, cqi=2147483647, earfcn=700}
12-14 03:46:42.247 11492 11492 I STFService: sendNetworkClass:  EPDGInfo:{ip_address_1=2600:381:922e:6e92:6cc8:2e59:3e3:410a, ip_address_2=10.94.157.213, dns_server_2=172.26.38.2, dns_server_1=fc00:a:a::400, max_downstream_bandwidth=43727, is_secure=false, tunneling_protocol=rmnet1, max_upstream_bandwidth=14634}
12-14 03:46:42.907  1145  1266 D DMD     : Flush DMD buffer, size=2097345
12-14 03:46:43.250 11492 11492 E STFService: run1: 3.2.3
12-14 03:46:43.256 11492 11492 I STFService: sendNetworkClass:  CellSignalLte:{alphaLong=AT&T, rssi=2147483647, mnc=410, level=3, bandwidth=20000, ci=108773128, asulevel=45, parametersUseForLevel=-95, rsrp=-95, rssnr=1, bands=[2], mcc=310, ta=10, mAdditionalPlmns={}, sinr=1, csgInfo=unknown, rsrq=-8, pci=147, tac=37133, alphaShort=AT&T, cqi=2147483647, earfcn=700}
12-14 03:46:43.260 11492 11492 I STFService: sendNetworkClass:  EPDGInfo:{ip_address_1=2600:381:922e:6e92:6cc8:2e59:3e3:410a, ip_address_2=10.94.157.213, dns_server_2=172.26.38.2, dns_server_1=fc00:a:a::400, max_downstream_bandwidth=43727, is_secure=false, tunneling_protocol=rmnet1, max_upstream_bandwidth=14634}
12-14 03:46:44.026  1781  1798 I pixel-thermal: quiet_therm:26.143 raw data: quiet_therm:26143 
12-14 03:46:44.264 11492 11492 E STFService: run1: 3.2.3
12-14 03:46:44.269 11492 11492 I STFService: sendNetworkClass:  CellSignalLte:{alphaLong=AT&T, rssi=2147483647, mnc=410, level=3, bandwidth=20000, ci=108773128, asulevel=45, parametersUseForLevel=-95, rsrp=-95, rssnr=1, bands=[2], mcc=310, ta=10, mAdditionalPlmns={}, sinr=1, csgInfo=unknown, rsrq=-8, pci=147, tac=37133, alphaShort=AT&T, cqi=2147483647, earfcn=700}
12-14 03:46:44.273 11492 11492 I STFService: sendNetworkClass:  EPDGInfo:{ip_address_1=2600:381:922e:6e92:6cc8:2e59:3e3:410a, ip_address_2=10.94.157.213, dns_server_2=172.26.38.2, dns_server_1=fc00:a:a::400, max_downstream_bandwidth=43727, is_secure=false, tunneling_protocol=rmnet1, max_upstream_bandwidth=14634}
12-14 03:46:44.665 24672 24672 I google_charger: usbchg=USB_CDP typec=C usbv=5000 usbc=436 usbMv=5000 usbMc=1500
12-14 03:46:44.672 24672 24672 W google_battery: MSC_DIN chg_state=5dc116732010009 f=0x9 chg_s=Charging chg_t=Taper vchg=4455 icl=1500
12-14 03:46:44.674 24672 24672 W google_battery: MSC_LOGIC temp_idx:2->2, vbatt_idx:3->3, fv=4480000->4480000, cc_max=2480000, ui=30000 cv_cnt=3 ov_cnt=0
12-14 03:46:44.653 11492 11529 I STFService: CoreFrequency index: 0 current: 324000 max: 1704000
12-14 03:46:44.654 11492 11529 I STFService: CoreFrequency index: 1 current: 324000 max: 1704000
12-14 03:46:44.655 11492 11529 I STFService: CoreFrequency index: 2 current: 324000 max: 1704000
12-14 03:46:44.657 11492 11529 I STFService: CoreFrequency index: 3 current: 324000 max: 1704000
12-14 03:46:44.658 11492 11529 I STFService: CoreFrequency index: 4 current: 402000 max: 2352000
12-14 03:46:44.660 11492 11529 I STFService: CoreFrequency index: 5 current: 402000 max: 2352000
12-14 03:46:44.661 11492 11529 I STFService: CoreFrequency index: 6 current: 402000 max: 2352000
12-14 03:46:44.662 11492 11529 I STFService: CoreFrequency index: 7 current: 402000 max: 2352000
12-14 03:46:44.664 11492 11529 I STFService: CoreFrequency index: 8 current: 500000 max: 2914000
12-14 03:46:44.916 12688  2628 I FusedLocation: location delivery to 10177/com.google.android.gms[earthquake_alerting]/455529fe blocked - too close [CONTEXT service_id=6 ]
12-14 03:46:44.916 12688  2628 I FusedLocation: location delivery to 10177/com.google.android.gms[.personalsafety]/e92a675f blocked - too close [CONTEXT service_id=6 ]
12-14 03:46:44.916 12688  2628 I FusedLocation: location delivery to 10177/com.google.android.gms[.personalsafety]/f0736a15 blocked - too close [CONTEXT service_id=6 ]
12-14 03:46:44.926 11492 11492 I STFLocationUtils: onLocationResult: Location[fused 47.663177,-122.101388 hAcc=20.5074 et=+8d11h28m48s726ms alt=-10.71734740905374 vAcc=3.0586743]
12-14 03:46:44.926 11492 11492 I STFService: onLocationUpdate: Location[fused 47.663177,-122.101388 hAcc=20.5074 et=+8d11h28m48s726ms alt=-10.71734740905374 vAcc=3.0586743]
12-14 03:46:44.927 11492 11492 I STFService: Location: provider fused;latitude 47.663177;longitude -122.1013879
12-14 03:46:45.276 11492 11492 E STFService: run1: 3.2.3
12-14 03:46:45.281 11492 11492 I STFService: sendNetworkClass:  CellSignalLte:{alphaLong=AT&T, rssi=2147483647, mnc=410, level=3, bandwidth=20000, ci=108773128, asulevel=45, parametersUseForLevel=-95, rsrp=-95, rssnr=1, bands=[2], mcc=310, ta=10, mAdditionalPlmns={}, sinr=1, csgInfo=unknown, rsrq=-8, pci=147, tac=37133, alphaShort=AT&T, cqi=2147483647, earfcn=700}
12-14 03:46:45.285 11492 11492 I STFService: sendNetworkClass:  EPDGInfo:{ip_address_1=2600:381:922e:6e92:6cc8:2e59:3e3:410a, ip_address_2=10.94.157.213, dns_server_2=172.26.38.2, dns_server_1=fc00:a:a::400, max_downstream_bandwidth=43727, is_secure=false, tunneling_protocol=rmnet1, max_upstream_bandwidth=14634}
12-14 03:46:45.303  1634  1790 I am_uid_idle: 10283
12-14 03:46:45.523  1156  1319 V RIL     : [/dev/umts_ipc0][RX] SIT_IND_PHYSICAL_CHANNEL_CONFIG, IND, 1004 bytes
12-14 03:46:45.523  1156  1319 V RIL     :  02 00 42 07 ec 03 00 00   01 00 00 00 01 20 4e 00  
12-14 03:46:45.523  1156  1319 V RIL     :  00 0e 02 bc 02 00 00 02   02 00 00 00 03 00 00 00  
12-14 03:46:45.523  1156  1319 V RIL     :  00 00 00 00 00 00 00 00   00 00 00 00 00 00 00 00  
12-14 03:46:45.523  1156  1319 V RIL     :  00 00 00 00 00 00 00 00   00 00 00 00 93 00 00 00  
12-14 03:46:45.523  1156  1319 V RIL     :  0c 49 00 00 20 4e 00 00   02 00 00 00 00 00 00 00  
12-14 03:46:45.523  1156  1319 V RIL     :  00 00 00 00 00 00 00 00   00 00 00 00 00 00 00 00  
12-14 03:46:45.523  1156  1319 V RIL     :  00 00 00 00 00 00 00 00   00 00 00 00 00 00 00 00  
12-14 03:46:45.523  1156  1319 V RIL     :  00 00 00 00 00 00 00 00   00 00 00 00 00 00 00 00  
12-14 03:46:45.523  1156  1319 V RIL     :  00 00 00 00 00 00 00 00   00 00 00 00 00 00 00 00  
12-14 03:46:45.523  1156  1319 V RIL     :  00 00 00 00 00 00 00 00   00 00 00 00 00 00 00 00  
12-14 03:46:45.524  1156  1319 V RIL     :  00 00 00 00 00 00 00 00   00 00 00 00 00 00 00 00  
12-14 03:46:45.524  1156  1319 V RIL     :  00 00 00 00 00 00 00 00   00 00 00 00 00 00 00 00  
12-14 03:46:45.524  1156  1319 V RIL     :  00 00 00 00 00 00 00 00   00 00 00 00 00 00 00 00  
12-14 03:46:45.524  1156  1319 V RIL     :  00 00 00 00 00 00 00 00   00 00 00 00 00 00 00 00  
12-14 03:46:45.524  1156  1319 V RIL     :  00 00 00 00 00 00 00 00   00 00 00 00 00 00 00 00  
12-14 03:46:45.524  1156  1319 V RIL     :  00 00 00 00 00 00 00 00   00 00 00 00 00 00 00 00  
12-14 03:46:45.524  1156  1319 V RIL     :  00 00 00 00 00 00 00 00   00 00 00 00 00 00 00 00  
12-14 03:46:45.524  1156  1319 V RIL     :  00 00 00 00 00 00 00 00   00 00 00 00 00 00 00 00  
12-14 03:46:45.524  1156  1319 V RIL     :  00 00 00 00 00 00 00 00   00 00 00 00 00 00 00 00  
12-14 03:46:45.524  1156  1319 V RIL     :  00 00 00 00 00 00 00 00   00 00 00 00 00 00 00 00  
12-14 03:46:45.524  1156  1319 V RIL     :  00 00 00 00 00 00 00 00   00 00 00 00 00 00 00 00  
12-14 03:46:45.524  1156  1319 V RIL     :  00 00 00 00 00 00 00 00   00 00 00 00 00 00 00 00  
12-14 03:46:45.524  1156  1319 V RIL     :  00 00 00 00 00 00 00 00   00 00 00 00 00 00 00 00  
12-14 03:46:45.524  1156  1319 V RIL     :  00 00 00 00 00 00 00 00   00 00 00 00 00 00 00 00  
12-14 03:46:45.524  1156  1319 V RIL     :  00 00 00 00 00 00 00 00   00 00 00 00 00 00 00 00  
12-14 03:46:45.524  1156  1319 V RIL     :  00 00 00 00 00 00 00 00   00 00 00 00 00 00 00 00  
12-14 03:46:45.524  1156  1319 V RIL     :  00 00 00 00 00 00 00 00   00 00 00 00 00 00 00 00  
12-14 03:46:45.524  1156  1319 V RIL     :  00 00 00 00 00 00 00 00   00 00 00 00 00 00 00 00  
12-14 03:46:45.524  1156  1319 V RIL     :  00 00 00 00 00 00 00 00   00 00 00 00 00 00 00 00  
12-14 03:46:45.524  1156  1319 V RIL     :  00 00 00 00 00 00 00 00   00 00 00 00 00 00 00 00  
12-14 03:46:45.525  1156  1319 V RIL     :  00 00 00 00 00 00 00 00   00 00 00 00 00 00 00 00  
12-14 03:46:45.525  1156  1319 V RIL     :  00 00 00 00 00 00 00 00   00 00 00 00 00 00 00 00  
12-14 03:46:45.525  1156  1319 V RIL     :  00 00 00 00 00 00 00 00   00 00 00 00 00 00 00 00  
12-14 03:46:45.525  1156  1319 V RIL     :  00 00 00 00 00 00 00 00   00 00 00 00 00 00 00 00  
12-14 03:46:45.525  1156  1319 V RIL     :  00 00 00 00 00 00 00 00   00 00 00 00 00 00 00 00  
12-14 03:46:45.525  1156  1319 V RIL     :  00 00 00 00 00 00 00 00   00 00 00 00 00 00 00 00  
12-14 03:46:45.525  1156  1319 V RIL     :  00 00 00 00 00 00 00 00   00 00 00 00 00 00 00 00  
12-14 03:46:45.525  1156  1319 V RIL     :  00 00 00 00 00 00 00 00   00 00 00 00 00 00 00 00  
12-14 03:46:45.525  1156  1319 V RIL     :  00 00 00 00 00 00 00 00   00 00 00 00 00 00 00 00  
12-14 03:46:45.525  1156  1319 V RIL     :  00 00 00 00 00 00 00 00   00 00 00 00 00 00 00 00  
12-14 03:46:45.525  1156  1319 V RIL     :  00 00 00 00 00 00 00 00   00 00 00 00 00 00 00 00  
12-14 03:46:45.525  1156  1319 V RIL     :  00 00 00 00 00 00 00 00   00 00 00 00 00 00 00 00  
12-14 03:46:45.525  1156  1319 V RIL     :  00 00 00 00 00 00 00 00   00 00 00 00 00 00 00 00  
12-14 03:46:45.525  1156  1319 V RIL     :  00 00 00 00 00 00 00 00   00 00 00 00 00 00 00 00  
12-14 03:46:45.525  1156  1319 V RIL     :  00 00 00 00 00 00 00 00   00 00 00 00 00 00 00 00  
12-14 03:46:45.525  1156  1319 V RIL     :  00 00 00 00 00 00 00 00   00 00 00 00 00 00 00 00  
12-14 03:46:45.525  1156  1319 V RIL     :  00 00 00 00 00 00 00 00   00 00 00 00 00 00 00 00  
12-14 03:46:45.525  1156  1319 V RIL     :  00 00 00 00 00 00 00 00   00 00 00 00 00 00 00 00  
12-14 03:46:45.525  1156  1319 V RIL     :  00 00 00 00 00 00 00 00   00 00 00 00 00 00 00 00  
12-14 03:46:45.525  1156  1319 V RIL     :  00 00 00 00 00 00 00 00   00 00 00 00 00 00 00 00  
12-14 03:46:45.525  1156  1319 V RIL     :  00 00 00 00 00 00 00 00   00 00 00 00 00 00 00 00  
12-14 03:46:45.525  1156  1319 V RIL     :  00 00 00 00 00 00 00 00   00 00 00 00 00 00 00 00  
12-14 03:46:45.525  1156  1319 V RIL     :  00 00 00 00 00 00 00 00   00 00 00 00 00 00 00 00  
12-14 03:46:45.525  1156  1319 V RIL     :  00 00 00 00 00 00 00 00   00 00 00 00 00 00 00 00  
12-14 03:46:45.525  1156  1319 V RIL     :  00 00 00 00 00 00 00 00   00 00 00 00 00 00 00 00  
12-14 03:46:45.525  1156  1319 V RIL     :  00 00 00 00 00 00 00 00   00 00 00 00 00 00 00 00  
12-14 03:46:45.525  1156  1319 V RIL     :  00 00 00 00 00 00 00 00   00 00 00 00 00 00 00 00  
12-14 03:46:45.525  1156  1319 V RIL     :  00 00 00 00 00 00 00 00   00 00 00 00 00 00 00 00  
12-14 03:46:45.525  1156  1319 V RIL     :  00 00 00 00 00 00 00 00   00 00 00 00 00 00 00 00  
12-14 03:46:45.525  1156  1319 V RIL     :  00 00 00 00 00 00 00 00   00 00 00 00 00 00 00 00  
12-14 03:46:45.526  1156  1319 V RIL     :  00 00 00 00 00 00 00 00   00 00 00 00 00 00 00 00  
12-14 03:46:45.526  1156  1319 V RIL     :  00 00 00 00 00 00 00 00   00 00 00 00 00 00 00 00  
12-14 03:46:45.526  1156  1319 V RIL     :  00 00 00 00 00 00 00 00   00 00 00 00
12-14 03:46:45.526  1156  1319 I RIL     : [RilContext_0] ProcessModemData 
12-14 03:46:45.526  1156  1319 V RIL     : [RilContext_0] SendMessage RCM Response Routing : Type=0002, RCM ID=0x0742 Service ID=5 Message ID=4079
12-14 03:46:45.526  1156  1319 V RIL     : [ServiceMgr] msg(0xb400007ce9a2bcb0) msgId=4079 svc=NetworkService_0(5) direction=Response
12-14 03:46:45.527  1156  1306 I RIL     : [NetworkService_0] CurrentPhysicalChannelConfigsHandler OnIndication()
12-14 03:46:45.527  1156  1306 I RIL     : [RilContext_0] OnUnsolicitedResponse 
12-14 03:46:45.527  1156  1306 I RIL     : [RilContext_0] ProcessUnsolicitedResponse 
12-14 03:46:45.528  1156  1306 I RILC-CommandInfo: getUnsolRespInfo found {unsolResponse=1101 halVer=00}
12-14 03:46:45.531  1156  1319 V RIL     : [/dev/umts_ipc0][RX] SIT_IND_DATA_CALL_LIST_CHANGED, IND, 593 bytes
12-14 03:46:45.531  1156  1319 I RIL     : [RilContext_0] ProcessModemData 
12-14 03:46:45.532  1156  1319 V RIL     : [RilContext_0] SendMessage RCM Response Routing : Type=0002, RCM ID=0x0604 Service ID=2 Message ID=3013
12-14 03:46:45.532  1156  1319 V RIL     : [ServiceMgr] msg(0xb400007ce9a35480) msgId=3013 svc=PsService_0(2) direction=Response
12-14 03:46:45.532  1156  1303 I RIL     : [PsService_0] DataCallListChangedHandler OnIndication()
12-14 03:46:45.533  1156  1303 V RIL     :  DataCallNum=2, ExpectedSize=584, CurrentSize = 584
12-14 03:46:45.533  1156  1303 V RIL     : dc_type = 6
12-14 03:46:45.533  1156  1303 V RIL     : DataCallNum:2, Data:0xb400007c89a19539
12-14 03:46:45.533  1156  1303 V RIL     : FillDataCallListFromModemPayload_ForTD: 0 th Data Call
12-14 03:46:45.533  1156  1303 V RIL     : 0.Decode P-CSCF extension, CID:2
12-14 03:46:45.533  1156  1303 V RIL     : processPcscfExtension, dataCallList @ 0xb400007c89a19539, size:102
12-14 03:46:45.533  1156  1303 V RIL     : IPC version is 6, pcscf_ext blk start @ 0xb400007c89a195bd
12-14 03:46:45.533  1156  1303 V RIL     : Found PCSCF Extension Payload, pcscf_ext @ 0xb400007c89a195bd, pcscf_type:3
12-14 03:46:45.533  1156  1303 V RIL     : IPV4 PCSCF Copy from 0xb400007c89a195bf to 0x7a77a0ee89 with 20 bytes, offset:12
12-14 03:46:45.534  1156  1303 V RIL     : IPV6 PCSCF Copy from 0xb400007c89a195d3 to 0x7a77a0ef0e with 80 bytes, offset:48
12-14 03:46:45.534  1156  1303 V RIL     : Decoded Information IPC_version:6 @ 0xb400007c89a195bd
12-14 03:46:45.534  1156  1303 V RIL     : retrytime:0xffffffffffffffff
12-14 03:46:45.534  1156  1303 V RIL     : 0.Decode P-CSCF Extension, CID:2
12-14 03:46:45.534  1156  1303 V RIL     : processPcscfExtension, dataCallList @ 0xb400007c89a19539, size:234
12-14 03:46:45.534  1156  1303 V RIL     : IPC version is 6, pcscf_ext blk start @ 0xb400007c89a195bd
12-14 03:46:45.534  1156  1303 V RIL     : Found PCSCF Extension Payload, pcscf_ext @ 0xb400007c89a195bd, pcscf_type:3
12-14 03:46:45.534  1156  1303 V RIL     : IPV4 PCSCF Copy from 0xb400007c89a195bf to 0x7a77a0ee89 with 20 bytes, offset:12
12-14 03:46:45.534  1156  1303 V RIL     : IPV6 PCSCF Copy from 0xb400007c89a195d3 to 0x7a77a0ef0e with 80 bytes, offset:48
12-14 03:46:45.534  1156  1303 V RIL     : Decoded Information IPC_version:6 @ 0xb400007c89a195bd
12-14 03:46:45.534  1156  1303 V RIL     : 1.Decode AMBR octet2~7, CID:2
12-14 03:46:45.534  1156  1303 V RIL     : octet2~8 = 6, (254, 254), (221, 221), (16, 16)
12-14 03:46:45.534  1156  1303 V RIL     : 2.Decode QOS, CID:2
12-14 03:46:45.535  1156  1303 V RIL     : fillDefaultQosParam
12-14 03:46:45.535  1156  1303 V RIL     : 3.Decode SliceInfo/TD Info, CID:2
12-14 03:46:45.535  1156  1303 V RIL     : fillOptionalSliceInfo, dataCallList @ 0xb400007c89a19539, 0 0 -1 0 -1
12-14 03:46:45.535  1156  1303 V RIL     : fillTDInfo, tdLen: 0 dataCallList @ 0xb400007c89a19539
12-14 03:46:45.535  1156  1303 V RIL     : fillTDInfo, tdLen is Zero
12-14 03:46:45.535  1156  1303 V RIL     : Total processed size = 177 for CID:2, expected 292
12-14 03:46:45.535  1156  1303 V RIL     : FillDataCallListFromModemPayload_ForTD: 1 th Data Call
12-14 03:46:45.535  1156  1303 V RIL     : 0.Decode P-CSCF extension, CID:3
12-14 03:46:45.535  1156  1303 V RIL     : processPcscfExtension, dataCallList @ 0xb400007c89a1965d, size:102
12-14 03:46:45.535  1156  1303 V RIL     : IPC version is 6, pcscf_ext blk start @ 0xb400007c89a196e1
12-14 03:46:45.535  1156  1303 V RIL     : Found PCSCF Extension Payload, pcscf_ext @ 0xb400007c89a196e1, pcscf_type:2
12-14 03:46:45.535  1156  1303 V RIL     : IPV6 PCSCF Copy from 0xb400007c89a196f7 to 0x7a77a11976 with 80 bytes, offset:48
12-14 03:46:45.535  1156  1303 V RIL     : Decoded Information IPC_version:6 @ 0xb400007c89a196e1
12-14 03:46:45.536  1156  1303 V RIL     : retrytime:0xffffffffffffffff
12-14 03:46:45.536  1156  1303 V RIL     : 0.Decode P-CSCF Extension, CID:3
12-14 03:46:45.536  1156  1303 V RIL     : processPcscfExtension, dataCallList @ 0xb400007c89a1965d, size:234
12-14 03:46:45.536  1156  1303 V RIL     : IPC version is 6, pcscf_ext blk start @ 0xb400007c89a196e1
12-14 03:46:45.536  1156  1303 V RIL     : Found PCSCF Extension Payload, pcscf_ext @ 0xb400007c89a196e1, pcscf_type:2
12-14 03:46:45.536  1156  1303 V RIL     : IPV6 PCSCF Copy from 0xb400007c89a196f7 to 0x7a77a11976 with 80 bytes, offset:48
12-14 03:46:45.536  1156  1303 V RIL     : Decoded Information IPC_version:6 @ 0xb400007c89a196e1
12-14 03:46:45.536  1156  1303 V RIL     : 1.Decode AMBR octet2~7, CID:3
12-14 03:46:45.536  1156  1303 V RIL     : octet2~8 = 4, (254, 254), (74, 74), (0, 0)
12-14 03:46:45.536  1156  1303 V RIL     : 2.Decode QOS, CID:3
12-14 03:46:45.536  1156  1303 V RIL     : fillDefaultQosParam
12-14 03:46:45.536  1156  1303 V RIL     : 3.Decode SliceInfo/TD Info, CID:3
12-14 03:46:45.536  1156  1303 V RIL     : fillOptionalSliceInfo, dataCallList @ 0xb400007c89a1965d, 0 0 -1 0 -1
12-14 03:46:45.536  1156  1303 V RIL     : fillTDInfo, tdLen: 0 dataCallList @ 0xb400007c89a1965d
12-14 03:46:45.536  1156  1303 V RIL     : fillTDInfo, tdLen is Zero
12-14 03:46:45.537  1156  1303 V RIL     : Total processed size = 354 for CID:3, expected 292
12-14 03:46:45.537  1156  1303 I RIL     : DataCall Number=2
12-14 03:46:45.537  1156  1303 I RIL     : DataCall : CID=2 Active=2 Status=0x0
12-14 03:46:45.537  1156  1303 I RIL     : DataCall(cid=2) from CP is Active
12-14 03:46:45.537  1156  1303 I RIL     : Sync up ACTIVE or DORMANT, cid=2, new active=2, old active=2
12-14 03:46:45.537  1156  1303 I RIL     : DataCall : CID=3 Active=2 Status=0x0
12-14 03:46:45.537  1156  1303 I RIL     : DataCall(cid=3) from CP is Active
12-14 03:46:45.537  1156  1303 I RIL     : Sync up ACTIVE or DORMANT, cid=3, new active=2, old active=2
12-14 03:46:45.537  1156  1303 I RIL     : [PsService_0] OnNotifyDataCallList()
12-14 03:46:45.537  1156  1303 V RIL     : ********** Prepare DataCall *************
12-14 03:46:45.537  1156  1303 I RIL     : [PsService_0] getCarrierId() carrier_id = 1187
12-14 03:46:45.537  1156  1303 V RIL     : [0] PDP Context{cid=1,state=1,active=0}
12-14 03:46:45.538  1156  1303 V RIL     : CID:0, Downlink 0 kbps, Uplink 0 kbps
12-14 03:46:45.538  1156  1303 V RIL     : notify AMBR to framework : CID:0, len:0
12-14 03:46:45.538  1156  1303 V RIL     : [1] PDP Context{cid=2,state=3,active=2}
12-14 03:46:45.538  1156  1303 V RIL     : CID:2, Downlink 198000 kbps, Uplink 198000 kbps
12-14 03:46:45.538  1156  1303 V RIL     : notify AMBR to framework : CID:2, len:6
12-14 03:46:45.538  1156  1303 I RIL     : [RilContext_0] OnUnsolicitedResponse 
12-14 03:46:45.538  1156  1303 I RIL     : [RilContext_0] ProcessUnsolicitedResponse 
12-14 03:46:45.538  1156  1303 V RIL     : RADIO::[RilResponseListener] OnUnsolicitedResponse Filter out Unsolicited response=21504
12-14 03:46:45.538  1156  1303 D RIL_EXTERNAL: rilExternalRawIndication
12-14 03:46:45.538  1156  1303 I RIL_EXTERNAL: [isFilteredIndication] clientId=0 name=PID(1142) indication=5104 isFiltered=false
12-14 03:46:45.538  1156  1303 I RIL_EXTERNAL: [isFilteredIndication] clientId=1 name=GpsApi(1152) indication=5104 isFiltered=true
12-14 03:46:45.538  1156  1303 I RIL_EXTERNAL: [isFilteredIndication] clientId=2 name=unknown{pid=2364 uid=1001 callingPacakge=com.samsung.slsi.telephony.oem.oemrilhookservice} indication=5104 isFiltered=true
12-14 03:46:45.539  1156  1303 I RIL_EXTERNAL: [isFilteredIndication] clientId=3 name=unknown{pid=2364 uid=1001 callingPacakge=com.samsung.slsi.telephony.oem.oemrilhookservice} indication=5104 isFiltered=true
12-14 03:46:45.539  1156  1303 I RIL_EXTERNAL: [isFilteredIndication] clientId=4 name=OemRil0{pid=2514 uid=10219 callingPacakge=com.samsung.slsi.telephony.oemril} indication=5104 isFiltered=true
12-14 03:46:45.539  1156  1303 I RIL_EXTERNAL: [isFilteredIndication] clientId=5 name=OemRil1{pid=2514 uid=10219 callingPacakge=com.samsung.slsi.telephony.oemril} indication=5104 isFiltered=true
12-14 03:46:45.539  1156  1303 I RIL_EXTERNAL: [isFilteredIndication] clientId=6 name=unknown indication=5104 isFiltered=false
12-14 03:46:45.539  1156  1303 I RIL_EXTERNAL: [isFilteredIndication] clientId=7 name=unknown indication=5104 isFiltered=false
12-14 03:46:45.539  1156  1303 I RIL_EXTERNAL: [isFilteredIndication] clientId=8 name=unknown indication=5104 isFiltered=false
12-14 03:46:45.539  1156  1303 I RIL_EXTERNAL: [isFilteredIndication] clientId=9 name=SeApi(953) indication=5104 isFiltered=true
12-14 03:46:45.539  1156  1303 I RIL_EXTERNAL: [isFilteredIndication] clientId=10 name=SeApi(955) indication=5104 isFiltered=true
12-14 03:46:45.539  1156  1303 I RIL_EXTERNAL: [isFilteredIndication] clientId=11 name=unknown indication=5104 isFiltered=false
12-14 03:46:45.539  1156  1303 I RIL_EXTERNAL: [isFilteredIndication] clientId=12 name=unknown indication=5104 isFiltered=false
12-14 03:46:45.539  1156  1303 I RIL_EXTERNAL: [isFilteredIndication] clientId=13 name=PID(1007) indication=5104 isFiltered=false
12-14 03:46:45.539  1156  1303 D RIL_EXTERNAL: rilExternalRawIndication
12-14 03:46:45.539  1156  1303 D RIL_EXTERNAL: rilExternalRawIndication
12-14 03:46:45.540  1156  1303 D RIL_EXTERNAL: rilExternalRawIndication
12-14 03:46:45.540  1142  1162 D RILClient: [OemClient]IND: (clientId = 0, msgId = 5104, dataLength = 7, channel = 0)
12-14 03:46:45.540  1156  1303 D RIL_EXTERNAL: rilExternalRawIndication
12-14 03:46:45.540  1156  1303 D RIL_EXTERNAL: rilExternalRawIndication
12-14 03:46:45.540  1156  1303 D RIL_EXTERNAL: rilExternalRawIndication
12-14 03:46:45.540  1156  1303 D RIL_EXTERNAL: rilExternalRawIndication
12-14 03:46:45.541  1156  1303 V RIL     : [2] PDP Context{cid=3,state=3,active=2}
12-14 03:46:45.541  1156  1303 V RIL     : [3] PDP Context{cid=4,state=1,active=0}
12-14 03:46:45.541  1156  1303 V RIL     : [4] PDP Context{cid=5,state=1,active=0}
12-14 03:46:45.541  1156  1303 V RIL     : [5] PDP Context{cid=6,state=1,active=0}
12-14 03:46:45.541  1156  1303 V RIL     : [6] PDP Context{cid=7,state=1,active=0}
12-14 03:46:45.541  1156  1303 V RIL     : [7] PDP Context{cid=8,state=1,active=0}
12-14 03:46:45.541  1156  1303 V RIL     : [8] PDP Context{cid=9,state=1,active=0}
12-14 03:46:45.541  1156  1303 V RIL     : [9] PDP Context{cid=10,state=1,active=0}
12-14 03:46:45.541  1156  1303 V RIL     : [10] PDP Context{cid=11,state=1,active=0}
12-14 03:46:45.541  1156  1303 V RIL     : [11] PDP Context{cid=12,state=1,active=0}
12-14 03:46:45.541  1156  1303 V RIL     : [12] PDP Context{cid=13,state=1,active=0}
12-14 03:46:45.541  1156  1303 V RIL     : [13] PDP Context{cid=14,state=1,active=0}
12-14 03:46:45.541  1156  1303 V RIL     : [14] PDP Context{cid=15,state=1,active=0}
12-14 03:46:45.541  1156  1303 V RIL     : ****************************************
12-14 03:46:45.542  1156  1303 V RIL     : DataCallListResponse : 0x21
12-14 03:46:45.542  1156  1303 V RIL     : set Ipv4DnsQueryFirst : 0
12-14 03:46:45.542  1156  1303 V RIL     : SetDataCall_1_6
12-14 03:46:45.542  1156  1303 V RIL     : dnses:fc00:a:a::400
12-14 03:46:45.542  1156  1303 V RIL     : dnses:fc00:a:a::400
12-14 03:46:45.542  1156  1303 V RIL     : dnses:172.26.38.2
12-14 03:46:45.542  1156  1303 V RIL     : dnses:172.26.38.2
12-14 03:46:45.542  1156  1303 V RIL     : gateway: ::
12-14 03:46:45.542  1156  1303 V RIL     : gateway: 0.0.0.0
12-14 03:46:45.542  1007  8208 D RILClient: [OemClient]IND: (clientId = 13, msgId = 5104, dataLength = 7, channel = 0)
12-14 03:46:45.542  1156  1303 V RIL     : R Eps QCI:8
12-14 03:46:45.542  1156  1303 V RIL     : SetDataCall_1_6
12-14 03:46:45.542  1156  1303 V RIL     : dnses:fc00:a:a::400
12-14 03:46:45.542  1156  1303 V RIL     : dnses:fc00:a:a::400
12-14 03:46:45.542  1156  1303 V RIL     : pcscf: 2001:1890:1f8:204a::1:1
12-14 03:46:45.542  2425  2425 D SHANNON_IMS: 8247 [HELP] Unsol {UNKNOWN} received  [SLID:0  Active:true] (ImsRilHelper%onHandleUnsolicitedResponse:304)
12-14 03:46:45.543  1156  1303 V RIL     : pcscf: 2001:1890:1f8:20f4::1:3
12-14 03:46:45.544  1156  1303 V RIL     : pcscf: 2001:1890:1f8:21fb::1:3
12-14 03:46:45.544  1156  1303 V RIL     : gateway: ::
12-14 03:46:45.544  1156  1306 D RILC-HIDL: currentPhysicalChannelConfigs_1_6
12-14 03:46:45.544  1156  1306 D RILC-AIDL_SERVICE: RadioNetworkIndicationHook::currentPhysicalChannelConfigs_1_6 mNetworkCb=0xb400007bf9a13d08
12-14 03:46:45.544  1156  1303 V RIL     : R Eps QCI:5
12-14 03:46:45.544  1156  1303 I RIL     : [RilContext_0] OnUnsolicitedResponse 
12-14 03:46:45.544  1156  1306 I RILC    : RIL_SOCKET_1 UNSOLICITED: UNSOL_PHYSICAL_CHANNEL_CONFIG length:48
12-14 03:46:45.544  1156  1303 I RIL     : [RilContext_0] ProcessUnsolicitedResponse 
12-14 03:46:45.545  1156  1303 I RILC-CommandInfo: getUnsolRespInfo found {unsolResponse=1010 halVer=00}
12-14 03:46:45.545  1156  1306 V RIL     : RADIO_EXT::[RilExternalResponseListener] OnUnsolicitedResponse Filter out Unsolicited response=1101, channel=0
12-14 03:46:45.545  1156  1303 D RILC-AIDL_SERVICE: DataCallListChangedCommand_V2_1::onIndication mCb=0xb400007bf9a13578
12-14 03:46:45.545  1156  1306 I RIL     : [RilContext_0] OnUnsolicitedResponse 
12-14 03:46:45.545  1156  1303 E RILC-AIDL_SERVICE: <DataCallListChangedCommand_V2_1> onIndication num: 2 
12-14 03:46:45.545  1156  1306 I RIL     : [RilContext_0] ProcessUnsolicitedResponse 
12-14 03:46:45.545  1156  1303 D RILC-AIDL_SERVICE: ipAdd size:2
12-14 03:46:45.545  1156  1303 D RILC-AIDL_SERVICE: ipAdd[0] = 2600:381:922e:6e92:6cc8:2e59:3e3:410a/64
12-14 03:46:45.545  1156  1306 V RIL     : RADIO::[RilResponseListener] OnUnsolicitedResponse Filter out Unsolicited response=20120
12-14 03:46:45.545  1156  1303 D RILC-AIDL_SERVICE: ipAdd[1] = 10.94.157.213
12-14 03:46:45.545  1156  1306 D RIL_EXTERNAL: rilExternalRawIndication
12-14 03:46:45.545  1156  1303 D RILC-AIDL_SERVICE: No valid OSliInfo
12-14 03:46:45.545  1156  1306 I RIL_EXTERNAL: [isFilteredIndication] clientId=0 name=PID(1142) indication=2016 isFiltered=false
12-14 03:46:45.545  1156  1303 D RILC-AIDL_SERVICE: ipAdd size:1
12-14 03:46:45.545  1156  1306 I RIL_EXTERNAL: [isFilteredIndication] clientId=1 name=GpsApi(1152) indication=2016 isFiltered=true
12-14 03:46:45.545  1156  1303 D RILC-AIDL_SERVICE: ipAdd[0] = 2600:381:b968:4444:80a:bd5d:2b1:fe9d/64
12-14 03:46:45.545  1156  1306 I RIL_EXTERNAL: [isFilteredIndication] clientId=2 name=unknown{pid=2364 uid=1001 callingPacakge=com.samsung.slsi.telephony.oem.oemrilhookservice} indication=2016 isFiltered=true
12-14 03:46:45.545  1156  1303 D RILC-AIDL_SERVICE: No valid OSliInfo
12-14 03:46:45.545  1156  1306 I RIL_EXTERNAL: [isFilteredIndication] clientId=3 name=unknown{pid=2364 uid=1001 callingPacakge=com.samsung.slsi.telephony.oem.oemrilhookservice} indication=2016 isFiltered=true
12-14 03:46:45.545  1156  1306 I RIL_EXTERNAL: [isFilteredIndication] clientId=4 name=OemRil0{pid=2514 uid=10219 callingPacakge=com.samsung.slsi.telephony.oemril} indication=2016 isFiltered=true
12-14 03:46:45.545  1156  1306 I RIL_EXTERNAL: [isFilteredIndication] clientId=5 name=OemRil1{pid=2514 uid=10219 callingPacakge=com.samsung.slsi.telephony.oemril} indication=2016 isFiltered=true
12-14 03:46:45.545  1156  1306 I RIL_EXTERNAL: [isFilteredIndication] clientId=6 name=unknown indication=2016 isFiltered=false
12-14 03:46:45.545  1156  1306 I RIL_EXTERNAL: [isFilteredIndication] clientId=7 name=unknown indication=2016 isFiltered=false
12-14 03:46:45.545  1156  1306 I RIL_EXTERNAL: [isFilteredIndication] clientId=8 name=unknown indication=2016 isFiltered=false
12-14 03:46:45.546  1156  1306 I RIL_EXTERNAL: [isFilteredIndication] clientId=9 name=SeApi(953) indication=2016 isFiltered=true
12-14 03:46:45.546  1156  1306 I RIL_EXTERNAL: [isFilteredIndication] clientId=10 name=SeApi(955) indication=2016 isFiltered=true
12-14 03:46:45.546  1156  1303 I RILC    : RIL_SOCKET_1 UNSOLICITED: UNSOL_DATA_CALL_LIST_CHANGED length:528
12-14 03:46:45.546  1156  1303 V RIL     : RADIO_EXT::[RilExternalResponseListener] OnUnsolicitedResponse Filter out Unsolicited response=1010, channel=0
12-14 03:46:45.547  2528  2717 D RILJ    : [UNSL]< UNSOL_DATA_CALL_LIST_CHANGED [android.hardware.radio.data.SetupDataCallResult{cause: NONE, suggestedRetryTime: -1, cid: 2, active: 2, type: IPV4V6, ifname: rmnet1, addresses: [android.hardware.radio.data.LinkAddress{address: 2600:381:922e:6e92:6cc8:2e59:3e3:410a/64, addressProperties: 0, deprecationTime: -1, expirationTime: -1}, android.hardware.radio.data.LinkAddress{address: 10.94.157.213, addressProperties: 0, deprecationTime: -1, expirationTime: -1}], dnses: [fc00:a:a::400, fc00:a:a::400, 172.26.38.2, 172.26.38.2], gateways: [::, 0.0.0.0], pcscf: [], mtuV4: 1430, mtuV6: 1430, defaultQos: android.hardware.radio.data.Qos.eps(android.hardware.radio.data.EpsQos{qci: 8, downlink: android.hardware.radio.data.QosBandwidth{maxBitrateKbps: -1, guaranteedBitrateKbps: -1}, uplink: android.hardware.radio.data.QosBandwidth{maxBitrateKbps: -1, guaranteedBitrateKbps: -1}}), qosSessions: [], handoverFailureMode: 2, pduSessionId: 5, sliceInfo: null, trafficDescriptors: []}, android.hardware.radio.data.SetupDataCallResult{cause: NONE, suggestedRetryTime: -1, cid: 3, active: 2, type: IPV6, ifname: rmnet2, addresses: [android.hardware.radio.data.LinkAddress{address: 2600:381:b968:4444:80a:bd5d:2b1:fe9d/64, addressProperties: 0, deprecationTime: -1, expirationTime: -1}], dnses: [fc00:a:a::400, fc00:a:a::400], gateways: [::], pcscf: [2001:1890:1f8:204a::1:1, 2001:1890:1f8:20f4::1:3, 2001:1890:1f8:21fb::1:3], mtuV4: 1430, mtuV6: 1430, defaultQos: android.hardware.radio.data.Qos.eps(android.hardware.radio.data.EpsQos{qci: 5, downlink: android.hardware.radio.data.QosBandwidth{maxBitrateKbps: -1, guaranteedBitrateKbps: -1}, uplink: android.hardware.radio.data.QosBandwidth{maxBitrateKbps: -1, guaranteedBitrateKbps: -1}}), qosSessions: [], handoverFailureMode: 2, pduSessionId: 6, sliceInfo: null, trafficDescriptors: []}] [convertToString] [PHONE0]
12-14 03:46:45.548  2528  2868 D RILJ    : Unsol response received; Sending ack to ril.cpp [PHONE0]
12-14 03:46:45.548  2528  2868 D RILJ    : [UNSL]< UNSOL_PHYSICAL_CHANNEL_CONFIG [{mConnectionStatus=PrimaryServing,mCellBandwidthDownlinkKhz=20000,mCellBandwidthUplinkKhz=20000,mNetworkType=LTE,mFrequencyRange=MID,mDownlinkChannelNumber=700,mUplinkChannelNumber=18700,mContextIds=[2, 3],mPhysicalCellId=147,mBand=2,mDownlinkFrequency=1940000,mUplinkFrequency=1860000}] [PHONE0]
12-14 03:46:45.548  1156  1306 I RIL_EXTERNAL: [isFilteredIndication] clientId=11 name=unknown indication=2016 isFiltered=false
12-14 03:46:45.548  1156  1306 I RIL_EXTERNAL: [isFilteredIndication] clientId=12 name=unknown indication=2016 isFiltered=false
12-14 03:46:45.548  1156  1306 I RIL_EXTERNAL: [isFilteredIndication] clientId=13 name=PID(1007) indication=2016 isFiltered=false
12-14 03:46:45.548  1156  1306 D RIL_EXTERNAL: rilExternalRawIndication
12-14 03:46:45.549  1156  1306 D RIL_EXTERNAL: rilExternalRawIndication
12-14 03:46:45.549  1156  1306 D RIL_EXTERNAL: rilExternalRawIndication
12-14 03:46:45.549  1142  1162 D RILClient: [OemClient]IND: (clientId = 0, msgId = 2016, dataLength = 996, channel = 0)
12-14 03:46:45.549  1156  1306 D RIL_EXTERNAL: rilExternalRawIndication
12-14 03:46:45.549  1156  1306 D RIL_EXTERNAL: rilExternalRawIndication
12-14 03:46:45.549  1156  1306 D RIL_EXTERNAL: rilExternalRawIndication
12-14 03:46:45.549  1156  1306 D RIL_EXTERNAL: rilExternalRawIndication
12-14 03:46:45.552  1007  8208 D RILClient: [OemClient]IND: (clientId = 13, msgId = 2016, dataLength = 996, channel = 0)
12-14 03:46:45.553  1634  1959 V WifiCoexManager: onPhysicalChannelConfigChanged for subId: 2 called with configs: [{mConnectionStatus=PrimaryServing,mCellBandwidthDownlinkKhz=20000,mCellBandwidthUplinkKhz=20000,mNetworkType=LTE,mFrequencyRange=MID,mDownlinkChannelNumber=700,mUplinkChannelNumber=18700,mContextIds=[2, 3],mPhysicalCellId=147,mBand=2,mDownlinkFrequency=1940000,mUplinkFrequency=1860000}]
12-14 03:46:45.553  2528  2528 D NetworkTypeController: [0] IdleState: process EVENT_PHYSICAL_CHANNEL_CONFIG_CHANGED
12-14 03:46:45.553  1634  1959 V WifiCoexManager: updateCoexUnsafeChannels called with cell channels: [CoexCellChannel{rat=13, band=2, dlFreqKhz=1940000, dlBandwidthKhz=20000, ulFreqKhz=1860000, ulBandwidthKhz=20000, subId=2}]
12-14 03:46:45.553  3093  3561 D StateService: onPhysicalChannelConfigChanged
12-14 03:46:45.553  2528  2528 D NetworkTypeController: [0] Physical channel configs updated: [{mConnectionStatus=PrimaryServing,mCellBandwidthDownlinkKhz=20000,mCellBandwidthUplinkKhz=20000,mNetworkType=LTE,mFrequencyRange=MID,mDownlinkChannelNumber=700,mUplinkChannelNumber=18700,mContextIds=[2, 3],mPhysicalCellId=147,mBand=2,mDownlinkFrequency=1940000,mUplinkFrequency=1860000}]
12-14 03:46:45.553  1634  1959 V WifiCoexManager: CoexCellChannel{rat=13, band=2, dlFreqKhz=1940000, dlBandwidthKhz=20000, ulFreqKhz=1860000, ulBandwidthKhz=20000, subId=2} has harmonic interference with [CoexUnsafeChannel{5GHz, 112}, CoexUnsafeChannel{5GHz, 116}, CoexUnsafeChannel{5GHz, 120}, CoexUnsafeChannel{5GHz, 118}, CoexUnsafeChannel{5GHz, 110}, CoexUnsafeChannel{5GHz, 122}, CoexUnsafeChannel{5GHz, 106}, CoexUnsafeChannel{5GHz, 114}]
12-14 03:46:45.553  2528  2528 D NetworkTypeController: [0] Transition with primary timer from not_restricted_rrc_idle to not_restricted_rrc_con
12-14 03:46:45.553  2528  2528 D NetworkTypeController: [0] Entering LteConnectedState
12-14 03:46:45.553  1634  1959 V WifiCoexManager: Current unsafe channels: [CoexUnsafeChannel{5GHz, 114}, CoexUnsafeChannel{5GHz, 112}, CoexUnsafeChannel{5GHz, 118}, CoexUnsafeChannel{5GHz, 116}, CoexUnsafeChannel{5GHz, 122}, CoexUnsafeChannel{5GHz, 106}, CoexUnsafeChannel{5GHz, 120}, CoexUnsafeChannel{5GHz, 110}], restrictions: 0
12-14 03:46:45.553  3093  3561 D StateService: cell CellInfos CellType: 0, channelNumber: 700, cellBandwidth: 20000, freq: 1940000
12-14 03:46:45.555   995   995 I WifiHAL : found interface wlan0
12-14 03:46:45.555  2528  2528 D DN-100-C: ConnectedState: onDataStateChanged: DataCallResponse: { cause=NONE(0x0) retry=-1 cid=2 linkStatus=2 protocolType=2 ifname=rmnet1 addresses=[2600:381:922e:6e92:6cc8:2e59:3e3:410a/64, 10.94.157.213/32] dnses=[/fc00:a:a::400, /fc00:a:a::400, /172.26.38.2, /172.26.38.2] gateways=[/::, /0.0.0.0] pcscf=[] mtu=1430 mtuV4=1430 mtuV6=1430 handoverFailureMode=retry handover pduSessionId=5 defaultQos=EpsQos { qosClassId=8 downlink=Bandwidth { maxBitrateKbps=-1 guaranteedBitrateKbps=-1} uplink=Bandwidth { maxBitrateKbps=-1 guaranteedBitrateKbps=-1}} qosBearerSessions=[] sliceInfo=null trafficDescriptors=[]}
12-14 03:46:45.555  2528  2528 D DN-100-C: ConnectedState: Link status updated to ACTIVE
12-14 03:46:45.556  2425  2425 I SHANNON_IMS: 8248 [DATA] Received mCellStatus [ 1 ]  [  band : 0] (RilIndImsPhysicalChannelConfigs%update:44)
12-14 03:46:45.556  2425  2425 I SHANNON_IMS: 8249 [NETW] #:PURP:# UNSOL {RILC_UNSOL_PHYSICAL_CHANNEL_CONFIGS} :   band : 2  (NetworkAdaptor$AdaptorChannel%onMessage:306)
12-14 03:46:45.556  3093  3561 D StateService: Country ISO: us
12-14 03:46:45.556  2425  2425 D SHANNON_IMS: 8250 [CONF] Change LAST_ACCESS_BAND to 2 [SLID:0 ] (ImsConfig%setPolicyStringValue:804)
12-14 03:46:45.556  3093  3561 D StateService: [] > [CellInfos CellType: 0, channelNumber: 700, cellBandwidth: 20000]
12-14 03:46:45.556  2528  2868 D Phone   : [0] SubId2,get allowed network types power: value = GPRS|EDGE|UMTS|CDMA|CDMA - EvDo rev. 0|CDMA - EvDo rev. A|CDMA - 1xRTT|HSDPA|HSUPA|HSPA|CDMA - EvDo rev. B|LTE|CDMA - eHRPD|HSPA+|GSM|LTE_CA|NR
12-14 03:46:45.558  2528  2717 D Phone   : [0] SubId2,get allowed network types power: value = GPRS|EDGE|UMTS|CDMA|CDMA - EvDo rev. 0|CDMA - EvDo rev. A|CDMA - 1xRTT|HSDPA|HSUPA|HSPA|CDMA - EvDo rev. B|LTE|CDMA - eHRPD|HSPA+|GSM|LTE_CA|NR
12-14 03:46:45.583   995   995 W [11:46:45.555591][cfg80211][wlan] wl_cfgvendor_cellavoid_set_cell_channels: CELLAVOID PARAM - CNT:8 MANDATORY:0
12-14 03:46:45.583   995   995 W [11:46:45.555718][cfg80211][wlan] wl_cellavoid_set_cell_channels: 160MHz channel is not supported ch : 114 band c000
12-14 03:46:45.560  2528  2528 D DN-100-C: ConnectedState: updateNetworkCapabilities: Capabilities not changed.
