11-04 20:41:28.650  2944  3251 D AutomaticBrightnessController[0]: Receive new lux[rear]=0.0
11-04 20:41:28.650  2944  3251 D AutomaticBrightnessController[0]: handleCombineLightSensorEvent mFrontLux=39.0 mRearLux=0.0 mLightSensor=TCS3720 Ambient Light Sensor Non-wakeup mLightSensorEnableTime=186234910 (1284904 ms ago)
11-04 20:41:28.651  2944  3251 D AutomaticBrightnessController[0]: Receive new lux[rear]=0.0
11-04 20:41:28.651  2944  3251 D AutomaticBrightnessController[0]: handleCombineLightSensorEvent mFrontLux=39.0 mRearLux=0.0 mLightSensor=TCS3720 Ambient Light Sensor Non-wakeup mLightSensorEnableTime=186234910 (1284905 ms ago)
11-04 20:41:28.827  2944  3758 D PowerManagerService: acquireWakeLockInternal: lock=14602469, flags=0x1, tag=\"RILJ_ACK_WL\", ws=null, uid=1001, pid=4121, packageName=\"com.android.phone\", displayId=-1
11-04 20:41:28.829  4121  4581 D RILJ    : Unsol response received; Sending ack to ril.cpp [PHONE0]
11-04 20:41:28.829  4121  4581 D RILJ    : [UNSL]< UNSOL_LCE_INFO_RECV [{mType=0, mDownlinkCapacityKbps=42561, mUplinkCapacityKbps=-1}, {mType=1, mDownlinkCapacityKbps=0, mUplinkCapacityKbps=0}] [PHONE0]
11-04 20:41:28.830  4121  4121 D QtiGsmCdmaPhone: [0 ] handleMessage: Event: 59
11-04 20:41:28.830  4121  4121 D VendorGsmCdmaPhone: handleMessage: Event: 59
11-04 20:41:28.830  4121  4121 D GsmCdmaPhone: [0] updateLinkCapacityEstimate: lce list=[{mType=0, mDownlinkCapacityKbps=42561, mUplinkCapacityKbps=-1}, {mType=1, mDownlinkCapacityKbps=0, mUplinkCapacityKbps=0}]
11-04 20:41:28.865 12261 12261 I auditd  : type=1400 audit(0.0:20278): avc: denied { ioctl } for comm=\"pool-27567-thre\" path=\"/storage/emulated/0/batterytracer/databases/current/BT_current.btd\" dev=\"fuse\" ino=51672 ioctlcmd=0xf50c scontext=u:r:system_app:s0 tcontext=u:object_r:fuse:s0 tclass=file permissive=0
11-04 20:41:28.871  3779  3779 D MotoExtTM: MotoExtTelephonyManager: getCurrentUiccCardProvisioningStatus subId=1
11-04 20:41:28.873  4121  4194 D MotoExtTM: MotoExtTelephonyService: getCurrentUiccCardProvisioningStatus subId=1
11-04 20:41:28.873  4121  4194 D QtiSubscriptionController: getUiccProvisionStatus
11-04 20:41:28.875  4121  4194 D QtiPhoneUtils:  getCurrentUiccCardProvisioningStatus, state[0] = 1
11-04 20:41:28.875  4121  4194 D MotoExtTM: MotoExtTelephonyService: getCurrentUiccStatus subId=1 status=1
11-04 20:41:28.877  2944  3251 D AutomaticBrightnessController[0]: updateAmbientLux [Darkening] mAmbientLux=59.293278 fastAmbientLux=39.0 slowAmbientLux=39.0 threshold=38.659218187520540 (in 500 ms)
11-04 20:41:28.878  3779  3828 D MotoDevicePolicyManager: isMobileDataRestrictionEnabled by (com.android.systemui)
11-04 20:41:28.878  2944  6405 D MotoDevicePolicyDataDAO: getLockObject()
11-04 20:41:28.878  2944  6405 D MotoDevicePolicyManagerService: isMobileDataRestrictionEnabled: value -> 3
11-04 20:41:28.896  2944  3251 D AutomaticBrightnessController[0]: Receive new lux[rear]=0.0
11-04 20:41:28.897  2944  3251 D AutomaticBrightnessController[0]: handleCombineLightSensorEvent mFrontLux=39.0 mRearLux=0.0 mLightSensor=TCS3720 Ambient Light Sensor Non-wakeup mLightSensorEnableTime=186234910 (1285151 ms ago)
11-04 20:41:28.898  2944  3251 D AutomaticBrightnessController[0]: Receive new lux[rear]=0.0
11-04 20:41:28.898  2944  3251 D AutomaticBrightnessController[0]: handleCombineLightSensorEvent mFrontLux=39.0 mRearLux=0.0 mLightSensor=TCS3720 Ambient Light Sensor Non-wakeup mLightSensorEnableTime=186234910 (1285152 ms ago)
11-04 20:41:28.898  2944  3251 D AutomaticBrightnessController[0]: Receive new lux[rear]=0.0
11-04 20:41:28.899  2944  3251 D AutomaticBrightnessController[0]: handleCombineLightSensorEvent mFrontLux=39.0 mRearLux=0.0 mLightSensor=TCS3720 Ambient Light Sensor Non-wakeup mLightSensorEnableTime=186234910 (1285153 ms ago)
11-04 20:41:28.899  2944  3251 D AutomaticBrightnessController[0]: Receive new lux[rear]=0.0
11-04 20:41:28.900  2944  3251 D AutomaticBrightnessController[0]: handleCombineLightSensorEvent mFrontLux=39.0 mRearLux=0.0 mLightSensor=TCS3720 Ambient Light Sensor Non-wakeup mLightSensorEnableTime=186234910 (1285153 ms ago)
11-04 20:41:28.900  2944  3251 D AutomaticBrightnessController[0]: Receive new lux[rear]=0.0
11-04 20:41:28.900  2944  3251 D AutomaticBrightnessController[0]: handleCombineLightSensorEvent mFrontLux=39.0 mRearLux=0.0 mLightSensor=TCS3720 Ambient Light Sensor Non-wakeup mLightSensorEnableTime=186234910 (1285154 ms ago)
11-04 20:41:29.026  1143  1143 I [drm:dsi_display_set_mode [msm_drm]] [msm-dsi-info]: mdp_transfer_time=5500, hactive=1080, vactive=2400, fps=120, clk_rate=1102000000
11-04 20:41:29.027  1143  1143 I [drm:dsi_display_prepare [msm_drm]] [msm-dsi-info]: panel_name=mipi_mot_cmd_csot_1080p_dsc_667 ctrl-index=0
11-04 20:41:29.028  1143  1143 I         : (mipi_mot_cmd_csot_1080p_dsc_667)+
11-04 20:41:29.046  1143  1143 I         : set_backlight from 7108 to 7108, Trend[cur:last=1:1], max[bl:brightness:thermal=16380:16380:16380], for mipi_mot_cmd_csot_1080p_dsc_667
11-04 20:41:29.030  2944  6405 D PowerManagerService: releaseWakeLockInternal: lock=14602469 [RILJ_ACK_WL], flags=0x0, packageName=\"com.android.phone\", displayId=-1
11-04 20:41:29.147  2944  3251 D AutomaticBrightnessController[0]: Receive new lux[rear]=0.0
11-04 20:41:29.147  2944  3251 D AutomaticBrightnessController[0]: handleCombineLightSensorEvent mFrontLux=39.0 mRearLux=0.0 mLightSensor=TCS3720 Ambient Light Sensor Non-wakeup mLightSensorEnableTime=186234910 (1285401 ms ago)
11-04 20:41:29.147  2944  3251 D AutomaticBrightnessController[0]: Receive new lux[rear]=0.0
11-04 20:41:29.147  2944  3251 D AutomaticBrightnessController[0]: handleCombineLightSensorEvent mFrontLux=39.0 mRearLux=0.0 mLightSensor=TCS3720 Ambient Light Sensor Non-wakeup mLightSensorEnableTime=186234910 (1285401 ms ago)
11-04 20:41:29.147  2944  3251 D AutomaticBrightnessController[0]: Receive new lux[rear]=0.0
11-04 20:41:29.147  2944  3251 D AutomaticBrightnessController[0]: handleCombineLightSensorEvent mFrontLux=39.0 mRearLux=0.0 mLightSensor=TCS3720 Ambient Light Sensor Non-wakeup mLightSensorEnableTime=186234910 (1285401 ms ago)
11-04 20:41:29.147  2944  3251 D AutomaticBrightnessController[0]: Receive new lux[rear]=0.0
11-04 20:41:29.148  2944  3251 D AutomaticBrightnessController[0]: handleCombineLightSensorEvent mFrontLux=39.0 mRearLux=0.0 mLightSensor=TCS3720 Ambient Light Sensor Non-wakeup mLightSensorEnableTime=186234910 (1285402 ms ago)
11-04 20:41:29.149  2944  3251 D AutomaticBrightnessController[0]: Receive new lux[rear]=0.0
11-04 20:41:29.150  2944  3251 D AutomaticBrightnessController[0]: handleCombineLightSensorEvent mFrontLux=39.0 mRearLux=0.0 mLightSensor=TCS3720 Ambient Light Sensor Non-wakeup mLightSensorEnableTime=186234910 (1285403 ms ago)
11-04 20:41:29.225  2944  3191 I framework_stats_log: [UID_PROCESS_STATE_CHANGED, 10234, 1014]
11-04 20:41:29.226  2944  3178 D ActivityManager: Set 22426 com.google.android.apps.wellbeing adj 700: provider (ProcessRecord{d5406a5 16130:com.android.settings/1000})
11-04 20:41:29.226  2944  3178 I framework_stats_log: [PROCESS_STATE_CHANGED, 10234, com.google.android.apps.wellbeing, com.google.android.apps.wellbeing, 1014, 529557]
11-04 20:41:29.321  2944  3178 D ActivityManager: Set 30642 com.google.android.contacts adj 700: recent-provider (null)
11-04 20:41:29.323  2944  3191 I framework_stats_log: [UID_PROCESS_STATE_CHANGED, 10250, 1014]
11-04 20:41:29.324  2944  3178 I framework_stats_log: [PROCESS_STATE_CHANGED, 10250, com.google.android.contacts, com.google.android.contacts, 1014, 3112096]
11-04 20:41:29.377  2944  3251 D AutomaticBrightnessController[0]: updateAmbientLux [Darkening] mAmbientLux=59.293278 fastAmbientLux=39.0 slowAmbientLux=39.0 threshold=38.659218187521041 (in 500 ms)
11-04 20:41:29.396  2944  3251 D AutomaticBrightnessController[0]: Receive new lux[rear]=0.0
11-04 20:41:29.397  2944  3251 D AutomaticBrightnessController[0]: handleCombineLightSensorEvent mFrontLux=39.0 mRearLux=0.0 mLightSensor=TCS3720 Ambient Light Sensor Non-wakeup mLightSensorEnableTime=186234910 (1285650 ms ago)
11-04 20:41:29.397  2944  3251 D AutomaticBrightnessController[0]: Receive new lux[rear]=0.0
11-04 20:41:29.397  2944  3251 D AutomaticBrightnessController[0]: handleCombineLightSensorEvent mFrontLux=39.0 mRearLux=0.0 mLightSensor=TCS3720 Ambient Light Sensor Non-wakeup mLightSensorEnableTime=186234910 (1285651 ms ago)
11-04 20:41:29.397  2944  3251 D AutomaticBrightnessController[0]: Receive new lux[rear]=0.0
11-04 20:41:29.397  2944  3251 D AutomaticBrightnessController[0]: handleCombineLightSensorEvent mFrontLux=39.0 mRearLux=0.0 mLightSensor=TCS3720 Ambient Light Sensor Non-wakeup mLightSensorEnableTime=186234910 (1285651 ms ago)
11-04 20:41:29.397  2944  3251 D AutomaticBrightnessController[0]: Receive new lux[rear]=0.0
11-04 20:41:29.397  2944  3251 D AutomaticBrightnessController[0]: handleCombineLightSensorEvent mFrontLux=39.0 mRearLux=0.0 mLightSensor=TCS3720 Ambient Light Sensor Non-wakeup mLightSensorEnableTime=186234910 (1285651 ms ago)
11-04 20:41:29.397  2944  3251 D AutomaticBrightnessController[0]: Receive new lux[rear]=0.0
11-04 20:41:29.397  2944  3251 D AutomaticBrightnessController[0]: handleCombineLightSensorEvent mFrontLux=39.0 mRearLux=0.0 mLightSensor=TCS3720 Ambient Light Sensor Non-wakeup mLightSensorEnableTime=186234910 (1285651 ms ago)
11-04 20:41:29.501  1143  1143 I [drm:dsi_display_set_mode [msm_drm]] [msm-dsi-info]: mdp_transfer_time=5500, hactive=1080, vactive=2400, fps=60, clk_rate=1102000000
11-04 20:41:29.502  1143  1143 I [drm:dsi_display_prepare [msm_drm]] [msm-dsi-info]: panel_name=mipi_mot_cmd_csot_1080p_dsc_667 ctrl-index=0
11-04 20:41:29.503  1143  1143 I         : (mipi_mot_cmd_csot_1080p_dsc_667)+
11-04 20:41:29.649  2944  3251 D AutomaticBrightnessController[0]: Receive new lux[rear]=0.0
11-04 20:41:29.649  2944  3251 D AutomaticBrightnessController[0]: handleCombineLightSensorEvent mFrontLux=39.0 mRearLux=0.0 mLightSensor=TCS3720 Ambient Light Sensor Non-wakeup mLightSensorEnableTime=186234910 (1285903 ms ago)
11-04 20:41:29.650  2944  3251 D AutomaticBrightnessController[0]: Receive new lux[rear]=0.0
11-04 20:41:29.650  2944  3251 D AutomaticBrightnessController[0]: handleCombineLightSensorEvent mFrontLux=39.0 mRearLux=0.0 mLightSensor=TCS3720 Ambient Light Sensor Non-wakeup mLightSensorEnableTime=186234910 (1285904 ms ago)
11-04 20:41:29.651  2944  3251 D AutomaticBrightnessController[0]: Receive new lux[rear]=0.0
11-04 20:41:29.651  2944  3251 D AutomaticBrightnessController[0]: handleCombineLightSensorEvent mFrontLux=39.0 mRearLux=0.0 mLightSensor=TCS3720 Ambient Light Sensor Non-wakeup mLightSensorEnableTime=186234910 (1285905 ms ago)
11-04 20:41:29.652  2944  3251 D AutomaticBrightnessController[0]: Receive new lux[rear]=0.0
11-04 20:41:29.652  2944  3251 D AutomaticBrightnessController[0]: handleCombineLightSensorEvent mFrontLux=39.0 mRearLux=0.0 mLightSensor=TCS3720 Ambient Light Sensor Non-wakeup mLightSensorEnableTime=186234910 (1285906 ms ago)
11-04 20:41:29.652  2944  3251 D AutomaticBrightnessController[0]: Receive new lux[rear]=0.0
11-04 20:41:29.652  2944  3251 D AutomaticBrightnessController[0]: handleCombineLightSensorEvent mFrontLux=39.0 mRearLux=0.0 mLightSensor=TCS3720 Ambient Light Sensor Non-wakeup mLightSensorEnableTime=186234910 (1285906 ms ago)
11-04 20:41:29.878  2944  3251 D AutomaticBrightnessController[0]: updateAmbientLux [Darkening] mAmbientLux=59.293278 fastAmbientLux=39.0 slowAmbientLux=39.0 threshold=38.659218187521542 (in 500 ms)
11-04 20:41:29.886  3779  3779 D MotoExtTM: MotoExtTelephonyManager: getCurrentUiccCardProvisioningStatus subId=1
11-04 20:41:29.888  4121  4581 D MotoExtTM: MotoExtTelephonyService: getCurrentUiccCardProvisioningStatus subId=1
11-04 20:41:29.889  4121  4581 D QtiSubscriptionController: getUiccProvisionStatus
11-04 20:41:29.892  2944  6405 I framework_stats_log: [SERVICE_STATE_CHANGED, 10194, com.google.android.gms, com.google.android.gms.chimera.PersistentIntentOperationService, 2]
11-04 20:41:29.893  4121  4581 D QtiPhoneUtils:  getCurrentUiccCardProvisioningStatus, state[0] = 1
11-04 20:41:29.893  4121  4581 D MotoExtTM: MotoExtTelephonyService: getCurrentUiccStatus subId=1 status=1
11-04 20:41:29.895  2944  6405 D ActivityManager: Set 29940 com.google.android.gms.persistent adj 0: service (ProcessRecord{6f0624c 30075:com.google.android.gms/u0a194})
11-04 20:41:29.897  2944  3251 D AutomaticBrightnessController[0]: Receive new lux[rear]=0.0
11-04 20:41:29.897  2944  3251 D AutomaticBrightnessController[0]: handleCombineLightSensorEvent mFrontLux=39.0 mRearLux=0.0 mLightSensor=TCS3720 Ambient Light Sensor Non-wakeup mLightSensorEnableTime=186234910 (1286151 ms ago)
11-04 20:41:29.897  2944  3251 D AutomaticBrightnessController[0]: Receive new lux[rear]=0.0
11-04 20:41:29.897  2944  3251 D AutomaticBrightnessController[0]: handleCombineLightSensorEvent mFrontLux=39.0 mRearLux=0.0 mLightSensor=TCS3720 Ambient Light Sensor Non-wakeup mLightSensorEnableTime=186234910 (1286151 ms ago)
11-04 20:41:29.897  2944  3251 D AutomaticBrightnessController[0]: Receive new lux[rear]=0.0
11-04 20:41:29.897  2944  3251 D AutomaticBrightnessController[0]: handleCombineLightSensorEvent mFrontLux=39.0 mRearLux=0.0 mLightSensor=TCS3720 Ambient Light Sensor Non-wakeup mLightSensorEnableTime=186234910 (1286151 ms ago)
11-04 20:41:29.897  2944  3251 D AutomaticBrightnessController[0]: Receive new lux[rear]=0.0
11-04 20:41:29.897  2944  3251 D AutomaticBrightnessController[0]: handleCombineLightSensorEvent mFrontLux=39.0 mRearLux=0.0 mLightSensor=TCS3720 Ambient Light Sensor Non-wakeup mLightSensorEnableTime=186234910 (1286151 ms ago)
11-04 20:41:29.897  2944  3251 D AutomaticBrightnessController[0]: Receive new lux[rear]=0.0
11-04 20:41:29.897  2944  3251 D AutomaticBrightnessController[0]: handleCombineLightSensorEvent mFrontLux=39.0 mRearLux=0.0 mLightSensor=TCS3720 Ambient Light Sensor Non-wakeup mLightSensorEnableTime=186234910 (1286151 ms ago)
11-04 20:41:29.898  3779  3828 D MotoDevicePolicyManager: isMobileDataRestrictionEnabled by (com.android.systemui)
11-04 20:41:29.898  2944  3758 D MotoDevicePolicyDataDAO: getLockObject()
11-04 20:41:29.898  2944  3758 D MotoDevicePolicyManagerService: isMobileDataRestrictionEnabled: value -> 3
11-04 20:41:29.903  2944  3758 D ActivityManager: Set 29940 com.google.android.gms.persistent adj 100: service (ProcessRecord{6f0624c 30075:com.google.android.gms/u0a194})
11-04 20:41:29.949  2944  3758 I framework_stats_log: [SERVICE_STATE_CHANGED, 10194, com.google.android.gms, com.google.android.gms.chimera.GmsIntentOperationService, 2]
11-04 20:41:29.955  2944  3758 D ActivityManager: Set 30075 com.google.android.gms adj 0: service (ProcessRecord{3fbd34c 22400:com.google.android.dialer/u0a191})
11-04 20:41:29.972  2944  6405 D ActivityManager: Set 30075 com.google.android.gms adj 100: service (ProcessRecord{3fbd34c 22400:com.google.android.dialer/u0a191})
11-04 20:41:29.996  1143  1143 I [drm:dsi_display_set_mode [msm_drm]] [msm-dsi-info]: mdp_transfer_time=5500, hactive=1080, vactive=2400, fps=120, clk_rate=1102000000
11-04 20:41:29.996  1143  1143 I [drm:dsi_display_prepare [msm_drm]] [msm-dsi-info]: panel_name=mipi_mot_cmd_csot_1080p_dsc_667 ctrl-index=0
11-04 20:41:29.997  1143  1143 I         : (mipi_mot_cmd_csot_1080p_dsc_667)+
11-04 20:41:30.015  1143  1143 I         : set_backlight from 7108 to 7108, Trend[cur:last=1:1], max[bl:brightness:thermal=16380:16380:16380], for mipi_mot_cmd_csot_1080p_dsc_667
11-04 20:41:30.148  2944  3251 D AutomaticBrightnessController[0]: Receive new lux[rear]=0.0
11-04 20:41:30.149  2944  3251 D AutomaticBrightnessController[0]: handleCombineLightSensorEvent mFrontLux=39.0 mRearLux=0.0 mLightSensor=TCS3720 Ambient Light Sensor Non-wakeup mLightSensorEnableTime=186234910 (1286403 ms ago)
11-04 20:41:30.150  2944  3251 D AutomaticBrightnessController[0]: Receive new lux[rear]=0.0
11-04 20:41:30.151  2944  3251 D AutomaticBrightnessController[0]: handleCombineLightSensorEvent mFrontLux=39.0 mRearLux=0.0 mLightSensor=TCS3720 Ambient Light Sensor Non-wakeup mLightSensorEnableTime=186234910 (1286404 ms ago)
11-04 20:41:30.151  2944  3251 D AutomaticBrightnessController[0]: Receive new lux[rear]=0.0
11-04 20:41:30.151  2944  3251 D AutomaticBrightnessController[0]: handleCombineLightSensorEvent mFrontLux=39.0 mRearLux=0.0 mLightSensor=TCS3720 Ambient Light Sensor Non-wakeup mLightSensorEnableTime=186234910 (1286405 ms ago)
11-04 20:41:30.151  2944  3251 D AutomaticBrightnessController[0]: Receive new lux[rear]=0.0
11-04 20:41:30.151  2944  3251 D AutomaticBrightnessController[0]: handleCombineLightSensorEvent mFrontLux=39.0 mRearLux=0.0 mLightSensor=TCS3720 Ambient Light Sensor Non-wakeup mLightSensorEnableTime=186234910 (1286405 ms ago)
11-04 20:41:30.151  2944  3251 D AutomaticBrightnessController[0]: Receive new lux[rear]=0.0
11-04 20:41:30.151  2944  3251 D AutomaticBrightnessController[0]: handleCombineLightSensorEvent mFrontLux=39.0 mRearLux=0.0 mLightSensor=TCS3720 Ambient Light Sensor Non-wakeup mLightSensorEnableTime=186234910 (1286405 ms ago)
11-04 20:41:30.173  2944  6405 I framework_stats_log: [SCHEDULED_JOB_STATE_CHANGED, [10179], [null], com.dish.wireless.activation/androidx.work.impl.background.systemjob.SystemJobService, 0, 10, 6, 24352, false, true, false, false, false, false, true, false, false, false, 0, false, 400, 400, 0]
11-04 20:41:30.173  2944  6405 D PowerManagerService: releaseWakeLockInternal: lock=142382667 [*job*/com.dish.wireless.activation/androidx.work.impl.background.systemjob.SystemJobService], flags=0x0, packageName=\"android\", displayId=-1
11-04 20:41:30.174  4121  4121 D TelephonyNetworkFactory[0]: onReleaseNetworkFor [NetworkRequest [ REQUEST id=1237, [ Capabilities: INTERNET&NOT_RESTRICTED&TRUSTED&NOT_VCN_MANAGED Uid: 10179 RequestorUid: 10179 RequestorPkg: com.dish.wireless.activation UnderlyingNetworks: Null] ], mPriority=20, state=UNSATISFIED, mAttachedDataNetwork=null, isMetered=true, created time=20:41:30.174, evaluation result=null] applied true
11-04 20:41:30.175  4121  4121 D DNC-0   : handleMessage, msg.what = 3
11-04 20:41:30.175  4121  4121 D DNC-0   : onRemoveNetworkRequest: Removed [NetworkRequest [ REQUEST id=1237, [ Capabilities: INTERNET&NOT_RESTRICTED&TRUSTED&NOT_VCN_MANAGED Uid: 10179 RequestorUid: 10179 RequestorPkg: com.dish.wireless.activation UnderlyingNetworks: Null] ], mPriority=20, state=SATISFIED, mAttachedDataNetwork=DN-127-C, isMetered=true, created time=20:41:22.542, evaluation result=null]
11-04 20:41:30.175  2944  6405 D ActivityManager: Set 9582 com.dish.wireless.activation adj 200: fg-service (null)
11-04 20:41:30.319  1143  1143 I [drm:dsi_display_set_mode [msm_drm]] [msm-dsi-info]: mdp_transfer_time=5500, hactive=1080, vactive=2400, fps=60, clk_rate=1102000000
11-04 20:41:30.320  1143  1143 I [drm:dsi_display_prepare [msm_drm]] [msm-dsi-info]: panel_name=mipi_mot_cmd_csot_1080p_dsc_667 ctrl-index=0
11-04 20:41:30.321  1143  1143 I         : (mipi_mot_cmd_csot_1080p_dsc_667)+
11-04 20:41:30.379  2944  3251 D AutomaticBrightnessController[0]: updateAmbientLux [Darkening] mAmbientLux=59.293278 fastAmbientLux=39.0 slowAmbientLux=39.0 threshold=38.659218187522043 (in 500 ms)
11-04 20:41:30.398  2944  3251 D AutomaticBrightnessController[0]: Receive new lux[rear]=0.0
11-04 20:41:30.398  2944  3251 D AutomaticBrightnessController[0]: handleCombineLightSensorEvent mFrontLux=39.0 mRearLux=0.0 mLightSensor=TCS3720 Ambient Light Sensor Non-wakeup mLightSensorEnableTime=186234910 (1286652 ms ago)
11-04 20:41:30.401  2944  3251 D AutomaticBrightnessController[0]: Receive new lux[rear]=0.0
11-04 20:41:30.401  2944  3251 D AutomaticBrightnessController[0]: handleCombineLightSensorEvent mFrontLux=39.0 mRearLux=0.0 mLightSensor=TCS3720 Ambient Light Sensor Non-wakeup mLightSensorEnableTime=186234910 (1286655 ms ago)
11-04 20:41:30.401  2944  3251 D AutomaticBrightnessController[0]: Receive new lux[rear]=0.0
11-04 20:41:30.402  2944  3251 D AutomaticBrightnessController[0]: handleCombineLightSensorEvent mFrontLux=39.0 mRearLux=0.0 mLightSensor=TCS3720 Ambient Light Sensor Non-wakeup mLightSensorEnableTime=186234910 (1286656 ms ago)
11-04 20:41:30.402  2944  3251 D AutomaticBrightnessController[0]: Receive new lux[rear]=0.0
11-04 20:41:30.402  2944  3251 D AutomaticBrightnessController[0]: handleCombineLightSensorEvent mFrontLux=39.0 mRearLux=0.0 mLightSensor=TCS3720 Ambient Light Sensor Non-wakeup mLightSensorEnableTime=186234910 (1286656 ms ago)
11-04 20:41:30.402  2944  3251 D AutomaticBrightnessController[0]: Receive new lux[rear]=0.0
11-04 20:41:30.402  2944  3251 D AutomaticBrightnessController[0]: handleCombineLightSensorEvent mFrontLux=39.0 mRearLux=0.0 mLightSensor=TCS3720 Ambient Light Sensor Non-wakeup mLightSensorEnableTime=186234910 (1286656 ms ago)
11-04 20:41:30.617  6416  6416 I msm_dwc3_perf_vote_work: in_perf_mode:0, interrupts in last sample:12
11-04 20:41:30.624  7388  7388 I qti_glink_charger: qti_charger_get_chg_info: LPD: present=0, rsbu1=198193, rsbu2=204400
11-04 20:41:30.629  7388  7388 I qti_glink_charger: qti_wireless_charge_dump_info: Wireless dump info -1: CHIP_ID: 0x0000, MTP_FW_VER: 0x0000, IRQ STATUS: 0x0000, SYS_MODE:  RX/TX 0, OP_MODE:  BPP/EPP 0x0, RX_FOP: 0kHz, RX_VOUT: 0mV, RX_VRECT: 0mV, RX_IRECT: 0mV, RX_NEG_POWER: 0w
11-04 20:41:30.629  7388  7388 I qti_glink_charger: qti_wireless_charge_dump_info: Wireless dump info -2: TX_IIN: 0mA, TX_VIN: 0mV, TX_VRECT: 0mV, TX_DET_RX_POWER: 0mW, TX_POWER: 0mW, POWER_LOSS: 0mW, TX_FOD: 0, RX_CONNECTED: 0, TX_EPT_RSN: 0x0000,
11-04 20:41:30.629  7388  7388 I qti_glink_charger: qti_wireless_charge_dump_info: Wireless dump info -3: rx_ept: 0, rx_ce: 0, rx_rp: 0, rx_dietemp: 0, USB_OTG: 0, WLS_BOOST: 0, WLS_ICL_MA: 1250mA, WLS_ICL_THERM_MA: 1250mA
11-04 20:41:30.629  7388  7388 I qti_glink_charger: qti_wireless_charge_dump_info: Wireless dump info -4: WLC Stand: tx_type 0, tx_power: 0, fan: 0, light: 0, status: 0
11-04 20:41:30.629  7388  7388 I mmi_charger: mmi_get_charger_info: [C:qti_glink_charger]: batt_mv 4424, batt_ma -8, batt_soc 100, batt_temp 30, batt_status 4, batt_sn SB18D58448, batt_fv_mv 4420, batt_fcc_ma 6000
11-04 20:41:30.629  7388  7388 I mmi_charger: mmi_get_charger_info: [C:qti_glink_charger]: chrg_present 1, chrg_type 3, chrg_pmax_mw 7500, chrg_mv 5092, chrg_ma 262, chrg_otg_enabled 0, thermal_level 2
11-04 20:41:30.629  7388  7388 I mmi_charger: mmi_update_charger_status: [C:qti_glink_charger]: StepChg: MAX, TempZone: 0, LimitMode: 2, DemoSuspend: 0
11-04 20:41:30.629  7388  7388 I mmi_charger: mmi_configure_charger: [C:qti_glink_charger]: FV=4400, FCC=4000, CDIS=0, CSUS=0, CRES=0, CFULL=0
11-04 20:41:30.646  2944  3251 D AutomaticBrightnessController[0]: Receive new lux[rear]=0.0
11-04 20:41:30.647  2944  3251 D AutomaticBrightnessController[0]: handleCombineLightSensorEvent mFrontLux=39.0 mRearLux=0.0 mLightSensor=TCS3720 Ambient Light Sensor Non-wakeup mLightSensorEnableTime=186234910 (1286901 ms ago)
11-04 20:41:30.648  2944  3251 D AutomaticBrightnessController[0]: Receive new lux[rear]=0.0
11-04 20:41:30.648  2944  3251 D AutomaticBrightnessController[0]: handleCombineLightSensorEvent mFrontLux=39.0 mRearLux=0.0 mLightSensor=TCS3720 Ambient Light Sensor Non-wakeup mLightSensorEnableTime=186234910 (1286902 ms ago)
11-04 20:41:30.648  2944  3251 D AutomaticBrightnessController[0]: Receive new lux[rear]=0.0
11-04 20:41:30.649  2944  3251 D AutomaticBrightnessController[0]: handleCombineLightSensorEvent mFrontLux=39.0 mRearLux=0.0 mLightSensor=TCS3720 Ambient Light Sensor Non-wakeup mLightSensorEnableTime=186234910 (1286902 ms ago)
11-04 20:41:30.649  2944  3251 D AutomaticBrightnessController[0]: Receive new lux[rear]=0.0
11-04 20:41:30.649  2944  3251 D AutomaticBrightnessController[0]: handleCombineLightSensorEvent mFrontLux=39.0 mRearLux=0.0 mLightSensor=TCS3720 Ambient Light Sensor Non-wakeup mLightSensorEnableTime=186234910 (1286903 ms ago)
11-04 20:41:30.649  2944  3251 D AutomaticBrightnessController[0]: Receive new lux[rear]=0.0
11-04 20:41:30.649  2944  3251 D AutomaticBrightnessController[0]: handleCombineLightSensorEvent mFrontLux=39.0 mRearLux=0.0 mLightSensor=TCS3720 Ambient Light Sensor Non-wakeup mLightSensorEnableTime=186234910 (1286903 ms ago)
11-04 20:41:30.880  2944  3251 D AutomaticBrightnessController[0]: updateAmbientLux [Darkening] mAmbientLux=59.293278 fastAmbientLux=39.0 slowAmbientLux=39.0 threshold=38.659218187522544 (in 500 ms)
11-04 20:41:30.891  3779  3779 D MotoExtTM: MotoExtTelephonyManager: getCurrentUiccCardProvisioningStatus subId=1
11-04 20:41:30.893  4121  4194 D MotoExtTM: MotoExtTelephonyService: getCurrentUiccCardProvisioningStatus subId=1
11-04 20:41:30.893  4121  4194 D QtiSubscriptionController: getUiccProvisionStatus
11-04 20:41:30.896  2944  3251 D AutomaticBrightnessController[0]: Receive new lux[rear]=0.0
11-04 20:41:30.897  2944  3251 D AutomaticBrightnessController[0]: handleCombineLightSensorEvent mFrontLux=39.0 mRearLux=0.0 mLightSensor=TCS3720 Ambient Light Sensor Non-wakeup mLightSensorEnableTime=186234910 (1287151 ms ago)
11-04 20:41:30.897  4121  4194 D QtiPhoneUtils:  getCurrentUiccCardProvisioningStatus, state[0] = 1
11-04 20:41:30.897  2944  3251 D AutomaticBrightnessController[0]: Receive new lux[rear]=0.0
11-04 20:41:30.897  4121  4194 D MotoExtTM: MotoExtTelephonyService: getCurrentUiccStatus subId=1 status=1
11-04 20:41:30.897  2944  3251 D AutomaticBrightnessController[0]: handleCombineLightSensorEvent mFrontLux=39.0 mRearLux=0.0 mLightSensor=TCS3720 Ambient Light Sensor Non-wakeup mLightSensorEnableTime=186234910 (1287151 ms ago)
11-04 20:41:30.897  2944  3251 D AutomaticBrightnessController[0]: Receive new lux[rear]=0.0
11-04 20:41:30.897  2944  3251 D AutomaticBrightnessController[0]: handleCombineLightSensorEvent mFrontLux=39.0 mRearLux=0.0 mLightSensor=TCS3720 Ambient Light Sensor Non-wakeup mLightSensorEnableTime=186234910 (1287151 ms ago)
11-04 20:41:30.897  2944  3251 D AutomaticBrightnessController[0]: Receive new lux[rear]=0.0
11-04 20:41:30.898  2944  3251 D AutomaticBrightnessController[0]: handleCombineLightSensorEvent mFrontLux=39.0 mRearLux=0.0 mLightSensor=TCS3720 Ambient Light Sensor Non-wakeup mLightSensorEnableTime=186234910 (1287152 ms ago)
11-04 20:41:30.898  2944  3251 D AutomaticBrightnessController[0]: Receive new lux[rear]=0.0
11-04 20:41:30.898  2944  3251 D AutomaticBrightnessController[0]: handleCombineLightSensorEvent mFrontLux=39.0 mRearLux=0.0 mLightSensor=TCS3720 Ambient Light Sensor Non-wakeup mLightSensorEnableTime=186234910 (1287152 ms ago)
11-04 20:41:30.901  3779  3828 D MotoDevicePolicyManager: isMobileDataRestrictionEnabled by (com.android.systemui)
11-04 20:41:30.901  2944  6405 D MotoDevicePolicyDataDAO: getLockObject()
11-04 20:41:30.901  2944  6405 D MotoDevicePolicyManagerService: isMobileDataRestrictionEnabled: value -> 3
11-04 20:41:31.056  1143  1143 I [drm:dsi_display_set_mode [msm_drm]] [msm-dsi-info]: mdp_transfer_time=5500, hactive=1080, vactive=2400, fps=120, clk_rate=1102000000
11-04 20:41:31.057  1143  1143 I [drm:dsi_display_prepare [msm_drm]] [msm-dsi-info]: panel_name=mipi_mot_cmd_csot_1080p_dsc_667 ctrl-index=0
11-04 20:41:31.058  1143  1143 I         : (mipi_mot_cmd_csot_1080p_dsc_667)+
11-04 20:41:31.076  1143  1143 I         : set_backlight from 7108 to 7108, Trend[cur:last=1:1], max[bl:brightness:thermal=16380:16380:16380], for mipi_mot_cmd_csot_1080p_dsc_667
11-04 20:41:31.147  2944  3251 D AutomaticBrightnessController[0]: Receive new lux[rear]=0.0
11-04 20:41:31.147  2944  3251 D AutomaticBrightnessController[0]: handleCombineLightSensorEvent mFrontLux=39.0 mRearLux=0.0 mLightSensor=TCS3720 Ambient Light Sensor Non-wakeup mLightSensorEnableTime=186234910 (1287401 ms ago)
11-04 20:41:31.148  2944  3251 D AutomaticBrightnessController[0]: Receive new lux[rear]=0.0
11-04 20:41:31.148  2944  3251 D AutomaticBrightnessController[0]: handleCombineLightSensorEvent mFrontLux=39.0 mRearLux=0.0 mLightSensor=TCS3720 Ambient Light Sensor Non-wakeup mLightSensorEnableTime=186234910 (1287401 ms ago)
11-04 20:41:31.148  2944  3251 D AutomaticBrightnessController[0]: Receive new lux[rear]=0.0
11-04 20:41:31.148  2944  3251 D AutomaticBrightnessController[0]: handleCombineLightSensorEvent mFrontLux=39.0 mRearLux=0.0 mLightSensor=TCS3720 Ambient Light Sensor Non-wakeup mLightSensorEnableTime=186234910 (1287402 ms ago)
11-04 20:41:31.148  2944  3251 D AutomaticBrightnessController[0]: Receive new lux[rear]=0.0
11-04 20:41:31.148  2944  3251 D AutomaticBrightnessController[0]: handleCombineLightSensorEvent mFrontLux=39.0 mRearLux=0.0 mLightSensor=TCS3720 Ambient Light Sensor Non-wakeup mLightSensorEnableTime=186234910 (1287402 ms ago)
11-04 20:41:31.148  2944  3251 D AutomaticBrightnessController[0]: Receive new lux[rear]=0.0
11-04 20:41:31.148  2944  3251 D AutomaticBrightnessController[0]: handleCombineLightSensorEvent mFrontLux=39.0 mRearLux=0.0 mLightSensor=TCS3720 Ambient Light Sensor Non-wakeup mLightSensorEnableTime=186234910 (1287402 ms ago)
11-04 20:41:31.258  4121  4121 D QtiGsmCdmaPhone: [0 ] handleMessage: Event: 15
11-04 20:41:31.259  4121  4121 D VendorGsmCdmaPhone: handleMessage: Event: 15
11-04 20:41:31.259  4121  4121 D Phone   : Event EVENT_CALL_RING_CONTINUE Received state=RINGING
11-04 20:41:31.259  4121  4121 D Phone   : Sending notifyIncomingRing
11-04 20:41:31.338  1143  1143 I [drm:dsi_display_set_mode [msm_drm]] [msm-dsi-info]: mdp_transfer_time=5500, hactive=1080, vactive=2400, fps=60, clk_rate=1102000000
11-04 20:41:31.339  1143  1143 I [drm:dsi_display_prepare [msm_drm]] [msm-dsi-info]: panel_name=mipi_mot_cmd_csot_1080p_dsc_667 ctrl-index=0
11-04 20:41:31.340  1143  1143 I         : (mipi_mot_cmd_csot_1080p_dsc_667)+
11-04 20:41:31.339  4121  4121 D ImsPhone: [0] handleMessage what=15
11-04 20:41:31.339  4121  4121 D Phone   : Event EVENT_CALL_RING_CONTINUE Received state=RINGING
11-04 20:41:31.339  4121  4121 D Phone   : Sending notifyIncomingRing
11-04 20:41:31.382  2944  3251 D AutomaticBrightnessController[0]: updateAmbientLux [Darkening] mAmbientLux=59.293278 fastAmbientLux=39.0 slowAmbientLux=39.0 threshold=38.659218187523045 (in 500 ms)
11-04 20:41:31.398  2944  3251 D AutomaticBrightnessController[0]: Receive new lux[rear]=0.0
11-04 20:41:31.398  2944  3251 D AutomaticBrightnessController[0]: handleCombineLightSensorEvent mFrontLux=39.0 mRearLux=0.0 mLightSensor=TCS3720 Ambient Light Sensor Non-wakeup mLightSensorEnableTime=186234910 (1287652 ms ago)
11-04 20:41:31.398  2944  3251 D AutomaticBrightnessController[0]: Receive new lux[rear]=0.0
11-04 20:41:31.399  2944  3251 D AutomaticBrightnessController[0]: handleCombineLightSensorEvent mFrontLux=39.0 mRearLux=0.0 mLightSensor=TCS3720 Ambient Light Sensor Non-wakeup mLightSensorEnableTime=186234910 (1287653 ms ago)
11-04 20:41:31.399  2944  3251 D AutomaticBrightnessController[0]: Receive new lux[rear]=0.0
11-04 20:41:31.399  2944  3251 D AutomaticBrightnessController[0]: handleCombineLightSensorEvent mFrontLux=39.0 mRearLux=0.0 mLightSensor=TCS3720 Ambient Light Sensor Non-wakeup mLightSensorEnableTime=186234910 (1287653 ms ago)
11-04 20:41:31.400  2944  3251 D AutomaticBrightnessController[0]: Receive new lux[rear]=0.0
11-04 20:41:31.400  2944  3251 D AutomaticBrightnessController[0]: handleCombineLightSensorEvent mFrontLux=39.0 mRearLux=0.0 mLightSensor=TCS3720 Ambient Light Sensor Non-wakeup mLightSensorEnableTime=186234910 (1287654 ms ago)
11-04 20:41:31.400  2944  3251 D AutomaticBrightnessController[0]: Receive new lux[rear]=0.0
11-04 20:41:31.400  2944  3251 D AutomaticBrightnessController[0]: handleCombineLightSensorEvent mFrontLux=39.0 mRearLux=0.0 mLightSensor=TCS3720 Ambient Light Sensor Non-wakeup mLightSensorEnableTime=186234910 (1287654 ms ago)
11-04 20:41:31.518  2944  6405 D ActivityManager: Set 30075 com.google.android.gms adj 0: service (ProcessRecord{3fbd34c 22400:com.google.android.dialer/u0a191})
11-04 20:41:31.521  2944  4298 D ActivityManager: Set 30075 com.google.android.gms adj 100: service (ProcessRecord{3fbd34c 22400:com.google.android.dialer/u0a191})
11-04 20:41:31.648  2944  3251 D AutomaticBrightnessController[0]: Receive new lux[rear]=0.0
11-04 20:41:31.649  2944  3251 D AutomaticBrightnessController[0]: handleCombineLightSensorEvent mFrontLux=39.0 mRearLux=0.0 mLightSensor=TCS3720 Ambient Light Sensor Non-wakeup mLightSensorEnableTime=186234910 (1287903 ms ago)
11-04 20:41:31.649  2944  3251 D AutomaticBrightnessController[0]: Receive new lux[rear]=0.0
11-04 20:41:31.650  2944  3251 D AutomaticBrightnessController[0]: handleCombineLightSensorEvent mFrontLux=39.0 mRearLux=0.0 mLightSensor=TCS3720 Ambient Light Sensor Non-wakeup mLightSensorEnableTime=186234910 (1287904 ms ago)
11-04 20:41:31.650  2944  3251 D AutomaticBrightnessController[0]: Receive new lux[rear]=0.0
11-04 20:41:31.650  2944  3251 D AutomaticBrightnessController[0]: handleCombineLightSensorEvent mFrontLux=39.0 mRearLux=0.0 mLightSensor=TCS3720 Ambient Light Sensor Non-wakeup mLightSensorEnableTime=186234910 (1287904 ms ago)
11-04 20:41:31.650  2944  3251 D AutomaticBrightnessController[0]: Receive new lux[rear]=0.0
11-04 20:41:31.650  2944  3251 D AutomaticBrightnessController[0]: handleCombineLightSensorEvent mFrontLux=39.0 mRearLux=0.0 mLightSensor=TCS3720 Ambient Light Sensor Non-wakeup mLightSensorEnableTime=186234910 (1287904 ms ago)
11-04 20:41:31.651  2944  3251 D AutomaticBrightnessController[0]: Receive new lux[rear]=0.0
11-04 20:41:31.651  2944  3251 D AutomaticBrightnessController[0]: handleCombineLightSensorEvent mFrontLux=39.0 mRearLux=0.0 mLightSensor=TCS3720 Ambient Light Sensor Non-wakeup mLightSensorEnableTime=186234910 (1287905 ms ago)
11-04 20:41:31.785 32278 32278 W usb_read_work_fn: 457 callbacks suppressed
11-04 20:41:31.785 32278 32278 E coresight-tmc-etr: Drop data, offset = 23920640, seq = 3437, irq = 1
11-04 20:41:31.807 32278 32278 E coresight-tmc-etr: Drop data, offset = 23986176, seq = 3438, irq = 1
11-04 20:41:31.832 32278 32278 E coresight-tmc-etr: Drop data, offset = 24051712, seq = 3439, irq = 1
11-04 20:41:31.839 32278 32278 E coresight-tmc-etr: Drop data, offset = 24117248, seq = 3440, irq = 1
11-04 20:41:31.847 32278 32278 E coresight-tmc-etr: Drop data, offset = 24182784, seq = 3441, irq = 1
11-04 20:41:31.853 32278 32278 E coresight-tmc-etr: Drop data, offset = 24248320, seq = 3442, irq = 1
11-04 20:41:31.859 32278 32278 E coresight-tmc-etr: Drop data, offset = 24313856, seq = 3443, irq = 1
11-04 20:41:31.865 32278 32278 E coresight-tmc-etr: Drop data, offset = 24379392, seq = 3444, irq = 1
11-04 20:41:31.870 32278 32278 E coresight-tmc-etr: Drop data, offset = 24444928, seq = 3445, irq = 1
11-04 20:41:31.875 32278 32278 E coresight-tmc-etr: Drop data, offset = 24510464, seq = 3446, irq = 1
11-04 20:41:31.882  2944  3251 D AutomaticBrightnessController[0]: updateAmbientLux [Darkening] mAmbientLux=59.293278 fastAmbientLux=39.0 slowAmbientLux=39.0 threshold=38.659218187523546 (in 500 ms)
11-04 20:41:31.897  2944  3251 D AutomaticBrightnessController[0]: Receive new lux[rear]=0.0
11-04 20:41:31.898  2944  3251 D AutomaticBrightnessController[0]: handleCombineLightSensorEvent mFrontLux=39.0 mRearLux=0.0 mLightSensor=TCS3720 Ambient Light Sensor Non-wakeup mLightSensorEnableTime=186234910 (1288151 ms ago)
11-04 20:41:31.898  2944  3251 D AutomaticBrightnessController[0]: Receive new lux[rear]=0.0
11-04 20:41:31.898  2944  3251 D AutomaticBrightnessController[0]: handleCombineLightSensorEvent mFrontLux=39.0 mRearLux=0.0 mLightSensor=TCS3720 Ambient Light Sensor Non-wakeup mLightSensorEnableTime=186234910 (1288152 ms ago)
11-04 20:41:31.898  2944  3251 D AutomaticBrightnessController[0]: Receive new lux[rear]=0.0
11-04 20:41:31.898  2944  3251 D AutomaticBrightnessController[0]: handleCombineLightSensorEvent mFrontLux=39.0 mRearLux=0.0 mLightSensor=TCS3720 Ambient Light Sensor Non-wakeup mLightSensorEnableTime=186234910 (1288152 ms ago)
11-04 20:41:31.898  2944  3251 D AutomaticBrightnessController[0]: Receive new lux[rear]=0.0
11-04 20:41:31.898  2944  3251 D AutomaticBrightnessController[0]: handleCombineLightSensorEvent mFrontLux=39.0 mRearLux=0.0 mLightSensor=TCS3720 Ambient Light Sensor Non-wakeup mLightSensorEnableTime=186234910 (1288152 ms ago)
11-04 20:41:31.898  2944  3251 D AutomaticBrightnessController[0]: Receive new lux[rear]=0.0
11-04 20:41:31.898  2944  3251 D AutomaticBrightnessController[0]: handleCombineLightSensorEvent mFrontLux=39.0 mRearLux=0.0 mLightSensor=TCS3720 Ambient Light Sensor Non-wakeup mLightSensorEnableTime=186234910 (1288152 ms ago)
11-04 20:41:32.147  2944  3251 D AutomaticBrightnessController[0]: Receive new lux[rear]=0.0
11-04 20:41:32.147  2944  3251 D AutomaticBrightnessController[0]: handleCombineLightSensorEvent mFrontLux=39.0 mRearLux=0.0 mLightSensor=TCS3720 Ambient Light Sensor Non-wakeup mLightSensorEnableTime=186234910 (1288401 ms ago)
11-04 20:41:32.148  2944  3251 D AutomaticBrightnessController[0]: Receive new lux[rear]=0.0
11-04 20:41:32.148  2944  3251 D AutomaticBrightnessController[0]: handleCombineLightSensorEvent mFrontLux=39.0 mRearLux=0.0 mLightSensor=TCS3720 Ambient Light Sensor Non-wakeup mLightSensorEnableTime=186234910 (1288402 ms ago)
11-04 20:41:32.149  2944  3251 D AutomaticBrightnessController[0]: Receive new lux[rear]=0.0
11-04 20:41:32.149  2944  3251 D AutomaticBrightnessController[0]: handleCombineLightSensorEvent mFrontLux=39.0 mRearLux=0.0 mLightSensor=TCS3720 Ambient Light Sensor Non-wakeup mLightSensorEnableTime=186234910 (1288403 ms ago)
11-04 20:41:32.149  2944  3251 D AutomaticBrightnessController[0]: Receive new lux[rear]=0.0
11-04 20:41:32.149  2944  3251 D AutomaticBrightnessController[0]: handleCombineLightSensorEvent mFrontLux=39.0 mRearLux=0.0 mLightSensor=TCS3720 Ambient Light Sensor Non-wakeup mLightSensorEnableTime=186234910 (1288403 ms ago)
11-04 20:41:32.149  2944  3251 D AutomaticBrightnessController[0]: Receive new lux[rear]=0.0
11-04 20:41:32.149  2944  3251 D AutomaticBrightnessController[0]: handleCombineLightSensorEvent mFrontLux=39.0 mRearLux=0.0 mLightSensor=TCS3720 Ambient Light Sensor Non-wakeup mLightSensorEnableTime=186234910 (1288403 ms ago)
11-04 20:41:32.383  2944  3251 D AutomaticBrightnessController[0]: updateAmbientLux [Darkening] mAmbientLux=59.293278 fastAmbientLux=39.0 slowAmbientLux=39.0 threshold=38.659218187524047 (in 500 ms)
11-04 20:41:32.397  2944  3251 D AutomaticBrightnessController[0]: Receive new lux[rear]=0.0
11-04 20:41:32.397  2944  3251 D AutomaticBrightnessController[0]: handleCombineLightSensorEvent mFrontLux=39.0 mRearLux=0.0 mLightSensor=TCS3720 Ambient Light Sensor Non-wakeup mLightSensorEnableTime=186234910 (1288651 ms ago)
11-04 20:41:32.397  2944  3251 D AutomaticBrightnessController[0]: Receive new lux[rear]=0.0
11-04 20:41:32.397  2944  3251 D AutomaticBrightnessController[0]: handleCombineLightSensorEvent mFrontLux=39.0 mRearLux=0.0 mLightSensor=TCS3720 Ambient Light Sensor Non-wakeup mLightSensorEnableTime=186234910 (1288651 ms ago)
11-04 20:41:32.397  2944  3251 D AutomaticBrightnessController[0]: Receive new lux[rear]=0.0
11-04 20:41:32.397  2944  3251 D AutomaticBrightnessController[0]: handleCombineLightSensorEvent mFrontLux=39.0 mRearLux=0.0 mLightSensor=TCS3720 Ambient Light Sensor Non-wakeup mLightSensorEnableTime=186234910 (1288651 ms ago)
11-04 20:41:32.397  2944  3251 D AutomaticBrightnessController[0]: Receive new lux[rear]=0.0
11-04 20:41:32.397  2944  3251 D AutomaticBrightnessController[0]: handleCombineLightSensorEvent mFrontLux=39.0 mRearLux=0.0 mLightSensor=TCS3720 Ambient Light Sensor Non-wakeup mLightSensorEnableTime=186234910 (1288651 ms ago)
11-04 20:41:32.397  2944  3251 D AutomaticBrightnessController[0]: Receive new lux[rear]=0.0
11-04 20:41:32.397  2944  3251 D AutomaticBrightnessController[0]: handleCombineLightSensorEvent mFrontLux=39.0 mRearLux=0.0 mLightSensor=TCS3720 Ambient Light Sensor Non-wakeup mLightSensorEnableTime=186234910 (1288651 ms ago)
11-04 20:41:32.633  6416  6416 I msm_dwc3_perf_vote_work: in_perf_mode:0, interrupts in last sample:12
11-04 20:41:32.648  2944  3251 D AutomaticBrightnessController[0]: Receive new lux[rear]=0.0
11-04 20:41:32.649  2944  3251 D AutomaticBrightnessController[0]: handleCombineLightSensorEvent mFrontLux=39.0 mRearLux=0.0 mLightSensor=TCS3720 Ambient Light Sensor Non-wakeup mLightSensorEnableTime=186234910 (1288903 ms ago)
11-04 20:41:32.650  2944  3251 D AutomaticBrightnessController[0]: Receive new lux[rear]=0.0
11-04 20:41:32.650  2944  3251 D AutomaticBrightnessController[0]: handleCombineLightSensorEvent mFrontLux=39.0 mRearLux=0.0 mLightSensor=TCS3720 Ambient Light Sensor Non-wakeup mLightSensorEnableTime=186234910 (1288904 ms ago)
11-04 20:41:32.652  2944  3251 D AutomaticBrightnessController[0]: Receive new lux[rear]=0.0
11-04 20:41:32.653  2944  3251 D AutomaticBrightnessController[0]: handleCombineLightSensorEvent mFrontLux=39.0 mRearLux=0.0 mLightSensor=TCS3720 Ambient Light Sensor Non-wakeup mLightSensorEnableTime=186234910 (1288907 ms ago)
11-04 20:41:32.653  2944  3251 D AutomaticBrightnessController[0]: Receive new lux[rear]=0.0
11-04 20:41:32.653  2944  3251 D AutomaticBrightnessController[0]: handleCombineLightSensorEvent mFrontLux=39.0 mRearLux=0.0 mLightSensor=TCS3720 Ambient Light Sensor Non-wakeup mLightSensorEnableTime=186234910 (1288907 ms ago)
11-04 20:41:32.653  2944  3251 D AutomaticBrightnessController[0]: Receive new lux[rear]=0.0
11-04 20:41:32.653  2944  3251 D AutomaticBrightnessController[0]: handleCombineLightSensorEvent mFrontLux=39.0 mRearLux=0.0 mLightSensor=TCS3720 Ambient Light Sensor Non-wakeup mLightSensorEnableTime=186234910 (1288907 ms ago)
11-04 20:41:32.865  2944  3592 I AlarmManager: deliverAlarmsLocked, the triggerList size :1
11-04 20:41:32.889  3592  3592 I timerfd_poll: comm:AlarmManager pid:3592 exp:187524029
11-04 20:41:32.866  2944  3592 D PowerManagerService: acquireWakeLockInternal: lock=68894615, flags=0x1, tag=\"*alarm*\", ws=WorkSource{10491 jp.co.cyberagent.stf}, uid=1000, pid=2944, packageName=\"android\", displayId=-1
11-04 20:41:32.867  2944  3592 I framework_stats_log: [WAKEUP_ALARM_OCCURRED, [10491], [jp.co.cyberagent.stf], *walarm*:NetworkLocationLocator, com.google.android.gms, 30]
11-04 20:41:32.867  2944  3592 I framework_stats_log: [ALARM_BATCH_DELIVERED, 1, 1]
11-04 20:41:32.868  2944  4298 D PowerManagerService: acquireWakeLockInternal: lock=223445464, flags=0x1, tag=\"NlpWakeLock\", ws=WorkSource{10194 com.google.android.gms}, uid=10194, pid=29940, packageName=\"com.google.android.gms\", displayId=-1
11-04 20:41:32.870  2944  4298 D PowerManagerService: releaseWakeLockInternal: lock=68894615 [*alarm*], flags=0x0, packageName=\"android\", displayId=-1
11-04 20:41:32.872  2944  4298 D PowerManagerService: acquireWakeLockInternal: lock=263105034, flags=0x1, tag=\"NlpWakeLock\", ws=WorkSource{10491 jp.co.cyberagent.stf}, uid=10194, pid=29940, packageName=\"com.google.android.gms\", displayId=-1
11-04 20:41:32.874  2944  4298 D PowerManagerService: acquireWakeLockInternal: lock=233486215, flags=0x1, tag=\"GCoreFlp\", ws=WorkSource{10491 jp.co.cyberagent.stf}, uid=10194, pid=29940, packageName=\"com.google.android.gms\", displayId=-1
11-04 20:41:32.878  2944  3758 I framework_stats_log: [ALARM_SCHEDULED, 10194, true, true, false, false, false, 2, false, 1020]
11-04 20:41:32.879  2944  6405 W AlarmManager: Alarms must either supply a PendingIntent or an AlarmReceiver
11-04 20:41:32.882  2944  6405 I framework_stats_log: [SENSOR_STATE_CHANGED, [10194], [null], 61, 1]
11-04 20:41:32.885  2944  3251 D AutomaticBrightnessController[0]: updateAmbientLux [Darkening] mAmbientLux=59.293278 fastAmbientLux=39.0 slowAmbientLux=39.0 threshold=38.659218187524549 (in 500 ms)
11-04 20:41:32.892  2944  4298 D PowerManagerService: acquireWakeLockInternal: lock=106187057, flags=0x1, tag=\"*telephony-radio*\", ws=null, uid=1001, pid=4121, packageName=\"com.android.phone\", displayId=-1
11-04 20:41:32.895  2944  3251 D AutomaticBrightnessController[0]: Receive new lux[rear]=0.0
11-04 20:41:32.895  2944  3251 D AutomaticBrightnessController[0]: handleCombineLightSensorEvent mFrontLux=39.0 mRearLux=0.0 mLightSensor=TCS3720 Ambient Light Sensor Non-wakeup mLightSensorEnableTime=186234910 (1289149 ms ago)
11-04 20:41:32.895  2944  3251 D AutomaticBrightnessController[0]: Receive new lux[rear]=0.0
11-04 20:41:32.895  2944  3251 D AutomaticBrightnessController[0]: handleCombineLightSensorEvent mFrontLux=39.0 mRearLux=0.0 mLightSensor=TCS3720 Ambient Light Sensor Non-wakeup mLightSensorEnableTime=186234910 (1289149 ms ago)
11-04 20:41:32.895  2944  3251 D AutomaticBrightnessController[0]: Receive new lux[rear]=0.0
11-04 20:41:32.895  2944  3251 D AutomaticBrightnessController[0]: handleCombineLightSensorEvent mFrontLux=39.0 mRearLux=0.0 mLightSensor=TCS3720 Ambient Light Sensor Non-wakeup mLightSensorEnableTime=186234910 (1289149 ms ago)
11-04 20:41:32.895  2944  3251 D AutomaticBrightnessController[0]: Receive new lux[rear]=0.0
11-04 20:41:32.895  2944  3251 D AutomaticBrightnessController[0]: handleCombineLightSensorEvent mFrontLux=39.0 mRearLux=0.0 mLightSensor=TCS3720 Ambient Light Sensor Non-wakeup mLightSensorEnableTime=186234910 (1289149 ms ago)
11-04 20:41:32.895  2944  3758 D PowerManagerService: releaseWakeLockInternal: lock=223445464 [NlpWakeLock], flags=0x0, packageName=\"com.google.android.gms\", displayId=-1
11-04 20:41:32.896  2944  6405 I framework_stats_log: [SENSOR_STATE_CHANGED, [10194], [null], 61, 0]
11-04 20:41:32.899  4121  4121 D RILJ    : [0314]> GET_CELL_INFO_LIST [PHONE0]
11-04 20:41:32.901  2944  3251 D AutomaticBrightnessController[0]: Receive new lux[rear]=0.0
11-04 20:41:32.902  2944  3251 D AutomaticBrightnessController[0]: handleCombineLightSensorEvent mFrontLux=39.0 mRearLux=0.0 mLightSensor=TCS3720 Ambient Light Sensor Non-wakeup mLightSensorEnableTime=186234910 (1289156 ms ago)
11-04 20:41:32.905  2944  5115 D PowerManagerService: releaseWakeLockInternal: lock=233486215 [GCoreFlp], flags=0x0, packageName=\"com.google.android.gms\", displayId=-1
11-04 20:41:32.905  4121  4581 D RILJ    : [0314]< GET_CELL_INFO_LIST [CellInfoLte:{mRegistered=YES mTimeStamp=187524069336119ns mCellConnectionStatus=0 CellIdentityLte:{ mCi=108773128 mPci=147 mTac=37133 mEarfcn=700 mBands=[2] mBandwidth=20000 mMcc=310 mMnc=410 mAlphaLong=Boost mAlphaShort=BST mAdditionalPlmns={} mCsgInfo=null} CellSignalStrengthLte: rssi=-57 rsrp=-90 rsrq=-15 rssnr=2147483647 cqiTableIndex=2147483647 cqi=2147483647 ta=5 level=3 parametersUseForLevel=1 android.telephony.CellConfigLte :{ isEndcAvailable = false }}, CellInfoLte:{mRegistered=NO mTimeStamp=187524069336119ns mCellConnectionStatus=0 CellIdentityLte:{ mCi=2147483647 mPci=53 mTac=2147483647 mEarfcn=700 mBands=[2] mBandwidth=2147483647 mMcc=null mMnc=null mAlphaLong= mAlphaShort= mAdditionalPlmns={} mCsgInfo=null} CellSignalStrengthLte: rssi=-65 rsrp=-97 rsrq=-18 rssnr=2147483647 cqiTableIndex=2147483647 cqi=2147483647 ta=2147483647 level=2 parametersUseForLevel=1 android.telephony.CellConfigLte :{ isEndcAvailable = false }}] [PHONE0]
11-04 20:41:32.932  2803  2803 E [schedu][0x3465b66bec3][20:41:32.907880] kiwi_v2: [2803:E:REGULATORY] reg_chan_opclass_to_freq: Invalid opclass
11-04 20:41:32.932  6710  6710 D cnss    : Runtime resume start
11-04 20:41:32.932  6710  6710 D cnss    : Resuming PCI link
11-04 20:41:32.908  2944  4298 D PowerManagerService: acquireWakeLockInternal: lock=233486215, flags=0x1, tag=\"GCoreFlp\", ws=WorkSource{10491 jp.co.cyberagent.stf}, uid=10194, pid=29940, packageName=\"com.google.android.gms\", displayId=-1
11-04 20:41:32.908  4121  4121 D SST     : [0] handleMessage: received event 43
11-04 20:41:32.908  2944  3680 I framework_stats_log: [ALARM_SCHEDULED, 1000, false, true, false, false, false, 0, false, 1000]
11-04 20:41:32.910  2944  4298 D PowerManagerService: releaseWakeLockInternal: lock=106187057 [*telephony-radio*], flags=0x0, packageName=\"com.android.phone\", displayId=-1
11-04 20:41:32.913  4121  4121 D Phone   : [0] notifyCellInfo:[CellInfoLte:{mRegistered=YES mTimeStamp=187524069336119ns mCellConnectionStatus=0 CellIdentityLte:{ mCi=108773128 mPci=147 mTac=37133 mEarfcn=700 mBands=[2] mBandwidth=20000 mMcc=310 mMnc=410 mAlphaLong=Boost mAlphaShort=BST mAdditionalPlmns={} mCsgInfo=null} CellSignalStrengthLte: rssi=-57 rsrp=-90 rsrq=-15 rssnr=2147483647 cqiTableIndex=2147483647 cqi=2147483647 ta=5 level=3 parametersUseForLevel=1 android.telephony.CellConfigLte :{ isEndcAvailable = false }}, CellInfoLte:{mRegistered=NO mTimeStamp=187524069336119ns mCellConnectionStatus=0 CellIdentityLte:{ mCi=2147483647 mPci=53 mTac=2147483647 mEarfcn=700 mBands=[2] mBandwidth=2147483647 mMcc=null mMnc=null mAlphaLong= mAlphaShort= mAdditionalPlmns={} mCsgInfo=null} CellSignalStrengthLte: rssi=-65 rsrp=-97 rsrq=-18 rssnr=2147483647 cqiTableIndex=2147483647 cqi=2147483647 ta=2147483647 level=2 parametersUseForLevel=1 android.telephony.CellConfigLte :{ isEndcAvailable = false }}]
11-04 20:41:32.914  2944  6405 I framework_stats_log: [SENSOR_STATE_CHANGED, [10194], [null], 61, 1]
