10-30 21:10:03.468 32657 32657 I ORC/Setting: getSmsInputMode : inputType = 0
10-30 21:10:03.468 32657 32706 I ORC/DirectCallManager: resume()
10-30 21:10:03.468 32657 32657 I ORC/Device: isSimSlot1Activated true
10-30 21:10:03.468 32657 32657 I ORC/DualSimController: sim change from  = update group status
10-30 21:10:03.469 32657 32706 I ORC/DirectCallManager: getPickupToCallOut() = false
10-30 21:10:03.469 32657 32758 E ActivityThread: Failed to find provider info for com.samsung.android.app.deepsky.DeepSkyQuery.provider
10-30 21:10:03.469  1286  2485 D AppOps  : noteOperation: reject #3 for code 105 (105) uid 1001 package com.android.phone flags: s
10-30 21:10:03.470 32657 32758 I ORC/DeepSkyProvider: Exception : Unknown authority com.samsung.android.app.deepsky.DeepSkyQuery.provider
10-30 21:10:03.470  1286  2485 D AppOps  : noteOperation: reject #3 for code 105 (105) uid 10098 package com.samsung.android.messaging flags: s
10-30 21:10:03.472 32657 32657 I ORC/ComposerSimSlotModel: setSelectedSimSlot : 0 -> 0
10-30 21:10:03.472 32657 32657 I ORC/ComposerSimSlotModel: [main] setSelectedSimSlot mSimSlot = 0 <- pg.i0.o3(2) <- el.a.h(3) <- lk.o0.q6(3) <- lk.o0.p6(1) <- lk.t.a(15) <- lk.d1.a(0) <- com.samsung.android.messaging.ui.view.composer.s9.R(2) <- com.samsung.android.messaging.ui.view.composer.a9.onResume(11) <- androidx.fragment.app.Fragment.performResume(5)
10-30 21:10:03.472 32657 32657 I ORC/ComposerPresenterCore: onSimSlotChangedListener onChanged
10-30 21:10:03.472 32657 32657 I CS/RcsCapabilityManager<0>: OWN_REMOTE_RCS : own - false remote - false
10-30 21:10:03.472 32657 32657 I CS/RcsCapabilityManager<0>: isOwnRcsFtHttpCapable : true
10-30 21:10:03.472 32657 32657 I CS/RcsCapabilityManager<0>: isOwnRcsAvailable : false isRemoteRcsFtCapable : false
10-30 21:10:03.472 32657 32657 I CS/RcsCapabilityManager<0>: isOwnRcsAvailable : false isRemoteRcsFtSmsCapable : false
10-30 21:10:03.472 32657 32657 I CS/RcsCapabilityManager<0>: REMOTE_RCS : remote - false
10-30 21:10:03.472 32657 32657 I ORC/ComposerCapabilityModel: [updateRcsCapable] isRcsAvailable = false selectedSimSlot = 0, imsi = 313#nn#549
10-30 21:10:03.472 32657 32657 I ORC/ComposerCapabilityModel: [updateRcsCapable] isRemoteRcsFtCapable = false
10-30 21:10:03.472 32657 32657 I ORC/ComposerCapabilityModel: [updateRcsCapable] isRemoteRcsCapaAvailable = false
10-30 21:10:03.472 32657 32657 I ORC/ComposerCapabilityModel: [BOT][updateRcsCapable] isEnableBot = true
10-30 21:10:03.472 32657 32657 I ORC/ComposerCapabilityModel: [BOT][updateRcsCapable] isEnableAttMaap = false
10-30 21:10:03.473 32657 32657 I ORC/ComposerCapabilityModel: [BOT][updateRcsCapable] getBotCapable = [ none]
10-30 21:10:03.473 32657 32657 I ORC/ComposerModelUtil: [BOT] isBot, else
10-30 21:10:03.473 32657 32657 I ORC/ComposerCapabilityModel: [BOT][updateRcsCapable] isBot = false
10-30 21:10:03.473 32657 32657 I CS/RcsCapabilityManager<0>: isOwnRcsAvailable : false isRemoteRcsFtSmsCapable : false
10-30 21:10:03.473 32657 32657 I ORC/ComposerCapabilityModel: [updateRcsCapable] isRcsAvailable = false
10-30 21:10:03.473 32657 32657 I ORC/ComposerPresenterWorker: updateModeAndEditViewPanel need force update = true
10-30 21:10:03.473 32657 32657 I ORC/WorkingModeModel: updateComposerMode(), blockDuplicateNotify = false
10-30 21:10:03.473 32657 32657 I ORC/ComposerCapabilityModel: [begin]    isRcsAllowed
10-30 21:10:03.473 32657 32657 I ORC/ComposerModel: isNotStartedOpenGroupChat mIsOpenGroupChatNotStarted = false
10-30 21:10:03.473 32657 32657 I ORC/ComposerGroupModel: isOpenGroupModeOnOverMaxRecipient mIsSetOpenGroupChatOnOverMaxRecipients = false
10-30 21:10:03.473 32657 32657 I ORC/ComposerTwoPhoneModel: isMultiSimComposingBMode false
10-30 21:10:03.473 32657 32657 I ORC/ComposerModel: isNotStartedOpenGroupChat mIsOpenGroupChatNotStarted = false
10-30 21:10:03.473 32657 32657 I ORC/ComposerCapabilityModel: [isRcsCapableFromSim] getRcsCapable() : simSlot = 0, RcsCapable = false
10-30 21:10:03.473 32657 32657 I ORC/ComposerCapabilityModel: isGroupMms getRecipientCount = 1
10-30 21:10:03.473 32657 32657 I ORC/ComposerCapabilityModel: isGroupMms getRecipientCandidateCount = 0
10-30 21:10:03.473 32657 32657 I ORC/ComposerCapabilityModel: [isRcsCapable] isRcsCapable = false
10-30 21:10:03.473 32657 32657 I ORC/WorkingMessageModel: getDynamicSendAsChatValue() : 0
10-30 21:10:03.473 32657 32657 I ORC/WorkingMessageModel: isDefaultXmsMessagingType () : false
10-30 21:10:03.473 32657 32657 I ORC/ComposerCapabilityModel: isToSetRcsColorPossible : false, mIsToSetRcsColorPossible = false
10-30 21:10:03.473 32657 32657 I ORC/ComposerCapabilityModel: [end]      isRcsAllowed : false consume time = 0.668073
10-30 21:10:03.473 32657 32657 I ORC/WorkingModeModel: [COMPOSER]updateComposerMode(): composerMode = 1
10-30 21:10:03.473 32657 32657 I ORC/MessageSize: [SIZE]getMmsSize = 0
10-30 21:10:03.473 32657 32657 I ORC/ComposerCapabilityProvider: isRcsFtHttpCapable key : (10)447#nn#69#nn#077
10-30 21:10:03.474 32657 32657 I ORC/ComposerCapabilityProvider: isRcsFtHttpCapable simSlot = 0
10-30 21:10:03.474 32657 32657 I ORC/ComposerCapabilityProvider: isRcsFtHttpCapable, null capabilitiesData
10-30 21:10:03.474 32657 32657 I ORC/ComposerModelUtil: [BOT] isBot, else
10-30 21:10:03.474 32657 32657 I ORC/WorkingMessageModel: getAvailableSize() :: availableSize = 1018880 cmcMode = 0
10-30 21:10:03.474 32657 32657 I ORC/WorkingMessageModel: getAvailableSize size = 1018880
10-30 21:10:03.474 32657 32657 I ORC/WorkingMessageModel: getDynamicSendAsChatValue() : 0
10-30 21:10:03.474 32657 32657 I ORC/WorkingMessageModel: isDefaultXmsMessagingType () : false
10-30 21:10:03.474 32657 32657 I ORC/ComposerCapabilityModel: isToSetRcsColorPossible : false, mIsToSetRcsColorPossible = false
10-30 21:10:03.474 32657 32657 I ORC/ComposerModel: isDisabledGroupChatStatus result = false
10-30 21:10:03.474 32657 32657 I ORC/ComposerEditorHelper: updateMessageEditorView, CM=1, GC=false, CC=false, ALC=false
10-30 21:10:03.474 32657 32657 I ORC/ComposerModelUtil: [BOT] isBot, else
10-30 21:10:03.474 32657 32657 I ORC/ComposerModelUtil: isUnknownBot = false
10-30 21:10:03.474 32657 32657 I ORC/ComposerFragmentBubbleListener: setVisibleBotBottomPanel = false
10-30 21:10:03.474 32657 32657 I ORC/ComposerEditorHelper: updateMessageEditorView editor enabled
10-30 21:10:03.474 32657 32657 I ORC/EditorImpl: updateMessageEditorView, 1, 0
10-30 21:10:03.474 32657 32657 I ORC/MessageSize: [SIZE]getMmsSize = 0
10-30 21:10:03.474  3985  4059 I DMASA[C]: [k]packageName ( com.samsung.android.messaging) signature is not acceptable
10-30 21:10:03.474 32657 32657 I ORC/ComposerCapabilityProvider: isRcsFtHttpCapable key : (10)447#nn#69#nn#077
10-30 21:10:03.474 32657 32657 I ORC/ComposerCapabilityProvider: isRcsFtHttpCapable simSlot = 0
10-30 21:10:03.475 32657 32657 I ORC/ComposerCapabilityProvider: isRcsFtHttpCapable, null capabilitiesData
10-30 21:10:03.475 32657 32657 I ORC/ComposerModelUtil: [BOT] isBot, else
10-30 21:10:03.475 32657 32657 I ORC/WorkingMessageModel: getAvailableSize() :: availableSize = 1018880 cmcMode = 0
10-30 21:10:03.475 32657 32657 I ORC/WorkingMessageModel: getAvailableSize size = 1018880
10-30 21:10:03.475 32657 32657 I ORC/ComposerLinkShareModel: isComposerLinkSharingEnabled : false
10-30 21:10:03.475 32657 32657 I ORC/EditorViewImpl: setComposerStatusForAttach, 1, 1018880
10-30 21:10:03.475 32657 32657 I ORC/WorkingMessageModel: getDynamicSendAsChatValue() : 0
10-30 21:10:03.475 32657 32657 I ORC/WorkingMessageModel: isDefaultXmsMessagingType () : false
10-30 21:10:03.475 32657 32657 I ORC/ComposerCapabilityModel: isToSetRcsColorPossible : false, mIsToSetRcsColorPossible = false
10-30 21:10:03.475 32657 32657 I ORC/FlashCache: return cached data isEnabledPkgcom.samsung.android.stickercenter
10-30 21:10:03.476 32657 32657 I ORC/ComposerConfig: isMmsEnabledBySim 0 result = true
10-30 21:10:03.476 32657 32657 I ORC/Setting: getMmsMaxRecipient result = 20
10-30 21:10:03.476 32657 32657 I ORC/EditorPresenterImpl: isExceededMmsRecipientMaxCount : false
10-30 21:10:03.476 32657 32657 I ORC/FlashCache: return cached data isEnabledPkgcom.samsung.android.stickercenter
10-30 21:10:03.477 32657 32657 I ORC/InputMethodUtil: showImeWithHardKeyboard 1
10-30 21:10:03.478  1286  3692 I InputMethodManagerService: isAccessoryKeyboard 0
10-30 21:10:03.478 32657 32657 I ORC/InputMethodUtil: onlyHwKeyboardEnabled() = false
10-30 21:10:03.478 32657 32657 I ORC/EditorImpl: updateMessageEditorView does not need to update ( 1, 0, 1, true 0 )
10-30 21:10:03.478 32657 32657 I ORC/ComposerConfig: isMmsEnabledBySim 0 result = true
10-30 21:10:03.478 32657 32657 I ORC/ComposerConfig: isMmsEnabledBySim 0 result = true
10-30 21:10:03.478 32657 32657 I ORC/Setting: getMmsMaxRecipient result = 20
10-30 21:10:03.478 32657 32657 I ORC/EditorPresenterImpl: isExceededMmsRecipientMaxCount : false
10-30 21:10:03.478 32657 32657 I ORC/EditorView: setPrivateImeOptions, true
10-30 21:10:03.478 32657 32657 I ORC/ComposerModel: ComposerModel[ConversationId = -1, ConversationType = 1 CONVERSATION_TYPE_ONE_TO_ONE, isFromFab = false, RecipientCandidateCount = 0, RecipientCount = 1]
10-30 21:10:03.478 32657 32657 I CS/RcsCapabilityManager<0>: isOwnRcsAvailable : false isRemoteRcsFtCapable : false
10-30 21:10:03.478 32657 32657 I ORC/EditorViewImpl: setRcsFtStatusForAttach, R=false, H=true, O=false, S=false, F=false
10-30 21:10:03.478 32657 32657 I ORC/WorkingMessageModel: changeWorkingSimSlot simSlot = 0
10-30 21:10:03.478 32657 32657 I ORC/Setting: getSmsMaxPageCount : baseDevice = 0, simSlot = 0, result = 5
10-30 21:10:03.478 32657 32657 I ORC/WorkingModeModel: updateComposerMode(), blockDuplicateNotify = false
10-30 21:10:03.478 32657 32657 I ORC/ComposerCapabilityModel: [begin]    isRcsAllowed
10-30 21:10:03.478 32657 32657 I ORC/ComposerModel: isNotStartedOpenGroupChat mIsOpenGroupChatNotStarted = false
10-30 21:10:03.478 32657 32657 I ORC/ComposerGroupModel: isOpenGroupModeOnOverMaxRecipient mIsSetOpenGroupChatOnOverMaxRecipients = false
10-30 21:10:03.479 32657 32657 I ORC/ComposerTwoPhoneModel: isMultiSimComposingBMode false
10-30 21:10:03.479 32657 32657 I ORC/ComposerModel: isNotStartedOpenGroupChat mIsOpenGroupChatNotStarted = false
10-30 21:10:03.479 32657 32657 I ORC/ComposerCapabilityModel: [isRcsCapableFromSim] getRcsCapable() : simSlot = 0, RcsCapable = false
10-30 21:10:03.479 32657 32657 I ORC/ComposerCapabilityModel: isGroupMms getRecipientCount = 1
10-30 21:10:03.479 32657 32657 I ORC/ComposerCapabilityModel: isGroupMms getRecipientCandidateCount = 0
10-30 21:10:03.479 32657 32657 I ORC/ComposerCapabilityModel: [isRcsCapable] isRcsCapable = false
10-30 21:10:03.479 32657 32657 I ORC/WorkingMessageModel: getDynamicSendAsChatValue() : 0
10-30 21:10:03.479 32657 32657 I ORC/WorkingMessageModel: isDefaultXmsMessagingType () : false
10-30 21:10:03.479 32657 32657 I ORC/ComposerCapabilityModel: isToSetRcsColorPossible : false, mIsToSetRcsColorPossible = false
10-30 21:10:03.479 32657 32657 I ORC/ComposerCapabilityModel: [end]      isRcsAllowed : false consume time = 0.72026
10-30 21:10:03.479 32657 32657 I ORC/WorkingModeModel: [COMPOSER]updateComposerMode(): composerMode = 1
10-30 21:10:03.479 32657 32657 I ORC/MessageSize: [SIZE]getMmsSize = 0
10-30 21:10:03.479 32657 32657 I ORC/ComposerCapabilityProvider: isRcsFtHttpCapable key : (10)447#nn#69#nn#077
10-30 21:10:03.479 32657 32657 I ORC/ComposerCapabilityProvider: isRcsFtHttpCapable simSlot = 0
10-30 21:10:03.479 32657 32657 I ORC/ComposerCapabilityProvider: isRcsFtHttpCapable, null capabilitiesData
10-30 21:10:03.479 32657 32657 I ORC/ComposerModelUtil: [BOT] isBot, else
10-30 21:10:03.479 32657 32657 I ORC/WorkingMessageModel: getAvailableSize() :: availableSize = 1018880 cmcMode = 0
10-30 21:10:03.479 32657 32657 I ORC/WorkingMessageModel: getAvailableSize size = 1018880
10-30 21:10:03.479 32657 32657 I ORC/ComposerModel: isDisabledGroupChatStatus result = false
10-30 21:10:03.479 32657 32657 I ORC/ComposerEditorHelper: updateMessageEditorView, CM=1, GC=false, CC=false, ALC=false
10-30 21:10:03.479 32657 32657 I ORC/ComposerModelUtil: [BOT] isBot, else
10-30 21:10:03.479 32657 32657 I ORC/ComposerModelUtil: isUnknownBot = false
10-30 21:10:03.479 32657 32657 I ORC/ComposerFragmentBubbleListener: setVisibleBotBottomPanel = false
10-30 21:10:03.479 32657 32657 I ORC/ComposerEditorHelper: updateMessageEditorView editor enabled
10-30 21:10:03.480 32657 32657 I ORC/EditorImpl: updateMessageEditorView, 1, 0
10-30 21:10:03.480 32657 32657 I ORC/MessageSize: [SIZE]getMmsSize = 0
10-30 21:10:03.480 32657 32657 I ORC/ComposerCapabilityProvider: isRcsFtHttpCapable key : (10)447#nn#69#nn#077
10-30 21:10:03.480 32657 32657 I ORC/ComposerCapabilityProvider: isRcsFtHttpCapable simSlot = 0
10-30 21:10:03.480 32657 32657 I ORC/ComposerCapabilityProvider: isRcsFtHttpCapable, null capabilitiesData
10-30 21:10:03.480 32657 32657 I ORC/ComposerModelUtil: [BOT] isBot, else
10-30 21:10:03.480 32657 32657 I ORC/WorkingMessageModel: getAvailableSize() :: availableSize = 1018880 cmcMode = 0
10-30 21:10:03.480 32657 32657 I ORC/WorkingMessageModel: getAvailableSize size = 1018880
10-30 21:10:03.480 32657 32657 I ORC/ComposerLinkShareModel: isComposerLinkSharingEnabled : false
10-30 21:10:03.480 32657 32657 I ORC/EditorViewImpl: setComposerStatusForAttach, 1, 1018880
10-30 21:10:03.480 32657 32657 I ORC/WorkingMessageModel: getDynamicSendAsChatValue() : 0
10-30 21:10:03.480 32657 32657 I ORC/WorkingMessageModel: isDefaultXmsMessagingType () : false
10-30 21:10:03.480 32657 32657 I ORC/ComposerCapabilityModel: isToSetRcsColorPossible : false, mIsToSetRcsColorPossible = false
10-30 21:10:03.480 32657 32657 I ORC/FlashCache: return cached data isEnabledPkgcom.samsung.android.stickercenter
10-30 21:10:03.482 32657 32657 I ORC/ComposerConfig: isMmsEnabledBySim 0 result = true
10-30 21:10:03.482 32657 32657 I ORC/Setting: getMmsMaxRecipient result = 20
10-30 21:10:03.482 32657 32657 I ORC/EditorPresenterImpl: isExceededMmsRecipientMaxCount : false
10-30 21:10:03.482 32657 32657 I ORC/FlashCache: return cached data isEnabledPkgcom.samsung.android.stickercenter
10-30 21:10:03.482 32657 32657 I ORC/InputMethodUtil: showImeWithHardKeyboard 1
10-30 21:10:03.483  1286  1334 I InputMethodManagerService: isAccessoryKeyboard 0
10-30 21:10:03.483 32657 32657 I ORC/InputMethodUtil: onlyHwKeyboardEnabled() = false
10-30 21:10:03.483 32657 32657 I ORC/EditorImpl: updateMessageEditorView does not need to update ( 1, 0, 1, true 0 )
10-30 21:10:03.483 32657 32657 I ORC/ComposerConfig: isMmsEnabledBySim 0 result = true
10-30 21:10:03.483 32657 32657 I ORC/ComposerConfig: isMmsEnabledBySim 0 result = true
10-30 21:10:03.483 32657 32657 I ORC/Setting: getMmsMaxRecipient result = 20
10-30 21:10:03.483 32657 32657 I ORC/EditorPresenterImpl: isExceededMmsRecipientMaxCount : false
10-30 21:10:03.484 32657 32657 I ORC/EditorView: setPrivateImeOptions, true
10-30 21:10:03.484 32657 32657 I ORC/ComposerModel: checkValidSimSlotForOpenGroupChat mIsWrongSimSlotForOpenGroupChat = false
10-30 21:10:03.484 32657 32657 I ORC/ComposerModel: checkValidSimSlotForOpenGroupChat mIsWrongSimSlotForOpenGroupChat = false
10-30 21:10:03.484 32657 32657 I ORC/ComposerModel: isNotStartedOpenGroupChat mIsOpenGroupChatNotStarted = false
10-30 21:10:03.484 32657 32657 I ORC/ComposerGroupModel: isOpenGroupModeOnOverMaxRecipient mIsSetOpenGroupChatOnOverMaxRecipients = false
10-30 21:10:03.484 32657 32657 I ORC/ComposerTwoPhoneModel: isMultiSimComposingBMode false
10-30 21:10:03.484 32657 32657 I ORC/ComposerModel: isNotStartedOpenGroupChat mIsOpenGroupChatNotStarted = false
10-30 21:10:03.484 32657 32657 I ORC/ComposerCapabilityModel: [isRcsCapableFromSim] getRcsCapable() : simSlot = 0, RcsCapable = false
10-30 21:10:03.484 32657 32657 I ORC/ComposerCapabilityModel: isGroupMms getRecipientCount = 1
10-30 21:10:03.484 32657 32657 I ORC/ComposerCapabilityModel: isGroupMms getRecipientCandidateCount = 0
10-30 21:10:03.484 32657 32657 I ORC/ComposerCapabilityModel: [isRcsCapable] isRcsCapable = false
10-30 21:10:03.484 32657 32657 I ORC/ComposerGroupStatusModel: updateGroupStatusInternal, composerMode = 1, isGroupMenuModified = false, enableMultiSim = false
10-30 21:10:03.484 32657 32657 E ORC/AddressUtil: isValidGroupRecipient recipients size is under 2 return false
10-30 21:10:03.484 32657 32657 I ORC/ComposerGroupStatusModel: updateGroupMmsState, false, 1, false, false, 1
10-30 21:10:03.484 32657 32657 I ORC/ComposerGroupStatusModel: updateGroupMmsStateInternal, isGroupMms=false, isIndividualMms=false
10-30 21:10:03.484 32657 32657 I ORC/WorkingModeModel: updateComposerMode(), blockDuplicateNotify = false
10-30 21:10:03.484 32657 32657 I ORC/ComposerCapabilityModel: [begin]    isRcsAllowed
10-30 21:10:03.484 32657 32657 I ORC/ComposerModel: isNotStartedOpenGroupChat mIsOpenGroupChatNotStarted = false
10-30 21:10:03.484 32657 32657 I ORC/ComposerGroupModel: isOpenGroupModeOnOverMaxRecipient mIsSetOpenGroupChatOnOverMaxRecipients = false
10-30 21:10:03.485 32657 32657 I ORC/ComposerTwoPhoneModel: isMultiSimComposingBMode false
10-30 21:10:03.485 32657 32657 I ORC/ComposerModel: isNotStartedOpenGroupChat mIsOpenGroupChatNotStarted = false
10-30 21:10:03.485 32657 32657 I ORC/ComposerCapabilityModel: [isRcsCapableFromSim] getRcsCapable() : simSlot = 0, RcsCapable = false
10-30 21:10:03.485 32657 32657 I ORC/ComposerCapabilityModel: isGroupMms getRecipientCount = 1
10-30 21:10:03.485 32657 32657 I ORC/ComposerCapabilityModel: isGroupMms getRecipientCandidateCount = 0
10-30 21:10:03.485 32657 32657 I ORC/ComposerCapabilityModel: [isRcsCapable] isRcsCapable = false
10-30 21:10:03.485 32657 32657 I ORC/WorkingMessageModel: getDynamicSendAsChatValue() : 0
10-30 21:10:03.485 32657 32657 I ORC/WorkingMessageModel: isDefaultXmsMessagingType () : false
10-30 21:10:03.485 32657 32657 I ORC/ComposerCapabilityModel: isToSetRcsColorPossible : false, mIsToSetRcsColorPossible = false
10-30 21:10:03.485 32657 32657 I ORC/ComposerCapabilityModel: [end]      isRcsAllowed : false consume time = 0.686771
10-30 21:10:03.485 32657 32657 I ORC/WorkingModeModel: [COMPOSER]updateComposerMode(): composerMode = 1
10-30 21:10:03.485 32657 32657 I ORC/MessageSize: [SIZE]getMmsSize = 0
10-30 21:10:03.485 32657 32657 I ORC/ComposerCapabilityProvider: isRcsFtHttpCapable key : (10)447#nn#69#nn#077
10-30 21:10:03.485 32657 32657 I ORC/ComposerCapabilityProvider: isRcsFtHttpCapable simSlot = 0
10-30 21:10:03.485 32657 32657 I ORC/ComposerCapabilityProvider: isRcsFtHttpCapable, null capabilitiesData
10-30 21:10:03.485 32657 32657 I ORC/ComposerModelUtil: [BOT] isBot, else
10-30 21:10:03.485 32657 32657 I ORC/WorkingMessageModel: getAvailableSize() :: availableSize = 1018880 cmcMode = 0
10-30 21:10:03.485 32657 32657 I ORC/WorkingMessageModel: getAvailableSize size = 1018880
10-30 21:10:03.485 32657 32657 I ORC/EditorViewImpl: updateMessageEditorPanelAfterDataChanged
10-30 21:10:03.486 32657 32657 I ORC/WorkingMessageModel: getMaxAttachmentCount : 10
10-30 21:10:03.486 32657 32657 I ORC/SizeInfoView: [begin]    updateSizeInfo
10-30 21:10:03.486 32657 32657 I ORC/MessageSize: [SIZE]getMmsSize = 0
10-30 21:10:03.486 32657 32657 I ORC/SizeInfoView: updateSizeInfo composerMode = 1, size = 0, hasText = false, hasAttachment = false, isLinkSharing = false, false
10-30 21:10:03.486 32657 32657 I ORC/SizeInfoView: [SIZE]setEditorSizeInfo,false, 160/1
10-30 21:10:03.486 32657 32657 I ORC/SizeInfoView: [end]      updateSizeInfo consume time = 0.093229
10-30 21:10:03.486 32657 32657 I ORC/MessageEditorViewHolder: updateEditPanelPadding, false
10-30 21:10:03.486 32657 32657 I ORC/MessageSize: [SIZE]getLinkShareSizeByte = 0
10-30 21:10:03.487 32657 32657 I ORC/WorkingMessageModel: hasContentsForSend() : hasSubject = false, hasText = false, hasAttachment = false, isInputVoiceExist = false
10-30 21:10:03.487 32657 32657 I ORC/ComposerConfig: isMmsEnabledBySim 0 result = true
10-30 21:10:03.487 32657 32657 I ORC/Setting: getMmsMaxRecipient result = 20
10-30 21:10:03.487 32657 32657 I ORC/EditorPresenterImpl: isExceededMmsRecipientMaxCount : false
10-30 21:10:03.487 32657 32657 I ORC/ComposerConfig: isDualRcsSupported = false
10-30 21:10:03.487 32657 32657 I ORC/EditorView: isEditorEnabled
10-30 21:10:03.487 32657 32657 I ORC/WorkingMessageModel: hasContentsForSend() : hasSubject = false, hasText = false, hasAttachment = false, isInputVoiceExist = false
10-30 21:10:03.487 32657 32657 I ORC/ComposerModelUtil: [BOT] isBot, else
10-30 21:10:03.487 32657 32657 I ORC/ComposerModel: isDisabledGroupChatStatus result = false
10-30 21:10:03.487 32657 32657 I ORC/ComposerCapabilityModel: capability map size > 1
10-30 21:10:03.487 32657 32657 I ORC/ComposerCapabilityModel: [RCS][CAPABILITY][UPDATE]capabilityDiscovery, conversationId=-1
10-30 21:10:03.487 32657 32657 I ORC/Feature: isUsaOpen : NO_DFLT_CSC,OMC
10-30 21:10:03.487 32657 32657 I ORC/ComposerSimSlotModel: getDataSimSlot mDataSimSlot = 0
10-30 21:10:03.487 32657 32657 I ORC/ComposerCapabilityModel: [COMPOSER][CAPABILITY]capabilityDiscovery refreshStrategy = (msg_conditional_requery) dataSimSlot = 0
10-30 21:10:03.487 32657 32657 I CS/RcsCapabilityManager<0>: requestCapability() : Disconnected
10-30 21:10:03.487 32657 32657 I ORC/ComposerCapabilityModel: [COMPOSER][CAPABILITY]capabilityDiscovery requestCapability(_10_#47#26#07#) = null
10-30 21:10:03.487 32657 32657 I ORC/ComposerCapabilityProvider: [RCS][CAPABILITY][UPDATE]updateComposerCapabilityCache(), recipient = _10_#47#26#07# simSlot = 0 capa = null
10-30 21:10:03.487 32657 32657 E ORC/ComposerCapabilityCache: Can't update capability data
10-30 21:10:03.487 32657 32657 I CS/RcsCapabilityCheckUtil: isRcsEnabledUser : rcsUser = false (capabilitiesData is null), checkFtHttp = false
10-30 21:10:03.487 32657 32657 I ORC/ComposerCapabilityProvider: [main] [RCS][CAPABILITY]setOwnCapability:{(15)313#nn#00#nn#549:mFeatures = 1575[ ft im geopush grpft chatbot_comm fthttp], LocalOffLn O, RemoteOffLn X, RcsEnabled X, Registered X, LegacyLat X} <- pg.m.c(45) <- pg.m.h1(8) <- lk.t.a(18) <- lk.d1.a(0) <- com.samsung.android.messaging.ui.view.composer.s9.R(2) <- com.samsung.android.messaging.ui.view.composer.a9.onResume(11) <- androidx.fragment.app.Fragment.performResume(5) <- androidx.fragment.app.t.p(12) <- androidx.fragment.app.t.m(8)
10-30 21:10:03.487 32657 32657 I CS/RcsCapabilityManager<0>: OWN_REMOTE_RCS : own - false remote - false
10-30 21:10:03.488 32657 32657 I CS/RcsCapabilityManager<0>: isOwnRcsFtHttpCapable : true
10-30 21:10:03.488 32657 32657 I CS/RcsCapabilityManager<0>: isOwnRcsAvailable : false isRemoteRcsFtCapable : false
10-30 21:10:03.488 32657 32657 I CS/RcsCapabilityManager<0>: isOwnRcsAvailable : false isRemoteRcsFtSmsCapable : false
10-30 21:10:03.488 32657 32657 I CS/RcsCapabilityManager<0>: REMOTE_RCS : remote - false
10-30 21:10:03.488 32657 32657 I ORC/ComposerCapabilityModel: [updateRcsCapable] isRcsAvailable = false selectedSimSlot = 0, imsi = 313#nn#549
10-30 21:10:03.488 32657 32657 I ORC/ComposerCapabilityModel: [updateRcsCapable] isRemoteRcsFtCapable = false
10-30 21:10:03.488 32657 32657 I ORC/ComposerCapabilityModel: [updateRcsCapable] isRemoteRcsCapaAvailable = false
10-30 21:10:03.488 32657 32657 I ORC/ComposerCapabilityModel: [BOT][updateRcsCapable] isEnableBot = true
10-30 21:10:03.488 32657 32657 I ORC/ComposerCapabilityModel: [BOT][updateRcsCapable] isEnableAttMaap = false
10-30 21:10:03.488 32657 32657 I ORC/ComposerCapabilityModel: [BOT][updateRcsCapable] getBotCapable = [ none]
10-30 21:10:03.488 32657 32657 I ORC/ComposerModelUtil: [BOT] isBot, else
10-30 21:10:03.488 32657 32657 I ORC/ComposerCapabilityModel: [BOT][updateRcsCapable] isBot = false
10-30 21:10:03.488 32657 32657 I CS/RcsCapabilityManager<0>: isOwnRcsAvailable : false isRemoteRcsFtSmsCapable : false
10-30 21:10:03.488 32657 32657 I ORC/ComposerCapabilityModel: [updateRcsCapable] isRcsAvailable = false
10-30 21:10:03.488 32657 32657 I ORC/ComposerPresenterWorker: updateModeAndEditViewPanel need force update = true
10-30 21:10:03.488 32657 32657 I ORC/WorkingModeModel: updateComposerMode(), blockDuplicateNotify = false
10-30 21:10:03.488 32657 32657 I ORC/ComposerCapabilityModel: [begin]    isRcsAllowed
10-30 21:10:03.488 32657 32657 I ORC/ComposerModel: isNotStartedOpenGroupChat mIsOpenGroupChatNotStarted = false
10-30 21:10:03.488 32657 32657 I ORC/ComposerGroupModel: isOpenGroupModeOnOverMaxRecipient mIsSetOpenGroupChatOnOverMaxRecipients = false
10-30 21:10:03.488 32657 32657 I ORC/ComposerTwoPhoneModel: isMultiSimComposingBMode false
10-30 21:10:03.488 32657 32657 I ORC/ComposerModel: isNotStartedOpenGroupChat mIsOpenGroupChatNotStarted = false
10-30 21:10:03.489 32657 32657 I ORC/ComposerCapabilityModel: [isRcsCapableFromSim] getRcsCapable() : simSlot = 0, RcsCapable = false
10-30 21:10:03.489 32657 32657 I ORC/ComposerCapabilityModel: isGroupMms getRecipientCount = 1
10-30 21:10:03.489 32657 32657 I ORC/ComposerCapabilityModel: isGroupMms getRecipientCandidateCount = 0
10-30 21:10:03.489 32657 32657 I ORC/ComposerCapabilityModel: [isRcsCapable] isRcsCapable = false
10-30 21:10:03.489 32657 32657 I ORC/WorkingMessageModel: getDynamicSendAsChatValue() : 0
10-30 21:10:03.489 32657 32657 I ORC/WorkingMessageModel: isDefaultXmsMessagingType () : false
10-30 21:10:03.489 32657 32657 I ORC/ComposerCapabilityModel: isToSetRcsColorPossible : false, mIsToSetRcsColorPossible = false
10-30 21:10:03.489 32657 32657 I ORC/ComposerCapabilityModel: [end]      isRcsAllowed : false consume time = 0.701354
10-30 21:10:03.489 32657 32657 I ORC/WorkingModeModel: [COMPOSER]updateComposerMode(): composerMode = 1
10-30 21:10:03.489 32657 32657 I ORC/MessageSize: [SIZE]getMmsSize = 0
10-30 21:10:03.489 32657 32657 I ORC/ComposerCapabilityProvider: isRcsFtHttpCapable key : (10)447#nn#69#nn#077
10-30 21:10:03.489 32657 32657 I ORC/ComposerCapabilityProvider: isRcsFtHttpCapable simSlot = 0
10-30 21:10:03.489 32657 32657 I ORC/ComposerCapabilityProvider: isRcsFtHttpCapable, null capabilitiesData
10-30 21:10:03.489 32657 32657 I ORC/ComposerModelUtil: [BOT] isBot, else
10-30 21:10:03.489 32657 32657 I ORC/WorkingMessageModel: getAvailableSize() :: availableSize = 1018880 cmcMode = 0
10-30 21:10:03.489 32657 32657 I ORC/WorkingMessageModel: getAvailableSize size = 1018880
10-30 21:10:03.489 32657 32657 I ORC/WorkingMessageModel: getDynamicSendAsChatValue() : 0
10-30 21:10:03.489 32657 32657 I ORC/WorkingMessageModel: isDefaultXmsMessagingType () : false
10-30 21:10:03.489 32657 32657 I ORC/ComposerCapabilityModel: isToSetRcsColorPossible : false, mIsToSetRcsColorPossible = false
10-30 21:10:03.489 32657 32657 I ORC/ComposerModel: isDisabledGroupChatStatus result = false
10-30 21:10:03.489 32657 32657 I ORC/ComposerEditorHelper: updateMessageEditorView, CM=1, GC=false, CC=false, ALC=false
10-30 21:10:03.489 32657 32657 I ORC/ComposerModelUtil: [BOT] isBot, else
10-30 21:10:03.489 32657 32657 I ORC/ComposerModelUtil: isUnknownBot = false
10-30 21:10:03.489 32657 32657 I ORC/ComposerFragmentBubbleListener: setVisibleBotBottomPanel = false
10-30 21:10:03.489 32657 32657 I ORC/ComposerEditorHelper: updateMessageEditorView editor enabled
10-30 21:10:03.490 32657 32657 I ORC/EditorImpl: updateMessageEditorView, 1, 0
10-30 21:10:03.490 32657 32657 I ORC/MessageSize: [SIZE]getMmsSize = 0
10-30 21:10:03.490 32657 32657 I ORC/ComposerCapabilityProvider: isRcsFtHttpCapable key : (10)447#nn#69#nn#077
10-30 21:10:03.490 32657 32657 I ORC/ComposerCapabilityProvider: isRcsFtHttpCapable simSlot = 0
10-30 21:10:03.490 32657 32657 I ORC/ComposerCapabilityProvider: isRcsFtHttpCapable, null capabilitiesData
10-30 21:10:03.490 32657 32657 I ORC/ComposerModelUtil: [BOT] isBot, else
10-30 21:10:03.490 32657 32657 I ORC/WorkingMessageModel: getAvailableSize() :: availableSize = 1018880 cmcMode = 0
10-30 21:10:03.490 32657 32657 I ORC/WorkingMessageModel: getAvailableSize size = 1018880
10-30 21:10:03.490 32657 32657 I ORC/ComposerLinkShareModel: isComposerLinkSharingEnabled : false
10-30 21:10:03.490 32657 32657 I ORC/EditorViewImpl: setComposerStatusForAttach, 1, 1018880
10-30 21:10:03.490 32657 32657 I ORC/WorkingMessageModel: getDynamicSendAsChatValue() : 0
10-30 21:10:03.490 32657 32657 I ORC/WorkingMessageModel: isDefaultXmsMessagingType () : false
10-30 21:10:03.490 32657 32657 I ORC/ComposerCapabilityModel: isToSetRcsColorPossible : false, mIsToSetRcsColorPossible = false
10-30 21:10:03.490 32657 32657 I ORC/FlashCache: return cached data isEnabledPkgcom.samsung.android.stickercenter
10-30 21:10:03.491 32657 32657 I ORC/ComposerConfig: isMmsEnabledBySim 0 result = true
10-30 21:10:03.491 32657 32657 I ORC/Setting: getMmsMaxRecipient result = 20
10-30 21:10:03.491 32657 32657 I ORC/EditorPresenterImpl: isExceededMmsRecipientMaxCount : false
10-30 21:10:03.491 32657 32657 I ORC/FlashCache: return cached data isEnabledPkgcom.samsung.android.stickercenter
10-30 21:10:03.492 32657 32657 I ORC/InputMethodUtil: showImeWithHardKeyboard 1
10-30 21:10:03.492  1286  1334 I InputMethodManagerService: isAccessoryKeyboard 0
10-30 21:10:03.493 32657 32657 I ORC/InputMethodUtil: onlyHwKeyboardEnabled() = false
10-30 21:10:03.493 32657 32657 I ORC/EditorImpl: updateMessageEditorView does not need to update ( 1, 0, 1, true 0 )
10-30 21:10:03.493 32657 32657 I ORC/ComposerConfig: isMmsEnabledBySim 0 result = true
10-30 21:10:03.493 32657 32657 I ORC/ComposerConfig: isMmsEnabledBySim 0 result = true
10-30 21:10:03.493 32657 32657 I ORC/Setting: getMmsMaxRecipient result = 20
10-30 21:10:03.493 32657 32657 I ORC/EditorPresenterImpl: isExceededMmsRecipientMaxCount : false
10-30 21:10:03.493 32657 32657 I ORC/EditorView: setPrivateImeOptions, true
10-30 21:10:03.493 32657 32657 I ORC/ComposerModel: ComposerModel[ConversationId = -1, ConversationType = 1 CONVERSATION_TYPE_ONE_TO_ONE, isFromFab = false, RecipientCandidateCount = 0, RecipientCount = 1]
10-30 21:10:03.493 32657 32657 I CS/RcsCapabilityManager<0>: isOwnRcsAvailable : false isRemoteRcsFtCapable : false
10-30 21:10:03.493 32657 32657 I ORC/EditorViewImpl: setRcsFtStatusForAttach, R=false, H=true, O=false, S=false, F=false
10-30 21:10:03.493 32657 32657 I ORC/ComposerPresenterWorker: updateModeAndEditViewPanel need force update = false
10-30 21:10:03.493 32657 32657 I ORC/WorkingModeModel: updateComposerMode(), blockDuplicateNotify = false
10-30 21:10:03.493 32657 32657 I ORC/ComposerCapabilityModel: [begin]    isRcsAllowed
10-30 21:10:03.493 32657 32657 I ORC/ComposerModel: isNotStartedOpenGroupChat mIsOpenGroupChatNotStarted = false
10-30 21:10:03.493 32657 32657 I ORC/ComposerGroupModel: isOpenGroupModeOnOverMaxRecipient mIsSetOpenGroupChatOnOverMaxRecipients = false
10-30 21:10:03.494 32657 32657 I ORC/ComposerTwoPhoneModel: isMultiSimComposingBMode false
10-30 21:10:03.494 32657 32657 I ORC/ComposerModel: isNotStartedOpenGroupChat mIsOpenGroupChatNotStarted = false
10-30 21:10:03.494 32657 32657 I ORC/ComposerCapabilityModel: [isRcsCapableFromSim] getRcsCapable() : simSlot = 0, RcsCapable = false
10-30 21:10:03.494 32657 32657 I ORC/ComposerCapabilityModel: isGroupMms getRecipientCount = 1
10-30 21:10:03.494 32657 32657 I ORC/ComposerCapabilityModel: isGroupMms getRecipientCandidateCount = 0
10-30 21:10:03.494 32657 32657 I ORC/ComposerCapabilityModel: [isRcsCapable] isRcsCapable = false
10-30 21:10:03.494 32657 32657 I ORC/WorkingMessageModel: getDynamicSendAsChatValue() : 0
10-30 21:10:03.494 32657 32657 I ORC/WorkingMessageModel: isDefaultXmsMessagingType () : false
10-30 21:10:03.494 32657 32657 I ORC/ComposerCapabilityModel: isToSetRcsColorPossible : false, mIsToSetRcsColorPossible = false
10-30 21:10:03.494 32657 32657 I ORC/ComposerCapabilityModel: [end]      isRcsAllowed : false consume time = 0.774531
10-30 21:10:03.494 32657 32657 I ORC/WorkingModeModel: [COMPOSER]updateComposerMode(): composerMode = 1
10-30 21:10:03.494 32657 32657 I ORC/MessageSize: [SIZE]getMmsSize = 0
10-30 21:10:03.494 32657 32657 I ORC/ComposerCapabilityProvider: isRcsFtHttpCapable key : (10)447#nn#69#nn#077
10-30 21:10:03.494 32657 32657 I ORC/ComposerCapabilityProvider: isRcsFtHttpCapable simSlot = 0
10-30 21:10:03.494 32657 32657 I ORC/ComposerCapabilityProvider: isRcsFtHttpCapable, null capabilitiesData
10-30 21:10:03.494 32657 32657 I ORC/ComposerModelUtil: [BOT] isBot, else
10-30 21:10:03.494 32657 32657 I ORC/WorkingMessageModel: getAvailableSize() :: availableSize = 1018880 cmcMode = 0
10-30 21:10:03.494 32657 32657 I ORC/WorkingMessageModel: getAvailableSize size = 1018880
10-30 21:10:03.494 32657 32657 I ORC/WorkingMessageModel: getDynamicSendAsChatValue() : 0
10-30 21:10:03.494 32657 32657 I ORC/WorkingMessageModel: isDefaultXmsMessagingType () : false
10-30 21:10:03.494 32657 32657 I ORC/ComposerCapabilityModel: isToSetRcsColorPossible : false, mIsToSetRcsColorPossible = false
10-30 21:10:03.494 32657 32657 I ORC/ComposerModelUtil: [BOT] isBot, else
10-30 21:10:03.494 32657 32657 I ORC/ComposerModel: ComposerModel[ConversationId = -1, ConversationType = 1 CONVERSATION_TYPE_ONE_TO_ONE, isFromFab = false, RecipientCandidateCount = 0, RecipientCount = 1]
10-30 21:10:03.494 32657 32657 I ORC/ComposerPresenter: LIFE:end           [COMPOSER]onResume
10-30 21:10:03.494 32657 32657 I ORC/DeviceUtil: change sRealScreenResolution is null
10-30 21:10:03.494 32657 32657 I ORC/Setting: getEnableSupportSplitMode() smallest screen width : 384
10-30 21:10:03.494 32657 32657 I ORC/SoftInputStateWatcher: [SIP]start
10-30 21:10:03.494 32657 32657 I ORC/EditorImpl: initEditorFocus, true
10-30 21:10:03.495 32657 32657 I ORC/EditorView: isEditorEnabled
10-30 21:10:03.495 32657 32657 I ORC/ComposerConfig: isMmsEnabledBySim 0 result = true
10-30 21:10:03.495 32657 32657 I ORC/ComposerConfig: isMmsEnabledBySim 0 result = true
10-30 21:10:03.495 32657 32657 I ORC/Setting: getMmsMaxRecipient result = 20
10-30 21:10:03.495 32657 32657 I ORC/EditorPresenterImpl: isExceededMmsRecipientMaxCount : false
10-30 21:10:03.495 32657 32657 I ORC/EditorView: isEditorEnabled
10-30 21:10:03.495 32657 32657 I ORC/MessageEditorViewHolder: showAttachToolbar, true, true, 1
10-30 21:10:03.495 32657 32657 I ORC/EditorView: getText
10-30 21:10:03.495 32657 32657 I ORC/EditorView: hideCursorControllers
10-30 21:10:03.495 32657 32657 I ORC/EditorView: updateHintText
10-30 21:10:03.495 32657 32657 I ORC/EditorView: updateMaxLines
10-30 21:10:03.495 32657 32657 I ORC/EditorView: requestEditorFocus
10-30 21:10:03.495 32657 32657 I ORC/EditorView: updateMaxLines
10-30 21:10:03.495 32657 32657 I ORC/EditorView: getText
10-30 21:10:03.495 32657 32657 I ORC/EditorView: isEditorEnabled
10-30 21:10:03.495 32657 32657 I ORC/EditorView: requestEditorFocus
10-30 21:10:03.495 32657 32657 I ORC/EditorView: updateMaxLines
10-30 21:10:03.495 32657 32657 I ORC/EditorView: getText
10-30 21:10:03.495 32657 32700 I ORC/ComposerClipboardHelper: initClipboardFilter
10-30 21:10:03.495 32657 32657 I ORC/ComposerVtCallHelper: clearVtCallAvailable
10-30 21:10:03.495 32657 32657 I ORC/ComposerFragment: LIFE:end           [COMPOSER]onResume, 0
10-30 21:10:03.496 32657 32657 I ORC/MessageEditorFragment: LIFE:begin         [MessageEditor]onResume
10-30 21:10:03.496 32657 32657 I ORC/FlashCache: return cached data isEnabledPkgcom.samsung.android.stickercenter
10-30 21:10:03.496 32657 32758 I ORC/ComposerModelUtil: [BOT] isBot, else
10-30 21:10:03.496 32657 32657 I ORC/FlashCache: return cached data isEnabledPkgcom.samsung.android.stickercenter
10-30 21:10:03.496  1286  3692 I Telecom:SamsungSemTelecomServiceImpl: getAllowedPhoneAccounts - includeRegisteredAccounts : true / includeSimSubscriptionAccounts : false / isServiceConnected : true / lockExists : true / callingPackage : com.samsung.android.messaging
10-30 21:10:03.496  1286  3692 I Telecom:SamsungAllowedPhoneAccountFilterManager: filterSalesCode - option : EXCLUDE / allowedPhoneAccount : SamsungJsonPhoneAccount { RawData : {\"package_name\":\"com.google.android.apps.tachyon\",\"component_name\":\"\",\"sales_code_option\":\"exclude\",\"sales_codes\":[\"CDR\",\"DOR\",\"UFN\",\"UFU\",\"SAM\",\"CHC\",\"TCE\",\"GCF\"],\"model_names\":[],\"orders\":{\"default\":200,\"SKC\":900,\"KTC\":900,\"LUC\":900}} / PackageName : com.google.android.apps.tachyon / ComponentName :  / SalesCodeOption : exclude / SalesCodes : [CDR, DOR, UFN, UFU, SAM, CHC, TCE, GCF] / ModelNameOption : null / ModelNames : [] / Orders : {default=200, SKC=900, KTC=900, LUC=900} / Order : 200
10-30 21:10:03.497  1286  3692 I Telecom:SamsungAllowedPhoneAccountFilterManager: filterModelName - option : ALL / allowedPhoneAccount : SamsungJsonPhoneAccount { RawData : {\"package_name\":\"com.google.android.apps.tachyon\",\"component_name\":\"\",\"sales_code_option\":\"exclude\",\"sales_codes\":[\"CDR\",\"DOR\",\"UFN\",\"UFU\",\"SAM\",\"CHC\",\"TCE\",\"GCF\"],\"model_names\":[],\"orders\":{\"default\":200,\"SKC\":900,\"KTC\":900,\"LUC\":900}} / PackageName : com.google.android.apps.tachyon / ComponentName :  / SalesCodeOption : exclude / SalesCodes : [CDR, DOR, UFN, UFU, SAM, CHC, TCE, GCF] / ModelNameOption : null / ModelNames : [] / Orders : {default=200, SKC=900, KTC=900, LUC=900} / Order : 200
10-30 21:10:03.497  1286  3692 I Telecom:SamsungAllowedPhoneAccountFilterManager: filterSalesCode - option : INCLUDE / allowedPhoneAccount : SamsungJsonPhoneAccount { RawData : {\"package_name\":\"com.skt.prod.together\",\"component_name\":\"\",\"sales_code_option\":\"include\",\"sales_codes\":[\"SKC\",\"KOO\"],\"model_names\":[],\"orders\":{\"SKC\":100}} / PackageName : com.skt.prod.together / ComponentName :  / SalesCodeOption : include / SalesCodes : [SKC, KOO] / ModelNameOption : null / ModelNames : [] / Orders : {SKC=100} / Order : 1000
10-30 21:10:03.497 32657 32758 I ORC/VideoCallManager: addAppListFromPhoneAccountInfoList, allowedPhoneAccountInfo size = 1
10-30 21:10:03.497 32657 32657 I ORC/ComposerConfig: isMmsEnabledBySim 0 result = true
10-30 21:10:03.497 32657 32657 I ORC/Setting: getMmsMaxRecipient result = 20
10-30 21:10:03.497 32657 32657 I ORC/EditorPresenterImpl: isExceededMmsRecipientMaxCount : false
10-30 21:10:03.497 32657 32657 I ORC/FlashCache: return cached data isEnabledPkgcom.samsung.android.stickercenter
10-30 21:10:03.498 32657 32758 I ORC/PackageInfo: [Meet] isMeetAvailable() version = 184
10-30 21:10:03.498 32657 32758 I ORC/PackageInfo: [Meet] isMeetAvailable() version = 184
10-30 21:10:03.498 32657 32758 I ORC/PackageInfo: getApplicationLabel appLabel = Meet
10-30 21:10:03.498 32657 32657 I ORC/InputMethodUtil: showImeWithHardKeyboard 1
10-30 21:10:03.498 32657 32758 I ORC/PackageInfo: [Meet] isMeetAvailable() version = 184
10-30 21:10:03.498 32657 32758 I ORC/PackageInfo: [Meet] isMeetAvailable() version = 184
10-30 21:10:03.498 32657 32758 I ORC/PackageInfo: getApplicationLabel appLabel = Meet
10-30 21:10:03.499  1286  1334 I InputMethodManagerService: isAccessoryKeyboard 0
10-30 21:10:03.499 32657 32657 I ORC/InputMethodUtil: onlyHwKeyboardEnabled() = false
10-30 21:10:03.499 32657 32758 I ORC/FlashCache: return cached data isEnabledPkgcom.google.android.apps.tachyon
10-30 21:10:03.499 32657 32758 I ORC/PackageInfo: [Meet] isMeetAvailable() version = 184
10-30 21:10:03.499 32657 32758 I ORC/PackageInfo: [Meet] isMeetAvailable() version = 184
10-30 21:10:03.499 32657 32758 I ORC/PackageInfo: getApplicationLabel appLabel = Meet
10-30 21:10:03.499 32657 32657 I ORC/EditorView: isEditorEnabled
10-30 21:10:03.500 32657 32657 I ORC/Setting: setSelectedStickerForEditor : 1
10-30 21:10:03.500 32657 32657 I ORC/EditorView: isEditorEnabled
10-30 21:10:03.501 32657 32706 I ORC/PackageInfo: com.samsung.android.app.simplesharing is not installed
10-30 21:10:03.501 32657 32657 I ORC/MessageEditorFragment: LIFE:end           [MessageEditor]onResume
10-30 21:10:03.502 32657 32758 I ORC/VideoCallManager: addAppList, packageName : com.google.android.apps.tachyon phoneAccount : null
10-30 21:10:03.502 32657 32657 I MSHandlerLifeCycle: check: return. pkg=com.samsung.android.messaging parent=null callers=com.android.internal.policy.DecorView.setVisibility:4411 android.app.ActivityThread.handleResumeActivity:5476 android.app.servertransaction.ResumeActivityItem.execute:54 android.app.servertransaction.ActivityTransactionItem.execute:45 android.app.servertransaction.TransactionExecutor.executeLifecycleState:176 
10-30 21:10:03.502 32657 32657 I MSHandlerLifeCycle: removeMultiSplitHandler: no exist. decor=DecorView@e4e8c7[]
10-30 21:10:03.504  1286  2485 D AppOps  : noteOperation: reject #3 for code 105 (105) uid 1001 package com.android.phone flags: s
10-30 21:10:03.504 32657 32706 I ORC/LinkSharingUtil: [LinkSharing] isLinkSharingSupported : false
10-30 21:10:03.506  1286 13515 D AppOps  : noteOperation: reject #3 for code 105 (105) uid 10098 package com.samsung.android.messaging flags: s
10-30 21:10:03.508 32657 32700 I SEM_CLIP_SemClipboardManager: updateFilter - Format(-1), com.samsung.android.messaging.sepwrapper.a@2a2a6d6 by com.samsung.android.messaging
10-30 21:10:03.509  1286  3692 D AppOps  : noteOperation: reject #3 for code 105 (105) uid 1001 package com.android.phone flags: s
10-30 21:10:03.509 32657 32657 I DecorView: notifyKeepScreenOnChanged: keepScreenOn=false
10-30 21:10:03.510  1286  3692 D InputTransport: Input channel constructed: 'b2c373e', fd=900
10-30 21:10:03.510  2261  3434 D SubscriptionController: [getActiveSubscriptionInfoForSimSlotIndex]+ slotIndex=0 subId={id=1 iccId= simSlotIndex=0 carrierId=2528 displayName=DISH Wireless carrierName=DISH Wireless nameSource=4 iconTint=-16746133 number= dataRoaming=0 iconBitmap=null mcc=313 mnc=340 countryIso=us isEmbedded=false nativeAccessRules=null cardString= cardId=-2 portIndex=0 isOpportunistic=false groupUUID=null isGroupDisabled=false profileClass=-1 ehplmns=null hplmns=null subscriptionType=0 groupOwner=null carrierConfigAccessRules=[cert: 70D0BFCD7AE6B6E831AE7D1C16A641CB3EB489129D3A5ED168A760C94D50A8B4 pkg: null access: 0] areUiccApplicationsEnabled=true usageSetting=0}
10-30 21:10:03.510  1286  3692 D InputTransport: Input channel constructed: 'b2c373e', fd=901
10-30 21:10:03.511  1286  3692 D InputTransport: Input channel constructed: 'b2c373e', fd=903
10-30 21:10:03.511  1286  1334 D AppOps  : noteOperation: reject #3 for code 105 (105) uid 10098 package com.samsung.android.messaging flags: s
10-30 21:10:03.512  1154  4578 I SurfaceFlinger: id=141279 createSurf, flag=80004, b2c373e com.samsung.android.messaging/com.samsung.android.messaging.ui.view.main.WithActivity#141279
10-30 21:10:03.513 32657 32758 I ORC/VideoCallFactory: VideoCallFactory currentSalesCode = DSG, isSimMobility = false
10-30 21:10:03.513 32657 32758 I ORC/Feature: isUsaOpen : NO_DFLT_CSC,OMC
10-30 21:10:03.513 32657 32758 I ORC/Feature: isUsaOpen : NO_DFLT_CSC,OMC
10-30 21:10:03.513 32657 32758 I ORC/Feature: isUsaOpen : NO_DFLT_CSC,OMC
10-30 21:10:03.513 32657 32758 I ORC/VideoCallManager: getVtCallAppList, size = 1
10-30 21:10:03.513 32657 32758 I ORC/Feature: isSupportVtCallOpenPlatform true
10-30 21:10:03.513  1286  3692 D RestrictionPolicy: isScreenCaptureEnabled : ret=true userId=0
10-30 21:10:03.513 32657 32758 I ORC/PackageInfo: [Meet] isMeetAvailable() version = 184
10-30 21:10:03.513 32657 32758 I ORC/PackageInfo: [Meet] isMeetAvailable() version = 184
10-30 21:10:03.513 32657 32758 I ORC/PackageInfo: getApplicationLabel appLabel = Meet
10-30 21:10:03.513 32657 32758 I ORC/PackageInfo: [Meet] isMeetAvailable() version = 184
10-30 21:10:03.513  1286  3692 D InputTransport: Input channel destroyed: 'b2c373e', fd=903
10-30 21:10:03.514 32657 32758 I ORC/PackageInfo: [Meet] isMeetAvailable() version = 184
10-30 21:10:03.514 32657 32758 I ORC/ComposerVtCallHelper: setVtCallButtonResource, iconType 1, isOwnIcon false
10-30 21:10:03.514 32657 32758 I ORC/PackageInfo: [Meet] isMeetAvailable() version = 184
10-30 21:10:03.514 32657 32758 I AppIconSolution: getThemeIconWithBG called with public API, pkg = null, mode = 1
10-30 21:10:03.515 32657 32758 I AppIconSolution: return adaptive icon for null, isNight = false
10-30 21:10:03.516 32657 32657 I ViewRootImpl@a6feaf1[WithActivity]: setView = com.android.internal.policy.DecorView@e4e8c7 TM=true
10-30 21:10:03.516  1286  1334 D CoreBackPreview: Window{b2c373e u0 com.samsung.android.messaging/com.samsung.android.messaging.ui.view.main.WithActivity}: Setting back callback OnBackInvokedCallbackInfo{mCallback=android.window.IOnBackInvokedCallback$Stub$Proxy@3760aec, mPriority=0}
10-30 21:10:03.519 32657 32657 I MSHandlerLifeCycle: removeMultiSplitHandler: no exist. decor=DecorView@e4e8c7[WithActivity]
10-30 21:10:03.520 32657 32657 I ORC/BaseWithActivity: getComposerFragment : a9{28654a2} (96ac7168-4a37-4345-bf11-262abaa00651 id=0x7f0a043e tag=TAG_RIGHT_PANE_FRAGMENT)
10-30 21:10:03.520 32657 32657 I ORC/BaseWithActivity: getComposerFragment : a9{28654a2} (96ac7168-4a37-4345-bf11-262abaa00651 id=0x7f0a043e tag=TAG_RIGHT_PANE_FRAGMENT)
10-30 21:10:03.520 32657 32657 I ORC/ComposerModel: isDisabledGroupChatStatus result = false
10-30 21:10:03.520 32657 32657 I ORC/ComposerEditorHelper: updateMessageEditorView, CM=1, GC=false, CC=false, ALC=false
10-30 21:10:03.520 32657 32657 I ORC/ComposerModelUtil: [BOT] isBot, else
10-30 21:10:03.520 32657 32657 I ORC/ComposerModelUtil: isUnknownBot = false
10-30 21:10:03.520 32657 32657 I ORC/ComposerFragmentBubbleListener: setVisibleBotBottomPanel = false
10-30 21:10:03.520 32657 32657 I ORC/ComposerEditorHelper: updateMessageEditorView editor enabled
10-30 21:10:03.520 32657 32765 I ORC/ComposerPresenter: markAsRead
10-30 21:10:03.521 32657 32706 E AccessibilityManager: semUpdateAssitantMenu invoking from manager:
10-30 21:10:03.521 32657 32657 I ORC/EditorImpl: updateMessageEditorView, 1, 0
10-30 21:10:03.521 32657 32657 I ORC/MessageSize: [SIZE]getMmsSize = 0
10-30 21:10:03.521 32657 32657 I ORC/ComposerCapabilityProvider: isRcsFtHttpCapable key : (10)447#nn#69#nn#077
10-30 21:10:03.521 32657 32657 I ORC/ComposerCapabilityProvider: isRcsFtHttpCapable simSlot = 0
10-30 21:10:03.521 32657 32657 I ORC/ComposerCapabilityProvider: isRcsFtHttpCapable, null capabilitiesData
10-30 21:10:03.521 32657 32657 I ORC/ComposerModelUtil: [BOT] isBot, else
10-30 21:10:03.521 32657 32657 I ORC/WorkingMessageModel: getAvailableSize() :: availableSize = 1018880 cmcMode = 0
10-30 21:10:03.521 32657 32657 I ORC/WorkingMessageModel: getAvailableSize size = 1018880
10-30 21:10:03.521 32657 32657 I ORC/ComposerLinkShareModel: isComposerLinkSharingEnabled : false
10-30 21:10:03.521 32657 32657 I ORC/EditorViewImpl: setComposerStatusForAttach, 1, 1018880
10-30 21:10:03.521 32657 32657 I ORC/WorkingMessageModel: getDynamicSendAsChatValue() : 0
10-30 21:10:03.521 32657 32706 E AccessibilityManager: semUpdateAssitantMenu invoking from manager:
10-30 21:10:03.521 32657 32657 I ORC/WorkingMessageModel: isDefaultXmsMessagingType () : false
10-30 21:10:03.521 32657 32657 I ORC/ComposerCapabilityModel: isToSetRcsColorPossible : false, mIsToSetRcsColorPossible = false
10-30 21:10:03.521 32657 32657 I ORC/FlashCache: return cached data isEnabledPkgcom.samsung.android.stickercenter
10-30 21:10:03.522 32657 32706 E AccessibilityManager: semUpdateAssitantMenu invoking from manager:
10-30 21:10:03.522 32657 32706 E AccessibilityManager: semUpdateAssitantMenu invoking from manager:
10-30 21:10:03.522 32657 32706 I ORC/BaseWithActivity: mIsResumed = true, isLeftPaneVisible = false, isRightPaneVisible = true, changedPane = 0
10-30 21:10:03.523 32657 32657 I ORC/ComposerConfig: isMmsEnabledBySim 0 result = true
10-30 21:10:03.523 32657 32657 I ORC/Setting: getMmsMaxRecipient result = 20
10-30 21:10:03.523 32657 32657 I ORC/EditorPresenterImpl: isExceededMmsRecipientMaxCount : false
10-30 21:10:03.523 32657 32657 I ORC/FlashCache: return cached data isEnabledPkgcom.samsung.android.stickercenter
10-30 21:10:03.523 32657 32657 I ORC/InputMethodUtil: showImeWithHardKeyboard 1
10-30 21:10:03.524  1286  1334 I InputMethodManagerService: isAccessoryKeyboard 0
10-30 21:10:03.524 32657 32657 I ORC/InputMethodUtil: onlyHwKeyboardEnabled() = false
10-30 21:10:03.524 32657 32657 I ORC/EditorImpl: updateMessageEditorView does not need to update ( 1, 0, 1, true 0 )
10-30 21:10:03.524 32657 32657 I ORC/ComposerConfig: isMmsEnabledBySim 0 result = true
10-30 21:10:03.524 32657 32657 I ORC/ComposerConfig: isMmsEnabledBySim 0 result = true
10-30 21:10:03.524 32657 32657 I ORC/Setting: getMmsMaxRecipient result = 20
10-30 21:10:03.524 32657 32657 I ORC/EditorPresenterImpl: isExceededMmsRecipientMaxCount : false
10-30 21:10:03.524 32657 32657 I ORC/EditorView: setPrivateImeOptions, true
10-30 21:10:03.525 32657 32657 I ORC/ComposerConfig: isDualRcsSupported = false
10-30 21:10:03.525 32657 32657 I wm_on_top_resumed_gained_called: [69713905,com.samsung.android.messaging.ui.view.main.WithActivity,topStateChangedWhenResumed]
10-30 21:10:03.526 32657 32657 I CS/RcsCapabilityManager<0>: CapabilityManager.ConnectionListener: onConnected
10-30 21:10:03.526 32657 32657 I CS/RcsCapabilityManager<0>: registerCapabilityListener
10-30 21:10:03.527 32657 32657 I CS/RcsCapabilityManager<0>: createCapabilityListener
10-30 21:10:03.528  2602 19693 I CapabilityServiceEventListener<0>: registerListener: com.sec.internal.ims.servicemodules.options.SemCapabilityDiscoveryService$CapabilityServiceEventCallBack@fc09f71
10-30 21:10:03.528 32657 32657 I CS/RcsCapabilityManager<0>: registerCapabilityListener, mCapabilityListener=com.samsung.android.messaging.common.capability.RcsCapabilityManager$2@427baae
10-30 21:10:03.528 32657 32657 I CS/RcsCapabilityManager<0>: doPendingWorks, size=2
10-30 21:10:03.528 32657 32657 I CS/RcsCapabilityManager<0>: CreateTask: onPostExecute
10-30 21:10:03.528 32657 32657 I CS/RcsCapabilityManager<0>: registerCapabilityListener
