10-30 21:10:14.731  2597  2951 I [IMS6.0]: uaHandler : 12295
10-30 21:10:14.731  2597  2951 I [IMS6.0]: SecIms:OnNotify() notifyId:20004
10-30 21:10:14.731  2597  2951 I [IMS6.0]: IMS_onNotify()
10-30 21:10:14.731  2597  2951 I [IMS6.0]: NotifyReceiveSms()
10-30 21:10:14.732  2597  2951 I [IMS6.0]: SendResponseRaw() data Size 376
10-30 21:10:14.732  2597  2951 I StackIF : processMessage 3
10-30 21:10:14.732  2597  2951 I StackIF : Processing Notify
10-30 21:10:14.732  2597  2951 I SECIMSJ : [UNSL]< 20004
10-30 21:10:14.733  2597  2951 I StackIF : processNotify: id 20004
10-30 21:10:14.733  2597  2951 I StackIF : ReceiveSmsNotification: 
10-30 21:10:14.736  2248  2286 D RILJ    : Unsol response received; Sending ack to ril.cpp [PHONE0]
10-30 21:10:14.736  2597  2875 I ResipSmsHandler: handleMessage: what 3
10-30 21:10:14.737  2597  2875 I ResipSmsHandler: onNewIncomingSms: handle 12295 callId EE1E9D5A313307F0A1077FD2@5240cbbf4a00 contentType application/vnd.3gpp.sms
10-30 21:10:14.738  2248  2286 D RILJ    : [UNSL]< UNSOL_BARRING_INFO_CHANGED BarringInfo {mCellIdentity=CellIdentityNr:{ mPci = *7 mTac = 4***8 mNrArfcn = 0 mBands = [] mMcc = 313 mMnc = 340 mNci = 1*******09 mAlphaLong =  mAlphaShort =  mAdditionalPlmns = {} }, mBarringServiceInfos={3={isBarred: false (type: 0, isConditionally: false), factor: 0, timeseconds: 0}, 4={isBarred: false (type: 0, isConditionally: false), factor: 0, timeseconds: 0}, 6={isBarred: false (type: 0, isConditionally: false), factor: 0, timeseconds: 0}, 9={isBarred: false (type: 0, isConditionally: false), factor: 0, timeseconds: 0}}} [PHONE0]
10-30 21:10:14.739  2248  2248 D GsmCdmaPhone: [0] Event BarringInfoChanged Received - barringInfo: BarringInfo {mCellIdentity=CellIdentityNr:{ mPci = *7 mTac = 4***8 mNrArfcn = 0 mBands = [] mMcc = 313 mMnc = 340 mNci = 1*******09 mAlphaLong =  mAlphaShort =  mAdditionalPlmns = {} }, mBarringServiceInfos={3={isBarred: false (type: 0, isConditionally: false), factor: 0, timeseconds: 0}, 4={isBarred: false (type: 0, isConditionally: false), factor: 0, timeseconds: 0}, 6={isBarred: false (type: 0, isConditionally: false), factor: 0, timeseconds: 0}, 9={isBarred: false (type: 0, isConditionally: false), factor: 0, timeseconds: 0}}}
10-30 21:10:14.740  2597  2954 I SmsServiceModule: handleMessage() - what : 1
10-30 21:10:14.741  2597  2954 I SmsServiceModule: handleSmsEvent coming [NONE] contentType [application/vnd.3gpp.sms] callID [EE1E9D5A313307F0A1077FD2@5240cbbf4a00] smscAddr [sip:nk-] regId [12295] 
10-30 21:10:14.741  2597  2954 I SmsServiceModule: onReceiveSmsMessage: errorCode=0
10-30 21:10:14.741  2597  2954 I SmsServiceModule: isAck: contentType=application/vnd.3gpp.sms data[0]=1
10-30 21:10:14.747  1284 13890 D AppOps  : noteOperation: reject #3 for code 105 (105) uid 1000 package com.sec.imsservice flags: s
10-30 21:10:14.750  2597  2954 I SmsServiceModule: Incoming SMS new setMessageID : 89 TpPid : 0 TpDcs : 0
10-30 21:10:14.751  2597  2954 I SmsServiceModule: onReceive3GPPIncomingSms: [INCOMING] state MT_RECEIVING_INCOMING_SMS contentType [application/vnd.3gpp.sms] messageID [89] rpRef [39] callID [EE1E9D5A313307F0A1077FD2@5240cbbf4a00] smscAddr [sip:nk-] 
10-30 21:10:14.752  2597  2954 I SmsServiceModule/0: onReceive3GPPIncomingSms
10-30 21:10:14.752  2597  2954 E #IMSCR  : 10-30 21:10:14 0x50000003:0,103,89,0,39,3gpp
10-30 21:10:14.757  2597  2954 I ImsSmsImpl: < NEW_SMS : contentType = application/vnd.3gpp.sms messageId = 89
10-30 21:10:14.758  2248  3022 I SmsMessage: semCreateFromPdu phoneId = 0
10-30 21:10:14.759  2597  2954 I ResipSmsHandler: sendSMSResponse(): [Call-ID] EE1E9D5A313307F0A1077FD2@5240cbbf4a00 [Status] 200
10-30 21:10:14.759  2597  2954 I ResipRegiMgr: getUserAgent, phoneId=0
10-30 21:10:14.759  2597  2954 I ResipRegiMgr: getUserAgent, reg.getPhoneId()=0
10-30 21:10:14.760  2597  2954 I UserAgent<0>: sendSmsResponse: callId EE1E9D5A313307F0A1077FD2@5240cbbf4a00
10-30 21:10:14.760  2597  2954 I VolteServiceModule: onBarringInfoChanged: barringInfo BarringInfo {mCellIdentity=CellIdentityNr:{ mPci = *7 mTac = 4***8 mNrArfcn = 0 mBands = [] mMcc = 313 mMnc = 340 mNci = 1*******09 mAlphaLong =  mAlphaShort =  mAdditionalPlmns = {} }, mBarringServiceInfos={3={isBarred: false (type: 0, isConditionally: false), factor: 0, timeseconds: 0}, 4={isBarred: false (type: 0, isConditionally: false), factor: 0, timeseconds: 0}, 6={isBarred: false (type: 0, isConditionally: false), factor: 0, timeseconds: 0}, 9={isBarred: false (type: 0, isConditionally: false), factor: 0, timeseconds: 0}}}
10-30 21:10:14.761  2597  2954 I VolteServiceModule: voiceBarringInfo mConditionalBarringFactor:0 mConditionalBarringTimeSeconds:0
10-30 21:10:14.761  2597  2954 I VolteServiceModule: videoBarringInfo mConditionalBarringFactor:0 mConditionalBarringTimeSeconds:0
10-30 21:10:14.761  2597  2954 I SsacManager: updateSSACInfo[0] : Voice(100:0) Video(100:0)
10-30 21:10:14.761  2597  2954 I SsacManager: Voice Call updateSSACInfo[0] : f[100], t[0]
10-30 21:10:14.762  2597  2946 I SECIMSJ : [1190]> 120
10-30 21:10:14.762  2597  2954 I SsacManager: Video Call updateSSACInfo[0] : f[100], t[0]
10-30 21:10:14.763  2597  2946 I [IMS6.0]: DispatchReceiveSmsResp()
10-30 21:10:14.763  2597  2946 I [IMS6.0]: SecIms:OnRequest() transId:1190 reqId:403
10-30 21:10:14.763  2597  2946 I [IMS6.0]: ReqRouter::DoRouteReq(): Route to handler IMSSMS-MGR evt 106
10-30 21:10:14.764  2597  2951 I [IMS6.0]: IMSSMS-MGR: evt(106)
10-30 21:10:14.764  2597  2951 I [IMS6.0]: IMSSMS-MGR: EVENT_SEND_RECEIVED_SMS_RESP
10-30 21:10:14.764  2597  2951 I [IMS6.0]: DoReceiveSmsResp
10-30 21:10:14.765  2248  3022 D SmsMessage: getAddress : Mno = TMobile_US:DSH5G
10-30 21:10:14.766  2597  2951 I [IMS6.0]: SipMessageBuilder::Build(): skip GenerateContact
10-30 21:10:14.766  2597  2951 I [IMS6.0]: update current pani:3GPP-NR-FDD;utran-cell-id-3gpp=31334000add206c28c1ef
10-30 21:10:14.767  2597  2951 I [IMS6.0]: *UserAgentManager::GetUserProfileWithOutgoingSipMsg(): 2. Match pcscf ip to via header handle(12295) remoteServerPort(6000)
10-30 21:10:14.767  2597  2951 I [IMS6.0]: SecIms:OnNotify() notifyId:10003
10-30 21:10:14.767  2597  2951 I [IMS6.0]: IMS_onNotify()
10-30 21:10:14.767  2597  2951 I [IMS6.0]: NotifySipMessage()
10-30 21:10:14.767  2597  2951 I [IMS6.0]: SendResponseRaw() data Size 1400
10-30 21:10:14.767  2597  2951 I StackIF : processMessage 3
10-30 21:10:14.767  2597  2951 I StackIF : Processing Notify
10-30 21:10:14.767  2597  2951 I SECIMSJ : [UNSL]< 10003
10-30 21:10:14.767  2597  2951 I StackIF : processNotify: id 10003
10-30 21:10:14.768  2248  3022 I SmsConfig: [0] sms_special_address_handling_for = false
10-30 21:10:14.770  2597  2951 I SIPMSG[0]: [-->] SIP/2.0 200 OK [CSeq: 1 MESSAGE]
10-30 21:10:14.770  2597  2875 I ResipRawSipHandler: handleMessage: event: 200
10-30 21:10:14.772  2248  3022 I SmsConfig: [0] sms_support_reply_address = false
10-30 21:10:14.773  2248  3022 I SmsConfig: [0] sms_nsri_security_solution = false
10-30 21:10:14.774  2597  2875 I ResipVolteHandler: handleMessage: evt 114
10-30 21:10:14.775  2597  2951 I [IMS6.0]: GetAudioInterface(): mode CPVE
10-30 21:10:14.775  2597  2951 I CpAudioEngineClient: SAE_NotiInfo: SAE_NotiInfo string: 21:10:14.775>200 OK:1 MESSAGE
10-30 21:10:14.775  2597  2951 I VoIpEngineProxy: NotiInfo:Sending IPC_IMS_INFO Noti
10-30 21:10:14.775  2597  2951 I OemIpcHandler: ImsNotiInfo ImsNoti send IPC : 21:10:14.775>200 OK:1 MESSAGE
10-30 21:10:14.775  2248  3022 I ImsSmsDispatcher: IncomingSms: - IMS Deliver  format =3gpp token =89 PhoneId : [0]
10-30 21:10:14.775  2597  2951 I OemIpcHandler: SendOemIpcCommand: main 16 sub 0c len(108) phoneId 0
10-30 21:10:14.775  2597  2951 I OemIpcHandler: [Tx] IPC main 16 sub 0c type 05 len 108: 1D 32 31 3A 31 30 3A 31 34 2E 37 37 35 3E 32 30 30 20 4F 4B 3A 31 20 4D 45 53 53 41 47 45 00 00 00 00 00 00 00 00 00 00 00 00 00 00 00 00 00 00 00 00 00 00 00 00 00 00 00 00 00 00 00 00 00 00 00 00 00 00 00 00 00 00 00 00 00 00 00 00 00 00 00 00 00 00 00 00 00 00 00 00 00 00 00 ...
10-30 21:10:14.775  2597  2951 I OemIpcHandler: SendOemIpcCommand: Send Client 111...
10-30 21:10:14.776  1970  1974 D Multi-Client: OemClient::ProcessBuffer() from [20], token[1], datalen[112]
10-30 21:10:14.776  2248  3022 I SmsConfig: [0] sms_write_uicc_supported = false
10-30 21:10:14.776  1449  1449 D RILD    : IsRegisteredNetworkType(): netType[1]  feature[00] state[0] 
10-30 21:10:14.776  2248  3022 D ImsSmsDispatcher: message class = UNKNOWN
10-30 21:10:14.776  2248  3022 D ImsSmsDispatcher: Normal SMS received
10-30 21:10:14.776  2248  3022 D SmsDispatchersController: SmsDispatchersController:injectSmsPdu
10-30 21:10:14.777  2248  3022 I SmsDispatchersController: SmsDispatchersController:injectSmsText Sending msg=android.telephony.SmsMessage@eb9837e, format=3gppto mGsmInboundSmsHandler
10-30 21:10:14.777  2597  2951 I [IMS6.0]: ImsSignalingIpcManager::SendImsCallStatus(): phoneId(0) callStatus(2) callType(4) isEmergency(0) bearerType(12) needToSetSaMode(0) needToDeprioritizeNr5g(0)
10-30 21:10:14.777  2597  2951 I [IMS6.0]: GetAudioInterface(): mode CPVE
10-30 21:10:14.777  2597  2951 I [IMS6.0]: ImsSignalingIpcManager::ProcessImsCallStatus(): CALL_STATUS_END needToSetSaMode : 0, needToDeprioritizeNr5g : 0
10-30 21:10:14.777  1449  1682 D RILD    : DoRouteIn - FW reqId : 59
10-30 21:10:14.777  2597  2951 I CpAudioEngineClient: SAE_SetImsCallStatus: Entry
10-30 21:10:14.777  2597  2951 I CpAudioEngineClient: SAE_SetImsCallStatus: phoneId : 0, callStatus : 2 callType: 4 isEmergency: 0 bearerType: 12 needToSetSaMode : 0 needToDeprioritizeNr5g : 0
10-30 21:10:14.777  2597  2951 I VoIpEngineProxy: Sending IPC_IMS_CALL_STATUS bearerType 12
10-30 21:10:14.777  2597  2951 I OemIpcHandler: PrepareWaiting:
10-30 21:10:14.777  2597  2951 I OemIpcHandler: SendOemIpcCommandForQmi: phoneId[0] main 02 sub 7c paramLen 03
10-30 21:10:14.777  2597  2951 I OemIpcHandler: ============
10-30 21:10:14.777  2597  2951 I OemIpcHandler: pkt[0] =  2
10-30 21:10:14.777  2597  2951 I OemIpcHandler: pkt[1] = 7c
10-30 21:10:14.777  1449  1682 D RILD    : DoRouteOut - FW reqId : 59
10-30 21:10:14.777  1449  1682 D RILD    : GetMessage : oem func id = 0x0F
10-30 21:10:14.777  2597  2953 I reSIProcate: INFO | RESIP:TRANSPORT | TransportSelector.cxx:810 | Via=SIP/2.0/TCP 10.228.38.176:6000;branch=z9hG4bK7327b4246b9378482097c0ef4a081aa764d20eb0-0-1a9bbb5-654053f5367ddbb1;_aluscr_
10-30 21:10:14.778  1449  1682 D RILD    : Onprocessing: request id(59), handleEvent(100)
10-30 21:10:14.778  2597  2953 I reSIProcate: INFO | RESIP:TRANSPORT | TransportSelector.cxx:811 | Target=[ V4 10.228.38.176:65487 TCP target domain=unspecified mFlowKey=180 ] cport =6301 ] mInterface=rmnet_data1 ] transportKey=14 ]
10-30 21:10:14.778  1449  1681 D RILD    : OEMHOOK-MGR(28): evt(100)
10-30 21:10:14.778  1449  1681 D RILD    : OEMHOOK-MGR: Receive event : 100
10-30 21:10:14.778  1449  1681 V RILD    : MatchIpc: mMainCmd 11 mainCmd 16 mSubCmdMask ffffffffffffffff_ffffffffffffffff subCmd 0c
10-30 21:10:14.778  2597  2953 W reSIProcate: WARNING | RESIP:TRANSPORT | TransportSelector.cxx:1900 | Can't find matching transport [ V4 10.228.38.176:6000 TCP target domain=unspecified mFlowKey=0 ] cport =0 ] mInterface= ] transportKey=0 ]
10-30 21:10:14.778  1449  1681 V RILD    : MatchIpc: mMainCmd 16 mainCmd 16 mSubCmdMask 0_f1b06fefe subCmd 0c
10-30 21:10:14.778  1449  1681 D RILD    : IpcProtocol41::IpcTxRawIpc len 108
10-30 21:10:14.778  1449  1681 E RILD    : [IMS SIP DbgMsg] 21:10:14.775>200 OK:1 MESSAGE
10-30 21:10:14.778  2597  2953 I reSIProcate: INFO | RESIP:TRANSPORT | TransportSelector.cxx:1656 | target.transportKey : 14, mTransports.size() : 3
10-30 21:10:14.778  1449  1681 V RILD    : IpcModem::SendMessage
10-30 21:10:14.778  2597  2951 I OemIpcHandler: pkt[2] =  0
10-30 21:10:14.778  1449  1681 D RILD    : [L] TX: (M)IMS_CMD (S)IMS_INFORMATION (T)EVENT l:6c m:17 a:00 [ 1D 32 31 3A 31 30 3A 31 34 2E 37 37 35 3E 32 30 30 20 4F 4B 3A 31 20 4D 45 53 53 41 47 45 00 00 00 00 00 00 00 00 00 00 00 00 00 00 00 00 00 00 00 00 00 00 00 00 00 00 00 00 00 00 00 00 00 00 00 00 00 00 00 00 00 00 00 00 00 00 00 00 00 00 00 00 00 00 00 00 00 00 00 00 00 00 00 00 00 00 00 00 00 00 00 ]
10-30 21:10:14.778  2597  2951 I OemIpcHandler: pkt[3] =  7
10-30 21:10:14.778  2248  2316 D GsmInboundSmsHandler: IdleState.processMessage: processing EVENT_INJECT_SMS
10-30 21:10:14.779  2597  2951 I OemIpcHandler: pkt[4] =  4
10-30 21:10:14.779  2597  2951 I OemIpcHandler: pkt[5] =  2
10-30 21:10:14.779  2597  2951 I OemIpcHandler: pkt[6] =  c
10-30 21:10:14.779  1449  1681 V RILD    : IpcModem::DoIoChannelRouting
10-30 21:10:14.779  2597  2951 I OemIpcHandler: ============
10-30 21:10:14.779  2597  2951 I OemIpcHandler: IPC counter[1189]
10-30 21:10:14.779  2597  2951 I OemIpcHandler: SendOemIpcCommandForQmi: Send Client 111...
10-30 21:10:14.779  2597  2953 I reSIProcate: INFO | RESIP:TRANSPORT | TransportSelector.cxx:1500 | Transmitting to [ V4 10.228.38.176:65487 TCP target domain=unspecified mFlowKey=180 ] cport =6301 ] mInterface=rmnet_data1 ] transportKey=14 ] tlsDomain= via [ V4 0.0.0.0:6300 TCP target domain=unspecified mFlowKey=0 ] cport =0 ] mInterface= ] transportKey=0 ]
10-30 21:10:14.779  2597  2953 I reSIProcate: SipResp: 200 tid=7327b4246b9378482097c0ef4a081aa764d20eb0-0-1a9bbb5-654053f5367ddbb1 cseq=1 MESSAGE / 1 from(tu)sigcomp id=
10-30 21:10:14.779  1970  1974 D Multi-Client: OemClient::ProcessBuffer() from [20], token[2], datalen[7]
10-30 21:10:14.780  1449  1449 D RILD    : IsRegisteredNetworkType(): netType[1]  feature[00] state[0] 
10-30 21:10:14.780  2597  2951 I OemIpcHandler: WaitwithTimeout:
10-30 21:10:14.780  1449  1682 D RILD    : DoRouteIn - FW reqId : 59
10-30 21:10:14.780  1449  1682 D RILD    : DoRouteOut - FW reqId : 59
10-30 21:10:14.780  1449  1682 D RILD    : GetMessage : oem func id = 0x02
10-30 21:10:14.780  2597  2953 I reSIProcate: INFO | RESIP:TRANSPORT | Connection.cxx:229 | Interface : , Tried to send 1278 bytes, sent 1278 bytes
10-30 21:10:14.780  1449  1682 D RILD    : Onprocessing: request id(59), handleEvent(100)
10-30 21:10:14.781  1449  1681 D RILD    : RequestComplete - req : 59, peek : 59
10-30 21:10:14.781  1970  1973 D Multi-Client: Oem OnRequestComplete:(20)
10-30 21:10:14.781  1449  1681 V RILD    : Message obj refcnt=-1
10-30 21:10:14.781  1449  1681 D RILD    : OEM-NETWORK-MGR(33): evt(100)
10-30 21:10:14.781  1449  1681 D RILD    : OEMNETWORK-MGR: Receive event : 100
10-30 21:10:14.781  1449  1681 D RILD    : DoOemNetwork: sub id=0x7C
10-30 21:10:14.781  1449  1681 D RILD    : DoOemSetImsCallState
10-30 21:10:14.781  2597 18139 I OemIpcHandler: onRawReqComplete, 
10-30 21:10:14.781  1449  1681 V RILD    : AllocateTransaction() - Use: 2, Last: 34
10-30 21:10:14.782  1449  1638 V RILD    : NotifyAsyncMessage Completed
10-30 21:10:14.782  1284 13890 D AppOps  : startOperation: allowing code 40 uid 1001 package com.android.phone restricted: false flags: s
10-30 21:10:14.782  1449  1681 D RILD    : TxSetImsCallStateNoti - callType: 4, callStatus: 2, sysMode: 12, direction: -1
10-30 21:10:14.782  1449  1681 D RILD    : SendMessage: svc(NAS), msg(0xA1:QMI_NAS_IMS_CALL_STATE_NOTIFICATION_REQ_MSG), sync(1), internal(0), size(48)
10-30 21:10:14.782  2248  2316 D GsmInboundSmsHandler: IdleState.exit: acquired wakelock, leaving IdleState
10-30 21:10:14.782  2248  2316 D GsmInboundSmsHandler: DeliveringState.enter: entering DeliveringState
10-30 21:10:14.783  2248  2316 D GsmInboundSmsHandler: DeliveringState.processMessage: processing EVENT_INJECT_SMS
10-30 21:10:14.783  1449  1681 D RILD    : ReceiveMessage: svc(NAS), msg(0xA1:QMI_NAS_IMS_CALL_STATE_NOTIFICATION_REQ_MSG), indi(0), size(48), err(0)
10-30 21:10:14.783  1449  1681 D RILD    : Result(0), Error(0)
10-30 21:10:14.783  1449  1681 V RILD    : txn(-1) released
10-30 21:10:14.783  1449  1681 V RILD    : Message obj refcnt=-1
10-30 21:10:14.784  1449  1681 D RILD    : OEM-NETWORK-MGR(33): evt(101)
10-30 21:10:14.784  1449  1681 D RILD    : OEMNETWORK-MGR: Receive event : 101
10-30 21:10:14.784  1449  1681 D RILD    : RequestComplete - req : 59, peek : 59
10-30 21:10:14.784  1970  1973 D Multi-Client: Oem OnRequestComplete:(20)
10-30 21:10:14.784  1449  1681 V RILD    : Message obj refcnt=-1
10-30 21:10:14.784  2597 18139 I OemIpcHandler: onImsCallStatusReqComplete, 
10-30 21:10:14.784  2597 18139 I OemIpcHandler: Notify:
10-30 21:10:14.785  2597 18139 I OemIpcHandler: Notify: exit
10-30 21:10:14.785  2597  2951 I OemIpcHandler: WaitwithTimeout: exit
10-30 21:10:14.785  2597  2951 I [IMS6.0]: SecIms:OnResponse() transId:1190 respId:403
10-30 21:10:14.785  2597  2951 I [IMS6.0]: IMS_onResponse()
10-30 21:10:14.786  2597  2951 I [IMS6.0]: ResponseGeneralResponse() -321815952
10-30 21:10:14.786  2597  2951 I [IMS6.0]: SendResponseRaw() data Size 80
10-30 21:10:14.786  2597  2951 I StackIF : processMessage 2
10-30 21:10:14.786  2597  2951 I StackIF : Processing Response
10-30 21:10:14.786  2597  2951 I SECIMSJ : [1190]< 403
10-30 21:10:14.786  2597  2951 I StackIF : processResponse: reqId 403
10-30 21:10:14.786  2597  2951 I StackIF : processResponse: handle -1 result 0 reason 0
10-30 21:10:14.786  2248  2316 I GsmInboundSmsHandler: Delivering SMS information :  | DCS : 0 | da : +117 PhoneId : [0]
10-30 21:10:14.786  2597  2951 I [IMS6.0]: EventMessage obj refcnt=-1
10-30 21:10:14.788  2248  2316 D SmsStorageMonitor: mStorageAvailable = true
10-30 21:10:14.790  2248  2316 I SmsConfig: [0] sms_nsri_security_solution = false
10-30 21:10:14.790  2248  2316 I SmsConfig: [0] sms_support_reply_address = false
10-30 21:10:14.792  1284 13890 D PhoneRestrictionPolicy: isOperationAllowed >>> slotNum: 0 function: 5
10-30 21:10:14.793  2248  2316 D InboundSmsHandler: Outgoing MDM SMS Allowed
10-30 21:10:14.795  1284 13890 D PhoneRestrictionPolicy: isOperationAllowed >>> slotNum: 0 function: 4
10-30 21:10:14.796  2248  2316 D InboundSmsHandler: Incoming MDM SMS Allowed
10-30 21:10:14.797  1284 13890 E PhoneRestrictionPolicy: getEmergencyCall >>false
10-30 21:10:14.803  2248  2316 D GsmInboundSmsHandler: isSMSBlocked=false
10-30 21:10:14.808  2248  2316 I SmsConfig: [0] sms_support_reply_address = false
10-30 21:10:14.811  1284 13890 D AppOps  : noteOperation: reject #3 for code 105 (105) uid 1001 package com.android.phone flags: s
10-30 21:10:14.814  2248  2316 D GsmInboundSmsHandler: addTrackerToRawTable: Skipped message de-duping logic, {x-message-id:2269869033062289103}
10-30 21:10:14.816  1284 13890 D AppOps  : noteOperation: allowing code 22 uid 1001 package com.android.phone flags: s
10-30 21:10:14.818  2248  2316 D TP/SmsProvider: insert, match:15, calling pid = 2248
10-30 21:10:14.822   660   660 D io_stats: !@   8,0 r 2955069 59444480 w 749661 7484028 d 197949 53471836 f 0 0 iot 2573004 0 th 0 0 0 pt 0 inp 0 0 199296.901
10-30 21:10:14.825  2248  2316 W SQLiteLog: (28) walIndexRecover: rc 0, nPage 0, mxFrame 0, /data/user_de/0/com.android.providers.telephony/databases/mmssms.db-wal
10-30 21:10:14.871  2248  2316 D TP/SmsProvider: insert content://sms/raw/96 succeeded
10-30 21:10:14.872  2248  2316 I TP/MmsSmsProvider: notifyChange mms-sms
10-30 21:10:14.876  2248  2316 D TP/SmsProvider: insert, match 15:Elapsed time : 57.037 ms
10-30 21:10:14.876  2248  2316 D GsmInboundSmsHandler: addTrackerToRawTable: URI of new row: content://sms/raw/96, {x-message-id:2269869033062289103}
10-30 21:10:14.879  2248  2316 D ImsSmsDispatcher: SMS handled result: 1
10-30 21:10:14.879  2248  2316 W ImsSmsDispatcher: token = 89 mMessageRef = 89
10-30 21:10:14.880  2248  2316 D ImsSmsImplAdapter: acknowledgeSms[0]
10-30 21:10:14.881  1284 13890 D AppOps  : noteOperation: allowing code 14 uid 10213 package com.google.android.gms.com.google.android.gms.thunderbird flags: s
10-30 21:10:14.883  2597 23701 I SmsServiceModule: sendDeliverReport() do not set TP-PID and TP-DCS
10-30 21:10:14.883  2597 23701 I SmsServiceModule: getDeliverReportFromPdu - reason : 0
10-30 21:10:14.883  2597 23701 I SmsServiceModule: sendDeliverReport: [INCOMING] state MT_SENDING_DELIVER_REPORT contentType [application/vnd.3gpp.sms] messageID [89] rpRef [39] callID [EE1E9D5A313307F0A1077FD2@5240cbbf4a00] smscAddr [sip:nk-] regId [12295] 
10-30 21:10:14.885  1284 13890 D AppOps  : noteOperation: allowing code 21 uid 10213 package com.google.android.gms.com.google.android.gms.thunderbird flags: s
10-30 21:10:14.885  2597 23701 E #IMSCR  : 10-30 21:10:14 0x50000002:0,105,89,0,39,3gpp
10-30 21:10:14.885  2597 23701 I ResipSmsHandler: sendMessage: contentType application/vnd.3gpp.sms msdId 89 regId 12295
10-30 21:10:14.886  2597 23701 I ImsSmsImpl: > SMS_ACK : messageRef = 89
10-30 21:10:14.886  2597  2875 I ResipSmsHandler: handleMessage: what 1
10-30 21:10:14.886  2597  2875 I UserAgent<0>: sendSms: scaUri xxxxx localUri xxxxx contentType application/vnd.3gpp.sms isDeleveryReport false callId EE1E9D5A313307F0A1077FD2@5240cbbf4a00
10-30 21:10:14.887  2597  2946 I SECIMSJ : [1191]> 344
10-30 21:10:14.887  2597  2946 I [IMS6.0]: DispatchSendMessage()
10-30 21:10:14.887  2248  2316 D GsmInboundSmsHandler: DeliveringState.processMessage: processing EVENT_BROADCAST_SMS
10-30 21:10:14.888  2597  2946 I [IMS6.0]: SecIms:OnRequest() transId:1191 reqId:401
10-30 21:10:14.888  2597  2946 I [IMS6.0]: ReqRouter::DoRouteReq(): Route to handler IMSSMS-MGR evt 101
10-30 21:10:14.888  2597  2951 I [IMS6.0]: IMSSMS-MGR: evt(101)
10-30 21:10:14.888  2597  2951 I [IMS6.0]: IMSSMS-MGR: EVENT_SEND_MESSAGE
10-30 21:10:14.889  2597  2951 I [IMS6.0]: ResetThirdPartyFeatureTagInContact()
10-30 21:10:14.889  1284  6026 I ActivityManager: Changes in 10044 19 to 5, 0 to 8
10-30 21:10:14.890  2597  2951 I [IMS6.0]: update current pani:3GPP-NR-FDD;utran-cell-id-3gpp=31334000add206c28c1ef
10-30 21:10:14.890  2597  2951 I [IMS6.0]: ImsSmsManager::DoSendImsSms(): send ims signaling ipc start
10-30 21:10:14.892  2597  2951 I [IMS6.0]: ImsSignalingIpcManager::SendImsCallStatus(): phoneId(0) callStatus(1) callType(4) isEmergency(0) bearerType(12) needToSetSaMode(0) needToDeprioritizeNr5g(0)
10-30 21:10:14.892  2597  2951 I [IMS6.0]: GetAudioInterface(): mode CPVE
10-30 21:10:14.892  2597  2951 I [IMS6.0]: ImsSignalingIpcManager::ProcessImsCallStatus(): CALL_STATUS_START needToSetSaMode : 0, needToDeprioritizeNr5g : 0
10-30 21:10:14.892  2597  2951 I CpAudioEngineClient: SAE_SetImsCallStatus: Entry
10-30 21:10:14.892  2597  2951 I CpAudioEngineClient: SAE_SetImsCallStatus: phoneId : 0, callStatus : 1 callType: 4 isEmergency: 0 bearerType: 12 needToSetSaMode : 0 needToDeprioritizeNr5g : 0
10-30 21:10:14.892  2597  2951 I VoIpEngineProxy: Sending IPC_IMS_CALL_STATUS bearerType 12
10-30 21:10:14.893  2597  2951 I OemIpcHandler: PrepareWaiting:
10-30 21:10:14.893  2597  2951 I OemIpcHandler: SendOemIpcCommandForQmi: phoneId[0] main 02 sub 7c paramLen 03
10-30 21:10:14.893  2597  2951 I OemIpcHandler: ============
10-30 21:10:14.893  2597  2951 I OemIpcHandler: pkt[0] =  2
10-30 21:10:14.893  2597  2951 I OemIpcHandler: pkt[1] = 7c
10-30 21:10:14.893  2597  2951 I OemIpcHandler: pkt[2] =  0
10-30 21:10:14.893  2597  2951 I OemIpcHandler: pkt[3] =  7
10-30 21:10:14.893  2597  2951 I OemIpcHandler: pkt[4] =  4
10-30 21:10:14.893  2597  2951 I OemIpcHandler: pkt[5] =  1
10-30 21:10:14.893  2597  2951 I OemIpcHandler: pkt[6] =  c
10-30 21:10:14.893  2597  2951 I OemIpcHandler: ============
10-30 21:10:14.893  2597  2951 I OemIpcHandler: IPC counter[1190]
10-30 21:10:14.893  2597  2951 I OemIpcHandler: SendOemIpcCommandForQmi: Send Client 111...
10-30 21:10:14.893  2597  2951 I OemIpcHandler: WaitwithTimeout:
10-30 21:10:14.895  1970  1974 D Multi-Client: OemClient::ProcessBuffer() from [20], token[1], datalen[7]
10-30 21:10:14.895  1449  1449 D RILD    : IsRegisteredNetworkType(): netType[1]  feature[00] state[0] 
10-30 21:10:14.895  1449  1682 D RILD    : DoRouteIn - FW reqId : 59
10-30 21:10:14.895  1449  1682 D RILD    : DoRouteOut - FW reqId : 59
10-30 21:10:14.895  1449  1682 D RILD    : GetMessage : oem func id = 0x02
10-30 21:10:14.896  1449  1681 D RILD    : OEM-NETWORK-MGR(33): evt(100)
10-30 21:10:14.896  1449  1681 D RILD    : OEMNETWORK-MGR: Receive event : 100
10-30 21:10:14.896  1449  1681 D RILD    : DoOemNetwork: sub id=0x7C
10-30 21:10:14.896  1449  1681 D RILD    : DoOemSetImsCallState
10-30 21:10:14.896  1449  1681 V RILD    : AllocateTransaction() - Use: 2, Last: 35
10-30 21:10:14.896  1449  1681 D RILD    : TxSetImsCallStateNoti - callType: 4, callStatus: 1, sysMode: 12, direction: -1
10-30 21:10:14.896  1449  1681 D RILD    : SendMessage: svc(NAS), msg(0xA1:QMI_NAS_IMS_CALL_STATE_NOTIFICATION_REQ_MSG), sync(1), internal(0), size(48)
10-30 21:10:14.896  1449  1638 V RILD    : NotifyAsyncMessage Completed
10-30 21:10:14.897  1449  1883 D RILD    : QmiUnsolicitedCallback: msgId(276)
10-30 21:10:14.897  1449  1681 D RILD    : ReceiveMessage: svc(NAS), msg(0xA1:QMI_NAS_IMS_CALL_STATE_NOTIFICATION_REQ_MSG), indi(0), size(48), err(0)
10-30 21:10:14.897  1449  1681 D RILD    : Result(0), Error(0)
10-30 21:10:14.897  1449  1681 V RILD    : txn(-1) released
10-30 21:10:14.897  1449  1681 V RILD    : Message obj refcnt=-1
10-30 21:10:14.897  1449  1883 V RILD    : NotifyAsyncMessage Completed
10-30 21:10:14.897  1449  1681 D RILD    : OEM-NETWORK-MGR(33): evt(101)
10-30 21:10:14.897  1449  1681 D RILD    : OEMNETWORK-MGR: Receive event : 101
10-30 21:10:14.898  1449  1883 D RILD    : QmiUnsolicitedCallback: msgId(228)
10-30 21:10:14.898  1449  1883 V RILD    : NotifyAsyncMessage Completed
10-30 21:10:14.898  1449  1681 D RILD    : RequestComplete - req : 59, peek : 59
10-30 21:10:14.898  1449  1641 D RILD    : ReceiveMessage: svc(NAS), msg(0x114:UNDEFINED), indi(1), size(92), err(0)
10-30 21:10:14.898  1449  1681 V RILD    : Message obj refcnt=-1
10-30 21:10:14.898  1449  1641 D RILD    : RxAccessBarringStatusIndi:
10-30 21:10:14.898  1449  1641 D RILD    : notifyBarringInfoChanged:
10-30 21:10:14.898  1449  1641 D RILD    : FillBarringInfo
10-30 21:10:14.898  1449  1641 D RILD    : FillCellBarringInfoUtran 0
10-30 21:10:14.898  1449  1641 D RILD    : FillCellBarringInfoEutran 0
10-30 21:10:14.898  1970  1973 D Multi-Client: Oem OnRequestComplete:(20)
10-30 21:10:14.898  1449  1641 D RILD    : FillCellBarringInfoNgran 1
10-30 21:10:14.898  1449  1641 V RILD    : Modem::NotifyRegistrant: regType=54
10-30 21:10:14.898  1449  1641 V RILD    : Registrant::Notify refcnt(1)
10-30 21:10:14.898  1449  1641 D RILD    : ReceiveMessage: svc(NAS), msg(0xE4:QMI_NAS_MMTEL_RESPONSE), indi(1), size(24), err(0)
10-30 21:10:14.898  1449  1641 D RILD    : RxMmtelResInd
10-30 21:10:14.898  1449  1641 V RILD    : Modem::NotifyRegistrant: regType=190
10-30 21:10:14.898  1449  1641 V RILD    : Registrant::Notify refcnt(1)
10-30 21:10:14.898  2597 18139 I OemIpcHandler: onImsCallStatusReqComplete, 
10-30 21:10:14.898  1449  1681 D RILD    : OEM-NETWORK-MGR(33): evt(103)
10-30 21:10:14.898  2597 18139 I OemIpcHandler: Notify:
10-30 21:10:14.898  1449  1681 D RILD    : OEMNETWORK-MGR: Receive event : 103
10-30 21:10:14.899  1449  1681 D RILD    : OnMmtelRespReceived
10-30 21:10:14.899  2597 18139 I OemIpcHandler: Notify: exit
10-30 21:10:14.899  1449  1681 V RILD    : OnMmtelRespReceived - not use UAC
10-30 21:10:14.899  1449  1681 V RILD    : Message obj refcnt=0
10-30 21:10:14.899  2597  2951 I OemIpcHandler: WaitwithTimeout: exit
10-30 21:10:14.899  1449  1681 D RILD    : NET-MGR(3): evt(234)
10-30 21:10:14.899  1449  1681 D RILD    : RefreshHandler()
10-30 21:10:14.899  1449  1681 V RILD    : NetBarringInfoNotiHandler
10-30 21:10:14.899  1449  1681 V RILD    : OnUnsolicitedResponse: unsolId: 1105
10-30 21:10:14.899  1449  1681 V RILD    : InitState Setting data size of 0x737ff09980 to 0
10-30 21:10:14.899  1449  1681 V RILD    : InitState Setting data pos of 0x737ff09980 to 0
10-30 21:10:14.899  1449  1681 V RILD    : Message obj refcnt=0
10-30 21:10:14.899  2597  2951 I [IMS6.0]: *UserAgentManager::GetUserProfileWithOutgoingSipMsg(): 1. Match local ip to via header handle(12295) localServerPort(6300)
10-30 21:10:14.899  2597  2951 I [IMS6.0]: SecIms:OnNotify() notifyId:10003
10-30 21:10:14.900  2597  2951 I [IMS6.0]: IMS_onNotify()
10-30 21:10:14.900  2597  2951 I [IMS6.0]: NotifySipMessage()
10-30 21:10:14.900  2597  2951 I [IMS6.0]: SendResponseRaw() data Size 1172
10-30 21:10:14.900  2597  2951 I StackIF : processMessage 3
10-30 21:10:14.900  2597  2951 I StackIF : Processing Notify
10-30 21:10:14.900  2597  2951 I SECIMSJ : [UNSL]< 10003
10-30 21:10:14.900  2597  2951 I StackIF : processNotify: id 10003
10-30 21:10:14.901  2248  2286 D RILJ    : Unsol response received; Sending ack to ril.cpp [PHONE0]
10-30 21:10:14.902  2597  2951 I SIPMSG[0]: [-->] MESSAGE sip:nk-ips001c-usw2az1n01p1-sip.ims.mnc340.mcc313.3gppnetwork.org SIP/2.0 [CSeq: 1 MESSAGE]
10-30 21:10:14.902  2248  2286 D RILJ    : [UNSL]< UNSOL_BARRING_INFO_CHANGED BarringInfo {mCellIdentity=CellIdentityNr:{ mPci = *7 mTac = 4***8 mNrArfcn = 0 mBands = [] mMcc = 313 mMnc = 340 mNci = 1*******09 mAlphaLong =  mAlphaShort =  mAdditionalPlmns = {} }, mBarringServiceInfos={3={isBarred: false (type: 0, isConditionally: false), factor: 0, timeseconds: 0}, 4={isBarred: false (type: 0, isConditionally: false), factor: 0, timeseconds: 0}, 6={isBarred: false (type: 0, isConditionally: false), factor: 0, timeseconds: 0}, 9={isBarred: false (type: 0, isConditionally: false), factor: 0, timeseconds: 0}}} [PHONE0]
10-30 21:10:14.902  2597  2875 I ResipRawSipHandler: handleMessage: event: 200
10-30 21:10:14.903  2248  2248 D GsmCdmaPhone: [0] Event BarringInfoChanged Received - barringInfo: BarringInfo {mCellIdentity=CellIdentityNr:{ mPci = *7 mTac = 4***8 mNrArfcn = 0 mBands = [] mMcc = 313 mMnc = 340 mNci = 1*******09 mAlphaLong =  mAlphaShort =  mAdditionalPlmns = {} }, mBarringServiceInfos={3={isBarred: false (type: 0, isConditionally: false), factor: 0, timeseconds: 0}, 4={isBarred: false (type: 0, isConditionally: false), factor: 0, timeseconds: 0}, 6={isBarred: false (type: 0, isConditionally: false), factor: 0, timeseconds: 0}, 9={isBarred: false (type: 0, isConditionally: false), factor: 0, timeseconds: 0}}}
10-30 21:10:14.904  2597  2954 I VolteServiceModule: onBarringInfoChanged: barringInfo BarringInfo {mCellIdentity=CellIdentityNr:{ mPci = *7 mTac = 4***8 mNrArfcn = 0 mBands = [] mMcc = 313 mMnc = 340 mNci = 1*******09 mAlphaLong =  mAlphaShort =  mAdditionalPlmns = {} }, mBarringServiceInfos={3={isBarred: false (type: 0, isConditionally: false), factor: 0, timeseconds: 0}, 4={isBarred: false (type: 0, isConditionally: false), factor: 0, timeseconds: 0}, 6={isBarred: false (type: 0, isConditionally: false), factor: 0, timeseconds: 0}, 9={isBarred: false (type: 0, isConditionally: false), factor: 0, timeseconds: 0}}}
10-30 21:10:14.904  2597  2954 I VolteServiceModule: voiceBarringInfo mConditionalBarringFactor:0 mConditionalBarringTimeSeconds:0
10-30 21:10:14.904  2597  2875 I ResipVolteHandler: handleMessage: evt 114
10-30 21:10:14.904  2597  2951 I [IMS6.0]: GetAudioInterface(): mode CPVE
10-30 21:10:14.904  2597  2954 I VolteServiceModule: videoBarringInfo mConditionalBarringFactor:0 mConditionalBarringTimeSeconds:0
10-30 21:10:14.904  2597  2951 I CpAudioEngineClient: SAE_NotiInfo: SAE_NotiInfo string: 21:10:14.904>MESSAGE:1 MESSAGE
10-30 21:10:14.904  2597  2951 I VoIpEngineProxy: NotiInfo:Sending IPC_IMS_INFO Noti
10-30 21:10:14.904  2597  2951 I OemIpcHandler: ImsNotiInfo ImsNoti send IPC : 21:10:14.904>MESSAGE:1 MESSAGE
10-30 21:10:14.904  2597  2951 I OemIpcHandler: SendOemIpcCommand: main 16 sub 0c len(108) phoneId 0
10-30 21:10:14.904  2597  2954 I SsacManager: updateSSACInfo[0] : Voice(100:0) Video(100:0)
10-30 21:10:14.904  2597  2951 I OemIpcHandler: [Tx] IPC main 16 sub 0c type 05 len 108: 1E 32 31 3A 31 30 3A 31 34 2E 39 30 34 3E 4D 45 53 53 41 47 45 3A 31 20 4D 45 53 53 41 47 45 00 00 00 00 00 00 00 00 00 00 00 00 00 00 00 00 00 00 00 00 00 00 00 00 00 00 00 00 00 00 00 00 00 00 00 00 00 00 00 00 00 00 00 00 00 00 00 00 00 00 00 00 00 00 00 00 00 00 00 00 00 00 ...
10-30 21:10:14.904  2597  2951 I OemIpcHandler: SendOemIpcCommand: Send Client 111...
10-30 21:10:14.905  2597  2954 I SsacManager: Voice Call updateSSACInfo[0] : f[100], t[0]
10-30 21:10:14.905  1970  1974 D Multi-Client: OemClient::ProcessBuffer() from [20], token[1], datalen[112]
10-30 21:10:14.905  2597  2954 I SsacManager: Video Call updateSSACInfo[0] : f[100], t[0]
10-30 21:10:14.905  1449  1449 D RILD    : IsRegisteredNetworkType(): netType[1]  feature[00] state[0] 
10-30 21:10:14.905  1449  1682 D RILD    : DoRouteIn - FW reqId : 59
10-30 21:10:14.905  1449  1682 D RILD    : DoRouteOut - FW reqId : 59
10-30 21:10:14.905  1449  1682 D RILD    : GetMessage : oem func id = 0x0F
10-30 21:10:14.905  1449  1682 D RILD    : Onprocessing: request id(59), handleEvent(100)
10-30 21:10:14.905  1449  1681 D RILD    : OEMHOOK-MGR(28): evt(100)
10-30 21:10:14.905  1449  1681 D RILD    : OEMHOOK-MGR: Receive event : 100
10-30 21:10:14.906  1449  1681 V RILD    : MatchIpc: mMainCmd 11 mainCmd 16 mSubCmdMask ffffffffffffffff_ffffffffffffffff subCmd 0c
10-30 21:10:14.906  1449  1681 V RILD    : MatchIpc: mMainCmd 16 mainCmd 16 mSubCmdMask 0_f1b06fefe subCmd 0c
10-30 21:10:14.906  1449  1681 D RILD    : IpcProtocol41::IpcTxRawIpc len 108
10-30 21:10:14.906  1449  1681 E RILD    : [IMS SIP DbgMsg] 21:10:14.904>MESSAGE:1 MESSAGE
10-30 21:10:14.906  1449  1681 V RILD    : IpcModem::SendMessage
10-30 21:10:14.906  1449  1681 D RILD    : [L] TX: (M)IMS_CMD (S)IMS_INFORMATION (T)EVENT l:6c m:18 a:00 [ 1E 32 31 3A 31 30 3A 31 34 2E 39 30 34 3E 4D 45 53 53 41 47 45 3A 31 20 4D 45 53 53 41 47 45 00 00 00 00 00 00 00 00 00 00 00 00 00 00 00 00 00 00 00 00 00 00 00 00 00 00 00 00 00 00 00 00 00 00 00 00 00 00 00 00 00 00 00 00 00 00 00 00 00 00 00 00 00 00 00 00 00 00 00 00 00 00 00 00 00 00 00 00 00 00 ]
10-30 21:10:14.906  1449  1681 V RILD    : IpcModem::DoIoChannelRouting
10-30 21:10:14.906  1449  1681 D RILD    : RequestComplete - req : 59, peek : 59
10-30 21:10:14.906  1970  1973 D Multi-Client: Oem OnRequestComplete:(20)
10-30 21:10:14.906  2597  2951 I [IMS6.0]: IMSSMS-MGR: SentImsSms
10-30 21:10:14.906  1449  1681 V RILD    : Message obj refcnt=-1
10-30 21:10:14.907  2597  2951 I [IMS6.0]: EventMessage obj refcnt=-1
10-30 21:10:14.907  2597 18139 I OemIpcHandler: onRawReqComplete, 
10-30 21:10:14.907  2597  2953 I reSIProcate: INFO | RESIP:TRANSACTION | TuSelector.cxx:145 | Sending AlarmMessage 128000 to TUs
10-30 21:10:14.907  2597  2953 I reSIProcate: INFO | RESIP:TRANSPORT | TransportSelector.cxx:810 | Via=SIP/2.0/TCP 10.55.224.62:6300;branch=z9hG4bK-524287-1---6e045a99263839ea;rport;transport=TCP
10-30 21:10:14.907  2597  2953 I reSIProcate: INFO | RESIP:TRANSPORT | TransportSelector.cxx:811 | Target=[ V4 10.228.38.176:6000 TCP target domain=10.228.38.176 mFlowKey=0 ] cport =6301 ] mInterface=rmnet_data1 ] transportKey=0 ]
10-30 21:10:14.908  2597  2953 I reSIProcate: INFO | RESIP:TRANSPORT | TransportSelector.cxx:1500 | Transmitting to [ V4 10.228.38.176:6000 TCP target domain=10.228.38.176 mFlowKey=0 ] cport =6301 ] mInterface=rmnet_data1 ] transportKey=14 ] tlsDomain= via [ V4 10.55.224.62:6300 TCP target domain=unspecified mFlowKey=0 ] cport =0 ] mInterface= ] transportKey=0 ]
10-30 21:10:14.908  2597  2953 I reSIProcate: SipReq:  MESSAGE nk-ips001c-usw2az1n01p1-sip.ims.mnc340.mcc313.3gppnetwork.org tid=6e045a99263839ea cseq=1 MESSAGE / 1 from(tu)sigcomp id=
10-30 21:10:14.908  2597  2953 I reSIProcate: INFO | RESIP:TRANSPORT | Connection.cxx:229 | Interface : rmnet_data1, Tried to send 1050 bytes, sent 1050 bytes
10-30 21:10:14.909  2597  2951 I [IMS6.0]: ALM-MGR: evt(91)
10-30 21:10:14.909  2597  2951 I [IMS6.0]: AlarmManager::HandleEvent(): Wake up request from the resip (6e045a99263839ea:128000)
10-30 21:10:14.909  2597  2951 I [IMS6.0]: SecIms:OnNotify() notifyId:20001
10-30 21:10:14.909  2597  2951 I [IMS6.0]: IMS_onNotify()
10-30 21:10:14.909  2597  2951 I [IMS6.0]: NotifyAlarmWakeUp()
10-30 21:10:14.909  2597  2951 I [IMS6.0]: SendResponseRaw() data Size 72
10-30 21:10:14.909  2597  2951 I StackIF : processMessage 3
10-30 21:10:14.909  2597  2951 I StackIF : Processing Notify
10-30 21:10:14.909  2597  2951 I SECIMSJ : [UNSL]< 20001
10-30 21:10:14.909  2597  2951 I StackIF : processNotify: id 20001
10-30 21:10:14.909  2597  2951 I ResipMiscHandler: onAlarmRequested: delay=128000 id=10560
10-30 21:10:14.909  2597  2951 I [IMS6.0]: EventMessage obj refcnt=0
10-30 21:10:14.911  2248  3022 I SmsApplication: AM is preloaded
10-30 21:10:14.911  2248  3022 D SmsApplication: No PackageName Pattern : com.google.android.gms
10-30 21:10:14.913  1284  2846 D CompatibilityChangeReporter: Compat change id reported: 171306433; UID 1000; state: ENABLED
10-30 21:10:14.913  1284  2846 D CompatibilityChangeReporter: Compat change id reported: 218533173; UID 1000; state: ENABLED
10-30 21:10:14.913  2248  3022 D TP/SmsProvider: query,matched:4, calling pid = 15754
10-30 21:10:14.915 25161 25173 I BlockedNumbers: isBlocked: NOT BLOCKED; number=************, e164=************
10-30 21:10:14.918  2248  3022 W SQLiteLog: (28) walIndexRecover: rc 0, nPage 0, mxFrame 0, /data/user/0/com.android.providers.telephony/databases/mmssms.db-wal
10-30 21:10:14.918  2248  2316 D Phone   : getImsRegistrationTechnology =0
10-30 21:10:14.924  2248  2316 V GsmInboundSmsHandler::CarrierServicesSmsFilter: getCarrierAppPackageForFiltering: Unable to find carrierPackages: [] or systemPackages: [], id: 2269869033062289103
10-30 21:10:14.929  1284  6026 I Telecom:SamsungTelecomServiceImpl: getDefaultDialerPackage - callingPid : 2248 / processName : sts
10-30 21:10:14.931  1284  6026 I Telecom:SamsungTelecomServiceImpl: getDefaultDialerPackage - callingPid : 2248 / processName : sts
10-30 21:10:14.936  1284  6026 I Telecom:SamsungTelecomServiceImpl: getSystemDialerPackage - callingPid : 2248 / processName : sts
10-30 21:10:14.936  1449  1959 D RILD    : QmiUnsolicitedCallback: msgId(38)
10-30 21:10:14.936  1449  1959 V RILD    : NotifyAsyncMessage Completed
10-30 21:10:14.936  1449  1959 D RILD    : QmiUnsolicitedCallback: msgId(106)
10-30 21:10:14.936  1449  1959 V RILD    : NotifyAsyncMessage Completed
10-30 21:10:14.936  1449  1641 D RILD    : ReceiveMessage: svc(DSD), msg(0x26:QMI_DSD_SYSTEM_STATUS), indi(1), size(7640), err(0)
10-30 21:10:14.936  1449  1641 D RILD    : Set5gConnectedStatus(): 1
10-30 21:10:14.937  1449  1641 D RILD    : RxDsdSystemStatusInd - First preferred RAT is 5G
10-30 21:10:14.937  1449  1641 D RILD    : RxDsdSystemStatusInd - Report DSD technology index: 0
10-30 21:10:14.937  1449  1641 D RILD    : ConvertDsdSysStatusToRat(): rat_value: 6
10-30 21:10:14.937  2248  2316 D RemoteVvmTaskManager: getRemotePackage - pkg : com.samsung.android.dialer
10-30 21:10:14.938  1449  1641 D RILD    : ConvertDsdSysStatusToAvailablePhysicalRadio(): rat_value: 6
10-30 21:10:14.938  1449  1641 D RILD    : AvailablePhysicalRadioService - technology: 20, range: 3
10-30 21:10:14.938  1449  1641 D RILD    : GetPhysChannelConfig: 
10-30 21:10:14.938  1449  1641 V RILD    : AllocateTransaction() - Use: 2, Last: 36
10-30 21:10:14.938  1449  1641 D RILD    : SendMessage: svc(NAS), msg(0x31:QMI_NAS_GET_RF_BAND_INFO), sync(1), internal(1), size(0)
10-30 21:10:14.938  1449  1638 V RILD    : NotifyAsyncMessage Completed
10-30 21:10:14.938  2248  3022 D TP/SmsProvider: query, match 4:Elapsed time : 24.911 ms
10-30 21:10:14.939  2248  2316 D RemoteVvmTaskManager: getRemotePackage - pkg : 
10-30 21:10:14.939  2248  2316 D RemoteVvmTaskManager: getRemotePackage - pkg : 
10-30 21:10:14.939  1449  1641 D RILD    : ReceiveMessage: svc(NAS), msg(0x31:QMI_NAS_GET_RF_BAND_INFO), indi(0), size(684), err(0)
10-30 21:10:14.939  1449  1641 E RILD    : RxGetRfBandInfo: 
10-30 21:10:14.939  2248  2316 D RemoteVvmTaskManager: getRemotePackage - pkg : com.samsung.android.dialer
10-30 21:10:14.939  1449  1641 V RILD    : AllocateTransaction() - Use: 2, Last: 37
10-30 21:10:14.939  1449  1641 D RILD    : SendMessage: svc(NAS), msg(0x43:QMI_NAS_GET_CELL_LOCATION_INFO), sync(1), internal(1), size(0)
10-30 21:10:14.939  1449  1638 V RILD    : NotifyAsyncMessage Completed
10-30 21:10:14.940  1449  1641 D RILD    : ReceiveMessage: svc(NAS), msg(0x43:QMI_NAS_GET_CELL_LOCATION_INFO), indi(0), size(3784), err(0)
10-30 21:10:14.940  1449  1641 D RILD    : RxGetCellInfoList: Receive cell location info
10-30 21:10:14.940  1449  1641 D RILD    : Result(0), Error(0)
10-30 21:10:14.940  1449  1641 V RILD    : NR Cell found
10-30 21:10:14.940  1449  1641 D RILD    : Total Cells found: 1
10-30 21:10:14.940  1449  1641 D RILD    : ConvertCellLocationToRilCellinfo()
10-30 21:10:14.940  1449  1641 V RILD    : ConvertGeranCellsToRilCellInfo() : 
10-30 21:10:14.940  1449  1641 D RILD    : GERAN consumed 0 cell slots
10-30 21:10:14.940  1449  1641 V RILD    : ConvertUmtsCellsToRilCellInfo() : 
10-30 21:10:14.940  2248  2316 D RemoteVvmTaskManager: getRemotePackage - pkg : com.samsung.android.app.telephonyui
10-30 21:10:14.940  1449  1641 D RILD    : UMTS consumed 0 cell slots
10-30 21:10:14.940  1449  1641 V RILD    : ConvertCdmaCellsToRilCellinfo() 
10-30 21:10:14.940  1449  1641 D RILD    : CDMA consumed 0 cell slots
10-30 21:10:14.940  1449  1641 V RILD    : ConvertLteCellsToRilCellinfo() - info_valid : 0 , cells_len:0
10-30 21:10:14.940  1449  1641 D RILD    : LTE consumed 0 cell slots
10-30 21:10:14.941  1449  1641 V RILD    : ConvertNrCellsToRilCellinfo(): NR mcc : 313, nci : 1814610409, pci : 67, nrtac : 44498, arfcn : 123870
10-30 21:10:14.941  1449  1641 V RILD    : AddRilCellInfoV16 - index : 0, NR
10-30 21:10:14.941  1449  1641 D RILD    : NR consumed 1 cell slots
10-30 21:10:14.941  1449  1641 V RILD    : ConvertQmiToBand : 121, 2
10-30 21:10:14.941  1449  1641 D RILD    : UpdateNasPhysChanInfo():Primary Serving channel info
10-30 21:10:14.941  1449  1641 D RILD    : UpdateNasPhysChanInfo():bw: 5000, pci: 326, band: 2
10-30 21:10:14.941  1449  1641 V RILD    : ConvertQmiToBand : 264, 71
10-30 21:10:14.941  1449  1641 V RILD    : Modem::NotifyRegistrant: regType=51
10-30 21:10:14.941  1449  1641 V RILD    : Registrant::Notify refcnt(1)
10-30 21:10:14.941  1449  1641 D RILD    : RxDsdSystemStatusInd - RadioTechnology: 20, RadioTechFlag: 1, NullBearerReason: 0x0, OptionalRadioTech: 0
10-30 21:10:14.942  1449  1641 D RILD    : ReceiveMessage: svc(DSD), msg(0x6A:QMI_DSD_UI_INFO_IND), indi(1), size(2224), err(0)
10-30 21:10:14.942  1449  1641 D RILD    : RxDsdUiInfoInd
10-30 21:10:14.942  1449  1641 D RILD    : RxDsdUiInfoInd(): endcAvail: 0, restrictDcNr: 0, plmnInfoListR15Avail: 0, nrAdvBand: 0, vzw5gUwAllow: 0
10-30 21:10:14.942  1449  1641 D RILD    : SendPcoData: Send FF03 pcoData->mPcoId: 65283, pcoData->mAppSpecificInfo(1)
10-30 21:10:14.942  1449  1641 V RILD    : Modem::NotifyRegistrant: regType=159
10-30 21:10:14.942  1449  1641 V RILD    : Registrant::Notify refcnt(1)
10-30 21:10:14.942  1449  1681 D RILD    : NET-MGR(3): evt(229)
10-30 21:10:14.943  1449  1681 D RILD    : RefreshHandler()
10-30 21:10:14.943  1449  1681 D RILD    : PhysicalChannelInfoNotiHandler - PhysicalChannelInfoList not changed. skip send unsol response
10-30 21:10:14.943  1449  1681 V RILD    : Message obj refcnt=0
10-30 21:10:14.943  1449  1681 D RILD    : LEDC-MGR(8): evt(136)
10-30 21:10:14.943  1449  1681 D RILD    : EVENT_PCO_INFO_INDI
10-30 21:10:14.943  1449  1681 D RILD    : OnPcoDataInfoIndi: pcoData->mCid(0), pcoData->mPdpType(0), pcoData->mAppSpecificInfoLen(1)
10-30 21:10:14.943  1449  1681 D RILD    : OnPcoDataInfoIndi: pcoData->mAppSpecificInfo(1)
10-30 21:10:14.944  2248  2316 D RemoteVvmTaskManager: componentInfo.packageName : com.samsung.android.app.telephonyui componentInfo.name com.android.voicemail.impl.OmtpService
10-30 21:10:14.944  1449  1681 D RILD    : MakePcoDataInfo(FF03): contents(1)
10-30 21:10:14.944  1449  1681 D RILD    : MakePcoDataInfo: cid(0), bearer_proto((null)), pco_id(0xff03)
10-30 21:10:14.944  1449  1681 D RILD    : MakePcoDataInfo: contents_length(1)
10-30 21:10:14.944  1449  1681 V RILD    : OnUnsolicitedResponse: unsolId: 1046
10-30 21:10:14.944  2248  2316 D VisualVoicemailSmsFilterConfig: getActiveVisualVoicemailSmsFilterSettings - packageName:com.samsung.android.app.telephonyui, subId:1
10-30 21:10:14.945  1449  1681 V RILD    : InitState Setting data size of 0x737ff099b0 to 0
10-30 21:10:14.945  1449  1681 V RILD    : InitState Setting data pos of 0x737ff099b0 to 0
10-30 21:10:14.946  1449  1681 V RILD    : Message obj refcnt=0
10-30 21:10:14.947  2248  2316 D VisualVoicemailSmsFilterConfig: getVisualVoicemailSmsFilterSettings - enabled_key:false, packageName:com.samsung.android.app.telephonyui, subId:1
10-30 21:10:14.948  2248  2286 D RILJ    : Unsol response received; Sending ack to ril.cpp [PHONE0]
10-30 21:10:14.949  2248  2286 D RILJ    : [UNSL]< UNSOL_PCO_DATA PcoData(0, , 65283, contents[1]) [PHONE0]
10-30 21:10:14.949  2248  2248 E DCT-C-0 : PCO_DATA for unknown cid: 0, inferring
10-30 21:10:14.949  2248  2248 E DCT-C-0 : PCO_DATA - couldn't infer cid
10-30 21:10:14.949  2248  2316 D SmsMessage: getAddress : Mno = TMobile_US:DSH5G
10-30 21:10:14.949  2248  2248 D NetworkTypeController: [0] NrConnectedState(connected): process EVENT_PCO_DATA_CHANGED
10-30 21:10:14.950  2248  2316 I SmsConfig: [0] sms_special_address_handling_for = false
10-30 21:10:14.950  2248  2316 I SmsConfig: [0] sms_support_reply_address = false
10-30 21:10:14.954  2248  2316 D SmsMessage: getAddress : Mno = TMobile_US:DSH5G
10-30 21:10:14.954  2248  2316 I SmsConfig: [0] sms_special_address_handling_for = false
10-30 21:10:14.954  2248  2316 I SmsConfig: [0] sms_support_reply_address = false
10-30 21:10:14.974  1284  6026 I AppOps  : uid 1001 OP_READ_SMS := allow by uid 1001
10-30 21:10:14.979  1141 10841 D AF::TrackHandle: OpPlayAudio: track:157 usage:2 not muted
10-30 21:10:14.979  1284  2846 I AppOps  : uid 1001 OP_WRITE_SMS := allow by uid 1001
10-30 21:10:14.980  1284  2846 I AppOps  : uid 1001 OP_RECEIVE_SMS := allow by uid 1001
10-30 21:10:14.986  1141 10841 D AF::TrackHandle: OpPlayAudio: track:157 usage:2 not muted
10-30 21:10:14.987  1284  6026 I AppOps  : uid 1001 OP_RECEIVE_WAP_PUSH := allow by uid 1001
10-30 21:10:14.988  1284  6026 I AppOps  : uid 1001 OP_SEND_SMS := allow by uid 1001
10-30 21:10:14.989  1141 10841 D AF::TrackHandle: OpPlayAudio: track:157 usage:2 not muted
10-30 21:10:14.996  1141 10841 D AF::TrackHandle: OpPlayAudio: track:157 usage:2 not muted
10-30 21:10:14.996  1284  2846 I AppOps  : uid 1001 OP_READ_CELL_BROADCASTS := allow by uid 1001
10-30 21:10:14.997  1141 10841 D AF::TrackHandle: OpPlayAudio: track:157 usage:2 not muted
10-30 21:10:15.020  1284  2846 I AppOps  : uid 1001 OP_READ_SMS := allow by uid 1001
10-30 21:10:15.022  1284  2846 I AppOps  : uid 1001 OP_WRITE_SMS := allow by uid 1001
10-30 21:10:15.022  1284  2846 I AppOps  : uid 1001 OP_RECEIVE_SMS := allow by uid 1001
10-30 21:10:15.023  1141 10841 D AF::TrackHandle: OpPlayAudio: track:157 usage:2 not muted
10-30 21:10:15.024  1284  6026 I AppOps  : uid 1001 OP_RECEIVE_WAP_PUSH := allow by uid 1001
10-30 21:10:15.026  1284 13890 I AppOps  : uid 1001 OP_SEND_SMS := allow by uid 1001
10-30 21:10:15.026  1141 10841 D AF::TrackHandle: OpPlayAudio: track:157 usage:2 not muted
10-30 21:10:15.027  1141 10841 D AF::TrackHandle: OpPlayAudio: track:157 usage:2 not muted
10-30 21:10:15.028  1284  2846 I AppOps  : uid 1001 OP_READ_CELL_BROADCASTS := allow by uid 1001
10-30 21:10:15.028  1141 10841 D AF::TrackHandle: OpPlayAudio: track:157 usage:2 not muted
10-30 21:10:15.029  2248  2316 D GsmInboundSmsHandler: Delivering SMS to: com.samsung.android.messaging com.samsung.android.messaging.ui.receiver.smsmms.DefaultSmsAppSmsReceiver, {x-message-id:2269869033062289103}
10-30 21:10:15.031  1141 10841 D AF::TrackHandle: OpPlayAudio: track:157 usage:2 not muted
10-30 21:10:15.034  2248  2316 V Telephony: getMessagesFromIntent
10-30 21:10:15.034  2248  2316 I SmsMessage: semCreateFromPdu phoneId = 2147483647
10-30 21:10:15.035  2248  2316 D SubscriptionManager: [getSubId]- fail
10-30 21:10:15.035  2248  2316 D SmsMessage: getAddress : Mno = TMobile_US:DSH5G
10-30 21:10:15.036  2248  2316 I SmsConfig: [0] sms_special_address_handling_for = false
10-30 21:10:15.036  2248  2316 I SmsConfig: [0] sms_support_reply_address = false
10-30 21:10:15.043  2248  2316 D GsmInboundSmsHandler: WaitingState.enter: entering WaitingState
10-30 21:10:15.043  2248  2316 D GsmInboundSmsHandler: WaitingState.processMessage: processing EVENT_RETURN_TO_IDLE
10-30 21:10:15.043  2248  2316 D GsmInboundSmsHandler: WaitingState.processMessage: processing EVENT_UPDATE_TRACKER
10-30 21:10:15.043  1284  1713 D AppOps  : noteOperation: allowing code 16 uid 10098 package com.samsung.android.messaging flags: s
10-30 21:10:15.047  1284  1713 I am_uid_running: 10098
10-30 21:10:15.048  1284  1713 I ActivityManager: com.samsung.android.messaging is exempt from freezer by list
10-30 21:10:15.048  1284  1713 D CompatibilityChangeReporter: Compat change id reported: 135634846; UID 10098; state: DISABLED
10-30 21:10:15.049  1284  1713 D CompatibilityChangeReporter: Compat change id reported: 177438394; UID 10098; state: DISABLED
10-30 21:10:15.049  1284  1713 D CompatibilityChangeReporter: Compat change id reported: 135772972; UID 10098; state: DISABLED
10-30 21:10:15.049  1284  1713 D CompatibilityChangeReporter: Compat change id reported: 135754954; UID 10098; state: ENABLED
10-30 21:10:15.050  1284  1714 D CompatibilityChangeReporter: Compat change id reported: 143937733; UID 10098; state: ENABLED
10-30 21:10:15.061   866   866 D Zygote  : Forked child process 15749
