11-04 20:41:16.640  2935  3246 D AutomaticBrightnessController[0]: handleCombineLightSensorEvent mFrontLux=112.375 mRearLux=0.0 mLightSensor=TCS3720 Ambient Light Sensor Non-wakeup mLightSensorEnableTime=187555130 (27194 ms ago)
11-04 20:41:16.640  2935  3246 D AutomaticBrightnessController[0]: Receive new lux[rear]=0.0
11-04 20:41:16.640  2935  3246 D AutomaticBrightnessController[0]: handleCombineLightSensorEvent mFrontLux=112.375 mRearLux=0.0 mLightSensor=TCS3720 Ambient Light Sensor Non-wakeup mLightSensorEnableTime=187555130 (27194 ms ago)
11-04 20:41:16.640  2935  3246 D AutomaticBrightnessController[0]: Receive new lux[rear]=0.0
11-04 20:41:16.640  2935  3246 D AutomaticBrightnessController[0]: handleCombineLightSensorEvent mFrontLux=112.375 mRearLux=0.0 mLightSensor=TCS3720 Ambient Light Sensor Non-wakeup mLightSensorEnableTime=187555130 (27194 ms ago)
11-04 20:41:16.886  2935  3246 D AutomaticBrightnessController[0]: updateAmbientLux [Darkening] mAmbientLux=123.19039 fastAmbientLux=112.375 slowAmbientLux=112.375 threshold=98.552315187583070 (in 500 ms)
11-04 20:41:16.888  2935  3246 D AutomaticBrightnessController[0]: Receive new lux[rear]=0.0
11-04 20:41:16.888  2935  3246 D AutomaticBrightnessController[0]: handleCombineLightSensorEvent mFrontLux=112.375 mRearLux=0.0 mLightSensor=TCS3720 Ambient Light Sensor Non-wakeup mLightSensorEnableTime=187555130 (27442 ms ago)
11-04 20:41:16.888  2935  3246 D AutomaticBrightnessController[0]: Receive new lux[rear]=0.0
11-04 20:41:16.888  2935  3246 D AutomaticBrightnessController[0]: handleCombineLightSensorEvent mFrontLux=112.375 mRearLux=0.0 mLightSensor=TCS3720 Ambient Light Sensor Non-wakeup mLightSensorEnableTime=187555130 (27443 ms ago)
11-04 20:41:16.888  2935  3246 D AutomaticBrightnessController[0]: Receive new lux[rear]=0.0
11-04 20:41:16.889  2935  3246 D AutomaticBrightnessController[0]: handleCombineLightSensorEvent mFrontLux=112.375 mRearLux=0.0 mLightSensor=TCS3720 Ambient Light Sensor Non-wakeup mLightSensorEnableTime=187555130 (27443 ms ago)
11-04 20:41:16.889  2935  3246 D AutomaticBrightnessController[0]: Receive new lux[rear]=0.0
11-04 20:41:16.889  2935  3246 D AutomaticBrightnessController[0]: handleCombineLightSensorEvent mFrontLux=112.375 mRearLux=0.0 mLightSensor=TCS3720 Ambient Light Sensor Non-wakeup mLightSensorEnableTime=187555130 (27443 ms ago)
11-04 20:41:16.889  2935  3246 D AutomaticBrightnessController[0]: Receive new lux[rear]=0.0
11-04 20:41:16.889  2935  3246 D AutomaticBrightnessController[0]: handleCombineLightSensorEvent mFrontLux=112.375 mRearLux=0.0 mLightSensor=TCS3720 Ambient Light Sensor Non-wakeup mLightSensorEnableTime=187555130 (27443 ms ago)
11-04 20:41:17.138  2935  3246 D AutomaticBrightnessController[0]: Receive new lux[rear]=0.0
11-04 20:41:17.140  2935  3246 D AutomaticBrightnessController[0]: handleCombineLightSensorEvent mFrontLux=112.375 mRearLux=0.0 mLightSensor=TCS3720 Ambient Light Sensor Non-wakeup mLightSensorEnableTime=187555130 (27694 ms ago)
11-04 20:41:17.141  2935  3246 D AutomaticBrightnessController[0]: Receive new lux[rear]=0.0
11-04 20:41:17.142  2935  3246 D AutomaticBrightnessController[0]: handleCombineLightSensorEvent mFrontLux=112.375 mRearLux=0.0 mLightSensor=TCS3720 Ambient Light Sensor Non-wakeup mLightSensorEnableTime=187555130 (27696 ms ago)
11-04 20:41:17.143  2935  3246 D AutomaticBrightnessController[0]: Receive new lux[rear]=0.0
11-04 20:41:17.144  2935  3246 D AutomaticBrightnessController[0]: handleCombineLightSensorEvent mFrontLux=112.375 mRearLux=0.0 mLightSensor=TCS3720 Ambient Light Sensor Non-wakeup mLightSensorEnableTime=187555130 (27698 ms ago)
11-04 20:41:17.145  2935  3246 D AutomaticBrightnessController[0]: Receive new lux[rear]=0.0
11-04 20:41:17.145  2935  3246 D AutomaticBrightnessController[0]: handleCombineLightSensorEvent mFrontLux=112.375 mRearLux=0.0 mLightSensor=TCS3720 Ambient Light Sensor Non-wakeup mLightSensorEnableTime=187555130 (27699 ms ago)
11-04 20:41:17.146  2935  3246 D AutomaticBrightnessController[0]: Receive new lux[rear]=0.0
11-04 20:41:17.146  2935  3246 D AutomaticBrightnessController[0]: handleCombineLightSensorEvent mFrontLux=112.375 mRearLux=0.0 mLightSensor=TCS3720 Ambient Light Sensor Non-wakeup mLightSensorEnableTime=187555130 (27700 ms ago)
11-04 20:41:17.387  2935  3246 D AutomaticBrightnessController[0]: updateAmbientLux [Darkening] mAmbientLux=123.19039 fastAmbientLux=112.375 slowAmbientLux=112.375 threshold=98.552315187583571 (in 500 ms)
11-04 20:41:17.388  2935  3246 D AutomaticBrightnessController[0]: Receive new lux[rear]=0.0
11-04 20:41:17.389  2935  3246 D AutomaticBrightnessController[0]: handleCombineLightSensorEvent mFrontLux=112.375 mRearLux=0.0 mLightSensor=TCS3720 Ambient Light Sensor Non-wakeup mLightSensorEnableTime=187555130 (27943 ms ago)
11-04 20:41:17.389  2935  3246 D AutomaticBrightnessController[0]: Receive new lux[rear]=0.0
11-04 20:41:17.389  2935  3246 D AutomaticBrightnessController[0]: handleCombineLightSensorEvent mFrontLux=112.375 mRearLux=0.0 mLightSensor=TCS3720 Ambient Light Sensor Non-wakeup mLightSensorEnableTime=187555130 (27943 ms ago)
11-04 20:41:17.389  2935  3246 D AutomaticBrightnessController[0]: Receive new lux[rear]=0.0
11-04 20:41:17.389  2935  3246 D AutomaticBrightnessController[0]: handleCombineLightSensorEvent mFrontLux=112.375 mRearLux=0.0 mLightSensor=TCS3720 Ambient Light Sensor Non-wakeup mLightSensorEnableTime=187555130 (27943 ms ago)
11-04 20:41:17.389  2935  3246 D AutomaticBrightnessController[0]: Receive new lux[rear]=0.0
11-04 20:41:17.389  2935  3246 D AutomaticBrightnessController[0]: handleCombineLightSensorEvent mFrontLux=112.375 mRearLux=0.0 mLightSensor=TCS3720 Ambient Light Sensor Non-wakeup mLightSensorEnableTime=187555130 (27943 ms ago)
11-04 20:41:17.389  2935  3246 D AutomaticBrightnessController[0]: Receive new lux[rear]=0.0
11-04 20:41:17.389  2935  3246 D AutomaticBrightnessController[0]: handleCombineLightSensorEvent mFrontLux=112.375 mRearLux=0.0 mLightSensor=TCS3720 Ambient Light Sensor Non-wakeup mLightSensorEnableTime=187555130 (27943 ms ago)
11-04 20:41:17.638  2935  3246 D AutomaticBrightnessController[0]: Receive new lux[rear]=0.0
11-04 20:41:17.639  2935  3246 D AutomaticBrightnessController[0]: handleCombineLightSensorEvent mFrontLux=112.375 mRearLux=0.0 mLightSensor=TCS3720 Ambient Light Sensor Non-wakeup mLightSensorEnableTime=187555130 (28193 ms ago)
11-04 20:41:17.639  2935  3246 D AutomaticBrightnessController[0]: Receive new lux[rear]=0.0
11-04 20:41:17.639  2935  3246 D AutomaticBrightnessController[0]: handleCombineLightSensorEvent mFrontLux=112.375 mRearLux=0.0 mLightSensor=TCS3720 Ambient Light Sensor Non-wakeup mLightSensorEnableTime=187555130 (28193 ms ago)
11-04 20:41:17.639  2935  3246 D AutomaticBrightnessController[0]: Receive new lux[rear]=0.0
11-04 20:41:17.639  2935  3246 D AutomaticBrightnessController[0]: handleCombineLightSensorEvent mFrontLux=112.375 mRearLux=0.0 mLightSensor=TCS3720 Ambient Light Sensor Non-wakeup mLightSensorEnableTime=187555130 (28193 ms ago)
11-04 20:41:17.639  2935  3246 D AutomaticBrightnessController[0]: Receive new lux[rear]=0.0
11-04 20:41:17.639  2935  3246 D AutomaticBrightnessController[0]: handleCombineLightSensorEvent mFrontLux=112.375 mRearLux=0.0 mLightSensor=TCS3720 Ambient Light Sensor Non-wakeup mLightSensorEnableTime=187555130 (28193 ms ago)
11-04 20:41:17.639  2935  3246 D AutomaticBrightnessController[0]: Receive new lux[rear]=0.0
11-04 20:41:17.639  2935  3246 D AutomaticBrightnessController[0]: handleCombineLightSensorEvent mFrontLux=112.375 mRearLux=0.0 mLightSensor=TCS3720 Ambient Light Sensor Non-wakeup mLightSensorEnableTime=187555130 (28193 ms ago)
11-04 20:41:17.888  2935  3246 D AutomaticBrightnessController[0]: updateAmbientLux [Darkening] mAmbientLux=123.19039 fastAmbientLux=112.375 slowAmbientLux=112.375 threshold=98.552315187584072 (in 500 ms)
11-04 20:41:17.889  2935  3246 D AutomaticBrightnessController[0]: Receive new lux[rear]=0.0
11-04 20:41:17.890  2935  3246 D AutomaticBrightnessController[0]: handleCombineLightSensorEvent mFrontLux=112.375 mRearLux=0.0 mLightSensor=TCS3720 Ambient Light Sensor Non-wakeup mLightSensorEnableTime=187555130 (28444 ms ago)
11-04 20:41:17.890  2935  3246 D AutomaticBrightnessController[0]: Receive new lux[rear]=0.0
11-04 20:41:17.890  2935  3246 D AutomaticBrightnessController[0]: handleCombineLightSensorEvent mFrontLux=112.375 mRearLux=0.0 mLightSensor=TCS3720 Ambient Light Sensor Non-wakeup mLightSensorEnableTime=187555130 (28444 ms ago)
11-04 20:41:17.890  2935  3246 D AutomaticBrightnessController[0]: Receive new lux[rear]=0.0
11-04 20:41:17.890  2935  3246 D AutomaticBrightnessController[0]: handleCombineLightSensorEvent mFrontLux=112.375 mRearLux=0.0 mLightSensor=TCS3720 Ambient Light Sensor Non-wakeup mLightSensorEnableTime=187555130 (28444 ms ago)
11-04 20:41:17.890  2935  3246 D AutomaticBrightnessController[0]: Receive new lux[rear]=0.0
11-04 20:41:17.890  2935  3246 D AutomaticBrightnessController[0]: handleCombineLightSensorEvent mFrontLux=112.375 mRearLux=0.0 mLightSensor=TCS3720 Ambient Light Sensor Non-wakeup mLightSensorEnableTime=187555130 (28444 ms ago)
11-04 20:41:17.890  2935  3246 D AutomaticBrightnessController[0]: Receive new lux[rear]=0.0
11-04 20:41:17.890  2935  3246 D AutomaticBrightnessController[0]: handleCombineLightSensorEvent mFrontLux=112.375 mRearLux=0.0 mLightSensor=TCS3720 Ambient Light Sensor Non-wakeup mLightSensorEnableTime=187555130 (28444 ms ago)
11-04 20:41:17.952  2935  5219 V PowerManager: wakeUp time=187583636 reason=WAKE_REASON_WAKE_KEY details=android.policy:KEY by (android)
11-04 20:41:17.953  2935  5219 V PowerManager: wakeUp time=187583636 reason=WAKE_REASON_WAKE_KEY details=android.policy:KEY by (android)
11-04 20:41:17.953  2935  3183 D BroadcastQueue_foreground: broadcastBegin: hashCode=116939227, Order-Direct, toUser=-1, dispatchTime=1, ordered=true, sticky=false, Intent { act=com.motorola.os.action.WAKEUP_REASON flg=0x50200010 (has extras) }
11-04 20:41:17.957  2935  3183 D ActivityManager: Set 5567 com.motorola.motolights adj 0: service (ProcessRecord{d51e26c 2935:system/1000})
11-04 20:41:17.959  2935  3183 D BroadcastQueue: broadcastComplete: hashCode=116939227, Order-Direct, costTime=6
11-04 20:41:17.959  2935  3183 D BroadcastQueue:     app=5567:com.motorola.motolights/u0a205, receiver=android.os.BinderProxy@c25bb9, costTime=6
11-04 20:41:17.962  2935  5219 D BroadcastQueue_foreground: broadcastBegin: hashCode=226569336, Order-Direct, toUser=-1, dispatchTime=0, ordered=true, sticky=false, Intent { act=com.motorola.os.action.WAKEUP_REASON flg=0x50200010 (has extras) }
11-04 20:41:17.964  2935  5219 D BroadcastQueue: broadcastComplete: hashCode=226569336, Order-Direct, costTime=3
11-04 20:41:17.964  2935  5219 D BroadcastQueue:     app=5567:com.motorola.motolights/u0a205, receiver=android.os.BinderProxy@c25bb9, costTime=3
11-04 20:41:17.966  2935  5219 D ActivityManager: Set 5567 com.motorola.motolights adj 100: service (ProcessRecord{5a94a1a 4182:com.motorola.process.system/u0a123})
11-04 20:41:17.997  2935  3238 W ProcessCpuTracker: Failed to stat(/proc/7185): android.system.ErrnoException: stat failed: ENOENT (No such file or directory)
11-04 20:41:17.997  2935  3238 W ProcessCpuTracker: Skipping unknown process pid 7185
11-04 20:41:17.997  2935  3238 W ProcessCpuTracker: Failed to stat(/proc/7187): android.system.ErrnoException: stat failed: ENOENT (No such file or directory)
11-04 20:41:17.997  2935  3238 W ProcessCpuTracker: Skipping unknown process pid 7187
11-04 20:41:18.005  2935  3238 I cpu     : [7,1,4,0,1,0]
11-04 20:41:18.049  3152  3152 I msm_dwc3_perf_vote_work: in_perf_mode:0, interrupts in last sample:59
11-04 20:41:18.142  2935  3246 D AutomaticBrightnessController[0]: Receive new lux[rear]=0.0
11-04 20:41:18.144  2935  3246 D AutomaticBrightnessController[0]: handleCombineLightSensorEvent mFrontLux=112.375 mRearLux=0.0 mLightSensor=TCS3720 Ambient Light Sensor Non-wakeup mLightSensorEnableTime=187555130 (28698 ms ago)
11-04 20:41:18.145  2935  3246 D AutomaticBrightnessController[0]: Receive new lux[rear]=0.0
11-04 20:41:18.145  2935  3246 D AutomaticBrightnessController[0]: handleCombineLightSensorEvent mFrontLux=112.375 mRearLux=0.0 mLightSensor=TCS3720 Ambient Light Sensor Non-wakeup mLightSensorEnableTime=187555130 (28699 ms ago)
11-04 20:41:18.146  2935  3246 D AutomaticBrightnessController[0]: Receive new lux[rear]=0.0
11-04 20:41:18.146  2935  3246 D AutomaticBrightnessController[0]: handleCombineLightSensorEvent mFrontLux=112.375 mRearLux=0.0 mLightSensor=TCS3720 Ambient Light Sensor Non-wakeup mLightSensorEnableTime=187555130 (28700 ms ago)
11-04 20:41:18.146  2935  3246 D AutomaticBrightnessController[0]: Receive new lux[rear]=0.0
11-04 20:41:18.147  2935  3246 D AutomaticBrightnessController[0]: handleCombineLightSensorEvent mFrontLux=112.375 mRearLux=0.0 mLightSensor=TCS3720 Ambient Light Sensor Non-wakeup mLightSensorEnableTime=187555130 (28701 ms ago)
11-04 20:41:18.147  2935  3246 D AutomaticBrightnessController[0]: Receive new lux[rear]=0.0
11-04 20:41:18.148  2935  3246 D AutomaticBrightnessController[0]: handleCombineLightSensorEvent mFrontLux=112.375 mRearLux=0.0 mLightSensor=TCS3720 Ambient Light Sensor Non-wakeup mLightSensorEnableTime=187555130 (28702 ms ago)
11-04 20:41:18.305 29193 29193 I (virq   : irq_count)- GICv3:IPI(1):76035348 GICv3:arch_timer(11):73074098 GICv3:IPI(6):23063365 GICv3:ipcc_0(35):14529380 ipcc:glink-native-adsp(365):14074481 GICv3:dwc3-msm(357):9560399 GICv3:apps_rsc-drv-2(20):8537009 GICv3:IPI(2):6404004 GICv3:10048000.tmc(165):6392400 ITS-MSI:pci0_wlan_ce_2(323):3362170
11-04 20:41:18.306 29193 29193 I (cpu    : irq_count)- 0:84478895 1:63895675 2:61213290 3:9405599 4:12888027 5:7705529 6:5634286 7:1594684
11-04 20:41:18.306 29193 29193 I (ipi    : irq_count)- 0:76035348 1:6404004 2:0 3:0 4:0 5:23063365 6:0
11-04 20:41:18.388  2935  3246 D AutomaticBrightnessController[0]: Receive new lux[rear]=0.0
11-04 20:41:18.388  2935  3246 D AutomaticBrightnessController[0]: handleCombineLightSensorEvent mFrontLux=112.375 mRearLux=0.0 mLightSensor=TCS3720 Ambient Light Sensor Non-wakeup mLightSensorEnableTime=187555130 (28943 ms ago)
11-04 20:41:18.388  2935  3246 D AutomaticBrightnessController[0]: Receive new lux[rear]=0.0
11-04 20:41:18.388  2935  3246 D AutomaticBrightnessController[0]: handleCombineLightSensorEvent mFrontLux=112.375 mRearLux=0.0 mLightSensor=TCS3720 Ambient Light Sensor Non-wakeup mLightSensorEnableTime=187555130 (28943 ms ago)
11-04 20:41:18.389  2935  3246 D AutomaticBrightnessController[0]: Receive new lux[rear]=0.0
11-04 20:41:18.389  2935  3246 D AutomaticBrightnessController[0]: handleCombineLightSensorEvent mFrontLux=112.375 mRearLux=0.0 mLightSensor=TCS3720 Ambient Light Sensor Non-wakeup mLightSensorEnableTime=187555130 (28943 ms ago)
11-04 20:41:18.389  2935  3246 D AutomaticBrightnessController[0]: Receive new lux[rear]=0.0
11-04 20:41:18.389  2935  3246 D AutomaticBrightnessController[0]: handleCombineLightSensorEvent mFrontLux=112.375 mRearLux=0.0 mLightSensor=TCS3720 Ambient Light Sensor Non-wakeup mLightSensorEnableTime=187555130 (28943 ms ago)
11-04 20:41:18.389  2935  3246 D AutomaticBrightnessController[0]: Receive new lux[rear]=0.0
11-04 20:41:18.389  2935  3246 D AutomaticBrightnessController[0]: handleCombineLightSensorEvent mFrontLux=112.375 mRearLux=0.0 mLightSensor=TCS3720 Ambient Light Sensor Non-wakeup mLightSensorEnableTime=187555130 (28943 ms ago)
11-04 20:41:18.389  2935  3246 D AutomaticBrightnessController[0]: updateAmbientLux [Darkening] mAmbientLux=123.19039 fastAmbientLux=112.375 slowAmbientLux=112.375 threshold=98.552315187584573 (in 500 ms)
11-04 20:41:18.640  2935  3246 D AutomaticBrightnessController[0]: Receive new lux[rear]=0.0
11-04 20:41:18.642  2935  3246 D AutomaticBrightnessController[0]: handleCombineLightSensorEvent mFrontLux=112.375 mRearLux=0.0 mLightSensor=TCS3720 Ambient Light Sensor Non-wakeup mLightSensorEnableTime=187555130 (29196 ms ago)
11-04 20:41:18.642  2935  3246 D AutomaticBrightnessController[0]: Receive new lux[rear]=0.0
11-04 20:41:18.642  2935  3246 D AutomaticBrightnessController[0]: handleCombineLightSensorEvent mFrontLux=112.375 mRearLux=0.0 mLightSensor=TCS3720 Ambient Light Sensor Non-wakeup mLightSensorEnableTime=187555130 (29197 ms ago)
11-04 20:41:18.642  2935  3246 D AutomaticBrightnessController[0]: Receive new lux[rear]=0.0
11-04 20:41:18.642  2935  3246 D AutomaticBrightnessController[0]: handleCombineLightSensorEvent mFrontLux=112.375 mRearLux=0.0 mLightSensor=TCS3720 Ambient Light Sensor Non-wakeup mLightSensorEnableTime=187555130 (29197 ms ago)
11-04 20:41:18.643  2935  3246 D AutomaticBrightnessController[0]: Receive new lux[rear]=0.0
11-04 20:41:18.643  2935  3246 D AutomaticBrightnessController[0]: handleCombineLightSensorEvent mFrontLux=112.375 mRearLux=0.0 mLightSensor=TCS3720 Ambient Light Sensor Non-wakeup mLightSensorEnableTime=187555130 (29197 ms ago)
11-04 20:41:18.643  2935  3246 D AutomaticBrightnessController[0]: Receive new lux[rear]=0.0
11-04 20:41:18.643  2935  3246 D AutomaticBrightnessController[0]: handleCombineLightSensorEvent mFrontLux=112.375 mRearLux=0.0 mLightSensor=TCS3720 Ambient Light Sensor Non-wakeup mLightSensorEnableTime=187555130 (29197 ms ago)
11-04 20:41:18.888  2935  3246 D AutomaticBrightnessController[0]: Receive new lux[rear]=0.0
11-04 20:41:18.891  2935  3246 D AutomaticBrightnessController[0]: handleCombineLightSensorEvent mFrontLux=112.375 mRearLux=0.0 mLightSensor=TCS3720 Ambient Light Sensor Non-wakeup mLightSensorEnableTime=187555130 (29445 ms ago)
11-04 20:41:18.892  2935  3246 D AutomaticBrightnessController[0]: Receive new lux[rear]=0.0
11-04 20:41:18.892  2935  3246 D AutomaticBrightnessController[0]: handleCombineLightSensorEvent mFrontLux=112.375 mRearLux=0.0 mLightSensor=TCS3720 Ambient Light Sensor Non-wakeup mLightSensorEnableTime=187555130 (29447 ms ago)
11-04 20:41:18.893  2935  3246 D AutomaticBrightnessController[0]: Receive new lux[rear]=0.0
11-04 20:41:18.893  2935  3246 D AutomaticBrightnessController[0]: handleCombineLightSensorEvent mFrontLux=112.375 mRearLux=0.0 mLightSensor=TCS3720 Ambient Light Sensor Non-wakeup mLightSensorEnableTime=187555130 (29448 ms ago)
11-04 20:41:18.894  2935  3246 D AutomaticBrightnessController[0]: Receive new lux[rear]=0.0
11-04 20:41:18.894  2935  3246 D AutomaticBrightnessController[0]: handleCombineLightSensorEvent mFrontLux=112.375 mRearLux=0.0 mLightSensor=TCS3720 Ambient Light Sensor Non-wakeup mLightSensorEnableTime=187555130 (29449 ms ago)
11-04 20:41:18.895  2935  3246 D AutomaticBrightnessController[0]: Receive new lux[rear]=0.0
11-04 20:41:18.895  2935  3246 D AutomaticBrightnessController[0]: handleCombineLightSensorEvent mFrontLux=112.375 mRearLux=0.0 mLightSensor=TCS3720 Ambient Light Sensor Non-wakeup mLightSensorEnableTime=187555130 (29449 ms ago)
11-04 20:41:18.895  2935  3246 D AutomaticBrightnessController[0]: updateAmbientLux [Darkening] mAmbientLux=123.19039 fastAmbientLux=112.375 slowAmbientLux=112.375 threshold=98.552315187585079 (in 500 ms)
11-04 20:41:19.143  2935  3246 D AutomaticBrightnessController[0]: Receive new lux[rear]=0.0
11-04 20:41:19.143  2935  3246 D AutomaticBrightnessController[0]: handleCombineLightSensorEvent mFrontLux=112.375 mRearLux=0.0 mLightSensor=TCS3720 Ambient Light Sensor Non-wakeup mLightSensorEnableTime=187555130 (29697 ms ago)
11-04 20:41:19.143  2935  3246 D AutomaticBrightnessController[0]: Receive new lux[rear]=0.0
11-04 20:41:19.143  2935  3246 D AutomaticBrightnessController[0]: handleCombineLightSensorEvent mFrontLux=112.375 mRearLux=0.0 mLightSensor=TCS3720 Ambient Light Sensor Non-wakeup mLightSensorEnableTime=187555130 (29697 ms ago)
11-04 20:41:19.143  2935  3246 D AutomaticBrightnessController[0]: Receive new lux[rear]=0.0
11-04 20:41:19.143  2935  3246 D AutomaticBrightnessController[0]: handleCombineLightSensorEvent mFrontLux=112.375 mRearLux=0.0 mLightSensor=TCS3720 Ambient Light Sensor Non-wakeup mLightSensorEnableTime=187555130 (29697 ms ago)
11-04 20:41:19.144  2935  3246 D AutomaticBrightnessController[0]: Receive new lux[rear]=0.0
11-04 20:41:19.144  2935  3246 D AutomaticBrightnessController[0]: handleCombineLightSensorEvent mFrontLux=112.375 mRearLux=0.0 mLightSensor=TCS3720 Ambient Light Sensor Non-wakeup mLightSensorEnableTime=187555130 (29698 ms ago)
11-04 20:41:19.144  2935  3246 D AutomaticBrightnessController[0]: Receive new lux[rear]=0.0
11-04 20:41:19.144  2935  3246 D AutomaticBrightnessController[0]: handleCombineLightSensorEvent mFrontLux=112.375 mRearLux=0.0 mLightSensor=TCS3720 Ambient Light Sensor Non-wakeup mLightSensorEnableTime=187555130 (29698 ms ago)
11-04 20:41:19.338  2935  5219 D PowerManagerService: acquireWakeLockInternal: lock=219257212, flags=0x1, tag=\"*location*:GnssLocationProvider\", ws=null, uid=1000, pid=2935, packageName=\"android\", displayId=-1
11-04 20:41:19.352  2935  3166 W ContextImpl: Calling a method in the system process without a qualified user: android.app.ContextImpl.sendBroadcast:1215 com.android.server.location.provider.LocationProviderManager$LocationRegistration$1.test:993 com.android.server.location.provider.LocationProviderManager$LocationRegistration$1.test:952 android.location.LocationResult.filter:191 com.android.server.location.provider.LocationProviderManager$LocationRegistration.acceptLocationChange:951 
11-04 20:41:19.353  2935  3183 D BroadcastQueue_background: broadcastBegin: hashCode=140291921, Parallel, toUser=0, dispatchTime=0, ordered=false, sticky=false, Intent { act=com.motorola.location.instrumentation flg=0x10 (has extras) }
11-04 20:41:19.354  2935  3166 D PowerManagerService: acquireWakeLockInternal: lock=262994114, flags=0x1, tag=\"*location*\", ws=WorkSource{10466 jp.co.cyberagent.stf}, uid=1000, pid=2935, packageName=\"android\", displayId=-1
11-04 20:41:19.354  2935  3183 D BroadcastQueue: broadcastComplete: hashCode=140291921, Parallel, costTime=1
11-04 20:41:19.354  2935  3183 D BroadcastQueue:     app=2935:system/1000, receiver=android.app.LoadedApk$ReceiverDispatcher$InnerReceiver@7f9ae4f, costTime=1
11-04 20:41:19.356  2935  3166 W ContextImpl: Calling a method in the system process without a qualified user: android.app.ContextImpl.sendBroadcast:1215 com.android.server.location.provider.LocationProviderManager$LocationRegistration$1.test:993 com.android.server.location.provider.LocationProviderManager$LocationRegistration$1.test:952 android.location.LocationResult.filter:191 com.android.server.location.provider.LocationProviderManager$LocationRegistration.acceptLocationChange:951 
11-04 20:41:19.357  2935  3183 D BroadcastQueue_background: broadcastBegin: hashCode=109544374, Parallel, toUser=0, dispatchTime=0, ordered=false, sticky=false, Intent { act=com.motorola.location.instrumentation flg=0x10 (has extras) }
11-04 20:41:19.357  2935  3166 W ContextImpl: Calling a method in the system process without a qualified user: android.app.ContextImpl.sendBroadcast:1215 com.android.server.location.provider.LocationProviderManager$LocationRegistration$1.test:993 com.android.server.location.provider.LocationProviderManager$LocationRegistration$1.test:952 android.location.LocationResult.filter:191 com.android.server.location.provider.LocationProviderManager$LocationRegistration.acceptLocationChange:951 
11-04 20:41:19.358  2935  3183 D BroadcastQueue: broadcastComplete: hashCode=109544374, Parallel, costTime=2
11-04 20:41:19.358  2935  3183 D BroadcastQueue:     app=2935:system/1000, receiver=android.app.LoadedApk$ReceiverDispatcher$InnerReceiver@7f9ae4f, costTime=1
11-04 20:41:19.359  2935  3183 D BroadcastQueue_background: broadcastBegin: hashCode=110672055, Parallel, toUser=0, dispatchTime=0, ordered=false, sticky=false, Intent { act=com.motorola.location.instrumentation flg=0x10 (has extras) }
11-04 20:41:19.359  2935  3183 D BroadcastQueue: broadcastComplete: hashCode=110672055, Parallel, costTime=1
11-04 20:41:19.359  2935  3183 D BroadcastQueue:     app=2935:system/1000, receiver=android.app.LoadedApk$ReceiverDispatcher$InnerReceiver@7f9ae4f, costTime=0
11-04 20:41:19.360  2935  3166 W ContextImpl: Calling a method in the system process without a qualified user: android.app.ContextImpl.sendBroadcast:1215 com.android.server.location.provider.LocationProviderManager$LocationRegistration$1.test:993 com.android.server.location.provider.LocationProviderManager$LocationRegistration$1.test:952 android.location.LocationResult.filter:191 com.android.server.location.provider.LocationProviderManager$LocationRegistration.acceptLocationChange:951 
11-04 20:41:19.361  2935  3183 D BroadcastQueue_background: broadcastBegin: hashCode=198744100, Parallel, toUser=0, dispatchTime=1, ordered=false, sticky=false, Intent { act=com.motorola.location.instrumentation flg=0x10 (has extras) }
11-04 20:41:19.361  2935  3166 D PowerManagerService: releaseWakeLockInternal: lock=219257212 [*location*:GnssLocationProvider], flags=0x0, packageName=\"android\", displayId=-1
11-04 20:41:19.362  2935  3183 D BroadcastQueue: broadcastComplete: hashCode=198744100, Parallel, costTime=1
11-04 20:41:19.362  2935  3183 D BroadcastQueue:     app=2935:system/1000, receiver=android.app.LoadedApk$ReceiverDispatcher$InnerReceiver@7f9ae4f, costTime=1
11-04 20:41:19.366  2935  5177 D PowerManagerService: acquireWakeLockInternal: lock=46656892, flags=0x1, tag=\"Wakeful StateMachine: GeofencerStateMachine\", ws=WorkSource{10194 com.google.android.gms}, uid=10194, pid=23545, packageName=\"com.google.android.gms\", displayId=-1
11-04 20:41:19.372  2935  5219 D PowerManagerService: releaseWakeLockInternal: lock=262994114 [*location*], flags=0x0, packageName=\"android\", displayId=-1
11-04 20:41:19.382  2935  5219 D PowerManagerService: releaseWakeLockInternal: lock=46656892 [Wakeful StateMachine: GeofencerStateMachine], flags=0x0, packageName=\"com.google.android.gms\", displayId=-1
11-04 20:41:19.388  2935  3246 D AutomaticBrightnessController[0]: Receive new lux[rear]=0.0
11-04 20:41:19.388  2935  3246 D AutomaticBrightnessController[0]: handleCombineLightSensorEvent mFrontLux=112.375 mRearLux=0.0 mLightSensor=TCS3720 Ambient Light Sensor Non-wakeup mLightSensorEnableTime=187555130 (29943 ms ago)
11-04 20:41:19.389  2935  3246 D AutomaticBrightnessController[0]: Receive new lux[rear]=0.0
11-04 20:41:19.389  2935  3246 D AutomaticBrightnessController[0]: handleCombineLightSensorEvent mFrontLux=112.375 mRearLux=0.0 mLightSensor=TCS3720 Ambient Light Sensor Non-wakeup mLightSensorEnableTime=187555130 (29944 ms ago)
11-04 20:41:19.390  2935  3246 D AutomaticBrightnessController[0]: Receive new lux[rear]=0.0
11-04 20:41:19.390  2935  3246 D AutomaticBrightnessController[0]: handleCombineLightSensorEvent mFrontLux=112.375 mRearLux=0.0 mLightSensor=TCS3720 Ambient Light Sensor Non-wakeup mLightSensorEnableTime=187555130 (29944 ms ago)
11-04 20:41:19.390  2935  3246 D AutomaticBrightnessController[0]: Receive new lux[rear]=0.0
11-04 20:41:19.390  2935  3246 D AutomaticBrightnessController[0]: handleCombineLightSensorEvent mFrontLux=112.375 mRearLux=0.0 mLightSensor=TCS3720 Ambient Light Sensor Non-wakeup mLightSensorEnableTime=187555130 (29944 ms ago)
11-04 20:41:19.390  2935  3246 D AutomaticBrightnessController[0]: Receive new lux[rear]=0.0
11-04 20:41:19.390  2935  3246 D AutomaticBrightnessController[0]: handleCombineLightSensorEvent mFrontLux=112.375 mRearLux=0.0 mLightSensor=TCS3720 Ambient Light Sensor Non-wakeup mLightSensorEnableTime=187555130 (29944 ms ago)
11-04 20:41:19.395  2935  3246 D AutomaticBrightnessController[0]: updateAmbientLux [Darkening] mAmbientLux=123.19039 fastAmbientLux=112.375 slowAmbientLux=112.375 threshold=98.552315187585579 (in 500 ms)
11-04 20:41:19.639  2935  3246 D AutomaticBrightnessController[0]: Receive new lux[rear]=0.0
11-04 20:41:19.640  2935  3246 D AutomaticBrightnessController[0]: handleCombineLightSensorEvent mFrontLux=112.375 mRearLux=0.0 mLightSensor=TCS3720 Ambient Light Sensor Non-wakeup mLightSensorEnableTime=187555130 (30194 ms ago)
11-04 20:41:19.640  2935  3246 D AutomaticBrightnessController[0]: Receive new lux[rear]=0.0
11-04 20:41:19.640  2935  3246 D AutomaticBrightnessController[0]: handleCombineLightSensorEvent mFrontLux=112.375 mRearLux=0.0 mLightSensor=TCS3720 Ambient Light Sensor Non-wakeup mLightSensorEnableTime=187555130 (30194 ms ago)
11-04 20:41:19.640  2935  3246 D AutomaticBrightnessController[0]: Receive new lux[rear]=0.0
11-04 20:41:19.640  2935  3246 D AutomaticBrightnessController[0]: handleCombineLightSensorEvent mFrontLux=112.375 mRearLux=0.0 mLightSensor=TCS3720 Ambient Light Sensor Non-wakeup mLightSensorEnableTime=187555130 (30194 ms ago)
11-04 20:41:19.640  2935  3246 D AutomaticBrightnessController[0]: Receive new lux[rear]=0.0
11-04 20:41:19.640  2935  3246 D AutomaticBrightnessController[0]: handleCombineLightSensorEvent mFrontLux=112.375 mRearLux=0.0 mLightSensor=TCS3720 Ambient Light Sensor Non-wakeup mLightSensorEnableTime=187555130 (30194 ms ago)
11-04 20:41:19.640  2935  3246 D AutomaticBrightnessController[0]: Receive new lux[rear]=0.0
11-04 20:41:19.640  2935  3246 D AutomaticBrightnessController[0]: handleCombineLightSensorEvent mFrontLux=112.375 mRearLux=0.0 mLightSensor=TCS3720 Ambient Light Sensor Non-wakeup mLightSensorEnableTime=187555130 (30194 ms ago)
11-04 20:41:19.889  2935  3246 D AutomaticBrightnessController[0]: Receive new lux[rear]=0.0
11-04 20:41:19.889  2935  3246 D AutomaticBrightnessController[0]: handleCombineLightSensorEvent mFrontLux=112.375 mRearLux=0.0 mLightSensor=TCS3720 Ambient Light Sensor Non-wakeup mLightSensorEnableTime=187555130 (30443 ms ago)
11-04 20:41:19.889  2935  3246 D AutomaticBrightnessController[0]: Receive new lux[rear]=0.0
11-04 20:41:19.889  2935  3246 D AutomaticBrightnessController[0]: handleCombineLightSensorEvent mFrontLux=112.375 mRearLux=0.0 mLightSensor=TCS3720 Ambient Light Sensor Non-wakeup mLightSensorEnableTime=187555130 (30443 ms ago)
11-04 20:41:19.889  2935  3246 D AutomaticBrightnessController[0]: Receive new lux[rear]=0.0
11-04 20:41:19.889  2935  3246 D AutomaticBrightnessController[0]: handleCombineLightSensorEvent mFrontLux=112.375 mRearLux=0.0 mLightSensor=TCS3720 Ambient Light Sensor Non-wakeup mLightSensorEnableTime=187555130 (30443 ms ago)
11-04 20:41:19.889  2935  3246 D AutomaticBrightnessController[0]: Receive new lux[rear]=0.0
11-04 20:41:19.889  2935  3246 D AutomaticBrightnessController[0]: handleCombineLightSensorEvent mFrontLux=112.375 mRearLux=0.0 mLightSensor=TCS3720 Ambient Light Sensor Non-wakeup mLightSensorEnableTime=187555130 (30443 ms ago)
11-04 20:41:19.889  2935  3246 D AutomaticBrightnessController[0]: Receive new lux[rear]=0.0
11-04 20:41:19.889  2935  3246 D AutomaticBrightnessController[0]: handleCombineLightSensorEvent mFrontLux=112.375 mRearLux=0.0 mLightSensor=TCS3720 Ambient Light Sensor Non-wakeup mLightSensorEnableTime=187555130 (30443 ms ago)
11-04 20:41:19.896  2935  3246 D AutomaticBrightnessController[0]: updateAmbientLux [Darkening] mAmbientLux=123.19039 fastAmbientLux=112.375 slowAmbientLux=112.375 threshold=98.552315187586080 (in 500 ms)
11-04 20:41:19.919  2935  5219 D MotoSecurityManager: getVaultProfileUid by (android)
11-04 20:41:19.919  2935  5219 D SecureVault: getUid
11-04 20:41:19.921  2935  5219 I ActivityTaskManager: START u0 {act=android.intent.action.CALL dat=tel:xxxxxxxxxxxx flg=0x10000000 cmp=com.android.server.telecom/.components.UserCallActivity} from uid 2000
11-04 20:41:19.923  2935  5219 I ActivityTaskManager: executeMessage checkedOptions null 0
11-04 20:41:19.923  2935  5219 I ActivityTaskManager: executeMessage sourcerecord null 0
11-04 20:41:19.923  2935  5219 D WindowManager: Package Uid = 1000 calling: com.android.shell
11-04 20:41:19.924  2935  5219 I ActivityTaskManager: executeMessage callingUidHasAnyVisibleWindow=false isCallingUidForeground=false callingUidProcState=20
11-04 20:41:19.924  2935  5219 I ActivityTaskManager: executeMessage package= com.android.server.telecom displayId= -1 calling package=com.android.shell
11-04 20:41:19.924  2935  5219 I ActivityTaskManager: executeMessage calling uid=2000 pid=7196 real uid=2000 pid=7196 calling feature=null
11-04 20:41:19.924  2935  5219 I ActivityTaskManager: executeMessage task=null eph intent=Intent { act=android.intent.action.CALL dat=tel:xxxxxxxxxxxx flg=0x10000000 } isHomeActivity:false isLaucherActivity: false
11-04 20:41:19.926  2935  5219 D ActivityTaskManager: getPreferredLaunchDisplay userset_displayid false user set display id -1, current focus display 0
11-04 20:41:19.926  2935  5219 D ActivityTaskManager: getPreferredLaunchDisplay userset_displayid false user set display id -1, current focus display 0
11-04 20:41:19.934  2935  5219 D ActivityTaskManager: getPreferredLaunchDisplay userset_displayid false user set display id -1, current focus display 0
11-04 20:41:19.934  2935  5219 D ActivityTaskManager: getPreferredLaunchDisplay userset_displayid false user set display id -1, current focus display 0
11-04 20:41:19.935  2935  5219 I wm_task_created: [6343,-1]
11-04 20:41:19.940  2935  5219 D WindowManager: setMotFlags 8 for Task{3a4c7bc #6343 type=standard A=1000:com.android.server.telecom U=0 visible=false visibleRequested=false mode=fullscreen translucent=true sz=0} by com.android.server.wm.Task.reuseOrCreateTask:6675 
11-04 20:41:19.941  2935  5219 D ActivityTaskManager: getPreferredLaunchDisplay userset_displayid false user set display id 0, current focus display 0
11-04 20:41:19.941  2935  5219 D ActivityTaskManager: getPreferredLaunchDisplay userset_displayid false user set display id 0, current focus display 0
11-04 20:41:19.943  2935  5219 I wm_task_moved: [6343,1,4,0]
11-04 20:41:19.943  2935  5219 I wm_task_to_front: [0,6343,0]
11-04 20:41:19.944  2935  5219 I wm_create_task: [0,6343,0]
11-04 20:41:19.944  2935  5219 I wm_create_activity: [0,202969744,6343,com.android.server.telecom/.components.UserCallActivity,android.intent.action.CALL,NULL,tel:xxxxxxxxxxxx,276824064,0]
11-04 20:41:19.944  2935  5219 I wm_task_moved: [6343,1,4,0]
11-04 20:41:19.944  2935  5219 V SplashScreenExceptionList: SplashScreen checking exception for package com.android.server.telecom (target sdk:33) -> false
11-04 20:41:19.945  2935  5219 I wm_pause_activity: [0,98987300,com.motorola.launcher3/com.android.launcher3.CustomizationPanelLauncher,userLeaving=true,pauseBackTasks,0]
11-04 20:41:19.945  2935  5219 D PowerManagerService: acquireWakeLockInternal: lock=158192430, flags=0x1, tag=\"*launch*\", ws=WorkSource{1000}, uid=1000, pid=2935, packageName=\"android\", displayId=-1
11-04 20:41:19.945  4450  4450 I wm_on_top_resumed_lost_called: [98987300,com.android.launcher3.CustomizationPanelLauncher,topStateChangedWhenResumed,0]
11-04 20:41:19.947  2935  3183 D BroadcastQueue_background: broadcastBegin: hashCode=261167770, Parallel, toUser=0, dispatchTime=0, ordered=false, sticky=false, Intent { act=com.motorola.motocare.INTENT_TRIGGER flg=0x10 (has extras) }
11-04 20:41:19.948  2935  3183 D BroadcastQueue: broadcastComplete: hashCode=261167770, Parallel, costTime=1
11-04 20:41:19.948  2935  3183 D BroadcastQueue:     app=12606:com.motorola.motocare/u0a303, receiver=android.os.BinderProxy@bae6c77, costTime=1
11-04 20:41:19.949  2935  6667 I framework_stats_log: [SERVICE_STATE_CHANGED, 10303, com.motorola.motocare, com.motorola.motocare.MotoCareService, 1]
11-04 20:41:19.950  2935  6667 D ActivityManager: Set 4450 com.motorola.launcher3 adj 100: service (ProcessRecord{d51e26c 2935:system/1000})
11-04 20:41:19.950  4450  4450 I wm_on_paused_called: [98987300,com.android.launcher3.CustomizationPanelLauncher,performPause,0]
11-04 20:41:19.951  2935  6667 D ActivityManager: Set 5898 com.google.android.googlequicksearchbox:search adj 100: service (ProcessRecord{3c6ebea 4450:com.motorola.launcher3/u0a301})
11-04 20:41:19.951  2935  6667 D ActivityManager: Set 12606 com.motorola.motocare adj 0: exec-service (null)
11-04 20:41:19.951  2935  3169 I DisplayDeviceRepository: Display device changed: DisplayDeviceInfo{\"Built-in Screen\": uniqueId=\"local:4630947043778501763\", 1080 x 2400, modeId 1, defaultModeId 1, supportedModes [{id=1, width=1080, height=2400, fps=60.000004, alternativeRefreshRates=[48.000004, 90.0, 120.00001, 165.0]}, {id=2, width=1080, height=2400, fps=165.0, alternativeRefreshRates=[48.000004, 60.000004, 90.0, 120.00001]}, {id=3, width=1080, height=2400, fps=120.00001, alternativeRefreshRates=[48.000004, 60.000004, 90.0, 165.0]}, {id=4, width=1080, height=2400, fps=90.0, alternativeRefreshRates=[48.000004, 60.000004, 120.00001, 165.0]}, {id=5, width=1080, height=2400, fps=48.000004, alternativeRefreshRates=[60.000004, 90.0, 120.00001, 165.0]}], supportedReadyForModes [], colorMode 0, supportedColorModes [0, 7, 9], hdrCapabilities HdrCapabilities{mSupportedHdrTypes=[1, 2, 3, 4], mMaxLuminance=1500.0, mMaxAverageLuminance=750.00006, mMinLuminance=1.0E-4}, allmSupported false, gameContentTypeSupported false, density 400, 397.565 x 395.844 dpi, appVsyncOff 1000000, presDeadline 16666666, cutout DisplayCutout{insets=Rect(0, 112 - 0, 0) waterfall=Insets{left=0, top=0, right=0, bottom=0} boundingRect={Bounds=[Rect(0, 0 - 0, 0), Rect(505, 0 - 575, 112), Rect(0, 0 - 0, 0), Rect(0, 0 - 0, 0)]} cutoutPathParserInfo={CutoutPathParserInfo{displayWidth=1080 displayHeight=2400 physicalDisplayWidth=1080 physicalDisplayHeight=2400 density={2.5} cutoutSpec={M -35,0 L 35,0 L 35,112 L -35,112 Z} rotation={0} scale={1.0} physicalPixelDisplaySizeRatio={1.0}}}}, touch INTERNAL, rotation 0, type INTERNAL, address {port=131, model=0x40446dccee101c}, deviceProductInfo DeviceProductInfo{name=, manufacturerPnpId=QCM, productId=1, modelYear=null, manufactureDate=ManufactureDate{week=27, year=2006}, connectionToSinkType=0}, state ON, frameRateOverride , brightnessMinimum 0.0, brightnessMaximum 1.0, brightnessDefault 0.38188976, roundedCorners RoundedCorners{[RoundedCorner{position=TopLeft, radius=60, center=Point(60, 60)}, RoundedCorner{position=TopRight, radius=60, center=Point(1020, 60)}, RoundedCorner{position=BottomRight, radius=60, center=Point(1020, 2340)}, RoundedCorner{position=BottomLeft, radius=60, center=Point(60, 2340)}]}, FLAG_ALLOWED_TO_BE_DEFAULT_DISPLAY, FLAG_ROTATES_WITH_CONTENT, FLAG_SECURE, FLAG_SUPPORTS_PROTECTED_BUFFERS, installOrientation 0}
11-04 20:41:19.953  2935  6667 I framework_stats_log: [SERVICE_REQUEST_EVENT_REPORTED, 10303, 10303, INTENT_TRIGGER, 1, false, 2]
11-04 20:41:19.953  2935  2935 I WallpaperManagerService: onDisplayChanged displayId = 0
11-04 20:41:19.957  2935  5177 I ActivityTaskManager: The Process com.android.server.telecom:ui Already Exists in BG. So sending its PID: 30876
11-04 20:41:19.958  2935  3535 D ActivityManager: Set 12606 com.motorola.motocare adj 800: started-services (null)
11-04 20:41:19.958  2935  5177 W ActivityTaskManager: Tried to set launchTime (0) < mLastActivityLaunchTime (187042211)
11-04 20:41:19.958  2935  5177 I framework_stats_log: [APP_COMPAT_STATE_CHANGED, 1000, 2]
11-04 20:41:19.987  1108  1108 I [drm:dsi_display_set_mode [msm_drm]] [msm-dsi-info]: mdp_transfer_time=5500, hactive=1080, vactive=2400, fps=120, clk_rate=1102000000
11-04 20:41:19.963  2935  5177 I wm_restart_activity: [0,202969744,6343,com.android.server.telecom/.components.UserCallActivity,0]
11-04 20:41:19.987  1108  1108 I [drm:dsi_display_prepare [msm_drm]] [msm-dsi-info]: panel_name=mipi_mot_cmd_csot_1080p_dsc_667 ctrl-index=0
11-04 20:41:19.964  2935  2935 D PanelsService: Display #0 changed.
11-04 20:41:19.988  1108  1108 I         : (mipi_mot_cmd_csot_1080p_dsc_667)+
11-04 20:41:19.965  2935  3183 D BroadcastQueue_background: broadcastBegin: hashCode=114706022, Parallel, toUser=0, dispatchTime=1, ordered=false, sticky=false, Intent { act=com.motorola.motocare.INTENT_TRIGGER flg=0x10 (has extras) }
11-04 20:41:19.965  2935  3735 D AppOptManager: onTopAppStateChanged pkg=com.motorola.launcher3, top= false
11-04 20:41:19.965  2935  3735 D AppOptManager: stopOpt: com.motorola.launcher3
11-04 20:41:19.965  2935  3735 D AppOptExecutor: clearOpt: com.motorola.launcher3
11-04 20:41:19.965  2935  3183 D BroadcastQueue: broadcastComplete: hashCode=114706022, Parallel, costTime=0
11-04 20:41:19.965  2935  3183 D BroadcastQueue:     app=12606:com.motorola.motocare/u0a303, receiver=android.os.BinderProxy@bae6c77, costTime=0
11-04 20:41:19.965  2935  3735 D AppOptManager: onTopAppStateChanged pkg=com.android.server.telecom, top= true
11-04 20:41:19.965  2935  3735 D AppOptManager: startOpt: com.android.server.telecom
11-04 20:41:19.965  2935  3735 D AppOptExecutor: applyOpt: com.android.server.telecom ,displayid=0
11-04 20:41:19.965  2935  5177 D WindowManager: Window{8ab9125 u0 com.motorola.launcher3/com.android.launcher3.CustomizationPanelLauncher} have been the ime target
11-04 20:41:19.965  2935  5177 D WindowManager: Changing focus of displayId=0 to null from Window{8ab9125 u0 com.motorola.launcher3/com.android.launcher3.CustomizationPanelLauncher}
11-04 20:41:19.966  2935  3044 I framework_stats_log: [SERVICE_STATE_CHANGED, 10303, com.motorola.motocare, com.motorola.motocare.MotoCareService, 1]
11-04 20:41:19.966  2935  5177 I wm_set_resumed_activity: [0,com.android.server.telecom/.components.UserCallActivity,minimalResumeActivityLocked,0]
11-04 20:41:19.966  2935  3044 D ActivityManager: Set 12606 com.motorola.motocare adj 0: exec-service (null)
11-04 20:41:19.966  2935  3166 I sysui_multi_action: [757,803,799,window_time_0,802,454]
11-04 20:41:19.966  2935  3044 I framework_stats_log: [SERVICE_REQUEST_EVENT_REPORTED, 10303, 10303, INTENT_TRIGGER, 1, false, 2]
11-04 20:41:19.967  2935  3044 D ActivityManager: Set 12606 com.motorola.motocare adj 800: started-services (null)
11-04 20:41:19.969  2935  3169 D ActivityManager: Set 30876 com.android.server.telecom:ui adj 0: top-activity (null)
11-04 20:41:19.969  2935  3169 I framework_stats_log: [PROCESS_STATE_CHANGED, 1000, com.android.server.telecom:ui, com.android.server.telecom, 1002, 33]
11-04 20:41:19.969  2935  3169 D DisplayModeDirector: updateDefaultDisplayState: mScreenOn=true callers=com.android.server.display.DisplayModeDirector$DisplayObserver.onDisplayChanged:1723 android.hardware.display.DisplayManagerGlobal$DisplayListenerDelegate.handleMessage:1091 android.os.Handler.dispatchMessage:111 
11-04 20:41:19.969  2935  3169 I DisplayModeDirector: updateVoteLocked(displayId=0, priority=PRIORITY_UDFPS, vote=null)
11-04 20:41:19.969  2935  3169 I DisplayModeDirector: No votes left for display 0, removing.
11-04 20:41:19.970  2935  3169 I framework_stats_log: [ACTIVITY_FOREGROUND_STATE_CHANGED, 10301, com.motorola.launcher3, com.android.launcher3.uioverrides.QuickstepLauncher, 0]
11-04 20:41:19.970  2935  3170 I input_focus: [Requesting to set focus to null window,reason=UpdateInputWindows]
11-04 20:41:19.970  2935  3246 D AutomaticBrightnessController[0]: updateAutoBrightness: ignoring brightness update from: 0.42107257 to 0.4246347 brightnessThreshold[0.33685806, 0.46317983] currentBrightnessWithinAllowedRange=true currentBrightnessWithinHBMRange=false isManuallySet=false
11-04 20:41:19.970  2935  3182 I framework_stats_log: [APP_USAGE_EVENT_OCCURRED, 10301, com.motorola.launcher3, , 2]
11-04 20:41:19.972  2935  3169 D DisplayManagerService: Ignore redundant display event 0/2 to 10201/11760
11-04 20:41:19.972  2935  3169 D DisplayManagerService: Ignore redundant display event 0/2 to 10191/25375
11-04 20:41:19.973  2935  3610 I input_focus: [Focus leaving 8ab9125 com.motorola.launcher3/com.android.launcher3.CustomizationPanelLauncher (server),reason=Waiting for window because NOT_FOCUSABLE]
11-04 20:41:19.974  2935  3833 D PowerManagerService: acquireWakeLockInternal: lock=134534653, flags=0x1, tag=\"UserCallActivity\", ws=null, uid=1000, pid=30876, packageName=\"com.android.server.telecom\", displayId=-1
11-04 20:41:19.974  2935  3169 I framework_stats_log: [ACTIVITY_FOREGROUND_STATE_CHANGED, 1000, com.android.server.telecom, .components.UserCallActivity, 1]
11-04 20:41:19.975  2935  3182 I framework_stats_log: [APP_USAGE_EVENT_OCCURRED, 1000, com.android.server.telecom, , 1]
11-04 20:41:19.975  2935  3169 W DisplayModeDirector: Discarding mode 2, outside refresh rate bounds: minRefreshRate=60.0, maxRefreshRate=120.0, modeRefreshRate=165.0
11-04 20:41:19.976  2935  3169 W DisplayModeDirector: Discarding mode 5, outside refresh rate bounds: minRefreshRate=60.0, maxRefreshRate=120.0, modeRefreshRate=48.000004
11-04 20:41:19.976  2935  3735 D AppRRTuner: pre-processed Request: { uid:1000}
11-04 20:41:19.976  2935  3169 W DisplayModeDirector: Found available modes=[{id=1, width=1080, height=2400, fps=60.000004, alternativeRefreshRates=[48.000004, 90.0, 120.00001, 165.0]}, {id=3, width=1080, height=2400, fps=120.00001, alternativeRefreshRates=[48.000004, 60.000004, 90.0, 165.0]}, {id=4, width=1080, height=2400, fps=90.0, alternativeRefreshRates=[48.000004, 60.000004, 120.00001, 165.0]}] with lowest priority considered PRIORITY_DEFAULT_REFRESH_RATE and constraints: width=1080, height=2400, minRefreshRate=60.0, maxRefreshRate=120.0, disableRefreshRateSwitching=false, baseModeRefreshRate=0.0
11-04 20:41:19.976  2935  3735 D PerfTuner: processed Request: { uid:1000 thermalMode:fastc maxeProfile:normal}
11-04 20:41:19.976  2935  3735 D AppRRTuner: processed Request: { uid:1000}
11-04 20:41:19.976  2935  3169 I DisplayModeDirector: App request range: [0 120]
11-04 20:41:19.977  2935  3169 I DisplayDeviceRepository: Display device changed: DisplayDeviceInfo{\"Built-in Screen\": uniqueId=\"local:4630947043778501763\", 1080 x 2400, modeId 3, defaultModeId 1, supportedModes [{id=1, width=1080, height=2400, fps=60.000004, alternativeRefreshRates=[48.000004, 90.0, 120.00001, 165.0]}, {id=2, width=1080, height=2400, fps=165.0, alternativeRefreshRates=[48.000004, 60.000004, 90.0, 120.00001]}, {id=3, width=1080, height=2400, fps=120.00001, alternativeRefreshRates=[48.000004, 60.000004, 90.0, 165.0]}, {id=4, width=1080, height=2400, fps=90.0, alternativeRefreshRates=[48.000004, 60.000004, 120.00001, 165.0]}, {id=5, width=1080, height=2400, fps=48.000004, alternativeRefreshRates=[60.000004, 90.0, 120.00001, 165.0]}], supportedReadyForModes [], colorMode 0, supportedColorModes [0, 7, 9], hdrCapabilities HdrCapabilities{mSupportedHdrTypes=[1, 2, 3, 4], mMaxLuminance=1500.0, mMaxAverageLuminance=750.00006, mMinLuminance=1.0E-4}, allmSupported false, gameContentTypeSupported false, density 400, 397.565 x 395.844 dpi, appVsyncOff 1000000, presDeadline 11333333, cutout DisplayCutout{insets=Rect(0, 112 - 0, 0) waterfall=Insets{left=0, top=0, right=0, bottom=0} boundingRect={Bounds=[Rect(0, 0 - 0, 0), Rect(505, 0 - 575, 112), Rect(0, 0 - 0, 0), Rect(0, 0 - 0, 0)]} cutoutPathParserInfo={CutoutPathParserInfo{displayWidth=1080 displayHeight=2400 physicalDisplayWidth=1080 physicalDisplayHeight=2400 density={2.5} cutoutSpec={M -35,0 L 35,0 L 35,112 L -35,112 Z} rotation={0} scale={1.0} physicalPixelDisplaySizeRatio={1.0}}}}, touch INTERNAL, rotation 0, type INTERNAL, address {port=131, model=0x40446dccee101c}, deviceProductInfo DeviceProductInfo{name=, manufacturerPnpId=QCM, productId=1, modelYear=null, manufactureDate=ManufactureDate{week=27, year=2006}, connectionToSinkType=0}, state ON, frameRateOverride , brightnessMinimum 0.0, brightnessMaximum 1.0, brightnessDefault 0.38188976, roundedCorners RoundedCorners{[RoundedCorner{position=TopLeft, radius=60, center=Point(60, 60)}, RoundedCorner{position=TopRight, radius=60, center=Point(1020, 60)}, RoundedCorner{position=BottomRight, radius=60, center=Point(1020, 2340)}, RoundedCorner{position=BottomLeft, radius=60, center=Point(60, 2340)}]}, FLAG_ALLOWED_TO_BE_DEFAULT_DISPLAY, FLAG_ROTATES_WITH_CONTENT, FLAG_SECURE, FLAG_SUPPORTS_PROTECTED_BUFFERS, installOrientation 0}
11-04 20:41:19.977  4118  4739 D EmergencyNumberTracker: slotId:0 country:us emergencyNumbers: 911,000,112,999,*272911
11-04 20:41:19.978  4118  4739 D EmergencyNumberTracker: Search results - inRilEccList:false inEmergencyNumberTestList: false
11-04 20:41:19.978  4118  4739 D SubscriptionController: [getSubId]- numSubIds == 0, return null slotIndex=1
11-04 20:41:19.978  4118  4739 D SubscriptionController: [getSubId]- numSubIds == 0, return null slotIndex=1
11-04 20:41:19.978  4118  4739 D SubscriptionController: [getSlotIndex]- subId invalid
11-04 20:41:19.978  4118  4739 D EmergencyNumberTracker: slotId:-1 country:us emergencyNumbers: 911,000,112,999,*272911
11-04 20:41:19.978  4118  4739 D EmergencyNumberTracker: Search results - inRilEccList:false inEmergencyNumberTestList: false
11-04 20:41:19.978  2935  2935 I WallpaperManagerService: onDisplayChanged displayId = 0
11-04 20:41:19.978 30876 30876 I TelecomFramework: UserCallIntentProcessor: sendIntentToDestination: trampoline to Telecom.: UCA.oC@AAQ
11-04 20:41:19.979  2935  3044 D Telecom : Logging: START_SESSION
11-04 20:41:19.979  2935  3044 I Telecom : : handleCallIntent: handling call intent: TSI.hCI@OAk
11-04 20:41:19.979  2935  3044 D Telecom : MotoCallIntentProcessor: shouldStartMoliApp: isOwner: true: TSI.hCI@OAk
11-04 20:41:19.979  2935  3044 D Telecom : MotoCallIntentProcessor: shouldStartMoliApp: isFtrPhoneToMoliEnabled: false: TSI.hCI@OAk
11-04 20:41:19.979  2935  2935 D PanelsService: Display #0 changed.
11-04 20:41:20.005  1108  1108 I         : set_backlight from 7149 to 7149, Trend[cur:last=1:1], max[bl:brightness:thermal=16380:16380:16380], for mipi_mot_cmd_csot_1080p_dsc_667
11-04 20:41:19.981  2935  3044 V Telecom : NewOutgoingCallIntentBroadcaster: Checking restrictions for number : +13526739015: TSI.hCI@OAk
11-04 20:41:19.981  2935  3169 D DisplayManagerService: Ignore redundant display event 0/2 to 10201/11760
