10-09 18:25:05.134  1277  1299 D InputDispatcher: Focus entered window (0): 33c21b7 com.sec.android.app.launcher/com.sec.android.app.launcher.activities.LauncherActivity
10-09 18:25:05.135  1277  2061 I input_focus: [Focus entering 33c21b7 com.sec.android.app.launcher/com.sec.android.app.launcher.activities.LauncherActivity (server),reason=setFocusedWindow]
10-09 18:25:05.135  1277  1277 I Telecom:SamsungInCallController: ComponentEnabledSetting - componentName : ComponentInfo{com.android.bluetooth/com.android.bluetooth.telephony.BluetoothInCallService} / userId : 0 / componentEnabledState : 2
10-09 18:25:05.135  1277  1277 I Telecom:SamsungInCallController: ComponentEnabledSetting - componentName : ComponentInfo{com.google.android.as/com.google.android.apps.miphone.aiai.captions.tulip.audiosource.impl.CIS} / userId : 0 / componentEnabledState : 1
10-09 18:25:05.135  1277  1277 I Telecom:SamsungInCallController: ComponentEnabledSetting - componentName : ComponentInfo{com.google.android.gms/com.google.android.gms.dtdi.contextsync.ContextSyncInCallService} / userId : 0 / componentEnabledState : 0
10-09 18:25:05.135 19978 19978 I SAMSUNGWALLET: [Hint_IntroHintService] Hint Status - SHOW, y : 0.0
10-09 18:25:05.135  1277  1277 I Telecom:SamsungInCallController: ComponentEnabledSetting - componentName : ComponentInfo{com.google.android.googlequicksearchbox/com.google.android.libraries.assistant.auto.tng.morris.framework.datasources.impl.phone.MorrisCarModeInCallService} / userId : 0 / componentEnabledState : 0
10-09 18:25:05.135 19978 19978 I SemUiSupportService: getWindowAttributes()
10-09 18:25:05.135  1277  1277 I Telecom:SamsungInCallController: ComponentEnabledSetting - componentName : ComponentInfo{com.google.android.googlequicksearchbox/com.google.android.libraries.assistant.auto.tng.morris.framework.datasources.impl.phone.MorrisNonCarInCallService} / userId : 0 / componentEnabledState : 0
10-09 18:25:05.135  1277  1277 I Telecom:SamsungInCallController: ComponentEnabledSetting - componentName : ComponentInfo{com.google.android.googlequicksearchbox/com.google.android.libraries.search.assistant.incallservice.IncomingCallInCallService} / userId : 0 / componentEnabledState : 1
10-09 18:25:05.136  1277  1277 I Telecom:SamsungInCallController: ComponentEnabledSetting - componentName : ComponentInfo{com.google.android.googlequicksearchbox/com.google.android.libraries.search.assistant.performer.communication.IncomingCallInCallService} / userId : 0 / componentEnabledState : 2
10-09 18:25:05.136  3847  4526 D KnoxHelper: getActivityList callingUserId: 0, target user: 0
10-09 18:25:05.136  1277  1277 I Telecom:SamsungInCallController: ComponentEnabledSetting - componentName : ComponentInfo{com.google.android.projection.gearhead/com.google.android.apps.auto.components.telecom.service.NonCarInCallServiceImpl} / userId : 0 / componentEnabledState : 0
10-09 18:25:05.136  1277  1277 I Telecom:SamsungInCallController: ComponentEnabledSetting - componentName : ComponentInfo{com.google.android.projection.gearhead/com.google.android.apps.auto.components.telecom.service.CarProjectionInCallServiceImpl} / userId : 0 / componentEnabledState : 1
10-09 18:25:05.136  1277  1277 I Telecom:SamsungInCallController: ComponentEnabledSetting - componentName : ComponentInfo{com.google.android.projection.gearhead/com.google.android.apps.auto.components.telecom.service.ComplementaryInCallServiceImpl} / userId : 0 / componentEnabledState : 0
10-09 18:25:05.136  1277  1277 I Telecom:SamsungInCallController: ComponentEnabledSetting - componentName : ComponentInfo{com.google.android.projection.gearhead/com.google.android.apps.auto.components.telecom.service.SharedComplementaryInCallServiceImpl} / userId : 0 / componentEnabledState : 0
10-09 18:25:05.136  1277  1277 I Telecom:SamsungInCallController: ComponentEnabledSetting - componentName : ComponentInfo{com.samsung.android.incallui/com.android.incallui.InCallServiceImpl} / userId : 0 / componentEnabledState : 0
10-09 18:25:05.136  1277  1277 I Telecom : InCallServiceBindingConnection: Attempting to bind to InCall [ComponentInfo{com.google.android.as/com.google.android.apps.miphone.aiai.captions.tulip.audiosource.impl.CIS} supportsExternal? false supportsSelfMg?false supportsAllowedSelfMg?false], 4, with Intent { act=android.telecom.InCallService cmp=com.google.android.as/com.google.android.apps.miphone.aiai.captions.tulip.audiosource.impl.CIS (has extras) }: TSI.hCI->CM.fOCP->CM.sOCPA->CM.dSMCP->CM.dSPA->CM.sRCQ->CM.pASP@8ug
10-09 18:25:05.136 19978 19978 I MSHandlerLifeCycle: check: return. pkg=com.samsung.android.spay isActivity=false callers=com.android.internal.policy.DecorView.setVisibility:4378 com.samsung.android.spay.pay.HintService.c:1940 com.samsung.android.spay.pay.HintService$b.a:2393 com.samsung.android.spay.pay.HintService$b.a:2383 afs.handleMessage:25 
10-09 18:25:05.136 19978 19978 I MSHandlerLifeCycle: removeMultiSplitHandler: no exist. decor=DecorView@9f6cfd7[HintService]
10-09 18:25:05.136  1277  1277 I Telecom : Event: RecordEntry TC@261: BIND_ICS, [ComponentInfo{com.google.android.as/com.google.android.apps.miphone.aiai.captions.tulip.audiosource.impl.CIS} supportsExternal? false supportsSelfMg?false supportsAllowedSelfMg?false], 4: TSI.hCI->CM.fOCP->CM.sOCPA->CM.dSMCP->CM.dSPA->CM.sRCQ->CM.pASP@8ug
10-09 18:25:05.137  3847  4526 D KnoxHelper: getActivityList callingUserId: 0, target user: 0
10-09 18:25:05.138  1277  7309 V WindowManager: Relayout Window{33c21b7 u0 com.sec.android.app.launcher/com.sec.android.app.launcher.activities.LauncherActivity}: viewVisibility=0 req=1080x2408 d0
10-09 18:25:05.138  3847  4526 D KnoxHelper: getActivityList callingUserId: 0, target user: 0
10-09 18:25:05.139  1277  1689 D SGM:FgCheckThread: noteResumeComponent(), received pkgName: com.sec.android.app.launcher, userId: 0
10-09 18:25:05.139  1277  3175 I MediaSessionMonitor: Media session stopped : controllerList empty
10-09 18:25:05.139  3847  4526 D KnoxHelper: getActivityList callingUserId: 0, target user: 0
10-09 18:25:05.139  1277  2077 D SGM:FgCheckThread: onLooperPrepared(), msg: MSG_APP_RESUME, pkgName: com.sec.android.app.launcher, userid: 0
10-09 18:25:05.139  1277  2077 D SGM:FgCheckThread: handleResume().
10-09 18:25:05.139  1277  2077 D SGM:FgCheckThread: sendFocusOutConditionally() - mPrevNotiPkg: (unknown), userId: 0
10-09 18:25:05.139  1277  2077 D SGM:FgCheckThread:   handleResume(). pkgName: com.sec.android.app.launcher, userId: 0, isTunableApp: null
10-09 18:25:05.139  1277  2077 D SGM:FgCheckThread: notifyFocusInOut(). of pkg: com.sec.android.app.launcher, type: 4, isTunableApp: false, userId: 0
10-09 18:25:05.139  1277  2077 D SGM:FgCheckThread:   notifyFocusInOut(). unexpected mPrevNotiType: -1
10-09 18:25:05.139  1277  2077 D SGM:SystemHelper: callReleaseBlock needReleaseBlock:false
10-09 18:25:05.140  3847  4526 D KnoxHelper: getActivityList callingUserId: 0, target user: 0
10-09 18:25:05.140  3847  4526 D KnoxHelper: getActivityList callingUserId: 0, target user: 0
10-09 18:25:05.141  1277  1277 I Telecom : InCallServiceBindingConnection: mCall: [Call id=TC@261, state=CONNECTING, tpac=ComponentInfo{com.android.phone/com.android.services.telephony.TelephonyConnectionService}, 1, UserHandle{0}, cmgr=null, handle=tel:**********, vidst=A, childs(0), has_parent(false), cap=[], prop=[]], voip=falsecaps=[Capabilities:], props=[Properties:], conf(false), had_child(false), mIsConnected: true: TSI.hCI->CM.fOCP->CM.sOCPA->CM.dSMCP->CM.dSPA->CM.sRCQ->CM.pASP@8ug
10-09 18:25:05.141  1277  7309 V WindowManager: Relayout hash=33c21b7, pid=2676, syncId=-1: mAttrs={(0,0)(fillxfill) sim={adjust=nothing forwardNavigation} layoutInDisplayCutoutMode=shortEdges ty=BASE_APPLICATION fmt=TRANSPARENT wanim=0x10302f4
10-09 18:25:05.141  1277  7309 V WindowManager:   fl=81910100
10-09 18:25:05.141  1277  7309 V WindowManager:   pfl=1e020040
10-09 18:25:05.141  1277  7309 V WindowManager:   vsysui=1700
10-09 18:25:05.141  1277  7309 V WindowManager:   bhv=SHOW_TRANSIENT_BARS_BY_SWIPE
10-09 18:25:05.141  1277  7309 V WindowManager:   fitSides= screenDimDuration=200000 naviIconColor=0}
10-09 18:25:05.142  3847  4526 D KnoxHelper: getActivityList callingUserId: 0, target user: 0
10-09 18:25:05.142  2676  2676 I ViewRootImpl@625cee[LauncherActivity]: Relayout returned: old=(0,0,1080,2408) new=(0,0,1080,2408) req=(1080,2408)0 dur=9 res=0x0 s={true 0xb4000070ccc4e800} ch=false seqId=0
10-09 18:25:05.142  2676  2676 W Launcher: onEnterAnimationComplete
10-09 18:25:05.142  1277  1277 I Telecom : InCallServiceBindingConnection: Attempting to bind to InCall [ComponentInfo{com.google.android.googlequicksearchbox/com.google.android.libraries.search.assistant.incallservice.IncomingCallInCallService} supportsExternal? false supportsSelfMg?false supportsAllowedSelfMg?false], 4, with Intent { act=android.telecom.InCallService cmp=com.google.android.googlequicksearchbox/com.google.android.libraries.search.assistant.incallservice.IncomingCallInCallService (has extras) }: TSI.hCI->CM.fOCP->CM.sOCPA->CM.dSMCP->CM.dSPA->CM.sRCQ->CM.pASP@8ug
10-09 18:25:05.143  2676  2676 I PopupDataProvider: onNotificationFullRefresh prev dotInfoSize : 6
10-09 18:25:05.143  1277  1277 I Telecom : Event: RecordEntry TC@261: BIND_ICS, [ComponentInfo{com.google.android.googlequicksearchbox/com.google.android.libraries.search.assistant.incallservice.IncomingCallInCallService} supportsExternal? false supportsSelfMg?false supportsAllowedSelfMg?false], 4: TSI.hCI->CM.fOCP->CM.sOCPA->CM.dSMCP->CM.dSPA->CM.sRCQ->CM.pASP@8ug
10-09 18:25:05.143  2676  2676 I PopupDataProvider: refresh badge  package : com.google.android.cellbroadcastreceiver count : 1
10-09 18:25:05.143  2676  2676 I PopupDataProvider: refresh badge  package : com.sec.android.daemonapp count : 1
10-09 18:25:05.143  2676  2676 I PopupDataProvider: refresh badge  package : com.android.vending count : 1
10-09 18:25:05.143  2676  2676 I PopupDataProvider: refresh badge  package : com.google.android.setupwizard count : 1
10-09 18:25:05.143  2676  2676 I PopupDataProvider: refresh badge  package : com.samsung.android.lool count : 1
10-09 18:25:05.143  2676  2676 I PopupDataProvider: refresh badge  package : com.google.android.permissioncontroller count : 1
10-09 18:25:05.143  2676  2676 I IconView: applyDotState itemInfo : Play Store display : 0 count : 1
10-09 18:25:05.143  2676  2676 I IconView: applyDotState itemInfo : Play Store display : 1 count : 1
10-09 18:25:05.143  2676  2676 I ViewRootImpl@625cee[LauncherActivity]: MSG_WINDOW_FOCUS_CHANGED 1 0
10-09 18:25:05.143  2676  2676 I BaseActivity: addActivityFlags, flags : 8
10-09 18:25:05.144  3847  4526 D KnoxHelper: getActivityList callingUserId: 0, target user: 0
10-09 18:25:05.144  2676  2676 I InputMethodManager: startInputInner - mService.startInputOrWindowGainedFocus
10-09 18:25:05.145   864   864 D Zygote  : Forked child process 11295
10-09 18:25:05.145  3847  4526 D KnoxHelper: getActivityList callingUserId: 0, target user: 0
10-09 18:25:05.146  1277  7721 V InputMethodManagerService: hideCurrentInputLocked : canceled, shouldHideSoftInput=false, mInputShown=false, mImeWindowVis=0
10-09 18:25:05.146  1277  7721 I InputMethodBindingController: setCurrentMethodNotVisible: mVisibleBound=false, mHasConnection=true, caller = com.android.server.inputmethod.InputMethodManagerService.hideCurrentInputLocked:4320 com.android.server.inputmethod.InputMethodManagerService.startInputOrWindowGainedFocusInternalLocked:4747 com.android.server.inputmethod.InputMethodManagerService.startInputOrWindowGainedFocusInternal:4404 com.android.server.inputmethod.InputMethodManagerService.startInputOrWindowGainedFocus:4343 com.android.internal.view.IInputMethodManager$Stub.onTransact:509 com.android.server.inputmethod.InputMethodManagerService.onTransact:2275 android.os.Binder.execTransactInternal:1316 android.os.Binder.execTransact:1280 <bottom of call stack> <bottom of call stack> 
10-09 18:25:05.146  1277  7721 D InputMethodManagerService: mDesktopModeManager null!
10-09 18:25:05.146  1277  7721 V InputMethodManagerService: getDisplayIdOfInputMethodWindowToBeAdded: displayId=0
10-09 18:25:05.146  1277  7721 D InputMethodManagerService: isImeSwitcherDisabledPackage : false
10-09 18:25:05.146  1277  7721 D InputMethodManagerService: shouldShowImeSwitcherLocked : checking vis : 3
10-09 18:25:05.146  3847  4526 D KnoxHelper: getActivityList callingUserId: 0, target user: 0
10-09 18:25:05.147  1277  7721 D InputMethodManagerService: checkDisplayOfStartInputAndUpdateKeyboard: displayId=0, mFocusedDisplayId=0
10-09 18:25:05.147  1277  7721 D InputTransport: Input channel constructed: 'ClientS', fd=795
10-09 18:25:05.147  1277  7721 D InputTransport: Input channel destroyed: 'ClientS', fd=795
10-09 18:25:05.147  4564  4564 I HBD     : HoneyBoardService onFinishInput 
10-09 18:25:05.148  4564  4564 I HBD     : a IC have been unbinding,  RemoteInputConnection{idHash=#bd8c96c}
10-09 18:25:05.148  1277  1277 I Telecom : InCallServiceBindingConnection: mCall: [Call id=TC@261, state=CONNECTING, tpac=ComponentInfo{com.android.phone/com.android.services.telephony.TelephonyConnectionService}, 1, UserHandle{0}, cmgr=null, handle=tel:**********, vidst=A, childs(0), has_parent(false), cap=[], prop=[]], voip=falsecaps=[Capabilities:], props=[Properties:], conf(false), had_child(false), mIsConnected: true: TSI.hCI->CM.fOCP->CM.sOCPA->CM.dSMCP->CM.dSPA->CM.sRCQ->CM.pASP@8ug
10-09 18:25:05.148  1277  1719 I am_proc_start: [0,11295,1001,com.samsung.android.incallui,service,{com.samsung.android.incallui/com.android.incallui.InCallServiceImpl}]
10-09 18:25:05.148  4564  4564 I HBD     : HoneyBoardService [PF_CL][onFinishInput]  0 ms 
10-09 18:25:05.148  1277  1719 I ActivityManager: Start proc 11295:com.samsung.android.incallui/1001 for service {com.samsung.android.incallui/com.android.incallui.InCallServiceImpl}
10-09 18:25:05.148  3847  4526 D KnoxHelper: getActivityList callingUserId: 0, target user: 0
10-09 18:25:05.148  4564  4564 I HBD     : HoneyBoardService [IMI] onStartInput - caller pid : 2676 , caller uid : 10119 
10-09 18:25:05.148  4564  4564 I HBD     : j updateConfigs 
10-09 18:25:05.148  4564  4564 I HBD     : j isEnabledNightMode : false 
10-09 18:25:05.149  4564  4564 I HBD     : a IC have been binding, RemoteInputConnection{idHash=#bd8c96c} 
10-09 18:25:05.149  4564  4564 I HBD     : h [EditorInputType]setPrivateImeOptionsToTable privateImeOptions ( null )
10-09 18:25:05.149  4564  4564 I HBD     : b incognitoMode : false 
10-09 18:25:05.149  4564  4564 I HBD     : a needOff = true , isForceOff = false, isNullInputClass : true 
10-09 18:25:05.149  1277  1277 I Telecom : CallDiagnosticServiceController: bindCallDiagnosticService: no package; skip binding.: TSI.hCI->CM.fOCP->CM.sOCPA->CM.dSMCP->CM.dSPA->CM.sRCQ->CM.pASP@8ug
10-09 18:25:05.149  4564  4564 I HBD     : h getDefaultInputRange : UNKNOWN 
10-09 18:25:05.149  4564  4564 I HBD     : h getDefaultInputRange : UNKNOWN 
10-09 18:25:05.149  4564  4564 I HBD     : h getDefaultInputRange : UNKNOWN 
10-09 18:25:05.149  1277  2916 I Telecom : CallAudioRouteStateMachine: Message received: MUTE_OFF=3002, arg1=0: TSI.hCI->CM.fOCP->CM.sOCPA->CM.dSMCP->CM.dSPA->CM.sRCQ->CM.pASP->CARSM.pM_MUTE_OFF@8ug
10-09 18:25:05.150  1277  1277 I AudioManager: getParameters keys = g_volume_situation_key;type=13
10-09 18:25:05.150  2676  2676 I wm_on_idle_called: {com.sec.android.app.launcher/com.sec.android.app.launcher.activities.LauncherActivity}
10-09 18:25:05.150  1277  2916 I Telecom : QuiescentEarpieceRoute: Processing message MUTE_OFF: TSI.hCI->CM.fOCP->CM.sOCPA->CM.dSMCP->CM.dSPA->CM.sRCQ->CM.pASP->CARSM.pM_MUTE_OFF@8ug
10-09 18:25:05.150  4564  4564 I HBD     : a needOff = true , isForceOff = false, isNullInputClass : true 
10-09 18:25:05.150  4564  4564 I HBD     : a update cached prediction status : false 
10-09 18:25:05.150  1277  2916 I Telecom : Event: RecordEntry TC@261: UNMUTE, null: TSI.hCI->CM.fOCP->CM.sOCPA->CM.dSMCP->CM.dSPA->CM.sRCQ->CM.pASP->CARSM.pM_MUTE_OFF@8ug
10-09 18:25:05.150  4564  4564 I HBD     : h getDefaultInputRange : UNKNOWN 
10-09 18:25:05.150  4564  4564 I HBD     : a currentState : 0 
10-09 18:25:05.150  1277  2916 D BluetoothAdapter: getActiveDevices(profile= HEARING_AID)
10-09 18:25:05.151  3847  4526 D KnoxHelper: getActivityList callingUserId: 0, target user: 0
10-09 18:25:05.152  1277  7309 I wm_idle_activity: [0,58742783,com.sec.android.app.launcher/.activities.LauncherActivity]
10-09 18:25:05.152  1122 20560 V APM_AudioPolicyManager: getAudioPolicyConfig: g_volume_situation_key;type=13
10-09 18:25:05.153  3847  4526 D KnoxHelper: getActivityList callingUserId: 0, target user: 0
10-09 18:25:05.153 23994 23994 I A       : onBind() to the IncomingCallInCallService.
10-09 18:25:05.154  1122 20560 W SecAudioParamPolicy: g_volume_situation_key: did not support legacy situation volumes
10-09 18:25:05.154  1277  1277 D AudioSystem: getParameters() ERROR : can't get situationVolume
10-09 18:25:05.154  1277  1684 I sysui_multi_action: [757,803,799,window_time_0,802,0]
10-09 18:25:05.154  1277  1277 I Telecom:SamsungBluetoothManager: setIsExistForegroundCall = true
10-09 18:25:05.154  1277  1277 I Telecom:CallAudioManager: onCallEnteringActiveDialingOrConnecting : size = 1 isAnswered: false
10-09 18:25:05.155  1277  1277 I Telecom : IncomingCallNotifier: updateIncomingCall: foundIncomingcall = null: TSI.hCI->CM.fOCP->CM.sOCPA->CM.dSMCP->CM.dSPA->CM.sRCQ->CM.pASP@8ug
10-09 18:25:05.155  1277  7309 I power_partial_wake_state: [46,*launch*:android(disabled)]
10-09 18:25:05.155  1277  1277 I Telecom:SamsungATCommandManager: onCallAdded() command = null
10-09 18:25:05.155  1277  1277 I Telecom:SamsungSpeakerManagerForSessionModify: onCallAdded 
10-09 18:25:05.155  1277  1277 I Telecom:SamsungSpeakerManagerForSessionModify: isSktTPhoneMode : false
10-09 18:25:05.155  1277  1277 I Telecom:SamsungAutoAnswerCallsManagerListener: onCallAdded : [Call id=TC@261, state=CONNECTING, tpac=ComponentInfo{com.android.phone/com.android.services.telephony.TelephonyConnectionService}, 1, UserHandle{0}, cmgr=null, handle=tel:**********, vidst=A, childs(0), has_parent(false), cap=[], prop=[]], voip=falsecaps=[Capabilities:], props=[Properties:], conf(false), had_child(false)
10-09 18:25:05.155  1277  1277 I Telecom:SamsungFolderAngleRegistrar: registerListenerToSensorManager failed :NOT_SUPPORTED
10-09 18:25:05.155  1277  1277 I Telecom:SamsungRestrictionPolicyHelper: canShowCallerIdIncomingCall, call is not incoming
10-09 18:25:05.155  1277  1277 D Telecom:SamsungRingingTimeCallAddedTimeMarker:  callAddedElapsedTime : 1566155308
10-09 18:25:05.155  4564  4564 I HBD     : h load selected json path : /data/data/com.samsung.android.honeyboard/files/selected.json 
10-09 18:25:05.155  4564  4564 I HBD     : h load selected json info : {\"version\":\"4.1\",\"currentLanguageOrder\":0,\"selected\":[{\"activeOptionList\":[\"auto_replace\",\"auto_spacing\",\"writing_assistant\"],\"engName\":\"English\",\"id\":65537,\"inputType\":\"qwerty\",\"isUsed\":true}]} 
10-09 18:25:05.155  1277  7309 I wm_destroy_activity: [0,245192638,16484,com.android.server.telecom/.components.UserCallActivity,finish-idle]
10-09 18:25:05.156  1122 20560 V APM_AudioPolicyManager: selectOutput new bestOutput 13 criteria 0 100 0 0 0 0 0 2 
10-09 18:25:05.156  1122 20560 V APM_AudioPolicyManager: getOutput() stream 8 selected devices {AUDIO_DEVICE_OUT_SPEAKER, @:}, output 13
10-09 18:25:05.156  1277  2926 I Telecom : CallAudioModeStateMachine: Message received: NEW_ACTIVE_OR_DIALING_CALL.: TSI.hCI->CM.fOCP->CM.sOCPA->CM.dSMCP->CM.dSPA->CM.sRCQ->CM.pASP->CAMSM.pM_2001@8ug
10-09 18:25:05.156  4564  4564 I HBD     : a [UpdatePolicy] [post] a: 0 cl: 65537 kit: [0/0] vt: 0 ir: 1 
10-09 18:25:05.156  1277  7721 V WindowManager: Relayout Window{cbdf294 u0 com.samsung.android.spay.pay.HintService}: viewVisibility=0 req=522x67 d0
10-09 18:25:05.156  4564  4564 I HBD     : a [NRIC] resetNoResponseState 
10-09 18:25:05.156  1277  2926 I Telecom:SamsungCallAudioModeStateMachine: setRefreshAudioModemForSpecialModem md=
10-09 18:25:05.156  4564  4564 I HBD     : a needOff = true , isForceOff = false, isNullInputClass : true 
10-09 18:25:05.156  4564  4564 I HBD     : a update cached prediction status : false 
10-09 18:25:05.156  1277  2926 I AudioManager: setParameters keyValuePairs = RefreshModem=
10-09 18:25:05.156  1277  7721 D RestrictionPolicy: isScreenCaptureEnabled : ret=true userId=0
10-09 18:25:05.156  1139  1821 I SurfaceFlinger: id=236109 createSurf, flag=40004, com.samsung.android.spay.pay.HintService$_19978#236109
10-09 18:25:05.157 11268 11268 I Telecom:SamsungImsManagerInjector: disconnectService, SemImsManager - phoneId 0
10-09 18:25:05.157  4564  4564 I HBD     : HoneyBoardService [PF_OP][onStartInput]  9 ms 
10-09 18:25:05.157 11268 11268 I Telecom:SamsungImsManagerInjector: onDisconnected SemImsManager, phoneId : 0
10-09 18:25:05.157 11268 11268 I Telecom:SamsungImsManagerInjector: disconnectService, SecImsManager - phoneId 0
10-09 18:25:05.158  1277  7721 D WindowManager: makeSurface duration=2 name=com.samsung.android.spay.pay.HintService$_19978
10-09 18:25:05.158  1277  1277 D CmcSettingManager: init : CmcSettingManager version : 1.4.1
10-09 18:25:05.158  1277  1277 D CmcSettingManager: context : com.android.server.telecom.components.TelecomService@ce191b8
10-09 18:25:05.158  1277  1277 D CmcSettingManager: cur version : 5.0.00.27
10-09 18:25:05.158  1277  1277 D CmcSettingManager: getOwnDeviceType
10-09 18:25:05.158  1277  1277 D CmcSettingManager: own device type - db : pd
10-09 18:25:05.158  1277  1277 D CmcSettingManager: deInit
10-09 18:25:05.158  1277  1277 D CmcSettingManager: unregisterListener : all
10-09 18:25:05.158  1277  1277 D CmcSettingManager: context : com.android.server.telecom.components.TelecomService@ce191b8
10-09 18:25:05.158  1277  1277 I Telecom:SamsungNewOutgoingCallIntentBroadcaster: isOutgoingGroupCall : false
10-09 18:25:05.158  1277  1277 I Telecom:SamsungNewOutgoingCallIntentBroadcaster: processCall, need to update handle
10-09 18:25:05.158  1277  1277 I Telecom : CallRedirectionProcessorHelper: formatNumberToE164, original number: ***: TSI.hCI->CIP.sNOCI@8ug
10-09 18:25:05.159 11268 11268 I Telecom:SamsungImsManagerInjector: onDisconnected SecImsManager, phoneId : 0
10-09 18:25:05.160 11268 11268 I wm_on_destroy_called: [245192638,com.android.server.telecom.components.UserCallActivity,performDestroy]
10-09 18:25:05.160  3847  4526 D KnoxHelper: getActivityList callingUserId: 0, target user: 0
10-09 18:25:05.160  1277  7721 V WindowManager: Relayout hash=cbdf294, pid=19978, syncId=-1: mAttrs={(0,0)(522x67) gr=BOTTOM CENTER sim={adjust=pan} layoutInDisplayCutoutMode=shortEdges ty=NAVIGATION_BAR_PANEL fmt=TRANSLUCENT
10-09 18:25:05.160  1277  7721 V WindowManager:   fl=1800308
10-09 18:25:05.160  1277  7721 V WindowManager:   pfl=12000000
10-09 18:25:05.160  1277  7721 V WindowManager:   bhv=DEFAULT
10-09 18:25:05.160  1277  7721 V WindowManager:   fitTypes=NAVIGATION_BARS
10-09 18:25:05.160  1277  7721 V WindowManager:   fitSides=LEFT RIGHT naviIconColor=0}
10-09 18:25:05.160  1277  2787 I wm_task_removed: [16484,removeChild:removeChild last r=ActivityRecord{e9d57be u0 com.android.server.telecom/.components.UserCallActivity} t-1 f}} in t=Task{f1a5b46 #16484 type=standard A=1000:com.android.server.telecom U=0 visible=false visibleRequested=false mode=fullscreen translucent=true sz=0},1]
10-09 18:25:05.161  1277  2787 I wm_task_removed: [16484,removeChild,1]
10-09 18:25:05.161  1277  1277 I Telecom : CallRedirectionProcessorHelper: formatNumberToE164, formatted E164 number: null: TSI.hCI->CIP.sNOCI@8ug
10-09 18:25:05.161  1277  1277 I Telecom : CallRedirectionProcessorHelper: removePostDialDigits, number after being extracted post dial digits: ***: TSI.hCI->CIP.sNOCI@8ug
10-09 18:25:05.161  1277  1277 I Telecom : CallRedirectionProcessorHelper: PackageName is empty. Not performing user-defined call redirection.: TSI.hCI->CIP.sNOCI@8ug
10-09 18:25:05.163  3182  3359 E BluetoothAdapterService: getActiveDevices: HearingAidService is null
10-09 18:25:05.163 19978 19978 I ViewRootImpl@b259530[HintService]: Relayout returned: old=(279,2341,801,2408) new=(279,2341,801,2408) req=(522,67)0 dur=13 res=0x3 s={true 0xb40000713b6ac800} ch=true seqId=0
10-09 18:25:05.164   959  1785 D audio_hw_primary: adev_set_parameters: enter: RefreshModem=
10-09 18:25:05.164  1277  1277 I Telecom : CallRedirectionProcessorHelper: Cannot get carrier componentNameString.: TSI.hCI->CIP.sNOCI@8ug
10-09 18:25:05.164  1277  1277 I Telecom : CallRedirectionProcessor: Can make call redirection with any available service: false: TSI.hCI->CIP.sNOCI@8ug
10-09 18:25:05.164  1277  1277 I Telecom : NewOutgoingCallIntentBroadcaster: Sending NewOutgoingCallBroadcast for [Call id=TC@261, state=CONNECTING, tpac=ComponentInfo{com.android.phone/com.android.services.telephony.TelephonyConnectionService}, 1, UserHandle{0}, cmgr=null, handle=tel:**********, vidst=A, childs(0), has_parent(false), cap=[], prop=[]], voip=falsecaps=[Capabilities:], props=[Properties:], conf(false), had_child(false) to UserHandle{0}: TSI.hCI->CIP.sNOCI@8ug
10-09 18:25:05.165  1277  1277 I Telecom : Event: RecordEntry TC@261: SEND_NEW_OUTGOING_CALL, number=35******02, true, UserHandle{0}: TSI.hCI->CIP.sNOCI@8ug
10-09 18:25:05.165  1277  1277 W Telecom : Logging: Log.endSession was called with no session active.
10-09 18:25:05.165  2676  2676 I RecentsView: onTaskRemoved() taskId : 16484
10-09 18:25:05.165  2676  2676 I TopTaskTracker: onTaskRemoved : taskId = 16484
10-09 18:25:05.166  2676  2676 I RecentsView: onTaskRemoved() taskId : 16484
10-09 18:25:05.166  1139  1139 I Layer   : id=236108 removedFromDrawingState ActivityRecord{e9d57be u0 com.android.server.telecom/.components.UserCallActivity}#236108 (112)
10-09 18:25:05.166  2676  2676 I TopTaskTracker: onTaskRemoved : taskId = 16484
10-09 18:25:05.166  1139  1139 I Layer   : id=236107 removedFromDrawingState Task=16484#236107 (112)
10-09 18:25:05.166  1139  1139 I SurfaceFlinger: id=236108 Removed ActivityRecord{e9d57be u0 com.android.server.telecom/.components.UserCallActivity}#236108 (112)
10-09 18:25:05.166  1139  1139 I SurfaceFlinger: id=236107 Removed Task=16484#236107 (112)
10-09 18:25:05.166  1277  1277 I Pageboost: package null
10-09 18:25:05.166  1139  1139 I Layer   : id=236107 Destroyed Task=16484#236107
10-09 18:25:05.166  1139  1139 I Layer   : id=236108 Destroyed ActivityRecord{e9d57be u0 com.android.server.telecom/.components.UserCallActivity}#236108
10-09 18:25:05.166  1277  1277 I CocktailBarManagerServiceContainer: handleMessage: entry what = 6
10-09 18:25:05.166  1277  1277 I CocktailBarManagerServiceImpl: notePauseComponent : no active host
10-09 18:25:05.166 19978 21144 I SAMSUNGWALLET: [Hint_ProcessStatusChange] fg Change, pid : 11268 , isNotify : true , isForeground : false , fg list : [2676]
10-09 18:25:05.166  3146  3146 E pageboostd: Received HALT command code 2
10-09 18:25:05.167  1277  1277 I CocktailBarManagerServiceContainer: handleMessage: entry what = 5
10-09 18:25:05.167  1277  1277 I CocktailBarManagerServiceImpl: noteResumeComponent : no active host
10-09 18:25:05.171  1277  1277 D MediaSessionService: Global priority session is updated, active=true
10-09 18:25:05.171  1122 28814 V APM_AudioPolicyManager: getOutputForAttrInt() attributes={ Content type: AUDIO_CONTENT_TYPE_UNKNOWN Usage: AUDIO_USAGE_VOICE_COMMUNICATION_SIGNALLING Source: AUDIO_SOURCE_DEFAULT Flags: 0x0 Tags:  } stream=AUDIO_STREAM_DTMF session 45977 selectedDeviceId 0
10-09 18:25:05.171  1277  2916 I Telecom : CallAudioRouteStateMachine: setSystemAudioState: changing from [AudioState isMuted: false, route: EARPIECE, supportedRouteMask: EARPIECE, SPEAKER, activeBluetoothDevice: [null], supportedBluetoothDevices: []] to [AudioState isMuted: false, route: EARPIECE, supportedRouteMask: EARPIECE, SPEAKER, activeBluetoothDevice: [null], supportedBluetoothDevices: []]: TSI.hCI->CM.fOCP->CM.sOCPA->CM.dSMCP->CM.dSPA->CM.sRCQ->CM.pASP->CARSM.pM_MUTE_OFF@8ug
10-09 18:25:05.171  1277  2916 I Telecom : BluetoothRouteManager: getBluetoothAudioConnectedDevice: no service available.: TSI.hCI->CM.fOCP->CM.sOCPA->CM.dSMCP->CM.dSPA->CM.sRCQ->CM.pASP->CARSM.pM_MUTE_OFF@8ug
10-09 18:25:05.171  1277  2916 D BluetoothAdapter: getActiveDevices(profile= HEARING_AID)
10-09 18:25:05.172  1122 28814 V APM_AudioPolicyManager: getOutputForAttrInt() device {AUDIO_DEVICE_OUT_SPEAKER, @:}, sampling rate 0, format 0x1, channel mask 0x1, flags 0x100004 stream AUDIO_STREAM_DTMF
10-09 18:25:05.172  1122 28814 V APM_AudioPolicyManager: selectOutput new bestOutput 13 criteria 0 100 0 0 0 0 4 2 
10-09 18:25:05.172  1122 28814 V APM_AudioPolicyManager: selectOutput new bestOutput 29 criteria 0 100 0 0 0 1 4 0 
10-09 18:25:05.172  1122 28814 V APM_AudioPolicyManager: getOutputForAttrInt returns output 29 selectedDeviceId 3
10-09 18:25:05.172  1122 28814 V APM_AudioPolicyManager: getOutputForAttr() returns output 29 requestedPortId 0 selectedDeviceId 3 for port ID 5049
10-09 18:25:05.172 19978 20000 I SAMSUNGWALLET: [Hint_afp] isHomePackageRunning topPkgName = com.sec.android.app.launcher, topClsName = com.android.launcher3.uioverrides.QuickstepLauncher, return true , se : true
10-09 18:25:05.173  3847  4526 D KnoxHelper: getActivityList callingUserId: 0, target user: 0
10-09 18:25:05.174  1277  1277 I Telecom:Telecom_Timing: onServiceConnected from IncallService for GANG-ext
10-09 18:25:05.174  1277  1277 I Telecom : Event: RecordEntry TC@261: ICS_SERVICE_CONNECTED, com.google.android.googlequicksearchbox/com.google.android.libraries.search.assistant.incallservice.IncomingCallInCallService, android.os.BinderProxy@474b88a, false, true, false, 4: ICSBC.oSC(cgag)@8uk
10-09 18:25:05.174  1277  1277 I Telecom : InCallController: onConnected to ComponentInfo{com.google.android.googlequicksearchbox/com.google.android.libraries.search.assistant.incallservice.IncomingCallInCallService}: ICSBC.oSC(cgag)@8uk
10-09 18:25:05.174  2263  3460 D RefOnMediaKeyEventSessionChangedListenerProxy: invoke() onMediaKeyEventSessionChanged
10-09 18:25:05.174  1277  1277 I Telecom : InCallController: Adding 1 calls to InCallService after onConnected: ComponentInfo{com.google.android.googlequicksearchbox/com.google.android.libraries.search.assistant.incallservice.IncomingCallInCallService}, including external calls: ICSBC.oSC(cgag)@8uk
10-09 18:25:05.174  2263  3460 D FaceWidgetMusicViewModel: onMediaKeyEventSessionChanged() packageName = com.android.server.telecom, sessionToken = android.media.session.MediaSession$Token@80f82fa
10-09 18:25:05.175  1277  1277 I Telecom:Telecom_Timing: addCall to IncallService for GANG-ext
10-09 18:25:05.175  2263  4391 D RefOnMediaKeyEventSessionChangedListenerProxy: invoke() onMediaKeyEventSessionChanged
10-09 18:25:05.175  2263  4391 D FaceWidgetMusicViewModel: onMediaKeyEventSessionChanged() packageName = com.android.server.telecom, sessionToken = android.media.session.MediaSession$Token@80f82fa
10-09 18:25:05.175  1277  1277 W Telecom : Call: maybeOnInCallServiceTrackingChanged() request on a call without a connection service.: ICSBC.oSC(cgag)@8uk
10-09 18:25:05.175  3847  4526 D KnoxHelper: getActivityList callingUserId: 0, target user: 0
10-09 18:25:05.175   959  1785 V audio_hw_sec: sec_set_parameters: enter: RefreshModem=
10-09 18:25:05.175  1277  1277 I Telecom : Event: RecordEntry TC@261: ICS_ADD_CALL, onConnected - [ComponentInfo{com.google.android.googlequicksearchbox/com.google.android.libraries.search.assistant.incallservice.IncomingCallInCallService} supportsExternal? false supportsSelfMg?false supportsAllowedSelfMg?false], 4: ICSBC.oSC(cgag)@8uk
10-09 18:25:05.176  1277  1277 I Telecom : InCallController: 1 calls sent to InCallService.: ICSBC.oSC(cgag)@8uk
10-09 18:25:05.176  1277  2787 D WindowManager: finishDrawingWindow: Window{cbdf294 u0 com.samsung.android.spay.pay.HintService} mDrawState=DRAW_PENDING seqId=0
10-09 18:25:05.176  3182  3359 E BluetoothAdapterService: getActiveDevices: HearingAidService is null
10-09 18:25:05.176 19978 19978 I SAMSUNGWALLET: [Hint_IntroHintService] Hint Status - already visible, skip show
10-09 18:25:05.177  1277  1690 V WindowManager: performShowLocked: mDrawState=HAS_DRAWN in Window{cbdf294 u0 com.samsung.android.spay.pay.HintService}
10-09 18:25:05.177  3847  4526 D KnoxHelper: getActivityList callingUserId: 0, target user: 0
10-09 18:25:05.177  1277  2916 I Telecom : CallAudioRouteStateMachine: Message received: UPDATE_SYSTEM_AUDIO_ROUTE=1201, arg1=0: TSI.hCI->CM.fOCP->CM.sOCPA->CM.dSMCP->CM.dSPA->CM.sRCQ->CM.pASP->CARSM.pM_UPDATE_SYSTEM_AUDIO_ROUTE@8ug
10-09 18:25:05.178  1277  2916 I Telecom : QuiescentEarpieceRoute: Processing message UPDATE_SYSTEM_AUDIO_ROUTE: TSI.hCI->CM.fOCP->CM.sOCPA->CM.dSMCP->CM.dSPA->CM.sRCQ->CM.pASP->CARSM.pM_UPDATE_SYSTEM_AUDIO_ROUTE@8ug
10-09 18:25:05.178  1277  2916 I Telecom : BluetoothRouteManager: getBluetoothAudioConnectedDevice: no service available.: TSI.hCI->CM.fOCP->CM.sOCPA->CM.dSMCP->CM.dSPA->CM.sRCQ->CM.pASP->CARSM.pM_UPDATE_SYSTEM_AUDIO_ROUTE@8ug
10-09 18:25:05.178 23994 24043 D Telecom-InCallService: InCallServiceBinder - addCall: id(TC@261), state(CONNECTING), [Capabilities:]
10-09 18:25:05.178  1277  2916 D BluetoothAdapter: getActiveDevices(profile= HEARING_AID)
10-09 18:25:05.178 23994 23994 D Telecom-InCallService: handleMessage: SET_IN_CALL_ADAPTER
10-09 18:25:05.178 23994 23994 D Telecom-InCallService: handleMessage: ADD_CALL
10-09 18:25:05.178 23994 23994 D Telecom-Call: internalUpdate - stateChanged: false, detailsChanged: true, videoCallChanged: false, isRttChanged: false, rttModeChanged: false, cannedTextResChanged: false, parentChanged: false, childrenChanged: false, activeChildChanged: false
10-09 18:25:05.179  3847  4526 D KnoxHelper: getActivityList callingUserId: 0, target user: 0
10-09 18:25:05.180  3182  3359 E BluetoothAdapterService: getActiveDevices: HearingAidService is null
10-09 18:25:05.180  1277  1277 I Telecom:Telecom_Timing: onServiceConnected from IncallService for GANG-ext
10-09 18:25:05.180  1277  1277 I Telecom : Event: RecordEntry TC@261: ICS_SERVICE_CONNECTED, com.google.android.as/com.google.android.apps.miphone.aiai.captions.tulip.audiosource.impl.CIS, android.os.BinderProxy@8edd356, false, true, false, 4: ICSBC.oSC(cgaa)@8uo
10-09 18:25:05.180  1277  1277 I Telecom : InCallController: onConnected to ComponentInfo{com.google.android.as/com.google.android.apps.miphone.aiai.captions.tulip.audiosource.impl.CIS}: ICSBC.oSC(cgaa)@8uo
10-09 18:25:05.180 23994 23994 D Telecom-InCallService: handleMessage: ON_CALL_AUDIO_STATE_CHANGED
10-09 18:25:05.180 23994 23994 D Telecom-InCallService: handleMessage: ON_CAN_ADD_CALL_CHANGED
10-09 18:25:05.180  1277  1277 I Telecom : InCallController: Adding 1 calls to InCallService after onConnected: ComponentInfo{com.google.android.as/com.google.android.apps.miphone.aiai.captions.tulip.audiosource.impl.CIS}, including external calls: ICSBC.oSC(cgaa)@8uo
10-09 18:25:05.180  1277  1277 I Telecom:Telecom_Timing: addCall to IncallService for GANG-ext
10-09 18:25:05.180  1277  1277 W Telecom : Call: maybeOnInCallServiceTrackingChanged() request on a call without a connection service.: ICSBC.oSC(cgaa)@8uo
10-09 18:25:05.181  1277  1277 I Telecom : Event: RecordEntry TC@261: ICS_ADD_CALL, onConnected - [ComponentInfo{com.google.android.as/com.google.android.apps.miphone.aiai.captions.tulip.audiosource.impl.CIS} supportsExternal? false supportsSelfMg?false supportsAllowedSelfMg?false], 4: ICSBC.oSC(cgaa)@8uo
10-09 18:25:05.181  1277  1277 I Telecom : InCallController: 1 calls sent to InCallService.: ICSBC.oSC(cgaa)@8uo
10-09 18:25:05.181  3847  4526 D KnoxHelper: getActivityList callingUserId: 0, target user: 0
10-09 18:25:05.181  1277  2916 I Telecom : CallAudioRouteStateMachine: updateLastKnownCallAudioStateWithCurrent [AudioState isMuted: false, route: EARPIECE, supportedRouteMask: EARPIECE, SPEAKER, activeBluetoothDevice: [null], supportedBluetoothDevices: []] -> [AudioState isMuted: false, route: EARPIECE, supportedRouteMask: EARPIECE, SPEAKER, activeBluetoothDevice: [null], supportedBluetoothDevices: []]: TSI.hCI->CM.fOCP->CM.sOCPA->CM.dSMCP->CM.dSPA->CM.sRCQ->CM.pASP->CARSM.pM_UPDATE_SYSTEM_AUDIO_ROUTE@8ug
10-09 18:25:05.184  3847  3847 D Telecom-InCallService: handleMessage: SET_IN_CALL_ADAPTER
10-09 18:25:05.185  3847 15839 D Telecom-InCallService: InCallServiceBinder - addCall: id(TC@261), state(CONNECTING), [Capabilities:]
10-09 18:25:05.185  3847  3847 D Telecom-InCallService: handleMessage: ADD_CALL
10-09 18:25:05.185  3847  3847 D Telecom-Call: internalUpdate - stateChanged: false, detailsChanged: true, videoCallChanged: false, isRttChanged: false, rttModeChanged: false, cannedTextResChanged: false, parentChanged: false, childrenChanged: false, activeChildChanged: false
10-09 18:25:05.185  1277  2916 I Telecom : CallAudioRouteStateMachine: setSystemAudioState: changing from [AudioState isMuted: false, route: EARPIECE, supportedRouteMask: EARPIECE, SPEAKER, activeBluetoothDevice: [null], supportedBluetoothDevices: []] to [AudioState isMuted: false, route: EARPIECE, supportedRouteMask: EARPIECE, SPEAKER, activeBluetoothDevice: [null], supportedBluetoothDevices: []]: TSI.hCI->CM.fOCP->CM.sOCPA->CM.dSMCP->CM.dSPA->CM.sRCQ->CM.pASP->CARSM.pM_UPDATE_SYSTEM_AUDIO_ROUTE@8ug
10-09 18:25:05.185  3847  3847 D Telecom-InCallService: handleMessage: ON_CALL_AUDIO_STATE_CHANGED
10-09 18:25:05.185  3847  3847 D Telecom-InCallService: handleMessage: ON_CAN_ADD_CALL_CHANGED
10-09 18:25:05.186  1277  2916 I Telecom : InCallController: Calling onAudioStateChanged, audioState: [AudioState isMuted: false, route: EARPIECE, supportedRouteMask: EARPIECE, SPEAKER, activeBluetoothDevice: [null], supportedBluetoothDevices: []] -> [AudioState isMuted: false, route: EARPIECE, supportedRouteMask: EARPIECE, SPEAKER, activeBluetoothDevice: [null], supportedBluetoothDevices: []]: TSI.hCI->CM.fOCP->CM.sOCPA->CM.dSMCP->CM.dSPA->CM.sRCQ->CM.pASP->CARSM.pM_UPDATE_SYSTEM_AUDIO_ROUTE@8ug
10-09 18:25:05.186  1277  2459 V MdnieScenarioControlService: mAclOffEnabled : false mAclPreviewState : false mAclCompensationState : false
10-09 18:25:05.186  3847  4526 D KnoxHelper: getActivityList callingUserId: 0, target user: 0
10-09 18:25:05.187  1277  3175 D MediaSessionRecord: registering controller callback android.media.session.MediaController$CallbackStub@e2b5fd7 from controllerandroid
10-09 18:25:05.187 23994 23994 D Telecom-InCallService: handleMessage: ON_CALL_AUDIO_STATE_CHANGED
10-09 18:25:05.187  3847  3847 D Telecom-InCallService: handleMessage: ON_CALL_AUDIO_STATE_CHANGED
10-09 18:25:05.187  1122 28814 I AudioFlinger: nonSecFlag 4, secFlag 100000, outputFlags 4
10-09 18:25:05.187  1122 28814 D AudioFlinger: Client defaulted notificationFrames to 192 for frameCount 960
10-09 18:25:05.188  1139  1139 D SurfaceFlinger: Display 4630946312756012673 HWC layers:
10-09 18:25:05.188  1139  1139 D SurfaceFlinger:      DEVICE | 0xb40000756f620420 | 0100 | RGBx_8888    |  662.0    0.0 1738.0 2400.0 |    0    0 1080 2408 | Wallpaper BBQ wrapper#92
10-09 18:25:05.188  1139  1139 D SurfaceFlinger:      DEVICE | 0xb40000756f625740 | 0100 | RGBA_8888    |    0.0    0.0 1080.0 2408.0 |    0    0 1080 2408 | com.sec.android.app.launcher/com.sec[...]vities.LauncherActivity$_2676#236097
10-09 18:25:05.188  1139  1139 D SurfaceFlinger:      CLIENT | 0xb40000756f622e90 | 0100 | RGBA_8888    |    0.0    0.0 1080.0   70.0 |    0    0 1080   70 | StatusBar$_2263#85
10-09 18:25:05.188  1139  1139 D SurfaceFlinger:      CLIENT | 0xb400007580221700 | 0100 | RGBA_8888    |    0.0    0.0 1080.0  135.0 |    0 2273 1080 2408 | NavigationBar0$_2263#77
10-09 18:25:05.188  1139  1139 D SurfaceFlinger:      CLIENT | 0xb400007580222340 | 0100 | RGBA_8888    |    0.0    0.0  522.0   67.0 |  279 2341  801 2408 | com.samsung.android.spay.pay.HintService$_19978#236109
10-09 18:25:05.188  1139  1139 D SurfaceFlinger: 
10-09 18:25:05.188  1277  2926 I Telecom:SamsungCallAudioModeStateMachine: getTargetAudioMode : mode = 2 mSamsungMessageArg: SamsungMessageArgs{foregroundCallPhoneId =0, foregroundCallIsCs =false, foregroundCallIsVideo =false, mUseIWLAN =false, foregroundCallIsCmcSdCall =false, foregroundCallIsVoip =false, foregroundCallIsInContact =false, foregroundCallIsVoiceMailNumber =false}
10-09 18:25:05.188  1277  2926 I Telecom : CallAudioModeStateMachine: destinationStateByAudioMode mode=2: TSI.hCI->CM.fOCP->CM.sOCPA->CM.dSMCP->CM.dSPA->CM.sRCQ->CM.pASP->CAMSM.pM_2001@8ug
10-09 18:25:05.188  1277  2926 I Telecom : CallAudioModeStateMachine: Audio focus entering SIM CALL state: TSI.hCI->CM.fOCP->CM.sOCPA->CM.dSMCP->CM.dSPA->CM.sRCQ->CM.pASP->CAMSM.pM_2001@8ug
10-09 18:25:05.190  3847  4526 D KnoxHelper: getActivityList callingUserId: 0, target user: 0
10-09 18:25:05.191  1122 20560 V APM_AudioPolicyManager: setAudioPolicyConfig: audioParam;l_smart_view_split_sound_enable=false
10-09 18:25:05.192  1277  2926 I MediaFocusControl: requestAudioFocus() from uid/pid 1000/1277 AA=USAGE_VOICE_COMMUNICATION/CONTENT_TYPE_SPEECH clientId=AudioFocus_For_Phone_Ring_And_Calls callingPack=com.android.server.telecom req=2 flags=0x4 sdk=0
10-09 18:25:05.192  1277  2926 D MediaFocusControl: selectFocusStack, uid = 1000, appDevice = 0, device = 2
10-09 18:25:05.192  3847  4526 D KnoxHelper: getActivityList callingUserId: 0, target user: 0
10-09 18:25:05.193  1277  1277 I Telecom:SamsungCallerInfoQueryCompleteListener: onQueryComplete - start : CallerInfo - name : null / contactRingtoneUri : null / number : (35********102 / cnapName : null
10-09 18:25:05.193  1277  1277 I Telecom:SamsungRingerRepositoryImpl: getContactCallBgInfo - secCallBackground : null
10-09 18:25:05.193  1277  1277 I Telecom:SamsungCallerInfoQueryCompleteListener: onQueryComplete - end
10-09 18:25:05.193  1277 11301 I Telecom:SamsungCallerInfoQueryCompleteListener: updateCallerInfo : android.telecom.CallerInfo@ecc72cf { name null, phoneNumber non-null }
10-09 18:25:05.193  1277 11301 I Telecom:SamsungEcidContactModel: generateDisplayName length : 0
10-09 18:25:05.193  1277 11301 I Telecom:SamsungEcidContactModel: generateDisplayName is null
10-09 18:25:05.193  1277 11301 I Telecom:SamsungCallerInfoQueryCompleteListener: updateTPhoneCallerInfo info : <Empty>
10-09 18:25:05.193  1277 11301 I Telecom:SamsungCallerInfoQueryCompleteListener: updateContactCallBg value is changed
10-09 18:25:05.193  1277  1277 I Telecom:SamsungCallerInfoQueryCompleteListener: SamsungCallerInfoQueryCompleteListener [doOnSuccess] - CallerInfo - name : null / contactRingtoneUri : null / number : (35********102 / cnapName : null
10-09 18:25:05.193  1277  1277 I Telecom:SamsungCallerInfoQueryCompleteListener: onQueryComplete : CallerInfo - name : null / contactRingtoneUri : null / number : (35********102 / cnapName : null
10-09 18:25:05.194  1277  1277 I Telecom : CallerInfoLookupHelper: CI query for handle tel:********** has completed; notifying all listeners.: TSI.hCI->CILH.sL->CILH.oQC@8ug
10-09 18:25:05.194  1277  1277 I Telecom:SamsungRingerInfo: updateContactCallBgValues - secCallBackground : null
10-09 18:25:05.194  1277  1277 I Telecom:SamsungRingerInfo: setCallerInfo : RawContactId = 0, VibrationUri : null
10-09 18:25:05.194  3847  4526 D KnoxHelper: getActivityList callingUserId: 0, target user: 0
10-09 18:25:05.194  1277  1277 I Telecom : Call: CallerInfo received for tel:**********: android.telecom.CallerInfo@ecc72cf { name null, phoneNumber non-null }: TSI.hCI->CILH.sL->CILH.oQC@8ug
10-09 18:25:05.194  1277  1277 I Telecom : CallerInfoLookupHelper: There is no photo for this contact, skipping photo query: TSI.hCI->CILH.sL->CILH.oQC@8ug
10-09 18:25:05.194  1277  1277 I Telecom : CallsManager: Outgoing caller ID complete: TSI.hCI->CILH.sL->CILH.oQC->CM.pCSB@8ug
10-09 18:25:05.194  1122 28814 D AF::TrackHandle: OpPlayAudio: track:5080 usage:3 not muted
10-09 18:25:05.194  1277  2926 D MediaFocusControl: propagateFocusLossFromGainToAll, 2
10-09 18:25:05.195  1277  2926 I AudioService.FadeOutManager: unfadeOutUid() uid:1000
10-09 18:25:05.195  3847  4526 D KnoxHelper: getActivityList callingUserId: 0, target user: 0
10-09 18:25:05.196  1277  2926 I Telecom:SamsungCallMultiSimAudioParam: setNone : mState = -1
10-09 18:25:05.196  1277  2926 I Telecom:SamsungCallAudioModeStateMachine: shouldControlEngine = false
10-09 18:25:05.196  1277  2926 I Telecom:SamsungAudioModeInCall: enterSimCallFocusState shouldControlEngine =false
10-09 18:25:05.196  1277  2926 I Telecom:SamsungCallAudioParam: CallAudioModeStateMachine : setAudioParam CALL_STATUS_VOLTE_CP_VOICE_CALL_ON
10-09 18:25:05.196  1277  2926 I AudioManager: setParameters keyValuePairs = g_call_state=514
10-09 18:25:05.196  3847  4526 D KnoxHelper: getActivityList callingUserId: 0, target user: 0
10-09 18:25:05.197  1122 28814 I AF::Track: setMixerOutConfig return default condition, mixer key 2002, thread key 2002
10-09 18:25:05.197  3847  4526 D KnoxHelper: getActivityList callingUserId: 0, target user: 0
10-09 18:25:05.197  1277  1277 D Telecom:SamsungNewOutgoingCallInfo: isIntentReceived : false
10-09 18:25:05.198  1277  1277 D Telecom:SamsungNewOutgoingCallInfo: setIntentReceiveStatus : true
10-09 18:25:05.198  1277  1277 I Telecom : Event: RecordEntry TC@261: NEW_OUTGOING_CALL, state=CONNECTING, orig=35******02, result=35******02, number=35******02, true: NOCBIR.oR@8us
10-09 18:25:05.198  1277  1277 I Telecom : NewOutgoingCallBroadcastIntentReceiver: Received new-outgoing-call-broadcast for [Call id=TC@261, state=CONNECTING, tpac=ComponentInfo{com.android.phone/com.android.services.telephony.TelephonyConnectionService}, 1, UserHandle{0}, cmgr=null, handle=tel:**********, vidst=A, childs(0), has_parent(false), cap=[], prop=[]], voip=falsecaps=[Capabilities:], props=[Properties:], conf(false), had_child(false) with data ***: NOCBIR.oR@8us
10-09 18:25:05.198  3847  4526 D KnoxHelper: getActivityList callingUserId: 0, target user: 0
10-09 18:25:05.198  1277  1277 D CmcSettingManager: init : CmcSettingManager version : 1.4.1
10-09 18:25:05.198  1277  1277 D CmcSettingManager: context : com.android.server.telecom.components.TelecomService@ce191b8
10-09 18:25:05.199  1277  1277 D CmcSettingManager: cur version : 5.0.00.27
10-09 18:25:05.199  1277  1277 D CmcSettingManager: getOwnDeviceType
10-09 18:25:05.200  1277  1277 D CmcSettingManager: own device type - db : pd
10-09 18:25:05.200  1277  1277 D CmcSettingManager: deInit
10-09 18:25:05.200  1277  1277 D CmcSettingManager: unregisterListener : all
10-09 18:25:05.200  1277  1277 D CmcSettingManager: context : com.android.server.telecom.components.TelecomService@ce191b8
10-09 18:25:05.200  1277  1277 I Telecom : NewOutgoingCallIntentBroadcaster: Placing call immediately instead of waiting for OutgoingCallBroadcastReceiver: NOCBIR.oR@8us
10-09 18:25:05.200  1277  1277 I Telecom : CallsManager: Creating a new outgoing call with handle: tel:**********: NOCBIR.oR@8us
10-09 18:25:05.200  1277  1277 I Telecom:SamsungRestrictionPolicyHelper: canShowCallerIdIncomingCall, call is not incoming
10-09 18:25:05.200  1277  1277 I Telecom:SamsungCallNotifier: setGatewayInfo : null
10-09 18:25:05.200  1277  1277 I Telecom:SamsungModeRepositoryImpl: isConnectedMirrorLink : false
10-09 18:25:05.200  1277  1277 I Telecom:SamsungBluetoothManager: isBluetoothWatchSingleConnected false
10-09 18:25:05.200  1277  1277 I Telecom : Event: RecordEntry TC@261: AUDIO_INFO, setStartWithSpeakerphoneOn=false: NOCBIR.oR@8us
10-09 18:25:05.200  1277  1277 I Telecom:SamsungBluetoothManager: isBluetoothWatchSingleConnected false
10-09 18:25:05.200  1277  2907 I Telecom : BluetoothRouteManager: Message received: GET_CURRENT_STATE.: NOCBIR.oR->BRM.pM_400@8us
10-09 18:25:05.201  1277  1277 I Telecom:SamsungModeRepositoryImpl: isConnectedMirrorLink : false
10-09 18:25:05.201  1277  1277 I Telecom:SamsungSpeakerphoneOnDecisionMaker: isVerticalFolded false
10-09 18:25:05.201  1277  1277 I Telecom:SamsungSpeakerphoneOnDecisionMaker: isVerticalFolded false
10-09 18:25:05.201  1277  1277 I Telecom:SamsungSpeakerphoneOnDecisionMaker: useSpeaker - isVerticalFolded() : false, isUnfoldedAnswer : false
10-09 18:25:05.201  3847  4526 D KnoxHelper: getActivityList callingUserId: 0, target user: 0
10-09 18:25:05.201  1277  1277 I Telecom : Event: RecordEntry TC@261: PLACE_OUTGOING_CALL, call=[Call id=TC@261, state=CONNECTING, tpac=ComponentInfo{com.android.phone/com.android.services.telephony.TelephonyConnectionService}, 1, UserHandle{0}, cmgr=null, handle=tel:**********, vidst=A, childs(0), has_parent(false), cap=[], prop=[]], voip=falsecaps=[Capabilities:], props=[Properties:], conf(false), had_child(false), phoneAccountHandle=ComponentInfo{com.android.phone/com.android.services.telephony.TelephonyConnectionService}, 1, UserHandle{0}, callHandle=tel:35******02, startWithSpeakerphoneOn=false, videoState=Audio Only, emergencyCall=false, networkIdentifiedEmergencyCall=false, isOutgoingCallPermitted=true, requireCallCapableAccountByHandle=false: NOCBIR.oR@8us
10-09 18:25:05.202  3847  4526 D KnoxHelper: getActivityList callingUserId: 0, target user: 0
10-09 18:25:05.202  1122 28814 V APM_AudioPolicyManager: setAudioPolicyConfig: g_call_state=514
10-09 18:25:05.202  1277  1277 I service_manager_stats: [100,84,241002]
10-09 18:25:05.202  1277  7309 D MediaSessionRecord: registering controller callback android.media.session.ISessionControllerCallback$Stub$Proxy@1c76ceb from controllercom.android.systemui
10-09 18:25:05.202  1277 10129 I AudioTrack: createTrack_l(5018): AUDIO_OUTPUT_FLAG_FAST successful; frameCount 960 -> 960
10-09 18:25:05.203  3847  4526 D KnoxHelper: getActivityList callingUserId: 0, target user: 0
