11-04 20:41:20.522  2935  2935 D Telecom : Logging: START_SESSION
11-04 20:41:20.522  2935  2935 V Telecom : Logging: END_SUBSESSION (dur: 0 mS): TSI.iISMC(a)@OBw
11-04 20:41:20.522  2935  2935 D Telecom : Logging: END_SESSION (dur: 0 ms): TSI.iISMC(a)@OBw
11-04 20:41:20.522  2935  2935 I sysui_multi_action: [757,1501,758,1,793,259,794,0,795,259,796,1,806,com.google.android.dialer,857,phone_ongoing_call,858,3,947,0,1500,0,1641,call,1688,1,1744,1]
11-04 20:41:20.522  2935  2935 I sysui_multi_action: [757,804,799,note_interruptive,801,0,802,1]
11-04 20:41:20.524  2935  2935 W NotificationHistory: Attempted to add notif for locked/gone/disabled user 0
11-04 20:41:20.525  2935  2935 I framework_stats_log: [NOTIFICATION_REPORTED, 162, 10191, com.google.android.dialer, 2853, 1, 4051, 0, 0, false, call, 0, 1, 0, 3, 0, 1, 3, 1, -1000, 0, 0.0, true, true, 0]
11-04 20:41:20.525  2935  2935 D NotificationListeners: notifyPosted notification: Notification(channel=phone_ongoing_call shortcut=null contentView=null vibrate=null sound=null defaults=0x0 flags=0x6a color=0xffb6c9d8 category=call vis=PRIVATE publicVersion=Notification(channel=null shortcut=null contentView=null vibrate=null sound=null defaults=0x0 flags=0x0 color=0xffb6c9d8 vis=PRIVATE))
11-04 20:41:20.528  4118  4118 D SubscriptionController: getSubscriptionProperty Query value = -1
11-04 20:41:20.530  2935  3825 D PowerManagerService: acquireWakeLockInternal: lock=15568153, flags=0x1, tag=\"NotifyRegistrantLock\", ws=null, uid=10329, pid=4059, packageName=\"org.codeaurora.ims\", displayId=-1
11-04 20:41:20.532  2935  3825 D PowerManagerService: acquireWakeLockInternal: lock=15568153, flags=0x1, tag=\"NotifyRegistrantLock\", ws=null, uid=10329, pid=4059, packageName=\"org.codeaurora.ims\", displayId=-1
11-04 20:41:20.541  2935  3227 I framework_stats_log: [UID_PROCESS_STATE_CHANGED, 10333, 1000]
11-04 20:41:20.541  2935  3825 I framework_stats_log: [PROCESS_STATE_CHANGED, 10333, com.android.systemui, com.android.systemui, 1000, 33]
11-04 20:41:20.566  2891  2891 I adsp_sleepmon: Audio: num_sessions=1,num_lpi_sessions=0,timer_pending=0
11-04 20:41:20.548  2935  6689 D Telecom : Logging: START_EXTERNAL_SESSION
11-04 20:41:20.548  2935  6689 V Telecom : Logging: CREATE_SUBSESSION (...->CS.crCo->H.CS.crCo->H.CS.crCo.pICR)->...->CS.crCo->H.CS.crCo->H.CS.crCo.pICR(cap/cast)@E-E-OBY_0: (...->CS.crCo->H.CS.crCo->H.CS.crCo.pICR)(cap/cast)@E-E-OBY
11-04 20:41:20.548  2935  6689 V Telecom : Logging: CONTINUE_SUBSESSION: (...->CS.crCo->H.CS.crCo->H.CS.crCo.pICR)->CSW.sVS(cap/cast)@E-E-OBY_0
11-04 20:41:20.548  2935  6689 D Telecom : ConnectionServiceWrapper: CS -> TC[cap]: setVideoState TC@11_1 0: (...->CS.crCo->H.CS.crCo->H.CS.crCo.pICR)->CSW.sVS(cap/cast)@E-E-OBY_0
11-04 20:41:20.548  2935  6689 V Telecom : Logging: END_SUBSESSION (dur: 0 mS): (...->CS.crCo->H.CS.crCo->H.CS.crCo.pICR)->CSW.sVS(cap/cast)@E-E-OBY_0
11-04 20:41:20.548  2935  6689 D Telecom : Logging: END_SESSION (dur: 0 ms): (...->CS.crCo->H.CS.crCo->H.CS.crCo.pICR)(cap/cast)@E-E-OBY
11-04 20:41:20.549  2935  3833 D WindowManager: fdb24ba Splash Screen com.google.android.dialer visible state changed to false
11-04 20:41:20.549  2935  6689 D Telecom : Logging: START_EXTERNAL_SESSION
11-04 20:41:20.549  2935  6689 V Telecom : Logging: CREATE_SUBSESSION (...->CS.crCo->H.CS.crCo->H.CS.crCo.pICR)->...->CS.crCo->H.CS.crCo->H.CS.crCo.pICR(cap/cast)@E-E-OBY_0: (...->CS.crCo->H.CS.crCo->H.CS.crCo.pICR)(cap/cast)@E-E-OBY
11-04 20:41:20.549  2935  6689 V Telecom : Logging: CONTINUE_SUBSESSION: (...->CS.crCo->H.CS.crCo->H.CS.crCo.pICR)->CSW.hCCC(cap/cast)@E-E-OBY_0
11-04 20:41:20.550  2935  6689 D Telecom : ConnectionServiceWrapper: CS -> TC[cap]: handleCreateConnectionComplete TC@11_1: (...->CS.crCo->H.CS.crCo->H.CS.crCo.pICR)->CSW.hCCC(cap/cast)@E-E-OBY_0
11-04 20:41:20.550  2935  6689 V Telecom : Call: handleCreateConnectionSuccessful ParcelableConnection [act:ComponentInfo{com.android.phone/com.android.services.telephony.TelephonyConnectionService}, 1, UserHandle{0}], state:3, capabilities:[Capabilities: CAPABILITY_SUPPORT_HOLD CAPABILITY_MUTE CAPABILITY_CANNOT_DOWNGRADE_VIDEO_TO_AUDIO], properties:[Properties:], extras:Bundle[mParcelledData.dataSize=736], parent:null, callDirection:-1: (...->CS.crCo->H.CS.crCo->H.CS.crCo.pICR)->CSW.hCCC(cap/cast)@E-E-OBY_0
11-04 20:41:20.550  2935  6689 D Telecom : Call: updateCallerInfo: namePresentation = 1, name = null, cnapName = null: (...->CS.crCo->H.CS.crCo->H.CS.crCo.pICR)->CSW.hCCC(cap/cast)@E-E-OBY_0
11-04 20:41:20.550  2935  6689 D Telecom : InCallController: mCallListener, onCallerDisplayNameChanged: (...->CS.crCo->H.CS.crCo->H.CS.crCo.pICR)->CSW.hCCC(cap/cast)@E-E-OBY_0
11-04 20:41:20.550  2935  6689 D Telecom : InCallController: Call is still setting its initial state. Do not send update to InCallUi yet - TC@11: (...->CS.crCo->H.CS.crCo->H.CS.crCo.pICR)->CSW.hCCC(cap/cast)@E-E-OBY_0
11-04 20:41:20.550  2935  6689 V Telecom : Call: setConnectionCapabilities: [Capabilities: CAPABILITY_SUPPORT_HOLD CAPABILITY_MUTE CAPABILITY_CANNOT_DOWNGRADE_VIDEO_TO_AUDIO]: (...->CS.crCo->H.CS.crCo->H.CS.crCo.pICR)->CSW.hCCC(cap/cast)@E-E-OBY_0
11-04 20:41:20.550  2935  6689 D Telecom : InCallController: mCallListener, onConnectionCapabilitiesChanged: (...->CS.crCo->H.CS.crCo->H.CS.crCo.pICR)->CSW.hCCC(cap/cast)@E-E-OBY_0
11-04 20:41:20.550  2935  6689 D Telecom : InCallController: Call is still setting its initial state. Do not send update to InCallUi yet - TC@11: (...->CS.crCo->H.CS.crCo->H.CS.crCo.pICR)->CSW.hCCC(cap/cast)@E-E-OBY_0
11-04 20:41:20.550  2935  6689 I Telecom : Event: RecordEntry TC@11: CAPABILITY_CHANGE, Current: [[ sup_hld mut !v2a]], Removed [[]], Added [[ sup_hld mut !v2a]]: (...->CS.crCo->H.CS.crCo->H.CS.crCo.pICR)->CSW.hCCC(cap/cast)@E-E-OBY_0
11-04 20:41:20.550  2935  6689 V Telecom : Call: setConnectionProperties: [Properties:]: (...->CS.crCo->H.CS.crCo->H.CS.crCo.pICR)->CSW.hCCC(cap/cast)@E-E-OBY_0
11-04 20:41:20.550  2935  6689 D Telecom : InCallController: onIsVoipAudioModeChanged [Call id=TC@11, state=CONNECTING, tpac=ComponentInfo{com.android.phone/com.android.services.telephony.TelephonyConnectionService}, 1, UserHandle{0}, cmgr=ComponentInfo{com.android.phone/com.android.services.telephony.TelephonyConnectionService}, 1, UserHandle{0}, handle=tel:%2B13526739015, vidst=A, childs(0), has_parent(false), cap=[ sup_hld mut !v2a], prop=[], voip=false, gthpst=1, vzwAudioData=[VzwAudioData : UserSelectedAudioMode : -1 AudioMode : -1]], mIsConference(false)]: (...->CS.crCo->H.CS.crCo->H.CS.crCo.pICR)->CSW.hCCC(cap/cast)@E-E-OBY_0
11-04 20:41:20.550  2935  6689 D Telecom : InCallController: Call is still setting its initial state. Do not send update to InCallUi yet - TC@11: (...->CS.crCo->H.CS.crCo->H.CS.crCo.pICR)->CSW.hCCC(cap/cast)@E-E-OBY_0
11-04 20:41:20.550  2935  6689 V Telecom : Logging: CREATE_SUBSESSION (...->CS.crCo->H.CS.crCo->H.CS.crCo.pICR)->CSW.hCCC->CSW.hCCC(cap/cast)@E-E-OBY_0_0: (...->CS.crCo->H.CS.crCo->H.CS.crCo.pICR)->CSW.hCCC(cap/cast)@E-E-OBY_0
11-04 20:41:20.550  2935  6689 V Telecom : Call: setVideoProvider: (...->CS.crCo->H.CS.crCo->H.CS.crCo.pICR)->CSW.hCCC(cap/cast)@E-E-OBY_0
11-04 20:41:20.550  2935  4522 V Telecom : Logging: CONTINUE_SUBSESSION: (...->CS.crCo->H.CS.crCo->H.CS.crCo.pICR)->CSW.hCCC->CAMSM.pM_4001(cap/cast)@E-E-OBY_0_0
11-04 20:41:20.550  2935  4522 I Telecom : CallAudioModeStateMachine: Message received: FOREGROUND_VOIP_MODE_CHANGE.: (...->CS.crCo->H.CS.crCo->H.CS.crCo.pICR)->CSW.hCCC->CAMSM.pM_4001(cap/cast)@E-E-OBY_0_0
11-04 20:41:20.550  4118  4118 D CallManager: getPhoneInEcm: Found no phone in Ecm!
11-04 20:41:20.550  2935  4522 V Telecom : Logging: END_SUBSESSION (dur: 0 mS): (...->CS.crCo->H.CS.crCo->H.CS.crCo.pICR)->CSW.hCCC->CAMSM.pM_4001(cap/cast)@E-E-OBY_0_0
11-04 20:41:20.551  4118  4118 D PhoneSwitcher: handle event - 109
11-04 20:41:20.551  4118  4118 D ImsPhoneConnection: getDisconnectCause: cause=0
11-04 20:41:20.551  2935  6689 I Telecom : InCallController: Sending updateCall [Call id=TC@11, state=CONNECTING, tpac=ComponentInfo{com.android.phone/com.android.services.telephony.TelephonyConnectionService}, 1, UserHandle{0}, cmgr=ComponentInfo{com.android.phone/com.android.services.telephony.TelephonyConnectionService}, 1, UserHandle{0}, handle=tel:%2B13526739015, vidst=A, childs(0), has_parent(false), cap=[ sup_hld mut !v2a], prop=[], voip=false, gthpst=1, vzwAudioData=[VzwAudioData : UserSelectedAudioMode : -1 AudioMode : -1]], mIsConference(false)]: (...->CS.crCo->H.CS.crCo->H.CS.crCo.pICR)->CSW.hCCC(cap/cast)@E-E-OBY_0
11-04 20:41:20.552  2935  6689 I Telecom : InCallController: Components updated: [ComponentInfo{com.android.bluetooth/com.android.bluetooth.telephony.BluetoothInCallService}, ComponentInfo{com.google.android.dialer/com.android.incallui.InCallServiceImpl}, ComponentInfo{com.qualcomm.qtil.btdsda/com.qualcomm.qtil.btdsda.BtDsDaService}, ComponentInfo{com.motorola.bach.modemstats/com.motorola.bach.modemstats.call.MPhoneInCallService}]: (...->CS.crCo->H.CS.crCo->H.CS.crCo.pICR)->CSW.hCCC(cap/cast)@E-E-OBY_0
11-04 20:41:20.552  2935  6689 D Telecom : InCallController: mCallListener, onVideoCallProviderChanged: (...->CS.crCo->H.CS.crCo->H.CS.crCo.pICR)->CSW.hCCC(cap/cast)@E-E-OBY_0
11-04 20:41:20.552  2935  6689 D Telecom : InCallController: mCallListener, onStatusHintsChanged: (...->CS.crCo->H.CS.crCo->H.CS.crCo.pICR)->CSW.hCCC(cap/cast)@E-E-OBY_0
11-04 20:41:20.552  2935  6689 D Telecom : InCallController: Call is still setting its initial state. Do not send update to InCallUi yet - TC@11: (...->CS.crCo->H.CS.crCo->H.CS.crCo.pICR)->CSW.hCCC(cap/cast)@E-E-OBY_0
11-04 20:41:20.552  2935  6689 D Telecom : InCallController: mCallListener, onExtrasChanged: (...->CS.crCo->H.CS.crCo->H.CS.crCo.pICR)->CSW.hCCC(cap/cast)@E-E-OBY_0
11-04 20:41:20.552  2935  6689 D Telecom : InCallController: Call is still setting its initial state. Do not send update to InCallUi yet - TC@11: (...->CS.crCo->H.CS.crCo->H.CS.crCo.pICR)->CSW.hCCC(cap/cast)@E-E-OBY_0
11-04 20:41:20.552  2935  6689 D Telecom : CallsManager: onExtrasChanged call = [Call id=TC@11, state=CONNECTING, tpac=ComponentInfo{com.android.phone/com.android.services.telephony.TelephonyConnectionService}, 1, UserHandle{0}, cmgr=ComponentInfo{com.android.phone/com.android.services.telephony.TelephonyConnectionService}, 1, UserHandle{0}, handle=tel:%2B13526739015, vidst=A, childs(0), has_parent(false), cap=[ sup_hld mut !v2a], prop=[], voip=false, gthpst=1, vzwAudioData=[VzwAudioData : UserSelectedAudioMode : -1 AudioMode : -1]], mIsConference(false)]: (...->CS.crCo->H.CS.crCo->H.CS.crCo.pICR)->CSW.hCCC(cap/cast)@E-E-OBY_0
11-04 20:41:20.552  2935  6689 V Telecom : MotoCallAudioModeStateMachine: updateAudioBand set to NB: (...->CS.crCo->H.CS.crCo->H.CS.crCo.pICR)->CSW.hCCC(cap/cast)@E-E-OBY_0
11-04 20:41:20.552  2935  6689 D Telecom : TelecomAnalytics: adding callTechnology for call TC@11: 4: (...->CS.crCo->H.CS.crCo->H.CS.crCo.pICR)->CSW.hCCC(cap/cast)@E-E-OBY_0
11-04 20:41:20.552  2935  6689 V Telecom : MotoCallsManager: onSuccessfulOutgoingCall, [Call id=TC@11, state=CONNECTING, tpac=ComponentInfo{com.android.phone/com.android.services.telephony.TelephonyConnectionService}, 1, UserHandle{0}, cmgr=ComponentInfo{com.android.phone/com.android.services.telephony.TelephonyConnectionService}, 1, UserHandle{0}, handle=tel:%2B13526739015, vidst=A, childs(0), has_parent(false), cap=[ sup_hld mut !v2a], prop=[], voip=false, gthpst=1, vzwAudioData=[VzwAudioData : UserSelectedAudioMode : -1 AudioMode : -1]], mIsConference(false)]: (...->CS.crCo->H.CS.crCo->H.CS.crCo.pICR)->CSW.hCCC(cap/cast)@E-E-OBY_0
11-04 20:41:20.552  2935  6689 I Telecom : MotoCallsManager: setCallState CONNECTING -> DIALING, call: [Call id=TC@11, state=CONNECTING, tpac=ComponentInfo{com.android.phone/com.android.services.telephony.TelephonyConnectionService}, 1, UserHandle{0}, cmgr=ComponentInfo{com.android.phone/com.android.services.telephony.TelephonyConnectionService}, 1, UserHandle{0}, handle=tel:%2B13526739015, vidst=A, childs(0), has_parent(false), cap=[ sup_hld mut !v2a], prop=[], voip=false, gthpst=1, vzwAudioData=[VzwAudioData : UserSelectedAudioMode : -1 AudioMode : -1]], mIsConference(false)]: (...->CS.crCo->H.CS.crCo->H.CS.crCo.pICR)->CSW.hCCC(cap/cast)@E-E-OBY_0
11-04 20:41:20.552  2935  6689 V Telecom : Call: setState CONNECTING -> DIALING: (...->CS.crCo->H.CS.crCo->H.CS.crCo.pICR)->CSW.hCCC(cap/cast)@E-E-OBY_0
11-04 20:41:20.552  2935  6689 D Telecom : Call: maybeLoadCannedSmsResponses: doing nothing: (...->CS.crCo->H.CS.crCo->H.CS.crCo.pICR)->CSW.hCCC(cap/cast)@E-E-OBY_0
11-04 20:41:20.553  2935  6689 I Telecom : Event: RecordEntry TC@11: SET_DIALING, successful outgoing call: (...->CS.crCo->H.CS.crCo->H.CS.crCo.pICR)->CSW.hCCC(cap/cast)@E-E-OBY_0
11-04 20:41:20.553  2935  6689 D Telecom : TelecomAnalytics: setting missedReason for call TC@11: 0: (...->CS.crCo->H.CS.crCo->H.CS.crCo.pICR)->CSW.hCCC(cap/cast)@E-E-OBY_0
11-04 20:41:20.553  2935  6689 V Telecom : Logging: CREATE_SUBSESSION (...->CS.crCo->H.CS.crCo->H.CS.crCo.pICR)->CSW.hCCC->CSW.hCCC(cap/cast)@E-E-OBY_0_1: (...->CS.crCo->H.CS.crCo->H.CS.crCo.pICR)->CSW.hCCC(cap/cast)@E-E-OBY_0
11-04 20:41:20.553  2935  4523 V Telecom : Logging: CONTINUE_SUBSESSION: (...->CS.crCo->H.CS.crCo->H.CS.crCo.pICR)->CSW.hCCC->CSFM.oCSS(cap/cast)@E-E-OBY_0_1
11-04 20:41:20.553  2935  4523 D Telecom : ConnectionServiceFocusManager: handleCallStateChanged [Call id=TC@11, state=DIALING, tpac=ComponentInfo{com.android.phone/com.android.services.telephony.TelephonyConnectionService}, 1, UserHandle{0}, cmgr=ComponentInfo{com.android.phone/com.android.services.telephony.TelephonyConnectionService}, 1, UserHandle{0}, handle=tel:%2B13526739015, vidst=A, childs(0), has_parent(false), cap=[ sup_hld mut !v2a], prop=[], voip=false, gthpst=1, vzwAudioData=[VzwAudioData : UserSelectedAudioMode : -1 AudioMode : -1]], mIsConference(false)], oldState = 1, newState = 3: (...->CS.crCo->H.CS.crCo->H.CS.crCo.pICR)->CSW.hCCC->CSFM.oCSS(cap/cast)@E-E-OBY_0_1
11-04 20:41:20.554  2935  4523 D Telecom : ConnectionServiceFocusManager: updateCurrentFocusCall [Call id=TC@11, state=DIALING, tpac=ComponentInfo{com.android.phone/com.android.services.telephony.TelephonyConnectionService}, 1, UserHandle{0}, cmgr=ComponentInfo{com.android.phone/com.android.services.telephony.TelephonyConnectionService}, 1, UserHandle{0}, handle=tel:%2B13526739015, vidst=A, childs(0), has_parent(false), cap=[ sup_hld mut !v2a], prop=[], voip=false, gthpst=1, vzwAudioData=[VzwAudioData : UserSelectedAudioMode : -1 AudioMode : -1]], mIsConference(false)]: (...->CS.crCo->H.CS.crCo->H.CS.crCo.pICR)->CSW.hCCC->CSFM.oCSS(cap/cast)@E-E-OBY_0_1
11-04 20:41:20.554  2935  4523 V Telecom : Logging: END_SUBSESSION (dur: 1 mS): (...->CS.crCo->H.CS.crCo->H.CS.crCo.pICR)->CSW.hCCC->CSFM.oCSS(cap/cast)@E-E-OBY_0_1
11-04 20:41:20.554  2935  6689 I Telecom : TelecomWakeLock: WakeLock already released with id: 26: (...->CS.crCo->H.CS.crCo->H.CS.crCo.pICR)->CSW.hCCC(cap/cast)@E-E-OBY_0
11-04 20:41:20.554  2935  6689 I Telecom : InCallWakeLockController: Releasing full wake lock: (...->CS.crCo->H.CS.crCo->H.CS.crCo.pICR)->CSW.hCCC(cap/cast)@E-E-OBY_0
11-04 20:41:20.554  2935  4522 I Telecom : CallAudioModeStateMachine: Message received: null.
11-04 20:41:20.566  2935  4768 D WindowManager: wms remove Window{fdb24ba u0 Splash Screen com.google.android.dialer EXITING} callingUid=10333 callingPid=3774
11-04 20:41:20.566  2935  4768 D ActivityTaskManager: setLastVisibleActivityDisplayId: task=Task{c0c5d4f #6344 type=standard A=10191:com.google.android.dialer U=0 visible=true visibleRequested=true mode=fullscreen translucent=false sz=1} mLastVisibleActivityDisplayId=0
11-04 20:41:20.568  2935  3169 I DisplayDeviceRepository: Display device changed: DisplayDeviceInfo{\"Built-in Screen\": uniqueId=\"local:4630947043778501763\", 1080 x 2400, modeId 4, defaultModeId 1, supportedModes [{id=1, width=1080, height=2400, fps=60.000004, alternativeRefreshRates=[48.000004, 90.0, 120.00001, 165.0]}, {id=2, width=1080, height=2400, fps=165.0, alternativeRefreshRates=[48.000004, 60.000004, 90.0, 120.00001]}, {id=3, width=1080, height=2400, fps=120.00001, alternativeRefreshRates=[48.000004, 60.000004, 90.0, 165.0]}, {id=4, width=1080, height=2400, fps=90.0, alternativeRefreshRates=[48.000004, 60.000004, 120.00001, 165.0]}, {id=5, width=1080, height=2400, fps=48.000004, alternativeRefreshRates=[60.000004, 90.0, 120.00001, 165.0]}], supportedReadyForModes [], colorMode 0, supportedColorModes [0, 7, 9], hdrCapabilities HdrCapabilities{mSupportedHdrTypes=[1, 2, 3, 4], mMaxLuminance=1500.0, mMaxAverageLuminance=750.00006, mMinLuminance=1.0E-4}, allmSupported false, gameContentTypeSupported false, density 400, 397.565 x 395.844 dpi, appVsyncOff 6555557, presDeadline 14111110, cutout DisplayCutout{insets=Rect(0, 112 - 0, 0) waterfall=Insets{left=0, top=0, right=0, bottom=0} boundingRect={Bounds=[Rect(0, 0 - 0, 0), Rect(505, 0 - 575, 112), Rect(0, 0 - 0, 0), Rect(0, 0 - 0, 0)]} cutoutPathParserInfo={CutoutPathParserInfo{displayWidth=1080 displayHeight=2400 physicalDisplayWidth=1080 physicalDisplayHeight=2400 density={2.5} cutoutSpec={M -35,0 L 35,0 L 35,112 L -35,112 Z} rotation={0} scale={1.0} physicalPixelDisplaySizeRatio={1.0}}}}, touch INTERNAL, rotation 0, type INTERNAL, address {port=131, model=0x40446dccee101c}, deviceProductInfo DeviceProductInfo{name=, manufacturerPnpId=QCM, productId=1, modelYear=null, manufactureDate=ManufactureDate{week=27, year=2006}, connectionToSinkType=0}, state ON, frameRateOverride , brightnessMinimum 0.0, brightnessMaximum 1.0, brightnessDefault 0.38188976, roundedCorners RoundedCorners{[RoundedCorner{position=TopLeft, radius=60, center=Point(60, 60)}, RoundedCorner{position=TopRight, radius=60, center=Point(1020, 60)}, RoundedCorner{position=BottomRight, radius=60, center=Point(1020, 2340)}, RoundedCorner{position=BottomLeft, radius=60, center=Point(60, 2340)}]}, FLAG_ALLOWED_TO_BE_DEFAULT_DISPLAY, FLAG_ROTATES_WITH_CONTENT, FLAG_SECURE, FLAG_SUPPORTS_PROTECTED_BUFFERS, installOrientation 0}
11-04 20:41:20.569  2935  2935 I WallpaperManagerService: onDisplayChanged displayId = 0
11-04 20:41:20.569  2935  2935 D PanelsService: Display #0 changed.
11-04 20:41:20.593  1108  1108 I [drm:dsi_display_set_mode [msm_drm]] [msm-dsi-info]: mdp_transfer_time=5500, hactive=1080, vactive=2400, fps=90, clk_rate=1102000000
11-04 20:41:20.594  1108  1108 I [drm:dsi_display_prepare [msm_drm]] [msm-dsi-info]: panel_name=mipi_mot_cmd_csot_1080p_dsc_667 ctrl-index=0
11-04 20:41:20.595  1108  1108 I         : (mipi_mot_cmd_csot_1080p_dsc_667)+
11-04 20:41:20.571  2935  3169 D DisplayManagerService: Ignore redundant display event 0/2 to 10201/11760
11-04 20:41:20.574  2935  3169 D DisplayModeDirector: updateDefaultDisplayState: mScreenOn=true callers=com.android.server.display.DisplayModeDirector$DisplayObserver.onDisplayChanged:1723 android.hardware.display.DisplayManagerGlobal$DisplayListenerDelegate.handleMessage:1091 android.os.Handler.dispatchMessage:111 
11-04 20:41:20.574  2935  3169 I DisplayModeDirector: updateVoteLocked(displayId=0, priority=PRIORITY_UDFPS, vote=null)
11-04 20:41:20.574  2935  3169 I DisplayModeDirector: No votes left for display 0, removing.
11-04 20:41:20.574  2935  3169 W DisplayModeDirector: Discarding mode 2, outside refresh rate bounds: minRefreshRate=60.0, maxRefreshRate=120.0, modeRefreshRate=165.0
11-04 20:41:20.574  2935  3169 W DisplayModeDirector: Discarding mode 5, outside refresh rate bounds: minRefreshRate=60.0, maxRefreshRate=120.0, modeRefreshRate=48.000004
11-04 20:41:20.574  2935  3169 W DisplayModeDirector: Found available modes=[{id=1, width=1080, height=2400, fps=60.000004, alternativeRefreshRates=[48.000004, 90.0, 120.00001, 165.0]}, {id=3, width=1080, height=2400, fps=120.00001, alternativeRefreshRates=[48.000004, 60.000004, 90.0, 165.0]}, {id=4, width=1080, height=2400, fps=90.0, alternativeRefreshRates=[48.000004, 60.000004, 120.00001, 165.0]}] with lowest priority considered PRIORITY_DEFAULT_REFRESH_RATE and constraints: width=1080, height=2400, minRefreshRate=60.0, maxRefreshRate=120.0, disableRefreshRateSwitching=false, baseModeRefreshRate=0.0
11-04 20:41:20.574  2935  3169 I DisplayModeDirector: App request range: [0 120]
11-04 20:41:20.579  2935  6689 D Telecom : InCallController: onCallStateChanged(): (...->CS.crCo->H.CS.crCo->H.CS.crCo.pICR)->CSW.hCCC(cap/cast)@E-E-OBY_0
11-04 20:41:20.579  2935  6689 I Telecom : InCallController: Sending updateCall [Call id=TC@11, state=DIALING, tpac=ComponentInfo{com.android.phone/com.android.services.telephony.TelephonyConnectionService}, 1, UserHandle{0}, cmgr=ComponentInfo{com.android.phone/com.android.services.telephony.TelephonyConnectionService}, 1, UserHandle{0}, handle=tel:%2B13526739015, vidst=A, childs(0), has_parent(false), cap=[ sup_hld mut !v2a], prop=[], voip=false, gthpst=1, vzwAudioData=[VzwAudioData : UserSelectedAudioMode : -1 AudioMode : -1]], mIsConference(false)]: (...->CS.crCo->H.CS.crCo->H.CS.crCo.pICR)->CSW.hCCC(cap/cast)@E-E-OBY_0
11-04 20:41:20.580  2935  6689 I Telecom : InCallController: Components updated: [ComponentInfo{com.android.bluetooth/com.android.bluetooth.telephony.BluetoothInCallService}, ComponentInfo{com.google.android.dialer/com.android.incallui.InCallServiceImpl}, ComponentInfo{com.qualcomm.qtil.btdsda/com.qualcomm.qtil.btdsda.BtDsDaService}, ComponentInfo{com.motorola.bach.modemstats/com.motorola.bach.modemstats.call.MPhoneInCallService}]: (...->CS.crCo->H.CS.crCo->H.CS.crCo.pICR)->CSW.hCCC(cap/cast)@E-E-OBY_0
11-04 20:41:20.580  2935  6689 D Telecom : CallAudioManager: Call state changed for TC@TC@11: CONNECTING -> DIALING: (...->CS.crCo->H.CS.crCo->H.CS.crCo.pICR)->CSW.hCCC(cap/cast)@E-E-OBY_0
11-04 20:41:20.580  2935  6689 V Telecom : Logging: CREATE_SUBSESSION (...->CS.crCo->H.CS.crCo->H.CS.crCo.pICR)->CSW.hCCC->CSW.hCCC(cap/cast)@E-E-OBY_0_2: (...->CS.crCo->H.CS.crCo->H.CS.crCo.pICR)->CSW.hCCC(cap/cast)@E-E-OBY_0
11-04 20:41:20.584  4118  4118 D EmergencyNumberTracker: slotId:0 country:us emergencyNumbers: 911,000,112,999,*272911
11-04 20:41:20.584  4118  4118 D EmergencyNumberTracker: Search results - inRilEccList:false inEmergencyNumberTestList: false
11-04 20:41:20.587  2935  3246 D AutomaticBrightnessController[0]: Receive new lux[rear]=0.0
11-04 20:41:20.587  2935  3246 D AutomaticBrightnessController[0]: handleCombineLightSensorEvent mFrontLux=112.375 mRearLux=0.0 mLightSensor=TCS3720 Ambient Light Sensor Non-wakeup mLightSensorEnableTime=187555130 (31141 ms ago)
11-04 20:41:20.612  1108  1108 I         : set_backlight from 7149 to 7149, Trend[cur:last=1:1], max[bl:brightness:thermal=16380:16380:16380], for mipi_mot_cmd_csot_1080p_dsc_667
11-04 20:41:20.587  2935  3246 D AutomaticBrightnessController[0]: Receive new lux[rear]=0.0
11-04 20:41:20.587  2935  3246 D AutomaticBrightnessController[0]: handleCombineLightSensorEvent mFrontLux=112.375 mRearLux=0.0 mLightSensor=TCS3720 Ambient Light Sensor Non-wakeup mLightSensorEnableTime=187555130 (31141 ms ago)
11-04 20:41:20.587  2935  3246 D AutomaticBrightnessController[0]: Receive new lux[rear]=0.0
11-04 20:41:20.587  2935  3246 D AutomaticBrightnessController[0]: handleCombineLightSensorEvent mFrontLux=112.375 mRearLux=0.0 mLightSensor=TCS3720 Ambient Light Sensor Non-wakeup mLightSensorEnableTime=187555130 (31141 ms ago)
11-04 20:41:20.587  2935  3246 D AutomaticBrightnessController[0]: Receive new lux[rear]=0.0
11-04 20:41:20.587  2935  3246 D AutomaticBrightnessController[0]: handleCombineLightSensorEvent mFrontLux=112.375 mRearLux=0.0 mLightSensor=TCS3720 Ambient Light Sensor Non-wakeup mLightSensorEnableTime=187555130 (31141 ms ago)
11-04 20:41:20.587  2935  3246 D AutomaticBrightnessController[0]: Receive new lux[rear]=0.0
11-04 20:41:20.587  2935  3246 D AutomaticBrightnessController[0]: handleCombineLightSensorEvent mFrontLux=112.375 mRearLux=0.0 mLightSensor=TCS3720 Ambient Light Sensor Non-wakeup mLightSensorEnableTime=187555130 (31141 ms ago)
11-04 20:41:20.590  2935  4770 D Telecom : Logging: START_SESSION
11-04 20:41:20.590  2935  6689 I framework_stats_log: [PHONE_STATE_CHANGED, 1]
11-04 20:41:20.591  2935  3183 D BroadcastQueue_background: broadcastBegin: hashCode=238709927, Parallel, toUser=-1, dispatchTime=1, ordered=false, sticky=false, Intent { act=android.intent.action.PHONE_STATE flg=0x1000010 (has extras) }
11-04 20:41:20.591  4118  4118 D EmergencyNumberTracker: slotId:0 country:us emergencyNumbers: 911,000,112,999,*272911
11-04 20:41:20.591  4118  4118 D EmergencyNumberTracker: Search results - inRilEccList:false inEmergencyNumberTestList: false
11-04 20:41:20.591  4118  4118 D SubscriptionController: [getSubId]- numSubIds == 0, return null slotIndex=1
11-04 20:41:20.592  4118  4118 D SubscriptionController: [getSubId]- numSubIds == 0, return null slotIndex=1
11-04 20:41:20.593  4118  4118 D SubscriptionController: [getSlotIndex]- subId invalid
11-04 20:41:20.593  4118  4118 D EmergencyNumberTracker: slotId:-1 country:us emergencyNumbers: 911,000,112,999,*272911
11-04 20:41:20.593  4118  4118 D EmergencyNumberTracker: Search results - inRilEccList:false inEmergencyNumberTestList: false
11-04 20:41:20.594  2935  3183 W BroadcastQueue: Permission Denial: receiving Intent { act=android.intent.action.PHONE_STATE flg=0x1000010 (has extras) } to ProcessRecord{46c374b 17376:jp.co.cyberagent.stf/u0a466} (pid=17376, uid=10466) requires android.permission.READ_PRIVILEGED_PHONE_STATE due to sender android (uid 1000)
11-04 20:41:20.594  2935  3183 D BroadcastQueue: broadcastComplete: hashCode=238709927, Parallel, costTime=3
11-04 20:41:20.594  2935  3183 D BroadcastQueue:     app=2935:system/1000, receiver=android.app.LoadedApk$ReceiverDispatcher$InnerReceiver@8f624a8, costTime=1
11-04 20:41:20.594  2935  3183 D BroadcastQueue:     app=3774:com.android.systemui/u0a333, receiver=android.os.BinderProxy@de363a0, costTime=1
11-04 20:41:20.594  2935  3183 D BroadcastQueue:     app=3774:com.android.systemui/u0a333, receiver=android.os.BinderProxy@8eaf06, costTime=1
11-04 20:41:20.594  2935  3183 D BroadcastQueue:     app=5567:com.motorola.motolights/u0a205, receiver=android.os.BinderProxy@3842a99, costTime=0
11-04 20:41:20.594  2935  3183 D BroadcastQueue:     app=17376:jp.co.cyberagent.stf/u0a466, receiver=android.os.BinderProxy@b50190f, costTime=0
11-04 20:41:20.594  2935  3183 D BroadcastQueue_background: broadcastBegin: hashCode=203773268, Parallel, toUser=-1, dispatchTime=3, ordered=false, sticky=false, Intent { act=android.intent.action.PHONE_STATE flg=0x1000010 (has extras) }
11-04 20:41:20.594  2935  3183 W BroadcastQueue: Permission Denial: receiving Intent { act=android.intent.action.PHONE_STATE flg=0x1000010 (has extras) } to ProcessRecord{d3e1987 3774:com.android.systemui/u0a333} (pid=3774, uid=10333) requires android.permission.READ_PHONE_STATE due to sender android (uid 1000)
11-04 20:41:20.595  2935  3183 W BroadcastQueue: Permission Denial: receiving Intent { act=android.intent.action.PHONE_STATE flg=0x1000010 (has extras) } to ProcessRecord{d3e1987 3774:com.android.systemui/u0a333} (pid=3774, uid=10333) requires android.permission.READ_PHONE_STATE due to sender android (uid 1000)
11-04 20:41:20.595  2935  3183 W BroadcastQueue: Permission Denial: receiving Intent { act=android.intent.action.PHONE_STATE flg=0x1000010 (has extras) } to ProcessRecord{8ef143e 5567:com.motorola.motolights/u0a205} (pid=5567, uid=10205) requires android.permission.READ_PHONE_STATE due to sender android (uid 1000)
11-04 20:41:20.596  2935  3183 D BroadcastQueue: broadcastComplete: hashCode=203773268, Parallel, costTime=2
11-04 20:41:20.596  2935  3183 D BroadcastQueue:     app=2935:system/1000, receiver=android.app.LoadedApk$ReceiverDispatcher$InnerReceiver@8f624a8, costTime=0
11-04 20:41:20.596  2935  3183 D BroadcastQueue:     app=3774:com.android.systemui/u0a333, receiver=android.os.BinderProxy@de363a0, costTime=1
11-04 20:41:20.596  2935  3183 D BroadcastQueue:     app=3774:com.android.systemui/u0a333, receiver=android.os.BinderProxy@8eaf06, costTime=0
11-04 20:41:20.596  2935  3183 D BroadcastQueue:     app=5567:com.motorola.motolights/u0a205, receiver=android.os.BinderProxy@3842a99, costTime=0
11-04 20:41:20.596  2935  3183 D BroadcastQueue:     app=17376:jp.co.cyberagent.stf/u0a466, receiver=android.os.BinderProxy@b50190f, costTime=1
11-04 20:41:20.596  2935  3183 W BroadcastQueue: Permission Denial: receiving Intent { act=android.intent.action.PHONE_STATE flg=0x1000010 (has extras) } to com.callapp.contacts/.receiver.PhoneStateReceiver requires android.permission.READ_PRIVILEGED_PHONE_STATE due to sender android (uid 1000)
11-04 20:41:20.596  2935  3833 D Telecom : Logging: START_SESSION
11-04 20:41:20.597  2935  6689 I Telecom : PhoneStateBroadcaster: Broadcasted state change: 2: (...->CS.crCo->H.CS.crCo->H.CS.crCo.pICR)->CSW.hCCC(cap/cast)@E-E-OBY_0
11-04 20:41:20.597  2935  3183 D BroadcastQueue_background: broadcastBegin: hashCode=249371901, Parallel, toUser=-1, dispatchTime=0, ordered=false, sticky=false, Intent { act=android.intent.action.PHONE_STATE flg=0x1000010 (has extras) }
11-04 20:41:20.597  2935  6689 I Telecom : IncomingCallNotifier: updateIncomingCall: foundIncomingcall = null: (...->CS.crCo->H.CS.crCo->H.CS.crCo.pICR)->CSW.hCCC(cap/cast)@E-E-OBY_0
11-04 20:41:20.597  2935  6689 D Telecom : InCallController: onConnectionServiceChanged(): (...->CS.crCo->H.CS.crCo->H.CS.crCo.pICR)->CSW.hCCC(cap/cast)@E-E-OBY_0
11-04 20:41:20.597  2935  3183 W BroadcastQueue: Permission Denial: receiving Intent { act=android.intent.action.PHONE_STATE flg=0x1000010 (has extras) } to ProcessRecord{d3e1987 3774:com.android.systemui/u0a333} (pid=3774, uid=10333) requires android.permission.READ_PHONE_STATE due to sender android (uid 1000)
11-04 20:41:20.597  2935  3183 W BroadcastQueue: Permission Denial: receiving Intent { act=android.intent.action.PHONE_STATE flg=0x1000010 (has extras) } to ProcessRecord{d3e1987 3774:com.android.systemui/u0a333} (pid=3774, uid=10333) requires android.permission.READ_PHONE_STATE due to sender android (uid 1000)
11-04 20:41:20.597  2935  3183 W BroadcastQueue: Permission Denial: receiving Intent { act=android.intent.action.PHONE_STATE flg=0x1000010 (has extras) } to ProcessRecord{8ef143e 5567:com.motorola.motolights/u0a205} (pid=5567, uid=10205) requires android.permission.READ_PHONE_STATE due to sender android (uid 1000)
11-04 20:41:20.597  2935  6689 I Telecom : InCallController: Sending updateCall [Call id=TC@11, state=DIALING, tpac=ComponentInfo{com.android.phone/com.android.services.telephony.TelephonyConnectionService}, 1, UserHandle{0}, cmgr=ComponentInfo{com.android.phone/com.android.services.telephony.TelephonyConnectionService}, 1, UserHandle{0}, handle=tel:%2B13526739015, vidst=A, childs(0), has_parent(false), cap=[ sup_hld mut !v2a], prop=[], voip=false, gthpst=1, vzwAudioData=[VzwAudioData : UserSelectedAudioMode : -1 AudioMode : -1]], mIsConference(false)]: (...->CS.crCo->H.CS.crCo->H.CS.crCo.pICR)->CSW.hCCC(cap/cast)@E-E-OBY_0
11-04 20:41:20.597  2935  3183 W BroadcastQueue: Permission Denial: receiving Intent { act=android.intent.action.PHONE_STATE flg=0x1000010 (has extras) } to ProcessRecord{46c374b 17376:jp.co.cyberagent.stf/u0a466} (pid=17376, uid=10466) requires android.permission.READ_CALL_LOG due to sender android (uid 1000)
11-04 20:41:20.597  2935  3183 D BroadcastQueue: broadcastComplete: hashCode=249371901, Parallel, costTime=0
11-04 20:41:20.597  2935  3183 D BroadcastQueue:     app=2935:system/1000, receiver=android.app.LoadedApk$ReceiverDispatcher$InnerReceiver@8f624a8, costTime=0
11-04 20:41:20.597  2935  3183 D BroadcastQueue:     app=3774:com.android.systemui/u0a333, receiver=android.os.BinderProxy@de363a0, costTime=0
11-04 20:41:20.597  2935  3183 D BroadcastQueue:     app=3774:com.android.systemui/u0a333, receiver=android.os.BinderProxy@8eaf06, costTime=0
11-04 20:41:20.597  2935  3183 D BroadcastQueue:     app=5567:com.motorola.motolights/u0a205, receiver=android.os.BinderProxy@3842a99, costTime=0
11-04 20:41:20.597  2935  3183 D BroadcastQueue:     app=17376:jp.co.cyberagent.stf/u0a466, receiver=android.os.BinderProxy@b50190f, costTime=0
11-04 20:41:20.597  2935  3183 D BroadcastQueue_background: broadcastBegin: hashCode=195599858, Order-CurBroadcast, toUser=-1, dispatchTime=6, ordered=false, sticky=false, Intent { act=android.intent.action.PHONE_STATE flg=0x1000010 (has extras) }
11-04 20:41:20.598  2935  3183 D ActivityManager: Set 14358 com.motorola.bug2go adj 920: cch-started-services (null)
11-04 20:41:20.599  2935  3183 D BroadcastQueue: broadcastComplete: hashCode=195599858, Order-CurBroadcast, costTime=2
11-04 20:41:20.599  2935  3183 D BroadcastQueue:     app=8946:com.dish.wireless.activation/u0a178, costTime=2
11-04 20:41:20.600  2935  6689 I Telecom : InCallController: Components updated: [ComponentInfo{com.android.bluetooth/com.android.bluetooth.telephony.BluetoothInCallService}, ComponentInfo{com.google.android.dialer/com.android.incallui.InCallServiceImpl}, ComponentInfo{com.qualcomm.qtil.btdsda/com.qualcomm.qtil.btdsda.BtDsDaService}, ComponentInfo{com.motorola.bach.modemstats/com.motorola.bach.modemstats.call.MPhoneInCallService}]: (...->CS.crCo->H.CS.crCo->H.CS.crCo.pICR)->CSW.hCCC(cap/cast)@E-E-OBY_0
11-04 20:41:20.600  2935  6689 V Telecom : Logging: CREATE_SUBSESSION (...->CS.crCo->H.CS.crCo->H.CS.crCo.pICR)->CSW.hCCC->CSW.hCCC(cap/cast)@E-E-OBY_0_3: (...->CS.crCo->H.CS.crCo->H.CS.crCo.pICR)->CSW.hCCC(cap/cast)@E-E-OBY_0
11-04 20:41:20.600  2935  6689 I Telecom : MotoCallsManager: setCallState DIALING -> DIALING, call: [Call id=TC@11, state=DIALING, tpac=ComponentInfo{com.android.phone/com.android.services.telephony.TelephonyConnectionService}, 1, UserHandle{0}, cmgr=ComponentInfo{com.android.phone/com.android.services.telephony.TelephonyConnectionService}, 1, UserHandle{0}, handle=tel:%2B13526739015, vidst=A, childs(0), has_parent(false), cap=[ sup_hld mut !v2a], prop=[], voip=false, gthpst=1, vzwAudioData=[VzwAudioData : UserSelectedAudioMode : -1 AudioMode : -1]], mIsConference(false)]: (...->CS.crCo->H.CS.crCo->H.CS.crCo.pICR)->CSW.hCCC(cap/cast)@E-E-OBY_0
11-04 20:41:20.600  2935  6672 D ActivityManager: Set 23545 com.google.android.gms.persistent adj 0: service (ProcessRecord{e3c3373 25375:com.google.android.dialer/u0a191})
11-04 20:41:20.600  2935  6672 I framework_stats_log: [SERVICE_LAUNCH_REPORTED, 10194, com.google.android.gms, com.google.android.gms.wearable.service.WearableService]
11-04 20:41:20.601  2935  4500 V Telecom : Logging: CONTINUE_SUBSESSION: (...->CS.crCo->H.CS.crCo->H.CS.crCo.pICR)->CSW.hCCC->CARSM.pM_UPDATE_SYSTEM_AUDIO_ROUTE(cap/cast)@E-E-OBY_0_3
11-04 20:41:20.601  2935  4500 I Telecom : MotoCallAudioRouteStateMachine: Message received: UPDATE_SYSTEM_AUDIO_ROUTE=1201, arg1=0: (...->CS.crCo->H.CS.crCo->H.CS.crCo.pICR)->CSW.hCCC->CARSM.pM_UPDATE_SYSTEM_AUDIO_ROUTE(cap/cast)@E-E-OBY_0_3
11-04 20:41:20.601  2935  4500 I Telecom : ActiveEarpieceRoute: Processing message UPDATE_SYSTEM_AUDIO_ROUTE: (...->CS.crCo->H.CS.crCo->H.CS.crCo.pICR)->CSW.hCCC->CARSM.pM_UPDATE_SYSTEM_AUDIO_ROUTE(cap/cast)@E-E-OBY_0_3
11-04 20:41:20.601  2935  6672 I framework_stats_log: [SERVICE_REQUEST_EVENT_REPORTED, 10194, 10191, BIND, 2, false, 1]
11-04 20:41:20.602  2935  6689 D Telecom : ConnectionServiceWrapper: TC -> CS[cap]: createConnectionComplete TC@11_1: (...->CS.crCo->H.CS.crCo->H.CS.crCo.pICR)->CSW.hCCC(cap/cast)@E-E-OBY_0
11-04 20:41:20.602  2935  6689 V Telecom : Logging: END_SUBSESSION (dur: 53 mS): (...->CS.crCo->H.CS.crCo->H.CS.crCo.pICR)->CSW.hCCC(cap/cast)@E-E-OBY_0
11-04 20:41:20.602  2935  6689 D Telecom : Logging: START_SESSION
11-04 20:41:20.602  2935  6689 D Telecom : ConnectionServiceWrapper: CS -> TC[cap]: setStatusHints TC@11_1 null: CSW.sSH(cap)@OB8
11-04 20:41:20.602  2935  6689 D Telecom : InCallController: mCallListener, onStatusHintsChanged: CSW.sSH(cap)@OB8
11-04 20:41:20.602  2935  6689 I Telecom : InCallController: Sending updateCall [Call id=TC@11, state=DIALING, tpac=ComponentInfo{com.android.phone/com.android.services.telephony.TelephonyConnectionService}, 1, UserHandle{0}, cmgr=ComponentInfo{com.android.phone/com.android.services.telephony.TelephonyConnectionService}, 1, UserHandle{0}, handle=tel:%2B13526739015, vidst=A, childs(0), has_parent(false), cap=[ sup_hld mut !v2a], prop=[], voip=false, gthpst=1, vzwAudioData=[VzwAudioData : UserSelectedAudioMode : -1 AudioMode : -1]], mIsConference(false)]: CSW.sSH(cap)@OB8
11-04 20:41:20.603  2935  4768 W ActivityManager: Foreground service started from background can not have location/camera/microphone access: service com.dish.wireless.activation/.roadrunner.service.RoadRunnerService
11-04 20:41:20.603  2935  6689 I Telecom : InCallController: Components updated: [ComponentInfo{com.android.bluetooth/com.android.bluetooth.telephony.BluetoothInCallService}, ComponentInfo{com.google.android.dialer/com.android.incallui.InCallServiceImpl}, ComponentInfo{com.qualcomm.qtil.btdsda/com.qualcomm.qtil.btdsda.BtDsDaService}, ComponentInfo{com.motorola.bach.modemstats/com.motorola.bach.modemstats.call.MPhoneInCallService}]: CSW.sSH(cap)@OB8
11-04 20:41:20.603  2935  4768 I ActivityManager: Background started FGS: Allowed [callingPackage: com.dish.wireless.activation; callingUid: 10178; uidState: FGS ; intent: Intent { cmp=com.dish.wireless.activation/.roadrunner.service.RoadRunnerService }; code:PROC_STATE_FGS; tempAllowListReason:<,reasonCode:SYSTEM_ALLOW_LISTED,duration:9223372036854775807,callingUid:-1>; targetSdkVersion:33; callerTargetSdkVersion:33; startForegroundCount:10; bindFromPackage:null]
11-04 20:41:20.603  2935  6689 V Telecom : Logging: END_SUBSESSION (dur: 1 mS): CSW.sSH(cap)@OB8
11-04 20:41:20.603  2935  6689 D Telecom : Logging: END_SESSION (dur: 1 ms): CSW.sSH(cap)@OB8
11-04 20:41:20.604  2935  4768 I framework_stats_log: [FOREGROUND_SERVICE_STATE_CHANGED, 10178, com.dish.wireless.activation/.roadrunner.service.RoadRunnerService, 1, false, 14, 33, 10178, 33, -1, false, true, 0, 11, 254229754, true, 0]
11-04 20:41:20.604  2935  4768 I am_foreground_service_start: [0,com.dish.wireless.activation/.roadrunner.service.RoadRunnerService,0,PROC_STATE_FGS,33,33,0,1,0,11,UNKNOWN]
11-04 20:41:20.605  2935  4770 V Telecom : Logging: END_SUBSESSION (dur: 15 mS): TSI.getCallStateUsingPackage@OB0
11-04 20:41:20.605  2935  4770 D Telecom : Logging: END_SESSION (dur: 15 ms): TSI.getCallStateUsingPackage@OB0
11-04 20:41:20.605  2935  4768 D BroadcastQueue_background: broadcastBegin: hashCode=195599858, Order-CurBroadcast, toUser=-1, dispatchTime=14, ordered=false, sticky=false, Intent { act=android.intent.action.PHONE_STATE flg=0x1000010 (has extras) }
11-04 20:41:20.606  2935  3833 V Telecom : Logging: END_SUBSESSION (dur: 10 mS): TSI.gDDP@OB4
11-04 20:41:20.606  2935  3833 D Telecom : Logging: END_SESSION (dur: 10 ms): TSI.gDDP@OB4
11-04 20:41:20.606  2935  4768 D ActivityManager: Set 3137 com.motorola.carriersettingsext adj 0: started-services (null)
11-04 20:41:20.607  2935  4768 D BroadcastQueue: broadcastComplete: hashCode=195599858, Order-CurBroadcast, costTime=2
11-04 20:41:20.607  2935  4768 D BroadcastQueue:     app=3137:com.motorola.carriersettingsext/u0a170, costTime=2
11-04 20:41:20.608  2935  3183 I am_wtf  : [0,2935,system_server,-1,ActivityManager,Background started FGS: Allowed [callingPackage: com.dish.wireless.activation; callingUid: 10178; uidState: FGS ; intent: Intent { cmp=com.dish.wireless.activation/.roadrunner.service.RoadRunnerService }; code:PROC_STATE_FGS; tempAllowListReason:<,reasonCode:SYSTEM_ALLOW_LISTED,duration:9223372036854775807,callingUid:-1>; targetSdkVersion:33; callerTargetSdkVersion:33; startForegroundCount:10; bindFromPackage:null]]
11-04 20:41:20.608  2935  2935 I notification_enqueue: [10191,25375,com.google.android.dialer,1,NULL,0,Notification(channel=phone_ongoing_call shortcut=null contentView=null vibrate=null sound=null defaults=0x0 flags=0x4a color=0xffb6c9d8 category=call actions=3 vis=PRIVATE publicVersion=Notification(channel=null shortcut=null contentView=null vibrate=null sound=null defaults=0x0 flags=0x0 color=0xffb6c9d8 vis=PRIVATE)),1]
11-04 20:41:20.608  2935  3183 I framework_stats_log: [WTF_OCCURRED, 1000, ActivityManager, system_server, 2935, 0]
11-04 20:41:20.609  2935  5219 D JobScheduler: Enqueueing job: (job:1000/com.motorola.carriersettingsext/.wfc.WfcJobIntentService) work: JobWorkItem{id=0 intent=Intent { act=android.intent.action.PHONE_STATE flg=0x1000010 cmp=com.motorola.carriersettingsext/.wfc.WFCReceiver (has extras) }}
11-04 20:41:20.609  2935  5219 I framework_stats_log: [SCHEDULED_JOB_STATE_CHANGED, [10170], [null], com.motorola.carriersettingsext/.wfc.WfcJobIntentService, 2, -1, 6, 1000, false, false, false, false, true, false, false, false, false, false, 0, false, 300, 300, 0]
11-04 20:41:20.609  2935  5219 D PowerManagerService: acquireWakeLockInternal: lock=106432547, flags=0x1, tag=\"*job*/com.motorola.carriersettingsext/.wfc.WfcJobIntentService\", ws=WorkSource{10170 com.motorola.carriersettingsext}, uid=1000, pid=2935, packageName=\"android\", displayId=-1
11-04 20:41:20.610  2935  5219 D PowerManagerService: acquireWakeLockInternal: lock=67653920, flags=0x1, tag=\"*job*/com.motorola.carriersettingsext/.wfc.WfcJobIntentService\", ws=WorkSource{10170 com.motorola.carriersettingsext}, uid=1000, pid=2935, packageName=\"android\", displayId=-1
11-04 20:41:20.611  2935  5219 I framework_stats_log: [PROCESS_STATE_CHANGED, 10170, com.motorola.carriersettingsext, com.motorola.carriersettingsext, 1007, 33]
11-04 20:41:20.611  2935  5219 I framework_stats_log: [SERVICE_LAUNCH_REPORTED, 10170, com.motorola.carriersettingsext, com.motorola.carriersettingsext.wfc.WfcJobIntentService]
11-04 20:41:20.612  2935  3227 I framework_stats_log: [UID_PROCESS_STATE_CHANGED, 10170, 1007]
11-04 20:41:20.613  2935  5219 I framework_stats_log: [SERVICE_REQUEST_EVENT_REPORTED, 10170, 1000, null, 2, false, 1]
11-04 20:41:20.613  2935  5219 I framework_stats_log: [SCHEDULED_JOB_STATE_CHANGED, [10170], [null], com.motorola.carriersettingsext/.wfc.WfcJobIntentService, 1, -1, 6, 1000, false, false, false, false, true, false, false, false, false, false, 0, false, 300, 300, 0]
11-04 20:41:20.613  2935  5219 D PowerManagerService: releaseWakeLockInternal: lock=106432547 [*job*/com.motorola.carriersettingsext/.wfc.WfcJobIntentService], flags=0x0, packageName=\"android\", displayId=-1
11-04 20:41:20.613  2935  2935 I notification_enqueue: [10178,8946,com.dish.wireless.activation,3001,NULL,0,Notification(channel=Dish Roadrunner shortcut=null contentView=null vibrate=null sound=null defaults=0x0 flags=0x40 color=0x00000000 category=service vis=PRIVATE),0]
11-04 20:41:20.614  2935  3044 I Telecom : PhoneAccountRegistrar: getSimCallManager: SimCallManager for subId 1 queried, returning: null
11-04 20:41:20.614  2935  3044 D Telecom : PhoneAccountRegistrar: getSimCallManagerFromHandle: targetPhac=ComponentInfo{com.android.phone/com.android.services.telephony.TelephonyConnectionService}, 1, UserHandle{0}, subId=1, scm=null
11-04 20:41:20.614  2935  3044 D Telecom : Logging: START_SESSION
11-04 20:41:20.614  2935  3044 V Telecom : Logging: END_SUBSESSION (dur: 0 mS): TSI.gPA@OCA
11-04 20:41:20.614  2935  3044 D Telecom : Logging: END_SESSION (dur: 0 ms): TSI.gPA@OCA
11-04 20:41:20.614  2935  4500 I Telecom : MotoCallAudioRouteStateMachine: setSystemAudioState: changing from [AudioState isMuted: false, route: EARPIECE, supportedRouteMask: EARPIECE, SPEAKER, activeBluetoothDevice: [null], supportedBluetoothDevices: []] to [AudioState isMuted: false, route: EARPIECE, supportedRouteMask: EARPIECE, SPEAKER, activeBluetoothDevice: [null], supportedBluetoothDevices: []]: (...->CS.crCo->H.CS.crCo->H.CS.crCo.pICR)->CSW.hCCC->CARSM.pM_UPDATE_SYSTEM_AUDIO_ROUTE(cap/cast)@E-E-OBY_0_3
11-04 20:41:20.614  2935  4500 V Telecom : MotoCallsManager: onAudioStateChanged, audioState: [AudioState isMuted: false, route: EARPIECE, supportedRouteMask: EARPIECE, SPEAKER, activeBluetoothDevice: [null], supportedBluetoothDevices: []] -> [AudioState isMuted: false, route: EARPIECE, supportedRouteMask: EARPIECE, SPEAKER, activeBluetoothDevice: [null], supportedBluetoothDevices: []]: (...->CS.crCo->H.CS.crCo->H.CS.crCo.pICR)->CSW.hCCC->CARSM.pM_UPDATE_SYSTEM_AUDIO_ROUTE(cap/cast)@E-E-OBY_0_3
11-04 20:41:20.614  2935  4500 I Telecom : InCallController: Calling onAudioStateChanged, audioState: [AudioState isMuted: false, route: EARPIECE, supportedRouteMask: EARPIECE, SPEAKER, activeBluetoothDevice: [null], supportedBluetoothDevices: []] -> [AudioState isMuted: false, route: EARPIECE, supportedRouteMask: EARPIECE, SPEAKER, activeBluetoothDevice: [null], supportedBluetoothDevices: []]: (...->CS.crCo->H.CS.crCo->H.CS.crCo.pICR)->CSW.hCCC->CARSM.pM_UPDATE_SYSTEM_AUDIO_ROUTE(cap/cast)@E-E-OBY_0_3
11-04 20:41:20.615  2935  4500 D Telecom : ConnectionServiceWrapper: TC -> CS[cap]: onCallAudioStateChanged TC@11_1 [AudioState isMuted: false, route: EARPIECE, supportedRouteMask: EARPIECE, SPEAKER, activeBluetoothDevice: [null], supportedBluetoothDevices: []]: (...->CS.crCo->H.CS.crCo->H.CS.crCo.pICR)->CSW.hCCC->CARSM.pM_UPDATE_SYSTEM_AUDIO_ROUTE(cap/cast)@E-E-OBY_0_3
11-04 20:41:20.615  2935  4500 V Telecom : Logging: END_SUBSESSION (dur: 15 mS): (...->CS.crCo->H.CS.crCo->H.CS.crCo.pICR)->CSW.hCCC->CARSM.pM_UPDATE_SYSTEM_AUDIO_ROUTE(cap/cast)@E-E-OBY_0_3
11-04 20:41:20.619  2935  4768 W BroadcastQueue: Permission Denial: receiving Intent { act=android.intent.action.PHONE_STATE flg=0x1000010 (has extras) } to com.callapp.contacts/.receiver.PhoneStateReceiver requires android.permission.READ_PHONE_STATE due to sender android (uid 1000)
11-04 20:41:20.620  2935  3183 D BroadcastQueue_background: broadcastBegin: hashCode=236423381, Order-CurBroadcast, toUser=-1, dispatchTime=29, ordered=false, sticky=false, Intent { act=android.intent.action.PHONE_STATE flg=0x1000010 (has extras) }
11-04 20:41:20.625  2935  3183 D BroadcastQueue: broadcastComplete: hashCode=236423381, Order-CurBroadcast, costTime=5
11-04 20:41:20.625  2935  3183 D BroadcastQueue:     app=8946:com.dish.wireless.activation/u0a178, costTime=5
11-04 20:41:20.628  2935  5219 D ActivityManager: Set 3137 com.motorola.carriersettingsext adj 250: service (ProcessRecord{d51e26c 2935:system/1000})
11-04 20:41:20.628  2935  4768 W BroadcastQueue: Permission Denial: receiving Intent { act=android.intent.action.PHONE_STATE flg=0x1000010 (has extras) } to com.motorola.carriersettingsext/.wfc.WFCReceiver requires android.permission.READ_PHONE_STATE due to sender android (uid 1000)
11-04 20:41:20.629  2935  3044 I framework_stats_log: [SERVICE_STATE_CHANGED, 10194, com.google.android.gms, com.google.android.gms.wearable.service.WearableService, 2]
11-04 20:41:20.630  2935  3183 W BroadcastQueue: Permission Denial: receiving Intent { act=android.intent.action.PHONE_STATE flg=0x1000010 (has extras) } to com.callapp.contacts/.receiver.PhoneStateReceiver requires android.permission.READ_PHONE_STATE due to sender android (uid 1000)
11-04 20:41:20.630  2935  3183 D BroadcastQueue_background: broadcastBegin: hashCode=148569355, Order-CurBroadcast, toUser=-1, dispatchTime=33, ordered=false, sticky=false, Intent { act=android.intent.action.PHONE_STATE flg=0x1000010 (has extras) }
11-04 20:41:20.633  2935  3183 D BroadcastQueue: broadcastComplete: hashCode=148569355, Order-CurBroadcast, costTime=3
11-04 20:41:20.633  2935  3183 D BroadcastQueue:     app=8946:com.dish.wireless.activation/u0a178, costTime=3
11-04 20:41:20.634  2935  6689 W BroadcastQueue: Permission Denial: receiving Intent { act=android.intent.action.PHONE_STATE flg=0x1000010 (has extras) } to com.motorola.carriersettingsext/.wfc.WFCReceiver requires android.permission.READ_PHONE_STATE due to sender android (uid 1000)
11-04 20:41:20.635  2935  4768 D ActivityManager: Set 23545 com.google.android.gms.persistent adj 100: service (ProcessRecord{e3c3373 25375:com.google.android.dialer/u0a191})
11-04 20:41:20.637  4118  4118 D SubscriptionController: getSubscriptionProperty Query value = -1
11-04 20:41:20.639  2935  6689 I framework_stats_log: [SERVICE_STATE_CHANGED, 10194, com.google.android.gms, com.google.android.gms.wearable.service.WearableService, 2]
11-04 20:41:20.646  2935  5219 I framework_stats_log: [SCHEDULED_JOB_STATE_CHANGED, [10170], [null], com.motorola.carriersettingsext/.wfc.WfcJobIntentService, 0, 10, 6, 1000, false, false, false, false, true, false, false, false, false, false, 0, false, 300, 300, 0]
11-04 20:41:20.646  2935  5219 D PowerManagerService: releaseWakeLockInternal: lock=67653920 [*job*/com.motorola.carriersettingsext/.wfc.WfcJobIntentService], flags=0x0, packageName=\"android\", displayId=-1
11-04 20:41:20.647  2935  5219 D ActivityManager: Set 3137 com.motorola.carriersettingsext adj 0: exec-service (null)
11-04 20:41:20.647  2935  5219 I framework_stats_log: [PROCESS_STATE_CHANGED, 10170, com.motorola.carriersettingsext, com.motorola.carriersettingsext, 1009, 33]
11-04 20:41:20.648  2935  3227 I framework_stats_log: [UID_PROCESS_STATE_CHANGED, 10170, 1009]
11-04 20:41:20.648  2935  4770 I framework_stats_log: [SYNC_EXEMPTION_OCCURRED, 10304, 6, true, 2]
11-04 20:41:20.649  2935  4770 I framework_stats_log: [SYNC_EXEMPTION_OCCURRED, 10304, 6, true, 2]
11-04 20:41:20.650  2935  3833 D Telecom : Logging: START_SESSION
11-04 20:41:20.650  2935  3833 D Telecom : ConnectionServiceWrapper: CS -> TC[cap]: removeExtra TC@11_1 [android.telecom.extra.DISABLE_ADD_CALL]: CSW.rE(cap)@OCE
