10-11 16:24:00.976  2262  2262 D KeyguardUpdateMonitor: handlePhoneStateChanged(RINGING)
10-11 16:24:00.976  2262  2262 D KeyguardViewMediator: onPhoneStateChanged RINGING => RINGING
10-11 16:24:00.976  2262  2262 I FaceWidgetWindowManager: removeAllViews
10-11 16:24:00.977  2262  2262 D KeyguardFingerprint: updateFingerprintListeningState#mFingerprintRunningState=0 shouldListenForFingerprint=false isUdfpsEnrolled=false bioType : 0
10-11 16:24:00.977  2262  2262 D KeyguardUpdateMonitor: received broadcast android.intent.action.PHONE_STATE
10-11 16:24:00.977  1259 16378 I Telecom:SamsungEnterpriseDeviceManagerAdapterImpl: isCallerIDDisplayAllowed : true
10-11 16:24:00.977  1259 16378 D Telecom:SamsungRingingTimeCallAddedTimeMarker:  callAddedElapsedTime : 4601200083
10-11 16:24:00.977  2262  2262 D IndicatorTouchHandler: ACTION_PHONE_STATE_CHANGED GED=true, Samsung=true
10-11 16:24:00.977  2262  2262 D KeyguardUpdateMonitor: handlePhoneStateChanged(RINGING)
10-11 16:24:00.977  1259 16378 I Telecom : Event: RecordEntry TC@2489: FILTERING_COMPLETED, [Allow, logged, notified, mCallScreeningAppName = Phone, mCallScreeningComponentName = com.samsung.android.dialer/com.samsung.android.dialtacts.model.component.service.callscreeningservice.CallScreeningServiceImpl]: NCSSF.aC->ICFG.sF->ICFG.sF->ICFG.sF@oMM
10-11 16:24:00.977  2262  2262 D KeyguardViewMediator: onPhoneStateChanged RINGING => RINGING
10-11 16:24:00.977  2262  2262 I FaceWidgetWindowManager: removeAllViews
10-11 16:24:00.979  1259  1707 I am_uid_running: 10110
10-11 16:24:00.979 10292 10292 V BluetoothEventManager: onReceive :: android.intent.action.PHONE_STATE
10-11 16:24:00.979  2262  2262 D KeyguardFingerprint: updateFingerprintListeningState#mFingerprintRunningState=0 shouldListenForFingerprint=false isUdfpsEnrolled=false bioType : 0
10-11 16:24:00.982  1259  1707 D CompatibilityChangeReporter: Compat change id reported: 135634846; UID 10110; state: DISABLED
10-11 16:24:00.982  1259  1707 D CompatibilityChangeReporter: Compat change id reported: 177438394; UID 10110; state: DISABLED
10-11 16:24:00.982  1259  1707 D CompatibilityChangeReporter: Compat change id reported: 135772972; UID 10110; state: DISABLED
10-11 16:24:00.982  1259  1707 D CompatibilityChangeReporter: Compat change id reported: 135754954; UID 10110; state: ENABLED
10-11 16:24:00.982  1259  1708 D CompatibilityChangeReporter: Compat change id reported: 143937733; UID 10110; state: ENABLED
10-11 16:24:00.984  1259 16405 I dvm_lock_sample: [system_server,0,Thread-29279,78,SamsungRespondViaSmsManager.java,43,boolean com.samsung.server.telecom.basiccall.respondviasms.SamsungRespondViaSmsManager.loadCannedTextMessages(android.telecom.Response, android.content.Context),IncomingCallFilterGraph.java,90,com.android.server.telecom.callfiltering.CallFilteringResult com.android.server.telecom.callfiltering.IncomingCallFilterGraph$PostFilterTask.whenDone(com.android.server.telecom.callfiltering.CallFilteringResult),15]
10-11 16:24:00.985  1259  1259 I Telecom : Event: RecordEntry TC@2489: ICS_SERVICE_CONNECTED, com.samsung.android.incallui/com.android.incallui.InCallServiceImpl, android.os.BinderProxy@3376fa8, false, true, false, 2: ICSBC.oSC(csai)@oMU
10-11 16:24:00.985  1259  1259 I Telecom : InCallController: onConnected to ComponentInfo{com.samsung.android.incallui/com.android.incallui.InCallServiceImpl}: ICSBC.oSC(csai)@oMU
10-11 16:24:00.985  1259  1259 I Telecom : InCallController: trackCallingUserInterfaceStarted: com.samsung.android.incallui is now calling UX.: ICSBC.oSC(csai)@oMU
10-11 16:24:00.986  1259  1259 I Telecom : InCallController: Adding 1 calls to InCallService after onConnected: ComponentInfo{com.samsung.android.incallui/com.android.incallui.InCallServiceImpl}, including external calls: ICSBC.oSC(csai)@oMU
10-11 16:24:00.987  1259  1259 I Telecom:SamsungConnectionServiceCallEvent: sendCallEvent - callId : TC@2489 / event : com.samsung.telecom.CALL_EVENT_ADD_CALL / extras : null
10-11 16:24:00.988  1259  1259 I Telecom : Event: RecordEntry TC@2489: CALL_EVENT, com.samsung.telecom.CALL_EVENT_ADD_CALL: ICSBC.oSC(csai)@oMU
10-11 16:24:00.988  1259  1259 D Telecom:SamsungCallAudioManager: onSendCallEvent - event : com.samsung.telecom.CALL_EVENT_ADD_CALL
10-11 16:24:00.988  1259  1259 I Telecom : ConnectionServiceWrapper: TC -> CS[cap]: sendCallEvent TC@2489_1 com.samsung.telecom.CALL_EVENT_ADD_CALL: ICSBC.oSC(csai)@oMU
10-11 16:24:00.989  1259  1259 I Telecom:SamsungConnectionManager: getRequestConnectionService - targetPhoneAccountHandle : ComponentInfo{com.android.phone/com.android.services.telephony.TelephonyConnectionService}, 1, UserHandle{0} / connectionMgrAccountHandle : ComponentInfo{com.android.phone/com.android.services.telephony.TelephonyConnectionService}, 1, UserHandle{0}
10-11 16:24:00.989  2232  2232 I TelecomFramework: TelephonyConnectionService: sendCallEvent(TC@2489_1, com.samsung.telecom.CALL_EVENT_ADD_CALL): (ICSBC.oSC)->CS.sCE->H.CS.sCE(csai/cast)@E-oMU
10-11 16:24:00.989  2232  2232 D Telephony: SamsungTelephonyConnection: onCallEvent
10-11 16:24:00.990  2232  2232 I Telephony: SamsungAutoAnswerConnectionService: canAutoAnsweringWithoutDevice: 0
10-11 16:24:00.991  2232  2232 D CmcSettingManager: getOwnCmcActivation
10-11 16:24:00.991  2232  2232 D CmcSettingManager: cmc activation : 0
10-11 16:24:00.991  2232  2232 I Telephony: SamsungTransferConnection: onCallEvent: com.samsung.telecom.CALL_EVENT_ADD_CALL
10-11 16:24:00.991  2232  2232 I Telephony: SamsungImsInterfaceConnection: SamsungTelephonyConnectionListener.onCallEvent: com.samsung.telecom.CALL_EVENT_ADD_CALL
10-11 16:24:00.993   864   864 D Zygote  : Forked child process 16407
10-11 16:24:00.993  1259  1708 I am_proc_start: [0,16407,10110,com.samsung.android.service.stplatform,broadcast,{com.samsung.android.service.stplatform/com.samsung.android.service.stplatform.receivers.TelephonyIntentReceiver}]
10-11 16:24:00.993  1259  1708 I ActivityManager: Start proc 16407:com.samsung.android.service.stplatform/u0a110 for broadcast {com.samsung.android.service.stplatform/com.samsung.android.service.stplatform.receivers.TelephonyIntentReceiver}
10-11 16:24:00.998  1259  1259 I Telecom:SamsungRespondViaSmsRepositoryImpl: isRespondViaSmsCapable - phoneNumber : 198*****060 / presentation : 1 / hasRespondViaSmsCapable : false / isRespondViaSmsCapable : false / userHandle : UserHandle{0}
10-11 16:24:00.998  1140  1551 D AF::TrackHandle: OpPlayAudio: track:63 usage:2 not muted
10-11 16:24:00.999  1259  1259 I Telecom:Telecom_Timing: addCall to IncallService for GANGA
10-11 16:24:00.999  1140  1551 D AF::TrackHandle: OpPlayAudio: track:63 usage:2 not muted
10-11 16:24:00.999  1259  1259 I Telecom : ConnectionServiceWrapper: TC -> CS[cap]: onTrackedByNonUiService true: ICSBC.oSC(csai)@oMU
10-11 16:24:00.999  1140  1551 D AF::TrackHandle: OpPlayAudio: track:63 usage:2 not muted
10-11 16:24:01.000  1259  1259 I Telecom : Event: RecordEntry TC@2489: ICS_ADD_CALL, onConnected - [ComponentInfo{com.samsung.android.incallui/com.android.incallui.InCallServiceImpl} supportsExternal? true supportsSelfMg?false supportsAllowedSelfMg?false], 2: ICSBC.oSC(csai)@oMU
10-11 16:24:01.000  1140  1551 D AF::TrackHandle: OpPlayAudio: track:63 usage:2 not muted
10-11 16:24:01.000  2232  2232 I TelecomFramework: TelephonyConnectionService: onTrackedByNonUiService TC@2489_1 true: (ICSBC.oSC)->CS.tBNUS->H.CS.tBNUS(csai/cast)@E-oMU
10-11 16:24:01.000  1259  1259 I Telecom : InCallController: 1 calls sent to InCallService.: ICSBC.oSC(csai)@oMU
10-11 16:24:01.001  1140 19013 D AF::TrackHandle: OpPlayAudio: track:63 usage:2 not muted
10-11 16:24:01.001  1259  1259 I Telecom:Telecom_Timing: onServiceConnected from IncallService for GANG-ext
10-11 16:24:01.001  1259  2892 I Telecom : CallAudioRouteStateMachine: setSystemAudioState: changing from [AudioState isMuted: false, route: EARPIECE, supportedRouteMask: EARPIECE, SPEAKER, activeBluetoothDevice: [null], supportedBluetoothDevices: []] to [AudioState isMuted: false, route: EARPIECE, supportedRouteMask: EARPIECE, SPEAKER, activeBluetoothDevice: [null], supportedBluetoothDevices: []]: NCSSF.aC->ICFG.sF->ICFG.sF->ICFG.sF->CARSM.pM_UPDATE_SYSTEM_AUDIO_ROUTE@oMM
10-11 16:24:01.001  1259  2892 I Telecom : InCallController: Calling onAudioStateChanged, audioState: [AudioState isMuted: false, route: EARPIECE, supportedRouteMask: EARPIECE, SPEAKER, activeBluetoothDevice: [null], supportedBluetoothDevices: []] -> [AudioState isMuted: false, route: EARPIECE, supportedRouteMask: EARPIECE, SPEAKER, activeBluetoothDevice: [null], supportedBluetoothDevices: []]: NCSSF.aC->ICFG.sF->ICFG.sF->ICFG.sF->CARSM.pM_UPDATE_SYSTEM_AUDIO_ROUTE@oMM
10-11 16:24:01.002  1259  2892 I Telecom : ConnectionServiceWrapper: TC -> CS[cap]: onCallAudioStateChanged TC@2489_1 [AudioState isMuted: false, route: EARPIECE, supportedRouteMask: EARPIECE, SPEAKER, activeBluetoothDevice: [null], supportedBluetoothDevices: []]: NCSSF.aC->ICFG.sF->ICFG.sF->ICFG.sF->CARSM.pM_UPDATE_SYSTEM_AUDIO_ROUTE@oMM
10-11 16:24:01.003  2232  2232 I TelecomFramework: TelephonyConnectionService: onAudioStateChanged TC@2489_1 [AudioState isMuted: false, route: EARPIECE, supportedRouteMask: EARPIECE, SPEAKER, activeBluetoothDevice: [null], supportedBluetoothDevices: []]: (NCSSF.aC->ICFG.sF->ICFG.sF->ICFG.sF->CARSM.pM_UPDATE_SYSTEM_AUDIO_ROUTE)->CS.cASC->H.CS.cASC(cast)@E-oMM
10-11 16:24:01.003  2232  2232 D Telephony: SamsungTelephonyConnection: onCallAudioStateChanged
10-11 16:24:01.004  1259  3225 D Telecom-Connection: addVideoCallback - videoCallbackBinder: android.os.BinderProxy@83d79a7
10-11 16:24:01.005  2262  2479 V BluetoothEventManager: onReceive :: android.intent.action.PHONE_STATE
10-11 16:24:01.005  2262  2262 D QSMumButton: needToBeVisible() result:false [MumSetting?false = (TwoPhoneSetting:false || (somethingInDetail:true && Pref:false && Settings:false)), DEX-(DeviceState?false, DesktopManager?false, SemDesktopModeStateEnable?false) Panel-mExpanded?false, RepairModeUser?false]
10-11 16:24:01.005 12773 12773 I SCallUI : ViewModelsManager - ViewModelLifecycle: onPrepare, ViewModelStatusOwner{Status: PREPARE, Mask: BIND}
10-11 16:24:01.005  2262  2479 V BluetoothEventManager: onReceive :: android.intent.action.PHONE_STATE
10-11 16:24:01.006 12773 12773 I SCallUI : ModelsFactory@1127e60 - CallUIPerf: setUp
10-11 16:24:01.006  2262  2479 V BluetoothEventManager: onReceive :: android.intent.action.PHONE_STATE
10-11 16:24:01.007 12773 12773 I SCallUI : ClearCoverRepository - setUp
10-11 16:24:01.007 12773 12773 W ScoverManager: registerListener : This device is not supported cover
10-11 16:24:01.007 12773 12773 W ScoverManager: getCoverState : This device is not supported cover
10-11 16:24:01.007  1259 32310 I Telecom:RingtoneFactory: isWorkContact= false contactCallerInfo= android.telecom.CallerInfo@bdb8459 { name null, phoneNumber non-null }
10-11 16:24:01.007  1259 32310 I Telecom:SamsungRingtoneHelper: getSamsungRingTone - ringtoneUri: null
10-11 16:24:01.007  1259 32310 I Telecom:SamsungRingerInfo: mGroupRingtoneUriForKnoxContact = 
10-11 16:24:01.007  1259 32310 I Telecom:SamsungRingerInfo: mGroupRingtoneUri = 
10-11 16:24:01.007  1259 32310 I Telecom:SamsungRingerInfo: getActualGroupRingtoneUri uri = 
10-11 16:24:01.007  1259 32310 I Telecom:SamsungRingtoneHelper: getSamsungRingTone - groupRingtoneUri: 
10-11 16:24:01.007  1259 32310 I Telecom:SamsungRingtoneHelper: getSamsungFeatureRingtoneUri Uri.EMPTY
10-11 16:24:01.007  1259 32310 I Telecom:SamsungRingtoneHelper: getSamsungRingTone - specialUri: 
10-11 16:24:01.007  1259 32310 I Telecom:SamsungRingtoneHelper: getSamsungRingTone - ringtone: null
10-11 16:24:01.008  1259 32310 I Telecom:RingtoneFactory: userContext UserHandle{0}
10-11 16:24:01.008  1259 32310 I Telecom:SamsungRingtoneHelper: syncParentSound : 1
10-11 16:24:01.008  1259 32310 I Telecom:RingtoneFactory: contextToUse.getUser: UserHandle{0} contextToUse: android.app.ContextImpl@b67de54
10-11 16:24:01.008 12773 12773 I SCallUI : AccountRepository - CallUIPerf: setUp
10-11 16:24:01.008  1259 32310 D RingtoneManager: getActualDefaultRingtoneUri  type    :1
10-11 16:24:01.008  1259 32310 I RingtoneManager: Ringtone value : content://media/internal/audio/media/102?title=Galaxy%20Bells&canonical=1
10-11 16:24:01.009  1259 32310 D Ringtone: highlight offset is : null
10-11 16:24:01.014  1259 32310 V MediaPlayer-JNI: native_setup
10-11 16:24:01.036 16407 16407 E vice.stplatform: Not starting debugger since process cannot load the jdwp agent.
10-11 16:24:01.038  1259 32310 V MediaPlayerNative: constructor
10-11 16:24:01.040  1259 32310 V MediaPlayerNative: setListener
10-11 16:24:01.047 16407 16407 D ActivityThread: setConscryptValidator
10-11 16:24:01.047 16407 16407 D ActivityThread: setConscryptValidator - put
10-11 16:24:01.051  1259  2466 I ActivityManager: DSS OFF for com.samsung.android.service.stplatform
10-11 16:24:01.051  1259  2466 I am_proc_bound: [0,16407,com.samsung.android.service.stplatform]
10-11 16:24:01.053  1259 32310 D CompatibilityChangeReporter: Compat change id reported: 149924527; UID 1000; state: ENABLED
10-11 16:24:01.054  1259 32310 D CompatibilityChangeReporter: Compat change id reported: 132649864; UID 1000; state: DISABLED
10-11 16:24:01.058  1259 32310 D CompatibilityChangeReporter: Compat change id reported: 182734110; UID 1000; state: ENABLED
10-11 16:24:01.059  1259 32310 D CompatibilityChangeReporter: Compat change id reported: 182734110; UID 1000; state: DISABLED
10-11 16:24:01.062 16407 16407 D CompatibilityChangeReporter: Compat change id reported: 171979766; UID 10110; state: ENABLED
10-11 16:24:01.087  1259  1289 I system_server: Background concurrent copying GC freed 429047(23MB) AllocSpace objects, 49(1064KB) LOS objects, 24% free, 74MB/98MB, paused 132us,164us total 156.174ms
10-11 16:24:01.102  1259  6431 D OpenGLRenderer: setSurface called with nullptr
10-11 16:24:01.103  3823  7291 W MediaProvider: Didn't find any volume for getVolume(/system/media/audio/ringtones/SoundTheme/Galaxy/Galaxy_Bells.ogg)
10-11 16:24:01.107  3823  7291 I MediaProvider: Open with lower FS for /system/media/audio/ringtones/SoundTheme/Galaxy/Galaxy_Bells.ogg. Uid: 1000
10-11 16:24:01.110  1259  1291 W System  : A resource failed to call HardwareBuffer.close. 
10-11 16:24:01.110  1259  1291 W System  : A resource failed to call HardwareBuffer.close. 
10-11 16:24:01.112  1259  1291 W System  : A resource failed to call release. 
10-11 16:24:01.112  1259  1291 W System  : A resource failed to call release. 
10-11 16:24:01.114  1259 32310 V MediaPlayer-JNI: setDataSourceFD: fd 794
10-11 16:24:01.114  1259 32310 V MediaPlayerNative: setDataSource(794, 0, 576460752303423487)
10-11 16:24:01.124  1424 27513 V MediaPlayerService: Create new client(4207) from AttributionSourceState{pid: 1259, uid: 1000, packageName: android, attributionTag: (null), token: {no toString() implemented}, renouncedPermissions: [], next: []}, 
10-11 16:24:01.127  1424 27513 V MediaPlayerService: setDataSource fd=8, offset=0, length=576460752303423487
10-11 16:24:01.127  1424 27513 V MediaPlayerService: st_dev  = 64772
10-11 16:24:01.127  1424 27513 V MediaPlayerService: st_mode = 33188
10-11 16:24:01.127  1424 27513 V MediaPlayerService: st_uid  = 0
10-11 16:24:01.127  1424 27513 V MediaPlayerService: st_gid  = 0
10-11 16:24:01.127  1424 27513 V MediaPlayerService: st_size = 242450
10-11 16:24:01.127  1424 27513 V MediaPlayerService: calculated length = 242450
10-11 16:24:01.128  1424 27513 V MediaPlayerService: player type = 4
10-11 16:24:01.134  1424 27513 D NuPlayerDriver: NuPlayerDriver(0xf21befc0) created, clientPid(1259)
10-11 16:24:01.219  1424 27513 V AudioSink: AudioOutput(452241)
10-11 16:24:01.220  1424 27513 V NuPlayerDriver: setDataSource(0xf21befc0) file(8)
10-11 16:24:01.220  1424 16427 V NuPlayer: kWhatSetAudioSink
10-11 16:24:01.221  1424 27513 V NuPlayer: setDataSourceAsync fd 8/0/242450 source: 0xf1ad7b80
10-11 16:24:01.221  1424 16427 V NuPlayer: kWhatSetDataSource
10-11 16:24:01.223  1259 32310 V MediaPlayer-JNI: setParameter: key 1400
10-11 16:24:01.224  1259 32310 V MediaPlayerNative: MediaPlayer::setParameter(1400)
10-11 16:24:01.224  1424 27513 V MediaPlayerService: [4207] setParameter(1400)
10-11 16:24:01.224  1424 27513 V MediaPlayerService: setAudioAttributes_l() usage=6 content=4 flags=0x800 tags=AUDIO_STREAM_RING
10-11 16:24:01.230  1259 32310 V MediaPlayer-JNI: setVolume: left 1.000000  right 1.000000
10-11 16:24:01.230  1259 32310 V MediaPlayerNative: MediaPlayer::setVolume(1.000000, 1.000000)
10-11 16:24:01.231  1424  1424 V MediaPlayerService: [4207] setVolume(1.000000, 1.000000)
10-11 16:24:01.231  1424  1424 V AudioSink: setVolume(1.000000, 1.000000)
10-11 16:24:01.231  1259 32310 V MediaPlayer-JNI: setLooping: 0
10-11 16:24:01.231  1259 32310 V MediaPlayerNative: MediaPlayer::setLooping
10-11 16:24:01.231  1424  1424 V MediaPlayerService: [4207] setLooping(0)
10-11 16:24:01.231  1259 32310 V MediaPlayerNative: setVideoSurfaceTexture
10-11 16:24:01.232  1424  1424 V MediaPlayerService: [4207] setVideoSurfaceTexture(0x0)
10-11 16:24:01.232  1259 32310 V MediaPlayerNative: prepare
10-11 16:24:01.232  1424  1424 V MediaPlayerService: [4207] setParameter(1400)
10-11 16:24:01.232  1424  1424 V MediaPlayerService: setAudioAttributes_l() usage=6 content=4 flags=0x800 tags=AUDIO_STREAM_RING
10-11 16:24:01.233  1424  1424 V MediaPlayerService: [4207] prepareAsync
10-11 16:24:01.233  1424  1424 V NuPlayerDriver: prepareAsync(0xf21befc0)
10-11 16:24:01.233  1424  1424 V NuPlayer: prepareAsync
10-11 16:24:01.233  1424 16427 V NuPlayer: onMessageReceived kWhatPrepare
10-11 16:24:01.234  1424 16427 I MediaMonitor: MediaMonitor()
10-11 16:24:01.239  2262  2479 D MobileStatusTracker(0/1): onDataActivity: direction=0
10-11 16:24:01.240  2262  2479 D MobileSignalController(0/1): notifyListener: enabled=true, connected=true, dataConnected=false, networkType=NR/NR_NSA is5gAvailable=false (5G_Connected), emergencyOnly=false, roaming=false, isDefault=false, dataActivity=, level=5, ca=false, mmWave=false, disabledDataIcon=false, simCard=ETC
10-11 16:24:01.242  1315  3863 I DrmManagerService(Native): value of perm = 2 return true from DRM FW
10-11 16:24:01.248  1315  3863 E SEC_DRM_PLUGIN_Omafl: OmaPlugin::onOpenDecryptSession(fd)::Drm2IsDrmFileByExtFd::file is NOT DRM by extension
10-11 16:24:01.249  1424 16429 D GenericSource: FileSource remote
10-11 16:24:01.273 16407 16407 I [SCPMLIB_1.0.0]RegistrationApi: register : com.samsung.android.service.stplatform, appId : drc3dsug9g
10-11 16:24:01.273 16407 16407 I [SCPMLIB_1.0.0]RegistrationApi: Method : register, Argument : com.samsung.android.service.stplatform
10-11 16:24:01.287 14686 14713 I [SCPMV2][RegistrationDataManager]: register: drc3dsug9g
10-11 16:24:01.290 14686 14713 I [SCPMV2][ConfigurationWhenRegister]: apply
10-11 16:24:01.291  1421 24344 I MediaExtractorFactory: Created an extractor 'SECOggExtractor' with confidence 0.51
10-11 16:24:01.297  1424 16429 I AnotherPacketSource: setFormat() : audio/vorbis
10-11 16:24:01.298 16407 16407 I [SCPMLIB_1.0.0]ConfigurationApi: initialize : drc3dsug9g, appVer : 1.6.00.13
10-11 16:24:01.298  1424 16429 V NuPlayer: Source::notifyPrepared 0
10-11 16:24:01.298 16407 16407 I [SCPMLIB_1.0.0]ConfigurationApi: Method : initialize, Argument : com.samsung.android.service.stplatform
10-11 16:24:01.298  1424 16427 V NuPlayer: onSourceNotify() kWhatFlagsChanged  FLAG_CAN_PAUSE: 1  FLAG_CAN_SEEK_BACKWARD: 1 
10-11 16:24:01.298  1424 16427 V NuPlayer: \t\t\t\t FLAG_CAN_SEEK_FORWARD: 1  FLAG_CAN_SEEK: 1  FLAG_DYNAMIC_DURATION: 0 
10-11 16:24:01.298  1424 16427 V NuPlayer: \t\t\t\t FLAG_SECURE: 0  FLAG_PROTECTED: 0
10-11 16:24:01.298  1424 16427 V NuPlayer: prepare posted successfully.
10-11 16:24:01.298  1424 16427 I NuPlayer: ORmode enabled : unsupportedAudio = 0, unsupportedVideo = 0, mHaveAudioTrack = 1, mHaveVideoTrack = 0
10-11 16:24:01.298  1424 16427 V MediaPlayerService: [4207] notify (200, 10973, 0)
10-11 16:24:01.298  1424 16427 V NuPlayer: NuPlayer::onSourceNotify Source::kWhatPrepared source: 0xf1ad7b80
10-11 16:24:01.298  1259  2215 V MediaPlayerNative: message received msg=200, ext1=10973, ext2=0
10-11 16:24:01.298  1259  2215 W MediaPlayerNative: info/warning (10973, 0)
10-11 16:24:01.300  1424 16427 V NuPlayer: extractMetadata Tracks : 1
10-11 16:24:01.300  1424 16427 V NuPlayer: enableInbandTextFromExtr
10-11 16:24:01.301  1424 16427 V NuPlayerDriver: notifyPrepareCompleted 0
10-11 16:24:01.301  1424 16427 V MediaPlayerService: [4207] notify (1, 0, 0)
10-11 16:24:01.301  1424 16427 V NuPlayerDriver: setAutoLooping mAutoLoop 1
10-11 16:24:01.301  1259  2215 V MediaPlayerNative: message received msg=1, ext1=0, ext2=0
10-11 16:24:01.301  1259  2215 V MediaPlayerNative: MediaPlayer::notify() prepared
10-11 16:24:01.301  1259  2215 V MediaPlayerNative: signal application thread
10-11 16:24:01.302  1259 32310 V MediaPlayerNative: prepare complete - status=0
10-11 16:24:01.302 14686 14713 I [SCPMV2][RegistrationDataManager]: cursor count : 1
10-11 16:24:01.303 14686 14713 I [SCPMV2][ConfigurationDataManager]: getConfiguration: appId = drc3dsug9g
10-11 16:24:01.303  1259 32310 V MediaPlayerNative: invoke 76
10-11 16:24:01.303  1424  1424 V NuPlayer: getTrackInfo
10-11 16:24:01.303  1424 16427 W NuPlayer: no name
10-11 16:24:01.303  1259 32310 D Ringtone: Successfully created local player
10-11 16:24:01.303  1259 32310 I Telecom:RingtoneFactory: defaultRingtoneUri: content://media/internal/audio/media/102?title=Galaxy%20Bells&canonical=1
10-11 16:24:01.303  1259 32310 V MediaPlayer-JNI: setVolume: left 0.000000  right 0.000000
10-11 16:24:01.304  1259 32310 V MediaPlayerNative: MediaPlayer::setVolume(0.000000, 0.000000)
10-11 16:24:01.304  1424  1424 V MediaPlayerService: [4207] setVolume(0.000000, 0.000000)
10-11 16:24:01.304  1424  1424 V AudioSink: setVolume(0.000000, 0.000000)
10-11 16:24:01.304  1259 32310 V MediaPlayer-JNI: reset
10-11 16:24:01.304  1259 32310 V MediaPlayerNative: reset
10-11 16:24:01.304  1424  1424 V MediaPlayerService: [4207] reset
10-11 16:24:01.304  1424  1424 D NuPlayerDriver: reset(0xf21befc0) at state 4
10-11 16:24:01.304  1424  1424 V NuPlayerDriver: updateMetrics(0xf21befc0) from reset at state 4
10-11 16:24:01.304  1424  1424 V NuPlayer: updateInternalTimers()
10-11 16:24:01.304  1424  1424 V NuPlayer: updatePlaybackTimer(snap)  time                    0 (updateInternalTimers)
10-11 16:24:01.304  1424  1424 V NuPlayer: updateRebufferingTimer(snap)  time                    0 (exiting 0)
10-11 16:24:01.304 14686 14713 I [SCPMV2][ConfigurationDataManager]: cursor count : 1
10-11 16:24:01.305  1424  1424 V NuPlayerDriver: logMetrics(0xf21befc0) from reset at state 4
10-11 16:24:01.305  1424  1424 V NuPlayerDriver: nothing to record (only 3 fields)
10-11 16:24:01.305 14686 14713 I [SCPMV2][ConfigurationDataManager]: initialize: appId = drc3dsug9g
10-11 16:24:01.305  1424 16427 V NuPlayer: kWhatReset
10-11 16:24:01.306  1424 16427 V NuPlayer: setDecoderBooster enable = No
10-11 16:24:01.306  1424 16427 V NuPlayer: updatePlaybackTimer(stop)  time                    0 (kWhatReset)
10-11 16:24:01.306  1424 16427 V NuPlayer: updateRebufferingTimer(stop)  time                    0 (exiting 1)
10-11 16:24:01.306  1424 16427 V NuPlayer: performDecoderFlush audio=2, video=2
10-11 16:24:01.306  1424 16427 V NuPlayer: performReset
10-11 16:24:01.306  1424 16427 V NuPlayer: updatePlaybackTimer(stop)  time                    0 (performReset)
10-11 16:24:01.306  1424 16427 V NuPlayer: updateRebufferingTimer(stop)  time                    0 (exiting 1)
10-11 16:24:01.306  1424 16427 D NuPlayerDriver: notifyResetComplete(0xf21befc0)
10-11 16:24:01.306  1424  1424 V MediaPlayerService: disconnect(4207) from AttributionSource AttributionSourceState{pid: 1259, uid: 1000, packageName: android, attributionTag: (null), token: {no toString() implemented}, renouncedPermissions: [], next: []}
10-11 16:24:01.306  1424  1424 D NuPlayerDriver: reset(0xf21befc0) at state 0
10-11 16:24:01.306  1424  1424 V NuPlayerDriver: updateMetrics(0xf21befc0) from reset at state 0
10-11 16:24:01.306  1424  1424 V NuPlayer: updateInternalTimers()
10-11 16:24:01.306  1424  1424 V NuPlayer: updatePlaybackTimer(snap)  time                    0 (updateInternalTimers)
10-11 16:24:01.306  1424  1424 V NuPlayer: updateRebufferingTimer(snap)  time                    0 (exiting 0)
10-11 16:24:01.306  1424  1424 V NuPlayerDriver: logMetrics(0xf21befc0) from reset at state 0
10-11 16:24:01.306  1424  1424 V NuPlayerDriver: nothing to record (only 3 fields)
10-11 16:24:01.306  1424  1424 V NuPlayerDriver: ~NuPlayerDriver(0xf21befc0)
10-11 16:24:01.306  1424  1424 V NuPlayerDriver: updateMetrics(0xf21befc0) from destructor at state 0
10-11 16:24:01.306  1424  1424 V NuPlayer: updateInternalTimers()
10-11 16:24:01.306  1424  1424 V NuPlayer: updatePlaybackTimer(snap)  time                    0 (updateInternalTimers)
10-11 16:24:01.306  1424  1424 V NuPlayer: updateRebufferingTimer(snap)  time                    0 (exiting 0)
10-11 16:24:01.306  1424  1424 V NuPlayerDriver: logMetrics(0xf21befc0) from destructor at state 0
10-11 16:24:01.306  1424  1424 V NuPlayerDriver: nothing to record (only 3 fields)
10-11 16:24:01.306  1424  1424 V MediaPlayerService: Client(4207) destructor AttributionSource = AttributionSourceState{pid: 1259, uid: 1000, packageName: android, attributionTag: (null), token: {no toString() implemented}, renouncedPermissions: [], next: []}
10-11 16:24:01.306  1424  1424 V AudioSink: +++ close
10-11 16:24:01.306  1424  1424 V AudioSink: --- close
10-11 16:24:01.306  1259 32310 V MediaPlayer: resetDrmState:  mDrmInfo=null mDrmProvisioningThread=null mPrepareDrmInProgress=false mActiveDrmScheme=false
10-11 16:24:01.306  1259 32310 V MediaPlayer: cleanDrmObj: mDrmObj=null mDrmSessionId=null
10-11 16:24:01.306  1424  1424 V MediaPlayerService: disconnect(4207) from AttributionSource AttributionSourceState{pid: 1259, uid: 1000, packageName: android, attributionTag: (null), token: {no toString() implemented}, renouncedPermissions: [], next: []}
10-11 16:24:01.307  1259 32310 V MediaPlayer: resetDrmState:  mDrmInfo=null mDrmProvisioningThread=null mPrepareDrmInProgress=false mActiveDrmScheme=false
10-11 16:24:01.307  1259 32310 V MediaPlayer: cleanDrmObj: mDrmObj=null mDrmSessionId=null
10-11 16:24:01.307  1259 32310 V MediaPlayer-JNI: release
10-11 16:24:01.307  1259 32310 V MediaPlayerNative: setListener
10-11 16:24:01.307  1259 32310 V MediaPlayerNative: disconnect
10-11 16:24:01.307  1259 32310 V MediaPlayerNative: destructor
10-11 16:24:01.308  1259 32310 V MediaPlayerNative: disconnect
10-11 16:24:01.308  1259 32310 D Ringtone: highlight offset is : null
10-11 16:24:01.308  1259 32310 V MediaPlayer-JNI: native_setup
10-11 16:24:01.308  1259 32310 V MediaPlayerNative: constructor
10-11 16:24:01.308  1259 32310 V MediaPlayerNative: setListener
10-11 16:24:01.313  3823  7291 W MediaProvider: Didn't find any volume for getVolume(/system/media/audio/ringtones/SoundTheme/Galaxy/Galaxy_Bells.ogg)
10-11 16:24:01.314  3823  7291 I MediaProvider: Open with lower FS for /system/media/audio/ringtones/SoundTheme/Galaxy/Galaxy_Bells.ogg. Uid: 1000
10-11 16:24:01.316  1259 32310 V MediaPlayer-JNI: setDataSourceFD: fd 794
10-11 16:24:01.316  1259 32310 V MediaPlayerNative: setDataSource(794, 0, 576460752303423487)
10-11 16:24:01.316  1424  1424 V MediaPlayerService: Create new client(4208) from AttributionSourceState{pid: 1259, uid: 1000, packageName: android, attributionTag: (null), token: {no toString() implemented}, renouncedPermissions: [], next: []}, 
10-11 16:24:01.316  1424  1424 V MediaPlayerService: setDataSource fd=8, offset=0, length=576460752303423487
10-11 16:24:01.316  1424  1424 V MediaPlayerService: st_dev  = 64772
10-11 16:24:01.316  1424  1424 V MediaPlayerService: st_mode = 33188
10-11 16:24:01.316  1424  1424 V MediaPlayerService: st_uid  = 0
10-11 16:24:01.316  1424  1424 V MediaPlayerService: st_gid  = 0
10-11 16:24:01.316  1424  1424 V MediaPlayerService: st_size = 242450
10-11 16:24:01.316  1424  1424 V MediaPlayerService: calculated length = 242450
10-11 16:24:01.316  1424  1424 V MediaPlayerService: player type = 4
10-11 16:24:01.316  1424  1424 D NuPlayerDriver: NuPlayerDriver(0xf21befc0) created, clientPid(1259)
10-11 16:24:01.321  1424  1424 V AudioSink: AudioOutput(452249)
10-11 16:24:01.321  1424  1424 V NuPlayerDriver: setDataSource(0xf21befc0) file(8)
10-11 16:24:01.321  1424  1424 V NuPlayer: setDataSourceAsync fd 8/0/242450 source: 0xf2112380
10-11 16:24:01.321  1424 16436 V NuPlayer: kWhatSetAudioSink
10-11 16:24:01.321  1424 16436 V NuPlayer: kWhatSetDataSource
10-11 16:24:01.322  1259 32310 V MediaPlayer-JNI: setParameter: key 1400
10-11 16:24:01.322  1259 32310 V MediaPlayerNative: MediaPlayer::setParameter(1400)
10-11 16:24:01.322  1424 27513 V MediaPlayerService: [4208] setParameter(1400)
10-11 16:24:01.322  1424 27513 V MediaPlayerService: setAudioAttributes_l() usage=6 content=4 flags=0x800 tags=AUDIO_STREAM_RING
10-11 16:24:01.323  1259 32310 V MediaPlayer-JNI: setVolume: left 1.000000  right 1.000000
10-11 16:24:01.323  1259 32310 V MediaPlayerNative: MediaPlayer::setVolume(1.000000, 1.000000)
10-11 16:24:01.323  1424 27513 V MediaPlayerService: [4208] setVolume(1.000000, 1.000000)
10-11 16:24:01.323  1424 27513 V AudioSink: setVolume(1.000000, 1.000000)
10-11 16:24:01.323  1259 32310 V MediaPlayer-JNI: setLooping: 0
10-11 16:24:01.323  1259 32310 V MediaPlayerNative: MediaPlayer::setLooping
10-11 16:24:01.323  1424 27513 V MediaPlayerService: [4208] setLooping(0)
10-11 16:24:01.323  1259 32310 V MediaPlayerNative: setVideoSurfaceTexture
10-11 16:24:01.323  1424 27513 V MediaPlayerService: [4208] setVideoSurfaceTexture(0x0)
10-11 16:24:01.323  1259 32310 V MediaPlayerNative: prepare
10-11 16:24:01.323  1424 27513 V MediaPlayerService: [4208] setParameter(1400)
10-11 16:24:01.323  1424 27513 V MediaPlayerService: setAudioAttributes_l() usage=6 content=4 flags=0x800 tags=AUDIO_STREAM_RING
10-11 16:24:01.324  1424 27513 V MediaPlayerService: [4208] prepareAsync
10-11 16:24:01.324  1424 27513 V NuPlayerDriver: prepareAsync(0xf21befc0)
10-11 16:24:01.324  1424 27513 V NuPlayer: prepareAsync
10-11 16:24:01.324  1424 16436 V NuPlayer: onMessageReceived kWhatPrepare
10-11 16:24:01.324  1424 16436 I MediaMonitor: MediaMonitor()
10-11 16:24:01.325  1315  3863 I DrmManagerService(Native): value of perm = 2 return true from DRM FW
10-11 16:24:01.325  1315  3863 E SEC_DRM_PLUGIN_Omafl: OmaPlugin::onOpenDecryptSession(fd)::Drm2IsDrmFileByExtFd::file is NOT DRM by extension
10-11 16:24:01.325  1424 16439 D GenericSource: FileSource remote
10-11 16:24:01.328  1421 24344 I MediaExtractorFactory: Created an extractor 'SECOggExtractor' with confidence 0.51
10-11 16:24:01.329  1424 16439 I AnotherPacketSource: setFormat() : audio/vorbis
10-11 16:24:01.329  1424 16436 V NuPlayer: onSourceNotify() kWhatFlagsChanged  FLAG_CAN_PAUSE: 1  FLAG_CAN_SEEK_BACKWARD: 1 
10-11 16:24:01.329  1424 16436 V NuPlayer: \t\t\t\t FLAG_CAN_SEEK_FORWARD: 1  FLAG_CAN_SEEK: 1  FLAG_DYNAMIC_DURATION: 0 
10-11 16:24:01.329  1424 16436 V NuPlayer: \t\t\t\t FLAG_SECURE: 0  FLAG_PROTECTED: 0
10-11 16:24:01.329  1424 16439 V NuPlayer: Source::notifyPrepared 0
10-11 16:24:01.329  1424 16436 V NuPlayer: prepare posted successfully.
10-11 16:24:01.329  1424 16436 I NuPlayer: ORmode enabled : unsupportedAudio = 0, unsupportedVideo = 0, mHaveAudioTrack = 1, mHaveVideoTrack = 0
10-11 16:24:01.329  1424 16436 V MediaPlayerService: [4208] notify (200, 10973, 0)
10-11 16:24:01.329  1424 16436 V NuPlayer: NuPlayer::onSourceNotify Source::kWhatPrepared source: 0xf2112380
10-11 16:24:01.329  1259  2215 V MediaPlayerNative: message received msg=200, ext1=10973, ext2=0
10-11 16:24:01.329  1259  2215 W MediaPlayerNative: info/warning (10973, 0)
10-11 16:24:01.330  1424 16436 V NuPlayer: extractMetadata Tracks : 1
10-11 16:24:01.330  1424 16436 V NuPlayer: enableInbandTextFromExtr
10-11 16:24:01.331  1424 16436 V NuPlayerDriver: notifyPrepareCompleted 0
10-11 16:24:01.331  1424 16436 V MediaPlayerService: [4208] notify (1, 0, 0)
10-11 16:24:01.331  1424 16436 V NuPlayerDriver: setAutoLooping mAutoLoop 1
10-11 16:24:01.331  1259  2215 V MediaPlayerNative: message received msg=1, ext1=0, ext2=0
10-11 16:24:01.331  1259  2215 V MediaPlayerNative: MediaPlayer::notify() prepared
10-11 16:24:01.331  1259  2215 V MediaPlayerNative: signal application thread
10-11 16:24:01.331  1259 32310 V MediaPlayerNative: prepare complete - status=0
10-11 16:24:01.332  1259 32310 V MediaPlayerNative: invoke 76
10-11 16:24:01.332  1424  1424 V NuPlayer: getTrackInfo
10-11 16:24:01.332  1424 16436 W NuPlayer: no name
10-11 16:24:01.332  1259 32310 D Ringtone: Successfully created local player
10-11 16:24:01.334  1259  2215 I GenerationRegistry: mBackingStore.isClosed() : false
10-11 16:24:01.336  1259 32310 I Telecom:SamsungAudioRecordingChecker: isAudioRecording false
10-11 16:24:01.336  1259 32310 I Telecom:SamsungRecordingRepositoryImpl: Video recording: false
10-11 16:24:01.336  1259 32310 I Telecom : Ringer: startRinging timings: isRingerAudible: 0, letDialerHandleRinging: 1, isVolumeOverZero: 2, hasExternalRinger: 0, letDialerHandleCallBackground: 0, isSilentRingRequested: 0, endEarlySamsung: 0, isSelfManaged: 0, isRecordingBySamsungApps: 3, getRingtone: 326, isTheaterModeOn: 0, shouldRingForContact: 2, : NCSSF.aC->ICFG.sF->ICFG.sF->ICFG.sF->CAMSM.pM_2002->R.sR@oMM
10-11 16:24:01.337  1259 32310 I Telecom : Event: RecordEntry TC@2489: RINGER_INFO, startRinging timings: isRingerAudible: 0, letDialerHandleRinging: 1, isVolumeOverZero: 2, hasExternalRinger: 0, letDialerHandleCallBackground: 0, isSilentRingRequested: 0, endEarlySamsung: 0, isSelfManaged: 0, isRecordingBySamsungApps: 3, getRingtone: 326, isTheaterModeOn: 0, shouldRingForContact: 2, : NCSSF.aC->ICFG.sF->ICFG.sF->ICFG.sF->CAMSM.pM_2002->R.sR@oMM
10-11 16:24:01.337  1259 32310 I Telecom : Event: RecordEntry TC@2489: RINGER_INFO, RawContactId=0, uri=tel:***********: NCSSF.aC->ICFG.sF->ICFG.sF->ICFG.sF->CAMSM.pM_2002->R.sR@oMM
10-11 16:24:01.337  1259 32310 I Telecom : Event: RecordEntry TC@2489: RINGER_INFO, contactIdOrZero=0, userType=0, contactRingtoneUri=null: NCSSF.aC->ICFG.sF->ICFG.sF->ICFG.sF->CAMSM.pM_2002->R.sR@oMM
10-11 16:24:01.337  1259 32310 I Telecom:SamsungRingerInfo: setShouldRingForContact : true
10-11 16:24:01.337  1259 32310 I Telecom:SamsungRingerInfo: setLetDialerHandleCallBackground : true
10-11 16:24:01.337  1259 32310 I Telecom : Event: RecordEntry TC@2489: RINGER_INFO, isRingerAudible=false, isVolumeOverZero=false, shouldRingForContact=true, endEarlySamsung=0, isHfpDeviceAttached=false, isRecordingBySamsungApps= false, getDevicesForStream=2: NCSSF.aC->ICFG.sF->ICFG.sF->ICFG.sF->CAMSM.pM_2002->R.sR@oMM
10-11 16:24:01.337  1259 32310 I Telecom : Event: RecordEntry TC@2489: RINGER_INFO, endEarly=false, endEarly2=false, isTheaterModeOn=false, letDialerHandleRinging=false, isSelfManaged=false, hasExternalRinger=false, letDialerHandleCallBackground=true: NCSSF.aC->ICFG.sF->ICFG.sF->ICFG.sF->CAMSM.pM_2002->R.sR@oMM
10-11 16:24:01.337  1259 32310 V MediaPlayerNative: invoke 76
10-11 16:24:01.337  1424  1424 V NuPlayer: getTrackInfo
10-11 16:24:01.338  1259  2931 I Telecom:SamsungNotificationManager: start
10-11 16:24:01.338  1259  2896 I Telecom:SamsungRinger: hasVibrator=true, shouldVibrate=false, isRingVibrationEnabled=true, canVibrateWhenRinging=false
10-11 16:24:01.338  1424 16436 W NuPlayer: no name
10-11 16:24:01.338  1259  2896 I Telecom : Ringer: startRinging: skipping because ringer would not be audible. isVolumeOverZero=false, shouldRingForContact=true, isRingtonePresent=true: NCSSF.aC->ICFG.sF->ICFG.sF->ICFG.sF->CAMSM.pM_2002@oMM
10-11 16:24:01.338  1259  2931 D AccessibilityManagerService: semStartFlashNotification
10-11 16:24:01.338  1259  2896 I Telecom : Event: RecordEntry TC@2489: SKIP_RINGING, Inaudible: isVolumeOverZero=false, shouldRingForContact=true, isRingtonePresent=true: NCSSF.aC->ICFG.sF->ICFG.sF->ICFG.sF->CAMSM.pM_2002@oMM
10-11 16:24:01.338  1259  2931 I AccessibilityManagerService: semStartFlashNotificationInner() type=Sequence, pkgName=com.android.server.telecom, token=android.os.Binder@69737f5, sbnPkgName=com.android.server.telecom, previewType=0
10-11 16:24:01.338  1259  2931 D AccessibilityManagerService: Can not use light notification
10-11 16:24:01.338  1259  2931 I Telecom:SamsungMotionGroup: start
10-11 16:24:01.338  1259  2931 I Telecom:SamsungMotionPalm: start
10-11 16:24:01.338  1259  2931 I Telecom:SamsungMotionPalm: checkRun : true true
10-11 16:24:01.338  1259  2931 I Telecom:SamsungMotionPalm: checkRunStart - isRegistered: false
10-11 16:24:01.338  1259  2896 I Telecom:SamsungAudioRecordingChecker: isAudioRecording false
10-11 16:24:01.338  1259  2896 I Telecom:SamsungBluetoothDeviceManager: there is no hearing aid device
10-11 16:24:01.339  1259  2896 I Telecom:SamsungHeadsetRinger: startHeadsetRingtoneIfPossible false
10-11 16:24:01.339  1259  2931 I Telecom:SamsungMotionTurnOver: start
10-11 16:24:01.339  1259  2931 I Telecom:SamsungMotionTurnOver: checkRun : true true
10-11 16:24:01.340  1259  2896 I Telecom:SamsungRingerInfo: getVibrationTypeInSettings - type : 50035, phoneId :0
10-11 16:24:01.340  1259  2896 I Telecom:SamsungRingerInfo: getVibrationTypeInSettings - result ype : 50035
10-11 16:24:01.341  1259  2896 W Telecom : Ringer: startRinging: No haptics future; fallback to default behavior: NCSSF.aC->ICFG.sF->ICFG.sF->ICFG.sF->CAMSM.pM_2002@oMM
10-11 16:24:01.341  1259  2931 D MotionRecognitionService:   .registerCallback : 1, required_sensors=3, client=com.samsung.server.telecom.model.motion.SamsungMotionRecognitionManagerAdapterImpl@9db70ad
10-11 16:24:01.341  1259  2896 I Telecom : Event: RecordEntry TC@2489: SKIP_VIBRATION, hasVibrator=true, userRequestsVibrate=true, ringerMode=0, isVibrating=false: NCSSF.aC->ICFG.sF->ICFG.sF->ICFG.sF->CAMSM.pM_2002@oMM
10-11 16:24:01.341  1259  2931 D MotionRecognitionService: Screen: On
10-11 16:24:01.341  1259  2896 I Telecom : CallAudioModeStateMachine: RINGING state, try start ringing but not acquiring audio focus: NCSSF.aC->ICFG.sF->ICFG.sF->ICFG.sF->CAMSM.pM_2002@oMM
10-11 16:24:01.341  1259  2896 I Telecom:SamsungCallAudioModeStateMachine: unMarkShouldControlEngine
10-11 16:24:01.341  1259  2052 D MotionRecognitionService:   .isMotionEngineEnabled : true
10-11 16:24:01.341  1259  2052 D MotionRecognitionService:   .initializeMotionEngine
10-11 16:24:01.341  1259  1259 I Telecom : Event: RecordEntry TC@2489: ICS_SERVICE_CONNECTED, com.google.android.googlequicksearchbox/com.google.android.libraries.search.assistant.performer.communication.IncomingCallInCallService, android.os.BinderProxy@d39dcee, false, true, false, 4: ICSBC.oSC(cgag)@oMc
10-11 16:24:01.341  1259  1259 I Telecom : InCallController: onConnected to ComponentInfo{com.google.android.googlequicksearchbox/com.google.android.libraries.search.assistant.performer.communication.IncomingCallInCallService}: ICSBC.oSC(cgag)@oMc
10-11 16:24:01.342  1259  1259 I Telecom : InCallController: Adding 1 calls to InCallService after onConnected: ComponentInfo{com.google.android.googlequicksearchbox/com.google.android.libraries.search.assistant.performer.communication.IncomingCallInCallService}, including external calls: ICSBC.oSC(cgag)@oMc
10-11 16:24:01.342 13944 13944 D Telecom-InCallService: handleMessage: SET_IN_CALL_ADAPTER
10-11 16:24:01.345  1259  2931 D MotionRecognitionService: [getUsedSensorForEvents] sensors : Settings = 10000100100000000000000101
10-11 16:24:01.345  1259  2931 D MotionRecognitionService: [getUsedSensorForEvents] sensors for motion : 10011
10-11 16:24:01.345  1140  6740 D AF::TrackHandle: OpPlayAudio: track:63 usage:2 not muted
10-11 16:24:01.349  1259  1259 I Telecom:SamsungRespondViaSmsRepositoryImpl: isRespondViaSmsCapable - phoneNumber : 198*****060 / presentation : 1 / hasRespondViaSmsCapable : false / isRespondViaSmsCapable : false / userHandle : UserHandle{0}
10-11 16:24:01.349  1140  6740 D AF::TrackHandle: OpPlayAudio: track:63 usage:2 not muted
10-11 16:24:01.350  1259  1259 I Telecom:Telecom_Timing: addCall to IncallService for GANG-ext
10-11 16:24:01.350  1140  6740 D AF::TrackHandle: OpPlayAudio: track:63 usage:2 not muted
10-11 16:24:01.350  1259  1259 I Telecom : ConnectionServiceWrapper: TC -> CS[cap]: onTrackedByNonUiService true: ICSBC.oSC(cgag)@oMc
10-11 16:24:01.350 13944 16423 D Telecom-InCallService: InCallServiceBinder - addCall: id(TC@2489), state(RINGING), [Capabilities: CAPABILITY_SUPPORT_HOLD CAPABILITY_RESPOND_VIA_TEXT CAPABILITY_MUTE CAPABILITY_CANNOT_DOWNGRADE_VIDEO_TO_AUDIO]
10-11 16:24:01.351  1259  1259 I Telecom : Event: RecordEntry TC@2489: ICS_ADD_CALL, onConnected - [ComponentInfo{com.google.android.googlequicksearchbox/com.google.android.libraries.search.assistant.performer.communication.IncomingCallInCallService} supportsExternal? false supportsSelfMg?false supportsAllowedSelfMg?false], 4: ICSBC.oSC(cgag)@oMc
10-11 16:24:01.352  2232  2232 I TelecomFramework: TelephonyConnectionService: onTrackedByNonUiService TC@2489_1 true: (ICSBC.oSC)->CS.tBNUS->H.CS.tBNUS(cgag/cast)@E-oMc
10-11 16:24:01.352 13944 13944 D Telecom-InCallService: handleMessage: ADD_CALL
10-11 16:24:01.351  1259  1259 I Telecom : InCallController: 1 calls sent to InCallService.: ICSBC.oSC(cgag)@oMc
10-11 16:24:01.352 13944 13944 D Telecom-VideoCallImpl: New VideoCallImpl - videoProvider: com.android.internal.telecom.IVideoProvider$Stub$Proxy@6c3cae7, binder: android.telecom.VideoCallImpl$VideoCallListenerBinder@ed9f694
10-11 16:24:01.352 13944 13944 D Telecom-ParcelableCall: Make new VideoCallImpl - VideoCallProvider: com.android.internal.telecom.IVideoProvider$Stub$Proxy@6c3cae7, Package: com.google.android.googlequicksearchbox, SdkVer: 33
10-11 16:24:01.352 13944 13944 D Telecom-Call: internalUpdate - stateChanged: false, detailsChanged: true, videoCallChanged: true, isRttChanged: false, rttModeChanged: false, cannedTextResChanged: true, parentChanged: false, childrenChanged: false, activeChildChanged: false
10-11 16:24:01.352 13944 13944 D Telecom-Call: internalUpdate - videoCallImpl: android.telecom.VideoCallImpl@667453d, isVideoCallProviderChanged: true
10-11 16:24:01.352 13944 13944 D Telecom-InCallService: handleMessage: ON_CALL_AUDIO_STATE_CHANGED
10-11 16:24:01.353 13944 13944 D Telecom-InCallService: handleMessage: ON_CAN_ADD_CALL_CHANGED
10-11 16:24:01.353  1140  6740 D AF::TrackHandle: OpPlayAudio: track:63 usage:2 not muted
10-11 16:24:01.354  1259  2215 D Telecom-Connection: addVideoCallback - videoCallbackBinder: android.os.BinderProxy@107c58f
10-11 16:24:01.354  1140  6740 D AF::TrackHandle: OpPlayAudio: track:63 usage:2 not muted
10-11 16:24:01.355  1259  2052 D MotionEngine: [MotionEngine]->Build Binary Type(user):0
10-11 16:24:01.356  1259  1259 W Looper  : Slow dispatch took 355ms main h=android.app.ActivityThread$H c=android.app.LoadedApk$ServiceDispatcher$RunConnection@a1ae01c m=0
10-11 16:24:01.356  1259  1259 D MediaSessionService: Global priority session is updated, active=true
10-11 16:24:01.357  1259  3225 I dvm_lock_sample: [system_server,1,binder:1259_10,343,TelecomServiceImpl.java,218,android.content.pm.ParceledListSlice com.android.server.telecom.TelecomServiceImpl$1.getCallCapablePhoneAccounts(boolean, java.lang.String, java.lang.String),,0,null,68]
10-11 16:24:01.358  1259  1259 W Looper  : Slow delivery took 433ms main h=com.android.server.telecom.HeadsetMediaButton$2 c=null m=1
10-11 16:24:01.358  1259  2052 D MotionEngine: [@@@ Motion Engine @@@] InitializeMotionManager.... GetNumberOfUsingPrimitive 
10-11 16:24:01.358  1259  2052 D MotionEngine: [@@@ Motion Engine @@@] InitializeMotionManager ALL, DPS setting 2
10-11 16:24:01.358  2262  4290 D RefOnMediaKeyEventSessionChangedListenerProxy: invoke() onMediaKeyEventSessionChanged
10-11 16:24:01.359  2262  4290 D FaceWidgetMusicViewModel: onMediaKeyEventSessionChanged() packageName = com.android.server.telecom, sessionToken = android.media.session.MediaSession$Token@50c2145
10-11 16:24:01.359  2262  3211 D RefOnMediaKeyEventSessionChangedListenerProxy: invoke() onMediaKeyEventSessionChanged
10-11 16:24:01.359  2262  3211 D FaceWidgetMusicViewModel: onMediaKeyEventSessionChanged() packageName = com.android.server.telecom, sessionToken = android.media.session.MediaSession$Token@50c2145
10-11 16:24:01.360   963   963 I sensors-hal: set_config:67, sample_period_ns is adjusted to 20000000 based on min/max delay_ns
10-11 16:24:01.361   963   963 I sensors-hal: batch:454, android.sensor.accelerometer/11, period=20000000, max_latency=0 request completed
10-11 16:24:01.361   963   963 I sensors-hal: activate:370, android.sensor.accelerometer/11 en=1
10-11 16:24:01.360  1259  3225 I Telecom:SamsungTelecomServiceImpl: getPhoneAccount - PhoneAccountHandle : ComponentInfo{com.android.phone/com.android.services.telephony.TelephonyConnectionService}, 1, UserHandle{0} / callingPid : 12773 / processName : sts
10-11 16:24:01.362  1259  1259 I CAE     : onCallStateChanged(CaTelephonyManager.java:345) - CALL_STATE_RINGING
10-11 16:24:01.362  1259  3225 D CompatibilityChangeReporter: Compat change id reported: 183407956; UID 1001; state: ENABLED
10-11 16:24:01.363  1259  1259 I CAE     : sendCmdToSensorHub(SensorHubCommManager.java:156) - -76, 17, -39, 0,
10-11 16:24:01.364 12773 12773 I SCallUI : TelecomManagerModelImpl - Bad perf - getPhoneAccountListWithSimSubscription, timeMillis:354
10-11 16:24:01.365 12773 12773 I SCallUI : TelephonyManagerModelImpl - getSubscriptionIdByPhoneAccount(extras), subscription id : 1
10-11 16:24:01.365 12773 12773 I SCallUI : TelephonyManagerModelImpl - getPhoneIdByPhoneAccount(extras), phoneId id : 0
10-11 16:24:01.366 12773 12773 I SCallUI : CallFeature:  - RuntimeSimFeature {313340, ETC, ETC, hd_icon_delta:NONE, []}
10-11 16:24:01.368 16407 16407 I [ST_KIT]STPlatformApplication: SmartThingsKit Platform is creating .. : v1.6.00.13, ST app : 100002000
10-11 16:24:01.369 16407 16407 I u       : hasSepFeature : true
10-11 16:24:01.369 16407 16407 I u       : isSemAvailable : true ,Version: 3301
10-11 16:24:01.370  2554  2554 I EcholocateBroadcaster: handleMessage: evt 4
10-11 16:24:01.370  2554  2554 I EcholocateBroadcaster: Do not broadcast. ICDV or Signature key is wrong
10-11 16:24:01.370 16407 16407 I [ST_KIT]STPlatformApplication: SmartThingsKit Platform is created
10-11 16:24:01.371 12773 12773 I SCallUI : AccountModel@0 - AccountFlow: SemImsManager:onConnected
10-11 16:24:01.371   963   963 I sensors-hal: send_sync_sensor_request:470, send sync request
10-11 16:24:01.371   963   963 I sensors-hal: send_sync_sensor_request:496, wait for notification of response
10-11 16:24:01.373 16407 16407 I u       : hasSepFeature : true
10-11 16:24:01.373 16407 16407 I u       : isSemAvailable : true ,Version: 3301
10-11 16:24:01.374 16407 16407 I [ST_KIT]STBroadcastReceiver: onReceived android.intent.action.PHONE_STATE
10-11 16:24:01.374   963 16443 I sensors-hal: ssc_conn_resp_cb:898, resp_value = 0
10-11 16:24:01.374   963   963 I sensors-hal: send_sync_sensor_request:502, takes 2 ms to receive the response with 0
10-11 16:24:01.374   963   963 I sensors-hal: activate:388, android.sensor.accelerometer/11 en=1 completed
10-11 16:24:01.375   963   963 I sensors-hal: set_config:67, sample_period_ns is adjusted to 20000000 based on min/max delay_ns
10-11 16:24:01.375  2554 17531 I SemImsServiceStub<0>: SemRegisterImsRegistrationListener com.samsung.android.ims.SemImsRegiListener$Stub$Proxy@3f5da31
10-11 16:24:01.376   963   963 I sensors-hal: batch:454, android.sensor.gyroscope/41, period=20000000, max_latency=0 request completed
10-11 16:24:01.376   963   963 I sensors-hal: activate:370, android.sensor.gyroscope/41 en=1
10-11 16:24:01.378  8612  8639 I STFService: CoreFrequency index: 0 current: 1804800 max: 1804800
10-11 16:24:01.379  8612  8639 I STFService: CoreFrequency index: 1 current: 1804800 max: 1804800
10-11 16:24:01.379  8612  8639 I STFService: CoreFrequency index: 2 current: 1804800 max: 1804800
10-11 16:24:01.380  8612  8639 I STFService: CoreFrequency index: 3 current: 1804800 max: 1804800
10-11 16:24:01.380  8612  8639 I STFService: CoreFrequency index: 4 current: 1804800 max: 1804800
10-11 16:24:01.380  8612  8639 I STFService: CoreFrequency index: 5 current: 1804800 max: 1804800
10-11 16:24:01.382  8612  8639 I STFService: CoreFrequency index: 6 current: 2208000 max: 2208000
10-11 16:24:01.382 16407 16407 I [ST_KIT][ST_PLATFORM]: Failed to show call widget : false, false
10-11 16:24:01.382 12773 12804 I SCallUI : AccountModel@0 - AccountFlow: SemImsRegistration:onRegistered...
10-11 16:24:01.383  8612  8639 I STFService: CoreFrequency index: 7 current: 2208000 max: 2208000
10-11 16:24:01.384 12773 12773 I SCallUI : AccountModel@0 - AccountFlow: Created.. 
10-11 16:24:01.384 12773 12773 I SCallUI : AccountRepository - AccountFlow: inserted:success, AccountModel@0{sub_id:1, phone_account_handle_id:XXX, phone_account_extras:Bundle[{com.samsung.telecom.extra.SUPPORT_VRBT=false, android.telecom.extra.SUPPORTS_VIDEO_CALLING_FALLBACK=true, com.samsung.telecom.extra.SUBSCRIPTION_ID=1, com.samsung.telecom.extra.CAN_COEXIST_ACCOUNT=true, com.samsung.telecom.extra.PHONE_ID=0, com.samsung.telecom.extra.NO_CHECK_IF_VIDEO_CAPABLE=true}], runtime_feature:RuntimeSimFeature {313340, ETC, ETC, hd_icon_delta:NONE, []}, carrier_feature:CallTypeIconFeature@0{ConfigOpStyleForHdIcon:GSM_HD,5G_SUPPORT}}
10-11 16:24:01.384 12773 12773 I SCallUI : AccountRepository - CallUIPerf: createAccountModelList: 1
10-11 16:24:01.385 12773 12773 I SCallUI : CallerInfoRepository - setUp
