10-15 21:09:28.146  1259  1259 I Telecom : Event: RecordEntry TC@263: NEW_ICSC, [ComponentInfo{com.samsung.android.incallui/com.android.incallui.InCallServiceImpl} supportsExternal? true supportsSelfMg?false supportsAllowedSelfMg?false], 2, null, [ComponentInfo{com.samsung.android.incallui/com.android.incallui.InCallServiceImpl} supportsExternal? true supportsSelfMg?false supportsAllowedSelfMg?false], 2, [ComponentInfo{com.google.android.googlequicksearchbox/com.google.android.libraries.assistant.auto.tng.morris.framework.datasources.impl.phone.MorrisInCallService} supportsExternal? false supportsSelfMg?true supportsAllowedSelfMg?false], 3: TSI.hCI->CM.fOCP->CM.sOCPA->CM.dSMCP->CM.dSPA->CM.sRCQ->CM.pASP@0c8
10-15 21:09:28.146  1259  1259 I Telecom : Event: RecordEntry TC@263: NEW_ICS_INFO, [ComponentInfo{com.samsung.android.incallui/com.android.incallui.InCallServiceImpl} supportsExternal? true supportsSelfMg?false supportsAllowedSelfMg?false], 2, [ComponentInfo{com.samsung.android.incallui/com.android.incallui.InCallServiceImpl} supportsExternal? true supportsSelfMg?false supportsAllowedSelfMg?false], 2, [ComponentInfo{com.google.android.googlequicksearchbox/com.google.android.libraries.assistant.auto.tng.morris.framework.datasources.impl.phone.MorrisInCallService} supportsExternal? false supportsSelfMg?true supportsAllowedSelfMg?false], 3, false, false: TSI.hCI->CM.fOCP->CM.sOCPA->CM.dSMCP->CM.dSPA->CM.sRCQ->CM.pASP@0c8
10-15 21:09:28.146  1259  1259 I Telecom : CarSwappingInCallServiceConnection: chooseInitialInCallService: false => false: TSI.hCI->CM.fOCP->CM.sOCPA->CM.dSMCP->CM.dSPA->CM.sRCQ->CM.pASP@0c8
10-15 21:09:28.146  1259  1259 I Telecom : EmergencyCallHelper: ShouldGrantTemporaryLocationPermission, not emergency: TSI.hCI->CM.fOCP->CM.sOCPA->CM.dSMCP->CM.dSPA->CM.sRCQ->CM.pASP@0c8
10-15 21:09:28.146  1259  1259 I Telecom : EmergencyInCallServiceConnection: Attempting to bind to InCall [ComponentInfo{com.samsung.android.incallui/com.android.incallui.InCallServiceImpl} supportsExternal? true supportsSelfMg?false supportsAllowedSelfMg?false], 2, with Intent { act=android.telecom.InCallService cmp=com.samsung.android.incallui/com.android.incallui.InCallServiceImpl (has extras) }: TSI.hCI->CM.fOCP->CM.sOCPA->CM.dSMCP->CM.dSPA->CM.sRCQ->CM.pASP@0c8
10-15 21:09:28.146  1259  1259 I Telecom : Event: RecordEntry TC@263: BIND_ICS, [ComponentInfo{com.samsung.android.incallui/com.android.incallui.InCallServiceImpl} supportsExternal? true supportsSelfMg?false supportsAllowedSelfMg?false], 2: TSI.hCI->CM.fOCP->CM.sOCPA->CM.dSMCP->CM.dSPA->CM.sRCQ->CM.pASP@0c8
10-15 21:09:28.147  1259  5841 I WindowManager: Reparenting to leash, surface=Surface(name=Task=28982)/@0xe540e43, leashParent=Surface(name=DefaultTaskDisplayArea)/@0x8ac09f9
10-15 21:09:28.148  1145  1193 I SurfaceFlinger: id=141755 createSurf, flag=24004, Surface(name=Task=28982)/@0xe540e43 - animation-leash of app_transition#141755
10-15 21:09:28.148 14404 14404 W RCS-CallPlusWithSimModel: [D] callComposerAppAvailable : false
10-15 21:09:28.148 14404 14404 I DialpadButtonImpl: [D] refreshVideoButtonView
10-15 21:09:28.148 14404 14404 I TelephonyDataSource: [D] isMultiSimModel - getActiveModemCount() : 1
10-15 21:09:28.148 14404 14404 I SimModel: [D] isMultiSimModel : false
10-15 21:09:28.148 14404 14404 I SimModel: [D] isMultiSimInserted : false
10-15 21:09:28.148 14404 14404 I SimModel: [D] No Multi Sim isPreferredSimAlwaysAsk false
10-15 21:09:28.149 14404 14404 I TelephonyDataSource: [D] getDefaultVoiceSubscriptionId : 1
10-15 21:09:28.149  1259  5841 D WindowManager: makeSurface duration=2 leash=Surface(name=Surface(name=Task=28982)/@0xe540e43 - animation-leash of app_transition)/@0xf859ee2
10-15 21:09:28.149  1259  5841 D ActivityTaskManager: mStartingWindow and mStartingData is null for token=ActivityRecord{251888d u0 com.samsung.android.dialer/.DialtactsActivity} t28982}
10-15 21:09:28.149  1259  5841 V WindowManager: performShowLocked: mDrawState=HAS_DRAWN in Window{463ab57 u0 com.samsung.android.dialer/com.samsung.android.dialer.DialtactsActivity}
10-15 21:09:28.150  1259 13597 D AppOps  : noteOperation: reject #3 for code 105 (105) uid 1001 package com.android.phone flags: s
10-15 21:09:28.150  1259  5841 D RestrictionPolicy: isScreenCaptureEnabled : ret=true userId=0
10-15 21:09:28.152  1259 13859 D AppOps  : noteOperation: reject #3 for code 105 (105) uid 10095 package com.samsung.android.dialer flags: s
10-15 21:09:28.153 14404 14404 I TelephonyDataSource: [D] getSlotId(1) : 0
10-15 21:09:28.154 14404 14404 I RCS-ImsCommonModel: [D] isSimMobility : false
10-15 21:09:28.156  2587  6364 I ImsServiceStub<0>: isServiceAvailable: mmtel-video, rat: -1, profileFind:true, Enabled:true
10-15 21:09:28.157 14404 14404 I RCS-ImsCommonModel: [D] isVideoCallingPossible : false
10-15 21:09:28.158 14404 14404 I RCS-ImsUiVideoCallCommon: [D] isDialerVideoButtonAvailable(0) : false
10-15 21:09:28.158 14404 14404 I DialpadButtonHelperUSA: [D] isVideoCallAvailable : false
10-15 21:09:28.158 14404 14404 I RCS-ImsUiManager: [D] getDialerVideoCallIcon slotId : -1
10-15 21:09:28.158 14404 14404 I TelephonyDataSource: [D] getDefaultVoiceSubscriptionId : 1
10-15 21:09:28.159  1145  1145 I Layer   : id=141756 Destroyed Screenshot Parent#141756
10-15 21:09:28.159  1259 13859 D AppOps  : noteOperation: reject #3 for code 105 (105) uid 1001 package com.android.phone flags: s
10-15 21:09:28.161  1259 13859 D AppOps  : noteOperation: reject #3 for code 105 (105) uid 10095 package com.samsung.android.dialer flags: s
10-15 21:09:28.162 14404 14404 I TelephonyDataSource: [D] getSlotId(1) : 0
10-15 21:09:28.163  1259  3547 I Telecom:SamsungSemTelecomServiceImpl: getAllowedPhoneAccounts - includeRegisteredAccounts : true / includeSimSubscriptionAccounts : false / isServiceConnected : true / lockExists : true / callingPackage : com.samsung.android.dialer
10-15 21:09:28.170  1259  1701 D SGM:FgCheckThread: notePauseComponent(), received pkgName: com.android.server.telecom, userId: 0
10-15 21:09:28.172  1259  1702 D ActivityTaskManager: mStartingWindow and mStartingData is null for token=ActivityRecord{251888d u0 com.samsung.android.dialer/.DialtactsActivity} t28982}
10-15 21:09:28.173  1259  1259 I Telecom : EmergencyInCallServiceConnection: mCall: [Call id=TC@263, state=CONNECTING, tpac=ComponentInfo{com.android.phone/com.android.services.telephony.TelephonyConnectionService}, 1, UserHandle{0}, cmgr=null, handle=tel:**********, vidst=A, childs(0), has_parent(false), cap=[], prop=[]], voip=falsecaps=[Capabilities:], props=[Properties:], conf(false), had_child(false), mIsConnected: true: TSI.hCI->CM.fOCP->CM.sOCPA->CM.dSMCP->CM.dSPA->CM.sRCQ->CM.pASP@0c8
10-15 21:09:28.174 13084 13084 I SCallUI : InCallServiceImpl@263593373 - CallUIPerf_S: Constructor
10-15 21:09:28.174  1259  1259 D AppOps  : noteOperation: reject #3 for code 103 (103) uid 1002 package com.android.bluetooth flags: s
10-15 21:09:28.174  1259  1701 I wm_destroy_activity: [0,13643535,28984,com.android.server.telecom/.components.UserCallActivity,finish-imm:idle]
10-15 21:09:28.174  1259  1259 I Telecom:SamsungInCallController: ComponentEnabledSetting - componentName : ComponentInfo{com.android.bluetooth/com.android.bluetooth.telephony.BluetoothInCallService} / userId : 0 / componentEnabledState : 1
10-15 21:09:28.174  1259  1259 D AppOps  : noteOperation: reject #3 for code 103 (103) uid 10206 package com.google.android.as flags: s
10-15 21:09:28.174  1259  1259 I Telecom:SamsungInCallController: ComponentEnabledSetting - componentName : ComponentInfo{com.google.android.as/com.google.android.apps.miphone.aiai.captions.tulip.audiosource.impl.CIS} / userId : 0 / componentEnabledState : 0
10-15 21:09:28.175  1259  1259 D AppOps  : noteOperation: reject #3 for code 103 (103) uid 10214 package com.google.android.gms flags: s
10-15 21:09:28.175  1259  1259 I Telecom:SamsungInCallController: ComponentEnabledSetting - componentName : ComponentInfo{com.google.android.gms/com.google.android.gms.dtdi.contextsync.ContextSyncInCallService} / userId : 0 / componentEnabledState : 0
10-15 21:09:28.175 14931 14931 I Telecom:SamsungImsManagerInjector: disconnectService, SemImsManager - phoneId 0
10-15 21:09:28.175  1259  1259 D AppOps  : noteOperation: reject #3 for code 103 (103) uid 10215 package com.google.android.googlequicksearchbox flags: s
10-15 21:09:28.175  1259  1259 I Telecom:SamsungInCallController: ComponentEnabledSetting - componentName : ComponentInfo{com.google.android.googlequicksearchbox/com.google.android.libraries.assistant.auto.tng.morris.framework.datasources.impl.phone.MorrisInCallService} / userId : 0 / componentEnabledState : 0
10-15 21:09:28.176  1259  1259 D AppOps  : noteOperation: reject #3 for code 103 (103) uid 10215 package com.google.android.googlequicksearchbox flags: s
10-15 21:09:28.176 14931 14931 I Telecom:SamsungImsManagerInjector: onDisconnected SemImsManager, phoneId : 0
10-15 21:09:28.176 13084 13084 I SCallUI : InCallServiceImpl@263593373 - CallUIPerf_S: onBind - start
10-15 21:09:28.176  1259  2466 D MdnieScenarioControlService:  packageName : com.samsung.android.dialer    className : com.samsung.android.dialer.DialtactsActivity
10-15 21:09:28.176 14931 14931 I Telecom:SamsungImsManagerInjector: disconnectService, SecImsManager - phoneId 0
10-15 21:09:28.176  1259  1259 I Telecom:SamsungInCallController: ComponentEnabledSetting - componentName : ComponentInfo{com.google.android.googlequicksearchbox/com.google.android.libraries.search.assistant.performer.communication.IncomingCallInCallService} / userId : 0 / componentEnabledState : 1
10-15 21:09:28.176 13084 13084 I SCallUI : BixbyHandler - startBixby2: do not support
10-15 21:09:28.176  1259  1259 I Telecom:SamsungInCallController: ComponentEnabledSetting - componentName : ComponentInfo{com.samsung.android.incallui/com.android.incallui.InCallServiceImpl} / userId : 0 / componentEnabledState : 0
10-15 21:09:28.176 14931 14931 I Telecom:SamsungImsManagerInjector: onDisconnected SecImsManager, phoneId : 0
10-15 21:09:28.176 14931 14931 I wm_on_destroy_called: [13643535,com.android.server.telecom.components.UserCallActivity,performDestroy]
10-15 21:09:28.177 13084 13084 I SCallUI : NotificationHandler - createNotificationChannel
10-15 21:09:28.177  1259  1259 D AppOps  : noteOperation: reject #3 for code 103 (103) uid 1000 package com.samsung.android.mdecservice flags: s
10-15 21:09:28.177  1145  1145 I Layer   : Layer [com.samsung.android.dialer/com.samsung.android.dialer.DialtactsActivity$_14404#141750] hidden!! flag(0)
10-15 21:09:28.177  1259  1259 I Telecom:SamsungInCallController: ComponentEnabledSetting - componentName : ComponentInfo{com.samsung.android.mdecservice/com.samsung.android.mdecservice.notisync.service.InCallServiceImpl} / userId : 0 / componentEnabledState : 0
10-15 21:09:28.177  1259  1259 D AppOps  : noteOperation: reject #3 for code 103 (103) uid 10303 package com.callapp.contacts flags: s
10-15 21:09:28.177  1259  1259 I Telecom : InCallController: Skipping binding to com.callapp.contacts:com.callapp.contacts.inCallService.InCallServiceImpl, control: false, car-mode: false, ui: true: TSI.hCI->CM.fOCP->CM.sOCPA->CM.dSMCP->CM.dSPA->CM.sRCQ->CM.pASP@0c8
10-15 21:09:28.177  1259  1259 I Telecom:SamsungInCallController: ComponentEnabledSetting - componentName : ComponentInfo{com.callapp.contacts/com.callapp.contacts.inCallService.InCallServiceImpl} / userId : 0 / componentEnabledState : 0
10-15 21:09:28.178  1259  1259 I Telecom : InCallServiceBindingConnection: Attempting to bind to InCall [ComponentInfo{com.android.bluetooth/com.android.bluetooth.telephony.BluetoothInCallService} supportsExternal? false supportsSelfMg?true supportsAllowedSelfMg?false], 4, with Intent { act=android.telecom.InCallService cmp=com.android.bluetooth/.telephony.BluetoothInCallService (has extras) }: TSI.hCI->CM.fOCP->CM.sOCPA->CM.dSMCP->CM.dSPA->CM.sRCQ->CM.pASP@0c8
10-15 21:09:28.178  1259  1701 D SGM:GameManager: identifyGamePackage. com.samsung.android.dialer, mCurrentUserId: 0, callerUserId: 0, callingMethodInfo: com.android.server.ssrm.SortingMachine.isGame(SortingMachine.java:162)
10-15 21:09:28.178  1259  1701 D SGM:PkgDataHelper: getGamePkgData(). com.samsung.android.dialer
10-15 21:09:28.178  1259  1259 I Telecom : Event: RecordEntry TC@263: BIND_ICS, [ComponentInfo{com.android.bluetooth/com.android.bluetooth.telephony.BluetoothInCallService} supportsExternal? false supportsSelfMg?true supportsAllowedSelfMg?false], 4: TSI.hCI->CM.fOCP->CM.sOCPA->CM.dSMCP->CM.dSPA->CM.sRCQ->CM.pASP@0c8
10-15 21:09:28.181 13084 13084 I SCallUI : TelecomAdapter - setUp
10-15 21:09:28.182 13084 13084 I SCallUI : InCallServiceImpl@263593373 - CallUIPerf_S: <----- onBind, duration: 6ms - {NO_SCREEN}
10-15 21:09:28.182  1145  1145 I Layer   : id=141757 Destroyed Screenshot Parent#141757
10-15 21:09:28.186  1145  1193 I SurfaceFlinger: id=141758 createSurf, flag=40404, Bottom Edge Extension#141758
10-15 21:09:28.187  1145  1193 I SurfaceFlinger: id=141759 createSurf, flag=400, bbq-wrapper#141759
10-15 21:09:28.189  1259  2010 I commit_sys_config_file: [settings-1-0,16]
10-15 21:09:28.190  1259 10490 I BLASTBufferQueue: [bbq-adapter#7791](f:0,a:0) onFrameAvailable the first frame is available
10-15 21:09:28.192  1145  1145 I Layer   : id=141760 Destroyed Screenshot Parent#141760
10-15 21:09:28.194  1145  1193 I SurfaceFlinger: id=141761 createSurf, flag=40404, Top Edge Extension#141761
10-15 21:09:28.195  1145  2821 I SurfaceFlinger: id=141762 createSurf, flag=400, bbq-wrapper#141762
10-15 21:09:28.197  1259 10489 I BLASTBufferQueue: [bbq-adapter#7792](f:0,a:0) onFrameAvailable the first frame is available
10-15 21:09:28.199  1259  1701 I GameSDK@LifeCycle: noteResumeComponent(): package name  : com.samsung.android.dialer
10-15 21:09:28.199  1259  2466 V MdnieScenarioControlService: setUIMode from UI function(3)
10-15 21:09:28.199  1259  5841 I wm_task_removed: [28984,removeChild:removeChild last r=ActivityRecord{d02f0f u0 com.android.server.telecom/.components.UserCallActivity} t-1 f}} in t=Task{b94cb9c #28984 type=standard A=1000:com.android.server.telecom U=0 visible=false visibleRequested=false mode=fullscreen translucent=true sz=0},1]
10-15 21:09:28.199  1259  5841 I wm_task_removed: [28984,removeChild,1]
10-15 21:09:28.200  2509  2509 I BluetoothInCallService: BluetoothInCallService is created
10-15 21:09:28.200  1259  1259 I Telecom : InCallServiceBindingConnection: mCall: [Call id=TC@263, state=CONNECTING, tpac=ComponentInfo{com.android.phone/com.android.services.telephony.TelephonyConnectionService}, 1, UserHandle{0}, cmgr=null, handle=tel:**********, vidst=A, childs(0), has_parent(false), cap=[], prop=[]], voip=falsecaps=[Capabilities:], props=[Properties:], conf(false), had_child(false), mIsConnected: true: TSI.hCI->CM.fOCP->CM.sOCPA->CM.dSMCP->CM.dSPA->CM.sRCQ->CM.pASP@0c8
10-15 21:09:28.200  1259  1259 I Telecom : InCallServiceBindingConnection: Attempting to bind to InCall [ComponentInfo{com.google.android.googlequicksearchbox/com.google.android.libraries.search.assistant.performer.communication.IncomingCallInCallService} supportsExternal? false supportsSelfMg?false supportsAllowedSelfMg?false], 4, with Intent { act=android.telecom.InCallService cmp=com.google.android.googlequicksearchbox/com.google.android.libraries.search.assistant.performer.communication.IncomingCallInCallService (has extras) }: TSI.hCI->CM.fOCP->CM.sOCPA->CM.dSMCP->CM.dSPA->CM.sRCQ->CM.pASP@0c8
10-15 21:09:28.201  1259  1259 I Telecom : Event: RecordEntry TC@263: BIND_ICS, [ComponentInfo{com.google.android.googlequicksearchbox/com.google.android.libraries.search.assistant.performer.communication.IncomingCallInCallService} supportsExternal? false supportsSelfMg?false supportsAllowedSelfMg?false], 4: TSI.hCI->CM.fOCP->CM.sOCPA->CM.dSMCP->CM.dSPA->CM.sRCQ->CM.pASP@0c8
10-15 21:09:28.202  2509  2509 D BluetoothInCallService: onCreate
10-15 21:09:28.203  2509  2509 D BluetoothInCallService: getProfileProxies - mBluetoothHeadset : null, mBluetoothLeCallControl : null
10-15 21:09:28.203  1259  1701 D SGM:FgCheckThread: noteResumeComponent(), received pkgName: com.samsung.android.dialer, userId: 0
10-15 21:09:28.203  1259  3308 I MediaSessionMonitor: Media session stopped : controllerList empty
10-15 21:09:28.204  1259  2079 D SGM:FgCheckThread: onLooperPrepared(), msg: MSG_APP_RESUME, pkgName: com.samsung.android.dialer, userid: 0
10-15 21:09:28.204  1259  2079 D SGM:FgCheckThread: handleResume().
10-15 21:09:28.204  1259  2079 D SGM:FgCheckThread: sendFocusOutConditionally() - mPrevNotiPkg: (unknown), userId: 0
10-15 21:09:28.204  1259  2079 D SGM:FgCheckThread:   handleResume(). pkgName: com.samsung.android.dialer, userId: 0, isTunableApp: null
10-15 21:09:28.204  1259  2079 D SGM:FgCheckThread: notifyFocusInOut(). of pkg: com.samsung.android.dialer, type: 4, isTunableApp: false, userId: 0
10-15 21:09:28.204  1259  2079 D SGM:FgCheckThread:   notifyFocusInOut(). unexpected mPrevNotiType: -1
10-15 21:09:28.204  1259  2079 D SGM:SystemHelper: callReleaseBlock needReleaseBlock:false
10-15 21:09:28.205  2509  2509 I BluetoothAdapter: BluetoothAdapter() : com.android.bluetooth
10-15 21:09:28.206  1259  1259 I Telecom : InCallServiceBindingConnection: mCall: [Call id=TC@263, state=CONNECTING, tpac=ComponentInfo{com.android.phone/com.android.services.telephony.TelephonyConnectionService}, 1, UserHandle{0}, cmgr=null, handle=tel:**********, vidst=A, childs(0), has_parent(false), cap=[], prop=[]], voip=falsecaps=[Capabilities:], props=[Properties:], conf(false), had_child(false), mIsConnected: true: TSI.hCI->CM.fOCP->CM.sOCPA->CM.dSMCP->CM.dSPA->CM.sRCQ->CM.pASP@0c8
10-15 21:09:28.207  1259  1259 I Telecom : CallDiagnosticServiceController: bindCallDiagnosticService: no package; skip binding.: TSI.hCI->CM.fOCP->CM.sOCPA->CM.dSMCP->CM.dSPA->CM.sRCQ->CM.pASP@0c8
10-15 21:09:28.206 11575 11575 I A       : onBind() to the IncomingCallInCallService.
10-15 21:09:28.207  2509  2509 D BluetoothHeadset: BTStateChangeCB is registed by 2509 @ com.android.bluetooth
10-15 21:09:28.207  1259  1259 I AudioManager: getParameters keys = g_volume_situation_key;type=13
10-15 21:09:28.207  1126 28231 V APM_AudioPolicyManager: getAudioPolicyConfig: g_volume_situation_key;type=13
10-15 21:09:28.208  1126 28231 W SecAudioParamPolicy: g_volume_situation_key: did not support legacy situation volumes
10-15 21:09:28.208  1259  1259 D AudioSystem: getParameters() ERROR : can't get situationVolume
10-15 21:09:28.208  1259  1259 I Telecom:SamsungBluetoothManager: setIsExistForegroundCall = true
10-15 21:09:28.208  1259  1259 I Telecom:CallAudioManager: onCallEnteringActiveDialingOrConnecting : size = 1 isAnswered: false
10-15 21:09:28.209  1259  1259 I Telecom : IncomingCallNotifier: updateIncomingCall: foundIncomingcall = null: TSI.hCI->CM.fOCP->CM.sOCPA->CM.dSMCP->CM.dSPA->CM.sRCQ->CM.pASP@0c8
10-15 21:09:28.209  1259  2970 I Telecom : CallAudioModeStateMachine: Message received: NEW_ACTIVE_OR_DIALING_CALL.: TSI.hCI->CM.fOCP->CM.sOCPA->CM.dSMCP->CM.dSPA->CM.sRCQ->CM.pASP->CAMSM.pM_2001@0c8
10-15 21:09:28.209  1259  1259 I Telecom:SamsungATCommandManager: onCallAdded() command = null
10-15 21:09:28.209  1259  1259 I Telecom:SamsungSpeakerManagerForSessionModify: onCallAdded 
10-15 21:09:28.209  1259  1259 I Telecom:SamsungSpeakerManagerForSessionModify: isSktTPhoneMode : false
10-15 21:09:28.209  1259  1259 I Telecom:SamsungAutoAnswerCallsManagerListener: onCallAdded : [Call id=TC@263, state=CONNECTING, tpac=ComponentInfo{com.android.phone/com.android.services.telephony.TelephonyConnectionService}, 1, UserHandle{0}, cmgr=null, handle=tel:**********, vidst=A, childs(0), has_parent(false), cap=[], prop=[]], voip=falsecaps=[Capabilities:], props=[Properties:], conf(false), had_child(false)
10-15 21:09:28.209  1259  1259 I Telecom:SamsungFolderAngleRegistrar: registerListenerToSensorManager failed :NOT_SUPPORTED
10-15 21:09:28.209  1259  1259 I Telecom:SamsungRestrictionPolicyHelper: canShowCallerIdIncomingCall, call is not incoming
10-15 21:09:28.209  1259  1259 D Telecom:SamsungRingingTimeCallAddedTimeMarker:  callAddedElapsedTime : 364213365
10-15 21:09:28.210  1259  2970 I Telecom:SamsungCallAudioModeStateMachine: setRefreshAudioModemForSpecialModem md=
10-15 21:09:28.210  1259  2970 I AudioManager: setParameters keyValuePairs = RefreshModem=
10-15 21:09:28.210  1145  1145 I Layer   : id=141749 removedFromDrawingState ActivityRecord{d02f0f u0 com.android.server.telecom/.components.UserCallActivity} t28984}#141749 (126)
10-15 21:09:28.210  1145  1145 I Layer   : id=141748 removedFromDrawingState Task=28984#141748 (126)
10-15 21:09:28.210  1145  1145 I SurfaceFlinger: id=141749 Removed ActivityRecord{d02f0f u0 com.android.server.telecom/.components.UserCallActivity} t28984}#141749 (126)
10-15 21:09:28.210  1145  1145 I SurfaceFlinger: id=141748 Removed Task=28984#141748 (126)
10-15 21:09:28.211  1145  1145 I Layer   : id=141748 Destroyed Task=28984#141748
10-15 21:09:28.211  1145  1145 I Layer   : id=141749 Destroyed ActivityRecord{d02f0f u0 com.android.server.telecom/.components.UserCallActivity} t28984}#141749
10-15 21:09:28.211   940 21006 D audio_hw_primary: adev_set_parameters: enter: RefreshModem=
10-15 21:09:28.212   940 21006 V audio_hw_sec: sec_set_parameters: enter
10-15 21:09:28.215  1126  3731 V APM_AudioPolicyManager: selectOutput new bestOutput 13 criteria 0 100 0 0 0 0 0 2 
10-15 21:09:28.215  1126  3731 V APM_AudioPolicyManager: getOutput() stream 8 selected devices {AUDIO_DEVICE_OUT_SPEAKER, @:}, output 13
10-15 21:09:28.216  1259  2965 I Telecom : CallAudioRouteStateMachine: Message received: MUTE_OFF=3002, arg1=0: TSI.hCI->CM.fOCP->CM.sOCPA->CM.dSMCP->CM.dSPA->CM.sRCQ->CM.pASP->CARSM.pM_MUTE_OFF@0c8
10-15 21:09:28.216  1259  1259 D CmcSettingManager: init : CmcSettingManager version : 1.4.1
10-15 21:09:28.216  1259  1259 D CmcSettingManager: context : com.android.server.telecom.components.TelecomService@debb8f4
10-15 21:09:28.216  1259  1259 D CmcSettingManager: cur version : 5.1.00.59
10-15 21:09:28.216  1259  1259 D CmcSettingManager: getOwnDeviceType
10-15 21:09:28.216  1259  1259 D CmcSettingManager: own device type - db : pd
10-15 21:09:28.216  1259  1259 D CmcSettingManager: deInit
10-15 21:09:28.216  1259  1259 D CmcSettingManager: unregisterListener : all
10-15 21:09:28.216  1259  1259 D CmcSettingManager: context : com.android.server.telecom.components.TelecomService@debb8f4
10-15 21:09:28.216  1259  1259 I Telecom:SamsungNewOutgoingCallIntentBroadcaster: isOutgoingGroupCall : false
10-15 21:09:28.217  2738  2738 I RecentsView: onTaskRemoved() taskId : 28984
10-15 21:09:28.217  1259  1259 I Telecom:SamsungNewOutgoingCallIntentBroadcaster: processCall, need to update handle
10-15 21:09:28.217  2738  2738 I TopTaskTracker: onTaskRemoved : taskId = 28984
10-15 21:09:28.217  2738  2738 I RecentsView: onTaskRemoved() taskId : 28984
10-15 21:09:28.217  1259  1259 I Telecom : CallRedirectionProcessorHelper: formatNumberToE164, original number: ***: TSI.hCI->CIP.sNOCI@0c8
10-15 21:09:28.217  2738  2738 I TopTaskTracker: onTaskRemoved : taskId = 28984
10-15 21:09:28.217  1259  2965 I Telecom : QuiescentEarpieceRoute: Processing message MUTE_OFF: TSI.hCI->CM.fOCP->CM.sOCPA->CM.dSMCP->CM.dSPA->CM.sRCQ->CM.pASP->CARSM.pM_MUTE_OFF@0c8
10-15 21:09:28.217  1259  2965 I Telecom : Event: RecordEntry TC@263: UNMUTE, null: TSI.hCI->CM.fOCP->CM.sOCPA->CM.dSMCP->CM.dSPA->CM.sRCQ->CM.pASP->CARSM.pM_MUTE_OFF@0c8
10-15 21:09:28.217  1259  2965 D BluetoothAdapter: getActiveDevices(profile= HEARING_AID)
10-15 21:09:28.217  1259  1259 I Telecom : CallRedirectionProcessorHelper: formatNumberToE164, formatted E164 number: null: TSI.hCI->CIP.sNOCI@0c8
10-15 21:09:28.218  1259  1259 I Telecom : CallRedirectionProcessorHelper: removePostDialDigits, number after being extracted post dial digits: ***: TSI.hCI->CIP.sNOCI@0c8
10-15 21:09:28.218  1259  1259 I Telecom : CallRedirectionProcessorHelper: PackageName is empty. Not performing user-defined call redirection.: TSI.hCI->CIP.sNOCI@0c8
10-15 21:09:28.219  1259  2970 I Telecom:SamsungCallAudioModeStateMachine: getTargetAudioMode : mode = 2 mSamsungMessageArg: SamsungMessageArgs{foregroundCallPhoneId =0, foregroundCallIsCs =false, foregroundCallIsVideo =false, mUseIWLAN =false, foregroundCallIsCmcSdCall =false, foregroundCallIsVoip =false, foregroundCallIsInContact =false, foregroundCallIsVoiceMailNumber =false}
10-15 21:09:28.219  8294  8308 I SAMSUNGWALLET: [Hint_ProcessStatusChange] fg Change, pid : 14931 , isNotify : true , isForeground : false , fg list : [14404]
10-15 21:09:28.219  1259  2970 I Telecom : CallAudioModeStateMachine: destinationStateByAudioMode mode=2: TSI.hCI->CM.fOCP->CM.sOCPA->CM.dSMCP->CM.dSPA->CM.sRCQ->CM.pASP->CAMSM.pM_2001@0c8
10-15 21:09:28.219  1259  2970 I Telecom : CallAudioModeStateMachine: Audio focus entering SIM CALL state: TSI.hCI->CM.fOCP->CM.sOCPA->CM.dSMCP->CM.dSPA->CM.sRCQ->CM.pASP->CAMSM.pM_2001@0c8
10-15 21:09:28.221  1259  2871 D AppOps  : noteOperation: allowing code 111 uid 1000 package com.android.server.telecom flags: s
10-15 21:09:28.222  2509  3342 D HearingAidService: getActiveDevices
10-15 21:09:28.222  2509  3342 I BluetoothAdapterService: getActiveDevices: Hearing Aid devices: Left[null] - Right[null]
10-15 21:09:28.223  1126 28231 V APM_AudioPolicyManager: setAudioPolicyConfig: audioParam;l_smart_view_split_sound_enable=false
10-15 21:09:28.223  8294  8335 I SAMSUNGWALLET: [Hint_afp] isHomePackageRunning topPkgName = com.samsung.android.dialer, topClsName = com.samsung.android.dialer.DialtactsActivity, return false , se : false
10-15 21:09:28.223  1259  2970 I MediaFocusControl: requestAudioFocus() from uid/pid 1000/1259 AA=USAGE_VOICE_COMMUNICATION/CONTENT_TYPE_SPEECH clientId=AudioFocus_For_Phone_Ring_And_Calls callingPack=com.android.server.telecom req=2 flags=0x4 sdk=0
10-15 21:09:28.223  1126  3731 V APM_AudioPolicyManager: getOutputForAttrInt() attributes={ Content type: AUDIO_CONTENT_TYPE_UNKNOWN Usage: AUDIO_USAGE_VOICE_COMMUNICATION_SIGNALLING Source: AUDIO_SOURCE_DEFAULT Flags: 0x0 Tags:  } stream=AUDIO_STREAM_DTMF session 30817 selectedDeviceId 0
10-15 21:09:28.223  8294  8294 I SAMSUNGWALLET: [Hint_IntroHintService] Hint Status - already invisible, skip hide : Home Package Not Running
10-15 21:09:28.223  1259  2970 D AppOps  : noteOperation: allowing code 32 uid 1000 package com.android.server.telecom flags: s
10-15 21:09:28.224  1259  2970 D MediaFocusControl: selectFocusStack, uid = 1000, appDevice = 0, device = 2
10-15 21:09:28.224  1126  3731 V APM_AudioPolicyManager: getOutputForAttrInt() device {AUDIO_DEVICE_OUT_SPEAKER, @:}, sampling rate 0, format 0x1, channel mask 0x1, flags 0x100004 stream AUDIO_STREAM_DTMF
10-15 21:09:28.224  2509  2509 I BluetoothInCallService: onBind. Intent: Intent { act=android.telecom.InCallService cmp=com.android.bluetooth/.telephony.BluetoothInCallService (has extras) }
10-15 21:09:28.224  1259  2970 D MediaFocusControl: propagateFocusLossFromGainToAll, 2
10-15 21:09:28.224  1126  3731 V APM_AudioPolicyManager: selectOutput new bestOutput 13 criteria 0 100 0 0 0 0 4 2 
10-15 21:09:28.224  1259  2970 I AudioService.FadeOutManager: unfadeOutUid() uid:1000
10-15 21:09:28.224  1126  3731 V APM_AudioPolicyManager: selectOutput new bestOutput 29 criteria 0 100 0 0 0 1 4 0 
10-15 21:09:28.224  1126  3731 V APM_AudioPolicyManager: getOutputForAttrInt returns output 29 selectedDeviceId 3
10-15 21:09:28.224  1126  3731 V APM_AudioPolicyManager: getOutputForAttr() returns output 29 requestedPortId 0 selectedDeviceId 3 for port ID 3014
10-15 21:09:28.224  1126  3731 I AudioFlinger: nonSecFlag 4, secFlag 100000, outputFlags 4
10-15 21:09:28.224  1126  3731 D AudioFlinger: Client defaulted notificationFrames to 192 for frameCount 960
10-15 21:09:28.224  1259  2970 I Telecom:SamsungCallMultiSimAudioParam: setNone : mState = -1
10-15 21:09:28.224  1259  2970 I Telecom:SamsungCallAudioModeStateMachine: shouldControlEngine = false
10-15 21:09:28.224  1259  2970 I Telecom:SamsungAudioModeInCall: enterSimCallFocusState shouldControlEngine =false
10-15 21:09:28.224  1259  2970 I Telecom:SamsungCallAudioParam: CallAudioModeStateMachine : setAudioParam CALL_STATUS_VOLTE_CP_VOICE_CALL_ON
10-15 21:09:28.224  1259  2970 I AudioManager: setParameters keyValuePairs = g_call_state=514
10-15 21:09:28.225  1126 28231 V APM_AudioPolicyManager: setAudioPolicyConfig: g_call_state=514
10-15 21:09:28.225  1259  1259 I Telecom : CallRedirectionProcessorHelper: Cannot get carrier componentNameString.: TSI.hCI->CIP.sNOCI@0c8
10-15 21:09:28.225  1259  1259 I Telecom : CallRedirectionProcessor: Can make call redirection with any available service: false: TSI.hCI->CIP.sNOCI@0c8
10-15 21:09:28.225  1259  1259 I Telecom : NewOutgoingCallIntentBroadcaster: Sending NewOutgoingCallBroadcast for [Call id=TC@263, state=CONNECTING, tpac=ComponentInfo{com.android.phone/com.android.services.telephony.TelephonyConnectionService}, 1, UserHandle{0}, cmgr=null, handle=tel:**********, vidst=A, childs(0), has_parent(false), cap=[], prop=[]], voip=falsecaps=[Capabilities:], props=[Properties:], conf(false), had_child(false) to UserHandle{0}: TSI.hCI->CIP.sNOCI@0c8
10-15 21:09:28.226  1259  1259 I Telecom : Event: RecordEntry TC@263: SEND_NEW_OUTGOING_CALL, number=50******06, true, UserHandle{0}: TSI.hCI->CIP.sNOCI@0c8
10-15 21:09:28.226  1259  1259 W Telecom : Logging: Log.endSession was called with no session active.
10-15 21:09:28.226  1259  1259 W Looper  : Slow dispatch took 109ms main h=android.os.Handler c=android.telecom.Logging.Runnable$1@d3225b7 m=0
10-15 21:09:28.226  1126  3731 D AF::TrackHandle: OpPlayAudio: track:3045 usage:3 not muted
10-15 21:09:28.226  1259  1259 I CocktailBarManagerServiceContainer: handleMessage: entry what = 6
10-15 21:09:28.226  1259  1259 I CocktailBarManagerServiceImpl: notePauseComponent : no active host
10-15 21:09:28.226  1145  1189 I VSyncReactor: Current= 60, Period= 120, hwcPeriod= 60
10-15 21:09:28.227  1259  1717 D AppOps  : noteOperation: allowing code 54 uid 1000 package android flags: s
10-15 21:09:28.228  1259  3547 I dvm_lock_sample: [system_server,1,binder:1259_10,63,SamsungSemTelecomServiceImpl.java,54,android.content.pm.ParceledListSlice com.samsung.server.telecom.basiccall.telecom.SamsungSemTelecomServiceImpl$1.getAllowedPhoneAccounts(boolean, boolean, java.lang.String, java.lang.String),Runnable.java,44,void android.telecom.Logging.Runnable$1.run(),12]
10-15 21:09:28.229  1259  3547 I Telecom:SamsungAllowedPhoneAccountFilterManager: filterSalesCode - option : EXCLUDE / allowedPhoneAccount : SamsungJsonPhoneAccount { RawData : {\"package_name\":\"com.google.android.apps.tachyon\",\"component_name\":\"\",\"sales_code_option\":\"exclude\",\"sales_codes\":[\"CDR\",\"DOR\",\"UFN\",\"UFU\",\"SAM\",\"CHC\",\"TCE\",\"GCF\"],\"model_names\":[],\"orders\":{\"default\":200,\"SKC\":900,\"KTC\":900,\"LUC\":900}} / PackageName : com.google.android.apps.tachyon / ComponentName :  / SalesCodeOption : exclude / SalesCodes : [CDR, DOR, UFN, UFU, SAM, CHC, TCE, GCF] / ModelNameOption : null / ModelNames : [] / Orders : {default=200, SKC=900, KTC=900, LUC=900} / Order : 200
10-15 21:09:28.229  1259  3547 I Telecom:SamsungAllowedPhoneAccountFilterManager: filterModelName - option : ALL / allowedPhoneAccount : SamsungJsonPhoneAccount { RawData : {\"package_name\":\"com.google.android.apps.tachyon\",\"component_name\":\"\",\"sales_code_option\":\"exclude\",\"sales_codes\":[\"CDR\",\"DOR\",\"UFN\",\"UFU\",\"SAM\",\"CHC\",\"TCE\",\"GCF\"],\"model_names\":[],\"orders\":{\"default\":200,\"SKC\":900,\"KTC\":900,\"LUC\":900}} / PackageName : com.google.android.apps.tachyon / ComponentName :  / SalesCodeOption : exclude / SalesCodes : [CDR, DOR, UFN, UFU, SAM, CHC, TCE, GCF] / ModelNameOption : null / ModelNames : [] / Orders : {default=200, SKC=900, KTC=900, LUC=900} / Order : 200
10-15 21:09:28.229  1259  3547 I Telecom:SamsungAllowedPhoneAccountFilterManager: filterSalesCode - option : INCLUDE / allowedPhoneAccount : SamsungJsonPhoneAccount { RawData : {\"package_name\":\"com.skt.prod.together\",\"component_name\":\"\",\"sales_code_option\":\"include\",\"sales_codes\":[\"SKC\",\"KOO\"],\"model_names\":[],\"orders\":{\"SKC\":100}} / PackageName : com.skt.prod.together / ComponentName :  / SalesCodeOption : include / SalesCodes : [SKC, KOO] / ModelNameOption : null / ModelNames : [] / Orders : {SKC=100} / Order : 1000
10-15 21:09:28.229 14404 14404 I TelecomDataSource: [D] allowedSemPhoneAccounts: semPhoneAccount: com.google.android.apps.tachyon
10-15 21:09:28.229  1259  2965 I Telecom : CallAudioRouteStateMachine: setSystemAudioState: changing from [AudioState isMuted: false, route: EARPIECE, supportedRouteMask: EARPIECE, SPEAKER, activeBluetoothDevice: [null], supportedBluetoothDevices: []] to [AudioState isMuted: false, route: EARPIECE, supportedRouteMask: EARPIECE, SPEAKER, activeBluetoothDevice: [null], supportedBluetoothDevices: []]: TSI.hCI->CM.fOCP->CM.sOCPA->CM.dSMCP->CM.dSPA->CM.sRCQ->CM.pASP->CARSM.pM_MUTE_OFF@0c8
10-15 21:09:28.229 14404 14404 I PhoneAccountModel: [D] PackageComponentWrapper(com.google.android.apps.tachyon, null, 200 )
10-15 21:09:28.229  1259  2965 D BluetoothAdapter: getActiveDevices(profile= HEADSET)
10-15 21:09:28.230  1259  3547 I Telecom:SamsungSemTelecomServiceImpl: getAllowedPhoneAccounts - includeRegisteredAccounts : true / includeSimSubscriptionAccounts : false / isServiceConnected : true / lockExists : true / callingPackage : com.samsung.android.dialer
10-15 21:09:28.230  1259  1259 I CocktailBarManagerServiceContainer: handleMessage: entry what = 5
10-15 21:09:28.230  1259  1259 I CocktailBarManagerServiceImpl: noteResumeComponent : no active host
10-15 21:09:28.230  1259  3547 I Telecom:SamsungAllowedPhoneAccountFilterManager: filterSalesCode - option : EXCLUDE / allowedPhoneAccount : SamsungJsonPhoneAccount { RawData : {\"package_name\":\"com.google.android.apps.tachyon\",\"component_name\":\"\",\"sales_code_option\":\"exclude\",\"sales_codes\":[\"CDR\",\"DOR\",\"UFN\",\"UFU\",\"SAM\",\"CHC\",\"TCE\",\"GCF\"],\"model_names\":[],\"orders\":{\"default\":200,\"SKC\":900,\"KTC\":900,\"LUC\":900}} / PackageName : com.google.android.apps.tachyon / ComponentName :  / SalesCodeOption : exclude / SalesCodes : [CDR, DOR, UFN, UFU, SAM, CHC, TCE, GCF] / ModelNameOption : null / ModelNames : [] / Orders : {default=200, SKC=900, KTC=900, LUC=900} / Order : 200
10-15 21:09:28.230  1259  3547 I Telecom:SamsungAllowedPhoneAccountFilterManager: filterModelName - option : ALL / allowedPhoneAccount : SamsungJsonPhoneAccount { RawData : {\"package_name\":\"com.google.android.apps.tachyon\",\"component_name\":\"\",\"sales_code_option\":\"exclude\",\"sales_codes\":[\"CDR\",\"DOR\",\"UFN\",\"UFU\",\"SAM\",\"CHC\",\"TCE\",\"GCF\"],\"model_names\":[],\"orders\":{\"default\":200,\"SKC\":900,\"KTC\":900,\"LUC\":900}} / PackageName : com.google.android.apps.tachyon / ComponentName :  / SalesCodeOption : exclude / SalesCodes : [CDR, DOR, UFN, UFU, SAM, CHC, TCE, GCF] / ModelNameOption : null / ModelNames : [] / Orders : {default=200, SKC=900, KTC=900, LUC=900} / Order : 200
10-15 21:09:28.230  1259  3547 I Telecom:SamsungAllowedPhoneAccountFilterManager: filterSalesCode - option : INCLUDE / allowedPhoneAccount : SamsungJsonPhoneAccount { RawData : {\"package_name\":\"com.skt.prod.together\",\"component_name\":\"\",\"sales_code_option\":\"include\",\"sales_codes\":[\"SKC\",\"KOO\"],\"model_names\":[],\"orders\":{\"SKC\":100}} / PackageName : com.skt.prod.together / ComponentName :  / SalesCodeOption : include / SalesCodes : [SKC, KOO] / ModelNameOption : null / ModelNames : [] / Orders : {SKC=100} / Order : 1000
10-15 21:09:28.230  1259  1259 I Telecom:Telecom_Timing: onServiceConnected from IncallService for GANG-ext
10-15 21:09:28.230 14404 14404 I OpenCommunicationModel: [D] allowedPhoneAccountInfo : [PackageComponentWrapper(packageName=com.google.android.apps.tachyon, componentName=null, order=200)] selfManagedAccounts : []
10-15 21:09:28.231  1259  1259 I Telecom : Event: RecordEntry TC@263: ICS_SERVICE_CONNECTED, com.samsung.android.incallui/com.android.incallui.InCallServiceImpl, android.os.BinderProxy@bb96653, false, true, false, 2: ICSBC.oSC(csai)@0dI
10-15 21:09:28.231  1126  3731 I AF::Track: setMixerOutConfig return default condition, mixer key 2002, thread key 2002
10-15 21:09:28.231  1259  1259 I Telecom : InCallController: onConnected to ComponentInfo{com.samsung.android.incallui/com.android.incallui.InCallServiceImpl}: ICSBC.oSC(csai)@0dI
10-15 21:09:28.231  1259  1259 I Telecom : InCallController: trackCallingUserInterfaceStarted: com.samsung.android.incallui is now calling UX.: ICSBC.oSC(csai)@0dI
10-15 21:09:28.231  1259  3547 D AppOps  : noteOperation: allowing code 111 uid 1000 package com.android.server.telecom flags: s
10-15 21:09:28.232  1259  1259 I Telecom : InCallController: Adding 1 calls to InCallService after onConnected: ComponentInfo{com.samsung.android.incallui/com.android.incallui.InCallServiceImpl}, including external calls: ICSBC.oSC(csai)@0dI
10-15 21:09:28.232  1145  1145 I DisplayDevice: [Display 4630946312756012673 (internal, primary, \"\")] ActiveConfigToHWC, ID : 0
10-15 21:09:28.232  1259  1259 I Telecom:Telecom_Timing: addCall to IncallService for GANGA
10-15 21:09:28.232  1145  1145 I LayerHistory: com.sec.android.RilServiceModeApp/com.sec.android.RilServiceModeApp.ServiceModeApp$_2246#141734 Max (can't resolve refresh rate)
10-15 21:09:28.232   940 21006 V sec_audio_hw: sec_dev_set_parameters : g_call_state=514
10-15 21:09:28.233  1145  1145 I SurfaceFlinger: Touch - choose 120.00 Hz
10-15 21:09:28.233   940 21006 D audio_hw_primary: adev_set_parameters: enter: g_call_state=514
10-15 21:09:28.233   940 21006 I audio_hw_sec: CallState val=0x202 
10-15 21:09:28.233   940 21006 V audio_hw_sec: sec_set_parameters: enter
10-15 21:09:28.233  1259  1259 W Telecom : Call: maybeOnInCallServiceTrackingChanged() request on a call without a connection service.: ICSBC.oSC(csai)@0dI
10-15 21:09:28.233  1259  1259 I Telecom : Event: RecordEntry TC@263: ICS_ADD_CALL, onConnected - [ComponentInfo{com.samsung.android.incallui/com.android.incallui.InCallServiceImpl} supportsExternal? true supportsSelfMg?false supportsAllowedSelfMg?false], 2: ICSBC.oSC(csai)@0dI
10-15 21:09:28.233  1259  1259 I Telecom : InCallController: 1 calls sent to InCallService.: ICSBC.oSC(csai)@0dI
10-15 21:09:28.232  2509  3342 I BluetoothAdapterService: getActiveDevices: Headset device: null
10-15 21:09:28.233  1259  1259 D MediaSessionService: Global priority session is updated, active=true
10-15 21:09:28.234  1259  1259 I Telecom:Telecom_Timing: onServiceConnected from IncallService for GANG-ext
10-15 21:09:28.234  1259  1259 I Telecom : Event: RecordEntry TC@263: ICS_SERVICE_CONNECTED, com.google.android.googlequicksearchbox/com.google.android.libraries.search.assistant.performer.communication.IncomingCallInCallService, android.os.BinderProxy@fafc89, false, true, false, 4: ICSBC.oSC(cgag)@0dM
10-15 21:09:28.234  1259  1259 I Telecom : InCallController: onConnected to ComponentInfo{com.google.android.googlequicksearchbox/com.google.android.libraries.search.assistant.performer.communication.IncomingCallInCallService}: ICSBC.oSC(cgag)@0dM
10-15 21:09:28.234  1259  1259 I Telecom : InCallController: Adding 1 calls to InCallService after onConnected: ComponentInfo{com.google.android.googlequicksearchbox/com.google.android.libraries.search.assistant.performer.communication.IncomingCallInCallService}, including external calls: ICSBC.oSC(cgag)@0dM
10-15 21:09:28.234  2308  3497 D RefOnMediaKeyEventSessionChangedListenerProxy: invoke() onMediaKeyEventSessionChanged
10-15 21:09:28.235  2308  3497 D FaceWidgetMusicViewModel: onMediaKeyEventSessionChanged() packageName = com.android.server.telecom, sessionToken = android.media.session.MediaSession$Token@9966bc6
10-15 21:09:28.235  1259  1259 I Telecom:Telecom_Timing: addCall to IncallService for GANG-ext
10-15 21:09:28.235  1259 18815 I AudioTrack: createTrack_l(3010): AUDIO_OUTPUT_FLAG_FAST successful; frameCount 960 -> 960
10-15 21:09:28.235  1259  1259 W Telecom : Call: maybeOnInCallServiceTrackingChanged() request on a call without a connection service.: ICSBC.oSC(cgag)@0dM
10-15 21:09:28.235  1259  1259 I Telecom : Event: RecordEntry TC@263: ICS_ADD_CALL, onConnected - [ComponentInfo{com.google.android.googlequicksearchbox/com.google.android.libraries.search.assistant.performer.communication.IncomingCallInCallService} supportsExternal? false supportsSelfMg?false supportsAllowedSelfMg?false], 4: ICSBC.oSC(cgag)@0dM
10-15 21:09:28.235  1259  1259 I Telecom : InCallController: 1 calls sent to InCallService.: ICSBC.oSC(cgag)@0dM
10-15 21:09:28.235 11575 11575 D Telecom-InCallService: handleMessage: SET_IN_CALL_ADAPTER
10-15 21:09:28.235  1259  1259 D AppOps  : noteOperation: allowing code 54 uid 1000 package android flags: s
10-15 21:09:28.236 11575 29110 D Telecom-InCallService: InCallServiceBinder - addCall: id(TC@263), state(CONNECTING), [Capabilities:]
10-15 21:09:28.237 11575 11575 D Telecom-InCallService: handleMessage: ADD_CALL
10-15 21:09:28.237  1259  1259 I Telecom:Telecom_Timing: onServiceConnected from IncallService for GANG-ext
10-15 21:09:28.237  1068 27029 I SDM     : HWCDisplay::SubmitDisplayConfig: [DispConfigs] config 1 => 0, hs_mode 1 => 1
10-15 21:09:28.237  1068 27029 I SDM     : DisplayBase::SetActiveConfig: [DispConfigs] 1 => 0 or hs mode is changed if same config
10-15 21:09:28.235  2308  4170 D RefOnMediaKeyEventSessionChangedListenerProxy: invoke() onMediaKeyEventSessionChanged
10-15 21:09:28.237  1068 27029 I SDM     : HWDeviceDRM::SetDisplaySwitchMode: [DispConfigs] check hs_mode 1
10-15 21:09:28.237  1068 27029 I SDM     : HWDeviceDRM::SetDisplaySwitchMode: [DispConfigs] SetDisplayAttributes  mode_index 0
10-15 21:09:28.237 11575 11575 D Telecom-Call: internalUpdate - stateChanged: false, detailsChanged: true, videoCallChanged: false, isRttChanged: false, rttModeChanged: false, cannedTextResChanged: false, parentChanged: false, childrenChanged: false, activeChildChanged: false
10-15 21:09:28.237  1259  1259 I Telecom : Event: RecordEntry TC@263: ICS_SERVICE_CONNECTED, com.android.bluetooth/.telephony.BluetoothInCallService, android.os.BinderProxy@ec5748e, false, true, false, 4: ICSBC.oSC(cab)@0dQ
10-15 21:09:28.237  2308  4170 D FaceWidgetMusicViewModel: onMediaKeyEventSessionChanged() packageName = com.android.server.telecom, sessionToken = android.media.session.MediaSession$Token@9966bc6
10-15 21:09:28.237  1259  1259 I Telecom : InCallController: onConnected to ComponentInfo{com.android.bluetooth/com.android.bluetooth.telephony.BluetoothInCallService}: ICSBC.oSC(cab)@0dQ
10-15 21:09:28.237 11575 11575 D Telecom-InCallService: handleMessage: ON_CALL_AUDIO_STATE_CHANGED
10-15 21:09:28.237 11575 11575 D Telecom-InCallService: handleMessage: ON_CAN_ADD_CALL_CHANGED
10-15 21:09:28.237  1068 27029 I SDM     : HWDeviceDRM::UpdateMixerAttributes: Mixer WxH 1080x2408-0 for Peripheral
10-15 21:09:28.237  1259  1259 I Telecom : InCallController: Adding 1 calls to InCallService after onConnected: ComponentInfo{com.android.bluetooth/com.android.bluetooth.telephony.BluetoothInCallService}, including external calls: ICSBC.oSC(cab)@0dQ
10-15 21:09:28.237  1259  1259 I Telecom:Telecom_Timing: addCall to IncallService for GANG-ext
10-15 21:09:28.237  2509  2509 D AvrcpMediaPlayerList: Ignore active media session change to telecom
10-15 21:09:28.238  1068 27029 I SDM     : HWCDisplay::SubmitDisplayConfig: Active configuration changed to: 0
10-15 21:09:28.238  1259  1259 W Telecom : Call: maybeOnInCallServiceTrackingChanged() request on a call without a connection service.: ICSBC.oSC(cab)@0dQ
10-15 21:09:28.238  2509  2509 D Telecom-InCallService: handleMessage: SET_IN_CALL_ADAPTER
10-15 21:09:28.238  1259  1259 I Telecom : Event: RecordEntry TC@263: ICS_ADD_CALL, onConnected - [ComponentInfo{com.android.bluetooth/com.android.bluetooth.telephony.BluetoothInCallService} supportsExternal? false supportsSelfMg?true supportsAllowedSelfMg?false], 4: ICSBC.oSC(cab)@0dQ
10-15 21:09:28.238  1259  1259 I Telecom : InCallController: 1 calls sent to InCallService.: ICSBC.oSC(cab)@0dQ
10-15 21:09:28.238  2509 20366 D Telecom-InCallService: InCallServiceBinder - addCall: id(TC@263), state(CONNECTING), [Capabilities:]
10-15 21:09:28.238 13084 13084 I SCallUI : InCallServiceImpl@263593373 - CallUIPerf_S: onCallAdded - start
10-15 21:09:28.238  1259  3308 D MediaSessionRecord: registering controller callback android.media.session.MediaController$CallbackStub@76a14af from controllerandroid
10-15 21:09:28.239  1259  2468 D InputDispatcher: Focus entered window (0): 463ab57 com.samsung.android.dialer/com.samsung.android.dialer.DialtactsActivity
10-15 21:09:28.239  1259  2965 D BluetoothAdapter: getActiveDevices(profile= HEARING_AID)
10-15 21:09:28.239  1259  2062 I input_focus: [Focus entering 463ab57 com.samsung.android.dialer/com.samsung.android.dialer.DialtactsActivity (server),reason=Window became focusable. Previous reason: NOT_VISIBLE]
10-15 21:09:28.239  1259  1259 D AppOps  : noteOperation: allowing code 54 uid 10214 package com.google.android.gms.gms_broadcast_receiver flags: s
10-15 21:09:28.239 13084 13084 I SCallUI : ViewModelsManager - ViewModelLifecycle: onPrepare, ViewModelStatusOwner{Status: PREPARE, Mask: BIND}
10-15 21:09:28.240 13084 13084 I SCallUI : ModelsFactory@830906e - CallUIPerf: setUp
10-15 21:09:28.240 13084 13084 I SCallUI : ClearCoverRepository - setUp
10-15 21:09:28.240 13084 13084 W ScoverManager: registerListener : This device is not supported cover
10-15 21:09:28.240 13084 13084 W ScoverManager: getCoverState : This device is not supported cover
10-15 21:09:28.241 13084 13084 I SCallUI : AccountRepository - CallUIPerf: setUp
10-15 21:09:28.241  1259  1259 I Telecom:SamsungCallerInfoQueryCompleteListener: onQueryComplete - start : CallerInfo - name : null / contactRingtoneUri : null / number : (50********006 / cnapName : null
10-15 21:09:28.241  2509  2509 D Telecom-InCallService: handleMessage: ADD_CALL
10-15 21:09:28.241  1259  1259 I Telecom:SamsungRingerRepositoryImpl: getContactCallBgInfo - secCallBackground : null
10-15 21:09:28.241  2509  2509 D Telecom-Call: internalUpdate - stateChanged: false, detailsChanged: true, videoCallChanged: false, isRttChanged: false, rttModeChanged: false, cannedTextResChanged: false, parentChanged: false, childrenChanged: false, activeChildChanged: false
10-15 21:09:28.241  2509  2509 D BluetoothInCallService: onCallAdded
10-15 21:09:28.242  1259  1259 I Telecom:SamsungCallerInfoQueryCompleteListener: onQueryComplete - end
10-15 21:09:28.242  2509  2509 I BluetoothInCallService: updateHeadsetWithCallState : ignore force false, pending false, numActive 0, numHeld 0, numChildOfActive 0, callState 2, ringing type 129
10-15 21:09:28.242  2509  2509 D BluetoothInCallService: onCallAdded : mBluetoothTbs is null
10-15 21:09:28.242  2509  2509 D Telecom-InCallService: handleMessage: ON_CALL_AUDIO_STATE_CHANGED
10-15 21:09:28.242  2738  3309 I RecentModel: onTaskStackChangedBackground
10-15 21:09:28.243  1145  1189 I VSyncReactor: Current= 60, Period= 120, hwcPeriod= 60
10-15 21:09:28.243 14404 14404 I OpenCommunicationModel: [D] result : [PhoneAccountWrapper(id=0, icon=Icon(typ=BITMAP size=202x202), label=Meet, packageName=com.google.android.apps.tachyon, accountBundle=AccountBundle(intentActionVideoCall=com.google.android.apps.tachyon.action.CALL, intentActionVideoGroupCall=null, isCapabilitySupportGroupCall=false, groupVideoMaxRecipient=-1), order=200)]
10-15 21:09:28.243 14404 14404 I TelephonyDataSource: [D] isMultiSimModel - getActiveModemCount() : 1
10-15 21:09:28.243 14404 14404 I SimModel: [D] isMultiSimModel : false
10-15 21:09:28.243 14404 14404 I SimModel: [D] isMultiSimInserted : false
10-15 21:09:28.243 14404 14404 I SimModel: [D] No Multi Sim isPreferredSimAlwaysAsk false
10-15 21:09:28.243 14404 14404 I RCS-ImsCommonModel: [D] isSimMobility : false
10-15 21:09:28.244  1259  5841 D AppOps  : noteOperation: allowing code 111 uid 1000 package com.android.server.telecom flags: s
10-15 21:09:28.244  2509  3342 D HearingAidService: getActiveDevices
10-15 21:09:28.244  2509  3342 I BluetoothAdapterService: getActiveDevices: Hearing Aid devices: Left[null] - Right[null]
10-15 21:09:28.244  1259  2970 I Telecom:SamsungCallAudioModeStateMachine: isAutoAnsweringModeOn: false
10-15 21:09:28.244  1259  2970 V AS.AudioService: setMode(mode=2, pid=1259, uid=1000, caller=com.android.server.telecom)
10-15 21:09:28.244  1259  2970 V AS.AudioService: setMode(2) adding handler for pid=1259
10-15 21:09:28.245  1259 14960 I Telecom:SamsungCallerInfoQueryCompleteListener: updateCallerInfo : android.telecom.CallerInfo@5bcafd { name null, phoneNumber non-null }
10-15 21:09:28.245  1259 14960 I Telecom:SamsungEcidContactModel: generateDisplayName length : 0
10-15 21:09:28.245  1259 14960 I Telecom:SamsungEcidContactModel: generateDisplayName is null
10-15 21:09:28.245  1145  1145 D SurfaceFlinger: Display 4630946312756012673 HWC layers:
10-15 21:09:28.245  1145  1145 D SurfaceFlinger:      CLIENT | 0xb4000073e28364b0 | 0102 | RGBA_8888    |    0.0    0.0    0.0    0.0 |    0 2401 1080 2408 | bbq-wrapper#141759
10-15 21:09:28.245  1145  1145 D SurfaceFlinger:      CLIENT | 0xb4000073f0a22ce0 | 0102 | RGBA_8888    |    0.0    7.0 1080.0 2408.0 |    0    0 1080 2401 | com.sec.android.RilServiceModeApp/co[...]eModeApp.ServiceModeApp$_2246#141734
10-15 21:09:28.245  1145  1145 D SurfaceFlinger:      CLIENT | 0xb4000073e2837ef0 | 0102 | RGBA_8888    |    0.0    0.0 1080.0    1.0 |    0    0 1080  404 | bbq-wrapper#141762
