--------- beginning of main
10-09 18:25:00.423  2244  2244 I ModemServiceMode: EVENT_TICK!
10-09 18:25:00.435  2244  2244 I ModemServiceMode: in QUERT_SERVM_DONE
10-09 18:25:00.435  2244  2244 I ModemServiceMode: size of result : 3400
10-09 18:25:00.435  2244  2244 I ModemServiceMode: Line 0 :  DEBUG INFO : 0 0 12 196 129870_
10-09 18:25:00.435  2244  2244 I ModemServiceMode: Line 1 :  HPLMN(313-340) sim_state(1)_
10-09 18:25:00.435  2244  2244 I ModemServiceMode: Line 2 :  Serving PLMN(313-340) - NR5G_
10-09 18:25:00.435  2244  2244 I ModemServiceMode: Line 3 :  NW sel mode : Auto_
10-09 18:25:00.435  2244  2244 I ModemServiceMode: Line 4 :  Service(available)_
10-09 18:25:00.435  2244  2244 I ModemServiceMode: Line 5 :  MM5G(REGISTERED) Sub(0)_
10-09 18:25:00.435  2244  2244 I ModemServiceMode: Line 6 :  MM5G Update(UPDATED)_
10-09 18:25:00.435  2244  2244 I ModemServiceMode: Line 7 :  NR5G_RSRP : -114_
10-09 18:25:00.435  2244  2244 I ModemServiceMode: Line 8 :  NR5G_SINR : 7.0_
10-09 18:25:00.435  2244  2244 I ModemServiceMode: Line 9 :  NR5G_RSRQ: -17_
10-09 18:25:00.435  2244  2244 I ModemServiceMode: Line 10 :  NR_RRC: CONNECTED_
10-09 18:25:00.435  2244  2244 I ModemServiceMode: Line 11 :  NR_SSB_Index: 1_
10-09 18:25:00.435  2244  2244 I ModemServiceMode: Line 12 :  NR_ARFCN: 129870_
10-09 18:25:00.435  2244  2244 I ModemServiceMode: Line 13 :  NR_PCI: 250_
10-09 18:25:00.436  2244  2244 I ModemServiceMode: Line 14 :  NR_BAND: n71_
10-09 18:25:00.436  2244  2244 I ModemServiceMode: Line 15 :  NR_DL Scheduling: 0.00 _
10-09 18:25:00.436  2244  2244 I ModemServiceMode: Line 16 :  NR_BLER: 0.00 _
10-09 18:25:00.436  2244  2244 I ModemServiceMode: Line 17 :  NR_BW: 5 MHz_
10-09 18:25:00.436  2244  2244 I ModemServiceMode: Line 18 :  NR_SA_RLF Count: --_
10-09 18:25:00.436  2244  2244 I ModemServiceMode: Line 19 :  NR_ANT MAX RSRP: 0_
10-09 18:25:00.436  2244  2244 I ModemServiceMode: Line 20 :  NR_ANT MIN RSRP: -155_
10-09 18:25:00.436  2244  2244 I ModemServiceMode: Line 21 :  NR_Tx Phy Channel Type: PUCCH_
10-09 18:25:00.436  2244  2244 I ModemServiceMode: Line 22 :  NR RX0 RSRP: -114 _
10-09 18:25:00.436  2244  2244 I ModemServiceMode: Line 23 :  NR RX1 RSRP: -113 _
10-09 18:25:00.436  2244  2244 I ModemServiceMode: Line 24 :  NR RX2 RSRP: -31 _
10-09 18:25:00.436  2244  2244 I ModemServiceMode: Line 25 :  NR RX3 RSRP: -31 _
10-09 18:25:00.436  2244  2244 I ModemServiceMode: Line 26 :  NR_Tx Pwr: 22 dBm_
10-09 18:25:00.436  2244  2244 I ModemServiceMode: Line 27 :  NR_SCS: 15kHz_
10-09 18:25:00.436  2244  2244 I ModemServiceMode: Line 28 :  NR_CDRX: Active_
10-09 18:25:00.436  2244  2244 I ModemServiceMode: Line 29 :  NR SA CA Not present _
10-09 18:25:00.436  2244  2244 I ModemServiceMode: Line 30 :  NETWORK : UNBLOCK_
10-09 18:25:00.436  2244  2244 I ModemServiceMode: Line 31 :  FINAL IMEI Certi: PASS_
10-09 18:25:00.436  2244  2244 I ModemServiceMode: Line 32 : Unknown 0_
10-09 18:25:00.436  2244  2244 I ModemServiceMode: Line 33 : AJB Init_buf:0 ms_
10-09 18:25:00.436  2244  2244 I ModemServiceMode: Line 34 : NO TSS DEVICE : err(0), tss_fla_
10-09 18:25:00.436  2244  2244 I ModemServiceMode: Line 35 :  ASDiv : NOT SUPPORTED_
10-09 18:25:00.436  2244  2244 I ModemServiceMode: Line 36 : TM:All TM Lvl is 0_
10-09 18:25:00.436  2244  2244 I ModemServiceMode: Line 37 : WAKEUP_INFO: 5_
10-09 18:25:00.436  2244  2244 I ModemServiceMode: Line 38 : _
10-09 18:25:00.436  2244  2244 I ModemServiceMode: Line 39 : _
10-09 18:25:00.436  2244  2244 I ModemServiceMode: Line 40 : _
10-09 18:25:00.436  2244  2244 I ModemServiceMode: Line 41 : _
10-09 18:25:00.436  2244  2244 I ModemServiceMode: Line 42 : _
10-09 18:25:00.436  2244  2244 I ModemServiceMode: Line 43 : _
10-09 18:25:00.436  2244  2244 I ModemServiceMode: Line 44 : _
10-09 18:25:00.436  2244  2244 I ModemServiceMode: Line 45 : _
10-09 18:25:00.436  2244  2244 I ModemServiceMode: Line 46 : _
10-09 18:25:00.436  2244  2244 I ModemServiceMode: Line 47 : _
10-09 18:25:00.436  2244  2244 I ModemServiceMode: Line 48 : _
10-09 18:25:00.436  2244  2244 I ModemServiceMode: Line 49 : _
10-09 18:25:00.436  2244  2244 I ModemServiceMode: Line 50 : _
10-09 18:25:00.436  2244  2244 I ModemServiceMode: Line 51 : _
10-09 18:25:00.436  2244  2244 I ModemServiceMode: Line 52 : _
10-09 18:25:00.436  2244  2244 I ModemServiceMode: Line 53 : _
10-09 18:25:00.437  2244  2244 I ModemServiceMode: Line 54 : _
10-09 18:25:00.437  2244  2244 I ModemServiceMode: Line 55 : _
10-09 18:25:00.437  2244  2244 I ModemServiceMode: Line 56 : _
10-09 18:25:00.437  2244  2244 I ModemServiceMode: Line 57 : _
10-09 18:25:00.437  2244  2244 I ModemServiceMode: Line 58 : _
10-09 18:25:00.437  2244  2244 I ModemServiceMode: Line 59 : _
10-09 18:25:00.437  2244  2244 I ModemServiceMode: Line 60 : _
10-09 18:25:00.437  2244  2244 I ModemServiceMode: Line 61 : _
10-09 18:25:00.437  2244  2244 I ModemServiceMode: Line 62 : _
10-09 18:25:00.437  2244  2244 I ModemServiceMode: Line 63 : _
10-09 18:25:00.437  2244  2244 I ModemServiceMode: Line 64 : _
10-09 18:25:00.437  2244  2244 I ModemServiceMode: Line 65 : _
10-09 18:25:00.437  2244  2244 I ModemServiceMode: Line 66 : _
10-09 18:25:00.437  2244  2244 I ModemServiceMode: Line 67 : _
10-09 18:25:00.437  2244  2244 I ModemServiceMode: Line 68 : _
10-09 18:25:00.437  2244  2244 I ModemServiceMode: Line 69 : _
10-09 18:25:00.437  2244  2244 I ModemServiceMode: Line 70 : _
10-09 18:25:00.437  2244  2244 I ModemServiceMode: Line 71 : _
10-09 18:25:00.437  2244  2244 I ModemServiceMode: Line 72 : _
10-09 18:25:00.437  2244  2244 I ModemServiceMode: Line 73 : _
10-09 18:25:00.437  2244  2244 I ModemServiceMode: Line 74 : _
10-09 18:25:00.437  2244  2244 I ModemServiceMode: Line 75 : _
10-09 18:25:00.437  2244  2244 I ModemServiceMode: Line 76 : _
10-09 18:25:00.437  2244  2244 I ModemServiceMode: Line 77 : _
10-09 18:25:00.437  2244  2244 I ModemServiceMode: Line 78 : _
10-09 18:25:00.437  2244  2244 I ModemServiceMode: Line 79 : _
10-09 18:25:00.437  2244  2244 I ModemServiceMode: Line 80 : _
10-09 18:25:00.437  2244  2244 I ModemServiceMode: Line 81 : _
10-09 18:25:00.437  2244  2244 I ModemServiceMode: Line 82 : _
10-09 18:25:00.437  2244  2244 I ModemServiceMode: Line 83 : _
10-09 18:25:00.437  2244  2244 I ModemServiceMode: Line 84 : _
10-09 18:25:00.437  2244  2244 I ModemServiceMode: Line 85 : _
10-09 18:25:00.437  2244  2244 I ModemServiceMode: Line 86 : _
10-09 18:25:00.437  2244  2244 I ModemServiceMode: Line 87 : _
10-09 18:25:00.437  2244  2244 I ModemServiceMode: Line 88 : _
10-09 18:25:00.437  2244  2244 I ModemServiceMode: Line 89 : _
10-09 18:25:00.437  2244  2244 I ModemServiceMode: Line 90 : _
10-09 18:25:00.437  2244  2244 I ModemServiceMode: Line 91 : _
10-09 18:25:00.437  2244  2244 I ModemServiceMode: Line 92 : _
10-09 18:25:00.437  2244  2244 I ModemServiceMode: Line 93 : _
10-09 18:25:00.437  2244  2244 I ModemServiceMode: Line 94 : _
10-09 18:25:00.437  2244  2244 I ModemServiceMode: Line 95 : _
10-09 18:25:00.437  2244  2244 I ModemServiceMode: Line 96 : _
10-09 18:25:00.437  2244  2244 I ModemServiceMode: Line 97 : _
10-09 18:25:00.437  2244  2244 I ModemServiceMode: Line 98 : _
10-09 18:25:00.438  2244  2244 I ModemServiceMode: Line 99 : _
10-09 18:25:00.438  2244  2244 I ModemServiceMode: Update!
10-09 18:25:00.464  1277  2001 D MotionEngine: [CALIBRATION] Calibration Secess(5)[-0.0007 -0.0026 -0.0100]
10-09 18:25:00.465  1277  2001 D MotionEngine: [CALIBRATION] File Write[-0.0007 -0.0026 -0.0100]
10-09 18:25:00.694  1277  2001 D MotionEngine: [@@@ Motion Engine @@@] GetMotionScenarioId 0.114855 0.093320 9.934999 -0.008050 0.059498 0.005600 8 51 20
10-09 18:25:00.694  1277  2001 D MotionEngine: [@@@ Motion Engine @@@] GnStuckMode 0 
10-09 18:25:01.018 25894 25954 I STFService: CoreFrequency index: 0 current: 576000 max: 1804800
10-09 18:25:01.022 25894 25954 I STFService: CoreFrequency index: 1 current: 576000 max: 1804800
--------- beginning of system
10-09 18:25:01.027  1277  1732 D BatteryExternalStatsWorker: update stats : modem-data (4)
10-09 18:25:01.028 25894 25954 I STFService: CoreFrequency index: 2 current: 576000 max: 1804800
10-09 18:25:01.028  1277  1732 D BatteryExternalStatsWorker: Fetch modem data
10-09 18:25:01.028  1277  1732 D BatteryExternalStatsWorker: Update Rail Energy data
--------- beginning of radio
10-09 18:25:01.031  2244  2244 I SemTelephonyHandlerHelper: handleMessage - message code: 92
10-09 18:25:01.031 25894 25954 I STFService: CoreFrequency index: 3 current: 576000 max: 1804800
--------- beginning of events
10-09 18:25:01.033  1277  2791 I power_partial_wake_state: [CHG,1,*telephony-radio*:com.android.phone]
10-09 18:25:01.034  2244  2244 D RILJ    : [7842]> GET_ACTIVITY_INFO [PHONE0]
10-09 18:25:01.036 25894 25954 I STFService: CoreFrequency index: 4 current: 691200 max: 1804800
10-09 18:25:01.041 25894 25954 I STFService: CoreFrequency index: 5 current: 691200 max: 1804800
10-09 18:25:01.042  2244  2305 D RILJ    : [7842]< GET_ACTIVITY_INFO ModemActivityInfo{ mTimestamp=529339642 mSleepTimeMs=6378 mIdleTimeMs=11813 mActivityStatsTechSpecificInfo=[{mRat=UNKNOWN,mFrequencyRange=UNKNOWN,mTxTimeMs[]=[0, 0, 0, 0, 0],mRxTimeMs=9471}]} [PHONE0]
10-09 18:25:01.042  2244  2244 I SemTelephonyHandlerHelper: handleMessage - message code: 93
10-09 18:25:01.042  1277  2791 I power_partial_wake_state: [CHG,9,*telephony-radio*:com.android.phone]
10-09 18:25:01.043  1277  4537 D TelephonyManager: requestModemActivityInfo: Sending result to app: ModemActivityInfo{ mTimestamp=529339642 mSleepTimeMs=152054968 mIdleTimeMs=220948971 mActivityStatsTechSpecificInfo=[{mRat=UNKNOWN,mFrequencyRange=UNKNOWN,mTxTimeMs[]=[21616, 18875, 24507, 12638, 3852],mRxTimeMs=155177811}]}
10-09 18:25:01.043  1277  2791 I power_partial_wake_state: [REL,1,*telephony-radio*:com.android.phone]
10-09 18:25:01.044  1277  1732 D BatteryExternalStatsWorker: mStats lock released
10-09 18:25:01.047 25894 25954 I STFService: CoreFrequency index: 6 current: 691200 max: 2208000
10-09 18:25:01.055  1277  1732 D BatteryExternalStatsWorker: Update modem state
10-09 18:25:01.055  1277  1732 D BatteryExternalStatsWorker: done updateExternalStatsLocked
10-09 18:25:01.057 25894 25954 I STFService: CoreFrequency index: 7 current: 691200 max: 2208000
10-09 18:25:01.183 25894 25894 E STFService: run1: 3.2.3
10-09 18:25:01.184 25894 25894 D TelephonyManager: getAllCellInfo - caller PID: 25894, UID: 10289, TID: 25894
10-09 18:25:01.188 25894 25894 I STFService: sendNetworkClass:  CellSignalNr:{alphaLong=DISH, mnc=340, nrArfcn=129870, level=0, asulevel=27, csiCqiTableIndex=unknown, parametersUseForLevel=-113, csiCqiReport=[], rsrp=-113, mcc=313, bands=[71], csiRsrp=unknown, mAdditionalPlmns={}, csiRsrq=unknown, sinr=-5, nci=2297929756, rsrq=-17, tac=56103, pci=250, alphaShort=DSH}
10-09 18:25:01.191 25894 25894 I STFService: sendNetworkClass:  EPDGInfo:{ip_address_1=10.1.244.33, dns_server_2=10.226.72.142, dns_server_1=10.226.72.78, max_downstream_bandwidth=145000, is_secure=false, tunneling_protocol=rmnet_data0, max_upstream_bandwidth=60000}
10-09 18:25:01.419   949  3829 I sensors-hal: handle_sns_client_event:630, [0][129704] gyro_sample_cal(3) [-0.000,-0.000,-0.000] 529340003433538
10-09 18:25:01.421   949 16898 I sensors-hal: handle_sns_client_event:524, [5954] mag_sample_cal: ts=529340016254580 ns; cal = [13.631638, 13.679207, -24.917387], uncal = [-140.988358, -42.300793, 19.242613], bias = [-154.619995, -55.980000, 44.160000], status=1
10-09 18:25:01.421   949 16891 I sensors-hal: handle_sns_client_event:663, [0][12457] Uncal_G [ 0.010, 0.003,-0.004] [ 0.010, 0.003,-0.004] 529340008241194
10-09 18:25:01.430   949 17721 I sensors-hal: handle_sns_std_sensor_event:138, [16] Pressure 1010.148, cal 0.140, sw_offset -0.430
10-09 18:25:01.439  1277  2001 D MotionEngine: [CALIBRATION] Calibration Secess(1)[-0.0059 -0.0051 -0.0075]
10-09 18:25:01.640   949 14669 I sensors-hal: handle_sns_client_event:544, [0][942420] accel_sample [ 0.146,  0.093,  9.964] 529340230734476
10-09 18:25:01.688  1277  2001 D MotionEngine: [@@@ Motion Engine @@@] GetMotionScenarioId 0.100499 0.081356 9.968499 -0.020299 -0.095547 0.003150 8 51 20
10-09 18:25:01.689  1277  2001 D MotionEngine: [@@@ Motion Engine @@@] GnStuckMode 0 
10-09 18:25:01.759  1277  2791 D SensorService: Calling activate off 61
10-09 18:25:01.760   949   949 I sensors-hal: activate:370, android.sensor.pressure/61 en=0
10-09 18:25:01.765   949   949 I sensors-hal: deactivate:381, disconnect qmi to disable sensor
10-09 18:25:01.765   949   949 I sensors-hal: deactivate:81, deactivate pressure
10-09 18:25:01.766   949   949 I sensors-hal: activate:388, android.sensor.pressure/61 en=0 completed
10-09 18:25:01.768  8921  9019 D SensorManager: unregisterListener
10-09 18:25:01.769  1277  2791 I power_partial_wake_state: [REL,2029,GCoreFlp:com.google.android.gms]
10-09 18:25:01.939  2244  2244 I ModemServiceMode: EVENT_TICK!
10-09 18:25:01.948  7946  8746 D Multi-Client: OemClient::ProcessBuffer() from [5], token[22], datalen[8]
10-09 18:25:01.950  7946  8012 D Multi-Client: Oem OnRequestComplete:(5)
10-09 18:25:01.953  1277  2791 I power_partial_wake_state: [REL,9,RILS:com.sec.phone]
10-09 18:25:01.954  2244  2244 I ModemServiceMode: in QUERT_SERVM_DONE
10-09 18:25:01.954  2244  2244 I ModemServiceMode: size of result : 3400
10-09 18:25:01.954  2244  2244 I ModemServiceMode: Line 0 :  DEBUG INFO : 0 0 12 196 129870_
10-09 18:25:01.955  2244  2244 I ModemServiceMode: Line 1 :  HPLMN(313-340) sim_state(1)_
10-09 18:25:01.955  2244  2244 I ModemServiceMode: Line 2 :  Serving PLMN(313-340) - NR5G_
10-09 18:25:01.955  2244  2244 I ModemServiceMode: Line 3 :  NW sel mode : Auto_
10-09 18:25:01.955  2244  2244 I ModemServiceMode: Line 4 :  Service(available)_
10-09 18:25:01.955  2244  2244 I ModemServiceMode: Line 5 :  MM5G(REGISTERED) Sub(0)_
10-09 18:25:01.955  2244  2244 I ModemServiceMode: Line 6 :  MM5G Update(UPDATED)_
10-09 18:25:01.955  2244  2244 I ModemServiceMode: Line 7 :  NR5G_RSRP : -112_
10-09 18:25:01.955  2244  2244 I ModemServiceMode: Line 8 :  NR5G_SINR : 8.0_
10-09 18:25:01.955  2244  2244 I ModemServiceMode: Line 9 :  NR5G_RSRQ: -17_
10-09 18:25:01.955  2244  2244 I ModemServiceMode: Line 10 :  NR_RRC: CONNECTED_
10-09 18:25:01.955  2244  2244 I ModemServiceMode: Line 11 :  NR_SSB_Index: 1_
10-09 18:25:01.955  2244  2244 I ModemServiceMode: Line 12 :  NR_ARFCN: 129870_
10-09 18:25:01.955  2244  2244 I ModemServiceMode: Line 13 :  NR_PCI: 250_
10-09 18:25:01.955  2244  2244 I ModemServiceMode: Line 14 :  NR_BAND: n71_
10-09 18:25:01.955  2244  2244 I ModemServiceMode: Line 15 :  NR_DL Scheduling: 0.00 _
10-09 18:25:01.955  2244  2244 I ModemServiceMode: Line 16 :  NR_BLER: 0.00 _
10-09 18:25:01.955  2244  2244 I ModemServiceMode: Line 17 :  NR_BW: 5 MHz_
10-09 18:25:01.955  2244  2244 I ModemServiceMode: Line 18 :  NR_SA_RLF Count: --_
10-09 18:25:01.955  2244  2244 I ModemServiceMode: Line 19 :  NR_ANT MAX RSRP: 0_
10-09 18:25:01.955  2244  2244 I ModemServiceMode: Line 20 :  NR_ANT MIN RSRP: -155_
10-09 18:25:01.955  2244  2244 I ModemServiceMode: Line 21 :  NR_Tx Phy Channel Type: PUCCH_
10-09 18:25:01.955  2244  2244 I ModemServiceMode: Line 22 :  NR RX0 RSRP: -112 _
10-09 18:25:01.955  2244  2244 I ModemServiceMode: Line 23 :  NR RX1 RSRP: -113 _
10-09 18:25:01.955  2244  2244 I ModemServiceMode: Line 24 :  NR RX2 RSRP: -31 _
10-09 18:25:01.955  2244  2244 I ModemServiceMode: Line 25 :  NR RX3 RSRP: -31 _
10-09 18:25:01.955  2244  2244 I ModemServiceMode: Line 26 :  NR_Tx Pwr: 22 dBm_
10-09 18:25:01.955  2244  2244 I ModemServiceMode: Line 27 :  NR_SCS: 15kHz_
10-09 18:25:01.955  2244  2244 I ModemServiceMode: Line 28 :  NR_CDRX: Active_
10-09 18:25:01.955  2244  2244 I ModemServiceMode: Line 29 :  NR SA CA Not present _
10-09 18:25:01.955  2244  2244 I ModemServiceMode: Line 30 :  NETWORK : UNBLOCK_
10-09 18:25:01.955  2244  2244 I ModemServiceMode: Line 31 :  FINAL IMEI Certi: PASS_
10-09 18:25:01.955  2244  2244 I ModemServiceMode: Line 32 : Unknown 0_
10-09 18:25:01.956  2244  2244 I ModemServiceMode: Line 33 : AJB Init_buf:0 ms_
10-09 18:25:01.956  2244  2244 I ModemServiceMode: Line 34 : NO TSS DEVICE : err(0), tss_fla_
10-09 18:25:01.956  2244  2244 I ModemServiceMode: Line 35 :  ASDiv : NOT SUPPORTED_
10-09 18:25:01.956  2244  2244 I ModemServiceMode: Line 36 : TM:All TM Lvl is 0_
10-09 18:25:01.956  2244  2244 I ModemServiceMode: Line 37 : WAKEUP_INFO: 0_
10-09 18:25:01.956  2244  2244 I ModemServiceMode: Line 38 : _
10-09 18:25:01.956  2244  2244 I ModemServiceMode: Line 39 : _
10-09 18:25:01.956  2244  2244 I ModemServiceMode: Line 40 : _
10-09 18:25:01.956  2244  2244 I ModemServiceMode: Line 41 : _
10-09 18:25:01.956  2244  2244 I ModemServiceMode: Line 42 : _
10-09 18:25:01.956  2244  2244 I ModemServiceMode: Line 43 : _
10-09 18:25:01.956  2244  2244 I ModemServiceMode: Line 44 : _
10-09 18:25:01.956  2244  2244 I ModemServiceMode: Line 45 : _
10-09 18:25:01.956  2244  2244 I ModemServiceMode: Line 46 : _
10-09 18:25:01.956  2244  2244 I ModemServiceMode: Line 47 : _
10-09 18:25:01.956  2244  2244 I ModemServiceMode: Line 48 : _
10-09 18:25:01.956  2244  2244 I ModemServiceMode: Line 49 : _
10-09 18:25:01.956  2244  2244 I ModemServiceMode: Line 50 : _
10-09 18:25:01.956  2244  2244 I ModemServiceMode: Line 51 : _
10-09 18:25:01.956  2244  2244 I ModemServiceMode: Line 52 : _
10-09 18:25:01.956  2244  2244 I ModemServiceMode: Line 53 : _
10-09 18:25:01.956  2244  2244 I ModemServiceMode: Line 54 : _
10-09 18:25:01.956  2244  2244 I ModemServiceMode: Line 55 : _
10-09 18:25:01.956  2244  2244 I ModemServiceMode: Line 56 : _
10-09 18:25:01.956  2244  2244 I ModemServiceMode: Line 57 : _
10-09 18:25:01.956  2244  2244 I ModemServiceMode: Line 58 : _
10-09 18:25:01.956  2244  2244 I ModemServiceMode: Line 59 : _
10-09 18:25:01.956  2244  2244 I ModemServiceMode: Line 60 : _
10-09 18:25:01.956  2244  2244 I ModemServiceMode: Line 61 : _
10-09 18:25:01.956  2244  2244 I ModemServiceMode: Line 62 : _
10-09 18:25:01.956  2244  2244 I ModemServiceMode: Line 63 : _
10-09 18:25:01.956  2244  2244 I ModemServiceMode: Line 64 : _
10-09 18:25:01.956  2244  2244 I ModemServiceMode: Line 65 : _
10-09 18:25:01.956  2244  2244 I ModemServiceMode: Line 66 : _
10-09 18:25:01.956  2244  2244 I ModemServiceMode: Line 67 : _
10-09 18:25:01.956  2244  2244 I ModemServiceMode: Line 68 : _
10-09 18:25:01.956  2244  2244 I ModemServiceMode: Line 69 : _
10-09 18:25:01.956  2244  2244 I ModemServiceMode: Line 70 : _
10-09 18:25:01.956  2244  2244 I ModemServiceMode: Line 71 : _
10-09 18:25:01.956  2244  2244 I ModemServiceMode: Line 72 : _
10-09 18:25:01.957  2244  2244 I ModemServiceMode: Line 73 : _
10-09 18:25:01.957  2244  2244 I ModemServiceMode: Line 74 : _
10-09 18:25:01.957  2244  2244 I ModemServiceMode: Line 75 : _
10-09 18:25:01.957  2244  2244 I ModemServiceMode: Line 76 : _
10-09 18:25:01.957  2244  2244 I ModemServiceMode: Line 77 : _
10-09 18:25:01.957  2244  2244 I ModemServiceMode: Line 78 : _
10-09 18:25:01.957  2244  2244 I ModemServiceMode: Line 79 : _
10-09 18:25:01.957  2244  2244 I ModemServiceMode: Line 80 : _
10-09 18:25:01.957  2244  2244 I ModemServiceMode: Line 81 : _
10-09 18:25:01.957  2244  2244 I ModemServiceMode: Line 82 : _
10-09 18:25:01.957  2244  2244 I ModemServiceMode: Line 83 : _
10-09 18:25:01.957  2244  2244 I ModemServiceMode: Line 84 : _
10-09 18:25:01.957  2244  2244 I ModemServiceMode: Line 85 : _
10-09 18:25:01.957  2244  2244 I ModemServiceMode: Line 86 : _
10-09 18:25:01.957  2244  2244 I ModemServiceMode: Line 87 : _
10-09 18:25:01.957  2244  2244 I ModemServiceMode: Line 88 : _
10-09 18:25:01.957  2244  2244 I ModemServiceMode: Line 89 : _
10-09 18:25:01.957  2244  2244 I ModemServiceMode: Line 90 : _
10-09 18:25:01.957  2244  2244 I ModemServiceMode: Line 91 : _
10-09 18:25:01.957  2244  2244 I ModemServiceMode: Line 92 : _
10-09 18:25:01.957  2244  2244 I ModemServiceMode: Line 93 : _
10-09 18:25:01.957  2244  2244 I ModemServiceMode: Line 94 : _
10-09 18:25:01.957  2244  2244 I ModemServiceMode: Line 95 : _
10-09 18:25:01.957  2244  2244 I ModemServiceMode: Line 96 : _
10-09 18:25:01.957  2244  2244 I ModemServiceMode: Line 97 : _
10-09 18:25:01.957  2244  2244 I ModemServiceMode: Line 98 : _
10-09 18:25:01.957  2244  2244 I ModemServiceMode: Line 99 : _
10-09 18:25:01.957  2244  2244 I ModemServiceMode: Update!
10-09 18:25:01.976  1143  1182 I VSyncReactor: Current= 60, Period= 60, hwcPeriod= 60
10-09 18:25:02.170  1277  2457 D SLocation: GeopointGeofenceManager - Location reported : fix method = 3 / 32.250465
10-09 18:25:02.174  1277  2457 I power_partial_wake_state: [REL,4,*alarm*:android]
10-09 18:25:02.177  1277  2457 D SLocation: LocationProcessingAlgorithm - entry condition - dist : 39.377316 padding : 0.0, accuracy : 32.250465, provider : gps, dir : 1
10-09 18:25:02.177  1277  2457 D SLocation: GeopointReceiver - send geopoint result - 1
10-09 18:25:02.181   694   829 I content_query_sample: cp_s: [CONTACT con(6) dat(12) acc({sim(3)=3, phone(2)=3}) calls([logtype:200 cnt:1, logtype:1000 cnt:452]) Iso(US) uId(0) ]\r
10-09 18:25:02.181   694   829 I content_query_sample: cp_s: [ agr({[3]=3, [2]=3}) ]\r
10-09 18:25:02.181   694   829 I content_query_sample: cp_s: [ cnt({dialer(17208)=30, acore(694)=1}) ]\r
10-09 18:25:02.181   694   829 I content_query_sample: cp_s: [PROFILE ] [SAPROFILE ]\r
10-09 18:25:02.181   694   829 I content_query_sample: cp_s: [STATE R(F) ]
10-09 18:25:02.181   694   829 I ContactsProvider_EventLog: cp_s: [CONTACT con(6) dat(12) acc({sim(3)=3, phone(2)=3}) calls([logtype:200 cnt:1, logtype:1000 cnt:452]) Iso(US) uId(0) ]\r
10-09 18:25:02.181   694   829 I ContactsProvider_EventLog: cp_s: [ agr({[3]=3, [2]=3}) ]\r
10-09 18:25:02.181   694   829 I ContactsProvider_EventLog: cp_s: [ cnt({dialer(17208)=30, acore(694)=1}) ]\r
10-09 18:25:02.181   694   829 I ContactsProvider_EventLog: cp_s: [PROFILE ] [SAPROFILE ]\r
10-09 18:25:02.181   694   829 I ContactsProvider_EventLog: cp_s: [STATE R(F) ]
10-09 18:25:02.193 25894 25894 E STFService: run1: 3.2.3
10-09 18:25:02.193 25894 25894 D TelephonyManager: getAllCellInfo - caller PID: 25894, UID: 10289, TID: 25894
10-09 18:25:02.193  1277  2791 D InputDispatcher: Inject key (17732/2000): action=0, f=0x0, d=-1, time=529340794000000
10-09 18:25:02.193  1277  2791 D InputManager-JNI: !@interceptKeyBeforeQueueing(0), action=0, interactive=true
10-09 18:25:02.194  1277  2791 D WindowManager: interceptKeyTq interceptKeyResult=1
10-09 18:25:02.194  1277  2791 D PhoneWindowManagerExt: HINT_DEVICE_WAKEUP acquire()
10-09 18:25:02.194  1277  2791 I SemDvfsHyPerManager: acquire hyper - DEVICE_WAKEUP/1277@27, type = -999
10-09 18:25:02.194  1277  2791 D PowerManagerService: [api] wakeUp (uid: 1000 pid: 1277) eventTime = 529340794
10-09 18:25:02.194  1277  2791 D InputManager-JNI: !@handleInterceptActions(0), action=0, wmActions=0
10-09 18:25:02.194   952   999 I HYPER-HAL: [RequestManager.cpp]acquire(): Acquired ID : 850887  [1277 / 27]    HINT : DEVICE_WAKEUP    list : 
10-09 18:25:02.195 25894 25894 I STFService: sendNetworkClass:  CellSignalNr:{alphaLong=DISH, mnc=340, nrArfcn=129870, level=0, asulevel=27, csiCqiTableIndex=unknown, parametersUseForLevel=-113, csiCqiReport=[], rsrp=-113, mcc=313, bands=[71], csiRsrp=unknown, mAdditionalPlmns={}, csiRsrq=unknown, sinr=-5, nci=2297929756, rsrq=-17, tac=56103, pci=250, alphaShort=DSH}
10-09 18:25:02.197  1277  2791 D InputDispatcher: Inject key (17732/2000): action=1, f=0x0, d=-1, time=529340794000000
10-09 18:25:02.198 25894 25894 I STFService: sendNetworkClass:  EPDGInfo:{ip_address_1=10.1.244.33, dns_server_2=10.226.72.142, dns_server_1=10.226.72.78, max_downstream_bandwidth=145000, is_secure=false, tunneling_protocol=rmnet_data0, max_upstream_bandwidth=60000}
10-09 18:25:02.200  1277  2791 D InputManager-JNI: !@interceptKeyBeforeQueueing(0), action=1, interactive=true
10-09 18:25:02.200  1277  2791 D WindowManager: interceptKeyTq interceptKeyResult=1
10-09 18:25:02.201  1277  2791 D PhoneWindowManagerExt: HINT_DEVICE_WAKEUP acquire()
10-09 18:25:02.201  1277  2791 I SemDvfsHyPerManager: acquire hyper - DEVICE_WAKEUP/1277@27, type = -999
10-09 18:25:02.202   952   999 I HYPER-HAL: [ResourceManager.cpp]updateResource(): [CPUMinFreq] UpdateResource Request ID : 850887    Value : 1804800
10-09 18:25:02.203  1277  2791 D PowerManagerService: [api] wakeUp (uid: 1000 pid: 1277) eventTime = 529340794
10-09 18:25:02.203  1277  2791 D InputManager-JNI: !@handleInterceptActions(0), action=1, wmActions=0
10-09 18:25:02.204   952   999 I HYPER-HAL: [RequestManager.cpp]acquire(): Acquired ID : 850887  [1277 / 27]    HINT : DEVICE_WAKEUP    list : 
10-09 18:25:02.204   952   999 I HYPER-HAL: [ResourceManager.cpp]updateResource(): [CPUMinFreq] UpdateResource Request ID : 850887    Value : 1804800
10-09 18:25:02.415  1277  2001 D MotionEngine: [CALIBRATION] Calibration Secess(2)[-0.0010 -0.0124 -0.0135]
10-09 18:25:02.478  4113  5131 I SDHMS:D : SIOP:: AP:295 BAT:260 USB:0 CHG:305 PA:291 WIFI:284 BLK:0 SUBBAT:0 SKIN:291 LRP:291 LRP2:291 LRF2:274 LRB2:291 AP2:288 CHG2:282 MEM2:291 WIFI2:288 SPK2:250 VAP:295 
10-09 18:25:02.478  4113  5131 I SDHMS:D : MODEMQ:: MMWTHM:-777(-777) 
10-09 18:25:02.682  1277  2001 D MotionEngine: [@@@ Motion Engine @@@] GetMotionScenarioId 0.117248 0.095713 9.961321 0.027299 -0.088197 0.009100 8 51 20
10-09 18:25:02.682  1277  2001 D MotionEngine: [@@@ Motion Engine @@@] GnStuckMode 0 
10-09 18:25:02.896  2244  2305 D SEM_RILJ: [UNSL]< UNSOL_OEM_EXECUTE [PHONE0]
10-09 18:25:02.896  2244  2305 D SEM_RILJ: execute cmd0: AM cmd1: broadcast -a com.sec.intent.action.SARDEVICE_CP -f 268435456 --es cmd off --es device 98817 --es option NONE --ei slot 0 [PHONE0]
10-09 18:25:02.897  2244  2305 I System.out: Broadcasting: Intent { act=com.sec.intent.action.SARDEVICE_CP flg=0x10000000 (has extras) }
10-09 18:25:02.897  1277  2791 D InputDispatcher: Inject key (17738/2000): action=0, f=0x0, d=-1, time=529341498000000
10-09 18:25:02.897  1277  2791 D InputManager-JNI: !@interceptKeyBeforeQueueing(0), action=0, interactive=true
10-09 18:25:02.897  1277  2791 D WindowManager: interceptKeyTq keycode=3 interactive=true keyguardActive=false policyFlags=2b000000
10-09 18:25:02.898  1277  2791 D PhoneWindowManagerExt: interceptKeyTq code=3 down=true repeatCount=0 displayId=-1 interactive=true
10-09 18:25:02.898  1277  2791 D WindowManager: interceptKeyTq interceptKeyResult=1
10-09 18:25:02.898  1277  2791 D InputManager-JNI: !@handleInterceptActions(0), action=0, wmActions=1
10-09 18:25:02.899  1277  2067 D WindowManager: interceptKeyTi keyCode=3 down=true repeatCount=0 keyguardOn=false canceled=false
10-09 18:25:02.899  1277  2067 D PhoneWindowManagerExt: interceptKeyTi code=3 down=true repeatCount=0 displayId=-1 interactive=true
10-09 18:25:02.900  1277  2791 D InputDispatcher: Inject key (17738/2000): action=1, f=0x0, d=-1, time=529341498000000
10-09 18:25:02.900  1277  2791 D InputManager-JNI: !@interceptKeyBeforeQueueing(0), action=1, interactive=true
10-09 18:25:02.900  1277  2791 D WindowManager: interceptKeyTq keycode=3 interactive=true keyguardActive=false policyFlags=2b000000
10-09 18:25:02.900  1277  2791 D PhoneWindowManagerExt: interceptKeyTq code=3 down=false repeatCount=0 displayId=-1 interactive=true
10-09 18:25:02.901  1277  2791 D WindowManager: interceptKeyTq interceptKeyResult=1
10-09 18:25:02.901  1277  2055 D MotionRecognitionService: [SAR]  onReceive : SARDEVICE_CP, callAction = off deviceID = 98817 slot = 0 device_ext = 0
10-09 18:25:02.901  1277  2791 D InputManager-JNI: !@handleInterceptActions(0), action=1, wmActions=1
10-09 18:25:02.901  1277  2055 I MotionRecognitionService: [SAR] id : 0 cmd :off
10-09 18:25:02.901  1277  2055 I MotionRecognitionService: [SAR] SarDevice clear 1 channel : 0 , state : 1
10-09 18:25:02.901  1277  2067 D WindowManager: interceptKeyTi keyCode=3 down=false repeatCount=0 keyguardOn=false canceled=false
10-09 18:25:02.901  1277  2067 D PhoneWindowManagerExt: interceptKeyTi code=3 down=false repeatCount=0 displayId=-1 interactive=true
10-09 18:25:02.903  1277  2055 I power_partial_wake_state: [CHG,1,*telephony-sem-radio*:com.android.phone]
10-09 18:25:02.903  2244  2944 D SEM_RILJ: [7844]> OEM_HOOK_RAW[118200090000000001] [PHONE0]
10-09 18:25:02.903  2244  2305 D RILJ    : Unsol response received; Sending ack to ril.cpp [PHONE0]
10-09 18:25:02.903  2244  2305 D RILJ    : [UNSL]< UNSOL_LCE_INFO_RECV [{mType=2, mDownlinkCapacityKbps=2147483647, mUplinkCapacityKbps=2147483647}] [PHONE0]
10-09 18:25:02.903  2244  2244 D GsmCdmaPhone: [0] updateLinkCapacityEstimate: lce list=[{mType=2, mDownlinkCapacityKbps=2147483647, mUplinkCapacityKbps=2147483647}]
10-09 18:25:02.903  1277  2055 D MotionRecognitionService: [SAR] set setTransmitPowerWithFlag  value : 1 : false
10-09 18:25:02.903  1277  2055 I MotionRecognitionService: [SAR] ISG6320 Grip sensor disable channel 0 : 0 , channel 1 : 1
10-09 18:25:02.903  1277  2055 I MotionRecognitionService: [SAR] id : 9 cmd :off
10-09 18:25:02.903  1277  2055 W MotionRecognitionService: DEFAULT
10-09 18:25:02.903  1277  2055 I MotionRecognitionService: [SAR] id : 15 cmd :off
10-09 18:25:02.903  1277  2055 W MotionRecognitionService: DEFAULT
10-09 18:25:02.903  1277  2055 I MotionRecognitionService: [SAR] id : 16 cmd :off
10-09 18:25:02.904  1277  2055 I MotionRecognitionService: [SAR] SarDevice clear 65536 channel : 1 , state : 1
10-09 18:25:02.904  2244  2260 D SEM_RILJ: [7845]> OEM_HOOK_RAW[118200090000010000] [PHONE0]
10-09 18:25:02.905  1277  2055 D MotionRecognitionService: [SAR] set setTransmitPowerWithFlag  value : 65536 : false
10-09 18:25:02.905  1277  2055 I MotionRecognitionService: [SAR] ISG6320 Grip sensor disableSensor : true
10-09 18:25:02.905  1277  2055 I MotionRecognitionService: [SAR] ISG6320 Grip sensorsetTunerGrip 8589934592 , state: false
10-09 18:25:02.905  2244  2260 D SEM_RILJ: [7846]> OEM_HOOK_RAW[1182000D000000000200000000] [PHONE0]
10-09 18:25:02.906  1277  2055 D MotionRecognitionService: [SAR] set setTransmitPowerExt  value : 8589934592 : false
10-09 18:25:02.906  1277  2055 I MotionRecognitionService: [SAR] tunerGrip is 8589934592, state : false
10-09 18:25:02.906  1277  2055 I MotionRecognitionService: [SAR] ISG6320 Grip sensorsetTunerGrip 17179869184 , state: false
10-09 18:25:02.906  2244  2305 D RILJ    : Unsol response received; Sending ack to ril.cpp [PHONE0]
10-09 18:25:02.907  2244  2260 D SEM_RILJ: [7848]> OEM_HOOK_RAW[1182000D000000000400000000] [PHONE0]
10-09 18:25:02.907  2244  2305 D RILJ    : [UNSL]< UNSOL_LCE_INFO_RECV [{mType=2, mDownlinkCapacityKbps=2147483647, mUplinkCapacityKbps=2147483647}] [PHONE0]
10-09 18:25:02.907  2244  2244 D GsmCdmaPhone: [0] updateLinkCapacityEstimate: lce list=[{mType=2, mDownlinkCapacityKbps=2147483647, mUplinkCapacityKbps=2147483647}]
10-09 18:25:02.907  1277  2055 D MotionRecognitionService: [SAR] set setTransmitPowerExt  value : 17179869184 : false
10-09 18:25:02.907  1277  2055 I MotionRecognitionService: [SAR] tunerGrip is 17179869184, state : false
10-09 18:25:02.907  1277  2055 D SensorService: Calling activate off 16777227
10-09 18:25:02.908  1277  1678 D PowerManagerService: [api] userActivity : event: 0 flags: 0 (uid: 1000 pid: 1277) <- requestAwakenInternal() in com.android.server.dreams.DreamManagerService:240 eventTime = 529341508 displayId = 0
10-09 18:25:02.909  1277  1678 I SemDvfsHyPerManager: acquire hyper - AMS_APP_HOME/1277@26, type = -999
10-09 18:25:02.910   949   949 I SensorsGrip: [grip_sensor] enable: GripSensor: enable handle = 11 en = 0
10-09 18:25:02.910   952   999 I HYPER-HAL: [RequestManager.cpp]acquire(): Acquired ID : 849582  [1277 / 26]    HINT : AMS_APP_HOME    list : 
10-09 18:25:02.910  2267  2267 D LocationControllerImpl: onReceive() = android.intent.action.CLOSE_SYSTEM_DIALOGS
10-09 18:25:02.910   949   949 E SensorsGrip: [grip_sensor] enable: mEnabled : 0, first_grip_event : 1
10-09 18:25:02.910  2267  2267 V ShadeControllerImpl: NotificationShadeWindow: com.android.systemui.statusbar.phone.NotificationShadeWindowView{a25dbd2 I.E...... ......ID 0,0-1080,2408} canPanelBeCollapsed(): false
10-09 18:25:02.911  2267  2267 D PopupUI.PopupUI: PopupUIReceiver.onReceive() action : android.intent.action.CLOSE_SYSTEM_DIALOGS
10-09 18:25:02.911  2267  2267 D QSMoreButton: action:android.intent.action.CLOSE_SYSTEM_DIALOGS
10-09 18:25:02.911  2267  2267 D SecQSLayoutDetail: action:android.intent.action.CLOSE_SYSTEM_DIALOGS
10-09 18:25:02.911  2267  2267 D QSButtonsContainer: action:android.intent.action.CLOSE_SYSTEM_DIALOGS
10-09 18:25:02.911  2267  2267 D SecVolume.SecVolumeStore: dispatch [ACTION_DISMISS_REQUESTED] with [STATE_NO_DISPATCH]
10-09 18:25:02.911  1277  2055 D SensorManager: unregisterListener :: com.samsung.android.gesture.MotionRecognitionSAR$GripSensorWrapper$1@ea1e277
10-09 18:25:02.912  1277  2055 I MotionRecognitionService: [SAR] ISG6320 Grip sensor disable channel 0 : 0 , channel 1 : 0
10-09 18:25:02.912  2267  2267 D SecVolume.SecVolumeStore:   > New State : [STATE_NO_DISPATCH]
10-09 18:25:02.912  4113  4113 I SemDvfsHyPerManager: acquire hyper - APP_START_HOME/4113@15, type = -999
10-09 18:25:02.913  2244  2260 I System.out: Broadcast completed: result=0
10-09 18:25:02.914  2244  2305 D SEM_RILJ: [7844]< OEM_HOOK_RAW [B@5430f1 [PHONE0]
10-09 18:25:02.914   952   999 I HYPER-HAL: [ResourceManager.cpp]updateResource(): [CPUMinFreq] UpdateResource Request ID : 849582    Value : 2208000
10-09 18:25:02.915   952   999 I HYPER-HAL: [RequestManager.cpp]acquire(): Acquired ID : 8522271  [4113 / 15]    HINT : APP_START    list : [KERNEL_APP_START_NOTIFY / 0] [TIMEOUT / 1500] 
10-09 18:25:02.916   952   999 I HYPER-HAL: [ResourceManager.cpp]updateResource(): [CPUMaxFreq] UpdateResource Request ID : 8522271    Value : 2208000
10-09 18:25:02.919  1277  1678 D ActivityManagerPerformance: AMP_acquire() HOME
10-09 18:25:02.919  1277  1678 D PhoneWindowManagerExt: startDockOrHome
10-09 18:25:02.919  1277  1678 D WindowManager: startDockOrHome: startReason= startDockOrHome
10-09 18:25:02.919  1277  2081 V InputMethodManagerService: hideCurrentInputLocked : canceled, shouldHideSoftInput=false, mInputShown=false, mImeWindowVis=0
10-09 18:25:02.919  2244  2305 D SEM_RILJ: [7845]< OEM_HOOK_RAW [B@62874d6 [PHONE0]
10-09 18:25:02.919  1277  2081 I InputMethodBindingController: setCurrentMethodNotVisible: mVisibleBound=false, mHasConnection=true, caller = com.android.server.inputmethod.InputMethodManagerService.hideCurrentInputLocked:4339 com.android.server.inputmethod.InputMethodManagerService.handleMessage:5649 android.os.Handler.dispatchMessage:102 android.os.Looper.loopOnce:226 android.os.Looper.loop:313 android.os.HandlerThread.run:67 com.android.server.ServiceThread.run:44 <bottom of call stack> <bottom of call stack> <bottom of call stack> 
10-09 18:25:02.921  2244  2305 D SEM_RILJ: [7846]< OEM_HOOK_RAW [B@6572357 [PHONE0]
10-09 18:25:02.922  1277  1678 D ActivityTaskManager: SafeActivityOptions created, mOriginalCallingPid=1277, mOriginalCallingUid=1000, options=ActivityOptions(122696359), mPackageName=null, mAnimationType=-1, mStartX=0, mStartY=0, mWidth=0, mHeight=0, caller=com.android.server.wm.SafeActivityOptions.fromBundle:82 com.android.server.wm.ActivityStarter.setActivityOptions:4699 com.android.server.wm.ActivityStartController.startHomeActivity:216 com.android.server.wm.RootWindowContainer.startHomeOnTaskDisplayArea:1846 com.android.server.wm.RootWindowContainer.lambda$startHomeOnDisplay$13:1736 com.android.server.wm.RootWindowContainer.$r8$lambda$AJ98l6Vu0VhEpmfv30jgOxfPyik:0 com.android.server.wm.RootWindowContainer$$ExternalSyntheticLambda45.apply:18 
10-09 18:25:02.922  1277  1678 I ActivityTaskManager: START u0 {act=android.intent.action.MAIN cat=[android.intent.category.HOME] flg=0x10000100 cmp=com.sec.android.app.launcher/.activities.LauncherActivity (has extras)} from uid 0
10-09 18:25:02.923  2244  2305 D SEM_RILJ: [7848]< OEM_HOOK_RAW [B@c28be44 [PHONE0]
10-09 18:25:02.923  1277  4537 I power_partial_wake_state: [CHG,20,*telephony-sem-radio*:com.android.phone]
10-09 18:25:02.923  1277  4537 I power_partial_wake_state: [REL,1,*telephony-sem-radio*:com.android.phone]
10-09 18:25:02.925  1277  1678 D ActivityTaskManager: TaskLaunchParamsModifier:task=null activity=ActivityRecord{3759bf2 u0 com.sec.android.app.launcher/.activities.LauncherActivity} display-area-from-option=DefaultTaskDisplayArea@259243232 display-id=0 display-windowing-mode=1 suggested-display-area=DefaultTaskDisplayArea@259243232
10-09 18:25:02.925  1277  1678 D ActivityTaskManager: TaskLaunchParamsModifier:task=Task{139799 #7209 type=home A=10118:com.sec.android.app.launcher.activities.LauncherActivity U=0 rootTaskId=1 visible=false visibleRequested=false mode=fullscreen translucent=true sz=1} activity=ActivityRecord{3759bf2 u0 com.sec.android.app.launcher/.activities.LauncherActivity} t-1} display-area-from-option=DefaultTaskDisplayArea@259243232 display-id=0 display-windowing-mode=1 suggested-display-area=DefaultTaskDisplayArea@259243232 activity-options-fullscreen=Rect(0, 0 - 0, 0) non-freeform-display display-area=DefaultTaskDisplayArea@259243232 maximized-bounds
10-09 18:25:02.926  1277  1678 I Pageboost: moveTaskToFront : 10118:com.sec.android.app.launcher.activities.LauncherActivity
10-09 18:25:02.926  1277  1678 I wm_task_moved: [1,1,6]
10-09 18:25:02.926  3191  3191 E pageboostd: Received HALT command code 2
10-09 18:25:02.927  1277  1678 D ActivityTaskManager: scheduleTopResumedActivityChanged, onTop=false r=ActivityRecord{7c286ce u0 com.sec.android.RilServiceModeApp/.ServiceModeApp} t13236} caller=com.android.server.wm.ActivityTaskSupervisor.updateTopResumedActivityIfNeeded:2508 com.android.server.wm.TaskDisplayArea.positionChildTaskAt:602 com.android.server.wm.TaskDisplayArea.positionChildAt:537 com.android.server.wm.WindowContainer.positionChildAt:970 com.android.server.wm.Task.positionChildAt:3323 com.android.server.wm.Task.moveToFrontInner:6022 
10-09 18:25:02.927  1277  1678 I wm_task_moved: [7209,1,2147483647]
10-09 18:25:02.927  1277  1678 I wm_task_to_front: [0,7209]
10-09 18:25:02.927  2244  2244 I wm_on_top_resumed_lost_called: [130189006,com.sec.android.RilServiceModeApp.ServiceModeApp,topStateChangedWhenResumed]
10-09 18:25:02.927  1277  1678 I wm_focused_root_task: [0,0,1,13236,bringingFoundTaskToFront]
10-09 18:25:02.927  1277  1678 D InputDispatcher: Focused application(0): ActivityRecord{bece8e0 u0 com.sec.android.app.launcher/.activities.LauncherActivity} t7209}
10-09 18:25:02.928  1277  1678 V WindowManager: Changing focus from Window{2bd842e u0 com.sec.android.RilServiceModeApp/com.sec.android.RilServiceModeApp.ServiceModeApp} to null displayId=0 Callers=com.android.server.wm.RootWindowContainer.updateFocusedWindowLocked:595 com.android.server.wm.WindowManagerService.updateFocusedWindowLocked:6803 com.android.server.wm.ActivityTaskManagerService.setResumedActivityUncheckLocked:5755 com.android.server.wm.ActivityRecord.moveFocusableActivityToTop:3865 
10-09 18:25:02.928  1277  1678 D MARsPolicyManager: onPackageResumedFG pkgName = com.sec.android.RilServiceModeApp, userId = 0
10-09 18:25:02.929  1277  1678 D StatusBarManagerService: notifyRequestedSystemKey recent=false home=false
10-09 18:25:02.929  1277  1678 D SGM:FgCheckThread: TaskStackListener.onTaskFocusChanged(), taskId=13236, focused=false
10-09 18:25:02.929  1277  1678 D SGM:FgCheckThread: TaskStackListener.onTaskFocusChanged(), taskId=7209, focused=true
10-09 18:25:02.929  1277  1678 D SGM:FgCheckThread:   sendRunningComponentFocus(), pkgName: com.sec.android.app.launcher, userId: 0
10-09 18:25:02.930  1277  2084 D SGM:FgCheckThread: onLooperPrepared(), msg: MSG_TASK_FOCUSED, pkgName: com.sec.android.app.launcher, userId: 0
10-09 18:25:02.930  1277  2084 D SGM:FgCheckThread: handleTaskFocused().
10-09 18:25:02.930  1277  2084 D SGM:FgCheckThread: sendFocusOutConditionally() - mPrevNotiPkg: (unknown), userId: 0
10-09 18:25:02.930  1277  2084 D SGM:FgCheckThread:   handleTaskFocused(), pkgName: com.sec.android.app.launcher, userID:0 mResumedPkgMap does not containsKey.
10-09 18:25:02.930  1277  1678 I wm_set_resumed_activity: [0,com.sec.android.app.launcher/.activities.LauncherActivity,bringingFoundTaskToFront]
10-09 18:25:02.930  1277  1678 W WindowManager: Prepare app transition: mNextAppTransitionRequests=[TRANSIT_TO_FRONT], mNextAppTransitionFlags=, displayId: 0 Callers=com.android.server.wm.DisplayContent.prepareAppTransition:6470 com.android.server.wm.DisplayContent.prepareAppTransition:6461 com.android.server.wm.Task.updateTransitLocked:7019 com.android.server.wm.Task.moveTaskToFront:7117 com.android.server.wm.ActivityStarter.setTargetRootTaskIfNeeded:4208 
10-09 18:25:02.931  1277  1678 I wm_new_intent: [0,200075488,7209,com.sec.android.app.launcher/.activities.LauncherActivity,android.intent.action.MAIN,NULL,NULL,268435712,startHomeActivity: startDockOrHome:0:0:0:null:0]
10-09 18:25:02.931  1277  1678 V WindowManager: Checking theme of starting window: 0x7f130015
10-09 18:25:02.931  1277  1678 V WindowManager: Translucent=false Floating=false ShowWallpaper=true Disable=false
10-09 18:25:02.931  1277  1678 I wm_pause_activity: [0,130189006,com.sec.android.RilServiceModeApp/.ServiceModeApp,userLeaving=true,pauseBackTasks]
10-09 18:25:02.932  1277  1678 I wm_add_to_stopping: [0,130189006,com.sec.android.RilServiceModeApp/.ServiceModeApp,makeInvisible]
10-09 18:25:02.932  1277  1678 D WindowManagerServiceExt: notifyOccludeChangeNotice: reset caller=com.android.server.wm.WindowManagerServiceExt.updateOccludeTargetIfNeeded:1402 com.android.server.wm.DisplayContent.ensureActivitiesVisible:7509 com.android.server.wm.RootWindowContainer.ensureActivitiesVisible:2248 com.android.server.wm.RootWindowContainer.ensureActivitiesVisible:2229 com.android.server.wm.TaskFragment.completePause:2076 
10-09 18:25:02.932  1277  1678 V MARsPolicyManager: Current Home Package com.sec.android.app.launcher Resumed
10-09 18:25:02.932  1277  1678 D MARsPolicyManager: onPackageResumedFG pkgName = com.sec.android.app.launcher, userId = 0
10-09 18:25:02.932  1277  1677 I sysui_multi_action: [757,803,799,window_time_0,802,34]
10-09 18:25:02.932  1277  1678 W WindowManager: Prepare app transition: mNextAppTransitionRequests=[TRANSIT_TO_FRONT, TRANSIT_OPEN], mNextAppTransitionFlags=, displayId: 0 Callers=com.android.server.wm.DisplayContent.prepareAppTransition:6470 com.android.server.wm.DisplayContent.prepareAppTransition:6461 com.android.server.wm.TaskFragment.resumeTopActivity:1583 com.android.server.wm.TaskFragment.resumeTopActivity:1307 com.android.server.wm.Task.resumeTopActivityInnerLocked:6420 
10-09 18:25:02.933  1277  1678 V WindowManager: Setting visibility of Window{c956f21 u0 com.sec.android.app.launcher/com.sec.android.app.launcher.activities.LauncherActivity}: true, caller=com.android.server.wm.WindowContainer.sendAppVisibilityToClients:1246 com.android.server.wm.WindowToken.setClientVisible:431 com.android.server.wm.ActivityRecord.setClientVisible:7682 com.android.server.wm.ActivityRecord.setVisibility:6082 com.android.server.wm.ActivityRecord.setVisibility:5975 
10-09 18:25:02.933  1277  1678 I wm_set_resumed_activity: [0,com.sec.android.app.launcher/.activities.LauncherActivity,resumeTopActivity]
10-09 18:25:02.933  2667  2667 I ViewRootImpl@cd6e3aa[LauncherActivity]: handleAppVisibility mAppVisible = false visible = true
10-09 18:25:02.933  1277  1678 V WindowManager: rotationForOrientation(orient=SCREEN_ORIENTATION_NOSENSOR (5), last=ROTATION_0 (0)); user=ROTATION_0 (0) USER_ROTATION_LOCKED
10-09 18:25:02.933  1277  1678 D WindowManager: rotationForOrientation, orientationSource=ActivityRecord{bece8e0 u0 com.sec.android.app.launcher/.activities.LauncherActivity} t7209}
10-09 18:25:02.933  1277  1678 V WindowManager: Computed rotation=ROTATION_0 (0) for display id=0 based on lastOrientation=SCREEN_ORIENTATION_NOSENSOR (5) and oldRotation=ROTATION_0 (0), caller=com.android.server.wm.DisplayRotation.updateOrientation:414 com.android.server.wm.DisplayContent.updateOrientation:1981 com.android.server.wm.DisplayContent.updateOrientation:1882 com.android.server.wm.RootWindowContainer.ensureVisibilityAndConfig:2139 com.android.server.wm.TaskFragment.resumeTopActivity:1652 com.android.server.wm.TaskFragment.resumeTopActivity:1307 
10-09 18:25:02.935  1277  1678 D TspStateManager: updateCustomValue customSetting=
10-09 18:25:02.935  1277  1678 D TspStateManager: updateCustomValue customSetting=
10-09 18:25:02.936  1277  1678 I wm_resume_activity: [0,200075488,7209,com.sec.android.app.launcher/.activities.LauncherActivity]
10-09 18:25:02.936  1277  1678 W WindowManager: Execute app transition: mNextAppTransitionRequests=[TRANSIT_TO_FRONT, TRANSIT_OPEN], mNextAppTransitionFlags=, displayId: 0 Callers=com.android.server.wm.RootWindowContainer.executeAppTransitionForAllDisplay:2580 com.android.server.wm.ActivityTaskSupervisor.reportResumedActivityLocked:2285 com.android.server.wm.ActivityRecord.completeResumeLocked:6977 com.android.server.wm.TaskFragment.resumeTopActivity:1743 com.android.server.wm.TaskFragment.resumeTopActivity:1307 
10-09 18:25:02.937  2667  2667 I ViewRootImpl@cd6e3aa[LauncherActivity]: stopped(false) old = true
10-09 18:25:02.937  2667  2667 I ViewRootImpl@cd6e3aa[LauncherActivity]: WindowStopped on com.sec.android.app.launcher/com.sec.android.app.launcher.activities.LauncherActivity set to false
10-09 18:25:02.937  2667  2667 I wm_on_restart_called: [200075488,com.sec.android.app.launcher.activities.LauncherActivity,performRestartActivity]
10-09 18:25:02.937  2667  2667 I Launcher: !@Boot_DEBUG: Launcher.onStart()
10-09 18:25:02.937  2667  2667 I Launcher: !@Boot_EBS_D: Launcher.onStart()
10-09 18:25:02.937  2667  2667 I BaseActivity: addActivityFlags, flags : 1
10-09 18:25:02.938  2667  2667 W LauncherAppWidgetHost: setShouldListenFlag, mFlags:2 flag:start on:true isFront:false
10-09 18:25:02.938  2667  2667 W Launcher: onStart isListening : false isLoading false
10-09 18:25:02.938  2667  2667 I wm_on_start_called: [200075488,com.sec.android.app.launcher.activities.LauncherActivity,handleStartActivity]
10-09 18:25:02.938  1277  1678 I SemDvfsHyPerManager: acquire hyper - AMS_APP_LAUNCH/1277@15, type = -999
10-09 18:25:02.939  1277  1684 I input_focus: [Requesting to set focus to null window,reason=UpdateInputWindows]
10-09 18:25:02.940  1277  4537 D ActivityTaskManager: scheduleTopResumedActivityChanged, onTop=true r=ActivityRecord{bece8e0 u0 com.sec.android.app.launcher/.activities.LauncherActivity} t7209} caller=com.android.server.wm.ActivityTaskSupervisor.scheduleTopResumedActivityStateIfNeeded:2533 com.android.server.wm.ActivityTaskSupervisor.handleTopResumedStateReleased:2562 com.android.server.wm.ActivityClientController.activityTopResumedStateLost:214 android.app.IActivityClientController$Stub.onTransact:589 com.android.server.wm.ActivityClientController.onTransact:136 android.os.Binder.execTransactInternal:1321 
10-09 18:25:02.940  2244  2244 I ModemServiceMode: onPause occur
10-09 18:25:02.940  2667  2667 I MSHandlerLifeCycle: removeMultiSplitHandler: no exist. decor=DecorView@f7c7f42[LauncherActivity]
10-09 18:25:02.941  1277  4537 D PowerManagerService: [api] release WakeLock SCREEN_DIM_WAKE_LOCK           'svcModeApp' ON_AFTER_RELEASE ACQ=-34s463ms (uid=1001 pid=2244 displayId=-1 lock=adb9cdf)
10-09 18:25:02.941  1277  4537 D EdgeLightingManager: hideForWakeLock packageName=com.sec.android.RilServiceModeApp
10-09 18:25:02.941  1277  4537 D EdgeLightingManager: hideForWakeLock is no more used
10-09 18:25:02.941  1277  4537 D PowerManagerService: [api] applyWakeLockFlagsOnReleaseLocked : userActivityNoUpdateLocked is called : SCREEN_DIM_WAKE_LOCK           'svcModeApp' ON_AFTER_RELEASE DISABLED (uid=1001 pid=2244 displayId=-1 lock=adb9cdf)
10-09 18:25:02.941  2244  2244 I ModemServiceMode: End Service Mode !
10-09 18:25:02.941  2667  2667 I Launcher: onNewIntent, isActionMain : true internalStateHandled : false shouldMoveToDefaultScreen : false false
10-09 18:25:02.941  2244  2244 I wm_on_paused_called: [130189006,com.sec.android.RilServiceModeApp.ServiceModeApp,performPause]
10-09 18:25:02.941  2667  2933 I IMM_LC  : hsifw() - flag : 0
10-09 18:25:02.942  2667  2933 I IMM_LC  : hsifw() - mService.hideSoftInput
10-09 18:25:02.943  1143  1182 I VSyncReactor: Current= 60, Period= 60, hwcPeriod= 60
10-09 18:25:02.943  2667  2667 I OverviewCommandHelper: clearPendingCommands
10-09 18:25:02.944  2667  2667 I ViewRootImpl@cd6e3aa[LauncherActivity]: stopped(false) old = false
10-09 18:25:02.944  2667  2667 I Launcher: !@Boot_DEBUG: Launcher.onResume()
10-09 18:25:02.944  2667  2667 I Launcher: !@Boot_EBS_D: Launcher.onResume()
10-09 18:25:02.944  2667  2667 I BaseActivity: addActivityFlags, flags : 18
10-09 18:25:02.944  2667  2667 I BaseActivity: removeActivityFlags, flags : 32
10-09 18:25:02.944  2667  2667 I AppsSearchBar: restoreCurrentCellLayoutAlpha: null
10-09 18:25:02.944  2667  2667 W SearchLauncherServiceMover: isMoving : false
10-09 18:25:02.945  2667  2667 I DecorView: notifyKeepScreenOnChanged: keepScreenOn=false
10-09 18:25:02.945  2667 14959 I Launcher: DisplayMetrics from Resources : DisplayMetrics{density=2.8125, width=1080, height=2208, scaledDensity=2.8125, xdpi=403.411, ydpi=402.389}
10-09 18:25:02.945  1143  1143 I SurfaceFlinger: [2bd842e com.sec.android.RilServiceModeApp/com.sec.android.RilServiceModeApp.ServiceModeApp#181073] FrameRatePriority: -1
10-09 18:25:02.945  2667 14959 I Launcher: realMetrics from Wm : DisplayMetrics{density=2.8125, width=1080, height=2408, scaledDensity=2.8125, xdpi=403.411, ydpi=402.389}
10-09 18:25:02.945  2667 14959 I Launcher: Launcher DeviceProfile onResume availSize: 1080x2273 windowSize: 1080x2408 isLandscape: false
