10-30 21:10:00.184  1449  1681 V RILD    : InitState Setting data size of 0x737ff098d0 to 0
10-30 21:10:00.184  1449  1681 V RILD    : InitState Setting data pos of 0x737ff098d0 to 0
10-30 21:10:00.184  1449  1681 V RILD    : OnUnsolicitedResponse: unsolId: 1009
10-30 21:10:00.185  1449  1681 V RILD    : InitState Setting data size of 0x737ff098f0 to 0
10-30 21:10:00.185  1449  1681 V RILD    : InitState Setting data pos of 0x737ff098f0 to 0
10-30 21:10:00.185  1449  1681 V RILD    : Message obj refcnt=0
10-30 21:10:00.191  2292  2472 D MobileStatusTracker(0/1): onSignalStrengthsChanged level=1, vendorLevel=4
10-30 21:10:00.193  2292  2472 D MobileSignalController(0/1): notifyListener: enabled=true, connected=true, dataConnected=true, networkType=NR/NR_NSA is5gAvailable=false (5G_Connected), emergencyOnly=false, roaming=false, isDefault=true, dataActivity=, level=4, ca=false, mmWave=false, disabledDataIcon=false, simCard=ETC
10-30 21:10:00.194  2292  2472 D NetworkController: SignalStrength from intent slotId=0
10-30 21:10:00.200  2248  2248 D Telephony: SamsungWfcCapabilityNotificationMgr: onSignalStrengthsChanged: level=1
10-30 21:10:00.200  2248  2248 D Telephony: SamsungWfcCapabilityNotificationMgr: onSignalStrengthsChanged: mRsrp=2147483647
10-30 21:10:00.215  2248  2248 I Telephony: SamsungWifiCallRepositoryImpl: getInt() wifi_call_enable : 0 , phoneId0
10-30 21:10:00.221  2248  2248 I Telephony: SamsungWifiCallRepositoryImpl: isWifiCallEnabled [ 0] : 0
10-30 21:10:00.225  2248  2248 I Telephony: SamsungWifiCallRepositoryImpl: getWfcCapaNotiCount count :0
10-30 21:10:00.226  2248  2248 I Telephony: SamsungWifiCallRepositoryImpl: isWifiCallMenuEnabled: true
10-30 21:10:00.226  2248  2248 D Telephony: SamsungWfcCapabilityNotificationMgr: updateWFCCapabilityNotification: tryCount=0 isWiFiCallEnable=false isWifiConnected=false isWifiCallMenuEnabled=true
10-30 21:10:00.226  2248  2248 D Telephony: SamsungWfcCapabilityNotificationMgr: updateWFCCapabilityNotification: canShowWfcCapableNotification=false shouldShowWfcCapableNotification=false isShowingNotification=false rsrp=2147483647
10-30 21:10:00.464   956 15696 I HYPER-HAL: [ResourceManager.cpp]removeResource(): [CPUMaxFreq] RemoveResource Request ID : 7649931
10-30 21:10:00.465   956 15696 I HYPER-HAL: [RequestManager.cpp]releaseLocked(): Released ID : 7649931
10-30 21:10:00.638  1148  1148 I DisplayDevice: [Display 4630946312756012673 (internal, primary, \"\")] ActiveConfigToHWC, ID : 1
10-30 21:10:00.641  1148  1148 I LayerHistory: StatusBar$_2292#83 voted 1, 0.00 fps
10-30 21:10:00.641  1148  1148 I SurfaceFlinger: Idle - choose 60.00 Hz
10-30 21:10:00.642  1148  1148 D SurfaceFlinger: GPIS:: requestGPIS
10-30 21:10:00.642  1148  1201 I VSyncReactor: Current= 120, Period= 60, hwcPeriod= 120
10-30 21:10:00.644   993  1169 I SDM     : HWCDisplay::SubmitDisplayConfig: [DispConfigs] config 0 => 1, hs_mode 1 => 1
10-30 21:10:00.644   993  1169 I SDM     : DisplayBase::SetActiveConfig: [DispConfigs] 0 => 1 or hs mode is changed if same config
10-30 21:10:00.644   993  1169 I SDM     : HWDeviceDRM::SetDisplaySwitchMode: [DispConfigs] check hs_mode 1
10-30 21:10:00.644   993  1169 I SDM     : HWDeviceDRM::SetDisplaySwitchMode: [DispConfigs] SetDisplayAttributes  mode_index 1
10-30 21:10:00.645   993  1169 I SDM     : HWDeviceDRM::UpdateMixerAttributes: Mixer WxH 1080x2408-0 for Peripheral
10-30 21:10:00.645   993  1169 I SDM     : HWCDisplay::SubmitDisplayConfig: Active configuration changed to: 1
10-30 21:10:00.648  1148  1201 I VSyncReactor: Current= 120, Period= 60, hwcPeriod= 60
10-30 21:10:00.673  1284 13890 I BinderCallsStats: This is dumpsys command... We will not add it into HashMap
10-30 21:10:00.804   660   660 D io_stats: !@   8,0 r 2954851 59441512 w 749652 7483824 d 197700 53464724 f 0 0 iot 2572724 0 th 0 0 0 pt 0 inp 0 0 199282.882
10-30 21:10:00.805   660   660 D io_stats: !@ Read_top(KB): sh(15680) 164 id.app.launcher(2728) 96 kworker/u16:2(6985) 24
10-30 21:10:00.805   660   660 D io_stats: !@ Write_top(KB): kworker/u16:3(14075) 492 system_server(1284) 8
10-30 21:10:00.996  1284  2169 D ChimeraPolicyHandler: onHomeLaunched()
10-30 21:10:00.998  1284  2169 I ChimeraAggressivePolicyHandler: executePolicy() - triggerSource: TRIGGER_SOURCE_HOME_IDLE
10-30 21:10:01.001  1284  2169 I ChimeraAggressivePolicyHandler: available memory: 810272, free memory target: 747520, quit chimera
10-30 21:10:01.003  1284  2169 D ChimeraAppManager: getAppsToKill() - protectedLruCount: 4
10-30 21:10:01.005  1284  2169 D ChimeraAppManager: getAppsToKill() - Protected by LRU : com.samsung.android.dialer
10-30 21:10:01.006  1284  2169 D ChimeraAppManager: getAppsToKill() - Protected by LRU : com.android.settings
10-30 21:10:01.006  1284  2169 D ChimeraAppManager: getAppsToKill() - Protected by LRU : com.samsung.android.app.telephonyui
10-30 21:10:01.009  1284  2169 I NSLocationMonitor: getGPSUsingApps() called
10-30 21:10:01.024  3172 15751 I NSLocationManager_FLP: getGPSUsingApps, NO_FREEZE={5013} / FREEZE={10205}
10-30 21:10:01.027  1284  2169 D MARs:OngoingNotiPackageFilter: filter : com.android.vending(0)
10-30 21:10:01.027  1284  2169 D MARs:OngoingNotiPackageFilter: filter : com.google.android.setupwizard(0)
10-30 21:10:01.028  1284  2169 D MARs:OngoingNotiPackageFilter: filter : android(0)
10-30 21:10:01.029  1284  2169 D ChimeraPolicyHandler: Skipped by adj     : com.sec.imsservice, 1000[3704]:G2(0x20002) score=54.1(53 10/5 11709), pids: 3704 / stats: 6 / adjs: 100 
10-30 21:10:01.029  1284  2169 D ChimeraPolicyHandler: Skipped by adj     : com.google.android.gms, 10213[15754,30715]:G2(0x20000) score=49.9(10 10/5 140679), pids: 15754 30715 / stats: 3 3 / adjs: 100 100 
10-30 21:10:01.030  1284  2169 D ChimeraPolicyHandler: Skipped by adj     : com.dish.wireless.carrierapp, 10233[7008]:G2(0x20000) score=48.7(49 10/5 6975), pids: 7008 / stats: 5 / adjs: 100 
10-30 21:10:01.030  1284  2169 D ChimeraPolicyHandler: Skipped by adj     : com.android.vending, 10214[13997,7601]:G2(0x20008) score=48.1(33 10/5 93526), pids: 13997 7601 / stats: 19 4 / adjs: 995 200 
10-30 21:10:01.030  1284  2169 D ChimeraPolicyHandler: Skipped by adj     : com.samsung.android.beaconmanager, 5006[9735]:G2(0x20002) score=48.1(48 10/5 7939), pids: 9735 / stats: 8 / adjs: 200 
10-30 21:10:01.030  1284  2169 D ChimeraPolicyHandler: Skipped by interval: android, elapsed: 08:15:20, interval: 12:00:00, 1000[31333]:G2(0x2000a) score=45.7(46 10/5 6120), pids: 31333 / stats: 10 / adjs: 999 
10-30 21:10:01.031  1284  2169 D ChimeraPolicyHandler: Skipped by adj     : com.google.android.ext.services, 10250[2680]:G2(0x20000) score=45.3(43 10/10 28950), pids: 2680 / stats: 5 / adjs: 100 
10-30 21:10:01.031  1284  2169 D ChimeraPolicyHandler: Skipped by interval: jp.co.cyberagent.stf, elapsed: 00:20:13, interval: 12:00:00, 10300[13170]:G2(0x20000) score=42.5(40 10/10 9095), pids: 13170 / stats: 4 / adjs: 200 
10-30 21:10:01.073 13170 13170 E STFService: getNetworkProperties: Location fine denied
10-30 21:10:01.117   956 15707 I HYPER-HAL: [RequestManager.cpp]releaseLocked(): Released ID : 2309026
10-30 21:10:01.306  2292  2292 I UiThreadMonitor: setAwake 42911 3003 10
10-30 21:10:01.974  1284  2249 I Pageboost: Launcher App Execution
10-30 21:10:02.009  2728  2728 I CapturePreview: capture targetView width : 1080 height : 2408
10-30 21:10:02.030  2728  4187 E FrameEvents: updateAcquireFence: Did not find frame.
10-30 21:10:02.048  2728  2728 I CapturePreview: capture took  39
10-30 21:10:02.075 13170 13170 E STFService: getNetworkProperties: Location fine denied
10-30 21:10:02.259  2728  5467 I CapturePreview: start save : compress capture bitmap : 152992
10-30 21:10:02.266  2728  5467 I CapturePreview: save result :  path : /data/user/0/com.sec.android.app.launcher/cache/homescreenPreview.png
10-30 21:10:02.267  1284  6026 D SettingsProvider: isChangeAllowed() : name = homescreenPreview_capturetime_land
10-30 21:10:02.267  1284  6026 D SettingsProvider: edmUri: content://com.sec.knox.provider/RestrictionPolicy3
10-30 21:10:02.267  1284  6026 D SettingsProvider: projectionArgs: isSettingsChangesAllowed
10-30 21:10:02.267  1284  6026 D SettingsProvider: selectionArgs: false
10-30 21:10:02.267  1284  6026 D SettingsProvider: selectionArgs: 10120
10-30 21:10:02.267  1284  6026 D SecContentProvider: query(), uri = 17 selection = isSettingsChangesAllowed
10-30 21:10:02.267  1284  6026 D SecContentProvider: called from com.sec.android.app.launcher
10-30 21:10:02.267  1284  6026 D RestrictionPolicy: isSettingsChangesAllowedAsUser, userId 0 : true
10-30 21:10:02.267  1284  6026 D SettingsProvider: ret = 1
10-30 21:10:02.268  1284  6026 I GenerationRegistry: mBackingStore.isClosed() : false
10-30 21:10:02.485  1284  2023 I commit_sys_config_file: [settings-1-0,15]
10-30 21:10:02.665 13170 13202 I STFService: CoreFrequency index: 0 current: 691200 max: 1804800
10-30 21:10:02.668 13170 13202 I STFService: CoreFrequency index: 1 current: 691200 max: 1804800
10-30 21:10:02.670 13170 13202 I STFService: CoreFrequency index: 2 current: 691200 max: 1804800
10-30 21:10:02.672 13170 13202 I STFService: CoreFrequency index: 3 current: 940800 max: 1804800
10-30 21:10:02.675 13170 13202 I STFService: CoreFrequency index: 4 current: 940800 max: 1804800
10-30 21:10:02.677 13170 13202 I STFService: CoreFrequency index: 5 current: 940800 max: 1804800
10-30 21:10:02.681 13170 13202 I STFService: CoreFrequency index: 6 current: 691200 max: 2208000
10-30 21:10:02.687 13170 13202 I STFService: CoreFrequency index: 7 current: 691200 max: 2208000
10-30 21:10:02.808   660   660 D io_stats: !@   8,0 r 2954884 59441760 w 749658 7483860 d 197700 53464724 f 0 0 iot 2572796 0 th 0 0 0 pt 0 inp 0 0 199284.886
10-30 21:10:03.078 13170 13170 E STFService: getNetworkProperties: Location fine denied
10-30 21:10:04.081 13170 13170 E STFService: getNetworkProperties: Location fine denied
10-30 21:10:04.134  3896  4541 I SDHMS:D : SIOP:: AP:240 BAT:218 USB:0 CHG:252 PA:237 WIFI:232 BLK:0 SUBBAT:0 SKIN:249 LRP:249 LRP2:249 LRF2:233 LRB2:249 AP2:247 CHG2:244 MEM2:249 WIFI2:247 SPK2:214 VAP:235 
10-30 21:10:04.134  3896  4541 I SDHMS:D : MODEMQ:: MMWTHM:-777(-777) 
10-30 21:10:04.308  2292  2292 I UiThreadMonitor: setAwake 42912 3003 7
10-30 21:10:04.809   660   660 D io_stats: !@   8,0 r 2954884 59441760 w 749661 7484028 d 197700 53464724 f 0 0 iot 2572812 0 th 0 0 0 pt 0 inp 0 0 199286.887
10-30 21:10:04.809   660   660 D io_stats: !@ Read_top(KB): id.app.launcher(2728) 240 kworker/u16:1(13904) 4 kworker/u16:3(14075) 4
10-30 21:10:04.809   660   660 D io_stats: !@ Write_top(KB): kworker/u16:3(14075) 168 system_server(1284) 36
10-30 21:10:05.083 13170 13170 E STFService: getNetworkProperties: Location fine denied
10-30 21:10:05.115   953 14207 I sensors-hal: handle_sns_client_event:229, auto_rotation_event_2: mode:255, type:1:0/0.043,0.115,9.858, ar:0
10-30 21:10:05.640  1284  6026 D CustomizedBinderCallsStatsInternal: reportCpuUsage() : 0%
10-30 21:10:05.834  1284  2136 W DeviceStorageMonitorService: updateBroadcasts(/data) oldLevel:0, newLevel:0, seq:1
10-30 21:10:05.836  1284  2136 D DeviceStorageMonitorService: Available File Node Number is [12337049]
10-30 21:10:05.836  1284  2136 W DeviceStorageMonitorService: updateBroadcasts_filenode(/data) fn_oldLevel:0, fn_newLevel:0, seq:1
10-30 21:10:06.087 13170 13170 E STFService: getNetworkProperties: Location fine denied
10-30 21:10:06.814   660   660 D io_stats: !@   8,0 r 2954949 59443328 w 749661 7484028 d 197700 53464724 f 0 0 iot 2572852 0 th 0 0 0 pt 0 inp 0 0 199288.893
10-30 21:10:07.003  1284 13890 D SGM:GameManager: identifyForegroundApp. com.sec.android.app.launcher, mCurrentUserId: 0, callerUserId: 0
10-30 21:10:07.004  1284 13890 D SGM:PkgDataHelper: getGamePkgData(). com.sec.android.app.launcher
10-30 21:10:07.005  7825  7878 I PolicyManager: [#CMH#] Is foreground game app: false
10-30 21:10:07.088 13170 13170 E STFService: getNetworkProperties: Location fine denied
10-30 21:10:07.246   823   823 E audit   : type=1400 audit(1698714607.242:21771): avc:  denied  { kill } for  pid=0 comm=\"swapper/1\" capability=5  scontext=u:r:kernel:s0 tcontext=u:r:kernel:s0 tclass=capability permissive=0 SEPF_SM-A236U_12_0001 audit_filtered
10-30 21:10:07.310  2292  2292 I UiThreadMonitor: setAwake 42913 3001 8
10-30 21:10:07.702 13170 13202 I STFService: CoreFrequency index: 0 current: 1113600 max: 1804800
10-30 21:10:07.706 13170 13202 I STFService: CoreFrequency index: 1 current: 691200 max: 1804800
10-30 21:10:07.708 13170 13202 I STFService: CoreFrequency index: 2 current: 691200 max: 1804800
10-30 21:10:07.710 13170 13202 I STFService: CoreFrequency index: 3 current: 1113600 max: 1804800
10-30 21:10:07.712 13170 13202 I STFService: CoreFrequency index: 4 current: 1113600 max: 1804800
10-30 21:10:07.714 13170 13202 I STFService: CoreFrequency index: 5 current: 1113600 max: 1804800
10-30 21:10:07.720 13170 13202 I STFService: CoreFrequency index: 6 current: 691200 max: 2208000
10-30 21:10:07.727 13170 13202 I STFService: CoreFrequency index: 7 current: 691200 max: 2208000
10-30 21:10:08.089 13170 13170 E STFService: getNetworkProperties: Location fine denied
10-30 21:10:08.816   660   660 D io_stats: !@   8,0 r 2954949 59443328 w 749661 7484028 d 197949 53471836 f 0 0 iot 2572888 0 th 0 0 0 pt 0 inp 0 0 199290.895
10-30 21:10:08.818   660   660 D io_stats: !@ Read_top(KB): loop26(751) 1200 system_server(1284) 352 kworker/u16:6(30514) 8
10-30 21:10:09.091 13170 13170 E STFService: getNetworkProperties: Location fine denied
10-30 21:10:09.322  1148  1201 I VSyncReactor: Current= 60, Period= 60, hwcPeriod= 60
10-30 21:10:10.095 13170 13170 E STFService: getNetworkProperties: Location fine denied
10-30 21:10:10.311  2292  2292 I UiThreadMonitor: setAwake 42914 3002 4
10-30 21:10:10.351  1284 13890 D AppOps  : noteOperation: reject #3 for code 105 (105) uid 1001 package com.android.phone flags: s
10-30 21:10:10.483  1148  1210 E SurfaceFlinger: Permission Denial: SurfaceFlinger did not recognize request code: 1598640985
10-30 21:10:11.097 13170 13170 E STFService: getNetworkProperties: Location fine denied
10-30 21:10:11.370  1284 13890 D AppOps  : noteOperation: reject #3 for code 105 (105) uid 1001 package com.android.phone flags: s
10-30 21:10:11.408  4287  4287 E A       : (REDACTED) disposing SearchServiceClient after timeout %s
10-30 21:10:12.098 13170 13170 E STFService: getNetworkProperties: Location fine denied
10-30 21:10:12.396  1284  6026 D AppOps  : noteOperation: reject #3 for code 105 (105) uid 1001 package com.android.phone flags: s
10-30 21:10:12.739 13170 13202 I STFService: CoreFrequency index: 0 current: 576000 max: 1804800
10-30 21:10:12.743 13170 13202 I STFService: CoreFrequency index: 1 current: 576000 max: 1804800
10-30 21:10:12.747 13170 13202 I STFService: CoreFrequency index: 2 current: 576000 max: 1804800
10-30 21:10:12.751 13170 13202 I STFService: CoreFrequency index: 3 current: 576000 max: 1804800
10-30 21:10:12.755 13170 13202 I STFService: CoreFrequency index: 4 current: 576000 max: 1804800
10-30 21:10:12.758 13170 13202 I STFService: CoreFrequency index: 5 current: 576000 max: 1804800
10-30 21:10:12.767 13170 13202 I STFService: CoreFrequency index: 6 current: 691200 max: 2208000
10-30 21:10:12.775 13170 13202 I STFService: CoreFrequency index: 7 current: 691200 max: 2208000
10-30 21:10:13.100 13170 13170 E STFService: getNetworkProperties: Location fine denied
10-30 21:10:13.313  2292  2292 I UiThreadMonitor: setAwake 42915 3001 3
10-30 21:10:13.417  1284 13890 D AppOps  : noteOperation: reject #3 for code 105 (105) uid 1001 package com.android.phone flags: s
10-30 21:10:14.103 13170 13170 E STFService: getNetworkProperties: Location fine denied
10-30 21:10:14.413  1449  1961 D RILD    : QmiVssUnsolicitedCallback: msgId(6)
10-30 21:10:14.414  1449  1961 D RILD    : IpcOverQmiChannel: NotifyAsyncMessage completed
10-30 21:10:14.414  1449  1962 V RILD    : IpcModem::ReceiveMessage
10-30 21:10:14.414  1449  1962 V RILD    : IpcModem::DoIoChannelRouting
10-30 21:10:14.414  1449  1962 D RILD    : [L] RX: (M)CFG_CMD (S)CFG_SAR_CONTROL (T)NOTI l:c m:00 a:ff [ 01 01 82 01 00 ]
10-30 21:10:14.414  1449  1962 V RILD    : MatchIpc: mMainCmd 11 mainCmd 0f mSubCmdMask ffffffffffffffff_ffffffffffffffff subCmd 36
10-30 21:10:14.414  1449  1962 V RILD    : MatchIpc: mMainCmd 16 mainCmd 0f mSubCmdMask 0_f1b06fefe subCmd 36
10-30 21:10:14.414  1449  1962 V RILD    : MatchIpc: mMainCmd 23 mainCmd 0f mSubCmdMask 0_36 subCmd 36
10-30 21:10:14.415  1449  1962 V RILD    : MatchIpc: mMainCmd 24 mainCmd 0f mSubCmdMask ffffffffffffffff_ffffffffffffffff subCmd 36
10-30 21:10:14.415  1449  1962 V RILD    : MatchIpc: mMainCmd 25 mainCmd 0f mSubCmdMask ffffffffffffffff_ffffffffffffffff subCmd 36
10-30 21:10:14.415  1449  1962 D RILD    : IpcProtocol41Config::IpcRxCfgSarControl()
10-30 21:10:14.415  1449  1962 V RILD    : IpcModem::ProcessIpc regType=84
10-30 21:10:14.415  1449  1962 V RILD    : Registrant::Notify refcnt(1)
10-30 21:10:14.415  1449  1962 V RILD    : NotifyTimeoutChanged()
10-30 21:10:14.416  1449  1681 D RILD    : GMISC-MGR(16): evt(114)
10-30 21:10:14.416  1449  1681 V RILD    : OnUnsolicitedResponse: unsolId: 11090
10-30 21:10:14.416  1449  1681 V RILD    : InitState Setting data size of 0x737ff09970 to 0
10-30 21:10:14.416  1449  1681 V RILD    : InitState Setting data pos of 0x737ff09970 to 0
10-30 21:10:14.416  1449  1681 V RILD    : Message obj refcnt=0
10-30 21:10:14.417  1449  1964 V RILD    : Reader: timeout=-1
10-30 21:10:14.417  2248  2286 D SEM_RILJ: [UNSL]< UNSOL_OEM_EXECUTE [PHONE0]
10-30 21:10:14.418  2248  2286 D SEM_RILJ: execute cmd0: AM cmd1: broadcast -a com.sec.intent.action.SARDEVICE_CP -f 268435456 --es cmd on --es device 98817 --es option NONE --ei slot 0 [PHONE0]
10-30 21:10:14.418  2248  2286 I System.out: Broadcasting: Intent { act=com.sec.intent.action.SARDEVICE_CP flg=0x10000000 (has extras) }
10-30 21:10:14.426  1284  2062 D MotionRecognitionService: [SAR]  onReceive : SARDEVICE_CP, callAction = on deviceID = 98817 slot = 0 device_ext = 0
10-30 21:10:14.426  1284  2062 I MotionRecognitionService: [SAR] id : 0 cmd :on
10-30 21:10:14.426  1284  2062 I MotionRecognitionService: [SAR] ISG6320 Grip sensor enableSensor
10-30 21:10:14.429  1284  2062 D SensorService: [GripSensor] ++ setGripThdWithMCC  (65560)
10-30 21:10:14.432  1284  2062 D SensorService: GripSensor: MCC Path does not exist 
10-30 21:10:14.434   953   953 I SensorsGrip: [grip_sensor] enable: GripSensor: enable handle = 11 en = 1
10-30 21:10:14.436  1284  6026 D AppOps  : noteOperation: reject #3 for code 105 (105) uid 1001 package com.android.phone flags: s
10-30 21:10:14.441   953  1667 I SensorsGrip: [grip_sensor] readEvents: GripSensor: grip 1ch data = RELEASE
10-30 21:10:14.441   953  1667 I SensorsGrip: [grip_sensor] readEvents: GripSensor: grip 2ch data = RELEASE
10-30 21:10:14.441   953  1667 I SensorsGrip: [grip_sensor] readEvents: GripSensor: grip 1ch unknown UNKNOWN MODE
10-30 21:10:14.441   953  1667 I SensorsGrip: [grip_sensor] readEvents: GripSensor: grip 2ch unknown UNKNOWN MODE
10-30 21:10:14.443   953   953 E SensorsGrip: [grip_sensor] enable: mEnabled : 1, first_grip_event : 1
10-30 21:10:14.443  1284  2062 D SensorManager: registerListener :: 16777227, ISG6320 Grip sensor, 200000, 0, com.samsung.android.gesture.MotionRecognitionSAR$GripSensorWrapper$1@a760ff6
10-30 21:10:14.444  1284  2062 I MotionRecognitionService: [SAR] ISG6320 Grip sensor enable channel 0 : 1 , channel 1 : 0
10-30 21:10:14.444  1284  2062 I MotionRecognitionService: [SAR] id : 9 cmd :on
10-30 21:10:14.444  1284  2062 W MotionRecognitionService: DEFAULT
10-30 21:10:14.444  1284  2062 I MotionRecognitionService: [SAR] id : 15 cmd :on
10-30 21:10:14.444  1284  2062 W MotionRecognitionService: DEFAULT
10-30 21:10:14.444  1284  2062 I MotionRecognitionService: [SAR] id : 16 cmd :on
10-30 21:10:14.445  1284  2062 I MotionRecognitionService: [SAR] ISG6320 Grip sensor enable channel 0 : 1 , channel 1 : 1
10-30 21:10:14.447  2248  3022 I System.out: Broadcast completed: result=0
10-30 21:10:14.450  1284  2062 I MotionRecognitionService: [SAR] ISG6320 Grip sensor onSensorChanged : 5.0 , 5.0 , 0.0 , 300.0 , 300.0
10-30 21:10:14.450  1284  2062 I MotionRecognitionService: [SAR] ISG6320 Grip sensor setUnknownMode channel: 0 , state: 300
10-30 21:10:14.453  1284  2062 D AppOps  : startOperation: allowing code 40 uid 1001 package com.android.phone restricted: false flags: s
10-30 21:10:14.455  1284  2062 I power_partial_wake_state: [CHG,2,*telephony-sem-radio*:com.android.phone]
10-30 21:10:14.456  2248  3022 D SEM_RILJ: [3086]> OEM_HOOK_RAW[118200090100000001] [PHONE0]
10-30 21:10:14.456  1449  1449 D RILD    : IsRegisteredNetworkType(): netType[1]  feature[00] state[0] 
10-30 21:10:14.456  1284  2062 D MotionRecognitionService: [SAR] set setTransmitPowerWithFlag  value : 1 : true
10-30 21:10:14.457  1284  2062 I MotionRecognitionService: [SAR] UnknownMode set 1 channel : 0 , state : 0
10-30 21:10:14.457  1284  2062 I MotionRecognitionService: [SAR] ISG6320 Grip sensorsetTunerGrip 8589934592 , state: false
10-30 21:10:14.457  1449  1682 D RILD    : DoRouteIn - FW reqId : 59
10-30 21:10:14.457  1449  1682 D RILD    : DoRouteOut - FW reqId : 59
10-30 21:10:14.457  1449  1682 D RILD    : GetMessage : oem func id = 0x11
10-30 21:10:14.457  1449  1682 D RILD    : Onprocessing: request id(59), handleEvent(100)
10-30 21:10:14.458  1449  1681 D RILD    : OEM-MISC-MGR(31): evt(100)
10-30 21:10:14.458  1449  1681 D RILD    : OEMMISC-MGR: Receive event : 100
10-30 21:10:14.458  1449  1681 D RILD    : DoOemMisc: sub-ID(0x82)
10-30 21:10:14.459  1449  1681 D RILD    : enable : 1, state : 0x1, set 0x10000401
10-30 21:10:14.459  2248  3022 D SEM_RILJ: [3087]> OEM_HOOK_RAW[1182000D000000000200000000] [PHONE0]
10-30 21:10:14.459  1449  1681 V RILD    : AllocateTransaction() - Use: 2, Last: 28
10-30 21:10:14.459  1449  1681 V RILD    : TxSetMaxTransmitPower:
10-30 21:10:14.460  1449  1681 D RILD    : SendMessage: svc(RFSAR), msg(0x1:QMI_SAR_RF_SET_STATE), sync(1), internal(1), size(12)
10-30 21:10:14.460  1449  1449 D RILD    : IsRegisteredNetworkType(): netType[1]  feature[00] state[0] 
10-30 21:10:14.460  1449  1638 V RILD    : NotifyAsyncMessage Completed
10-30 21:10:14.460  1449  1682 D RILD    : DoRouteIn - FW reqId : 59
10-30 21:10:14.460  1284  2062 D MotionRecognitionService: [SAR] set setTransmitPowerExt  value : 8589934592 : false
10-30 21:10:14.460  1449  1682 D RILD    : Onprocessing: request id(59), handleEvent(100)
10-30 21:10:14.460  1284  2062 I MotionRecognitionService: [SAR] tunerGrip is 8589934592, state : false
10-30 21:10:14.460  1449  1681 D RILD    : ReceiveMessage: svc(RFSAR), msg(0x1:QMI_SAR_RF_SET_STATE), indi(0), size(8), err(0)
10-30 21:10:14.460  1284  2062 I MotionRecognitionService: [SAR] ISG6320 Grip sensor setUnknownMode channel: 1 , state: 300
10-30 21:10:14.460  1449  1681 D RILD    : Result(0), Error(0)
10-30 21:10:14.461  1449  1681 D RILD    : RequestComplete - req : 59, peek : 59
10-30 21:10:14.461  1449  1681 V RILD    : Message obj refcnt=-1
10-30 21:10:14.461  1449  1682 D RILD    : DoRouteOut - FW reqId : 59
10-30 21:10:14.461  1449  1682 D RILD    : GetMessage : oem func id = 0x11
10-30 21:10:14.461  1449  1682 D RILD    : Onprocessing: request id(59), handleEvent(100)
10-30 21:10:14.461  2248  2286 D SEM_RILJ: [3086]< OEM_HOOK_RAW [B@c223632 [PHONE0]
10-30 21:10:14.461  1449  1681 D RILD    : OEM-MISC-MGR(31): evt(100)
10-30 21:10:14.461  1449  1681 D RILD    : OEMMISC-MGR: Receive event : 100
10-30 21:10:14.462  1449  1681 D RILD    : DoOemMisc: sub-ID(0x82)
10-30 21:10:14.463  2248  3022 D SEM_RILJ: [3088]> OEM_HOOK_RAW[118200090100010000] [PHONE0]
10-30 21:10:14.463  1449  1681 D RILD    : enable : 0, state : 0x200000000, set 0x10000401
10-30 21:10:14.463  1449  1681 V RILD    : AllocateTransaction() - Use: 2, Last: 29
10-30 21:10:14.463  1449  1638 V RILD    : NotifyAsyncMessage Completed
10-30 21:10:14.464  1449  1449 D RILD    : IsRegisteredNetworkType(): netType[1]  feature[00] state[0] 
10-30 21:10:14.464  1284  2062 D MotionRecognitionService: [SAR] set setTransmitPowerWithFlag  value : 65536 : true
10-30 21:10:14.464  1284  2062 I MotionRecognitionService: [SAR] UnknownMode set 65536 channel : 1 , state : 0
10-30 21:10:14.464  1449  1682 D RILD    : DoRouteIn - FW reqId : 59
10-30 21:10:14.464  1449  1682 D RILD    : Onprocessing: request id(59), handleEvent(100)
10-30 21:10:14.464  1449  1681 V RILD    : TxSetMaxTransmitPower:
10-30 21:10:14.464  1449  1681 D RILD    : SendMessage: svc(RFSAR), msg(0x1:QMI_SAR_RF_SET_STATE), sync(1), internal(1), size(12)
10-30 21:10:14.466  1449  1681 D RILD    : ReceiveMessage: svc(RFSAR), msg(0x1:QMI_SAR_RF_SET_STATE), indi(0), size(8), err(0)
10-30 21:10:14.466  1449  1681 D RILD    : Result(0), Error(0)
10-30 21:10:14.466  1449  1681 D RILD    : RequestComplete - req : 59, peek : 59
10-30 21:10:14.466  1449  1681 V RILD    : Message obj refcnt=-1
10-30 21:10:14.466  1449  1682 D RILD    : DoRouteOut - FW reqId : 59
10-30 21:10:14.466  1449  1682 D RILD    : GetMessage : oem func id = 0x11
10-30 21:10:14.466  1449  1682 D RILD    : Onprocessing: request id(59), handleEvent(100)
10-30 21:10:14.466  2248  2286 D SEM_RILJ: [3087]< OEM_HOOK_RAW [B@3c07f83 [PHONE0]
10-30 21:10:14.467  1449  1681 D RILD    : OEM-MISC-MGR(31): evt(100)
10-30 21:10:14.467  1449  1681 D RILD    : OEMMISC-MGR: Receive event : 100
10-30 21:10:14.467  1449  1681 D RILD    : DoOemMisc: sub-ID(0x82)
10-30 21:10:14.467  1449  1681 D RILD    : enable : 1, state : 0x10000, set 0x10010401
10-30 21:10:14.468  1449  1681 V RILD    : AllocateTransaction() - Use: 2, Last: 30
10-30 21:10:14.468  1449  1638 V RILD    : NotifyAsyncMessage Completed
10-30 21:10:14.468  1449  1681 V RILD    : TxSetMaxTransmitPower:
10-30 21:10:14.468  1449  1681 D RILD    : SendMessage: svc(RFSAR), msg(0x1:QMI_SAR_RF_SET_STATE), sync(1), internal(1), size(12)
10-30 21:10:14.468  1449  1681 D RILD    : ReceiveMessage: svc(RFSAR), msg(0x1:QMI_SAR_RF_SET_STATE), indi(0), size(8), err(0)
10-30 21:10:14.469  1449  1681 D RILD    : Result(0), Error(0)
10-30 21:10:14.469  1449  1681 D RILD    : RequestComplete - req : 59, peek : 59
10-30 21:10:14.469  1449  1681 V RILD    : Message obj refcnt=-1
10-30 21:10:14.469  2248  2286 D SEM_RILJ: [3088]< OEM_HOOK_RAW [B@2226500 [PHONE0]
10-30 21:10:14.470  1284  6026 I power_partial_wake_state: [CHG,16,*telephony-sem-radio*:com.android.phone]
10-30 21:10:14.471  1284  6026 D AppOps  : startOperation: allowing code 40 uid 1001 package com.android.phone restricted: false flags: s
10-30 21:10:14.472  1284 13890 I power_partial_wake_state: [REL,1,*telephony-sem-radio*:com.android.phone]
10-30 21:10:14.519  1449  1959 D RILD    : QmiUnsolicitedCallback: msgId(38)
10-30 21:10:14.520  1449  1959 V RILD    : NotifyAsyncMessage Completed
10-30 21:10:14.520  1449  1959 D RILD    : QmiUnsolicitedCallback: msgId(106)
10-30 21:10:14.520  1449  1959 V RILD    : NotifyAsyncMessage Completed
10-30 21:10:14.520  1449  1641 D RILD    : ReceiveMessage: svc(DSD), msg(0x26:QMI_DSD_SYSTEM_STATUS), indi(1), size(7640), err(0)
10-30 21:10:14.521  1449  1641 D RILD    : Set5gConnectedStatus(): 1
10-30 21:10:14.521  1449  1641 D RILD    : RxDsdSystemStatusInd - First preferred RAT is 5G
10-30 21:10:14.521  1449  1641 D RILD    : RxDsdSystemStatusInd - Report DSD technology index: 0
10-30 21:10:14.521  1449  1641 D RILD    : ConvertDsdSysStatusToRat(): rat_value: 6
10-30 21:10:14.523  1449  1641 D RILD    : ConvertDsdSysStatusToAvailablePhysicalRadio(): rat_value: 6
10-30 21:10:14.524  1449  1641 D RILD    : AvailablePhysicalRadioService - technology: 20, range: 3
10-30 21:10:14.524  1449  1641 D RILD    : GetPhysChannelConfig: 
10-30 21:10:14.524  1449  1641 V RILD    : AllocateTransaction() - Use: 2, Last: 31
10-30 21:10:14.524  1449  1638 V RILD    : NotifyAsyncMessage Completed
10-30 21:10:14.524  1449  1641 D RILD    : SendMessage: svc(NAS), msg(0x31:QMI_NAS_GET_RF_BAND_INFO), sync(1), internal(1), size(0)
10-30 21:10:14.526  1449  1641 D RILD    : ReceiveMessage: svc(NAS), msg(0x31:QMI_NAS_GET_RF_BAND_INFO), indi(0), size(684), err(0)
10-30 21:10:14.526  1449  1641 E RILD    : RxGetRfBandInfo: 
10-30 21:10:14.526  1449  1641 V RILD    : AllocateTransaction() - Use: 2, Last: 32
10-30 21:10:14.526  1449  1641 D RILD    : SendMessage: svc(NAS), msg(0x43:QMI_NAS_GET_CELL_LOCATION_INFO), sync(1), internal(1), size(0)
10-30 21:10:14.527  1449  1638 V RILD    : NotifyAsyncMessage Completed
10-30 21:10:14.527  1449  1641 D RILD    : ReceiveMessage: svc(NAS), msg(0x43:QMI_NAS_GET_CELL_LOCATION_INFO), indi(0), size(3784), err(0)
10-30 21:10:14.528  1449  1641 D RILD    : RxGetCellInfoList: Receive cell location info
10-30 21:10:14.528  1449  1641 D RILD    : Result(0), Error(0)
10-30 21:10:14.528  1449  1641 V RILD    : NR Cell found
10-30 21:10:14.528  1449  1641 D RILD    : Total Cells found: 1
10-30 21:10:14.528  1449  1641 D RILD    : ConvertCellLocationToRilCellinfo()
10-30 21:10:14.528  1449  1641 V RILD    : ConvertGeranCellsToRilCellInfo() : 
10-30 21:10:14.528  1449  1641 D RILD    : GERAN consumed 0 cell slots
10-30 21:10:14.528  1449  1641 V RILD    : ConvertUmtsCellsToRilCellInfo() : 
10-30 21:10:14.528  1449  1641 D RILD    : UMTS consumed 0 cell slots
10-30 21:10:14.529  1449  1641 V RILD    : ConvertCdmaCellsToRilCellinfo() 
10-30 21:10:14.529  1449  1641 D RILD    : CDMA consumed 0 cell slots
10-30 21:10:14.529  1449  1641 V RILD    : ConvertLteCellsToRilCellinfo() - info_valid : 0 , cells_len:0
10-30 21:10:14.529  1449  1641 D RILD    : LTE consumed 0 cell slots
10-30 21:10:14.529  1449  1641 V RILD    : ConvertNrCellsToRilCellinfo(): NR mcc : 313, nci : 1814610409, pci : 67, nrtac : 44498, arfcn : 123870
10-30 21:10:14.529  1449  1641 V RILD    : AddRilCellInfoV16 - index : 0, NR
10-30 21:10:14.529  1449  1641 D RILD    : NR consumed 1 cell slots
10-30 21:10:14.530  1449  1641 V RILD    : ConvertQmiToBand : 121, 2
10-30 21:10:14.530  1449  1641 D RILD    : UpdateNasPhysChanInfo():Primary Serving channel info
10-30 21:10:14.530  1449  1641 D RILD    : UpdateNasPhysChanInfo():bw: 5000, pci: 326, band: 2
10-30 21:10:14.530  1449  1641 V RILD    : ConvertQmiToBand : 264, 71
10-30 21:10:14.530  1449  1641 V RILD    : Modem::NotifyRegistrant: regType=51
10-30 21:10:14.530  1449  1641 V RILD    : Registrant::Notify refcnt(1)
10-30 21:10:14.531  1449  1641 D RILD    : RxDsdSystemStatusInd - RadioTechnology: 20, RadioTechFlag: 1, NullBearerReason: 0x0, OptionalRadioTech: 0
10-30 21:10:14.531  1449  1641 D RILD    : ReceiveMessage: svc(DSD), msg(0x6A:QMI_DSD_UI_INFO_IND), indi(1), size(2224), err(0)
10-30 21:10:14.531  1449  1641 D RILD    : RxDsdUiInfoInd
10-30 21:10:14.531  1449  1641 D RILD    : RxDsdUiInfoInd(): endcAvail: 0, restrictDcNr: 0, plmnInfoListR15Avail: 0, nrAdvBand: 0, vzw5gUwAllow: 0
10-30 21:10:14.531  1449  1641 D RILD    : SendPcoData: Send FF03 pcoData->mPcoId: 65283, pcoData->mAppSpecificInfo(1)
10-30 21:10:14.531  1449  1681 D RILD    : NET-MGR(3): evt(229)
10-30 21:10:14.531  1449  1641 V RILD    : Modem::NotifyRegistrant: regType=159
10-30 21:10:14.531  1449  1681 D RILD    : RefreshHandler()
10-30 21:10:14.532  1449  1641 V RILD    : Registrant::Notify refcnt(1)
10-30 21:10:14.532  1449  1681 D RILD    : PhysicalChannelInfoNotiHandler - PhysicalChannelInfoList not changed. skip send unsol response
10-30 21:10:14.532  1449  1681 V RILD    : Message obj refcnt=0
10-30 21:10:14.532  1449  1681 D RILD    : LEDC-MGR(8): evt(136)
10-30 21:10:14.532  1449  1681 D RILD    : EVENT_PCO_INFO_INDI
10-30 21:10:14.532  1449  1681 D RILD    : OnPcoDataInfoIndi: pcoData->mCid(0), pcoData->mPdpType(0), pcoData->mAppSpecificInfoLen(1)
10-30 21:10:14.532  1449  1681 D RILD    : OnPcoDataInfoIndi: pcoData->mAppSpecificInfo(1)
10-30 21:10:14.536  1449  1681 D RILD    : MakePcoDataInfo(FF03): contents(1)
10-30 21:10:14.537  1449  1681 D RILD    : MakePcoDataInfo: cid(0), bearer_proto((null)), pco_id(0xff03)
10-30 21:10:14.537  1449  1681 D RILD    : MakePcoDataInfo: contents_length(1)
10-30 21:10:14.537  1449  1681 V RILD    : OnUnsolicitedResponse: unsolId: 1046
10-30 21:10:14.540  1449  1681 V RILD    : InitState Setting data size of 0x737ff099b0 to 0
10-30 21:10:14.540  1449  1681 V RILD    : InitState Setting data pos of 0x737ff099b0 to 0
10-30 21:10:14.542  1449  1681 V RILD    : Message obj refcnt=0
10-30 21:10:14.544  1284 13890 D AppOps  : startOperation: allowing code 40 uid 1001 package com.android.phone restricted: false flags: s
10-30 21:10:14.547  2248  2286 D RILJ    : Unsol response received; Sending ack to ril.cpp [PHONE0]
10-30 21:10:14.548  2248  2286 D RILJ    : [UNSL]< UNSOL_PCO_DATA PcoData(0, , 65283, contents[1]) [PHONE0]
10-30 21:10:14.548  2248  2248 E DCT-C-0 : PCO_DATA for unknown cid: 0, inferring
10-30 21:10:14.548  2248  2248 E DCT-C-0 : PCO_DATA - couldn't infer cid
10-30 21:10:14.549  2248  2248 D NetworkTypeController: [0] NrConnectedState(connected): process EVENT_PCO_DATA_CHANGED
10-30 21:10:14.672  2597  2953 I reSIProcate: INFO | RESIP:TRANSPORT | Transport.cxx:401 | incoming from: [ V4 10.228.38.176:65487 TCP target domain=unspecified mFlowKey=180 ] cport =0 ] mInterface= ] transportKey=14 ]
10-30 21:10:14.673  2597  2953 I reSIProcate: INFO | RESIP:TRANSPORT | Transport.cxx:402 | SipReq:  MESSAGE xxxx@10.55.224.62:6300 tid=7327b4246b9378482097c0ef4a081aa764d20eb0-0-1a9bbb5-654053f5367ddbb1 cseq=1 MESSAGE / 1 from(wire)
10-30 21:10:14.676  2597  2953 I reSIProcate: INFO | RESIP:TRANSPORT | Connection.cxx:450 | Connection::performReads()  read=1642
10-30 21:10:14.679  2597  2953 I [IMS6.0]: *UserAgentManager::GetUserProfile(): (sipMsg) pcscf(10.228.38.176) findSrc type(2), port(6000)
10-30 21:10:14.679  2597  2953 I [IMS6.0]: *UserAgentManager::GetUserProfile(): (sipMsg) pcscf(10.228.38.176) findSrc type(2), findSrc port(65487)
10-30 21:10:14.679  2597  2953 I [IMS6.0]: *UserAgentManager::GetUserProfile(): pcscf(10.228.38.176) findSrc type(2), port(6000)
10-30 21:10:14.680  2597  2953 I [IMS6.0]: *UserAgentManager::GetUserProfile(): existSrc+++
10-30 21:10:14.680  2597  2953 I [IMS6.0]: UserAgentManager::DumpTuple(): [ V4 10.228.38.176:65487 TCP target domain=unspecified mFlowKey=0 ] cport =0 ] mInterface= ] transportKey=0 ]
10-30 21:10:14.680  2597  2953 I [IMS6.0]: *UserAgentManager::GetUserProfile(): existSrc---
10-30 21:10:14.680  2597  2953 I [IMS6.0]: *UserAgentManager::GetUserProfile(): pcscf(10.228.38.176) findSrc type(2), findSrc port(65487)
10-30 21:10:14.680  2597  2953 I [IMS6.0]: *UserAgentManager::GetUserProfile(): Match with PCSCF
10-30 21:10:14.680  2597  2953 I [IMS6.0]: TransactionUserHandler::LoggingSipMsgFromNW()
10-30 21:10:14.681  2597  2953 I [IMS6.0]:  
10-30 21:10:14.681  2597  2953 I [IMS6.0]: *UserAgentManager::GetUserProfile(): (sipMsg) pcscf(10.228.38.176) findSrc type(2), port(6000)
10-30 21:10:14.681  2597  2953 I [IMS6.0]: *UserAgentManager::GetUserProfile(): (sipMsg) pcscf(10.228.38.176) findSrc type(2), findSrc port(65487)
10-30 21:10:14.681  2597  2953 I [IMS6.0]: *UserAgentManager::GetUserProfile(): pcscf(10.228.38.176) findSrc type(2), port(6000)
10-30 21:10:14.682  2597  2953 I [IMS6.0]: *UserAgentManager::GetUserProfile(): existSrc+++
10-30 21:10:14.682  2597  2953 I [IMS6.0]: UserAgentManager::DumpTuple(): [ V4 10.228.38.176:65487 TCP target domain=unspecified mFlowKey=0 ] cport =0 ] mInterface= ] transportKey=0 ]
10-30 21:10:14.682  2597  2953 I [IMS6.0]: *UserAgentManager::GetUserProfile(): existSrc---
10-30 21:10:14.682  2597  2953 I [IMS6.0]: *UserAgentManager::GetUserProfile(): pcscf(10.228.38.176) findSrc type(2), findSrc port(65487)
10-30 21:10:14.682  2597  2953 I [IMS6.0]: *UserAgentManager::GetUserProfile(): Match with PCSCF
10-30 21:10:14.683  2597  2951 I [IMS6.0]: UA-MGR: evt(120)
10-30 21:10:14.683  2597  2951 I [IMS6.0]: SecIms:OnNotify() notifyId:10003
10-30 21:10:14.683  2597  2951 I [IMS6.0]: IMS_onNotify()
10-30 21:10:14.683  2597  2951 I [IMS6.0]: NotifySipMessage()
10-30 21:10:14.684  2597  2951 I [IMS6.0]: SendResponseRaw() data Size 1780
10-30 21:10:14.684  2597  2951 I StackIF : processMessage 3
10-30 21:10:14.684  2597  2951 I StackIF : Processing Notify
10-30 21:10:14.684  2597  2951 I SECIMSJ : [UNSL]< 10003
10-30 21:10:14.685  2597  2951 I StackIF : processNotify: id 10003
10-30 21:10:14.691  2597  2953 I [IMS6.0]: GetAudioInterface(): mode CPVE
10-30 21:10:14.691  2597  2953 I CpAudioEngineClient: SAE_NotiInfo: SAE_NotiInfo string: 21:10:14.691<MESSAGE:1 MESSAGE
10-30 21:10:14.691  2597  2953 I VoIpEngineProxy: NotiInfo:Sending IPC_IMS_INFO Noti
10-30 21:10:14.691  2597  2953 I OemIpcHandler: ImsNotiInfo ImsNoti send IPC : 21:10:14.691<MESSAGE:1 MESSAGE
10-30 21:10:14.691  2597  2953 I OemIpcHandler: SendOemIpcCommand: main 16 sub 0c len(108) phoneId 0
10-30 21:10:14.692  2597  2951 I SIPMSG[0]: [<--] MESSAGE sip:xxxxxxxxxxxxxxx@xxx.xxx.xxx.xxx:6300 SIP/2.0 [CSeq: 1 MESSAGE]
10-30 21:10:14.692  2597  2953 I OemIpcHandler: [Tx] IPC main 16 sub 0c type 05 len 108: 1E 32 31 3A 31 30 3A 31 34 2E 36 39 31 3C 4D 45 53 53 41 47 45 3A 31 20 4D 45 53 53 41 47 45 00 00 00 00 00 00 00 00 00 00 00 00 00 00 00 00 00 00 00 00 00 00 00 00 00 00 00 00 00 00 00 00 00 00 00 00 00 00 00 00 00 00 00 00 00 00 00 00 00 00 00 00 00 00 00 00 00 00 00 00 00 00 ...
10-30 21:10:14.692  2597  2953 I OemIpcHandler: SendOemIpcCommand: Send Client 111...
10-30 21:10:14.693  2597  2875 I ResipRawSipHandler: handleMessage: event: 100
10-30 21:10:14.694  1970  1974 D Multi-Client: OemClient::ProcessBuffer() from [20], token[1], datalen[112]
10-30 21:10:14.695  1449  1449 D RILD    : IsRegisteredNetworkType(): netType[1]  feature[00] state[0] 
10-30 21:10:14.695  2597  2953 I [IMS6.0]: TransactionUserHandler::VerifySipMessage()
10-30 21:10:14.695  1449  1682 D RILD    : DoRouteIn - FW reqId : 59
10-30 21:10:14.696  1449  1682 D RILD    : DoRouteOut - FW reqId : 59
10-30 21:10:14.696  1449  1682 D RILD    : GetMessage : oem func id = 0x0F
10-30 21:10:14.696  1449  1682 D RILD    : Onprocessing: request id(59), handleEvent(100)
10-30 21:10:14.697  1449  1681 D RILD    : OEMHOOK-MGR(28): evt(100)
10-30 21:10:14.697  1449  1681 D RILD    : OEMHOOK-MGR: Receive event : 100
10-30 21:10:14.697  1449  1681 V RILD    : MatchIpc: mMainCmd 11 mainCmd 16 mSubCmdMask ffffffffffffffff_ffffffffffffffff subCmd 0c
10-30 21:10:14.697  1449  1681 V RILD    : MatchIpc: mMainCmd 16 mainCmd 16 mSubCmdMask 0_f1b06fefe subCmd 0c
10-30 21:10:14.698  1449  1681 D RILD    : IpcProtocol41::IpcTxRawIpc len 108
10-30 21:10:14.698  1449  1681 E RILD    : [IMS SIP DbgMsg] 21:10:14.691<MESSAGE:1 MESSAGE
10-30 21:10:14.698  1449  1681 V RILD    : IpcModem::SendMessage
10-30 21:10:14.698  1449  1681 D RILD    : [L] TX: (M)IMS_CMD (S)IMS_INFORMATION (T)EVENT l:6c m:16 a:00 [ 1E 32 31 3A 31 30 3A 31 34 2E 36 39 31 3C 4D 45 53 53 41 47 45 3A 31 20 4D 45 53 53 41 47 45 00 00 00 00 00 00 00 00 00 00 00 00 00 00 00 00 00 00 00 00 00 00 00 00 00 00 00 00 00 00 00 00 00 00 00 00 00 00 00 00 00 00 00 00 00 00 00 00 00 00 00 00 00 00 00 00 00 00 00 00 00 00 00 00 00 00 00 00 00 00 ]
10-30 21:10:14.699  1449  1681 V RILD    : IpcModem::DoIoChannelRouting
10-30 21:10:14.701  1449  1681 D RILD    : RequestComplete - req : 59, peek : 59
10-30 21:10:14.702  1970  1973 D Multi-Client: Oem OnRequestComplete:(20)
10-30 21:10:14.702  1449  1681 V RILD    : Message obj refcnt=-1
10-30 21:10:14.703  2597 18139 I OemIpcHandler: onRawReqComplete, 
10-30 21:10:14.703  2597  2951 I [IMS6.0]: EventMessage obj refcnt=0
10-30 21:10:14.703  2597  2951 I [IMS6.0]: OUT-MGR: evt(100)
10-30 21:10:14.704  2597  2875 I ResipVolteHandler: handleMessage: evt 114
10-30 21:10:14.710  2597  2951 I [IMS6.0]: OUT-MGR::RouteEvent()
10-30 21:10:14.710  2597  2951 I [IMS6.0]: std::string resiputils::GetFromTag(): tag: JJwuQEA7dETek.nd
10-30 21:10:14.710  2597  2951 I [IMS6.0]: OutOfTransManager::FindDialogHandler(): callId : xxxxx, remoteTag : xxxxx
10-30 21:10:14.710  2597  2951 I [IMS6.0]: OutOfTransManager::FindDialogHandler(): Handler not found.
10-30 21:10:14.710  2597  2951 I [IMS6.0]: RouteEvent() Out of Dialog msg
10-30 21:10:14.710  2597  2951 I [IMS6.0]: OutOfTransManager::HandleOutOfDialogRequest(): 
10-30 21:10:14.710  2597  2951 I [IMS6.0]: OutOfTransManager::GeneratePani(): handle = 0
10-30 21:10:14.710  2597  2951 I [IMS6.0]: *UserAgentManager::GetUserProfile(): (sipMsg) pcscf(10.228.38.176) findSrc type(2), port(6000)
10-30 21:10:14.711  2597  2951 I [IMS6.0]: *UserAgentManager::GetUserProfile(): (sipMsg) pcscf(10.228.38.176) findSrc type(2), findSrc port(65487)
10-30 21:10:14.711  2597  2951 I [IMS6.0]: *UserAgentManager::GetUserProfile(): pcscf(10.228.38.176) findSrc type(2), port(6000)
10-30 21:10:14.711  2597  2951 I [IMS6.0]: *UserAgentManager::GetUserProfile(): existSrc+++
10-30 21:10:14.711  2597  2951 I [IMS6.0]: UserAgentManager::DumpTuple(): [ V4 10.228.38.176:65487 TCP target domain=unspecified mFlowKey=0 ] cport =0 ] mInterface= ] transportKey=0 ]
10-30 21:10:14.711  2597  2951 I [IMS6.0]: *UserAgentManager::GetUserProfile(): existSrc---
10-30 21:10:14.711  2597  2951 I [IMS6.0]: *UserAgentManager::GetUserProfile(): pcscf(10.228.38.176) findSrc type(2), findSrc port(65487)
10-30 21:10:14.711  2597  2951 I [IMS6.0]: *UserAgentManager::GetUserProfile(): Match with PCSCF
10-30 21:10:14.711  2597  2951 I [IMS6.0]: OutOfTransManager::GeneratePani(): mPdn = ims, mCurPani = 3GPP-NR-FDD;utran-cell-id-3gpp=31334000add206c28c1ef
10-30 21:10:14.712  2597  2951 I [IMS6.0]: OutOfTransManager::GeneratePani(): Query Pani Info, Screen = 1
10-30 21:10:14.715  2597  2951 I [IMS6.0]: OutOfTransManager::RouteMessageRequest(): based on Content-Type use IMSSMS-MGR
10-30 21:10:14.715  2597  2951 I [IMS6.0]: IMSSMS-MGR: evt(1000)
10-30 21:10:14.715  2597  2951 I [IMS6.0]: IMSSMS-MGR: EVENT_INCOMING_MESSAGE
10-30 21:10:14.716  2597  2951 I [IMS6.0]: *UserAgentManager::GetUserProfile(): (sipMsg) pcscf(10.228.38.176) findSrc type(2), port(6000)
10-30 21:10:14.716  2597  2951 I [IMS6.0]: *UserAgentManager::GetUserProfile(): (sipMsg) pcscf(10.228.38.176) findSrc type(2), findSrc port(65487)
10-30 21:10:14.716  2597  2951 I [IMS6.0]: *UserAgentManager::GetUserProfile(): pcscf(10.228.38.176) findSrc type(2), port(6000)
10-30 21:10:14.716  2597  2951 I [IMS6.0]: *UserAgentManager::GetUserProfile(): existSrc+++
10-30 21:10:14.716  2597  2951 I [IMS6.0]: UserAgentManager::DumpTuple(): [ V4 10.228.38.176:65487 TCP target domain=unspecified mFlowKey=0 ] cport =0 ] mInterface= ] transportKey=0 ]
10-30 21:10:14.716  2597  2951 I [IMS6.0]: *UserAgentManager::GetUserProfile(): existSrc---
10-30 21:10:14.716  2597  2951 I [IMS6.0]: *UserAgentManager::GetUserProfile(): pcscf(10.228.38.176) findSrc type(2), findSrc port(65487)
10-30 21:10:14.716  2597  2951 I [IMS6.0]: *UserAgentManager::GetUserProfile(): Match with PCSCF
10-30 21:10:14.716  2597  2951 I [IMS6.0]: ImsSmsManager::OnIncomingImsSms(): send ims signaling ipc start
10-30 21:10:14.717  2597  2951 I [IMS6.0]: ImsSignalingIpcManager::SendImsCallStatus(): phoneId(0) callStatus(1) callType(4) isEmergency(0) bearerType(12) needToSetSaMode(0) needToDeprioritizeNr5g(0)
10-30 21:10:14.717  2597  2951 I [IMS6.0]: GetAudioInterface(): mode CPVE
10-30 21:10:14.717  2597  2951 I [IMS6.0]: ImsSignalingIpcManager::ProcessImsCallStatus(): CALL_STATUS_START needToSetSaMode : 0, needToDeprioritizeNr5g : 0
10-30 21:10:14.717  2597  2951 I CpAudioEngineClient: SAE_SetImsCallStatus: Entry
10-30 21:10:14.717  2597  2951 I CpAudioEngineClient: SAE_SetImsCallStatus: phoneId : 0, callStatus : 1 callType: 4 isEmergency: 0 bearerType: 12 needToSetSaMode : 0 needToDeprioritizeNr5g : 0
10-30 21:10:14.717  2597  2951 I VoIpEngineProxy: Sending IPC_IMS_CALL_STATUS bearerType 12
10-30 21:10:14.717  2597  2951 I OemIpcHandler: PrepareWaiting:
10-30 21:10:14.717  2597  2951 I OemIpcHandler: SendOemIpcCommandForQmi: phoneId[0] main 02 sub 7c paramLen 03
10-30 21:10:14.717  2597  2951 I OemIpcHandler: ============
10-30 21:10:14.717  2597  2951 I OemIpcHandler: pkt[0] =  2
10-30 21:10:14.718  2597  2951 I OemIpcHandler: pkt[1] = 7c
10-30 21:10:14.718  2597  2951 I OemIpcHandler: pkt[2] =  0
10-30 21:10:14.718  2597  2951 I OemIpcHandler: pkt[3] =  7
10-30 21:10:14.718  2597  2951 I OemIpcHandler: pkt[4] =  4
10-30 21:10:14.718  2597  2951 I OemIpcHandler: pkt[5] =  1
10-30 21:10:14.718  2597  2951 I OemIpcHandler: pkt[6] =  c
10-30 21:10:14.718  2597  2951 I OemIpcHandler: ============
10-30 21:10:14.718  2597  2951 I OemIpcHandler: IPC counter[1188]
10-30 21:10:14.718  2597  2951 I OemIpcHandler: SendOemIpcCommandForQmi: Send Client 111...
10-30 21:10:14.720  1970  1974 D Multi-Client: OemClient::ProcessBuffer() from [20], token[1], datalen[7]
10-30 21:10:14.720  2597  2951 I OemIpcHandler: WaitwithTimeout:
10-30 21:10:14.720  1449  1449 D RILD    : IsRegisteredNetworkType(): netType[1]  feature[00] state[0] 
10-30 21:10:14.721  1449  1682 D RILD    : DoRouteIn - FW reqId : 59
10-30 21:10:14.721  1449  1682 D RILD    : DoRouteOut - FW reqId : 59
10-30 21:10:14.721  1449  1682 D RILD    : GetMessage : oem func id = 0x02
10-30 21:10:14.721  1449  1681 D RILD    : OEM-NETWORK-MGR(33): evt(100)
10-30 21:10:14.722  1449  1681 D RILD    : OEMNETWORK-MGR: Receive event : 100
10-30 21:10:14.722  1449  1681 D RILD    : DoOemNetwork: sub id=0x7C
10-30 21:10:14.722  1449  1681 D RILD    : DoOemSetImsCallState
10-30 21:10:14.722  1449  1681 V RILD    : AllocateTransaction() - Use: 2, Last: 33
10-30 21:10:14.722  1449  1681 D RILD    : TxSetImsCallStateNoti - callType: 4, callStatus: 1, sysMode: 12, direction: -1
10-30 21:10:14.722  1449  1681 D RILD    : SendMessage: svc(NAS), msg(0xA1:QMI_NAS_IMS_CALL_STATE_NOTIFICATION_REQ_MSG), sync(1), internal(0), size(48)
10-30 21:10:14.723  1449  1638 V RILD    : NotifyAsyncMessage Completed
10-30 21:10:14.724  1449  1883 D RILD    : QmiUnsolicitedCallback: msgId(276)
10-30 21:10:14.724  1449  1681 D RILD    : ReceiveMessage: svc(NAS), msg(0xA1:QMI_NAS_IMS_CALL_STATE_NOTIFICATION_REQ_MSG), indi(0), size(48), err(0)
10-30 21:10:14.724  1449  1883 V RILD    : NotifyAsyncMessage Completed
10-30 21:10:14.724  1449  1681 D RILD    : Result(0), Error(0)
10-30 21:10:14.724  1449  1681 V RILD    : txn(-1) released
10-30 21:10:14.724  1449  1883 D RILD    : QmiUnsolicitedCallback: msgId(228)
10-30 21:10:14.724  1449  1681 V RILD    : Message obj refcnt=-1
10-30 21:10:14.724  1449  1883 V RILD    : NotifyAsyncMessage Completed
10-30 21:10:14.724  1449  1681 D RILD    : OEM-NETWORK-MGR(33): evt(101)
10-30 21:10:14.724  1449  1681 D RILD    : OEMNETWORK-MGR: Receive event : 101
10-30 21:10:14.724  1449  1641 D RILD    : ReceiveMessage: svc(NAS), msg(0x114:UNDEFINED), indi(1), size(92), err(0)
10-30 21:10:14.724  1449  1641 D RILD    : RxAccessBarringStatusIndi:
10-30 21:10:14.725  1449  1641 D RILD    : notifyBarringInfoChanged:
10-30 21:10:14.725  1449  1681 D RILD    : RequestComplete - req : 59, peek : 59
10-30 21:10:14.725  1449  1641 D RILD    : FillBarringInfo
10-30 21:10:14.725  1970  1973 D Multi-Client: Oem OnRequestComplete:(20)
10-30 21:10:14.725  1449  1641 D RILD    : FillCellBarringInfoUtran 0
10-30 21:10:14.725  1449  1681 V RILD    : Message obj refcnt=-1
10-30 21:10:14.725  1449  1641 D RILD    : FillCellBarringInfoEutran 0
10-30 21:10:14.725  1449  1641 D RILD    : FillCellBarringInfoNgran 1
10-30 21:10:14.725  1449  1641 V RILD    : Modem::NotifyRegistrant: regType=54
10-30 21:10:14.725  1449  1641 V RILD    : Registrant::Notify refcnt(1)
10-30 21:10:14.725  2597 18139 I OemIpcHandler: onImsCallStatusReqComplete, 
10-30 21:10:14.726  2597 18139 I OemIpcHandler: Notify:
10-30 21:10:14.726  1449  1641 D RILD    : ReceiveMessage: svc(NAS), msg(0xE4:QMI_NAS_MMTEL_RESPONSE), indi(1), size(24), err(0)
10-30 21:10:14.726  1449  1641 D RILD    : RxMmtelResInd
10-30 21:10:14.726  2597 18139 I OemIpcHandler: Notify: exit
10-30 21:10:14.726  1449  1641 V RILD    : Modem::NotifyRegistrant: regType=190
10-30 21:10:14.726  1449  1641 V RILD    : Registrant::Notify refcnt(1)
10-30 21:10:14.726  1449  1681 D RILD    : OEM-NETWORK-MGR(33): evt(103)
10-30 21:10:14.726  2597  2951 I OemIpcHandler: WaitwithTimeout: exit
10-30 21:10:14.727  1449  1681 D RILD    : OEMNETWORK-MGR: Receive event : 103
10-30 21:10:14.727  2597  2951 I [IMS6.0]: OnIncomingImsSms got MESSAGE
10-30 21:10:14.727  1449  1681 D RILD    : OnMmtelRespReceived
10-30 21:10:14.727  1449  1681 V RILD    : OnMmtelRespReceived - not use UAC
10-30 21:10:14.727  1449  1681 V RILD    : Message obj refcnt=0
10-30 21:10:14.727  2597  2951 I reSIProcate: INFO | RESIP | SipMessage.cxx:1081 | SipMessage::getContents: got content type (application/vnd.3gpp.sms) that is not known, returning as opaque application/octet-stream
10-30 21:10:14.727  1449  1681 D RILD    : NET-MGR(3): evt(234)
10-30 21:10:14.728  1449  1681 D RILD    : RefreshHandler()
10-30 21:10:14.728  1449  1681 V RILD    : NetBarringInfoNotiHandler
10-30 21:10:14.728  1449  1681 V RILD    : OnUnsolicitedResponse: unsolId: 1105
10-30 21:10:14.730  2597  2951 I [IMS6.0]: OnIncomingImsSms got a Message
10-30 21:10:14.730  2597  2951 I [IMS6.0]: contentType : application
10-30 21:10:14.730  2597  2951 I [IMS6.0]: subContentType : vnd.3gpp.sms
10-30 21:10:14.730  1449  1681 V RILD    : InitState Setting data size of 0x737ff09980 to 0
10-30 21:10:14.730  2597  2951 I [IMS6.0]: smsNotiLength : 57
10-30 21:10:14.731  1449  1681 V RILD    : InitState Setting data pos of 0x737ff09980 to 0
10-30 21:10:14.731  2597  2951 I [IMS6.0]: callID : EE1E9D5A313307F0A1077FD2@5240cbbf4a00
10-30 21:10:14.731  1449  1681 V RILD    : Message obj refcnt=0
10-30 21:10:14.731  2597  2951 I [IMS6.0]: smscUri : sip:nk-ips001c-usw2az1n01p1-sip.ims.mnc340.mcc313.3gppnetwork.org
