11-08 02:20:18.581  2843  4686 I ViewRootImpl@2ff5a9d[LauncherActivity]: mWNT: t=0xb4000077cc29a600 mBlastBufferQueue=0xb40000776816c400 fn= 21 caller= com.android.systemui.shared.launcher.ViewRootImplCompat.mergeWithNextTransaction:2 com.android.quickstep.util.SurfaceTransactionApplier.lambda$scheduleApply$0:2 com.android.quickstep.util.SurfaceTransactionApplier.b:0 
11-08 02:20:18.581  2843  3206 I AnimationResult: finish callback : null
11-08 02:20:18.581  1279  2805 D WindowManager: app-onAnimationFinished(): mOuter=RemoteAnimationController@3329f9e
11-08 02:20:18.583  1279  2805 D WindowManager: onAnimationFinished(RemoteAnimationController@3329f9e): mPendingAnimations=2, caller=
11-08 02:20:18.583  1279  2805 D WindowManager: app-release(): mOuter=RemoteAnimationController@3329f9e
11-08 02:20:18.584  1279  2805 D WindowManager: onAnimationFinished(): Notify animation finished:
11-08 02:20:18.584  1279  2805 I WindowManager: Reparenting to original parent: Surface(name=DefaultTaskDisplayArea)/@0x7f395f3, destroy=true, surface=Surface(name=Task=1)/@0xebba7d1
11-08 02:20:18.585  1279  2805 D WindowManager: \tcontainer=Task{abf80e2 #1 type=home ?? U=0 visible=true visibleRequested=true mode=fullscreen translucent=false sz=1}
11-08 02:20:18.586  1279  2805 I WindowManager: Reparenting to original parent: Surface(name=DefaultTaskDisplayArea)/@0x7f395f3, destroy=true, surface=Surface(name=Task=30127)/@0xc67b3fa
11-08 02:20:18.586  2843  2843 W Launcher: onEnterAnimationComplete
11-08 02:20:18.590  1279  2805 V WindowManager: Setting visibility of Window{423263f u0 com.samsung.android.dialer/com.samsung.android.dialer.DialtactsActivity}: false, caller=com.android.server.wm.WindowContainer.sendAppVisibilityToClients:1246 com.android.server.wm.WindowToken.setClientVisible:431 com.android.server.wm.ActivityRecord.setClientVisible:7682 com.android.server.wm.ActivityRecord.onAnimationFinished:8552 com.android.server.wm.WindowContainer.doAnimationFinished:3483 
11-08 02:20:18.591 30440 30440 I ViewRootImpl@7ef4279[DialtactsActivity]: handleAppVisibility mAppVisible = true visible = false
11-08 02:20:18.591  1279  2805 D WindowManager: \tcontainer=Task{4ab65b5 #30127 type=standard A=10095:samsung.android.task.dialtacts U=0 visible=false visibleRequested=false mode=fullscreen translucent=true sz=1}
11-08 02:20:18.591  1279  2805 I WindowManager: Reparenting to original parent: Surface(name=Leaf:0:1)/@0x3377ab6, destroy=true, surface=Surface(name=WallpaperWindowToken{4776414 token=android.os.Binder@2e47e67})/@0x862251
11-08 02:20:18.593  1279  2805 D WindowManager: \twallpaper=WallpaperWindowToken{4776414 token=android.os.Binder@2e47e67}
11-08 02:20:18.595  1279  2805 I WindowManager: Finishing remote animation
11-08 02:20:18.606  1279  1694 I wm_stop_activity: [0,4255212,com.samsung.android.dialer/.DialtactsActivity]
11-08 02:20:18.608  1148  1148 I Layer   : id=541950 removedFromDrawingState Surface(name=Task=1)/@0xebba7d1 - animation-leash of app_transition#541950 (135)
11-08 02:20:18.608  1148  1148 I Layer   : id=541949 removedFromDrawingState Surface(name=Task=30127)/@0xc67b3fa - animation-leash of app_transition#541949 (135)
11-08 02:20:18.608  1148  1148 I Layer   : id=541951 removedFromDrawingState Surface(name=WallpaperWindowToken{4776414 token=android.os.Binder@2e47e67})/@0x862251 - animation-leash of window_animation#541951 (135)
11-08 02:20:18.608  1148  1148 I Layer   : Layer [com.samsung.android.dialer/com.samsung.android.dialer.DialtactsActivity$_30440#541936] hidden!! flag(1)
11-08 02:20:18.612   981 32601 I HYPER-HAL: [ResourceManager.cpp]removeResource(): [CPUMinFreq] RemoveResource Request ID : 857425
11-08 02:20:18.613   981 32601 I HYPER-HAL: [RequestManager.cpp]releaseLocked(): Released ID : 857425
11-08 02:20:18.618 30440 30440 I ViewRootImpl@7ef4279[DialtactsActivity]: performTraversals mFirst=false windowShouldResize=false viewVisibilityChanged=true mForceNextWindowRelayout=false params=null
11-08 02:20:18.619  1279  1694 I ActivityManager: Changes in 10095 2 to 15, 15 to 0
11-08 02:20:18.620  1279  2805 V WindowManager: Relayout Window{423263f u0 com.samsung.android.dialer/com.samsung.android.dialer.DialtactsActivity}: viewVisibility=8 req=1080x2408 d0
11-08 02:20:18.626  1279  2805 V WindowManager: Relayout hash=423263f, pid=30440, syncId=-1: mAttrs={(0,0)(fillxfill) sim={state=always_hidden adjust=nothing forwardNavigation} layoutInDisplayCutoutMode=shortEdges ty=BASE_APPLICATION wanim=0x10302f4
11-08 02:20:18.626  1279  2805 V WindowManager:   fl=81810100
11-08 02:20:18.626  1279  2805 V WindowManager:   pfl=12020040
11-08 02:20:18.626  1279  2805 V WindowManager:   vsysui=2010
11-08 02:20:18.626  1279  2805 V WindowManager:   apr=LIGHT_STATUS_BARS LIGHT_NAVIGATION_BARS
11-08 02:20:18.626  1279  2805 V WindowManager:   bhv=DEFAULT
11-08 02:20:18.626  1279  2805 V WindowManager:   fitSides= naviIconColor=0}
11-08 02:20:18.630 30440 30440 I ViewRootImpl@7ef4279[DialtactsActivity]: Relayout returned: old=(0,0,1080,2408) new=(0,0,1080,2408) req=(1080,2408)8 dur=10 res=0x2 s={false 0x0} ch=true seqId=0
11-08 02:20:18.631 30440 30440 I ViewRootImpl@7ef4279[DialtactsActivity]: stopped(true) old = false
11-08 02:20:18.632 30440 30440 I ViewRootImpl@7ef4279[DialtactsActivity]: WindowStopped on com.samsung.android.dialer/com.samsung.android.dialer.DialtactsActivity set to true
11-08 02:20:18.632  1279 16556 D OpenGLRenderer: RenderThread::requireGlContext()
11-08 02:20:18.634  1279  3014 W PresentationStatsEventLogger: Shouldn't be logging AutofillPresentationEventReported again for same event
11-08 02:20:18.637  1131  1440 V APM_AudioPolicyManager: releaseOutput portId 13850
11-08 02:20:18.637  1131  1440 V APM_AudioPolicyManager: releaseOutput() 29
11-08 02:20:18.638  1279  2805 D SettingsProvider: isChangeAllowed() : name = dialer_app_active
11-08 02:20:18.639  1279  2805 D SettingsProvider: edmUri: content://com.sec.knox.provider/RestrictionPolicy3
11-08 02:20:18.639  1279  2805 D SettingsProvider: projectionArgs: isSettingsChangesAllowed
11-08 02:20:18.639  1279  2805 D SettingsProvider: selectionArgs: false
11-08 02:20:18.639  1279  2805 D SettingsProvider: selectionArgs: 10095
11-08 02:20:18.640  1279  2805 D SecContentProvider: query(), uri = 17 selection = isSettingsChangesAllowed
11-08 02:20:18.640  1279  2805 D SecContentProvider: called from com.samsung.android.uid.dialer:10095
11-08 02:20:18.640  1279  2805 D RestrictionPolicy: isSettingsChangesAllowedAsUser, userId 0 : true
11-08 02:20:18.640  1279  2805 D SettingsProvider: ret = 1
11-08 02:20:18.641  1279  2805 I GenerationRegistry: mBackingStore.isClosed() : false
11-08 02:20:18.641 30440 30440 I wm_on_stop_called: [4255212,com.samsung.android.dialer.DialtactsActivity,STOP_ACTIVITY_ITEM]
11-08 02:20:18.643  1279 16556 D OpenGLRenderer: RenderThread::setGrContext()
11-08 02:20:18.644 30440 30440 I MSHandlerLifeCycle: removeMultiSplitHandler: no exist. decor=DecorView@e8a5298[DialtactsActivity]
11-08 02:20:18.647  1279  2805 E WindowManager: win=Window{423263f u0 com.samsung.android.dialer/com.samsung.android.dialer.DialtactsActivity} destroySurfaces: appStopped=true cleanupOnResume=false win.mWindowRemovalAllowed=false win.mRemoveOnExit=false win.mViewVisibility=8 caller=com.android.server.wm.ActivityRecord.destroySurfaces:6529 com.android.server.wm.ActivityRecord.destroySurfaces:6510 com.android.server.wm.ActivityRecord.notifyAppStopped:6574 com.android.server.wm.ActivityRecord.activityStopped:7162 com.android.server.wm.ActivityClientController.activityStopped:258 android.app.IActivityClientController$Stub.onTransact:613 com.android.server.wm.ActivityClientController.onTransact:136 
11-08 02:20:18.648  1279  2805 I WindowManager: Destroying surface Surface(name=com.samsung.android.dialer/com.samsung.android.dialer.DialtactsActivity$_30440)/@0x77c8d50 called by com.android.server.wm.WindowStateAnimator.destroySurface:942 com.android.server.wm.WindowStateAnimator.destroySurfaceLocked:536 com.android.server.wm.WindowState.destroySurfaceUnchecked:4304 com.android.server.wm.WindowState.destroySurface:4278 com.android.server.wm.ActivityRecord.destroySurfaces:6529 com.android.server.wm.ActivityRecord.destroySurfaces:6510 com.android.server.wm.ActivityRecord.notifyAppStopped:6574 com.android.server.wm.ActivityRecord.activityStopped:7162 
11-08 02:20:18.649  1279  2805 D ActivityTaskManager: mStartingWindow and mStartingData is null for token=ActivityRecord{40edec u0 com.samsung.android.dialer/.DialtactsActivity} t30127}
11-08 02:20:18.651 12595 20116 I SAMSUNGWALLET: [Hint_ProcessStatusChange] fg Change, pid : 30440 , isNotify : true , isForeground : false , fg list : [2843]
11-08 02:20:18.654 12595 12621 I SAMSUNGWALLET: [Hint_afp] isHomePackageRunning topPkgName = com.sec.android.app.launcher, topClsName = com.android.launcher3.uioverrides.QuickstepLauncher, return true , se : true
11-08 02:20:18.656 12595 12595 I SAMSUNGWALLET: [Hint_IntroHintService] Hint Status - already visible, skip show
11-08 02:20:18.657  1148  1148 I Layer   : id=541936 removedFromDrawingState com.samsung.android.dialer/com.samsung.android.dialer.DialtactsActivity$_30440#541936 (135)
11-08 02:20:18.658  1148  1148 I SurfaceFlinger: id=541936 Removed com.samsung.android.dialer/com.samsung.android.dialer.DialtactsActivity$_30440#541936 (135)
11-08 02:20:18.658  1148  1148 I Layer   : id=541936 Destroyed com.samsung.android.dialer/com.samsung.android.dialer.DialtactsActivity$_30440#541936
11-08 02:20:18.731  2292  2292 I UiThreadMonitor: setAwake 422241 3001 0
11-08 02:20:18.780  1279  2177 D ChimeraPolicyHandler: onLmkdKillTriggered() - lmkdLevel: 1
11-08 02:20:18.781  1279  2177 I ChimeraAggressivePolicyHandler: executePolicy() - triggerSource: TRIGGER_SOURCE_LMKD
11-08 02:20:18.783  1279  2177 I ChimeraAggressivePolicyHandler: memAvailable: 689952, memFreeTarget: 747520, releaseTarget:57568, protectedLruCount: 11
11-08 02:20:18.783  1279  2177 D ChimeraAppManager: getAppsToKill() - protectedLruCount: 11
11-08 02:20:18.784  1279  2177 D ChimeraAppManager: getAppsToKill() - Protected by LRU : com.samsung.android.dialer
11-08 02:20:18.784  1279  2177 D ChimeraAppManager: getAppsToKill() - Protected by LRU : com.android.settings
11-08 02:20:18.784  1279  2177 D ChimeraAppManager: getAppsToKill() - Protected by LRU : com.android.chrome
11-08 02:20:18.784  1279  2177 D ChimeraAppManager: getAppsToKill() - Protected by LRU : com.samsung.advp.imssettings
11-08 02:20:18.784  1279  2177 D ChimeraAppManager: getAppsToKill() - Protected by LRU : com.facebook.appmanager
11-08 02:20:18.784  1279  2516 D MdnieScenarioControlService:  packageName : com.sec.android.app.launcher    className : com.android.launcher3.uioverrides.QuickstepLauncher
11-08 02:20:18.785  1279  2516 V MdnieScenarioControlService: setUIMode from UI function(3)
11-08 02:20:18.786  1279  2177 I NSLocationMonitor: getGPSUsingApps() called
11-08 02:20:18.797  3383 12196 I NSLocationManager_FLP: getGPSUsingApps, NO_FREEZE={5013} / FREEZE={10205}
11-08 02:20:18.800  1279  2177 D MARs:OngoingNotiPackageFilter: filter : com.google.android.setupwizard(0)
11-08 02:20:18.801  1279  2177 D MARs:OngoingNotiPackageFilter: filter : android(0)
11-08 02:20:18.801  1279  2177 D MARs:OngoingNotiPackageFilter: filter : com.android.vending(0)
11-08 02:20:18.803  1279  2177 D ChimeraPolicyHandler: com.android.vending:10214[5329]:G2(0x20008) score=39.2(50 10/5 35936)
11-08 02:20:18.803  1279  2177 D ChimeraPolicyHandler: com.sec.imsservice:1000[3627]:G2(0x20002) score=38.7(57 10/5 14002)
11-08 02:20:18.803  1279  2177 D ChimeraPolicyHandler: com.google.android.ext.services:10252[2819]:G2(0x20000) score=35.6(46 10/10 28091)
11-08 02:20:18.803  1279  2177 D ChimeraPolicyHandler: com.samsung.android.beaconmanager:5006[10392]:G2(0x20002) score=35.5(53 10/5 8410)
11-08 02:20:18.803  1279  2177 D ChimeraPolicyHandler: com.dish.wireless.carrierapp:10233[6109]:G2(0x20000) score=35.3(52 10/5 9865)
11-08 02:20:18.803  1279  2177 D ChimeraPolicyHandler: com.google.android.apps.tachyon:10216[28576]:G2(0x20001) score=34.5(29 10/10 68631)
11-08 02:20:18.803  1279  2177 D ChimeraPolicyHandler: com.android.systemui:10052[28300]:G2(0x20000) score=34.2(43 10/10 28997)
11-08 02:20:18.803  1279  2177 D ChimeraPolicyHandler: android:1000[630]:G2(0x2000a) score=32.8(49 10/5 5487)
11-08 02:20:18.803  1279  2177 D ChimeraPolicyHandler: com.samsung.InputEventApp:1000[967]:G2(0x20002) score=32.5(48 10/5 6280)
11-08 02:20:18.803  1279  2177 D ChimeraPolicyHandler: com.samsung.android.app.sharelive:5026[28115]:G2(0x20002) score=32.3(40 10/5 27303)
11-08 02:20:18.803  1279  2177 D ChimeraPolicyHandler: com.google.android.setupwizard:10238[13317]:G2(0x20008) score=31.4(45 10/10 8868)
11-08 02:20:18.803  1279  2177 D ChimeraPolicyHandler: com.sec.android.daemonapp:10180[28848]:G2(0x20000) score=31.2(35 10/5 35319)
11-08 02:20:18.803  1279  2177 D ChimeraPolicyHandler: jp.co.cyberagent.stf:10300[19465]:G2(0x20000) score=31.0(44 10/50 9369)
11-08 02:20:18.803  1279  2177 D ChimeraPolicyHandler: com.samsung.android.mobileservice:10094[29003]:G2(0x20000) score=30.9(34 10/5 36319)
11-08 02:20:18.803  1279  2177 D ChimeraPolicyHandler: com.samsung.android.rubin.app:10082[6586]:G2(0x20000) score=30.7(41 10/5 15930)
11-08 02:20:18.803  1279  2177 D ChimeraPolicyHandler: com.samsung.android.ipsgeofence:5022[28782]:G2(0x20002) score=29.1(39 10/5 13453)
11-08 02:20:18.803  1279  2177 D ChimeraPolicyHandler: com.sec.android.app.clockpackage:10151[28822]:G2(0x20000) score=27.2(36 10/5 11893)
11-08 02:20:18.803  1279  2177 D ChimeraPolicyHandler: com.samsung.storyservice:5004[29871]:G2(0x20002) score=26.9(37 10/5 7368)
11-08 02:20:18.803  1279  2177 D ChimeraPolicyHandler: com.dish.wireless.activation:10234[32105]:G2(0x20000) score=26.2(31 10/5 20116)
11-08 02:20:18.803  1279  2177 D ChimeraPolicyHandler: com.wsomacp:10077[31374]:G2(0x20000) score=24.8(33 10/10 7548)
11-08 02:20:18.803  1279  2177 D ChimeraPolicyHandler: com.sec.unifiedwfc:10191[4307]:G2(0x20000) score=24.0(28 10/5 16685)
11-08 02:20:18.803  1279  2177 D ChimeraPolicyHandler: com.sec.android.provider.badge:10043[32304]:G2(0x20000) score=22.9(30 10/10 5663)
11-08 02:20:18.803  1279  2177 D ChimeraPolicyHandler: com.samsung.android.samsungpassautofill:10177[32458]:G2(0x20000) score=21.7(25 10/10 13354)
11-08 02:20:18.803  1279  2177 D ChimeraPolicyHandler: com.sec.epdg:1000[3246]:G2(0x20002) score=21.0(22 10/5 17884)
11-08 02:20:18.803  1279  2177 D ChimeraPolicyHandler: com.google.android.permissioncontroller:10247[9026]:G2(0x20000) score=20.5(24 10/10 9433)
11-08 02:20:18.803  1279  2177 D ChimeraPolicyHandler: com.samsung.android.smartsuggestions:10097[4066]:G2(0x20000) score=18.8(19 10/5 14572)
11-08 02:20:18.803  1279  2177 D ChimeraPolicyHandler: com.sec.phone:1001[32506]:G2(0x20002) score=16.0(17 10/5 5482)
11-08 02:20:18.803  1279  2177 D ChimeraPolicyHandler: com.google.android.googlequicksearchbox:10215[26135,10540]:G3(0x20800) score=46.5(1 10/10 207448)
11-08 02:20:18.803  1279  2177 I ChimeraAggressivePolicyHandler: Start doKill, protected policy: NORMAL
11-08 02:20:18.803  1279  2177 D ChimeraPolicyHandler: Skipped by adj     : com.android.vending, 10214[5329]:G2(0x20008) score=39.2(50 10/5 35936), pids: 5329 / stats: 4 / adjs: 200 
11-08 02:20:18.804  1279  2177 D ChimeraPolicyHandler: Skipped by adj     : com.sec.imsservice, 1000[3627]:G2(0x20002) score=38.7(57 10/5 14002), pids: 3627 / stats: 6 / adjs: 100 
11-08 02:20:18.804  1279  2177 D ChimeraPolicyHandler: Skipped by adj     : com.google.android.ext.services, 10252[2819]:G2(0x20000) score=35.6(46 10/10 28091), pids: 2819 / stats: 5 / adjs: 100 
11-08 02:20:18.804  1279  2177 D ChimeraPolicyHandler: Skipped by adj     : com.samsung.android.beaconmanager, 5006[10392]:G2(0x20002) score=35.5(53 10/5 8410), pids: 10392 / stats: 8 / adjs: 200 
11-08 02:20:18.804  1279  2177 D ChimeraPolicyHandler: Skipped by adj     : com.dish.wireless.carrierapp, 10233[6109]:G2(0x20000) score=35.3(52 10/5 9865), pids: 6109 / stats: 5 / adjs: 100 
11-08 02:20:18.806  1279  2177 I ChimeraAggressivePolicyHandler: Killed on trigger0 : com.google.android.apps.tachyon[28576], freed: 68631, 10216[28576]:G2(0x20001) score=34.5(29 10/10 68631), pids: 28576 / stats: 19 / adjs: 945 
11-08 02:20:18.807  1279  2177 I am_uid_stopped: 10216
11-08 02:20:18.807  1279  2177 I ActivityManager: Killing 28576:com.google.android.apps.tachyon/u0a216 (adj 945): Chimera #0
11-08 02:20:18.808  1279  2177 I am_kill : [0,28576,com.google.android.apps.tachyon,945,Chimera #0]
11-08 02:20:18.812  1279  2177 D ActivityManager: proc ProcessRecord{82805b3 28576:com.google.android.apps.tachyon/u0a216} already removed. so we skip next process.
11-08 02:20:18.813  1279  2177 I ChimeraAggressivePolicyHandler: kill complete: killed 1 apps, freed 68631 KB
11-08 02:20:18.813  1279  2177 I ChimeraAggressivePolicyHandler: Skipped reason: LR, pids: 15374 9681 11220 30440 27184 
11-08 02:20:18.813  1279  2177 I ChimeraAggressivePolicyHandler: Skipped reason: CA, pids: 24767 
11-08 02:20:18.813  1279  2177 I ChimeraAggressivePolicyHandler: Skipped reason: PE, pids: 2323 5666 12327 32046 12595 3383 4165 22108 14469 4241 2708 2733 4273 2741 2745 2255 5840 2779 4061 3555 4594 2292 4088 1279 
11-08 02:20:18.813  1279  2177 I ChimeraAggressivePolicyHandler: Skipped reason: CA, pids: 13571 3341 32276 1430 13626 32708 32205 
11-08 02:20:18.813  1279  2177 I ChimeraAggressivePolicyHandler: Skipped reason: AD, pids: 2819 10392 3627 5329 6109 
11-08 02:20:18.813  1279  2177 I ChimeraAggressivePolicyHandler: Processing time(ms) 32
11-08 02:20:18.816  1279  2940 D AppOps  : noteOperation: reject #3 for code 43 (43) uid 1041 package audioserver flags: s
11-08 02:20:18.818  1279  1727 I libprocessgroup: Successfully killed process cgroup uid 10216 pid 28576 in 7ms
11-08 02:20:18.845 30440 30440 I TabLayout: [D] onVisibilityChanged : 4, keyguardLocked : false
11-08 02:20:18.850  1279  2022 I commit_sys_config_file: [settings-1-0,8]
11-08 02:20:18.852  1279  2845 D ConnectivityService: ConnectivityService NetworkRequestInfo binderDied(uid/pid:10216/28576, [NetworkRequest [ REQUEST id=19241, [ Capabilities: INTERNET&NOT_RESTRICTED&TRUSTED&NOT_VCN_MANAGED Uid: 10216 RequestorUid: 10216 RequestorPkg: com.google.android.apps.tachyon UnderlyingNetworks: Null] ]], android.os.BinderProxy@d66c305)
11-08 02:20:18.852  1279 10900 D ConnectivityService: ConnectivityService NetworkRequestInfo binderDied(uid/pid:10216/28576, [NetworkRequest [ LISTEN id=19242, [ Capabilities: INTERNET&NOT_RESTRICTED&TRUSTED&NOT_VCN_MANAGED Uid: 10216 RequestorUid: 10216 RequestorPkg: com.google.android.apps.tachyon UnderlyingNetworks: Null] ]], android.os.BinderProxy@f0abf5a)
11-08 02:20:18.853  1279  3014 V ActivityManager: Got obituary of 28576:com.google.android.apps.tachyon
11-08 02:20:18.853  1279  2128 D ConnectivityService: releasing NetworkRequest [ REQUEST id=19241, [ Capabilities: INTERNET&NOT_RESTRICTED&TRUSTED&NOT_VCN_MANAGED Uid: 10216 RequestorUid: 10216 RequestorPkg: com.google.android.apps.tachyon UnderlyingNetworks: Null] ] (release request)
11-08 02:20:18.853  1279  2128 D ConnectivityService:  Removing from current network [1625 CELLULAR], leaving 84 requests.
--------- beginning of radio
11-08 02:20:18.854  2255  2255 D DDS-TelephonyNetworkFactory[0]: handleMessage msg={ when=0 what=4 obj=NetworkRequest [ REQUEST id=19241, [ Capabilities: INTERNET&NOT_RESTRICTED&TRUSTED&NOT_VCN_MANAGED Uid: 10216 RequestorUid: 10216 RequestorPkg: com.google.android.apps.tachyon UnderlyingNetworks: Null] ] target=com.android.internal.telephony.data.TelephonyNetworkFactory$InternalHandler }
11-08 02:20:18.855  2255  2255 D DDS-TelephonyNetworkFactory[0]: onReleaseNetworkFor [NetworkRequest [ REQUEST id=19241, [ Capabilities: INTERNET&NOT_RESTRICTED&TRUSTED&NOT_VCN_MANAGED Uid: 10216 RequestorUid: 10216 RequestorPkg: com.google.android.apps.tachyon UnderlyingNetworks: Null] ], mPriority=0, state=UNSATISFIED, mAttachedDataNetwork=null, isMetered=false, created time=02:20:18.855, evaluation result=null] applied true
11-08 02:20:18.855   866   866 I Zygote  : Process 28576 exited due to signal 9 (Killed)
11-08 02:20:18.855  2255  2255 D DCT-C-0 : DDS-DcTracker.releaseNetwork for NetworkRequest [ REQUEST id=19241, [ Capabilities: INTERNET&NOT_RESTRICTED&TRUSTED&NOT_VCN_MANAGED Uid: 10216 RequestorUid: 10216 RequestorPkg: com.google.android.apps.tachyon UnderlyingNetworks: Null] ] found {mApnType=default mState=CONNECTED mWaitingApns={[[ApnSetting] Internet, 5948, 313340, internet, , null, , null, null, 0, supl | dun | hipri | default, IPV4V6, IPV4V6, true, 0, false, 20, 0, 300, 0, 0, gid, 6538, false, UNKNOWN, UNKNOWN, 0, -1, 0, false] priority=1} mApnSetting={[ApnSetting] Internet, 5948, 313340, internet, , null, , null, null, 0, supl | dun | hipri | default, IPV4V6, IPV4V6, true, 0, false, 20, 0, 300, 0, 0, gid, 6538, false, UNKNOWN, UNKNOWN, 0, -1, 0, false} mReason=connected mNeedDisconnectByDdsChange=false mDataEnabled=true}, type=NORMAL
11-08 02:20:18.856  2255  2255 D DC-C-3  : reevaluate data connection properties
11-08 02:20:18.887  1279  2516 V MdnieScenarioControlService: mAclOffEnabled : false mAclPreviewState : false mAclCompensationState : false
11-08 02:20:18.931  1279  2964 D AppOps  : noteOperation: reject #3 for code 105 (105) uid 1001 package com.android.phone flags: s
11-08 02:20:19.213  1279  7441 D SGM:GameManager: identifyGamePackage. com.sec.android.app.launcher, mCurrentUserId: 0, callerUserId: 0, callingMethodInfo: com.android.server.ssrm.SortingMachine.isGame(SortingMachine.java:162)
11-08 02:20:19.213  1279  7441 D SGM:PkgDataHelper: getGamePkgData(). com.sec.android.app.launcher
11-08 02:20:19.225 19465 19465 E STFService: getNetworkProperties: Location fine denied
11-08 02:20:19.277   651   651 D io_stats: !@   8,0 r 61174415 963459388 w 20102143 217340232 d 4612394 311192208 f 0 0 iot 58860880 0 th 0 0 0 pt 0 inp 0 0 4184648.130
11-08 02:20:19.278   651   651 D io_stats: !@ Read_top(KB): id.app.launcher(2843) 704 system_server(1279) 652 ng.android.spay(12595) 216
11-08 02:20:19.278   651   651 D io_stats: !@ Write_top(KB): kworker/u16:3(25793) 284 system_server(1279) 36
11-08 02:20:19.333  2843  3208 I QuickstepModelDelegate: Widget predictions updated
11-08 02:20:19.616   981 32602 I HYPER-HAL: [ResourceManager.cpp]removeResource(): [CPUMaxFreq] RemoveResource Request ID : 9058911
11-08 02:20:19.617   981 32602 I HYPER-HAL: [RequestManager.cpp]releaseLocked(): Released ID : 9058911
11-08 02:20:19.957  1279  4334 D AppOps  : noteOperation: reject #3 for code 105 (105) uid 1001 package com.android.phone flags: s
11-08 02:20:20.187  1279  2177 D ChimeraPolicyHandler: onHomeLaunched()
11-08 02:20:20.189  1279  2177 I ChimeraAggressivePolicyHandler: executePolicy() - triggerSource: TRIGGER_SOURCE_HOME_IDLE
11-08 02:20:20.192  1279  2177 I ChimeraAggressivePolicyHandler: available memory: 754660, free memory target: 747520, quit chimera
11-08 02:20:20.197  1279  2177 D ChimeraAppManager: getAppsToKill() - protectedLruCount: 4
11-08 02:20:20.200  1279  2177 D ChimeraAppManager: getAppsToKill() - Protected by LRU : com.samsung.android.dialer
11-08 02:20:20.201  1279  2177 D ChimeraAppManager: getAppsToKill() - Protected by LRU : com.android.settings
11-08 02:20:20.201  1279  2177 D ChimeraAppManager: getAppsToKill() - Protected by LRU : com.android.chrome
11-08 02:20:20.201  1279  2177 D ChimeraAppManager: getAppsToKill() - Protected by LRU : com.samsung.advp.imssettings
11-08 02:20:20.207  1279  2177 I NSLocationMonitor: getGPSUsingApps() called
11-08 02:20:20.222  3383 12196 I NSLocationManager_FLP: getGPSUsingApps, NO_FREEZE={5013} / FREEZE={10205}
11-08 02:20:20.226 19465 19465 E STFService: getNetworkProperties: Location fine denied
11-08 02:20:20.227  1279  2177 D MARs:OngoingNotiPackageFilter: filter : com.google.android.setupwizard(0)
11-08 02:20:20.227  1279  2177 D MARs:OngoingNotiPackageFilter: filter : android(0)
11-08 02:20:20.227  1279  2177 D MARs:OngoingNotiPackageFilter: filter : com.android.vending(0)
11-08 02:20:20.228  1279  2177 D ChimeraPolicyHandler: Skipped by adj     : com.sec.imsservice, 1000[3627]:G2(0x20002) score=52.6(56 10/5 14002), pids: 3627 / stats: 6 / adjs: 100 
11-08 02:20:20.228  1279  2177 D ChimeraPolicyHandler: Skipped by adj     : com.samsung.android.beaconmanager, 5006[10392]:G2(0x20002) score=48.8(52 10/5 8410), pids: 10392 / stats: 8 / adjs: 200 
11-08 02:20:20.229  1279  2177 D ChimeraPolicyHandler: Skipped by visible screen : com.android.systemui, 10052[28300]:G2(0x20000) score=48.2(42 10/10 28997), pids: 28300 / stats: 19 / adjs: 999 
11-08 02:20:20.229  1279  2177 D ChimeraPolicyHandler: Skipped by adj     : com.dish.wireless.carrierapp, 10233[6109]:G2(0x20000) score=47.8(51 10/5 9865), pids: 6109 / stats: 5 / adjs: 100 
11-08 02:20:20.229  1279  2177 D ChimeraPolicyHandler: Skipped by adj     : com.android.vending, 10214[5329]:G2(0x20008) score=47.3(49 10/5 35936), pids: 5329 / stats: 4 / adjs: 200 
11-08 02:20:20.229  1279  2177 D ChimeraPolicyHandler: Skipped by interval: android, elapsed: 02:49:09, interval: 12:00:00, 1000[630]:G2(0x2000a) score=45.2(48 10/5 5487), pids: 630 / stats: 10 / adjs: 999 
11-08 02:20:20.230  1279  2177 D ChimeraPolicyHandler: Skipped by adj     : com.google.android.ext.services, 10252[2819]:G2(0x20000) score=44.6(45 10/10 28091), pids: 2819 / stats: 5 / adjs: 100 
11-08 02:20:20.230  1279  2177 D ChimeraPolicyHandler: Skipped by interval: com.samsung.InputEventApp, elapsed: 02:49:02, interval: 12:00:00, 1000[967]:G2(0x20002) score=44.4(47 10/5 6280), pids: 967 / stats: 10 / adjs: 999 
11-08 02:20:20.231  1279  2177 D ChimeraPolicyHandler: Skipped by interval: jp.co.cyberagent.stf, elapsed: 01:16:50, interval: 12:00:00, 10300[19465]:G2(0x20000) score=42.4(43 10/50 9369), pids: 19465 / stats: 4 / adjs: 200 
11-08 02:20:20.231  1279  2177 D ChimeraPolicyHandler: Skipped by interval: com.google.android.setupwizard, elapsed: 11:17:19, interval: 12:00:00, 10238[13317]:G2(0x20008) score=41.8(44 10/10 8868), pids: 13317 / stats: 4 / adjs: 200 
11-08 02:20:20.231  1279  2177 D ChimeraPolicyHandler: Skipped by interval: com.samsung.android.rubin.app, elapsed: 09:42:16, interval: 12:00:00, 10082[6586]:G2(0x20000) score=40.1(40 10/5 15930), pids: 6586 / stats: 10 / adjs: 995 
11-08 02:20:20.710 19465 19493 I STFService: CoreFrequency index: 0 current: 1804800 max: 1804800
11-08 02:20:20.712 19465 19493 I STFService: CoreFrequency index: 1 current: 1804800 max: 1804800
11-08 02:20:20.713 19465 19493 I STFService: CoreFrequency index: 2 current: 1804800 max: 1804800
11-08 02:20:20.715 19465 19493 I STFService: CoreFrequency index: 3 current: 1804800 max: 1804800
11-08 02:20:20.716 19465 19493 I STFService: CoreFrequency index: 4 current: 1804800 max: 1804800
11-08 02:20:20.717 19465 19493 I STFService: CoreFrequency index: 5 current: 1804800 max: 1804800
11-08 02:20:20.721 19465 19493 I STFService: CoreFrequency index: 6 current: 691200 max: 2208000
11-08 02:20:20.727 19465 19493 I STFService: CoreFrequency index: 7 current: 691200 max: 2208000
11-08 02:20:20.963  1279  1298 I system_server: Background concurrent copying GC freed 469710(25MB) AllocSpace objects, 38(792KB) LOS objects, 23% free, 77MB/101MB, paused 529us,554us total 691.189ms
11-08 02:20:20.971  1279  1301 W System  : A resource failed to call HardwareBuffer.close. 
11-08 02:20:20.986  1279  2964 D AppOps  : noteOperation: reject #3 for code 105 (105) uid 1001 package com.android.phone flags: s
11-08 02:20:21.138  1279  2256 I Pageboost: Launcher App Execution
11-08 02:20:21.229 19465 19465 E STFService: getNetworkProperties: Location fine denied
11-08 02:20:21.280   651   651 D io_stats: !@   8,0 r 61174415 963459388 w 20102157 217340424 d 4612394 311192208 f 0 0 iot 58860888 0 th 0 0 0 pt 0 inp 0 0 4184650.133
11-08 02:20:21.736  2292  2292 I UiThreadMonitor: setAwake 422242 3005 0
11-08 02:20:22.005  1279  2964 D AppOps  : noteOperation: reject #3 for code 105 (105) uid 1001 package com.android.phone flags: s
11-08 02:20:22.233 19465 19465 E STFService: getNetworkProperties: Location fine denied
11-08 02:20:22.644  1279  2964 D AppOps  : noteOperation: reject #3 for code 24 (24) uid 10224 package com.android.chrome flags: s
11-08 02:20:22.650 24767 24767 D BoundBrokerSvc: onBind: Intent { act=com.google.android.gms.safetynet.service.START pkg=com.google.android.gms }
11-08 02:20:22.650 24767 24767 D BoundBrokerSvc: Loading bound service for intent: Intent { act=com.google.android.gms.safetynet.service.START pkg=com.google.android.gms }
11-08 02:20:22.985  1148  3161 E SurfaceFlinger: Permission Denial: SurfaceFlinger did not recognize request code: 1598640985
11-08 02:20:23.033  1279  6863 D AppOps  : noteOperation: reject #3 for code 105 (105) uid 1001 package com.android.phone flags: s
11-08 02:20:23.235 19465 19465 E STFService: getNetworkProperties: Location fine denied
11-08 02:20:23.282   651   651 D io_stats: !@   8,0 r 61174416 963459392 w 20102157 217340424 d 4612394 311192208 f 0 0 iot 58860896 0 th 0 0 0 pt 0 inp 0 0 4184652.135
11-08 02:20:23.283   651   651 D io_stats: !@ Read_top(KB): sh(32626) 4
11-08 02:20:23.283   651   651 D io_stats: !@ Write_top(KB): kworker/u16:0(27931) 192
11-08 02:20:23.623  1279  1837 E AppOps  : evalMode() Foreground mode : uid - 10095, op - 26, capability - 0
11-08 02:20:23.625  1279  1745 D BatteryExternalStatsWorker: update stats : get-stats (63)
11-08 02:20:23.627  1279  1745 D BatteryExternalStatsWorker: Fetch WiFi data
11-08 02:20:23.627  1279  1745 D BatteryExternalStatsWorker: Update Rail Energy data
11-08 02:20:23.631  1279  1745 D BatteryExternalStatsWorker: Fetch Bluetooth data
11-08 02:20:23.632  1279  4334 D AppOps  : noteOperation: allowing code 111 uid 1000 package android flags: s
11-08 02:20:23.633  1279  1745 D BatteryExternalStatsWorker: Fetch modem data
11-08 02:20:23.635  2255  2255 I SemTelephonyHandlerHelper: handleMessage - message code: 92
11-08 02:20:23.637   945   945 D vendor.qti.bluetooth@1.0-ibs_handler: SerialClockVote: vote for UART CLK ON
11-08 02:20:23.640   945   945 D vendor.qti.bluetooth@1.0-wake_lock: Acquire wakelock is acquired 
11-08 02:20:23.640   945   945 I vendor.qti.bluetooth@1.0-ibs_handler: DeviceWakeUp: Writing IBS_WAKE_IND
11-08 02:20:23.642  1279  4334 D AppOps  : startOperation: allowing code 40 uid 1001 package com.android.phone restricted: false flags: s
11-08 02:20:23.644   945 22374 I vendor.qti.bluetooth@1.0-ibs_handler: ProcessIbsCmd: Received IBS_WAKE_ACK: 0xFC
11-08 02:20:23.644   945 22374 I vendor.qti.bluetooth@1.0-ibs_handler: ProcessIbsCmd: Signal wack_cond_
11-08 02:20:23.644  1279  2964 I power_partial_wake_state: [CHG,2,*telephony-radio*:com.android.phone]
11-08 02:20:23.644   945   945 D vendor.qti.bluetooth@1.0-ibs_handler: DeviceWakeUp: Unblocked from waiting for FC, pthread_cond_timedwait ret = 0
11-08 02:20:23.646  2255  2255 D RILJ    : [7074]> GET_ACTIVITY_INFO [PHONE0]
11-08 02:20:23.646   945 22374 I vendor.qti.bluetooth@1.0-ibs_handler: ProcessIbsCmd: Received IBS_WAKE_IND: 0xFD
11-08 02:20:23.646   945 22374 I vendor.qti.bluetooth@1.0-ibs_handler: ProcessIbsCmd: Writing IBS_WAKE_ACK
11-08 02:20:23.647  1434  1434 V RILD    : RilData is not necessary for this request
11-08 02:20:23.647  1434  1434 D RILD    : IsRegisteredNetworkType(): netType[1]  feature[00] state[0] 
11-08 02:20:23.648  1434  1669 D RILD    : DoRouteIn - FW reqId : 135
11-08 02:20:23.648  1434  1669 D RILD    : DoRouteOut - FW reqId : 135
11-08 02:20:23.648  1434  1669 D RILD    : Onprocessing: request id(135), handleEvent(182)
11-08 02:20:23.649  1434  1668 D RILD    : GMISC-MGR(16): evt(182)
11-08 02:20:23.649  1434  1668 V RILD    : AllocateTransaction() - Use: 1, Last: 16
11-08 02:20:23.649  1434  1668 D RILD    : SendMessage: svc(DMS), msg(0x5F:QMI_DMS_GET_MODEM_ACTIVITY_INFO), sync(1), internal(0), size(0)
11-08 02:20:23.649  1434  1610 V RILD    : NotifyAsyncMessage Completed
11-08 02:20:23.651  1434  1912 D RILD    : QmiUnsolicitedCallback: msgId(95)
11-08 02:20:23.652  1434  1912 V RILD    : NotifyAsyncMessage Completed
11-08 02:20:23.652  1434  1668 D RILD    : ReceiveMessage: svc(DMS), msg(0x5F:QMI_DMS_GET_MODEM_ACTIVITY_INFO), indi(0), size(8), err(0)
11-08 02:20:23.652  1434  1668 D RILD    : DMS Get Modem Activity Info Resp received
11-08 02:20:23.652  1434  1611 D RILD    : ReceiveMessage: svc(DMS), msg(0x5F:QMI_DMS_GET_MODEM_ACTIVITY_INFO), indi(1), size(1376), err(0)
11-08 02:20:23.652  1434  1668 D RILD    : Result(0), Error(0)
11-08 02:20:23.652  1434  1611 D RILD    : DMS Modem Activity Info Ind received
11-08 02:20:23.652  1434  1668 V RILD    : txn(-1) released
11-08 02:20:23.652  1434  1611 V RILD    : Modem::NotifyRegistrant: regType=153
11-08 02:20:23.652  1434  1668 V RILD    : Message obj refcnt=-1
11-08 02:20:23.652  1434  1611 V RILD    : Registrant::Notify refcnt(1)
11-08 02:20:23.652  1434  1668 D RILD    : GMISC-MGR(16): evt(183)
11-08 02:20:23.653  1434  1668 D RILD    : OnGetActivityInfoDone(): Set EVENT_GET_ACTIVITY_INFO_TIMEOUT
11-08 02:20:23.653  1434  1668 V RILD    : Message obj refcnt=-1
11-08 02:20:23.653  1434  1668 D RILD    : GMISC-MGR(16): evt(184)
11-08 02:20:23.653  1434  1668 V RILD    : Message obj refcnt=-1
11-08 02:20:23.653  1434  1668 D RILD    : RequestComplete - req : 135, peek : 135
11-08 02:20:23.654  1434  1668 V RILD    : Message obj refcnt=0
11-08 02:20:23.654  2255  2255 I SemTelephonyHandlerHelper: handleMessage - message code: 93
11-08 02:20:23.655  2255  2298 D RILJ    : [7074]< GET_ACTIVITY_INFO ModemActivityInfo{ mTimestamp=4273653499 mSleepTimeMs=10242 mIdleTimeMs=43 mActivityStatsTechSpecificInfo=[{mRat=UNKNOWN,mFrequencyRange=UNKNOWN,mTxTimeMs[]=[0, 0, 0, 0, 0],mRxTimeMs=171}]} [PHONE0]
11-08 02:20:23.657  1279  4334 W TelephonyManager: requestModemActivityInfo: Received an invalid ModemActivityInfo
11-08 02:20:23.657  1279  4334 W BatteryExternalStatsWorker: error reading modem stats:ERROR_INVALID_INFO_RECEIVED
11-08 02:20:23.657  1279  2964 I power_partial_wake_state: [CHG,13,*telephony-radio*:com.android.phone]
11-08 02:20:23.658  1279  2964 D AppOps  : startOperation: allowing code 40 uid 1001 package com.android.phone restricted: false flags: s
11-08 02:20:23.661  1279  4334 I power_partial_wake_state: [REL,2,*telephony-radio*:com.android.phone]
11-08 02:20:23.694   945 22374 I vendor.qti.bluetooth@1.0-ibs_handler: ProcessIbsCmd: Received IBS_SLEEP_IND: 0xFE
11-08 02:20:23.717  1279  1745 D BatteryExternalStatsWorker: Update CPU state
11-08 02:20:23.719   664   669 W android.system.suspend@1.0-service: getWakeLockStats +
11-08 02:20:23.727   664   669 E android.system.suspend@1.0-service: Error opening event_count for wakeup48: Original kwl [Path]=../../devices/platform/soc/4c88000.i2c/i2c-34/34-003c/power_supply/usbpd-manager/wakeup48: Permission denied
11-08 02:20:23.727   823   823 E audit   : type=1400 audit(1699435223.723:500036): avc:  denied  { read } for  pid=664 comm=\"binder:664_1\" name=\"event_count\" dev=\"sysfs\" ino=76710 scontext=u:r:system_suspend:s0 tcontext=u:object_r:sysfs:s0 tclass=file permissive=0 SEPF_SM-A236U_12_0001 audit_filtered
11-08 02:20:23.727   823   823 E audit   : type=1300 audit(1699435223.723:500036): arch=c00000b7 syscall=56 success=no exit=-13 a0=f a1=704e7fe631 a2=80000 a3=0 items=1 ppid=1 pid=664 auid=4294967295 uid=1000 gid=1000 euid=1000 suid=1000 fsuid=1000 egid=1000 sgid=1000 fsgid=1000 tty=(none) ses=4294967295 comm=\"binder:664_1\" exe=\"/system/bin/hw/android.system.suspend@1.0-service\" subj=u:r:system_suspend:s0 key=(null)
11-08 02:20:23.727   823   823 E audit   : type=1302 audit(1699435223.723:500036): item=0 name=\"event_count\" inode=76710 dev=00:14 mode=0100444 ouid=0 ogid=0 rdev=00:00 obj=u:object_r:sysfs:s0 nametype=NORMAL cap_fp=0 cap_fi=0 cap_fe=0 cap_fver=0 cap_frootid=0
11-08 02:20:23.727   823   823 E audit   : type=1327 audit(1699435223.723:500036): proctitle=\"/system/bin/hw/android.system.suspend@1.0-service\"
11-08 02:20:23.728   823   823 E audit   : type=1400 audit(1699435223.723:500037): avc:  denied  { read } for  pid=664 comm=\"binder:664_1\" name=\"max_time_ms\" dev=\"sysfs\" ino=76715 scontext=u:r:system_suspend:s0 tcontext=u:object_r:sysfs:s0 tclass=file permissive=0 SEPF_SM-A236U_12_0001 audit_filtered
11-08 02:20:23.728   823   823 E audit   : type=1300 audit(1699435223.723:500037): arch=c00000b7 syscall=56 success=no exit=-13 a0=f a1=704e7fe631 a2=80000 a3=0 items=1 ppid=1 pid=664 auid=4294967295 uid=1000 gid=1000 euid=1000 suid=1000 fsuid=1000 egid=1000 sgid=1000 fsgid=1000 tty=(none) ses=4294967295 comm=\"binder:664_1\" exe=\"/system/bin/hw/android.system.suspend@1.0-service\" subj=u:r:system_suspend:s0 key=(null)
11-08 02:20:23.728   823   823 E audit   : type=1302 audit(1699435223.723:500037): item=0 name=\"max_time_ms\" inode=76715 dev=00:14 mode=0100444 ouid=0 ogid=0 rdev=00:00 obj=u:object_r:sysfs:s0 nametype=NORMAL cap_fp=0 cap_fi=0 cap_fe=0 cap_fver=0 cap_frootid=0
11-08 02:20:23.728   823   823 E audit   : type=1327 audit(1699435223.723:500037): proctitle=\"/system/bin/hw/android.system.suspend@1.0-service\"
11-08 02:20:23.735  4241  5051 I SDHMS:D : SIOP:: AP:260 BAT:253 USB:0 CHG:273 PA:257 WIFI:254 BLK:0 SUBBAT:0 SKIN:268 LRP:268 LRP2:268 LRF2:254 LRB2:268 AP2:267 CHG2:262 MEM2:268 WIFI2:266 SPK2:246 VAP:259 
11-08 02:20:23.735  4241  5051 I SDHMS:D : MODEMQ:: MMWTHM:-777(-777) 
11-08 02:20:23.737   664   669 E android.system.suspend@1.0-service: Error opening event_count for wakeup38: Original kwl [Path]=../../devices/platform/soc/4c88000.i2c/i2c-34/34-003b/power_supply/s2mu106-fuelgauge/wakeup38: Permission denied
11-08 02:20:23.755   664   669 E android.system.suspend@1.0-service: Error opening event_count for wakeup36: Original kwl [Path]=../../devices/platform/soc/4c88000.i2c/i2c-34/34-003d/s2mu106-muic/power_supply/muic-manager/wakeup36: Permission denied
11-08 02:20:23.801   664   669 E android.system.suspend@1.0-service: Error opening event_count for wakeup93: Original kwl [Path]=../../devices/platform/soc/soc:qcom,msm-audio-apr/soc:qcom,msm-audio-apr:qcom,q6core-audio/soc:qcom,msm-audio-apr:qcom,q6core-audio:bolero-cdc/va-macro/va_swr_ctrl/wakeup/wakeup93: Permission denied
11-08 02:20:23.826   664   669 W android.system.suspend@1.0-service: getWakeLockStats -
11-08 02:20:23.826  1279  1745 D BatteryExternalStatsWorker: Update Kernel wakelock & memory state
11-08 02:20:23.826  1279  1745 D BatteryExternalStatsWorker: Update RPM state
11-08 02:20:23.826  1279  1745 D BatteryExternalStatsWorker: Update bluetooth state
11-08 02:20:23.826  1279  1745 D BatteryExternalStatsWorker: mStats lock released
11-08 02:20:23.826  1279  1745 D BatteryExternalStatsWorker: done updateExternalStatsLocked
11-08 02:20:23.840  1279  1739 W system_server: Long monitor contention with owner batterystats-worker (1745) at void com.android.server.am.BatteryExternalStatsWorker.updateExternalStatsLocked(java.lang.String, int, boolean, boolean, int, int[], boolean)(BatteryExternalStatsWorker.java:747) waiters=0 in void com.android.server.am.BatteryStatsService.lambda$noteStopWakelock$23(int, int, java.lang.String, java.lang.String, int, long, long) for 166ms
11-08 02:20:23.843  1279  1739 I dvm_lock_sample: [system_server,0,batterystats-handler,166,BatteryStatsService.java,1081,void com.android.server.am.BatteryStatsService.lambda$noteStopWakelock$23(int, int, java.lang.String, java.lang.String, int, long, long),BatteryExternalStatsWorker.java,747,void com.android.server.am.BatteryExternalStatsWorker.updateExternalStatsLocked(java.lang.String, int, boolean, boolean, int, int[], boolean),33]
11-08 02:20:24.054  1279  4334 D AppOps  : noteOperation: reject #3 for code 105 (105) uid 1001 package com.android.phone flags: s
11-08 02:20:24.238 19465 19465 E STFService: getNetworkProperties: Location fine denied
11-08 02:20:24.645   945 22377 I vendor.qti.bluetooth@1.0-ibs_handler: DeviceSleep: TX Awake, Sending SLEEP_IND
11-08 02:20:24.646   945 22377 D vendor.qti.bluetooth@1.0-ibs_handler: SerialClockVote: vote for UART CLK OFF
11-08 02:20:24.740  2292  2292 I UiThreadMonitor: setAwake 422243 3004 0
11-08 02:20:24.797   945 22327 D vendor.qti.bluetooth@1.0-wake_lock: Release wakelock is released 
11-08 02:20:25.077  1279  4334 D AppOps  : noteOperation: reject #3 for code 105 (105) uid 1001 package com.android.phone flags: s
11-08 02:20:25.176  1279  1715 I SemDvfsHyPerManager: acquire hyper - APP_LAUNCH/1279@27, type = -999
11-08 02:20:25.177  1279  2964 D ActivityTaskManager: startActivityAsUser: callingPid=32630, callingUid=2000, caller=com.android.server.wm.ActivityTaskManagerService.startActivityAsUser:1815 com.android.server.am.ActivityManagerService.startActivityAsUserWithFeature:3714 com.android.server.am.ActivityManagerShellCommand.runStartActivity:656 com.android.server.am.ActivityManagerShellCommand.onCommand:222 com.android.modules.utils.BasicShellCommandHandler.exec:97 android.os.ShellCommand.exec:38 com.android.server.am.ActivityManagerService.onShellCommand:11173 
11-08 02:20:25.178   981  1080 I HYPER-HAL: [RequestManager.cpp]acquire(): Acquired ID : 853498  [1279 / 27]    HINT : APP_LAUNCH    list : 
11-08 02:20:25.179   981  1080 I HYPER-HAL: [ResourceManager.cpp]updateResource(): [CPULittleMinFreq] UpdateResource Request ID : 853498    Value : 1804800
11-08 02:20:25.179  1279  2964 I ActivityTaskManager: START u0 {act=android.intent.action.SENDTO dat=sms:xxxxxxxxxx flg=0x10000000 cmp=com.samsung.android.messaging/.ui.view.main.WithActivity} from uid 2000
11-08 02:20:25.180  1279  1694 I ChimeraSystemEventListener: Not an effective intent: Intent { act=android.intent.action.SENDTO dat=sms:xxxxxxxxxx flg=0x10000000 }
11-08 02:20:25.180  4241  4241 I SemDvfsHyPerManager: acquire hyper - APP_START_SHORT/4241@14, type = -999
11-08 02:20:25.183  1279  2964 D CompatibilityChangeReporter: Compat change id reported: 194480991; UID 10098; state: ENABLED
11-08 02:20:25.184  1279  2964 D ActivityTaskManager: TaskLaunchParamsModifier:task=null activity=ActivityRecord{6c1b30a u0 com.samsung.android.messaging/.ui.view.main.WithActivity} display-id=0 display-windowing-mode=1 suggested-display-area=DefaultTaskDisplayArea@52997905
11-08 02:20:25.184  1279  2964 D [secipm]: mSecIpmManager Preload com.samsung.android.messaging dex files
11-08 02:20:25.184  1279  2964 D PkgPredictorService-SecIpmManager: dexFilePreload  uid=10098 pkgName:com.samsung.android.messaging path:/system/priv-app/SamsungMessages
11-08 02:20:25.185  1279  2964 D ActivityTaskManager: TaskLaunchParamsModifier:task=null activity=ActivityRecord{6c1b30a u0 com.samsung.android.messaging/.ui.view.main.WithActivity} t-1} display-id=0 display-windowing-mode=1 suggested-display-area=DefaultTaskDisplayArea@52997905 non-freeform-display display-area=DefaultTaskDisplayArea@52997905 maximized-bounds
11-08 02:20:25.186  1279 12144 D PkgPredictorService-IpmAdcpController: create a new DexPreloadTask pkg:com.samsung.android.messaging  path:/system/priv-app/SamsungMessages
11-08 02:20:25.187  1279  2778 I SemDvfsHyPerManager: acquire hyper - AMS_APP_SWITCH/1279@28, type = -999
11-08 02:20:25.187  1279  2964 I wm_task_created: [30130,-1]
11-08 02:20:25.188  1279  2964 I wm_task_windowing_mode_changed: [30130,0,1]
11-08 02:20:25.190  1148  3161 I SurfaceFlinger: id=541954 createSurf, flag=24004, Task=30130#541954
11-08 02:20:25.193  1279  2964 D ActivityTaskManager: TaskLaunchParamsModifier:task=Task{8c2777b #30130 type=standard A=10098:com.samsung.android.messaging U=0 visible=false visibleRequested=false mode=fullscreen translucent=true sz=0} activity=ActivityRecord{6c1b30a u0 com.samsung.android.messaging/.ui.view.main.WithActivity} t-1} display-from-task=0 display-id=0 display-windowing-mode=1 suggested-display-area=DefaultTaskDisplayArea@52997905 non-freeform-display display-area=DefaultTaskDisplayArea@52997905 maximized-bounds
11-08 02:20:25.194  1148  3161 I SurfaceFlinger: id=541955 createSurf, flag=80004, ActivityRecord{6c1b30a u0 com.samsung.android.messaging/.ui.view.main.WithActivity} t30130}#541955
11-08 02:20:25.195  1279  2964 I wm_task_moved: [30130,1,10]
11-08 02:20:25.195  1279  2964 I wm_task_to_front: [0,30130]
11-08 02:20:25.195  1279  2964 D ActivityTaskManager: scheduleTopResumedActivityChanged, onTop=false r=ActivityRecord{6fb3866 u0 com.sec.android.app.launcher/.activities.LauncherActivity} t12991} caller=com.android.server.wm.ActivityTaskSupervisor.updateTopResumedActivityIfNeeded:2508 com.android.server.wm.TaskDisplayArea.positionChildTaskAt:602 com.android.server.wm.TaskDisplayArea.positionChildAt:537 com.android.server.wm.Task.moveToFrontInner:6051 com.android.server.wm.Task.moveToFront:6017 com.android.server.wm.ActivityStarter.startActivityInner:2917 
11-08 02:20:25.195  1279  2964 I wm_create_task: [0,30130,1]
11-08 02:20:25.195  1279  2964 I wm_create_activity: [0,113357578,30130,com.samsung.android.messaging/.ui.view.main.WithActivity,android.intent.action.SENDTO,NULL,sms:xxxxxxxxxx,268435456,startActivityAsUser:com.android.shell:32630]
11-08 02:20:25.196  1279  2964 I wm_task_moved: [30130,1,10]
11-08 02:20:25.196  2843  2843 I wm_on_top_resumed_lost_called: [117127270,com.sec.android.app.launcher.activities.LauncherActivity,topStateChangedWhenResumed]
11-08 02:20:25.196  1279  2964 W WindowManager: Prepare app transition: mNextAppTransitionRequests=[TRANSIT_OPEN], mNextAppTransitionFlags=, displayId: 0 Callers=com.android.server.wm.DisplayContent.prepareAppTransition:6470 com.android.server.wm.DisplayContent.prepareAppTransition:6461 com.android.server.wm.Task.startActivityLocked:6593 com.android.server.wm.ActivityStarter.startActivityInner:2973 com.android.server.wm.ActivityStarter.startActivityUnchecked:2463 
11-08 02:20:25.197  1279  2778 D ActivityManagerPerformance: AMP_acquire() APP_SWITCH
11-08 02:20:25.197  4241  4241 I SemDvfsHyPerManager: acquire hyper - APP_START_SHORT/4241@14, type = -999
11-08 02:20:25.197   981  1080 I HYPER-HAL: [ResourceManager.cpp]updateResource(): [CPUMinFreq] UpdateResource Request ID : 853498    Value : 2208000
11-08 02:20:25.197  1279  2964 V WindowManager: Checking theme of starting window: 0x7f1303cf
11-08 02:20:25.197  1279  2964 V WindowManager: Translucent=false Floating=false ShowWallpaper=false Disable=false
11-08 02:20:25.198   981  1080 I HYPER-HAL: [RequestManager.cpp]acquire(): Acquired ID : 9054654  [4241 / 14]    HINT : APP_START    list : [TIMEOUT / 1500] 
11-08 02:20:25.198  1279  2964 D CompatibilityChangeReporter: Compat change id reported: 205907456; UID 10098; state: ENABLED
11-08 02:20:25.198  1279  2964 V WindowManager: Creating SplashScreenStartingData
11-08 02:20:25.198  1279  2964 D ActivityTaskManager: Add starting com.android.server.wm.ActivityRecord$AddStartingWindow@95515f1: typeParam=139
11-08 02:20:25.198  1279  2964 V WindowManager: Add starting com.android.server.wm.ActivityRecord$AddStartingWindow@95515f1: startingData=com.android.server.wm.SplashScreenStartingData@f4ff5d6
11-08 02:20:25.198   981  1080 I HYPER-HAL: [ResourceManager.cpp]updateResource(): [CPUMaxFreq] UpdateResource Request ID : 9054654    Value : 2208000
11-08 02:20:25.199   981  1080 I HYPER-HAL: [RequestManager.cpp]acquire(): Acquired ID : 854806  [1279 / 28]    HINT : AMS_APP_SWITCH    list : 
11-08 02:20:25.199  1279  2964 V WindowManager: Added starting ActivityRecord{6c1b30a u0 com.samsung.android.messaging/.ui.view.main.WithActivity} t30130}: startingWindow=null startingView=com.android.server.wm.StartingSurfaceController$StartingSurface@b771057
11-08 02:20:25.199   981  1080 I HYPER-HAL: [ResourceManager.cpp]updateResource(): [CPULittleMinFreq] UpdateResource Request ID : 854806    Value : 1804800
11-08 02:20:25.199  1279  2964 I wm_pause_activity: [0,117127270,com.sec.android.app.launcher/.activities.LauncherActivity,userLeaving=true,pauseBackTasks]
11-08 02:20:25.201   981  1080 I HYPER-HAL: [ResourceManager.cpp]updateResource(): [CPUMinFreq] UpdateResource Request ID : 854806    Value : 2208000
11-08 02:20:25.202  1279  2964 I SemDvfsHyPerManager: acquire hyper - AMS_APP_LAUNCH/1279@15, type = -999
11-08 02:20:25.203   981  1080 I HYPER-HAL: [RequestManager.cpp]acquire(): Acquired ID : 9054654  [4241 / 14]    HINT : APP_START    list : [TIMEOUT / 1500] 
11-08 02:20:25.203   981  1080 I HYPER-HAL: [ResourceManager.cpp]updateResource(): [CPUMaxFreq] UpdateResource Request ID : 9054654    Value : 2208000
11-08 02:20:25.203  1279  4635 I AppOps  : updateUidProcState uid: 10052 procState: 1 capability:15
11-08 02:20:25.203   981  1080 I HYPER-HAL: [RequestManager.cpp]acquire(): Acquired ID : 837880  [1279 / 15]    HINT : AMS_APP_LAUNCH    list : 
11-08 02:20:25.203  1368  6486 I CameraService: onUidStateChanged: uid=10052, procState is changed. (0 -> 1)
11-08 02:20:25.204  4241  4241 I SemDvfsHyPerManager: acquire hyper - APP_START/4241@16, type = -999
11-08 02:20:25.204   981  1080 I HYPER-HAL: [ResourceManager.cpp]updateResource(): [CPULittleMinFreq] UpdateResource Request ID : 837880    Value : 1804800
11-08 02:20:25.206  1148  1186 I VSyncReactor: Current= 60, Period= 60, hwcPeriod= 60
11-08 02:20:25.206  2292  2365 D NativeCustomFrequencyManager: [NativeCFMS] BpCustomFrequencyManager::BpCustomFrequencyManager()
11-08 02:20:25.207   981  1080 I HYPER-HAL: [ResourceManager.cpp]updateResource(): [CPUMinFreq] UpdateResource Request ID : 837880    Value : 2208000
11-08 02:20:25.208  2843  2843 I BaseActivity: removeActivityFlags, flags : 16
11-08 02:20:25.208  1279  2964 D InputTransport: Input channel constructed: 'c94202d', fd=707
11-08 02:20:25.211  1279  2964 D InputTransport: Input channel constructed: 'c94202d', fd=719
11-08 02:20:25.211  1279  2964 D InputTransport: Input channel constructed: 'c94202d', fd=721
