11-08 02:20:25.887 32639 32671 I ORC/VolteStateTracker: Voice Call Setting = 0
11-08 02:20:25.887 32639 32671 I ORC/VolteStateTracker: Volte is Enabled 
11-08 02:20:25.887 32639 32671 I ORC/ComposerCallHelper: getCallIcon: isVolteEnabled, but no proper sales
11-08 02:20:25.887 32639 32671 I ORC/WithActivityListener: OnSimStateChangedListener : simSlot:0 status = LOADED
11-08 02:20:25.887 32639 32671 I ORC/NotificationChannelManager: onSimStateChanged : Status = LOADED
11-08 02:20:25.888 32639 32671 I CS/CapabilityFactory: onSimStateChanged : simSlot = 0 simStatus = LOADED, isInitialStickyBroadcast = true
11-08 02:20:25.889 32639 32735 I ViewRootImpl@f80f8f7[WithActivity]: Received frameDrawingCallback syncResult=0 frameNum=1.
11-08 02:20:25.889 32639 32735 I ViewRootImpl@f80f8f7[WithActivity]: Setting up sync and frameCommitCallback
11-08 02:20:25.890  1148  1148 I Layer   : id=541946 removedFromDrawingState Surface(name=b8f1d08 StatusBar)/@0xe1ad34c - animation-leash of insets_animation#541946 (139)
11-08 02:20:25.891  1148  1148 I SurfaceFlinger: [46ff4a8 com.samsung.android.messaging/com.samsung.android.messaging.ui.view.main.WithActivity#541961] FrameRatePriority: 1
11-08 02:20:25.891  1148  1148 I Layer   : id=541947 removedFromDrawingState Surface(name=6895351 NavigationBar0)/@0x6bb103e - animation-leash of insets_animation#541947 (139)
11-08 02:20:25.891  1148  1148 I SurfaceFlinger: id=541946 Removed Surface(name=b8f1d08 StatusBar)/@0xe1ad34c - animation-leash of insets_animation#541946 (139)
11-08 02:20:25.891  1148  1148 I SurfaceFlinger: id=541947 Removed Surface(name=6895351 NavigationBar0)/@0x6bb103e - animation-leash of insets_animation#541947 (139)
11-08 02:20:25.892  1148  1148 I Layer   : id=541946 Destroyed Surface(name=b8f1d08 StatusBar)/@0xe1ad34c - animation-leash of insets_animation#541946
11-08 02:20:25.892  1148  1148 I Layer   : id=541947 Destroyed Surface(name=6895351 NavigationBar0)/@0x6bb103e - animation-leash of insets_animation#541947
11-08 02:20:25.894  1279  6863 D InputDispatcher: Focus request (0): 46ff4a8 com.samsung.android.messaging/com.samsung.android.messaging.ui.view.main.WithActivity but waiting because NOT_VISIBLE
11-08 02:20:25.912 32639 32682 I BLASTBufferQueue: [ViewRootImpl@f80f8f7[WithActivity]#0](f:0,a:0) onFrameAvailable the first frame is available
11-08 02:20:25.912 32639 32682 I ViewRootImpl@f80f8f7[WithActivity]: Received frameCommittedCallback lastAttemptedDrawFrameNum=1 didProduceBuffer=true
11-08 02:20:25.915 32639 32682 W Parcel  : Expecting binder but got null!
11-08 02:20:25.915 32639 32639 I ViewRootImpl@f80f8f7[WithActivity]: onSyncComplete
11-08 02:20:25.915 32639 32639 I ViewRootImpl@f80f8f7[WithActivity]: setupSync seqId=0 mSyncId=0 fn=1 caller=android.view.ViewRootImpl$$ExternalSyntheticLambda11.accept:6 android.window.SurfaceSyncer.lambda$setupSync$1$android-window-SurfaceSyncer:128 android.window.SurfaceSyncer$$ExternalSyntheticLambda1.accept:8 android.window.SurfaceSyncer$SyncSet.checkIfSyncIsComplete:382 android.window.SurfaceSyncer$SyncSet.markSyncReady:359 android.window.SurfaceSyncer.markSyncReady:151 android.view.ViewRootImpl.performTraversals:4503 
11-08 02:20:25.915 32639 32639 I ViewRootImpl@f80f8f7[WithActivity]: reportDrawFinished seqId=0 mSyncId=-1 fn=1 mSurfaceChangedTransaction=0xb400007752545400
11-08 02:20:25.916 32639 32639 I ORC/Setting: getEnableSupportSplitMode() smallest screen width : 384
11-08 02:20:25.916 32639 32639 W Settings: Setting remove_animations has moved from android.provider.Settings.System to android.provider.Settings.Global, returning read-only value.
11-08 02:20:25.916  1279  2940 D WindowManager: finishDrawingWindow: Window{46ff4a8 u0 com.samsung.android.messaging/com.samsung.android.messaging.ui.view.main.WithActivity} mDrawState=DRAW_PENDING seqId=0
11-08 02:20:25.916 32639 32639 I ORC/MessageListPresenter: [COMPOSER][BubbleListLoader]7-1. onLoadFinished msg count=null, conversation id=-1, LoaderType=0
11-08 02:20:25.917 32639 32639 I PROV/QueryUriMessages: query URI_MESSAGE_BUBBLE_IS_UNSEEN_COUNT
11-08 02:20:25.917 32639 32639 I PROV/MsgContentProviderQuery: query, uriMatch : 1107, Elapsed time : 0.261145 ms
11-08 02:20:25.917 32639 32639 I ORC/BubbleListLoader: getBookmarkUnreadMessageId(), -2
11-08 02:20:25.917 32639 32639 I ORC/BubbleListAdapterHelperImpl: setHighlightMessageId, -1
11-08 02:20:25.917 32639 32639 I ORC/ComposerFragmentBubbleView: [COMPOSER][BubbleListLoader]8-1. showMessageList
11-08 02:20:25.918 32639 32639 I ORC/CursorRecyclerAdapter: changeCursor - isMoreLoad : false
11-08 02:20:25.918 32639 32639 I ORC/CursorRecyclerAdapter: swapCursor return by same Cursor
11-08 02:20:25.918 32639 32639 I ORC/SmartCallerIdSetting: loadConfig: callerIdCp  = whitepages
11-08 02:20:25.918 32639 32639 I ORC/SmartCallerIdSetting: [SmartCall]cpsCscString:whitepages,whitepages,off/310,311,312
11-08 02:20:25.920  1279  4334 D AppOps  : noteOperation: reject #3 for code 105 (105) uid 10098 package com.samsung.android.messaging flags: s
11-08 02:20:25.920  1279  1695 V WindowManager: Finish starting ActivityRecord{6c1b30a u0 com.samsung.android.messaging/.ui.view.main.WithActivity} t30130}: first real window is shown, no animation
11-08 02:20:25.921  1279  1695 V WindowManager: Schedule remove starting ActivityRecord{6c1b30a u0 com.samsung.android.messaging/.ui.view.main.WithActivity} t30130} startingWindow=null startingView=null Callers=com.android.server.wm.ActivityRecord.removeStartingWindow:3224 com.android.server.wm.ActivityRecord.onFirstWindowDrawn:7450 com.android.server.wm.WindowState.performShowLocked:5470 com.android.server.wm.WindowStateAnimator.commitFinishDrawingLocked:351 com.android.server.wm.DisplayContent.lambda$new$8:1184 
11-08 02:20:25.921  1279  1695 I SemDvfsHyPerManager: acquire hyper - AMS_RESUME_TAIL/1279@16, type = -999
11-08 02:20:25.921  1279  1695 I SemDvfsHyPerManager: acquire hyper - AMS_ACT_LAZY/1279@17, type = -999
11-08 02:20:25.921  1279  1695 D ActivityManagerPerformance: AMP_acquire() TAIL
11-08 02:20:25.921   981  1080 I HYPER-HAL: [RequestManager.cpp]acquire(): Acquired ID : 839176  [1279 / 16]    HINT : AMS_RESUME_TAIL    list : 
11-08 02:20:25.921  1279  1695 D ActivityManagerPerformance: AMP_release() APP_SWITCH
11-08 02:20:25.922  1279  1695 V WindowManager: performShowLocked: mDrawState=HAS_DRAWN in Window{46ff4a8 u0 com.samsung.android.messaging/com.samsung.android.messaging.ui.view.main.WithActivity}
11-08 02:20:25.923  1279  4334 D AppOps  : noteOperation: reject #3 for code 105 (105) uid 1001 package com.android.phone flags: s
11-08 02:20:25.925   981  1080 I HYPER-HAL: [ResourceManager.cpp]updateResource(): [CPUMinFreq] UpdateResource Request ID : 839176    Value : 1804800
11-08 02:20:25.926   981  1080 I HYPER-HAL: [RequestManager.cpp]acquire(): Acquired ID : 840473  [1279 / 17]    HINT : AMS_ACT_LAZY    list : 
11-08 02:20:25.928 32639 32639 W Orc/ChatbotCache: Skip get : 
11-08 02:20:25.928   981  1080 I HYPER-HAL: [ResourceManager.cpp]removeResource(): [CPULittleMinFreq] RemoveResource Request ID : 854806
11-08 02:20:25.928 32639 32639 I ORC/FlashCache: return cached data isEnabledPkgcom.android.providers.blockednumber
11-08 02:20:25.928 32639 32663 W Orc/ChatbotCache: Skip get : 
11-08 02:20:25.928  1279  1695 V WindowManager: Removing startingView=com.android.server.wm.StartingSurfaceController$StartingSurface@b771057
11-08 02:20:25.928  1279  1694 I wm_stop_activity: [0,117127270,com.sec.android.app.launcher/.activities.LauncherActivity]
11-08 02:20:25.928 32639 32663 I ORC/FlashCache: return cached data isEnabledPkgcom.android.providers.blockednumber
11-08 02:20:25.929  1279  4334 I ActivityManager: Changes in 10044 19 to 3, 0 to 8
11-08 02:20:25.929  1279  4334 I am_uid_active: 10044
11-08 02:20:25.929  2843  2843 I ViewRootImpl@2ff5a9d[LauncherActivity]: stopped(true) old = false
11-08 02:20:25.929  2843  2843 I ViewRootImpl@2ff5a9d[LauncherActivity]: WindowStopped on com.sec.android.app.launcher/com.sec.android.app.launcher.activities.LauncherActivity set to true
11-08 02:20:25.929  1279  1695 D TaskOrganizerController: applyStartingWindowAnimation, window=Window{46ff4a8 u0 com.samsung.android.messaging/com.samsung.android.messaging.ui.view.main.WithActivity}, caller=com.android.server.wm.TaskOrganizerController.removeStartingWindow:573 com.android.server.wm.StartingSurfaceController$StartingSurface.remove:280 com.android.server.wm.ActivityRecord.lambda$removeStartingWindowAnimation$6:3286 
11-08 02:20:25.930  1279  4334 I AppOps  : updateUidProcState uid: 10215 procState: 5 capability:15
11-08 02:20:25.930  2843  2843 I Launcher: !@Boot_DEBUG: Launcher.onStop()
11-08 02:20:25.930  1279  4334 I ActivityManager: Changes in 10120 2 to 5, 15 to 8
11-08 02:20:25.930  2843  2843 I Launcher: !@Boot_EBS_D: Launcher.onStop()
11-08 02:20:25.930  2843  2843 I BaseActivity: removeActivityFlags, flags : 17
11-08 02:20:25.930  2843  2843 I StateManager: goToState isInState Normal
11-08 02:20:25.930  2843  3206 I IMM_LC  : hsifw() - flag : 0
11-08 02:20:25.931  2843  2843 W LauncherAppWidgetHost: setShouldListenFlag, mFlags:7 flag:start on:false isFront:false
11-08 02:20:25.931  2843  3206 I IMM_LC  : hsifw() - mService.hideSoftInput
11-08 02:20:25.932  1279  1695 I WindowManager: Reparenting to leash, surface=Surface(name=46ff4a8 com.samsung.android.messaging/com.samsung.android.messaging.ui.view.main.WithActivity)/@0x6fa153e, leashParent=Surface(name=ActivityRecord{6c1b30a u0 com.samsung.android.messaging/.ui.view.main.WithActivity} t30130})/@0x6e81f9f
11-08 02:20:25.932  1279  2071 D InputMethodManagerService: hideSoftInput
11-08 02:20:25.932  1279  2071 V InputMethodManagerService: Client requesting input be hidden
11-08 02:20:25.932  1279  2071 V InputMethodManagerService: hideCurrentInputLocked : canceled, shouldHideSoftInput=false, mInputShown=false, mImeWindowVis=0
11-08 02:20:25.932  1279  2950 I AppWidgetServiceImpl: stopListening callbacks : null
11-08 02:20:25.932  1148  1796 I SurfaceFlinger: id=541965 createSurf, flag=24000, Surface(name=46ff4a8 com.samsung.android.messaging/com.samsung.android.messaging.ui.view.main.WithActivity)/@0x6fa153e - animation-leash of starting_reveal#541965
11-08 02:20:25.932  1279  2071 I InputMethodBindingController: setCurrentMethodNotVisible: mVisibleBound=false, mHasConnection=true, caller = com.android.server.inputmethod.InputMethodManagerService.hideCurrentInputLocked:4339 com.android.server.inputmethod.InputMethodManagerService.hideSoftInput:4277 com.android.internal.view.IInputMethodManager$Stub.onTransact:488 com.android.server.inputmethod.InputMethodManagerService.onTransact:2285 android.os.Binder.execTransactInternal:1316 android.os.Binder.execTransact:1280 <bottom of call stack> <bottom of call stack> <bottom of call stack> <bottom of call stack> 
11-08 02:20:25.933  2843  2843 W LauncherAppWidgetHost: stopListening, mFlags:2 isFront:false
11-08 02:20:25.933  2843  2843 W Launcher.NotificationListener: removeNotificationsChangedListener
11-08 02:20:25.933  2843  2843 I Launcher.NotificationListener: unregisterObserver, this is not notificationService!!
11-08 02:20:25.933  2843  2843 I BadgeCountUpdaterImpl: onNotificationsChangedDisConnected
11-08 02:20:25.934  1279  1695 D WindowManager: makeSurface duration=2 leash=Surface(name=Surface(name=46ff4a8 com.samsung.android.messaging/com.samsung.android.messaging.ui.view.main.WithActivity)/@0x6fa153e - animation-leash of starting_reveal)/@0xe7218ec
11-08 02:20:25.936  1279  1695 D ActivityTaskManager: mStartingWindow and mStartingData is null for token=ActivityRecord{6c1b30a u0 com.samsung.android.messaging/.ui.view.main.WithActivity} t30130}
11-08 02:20:25.937   981  1080 I HYPER-HAL: [ResourceManager.cpp]removeResource(): [CPUMinFreq] RemoveResource Request ID : 854806
11-08 02:20:25.937   981  1080 I HYPER-HAL: [RequestManager.cpp]releaseLocked(): Released ID : 854806
11-08 02:20:25.939  2843  2843 I DecorView: notifyKeepScreenOnChanged: keepScreenOn=false
11-08 02:20:25.939  2843  2843 I wm_on_stop_called: [117127270,com.sec.android.app.launcher.activities.LauncherActivity,STOP_ACTIVITY_ITEM]
11-08 02:20:25.940  1148  1148 I Layer   : Layer [com.samsung.android.messaging/com.samsung.android.messaging.ui.view.main.WithActivity$_32639#541962] hidden!! flag(0)
11-08 02:20:25.941  2292  2381 I ViewRootImpl@d066c23[messaging]: mWNT: t=0xb400007747e65f00 mBlastBufferQueue=0xb4000077d92a6900 fn= 2 caller= android.view.SyncRtSurfaceTransactionApplier.applyTransaction:96 android.view.SyncRtSurfaceTransactionApplier.lambda$scheduleApply$0$android-view-SyncRtSurfaceTransactionApplier:69 android.view.SyncRtSurfaceTransactionApplier$$ExternalSyntheticLambda0.onFrameDraw:4 
11-08 02:20:25.941  5840 30122 I BlockedNumbers: isBlocked: NOT BLOCKED; number=**********, e164=************
11-08 02:20:25.941  2292  2381 I ViewRootImpl@d066c23[messaging]: mWNT: t=0xb400007747f07100 mBlastBufferQueue=0xb4000077d92a6900 fn= 2 caller= android.view.SyncRtSurfaceTransactionApplier.applyTransaction:96 android.view.SyncRtSurfaceTransactionApplier.lambda$scheduleApply$0$android-view-SyncRtSurfaceTransactionApplier:69 android.view.SyncRtSurfaceTransactionApplier$$ExternalSyntheticLambda0.onFrameDraw:4 
11-08 02:20:25.941  2843  3208 I LiveIconUpdateEventHandler: cancelDateChangeAlarm
11-08 02:20:25.941  2843  2843 I MSHandlerLifeCycle: removeMultiSplitHandler: no exist. decor=DecorView@aad13aa[LauncherActivity]
11-08 02:20:25.942  1279  1691 I sysui_multi_action: [319,76,321,65,322,743,325,4184654,757,761,758,7,759,1,806,com.samsung.android.messaging,871,com.samsung.android.messaging.ui.view.main.WithActivity,904,com.android.shell,905,0,945,93,1320,8,1321,5]
11-08 02:20:25.943  1279  1305 D InputDispatcher: Focus entered window (0): 46ff4a8 com.samsung.android.messaging/com.samsung.android.messaging.ui.view.main.WithActivity
11-08 02:20:25.943  2843  2843 I ViewRootImpl@2ff5a9d[LauncherActivity]: performTraversals params={(0,0)(fillxfill) sim={adjust=nothing} layoutInDisplayCutoutMode=shortEdges ty=BASE_APPLICATION fmt=TRANSPARENT wanim=0x10302f4
11-08 02:20:25.943  2843  2843 I ViewRootImpl@2ff5a9d[LauncherActivity]:   fl=81910100
11-08 02:20:25.943  2843  2843 I ViewRootImpl@2ff5a9d[LauncherActivity]:   pfl=1e020040
11-08 02:20:25.943  2843  2843 I ViewRootImpl@2ff5a9d[LauncherActivity]:   vsysui=1700
11-08 02:20:25.943  2843  2843 I ViewRootImpl@2ff5a9d[LauncherActivity]:   bhv=SHOW_TRANSIENT_BARS_BY_SWIPE
11-08 02:20:25.943  2843  2843 I ViewRootImpl@2ff5a9d[LauncherActivity]:   fitSides= naviIconColor=0}
11-08 02:20:25.943  1279  2075 I input_focus: [Focus entering 46ff4a8 com.samsung.android.messaging/com.samsung.android.messaging.ui.view.main.WithActivity (server),reason=Window became focusable. Previous reason: NOT_VISIBLE]
11-08 02:20:25.944  1279  1691 I am_app_transition: [com.samsung.android.messaging,com.samsung.android.messaging.ui.view.main.WithActivity,SPLASH_SCREEN(1),76,65,93,743,COLD(7),speed-profile(8)]
11-08 02:20:25.944  1279  1691 D [secipm]: mSecIpmManager report to nap
11-08 02:20:25.944  1279  1691 D PkgPredictorService-SecIpmManager: reportToNAP com.samsung.android.messaging activityName:com.samsung.android.messaging.ui.view.main.WithActivity thisTime:743
11-08 02:20:25.944  1279  1691 I PkgPredictorService-SecIpmManagerServiceImpl: reportToNAP uid:10098 com.samsung.android.messaging/com.samsung.android.messaging.ui.view.main.WithActivity thisTime:743
11-08 02:20:25.945  5840  5862 I BlockedNumbers: isBlocked: NOT BLOCKED; number=**********, e164=************
11-08 02:20:25.945  2843  3208 I LiveIconUpdateEventHandler: cancelMinuteChangeAlarm
11-08 02:20:25.946  1279 12134 D PkgPredictorService-AufPeriodic: Hit ranking : 2 pkg: com.samsung.android.messaging uid: 0 /mPredictAppLists size : 5
11-08 02:20:25.946  1279 12134 D PkgPredictorService-AufPeriodic: processForegroundChanged process: com.samsung.android.messaging uid:0 TotalCount:11198 hit5: 11196 [99%] hit10: 11196 [99%] hit15: 11196 [99%] hit20: 11196 [99%] hit25: 11196 [99%] hit30: 11196 [99%] etc: 0 [0%]
11-08 02:20:25.946  1279 12111 D PkgPredictorService-NapPredictor: update summary success.
11-08 02:20:25.946  5840 30122 I BlockedNumbers: isBlocked: NOT BLOCKED; number=************, e164=************
11-08 02:20:25.946  1279 12111 D PkgPredictorService-IpmCollector: save record(<launchTime:2023-11-08 02:20:25 hour:2 day:4 previous:[com.samsung.android.messaging, com.samsung.android.messaging, com.samsung.android.dialer] running:com.samsung.android.messaging/unknown apkVersion:14.2.00.4 userId:0 screenOrientation:0 wifi:0 bt:12 predictTime:0 launching Time:-1 predicted:false prediction:[] preloaded:false preloading:[]>)
11-08 02:20:25.946  1148  1148 D SurfaceFlinger: Display 4630946312756012673 HWC layers:
11-08 02:20:25.946  1148  1148 D SurfaceFlinger:      DEVICE | 0xb400007b272cfea0 | 0102 | RGBA_8888    |    0.0    0.0 1080.0 2408.0 |    0    0 1080 2408 | com.samsung.android.messaging/com.sa[...]view.main.WithActivity$_32639#541962
11-08 02:20:25.946  1148  1148 D SurfaceFlinger:      DEVICE | 0xb400007b33424320 | 0100 | RGBA_8888    |    0.0    0.0 1080.0 2408.0 |    0    0 1080 2408 | Splash Screen com.samsung.android.messaging$_2292#541957
11-08 02:20:25.946  1148  1148 D SurfaceFlinger:      DEVICE | 0xb400007b42a215b0 | 0100 | RGBA_8888    |    0.0    0.0 1080.0   70.0 |    0    0 1080   70 | StatusBar$_2292#85
11-08 02:20:25.946  1148  1148 D SurfaceFlinger:      DEVICE | 0xb400007b42a21770 | 0100 | RGBA_8888    |    0.0    0.0 1080.0  135.0 |    0 2273 1080 2408 | NavigationBar0$_2292#83
11-08 02:20:25.946  1148  1148 D SurfaceFlinger: 
11-08 02:20:25.947  1279 12111 D PkgPredictorService-IpmNapPreloadController: handleProcessForegroundFinish: <launchTime:2023-11-08 02:20:25 hour:2 day:4 previous:[com.samsung.android.messaging, com.samsung.android.messaging, com.samsung.android.dialer] running:com.samsung.android.messaging/com.samsung.android.messaging.ui.view.main.WithActivity apkVersion:14.2.00.4 userId:0 screenOrientation:0 wifi:0 bt:12 predictTime:0 launching Time:743 predicted:false prediction:[] preloaded:false preloading:[]>
11-08 02:20:25.947  2843  2843 I ViewRootImpl@2ff5a9d[LauncherActivity]: performTraversals mFirst=false windowShouldResize=false viewVisibilityChanged=false mForceNextWindowRelayout=false params={(0,0)(fillxfill) sim={adjust=nothing} layoutInDisplayCutoutMode=shortEdges ty=BASE_APPLICATION fmt=TRANSPARENT wanim=0x10302f4
11-08 02:20:25.947  2843  2843 I ViewRootImpl@2ff5a9d[LauncherActivity]:   fl=81910100
11-08 02:20:25.947  2843  2843 I ViewRootImpl@2ff5a9d[LauncherActivity]:   pfl=1e020040
11-08 02:20:25.947  2843  2843 I ViewRootImpl@2ff5a9d[LauncherActivity]:   vsysui=1700
11-08 02:20:25.947  2843  2843 I ViewRootImpl@2ff5a9d[LauncherActivity]:   bhv=SHOW_TRANSIENT_BARS_BY_SWIPE
11-08 02:20:25.947  2843  2843 I ViewRootImpl@2ff5a9d[LauncherActivity]:   fitSides= naviIconColor=0}
11-08 02:20:25.948  1279  1691 I wm_activity_launch_time: [0,113357578,com.samsung.android.messaging/.ui.view.main.WithActivity,743]
11-08 02:20:25.948  1279  1691 I ActivityTaskManager: Displayed com.samsung.android.messaging/.ui.view.main.WithActivity: +743ms
11-08 02:20:25.948  1279  1691 I Pageboost: Launch time gathered : pid 32639 com.samsung.android.messaging 743
11-08 02:20:25.948  1279  2950 V WindowManager: Relayout Window{d24ecb6 u0 com.sec.android.app.launcher/com.sec.android.app.launcher.activities.LauncherActivity}: viewVisibility=8 req=1080x2408 d0
11-08 02:20:25.948  3415  3415 E pageboostd: Received HALT command code 2
11-08 02:20:25.949  5840  8490 I BlockedNumbers: isBlocked: NOT BLOCKED; number=************, e164=************
11-08 02:20:25.950  5840  5862 I BlockedNumbers: isBlocked: NOT BLOCKED; number=**********, e164=************
11-08 02:20:25.950 32639 32663 I ORC/BlockFilterManager: isRegisteredBlockFilterNumber() : false, Elapsed time : 21.944324 ms
11-08 02:20:25.950 32639 32663 I ORC/ComposerUiUtils: isUnknownRecipient, true
11-08 02:20:25.952  1279  2950 V WindowManager: Relayout hash=d24ecb6, pid=2843, syncId=-1: mAttrs={(0,0)(fillxfill) sim={adjust=nothing} layoutInDisplayCutoutMode=shortEdges ty=BASE_APPLICATION fmt=TRANSPARENT wanim=0x10302f4
11-08 02:20:25.952  1279  2950 V WindowManager:   fl=81910100
11-08 02:20:25.952  1279  2950 V WindowManager:   pfl=1e020040
11-08 02:20:25.952  1279  2950 V WindowManager:   vsysui=1700
11-08 02:20:25.952  1279  2950 V WindowManager:   bhv=SHOW_TRANSIENT_BARS_BY_SWIPE
11-08 02:20:25.952  1279  2950 V WindowManager:   fitSides= naviIconColor=0}
11-08 02:20:25.952  5840  5862 I BlockedNumbers: isBlocked: NOT BLOCKED; number=**********, e164=************
11-08 02:20:25.953 32639 32639 I ORC/BlockFilterManager: isRegisteredBlockFilterNumber() : false, Elapsed time : 24.939793 ms
11-08 02:20:25.953 32639 32639 I ORC/ComposerUiUtils: isUnknownRecipient, true
11-08 02:20:25.953 32639 32639 I ORC/FlashCache: return cached data isEnabledPkgcom.android.providers.blockednumber
11-08 02:20:25.953 32639 32639 I ORC/BlockFilterManager: isEnableBlockFilter true at isEnableBlockFilter FilterModelBlockNumberProvider
11-08 02:20:25.953 32639 32639 I ORC/ComposerModelUtil: [BOT] isBot, else
11-08 02:20:25.953 32639 32639 I ORC/ComposerTwoPhoneModel: getTwoPhoneMode 0
11-08 02:20:25.953  2843  2843 I ViewRootImpl@2ff5a9d[LauncherActivity]: Relayout returned: old=(0,0,1080,2408) new=(0,0,1080,2408) req=(1080,2408)8 dur=6 res=0x2 s={false 0x0} ch=false seqId=0
11-08 02:20:25.954 32639 32639 I PROV/MsgContentProviderQuery: query, uriMatch : 1101, Elapsed time : 0.189115 ms
11-08 02:20:25.954 32639 32639 I ORC/ComposerModel: markAsRead
11-08 02:20:25.955 32639 32702 I ORC/ComposerModel: markAsRead, doInBackground begin
11-08 02:20:25.955 32639 32702 I ORC/ComposerModel: markAsRead, doInBackground end
11-08 02:20:25.955  1279  1305 E WindowManager: win=Window{d24ecb6 u0 com.sec.android.app.launcher/com.sec.android.app.launcher.activities.LauncherActivity} destroySurfaces: appStopped=true cleanupOnResume=false win.mWindowRemovalAllowed=false win.mRemoveOnExit=false win.mViewVisibility=8 caller=com.android.server.wm.ActivityRecord.destroySurfaces:6529 com.android.server.wm.ActivityRecord.destroySurfaces:6510 com.android.server.wm.ActivityRecord.notifyAppStopped:6574 com.android.server.wm.ActivityRecord.activityStopped:7162 com.android.server.wm.ActivityClientController.activityStopped:258 android.app.IActivityClientController$Stub.onTransact:613 com.android.server.wm.ActivityClientController.onTransact:136 
11-08 02:20:25.955 32639 32639 I ORC/ComposerModel: setBlockSend mIsBlockSend = false
11-08 02:20:25.955 32639 32639 I ORC/ComposerPresenter: [DRAFT]LoadPartDataTask - isLoaded : false
11-08 02:20:25.955 32639 32639 I ORC/ComposerToolbarRecommendHelper: setRecommendButtonsCount, 1
11-08 02:20:25.955 32639 32639 I ORC/BaseConversationListFragmentViewImpl: setProgressTipCardEnabled() enabled : false
11-08 02:20:25.955  1279  1305 I WindowManager: Destroying surface Surface(name=com.sec.android.app.launcher/com.sec.android.app.launcher.activities.LauncherActivity$_2843)/@0x3ddd7d8 called by com.android.server.wm.WindowStateAnimator.destroySurface:942 com.android.server.wm.WindowStateAnimator.destroySurfaceLocked:536 com.android.server.wm.WindowState.destroySurfaceUnchecked:4304 com.android.server.wm.WindowState.destroySurface:4278 com.android.server.wm.ActivityRecord.destroySurfaces:6529 com.android.server.wm.ActivityRecord.destroySurfaces:6510 com.android.server.wm.ActivityRecord.notifyAppStopped:6574 com.android.server.wm.ActivityRecord.activityStopped:7162 
11-08 02:20:25.955 32639 32639 I ORC/WithActivityViewManager: run mFirstLaunchManager.onActivityResume
11-08 02:20:25.955 32639 32639 I ORC/AppContext: [init] processUserId = 0
11-08 02:20:25.955 32639 32639 I ORC/GoogleFirstLaunchManager: onActivityResume : already launched (mRcsSupportedSimSlot = 0)
11-08 02:20:25.955 32639 32639 I ORC/ChatPlusCollapsingToolbarLayout: setChatPlusLogoEnabled() : false
11-08 02:20:25.956 32639 32639 I ORC/ChatPlusCollapsingToolbarLayout: getTextSize() textSize : 34.0
11-08 02:20:25.956 32639 32639 I ORC/ChatPlusCollapsingToolbarLayout: getTextSize() textSize : 34.0
11-08 02:20:25.956 32639 32639 E ORC/ConversationListLoader: onLoadFinished : 0
11-08 02:20:25.956 32639 32639 I ORC/BaseConversationListFragmentViewImpl: updateList()
11-08 02:20:25.956 32639 32639 I ORC/BaseWithActivity: getComposerFragment : a9{e5e911e} (1defaab5-0e1c-421b-b9c8-80f1f4ba8ee4 id=0x7f0a043e tag=TAG_RIGHT_PANE_FRAGMENT)
11-08 02:20:25.956 32639 32639 I ORC/Setting: getEnableSupportSplitMode() smallest screen width : 384
11-08 02:20:25.956 32639 32639 I ORC/FloatingActionButtonAnimation: animate : show = true
11-08 02:20:25.956  1279  1305 D ActivityTaskManager: mStartingWindow and mStartingData is null for token=ActivityRecord{6fb3866 u0 com.sec.android.app.launcher/.activities.LauncherActivity} t12991}
11-08 02:20:25.956 32639 32661 I ORC/MarkAsReadModel: isAnnouncementEnabled:false  isAnnouncementList:false
11-08 02:20:25.957 32639 32639 I ORC/ConversationListAdapter: changeCursor()
11-08 02:20:25.957 32639 32639 I ORC/ConversationListAdapter: getPinnedCountFromCursor() count = 0, mCategoryId : -1
11-08 02:20:25.957 32639 32639 I ORC/BaseConversationListFragmentViewImpl: showEmptyView() : false
11-08 02:20:25.957  1148  1148 I Layer   : id=541945 removedFromDrawingState com.sec.android.app.launcher/com.sec.android.app.launcher.activities.LauncherActivity$_2843#541945 (138)
11-08 02:20:25.958 32639 32663 I ORC/BaseConversationListFragmentListenerImpl: updateAssistantMenu : isVisible = true
11-08 02:20:25.959 12595 20116 I SAMSUNGWALLET: [Hint_ProcessStatusChange] fg Change, pid : 2843 , isNotify : true , isForeground : false , fg list : [32639]
11-08 02:20:25.960  1148  3161 I SurfaceFlinger: id=541945 Removed com.sec.android.app.launcher/com.sec.android.app.launcher.activities.LauncherActivity$_2843#541945 (138)
11-08 02:20:25.960 32639 32661 I PROV/QueryUriConversations: [CONVERSATION]done query conversations, containsRecipientList : false, category : null, Elapsed time : 1.47349 ms
11-08 02:20:25.960 32639 32661 I PROV/MsgContentProviderQuery: query, uriMatch : 1001, Elapsed time : 1.534791 ms
11-08 02:20:25.960  2292  2382 I ViewRootImpl@d066c23[messaging]: mWNT: t=0xb400007747fa2000 mBlastBufferQueue=0xb4000077d92a6900 fn= 3 caller= android.view.SyncRtSurfaceTransactionApplier.applyTransaction:96 android.view.SyncRtSurfaceTransactionApplier.lambda$scheduleApply$0$android-view-SyncRtSurfaceTransactionApplier:69 android.view.SyncRtSurfaceTransactionApplier$$ExternalSyntheticLambda0.onFrameDraw:4 
11-08 02:20:25.961 32639 32662 I PROV/MsgContentProviderQuery: query, uriMatch : 1101, Elapsed time : 0.417448 ms
11-08 02:20:25.963 32639 32662 I ORC/BaseWithActivityInterfaceImpl: mScheduledMessagesCount = 0
11-08 02:20:25.964 32639 32639 I ORC/BaseConversationListFragmentViewImpl: cursor count : 0
11-08 02:20:25.966 32639 32661 I ORC/BaseWithActivityInterfaceImpl: mUnreadCount = 0
11-08 02:20:25.966 32639 32639 E droid.messaging: No package ID ff found for ID 0xffffffff.
11-08 02:20:25.966 32639 32639 I ORC/ComposerFragmentHost: onGlobalFocusChanged, message_edit_text -> null
11-08 02:20:25.966 32639 32639 I ORC/EditorView: hasEditorFocus
11-08 02:20:25.966 32639 32639 I ORC/ComposerClipboardHelper: clearClipboardFilter
11-08 02:20:25.967 32639 32639 I SEM_CLIP_SemClipboardManager: updateFilter - Format(0), null by com.samsung.android.messaging
11-08 02:20:25.967 12595 12621 I SAMSUNGWALLET: [Hint_afp] isHomePackageRunning topPkgName = com.samsung.android.messaging, topClsName = com.samsung.android.messaging.ui.view.main.WithActivity, return false , se : false
11-08 02:20:25.967 32639 32639 I ORC/BaseConversationListFragment: unreadCount = 0
11-08 02:20:25.967 12595 12595 I SAMSUNGWALLET: [Hint_IntroHintService] Hint Status - already invisible, skip hide : Home Package Not Running
11-08 02:20:25.967 32639 32639 I Sesl_CTL: updateTitleLayout : context : com.samsung.android.messaging.ui.view.main.WithActivity@9044688, textSize : 34.0, fontScale : 1.0, mSubTitleEnabled : true
11-08 02:20:25.968 32639 32639 I ORC/ChatPlusCollapsingToolbarLayout: setSubTitleClickable() : false
11-08 02:20:25.968 32639 32639 I ORC/ChatPlusCollapsingToolbarLayout: updateStaticTitle, mTitleState : titleState: 2, Messages /  
11-08 02:20:25.968 32639 32639 I VerificationLog: Executed
11-08 02:20:25.968 32639 32639 I ORC/BaseConversationListFragmentViewImpl: finish1stLaunch
11-08 02:20:25.968 32639 32639 I ORC/BaseConversationListFragmentViewImpl: updateFastScroll()
11-08 02:20:25.968 32639 32639 I ORC/FastScrollSectionLoader: load()
11-08 02:20:25.970 32639 32639 I ORC/InputMethodUtil: isIMEShown = false
11-08 02:20:25.970 32639 32639 I ORC/SoftInputStateWatcher: [SIP]onGlobalLayout() mIsSipVisible = false
11-08 02:20:25.970 32639 32639 I ORC/ComposerModelUtil: [BOT] isBot, else
11-08 02:20:25.970 32639 32639 I ORC/MessageEditorFragment: onGlobalLayout() marginTop : 225
11-08 02:20:25.971 32639 32639 I CS/RcsCapabilityManager<0>: CapabilityListener: onOwnCapabilitiesChanged
11-08 02:20:25.971 32639 32639 I CS/RcsCapabilityManager<0>: runUpdateOwnCapabilitiesTask
11-08 02:20:25.973 32639 32698 I CS/RcsCapabilityManager<0>: UpdateOwnCapabilitiesTask updateOwnCapa
11-08 02:20:25.973 32639 32698 I ORC/RcsCommonUtil: getRcsUserSetting = 0, simSlot = 0
11-08 02:20:25.973 32639 32698 I ORC/RcsCommonUtil: isEnabledRcsUserSetting false : 0
11-08 02:20:25.974  2745  2803 I CapabilityProvider<0>: queryOwnCaps
11-08 02:20:25.974  2745  2803 I RcsUtils: isDualRcsReg: false
11-08 02:20:25.975  1148  1148 I Layer   : id=541945 Destroyed com.sec.android.app.launcher/com.sec.android.app.launcher.activities.LauncherActivity$_2843#541945
11-08 02:20:25.975  2745  2803 I CapabilityUpdate<0>: updateOwnCapabilities: isConfiguredOnCapability is true, features from all module is 1000018308c
11-08 02:20:25.975  2745  2803 I CapexInfo: getFeatureTag: features = 1099513213068 [8192, 128, 1099511627776, 4096, 4, 8, 524288, 1048576]
11-08 02:20:25.975 32639 32639 I ORC/Setting: getEnableSupportSplitMode() smallest screen width : 384
11-08 02:20:25.975 32639 32639 I ORC/WithActivityHelper: updateFilterConversationsMenuBadge : showFilterMenu = false
11-08 02:20:25.975  2745  2803 I CapabilityQuery<0>: getOwnCapabilities: feature=1000018308c, detail=+g.3gpp.icsi-ref=\"urn%3Aurn-7%3A3gpp-service.ims.icsi.mmtel\";video,+g.3gpp.iari-ref=\"urn%3Aurn-7%3A3gpp-application.ims.iari.rcs.fthttp\",+g.3gpp.iari-ref=\"urn%3Aurn-7%3A3gpp-application.ims.iari.rcs.chatbot\",+g.3gpp.icsi-ref=\"urn%3Aurn-7%3A3gpp-service.ims.icsi.mmtel\",+g.3gpp.iari-ref=\"urn%3Aurn-7%3A3gpp-application.ims.iari.rcse.im\",+g.3gpp.iari-ref=\"urn%3Aurn-7%3A3gpp-application.ims.iari.rcs.fullsfgroupchat\",+g.3gpp.iari-ref=\"urn%3Aurn-7%3A3gpp-application.ims.iari.rcs.geopush\",+g.3gpp.iari-ref=\"urn%3Aurn-7%3A3gpp-application.ims.iari.joyn.intmsg\",
11-08 02:20:25.975 32639 32639 I ORC/BaseConversationListFragment: updateMenu() - getCategoryId() : -1
11-08 02:20:25.975  2745  2803 I CapabilityProvider<0>: queryOwnCaps: RCS additionalInfo = local_offline;
11-08 02:20:25.975  2745  2803 I CapabilityProvider: has call composer feature: false
11-08 02:20:25.976  2745  2803 I CapabilityProvider: has shared map feature: false
11-08 02:20:25.976  2745  2803 I CapabilityProvider: has shared sketch feature: false
11-08 02:20:25.976  2745  2803 I CapabilityProvider: has post call feature: false
11-08 02:20:25.976  2292  2381 I ViewRootImpl@d066c23[messaging]: mWNT: t=0xb400007747f07c00 mBlastBufferQueue=0xb4000077d92a6900 fn= 4 caller= android.view.SyncRtSurfaceTransactionApplier.applyTransaction:96 android.view.SyncRtSurfaceTransactionApplier.lambda$scheduleApply$0$android-view-SyncRtSurfaceTransactionApplier:69 android.view.SyncRtSurfaceTransactionApplier$$ExternalSyntheticLambda0.onFrameDraw:4 
11-08 02:20:25.976 32639 32639 I CS/RcsCapabilityManager<0>: OWN_RCS : own - false
11-08 02:20:25.976 32639 32639 I ORC/OmaCpUtil: OmaCp Count : 0
11-08 02:20:25.976 32639 32639 I ORC/BaseWithActivity: onPrepareOptionsMenu() - setting: true
11-08 02:20:25.978  2745  2803 I ConfigProvider: query uri:xxxxx
11-08 02:20:25.979 32639 32698 I ORC/RcsCommonUtil: getRcsUserSetting = 0, simSlot = 0
11-08 02:20:25.979 32639 32698 I ORC/RcsCommonUtil: isEnabledRcsUserSetting false : 0
11-08 02:20:25.979 32639 32698 I CS/OwnCapabilityManager<0>: updateOwnCapability rcsEnableStatus = false, isLocalOffline = true, isAirplaneMode = false
11-08 02:20:25.979 32639 32698 I ORC/PackageInfo: updateRcsComponent(), isRcsCapable = false, isRcsTmoUI = false, isMmsEnabled = true, isFromOwnCapa = true
11-08 02:20:25.980 32639 32698 I CS/CapabilityFactory: notifyOwnCapabilityChange listener size : 4
11-08 02:20:25.980 32639 32698 I ORC/WithActivityListener: onOwnCapabilityUpdated : isRcsEnabled = false
11-08 02:20:25.980 32639 32698 I ORC/ComposerRcsCapabilityImpl: [RCS][CAPABILITY][UPDATE]0:onOwnCapabilityUpdated() own capa updated,mFeatures = 1575[ ft im geopush grpft chatbot_comm fthttp], LocalOffLn O, RemoteOffLn X, RcsEnabled X, Registered X, LegacyLat X
11-08 02:20:25.980 32639 32698 I ORC/ComposerSimSlotModel: getDataSimSlot mDataSimSlot = 0
11-08 02:20:25.980 32639 32698 I CS/RcsCapabilityManager<0>: OWN_REMOTE_RCS : own - false remote - false
11-08 02:20:25.980 32639 32698 I CS/RcsCapabilityManager<0>: isOwnRcsFtHttpCapable : true
11-08 02:20:25.980 32639 32698 I CS/RcsCapabilityManager<0>: isOwnRcsAvailable : false isRemoteRcsFtCapable : false
11-08 02:20:25.980 32639 32698 I CS/RcsCapabilityManager<0>: isOwnRcsAvailable : false isRemoteRcsFtSmsCapable : false
11-08 02:20:25.980 32639 32698 I CS/RcsCapabilityManager<0>: REMOTE_RCS : remote - false
11-08 02:20:25.980 32639 32698 I ORC/ComposerCapabilityModel: [updateRcsCapable] isRcsAvailable = false selectedSimSlot = 0, imsi = 313#nn#703
11-08 02:20:25.981 32639 32698 I ORC/ComposerCapabilityModel: [updateRcsCapable] isRemoteRcsFtCapable = false
11-08 02:20:25.981 32639 32698 I ORC/ComposerCapabilityModel: [updateRcsCapable] isRemoteRcsCapaAvailable = false
11-08 02:20:25.981 32639 32698 I ORC/ComposerCapabilityModel: [BOT][updateRcsCapable] isEnableBot = true
11-08 02:20:25.981 32639 32698 I ORC/ComposerCapabilityModel: [BOT][updateRcsCapable] isEnableAttMaap = false
11-08 02:20:25.981 32639 32698 I ORC/ComposerCapabilityModel: [BOT][updateRcsCapable] getBotCapable = [ none]
11-08 02:20:25.981 32639 32698 I ORC/ComposerModelUtil: [BOT] isBot, else
11-08 02:20:25.981 32639 32698 I ORC/ComposerCapabilityModel: [BOT][updateRcsCapable] isBot = false
11-08 02:20:25.981 32639 32698 I CS/RcsCapabilityManager<0>: isOwnRcsAvailable : false isRemoteRcsFtSmsCapable : false
11-08 02:20:25.981 32639 32698 I ORC/ComposerCapabilityModel: [updateRcsCapable] isRcsAvailable = false
11-08 02:20:25.981 32639 32698 I ORC/ComposerPresenterWorker: updateModeAndEditViewPanel need force update = true
11-08 02:20:25.981 32639 32698 I ORC/WorkingModeModel: updateComposerMode(), blockDuplicateNotify = false
11-08 02:20:25.981 32639 32698 I ORC/ComposerCapabilityModel: [begin]    isRcsAllowed
11-08 02:20:25.981 32639 32698 I ORC/ComposerModel: isNotStartedOpenGroupChat mIsOpenGroupChatNotStarted = false
11-08 02:20:25.981 32639 32698 I ORC/ComposerGroupModel: isOpenGroupModeOnOverMaxRecipient mIsSetOpenGroupChatOnOverMaxRecipients = false
11-08 02:20:25.981 32639 32698 I ORC/ComposerTwoPhoneModel: isMultiSimComposingBMode false
11-08 02:20:25.981 32639 32698 I ORC/ComposerModel: isNotStartedOpenGroupChat mIsOpenGroupChatNotStarted = false
11-08 02:20:25.981 32639 32698 I ORC/ComposerCapabilityModel: [isRcsCapableFromSim] getRcsCapable() : simSlot = 0, RcsCapable = false
11-08 02:20:25.981 32639 32698 I ORC/ComposerCapabilityModel: isGroupMms getRecipientCount = 1
11-08 02:20:25.981 32639 32698 I ORC/ComposerCapabilityModel: isGroupMms getRecipientCandidateCount = 0
11-08 02:20:25.981 32639 32698 I ORC/ComposerCapabilityModel: [isRcsCapable] isRcsCapable = false
11-08 02:20:25.981 32639 32698 I ORC/WorkingMessageModel: getDynamicSendAsChatValue() : 0
11-08 02:20:25.981 32639 32698 I ORC/WorkingMessageModel: isDefaultXmsMessagingType () : false
11-08 02:20:25.981 32639 32698 I ORC/ComposerCapabilityModel: isToSetRcsColorPossible : false, mIsToSetRcsColorPossible = false
11-08 02:20:25.981 32639 32698 I ORC/ComposerCapabilityModel: [end]      isRcsAllowed : false consume time = 0.631458
11-08 02:20:25.981 32639 32698 I ORC/WorkingModeModel: [COMPOSER]updateComposerMode(): composerMode = 1
11-08 02:20:25.981  1279  2950 D AppOps  : noteOperation: reject #3 for code 105 (105) uid 1000 package com.sec.imsservice flags: s
11-08 02:20:25.981 32639 32698 I ORC/MessageSize: [SIZE]getMmsSize = 0
11-08 02:20:25.982 32639 32698 I ORC/ComposerCapabilityProvider: isRcsFtHttpCapable key : (10)501#nn#79#nn#003
11-08 02:20:25.982 32639 32698 I ORC/ComposerCapabilityProvider: isRcsFtHttpCapable simSlot = 0
11-08 02:20:25.982 32639 32698 I ORC/ComposerCapabilityProvider: isRcsFtHttpCapable, false
11-08 02:20:25.982 32639 32698 I ORC/ComposerModelUtil: [BOT] isBot, else
11-08 02:20:25.982 32639 32698 I ORC/WorkingMessageModel: getAvailableSize() :: availableSize = 1018880 cmcMode = 0
11-08 02:20:25.982 32639 32698 I ORC/WorkingMessageModel: getAvailableSize size = 1018880
11-08 02:20:25.982 32639 32698 I ORC/WorkingMessageModel: getDynamicSendAsChatValue() : 0
11-08 02:20:25.982 32639 32698 I ORC/WorkingMessageModel: isDefaultXmsMessagingType () : false
11-08 02:20:25.982 32639 32698 I ORC/ComposerCapabilityModel: isToSetRcsColorPossible : false, mIsToSetRcsColorPossible = false
11-08 02:20:25.982 32639 32698 I ORC/ComposerModel: isDisabledGroupChatStatus result = false
11-08 02:20:25.982 32639 32698 I ORC/ComposerEditorHelper: updateMessageEditorView, CM=1, GC=false, CC=false, ALC=false
11-08 02:20:25.982 32639 32698 I ORC/ComposerModel: ComposerModel[ConversationId = -1, ConversationType = 1 CONVERSATION_TYPE_ONE_TO_ONE, isFromFab = false, RecipientCandidateCount = 0, RecipientCount = 1]
11-08 02:20:25.982 32639 32698 I CS/RcsCapabilityManager<0>: isOwnRcsAvailable : false isRemoteRcsFtCapable : false
11-08 02:20:25.982 32639 32698 I ORC/EditorViewImpl: setRcsFtStatusForAttach, R=false, H=true, O=false, S=false, F=false
11-08 02:20:25.983 32639 32698 I ORC/ComposerCapabilityProvider: [AsyncTask #2] [RCS][CAPABILITY]updateOwnCapability:{(15)313#nn#02#nn#703:mFeatures = 1575[ ft im geopush grpft chatbot_comm fthttp], LocalOffLn O, RemoteOffLn X, RcsEnabled X, Registered X, LegacyLat X} <- pg.m0.onOwnCapabilityUpdated(18) <- com.samsung.android.messaging.common.capability.CapabilityFactory.notifyOwnCapabilityChange(6) <- com.samsung.android.messaging.common.capability.CapabilityFactory.onOwnCapabilitiesChanged(1) <- com.samsung.android.messaging.common.capability.RcsCapabilityManager$UpdateOwnCapabilitiesTask.doInBackground(3) <- android.os.AsyncTask$3.call(394) <- java.util.concurrent.FutureTask.run(264) <- android.os.AsyncTask$SerialExecutor$1.run(305) <- java.util.concurrent.ThreadPoolExecutor.runWorker(1137) <- java.util.concurrent.ThreadPoolExecutor$Worker.run(637)
11-08 02:20:25.983 32639 32698 I ORC/ComposerModel: isNotStartedOpenGroupChat mIsOpenGroupChatNotStarted = false
11-08 02:20:25.983 32639 32698 I ORC/ComposerGroupModel: isOpenGroupModeOnOverMaxRecipient mIsSetOpenGroupChatOnOverMaxRecipients = false
11-08 02:20:25.984  1279  2950 D AppOps  : noteOperation: reject #3 for code 105 (105) uid 1000 package com.sec.imsservice flags: s
11-08 02:20:25.984 32639 32698 I ORC/ComposerTwoPhoneModel: isMultiSimComposingBMode false
11-08 02:20:25.984 32639 32698 I ORC/ComposerModel: isNotStartedOpenGroupChat mIsOpenGroupChatNotStarted = false
11-08 02:20:25.984 32639 32698 I ORC/ComposerCapabilityModel: [isRcsCapableFromSim] getRcsCapable() : simSlot = 0, RcsCapable = false
11-08 02:20:25.984 32639 32698 I ORC/ComposerCapabilityModel: isGroupMms getRecipientCount = 1
11-08 02:20:25.984 32639 32698 I ORC/ComposerCapabilityModel: isGroupMms getRecipientCandidateCount = 0
11-08 02:20:25.984 32639 32698 I ORC/ComposerCapabilityModel: [isRcsCapable] isRcsCapable = false
11-08 02:20:25.984 32639 32698 I ORC/ComposerGroupStatusModel: updateGroupStatusInternal, composerMode = 1, isGroupMenuModified = false, enableMultiSim = false
11-08 02:20:25.984 32639 32698 E ORC/AddressUtil: isValidGroupRecipient recipients size is under 2 return false
11-08 02:20:25.984 32639 32698 I ORC/ComposerGroupStatusModel: updateGroupMmsState, false, 1, false, false, 1
11-08 02:20:25.984 32639 32698 I ORC/ComposerGroupStatusModel: updateGroupMmsStateInternal, isGroupMms=false, isIndividualMms=false
11-08 02:20:25.984 32639 32698 I ORC/WorkingModeModel: updateComposerMode(), blockDuplicateNotify = false
11-08 02:20:25.984 32639 32698 I ORC/ComposerCapabilityModel: [begin]    isRcsAllowed
11-08 02:20:25.984 32639 32698 I ORC/ComposerModel: isNotStartedOpenGroupChat mIsOpenGroupChatNotStarted = false
11-08 02:20:25.984 32639 32698 I ORC/ComposerGroupModel: isOpenGroupModeOnOverMaxRecipient mIsSetOpenGroupChatOnOverMaxRecipients = false
11-08 02:20:25.984 32639 32698 I ORC/ComposerTwoPhoneModel: isMultiSimComposingBMode false
11-08 02:20:25.984 32639 32698 I ORC/ComposerModel: isNotStartedOpenGroupChat mIsOpenGroupChatNotStarted = false
11-08 02:20:25.984 32639 32698 I ORC/ComposerCapabilityModel: [isRcsCapableFromSim] getRcsCapable() : simSlot = 0, RcsCapable = false
11-08 02:20:25.984 32639 32698 I ORC/ComposerCapabilityModel: isGroupMms getRecipientCount = 1
11-08 02:20:25.984 32639 32698 I ORC/ComposerCapabilityModel: isGroupMms getRecipientCandidateCount = 0
11-08 02:20:25.984 32639 32698 I ORC/ComposerCapabilityModel: [isRcsCapable] isRcsCapable = false
11-08 02:20:25.984 32639 32698 I ORC/WorkingMessageModel: getDynamicSendAsChatValue() : 0
11-08 02:20:25.984 32639 32698 I ORC/WorkingMessageModel: isDefaultXmsMessagingType () : false
11-08 02:20:25.984 32639 32698 I ORC/ComposerCapabilityModel: isToSetRcsColorPossible : false, mIsToSetRcsColorPossible = false
11-08 02:20:25.984 32639 32698 I ORC/ComposerCapabilityModel: [end]      isRcsAllowed : false consume time = 0.550417
11-08 02:20:25.985 32639 32698 I ORC/WorkingModeModel: [COMPOSER]updateComposerMode(): composerMode = 1
11-08 02:20:25.985 32639 32698 I ORC/MessageSize: [SIZE]getMmsSize = 0
11-08 02:20:25.985 32639 32698 I ORC/ComposerCapabilityProvider: isRcsFtHttpCapable key : (10)501#nn#79#nn#003
11-08 02:20:25.985 32639 32698 I ORC/ComposerCapabilityProvider: isRcsFtHttpCapable simSlot = 0
11-08 02:20:25.985 32639 32698 I ORC/ComposerCapabilityProvider: isRcsFtHttpCapable, false
11-08 02:20:25.985 32639 32698 I ORC/ComposerModelUtil: [BOT] isBot, else
11-08 02:20:25.985 32639 32698 I ORC/WorkingMessageModel: getAvailableSize() :: availableSize = 1018880 cmcMode = 0
11-08 02:20:25.985 32639 32698 I ORC/WorkingMessageModel: getAvailableSize size = 1018880
11-08 02:20:25.985 32639 32698 I ORC/ComposerPresenterWorker: updateModeAndEditViewPanel need force update = false
11-08 02:20:25.985 32639 32698 I ORC/WorkingModeModel: updateComposerMode(), blockDuplicateNotify = false
11-08 02:20:25.985 32639 32698 I ORC/ComposerCapabilityModel: [begin]    isRcsAllowed
11-08 02:20:25.985 32639 32698 I ORC/ComposerModel: isNotStartedOpenGroupChat mIsOpenGroupChatNotStarted = false
11-08 02:20:25.985 32639 32698 I ORC/ComposerGroupModel: isOpenGroupModeOnOverMaxRecipient mIsSetOpenGroupChatOnOverMaxRecipients = false
11-08 02:20:25.985  2745  2803 I ConfigProvider: queryMultipleStorage path content://com.samsung.rcs.autoconfigurationprovider/*#simslot0 map {0=com.sec.internal.ims.config.adapters.StorageAdapter@635b86d}
11-08 02:20:25.985  2745  2803 I ConfigProvider: queryStorage path content://com.samsung.rcs.autoconfigurationprovider/*#simslot0
11-08 02:20:25.985 32639 32698 I ORC/ComposerTwoPhoneModel: isMultiSimComposingBMode false
11-08 02:20:25.985 32639 32698 I ORC/ComposerModel: isNotStartedOpenGroupChat mIsOpenGroupChatNotStarted = false
11-08 02:20:25.985 32639 32698 I ORC/ComposerCapabilityModel: [isRcsCapableFromSim] getRcsCapable() : simSlot = 0, RcsCapable = false
11-08 02:20:25.985 32639 32698 I ORC/ComposerCapabilityModel: isGroupMms getRecipientCount = 1
11-08 02:20:25.985 32639 32698 I ORC/ComposerCapabilityModel: isGroupMms getRecipientCandidateCount = 0
11-08 02:20:25.985 32639 32698 I ORC/ComposerCapabilityModel: [isRcsCapable] isRcsCapable = false
11-08 02:20:25.985 32639 32698 I ORC/WorkingMessageModel: getDynamicSendAsChatValue() : 0
11-08 02:20:25.985 32639 32698 I ORC/WorkingMessageModel: isDefaultXmsMessagingType () : false
11-08 02:20:25.985 32639 32698 I ORC/ComposerCapabilityModel: isToSetRcsColorPossible : false, mIsToSetRcsColorPossible = false
11-08 02:20:25.985 32639 32698 I ORC/ComposerCapabilityModel: [end]      isRcsAllowed : false consume time = 0.482552
11-08 02:20:25.985 32639 32698 I ORC/WorkingModeModel: [COMPOSER]updateComposerMode(): composerMode = 1
11-08 02:20:25.985 32639 32698 I ORC/MessageSize: [SIZE]getMmsSize = 0
11-08 02:20:25.985 32639 32698 I ORC/ComposerCapabilityProvider: isRcsFtHttpCapable key : (10)501#nn#79#nn#003
11-08 02:20:25.985 32639 32698 I ORC/ComposerCapabilityProvider: isRcsFtHttpCapable simSlot = 0
11-08 02:20:25.985 32639 32698 I ORC/ComposerCapabilityProvider: isRcsFtHttpCapable, false
11-08 02:20:25.985 32639 32698 I ORC/ComposerModelUtil: [BOT] isBot, else
11-08 02:20:25.985 32639 32698 I ORC/WorkingMessageModel: getAvailableSize() :: availableSize = 1018880 cmcMode = 0
11-08 02:20:25.985 32639 32698 I ORC/WorkingMessageModel: getAvailableSize size = 1018880
11-08 02:20:25.985 32639 32698 I ORC/WorkingMessageModel: getDynamicSendAsChatValue() : 0
11-08 02:20:25.985 32639 32698 I ORC/WorkingMessageModel: isDefaultXmsMessagingType () : false
11-08 02:20:25.985 32639 32698 I ORC/ComposerCapabilityModel: isToSetRcsColorPossible : false, mIsToSetRcsColorPossible = false
11-08 02:20:25.986 32639 32698 I ORC/ComposerModelUtil: [BOT] isBot, else
11-08 02:20:25.986 32639 32698 I ORC/ComposerModel: ComposerModel[ConversationId = -1, ConversationType = 1 CONVERSATION_TYPE_ONE_TO_ONE, isFromFab = false, RecipientCandidateCount = 0, RecipientCount = 1]
11-08 02:20:25.986 32639 32698 I ORC/ConversationListFragment: onOwnCapabilityUpdated-1
11-08 02:20:25.986 32639 32663 I CS/RcsCapabilityManager<0>: OWN_REMOTE_RCS : own - false remote - false
11-08 02:20:25.990 32639 32639 I ORC/RegistrationManager: isConfigCompleted, version=1
11-08 02:20:25.991 32639 32639 I ORC/RegistrationManager: isConfigCompleted, hasVersion=true, simSlot=0
11-08 02:20:25.991 32639 32639 I ORC/BaseWithActivity: checkAppUpdate : recent = 1699321400101, diff = 113825890
11-08 02:20:25.992 32639 32639 I ORC/WithActivityHelper: updateMoreMenuBadge : appUpdateBadge = false, rcsBadge = false
11-08 02:20:25.995  2292  2365 D OpenGLRenderer: setSurface called with nullptr
11-08 02:20:25.995  2292  2365 D OpenGLRenderer: setSurface() destroyed EGLSurface
11-08 02:20:25.995  2292  2365 D OpenGLRenderer: destroyEglSurface
11-08 02:20:25.995  1279  6863 I AppOps  : updateUidProcState uid: 10052 procState: 0 capability:15
11-08 02:20:25.995 32639 32639 I ORC/TouchDelegateUtil: ClassCastException : android.view.ViewRootImpl cannot be cast to android.view.View
11-08 02:20:25.996  1368  6213 I CameraService: onUidStateChanged: uid=10052, procState is changed. (1 -> 0)
11-08 02:20:25.996 32639 32639 I ORC/Setting: getEnableSupportSplitMode() smallest screen width : 384
11-08 02:20:25.996 32639 32639 I ORC/AppWindowManager: softInputMode = 307
11-08 02:20:25.996 32639 32639 I ORC/AppWindowManager: rootView = true contentView = true
11-08 02:20:25.996 32639 32639 I ORC/AppWindowManager: isMultiWindowMode = false isCurrentSplit = false
11-08 02:20:25.996 32639 32639 I ORC/AppWindowManager: onApplyWindowInsets, 0
11-08 02:20:25.996 32639 32639 I ORC/WorkingMessageModel: hasContentsForSend() : hasSubject = false, hasText = false, hasAttachment = false, isInputVoiceExist = false
11-08 02:20:25.996 32639 32639 I ORC/ComposerConfig: isMmsEnabledBySim 0 result = true
11-08 02:20:25.996 32639 32639 I ORC/Setting: getMmsMaxRecipient result = 20
11-08 02:20:25.996 32639 32639 I ORC/EditorPresenterImpl: isExceededMmsRecipientMaxCount : false
11-08 02:20:25.996 32639 32639 I ORC/ComposerConfig: isDualRcsSupported = false
11-08 02:20:25.996 32639 32639 I ORC/EditorView: isEditorEnabled
11-08 02:20:25.997 32639 32639 I ORC/WorkingMessageModel: hasContentsForSend() : hasSubject = false, hasText = false, hasAttachment = false, isInputVoiceExist = false
11-08 02:20:25.997 32639 32639 I ORC/ComposerModelUtil: [BOT] isBot, else
11-08 02:20:25.997 32639 32639 I ORC/ComposerModel: isDisabledGroupChatStatus result = false
11-08 02:20:25.997 32639 32639 I ORC/AppWindowManager: onApplyWindowInsets, 0
11-08 02:20:25.997 32639 32639 I ORC/AttachSheetFragment: onApplyWindowInsets, 135
11-08 02:20:25.997  2292  2357 I ViewRootImpl@d066c23[messaging]: performTraversals params={(0,0)(fillxfill) sim={adjust=pan} layoutInDisplayCutoutMode=shortEdges ty=APPLICATION_STARTING fmt=TRANSLUCENT wanim=0x10302f4 alpha=0.0
11-08 02:20:25.997  2292  2357 I ViewRootImpl@d066c23[messaging]:   fl=81030118
11-08 02:20:25.997  2292  2357 I ViewRootImpl@d066c23[messaging]:   pfl=16000010
11-08 02:20:25.997  2292  2357 I ViewRootImpl@d066c23[messaging]:   apr=LIGHT_STATUS_BARS LIGHT_NAVIGATION_BARS
11-08 02:20:25.997  2292  2357 I ViewRootImpl@d066c23[messaging]:   bhv=DEFAULT
11-08 02:20:25.997  2292  2357 I ViewRootImpl@d066c23[messaging]:   fitSides= naviIconColor=0}
11-08 02:20:25.997 32639 32639 I ORC/AppWindowManager: contentViewApplyWindowInsetListener
