10-30 21:09:59.560  1286  1676 D LocalDisplayAdapter: updateActiveModeLocked for d=4630946312756012673, mActiveModeId=1, mActiveSfDisplayMode=DisplayMode{id=0, width=1080, height=2408, xDpi=403.411, yDpi=402.389, refreshRate=120.00001, appVsyncOffsetNanos=1000000, presentationDeadlineNanos=12666666, group=1080}
10-30 21:09:59.560  1154  1154 I Layer   : id=141253 removedFromDrawingState Surface(name=86e78aa InputMethod)/@0xd55d838 - animation-leash of insets_animation#141253 (116)
10-30 21:09:59.560  1154  1154 I SurfaceFlinger: id=141253 Removed Surface(name=86e78aa InputMethod)/@0xd55d838 - animation-leash of insets_animation#141253 (116)
10-30 21:09:59.560  1286  1676 I DisplayDeviceRepository: Display device changed: DisplayDeviceInfo{\"Built-in Screen\": uniqueId=\"local:4630946312756012673\", 1080 x 2408, modeId 1, defaultModeId 1, supportedModes [{id=1, width=1080, height=2408, fps=120.00001, alternativeRefreshRates=[60.000004]}, {id=2, width=1080, height=2408, fps=60.000004, alternativeRefreshRates=[120.00001]}], colorMode 0, supportedColorModes [0], hdrCapabilities HdrCapabilities{mSupportedHdrTypes=[], mMaxLuminance=500.0, mMaxAverageLuminance=500.0, mMinLuminance=0.0}, allmSupported false, gameContentTypeSupported false, density 450, 403.411 x 402.389 dpi, appVsyncOff 1000000, presDeadline 12666666, cutout DisplayCutout{insets=Rect(0, 65 - 0, 0) waterfall=Insets{left=0, top=0, right=0, bottom=0} boundingRect={Bounds=[Rect(0, 0 - 0, 0), Rect(454, 0 - 626, 65), Rect(0, 0 - 0, 0), Rect(0, 0 - 0, 0)]} cutoutPathParserInfo={CutoutPathParserInfo{displayWidth=1080 displayHeight=2408 physicalDisplayWidth=1080 physicalDisplayHeight=2408 density={2.8125} cutoutSpec={M 0,0 H -30.57777777777778 V 23.11111111111111 H 30.57777777777778 V 0 H 0 Z @dp} rotation={0} scale={1.0} physicalPixelDisplaySizeRatio={1.0}}}}, touch INTERNAL, rotation 0, type INTERNAL, address {port=129, model=0x40446d22b9ba26}, deviceProductInfo DeviceProductInfo{name=, manufacturerPnpId=QCM, productId=1, modelYear=null, manufactureDate=ManufactureDate{week=27, year=2006}, connectionToSinkType=0}, state ON, frameRateOverride , brightnessMinimum 0.0, brightnessMaximum 1.0, brightnessDefault 0.5019608, roundedCorners RoundedCorners{[RoundedCorner{position=TopLeft, radius=90, center=Point(90, 90)}, RoundedCorner{position=TopRight, radius=90, center=Point(990, 90)}, RoundedCorner{position=BottomRight, radius=90, center=Point(990, 2318)}, RoundedCorner{position=BottomLeft, radius=90, center=Point(90, 2318)}]}, FLAG_ALLOWED_TO_BE_DEFAULT_DISPLAY, FLAG_ROTATES_WITH_CONTENT, FLAG_SECURE, FLAG_SUPPORTS_PROTECTED_BUFFERS, installOrientation 0}
10-30 21:09:59.561  1154  1154 I Layer   : id=141253 Destroyed Surface(name=86e78aa InputMethod)/@0xd55d838 - animation-leash of insets_animation#141253
10-30 21:09:59.562  1154  1154 D SurfaceFlinger: GPIS:: requestGPIS
10-30 21:09:59.563  1154  1208 I VSyncReactor: Current= 60, Period= 120, hwcPeriod= 120
10-30 21:09:59.564  1286  3280 D LiftUpHandler: [LTW] Stopped already.
10-30 21:09:59.566  2709  4586 I ViewRootImpl@68c74ff[LauncherActivity]: mWNT: t=0xb40000729e7fd600 mBlastBufferQueue=0xb4000071f3617000 fn= 4 caller= com.android.systemui.shared.launcher.ViewRootImplCompat.mergeWithNextTransaction:2 com.android.quickstep.util.SurfaceTransactionApplier.lambda$scheduleApply$0:2 com.android.quickstep.util.SurfaceTransactionApplier.b:0 
10-30 21:09:59.567  1286  1286 D SGM:GameManager: onDisplayChanged. displyId: 0, state: 2
10-30 21:09:59.567  1286  2093 D SGM:FgCheckThread: onLooperPrepared(), msg: MSG_LCD_ON
10-30 21:09:59.569  1286  1286 D AODManagerService: requestReCalToTSP IsSingleTouchMode = false / previousDisplayState = ON
10-30 21:09:59.569  1286  7036 D InputMethodManagerService: isImeSwitcherDisabledPackage : false
10-30 21:09:59.570  1154  3188 D NativeSemDvfsManager: acquire:: timeout = 2000 mIsAcquired = 1  mTagName : SurfaceFlinger 
10-30 21:09:59.570  1154  3188 E NativeCustomFrequencyManager: [NativeCFMS] BpCustomFrequencyManager::acquire()
10-30 21:09:59.571  1067  1093 I HYPER-HAL: [RequestManager.cpp]acquire(): Acquired ID : 2321935  [1154 / 1000]    HINT : SF_GPU_MINLOCK    list : [TIMEOUT / 2000] 
10-30 21:09:59.574  2709  4585 I ViewRootImpl@68c74ff[LauncherActivity]: mWNT: t=0xb40000729e7fd800 mBlastBufferQueue=0xb4000071f3617000 fn= 5 caller= com.android.systemui.shared.launcher.ViewRootImplCompat.mergeWithNextTransaction:2 com.android.quickstep.util.SurfaceTransactionApplier.lambda$scheduleApply$0:2 com.android.quickstep.util.SurfaceTransactionApplier.b:0 
10-30 21:09:59.572  4422  4422 I InputMethodService: removeImeSurface
10-30 21:09:59.575  1286  1676 D DisplayModeDirector: onBrightnessChangedLocked, brightness=128, lux=-1.0
10-30 21:09:59.575  1286  1676 D DisplayModeDirector: setPassiveMode=false, brightness=128, lux=-1.0, mRequestedPassive=false
10-30 21:09:59.577  2261  2261 D DCT-C-0 : Screen INTERNAL on
10-30 21:09:59.578  4422  4422 I MSHandlerLifeCycle: check: return. pkg=com.samsung.android.honeyboard isActivity=false callers=com.android.internal.policy.DecorView.setVisibility:4411 android.app.Dialog.hide:767 android.inputmethodservice.InputMethodService.removeImeSurface:1290 android.inputmethodservice.InputMethodService.scheduleImeSurfaceRemoval:1279 android.inputmethodservice.InputMethodService.-$$Nest$mscheduleImeSurfaceRemoval:0 
10-30 21:09:59.578  4422  4422 I MSHandlerLifeCycle: removeMultiSplitHandler: no exist. decor=DecorView@28d9287[InputMethod]
10-30 21:09:59.581  2298  2298 D DisplayLifecycle: updateDisplay id = 0
10-30 21:09:59.581  2709  4586 I ViewRootImpl@68c74ff[LauncherActivity]: mWNT: t=0xb40000729e7fd900 mBlastBufferQueue=0xb4000071f3617000 fn= 6 caller= com.android.systemui.shared.launcher.ViewRootImplCompat.mergeWithNextTransaction:2 com.android.quickstep.util.SurfaceTransactionApplier.lambda$scheduleApply$0:2 com.android.quickstep.util.SurfaceTransactionApplier.b:0 
10-30 21:09:59.590  2709  4585 I ViewRootImpl@68c74ff[LauncherActivity]: mWNT: t=0xb40000729e7fdc00 mBlastBufferQueue=0xb4000071f3617000 fn= 7 caller= com.android.systemui.shared.launcher.ViewRootImplCompat.mergeWithNextTransaction:2 com.android.quickstep.util.SurfaceTransactionApplier.lambda$scheduleApply$0:2 com.android.quickstep.util.SurfaceTransactionApplier.b:0 
10-30 21:09:59.598  2709  4586 I ViewRootImpl@68c74ff[LauncherActivity]: mWNT: t=0xb40000729e769b00 mBlastBufferQueue=0xb4000071f3617000 fn= 8 caller= com.android.systemui.shared.launcher.ViewRootImplCompat.mergeWithNextTransaction:2 com.android.quickstep.util.SurfaceTransactionApplier.lambda$scheduleApply$0:2 com.android.quickstep.util.SurfaceTransactionApplier.b:0 
10-30 21:09:59.606  2709  4585 I ViewRootImpl@68c74ff[LauncherActivity]: mWNT: t=0xb40000729e7e1900 mBlastBufferQueue=0xb4000071f3617000 fn= 9 caller= com.android.systemui.shared.launcher.ViewRootImplCompat.mergeWithNextTransaction:2 com.android.quickstep.util.SurfaceTransactionApplier.lambda$scheduleApply$0:2 com.android.quickstep.util.SurfaceTransactionApplier.b:0 
10-30 21:09:59.615  2709  4586 I ViewRootImpl@68c74ff[LauncherActivity]: mWNT: t=0xb40000729e7fd200 mBlastBufferQueue=0xb4000071f3617000 fn= 10 caller= com.android.systemui.shared.launcher.ViewRootImplCompat.mergeWithNextTransaction:2 com.android.quickstep.util.SurfaceTransactionApplier.lambda$scheduleApply$0:2 com.android.quickstep.util.SurfaceTransactionApplier.b:0 
10-30 21:09:59.623  2709  4585 I ViewRootImpl@68c74ff[LauncherActivity]: mWNT: t=0xb40000729e7fd300 mBlastBufferQueue=0xb4000071f3617000 fn= 11 caller= com.android.systemui.shared.launcher.ViewRootImplCompat.mergeWithNextTransaction:2 com.android.quickstep.util.SurfaceTransactionApplier.lambda$scheduleApply$0:2 com.android.quickstep.util.SurfaceTransactionApplier.b:0 
10-30 21:09:59.631  2709  4586 I ViewRootImpl@68c74ff[LauncherActivity]: mWNT: t=0xb40000729e7fd400 mBlastBufferQueue=0xb4000071f3617000 fn= 12 caller= com.android.systemui.shared.launcher.ViewRootImplCompat.mergeWithNextTransaction:2 com.android.quickstep.util.SurfaceTransactionApplier.lambda$scheduleApply$0:2 com.android.quickstep.util.SurfaceTransactionApplier.b:0 
10-30 21:09:59.639  1286  2494 V MdnieScenarioControlService: mAclOffEnabled : false mAclPreviewState : false mAclCompensationState : false
10-30 21:09:59.639  2709  4585 I ViewRootImpl@68c74ff[LauncherActivity]: mWNT: t=0xb40000729e7fd500 mBlastBufferQueue=0xb4000071f3617000 fn= 13 caller= com.android.systemui.shared.launcher.ViewRootImplCompat.mergeWithNextTransaction:2 com.android.quickstep.util.SurfaceTransactionApplier.lambda$scheduleApply$0:2 com.android.quickstep.util.SurfaceTransactionApplier.b:0 
10-30 21:09:59.648  2709  4586 I ViewRootImpl@68c74ff[LauncherActivity]: mWNT: t=0xb40000729e7fdd00 mBlastBufferQueue=0xb4000071f3617000 fn= 14 caller= com.android.systemui.shared.launcher.ViewRootImplCompat.mergeWithNextTransaction:2 com.android.quickstep.util.SurfaceTransactionApplier.lambda$scheduleApply$0:2 com.android.quickstep.util.SurfaceTransactionApplier.b:0 
10-30 21:09:59.653 12508 12508 E STFService: getNetworkProperties: Location fine denied
10-30 21:09:59.656  2709  4585 I ViewRootImpl@68c74ff[LauncherActivity]: mWNT: t=0xb40000729e7fde00 mBlastBufferQueue=0xb4000071f3617000 fn= 15 caller= com.android.systemui.shared.launcher.ViewRootImplCompat.mergeWithNextTransaction:2 com.android.quickstep.util.SurfaceTransactionApplier.lambda$scheduleApply$0:2 com.android.quickstep.util.SurfaceTransactionApplier.b:0 
10-30 21:09:59.665  2709  4586 I ViewRootImpl@68c74ff[LauncherActivity]: mWNT: t=0xb40000729119f300 mBlastBufferQueue=0xb4000071f3617000 fn= 16 caller= com.android.systemui.shared.launcher.ViewRootImplCompat.mergeWithNextTransaction:2 com.android.quickstep.util.SurfaceTransactionApplier.lambda$scheduleApply$0:2 com.android.quickstep.util.SurfaceTransactionApplier.b:0 
10-30 21:09:59.671  2709  2996 I LiveIconLoader: [Calendar] LiveIcon - stdIconSize : 135 , targetIconSize : 163
10-30 21:09:59.671  2709  2996 I LiveIconLoader: [Calendar] LiveIcon - sIconDpi : 640 , targetIconDpi : 450
10-30 21:09:59.672  2709  2996 W LiveIconLoader: System font not found, reverting to Roboto.
10-30 21:09:59.673  2709  4585 I ViewRootImpl@68c74ff[LauncherActivity]: mWNT: t=0xb40000729119f500 mBlastBufferQueue=0xb4000071f3617000 fn= 17 caller= com.android.systemui.shared.launcher.ViewRootImplCompat.mergeWithNextTransaction:2 com.android.quickstep.util.SurfaceTransactionApplier.lambda$scheduleApply$0:2 com.android.quickstep.util.SurfaceTransactionApplier.b:0 
10-30 21:09:59.677  1154  1154 D SurfaceFlinger: Display 4630946312756012673 HWC layers:
10-30 21:09:59.677  1154  1154 D SurfaceFlinger:      DEVICE | 0xb400007e2f0e8670 | 0100 | RGBx_8888    |  666.0    9.0 1734.0 2391.0 |    0    0 1080 2408 | Wallpaper BBQ wrapper#86
10-30 21:09:59.677  1154  1154 D SurfaceFlinger:      DEVICE | 0xb400007e1e40b1f0 | 0100 | RGBA_8888    |    0.0    0.0 1080.0 2408.0 |    0    0 1080 2408 | com.sec.android.app.launcher/com.sec[...]vities.LauncherActivity$_2709#141262
10-30 21:09:59.677  1154  1154 D SurfaceFlinger:      CLIENT | 0xb400007e2f0e7e20 | 0100 | RGBA_8888    |    0.0    0.0 1080.0   70.0 |    0    0 1080   70 | StatusBar$_2298#83
10-30 21:09:59.677  1154  1154 D SurfaceFlinger:      CLIENT | 0xb400007e2f0e7d40 | 0100 | RGBA_8888    |    0.0    0.0 1080.0  135.0 |    0 2273 1080 2408 | NavigationBar0$_2298#77
10-30 21:09:59.677  1154  1154 D SurfaceFlinger:      CLIENT | 0xb400007e3dc18810 | 0100 | RGBA_8888    |    0.0    0.0  522.0   67.0 |  279 2341  801 2408 | com.samsung.android.spay.pay.HintService$_18149#141265
10-30 21:09:59.677  1154  1154 D SurfaceFlinger: 
10-30 21:09:59.682  2709  4586 I ViewRootImpl@68c74ff[LauncherActivity]: mWNT: t=0xb40000729119f600 mBlastBufferQueue=0xb4000071f3617000 fn= 18 caller= com.android.systemui.shared.launcher.ViewRootImplCompat.mergeWithNextTransaction:2 com.android.quickstep.util.SurfaceTransactionApplier.lambda$scheduleApply$0:2 com.android.quickstep.util.SurfaceTransactionApplier.b:0 
10-30 21:09:59.686  2709  2996 I LiveIconLoader: [Calendar] getLiveIcon - Date: 30
10-30 21:09:59.689  2709  4585 I ViewRootImpl@68c74ff[LauncherActivity]: mWNT: t=0xb40000729119f700 mBlastBufferQueue=0xb4000071f3617000 fn= 19 caller= com.android.systemui.shared.launcher.ViewRootImplCompat.mergeWithNextTransaction:2 com.android.quickstep.util.SurfaceTransactionApplier.lambda$scheduleApply$0:2 com.android.quickstep.util.SurfaceTransactionApplier.b:0 
10-30 21:09:59.698  2709  4586 I ViewRootImpl@68c74ff[LauncherActivity]: mWNT: t=0xb40000729119f800 mBlastBufferQueue=0xb4000071f3617000 fn= 20 caller= com.android.systemui.shared.launcher.ViewRootImplCompat.mergeWithNextTransaction:2 com.android.quickstep.util.SurfaceTransactionApplier.lambda$scheduleApply$0:2 com.android.quickstep.util.SurfaceTransactionApplier.b:0 
10-30 21:09:59.706  2709  4585 I ViewRootImpl@68c74ff[LauncherActivity]: mWNT: t=0xb40000729119f900 mBlastBufferQueue=0xb4000071f3617000 fn= 21 caller= com.android.systemui.shared.launcher.ViewRootImplCompat.mergeWithNextTransaction:2 com.android.quickstep.util.SurfaceTransactionApplier.lambda$scheduleApply$0:2 com.android.quickstep.util.SurfaceTransactionApplier.b:0 
10-30 21:09:59.715  2709  4586 I ViewRootImpl@68c74ff[LauncherActivity]: mWNT: t=0xb40000729119fa00 mBlastBufferQueue=0xb4000071f3617000 fn= 22 caller= com.android.systemui.shared.launcher.ViewRootImplCompat.mergeWithNextTransaction:2 com.android.quickstep.util.SurfaceTransactionApplier.lambda$scheduleApply$0:2 com.android.quickstep.util.SurfaceTransactionApplier.b:0 
10-30 21:09:59.718  2709  2996 I AppIconSolution: load= live icon for com.samsung.android.calendar, from overlay = false
10-30 21:09:59.722  2709  2996 I LauncherActivityInfo: packageName: com.samsung.android.calendar, useThemeIcon: false, height: 385, width: 385, density: 640
10-30 21:09:59.723  2709  4585 I ViewRootImpl@68c74ff[LauncherActivity]: mWNT: t=0xb40000729119fb00 mBlastBufferQueue=0xb4000071f3617000 fn= 23 caller= com.android.systemui.shared.launcher.ViewRootImplCompat.mergeWithNextTransaction:2 com.android.quickstep.util.SurfaceTransactionApplier.lambda$scheduleApply$0:2 com.android.quickstep.util.SurfaceTransactionApplier.b:0 
10-30 21:09:59.730  2709  2996 I LauncherActivityInfo: Trying to load live icon for com.sec.android.app.clockpackage
10-30 21:09:59.732  2709  4586 I ViewRootImpl@68c74ff[LauncherActivity]: mWNT: t=0xb40000729119fd00 mBlastBufferQueue=0xb4000071f3617000 fn= 24 caller= com.android.systemui.shared.launcher.ViewRootImplCompat.mergeWithNextTransaction:2 com.android.quickstep.util.SurfaceTransactionApplier.lambda$scheduleApply$0:2 com.android.quickstep.util.SurfaceTransactionApplier.b:0 
10-30 21:09:59.739  2709  4585 I ViewRootImpl@68c74ff[LauncherActivity]: mWNT: t=0xb40000729119fe00 mBlastBufferQueue=0xb4000071f3617000 fn= 25 caller= com.android.systemui.shared.launcher.ViewRootImplCompat.mergeWithNextTransaction:2 com.android.quickstep.util.SurfaceTransactionApplier.lambda$scheduleApply$0:2 com.android.quickstep.util.SurfaceTransactionApplier.b:0 
10-30 21:09:59.748  2709  4586 I ViewRootImpl@68c74ff[LauncherActivity]: mWNT: t=0xb40000729119ff00 mBlastBufferQueue=0xb4000071f3617000 fn= 26 caller= com.android.systemui.shared.launcher.ViewRootImplCompat.mergeWithNextTransaction:2 com.android.quickstep.util.SurfaceTransactionApplier.lambda$scheduleApply$0:2 com.android.quickstep.util.SurfaceTransactionApplier.b:0 
10-30 21:09:59.749  2709  2996 I LiveIconUtil: getLiveIcon was called in ClockPackage
10-30 21:09:59.750  2709  2996 I LiveIconUtil: getLiveIcon res = com.sec.android.app.clockpackage
10-30 21:09:59.751  2709  2996 I LiveIconUtil: stdIconSize : 135 , targetIconSize : 163
10-30 21:09:59.751  2709  2996 I LiveIconUtil: mIconDpi : 640 , mTargetIconDpi : 450
10-30 21:09:59.754   989   989 I android.hardware.health@2.1-service-samsung: updateLrpSysfs: write: 268
10-30 21:09:59.756  2709  2709 W AppTransitionAnimatorImpl: onAnimationEnd - APP OUT, Execution time for each frame : Start-(0)-1-(0)-0-(4)-0-(17)-0-(26)-0-(8)-1-(7)-1-(8)-0-(8)-0-(8)-1-(8)-0-(8)-0-(8)-1-(8)-0-(8)-0-(8)-1-(8)-0-(8)-0-(8)-1-(8)-0-(8)-0-(8)-1-(8)-0-(8)-0-(9)-1-(7)-0-(8)-0-(8)-1-End
10-30 21:09:59.756  2709  2709 I AppTransitionAnimatorImpl: resetContentView
10-30 21:09:59.756  2709  2709 I AnimationResult: AnimationResult finish : onAnimationEnd
10-30 21:09:59.756  2709  2709 I AnimationResult: finish : false, null
10-30 21:09:59.756  2709  4585 I ViewRootImpl@68c74ff[LauncherActivity]: mWNT: t=0xb4000072911c7000 mBlastBufferQueue=0xb4000071f3617000 fn= 27 caller= com.android.systemui.shared.launcher.ViewRootImplCompat.mergeWithNextTransaction:2 com.android.quickstep.util.SurfaceTransactionApplier.lambda$scheduleApply$0:2 com.android.quickstep.util.SurfaceTransactionApplier.b:0 
10-30 21:09:59.757  2709  2995 I AnimationResult: finish callback : null
10-30 21:09:59.757  1286  2485 D WindowManager: app-onAnimationFinished(): mOuter=RemoteAnimationController@7ab31bb
10-30 21:09:59.757  1286  2485 D WindowManager: onAnimationFinished(RemoteAnimationController@7ab31bb): mPendingAnimations=2, caller=
10-30 21:09:59.758  1286  2485 D WindowManager: app-release(): mOuter=RemoteAnimationController@7ab31bb
10-30 21:09:59.758  1286  2485 D WindowManager: onAnimationFinished(): Notify animation finished:
10-30 21:09:59.758  1286  2485 I WindowManager: Reparenting to original parent: Surface(name=DefaultTaskDisplayArea)/@0xc85351a, destroy=true, surface=Surface(name=Task=1)/@0x75bedd4
10-30 21:09:59.759  2709  2709 W Launcher: onEnterAnimationComplete
10-30 21:09:59.759  1286  2485 D WindowManager: \tcontainer=Task{434d29c #1 type=home ?? U=0 visible=true visibleRequested=true mode=fullscreen translucent=false sz=1}
10-30 21:09:59.759  1286  2485 I WindowManager: Reparenting to original parent: Surface(name=DefaultTaskDisplayArea)/@0xc85351a, destroy=true, surface=Surface(name=Task=38576)/@0xddd7a58
10-30 21:09:59.760  1286  2485 V WindowManager: Setting visibility of Window{77fe12b u0 com.sec.android.RilServiceModeApp/com.sec.android.RilServiceModeApp.ServiceModeApp}: false, caller=com.android.server.wm.WindowContainer.sendAppVisibilityToClients:1246 com.android.server.wm.WindowToken.setClientVisible:431 com.android.server.wm.ActivityRecord.setClientVisible:7682 com.android.server.wm.ActivityRecord.onAnimationFinished:8552 com.android.server.wm.WindowContainer.doAnimationFinished:3483 
10-30 21:09:59.760  2261  2261 I ViewRootImpl@37eae6a[ServiceModeApp]: handleAppVisibility mAppVisible = true visible = false
10-30 21:09:59.760  1286  2485 D WindowManager: \tcontainer=Task{854612f #38576 type=standard A=1001:com.sec.android.RilServiceModeApp U=0 visible=false visibleRequested=false mode=fullscreen translucent=true sz=1}
10-30 21:09:59.760  1286  2485 I WindowManager: Reparenting to original parent: Surface(name=Leaf:0:1)/@0x9d83ebe, destroy=true, surface=Surface(name=WallpaperWindowToken{96191f6 token=android.os.Binder@fb90e91})/@0xbaed179
10-30 21:09:59.760  1286  2485 D WindowManager: \twallpaper=WallpaperWindowToken{96191f6 token=android.os.Binder@fb90e91}
10-30 21:09:59.761  1286  2485 I WindowManager: Finishing remote animation
10-30 21:09:59.763  1067 32545 I HYPER-HAL: [ResourceManager.cpp]removeResource(): [CPUMinFreq] RemoveResource Request ID : 861354
10-30 21:09:59.763  1067 32545 I HYPER-HAL: [RequestManager.cpp]releaseLocked(): Released ID : 861354
10-30 21:09:59.764  1154  1154 I Layer   : id=141267 removedFromDrawingState Surface(name=Task=1)/@0x75bedd4 - animation-leash of app_transition#141267 (115)
10-30 21:09:59.764  1154  1154 I Layer   : id=141266 removedFromDrawingState Surface(name=Task=38576)/@0xddd7a58 - animation-leash of app_transition#141266 (115)
10-30 21:09:59.765  1154  1154 I Layer   : id=141268 removedFromDrawingState Surface(name=WallpaperWindowToken{96191f6 token=android.os.Binder@fb90e91})/@0xbaed179 - animation-leash of window_animation#141268 (115)
10-30 21:09:59.765  1154  1154 I Layer   : Layer [com.sec.android.RilServiceModeApp/com.sec.android.RilServiceModeApp.ServiceModeApp$_2261#141248] hidden!! flag(1)
10-30 21:09:59.765  2261  7627 D OpenGLRenderer: setSurface called with nullptr
10-30 21:09:59.765  2261  7627 D OpenGLRenderer: setSurface() destroyed EGLSurface
10-30 21:09:59.765  2261  7627 D OpenGLRenderer: destroyEglSurface
10-30 21:09:59.767  1286  1676 I wm_destroy_activity: [0,133112590,38576,com.sec.android.RilServiceModeApp/.ServiceModeApp,finish-imm:idle]
10-30 21:09:59.768  2261  2261 I ViewRootImpl@37eae6a[ServiceModeApp]: performTraversals mFirst=false windowShouldResize=false viewVisibilityChanged=true mForceNextWindowRelayout=false params=null
10-30 21:09:59.768  1286  2485 V WindowManager: Relayout Window{77fe12b u0 com.sec.android.RilServiceModeApp/com.sec.android.RilServiceModeApp.ServiceModeApp}: viewVisibility=8 req=1080x2408 d0
10-30 21:09:59.770  1067 32575 I HYPER-HAL: [ResourceManager.cpp]removeResource(): [CPUMinFreq] RemoveResource Request ID : 860041
10-30 21:09:59.770  1067 32575 I HYPER-HAL: [RequestManager.cpp]releaseLocked(): Released ID : 860041
10-30 21:09:59.773  1286  2485 V WindowManager: Relayout hash=77fe12b, pid=2261, syncId=-1: mAttrs={(0,0)(fillxfill) sim={adjust=resize forwardNavigation} ty=BASE_APPLICATION wanim=0x10302f4
10-30 21:09:59.773  1286  2485 V WindowManager:   fl=81810100
10-30 21:09:59.773  1286  2485 V WindowManager:   pfl=12020040
10-30 21:09:59.773  1286  2485 V WindowManager:   apr=LIGHT_NAVIGATION_BARS
10-30 21:09:59.773  1286  2485 V WindowManager:   bhv=DEFAULT
10-30 21:09:59.773  1286  2485 V WindowManager:   fitSides= naviIconColor=0
10-30 21:09:59.773  1286  2485 V WindowManager:   sfl=100000}
10-30 21:09:59.778  2261  2261 I ViewRootImpl@37eae6a[ServiceModeApp]: Relayout returned: old=(0,0,1080,2408) new=(0,0,1080,2408) req=(1080,2408)8 dur=7 res=0x2 s={false 0x0} ch=true seqId=0
10-30 21:09:59.778  2261  2261 I ViewRootImpl@37eae6a[ServiceModeApp]: stopped(true) old = false
10-30 21:09:59.778  2261  2261 I ViewRootImpl@37eae6a[ServiceModeApp]: WindowStopped on com.sec.android.RilServiceModeApp/com.sec.android.RilServiceModeApp.ServiceModeApp set to true
10-30 21:09:59.779  2261  2261 I wm_on_stop_called: [133112590,com.sec.android.RilServiceModeApp.ServiceModeApp,LIFECYCLER_STOP_ACTIVITY]
10-30 21:09:59.780  2261  2261 I MSHandlerLifeCycle: check: return. Multi-window not supported pkg=com.sec.android.RilServiceModeApp
10-30 21:09:59.780  2261  2261 I MSHandlerLifeCycle: removeMultiSplitHandler: no exist. decor=DecorView@c9e1974[ServiceModeApp]
10-30 21:09:59.780  2261  2261 E ModemServiceMode: onDestroy start
10-30 21:09:59.780  2261  2261 E ModemServiceMode: unbind connection
10-30 21:09:59.783  2261  2261 E ModemServiceMode: onDestroy finish
10-30 21:09:59.783  2261  2261 I wm_on_destroy_called: [133112590,com.sec.android.RilServiceModeApp.ServiceModeApp,performDestroy]
10-30 21:09:59.784  1286 14761 D CoreBackPreview: Window{77fe12b u0 com.sec.android.RilServiceModeApp/com.sec.android.RilServiceModeApp.ServiceModeApp}: Setting back callback null
10-30 21:09:59.785  2261  2261 I MSHandlerLifeCycle: removeMultiSplitHandler: no exist. decor=DecorView@c9e1974[ServiceModeApp]
10-30 21:09:59.785  2261  2261 I DecorView: setWindowBackground: isPopOver=false color=fff6f6f6 d=null
10-30 21:09:59.785  2261  2261 I DecorView: notifyKeepScreenOnChanged: keepScreenOn=false
10-30 21:09:59.786  2261  7627 D OpenGLRenderer: setSurface called with nullptr
10-30 21:09:59.786  2261  2261 I ViewRootImpl@37eae6a[ServiceModeApp]: dispatchDetachedFromWindow
10-30 21:09:59.787  1286 14761 D InputTransport: Input channel destroyed: '77fe12b', fd=861
10-30 21:09:59.787  1286 14761 W InputManager-JNI: Input channel object '77fe12b com.sec.android.RilServiceModeApp/com.sec.android.RilServiceModeApp.ServiceModeApp (client)' was disposed without first being removed with the input manager!
10-30 21:09:59.787  1286 14761 D InputTransport: Input channel destroyed: '77fe12b', fd=869
10-30 21:09:59.788  1286 14761 V WindowManager: Remove Window{77fe12b u0 com.sec.android.RilServiceModeApp/com.sec.android.RilServiceModeApp.ServiceModeApp}: mSurfaceController=Surface(name=com.sec.android.RilServiceModeApp/com.sec.android.RilServiceModeApp.ServiceModeApp$_2261)/@0x487ffab mAnimatingExit=false mRemoveOnExit=false mHasSurface=true surfaceShowing=false animating=false app-animation=false mWillReplaceWindow=false mDisplayFrozen=false callers=com.android.server.wm.WindowState.removeIfPossible:3041 com.android.server.wm.WindowManagerService.removeWindow:2282 com.android.server.wm.Session.remove:236 android.view.IWindowSession$Stub.onTransact:743 com.android.server.wm.Session.onTransact:188 android.os.Binder.execTransactInternal:1321 
10-30 21:09:59.788  1286 14761 I WindowManager: Destroying surface Surface(name=com.sec.android.RilServiceModeApp/com.sec.android.RilServiceModeApp.ServiceModeApp$_2261)/@0x487ffab called by com.android.server.wm.WindowStateAnimator.destroySurface:942 com.android.server.wm.WindowStateAnimator.destroySurfaceLocked:536 com.android.server.wm.WindowState.removeImmediately:2969 com.android.server.wm.WindowState.removeIfPossible:3228 com.android.server.wm.WindowState.removeIfPossible:3041 com.android.server.wm.WindowManagerService.removeWindow:2282 com.android.server.wm.Session.remove:236 android.view.IWindowSession$Stub.onTransact:743 
10-30 21:09:59.788  1286 14761 D RestrictionPolicy: isScreenCaptureEnabled : ret=true userId=0
10-30 21:09:59.789  1286 14761 V WindowManager: Nulling last startingData
10-30 21:09:59.792  2261  2261 D InputTransport: Input channel destroyed: '77fe12b', fd=89
10-30 21:09:59.793  1154  1154 I Layer   : id=141248 removedFromDrawingState com.sec.android.RilServiceModeApp/com.sec.android.RilServiceModeApp.ServiceModeApp$_2261#141248 (115)
10-30 21:09:59.793  1154  1154 I Layer   : id=141246 removedFromDrawingState 77fe12b com.sec.android.RilServiceModeApp/com.sec.android.RilServiceModeApp.ServiceModeApp#141246 (115)
10-30 21:09:59.793  1154  1154 I SurfaceFlinger: id=141248 Removed com.sec.android.RilServiceModeApp/com.sec.android.RilServiceModeApp.ServiceModeApp$_2261#141248 (115)
10-30 21:09:59.793  1154  1154 I SurfaceFlinger: id=141246 Removed 77fe12b com.sec.android.RilServiceModeApp/com.sec.android.RilServiceModeApp.ServiceModeApp#141246 (115)
10-30 21:09:59.793  1154  1154 I Layer   : id=141246 Destroyed 77fe12b com.sec.android.RilServiceModeApp/com.sec.android.RilServiceModeApp.ServiceModeApp#141246
10-30 21:09:59.794  1154  1154 I Layer   : id=141248 Destroyed com.sec.android.RilServiceModeApp/com.sec.android.RilServiceModeApp.ServiceModeApp$_2261#141248
10-30 21:09:59.796  1154  4578 I SurfaceFlinger: id=141238 Removed c1c5509 ActivityRecordInputSink com.sec.android.RilServiceModeApp/.ServiceModeApp#141238 (113)
10-30 21:09:59.796  1286  2485 I wm_task_removed: [38576,removeChild:removeChild last r=ActivityRecord{7ef230e u0 com.sec.android.RilServiceModeApp/.ServiceModeApp} t-1 f}} in t=Task{854612f #38576 type=standard A=1001:com.sec.android.RilServiceModeApp U=0 visible=false visibleRequested=false mode=fullscreen translucent=true sz=0},1]
10-30 21:09:59.796  1286  2485 I wm_task_removed: [38576,removeChild,1]
10-30 21:09:59.797  1154  4578 I SurfaceFlinger: id=141271 createSurf, flag=24004, Task=38576#141271
10-30 21:09:59.802  2709  2996 I AppIconSolution: load= live icon for com.sec.android.app.clockpackage, from overlay = false
10-30 21:09:59.802  2709  2709 I RecentsView: onTaskRemoved() taskId : 38576
10-30 21:09:59.802  2709  2709 I TopTaskTracker: onTaskRemoved : taskId = 38576
10-30 21:09:59.802  2709  2709 I RecentsView: onTaskRemoved() taskId : 38576
10-30 21:09:59.802  2709  2709 I TopTaskTracker: onTaskRemoved : taskId = 38576
10-30 21:09:59.804  1154  1154 I Layer   : id=141231 removedFromDrawingState ActivityRecord{7ef230e u0 com.sec.android.RilServiceModeApp/.ServiceModeApp} t38576}#141231 (114)
10-30 21:09:59.804  1154  1154 I Layer   : id=141238 removedFromDrawingState c1c5509 ActivityRecordInputSink com.sec.android.RilServiceModeApp/.ServiceModeApp#141238 (114)
10-30 21:09:59.804  1154  1154 I Layer   : id=141230 removedFromDrawingState Task=38576#141230 (114)
10-30 21:09:59.804  1154  1154 I Layer   : id=141271 removedFromDrawingState Task=38576#141271 (114)
10-30 21:09:59.804  2709  2996 I LauncherActivityInfo: packageName: com.sec.android.app.clockpackage, useThemeIcon: false, height: 288, width: 288, density: 640
10-30 21:09:59.804  1154  1154 I SurfaceFlinger: id=141231 Removed ActivityRecord{7ef230e u0 com.sec.android.RilServiceModeApp/.ServiceModeApp} t38576}#141231 (114)
10-30 21:09:59.804  1154  1154 I SurfaceFlinger: id=141271 Removed Task=38576#141271 (114)
10-30 21:09:59.804  1154  1154 I Layer   : id=141271 Destroyed Task=38576#141271
10-30 21:09:59.805  1154  1154 I Layer   : id=141231 Destroyed ActivityRecord{7ef230e u0 com.sec.android.RilServiceModeApp/.ServiceModeApp} t38576}#141231
10-30 21:09:59.805  1154  1154 I Layer   : id=141238 Destroyed c1c5509 ActivityRecordInputSink com.sec.android.RilServiceModeApp/.ServiceModeApp#141238
10-30 21:09:59.809  2709  2996 I InstallShortcutReceiver: flushQueueInBackground 0
10-30 21:09:59.811  2709  2996 I Launcher.NotificationListener: notificationIsValidForUI : com.google.android.setupwizard missingTitleAndText : false isGroupHeader : false
10-30 21:09:59.811  2709  2996 I Launcher.NotificationListener: notificationIsValidForUI : com.samsung.android.app.omcagent missingTitleAndText : false isGroupHeader : false
10-30 21:09:59.811  2709  2996 I Launcher.NotificationListener: Full refresh isConnected : true active size : 2
10-30 21:09:59.811  3915  4403 D KnoxHelper: getActivityList callingUserId: 0, target user: 0
10-30 21:09:59.813  3915  4403 D KnoxHelper: getActivityList callingUserId: 0, target user: 0
10-30 21:09:59.814  2709  2709 I PopupDataProvider: onNotificationFullRefresh prev dotInfoSize : 2
10-30 21:09:59.815  3915  4403 D KnoxHelper: getActivityList callingUserId: 0, target user: 0
10-30 21:09:59.815  2709  2709 I PopupDataProvider: refresh badge  package : com.google.android.setupwizard count : 1
10-30 21:09:59.815  2709  2709 I PopupDataProvider: refresh badge  package : com.samsung.android.app.omcagent count : 1
10-30 21:09:59.816  3915  4403 D KnoxHelper: getActivityList callingUserId: 0, target user: 0
10-30 21:09:59.818  3915  4403 D KnoxHelper: getActivityList callingUserId: 0, target user: 0
10-30 21:09:59.819  3915  4403 D KnoxHelper: getActivityList callingUserId: 0, target user: 0
10-30 21:09:59.820  3915  4403 D KnoxHelper: getActivityList callingUserId: 0, target user: 0
10-30 21:09:59.821  3915  4403 D KnoxHelper: getActivityList callingUserId: 0, target user: 0
10-30 21:09:59.822  3915  4403 D KnoxHelper: getActivityList callingUserId: 0, target user: 0
10-30 21:09:59.822  3915  4403 D KnoxHelper: getActivityList callingUserId: 0, target user: 0
10-30 21:09:59.823  3915  4403 D KnoxHelper: getActivityList callingUserId: 0, target user: 0
10-30 21:09:59.824  3915  4403 D KnoxHelper: getActivityList callingUserId: 0, target user: 0
10-30 21:09:59.825  3915  4403 D KnoxHelper: getActivityList callingUserId: 0, target user: 0
10-30 21:09:59.828  3915  4403 D KnoxHelper: getActivityList callingUserId: 0, target user: 0
10-30 21:09:59.830  3915  4403 D KnoxHelper: getActivityList callingUserId: 0, target user: 0
10-30 21:09:59.831  3915  4403 D KnoxHelper: getActivityList callingUserId: 0, target user: 0
10-30 21:09:59.833  3915  4403 D KnoxHelper: getActivityList callingUserId: 0, target user: 0
10-30 21:09:59.836  3915  4403 D KnoxHelper: getActivityList callingUserId: 0, target user: 0
10-30 21:09:59.839  3915  4403 D KnoxHelper: getActivityList callingUserId: 0, target user: 0
10-30 21:09:59.841  3915  4403 D KnoxHelper: getActivityList callingUserId: 0, target user: 0
10-30 21:09:59.844  3915  4403 D KnoxHelper: getActivityList callingUserId: 0, target user: 0
10-30 21:09:59.847  3915  4403 D KnoxHelper: getActivityList callingUserId: 0, target user: 0
10-30 21:09:59.849  3915  4403 D KnoxHelper: getActivityList callingUserId: 0, target user: 0
10-30 21:09:59.851  3915  4403 D KnoxHelper: getActivityList callingUserId: 0, target user: 0
10-30 21:09:59.854  3915  4403 D KnoxHelper: getActivityList callingUserId: 0, target user: 0
10-30 21:09:59.859  3915  4403 D KnoxHelper: getActivityList callingUserId: 0, target user: 0
10-30 21:09:59.861  3915  4403 D KnoxHelper: getActivityList callingUserId: 0, target user: 0
10-30 21:09:59.863  3915  4403 D KnoxHelper: getActivityList callingUserId: 0, target user: 0
10-30 21:09:59.871  3915  4403 D KnoxHelper: getActivityList callingUserId: 0, target user: 0
10-30 21:09:59.872  3915  4403 D KnoxHelper: getActivityList callingUserId: 0, target user: 0
10-30 21:09:59.878  3915  4403 D KnoxHelper: getActivityList callingUserId: 0, target user: 0
10-30 21:09:59.880  3915  4403 D KnoxHelper: getActivityList callingUserId: 0, target user: 0
10-30 21:09:59.881  3915  4403 D KnoxHelper: getActivityList callingUserId: 0, target user: 0
10-30 21:09:59.882  3915  4403 D KnoxHelper: getActivityList callingUserId: 0, target user: 0
10-30 21:09:59.883  3915  4403 D KnoxHelper: getActivityList callingUserId: 0, target user: 0
10-30 21:09:59.885  3915  4403 D KnoxHelper: getActivityList callingUserId: 0, target user: 0
10-30 21:09:59.886  3915  4403 D KnoxHelper: getActivityList callingUserId: 0, target user: 0
10-30 21:09:59.888  3915  4403 D KnoxHelper: getActivityList callingUserId: 0, target user: 0
10-30 21:09:59.892  3915  4403 D KnoxHelper: getActivityList callingUserId: 0, target user: 0
10-30 21:09:59.895  3915  4403 D KnoxHelper: getActivityList callingUserId: 0, target user: 0
10-30 21:09:59.898  3915  4403 D KnoxHelper: getActivityList callingUserId: 0, target user: 0
10-30 21:09:59.900  3915  4403 D KnoxHelper: getActivityList callingUserId: 0, target user: 0
10-30 21:09:59.903  3915  4403 D KnoxHelper: getActivityList callingUserId: 0, target user: 0
10-30 21:09:59.905  3915  4403 D KnoxHelper: getActivityList callingUserId: 0, target user: 0
10-30 21:09:59.910  3915  4403 D KnoxHelper: getActivityList callingUserId: 0, target user: 0
10-30 21:09:59.914  3915  4403 D KnoxHelper: getActivityList callingUserId: 0, target user: 0
10-30 21:10:00.003  2298  2298 D KeyguardUpdateMonitor: received broadcast android.intent.action.TIME_TICK
10-30 21:10:00.003  2298  2822 D QSClockBellTower: onReceive(android.intent.action.TIME_TICK) mTimeZoneString:null
10-30 21:10:00.004  1286  1286 I power_partial_wake_state: [REL,1,*alarm*:android]
10-30 21:10:00.005  2298  2298 D KeyguardUpdateMonitor: handleTimeUpdate
10-30 21:10:00.005  2298  2298 D FaceWidgetPagesController: onTimeChanged()
10-30 21:10:00.008  2298  2298 D QSClockBellTower: He is ready to ring the bell. (((QSClockBellSound - TimeText:9:10, TimeContentDescription:9:10 PM, DateText:Mon, October 30, ShortDateText:Mon, Oct 30, Demo:false, QuickStar-Second(false|12:34:56))))
10-30 21:10:00.008  2298  2298 D QSClockIndicatorView: Home Indicator status_bar_clock 9:10 notifyTimeChanged(QSClockBellSound - TimeText:9:10, TimeContentDescription:9:10 PM, DateText:Mon, October 30, ShortDateText:Mon, Oct 30, Demo:false, QuickStar-Second(false|12:34:56)) ClockVisibleByPolicy:true, ClockVisibleByUser:true, visible?true, parent:android.widget.LinearLayout{ba313db V.E...... ......ID 0,0-75,70 #7f0b04f0 app:id/left_clock_container}
10-30 21:10:00.008  2298  2298 D QSClockBellTower: Everyone heard the bell. run(currentTime:1698714600006,   getTime():Mon Oct 30 21:10:00 EDT 2023,   getTimeZone():libcore.util.ZoneInfo[mDstSavings=3600000,mUseDst=true,mDelegate=[id=\"America/New_York\",mRawOffset=-18000000,mEarliestRawOffset=-17762000,transitions=236]])
10-30 21:10:00.017  2298  2298 I FaceWidgetPositionAlgorithm: getClockContainerHeight() supplier = 290, bottom margin = 0, real height = 839
10-30 21:10:00.018  2298  2298 I FaceWidgetPositionAlgorithm: getClockContainerHeight() supplier = 290, bottom margin = 68, real height = 839
10-30 21:10:00.018  2298  2298 I FaceWidgetPositionAlgorithm: getMediaContainerHeight() height = 0 container Visibility = 8, isValid = false, mIsDozing = false, fraction = 1.0, source = 0, target = 0
10-30 21:10:00.018  2298  2298 I FaceWidgetPositionAlgorithm: getMediaContainerHeight() supplier = 0
10-30 21:10:00.019  2298  2298 V QsExpandAnimator: setQsExpansionPosition 0.0
10-30 21:10:00.023  2298  2298 V QsExpandAnimator: updateAnimators
10-30 21:10:00.023  2298  2298 V QsExpandAnimator: clearAnimationState 
10-30 21:10:00.023  2298  2298 V QsExpandAnimator: updateViews
10-30 21:10:00.026  2298  2298 V QsExpandAnimator: updateTileAnimator
10-30 21:10:00.027  2298  2298 V QsExpandAnimator: updateHeaderAnimator
10-30 21:10:00.027  2298  2298 V QsExpandAnimator: updateBarAnimator
10-30 21:10:00.027  2298  2298 V QsExpandAnimator: setQsExpansionPosition 0.0
10-30 21:10:00.027  2298  2298 V QsExpandAnimator: onAnimationAtStart
10-30 21:10:00.089  1286  1334 I BinderCallsStats: This is dumpsys command... We will not add it into HashMap
10-30 21:10:00.387  1286  1334 D AppOps  : noteOperation: reject #3 for code 105 (105) uid 1001 package com.android.phone flags: s
10-30 21:10:00.396  1286  7149 D SGM:GameManager: identifyGamePackage. com.sec.android.app.launcher, mCurrentUserId: 0, callerUserId: 0, callingMethodInfo: com.android.server.ssrm.SortingMachine.isGame(SortingMachine.java:162)
10-30 21:10:00.396  1286  7149 D SGM:PkgDataHelper: getGamePkgData(). com.sec.android.app.launcher
10-30 21:10:00.568  2298  2298 I UiThreadMonitor: setAwake 53013 3001 0
10-30 21:10:00.629  1154  1208 I VSyncReactor: Current= 120, Period= 60, hwcPeriod= 120
10-30 21:10:00.630  1154  1154 I DisplayDevice: [Display 4630946312756012673 (internal, primary, \"\")] ActiveConfigToHWC, ID : 1
10-30 21:10:00.630  1154  1154 I LayerHistory: StatusBar$_2298#83 voted 1, 0.00 fps
10-30 21:10:00.630  1154  1154 I LayerHistory: NavigationBar0$_2298#77 Max (can't resolve refresh rate)
10-30 21:10:00.630  1154  1154 I LayerHistory: com.sec.android.app.launcher/com.sec.android.app.launcher.activities.LauncherActivity$_2709#141262 Max (can't resolve refresh rate)
10-30 21:10:00.630  1154  1154 I SurfaceFlinger: Idle - choose 60.00 Hz
10-30 21:10:00.631  1154  1154 D SurfaceFlinger: GPIS:: requestGPIS
10-30 21:10:00.632  1080  1215 I SDM     : HWCDisplay::SubmitDisplayConfig: [DispConfigs] config 0 => 1, hs_mode 1 => 1
10-30 21:10:00.632  1080  1215 I SDM     : DisplayBase::SetActiveConfig: [DispConfigs] 0 => 1 or hs mode is changed if same config
10-30 21:10:00.632  1080  1215 I SDM     : HWDeviceDRM::SetDisplaySwitchMode: [DispConfigs] check hs_mode 1
10-30 21:10:00.632  1080  1215 I SDM     : HWDeviceDRM::SetDisplaySwitchMode: [DispConfigs] SetDisplayAttributes  mode_index 1
10-30 21:10:00.633  1080  1215 I SDM     : HWDeviceDRM::UpdateMixerAttributes: Mixer WxH 1080x2408-0 for Peripheral
10-30 21:10:00.633  1080  1215 I SDM     : HWCDisplay::SubmitDisplayConfig: Active configuration changed to: 1
10-30 21:10:00.638  1154  1208 I VSyncReactor: Current= 120, Period= 60, hwcPeriod= 120
10-30 21:10:00.646  1154  1208 I VSyncReactor: Current= 120, Period= 60, hwcPeriod= 60
10-30 21:10:00.655 12508 12508 E STFService: getNetworkProperties: Location fine denied
10-30 21:10:00.670  1286  1329 I system_server: NativeAlloc concurrent copying GC freed 395678(18MB) AllocSpace objects, 52(1508KB) LOS objects, 25% free, 68MB/92MB, paused 483us,428us total 866.556ms
10-30 21:10:00.693  1286  1331 W System  : A resource failed to call HardwareBuffer.close. 
10-30 21:10:00.696  1286  1331 W System  : A resource failed to call HardwareBuffer.close. 
10-30 21:10:00.698  1286  1331 W System  : A resource failed to call HardwareBuffer.close. 
10-30 21:10:00.698  1286  1331 W System  : A resource failed to call release. 
10-30 21:10:00.699  1286  1331 W System  : A resource failed to call HardwareBuffer.close. 
10-30 21:10:00.699  1286  1331 W System  : A resource failed to call HardwareBuffer.close. 
10-30 21:10:00.700  1286  1331 W System  : A resource failed to call HardwareBuffer.close. 
10-30 21:10:00.700  1286  1331 W System  : A resource failed to call release. 
10-30 21:10:00.701  1286  1331 W System  : A resource failed to call HardwareBuffer.close. 
10-30 21:10:00.774  1067 32576 I HYPER-HAL: [ResourceManager.cpp]removeResource(): [CPUMaxFreq] RemoveResource Request ID : 8203290
10-30 21:10:00.774  1067 32576 I HYPER-HAL: [RequestManager.cpp]releaseLocked(): Released ID : 8203290
10-30 21:10:00.863  2709  2997 I QuickstepModelDelegate: Widget predictions updated
10-30 21:10:00.893   649   649 D io_stats: !@   8,0 r 12126094 205623440 w 1940564 19571104 d 490988 64074496 f 0 0 iot 8884672 0 th 0 0 0 pt 0 inp 0 0 199295.187
10-30 21:10:01.051 25097 25129 I content_query_sample: cp_s: [CONTACT con(6) dat(12) acc({sim(3)=3, phone(2)=3}) calls([logtype:100 cnt:104, logtype:200 cnt:6, logtype:500 cnt:433, logtype:1000 cnt:1463]) Iso(US) uId(0) ]\r
10-30 21:10:01.051 25097 25129 I content_query_sample: cp_s: [ agr({[3]=3, [2]=3}) ]\r
10-30 21:10:01.051 25097 25129 I content_query_sample: cp_s: [ cnt({acore(25097)=1, dialer(32084)=28}) ]\r
10-30 21:10:01.051 25097 25129 I content_query_sample: cp_s: [PROFILE ] [SAPROFILE ]\r
10-30 21:10:01.051 25097 25129 I content_query_sample: cp_s: [STATE R(F) ]
10-30 21:10:01.051 25097 25129 I ContactsProvider_EventLog: cp_s: [CONTACT con(6) dat(12) acc({sim(3)=3, phone(2)=3}) calls([logtype:100 cnt:104, logtype:200 cnt:6, logtype:500 cnt:433, logtype:1000 cnt:1463]) Iso(US) uId(0) ]\r
10-30 21:10:01.051 25097 25129 I ContactsProvider_EventLog: cp_s: [ agr({[3]=3, [2]=3}) ]\r
10-30 21:10:01.051 25097 25129 I ContactsProvider_EventLog: cp_s: [ cnt({acore(25097)=1, dialer(32084)=28}) ]\r
10-30 21:10:01.051 25097 25129 I ContactsProvider_EventLog: cp_s: [PROFILE ] [SAPROFILE ]\r
10-30 21:10:01.051 25097 25129 I ContactsProvider_EventLog: cp_s: [STATE R(F) ]
10-30 21:10:01.396  1286  2485 D AppOps  : noteOperation: reject #3 for code 105 (105) uid 1001 package com.android.phone flags: s
10-30 21:10:01.410  1286  2178 D ChimeraPolicyHandler: onHomeLaunched()
10-30 21:10:01.411  1286  2178 I ChimeraAggressivePolicyHandler: executePolicy() - triggerSource: TRIGGER_SOURCE_HOME_IDLE
10-30 21:10:01.412  1286  2178 I ChimeraAggressivePolicyHandler: memAvailable: 537052, memFreeTarget: 747520, releaseTarget:210468, protectedLruCount: 8
10-30 21:10:01.412  1286  2178 D ChimeraAppManager: getAppsToKill() - protectedLruCount: 8
10-30 21:10:01.413  1286  2178 D ChimeraAppManager: getAppsToKill() - Protected by LRU : com.samsung.android.dialer
10-30 21:10:01.413  1286  2178 D ChimeraAppManager: getAppsToKill() - Protected by LRU : com.android.settings
10-30 21:10:01.414  1286  2178 D ChimeraAppManager: getAppsToKill() - Protected by LRU : com.android.chrome
10-30 21:10:01.415  1286  2178 I NSLocationMonitor: getGPSUsingApps() called
10-30 21:10:01.433  3232 21884 I NSLocationManager_FLP: getGPSUsingApps, NO_FREEZE={5013} / FREEZE={10204}
10-30 21:10:01.436  1286  2178 D MARs:OngoingNotiPackageFilter: filter : android(0)
10-30 21:10:01.437  1286  2178 D MARs:OngoingNotiPackageFilter: filter : com.google.android.setupwizard(0)
10-30 21:10:01.439  1286  2178 D ChimeraPolicyHandler: com.samsung.android.incallui:1001[27559]:G2(0x20002) score=42.1(80 10/5 56251)
10-30 21:10:01.439  1286  2178 D ChimeraPolicyHandler: com.google.android.ext.services:10252[2683]:G2(0x20000) score=40.7(92 10/10 32282)
10-30 21:10:01.439  1286  2178 D ChimeraPolicyHandler: com.sec.imsservice:1000[3551]:G2(0x20002) score=39.0(99 10/5 14421)
10-30 21:10:01.439  1286  2178 D ChimeraPolicyHandler: com.google.android.gms:10214[22189]:G2(0x20000) score=38.4(60 10/5 67808)
10-30 21:10:01.439  1286  2178 D ChimeraPolicyHandler: com.samsung.android.app.sharelive:5026[31206]:G2(0x20002) score=36.3(78 10/5 31764)
10-30 21:10:01.439  1286  2178 D ChimeraPolicyHandler: com.dish.wireless.carrierapp:10233[6597]:G2(0x20000) score=36.3(95 10/5 7072)
10-30 21:10:01.439  1286  2178 D ChimeraPolicyHandler: com.samsung.android.beaconmanager:5006[10252]:G2(0x20002) score=36.2(94 10/5 7920)
10-30 21:10:01.439  1286  2178 D ChimeraPolicyHandler: jp.co.cyberagent.stf:10300[12508]:G2(0x20000) score=35.9(93 10/50 8228)
10-30 21:10:01.439  1286  2178 D ChimeraPolicyHandler: com.samsung.android.smartsuggestions:10097[3892]:G2(0x20000) score=35.1(87 10/5 13084)
10-30 21:10:01.439  1286  2178 D ChimeraPolicyHandler: com.samsung.android.rubin.app:10082[12998]:G2(0x20000) score=35.1(86 10/5 14273)
10-30 21:10:01.439  1286  2178 D ChimeraPolicyHandler: com.sec.unifiedwfc:10191[27800]:G2(0x20000) score=34.5(85 10/5 12870)
10-30 21:10:01.439  1286  2178 D ChimeraPolicyHandler: com.samsung.android.scloud:5009[31296]:G2(0x20002) score=33.3(76 10/5 20522)
10-30 21:10:01.439  1286  2178 D ChimeraPolicyHandler: com.samsung.android.app.telephonyui:1001[28077]:G2(0x20002) score=33.3(84 10/5 8619)
10-30 21:10:01.439  1286  2178 D ChimeraPolicyHandler: com.sec.android.app.soundalive:10110[27718]:G2(0x20000) score=32.8(82 10/10 9249)
10-30 21:10:01.439  1286  2178 D ChimeraPolicyHandler: com.samsung.android.dqagent:1000[28137]:G2(0x20002) score=32.6(83 10/5 6696)
10-30 21:10:01.439  1286  2178 D ChimeraPolicyHandler: com.sec.hearingadjust:10036[27761]:G2(0x20000) score=32.1(81 10/10 7401)
10-30 21:10:01.439  1286  2178 D ChimeraPolicyHandler: com.samsung.android.scpm:5009[31262]:G2(0x20002) score=32.1(77 10/5 12980)
10-30 21:10:01.439  1286  2178 D ChimeraPolicyHandler: android:1000[30602]:G2(0x2000a) score=31.8(79 10/5 8978)
10-30 21:10:01.439  1286  2178 D ChimeraPolicyHandler: com.android.settings.intelligence:10103[31159]:G2(0x20000) score=31.6(75 10/10 13481)
10-30 21:10:01.439  1286  2178 D ChimeraPolicyHandler: com.sec.epdg:1000[3113]:G2(0x20002) score=27.8(61 10/5 15982)
10-30 21:10:01.439  1286  2178 D ChimeraPolicyHandler: com.google.android.googlequicksearchbox:10215[27313,3947]:G3(0x20800) score=63.6(58 10/10 190220)
10-30 21:10:01.439  1286  2178 I ChimeraAggressivePolicyHandler: Start doKill, protected policy: HEAVY
10-30 21:10:01.439  1286  2178 D ChimeraPolicyHandler: Skipped by interval: com.samsung.android.incallui, elapsed: 00:06:37, interval: 00:10:00, 1001[27559]:G2(0x20002) score=42.1(80 10/5 56251), pids: 27559 / stats: 19 / adjs: 975 
10-30 21:10:01.439  1286  2178 D ChimeraPolicyHandler: Skipped by adj     : com.google.android.ext.services, 10252[2683]:G2(0x20000) score=40.7(92 10/10 32282), pids: 2683 / stats: 5 / adjs: 100 
10-30 21:10:01.439  1286  2178 D ChimeraPolicyHandler: Skipped by adj     : com.sec.imsservice, 1000[3551]:G2(0x20002) score=39.0(99 10/5 14421), pids: 3551 / stats: 6 / adjs: 100 
10-30 21:10:01.440  1286  2178 D ChimeraPolicyHandler: Skipped by adj     : com.google.android.gms, 10214[22189]:G2(0x20000) score=38.4(60 10/5 67808), pids: 22189 / stats: 5 / adjs: 100 
10-30 21:10:01.440  1286  2178 D ChimeraPolicyHandler: Skipped by interval: com.samsung.android.app.sharelive, elapsed: 00:01:42, interval: 00:10:00, 5026[31206]:G2(0x20002) score=36.3(78 10/5 31764), pids: 31206 / stats: 19 / adjs: 975 
10-30 21:10:01.440  1286  2178 D ChimeraPolicyHandler: Skipped by adj     : com.dish.wireless.carrierapp, 10233[6597]:G2(0x20000) score=36.3(95 10/5 7072), pids: 6597 / stats: 5 / adjs: 100 
10-30 21:10:01.440  1286  2178 D ChimeraPolicyHandler: Skipped by adj     : com.samsung.android.beaconmanager, 5006[10252]:G2(0x20002) score=36.2(94 10/5 7920), pids: 10252 / stats: 8 / adjs: 200 
10-30 21:10:01.440  1286  2178 D ChimeraPolicyHandler: Skipped by interval: jp.co.cyberagent.stf, elapsed: 01:05:56, interval: 12:00:00, 10300[12508]:G2(0x20000) score=35.9(93 10/50 8228), pids: 12508 / stats: 4 / adjs: 200 
10-30 21:10:01.440  1286  2178 D ChimeraPolicyHandler: Skipped by adj     : com.samsung.android.smartsuggestions, 10097[3892]:G2(0x20000) score=35.1(87 10/5 13084), pids: 3892 / stats: 5 / adjs: 100 
10-30 21:10:01.441  1286  2178 D ChimeraPolicyHandler: Skipped by interval: com.samsung.android.rubin.app, elapsed: 01:05:15, interval: 12:00:00, 10082[12998]:G2(0x20000) score=35.1(86 10/5 14273), pids: 12998 / stats: 10 / adjs: 999 
10-30 21:10:01.441  1286  2178 D ChimeraPolicyHandler: Skipped by interval: com.sec.unifiedwfc, elapsed: 00:07:53, interval: 00:10:00, 10191[27800]:G2(0x20000) score=34.5(85 10/5 12870), pids: 27800 / stats: 19 / adjs: 999 
10-30 21:10:01.441  1286  2178 D ChimeraPolicyHandler: Skipped by interval: com.samsung.android.scloud, elapsed: 00:01:42, interval: 00:10:00, 5009[31296]:G2(0x20002) score=33.3(76 10/5 20522), pids: 31296 / stats: 19 / adjs: 965 
10-30 21:10:01.441  1286  2178 D ChimeraPolicyHandler: Skipped by interval: com.samsung.android.app.telephonyui, elapsed: 00:07:53, interval: 00:10:00, 1001[28077]:G2(0x20002) score=33.3(84 10/5 8619), pids: 28077 / stats: 19 / adjs: 995 
10-30 21:10:01.442  1286  2178 D ChimeraPolicyHandler: Skipped by interval: com.sec.android.app.soundalive, elapsed: 00:07:53, interval: 00:10:00, 10110[27718]:G2(0x20000) score=32.8(82 10/10 9249), pids: 27718 / stats: 19 / adjs: 985 
10-30 21:10:01.442  1286  2178 D ChimeraPolicyHandler: Skipped by interval: com.samsung.android.dqagent, elapsed: 00:06:37, interval: 00:10:00, 1000[28137]:G2(0x20002) score=32.6(83 10/5 6696), pids: 28137 / stats: 19 / adjs: 995 
10-30 21:10:01.442  1286  2178 D ChimeraPolicyHandler: Skipped by interval: com.sec.hearingadjust, elapsed: 00:06:37, interval: 00:10:00, 10036[27761]:G2(0x20000) score=32.1(81 10/10 7401), pids: 27761 / stats: 19 / adjs: 985 
