10-09 18:25:03.464  1277  1689 I DisplayDeviceRepository: Display device changed: DisplayDeviceInfo{\"Built-in Screen\": uniqueId=\"local:4630946312756012673\", 1080 x 2408, modeId 1, defaultModeId 1, supportedModes [{id=1, width=1080, height=2408, fps=120.00001, alternativeRefreshRates=[60.000004]}, {id=2, width=1080, height=2408, fps=60.000004, alternativeRefreshRates=[120.00001]}], colorMode 0, supportedColorModes [0], hdrCapabilities HdrCapabilities{mSupportedHdrTypes=[], mMaxLuminance=500.0, mMaxAverageLuminance=500.0, mMinLuminance=0.0}, allmSupported false, gameContentTypeSupported false, density 450, 403.411 x 402.389 dpi, appVsyncOff 1000000, presDeadline 12666666, cutout DisplayCutout{insets=Rect(0, 65 - 0, 0) waterfall=Insets{left=0, top=0, right=0, bottom=0} boundingRect={Bounds=[Rect(0, 0 - 0, 0), Rect(454, 0 - 626, 65), Rect(0, 0 - 0, 0), Rect(0, 0 - 0, 0)]} cutoutPathParserInfo={CutoutPathParserInfo{displayWidth=1080 displayHeight=2408 physicalDisplayWidth=1080 physicalDisplayHeight=2408 density={2.8125} cutoutSpec={M 0,0 H -30.57777777777778 V 23.11111111111111 H 30.57777777777778 V 0 H 0 Z @dp} rotation={0} scale={1.0} physicalPixelDisplaySizeRatio={1.0}}}}, touch INTERNAL, rotation 0, type INTERNAL, address {port=129, model=0x40446d22b9ba26}, deviceProductInfo DeviceProductInfo{name=, manufacturerPnpId=QCM, productId=1, modelYear=null, manufactureDate=ManufactureDate{week=27, year=2006}, connectionToSinkType=0}, state ON, frameRateOverride , brightnessMinimum 0.0, brightnessMaximum 1.0, brightnessDefault 0.5019608, roundedCorners RoundedCorners{[RoundedCorner{position=TopLeft, radius=90, center=Point(90, 90)}, RoundedCorner{position=TopRight, radius=90, center=Point(990, 90)}, RoundedCorner{position=BottomRight, radius=90, center=Point(990, 2318)}, RoundedCorner{position=BottomLeft, radius=90, center=Point(90, 2318)}]}, FLAG_ALLOWED_TO_BE_DEFAULT_DISPLAY, FLAG_ROTATES_WITH_CONTENT, FLAG_SECURE, FLAG_SUPPORTS_PROTECTED_BUFFERS, installOrientation 0}
10-09 18:25:03.468  1277  1277 D SGM:GameManager: onDisplayChanged. displyId: 0, state: 2
10-09 18:25:03.469  1277  1277 D AODManagerService: requestReCalToTSP IsSingleTouchMode = false / previousDisplayState = ON
10-09 18:25:03.469  1277  2077 D SGM:FgCheckThread: onLooperPrepared(), msg: MSG_LCD_ON
10-09 18:25:03.469  1277  3168 D LiftUpHandler: [LTW] Stopped already.
10-09 18:25:03.470  2676  4339 I ViewRootImpl@625cee[LauncherActivity]: mWNT: t=0xb400007157f22300 mBlastBufferQueue=0xb40000714be5ac00 fn= 4 caller= com.android.systemui.shared.launcher.ViewRootImplCompat.mergeWithNextTransaction:2 com.android.quickstep.util.SurfaceTransactionApplier.lambda$scheduleApply$0:2 com.android.quickstep.util.SurfaceTransactionApplier.b:0 
10-09 18:25:03.470  1139  3083 D NativeSemDvfsManager: acquire:: timeout = 2000 mIsAcquired = 1  mTagName : SurfaceFlinger 
10-09 18:25:03.470  2263  2263 D DisplayLifecycle: updateDisplay id = 0
10-09 18:25:03.471   981  1084 I HYPER-HAL: [RequestManager.cpp]acquire(): Acquired ID : 2289730  [1139 / 1000]    HINT : SF_GPU_MINLOCK    list : [TIMEOUT / 2000] 
10-09 18:25:03.472  1277  2787 D InputMethodManagerService: isImeSwitcherDisabledPackage : false
10-09 18:25:03.472  1139  3083 E NativeCustomFrequencyManager: [NativeCFMS] BpCustomFrequencyManager::acquire()
10-09 18:25:03.472  2233  2233 D DCT-C-0 : Screen INTERNAL on
10-09 18:25:03.473  1277  1689 D DisplayModeDirector: onBrightnessChangedLocked, brightness=128, lux=-1.0
10-09 18:25:03.473  1277  1689 D DisplayModeDirector: setPassiveMode=false, brightness=128, lux=-1.0, mRequestedPassive=false
10-09 18:25:03.473  4564  4564 I InputMethodService: removeImeSurface
10-09 18:25:03.474  4564  4564 I MSHandlerLifeCycle: check: return. pkg=com.samsung.android.honeyboard isActivity=false callers=com.android.internal.policy.DecorView.setVisibility:4378 android.app.Dialog.hide:771 android.inputmethodservice.InputMethodService.removeImeSurface:1290 android.inputmethodservice.InputMethodService.scheduleImeSurfaceRemoval:1279 android.inputmethodservice.InputMethodService.-$$Nest$mscheduleImeSurfaceRemoval:0 
10-09 18:25:03.474  4564  4564 I MSHandlerLifeCycle: removeMultiSplitHandler: no exist. decor=DecorView@6e5fea5[InputMethod]
10-09 18:25:03.476  2676  4338 I ViewRootImpl@625cee[LauncherActivity]: mWNT: t=0xb400007157f22400 mBlastBufferQueue=0xb40000714be5ac00 fn= 5 caller= com.android.systemui.shared.launcher.ViewRootImplCompat.mergeWithNextTransaction:2 com.android.quickstep.util.SurfaceTransactionApplier.lambda$scheduleApply$0:2 com.android.quickstep.util.SurfaceTransactionApplier.b:0 
10-09 18:25:03.485  2676  4339 I ViewRootImpl@625cee[LauncherActivity]: mWNT: t=0xb400007157f22700 mBlastBufferQueue=0xb40000714be5ac00 fn= 6 caller= com.android.systemui.shared.launcher.ViewRootImplCompat.mergeWithNextTransaction:2 com.android.quickstep.util.SurfaceTransactionApplier.lambda$scheduleApply$0:2 com.android.quickstep.util.SurfaceTransactionApplier.b:0 
10-09 18:25:03.488  1277  2459 D MdnieScenarioControlService:  packageName : com.sec.android.app.launcher    className : com.android.launcher3.uioverrides.QuickstepLauncher
10-09 18:25:03.489  1277  2459 V MdnieScenarioControlService: setUIMode from UI function(3)
10-09 18:25:03.493  2676  4338 I ViewRootImpl@625cee[LauncherActivity]: mWNT: t=0xb400007157f22800 mBlastBufferQueue=0xb40000714be5ac00 fn= 7 caller= com.android.systemui.shared.launcher.ViewRootImplCompat.mergeWithNextTransaction:2 com.android.quickstep.util.SurfaceTransactionApplier.lambda$scheduleApply$0:2 com.android.quickstep.util.SurfaceTransactionApplier.b:0 
10-09 18:25:03.501  2676  4339 I ViewRootImpl@625cee[LauncherActivity]: mWNT: t=0xb400007157f22900 mBlastBufferQueue=0xb40000714be5ac00 fn= 8 caller= com.android.systemui.shared.launcher.ViewRootImplCompat.mergeWithNextTransaction:2 com.android.quickstep.util.SurfaceTransactionApplier.lambda$scheduleApply$0:2 com.android.quickstep.util.SurfaceTransactionApplier.b:0 
10-09 18:25:03.510  2676  4338 I ViewRootImpl@625cee[LauncherActivity]: mWNT: t=0xb400007157f22a00 mBlastBufferQueue=0xb40000714be5ac00 fn= 9 caller= com.android.systemui.shared.launcher.ViewRootImplCompat.mergeWithNextTransaction:2 com.android.quickstep.util.SurfaceTransactionApplier.lambda$scheduleApply$0:2 com.android.quickstep.util.SurfaceTransactionApplier.b:0 
10-09 18:25:03.518  2676  4339 I ViewRootImpl@625cee[LauncherActivity]: mWNT: t=0xb400007157f22d00 mBlastBufferQueue=0xb40000714be5ac00 fn= 10 caller= com.android.systemui.shared.launcher.ViewRootImplCompat.mergeWithNextTransaction:2 com.android.quickstep.util.SurfaceTransactionApplier.lambda$scheduleApply$0:2 com.android.quickstep.util.SurfaceTransactionApplier.b:0 
10-09 18:25:03.526  2676  4338 I ViewRootImpl@625cee[LauncherActivity]: mWNT: t=0xb400007157f22f00 mBlastBufferQueue=0xb40000714be5ac00 fn= 11 caller= com.android.systemui.shared.launcher.ViewRootImplCompat.mergeWithNextTransaction:2 com.android.quickstep.util.SurfaceTransactionApplier.lambda$scheduleApply$0:2 com.android.quickstep.util.SurfaceTransactionApplier.b:0 
10-09 18:25:03.534  2676  4339 I ViewRootImpl@625cee[LauncherActivity]: mWNT: t=0xb400007157d26100 mBlastBufferQueue=0xb40000714be5ac00 fn= 12 caller= com.android.systemui.shared.launcher.ViewRootImplCompat.mergeWithNextTransaction:2 com.android.quickstep.util.SurfaceTransactionApplier.lambda$scheduleApply$0:2 com.android.quickstep.util.SurfaceTransactionApplier.b:0 
10-09 18:25:03.543  2676  4338 I ViewRootImpl@625cee[LauncherActivity]: mWNT: t=0xb40000713b5fd000 mBlastBufferQueue=0xb40000714be5ac00 fn= 13 caller= com.android.systemui.shared.launcher.ViewRootImplCompat.mergeWithNextTransaction:2 com.android.quickstep.util.SurfaceTransactionApplier.lambda$scheduleApply$0:2 com.android.quickstep.util.SurfaceTransactionApplier.b:0 
10-09 18:25:03.551  2676  4339 I ViewRootImpl@625cee[LauncherActivity]: mWNT: t=0xb40000713b5fd100 mBlastBufferQueue=0xb40000714be5ac00 fn= 14 caller= com.android.systemui.shared.launcher.ViewRootImplCompat.mergeWithNextTransaction:2 com.android.quickstep.util.SurfaceTransactionApplier.lambda$scheduleApply$0:2 com.android.quickstep.util.SurfaceTransactionApplier.b:0 
10-09 18:25:03.559  2676  4338 I ViewRootImpl@625cee[LauncherActivity]: mWNT: t=0xb40000713b5fd400 mBlastBufferQueue=0xb40000714be5ac00 fn= 15 caller= com.android.systemui.shared.launcher.ViewRootImplCompat.mergeWithNextTransaction:2 com.android.quickstep.util.SurfaceTransactionApplier.lambda$scheduleApply$0:2 com.android.quickstep.util.SurfaceTransactionApplier.b:0 
10-09 18:25:03.565  1139  1139 D SurfaceFlinger: Display 4630946312756012673 HWC layers:
10-09 18:25:03.565  1139  1139 D SurfaceFlinger:      DEVICE | 0xb40000756f620420 | 0100 | RGBx_8888    |  667.0   11.0 1733.0 2389.0 |    0    0 1080 2408 | Wallpaper BBQ wrapper#92
10-09 18:25:03.565  1139  1139 D SurfaceFlinger:      DEVICE | 0xb40000756f625660 | 0100 | RGBA_8888    |    0.0    0.0 1080.0 2408.0 |    0    0 1080 2408 | com.sec.android.app.launcher/com.sec[...]vities.LauncherActivity$_2676#236097
10-09 18:25:03.565  1139  1139 D SurfaceFlinger:      CLIENT | 0xb40000756f622e90 | 0100 | RGBA_8888    |    0.0    0.0 1080.0   70.0 |    0    0 1080   70 | StatusBar$_2263#85
10-09 18:25:03.565  1139  1139 D SurfaceFlinger:      CLIENT | 0xb4000075802211c0 | 0100 | RGBA_8888    |    0.0    0.0 1080.0  135.0 |    0 2273 1080 2408 | NavigationBar0$_2263#77
10-09 18:25:03.565  1139  1139 D SurfaceFlinger:      CLIENT | 0xb40000756f6256d0 | 0100 | RGBA_8888    |    0.0    0.0  522.0   67.0 |  279 2341  801 2408 | com.samsung.android.spay.pay.HintService$_19978#236100
10-09 18:25:03.565  1139  1139 D SurfaceFlinger: 
10-09 18:25:03.568  2676  4339 I ViewRootImpl@625cee[LauncherActivity]: mWNT: t=0xb40000713b5fd500 mBlastBufferQueue=0xb40000714be5ac00 fn= 16 caller= com.android.systemui.shared.launcher.ViewRootImplCompat.mergeWithNextTransaction:2 com.android.quickstep.util.SurfaceTransactionApplier.lambda$scheduleApply$0:2 com.android.quickstep.util.SurfaceTransactionApplier.b:0 
10-09 18:25:03.576  2676  4338 I ViewRootImpl@625cee[LauncherActivity]: mWNT: t=0xb40000713b5fd600 mBlastBufferQueue=0xb40000714be5ac00 fn= 17 caller= com.android.systemui.shared.launcher.ViewRootImplCompat.mergeWithNextTransaction:2 com.android.quickstep.util.SurfaceTransactionApplier.lambda$scheduleApply$0:2 com.android.quickstep.util.SurfaceTransactionApplier.b:0 
10-09 18:25:03.585  2676  4339 I ViewRootImpl@625cee[LauncherActivity]: mWNT: t=0xb40000713b5fd700 mBlastBufferQueue=0xb40000714be5ac00 fn= 18 caller= com.android.systemui.shared.launcher.ViewRootImplCompat.mergeWithNextTransaction:2 com.android.quickstep.util.SurfaceTransactionApplier.lambda$scheduleApply$0:2 com.android.quickstep.util.SurfaceTransactionApplier.b:0 
10-09 18:25:03.590  1277  2459 V MdnieScenarioControlService: mAclOffEnabled : false mAclPreviewState : false mAclCompensationState : false
10-09 18:25:03.593  2676  4338 I ViewRootImpl@625cee[LauncherActivity]: mWNT: t=0xb40000713b5fd800 mBlastBufferQueue=0xb40000714be5ac00 fn= 19 caller= com.android.systemui.shared.launcher.ViewRootImplCompat.mergeWithNextTransaction:2 com.android.quickstep.util.SurfaceTransactionApplier.lambda$scheduleApply$0:2 com.android.quickstep.util.SurfaceTransactionApplier.b:0 
10-09 18:25:03.601  2676  4339 I ViewRootImpl@625cee[LauncherActivity]: mWNT: t=0xb40000713b5fd900 mBlastBufferQueue=0xb40000714be5ac00 fn= 20 caller= com.android.systemui.shared.launcher.ViewRootImplCompat.mergeWithNextTransaction:2 com.android.quickstep.util.SurfaceTransactionApplier.lambda$scheduleApply$0:2 com.android.quickstep.util.SurfaceTransactionApplier.b:0 
10-09 18:25:03.611  2676  4338 I ViewRootImpl@625cee[LauncherActivity]: mWNT: t=0xb40000713b5fdc00 mBlastBufferQueue=0xb40000714be5ac00 fn= 21 caller= com.android.systemui.shared.launcher.ViewRootImplCompat.mergeWithNextTransaction:2 com.android.quickstep.util.SurfaceTransactionApplier.lambda$scheduleApply$0:2 com.android.quickstep.util.SurfaceTransactionApplier.b:0 
10-09 18:25:03.622  2676  4339 I ViewRootImpl@625cee[LauncherActivity]: mWNT: t=0xb40000713b5fde00 mBlastBufferQueue=0xb40000714be5ac00 fn= 22 caller= com.android.systemui.shared.launcher.ViewRootImplCompat.mergeWithNextTransaction:2 com.android.quickstep.util.SurfaceTransactionApplier.lambda$scheduleApply$0:2 com.android.quickstep.util.SurfaceTransactionApplier.b:0 
10-09 18:25:03.633  2676  4338 I ViewRootImpl@625cee[LauncherActivity]: mWNT: t=0xb40000713b621500 mBlastBufferQueue=0xb40000714be5ac00 fn= 23 caller= com.android.systemui.shared.launcher.ViewRootImplCompat.mergeWithNextTransaction:2 com.android.quickstep.util.SurfaceTransactionApplier.lambda$scheduleApply$0:2 com.android.quickstep.util.SurfaceTransactionApplier.b:0 
10-09 18:25:03.643  2676  4339 I ViewRootImpl@625cee[LauncherActivity]: mWNT: t=0xb40000713b621600 mBlastBufferQueue=0xb40000714be5ac00 fn= 24 caller= com.android.systemui.shared.launcher.ViewRootImplCompat.mergeWithNextTransaction:2 com.android.quickstep.util.SurfaceTransactionApplier.lambda$scheduleApply$0:2 com.android.quickstep.util.SurfaceTransactionApplier.b:0 
10-09 18:25:03.644  2676  2676 W AppTransitionAnimatorImpl: onAnimationEnd - APP OUT, Execution time for each frame : Start-(1)-0-(0)-0-(2)-1-(16)-0-(26)-0-(8)-1-(8)-0-(8)-0-(8)-1-(8)-0-(8)-0-(8)-1-(8)-0-(8)-0-(8)-1-(8)-0-(8)-0-(8)-1-(8)-0-(8)-0-(9)-0-(8)-0-(8)-0-(9)-0-(8)-0-(9)-1-End
10-09 18:25:03.644  2676  2676 I AppTransitionAnimatorImpl: resetContentView
10-09 18:25:03.644  2676  2676 I AnimationResult: AnimationResult finish : onAnimationEnd
10-09 18:25:03.644  2676  2676 I AnimationResult: finish : false, null
10-09 18:25:03.644  2676  2898 I AnimationResult: finish callback : null
10-09 18:25:03.644  1277  2636 D WindowManager: app-onAnimationFinished(): mOuter=RemoteAnimationController@cef5e37
10-09 18:25:03.645  1277  2636 D WindowManager: onAnimationFinished(RemoteAnimationController@cef5e37): mPendingAnimations=2, caller=
10-09 18:25:03.645  1277  2636 D WindowManager: app-release(): mOuter=RemoteAnimationController@cef5e37
10-09 18:25:03.645  1277  2636 D WindowManager: onAnimationFinished(): Notify animation finished:
10-09 18:25:03.645  1277  2636 I WindowManager: Reparenting to original parent: Surface(name=DefaultTaskDisplayArea)/@0x15d006, destroy=true, surface=Surface(name=Task=1)/@0xf08c487
10-09 18:25:03.647  1277  2636 D WindowManager: \tcontainer=Task{e16e9f8 #1 type=home ?? U=0 visible=true visibleRequested=true mode=fullscreen translucent=false sz=1}
10-09 18:25:03.647  1277  2636 I WindowManager: Reparenting to original parent: Surface(name=DefaultTaskDisplayArea)/@0x15d006, destroy=true, surface=Surface(name=Task=16483)/@0x9c778b0
10-09 18:25:03.648  1277  2636 V WindowManager: Setting visibility of Window{a6e1e61 u0 com.sec.android.RilServiceModeApp/com.sec.android.RilServiceModeApp.ServiceModeApp}: false, caller=com.android.server.wm.WindowContainer.sendAppVisibilityToClients:1236 com.android.server.wm.WindowToken.setClientVisible:431 com.android.server.wm.ActivityRecord.setClientVisible:7565 com.android.server.wm.ActivityRecord.onAnimationFinished:8423 com.android.server.wm.WindowContainer.doAnimationFinished:3446 
10-09 18:25:03.649 27204 27204 I ViewRootImpl@b3ccd53[ServiceModeApp]: handleAppVisibility mAppVisible = true visible = false
10-09 18:25:03.649  1277  2636 D WindowManager: \tcontainer=Task{b75e2d6 #16483 type=standard A=1000:com.sec.android.RilServiceModeApp U=0 visible=false visibleRequested=false mode=fullscreen translucent=true sz=1}
10-09 18:25:03.649  1277  2636 I WindowManager: Reparenting to original parent: Surface(name=Leaf:0:1)/@0xcb86142, destroy=true, surface=Surface(name=WallpaperWindowToken{e34b013 token=android.os.Binder@c9d8f02})/@0x72f9b8d
10-09 18:25:03.650  1277  2636 D WindowManager: \twallpaper=WallpaperWindowToken{e34b013 token=android.os.Binder@c9d8f02}
10-09 18:25:03.651  1277  2636 I WindowManager: Finishing remote animation
10-09 18:25:03.655  2676  2676 W Launcher: onEnterAnimationComplete
10-09 18:25:03.655  2676  4338 I ViewRootImpl@625cee[LauncherActivity]: mWNT: t=0xb40000713b621700 mBlastBufferQueue=0xb40000714be5ac00 fn= 25 caller= com.android.systemui.shared.launcher.ViewRootImplCompat.mergeWithNextTransaction:2 com.android.quickstep.util.SurfaceTransactionApplier.lambda$scheduleApply$0:2 com.android.quickstep.util.SurfaceTransactionApplier.b:0 
10-09 18:25:03.659  1277  1689 I wm_destroy_activity: [0,121972839,16483,com.sec.android.RilServiceModeApp/.ServiceModeApp,finish-imm:idle]
10-09 18:25:03.659  1139  1139 I Layer   : id=236102 removedFromDrawingState Surface(name=Task=1)/@0xf08c487 - animation-leash of app_transition#236102 (117)
10-09 18:25:03.659  1139  1139 I Layer   : id=236101 removedFromDrawingState Surface(name=Task=16483)/@0x9c778b0 - animation-leash of app_transition#236101 (117)
10-09 18:25:03.659  1139  1139 I Layer   : id=236103 removedFromDrawingState Surface(name=WallpaperWindowToken{e34b013 token=android.os.Binder@c9d8f02})/@0x72f9b8d - animation-leash of window_animation#236103 (117)
10-09 18:25:03.660  1277  7309 V WindowManager: Relayout Window{a6e1e61 u0 com.sec.android.RilServiceModeApp/com.sec.android.RilServiceModeApp.ServiceModeApp}: viewVisibility=8 req=1080x2408 d0
10-09 18:25:03.665  1277  7309 V WindowManager: Relayout hash=a6e1e61, pid=27204, syncId=-1: mAttrs={(0,0)(fillxfill) sim={adjust=resize forwardNavigation} ty=BASE_APPLICATION wanim=0x10302f4
10-09 18:25:03.665  1277  7309 V WindowManager:   fl=81810100
10-09 18:25:03.665  1277  7309 V WindowManager:   pfl=12020040
10-09 18:25:03.665  1277  7309 V WindowManager:   apr=LIGHT_NAVIGATION_BARS
10-09 18:25:03.665  1277  7309 V WindowManager:   bhv=DEFAULT
10-09 18:25:03.665  1277  7309 V WindowManager:   fitSides= naviIconColor=0
10-09 18:25:03.665  1277  7309 V WindowManager:   sfl=100000}
10-09 18:25:03.672 19978 19992 I SAMSUNGWALLET: [Hint_ProcessStatusChange] fg Change, pid : 27204 , isNotify : true , isForeground : false , fg list : [2676]
10-09 18:25:03.673 27204 27204 I ViewRootImpl@b3ccd53[ServiceModeApp]: Relayout returned: old=(0,0,1080,2408) new=(0,0,1080,2408) req=(1080,2408)8 dur=15 res=0x2 s={false 0x0} ch=true seqId=0
10-09 18:25:03.673 27204 27204 I ViewRootImpl@b3ccd53[ServiceModeApp]: stopped(true) old = false
10-09 18:25:03.674 27204 27204 I wm_on_stop_called: [121972839,com.sec.android.RilServiceModeApp.ServiceModeApp,LIFECYCLER_STOP_ACTIVITY]
10-09 18:25:03.675 27204 27204 I MSHandlerLifeCycle: check: return. Multi-window not supported pkg=com.sec.android.RilServiceModeApp
10-09 18:25:03.675 27204 27204 I MSHandlerLifeCycle: removeMultiSplitHandler: no exist. decor=DecorView@7bd6792[ServiceModeApp]
10-09 18:25:03.675 27204 27204 E ModemServiceMode: onDestroy start
10-09 18:25:03.675 27204 27204 E ModemServiceMode: unbind connection
10-09 18:25:03.675 19978 20000 I SAMSUNGWALLET: [Hint_afp] isHomePackageRunning topPkgName = com.sec.android.app.launcher, topClsName = com.android.launcher3.uioverrides.QuickstepLauncher, return true , se : true
10-09 18:25:03.676 19978 19978 I SAMSUNGWALLET: [Hint_IntroHintService] Hint Status - already visible, skip show
10-09 18:25:03.677 22703 22703 E RILS    : onDestroy start
10-09 18:25:03.677 22703 22703 E RILS    : onDestroy finish
10-09 18:25:03.677 22703 11045 E RILS    : Hit EOS reading message length
10-09 18:25:03.677 22703 11045 I RILS    : Disconnected from 'Multiclient' socket
10-09 18:25:03.677 27204 27204 E ModemServiceMode: onDestroy finish
10-09 18:25:03.677 27204 27204 I wm_on_destroy_called: [121972839,com.sec.android.RilServiceModeApp.ServiceModeApp,performDestroy]
10-09 18:25:03.677 22703 11045 E RILS    : Thread interrupted...start to exit - Multiclient, TID: 83
10-09 18:25:03.678  1946  1952 E Multi-Client: OemClient::Process(): EOS. oem client(8), errno:11
10-09 18:25:03.678 22703 11045 E RILS    : Thread is terminated by InterruptedException
10-09 18:25:03.678  1277  2787 D CoreBackPreview: Window{a6e1e61 u0 com.sec.android.RilServiceModeApp/com.sec.android.RilServiceModeApp.ServiceModeApp}: Setting back callback null
10-09 18:25:03.678 27204 27204 I MSHandlerLifeCycle: removeMultiSplitHandler: no exist. decor=DecorView@7bd6792[ServiceModeApp]
10-09 18:25:03.679 27204 27204 I DecorView: setWindowBackground: isPopOver=false color=fff6f6f6 d=null
10-09 18:25:03.679 27204 27204 I DecorView: notifyKeepScreenOnChanged: keepScreenOn=false
10-09 18:25:03.680 27204 27204 I ViewRootImpl@b3ccd53[ServiceModeApp]: dispatchDetachedFromWindow
10-09 18:25:03.681  1277  2787 D InputTransport: Input channel destroyed: 'a6e1e61', fd=906
10-09 18:25:03.681  1277  2787 W InputManager-JNI: Input channel object 'a6e1e61 com.sec.android.RilServiceModeApp/com.sec.android.RilServiceModeApp.ServiceModeApp (client)' was disposed without first being removed with the input manager!
10-09 18:25:03.681  1277  2787 D InputTransport: Input channel destroyed: 'a6e1e61', fd=915
10-09 18:25:03.682  1277  2787 I WindowManager: Destroying surface Surface(name=com.sec.android.RilServiceModeApp/com.sec.android.RilServiceModeApp.ServiceModeApp$_27204)/@0x8548328 called by com.android.server.wm.WindowStateAnimator.destroySurface:907 com.android.server.wm.WindowStateAnimator.destroySurfaceLocked:519 com.android.server.wm.WindowState.removeImmediately:2933 com.android.server.wm.WindowState.removeIfPossible:3177 com.android.server.wm.WindowState.removeIfPossible:3004 com.android.server.wm.WindowManagerService.removeWindow:2234 com.android.server.wm.Session.remove:236 android.view.IWindowSession$Stub.onTransact:743 
10-09 18:25:03.682  1277  2787 D RestrictionPolicy: isScreenCaptureEnabled : ret=true userId=0
10-09 18:25:03.683  1277  2787 V WindowManager: Nulling last startingData
10-09 18:25:03.688  1139  1821 I SurfaceFlinger: id=236083 Removed 5c8cb81 ActivityRecordInputSink com.sec.android.RilServiceModeApp/.ServiceModeApp#236083 (117)
10-09 18:25:03.688  1277  2787 I wm_task_removed: [16483,removeChild:removeChild last r=ActivityRecord{7452867 u0 com.sec.android.RilServiceModeApp/.ServiceModeApp} t-1 f}} in t=Task{b75e2d6 #16483 type=standard A=1000:com.sec.android.RilServiceModeApp U=0 visible=false visibleRequested=false mode=fullscreen translucent=true sz=0},1]
10-09 18:25:03.688  1277  2787 I wm_task_removed: [16483,removeChild,1]
10-09 18:25:03.688  1139  1821 I SurfaceFlinger: id=236106 createSurf, flag=24004, Task=16483#236106
10-09 18:25:03.691  2676  2676 I RecentsView: onTaskRemoved() taskId : 16483
10-09 18:25:03.691  2676  2676 I TopTaskTracker: onTaskRemoved : taskId = 16483
10-09 18:25:03.691  2676  2676 I RecentsView: onTaskRemoved() taskId : 16483
10-09 18:25:03.691  2676  2676 I TopTaskTracker: onTaskRemoved : taskId = 16483
10-09 18:25:03.692  1139  1139 I Layer   : id=236086 removedFromDrawingState com.sec.android.RilServiceModeApp/com.sec.android.RilServiceModeApp.ServiceModeApp$_27204#236086 (118)
10-09 18:25:03.692  1139  1139 I Layer   : id=236084 removedFromDrawingState a6e1e61 com.sec.android.RilServiceModeApp/com.sec.android.RilServiceModeApp.ServiceModeApp#236084 (118)
10-09 18:25:03.692  1139  1139 I Layer   : id=236075 removedFromDrawingState ActivityRecord{7452867 u0 com.sec.android.RilServiceModeApp/.ServiceModeApp}#236075 (118)
10-09 18:25:03.692  1139  1139 I Layer   : id=236083 removedFromDrawingState 5c8cb81 ActivityRecordInputSink com.sec.android.RilServiceModeApp/.ServiceModeApp#236083 (118)
10-09 18:25:03.692  1139  1139 I Layer   : id=236074 removedFromDrawingState Task=16483#236074 (118)
10-09 18:25:03.693  1139  1139 I Layer   : id=236106 removedFromDrawingState Task=16483#236106 (118)
10-09 18:25:03.693  1139  1139 I SurfaceFlinger: id=236075 Removed ActivityRecord{7452867 u0 com.sec.android.RilServiceModeApp/.ServiceModeApp}#236075 (118)
10-09 18:25:03.693  1139  1139 I SurfaceFlinger: id=236106 Removed Task=16483#236106 (118)
10-09 18:25:03.693  1139  1139 I SurfaceFlinger: id=236086 Removed com.sec.android.RilServiceModeApp/com.sec.android.RilServiceModeApp.ServiceModeApp$_27204#236086 (118)
10-09 18:25:03.693  1139  1139 I SurfaceFlinger: id=236084 Removed a6e1e61 com.sec.android.RilServiceModeApp/com.sec.android.RilServiceModeApp.ServiceModeApp#236084 (118)
10-09 18:25:03.693  1139  1139 I Layer   : id=236106 Destroyed Task=16483#236106
10-09 18:25:03.693  1139  1139 I Layer   : id=236086 Destroyed com.sec.android.RilServiceModeApp/com.sec.android.RilServiceModeApp.ServiceModeApp$_27204#236086
10-09 18:25:03.694  1139  1139 I Layer   : id=236075 Destroyed ActivityRecord{7452867 u0 com.sec.android.RilServiceModeApp/.ServiceModeApp}#236075
10-09 18:25:03.694  1139  1139 I Layer   : id=236084 Destroyed a6e1e61 com.sec.android.RilServiceModeApp/com.sec.android.RilServiceModeApp.ServiceModeApp#236084
10-09 18:25:03.694  1139  1139 I Layer   : id=236083 Destroyed 5c8cb81 ActivityRecordInputSink com.sec.android.RilServiceModeApp/.ServiceModeApp#236083
10-09 18:25:03.800  1277  2459 D MdnieScenarioControlService:  packageName : com.sec.android.app.launcher    className : com.android.launcher3.uioverrides.QuickstepLauncher
10-09 18:25:03.801  1277  2459 V MdnieScenarioControlService: setUIMode from UI function(3)
10-09 18:25:03.819   981 11217 I HYPER-HAL: [ResourceManager.cpp]removeResource(): [CPUMinFreq] RemoveResource Request ID : 853500
10-09 18:25:03.819   981 11217 I HYPER-HAL: [RequestManager.cpp]releaseLocked(): Released ID : 853500
10-09 18:25:03.904  1277  2459 V MdnieScenarioControlService: mAclOffEnabled : false mAclPreviewState : false mAclCompensationState : false
10-09 18:25:04.035   649   649 D io_stats: !@   8,0 r 15115175 275937004 w 7066832 85861448 d 1902084 95971412 f 0 0 iot 19054168 0 th 0 0 0 pt 0 inp 0 0 1474315.652
10-09 18:25:04.036   649   649 D io_stats: !@ Read_top(KB): droid.rubin.app(7476) 32 system_server(1277) 16 kworker/u16:5(30898) 8
10-09 18:25:04.036   649   649 D io_stats: !@ Write_top(KB): system_server(1277) 8
10-09 18:25:04.082 13058 13058 E STFService: run1: 3.2.3
10-09 18:25:04.082 13058 13058 E STFService: getNetworkProperties: Location fine denied
10-09 18:25:04.299  1139  1139 I DisplayDevice: [Display 4630946312756012673 (internal, primary, \"\")] ActiveConfigToHWC, ID : 1
10-09 18:25:04.300  1139  1139 I LayerHistory: NavigationBar0$_2263#77 Max (can't resolve refresh rate)
10-09 18:25:04.301  1139  1139 I LayerHistory: com.sec.android.app.launcher/com.sec.android.app.launcher.activities.LauncherActivity$_2676#236097 Max (can't resolve refresh rate)
10-09 18:25:04.301  1139  1139 I SurfaceFlinger: Idle - choose 60.00 Hz
10-09 18:25:04.303  1139  1139 D SurfaceFlinger: GPIS:: requestGPIS
10-09 18:25:04.305  1067 29444 I SDM     : HWCDisplay::SubmitDisplayConfig: [DispConfigs] config 0 => 1, hs_mode 1 => 1
10-09 18:25:04.305  1067 29444 I SDM     : DisplayBase::SetActiveConfig: [DispConfigs] 0 => 1 or hs mode is changed if same config
10-09 18:25:04.305  1067 29444 I SDM     : HWDeviceDRM::SetDisplaySwitchMode: [DispConfigs] check hs_mode 1
10-09 18:25:04.305  1067 29444 I SDM     : HWDeviceDRM::SetDisplaySwitchMode: [DispConfigs] SetDisplayAttributes  mode_index 1
10-09 18:25:04.306  1067 29444 I SDM     : HWDeviceDRM::UpdateMixerAttributes: Mixer WxH 1080x2408-0 for Peripheral
10-09 18:25:04.306  1067 29444 I SDM     : HWCDisplay::SubmitDisplayConfig: Active configuration changed to: 1
10-09 18:25:04.359  1277  7762 D SGM:GameManager: identifyGamePackage. com.sec.android.app.launcher, mCurrentUserId: 0, callerUserId: 0, callingMethodInfo: com.android.server.ssrm.SortingMachine.isGame(SortingMachine.java:162)
10-09 18:25:04.359  1277  7762 D SGM:PkgDataHelper: getGamePkgData(). com.sec.android.app.launcher
10-09 18:25:04.444 13058 13095 I STFService: CoreFrequency index: 0 current: 576000 max: 1804800
10-09 18:25:04.447 13058 13095 I STFService: CoreFrequency index: 1 current: 576000 max: 1804800
10-09 18:25:04.450 13058 13095 I STFService: CoreFrequency index: 2 current: 576000 max: 1804800
10-09 18:25:04.454 13058 13095 I STFService: CoreFrequency index: 3 current: 576000 max: 1804800
10-09 18:25:04.456 13058 13095 I STFService: CoreFrequency index: 4 current: 1113600 max: 1804800
10-09 18:25:04.458 13058 13095 I STFService: CoreFrequency index: 5 current: 1113600 max: 1804800
10-09 18:25:04.462 13058 13095 I STFService: CoreFrequency index: 6 current: 691200 max: 2208000
10-09 18:25:04.467  2676  2900 I QuickstepModelDelegate: Widget predictions updated
10-09 18:25:04.468 13058 13095 I STFService: CoreFrequency index: 7 current: 691200 max: 2208000
10-09 18:25:04.539   978  2993 I sensors-hal: handle_sns_client_event:544, [0][54796] accel_sample [ 0.244,  0.104,  9.858] 1566154676563871
10-09 18:25:04.825   981 11218 I HYPER-HAL: [ResourceManager.cpp]removeResource(): [CPUMaxFreq] RemoveResource Request ID : 8014020
10-09 18:25:04.825   981 11218 I HYPER-HAL: [RequestManager.cpp]releaseLocked(): Released ID : 8014020
10-09 18:25:04.868  1277  1718 I SemDvfsHyPerManager: acquire hyper - APP_LAUNCH/1277@24, type = -999
10-09 18:25:04.868  1277  2636 D ActivityTaskManager: startActivityAsUser: callingPid=11258, callingUid=2000, caller=com.android.server.wm.ActivityTaskManagerService.startActivityAsUser:1809 com.android.server.am.ActivityManagerService.startActivityAsUserWithFeature:3673 com.android.server.am.ActivityManagerShellCommand.runStartActivity:656 com.android.server.am.ActivityManagerShellCommand.onCommand:222 com.android.modules.utils.BasicShellCommandHandler.exec:97 android.os.ShellCommand.exec:38 com.android.server.am.ActivityManagerService.onShellCommand:11156 
10-09 18:25:04.869  1277  2636 I ActivityTaskManager: START u0 {act=android.intent.action.CALL dat=tel:xxxxxxxxxx flg=0x10000000 cmp=com.android.server.telecom/.components.UserCallActivity} from uid 2000
10-09 18:25:04.869   981  1084 I HYPER-HAL: [RequestManager.cpp]acquire(): Acquired ID : 846975  [1277 / 24]    HINT : APP_LAUNCH    list : 
10-09 18:25:04.870   981  1084 I HYPER-HAL: [ResourceManager.cpp]updateResource(): [CPULittleMinFreq] UpdateResource Request ID : 846975    Value : 1804800
10-09 18:25:04.871  3989  3989 I SemDvfsHyPerManager: acquire hyper - APP_START_SHORT/3989@14, type = -999
10-09 18:25:04.872  1277  2636 D [secipm]: mSecIpmManager Preload com.android.server.telecom dex files
10-09 18:25:04.873  1277  2636 I wm_task_created: [16484,-1]
10-09 18:25:04.873  1277  2718 I SemDvfsHyPerManager: acquire hyper - AMS_APP_SWITCH/1277@25, type = -999
10-09 18:25:04.873  1277  2636 I wm_task_windowing_mode_changed: [16484,0,1]
10-09 18:25:04.874  1139  1821 I SurfaceFlinger: id=236107 createSurf, flag=24004, Task=16484#236107
10-09 18:25:04.874  3989  3989 I SemDvfsHyPerManager: acquire hyper - APP_START_SHORT/3989@14, type = -999
10-09 18:25:04.874  1277  2718 D ActivityManagerPerformance: AMP_acquire() APP_SWITCH
10-09 18:25:04.876  1139  1821 I SurfaceFlinger: id=236108 createSurf, flag=80004, ActivityRecord{e9d57be u0 com.android.server.telecom/.components.UserCallActivity}#236108
10-09 18:25:04.877  1277  2636 I wm_task_moved: [16484,1,7]
10-09 18:25:04.877  1277  2636 I wm_task_to_front: [0,16484]
10-09 18:25:04.877  1277  2636 I wm_create_task: [0,16484,1]
10-09 18:25:04.877  1277  2636 I wm_create_activity: [0,245192638,16484,com.android.server.telecom/.components.UserCallActivity,android.intent.action.CALL,NULL,tel:xxxxxxxxxx,276824064]
10-09 18:25:04.878  1277  2636 I wm_task_moved: [16484,1,7]
10-09 18:25:04.878  1277  2636 W WindowManager: Prepare app transition: mNextAppTransitionRequests=[TRANSIT_OPEN], mNextAppTransitionFlags=, displayId: 0 Callers=com.android.server.wm.DisplayContent.prepareAppTransition:6376 com.android.server.wm.DisplayContent.prepareAppTransition:6367 com.android.server.wm.Task.startActivityLocked:6424 com.android.server.wm.ActivityStarter.startActivityInner:2887 com.android.server.wm.ActivityStarter.startActivityUnchecked:2415 
10-09 18:25:04.878  2676  2676 I wm_on_top_resumed_lost_called: [58742783,com.sec.android.app.launcher.activities.LauncherActivity,topStateChangedWhenResumed]
10-09 18:25:04.878  1277  2636 V WindowManager: Checking theme of starting window: 0x7f110188
10-09 18:25:04.878  1277  2636 V WindowManager: Translucent=true Floating=true ShowWallpaper=false Disable=false
10-09 18:25:04.878  1277  2636 I wm_pause_activity: [0,58742783,com.sec.android.app.launcher/.activities.LauncherActivity,userLeaving=true,pauseBackTasks]
10-09 18:25:04.881  1277  2636 I SemDvfsHyPerManager: acquire hyper - AMS_APP_LAUNCH/1277@15, type = -999
10-09 18:25:04.882  3989  3989 I SemDvfsHyPerManager: acquire hyper - APP_START/3989@15, type = -999
10-09 18:25:04.883  2676  2676 I BaseActivity: removeActivityFlags, flags : 16
10-09 18:25:04.883  2676  2676 I BaseActivity: removeActivityFlags, flags : 6
10-09 18:25:04.883  2676  2676 I DragController: endDrag
10-09 18:25:04.883  2676  2676 W LauncherAppWidgetHost: setShouldListenFlag, mFlags:15 flag:resume on:false isFront:false
10-09 18:25:04.883  2676  2676 I SPayUpdater: updateSpayHandler launcher activity is paused false
10-09 18:25:04.883  2676  2676 I wm_on_paused_called: [58742783,com.sec.android.app.launcher.activities.LauncherActivity,performPause]
10-09 18:25:04.884   981  1084 I HYPER-HAL: [ResourceManager.cpp]updateResource(): [CPUMinFreq] UpdateResource Request ID : 846975    Value : 2208000
10-09 18:25:04.885  1277  2787 D MARsPolicyManager: onPackageResumedFG pkgName = com.android.server.telecom, userId = 0
10-09 18:25:04.885   981  1084 I HYPER-HAL: [RequestManager.cpp]acquire(): Acquired ID : 8014020  [3989 / 14]    HINT : APP_START    list : [TIMEOUT / 1500] 
10-09 18:25:04.885  1277  2787 W WindowManager: Prepare app transition: mNextAppTransitionRequests=[TRANSIT_OPEN, TRANSIT_OPEN], mNextAppTransitionFlags=, displayId: 0 Callers=com.android.server.wm.DisplayContent.prepareAppTransition:6376 com.android.server.wm.TaskFragment.resumeTopActivity:1528 com.android.server.wm.TaskFragment.resumeTopActivity:1285 com.android.server.wm.Task.resumeTopActivityInnerLocked:6312 com.android.server.wm.Task.resumeTopActivityUncheckedLocked:6221 
10-09 18:25:04.886   981  1084 I HYPER-HAL: [ResourceManager.cpp]updateResource(): [CPUMaxFreq] UpdateResource Request ID : 8014020    Value : 2208000
10-09 18:25:04.886   981  1084 I HYPER-HAL: [RequestManager.cpp]acquire(): Acquired ID : 848278  [1277 / 25]    HINT : AMS_APP_SWITCH    list : 
10-09 18:25:04.886   981  1084 I HYPER-HAL: [ResourceManager.cpp]updateResource(): [CPULittleMinFreq] UpdateResource Request ID : 848278    Value : 1804800
10-09 18:25:04.886  1277  1684 I sysui_multi_action: [757,803,799,window_time_0,802,2]
10-09 18:25:04.889  2676  2676 I TopTaskTracker: onTaskMovedToFront : taskId = 16484
10-09 18:25:04.890   981  1084 I HYPER-HAL: [ResourceManager.cpp]updateResource(): [CPUMinFreq] UpdateResource Request ID : 848278    Value : 2208000
10-09 18:25:04.890   981  1084 I HYPER-HAL: [RequestManager.cpp]acquire(): Acquired ID : 8014020  [3989 / 14]    HINT : APP_START    list : [TIMEOUT / 1500] 
10-09 18:25:04.890   981  1084 I HYPER-HAL: [ResourceManager.cpp]updateResource(): [CPUMaxFreq] UpdateResource Request ID : 8014020    Value : 2208000
10-09 18:25:04.890   981  1084 I HYPER-HAL: [RequestManager.cpp]acquire(): Acquired ID : 835293  [1277 / 15]    HINT : AMS_APP_LAUNCH    list : 
10-09 18:25:04.891   981  1084 I HYPER-HAL: [ResourceManager.cpp]updateResource(): [CPULittleMinFreq] UpdateResource Request ID : 835293    Value : 1804800
10-09 18:25:04.891  1277  1689 I ActivityManager: com.android.server.telecom is exempt from freezer
10-09 18:25:04.892  1277  1689 D CompatibilityChangeReporter: Compat change id reported: 135634846; UID 1000; state: DISABLED
10-09 18:25:04.892  1277  1689 D CompatibilityChangeReporter: Compat change id reported: 177438394; UID 1000; state: DISABLED
10-09 18:25:04.892  1277  1689 D CompatibilityChangeReporter: Compat change id reported: 135772972; UID 1000; state: DISABLED
10-09 18:25:04.893   981  1084 I HYPER-HAL: [ResourceManager.cpp]updateResource(): [CPUMinFreq] UpdateResource Request ID : 835293    Value : 2208000
10-09 18:25:04.893  1277  1689 D CompatibilityChangeReporter: Compat change id reported: 135754954; UID 1000; state: ENABLED
10-09 18:25:04.893   981  1084 I HYPER-HAL: [RequestManager.cpp]acquire(): Acquired ID : 8018025  [3989 / 15]    HINT : APP_START    list : 
10-09 18:25:04.895   981  1084 I HYPER-HAL: [ResourceManager.cpp]updateResource(): [CPUMaxFreq] UpdateResource Request ID : 8018025    Value : 2208000
10-09 18:25:04.896  1277  1277 I CocktailBarManagerServiceContainer: handleMessage: entry what = 6
10-09 18:25:04.896  1277  1277 I CocktailBarManagerServiceImpl: notePauseComponent : no active host
10-09 18:25:04.896  1277  1689 D SGM:FgCheckThread: notePauseComponent(), received pkgName: com.sec.android.app.launcher, userId: 0
10-09 18:25:04.901   864   864 D Zygote  : Forked child process 11268
10-09 18:25:04.902  1277  1719 I am_proc_start: [0,11268,1000,com.android.server.telecom:ui,next-top-activity,{com.android.server.telecom/com.android.server.telecom.components.UserCallActivity}]
10-09 18:25:04.902  1277  1719 I ActivityManager: Start proc 11268:com.android.server.telecom:ui/1000 for next-top-activity {com.android.server.telecom/com.android.server.telecom.components.UserCallActivity}
10-09 18:25:04.930 11268 11268 E rver.telecom:ui: Not starting debugger since process cannot load the jdwp agent.
10-09 18:25:04.935 11268 11268 D ActivityThread: setConscryptValidator
10-09 18:25:04.935 11268 11268 D ActivityThread: setConscryptValidator - put
10-09 18:25:04.938  1277  2787 I ActivityManager: DSS OFF for com.android.server.telecom
10-09 18:25:04.939  1277  2787 I am_proc_bound: [0,11268,com.android.server.telecom:ui]
10-09 18:25:04.940  1277  2787 V WindowManager: rotationForOrientation(orient=SCREEN_ORIENTATION_NOSENSOR (5), last=ROTATION_0 (0)); user=ROTATION_0 (0) USER_ROTATION_LOCKED
10-09 18:25:04.941  1277  2787 D WindowManager: rotationForOrientation, orientationSource=ActivityRecord{38057ff u0 com.sec.android.app.launcher/.activities.LauncherActivity} t7846}
10-09 18:25:04.941  1277  2787 V WindowManager: Computed rotation=ROTATION_0 (0) for display id=0 based on lastOrientation=SCREEN_ORIENTATION_NOSENSOR (5) and oldRotation=ROTATION_0 (0), caller=com.android.server.wm.DisplayRotation.updateOrientation:414 com.android.server.wm.DisplayContent.updateOrientation:1971 com.android.server.wm.DisplayContent.updateOrientation:1872 com.android.server.wm.RootWindowContainer.ensureVisibilityAndConfig:2125 com.android.server.wm.ActivityTaskSupervisor.realStartActivityLocked:903 com.android.server.wm.RootWindowContainer$AttachApplicationHelper.test:4208 
10-09 18:25:04.943  1277  2787 D TspStateManager: updateCustomValue customSetting=
10-09 18:25:04.944  1277  2787 D TspStateManager: updateCustomValue customSetting=
10-09 18:25:04.944  1277  2787 I wm_restart_activity: [0,245192638,16484,com.android.server.telecom/.components.UserCallActivity]
10-09 18:25:04.944  1277  2787 D SGM:PkgDataHelper: notifyAppCreate(), pkgName: com.android.server.telecom, userId: 0, sendRet: true
10-09 18:25:04.944  1277  2077 D SGM:FgCheckThread: onLooperPrepared(), msg: MSG_APP_CREATE, pkgName: com.android.server.telecom, userId: 0
10-09 18:25:04.944  1277  2787 D InputDispatcher: Focused application(0): ActivityRecord{e9d57be u0 com.android.server.telecom/.components.UserCallActivity} t16484}
10-09 18:25:04.945  1277  2787 V WindowManager: Changing focus from Window{33c21b7 u0 com.sec.android.app.launcher/com.sec.android.app.launcher.activities.LauncherActivity} to null displayId=0 Callers=com.android.server.wm.RootWindowContainer.updateFocusedWindowLocked:585 com.android.server.wm.WindowManagerService.updateFocusedWindowLocked:6715 com.android.server.wm.ActivityTaskManagerService.setResumedActivityUncheckLocked:5708 com.android.server.wm.TaskFragment.onActivityStateChanged:800 
10-09 18:25:04.945  1277  2787 D StatusBarManagerService: notifyRequestedSystemKey recent=false home=false
10-09 18:25:04.945  1277  2787 D SGM:FgCheckThread: TaskStackListener.onTaskFocusChanged(), taskId=7846, focused=false
10-09 18:25:04.945  1277  2787 D SGM:FgCheckThread: TaskStackListener.onTaskFocusChanged(), taskId=16484, focused=true
10-09 18:25:04.946  1277  2787 D SGM:FgCheckThread:   sendRunningComponentFocus(), pkgName: com.android.server.telecom, userId: 0
10-09 18:25:04.946  1277  2787 I wm_set_resumed_activity: [0,com.android.server.telecom/.components.UserCallActivity,minimalResumeActivityLocked]
10-09 18:25:04.946  1277  2077 D SGM:FgCheckThread: onLooperPrepared(), msg: MSG_TASK_FOCUSED, pkgName: com.android.server.telecom, userId: 0
10-09 18:25:04.946  1277  2077 D SGM:FgCheckThread: handleTaskFocused().
10-09 18:25:04.946  1277  2787 D CompatibilityChangeReporter: Compat change id reported: 181136395; UID 1000; state: DISABLED
10-09 18:25:04.946  1277  2077 D SGM:FgCheckThread:   handleTaskFocused(), pkgName: com.android.server.telecom, userID:0
10-09 18:25:04.946  1277  2077 D SGM:FgCheckThread: handleResume().
10-09 18:25:04.947  1277  2787 D CompatibilityChangeReporter: Compat change id reported: 174042936; UID 1000; state: DISABLED
10-09 18:25:04.947  1277  2077 D SGM:FgCheckThread: sendFocusOutConditionally() - mPrevNotiPkg: (unknown), userId: 0
10-09 18:25:04.947  1277  2077 D SGM:FgCheckThread:   handleResume(). pkgName: com.android.server.telecom, userId: 0, isTunableApp: null
10-09 18:25:04.947  1277  2077 D SGM:FgCheckThread: notifyFocusInOut(). of pkg: com.android.server.telecom, type: 4, isTunableApp: false, userId: 0
10-09 18:25:04.947  1277  2077 D SGM:FgCheckThread:   notifyFocusInOut(). unexpected mPrevNotiType: -1
10-09 18:25:04.947  1277  2077 D SGM:SystemHelper: callReleaseBlock needReleaseBlock:false
10-09 18:25:04.947  1277  2787 W WindowManager: Execute app transition: mNextAppTransitionRequests=[TRANSIT_OPEN, TRANSIT_OPEN], mNextAppTransitionFlags=, displayId: 0 Callers=com.android.server.wm.RootWindowContainer.executeAppTransitionForAllDisplay:2566 com.android.server.wm.ActivityTaskSupervisor.reportResumedActivityLocked:2218 com.android.server.wm.ActivityRecord.completeResumeLocked:6879 com.android.server.wm.Task.minimalResumeActivityLocked:6025 com.android.server.wm.ActivityTaskSupervisor.realStartActivityLocked:1125 
10-09 18:25:04.947  1277  2787 D WindowManagerServiceExt: notifyOccludeChangeNotice: cn=ComponentInfo{com.android.server.telecom/com.android.server.telecom.components.UserCallActivity} occludesParent=false inMultiWindow=false styleFloating=true
10-09 18:25:04.947  1277  1690 I input_focus: [Requesting to set focus to null window,reason=UpdateInputWindows]
10-09 18:25:04.949 11268 11268 D CompatibilityChangeReporter: Compat change id reported: 171979766; UID 1000; state: ENABLED
10-09 18:25:04.953  1277  1689 I GameSDK@LifeCycle: noteResumeComponent(): package name  : com.android.server.telecom
10-09 18:25:04.954  1277  1685 D SSRM:LoadDetectMonitor: PID = 11268, UID = 1000
10-09 18:25:04.954  1277  1689 D SGM:GameManager: identifyGamePackage. com.android.server.telecom, mCurrentUserId: 0, callerUserId: 0, callingMethodInfo: com.android.server.ssrm.SortingMachine.isGame(SortingMachine.java:162)
10-09 18:25:04.954  1277  1689 D SGM:PkgDataHelper: getGamePkgData(). com.android.server.telecom
10-09 18:25:04.955 19978 19992 I SAMSUNGWALLET: [Hint_ProcessStatusChange] fg Change, pid : 11268 , isNotify : true , isForeground : true , fg list : [2676, 11268]
10-09 18:25:04.955  1277  1277 I CocktailBarManagerServiceContainer: handleMessage: entry what = 5
10-09 18:25:04.956  1277  1277 I CocktailBarManagerServiceImpl: noteResumeComponent : no active host
10-09 18:25:04.956  7476  7522 I Rubin   : [63] e9.a.c(SourceFile:1) : Notify com.samsung.android.rubin.inferenceengine.contextanalytics.engine.loggers.d's database is updated.
10-09 18:25:04.958  1277  1689 D SGM:FgCheckThread: noteResumeComponent(), received pkgName: com.android.server.telecom, userId: 0
10-09 18:25:04.958  1277  3175 I MediaSessionMonitor: Media session stopped : controllerList empty
10-09 18:25:04.958  1277  2077 D SGM:FgCheckThread: onLooperPrepared(), msg: MSG_APP_RESUME, pkgName: com.android.server.telecom, userid: 0
10-09 18:25:04.958  1277  2077 D SGM:FgCheckThread: handleResume().
10-09 18:25:04.958  1277  2077 D SGM:FgCheckThread: sendFocusOutConditionally() - mPrevNotiPkg: (unknown), userId: 0
10-09 18:25:04.959  1277  2077 D SGM:FgCheckThread:   handleResume(). pkgName: com.android.server.telecom, userId: 0, isTunableApp: null
10-09 18:25:04.959  1277  2077 D SGM:FgCheckThread: notifyFocusInOut(). of pkg: com.android.server.telecom, type: 4, isTunableApp: false, userId: 0
10-09 18:25:04.959  1277  2077 D SGM:FgCheckThread:   notifyFocusInOut(). unexpected mPrevNotiType: -1
10-09 18:25:04.959  1277  2077 D SGM:SystemHelper: callReleaseBlock needReleaseBlock:false
10-09 18:25:04.959 19978 20000 I SAMSUNGWALLET: [Hint_afp] isHomePackageRunning topPkgName = com.android.server.telecom, topClsName = com.android.server.telecom.components.UserCallActivity, return false , se : false
10-09 18:25:04.960 19978 19978 I MSHandlerLifeCycle: check: return. pkg=com.samsung.android.spay isActivity=false callers=com.android.internal.policy.DecorView.setVisibility:4378 com.samsung.android.spay.pay.HintService.c:1957 com.samsung.android.spay.pay.HintService$b.a:2393 com.samsung.android.spay.pay.HintService$b.a:2383 afs.handleMessage:25 
10-09 18:25:04.960 19978 19978 I MSHandlerLifeCycle: removeMultiSplitHandler: no exist. decor=DecorView@9f6cfd7[HintService]
10-09 18:25:04.961 19978 19978 I SAMSUNGWALLET: [Hint_IntroHintService] Hint Status - HIDE : Home Package Not Running
10-09 18:25:04.961 19978 19978 I SemUiSupportService: getWindowAttributes()
10-09 18:25:04.962 11268 11268 D nativeloader: Configuring classloader-namespace-shared for other apk /system/framework/imsmanager.jar. target_sdk_version=33, uses_libraries=ALL, library_path=/system/priv-app/Telecom/lib/arm64:/system/priv-app/Telecom/Telecom.apk!/lib/arm64-v8a:/system/lib64:/system/system_ext/lib64, permitted_path=/data:/mnt/expand:/data/user_de/0/com.android.server.telecom:/system/priv-app/Telecom:/system/lib64:/system/system_ext/lib64
10-09 18:25:04.962 11268 11268 D nativeloader: Extending system_exposed_libraries: libPortraitDistortionCorrection.arcsoft.so:libPortraitDistortionCorrectionCali.arcsoft.so:libface_landmark.arcsoft.so:liblow_light_hdr.arcsoft.so:libhigh_dynamic_range.arcsoft.so:libFacialAttributeDetection.arcsoft.so:libBeauty_v4.camera.samsung.so:libexifa.camera.samsung.so:libjpega.camera.samsung.so:libOpenCv.camera.samsung.so:libImageScreener.camera.samsung.so:libMyFilter.camera.samsung.so:libtensorflowLite.myfilter.camera.samsung.so:libtensorflowlite_inference_api.myfilter.camera.samsung.so:libUltraWideDistortionCorrection.camera.samsung.so:libHpr_RecGAE_cvFeature_v1.0.camera.samsung.so:libHprFace_GAE_api.camera.samsung.so:libFace_Landmark_API.camera.samsung.so:libHprFace_GAE_jni.camera.samsung.so:libFacialBasedSelfieCorrection.camera.samsung.so:libcolor_engine.camera.samsung.so:libDLInterface_aidl.camera.samsung.so:libImageTagger.camera.samsung.so:libSceneDetector_v1.camera.samsung.so:libQREngine.camera.samsung.so:libEventDetector.camera.samsung.so:libFood.camera.sams
10-09 18:25:04.966 11268 11268 W ziparchive: Unable to open '/system/framework/knoxsdk.dm': No such file or directory
10-09 18:25:04.966 11268 11268 W ziparchive: Unable to open '/system/framework/knoxsdk.dm': No such file or directory
10-09 18:25:04.966  1139  1139 I SurfaceFlinger: [33c21b7 com.sec.android.app.launcher/com.sec.android.app.launcher.activities.LauncherActivity#101] FrameRatePriority: -1
10-09 18:25:04.968  1277  2636 D InputDispatcher: Focus request (0): <null> but waiting because NOT_FOCUSABLE
10-09 18:25:04.968  1277  2787 V WindowManager: Relayout Window{cbdf294 u0 com.samsung.android.spay.pay.HintService}: viewVisibility=8 req=522x67 d0
10-09 18:25:04.968  1277  2636 D InputDispatcher: Focus left window (0): 33c21b7 com.sec.android.app.launcher/com.sec.android.app.launcher.activities.LauncherActivity
10-09 18:25:04.968  1277  2787 E WindowManager: win=Window{cbdf294 u0 com.samsung.android.spay.pay.HintService} destroySurfaces: appStopped=true cleanupOnResume=false win.mWindowRemovalAllowed=false win.mRemoveOnExit=false win.mViewVisibility=8 caller=com.android.server.wm.WindowManagerService.tryStartExitingAnimation:2935 com.android.server.wm.WindowManagerService.relayoutWindow:2663 com.android.server.wm.Session.relayout:274 android.view.IWindowSession$Stub.onTransact:779 com.android.server.wm.Session.onTransact:188 android.os.Binder.execTransactInternal:1316 android.os.Binder.execTransact:1280 
10-09 18:25:04.968  1277  2787 I WindowManager: Destroying surface Surface(name=com.samsung.android.spay.pay.HintService$_19978)/@0x3430658 called by com.android.server.wm.WindowStateAnimator.destroySurface:907 com.android.server.wm.WindowStateAnimator.destroySurfaceLocked:519 com.android.server.wm.WindowState.destroySurfaceUnchecked:4253 com.android.server.wm.WindowState.destroySurface:4227 com.android.server.wm.WindowManagerService.tryStartExitingAnimation:2935 com.android.server.wm.WindowManagerService.relayoutWindow:2663 com.android.server.wm.Session.relayout:274 android.view.IWindowSession$Stub.onTransact:779 
10-09 18:25:04.969  1277  2061 I input_focus: [Focus leaving 33c21b7 com.sec.android.app.launcher/com.sec.android.app.launcher.activities.LauncherActivity (server),reason=Waiting for window because NOT_FOCUSABLE]
10-09 18:25:04.969  2676  2676 I ViewRootImpl@625cee[LauncherActivity]: MSG_WINDOW_FOCUS_CHANGED 0 0
10-09 18:25:04.969  2676  2676 I BaseActivity: removeActivityFlags, flags : 8
