10-11 16:23:58.155  2235  2235 I SemTelephonyHandlerHelper: handleMessage: what=89
10-11 16:23:58.155  2235  2235 D SemTelephonyHandlerHelper: CMD_CHECK_CALL_CONTROL
10-11 16:23:58.155  1294  2154 I ChimeraPolicyHandler: prepareForTrigger() - skip reason: incall
10-11 16:23:58.155  2235  2235 D GsmCdmaPhone: [0] isCallControlSupport: disabled csc feature for ims call control
10-11 16:23:58.155  1294  2154 I ChimeraAggressivePolicyHandler: executePolicy() - prepareForTrigger fails
10-11 16:23:58.155  2235  2235 E SemTelephonyHandlerHelper: checkCallControl: fail to check call control
10-11 16:23:58.155  2235  2235 D DCT-C-0 : onVoiceCallStarted
10-11 16:23:58.155  1123  9487 V APM_AudioPolicyManager: setStreamVolumeIndex: stream AUDIO_STREAM_ACCESSIBILITY attributes={ Content type: AUDIO_CONTENT_TYPE_UNKNOWN Usage: AUDIO_USAGE_ASSISTANCE_ACCESSIBILITY Source: AUDIO_SOURCE_DEFAULT Flags: 0x0 Tags:  }
10-11 16:23:58.155  1123  9487 V APM_AudioPolicyManager: setVolumeIndexForAttributes: group 1 matching with { Content type: AUDIO_CONTENT_TYPE_UNKNOWN Usage: AUDIO_USAGE_ASSISTANCE_ACCESSIBILITY Source: AUDIO_SOURCE_DEFAULT Flags: 0x0 Tags:  }
10-11 16:23:58.155  1123  9487 V APM_AudioPolicyManager: setVolumeCurveIndex device 00000002, index 8
10-11 16:23:58.157  1123  1451 V APM_AudioPolicyManager: releaseOutput portId 21336
10-11 16:23:58.157  1123  1451 V APM_AudioPolicyManager: releaseOutput() 29
10-11 16:23:58.157  2235  2235 V RcsCallTracker: analizeAndSendEvents - Connection state: [ImsPhoneConnection objId: 127460300 telecomCallID: TC@1487_1 address: [****] isAdhocConf: N state: DIALING videoState: 0 callRadioTech: 20 audioQuality: 0 phoneType: 5 preHOState: IDLE attribute: [] ImsCall: [ImsCall objId:162676010 onHold:N mute:N mCallProfile:{ serviceType=1, callType=2, restrictCause=0, mediaProfile={ audioQuality=0, audioDirection=3, audioCodecAttribute=null, videoQuality=0, videoDirection=-1, rttMode=0, hasRttAudioSpeech=false }, emergencyServiceCategories=0, emergencyUrns=[], emergencyCallRouting=0, emergencyCallTesting=false, hasKnownUserIntentEmergency=false, mRestrictCause=0, mCallerNumberVerstat= 0, mAcceptedRtpHeaderExtensions= [] } tech:20 updateRequest:NONE merging:N merge action pending:N merged:N multiParty:N confHost:N buried term:N isVideo: N wasVideo: N isWifi: N isCrossSim: N session:[ImsCallSession objId:222909973 state:INITIATED callId:202] transientSession:null]]
10-11 16:23:58.158  2235  2235 V RcsCallTracker: notifyTransition - phoneId: 0
10-11 16:23:58.158  2235  2235 D CmcCallTracker: [0] handleMessage what=101
10-11 16:23:58.159  1123  9487 V APM_AudioPolicyManager: setStreamVolumeIndex: stream AUDIO_STREAM_ACCESSIBILITY attributes={ Content type: AUDIO_CONTENT_TYPE_UNKNOWN Usage: AUDIO_USAGE_ASSISTANCE_ACCESSIBILITY Source: AUDIO_SOURCE_DEFAULT Flags: 0x0 Tags:  }
10-11 16:23:58.159  1123  9487 V APM_AudioPolicyManager: setVolumeIndexForAttributes: group 1 matching with { Content type: AUDIO_CONTENT_TYPE_UNKNOWN Usage: AUDIO_USAGE_ASSISTANCE_ACCESSIBILITY Source: AUDIO_SOURCE_DEFAULT Flags: 0x0 Tags:  }
10-11 16:23:58.159  1123  9487 V APM_AudioPolicyManager: setVolumeCurveIndex device 00000004, index 9
10-11 16:23:58.160   862   862 D Zygote  : Forked child process 31351
10-11 16:23:58.160  1294  1712 I am_proc_start: [0,31351,10109,com.samsung.android.service.stplatform,broadcast,{com.samsung.android.service.stplatform/com.samsung.android.service.stplatform.receivers.TelephonyIntentReceiver}]
10-11 16:23:58.161  1294  1712 I ActivityManager: Start proc 31351:com.samsung.android.service.stplatform/u0a109 for broadcast {com.samsung.android.service.stplatform/com.samsung.android.service.stplatform.receivers.TelephonyIntentReceiver}
10-11 16:23:58.161  2235  2235 D CMCF    : [CMCT]> sendPublishDialog {}
10-11 16:23:58.161  1294  4361 D SettingsProvider: isChangeAllowed() : name = dialer_app_active
10-11 16:23:58.161  1294  4361 D SettingsProvider: edmUri: content://com.sec.knox.provider/RestrictionPolicy3
10-11 16:23:58.161  1294  4361 D SettingsProvider: projectionArgs: isSettingsChangesAllowed
10-11 16:23:58.161  1294  4361 D SettingsProvider: selectionArgs: false
10-11 16:23:58.161  1294  4361 D SettingsProvider: selectionArgs: 10095
10-11 16:23:58.161  1294  4361 D SecContentProvider: query(), uri = 17 selection = isSettingsChangesAllowed
10-11 16:23:58.161  1294  4361 D SecContentProvider: called from com.samsung.android.uid.dialer:10095
10-11 16:23:58.161  1294  4361 D RestrictionPolicy: isSettingsChangesAllowedAsUser, userId 0 : true
10-11 16:23:58.161  1294  4361 D SettingsProvider: ret = 1
10-11 16:23:58.161  1123  1495 V APM_AudioPolicyManager: setStreamVolumeIndex: stream AUDIO_STREAM_ACCESSIBILITY attributes={ Content type: AUDIO_CONTENT_TYPE_UNKNOWN Usage: AUDIO_USAGE_ASSISTANCE_ACCESSIBILITY Source: AUDIO_SOURCE_DEFAULT Flags: 0x0 Tags:  }
10-11 16:23:58.161  1123  1495 V APM_AudioPolicyManager: setVolumeIndexForAttributes: group 1 matching with { Content type: AUDIO_CONTENT_TYPE_UNKNOWN Usage: AUDIO_USAGE_ASSISTANCE_ACCESSIBILITY Source: AUDIO_SOURCE_DEFAULT Flags: 0x0 Tags:  }
10-11 16:23:58.161  1294  4361 I GenerationRegistry: mBackingStore.isClosed() : false
10-11 16:23:58.161  1123  1495 V APM_AudioPolicyManager: setVolumeCurveIndex device 00000008, index 9
10-11 16:23:58.162  1294  2772 E ActivityThread: Failed to find provider info for com.samsung.android.app.galaxyregistry.registrywizard
10-11 16:23:58.163  1294  2439 D MdnieScenarioControlService:  packageName : com.samsung.android.incallui    className : com.android.incallui.call.InCallActivity
10-11 16:23:58.163  2614  2970 I CmcImsServiceUtil: sendPublishDialog() callCnt: 1
10-11 16:23:58.164  1294  2439 V MdnieScenarioControlService: setUIMode from UI function(3)
10-11 16:23:58.164 30814 30814 I wm_on_stop_called: [159809140,com.samsung.android.dialer.DialtactsActivity,STOP_ACTIVITY_ITEM]
10-11 16:23:58.166  1294  1294 I power_partial_wake_state: [351,prevent full-screen wakelock in EnqueueNotificationRunnable:android(disabled)]
10-11 16:23:58.166  1123  1495 V APM_AudioPolicyManager: setStreamVolumeIndex: stream AUDIO_STREAM_ACCESSIBILITY attributes={ Content type: AUDIO_CONTENT_TYPE_UNKNOWN Usage: AUDIO_USAGE_ASSISTANCE_ACCESSIBILITY Source: AUDIO_SOURCE_DEFAULT Flags: 0x0 Tags:  }
10-11 16:23:58.166  1123  1495 V APM_AudioPolicyManager: setVolumeIndexForAttributes: group 1 matching with { Content type: AUDIO_CONTENT_TYPE_UNKNOWN Usage: AUDIO_USAGE_ASSISTANCE_ACCESSIBILITY Source: AUDIO_SOURCE_DEFAULT Flags: 0x0 Tags:  }
10-11 16:23:58.166  1123  1495 V APM_AudioPolicyManager: setVolumeCurveIndex device 00000080, index 9
10-11 16:23:58.170  2235  2235 D CAT     : CatService: handleMessage[111]
10-11 16:23:58.170  2235  2235 D CAT     : CatService: MSG_ID_IMS_CALL_CONNECT
10-11 16:23:58.170  2260  2260 D IndicatorTouchHandler: samsung.intent.action.PHONE_STATE GED=true, Samsung=true
10-11 16:23:58.170  2235  2235 V Telephony: GsmConnection: MSG_PRECISE_CALL_STATE_CHANGED
10-11 16:23:58.170  2260  2260 D PowerUI : mPhoneStateListener onCallStateChanged(): state= 2 mIsShutdownTaskDelayed = false
10-11 16:23:58.170  2235  2235 D ImsPhoneConnection: getDisconnectCause: cause=0
10-11 16:23:58.171  2235  2235 V Telephony: GsmConnection: Update state from DIALING to DIALING for TC@1487_1
10-11 16:23:58.171  2235  2235 I Telephony: SamsungConnectToneHandler: onStartUpdateStateInternal, oldState=DIALING ->  newState=DIALING
10-11 16:23:58.171 30814 30814 I MSHandlerLifeCycle: removeMultiSplitHandler: no exist. decor=DecorView@a3848a2[DialtactsActivity]
10-11 16:23:58.171  2235  2235 D Telephony: SamsungGroupCallService: onStartUpdateStateInternal: telecomId=TC@1487_1
10-11 16:23:58.171  2235  2235 D Telephony: SamsungGroupCallService: onTelephonyConnectionStateChanged: telecomId=TC@1487_1
10-11 16:23:58.171  2260  2260 D KeyguardUpdateMonitor: received broadcast android.intent.action.PHONE_STATE
10-11 16:23:58.171  2260  2260 D IndicatorTouchHandler: ACTION_PHONE_STATE_CHANGED GED=true, Samsung=true
10-11 16:23:58.171  2235  2235 D Telephony: GsmConnection: updateConnectionCapabilities
10-11 16:23:58.171  2235  2235 I Telephony: SamsungCapabilityLogUtil: [before setting capabilities] id:TC@1487_1 [Capabilities: CAPABILITY_MUTE CAPABILITY_DISCONNECT_FROM_CONFERENCE CAPABILITY_CANNOT_DOWNGRADE_VIDEO_TO_AUDIO CAPABILITY_SUPPORT_HOLD]
10-11 16:23:58.171  1294  4361 I Telecom : ConnectionServiceWrapper: CS -> TC[cap]: setStatusHints TC@1487_1 null: CSW.sSH(cap)@nRo
10-11 16:23:58.171  2235  2235 I Telephony: SamsungCapabilityLogUtil: [before setting capabilities] id:TC@1487_1 [Sem-Capabilities:]
10-11 16:23:58.171  1294  4361 I Telecom : InCallController: Sending updateCall [Call id=TC@1487, state=DIALING, tpac=ComponentInfo{com.android.phone/com.android.services.telephony.TelephonyConnectionService}, 1, UserHandle{0}, cmgr=ComponentInfo{com.android.phone/com.android.services.telephony.TelephonyConnectionService}, 1, UserHandle{0}, handle=tel:**********, vidst=A, childs(0), has_parent(false), cap=[ sup_hld mut !v2a], prop=[]], voip=falsecaps=[Capabilities: CAPABILITY_SUPPORT_HOLD CAPABILITY_MUTE CAPABILITY_CANNOT_DOWNGRADE_VIDEO_TO_AUDIO], props=[Properties:], conf(false), had_child(false): CSW.sSH(cap)@nRo
10-11 16:23:58.172  2235  2235 D Telephony: GsmConnection: buildConnectionCapabilities: isHoldable = true State = 3 capabilities = 2
10-11 16:23:58.172  2235  2235 I Telephony: SamsungTelephonyConnection: not alive or dialing
10-11 16:23:58.172  2235  2235 I Telephony: SamsungGsmConnection: GSM TelecomId : TC@1487_1 buildConnectionCapabilities : capabilities = 66 newCapabilities : 66
10-11 16:23:58.172  2235  2235 I Telephony: SamsungTelephonyConnection: logOriginalConnectionCapabilities: supportsDowngradeToAudio=false, supportVTRemoteBidirectional=false, supportVTLocalBidirectional=false
10-11 16:23:58.172  2235  2235 I Telephony: SamsungConnectionCapabilityFromConference: buildCapabilityFromFeatureRepository, applyCapability CAPABILITY_DISCONNECT_FROM_CONFERENCE
10-11 16:23:58.172  2235  2235 I Telephony: SamsungConnectionCapabilityUtil: applyCapability : [Capabilities: CAPABILITY_DISCONNECT_FROM_CONFERENCE]
10-11 16:23:58.172  2235  2235 I Telephony: SamsungConnectionCapabilityFromConference: buildCapabilityFromConference capabilities : 8388674 newCapabilities : 8396866
10-11 16:23:58.173  2235  2235 I Telephony: SamsungCapabilityLogUtil: [after setting capabilities] id:TC@1487_1 [Capabilities: CAPABILITY_MUTE CAPABILITY_DISCONNECT_FROM_CONFERENCE CAPABILITY_CANNOT_DOWNGRADE_VIDEO_TO_AUDIO CAPABILITY_SUPPORT_HOLD]
10-11 16:23:58.174  1294  4361 I Telecom : InCallController: Components updated: [ComponentInfo{com.samsung.android.incallui/com.android.incallui.InCallServiceImpl}, ComponentInfo{com.google.android.googlequicksearchbox/com.google.android.libraries.search.assistant.performer.communication.IncomingCallInCallService}]: CSW.sSH(cap)@nRo
10-11 16:23:58.174  2235  2235 I Telephony: SamsungCapabilityLogUtil: [after setting capabilities] id:TC@1487_1 [Sem-Capabilities:]
10-11 16:23:58.174  2235  2235 I Telephony: SamsungPropertyLogUtil: [before setting properties] id:TC@1487_1 [Properties:]
10-11 16:23:58.174  2235  2235 I Telephony: SamsungPropertyLogUtil: [before setting properties] id:TC@1487_1 [Sem-Properties:]
10-11 16:23:58.174 21545 21559 D Telecom-InCallService: InCallServiceBinder - updateCall: id(TC@1487), state(DIALING), [Capabilities: CAPABILITY_SUPPORT_HOLD CAPABILITY_MUTE CAPABILITY_CANNOT_DOWNGRADE_VIDEO_TO_AUDIO]
10-11 16:23:58.174  2235  2235 I Telephony: SamsungPropertyLogUtil: [after setting properties] id:TC@1487_1 [Properties:]
10-11 16:23:58.174  2235  2235 I Telephony: SamsungPropertyLogUtil: [after setting properties] id:TC@1487_1 [Sem-Properties:]
10-11 16:23:58.174 21545 21545 D Telecom-InCallService: handleMessage: UPDATE_CALL
10-11 16:23:58.175  2235  2235 I Telephony: TelephonyConnection: getAddressFromNumber, number : 72******17
10-11 16:23:58.175  2235  2235 V Telephony: GsmConnection: updateAddress, pre-number : 72******17, pre-presentation : 1
10-11 16:23:58.175 21545 21545 D Telecom-Call: internalUpdate - stateChanged: false, detailsChanged: false, videoCallChanged: false, isRttChanged: false, rttModeChanged: false, cannedTextResChanged: false, parentChanged: false, childrenChanged: false, activeChildChanged: false
10-11 16:23:58.175  2235  2235 V Telephony: GsmConnection: updateAddress, post-number : 72******17, post-presentation : 1
10-11 16:23:58.175  2235  2235 V Telephony: GsmConnection: updateAddress, caller display pre-name : null, pre-namePresentation : 1
10-11 16:23:58.175  1123  1495 V APM_AudioPolicyManager: setStreamVolumeIndex: stream AUDIO_STREAM_ACCESSIBILITY attributes={ Content type: AUDIO_CONTENT_TYPE_UNKNOWN Usage: AUDIO_USAGE_ASSISTANCE_ACCESSIBILITY Source: AUDIO_SOURCE_DEFAULT Flags: 0x0 Tags:  }
10-11 16:23:58.175  1123  1495 V APM_AudioPolicyManager: setVolumeIndexForAttributes: group 1 matching with { Content type: AUDIO_CONTENT_TYPE_UNKNOWN Usage: AUDIO_USAGE_ASSISTANCE_ACCESSIBILITY Source: AUDIO_SOURCE_DEFAULT Flags: 0x0 Tags:  }
10-11 16:23:58.175  1123  1495 V APM_AudioPolicyManager: setVolumeCurveIndex device 00008000, index 15
10-11 16:23:58.175  2235  2235 V Telephony: GsmConnection: updateAddress, caller display post-name : null, post-namePresentation : 1
10-11 16:23:58.176  1294  9464 E WindowManager: win=Window{b83a1ef u0 com.samsung.android.dialer/com.samsung.android.dialer.DialtactsActivity} destroySurfaces: appStopped=true cleanupOnResume=false win.mWindowRemovalAllowed=false win.mRemoveOnExit=false win.mViewVisibility=8 caller=com.android.server.wm.ActivityRecord.destroySurfaces:6432 com.android.server.wm.ActivityRecord.destroySurfaces:6413 com.android.server.wm.ActivityRecord.notifyAppStopped:6477 com.android.server.wm.ActivityRecord.activityStopped:7064 com.android.server.wm.ActivityClientController.activityStopped:258 android.app.IActivityClientController$Stub.onTransact:613 com.android.server.wm.ActivityClientController.onTransact:136 
10-11 16:23:58.177  1294  9464 I WindowManager: Destroying surface Surface(name=com.samsung.android.dialer/com.samsung.android.dialer.DialtactsActivity$_30814)/@0x8308200 called by com.android.server.wm.WindowStateAnimator.destroySurface:907 com.android.server.wm.WindowStateAnimator.destroySurfaceLocked:519 com.android.server.wm.WindowState.destroySurfaceUnchecked:4253 com.android.server.wm.WindowState.destroySurface:4227 com.android.server.wm.ActivityRecord.destroySurfaces:6432 com.android.server.wm.ActivityRecord.destroySurfaces:6413 com.android.server.wm.ActivityRecord.notifyAppStopped:6477 com.android.server.wm.ActivityRecord.activityStopped:7064 
10-11 16:23:58.177 31343 31343 E .app.soundalive: Not starting debugger since process cannot load the jdwp agent.
10-11 16:23:58.179  2260  2260 D KeyguardUpdateMonitor: received broadcast android.intent.action.PHONE_STATE
10-11 16:23:58.179  1123  1495 V APM_AudioPolicyManager: setStreamVolumeIndex: stream AUDIO_STREAM_ACCESSIBILITY attributes={ Content type: AUDIO_CONTENT_TYPE_UNKNOWN Usage: AUDIO_USAGE_ASSISTANCE_ACCESSIBILITY Source: AUDIO_SOURCE_DEFAULT Flags: 0x0 Tags:  }
10-11 16:23:58.179  2260  2260 D IndicatorTouchHandler: ACTION_PHONE_STATE_CHANGED GED=true, Samsung=true
10-11 16:23:58.179  1123  1495 V APM_AudioPolicyManager: setVolumeIndexForAttributes: group 1 matching with { Content type: AUDIO_CONTENT_TYPE_UNKNOWN Usage: AUDIO_USAGE_ASSISTANCE_ACCESSIBILITY Source: AUDIO_SOURCE_DEFAULT Flags: 0x0 Tags:  }
10-11 16:23:58.179  1123  1495 V APM_AudioPolicyManager: setVolumeCurveIndex device 04000000, index 9
10-11 16:23:58.179  2260  2260 D KeyguardUpdateMonitor: received broadcast android.intent.action.PHONE_STATE
10-11 16:23:58.179  2260  2260 D IndicatorTouchHandler: ACTION_PHONE_STATE_CHANGED GED=true, Samsung=true
10-11 16:23:58.179  1294  9464 D ActivityTaskManager: mStartingWindow and mStartingData is null for token=ActivityRecord{9867e74 u0 com.samsung.android.dialer/.DialtactsActivity} t34842}
10-11 16:23:58.180  2235  2235 V Telephony: GsmConnection: refreshConferenceSupported : isConfSupp=true, isImsConfSupp=true, isVidConfSupp=true, isMergeOfWifiAllowed=true, isWifi=false
10-11 16:23:58.181  2235  2235 D Telephony: SamsungCarrierRepositoryImpl: getSimOperator, phoneId=0, simOperator=313340
10-11 16:23:58.181  2235  2235 D Telephony: SamsungCarrierRepositoryImpl: getSimOperator, phoneId=0, simOperator=313340
10-11 16:23:58.181  2235  2235 D Telephony: SamsungCarrierRepositoryImpl: getSimOperator, phoneId=0, simOperator=313340
10-11 16:23:58.181  2235  2235 D Telephony: SamsungCarrierRepositoryImpl: getSimOperator, phoneId=0, simOperator=313340
10-11 16:23:58.181  2235  2235 I Telephony: SamsungCanConferenceHasMtConference: hasMtConference : false
10-11 16:23:58.181  2260  2260 D NotificationShadeWindowController: setStatusBarSplitTouchable:false
10-11 16:23:58.181  2260  2260 D KeyguardUpdateMonitor: handlePhoneStateChanged(OFFHOOK)
10-11 16:23:58.181  2235  2235 D Telephony: GsmConnection: refreshConferenceSupported = true.
10-11 16:23:58.182  2260  2260 D KeyguardViewMediator: onPhoneStateChanged IDLE => OFFHOOK
10-11 16:23:58.183  1123  1495 V APM_AudioPolicyManager: setStreamVolumeIndex: stream AUDIO_STREAM_ACCESSIBILITY attributes={ Content type: AUDIO_CONTENT_TYPE_UNKNOWN Usage: AUDIO_USAGE_ASSISTANCE_ACCESSIBILITY Source: AUDIO_SOURCE_DEFAULT Flags: 0x0 Tags:  }
10-11 16:23:58.183  1123  1495 V APM_AudioPolicyManager: setVolumeIndexForAttributes: group 1 matching with { Content type: AUDIO_CONTENT_TYPE_UNKNOWN Usage: AUDIO_USAGE_ASSISTANCE_ACCESSIBILITY Source: AUDIO_SOURCE_DEFAULT Flags: 0x0 Tags:  }
10-11 16:23:58.183  1123  1495 V APM_AudioPolicyManager: setVolumeCurveIndex device 40000000, index 8
10-11 16:23:58.183  1154  1154 I Layer   : id=939010 removedFromDrawingState com.samsung.android.dialer/com.samsung.android.dialer.DialtactsActivity$_30814#939010 (112)
10-11 16:23:58.184 27876 27876 I SCallUI : VoiceCallCardFragment - onStart
10-11 16:23:58.184  1123  1495 V APM_AudioPolicyManager: computeVolume: stream 0, index 5, volume 0.354813, deviceTypes 0x10000
10-11 16:23:58.184  1123  1495 V APM_AudioPolicyManager: computeVolume: stream 10, index 8, volume 0.354813, deviceTypes 0x10000
10-11 16:23:58.184  1123  1495 V APM_AudioPolicyManager: computeVolume: stream 0, index 5, volume 0.354813, deviceTypes 0x10000
10-11 16:23:58.184  1123  1495 V APM_AudioPolicyManager: computeVolume: stream 10, index 8, volume 0.354813, deviceTypes 0x10000
10-11 16:23:58.184 27876 27876 I SCallUI : VoiceCallCardFragment - onResume
10-11 16:23:58.184 27876 27876 I SCallUI : VoiceCallFragmentManager - add - VoiceCallCardFragment, 231371244
10-11 16:23:58.184 27876 27876 I SCallUI : VoiceCallButtonFragment - onCreate
10-11 16:23:58.185 27876 27876 I SCallUI : VoiceCallButtonFragment - onCreateView
10-11 16:23:58.186  2702  2736 I id.app.launcher: NativeAlloc concurrent copying GC freed 5072(276KB) AllocSpace objects, 0(0B) LOS objects, 49% free, 9570KB/18MB, paused 167us,68us total 162.351ms
10-11 16:23:58.186  1154  1815 I SurfaceFlinger: id=939010 Removed com.samsung.android.dialer/com.samsung.android.dialer.DialtactsActivity$_30814#939010 (112)
10-11 16:23:58.186 21110 21124 I SAMSUNGWALLET: [Hint_ProcessStatusChange] fg Change, pid : 30814 , isNotify : true , isForeground : false , fg list : [27876]
10-11 16:23:58.186  2260  2260 D KeyguardFingerprint: updateFingerprintListeningState#mFingerprintRunningState=0 shouldListenForFingerprint=false isUdfpsEnrolled=false bioType : 0
10-11 16:23:58.188  2235  2235 I Telephony: GsmConnection: shouldSetDisableAddCallExtra
10-11 16:23:58.188  2235  2235 I Telephony: SamsungConnectionExtraAddCall: shouldSetDisableAddCallExtraForVideo, videoState : 0
10-11 16:23:58.188  2235  2235 I Telephony: GsmConnection: shouldSetDisableAddCallExtra, isCurrentVideoCall : false, wasVideoCall : false, isWifi() : false
10-11 16:23:58.188  2235  2235 D SecImsManager: isWfcEnabledByPlatform
10-11 16:23:58.189  1123  1123 V APM_AudioPolicyManager: setStreamVolumeIndex: stream AUDIO_STREAM_VOICE_CALL attributes={ Content type: AUDIO_CONTENT_TYPE_UNKNOWN Usage: AUDIO_USAGE_VOICE_COMMUNICATION Source: AUDIO_SOURCE_DEFAULT Flags: 0x0 Tags:  }
10-11 16:23:58.189  1123  1123 V APM_AudioPolicyManager: setVolumeIndexForAttributes: group 13 matching with { Content type: AUDIO_CONTENT_TYPE_UNKNOWN Usage: AUDIO_USAGE_VOICE_COMMUNICATION Source: AUDIO_SOURCE_DEFAULT Flags: 0x0 Tags:  }
10-11 16:23:58.189  1123  1123 V APM_AudioPolicyManager: setVolumeCurveIndex device 00000001, index 5
10-11 16:23:58.190  2235  2235 D SecImsManager: isWfcEnabledByUser
10-11 16:23:58.190 21110 21132 I SAMSUNGWALLET: [Hint_afp] isHomePackageRunning topPkgName = com.samsung.android.incallui, topClsName = com.android.incallui.call.InCallActivity, return false , se : false
10-11 16:23:58.190  2235  2235 I TelephonyProvider: D/TelephonyProvider: Using old permission behavior for telephony provider compat
10-11 16:23:58.190  1123  1123 V APM_AudioPolicyManager: computeVolume: stream 0, index 5, volume 0.398107, deviceTypes 0x1
10-11 16:23:58.191 21110 21110 I SAMSUNGWALLET: [Hint_IntroHintService] Hint Status - already invisible, skip hide : [4000000] - Home Package Not Running
10-11 16:23:58.192  1154  1154 I Layer   : id=939010 Destroyed com.samsung.android.dialer/com.samsung.android.dialer.DialtactsActivity$_30814#939010
10-11 16:23:58.193  1123  1123 V APM_AudioPolicyManager: computeVolume: stream 0, index 5, volume 0.398107, deviceTypes 0x1
10-11 16:23:58.195  1123  1123 V APM_AudioPolicyManager: computeVolume: stream 0, index 5, volume 0.398107, deviceTypes 0x1
10-11 16:23:58.195  2235  2235 D ImsUtil : isWfcEnabled :: isEnabledByPlatform=false phoneId=0
10-11 16:23:58.195  2235  2235 D ImsUtil : isWfcEnabled :: isEnabledByUser=false phoneId=0
10-11 16:23:58.195  2235  2235 D Telephony: GsmConnection: refreshDisableAddCall, shouldSetDisableAddCallExtra is false
10-11 16:23:58.195  2235  2235 D SSCtr   : [0] EVENT_SIGNAL_LEVEL_INFO_CHANGED - SignalBarInfo{ nrLevel=5 }
10-11 16:23:58.195 31343 31343 D ActivityThread: setConscryptValidator
10-11 16:23:58.196  1294  2724 I Telecom : ConnectionServiceWrapper: CS -> TC[cap]: removeExtra TC@1487_1 [android.telecom.extra.DISABLE_ADD_CALL]: CSW.rE(cap)@nRw
10-11 16:23:58.196 31343 31343 D ActivityThread: setConscryptValidator - put
10-11 16:23:58.196  1294  2724 I Telecom : InCallController: Sending updateCall [Call id=TC@1487, state=DIALING, tpac=ComponentInfo{com.android.phone/com.android.services.telephony.TelephonyConnectionService}, 1, UserHandle{0}, cmgr=ComponentInfo{com.android.phone/com.android.services.telephony.TelephonyConnectionService}, 1, UserHandle{0}, handle=tel:**********, vidst=A, childs(0), has_parent(false), cap=[ sup_hld mut !v2a], prop=[]], voip=falsecaps=[Capabilities: CAPABILITY_SUPPORT_HOLD CAPABILITY_MUTE CAPABILITY_CANNOT_DOWNGRADE_VIDEO_TO_AUDIO], props=[Properties:], conf(false), had_child(false): CSW.rE(cap)@nRw
10-11 16:23:58.196  1123  1123 D APM_AudioPolicyManager: setVolumeIndexForAttributes: force setStreamVolume() for multi device sound
10-11 16:23:58.196  1123  1123 V APM_AudioPolicyManager: computeVolume: stream 0, index 5, volume 0.398107, deviceTypes 0x1
10-11 16:23:58.197  1294  2724 I Telecom : InCallController: Components updated: [ComponentInfo{com.samsung.android.incallui/com.android.incallui.InCallServiceImpl}, ComponentInfo{com.google.android.googlequicksearchbox/com.google.android.libraries.search.assistant.performer.communication.IncomingCallInCallService}]: CSW.rE(cap)@nRw
10-11 16:23:58.197 21545 21559 D Telecom-InCallService: InCallServiceBinder - updateCall: id(TC@1487), state(DIALING), [Capabilities: CAPABILITY_SUPPORT_HOLD CAPABILITY_MUTE CAPABILITY_CANNOT_DOWNGRADE_VIDEO_TO_AUDIO]
10-11 16:23:58.198  2235  2235 D Telephony: GsmConnection: MSG_CONNECTION_EXTRAS_CHANGED
10-11 16:23:58.198  2235  2235 D Telephony: GsmConnection: Extras update not required
10-11 16:23:58.198  2235  2235 D CallNotifier: handleMessage(1)
10-11 16:23:58.198  2235  2235 I Telephony: SamsungCdmaSignalInfoNotifier: PHONE_STATE_CHANGED: DIALING
10-11 16:23:58.198 21545 21545 D Telecom-InCallService: handleMessage: UPDATE_CALL
10-11 16:23:58.198  2235  2235 D Telecom-Connection: MSG_ADD_VIDEO_CALLBACK - binder: android.os.BinderProxy@5f730ef, callback: com.android.internal.telecom.IVideoCallback$Stub$Proxy@eecee85, size: 1
10-11 16:23:58.198  2235  2235 D Telephony: SamsungMmiDialogController: onCallingState: mPrevState=0 newState=2
10-11 16:23:58.198  2235  2235 I TelecomFramework: TelephonyConnectionService: notifyCreateConnectionComplete TC@1487_1: (...->CSW.hCCC)->CS.crCoC->H.CS.crCoC(cap/cast)@E-E-E-nQw
10-11 16:23:58.198 21545 21545 D Telecom-Call: internalUpdate - stateChanged: false, detailsChanged: false, videoCallChanged: false, isRttChanged: false, rttModeChanged: false, cannedTextResChanged: false, parentChanged: false, childrenChanged: false, activeChildChanged: false
10-11 16:23:58.198  1123  1123 D APM_AudioPolicyManager: setVolumeIndexForAttributes: force setStreamVolume() for multi device sound
10-11 16:23:58.199  1123  1123 V APM_AudioPolicyManager: computeVolume: stream 0, index 5, volume 0.398107, deviceTypes 0x1
10-11 16:23:58.201 27876 27876 I SCallUI : VoiceCallButtonFragment - onStart
10-11 16:23:58.201  2235  2235 I Telephony: SamsungTwoPhoneRepositoryImpl: isTwoPhoneRegistered : false
10-11 16:23:58.201 27876 27876 I SCallUI : VoiceCallButtonFragment - onResume
10-11 16:23:58.201  2235  2235 I Telephony: SamsungCdmaSignalInfoConnectionService: onCreateConnectionComplete, isCdmaSilenceSignal: false
10-11 16:23:58.201 27876 27876 I SCallUI : VoiceCallFragmentManager - add - VoiceCallButtonFragment, 142081391
10-11 16:23:58.201 27876 27876 I SCallUI : VoiceCallCardFragment - injectNormalView
10-11 16:23:58.201  2235  2235 I TelecomFramework: TelephonyConnectionService: onAudioStateChanged TC@1487_1 [AudioState isMuted: false, route: EARPIECE, supportedRouteMask: EARPIECE, SPEAKER, activeBluetoothDevice: [null], supportedBluetoothDevices: []]: (...->CSW.hCCC->CARSM.pM_UPDATE_SYSTEM_AUDIO_ROUTE)->CS.cASC->H.CS.cASC(cap/cast/cast)@E-E-E-nQw
10-11 16:23:58.202  1294  2724 I ActivityManager: DSS OFF for com.sec.android.app.soundalive
10-11 16:23:58.202  2235  2235 D Telephony: SamsungTelephonyConnection: onCallAudioStateChanged
10-11 16:23:58.202 27876 27876 I SCallUI : CallCardStateViewImpl - addCallStateGlobalLayoutListener - 118408461
10-11 16:23:58.202  1294  2724 I am_proc_bound: [0,31343,com.sec.android.app.soundalive]
10-11 16:23:58.202  1123  9487 V APM_AudioPolicyManager: setStreamVolumeIndex: stream AUDIO_STREAM_DTMF attributes={ Content type: AUDIO_CONTENT_TYPE_UNKNOWN Usage: AUDIO_USAGE_VOICE_COMMUNICATION_SIGNALLING Source: AUDIO_SOURCE_DEFAULT Flags: 0x0 Tags:  }
10-11 16:23:58.202  1123  9487 V APM_AudioPolicyManager: setVolumeIndexForAttributes: group 4 matching with { Content type: AUDIO_CONTENT_TYPE_UNKNOWN Usage: AUDIO_USAGE_VOICE_COMMUNICATION_SIGNALLING Source: AUDIO_SOURCE_DEFAULT Flags: 0x0 Tags:  }
10-11 16:23:58.202  1123  9487 V APM_AudioPolicyManager: setVolumeCurveIndex device 00000001, index 8
10-11 16:23:58.203 27876 27876 I SCallUI : VoiceVideoMultipartyCallCardViewImpl - created
10-11 16:23:58.203  1123  9487 V APM_AudioPolicyManager: computeVolume: stream 0, index 5, volume 0.398107, deviceTypes 0x1
10-11 16:23:58.203  1123  9487 V APM_AudioPolicyManager: computeVolume: stream 8, index 8, volume 0.398107, deviceTypes 0x1
10-11 16:23:58.203  1294  4361 I power_partial_wake_state: [1,*telephony-sem-radio*:com.android.phone]
10-11 16:23:58.204 27876 27876 I SCallUI : CallCardStateViewImpl - drawVcidMuteButton : false
10-11 16:23:58.204 27876 27876 I SCallUI : CallCardStateViewImpl - drawVcidMuteButton : false
10-11 16:23:58.204 27876 27876 I SCallUI : CallCardStateViewImplDelegate - setDisplayCallStateLabelLiveData : Calling
10-11 16:23:58.204  2260  2260 D KeyguardUpdateMonitor: handlePhoneStateChanged(OFFHOOK)
10-11 16:23:58.204  2235  2235 D SEM_RILJ: [8998]> OEM_HOOK_RAW[1182000D010000000000008000] [PHONE0]
10-11 16:23:58.204  2260  2260 D KeyguardViewMediator: onPhoneStateChanged OFFHOOK => OFFHOOK
10-11 16:23:58.205  1123  9487 V APM_AudioPolicyManager: computeVolume: stream 0, index 5, volume 0.398107, deviceTypes 0x1
10-11 16:23:58.205  2235  2235 D CAT     : CatService: handleMessage[104]
10-11 16:23:58.205  2235  2235 D CAT     : CatService: MSG_ID_CALL_CONTROL_RESULT
10-11 16:23:58.205  1123  9487 V APM_AudioPolicyManager: computeVolume: stream 8, index 8, volume 0.398107, deviceTypes 0x1
10-11 16:23:58.205  2235  2235 D CAT     : CatService: Call control result data000100
10-11 16:23:58.205  2235  2235 D CAT     : CatService: The call control result by SIM = 1
10-11 16:23:58.205  2235  2235 D CAT     : CatService: The call control result by SIM : alphaidpresent = false
10-11 16:23:58.205  2235  2235 I SemTelephonyHandlerHelper: handleMessage: what=90
10-11 16:23:58.205  2235  2235 D SemTelephonyHandlerHelper: EVENT_CHECK_CALL_CONTROL_DONE
10-11 16:23:58.205  2235  2235 D SemTelephonyHandlerHelper: onCheckCallControlDone, failed to check call control
10-11 16:23:58.205  2235  2235 D CallNotifier: handleMessage(1)
10-11 16:23:58.206  2235  2235 I Telephony: SamsungCdmaSignalInfoNotifier: PHONE_STATE_CHANGED: DIALING
10-11 16:23:58.206 27876 27876 I SCallUI : CallCardStateViewImplDelegate - setOptionMenuControlLiveData - mIsMenuButtonShown : false
10-11 16:23:58.206  2235 14700 D SemTelephonyController: checkCallControl response : xxxx
10-11 16:23:58.207 27876 27876 I SCallUI : CallCardStateViewImplDelegate - setCallBgContentLiveData: null
10-11 16:23:58.207 27876 27876 I SCallUI : PopupMenuViewImpl - setOptionMenuControlLiveData - dismiss
10-11 16:23:58.207 27876 27876 I SCallUI : PopupMenuViewImpl - setClearCoverUiLiveData() - ClearCoverUiData@bd9e22f, mCoverType: NO_CLEAR_COVER, mIsClearCoverUiShowing: false
10-11 16:23:58.207  2260  2260 D KeyguardFingerprint: updateFingerprintListeningState#mFingerprintRunningState=0 shouldListenForFingerprint=false isUdfpsEnrolled=false bioType : 0
10-11 16:23:58.208  2260  2260 D KeyguardUpdateMonitor: handlePhoneStateChanged(OFFHOOK)
10-11 16:23:58.208 27876 27876 I SCallUI : CallCardSecondLineViewHelper - setDisplayLocationLiveData() - locationData: null
10-11 16:23:58.208  2260  2260 D KeyguardViewMediator: onPhoneStateChanged OFFHOOK => OFFHOOK
10-11 16:23:58.208 27876 27876 I SCallUI : CallCardVerificationViewHelper - setStirShakenInfoLiveData() - stirShakenInfo: VerificationStatusData@fb0ef65, mVerStatData: , mIsStirShaken: false
10-11 16:23:58.208 27876 27876 I SCallUI : CallCardBannerViewHelper - setVoiceCrbtCleanModeStateLiveData() - isVoiceCrbtCleanMode: false
10-11 16:23:58.208 27876 27876 I SCallUI : CallCardBannerViewHelper - setScreenCallAnswerStateLiveData - DISABLED
10-11 16:23:58.208 27876 27876 I SCallUI : CallCardViewImplDelegate - setCallCardStateLiveData : CallCardStateData@def3fb3, mIsConference: false, mIsGroupCall: false, mIsMultiparty: false, mIsMcidEnabled: false, mIsVcidEnabled: false, mHasVideoSecondLineInfo: false
10-11 16:23:58.208 27876 27876 I SCallUI : CallCardViewImplDelegate - setDialPadStateIdsLiveData() - dialPadStateIds: CLOSED
10-11 16:23:58.208 27876 27876 I SCallUI : CallCardViewImpl - setRootViewVisibility() - mIsMultiPartyCall: false, mIsConferenceCall: false, mIsDialPadOn: false, mIsVoiceCrbtCleanMode: false
10-11 16:23:58.208 27876 27876 I SCallUI : CallCardViewImplDelegate - setVoiceCrbtCleanModeStateLiveData() - isVoiceCrbtCleanMode: false
10-11 16:23:58.208 27876 27876 I SCallUI : CallCardViewImpl - setRootViewVisibility() - mIsMultiPartyCall: false, mIsConferenceCall: false, mIsDialPadOn: false, mIsVoiceCrbtCleanMode: false
10-11 16:23:58.208 27876 27876 I SCallUI : CallCardViewImplDelegate - setCallBgContentLiveData() - callBgContentData: null
10-11 16:23:58.209 27876 27876 I SCallUI : CallCardViewImpl - inflateLayout() - uxId: FULL_PORT, isSmallPhotoSettingEnabled: false
10-11 16:23:58.209  1123  9487 V APM_AudioPolicyManager: computeVolume: stream 0, index 5, volume 0.398107, deviceTypes 0x1
10-11 16:23:58.209  1123  9487 V APM_AudioPolicyManager: computeVolume: stream 8, index 8, volume 0.398107, deviceTypes 0x1
10-11 16:23:58.209  2614  2997 I CallStateMachine: It's not emergency call
10-11 16:23:58.210  2614  2997 I VolteServiceModule: onCallStateChanged: state 2
10-11 16:23:58.210  2260  2260 D KeyguardFingerprint: updateFingerprintListeningState#mFingerprintRunningState=0 shouldListenForFingerprint=false isUdfpsEnrolled=false bioType : 0
10-11 16:23:58.210  2614  2997 I EcholocateBroadcaster: onCallStateChanged[0] 0->2, mCallOffhook:true Number [xxxxx]
10-11 16:23:58.211  2614  2997 I CallStateMachine: [ReadyToCall] processMessage 11
10-11 16:23:58.211  2235  2288 D SEM_RILJ: [8998]< OEM_HOOK_RAW [B@b6c44da [PHONE0]
10-11 16:23:58.211  1294  2724 I power_partial_wake_state: [7,*telephony-sem-radio*:com.android.phone]
10-11 16:23:58.211  1123  9487 D APM_AudioPolicyManager: setVolumeIndexForAttributes: force setStreamVolume() for multi device sound
10-11 16:23:58.211  1123  9487 V APM_AudioPolicyManager: computeVolume: stream 0, index 5, volume 0.398107, deviceTypes 0x1
10-11 16:23:58.211  2260  2260 D ViewRootImpl@a99c7cc[NotificationShade]: performTraversals params={(0,0)(fillxfill) gr=TOP CENTER_VERTICAL sim={adjust=resize} layoutInDisplayCutoutMode=always ty=NOTIFICATION_SHADE fmt=TRANSLUCENT
10-11 16:23:58.211  2260  2260 D ViewRootImpl@a99c7cc[NotificationShade]:   fl=81040048
10-11 16:23:58.211  2260  2260 D ViewRootImpl@a99c7cc[NotificationShade]:   pfl=1b000000
10-11 16:23:58.211  2260  2260 D ViewRootImpl@a99c7cc[NotificationShade]:   bhv=SHOW_TRANSIENT_BARS_BY_SWIPE naviIconColor=0
10-11 16:23:58.211  2260  2260 D ViewRootImpl@a99c7cc[NotificationShade]:   sfl=40000}
10-11 16:23:58.212  1123  9487 V APM_AudioPolicyManager: computeVolume: stream 8, index 8, volume 0.398107, deviceTypes 0x1
10-11 16:23:58.212  1294  2724 I power_partial_wake_state: [0,*telephony-sem-radio*:com.android.phone(disabled)]
10-11 16:23:58.213  2260  2260 D ViewRootImpl@a99c7cc[NotificationShade]: performTraversals mFirst=false windowShouldResize=false viewVisibilityChanged=false mForceNextWindowRelayout=false params={(0,0)(fillxfill) gr=TOP CENTER_VERTICAL sim={adjust=resize} layoutInDisplayCutoutMode=always ty=NOTIFICATION_SHADE fmt=TRANSLUCENT
10-11 16:23:58.213  2260  2260 D ViewRootImpl@a99c7cc[NotificationShade]:   fl=81040048
10-11 16:23:58.213  2260  2260 D ViewRootImpl@a99c7cc[NotificationShade]:   pfl=1b000000
10-11 16:23:58.213  2260  2260 D ViewRootImpl@a99c7cc[NotificationShade]:   bhv=SHOW_TRANSIENT_BARS_BY_SWIPE naviIconColor=0
10-11 16:23:58.213  2260  2260 D ViewRootImpl@a99c7cc[NotificationShade]:   sfl=40000}
10-11 16:23:58.213  1123  9487 D APM_AudioPolicyManager: setVolumeIndexForAttributes: force setStreamVolume() for multi device sound
10-11 16:23:58.213  2614  2997 I SsacManager: Voice Call[0]: isCallBarred:rand1:[0.6421402995220756] rand2:[0.7095034679018648]
10-11 16:23:58.213  1123  9487 V APM_AudioPolicyManager: computeVolume: stream 0, index 5, volume 0.398107, deviceTypes 0x1
10-11 16:23:58.213  2614  2997 I VolteServiceModule: isCallBarredBySSAC[0]: result for call type 1 is false
10-11 16:23:58.213  1123  9487 V APM_AudioPolicyManager: computeVolume: stream 8, index 8, volume 0.398107, deviceTypes 0x1
10-11 16:23:58.214  1294  2724 V WindowManager: Relayout Window{5a41d52 u0 NotificationShade}: viewVisibility=4 req=1080x2408 d0
10-11 16:23:58.216  2614  2997 I RegisterTask: isSuspended: mSuspended(false) mSuspendByIrat(false)
10-11 16:23:58.216  2614  2997 I RegisterTask: isSuspended: mSuspended(false) mSuspendByIrat(false)
10-11 16:23:58.216  1294  2724 V WindowManager: Relayout hash=5a41d52, pid=2260, syncId=-1: mAttrs={(0,0)(fillxfill) gr=TOP CENTER_VERTICAL sim={adjust=resize} layoutInDisplayCutoutMode=always ty=NOTIFICATION_SHADE fmt=TRANSLUCENT
10-11 16:23:58.216  1294  2724 V WindowManager:   fl=81040048
10-11 16:23:58.216  1294  2724 V WindowManager:   pfl=1b000000
10-11 16:23:58.216  1294  2724 V WindowManager:   bhv=SHOW_TRANSIENT_BARS_BY_SWIPE naviIconColor=0
10-11 16:23:58.216  1294  2724 V WindowManager:   sfl=40000}
10-11 16:23:58.217 31343 31343 D CompatibilityChangeReporter: Compat change id reported: 171979766; UID 10110; state: ENABLED
10-11 16:23:58.219  2260  2260 I ViewRootImpl@a99c7cc[NotificationShade]: Relayout returned: old=(0,0,1080,2408) new=(0,0,1080,2408) req=(1080,2408)4 dur=5 res=0x0 s={false 0x0} ch=false seqId=2532
10-11 16:23:58.220  2260  2260 D QSMumButton: needToBeVisible() result:false [MumSetting?false = (TwoPhoneSetting:false || (somethingInDetail:true && Pref:false && Settings:false)), DEX-(DeviceState?false, DesktopManager?false, SemDesktopModeStateEnable?false) Panel-mExpanded?false, RepairModeUser?false]
10-11 16:23:58.223  2614  2997 I CallStateMachine: CLI : null LetteringText : null
10-11 16:23:58.224  2260  2260 D MediaDeviceManager: SEM_STREAM_DEVICES_CHANGED_ACTION
10-11 16:23:58.225  2260  2827 D vol.VolumeDialogControl: onVolumeChangedW stream = 1, flags = 0, lastAudibleStreamVolume = 6, changed = false, showUI = false, dualAudio = false
10-11 16:23:58.229  1294  2127 V AS.AudioService: onUpdateAudioMode() new mode: 2, current mode: 2 requested mode: 2
10-11 16:23:58.229 27876 27876 I SCallUI : PowerManagerUtils - isScreenOn - true
10-11 16:23:58.230 27876 27876 I SCallUI : CallCardFirstLineViewHelper - addNameGlobalLayoutListener - 118408461
10-11 16:23:58.230 27876 27876 I SCallUI : CallCardSecondLineViewHelper - updateView
10-11 16:23:58.230  1123  9487 V APM_AudioPolicyManager: setForceUse() usage 7, config 0, mPhoneState 2
10-11 16:23:58.230  1123  9487 W APM_AudioPolicyManager: setForceUse() usage 7, config 0 is already set
10-11 16:23:58.231  1123  1451 I AudioPolicyService: doOnCheckSpatializer mSpatializer 0xb400007a1a12ad00 level 0
10-11 16:23:58.232 27876 27876 I SCallUI : CallCardViewImpl - updateResumeButton() - buttonData is null.
10-11 16:23:58.232 27876 27876 I SCallUI : CallCardViewImpl - setRootViewVisibility() - mIsMultiPartyCall: false, mIsConferenceCall: false, mIsDialPadOn: false, mIsVoiceCrbtCleanMode: false
10-11 16:23:58.232 27876 27876 I SCallUI : VoiceVideoMultipartyCallCardViewImplDelegate - setControlUiManager...
10-11 16:23:58.232 27876 27876 I SCallUI : VoiceVideoMultipartyCallCardViewImplDelegate - setCallCardStateLiveData - cardStateData : CallCardStateData@def3fb3, mIsConference: false, mIsGroupCall: false, mIsMultiparty: false, mIsMcidEnabled: false, mIsVcidEnabled: false, mHasVideoSecondLineInfo: false
10-11 16:23:58.232 27876 27876 I SCallUI : VoiceVideoMultipartyCallCardViewImpl - setSecondaryCallAreaVisibility return
10-11 16:23:58.232 27876 27876 I SCallUI : VoiceCallButtonFragment - injectNormalView
10-11 16:23:58.233  2260  2827 D vol.VolumeDialogControl: onVolumeChangedW stream = 2, flags = 0, lastAudibleStreamVolume = 11, changed = false, showUI = false, dualAudio = false
10-11 16:23:58.234 27876 27876 I SCallUI : VoiceDialpadViewImpl - setDialpadStateIdsLiveData UNKNOWN -> CLOSED
10-11 16:23:58.234 27876 27876 I SCallUI : VoiceDialpadViewImpl - switchDialpadState - UNKNOWN -> CLOSED
10-11 16:23:58.234 27876 27876 I SCallUI : VoiceDialpadViewImpl - setDialpadClosed
10-11 16:23:58.235 27876 27876 I SCallUI : CommonActionCommandUi - onDialpadClosed
10-11 16:23:58.236 27876 27876 I SCallUI : DialpadExecutorImpl - executeDialpadClosed
10-11 16:23:58.236 27876 27876 I SCallUI : ProximitySensorModelImpl - {ProximityWakeLock: WakeLock{9a08073 held=false, refCount=0}, [updateProximitySensor] - , OFF, [turnOffProximitySensor] - , SKIP}
10-11 16:23:58.236 31351 31351 E vice.stplatform: Not starting debugger since process cannot load the jdwp agent.
10-11 16:23:58.236  2260  2827 D vol.VolumeDialogControl: onVolumeChangedW stream = 3, flags = 0, lastAudibleStreamVolume = 700, changed = false, showUI = false, dualAudio = false
10-11 16:23:58.236 27876 27876 I SCallUI : ViewClickThrottler - clicks, add the ViewClickObservable, view hash: e9cde1d
10-11 16:23:58.239 27876 27876 I SCallUI : VoiceCallDisconnectButtonViewImpl - setCallSessionLiveData - session : CallSessionData(3aa7cfa) {CallModel_TC@1487, VOICE, CONNECTING, NormalCall}
10-11 16:23:58.239 27876 27876 I SCallUI : VoiceCallDisconnectButtonViewImpl - showDisconnectButton, withAnimation : false
10-11 16:23:58.239 27876 27876 I SCallUI : VoiceCallDisconnectButtonViewImpl - setFullScreenUiStateLiveData() - FullScreenUiStateData - FULL_PORT, w:384, h: 783, MwMode: false
10-11 16:23:58.240 27876 27876 I SCallUI : VoiceCallDisconnectButtonViewImpl - setButtonDataLiveData: ButtonData(5ddc88e)@id: DISCONNECT { enabled, unchecked, VISIBLE, command } 
10-11 16:23:58.240 27876 27876 I SCallUI : RcsPopupViewImpl - updateRootViewVisibility() - isRootViewVisible: false
10-11 16:23:58.240 27876 27876 I SCallUI : RejectAnsweringMessageGuideViewImpl - updateGuideViews() - mRejectAnsweringMessageState : NONE
10-11 16:23:58.241  2260  2827 D vol.VolumeDialogControl: onVolumeChangedW stream = 4, flags = 0, lastAudibleStreamVolume = 11, changed = false, showUI = false, dualAudio = false
10-11 16:23:58.242 27876 27876 I SCallUI : VoiceCallControlPanelViewImpl - setSessionLiveData, newSession: CallSessionData(3aa7cfa) {CallModel_TC@1487, VOICE, CONNECTING, NormalCall}
10-11 16:23:58.242 27876 27876 I SCallUI : VoiceCallControlPanelViewImpl - setBlurBackgroundView, isDuring : false, isMediaContentType : false
10-11 16:23:58.244  2260  2827 D vol.VolumeDialogControl: onVolumeChangedW stream = 5, flags = 0, lastAudibleStreamVolume = 11, changed = false, showUI = false, dualAudio = false
10-11 16:23:58.245 27876 27876 I SCallUI : VoiceCallControlPanelViewImpl - setControlPanelMode - SINGLE
10-11 16:23:58.245 27876 27876 I SCallUI : VoiceCallControlPanelViewImpl - updateButtonBackgroundVisibility, GONE, because FullScreenUx id is unknown
10-11 16:23:58.245 27876 27876 I SCallUI : VoiceCallControlPanelViewImpl - setRcsCallCapabilityLiveData - false
10-11 16:23:58.245 27876 27876 I SCallUI : VoiceCallControlPanelViewImpl - setFullScreenUiState, newUiState: FullScreenUiStateData - FULL_PORT, w:384, h: 783, sw: 384, Orientation: 1, MwMode: false, TableMode: false, DisplayDevice: 0, NightMode: false, LaunchDisplay: DEFAULT, DisplayRotation: ROTATION_0
10-11 16:23:58.245 27876 27876 I SCallUI : VoiceCallControlPanelViewImpl - makeOutgoingCallControlPanel
10-11 16:23:58.245 27876 27876 I SCallUI : VoiceCallControlPanelViewImpl - requestDuringCallButtonView
10-11 16:23:58.245 27876 27876 I SCallUI : CallButtonViewImpl - setCallSessionLiveData, isAvailable: TRUE
10-11 16:23:58.245 27876 27876 I SCallUI : CallButtonViewImpl - setButtonGridLiveData, LayoutMode: INVISIBLE, [ButtonData(739a151)@id: RTT_CHAT { disabled, unchecked, VISIBLE, command } , ButtonData(8568db6)@id: HOLD { disabled, unchecked, VISIBLE, command } , ButtonData(ccbfab7)@id: BLUETOOTH { enabled, unchecked, VISIBLE } , ButtonData(9c7b224)@id: SPEAKER { enabled, unchecked, VISIBLE, command } , ButtonData(e26018d)@id: MUTE { disabled, unchecked, VISIBLE, command } , ButtonData(ab5cf42)@id: DIALPAD_SHOW { enabled, unchecked, VISIBLE } ]
10-11 16:23:58.246 27876 27876 I SCallUI : CallButtonViewImpl - setShowButtonBackgroundLiveData, isShowing: FALSE
10-11 16:23:58.246 27876 27876 I SCallUI : CallButtonViewImpl - prepareInCallButtons - skip, INVISIBLE, buttonDataSize: 6, buttonViewSize: 0
10-11 16:23:58.246 27876 27876 I SCallUI : CallButtonViewImpl - prepareInCallButtons - skip, INVISIBLE, buttonDataSize: 6, buttonViewSize: 0
10-11 16:23:58.246 27876 27876 I SCallUI : CallButtonViewImpl - setFullScreenUiStateLiveData, LandscapeUx: FALSE, isSingleLineButtonText: false
10-11 16:23:58.246  2614  2997 I CallStateMachine: bindToNetwork for MO
10-11 16:23:58.246 27876 27876 I SCallUI : CallButtonViewImpl - inflateLayout - LayoutType: DEFAULT
10-11 16:23:58.246 27876 27876 I SCallUI : CallButtonViewImpl - findButtonMainView - inflate, LayoutType; DEFAULT
10-11 16:23:58.246 31351 31351 D ActivityThread: setConscryptValidator
10-11 16:23:58.247  2614  2997 I ImsMediaController: bindToNetwork() 1144
10-11 16:23:58.247  2614  2997 I ResipMediaHandler: bindToNetwork : 1144
10-11 16:23:58.247  2260  2827 D vol.VolumeDialogControl: onVolumeChangedW stream = 11, flags = 0, lastAudibleStreamVolume = 7, changed = false, showUI = false, dualAudio = false
10-11 16:23:58.247 31351 31351 D ActivityThread: setConscryptValidator - put
10-11 16:23:58.251  1294  2724 I ActivityManager: DSS OFF for com.samsung.android.service.stplatform
10-11 16:23:58.251  1294  2724 I am_proc_bound: [0,31351,com.samsung.android.service.stplatform]
10-11 16:23:58.252  2614  2997 I ResipVolteHandler: makeCall: regId=24726 CallSetupData [mOrigUri=xxxxx, mDestUri=xxxxx, mDialingNumber=xxxxx, mCallType=1, mLetteringText=null, mIsEmergency=false, mPEmergencyInfo=null, mCli=null, mAlertInfo=null, mIsLteEpsOnlyAttached=true, mCmcBoundSessionId=-1, mReplaceCallId=null, mCmcEdCallSlot=-1] additionalSipHeaders=null
10-11 16:23:58.253 27876 27876 I SCallUI : CallButtonViewImpl - manageInCallButtons - changed, LayoutMode: SIX_BUTTON, LayoutType: DEFAULT
10-11 16:23:58.253 27876 27876 I SCallUI : InCallButton - setInCallButtonParams, {ButtonData(739a151)@id: RTT_CHAT { disabled, unchecked, VISIBLE, command } }
10-11 16:23:58.254 27876 27876 I SCallUI : ViewClickThrottler - clicks, add the ViewClickObservable, view hash: 25f3605
10-11 16:23:58.254 27876 27876 I SCallUI : InCallButton - setInCallButtonParams, {ButtonData(8568db6)@id: HOLD { disabled, unchecked, VISIBLE, command } }
10-11 16:23:58.255 27876 27876 I SCallUI : ViewClickThrottler - clicks, add the ViewClickObservable, view hash: 720568
10-11 16:23:58.255 27876 27876 I SCallUI : InCallButton - setInCallButtonParams, {ButtonData(ccbfab7)@id: BLUETOOTH { enabled, unchecked, VISIBLE } }
10-11 16:23:58.255  2614  2997 I ImsProfile: trimAudioCodec : audioCodecMode=2 audioCapabilities=0 dtmfCodecMode=0 isEnableEvs=1
10-11 16:23:58.256 27876 27876 I SCallUI : ViewClickThrottler - clicks, add the ViewClickObservable, view hash: 7625a67
10-11 16:23:58.256  2614  2997 I ImsProfile: trimAudioCodec : EVS=EVS AMRBE_WB=AMRBE-WB AMRBE=AMRBE AMR-WB=AMR-WB AMR=AMR DTMFWB=DTMFWB DTMF=DTMF OTHERS=
10-11 16:23:58.256 27876 27876 I SCallUI : ViewClickThrottler - clicks, add the ViewClickObservable, view hash: e3cb6b2
10-11 16:23:58.256 27876 27876 I SCallUI : InCallButton - setInCallButtonParams, {ButtonData(9c7b224)@id: SPEAKER { enabled, unchecked, VISIBLE, command } }
10-11 16:23:58.257  2614  2997 I ResipVolteHandler: makeCall: Do device support 3gpp 24.390 USSI?true
10-11 16:23:58.257 27876 27876 I SCallUI : ViewClickThrottler - clicks, add the ViewClickObservable, view hash: 3060bb9
10-11 16:23:58.257  2614  2997 I UserAgent<0>: makeCall: destUri=xxxxx, type=1 origUri=xxxxx
10-11 16:23:58.257 27876 27876 I SCallUI : InCallButton - setInCallButtonParams, {ButtonData(e26018d)@id: MUTE { disabled, unchecked, VISIBLE, command } }
10-11 16:23:58.258  2614  2988 I StackIF : makeCall: handle 24726 destUri xxxxx origUri xxxxx type 1 dispName null ecscf null cli null PEmergencyInfo null alertInfo null isLteEpsOnlyAttached true p2p null cmcBoundSessionId -1 replaceCallId null cmcEdCallSlot -1
10-11 16:23:58.258 27876 27876 I SCallUI : ViewClickThrottler - clicks, add the ViewClickObservable, view hash: 43b4dac
10-11 16:23:58.259 27876 27876 I SCallUI : InCallButton - setInCallButtonParams, {ButtonData(ab5cf42)@id: DIALPAD_SHOW { enabled, unchecked, VISIBLE } }
10-11 16:23:58.260  1294  1674 I WindowManager: Reparenting to original parent: Surface(name=DefaultTaskDisplayArea)/@0xb9ef977, destroy=true, surface=Surface(name=Task=34845)/@0x97f2735
10-11 16:23:58.260 27876 27876 I SCallUI : ViewClickThrottler - clicks, add the ViewClickObservable, view hash: ef8627b
10-11 16:23:58.260 27876 27876 I SCallUI : VoiceCallControlPanelViewImpl - setControlPanelMode - SINGLE
10-11 16:23:58.260 27876 27876 I SCallUI : VoiceCallControlPanelViewImpl - rearrangeHorizontalPosition - button inner side margin : 0.053%background side margin : 0.075%
10-11 16:23:58.261 27876 27876 I SCallUI : VoiceCallControlPanelViewImpl - setDisconnectBottomPadding - 0.04
10-11 16:23:58.261  2614  2988 I SECIMSJ : [5815]> 336
10-11 16:23:58.261 27876 27876 I SCallUI : VoiceCallControlPanelViewImpl - setControlPanelMode - SINGLE
10-11 16:23:58.261 27876 27876 I SCallUI : VoiceCallControlPanelViewImpl - updateButtonBackgroundVisibility, VISIBLE
10-11 16:23:58.261 27876 27876 I SCallUI : VoiceCallControlPanelViewImpl - setAnswerMode - NONE
10-11 16:23:58.261 27876 27876 I SCallUI : VoiceCallControlPanelViewImpl - updateButtonBackgroundVisibility, VISIBLE
10-11 16:23:58.261 27876 27876 I SCallUI : VoiceCallControlPanelViewImpl - rearrangeHorizontalPosition - button inner side margin : 0.053%background side margin : 0.075%
10-11 16:23:58.261 27876 27876 I SCallUI : VoiceCallControlPanelViewImpl - setDisconnectBottomPadding - 0.04
10-11 16:23:58.261 31351 31351 D CompatibilityChangeReporter: Compat change id reported: 171979766; UID 10109; state: ENABLED
10-11 16:23:58.261 27876 27876 I SCallUI : VoiceCallControlPanelViewImpl - setControlPanelMode - SINGLE
10-11 16:23:58.261 27876 27876 I SCallUI : VoiceCallControlPanelViewImpl - updateButtonBackgroundVisibility, VISIBLE
10-11 16:23:58.261 27876 27876 I SCallUI : ScreenCallFragmentManager - setCallSessionLiveData - session: CallSessionData(3aa7cfa) {CallModel_TC@1487, VOICE, CONNECTING, NormalCall}
