11-08 02:20:19.215  1147  1147 I Layer   : id=572407 removedFromDrawingState Surface(name=WallpaperWindowToken{a4e7e38 token=android.os.Binder@1c4da9b})/@0xc6c2a79 - animation-leash of window_animation#572407 (118)
11-08 02:20:19.215  1147  1147 I Layer   : Layer [com.sec.android.RilServiceModeApp/com.sec.android.RilServiceModeApp.ServiceModeApp$_2258#572357] hidden!! flag(1)
11-08 02:20:19.215  1147  1147 I Layer   : Layer [PopupWindow:f43ab53$_2258#572371] hidden!! flag(1)
11-08 02:20:19.217  1292  1716 I wm_destroy_activity: [0,231133122,58109,com.sec.android.RilServiceModeApp/.ServiceModeApp,finish-imm:idle]
11-08 02:20:19.219  2258 10216 D OpenGLRenderer: setSurface called with nullptr
11-08 02:20:19.219  2258 10216 D OpenGLRenderer: setSurface() destroyed EGLSurface
11-08 02:20:19.219  2258 10216 D OpenGLRenderer: destroyEglSurface
11-08 02:20:19.221  1292  1716 I am_mem_factor: [2,0]
11-08 02:20:19.221  1292  1292 I Telecom:TelecomService: onTrimMemory - 10
11-08 02:20:19.222  2258  2258 I ViewRootImpl@3356c90[PopupWindow:f43ab53]: performTraversals mFirst=false windowShouldResize=false viewVisibilityChanged=true mForceNextWindowRelayout=false params=null
11-08 02:20:19.226  3196  3196 W DeviceManager_FLP: onTrimMemory : 10
11-08 02:20:19.228  3884  3884 I AiAi    : onTrimMemory() with level 10
11-08 02:20:19.228  1292 14222 V WindowManager: Relayout Window{416b429 u0 PopupWindow:f43ab53}: viewVisibility=8 req=473x842 d0
11-08 02:20:19.228  1292  4060 V ActivityManager: Got obituary of 21388:com.sec.android.daemonapp
11-08 02:20:19.230  3196  3276 I GpsSessionManager_FLP: arrangeInvalidSessions
11-08 02:20:19.230   866   866 I Zygote  : Process 21388 exited due to signal 9 (Killed)
11-08 02:20:19.232  1292  1740 I libprocessgroup: Successfully killed process cgroup uid 5022 pid 21267 in 0ms
11-08 02:20:19.232  1292 14222 V WindowManager: Relayout hash=416b429, pid=2258, syncId=-1: mAttrs={(579,70)(473x842) gr=TOP START CENTER DISPLAY_CLIP_VERTICAL sim={state=unchanged adjust=resize} ty=APPLICATION_SUB_PANEL fmt=TRANSLUCENT wanim=0x10302f9 surfaceInsets=Rect(45, 45 - 45, 45) (manual)
11-08 02:20:19.232  1292 14222 V WindowManager:   fl=41860200
11-08 02:20:19.232  1292 14222 V WindowManager:   pfl=2018000
11-08 02:20:19.232  1292 14222 V WindowManager:   bhv=DEFAULT
11-08 02:20:19.232  1292 14222 V WindowManager:   fitTypes=STATUS_BARS NAVIGATION_BARS CAPTION_BAR IME naviIconColor=0
11-08 02:20:19.232  1292 14222 V WindowManager:   sfl=20000}
11-08 02:20:19.232  1292  1740 I libprocessgroup: Successfully killed process cgroup uid 5004 pid 21311 in 0ms
11-08 02:20:19.233  2293  2293 D SystemUIService: SYSUI_RAM_OPTIMIZATION onTrimMemory=10
11-08 02:20:19.233  1292  1740 I libprocessgroup: Successfully killed process cgroup uid 10151 pid 21363 in 0ms
11-08 02:20:19.233  1292  1740 I libprocessgroup: Successfully killed process cgroup uid 10214 pid 27701 in 0ms
11-08 02:20:19.233  2293  2293 D SystemUIService: onTrimMemory : 10
11-08 02:20:19.233  2293  2293 D MemoryMonitor: Last Info is 11-08 02:18:51.479. It still remains until reset time. So skip this.
11-08 02:20:19.233  1292  1740 I libprocessgroup: Successfully killed process cgroup uid 10205 pid 27681 in 0ms
11-08 02:20:19.236  2258  2258 I ViewRootImpl@3356c90[PopupWindow:f43ab53]: Relayout returned: old=(579,70,1052,912) new=(579,70,1052,912) req=(473,842)8 dur=11 res=0x2 s={false 0x0} ch=true seqId=0
11-08 02:20:19.238  2258 10216 D OpenGLRenderer: setSurface called with nullptr
11-08 02:20:19.238  2258 10216 D OpenGLRenderer: setSurface() destroyed EGLSurface
11-08 02:20:19.238  2258 10216 D OpenGLRenderer: destroyEglSurface
11-08 02:20:19.240  3943  3943 W DMASA[U]: [AppLogData]onTrimMemory(10):1699435219235
11-08 02:20:19.241  2258  2258 I ViewRootImpl@1484a7a[ServiceModeApp]: performTraversals mFirst=false windowShouldResize=false viewVisibilityChanged=true mForceNextWindowRelayout=false params=null
11-08 02:20:19.242  1292 14222 V WindowManager: Relayout Window{474770 u0 com.sec.android.RilServiceModeApp/com.sec.android.RilServiceModeApp.ServiceModeApp}: viewVisibility=8 req=1080x2408 d0
11-08 02:20:19.248  1292 10229 D OpenGLRenderer: RenderThread::requireGlContext()
11-08 02:20:19.249  1292 14222 V WindowManager: Relayout hash=474770, pid=2258, syncId=-1: mAttrs={(0,0)(fillxfill) sim={adjust=resize forwardNavigation} ty=BASE_APPLICATION wanim=0x10302f4
11-08 02:20:19.249  1292 14222 V WindowManager:   fl=81810100
11-08 02:20:19.249  1292 14222 V WindowManager:   pfl=12020040
11-08 02:20:19.249  1292 14222 V WindowManager:   apr=LIGHT_NAVIGATION_BARS
11-08 02:20:19.249  1292 14222 V WindowManager:   bhv=DEFAULT
11-08 02:20:19.249  1292 14222 V WindowManager:   fitSides= naviIconColor=0
11-08 02:20:19.249  1292 14222 V WindowManager:   sfl=100000}
11-08 02:20:19.254  2258  2258 I ViewRootImpl@1484a7a[ServiceModeApp]: Relayout returned: old=(0,0,1080,2408) new=(0,0,1080,2408) req=(1080,2408)8 dur=11 res=0x2 s={false 0x0} ch=true seqId=0
11-08 02:20:19.255 10591 10591 I Finsky:background: [2] tyr.onTrimMemory(13): Memory trim requested to level 10
11-08 02:20:19.255 23391 23391 I Finsky  : [2] tyr.onTrimMemory(13): Memory trim requested to level 10
11-08 02:20:19.257  1292 14222 D CoreBackPreview: Window{416b429 u0 PopupWindow:f43ab53}: Setting back callback null
11-08 02:20:19.259  2258 10216 D OpenGLRenderer: setSurface called with nullptr
11-08 02:20:19.259  2258  2258 I ViewRootImpl@3356c90[PopupWindow:f43ab53]: dispatchDetachedFromWindow
11-08 02:20:19.261  1292 14222 D InputTransport: Input channel destroyed: '416b429', fd=677
11-08 02:20:19.261  1292 14222 W InputManager-JNI: Input channel object '416b429 PopupWindow:f43ab53 (client)' was disposed without first being removed with the input manager!
11-08 02:20:19.261  1292 14222 D InputTransport: Input channel destroyed: '416b429', fd=787
11-08 02:20:19.264  1292 14222 V WindowManager: Remove Window{416b429 u0 PopupWindow:f43ab53}: mSurfaceController=Surface(name=PopupWindow:f43ab53$_2258)/@0x56f329e mAnimatingExit=false mRemoveOnExit=false mHasSurface=true surfaceShowing=false animating=false app-animation=false mWillReplaceWindow=false mDisplayFrozen=false callers=com.android.server.wm.WindowState.removeIfPossible:3041 com.android.server.wm.WindowManagerService.removeWindow:2282 com.android.server.wm.Session.remove:236 android.view.IWindowSession$Stub.onTransact:743 com.android.server.wm.Session.onTransact:188 android.os.Binder.execTransactInternal:1321 
11-08 02:20:19.267  1292 14222 I WindowManager: Destroying surface Surface(name=PopupWindow:f43ab53$_2258)/@0x56f329e called by com.android.server.wm.WindowStateAnimator.destroySurface:942 com.android.server.wm.WindowStateAnimator.destroySurfaceLocked:536 com.android.server.wm.WindowState.removeImmediately:2969 com.android.server.wm.WindowState.removeIfPossible:3228 com.android.server.wm.WindowState.removeIfPossible:3041 com.android.server.wm.WindowManagerService.removeWindow:2282 com.android.server.wm.Session.remove:236 android.view.IWindowSession$Stub.onTransact:743 
11-08 02:20:19.272  4371  4371 I HBD     : a [UpdatePolicy] [post] a: 0 cl: 65537 kit: [0/0] vt: 0 ir: 1 
11-08 02:20:19.274  2258  2258 D InputTransport: Input channel destroyed: '416b429', fd=209
11-08 02:20:19.276  1147  1147 I Layer   : id=572371 removedFromDrawingState PopupWindow:f43ab53$_2258#572371 (118)
11-08 02:20:19.276  1147  1147 I Layer   : id=572368 removedFromDrawingState 416b429 PopupWindow:f43ab53#572368 (118)
11-08 02:20:19.276  1292 10229 D OpenGLRenderer: RenderThread::setGrContext()
11-08 02:20:19.276  1147  1147 I SurfaceFlinger: id=572371 Removed PopupWindow:f43ab53$_2258#572371 (118)
11-08 02:20:19.276  1147  1147 I SurfaceFlinger: id=572368 Removed 416b429 PopupWindow:f43ab53#572368 (118)
11-08 02:20:19.277  1147  1147 I Layer   : id=572368 Destroyed 416b429 PopupWindow:f43ab53#572368
11-08 02:20:19.277  1147  1147 I Layer   : id=572371 Destroyed PopupWindow:f43ab53$_2258#572371
11-08 02:20:19.279  4371  4371 I HBD     : a [NRIC] resetNoResponseState 
11-08 02:20:19.280  4371  4371 I HBD     : a needOff = true , isForceOff = false, isNullInputClass : true 
11-08 02:20:19.280  4371  4371 I HBD     : a update cached prediction status : false 
11-08 02:20:19.283  2258  2258 I ViewRootImpl@1484a7a[ServiceModeApp]: stopped(true) old = false
11-08 02:20:19.283  3943  3943 I id.diagmonagent: Explicit concurrent copying GC freed 285(51KB) AllocSpace objects, 0(0B) LOS objects, 72% free, 2385KB/8529KB, paused 93us,45us total 42.983ms
11-08 02:20:19.283  2258  2258 I ViewRootImpl@1484a7a[ServiceModeApp]: WindowStopped on com.sec.android.RilServiceModeApp/com.sec.android.RilServiceModeApp.ServiceModeApp set to true
11-08 02:20:19.284  2258  2258 I wm_on_stop_called: [231133122,com.sec.android.RilServiceModeApp.ServiceModeApp,LIFECYCLER_STOP_ACTIVITY]
11-08 02:20:19.286  3943  3943 W DMASA[C]: [DiagMonAgentApplication]onTrimMemory (10)
11-08 02:20:19.286  2258  2258 I MSHandlerLifeCycle: check: return. Multi-window not supported pkg=com.sec.android.RilServiceModeApp
11-08 02:20:19.286  2258  2258 I MSHandlerLifeCycle: removeMultiSplitHandler: no exist. decor=DecorView@bbd2635[ServiceModeApp]
11-08 02:20:19.286  2258  2258 E ModemServiceMode: onDestroy start
11-08 02:20:19.287  2258  2258 E ModemServiceMode: unbind connection
11-08 02:20:19.289  2258  2258 E ModemServiceMode: onDestroy finish
11-08 02:20:19.289  2258  2258 I wm_on_destroy_called: [231133122,com.sec.android.RilServiceModeApp.ServiceModeApp,performDestroy]
11-08 02:20:19.293  1292  4060 D CoreBackPreview: Window{474770 u0 com.sec.android.RilServiceModeApp/com.sec.android.RilServiceModeApp.ServiceModeApp}: Setting back callback null
11-08 02:20:19.294  2258  2258 I MSHandlerLifeCycle: removeMultiSplitHandler: no exist. decor=DecorView@bbd2635[ServiceModeApp]
11-08 02:20:19.294  2258  2258 I DecorView: setWindowBackground: isPopOver=false color=fff6f6f6 d=null
11-08 02:20:19.295  2258  2258 I DecorView: notifyKeepScreenOnChanged: keepScreenOn=false
11-08 02:20:19.295  2258 10216 D OpenGLRenderer: setSurface called with nullptr
11-08 02:20:19.296  2258  2258 I ViewRootImpl@1484a7a[ServiceModeApp]: dispatchDetachedFromWindow
11-08 02:20:19.297  1292  4060 D InputTransport: Input channel destroyed: '474770 ', fd=804
11-08 02:20:19.297  1292  4060 W InputManager-JNI: Input channel object '474770 com.sec.android.RilServiceModeApp/com.sec.android.RilServiceModeApp.ServiceModeApp (client)' was disposed without first being removed with the input manager!
11-08 02:20:19.297  1292  4060 D InputTransport: Input channel destroyed: '474770 ', fd=818
11-08 02:20:19.298  1292  4060 V WindowManager: Remove Window{474770 u0 com.sec.android.RilServiceModeApp/com.sec.android.RilServiceModeApp.ServiceModeApp}: mSurfaceController=Surface(name=com.sec.android.RilServiceModeApp/com.sec.android.RilServiceModeApp.ServiceModeApp$_2258)/@0xef4f995 mAnimatingExit=false mRemoveOnExit=false mHasSurface=true surfaceShowing=false animating=false app-animation=false mWillReplaceWindow=false mDisplayFrozen=false callers=com.android.server.wm.WindowState.removeIfPossible:3041 com.android.server.wm.WindowManagerService.removeWindow:2282 com.android.server.wm.Session.remove:236 android.view.IWindowSession$Stub.onTransact:743 com.android.server.wm.Session.onTransact:188 android.os.Binder.execTransactInternal:1321 
11-08 02:20:19.299  1292  4060 I WindowManager: Destroying surface Surface(name=com.sec.android.RilServiceModeApp/com.sec.android.RilServiceModeApp.ServiceModeApp$_2258)/@0xef4f995 called by com.android.server.wm.WindowStateAnimator.destroySurface:942 com.android.server.wm.WindowStateAnimator.destroySurfaceLocked:536 com.android.server.wm.WindowState.removeImmediately:2969 com.android.server.wm.WindowState.removeIfPossible:3228 com.android.server.wm.WindowState.removeIfPossible:3041 com.android.server.wm.WindowManagerService.removeWindow:2282 com.android.server.wm.Session.remove:236 android.view.IWindowSession$Stub.onTransact:743 
11-08 02:20:19.299  1292  4060 D RestrictionPolicy: isScreenCaptureEnabled : ret=true userId=0
11-08 02:20:19.300  1292  4060 V WindowManager: Nulling last startingData
11-08 02:20:19.302  4371  4371 I HBD     : HoneyBoardService [PF_OP][onStartInput]  252 ms 
11-08 02:20:19.304  4371  4371 I InputMethodService: removeImeSurface
11-08 02:20:19.304  2258  2258 D InputTransport: Input channel destroyed: '474770 ', fd=178
11-08 02:20:19.308  1147  3140 I SurfaceFlinger: id=572348 Removed e7b9ea4 ActivityRecordInputSink com.sec.android.RilServiceModeApp/.ServiceModeApp#572348 (116)
11-08 02:20:19.308  4371  4371 I MSHandlerLifeCycle: check: return. pkg=com.samsung.android.honeyboard isActivity=false callers=com.android.internal.policy.DecorView.setVisibility:4411 android.app.Dialog.hide:767 android.inputmethodservice.InputMethodService.removeImeSurface:1290 android.inputmethodservice.InputMethodService.scheduleImeSurfaceRemoval:1279 android.inputmethodservice.InputMethodService.-$$Nest$mscheduleImeSurfaceRemoval:0 
11-08 02:20:19.309  4371  4371 I MSHandlerLifeCycle: removeMultiSplitHandler: no exist. decor=DecorView@43b452c[InputMethod]
11-08 02:20:19.309  1147  1147 I Layer   : id=572357 removedFromDrawingState com.sec.android.RilServiceModeApp/com.sec.android.RilServiceModeApp.ServiceModeApp$_2258#572357 (116)
11-08 02:20:19.309  1292 14222 I wm_task_removed: [58109,removeChild:removeChild last r=ActivityRecord{dc6cfc2 u0 com.sec.android.RilServiceModeApp/.ServiceModeApp} t-1 f}} in t=Task{2ffc1d3 #58109 type=standard A=1001:com.sec.android.RilServiceModeApp U=0 visible=false visibleRequested=false mode=fullscreen translucent=true sz=0},1]
11-08 02:20:19.309  1147  1147 I Layer   : id=572356 removedFromDrawingState 474770 com.sec.android.RilServiceModeApp/com.sec.android.RilServiceModeApp.ServiceModeApp#572356 (116)
11-08 02:20:19.309  1292 14222 I wm_task_removed: [58109,removeChild,1]
11-08 02:20:19.309  1147  1147 I SurfaceFlinger: id=572357 Removed com.sec.android.RilServiceModeApp/com.sec.android.RilServiceModeApp.ServiceModeApp$_2258#572357 (116)
11-08 02:20:19.310  1147  1147 I SurfaceFlinger: id=572356 Removed 474770 com.sec.android.RilServiceModeApp/com.sec.android.RilServiceModeApp.ServiceModeApp#572356 (116)
11-08 02:20:19.310  1147  1147 I Layer   : id=572356 Destroyed 474770 com.sec.android.RilServiceModeApp/com.sec.android.RilServiceModeApp.ServiceModeApp#572356
11-08 02:20:19.310  1147  1147 I Layer   : id=572357 Destroyed com.sec.android.RilServiceModeApp/com.sec.android.RilServiceModeApp.ServiceModeApp$_2258#572357
11-08 02:20:19.311  1147  3140 I SurfaceFlinger: id=572410 createSurf, flag=24004, Task=58109#572410
11-08 02:20:19.313  4371  4371 I HBD     : HoneyBoardService onTrimMemory 10
11-08 02:20:19.318  2768  2768 I RecentsView: onTaskRemoved() taskId : 58109
11-08 02:20:19.318  2768  2768 I TopTaskTracker: onTaskRemoved : taskId = 58109
11-08 02:20:19.319  2768  2768 I RecentsView: onTaskRemoved() taskId : 58109
11-08 02:20:19.319  2768  2768 I TopTaskTracker: onTaskRemoved : taskId = 58109
11-08 02:20:19.326  1147  1147 I Layer   : id=572341 removedFromDrawingState ActivityRecord{dc6cfc2 u0 com.sec.android.RilServiceModeApp/.ServiceModeApp} t58109}#572341 (115)
11-08 02:20:19.326  1147  1147 I Layer   : id=572348 removedFromDrawingState e7b9ea4 ActivityRecordInputSink com.sec.android.RilServiceModeApp/.ServiceModeApp#572348 (115)
11-08 02:20:19.326  1147  1147 I Layer   : id=572340 removedFromDrawingState Task=58109#572340 (115)
11-08 02:20:19.326  1147  1147 I Layer   : id=572410 removedFromDrawingState Task=58109#572410 (115)
11-08 02:20:19.326  1147  1147 I SurfaceFlinger: id=572341 Removed ActivityRecord{dc6cfc2 u0 com.sec.android.RilServiceModeApp/.ServiceModeApp} t58109}#572341 (115)
11-08 02:20:19.326  1147  1147 I SurfaceFlinger: id=572410 Removed Task=58109#572410 (115)
11-08 02:20:19.327  1147  1147 I Layer   : id=572341 Destroyed ActivityRecord{dc6cfc2 u0 com.sec.android.RilServiceModeApp/.ServiceModeApp} t58109}#572341
11-08 02:20:19.327  1147  1147 I Layer   : id=572348 Destroyed e7b9ea4 ActivityRecordInputSink com.sec.android.RilServiceModeApp/.ServiceModeApp#572348
11-08 02:20:19.327  1147  1147 I Layer   : id=572410 Destroyed Task=58109#572410
11-08 02:20:19.515  1292 14222 D AppOps  : noteOperation: reject #3 for code 105 (105) uid 1001 package com.android.phone flags: s
11-08 02:20:19.560 22500 22500 E STFService: getNetworkProperties: Location fine denied
11-08 02:20:19.678  1292  7134 D SGM:GameManager: identifyGamePackage. com.sec.android.app.launcher, mCurrentUserId: 0, callerUserId: 0, callingMethodInfo: com.android.server.ssrm.SortingMachine.isGame(SortingMachine.java:162)
11-08 02:20:19.678  1292  7134 D SGM:PkgDataHelper: getGamePkgData(). com.sec.android.app.launcher
11-08 02:20:19.929  1147  1201 I VSyncReactor: Current= 120, Period= 60, hwcPeriod= 120
11-08 02:20:19.930  1147  1147 I DisplayDevice: [Display 4630946312756012673 (internal, primary, \"\")] ActiveConfigToHWC, ID : 1
11-08 02:20:19.930  1147  1147 I LayerHistory: NavigationBar0$_2293#77 Max (can't resolve refresh rate)
11-08 02:20:19.930  1147  1147 I LayerHistory: com.sec.android.app.launcher/com.sec.android.app.launcher.activities.LauncherActivity$_2768#572401 Max (can't resolve refresh rate)
11-08 02:20:19.930  1147  1147 I SurfaceFlinger: Idle - choose 60.00 Hz
11-08 02:20:19.932  1051  1208 I SDM     : HWCDisplay::SubmitDisplayConfig: [DispConfigs] config 0 => 1, hs_mode 1 => 1
11-08 02:20:19.932  1051  1208 I SDM     : DisplayBase::SetActiveConfig: [DispConfigs] 0 => 1 or hs mode is changed if same config
11-08 02:20:19.932  1051  1208 I SDM     : HWDeviceDRM::SetDisplaySwitchMode: [DispConfigs] check hs_mode 1
11-08 02:20:19.932  1051  1208 I SDM     : HWDeviceDRM::SetDisplaySwitchMode: [DispConfigs] SetDisplayAttributes  mode_index 1
11-08 02:20:19.933  1051  1208 I SDM     : HWDeviceDRM::UpdateMixerAttributes: Mixer WxH 1080x2408-0 for Peripheral
11-08 02:20:19.934  1051  1208 I SDM     : HWCDisplay::SubmitDisplayConfig: Active configuration changed to: 1
11-08 02:20:19.937  1147  1201 I VSyncReactor: Current= 120, Period= 60, hwcPeriod= 120
11-08 02:20:19.954  1147  1201 I VSyncReactor: Current= 120, Period= 60, hwcPeriod= 60
11-08 02:20:19.975   994 28142 I HYPER-HAL: [ResourceManager.cpp]removeResource(): [CPUMaxFreq] RemoveResource Request ID : 7954081
11-08 02:20:19.975   994 28142 I HYPER-HAL: [RequestManager.cpp]releaseLocked(): Released ID : 7954081
11-08 02:20:19.986  2768  2965 I QuickstepModelDelegate: Widget predictions updated
11-08 02:20:20.087   987  4378 I sensors-hal: handle_sns_client_event:544, [0][497830] accel_sample [-0.203,  0.492,  9.850] 925389951552785
11-08 02:20:20.127  1292  4060 E KernelCpuUidFullTimeReader: Negative delta from freq time for uid: 90000, delta: -26016
11-08 02:20:20.128  1292  4060 E KernelCpuUidFullTimeReader: Negative delta from freq time for uid: 90001, delta: -25871
11-08 02:20:20.128  1292  4060 E KernelCpuUidFullTimeReader: Negative delta from freq time for uid: 90003, delta: -21603
11-08 02:20:20.128  1292  4060 E KernelCpuUidFullTimeReader: Negative delta from freq time for uid: 90004, delta: -19277
11-08 02:20:20.128  1292  4060 E KernelCpuUidFullTimeReader: Negative delta from freq time for uid: 90005, delta: -4702
11-08 02:20:20.128  1292  4060 E KernelCpuUidFullTimeReader: Negative delta from freq time for uid: 90006, delta: -23305
11-08 02:20:20.128  1292  4060 E KernelCpuUidFullTimeReader: Negative delta from freq time for uid: 90007, delta: -4571
11-08 02:20:20.128  1292  4060 E KernelCpuUidFullTimeReader: Negative delta from freq time for uid: 90008, delta: -20741
11-08 02:20:20.128  1292  4060 E KernelCpuUidFullTimeReader: Negative delta from freq time for uid: 90009, delta: -8987
11-08 02:20:20.128  1292  4060 E KernelCpuUidFullTimeReader: Negative delta from freq time for uid: 90010, delta: -20744
11-08 02:20:20.128  1292  4060 E KernelCpuUidFullTimeReader: Negative delta from freq time for uid: 90011, delta: -8877
11-08 02:20:20.128  1292  4060 E KernelCpuUidFullTimeReader: Negative delta from freq time for uid: 90012, delta: -23565
11-08 02:20:20.128  1292  4060 E KernelCpuUidFullTimeReader: Negative delta from freq time for uid: 90013, delta: -5396
11-08 02:20:20.128  1292  4060 E KernelCpuUidFullTimeReader: Negative delta from freq time for uid: 90014, delta: -20335
11-08 02:20:20.128  1292  4060 E KernelCpuUidFullTimeReader: Negative delta from freq time for uid: 90015, delta: -2969
11-08 02:20:20.128  1292  4060 E KernelCpuUidFullTimeReader: Negative delta from freq time for uid: 90016, delta: -20992
11-08 02:20:20.128  1292  4060 E KernelCpuUidFullTimeReader: Negative delta from freq time for uid: 90017, delta: -7456
11-08 02:20:20.128  1292  4060 E KernelCpuUidFullTimeReader: Negative delta from freq time for uid: 90018, delta: -22981
11-08 02:20:20.128  1292  4060 E KernelCpuUidFullTimeReader: Negative delta from freq time for uid: 90019, delta: -12031
11-08 02:20:20.128  1292  4060 E KernelCpuUidFullTimeReader: Negative delta from freq time for uid: 90020, delta: -25066
11-08 02:20:20.128  1292  4060 E KernelCpuUidFullTimeReader: Negative delta from freq time for uid: 90021, delta: -6923
11-08 02:20:20.128  1292  4060 E KernelCpuUidFullTimeReader: Negative delta from freq time for uid: 90022, delta: -20742
11-08 02:20:20.128  1292  4060 E KernelCpuUidFullTimeReader: Negative delta from freq time for uid: 90023, delta: -27215
11-08 02:20:20.128  1292  4060 E KernelCpuUidFullTimeReader: Negative delta from freq time for uid: 90024, delta: -18989
11-08 02:20:20.128  1292  4060 E KernelCpuUidFullTimeReader: Negative delta from freq time for uid: 90025, delta: -311
11-08 02:20:20.128  1292  4060 E KernelCpuUidFullTimeReader: Negative delta from freq time for uid: 90026, delta: -19049
11-08 02:20:20.128  1292  4060 E KernelCpuUidFullTimeReader: Negative delta from freq time for uid: 90027, delta: -8264
11-08 02:20:20.128  1292  4060 E KernelCpuUidFullTimeReader: Negative delta from freq time for uid: 90028, delta: -22262
11-08 02:20:20.128  1292  4060 E KernelCpuUidFullTimeReader: Negative delta from freq time for uid: 90029, delta: -4573
11-08 02:20:20.128  1292  4060 E KernelCpuUidFullTimeReader: Negative delta from freq time for uid: 90030, delta: -18634
11-08 02:20:20.128  1292  4060 E KernelCpuUidFullTimeReader: Negative delta from freq time for uid: 90031, delta: -13537
11-08 02:20:20.128  1292  4060 E KernelCpuUidFullTimeReader: Negative delta from freq time for uid: 90032, delta: -24119
11-08 02:20:20.128  1292  4060 E KernelCpuUidFullTimeReader: Negative delta from freq time for uid: 90033, delta: -9008
11-08 02:20:20.128  1292  4060 E KernelCpuUidFullTimeReader: Negative delta from freq time for uid: 90034, delta: -19519
11-08 02:20:20.128  1292  4060 E KernelCpuUidFullTimeReader: Negative delta from freq time for uid: 90035, delta: -10560
11-08 02:20:20.128  1292  4060 E KernelCpuUidFullTimeReader: Negative delta from freq time for uid: 90036, delta: -21448
11-08 02:20:20.128  1292  4060 E KernelCpuUidFullTimeReader: Negative delta from freq time for uid: 90037, delta: -9741
11-08 02:20:20.128  1292  4060 E KernelCpuUidFullTimeReader: Negative delta from freq time for uid: 90038, delta: -24121
11-08 02:20:20.128  1292  4060 E KernelCpuUidFullTimeReader: Negative delta from freq time for uid: 90039, delta: -9654
11-08 02:20:20.128  1292  4060 E KernelCpuUidFullTimeReader: Negative delta from freq time for uid: 90040, delta: -21199
11-08 02:20:20.128  1292  4060 E KernelCpuUidFullTimeReader: Negative delta from freq time for uid: 90041, delta: -27656
11-08 02:20:20.128  1292  4060 E KernelCpuUidFullTimeReader: Negative delta from freq time for uid: 90042, delta: -6610
11-08 02:20:20.128  1292  4060 E KernelCpuUidFullTimeReader: Negative delta from freq time for uid: 90043, delta: -18489
11-08 02:20:20.128  1292  4060 E KernelCpuUidFullTimeReader: Negative delta from freq time for uid: 90044, delta: -457
11-08 02:20:20.128  1292  4060 E KernelCpuUidFullTimeReader: Negative delta from freq time for uid: 90045, delta: -20359
11-08 02:20:20.128  1292  4060 E KernelCpuUidFullTimeReader: Negative delta from freq time for uid: 90046, delta: -10115
11-08 02:20:20.128  1292  4060 E KernelCpuUidFullTimeReader: Negative delta from freq time for uid: 90047, delta: -23432
11-08 02:20:20.128  1292  4060 E KernelCpuUidFullTimeReader: Negative delta from freq time for uid: 90048, delta: -7234
11-08 02:20:20.128  1292  4060 E KernelCpuUidFullTimeReader: Negative delta from freq time for uid: 90049, delta: -21222
11-08 02:20:20.128  1292  4060 E KernelCpuUidFullTimeReader: Negative delta from freq time for uid: 90050, delta: -7681
11-08 02:20:20.128  1292  4060 E KernelCpuUidFullTimeReader: Negative delta from freq time for uid: 90051, delta: -18827
11-08 02:20:20.128  1292  4060 E KernelCpuUidFullTimeReader: Negative delta from freq time for uid: 90052, delta: -6100
11-08 02:20:20.128  1292  4060 E KernelCpuUidFullTimeReader: Negative delta from freq time for uid: 90053, delta: -30228
11-08 02:20:20.128  1292  4060 E KernelCpuUidFullTimeReader: Negative delta from freq time for uid: 90054, delta: -6471
11-08 02:20:20.128  1292  4060 E KernelCpuUidFullTimeReader: Negative delta from freq time for uid: 90055, delta: -23503
11-08 02:20:20.128  1292  4060 E KernelCpuUidFullTimeReader: Negative delta from freq time for uid: 90056, delta: -10395
11-08 02:20:20.128  1292  4060 E KernelCpuUidFullTimeReader: Negative delta from freq time for uid: 90057, delta: -22088
11-08 02:20:20.128  1292  4060 E KernelCpuUidFullTimeReader: Negative delta from freq time for uid: 90058, delta: -9291
11-08 02:20:20.128  1292  4060 E KernelCpuUidFullTimeReader: Negative delta from freq time for uid: 90059, delta: -21255
11-08 02:20:20.128  1292  4060 E KernelCpuUidFullTimeReader: Negative delta from freq time for uid: 90060, delta: -10095
11-08 02:20:20.129  1292  4060 E KernelCpuUidFullTimeReader: Negative delta from freq time for uid: 90061, delta: -21806
11-08 02:20:20.129  1292  4060 E KernelCpuUidFullTimeReader: Negative delta from freq time for uid: 90062, delta: -20717
11-08 02:20:20.129  1292  4060 E KernelCpuUidFullTimeReader: Negative delta from freq time for uid: 90063, delta: -5048
11-08 02:20:20.129  1292  4060 E KernelCpuUidFullTimeReader: Negative delta from freq time for uid: 90064, delta: -14806
11-08 02:20:20.129  1292  4060 E KernelCpuUidFullTimeReader: Negative delta from freq time for uid: 90065, delta: -29493
11-08 02:20:20.129  1292  4060 E KernelCpuUidFullTimeReader: Negative delta from freq time for uid: 90066, delta: -8338
11-08 02:20:20.129  1292  4060 E KernelCpuUidFullTimeReader: Negative delta from freq time for uid: 90067, delta: -18083
11-08 02:20:20.129  1292  4060 E KernelCpuUidFullTimeReader: Negative delta from freq time for uid: 90068, delta: -7840
11-08 02:20:20.129  1292  4060 E KernelCpuUidFullTimeReader: Negative delta from freq time for uid: 90069, delta: -25328
11-08 02:20:20.129  1292  4060 E KernelCpuUidFullTimeReader: Negative delta from freq time for uid: 90070, delta: -10434
11-08 02:20:20.129  1292  4060 E KernelCpuUidFullTimeReader: Negative delta from freq time for uid: 90071, delta: -24489
11-08 02:20:20.129  1292  4060 E KernelCpuUidFullTimeReader: Negative delta from freq time for uid: 90072, delta: -21122
11-08 02:20:20.129  1292  4060 E KernelCpuUidFullTimeReader: Negative delta from freq time for uid: 90073, delta: -932
11-08 02:20:20.129  1292  4060 E KernelCpuUidFullTimeReader: Negative delta from freq time for uid: 90074, delta: -21748
11-08 02:20:20.129  1292  4060 E KernelCpuUidFullTimeReader: Negative delta from freq time for uid: 90075, delta: -26375
11-08 02:20:20.129  1292  4060 E KernelCpuUidFullTimeReader: Negative delta from freq time for uid: 90076, delta: -20520
11-08 02:20:20.129  1292  4060 E KernelCpuUidFullTimeReader: Negative delta from freq time for uid: 90078, delta: -20614
11-08 02:20:20.129  1292  4060 E KernelCpuUidFullTimeReader: Negative delta from freq time for uid: 90079, delta: -29524
11-08 02:20:20.129  1292  4060 E KernelCpuUidFullTimeReader: Negative delta from freq time for uid: 90080, delta: -19518
11-08 02:20:20.129  1292  4060 E KernelCpuUidFullTimeReader: Negative delta from freq time for uid: 90082, delta: -23028
11-08 02:20:20.129  1292  4060 E KernelCpuUidFullTimeReader: Negative delta from freq time for uid: 90083, delta: -23496
11-08 02:20:20.129  1292  4060 E KernelCpuUidFullTimeReader: Negative delta from freq time for uid: 90085, delta: -25811
11-08 02:20:20.129  1292  4060 E KernelCpuUidFullTimeReader: Negative delta from freq time for uid: 90086, delta: -7067
11-08 02:20:20.129  1292  4060 E KernelCpuUidFullTimeReader: Negative delta from freq time for uid: 90087, delta: -18861
11-08 02:20:20.129  1292  4060 E KernelCpuUidFullTimeReader: Negative delta from freq time for uid: 90089, delta: -19501
11-08 02:20:20.129  1292  4060 E KernelCpuUidFullTimeReader: Negative delta from freq time for uid: 90090, delta: -304
11-08 02:20:20.129  1292  4060 E KernelCpuUidFullTimeReader: Negative delta from freq time for uid: 90091, delta: -22620
11-08 02:20:20.129  1292  4060 E KernelCpuUidFullTimeReader: Negative delta from freq time for uid: 90092, delta: -4832
11-08 02:20:20.129  1292  4060 E KernelCpuUidFullTimeReader: Negative delta from freq time for uid: 90093, delta: -21027
11-08 02:20:20.129  1292  4060 E KernelCpuUidFullTimeReader: Negative delta from freq time for uid: 90094, delta: -709
11-08 02:20:20.129  1292  4060 E KernelCpuUidFullTimeReader: Negative delta from freq time for uid: 90095, delta: -22348
11-08 02:20:20.129  1292  4060 E KernelCpuUidFullTimeReader: Negative delta from freq time for uid: 90096, delta: -3218
11-08 02:20:20.129  1292  4060 E KernelCpuUidFullTimeReader: Negative delta from freq time for uid: 90097, delta: -21149
11-08 02:20:20.129  1292  4060 E KernelCpuUidFullTimeReader: Negative delta from freq time for uid: 90098, delta: -51
11-08 02:20:20.129  1292  4060 E KernelCpuUidFullTimeReader: Negative delta from freq time for uid: 90099, delta: -21009
11-08 02:20:20.129  1292  4060 D CustomizedBinderCallsStatsInternal: reportCpuUsage() : 1%
11-08 02:20:20.470  1292  4060 I ActivityManager: Changes in 10214 3 to 3, 15 to 8
11-08 02:20:20.472  1292  1835 E AppOps  : evalMode() Foreground Record OP returned IGNORE, uid - 10214, capability - 8
11-08 02:20:20.472  1292  1835 E AppOps  : evalMode() Foreground Record OP returned IGNORE, uid - 10214, capability - 8
11-08 02:20:20.472  1292  1835 E AppOps  : evalMode() Foreground Record OP returned IGNORE, uid - 10214, capability - 8
11-08 02:20:20.472  1292  1835 E AppOps  : evalMode() Foreground Record OP returned IGNORE, uid - 10214, capability - 8
11-08 02:20:20.473  1292  1835 E AppOps  : evalMode() Foreground Camera OP returned IGNORE, uid - 10214, capability - 8
11-08 02:20:20.473  1292  1835 E AppOps  : evalMode() Foreground Camera OP returned IGNORE, uid - 10214, capability - 8
11-08 02:20:20.473  1292  1835 E AppOps  : evalMode() Foreground Camera OP returned IGNORE, uid - 10214, capability - 8
11-08 02:20:20.473  1292  1835 E AppOps  : evalMode() Foreground Camera OP returned IGNORE, uid - 10214, capability - 8
11-08 02:20:20.527  1292  4060 D AppOps  : noteOperation: reject #3 for code 105 (105) uid 1001 package com.android.phone flags: s
11-08 02:20:20.561 22500 22500 E STFService: getNetworkProperties: Location fine denied
11-08 02:20:20.682  1292  2179 D ChimeraPolicyHandler: onHomeLaunched()
11-08 02:20:20.683  1292  2179 I ChimeraAggressivePolicyHandler: executePolicy() - triggerSource: TRIGGER_SOURCE_HOME_IDLE
11-08 02:20:20.685  1292  2179 I ChimeraAggressivePolicyHandler: memAvailable: 416648, memFreeTarget: 747520, releaseTarget:330872, protectedLruCount: 8
11-08 02:20:20.685  1292  2179 D ChimeraAppManager: getAppsToKill() - protectedLruCount: 8
11-08 02:20:20.686  1292  2179 D ChimeraAppManager: getAppsToKill() - Protected by LRU : com.google.android.googlequicksearchbox
11-08 02:20:20.686  1292  2179 D ChimeraAppManager: getAppsToKill() - Protected by LRU : com.samsung.android.dialer
11-08 02:20:20.686  1292  2179 D ChimeraAppManager: getAppsToKill() - Protected by LRU : com.android.settings
11-08 02:20:20.687  1292  2179 D ChimeraAppManager: getAppsToKill() - Protected by LRU : com.android.chrome
11-08 02:20:20.689  1292  2179 I NSLocationMonitor: getGPSUsingApps() called
11-08 02:20:20.708  3196  3214 I NSLocationManager_FLP: getGPSUsingApps, NO_FREEZE={5013} / FREEZE={10206}
11-08 02:20:20.713  1292  2179 D MARs:OngoingNotiPackageFilter: filter : com.android.vending(0)
11-08 02:20:20.713  1292  2179 D MARs:OngoingNotiPackageFilter: filter : android(0)
11-08 02:20:20.713  1292  2179 D MARs:OngoingNotiPackageFilter: filter : com.google.android.setupwizard(0)
11-08 02:20:20.715  1292  2179 D ChimeraPolicyHandler: com.android.vending:10213[10591,23391]:G2(0x20008) score=62.8(37 10/5 104627)
11-08 02:20:20.715  1292  2179 D ChimeraPolicyHandler: com.google.android.gms:10214[32151,22457]:G2(0x20000) score=46.9(2 10/5 105344)
11-08 02:20:20.715  1292  2179 D ChimeraPolicyHandler: com.google.android.ext.services:10253[2664]:G2(0x20000) score=46.8(56 10/10 39301)
11-08 02:20:20.715  1292  2179 D ChimeraPolicyHandler: com.sec.imsservice:1000[3533]:G2(0x20002) score=41.3(65 10/5 13874)
11-08 02:20:20.715  1292  2179 D ChimeraPolicyHandler: com.samsung.android.app.sharelive:5026[24225]:G2(0x20002) score=37.7(49 10/5 23866)
11-08 02:20:20.715  1292  2179 D ChimeraPolicyHandler: com.dish.wireless.carrierapp:10233[7675]:G2(0x20000) score=37.1(61 10/5 7843)
11-08 02:20:20.715  1292  2179 D ChimeraPolicyHandler: jp.co.cyberagent.stf:10300[22500]:G2(0x20000) score=36.6(59 10/50 8899)
11-08 02:20:20.715  1292  2179 D ChimeraPolicyHandler: com.samsung.android.beaconmanager:5006[10685]:G2(0x20002) score=36.4(60 10/5 7245)
11-08 02:20:20.715  1292  2179 D ChimeraPolicyHandler: com.samsung.android.rubin.app:10082[5636]:G2(0x20000) score=36.3(54 10/5 14145)
11-08 02:20:20.715  1292  2179 D ChimeraPolicyHandler: com.google.android.setupwizard:10237[22540]:G2(0x20008) score=35.5(57 10/10 8282)
11-08 02:20:20.715  1292  2179 D ChimeraPolicyHandler: android:1000[21601]:G2(0x2000a) score=32.6(53 10/5 5576)
11-08 02:20:20.715  1292  2179 D ChimeraPolicyHandler: com.samsung.InputEventApp:1000[21861]:G2(0x20002) score=32.5(52 10/5 6569)
11-08 02:20:20.715  1292  2179 D ChimeraPolicyHandler: com.samsung.android.scloud:5009[24345]:G2(0x20002) score=32.3(47 10/5 12118)
11-08 02:20:20.715  1292  2179 D ChimeraPolicyHandler: com.samsung.android.scpm:5009[24307]:G2(0x20002) score=32.3(48 10/5 10899)
11-08 02:20:20.715  1292  2179 D ChimeraPolicyHandler: com.wsomacp:10077[26324]:G2(0x20000) score=31.9(50 10/10 7391)
11-08 02:20:20.715  1292  2179 D ChimeraPolicyHandler: com.sec.epdg:1000[3113]:G2(0x20002) score=30.9(41 10/5 15798)
11-08 02:20:20.715  1292  2179 D ChimeraPolicyHandler: com.google.android.permissioncontroller:10246[27745]:G2(0x20000) score=26.6(36 10/10 10463)
11-08 02:20:20.715  1292  2179 D ChimeraPolicyHandler: com.sec.android.RilServiceModeApp:1001[21944]:G2(0x20002) score=26.0(39 10/5 5171)
11-08 02:20:20.715  1292  2179 D ChimeraPolicyHandler: com.samsung.android.smartsuggestions:10099[3883]:G2(0x20000) score=25.5(33 10/5 11214)
11-08 02:20:20.715  1292  2179 D ChimeraPolicyHandler: com.sec.phone:1001[22304]:G2(0x20002) score=23.1(32 10/5 6190)
11-08 02:20:20.715  1292  2179 D ChimeraPolicyHandler: com.android.systemui:10051[26435]:G3(0x20080) score=39.1(46 10/10 31371)
11-08 02:20:20.715  1292  2179 I ChimeraAggressivePolicyHandler: Start doKill, protected policy: NORMAL
11-08 02:20:20.716  1292  2179 D ChimeraPolicyHandler: Skipped by adj     : com.android.vending, 10213[10591,23391]:G2(0x20008) score=62.8(37 10/5 104627), pids: 10591 23391 / stats: 4 4 / adjs: 200 200 
11-08 02:20:20.716  1292  2179 D ChimeraPolicyHandler: Skipped by adj     : com.google.android.gms, 10214[32151,22457]:G2(0x20000) score=46.9(2 10/5 105344), pids: 32151 22457 / stats: 3 3 / adjs: 100 100 
11-08 02:20:20.716  1292  2179 D ChimeraPolicyHandler: Skipped by adj     : com.google.android.ext.services, 10253[2664]:G2(0x20000) score=46.8(56 10/10 39301), pids: 2664 / stats: 5 / adjs: 100 
11-08 02:20:20.716  1292  2179 D ChimeraPolicyHandler: Skipped by adj     : com.sec.imsservice, 1000[3533]:G2(0x20002) score=41.3(65 10/5 13874), pids: 3533 / stats: 6 / adjs: 100 
11-08 02:20:20.717  1292  2179 D ChimeraPolicyHandler: Skipped by interval: com.samsung.android.app.sharelive, elapsed: 00:07:35, interval: 00:10:00, 5026[24225]:G2(0x20002) score=37.7(49 10/5 23866), pids: 24225 / stats: 19 / adjs: 955 
11-08 02:20:20.717  1292  2179 D ChimeraPolicyHandler: Skipped by adj     : com.dish.wireless.carrierapp, 10233[7675]:G2(0x20000) score=37.1(61 10/5 7843), pids: 7675 / stats: 5 / adjs: 100 
11-08 02:20:20.717  1292  2179 D ChimeraPolicyHandler: Skipped by interval: jp.co.cyberagent.stf, elapsed: 11:00:24, interval: 12:00:00, 10300[22500]:G2(0x20000) score=36.6(59 10/50 8899), pids: 22500 / stats: 4 / adjs: 200 
11-08 02:20:20.717  1292  2179 D ChimeraPolicyHandler: Skipped by adj     : com.samsung.android.beaconmanager, 5006[10685]:G2(0x20002) score=36.4(60 10/5 7245), pids: 10685 / stats: 8 / adjs: 200 
11-08 02:20:20.718  1292  2179 D ChimeraPolicyHandler: Skipped by interval: com.samsung.android.rubin.app, elapsed: 11:00:24, interval: 12:00:00, 10082[5636]:G2(0x20000) score=36.3(54 10/5 14145), pids: 5636 / stats: 10 / adjs: 800 
11-08 02:20:20.718  1292  2179 D ChimeraPolicyHandler: Skipped by interval: com.google.android.setupwizard, elapsed: 11:00:24, interval: 12:00:00, 10237[22540]:G2(0x20008) score=35.5(57 10/10 8282), pids: 22540 / stats: 4 / adjs: 200 
11-08 02:20:20.718  1292  2179 D ChimeraPolicyHandler: Skipped by interval: android, elapsed: 02:20:18, interval: 12:00:00, 1000[21601]:G2(0x2000a) score=32.6(53 10/5 5576), pids: 21601 / stats: 10 / adjs: 800 
11-08 02:20:20.718  1292  2179 D ChimeraPolicyHandler: Skipped by interval: com.samsung.InputEventApp, elapsed: 11:00:24, interval: 12:00:00, 1000[21861]:G2(0x20002) score=32.5(52 10/5 6569), pids: 21861 / stats: 10 / adjs: 500 
11-08 02:20:20.719  1292  2179 D ChimeraPolicyHandler: Skipped by interval: com.samsung.android.scloud, elapsed: 00:07:35, interval: 00:10:00, 5009[24345]:G2(0x20002) score=32.3(47 10/5 12118), pids: 24345 / stats: 19 / adjs: 945 
11-08 02:20:20.719  1292  2179 D ChimeraPolicyHandler: Skipped by interval: com.samsung.android.scpm, elapsed: 00:07:35, interval: 00:10:00, 5009[24307]:G2(0x20002) score=32.3(48 10/5 10899), pids: 24307 / stats: 19 / adjs: 945 
11-08 02:20:20.719  1292  2179 D ChimeraPolicyHandler: Skipped by interval: com.wsomacp, elapsed: 00:05:16, interval: 00:10:00, 10077[26324]:G2(0x20000) score=31.9(50 10/10 7391), pids: 26324 / stats: 19 / adjs: 955 
11-08 02:20:20.719  1292  2179 D ChimeraPolicyHandler: Skipped by adj     : com.sec.epdg, 1000[3113]:G2(0x20002) score=30.9(41 10/5 15798), pids: 3113 / stats: 6 / adjs: 100 
11-08 02:20:20.719  1292  2179 D ChimeraPolicyHandler: Skipped by interval: com.google.android.permissioncontroller, elapsed: 00:01:32, interval: 00:10:00, 10246[27745]:G2(0x20000) score=26.6(36 10/10 10463), pids: 27745 / stats: 19 / adjs: 905 
11-08 02:20:20.720  1292  2179 I ChimeraAggressivePolicyHandler: Killed on trigger2 : com.sec.android.RilServiceModeApp[21944], freed: 5171, 1001[21944]:G2(0x20002) score=26.0(39 10/5 5171), pids: 21944 / stats: 19 / adjs: 915 
11-08 02:20:20.721  1292  2179 I ActivityManager: Killing 21944:com.sec.android.RilServiceModeApp/1001 (adj 915): Chimera #2
11-08 02:20:20.721  1292  2179 I am_kill : [0,21944,com.sec.android.RilServiceModeApp,915,Chimera #2]
11-08 02:20:20.723  1292  2179 D ActivityManager: proc ProcessRecord{21716a6 21944:com.sec.android.RilServiceModeApp/1001} already removed. so we skip next process.
11-08 02:20:20.725  1292  2179 D ChimeraPolicyHandler: Skipped by adj     : com.samsung.android.smartsuggestions, 10099[3883]:G2(0x20000) score=25.5(33 10/5 11214), pids: 3883 / stats: 5 / adjs: 100 
11-08 02:20:20.725  1292  2179 D ChimeraPolicyHandler: Skipped by interval: com.sec.phone, elapsed: 05:33:47, interval: 12:00:00, 1001[22304]:G2(0x20002) score=23.1(32 10/5 6190), pids: 22304 / stats: 10 / adjs: 500 
11-08 02:20:20.726  1292  2179 D ChimeraPolicyHandler: Skipped by visible screen : com.android.systemui, 10051[26435]:G3(0x20080) score=39.1(46 10/10 31371), pids: 26435 / stats: 19 / adjs: 935 
11-08 02:20:20.726  1292  2179 I ChimeraAggressivePolicyHandler: kill complete: killed 1 apps, freed 5171 KB
11-08 02:20:20.726  1292  2179 I ChimeraAggressivePolicyHandler: Skipped reason: LR, pids: 26803 21769 18972 18478 
11-08 02:20:20.726  1292  2179 I ChimeraAggressivePolicyHandler: Skipped reason: CA, pids: 12393 
11-08 02:20:20.726  1292  2179 I ChimeraAggressivePolicyHandler: Skipped reason: PE, pids: 23362 2627 3973 2631 1292 30541 30287 2258 4371 2325 3865 2590 2531 3943 4008 3884 25266 28596 2293 2620 3196 2622 3327 
11-08 02:20:20.726  1292  2179 I ChimeraAggressivePolicyHandler: Skipped reason: CA, pids: 17028 20741 4229 9247 7973 13994 31022 17457 30263 17337 21309 20939 16855 20569 7393 13416 8297 3689 14188 3183 17140 31355 
11-08 02:20:20.726  1292  2179 I ChimeraAggressivePolicyHandler: Skipped reason: IN, pids: 22304 24225 21601 27745 22500 5636 21861 22540 24307 26324 24345 
11-08 02:20:20.726  1292  2179 I ChimeraAggressivePolicyHandler: Skipped reason: VI, pids: 26435 
11-08 02:20:20.726  1292  2179 I ChimeraAggressivePolicyHandler: Skipped reason: AD, pids: 3533 32151 10591 23391 2664 3113 3883 22457 7675 10685 
11-08 02:20:20.726  1292  2179 I ChimeraAggressivePolicyHandler: Processing time(ms) 43
11-08 02:20:20.729  1292  1740 I libprocessgroup: Successfully killed process cgroup uid 1001 pid 21944 in 6ms
11-08 02:20:20.732  1292  2179 D ChimeraAppManager: getAppsToKill() - protectedLruCount: 4
11-08 02:20:20.733  1292  2179 D ChimeraAppManager: getAppsToKill() - Protected by LRU : com.google.android.googlequicksearchbox
11-08 02:20:20.733  1292  2179 D ChimeraAppManager: getAppsToKill() - Protected by LRU : com.samsung.android.dialer
11-08 02:20:20.733  1292  2179 D ChimeraAppManager: getAppsToKill() - Protected by LRU : com.android.settings
11-08 02:20:20.733  1292  2179 D ChimeraAppManager: getAppsToKill() - Protected by LRU : com.android.chrome
11-08 02:20:20.735  1292  2179 I NSLocationMonitor: getGPSUsingApps() called
11-08 02:20:20.750  1292 14222 V ActivityManager: Got obituary of 21944:com.sec.android.RilServiceModeApp
11-08 02:20:20.751   866   866 I Zygote  : Process 21944 exited due to signal 9 (Killed)
11-08 02:20:20.753  3196  3214 I NSLocationManager_FLP: getGPSUsingApps, NO_FREEZE={5013} / FREEZE={10206}
11-08 02:20:20.757  1292  2179 D MARs:OngoingNotiPackageFilter: filter : com.android.vending(0)
11-08 02:20:20.757  1292  2179 D MARs:OngoingNotiPackageFilter: filter : android(0)
11-08 02:20:20.757  1292  2179 D MARs:OngoingNotiPackageFilter: filter : com.google.android.setupwizard(0)
11-08 02:20:20.763  1292  2179 D ChimeraPolicyHandler: Skipped by adj     : com.sec.imsservice, 1000[3533]:G2(0x20002) score=53.2(64 10/5 13874), pids: 3533 / stats: 6 / adjs: 100 
11-08 02:20:20.764  1292  2179 D ChimeraPolicyHandler: Skipped by interval: jp.co.cyberagent.stf, elapsed: 11:00:24, interval: 12:00:00, 10300[22500]:G2(0x20000) score=51.7(58 10/50 8899), pids: 22500 / stats: 4 / adjs: 200 
11-08 02:20:20.765  1292  2179 D ChimeraPolicyHandler: Skipped by interval: com.samsung.android.app.sharelive, elapsed: 00:07:35, interval: 00:10:00, 5026[24225]:G2(0x20002) score=51.3(48 10/5 23866), pids: 24225 / stats: 19 / adjs: 955 
11-08 02:20:20.765  1292  2179 D ChimeraPolicyHandler: Skipped by adj     : com.dish.wireless.carrierapp, 10233[7675]:G2(0x20000) score=49.5(60 10/5 7843), pids: 7675 / stats: 5 / adjs: 100 
11-08 02:20:20.765  1292  2179 D ChimeraPolicyHandler: Skipped by adj     : com.samsung.android.beaconmanager, 5006[10685]:G2(0x20002) score=48.9(59 10/5 7245), pids: 10685 / stats: 8 / adjs: 200 
11-08 02:20:20.766  1292  2179 D ChimeraPolicyHandler: Skipped by interval: com.google.android.setupwizard, elapsed: 11:00:24, interval: 12:00:00, 10237[22540]:G2(0x20008) score=46.7(56 10/10 8282), pids: 22540 / stats: 4 / adjs: 200 
11-08 02:20:20.766  1292  2179 D ChimeraPolicyHandler: Skipped by adj     : com.google.android.ext.services, 10253[2664]:G2(0x20000) score=46.1(55 10/10 39301), pids: 2664 / stats: 5 / adjs: 100 
11-08 02:20:20.766  1292  2179 D ChimeraPolicyHandler: Skipped by interval: com.samsung.android.rubin.app, elapsed: 11:00:24, interval: 12:00:00, 10082[5636]:G2(0x20000) score=45.7(53 10/5 14145), pids: 5636 / stats: 10 / adjs: 800 
11-08 02:20:20.767  1292  2179 D ChimeraPolicyHandler: Skipped by interval: com.samsung.android.scpm, elapsed: 00:07:35, interval: 00:10:00, 5009[24307]:G2(0x20002) score=44.0(47 10/5 10899), pids: 24307 / stats: 19 / adjs: 945 
11-08 02:20:20.767  1292  2179 D ChimeraPolicyHandler: Skipped by interval: com.samsung.android.scloud, elapsed: 00:07:35, interval: 00:10:00, 5009[24345]:G2(0x20002) score=43.8(46 10/5 12118), pids: 24345 / stats: 19 / adjs: 945 
11-08 02:20:20.768  1292  2179 D ChimeraPolicyHandler: Skipped by interval: android, elapsed: 02:20:18, interval: 12:00:00, 1000[21601]:G2(0x2000a) score=43.7(52 10/5 5576), pids: 21601 / stats: 10 / adjs: 800 
11-08 02:20:20.768  1292  2179 D ChimeraPolicyHandler: Skipped by adj     : com.google.android.gms, 10214[32151,22457]:G2(0x20000) score=43.6(2 10/5 105344), pids: 32151 22457 / stats: 3 3 / adjs: 100 100 
11-08 02:20:20.768  1292  2179 D ChimeraPolicyHandler: Skipped by interval: com.samsung.InputEventApp, elapsed: 11:00:24, interval: 12:00:00, 1000[21861]:G2(0x20002) score=43.2(51 10/5 6569), pids: 21861 / stats: 10 / adjs: 500 
11-08 02:20:20.768  1292  2179 D ChimeraPolicyHandler: Skipped by interval: com.wsomacp, elapsed: 00:05:16, interval: 00:10:00, 10077[26324]:G2(0x20000) score=43.1(49 10/10 7391), pids: 26324 / stats: 19 / adjs: 955 
11-08 02:20:20.769  1292  2179 D ChimeraPolicyHandler: Skipped by interval: com.google.android.permissioncontroller, elapsed: 00:01:32, interval: 00:10:00, 10246[27745]:G2(0x20000) score=37.6(36 10/10 10463), pids: 27745 / stats: 19 / adjs: 905 
11-08 02:20:20.769  1292  2179 D ChimeraPolicyHandler: Skipped by adj     : com.android.vending, 10213[10591,23391]:G2(0x20008) score=35.5(37 10/5 104627), pids: 10591 23391 / stats: 4 4 / adjs: 200 200 
11-08 02:20:20.769  1292  2179 D ChimeraPolicyHandler: Skipped by adj     : com.sec.epdg, 1000[3113]:G2(0x20002) score=34.2(40 10/5 15798), pids: 3113 / stats: 6 / adjs: 100 
11-08 02:20:20.770  1292  2179 D ChimeraPolicyHandler: Skipped by adj     : com.samsung.android.smartsuggestions, 10099[3883]:G2(0x20000) score=32.3(33 10/5 11214), pids: 3883 / stats: 5 / adjs: 100 
11-08 02:20:20.770  1292  2179 D ChimeraPolicyHandler: Skipped by interval: com.sec.phone, elapsed: 05:33:47, interval: 12:00:00, 1001[22304]:G2(0x20002) score=28.3(32 10/5 6190), pids: 22304 / stats: 10 / adjs: 500 
11-08 02:20:20.771  1292  2179 D ChimeraPolicyHandler: Skipped by visible screen : com.android.systemui, 10051[26435]:G3(0x20080) score=60.4(45 10/10 31371), pids: 26435 / stats: 19 / adjs: 935 
11-08 02:20:20.913   650   650 D io_stats: !@   8,0 r 62128249 980050688 w 8745789 82526128 d 2157451 134037532 f 0 0 iot 43268676 0 th 0 0 0 pt 0 inp 0 0 925390.791
11-08 02:20:20.914   650   650 D io_stats: !@ Read_top(KB): system_server(1292) 6516 id.app.launcher(2768) 5896 ogle.android.as(3884) 2248
11-08 02:20:20.914   650   650 D io_stats: !@ Write_top(KB): kworker/u16:0(15647) 16 system_server(1292) 8
11-08 02:20:20.933  2293  2293 I UiThreadMonitor: setAwake 282652 3001 341
11-08 02:20:21.019   994 28154 I HYPER-HAL: [RequestManager.cpp]releaseLocked(): Released ID : 2306878
11-08 02:20:21.536  1292  2526 D AppOps  : noteOperation: reject #3 for code 105 (105) uid 1001 package com.android.phone flags: s
11-08 02:20:21.550  1292  2259 I Pageboost: Launcher App Execution
11-08 02:20:21.562 22500 22500 E STFService: getNetworkProperties: Location fine denied
11-08 02:20:21.635  7302  7310 I hbox:interactor: Background concurrent copying GC freed 1838526(49MB) AllocSpace objects, 0(0B) LOS objects, 5% free, 398MB/422MB, paused 230us,23us total 3.089s
11-08 02:20:22.103   987  4378 I sensors-hal: handle_sns_client_event:544, [0][497938] accel_sample [-0.227,  0.499,  9.818] 925391966924503
11-08 02:20:22.545  1292  2526 D AppOps  : noteOperation: reject #3 for code 105 (105) uid 1001 package com.android.phone flags: s
11-08 02:20:22.564 22500 22500 E STFService: getNetworkProperties: Location fine denied
11-08 02:20:22.919   650   650 D io_stats: !@   8,0 r 62128329 980051264 w 8745792 82526136 d 2157451 134037532 f 0 0 iot 43268736 0 th 0 0 0 pt 0 inp 0 0 925392.797
11-08 02:20:23.419   985   985 I android.hardware.health@2.1-service-samsung: updateLrpSysfs: write: 305
11-08 02:20:23.561  1292  2526 D AppOps  : noteOperation: reject #3 for code 105 (105) uid 1001 package com.android.phone flags: s
11-08 02:20:23.566 22500 22500 E STFService: getNetworkProperties: Location fine denied
11-08 02:20:23.721 22500 22533 I STFService: CoreFrequency index: 0 current: 576000 max: 1804800
11-08 02:20:23.724 22500 22533 I STFService: CoreFrequency index: 1 current: 576000 max: 1804800
11-08 02:20:23.725 22500 22533 I STFService: CoreFrequency index: 2 current: 576000 max: 1804800
11-08 02:20:23.726 22500 22533 I STFService: CoreFrequency index: 3 current: 576000 max: 1804800
11-08 02:20:23.727 22500 22533 I STFService: CoreFrequency index: 4 current: 576000 max: 1804800
