07-26 17:23:46.266  1117  1117 D SurfaceFlinger: 
07-26 17:23:46.267  1273  5105 I WindowManager: Reparenting to leash, surface=Surface(name=9217c02 InputMethod)/@0x4752750, leashParent=Surface(name=WindowToken{8f56e6e type=2011 android.os.Binder@e7584b3})/@0xfbc4d49
07-26 17:23:46.267  7647  7647 I HBD     : h getDefaultInputRange : UNKNOWN 
07-26 17:23:46.267  1117  1194 I SurfaceFlinger: id=266708 createSurf, flag=24004, Surface(name=9217c02 InputMethod)/@0x4752750 - animation-leash of insets_animation#266708
07-26 17:23:46.267  7647  7647 I HBD     : h getDefaultInputRange : UNKNOWN 
07-26 17:23:46.267  7647  7647 I HBD     : h getDefaultInputRange : UNKNOWN 
07-26 17:23:46.268  1273  5105 D WindowManager: makeSurface duration=2 leash=Surface(name=Surface(name=9217c02 InputMethod)/@0x4752750 - animation-leash of insets_animation)/@0xa8e2cd4
07-26 17:23:46.268  7647  7647 I HBD     : a needOff = true , isForceOff = false, isNullInputClass : true 
07-26 17:23:46.268  7647  7647 I HBD     : a update cached prediction status : false 
07-26 17:23:46.268  7647  7647 I HBD     : h getDefaultInputRange : UNKNOWN 
07-26 17:23:46.268  7647  7647 I HBD     : a currentState : 0 
07-26 17:23:46.270  7647  7647 I HBD     : h load selected json path : /data/data/com.samsung.android.honeyboard/files/selected.json 
07-26 17:23:46.270  7647  7647 I HBD     : h load selected json info : {\"version\":\"4.1\",\"currentLanguageOrder\":0,\"selected\":[{\"activeOptionList\":[\"auto_replace\",\"auto_spacing\",\"writing_assistant\"],\"engName\":\"English\",\"id\":65537,\"inputType\":\"qwerty\",\"isUsed\":true}]} 
07-26 17:23:46.271  7647  7647 I HBD     : a [UpdatePolicy] [post] a: 0 cl: 65537 kit: [0/0] vt: 0 ir: 1 
07-26 17:23:46.271  7647  7647 I HBD     : a [NRIC] resetNoResponseState 
07-26 17:23:46.271  7647  7647 I HBD     : a needOff = true , isForceOff = false, isNullInputClass : true 
07-26 17:23:46.271  7647  7647 I HBD     : a update cached prediction status : false 
07-26 17:23:46.272  7647  7647 I HBD     : HoneyBoardService [PF_OP][onStartInput]  6 ms 
07-26 17:23:46.276  2760  3127 I AppIconSolution: load= live icon for com.sec.android.app.clockpackage, from overlay = false
07-26 17:23:46.276  1117  1117 I Scheduler: DisplayModeChanged : 0
07-26 17:23:46.276  1273  1698 D LocalDisplayAdapter: updateActiveModeLocked for d=4630946312756012673, mActiveModeId=1, mActiveSfDisplayMode=DisplayMode{id=0, width=1080, height=2408, xDpi=403.411, yDpi=402.389, refreshRate=120.00001, appVsyncOffsetNanos=1000000, presentationDeadlineNanos=12666666, group=1080}
07-26 17:23:46.277  1117  1117 I Layer   : id=266697 removedFromDrawingState Surface(name=9217c02 InputMethod)/@0x4752750 - animation-leash of insets_animation#266697 (113)
07-26 17:23:46.277  1273  1698 I DisplayDeviceRepository: Display device changed: DisplayDeviceInfo{\"Built-in Screen\": uniqueId=\"local:4630946312756012673\", 1080 x 2408, modeId 1, defaultModeId 1, supportedModes [{id=1, width=1080, height=2408, fps=120.00001, alternativeRefreshRates=[60.000004]}, {id=2, width=1080, height=2408, fps=60.000004, alternativeRefreshRates=[120.00001]}], colorMode 0, supportedColorModes [0], hdrCapabilities HdrCapabilities{mSupportedHdrTypes=[], mMaxLuminance=500.0, mMaxAverageLuminance=500.0, mMinLuminance=0.0}, allmSupported false, gameContentTypeSupported false, density 450, 403.411 x 402.389 dpi, appVsyncOff 1000000, presDeadline 12666666, cutout DisplayCutout{insets=Rect(0, 65 - 0, 0) waterfall=Insets{left=0, top=0, right=0, bottom=0} boundingRect={Bounds=[Rect(0, 0 - 0, 0), Rect(454, 0 - 626, 65), Rect(0, 0 - 0, 0), Rect(0, 0 - 0, 0)]} cutoutPathParserInfo={CutoutPathParserInfo{displayWidth=1080 displayHeight=2408 physicalDisplayWidth=1080 physicalDisplayHeight=2408 density={2.8125} cutoutSpec={M 0,0 H -30.57777777777778 V 23.11111111111111 H 30.57777777777778 V 0 H 0 Z @dp} rotation={0} scale={1.0} physicalPixelDisplaySizeRatio={1.0}}}}, touch INTERNAL, rotation 0, type INTERNAL, address {port=129, model=0x40446d22b9ba26}, deviceProductInfo DeviceProductInfo{name=, manufacturerPnpId=QCM, productId=1, modelYear=null, manufactureDate=ManufactureDate{week=27, year=2006}, connectionToSinkType=0}, state ON, frameRateOverride , brightnessMinimum 0.0, brightnessMaximum 1.0, brightnessDefault 0.5019608, roundedCorners RoundedCorners{[RoundedCorner{position=TopLeft, radius=90, center=Point(90, 90)}, RoundedCorner{position=TopRight, radius=90, center=Point(990, 90)}, RoundedCorner{position=BottomRight, radius=90, center=Point(990, 2318)}, RoundedCorner{position=BottomLeft, radius=90, center=Point(90, 2318)}]}, FLAG_ALLOWED_TO_BE_DEFAULT_DISPLAY, FLAG_ROTATES_WITH_CONTENT, FLAG_SECURE, FLAG_SUPPORTS_PROTECTED_BUFFERS, installOrientation 0}
07-26 17:23:46.278  2760  3127 I LauncherActivityInfo: Load live icon for com.sec.android.app.clockpackage
07-26 17:23:46.278  2760  3127 I LauncherActivityInfo: packageName: com.sec.android.app.clockpackage, useThemeIcon: false, height: 288, width: 288, density: 640
07-26 17:23:46.278  1117  1117 D SurfaceFlinger: GPIS:: requestGPIS
07-26 17:23:46.280  1273  1273 D SGM:GameManager: onDisplayChanged. displyId: 0, state: 2
07-26 17:23:46.280  1273  1273 D AODManagerService: requestReCalToTSP IsSingleTouchMode = false / previousDisplayState = ON
07-26 17:23:46.281  1273  2088 D SGM:FgCheckThread: onLooperPrepared(), msg: MSG_LCD_ON
07-26 17:23:46.281  1273  3296 D LiftUpHandler: [LTW] Stopped already.
07-26 17:23:46.283  2760  4474 I ViewRootImpl@7de0b0[LauncherActivity]: mWNT: t=0xb4000074447e1a00 mBlastBufferQueue=0xb40000743baedf00 fn= 4 caller= com.android.systemui.shared.launcher.ViewRootImplCompat.mergeWithNextTransaction:2 com.android.quickstep.util.SurfaceTransactionApplier.lambda$scheduleApply$0:2 com.android.quickstep.util.SurfaceTransactionApplier.b:0 
07-26 17:23:46.285  1117  3207 D NativeSemDvfsManager: acquire:: timeout = 2000 mIsAcquired = 1  mTagName : SurfaceFlinger 
07-26 17:23:46.286  1117  3207 E NativeCustomFrequencyManager: [NativeCFMS] BpCustomFrequencyManager::acquire()
07-26 17:23:46.287   984  1110 I HYPER-HAL: [RequestManager.cpp]acquire(): Acquired ID : 2242903  [1117 / 1000]    HINT : SF_GPU_MINLOCK    list : [TIMEOUT / 2000] 
07-26 17:23:46.287  2279  2279 D DisplayLifecycle: updateDisplay id = 0
07-26 17:23:46.287  1273  9634 D InputMethodManagerService: isImeSwitcherDisabledPackage : false
07-26 17:23:46.288  1273  1698 D DisplayModeDirector: onBrightnessChangedLocked, brightness=128, lux=-1.0
07-26 17:23:46.288  1273  1698 D DisplayModeDirector: setPassiveMode=false, brightness=128, lux=-1.0, mRequestedPassive=false
07-26 17:23:46.289  2249  2249 D DCT-C-0 : Screen INTERNAL on
07-26 17:23:46.289  7647  7647 I InputMethodService: removeImeSurface
07-26 17:23:46.290  7647  7647 I MSHandlerLifeCycle: check: return. pkg=com.samsung.android.honeyboard isActivity=false callers=com.android.internal.policy.DecorView.setVisibility:4378 android.app.Dialog.hide:771 android.inputmethodservice.InputMethodService.removeImeSurface:1290 android.inputmethodservice.InputMethodService.scheduleImeSurfaceRemoval:1279 android.inputmethodservice.InputMethodService.-$$Nest$mscheduleImeSurfaceRemoval:0 
07-26 17:23:46.290  7647  7647 I MSHandlerLifeCycle: removeMultiSplitHandler: no exist. decor=DecorView@ba1f6e2[InputMethod]
07-26 17:23:46.290  2760  4475 I ViewRootImpl@7de0b0[LauncherActivity]: mWNT: t=0xb4000074447e1f00 mBlastBufferQueue=0xb40000743baedf00 fn= 5 caller= com.android.systemui.shared.launcher.ViewRootImplCompat.mergeWithNextTransaction:2 com.android.quickstep.util.SurfaceTransactionApplier.lambda$scheduleApply$0:2 com.android.quickstep.util.SurfaceTransactionApplier.b:0 
07-26 17:23:46.293   984 31624 I HYPER-HAL: [ResourceManager.cpp]removeResource(): [CPUMinFreq] RemoveResource Request ID : 835297
07-26 17:23:46.293   984 31624 I HYPER-HAL: [RequestManager.cpp]releaseLocked(): Released ID : 835297
07-26 17:23:46.298  2760  4474 I ViewRootImpl@7de0b0[LauncherActivity]: mWNT: t=0xb4000074447e6300 mBlastBufferQueue=0xb40000743baedf00 fn= 6 caller= com.android.systemui.shared.launcher.ViewRootImplCompat.mergeWithNextTransaction:2 com.android.quickstep.util.SurfaceTransactionApplier.lambda$scheduleApply$0:2 com.android.quickstep.util.SurfaceTransactionApplier.b:0 
07-26 17:23:46.306  2760  4475 I ViewRootImpl@7de0b0[LauncherActivity]: mWNT: t=0xb4000074447e6700 mBlastBufferQueue=0xb40000743baedf00 fn= 7 caller= com.android.systemui.shared.launcher.ViewRootImplCompat.mergeWithNextTransaction:2 com.android.quickstep.util.SurfaceTransactionApplier.lambda$scheduleApply$0:2 com.android.quickstep.util.SurfaceTransactionApplier.b:0 
07-26 17:23:46.311  1273  2432 D MdnieScenarioControlService:  packageName : com.sec.android.app.launcher    className : com.android.launcher3.uioverrides.QuickstepLauncher
07-26 17:23:46.312  1273  2432 V MdnieScenarioControlService: setUIMode from UI function(3)
07-26 17:23:46.315  2760  4474 I ViewRootImpl@7de0b0[LauncherActivity]: mWNT: t=0xb4000074447e6800 mBlastBufferQueue=0xb40000743baedf00 fn= 8 caller= com.android.systemui.shared.launcher.ViewRootImplCompat.mergeWithNextTransaction:2 com.android.quickstep.util.SurfaceTransactionApplier.lambda$scheduleApply$0:2 com.android.quickstep.util.SurfaceTransactionApplier.b:0 
07-26 17:23:46.323  2760  4475 I ViewRootImpl@7de0b0[LauncherActivity]: mWNT: t=0xb4000074447e6900 mBlastBufferQueue=0xb40000743baedf00 fn= 9 caller= com.android.systemui.shared.launcher.ViewRootImplCompat.mergeWithNextTransaction:2 com.android.quickstep.util.SurfaceTransactionApplier.lambda$scheduleApply$0:2 com.android.quickstep.util.SurfaceTransactionApplier.b:0 
07-26 17:23:46.332  2760  4474 I ViewRootImpl@7de0b0[LauncherActivity]: mWNT: t=0xb4000074447e6a00 mBlastBufferQueue=0xb40000743baedf00 fn= 10 caller= com.android.systemui.shared.launcher.ViewRootImplCompat.mergeWithNextTransaction:2 com.android.quickstep.util.SurfaceTransactionApplier.lambda$scheduleApply$0:2 com.android.quickstep.util.SurfaceTransactionApplier.b:0 
07-26 17:23:46.340  2760  4475 I ViewRootImpl@7de0b0[LauncherActivity]: mWNT: t=0xb4000074447e6b00 mBlastBufferQueue=0xb40000743baedf00 fn= 11 caller= com.android.systemui.shared.launcher.ViewRootImplCompat.mergeWithNextTransaction:2 com.android.quickstep.util.SurfaceTransactionApplier.lambda$scheduleApply$0:2 com.android.quickstep.util.SurfaceTransactionApplier.b:0 
07-26 17:23:46.348  2760  4474 I ViewRootImpl@7de0b0[LauncherActivity]: mWNT: t=0xb4000074447e6f00 mBlastBufferQueue=0xb40000743baedf00 fn= 12 caller= com.android.systemui.shared.launcher.ViewRootImplCompat.mergeWithNextTransaction:2 com.android.quickstep.util.SurfaceTransactionApplier.lambda$scheduleApply$0:2 com.android.quickstep.util.SurfaceTransactionApplier.b:0 
07-26 17:23:46.357  2760  4475 I ViewRootImpl@7de0b0[LauncherActivity]: mWNT: t=0xb40000744484e600 mBlastBufferQueue=0xb40000743baedf00 fn= 13 caller= com.android.systemui.shared.launcher.ViewRootImplCompat.mergeWithNextTransaction:2 com.android.quickstep.util.SurfaceTransactionApplier.lambda$scheduleApply$0:2 com.android.quickstep.util.SurfaceTransactionApplier.b:0 
07-26 17:23:46.365  2760  4474 I ViewRootImpl@7de0b0[LauncherActivity]: mWNT: t=0xb40000744484e700 mBlastBufferQueue=0xb40000743baedf00 fn= 14 caller= com.android.systemui.shared.launcher.ViewRootImplCompat.mergeWithNextTransaction:2 com.android.quickstep.util.SurfaceTransactionApplier.lambda$scheduleApply$0:2 com.android.quickstep.util.SurfaceTransactionApplier.b:0 
07-26 17:23:46.373  2760  4475 I ViewRootImpl@7de0b0[LauncherActivity]: mWNT: t=0xb40000744484e900 mBlastBufferQueue=0xb40000743baedf00 fn= 15 caller= com.android.systemui.shared.launcher.ViewRootImplCompat.mergeWithNextTransaction:2 com.android.quickstep.util.SurfaceTransactionApplier.lambda$scheduleApply$0:2 com.android.quickstep.util.SurfaceTransactionApplier.b:0 
07-26 17:23:46.382  2760  4474 I ViewRootImpl@7de0b0[LauncherActivity]: mWNT: t=0xb40000744484eb00 mBlastBufferQueue=0xb40000743baedf00 fn= 16 caller= com.android.systemui.shared.launcher.ViewRootImplCompat.mergeWithNextTransaction:2 com.android.quickstep.util.SurfaceTransactionApplier.lambda$scheduleApply$0:2 com.android.quickstep.util.SurfaceTransactionApplier.b:0 
07-26 17:23:46.390  2760  4475 I ViewRootImpl@7de0b0[LauncherActivity]: mWNT: t=0xb40000744484ee00 mBlastBufferQueue=0xb40000743baedf00 fn= 17 caller= com.android.systemui.shared.launcher.ViewRootImplCompat.mergeWithNextTransaction:2 com.android.quickstep.util.SurfaceTransactionApplier.lambda$scheduleApply$0:2 com.android.quickstep.util.SurfaceTransactionApplier.b:0 
07-26 17:23:46.398  2760  4474 I ViewRootImpl@7de0b0[LauncherActivity]: mWNT: t=0xb4000073d11f2500 mBlastBufferQueue=0xb40000743baedf00 fn= 18 caller= com.android.systemui.shared.launcher.ViewRootImplCompat.mergeWithNextTransaction:2 com.android.quickstep.util.SurfaceTransactionApplier.lambda$scheduleApply$0:2 com.android.quickstep.util.SurfaceTransactionApplier.b:0 
07-26 17:23:46.406  2760  4475 I ViewRootImpl@7de0b0[LauncherActivity]: mWNT: t=0xb4000073d11f2600 mBlastBufferQueue=0xb40000743baedf00 fn= 19 caller= com.android.systemui.shared.launcher.ViewRootImplCompat.mergeWithNextTransaction:2 com.android.quickstep.util.SurfaceTransactionApplier.lambda$scheduleApply$0:2 com.android.quickstep.util.SurfaceTransactionApplier.b:0 
07-26 17:23:46.413  1273  2432 V MdnieScenarioControlService: mAclOffEnabled : false mAclPreviewState : false mAclCompensationState : false
07-26 17:23:46.415  2760  4474 I ViewRootImpl@7de0b0[LauncherActivity]: mWNT: t=0xb4000073d11f2700 mBlastBufferQueue=0xb40000743baedf00 fn= 20 caller= com.android.systemui.shared.launcher.ViewRootImplCompat.mergeWithNextTransaction:2 com.android.quickstep.util.SurfaceTransactionApplier.lambda$scheduleApply$0:2 com.android.quickstep.util.SurfaceTransactionApplier.b:0 
07-26 17:23:46.423  2760  4475 I ViewRootImpl@7de0b0[LauncherActivity]: mWNT: t=0xb4000073d11f2800 mBlastBufferQueue=0xb40000743baedf00 fn= 21 caller= com.android.systemui.shared.launcher.ViewRootImplCompat.mergeWithNextTransaction:2 com.android.quickstep.util.SurfaceTransactionApplier.lambda$scheduleApply$0:2 com.android.quickstep.util.SurfaceTransactionApplier.b:0 
07-26 17:23:46.431  2760  4474 I ViewRootImpl@7de0b0[LauncherActivity]: mWNT: t=0xb4000073d11f2a00 mBlastBufferQueue=0xb40000743baedf00 fn= 22 caller= com.android.systemui.shared.launcher.ViewRootImplCompat.mergeWithNextTransaction:2 com.android.quickstep.util.SurfaceTransactionApplier.lambda$scheduleApply$0:2 com.android.quickstep.util.SurfaceTransactionApplier.b:0 
07-26 17:23:46.440  2760  4475 I ViewRootImpl@7de0b0[LauncherActivity]: mWNT: t=0xb4000073d11f2b00 mBlastBufferQueue=0xb40000743baedf00 fn= 23 caller= com.android.systemui.shared.launcher.ViewRootImplCompat.mergeWithNextTransaction:2 com.android.quickstep.util.SurfaceTransactionApplier.lambda$scheduleApply$0:2 com.android.quickstep.util.SurfaceTransactionApplier.b:0 
07-26 17:23:46.449  2760  4474 I ViewRootImpl@7de0b0[LauncherActivity]: mWNT: t=0xb4000073d11f2c00 mBlastBufferQueue=0xb40000743baedf00 fn= 24 caller= com.android.systemui.shared.launcher.ViewRootImplCompat.mergeWithNextTransaction:2 com.android.quickstep.util.SurfaceTransactionApplier.lambda$scheduleApply$0:2 com.android.quickstep.util.SurfaceTransactionApplier.b:0 
07-26 17:23:46.459  1117  1117 D SurfaceFlinger: Display 4630946312756012673 HWC layers:
07-26 17:23:46.459  1117  1117 D SurfaceFlinger:      DEVICE | 0xb400006f90621a80 | 0100 | RGBx_8888    |  666.0   10.0 1734.0 2390.0 |    0    0 1080 2408 | Wallpaper BBQ wrapper#77
07-26 17:23:46.459  1117  1117 D SurfaceFlinger:      DEVICE | 0xb400006f82e47d40 | 0100 | RGBA_8888    |    0.0    0.0 1080.0 2408.0 |    0    0 1080 2408 | com.sec.android.app.launcher/com.sec[...]vities.LauncherActivity$_2760#266701
07-26 17:23:46.459  1117  1117 D SurfaceFlinger:      CLIENT | 0xb400006f90621310 | 0100 | RGBA_8888    |    0.0    0.0 1080.0   70.0 |    0    0 1080   70 | StatusBar$_2279#85
07-26 17:23:46.459  1117  1117 D SurfaceFlinger:      CLIENT | 0xb400006f82e47e90 | 0100 | RGBA_8888    |    0.0    0.0 1080.0  135.0 |    0 2273 1080 2408 | NavigationBar0$_2279#78
07-26 17:23:46.459  1117  1117 D SurfaceFlinger: 
07-26 17:23:46.461  2760  4475 I ViewRootImpl@7de0b0[LauncherActivity]: mWNT: t=0xb4000073d11f2d00 mBlastBufferQueue=0xb40000743baedf00 fn= 25 caller= com.android.systemui.shared.launcher.ViewRootImplCompat.mergeWithNextTransaction:2 com.android.quickstep.util.SurfaceTransactionApplier.lambda$scheduleApply$0:2 com.android.quickstep.util.SurfaceTransactionApplier.b:0 
07-26 17:23:46.471  2760  4474 I ViewRootImpl@7de0b0[LauncherActivity]: mWNT: t=0xb4000073d11f2e00 mBlastBufferQueue=0xb40000743baedf00 fn= 26 caller= com.android.systemui.shared.launcher.ViewRootImplCompat.mergeWithNextTransaction:2 com.android.quickstep.util.SurfaceTransactionApplier.lambda$scheduleApply$0:2 com.android.quickstep.util.SurfaceTransactionApplier.b:0 
07-26 17:23:46.481   650   650 D io_stats: !@   8,0 r 24567724 467261276 w 7181935 84740592 d 1859472 138363096 f 0 0 iot 23280848 0 th 0 0 0 pt 0 inp 0 0 710494.550
07-26 17:23:46.481  2760  4475 I ViewRootImpl@7de0b0[LauncherActivity]: mWNT: t=0xb4000073d11f2f00 mBlastBufferQueue=0xb40000743baedf00 fn= 27 caller= com.android.systemui.shared.launcher.ViewRootImplCompat.mergeWithNextTransaction:2 com.android.quickstep.util.SurfaceTransactionApplier.lambda$scheduleApply$0:2 com.android.quickstep.util.SurfaceTransactionApplier.b:0 
07-26 17:23:46.491  2760  4474 I ViewRootImpl@7de0b0[LauncherActivity]: mWNT: t=0xb4000073d120dc00 mBlastBufferQueue=0xb40000743baedf00 fn= 28 caller= com.android.systemui.shared.launcher.ViewRootImplCompat.mergeWithNextTransaction:2 com.android.quickstep.util.SurfaceTransactionApplier.lambda$scheduleApply$0:2 com.android.quickstep.util.SurfaceTransactionApplier.b:0 
07-26 17:23:46.501  2760  4475 I ViewRootImpl@7de0b0[LauncherActivity]: mWNT: t=0xb4000073d120dd00 mBlastBufferQueue=0xb40000743baedf00 fn= 29 caller= com.android.systemui.shared.launcher.ViewRootImplCompat.mergeWithNextTransaction:2 com.android.quickstep.util.SurfaceTransactionApplier.lambda$scheduleApply$0:2 com.android.quickstep.util.SurfaceTransactionApplier.b:0 
07-26 17:23:46.510  2760  4474 I ViewRootImpl@7de0b0[LauncherActivity]: mWNT: t=0xb4000073d120de00 mBlastBufferQueue=0xb40000743baedf00 fn= 30 caller= com.android.systemui.shared.launcher.ViewRootImplCompat.mergeWithNextTransaction:2 com.android.quickstep.util.SurfaceTransactionApplier.lambda$scheduleApply$0:2 com.android.quickstep.util.SurfaceTransactionApplier.b:0 
07-26 17:23:46.520  2760  4475 I ViewRootImpl@7de0b0[LauncherActivity]: mWNT: t=0xb4000073d1262100 mBlastBufferQueue=0xb40000743baedf00 fn= 31 caller= com.android.systemui.shared.launcher.ViewRootImplCompat.mergeWithNextTransaction:2 com.android.quickstep.util.SurfaceTransactionApplier.lambda$scheduleApply$0:2 com.android.quickstep.util.SurfaceTransactionApplier.b:0 
07-26 17:23:46.530  2760  4474 I ViewRootImpl@7de0b0[LauncherActivity]: mWNT: t=0xb40000743b90f400 mBlastBufferQueue=0xb40000743baedf00 fn= 32 caller= com.android.systemui.shared.launcher.ViewRootImplCompat.mergeWithNextTransaction:2 com.android.quickstep.util.SurfaceTransactionApplier.lambda$scheduleApply$0:2 com.android.quickstep.util.SurfaceTransactionApplier.b:0 
07-26 17:23:46.530  2760  2760 W AppTransitionAnimatorImpl: onAnimationEnd - APP OUT, Execution time for each frame : Start-(0)-0-(0)-0-(9)-0-(17)-0-(26)-0-(8)-0-(8)-0-(9)-0-(8)-0-(8)-0-(9)-0-(8)-1-(7)-1-(8)-0-(8)-0-(8)-1-(8)-0-(8)-0-(8)-1-(8)-0-(8)-0-(8)-0-(9)-0-(8)-0-(8)-0-(9)-0-(8)-0-(8)-0-(9)-0-(10)-0-(10)-0-(9)-1-(9)-0-(10)-0-End
07-26 17:23:46.530  2760  2760 I AppTransitionAnimatorImpl: resetContentView
07-26 17:23:46.530  2760  2760 I AnimationResult: AnimationResult finish : onAnimationEnd
07-26 17:23:46.530  2760  2760 I AnimationResult: finish : false, null
07-26 17:23:46.530  2760  3126 I AnimationResult: finish callback : null
07-26 17:23:46.531  1273 14422 D WindowManager: app-onAnimationFinished(): mOuter=RemoteAnimationController@44afbc5
07-26 17:23:46.531  1273 14422 D WindowManager: onAnimationFinished(RemoteAnimationController@44afbc5): mPendingAnimations=2, caller=
07-26 17:23:46.531  1273 14422 D WindowManager: app-release(): mOuter=RemoteAnimationController@44afbc5
07-26 17:23:46.531  1273 14422 D WindowManager: onAnimationFinished(): Notify animation finished:
07-26 17:23:46.531  1273 14422 I WindowManager: Reparenting to original parent: Surface(name=DefaultTaskDisplayArea)/@0x155222d, destroy=true, surface=Surface(name=Task=1)/@0x1f27144
07-26 17:23:46.532  1273 14422 D WindowManager: \tcontainer=Task{754f4bb #1 type=home ?? U=0 visible=true visibleRequested=true mode=fullscreen translucent=false sz=1}
07-26 17:23:46.532  1273 14422 I WindowManager: Reparenting to original parent: Surface(name=DefaultTaskDisplayArea)/@0x155222d, destroy=true, surface=Surface(name=Task=10498)/@0x7a3f9ce
07-26 17:23:46.532  1273 14422 V WindowManager: Setting visibility of Window{de8727e u0 com.sec.android.RilServiceModeApp/com.sec.android.RilServiceModeApp.ServiceModeApp}: false, caller=com.android.server.wm.WindowContainer.sendAppVisibilityToClients:1236 com.android.server.wm.WindowToken.setClientVisible:431 com.android.server.wm.ActivityRecord.setClientVisible:7565 com.android.server.wm.ActivityRecord.onAnimationFinished:8423 com.android.server.wm.WindowContainer.doAnimationFinished:3446 
07-26 17:23:46.532  1273 14422 D WindowManager: \tcontainer=Task{ca68064 #10498 type=standard A=1000:com.sec.android.RilServiceModeApp U=0 visible=false visibleRequested=false mode=fullscreen translucent=true sz=1}
07-26 17:23:46.532  1273 14422 I WindowManager: Reparenting to original parent: Surface(name=Leaf:0:1)/@0xc0eb429, destroy=true, surface=Surface(name=WallpaperWindowToken{77e7e11 token=android.os.Binder@761fe38})/@0xd475db0
07-26 17:23:46.533  3940  3940 I ViewRootImpl@9ab6f42[ServiceModeApp]: handleAppVisibility mAppVisible = true visible = false
07-26 17:23:46.533  1273 14422 D WindowManager: \twallpaper=WallpaperWindowToken{77e7e11 token=android.os.Binder@761fe38}
07-26 17:23:46.534  1273 14422 I WindowManager: Finishing remote animation
07-26 17:23:46.536  2760  2760 W Launcher: onEnterAnimationComplete
07-26 17:23:46.536  2760  4475 I ViewRootImpl@7de0b0[LauncherActivity]: mWNT: t=0xb40000743b90f500 mBlastBufferQueue=0xb40000743baedf00 fn= 33 caller= com.android.systemui.shared.launcher.ViewRootImplCompat.mergeWithNextTransaction:2 com.android.quickstep.util.SurfaceTransactionApplier.lambda$scheduleApply$0:2 com.android.quickstep.util.SurfaceTransactionApplier.b:0 
07-26 17:23:46.541  1273  1698 I wm_destroy_activity: [0,149587619,10498,com.sec.android.RilServiceModeApp/.ServiceModeApp,finish-imm:idle]
07-26 17:23:46.543  1117  1117 I Layer   : id=266705 removedFromDrawingState Surface(name=Task=1)/@0x1f27144 - animation-leash of app_transition#266705 (113)
07-26 17:23:46.544  1117  1117 I Layer   : id=266704 removedFromDrawingState Surface(name=Task=10498)/@0x7a3f9ce - animation-leash of app_transition#266704 (113)
07-26 17:23:46.544  1117  1117 I Layer   : id=266706 removedFromDrawingState Surface(name=WallpaperWindowToken{77e7e11 token=android.os.Binder@761fe38})/@0xd475db0 - animation-leash of window_animation#266706 (113)
07-26 17:23:46.545  1273 14422 V WindowManager: Relayout Window{de8727e u0 com.sec.android.RilServiceModeApp/com.sec.android.RilServiceModeApp.ServiceModeApp}: viewVisibility=8 req=1080x2408 d0
07-26 17:23:46.547  1273 14422 V WindowManager: Relayout hash=de8727e, pid=3940, syncId=-1: mAttrs={(0,0)(fillxfill) sim={adjust=resize forwardNavigation} ty=BASE_APPLICATION wanim=0x10302f4
07-26 17:23:46.547  1273 14422 V WindowManager:   fl=81810100
07-26 17:23:46.547  1273 14422 V WindowManager:   pfl=12020040
07-26 17:23:46.547  1273 14422 V WindowManager:   apr=LIGHT_NAVIGATION_BARS
07-26 17:23:46.547  1273 14422 V WindowManager:   bhv=DEFAULT
07-26 17:23:46.547  1273 14422 V WindowManager:   fitSides= naviIconColor=0
07-26 17:23:46.547  1273 14422 V WindowManager:   sfl=100000}
07-26 17:23:46.552  3940  3940 I ViewRootImpl@9ab6f42[ServiceModeApp]: Relayout returned: old=(0,0,1080,2408) new=(0,0,1080,2408) req=(1080,2408)8 dur=7 res=0x2 s={false 0x0} ch=true seqId=0
07-26 17:23:46.553  3940  3940 I ViewRootImpl@9ab6f42[ServiceModeApp]: stopped(true) old = false
07-26 17:23:46.553  3940  3940 I wm_on_stop_called: [149587619,com.sec.android.RilServiceModeApp.ServiceModeApp,LIFECYCLER_STOP_ACTIVITY]
07-26 17:23:46.554  3940  3940 I MSHandlerLifeCycle: check: return. Multi-window not supported pkg=com.sec.android.RilServiceModeApp
07-26 17:23:46.554  3940  3940 I MSHandlerLifeCycle: removeMultiSplitHandler: no exist. decor=DecorView@eac371d[ServiceModeApp]
07-26 17:23:46.554  3940  3940 E ModemServiceMode: onDestroy start
07-26 17:23:46.554  3940  3940 E ModemServiceMode: unbind connection
07-26 17:23:46.556 12475 12475 E RILS    : onDestroy start
07-26 17:23:46.556 12475 12475 E RILS    : onDestroy finish
07-26 17:23:46.556  3940  3940 E ModemServiceMode: onDestroy finish
07-26 17:23:46.556  3940  3940 I wm_on_destroy_called: [149587619,com.sec.android.RilServiceModeApp.ServiceModeApp,performDestroy]
07-26 17:23:46.557 12475 31485 E RILS    : Hit EOS reading message length
07-26 17:23:46.557 12475 31485 I RILS    : Disconnected from 'Multiclient' socket
07-26 17:23:46.557 12475 31485 E RILS    : Thread interrupted...start to exit - Multiclient, TID: 80
07-26 17:23:46.557 12475 31485 E RILS    : Thread is terminated by InterruptedException
07-26 17:23:46.557  1273  9634 D CoreBackPreview: Window{de8727e u0 com.sec.android.RilServiceModeApp/com.sec.android.RilServiceModeApp.ServiceModeApp}: Setting back callback null
07-26 17:23:46.557  1957  1963 E Multi-Client: OemClient::Process(): EOS. oem client(8), errno:11
07-26 17:23:46.558  3940  3940 I MSHandlerLifeCycle: removeMultiSplitHandler: no exist. decor=DecorView@eac371d[ServiceModeApp]
07-26 17:23:46.558  3940  3940 I DecorView: setWindowBackground: isPopOver=false color=fff6f6f6 d=null
07-26 17:23:46.559  3940  3940 I DecorView: notifyKeepScreenOnChanged: keepScreenOn=false
07-26 17:23:46.559  3940  3940 I ViewRootImpl@9ab6f42[ServiceModeApp]: dispatchDetachedFromWindow
07-26 17:23:46.559  1273  9634 D InputTransport: Input channel destroyed: 'de8727e', fd=837
07-26 17:23:46.560  1273  9634 W InputManager-JNI: Input channel object 'de8727e com.sec.android.RilServiceModeApp/com.sec.android.RilServiceModeApp.ServiceModeApp (client)' was disposed without first being removed with the input manager!
07-26 17:23:46.560  1273  9634 D InputTransport: Input channel destroyed: 'de8727e', fd=843
07-26 17:23:46.560  1273  9634 I WindowManager: Destroying surface Surface(name=com.sec.android.RilServiceModeApp/com.sec.android.RilServiceModeApp.ServiceModeApp$_3940)/@0x9d4c2be called by com.android.server.wm.WindowStateAnimator.destroySurface:907 com.android.server.wm.WindowStateAnimator.destroySurfaceLocked:519 com.android.server.wm.WindowState.removeImmediately:2933 com.android.server.wm.WindowState.removeIfPossible:3177 com.android.server.wm.WindowState.removeIfPossible:3004 com.android.server.wm.WindowManagerService.removeWindow:2234 com.android.server.wm.Session.remove:236 android.view.IWindowSession$Stub.onTransact:743 
07-26 17:23:46.560  1273  9634 D RestrictionPolicy: isScreenCaptureEnabled : ret=true userId=0
07-26 17:23:46.561  1273  9634 V WindowManager: Nulling last startingData
07-26 17:23:46.565  1117  1194 I SurfaceFlinger: id=266688 Removed c1e985d ActivityRecordInputSink com.sec.android.RilServiceModeApp/.ServiceModeApp#266688 (113)
07-26 17:23:46.566  1273  9634 I wm_task_removed: [10498,removeChild:removeChild last r=ActivityRecord{8ea86a3 u0 com.sec.android.RilServiceModeApp/.ServiceModeApp} t-1 f}} in t=Task{ca68064 #10498 type=standard A=1000:com.sec.android.RilServiceModeApp U=0 visible=false visibleRequested=false mode=fullscreen translucent=true sz=0},1]
07-26 17:23:46.566  1273  9634 I wm_task_removed: [10498,removeChild,1]
07-26 17:23:46.566  1117  1194 I SurfaceFlinger: id=266709 createSurf, flag=24004, Task=10498#266709
07-26 17:23:46.568  1117  1117 I Layer   : id=266692 removedFromDrawingState com.sec.android.RilServiceModeApp/com.sec.android.RilServiceModeApp.ServiceModeApp$_3940#266692 (114)
07-26 17:23:46.568  1117  1117 I Layer   : id=266690 removedFromDrawingState de8727e com.sec.android.RilServiceModeApp/com.sec.android.RilServiceModeApp.ServiceModeApp#266690 (114)
07-26 17:23:46.568  1117  1117 I SurfaceFlinger: id=266692 Removed com.sec.android.RilServiceModeApp/com.sec.android.RilServiceModeApp.ServiceModeApp$_3940#266692 (114)
07-26 17:23:46.568  1117  1117 I SurfaceFlinger: id=266690 Removed de8727e com.sec.android.RilServiceModeApp/com.sec.android.RilServiceModeApp.ServiceModeApp#266690 (114)
07-26 17:23:46.568  1117  1117 I Layer   : id=266690 Destroyed de8727e com.sec.android.RilServiceModeApp/com.sec.android.RilServiceModeApp.ServiceModeApp#266690
07-26 17:23:46.569  1117  1117 I Layer   : id=266692 Destroyed com.sec.android.RilServiceModeApp/com.sec.android.RilServiceModeApp.ServiceModeApp$_3940#266692
07-26 17:23:46.570  2760  2760 I RecentsView: onTaskRemoved() taskId : 10498
07-26 17:23:46.570  2760  2760 I TopTaskTracker: onTaskRemoved : taskId = 10498
07-26 17:23:46.570  2760  2760 I RecentsView: onTaskRemoved() taskId : 10498
07-26 17:23:46.570  2760  2760 I TopTaskTracker: onTaskRemoved : taskId = 10498
07-26 17:23:46.578  1117  1117 I Layer   : id=266680 removedFromDrawingState ActivityRecord{8ea86a3 u0 com.sec.android.RilServiceModeApp/.ServiceModeApp}#266680 (112)
07-26 17:23:46.578  1117  1117 I Layer   : id=266688 removedFromDrawingState c1e985d ActivityRecordInputSink com.sec.android.RilServiceModeApp/.ServiceModeApp#266688 (112)
07-26 17:23:46.578  1117  1117 I Layer   : id=266679 removedFromDrawingState Task=10498#266679 (112)
07-26 17:23:46.578  1117  1117 I Layer   : id=266709 removedFromDrawingState Task=10498#266709 (112)
07-26 17:23:46.578  1117  1117 I SurfaceFlinger: id=266680 Removed ActivityRecord{8ea86a3 u0 com.sec.android.RilServiceModeApp/.ServiceModeApp}#266680 (112)
07-26 17:23:46.578  1117  1117 I SurfaceFlinger: id=266709 Removed Task=10498#266709 (112)
07-26 17:23:46.579  1117  1117 I Layer   : id=266680 Destroyed ActivityRecord{8ea86a3 u0 com.sec.android.RilServiceModeApp/.ServiceModeApp}#266680
07-26 17:23:46.579  1117  1117 I Layer   : id=266688 Destroyed c1e985d ActivityRecordInputSink com.sec.android.RilServiceModeApp/.ServiceModeApp#266688
07-26 17:23:46.579  1117  1117 I Layer   : id=266709 Destroyed Task=10498#266709
07-26 17:23:46.583 21427 21427 E STFService: getNetworkProperties: Location fine denied
07-26 17:23:46.645   984 31631 I HYPER-HAL: [ResourceManager.cpp]removeResource(): [CPUMinFreq] RemoveResource Request ID : 848282
07-26 17:23:46.645   984 31631 I HYPER-HAL: [RequestManager.cpp]releaseLocked(): Released ID : 848282
07-26 17:23:46.677  1273  2432 D MdnieScenarioControlService:  packageName : com.sec.android.app.launcher    className : com.android.launcher3.uioverrides.QuickstepLauncher
07-26 17:23:46.678  1273  2432 V MdnieScenarioControlService: setUIMode from UI function(3)
07-26 17:23:46.779  1273  2432 V MdnieScenarioControlService: mAclOffEnabled : false mAclPreviewState : false mAclCompensationState : false
07-26 17:23:47.186  1117  1117 I DisplayDevice: [Display 4630946312756012673 (internal, primary, \"\")] ActiveConfigToHWC, ID : 1
07-26 17:23:47.187  1117  1117 I LayerHistory: NavigationBar0$_2279#78 Max (can't resolve refresh rate)
07-26 17:23:47.187  1117  1117 I LayerHistory: com.sec.android.app.launcher/com.sec.android.app.launcher.activities.LauncherActivity$_2760#266701 Max (can't resolve refresh rate)
07-26 17:23:47.187  1117  1117 I SurfaceFlinger: Idle - choose 60.00 Hz
07-26 17:23:47.187  1273  7733 D SGM:GameManager: identifyGamePackage. com.sec.android.app.launcher, mCurrentUserId: 0, callerUserId: 0, callingMethodInfo: com.android.server.ssrm.SortingMachine.isGame(SortingMachine.java:162)
07-26 17:23:47.187  1273  7733 D SGM:PkgDataHelper: getGamePkgData(). com.sec.android.app.launcher
07-26 17:23:47.190  1051  1190 I SDM     : HWCDisplay::SubmitDisplayConfig: [DispConfigs] config 0 => 1, hs_mode 1 => 1
07-26 17:23:47.190  1051  1190 I SDM     : DisplayBase::SetActiveConfig: [DispConfigs] 0 => 1 or hs mode is changed if same config
07-26 17:23:47.190  1051  1190 I SDM     : HWDeviceDRM::SetDisplaySwitchMode: [DispConfigs] check hs_mode 1
07-26 17:23:47.190  1051  1190 I SDM     : HWDeviceDRM::SetDisplaySwitchMode: [DispConfigs] SetDisplayAttributes  mode_index 1
07-26 17:23:47.191  1051  1190 I SDM     : HWDeviceDRM::UpdateMixerAttributes: Mixer WxH 1080x2408-0 for Peripheral
07-26 17:23:47.192  1051  1190 I SDM     : HWCDisplay::SubmitDisplayConfig: Active configuration changed to: 1
07-26 17:23:47.285  2760  3128 I QuickstepModelDelegate: Widget predictions updated
07-26 17:23:47.585 21427 21427 E STFService: getNetworkProperties: Location fine denied
07-26 17:23:47.650   984 31632 I HYPER-HAL: [ResourceManager.cpp]removeResource(): [CPUMaxFreq] RemoveResource Request ID : 8090267
07-26 17:23:47.650   984 31632 I HYPER-HAL: [RequestManager.cpp]releaseLocked(): Released ID : 8090267
07-26 17:23:48.183  1273  2160 I ChimeraAggressivePolicyHandler: executePolicy() - triggerSource: TRIGGER_SOURCE_HOME_IDLE
07-26 17:23:48.187  1273  2160 I ChimeraAggressivePolicyHandler: memAvailable: 669248, memFreeTarget: 747520, releaseTarget:78272, protectedLruCount: 8
07-26 17:23:48.193  1273  2160 I NSLocationMonitor: getGPSUsingApps() called
07-26 17:23:48.194  3237  5232 W NSLocationManager_FLP: add uid 10232 to freeze Allowlist by using GMS_FUSED in foreground
07-26 17:23:48.194  3237  5232 W NSLocationManager_FLP: add uid 10232 to freeze Allowlist by using gps in foreground
07-26 17:23:48.194  3237  5232 W NSLocationManager_FLP: add uid 10232 to freeze Allowlist by using gps in foreground
07-26 17:23:48.212  3237  5232 I NSLocationManager_FLP: getGPSUsingApps, NO_FREEZE={5013, 10232} / FREEZE={10202, 10210}
07-26 17:23:48.217  1273  2160 D MARs:OngoingNotiPackageFilter: filter : android(0)
07-26 17:23:48.217  1273  2160 D MARs:OngoingNotiPackageFilter: filter : com.dish.wireless.activation(0)
07-26 17:23:48.218  1273  2160 I ChimeraAggressivePolicyHandler: Start doKill, protected policy: NORMAL
07-26 17:23:48.220  1273  2160 I ChimeraAggressivePolicyHandler: Killed on trigger2 : android, freed: 6244, 1000[7685]:G2(0x2000a) score=31.1(36 10/5 6244), pids: 7685 / stats: 10 / adjs: 995 
07-26 17:23:48.221  1273  2160 I ActivityManager: Killing 7685:android:drmService/1000 (adj 995): Chimera #2
07-26 17:23:48.221  1273  2160 I am_kill : [0,7685,android:drmService,995,Chimera #2]
07-26 17:23:48.228  1273  1752 I libprocessgroup: Successfully killed process cgroup uid 1000 pid 7685 in 6ms
07-26 17:23:48.228  1273  2160 W ActivityManager: Scheduling restart of crashed service android/com.android.server.DrmEventService in 1000ms for persistent
07-26 17:23:48.228  1273  2160 I am_schedule_service_restart: [0,android/com.android.server.DrmEventService,1000]
07-26 17:23:48.229  1273  2160 D ActivityManager: proc ProcessRecord{6036a75 7685:android:drmService/1000} already removed. so we skip next process.
07-26 17:23:48.231  1273  2160 I ChimeraAggressivePolicyHandler: Killed on trigger2 : com.samsung.android.samsungpassautofill, freed: 13244, 10175[25959]:G2(0x20000) score=25.7(26 10/10 13244), pids: 25959 / stats: 19 / adjs: 965 
07-26 17:23:48.231  1273  2160 I am_uid_stopped: 10175
07-26 17:23:48.232  1273  2160 I ActivityManager: Killing 25959:com.samsung.android.samsungpassautofill/u0a175 (adj 965): Chimera #2
07-26 17:23:48.232  1273  2160 I am_kill : [0,25959,com.samsung.android.samsungpassautofill,965,Chimera #2]
07-26 17:23:48.234  1273  2160 D ActivityManager: proc ProcessRecord{afa9042 25959:com.samsung.android.samsungpassautofill/u0a175} already removed. so we skip next process.
07-26 17:23:48.236  1273  2160 I ChimeraAggressivePolicyHandler: kill complete: killed 2 apps, freed 19488 KB
07-26 17:23:48.236  1273  2160 I ChimeraAggressivePolicyHandler: Skipped reason: LR, pids: 3940 31241 11338 18845 
07-26 17:23:48.236  1273  2160 I ChimeraAggressivePolicyHandler: Skipped reason: CA, pids: 22401 19844 23974 30665 19913 2414 19982 25558 20024 13050 12475 22428 6333 
07-26 17:23:48.236  1273  2160 I ChimeraAggressivePolicyHandler: Skipped reason: PE, pids: 3972 2566 2311 6856 2249 19338 3851 9933 7005 4062 2590 7647 3360 3237 2279 4008 2605 2610 2612 3830 2615 21751 1273 1789 11518 
07-26 17:23:48.236  1273  2160 I ChimeraAggressivePolicyHandler: Skipped reason: IN, pids: 21427 19413 
07-26 17:23:48.237  1273  2160 I ChimeraAggressivePolicyHandler: Skipped reason: AD, pids: 8228 3819 3500 11374 16500 19285 2682 15130 3100 
07-26 17:23:48.237  1273  2160 I ChimeraAggressivePolicyHandler: Processing time(ms) 53
07-26 17:23:48.247  1273  2523 V ActivityManager: Got obituary of 7685:android:drmService
07-26 17:23:48.249   869   869 I Zygote  : Process 7685 exited due to signal 9 (Killed)
07-26 17:23:48.251  1273  1752 I libprocessgroup: Successfully killed process cgroup uid 10175 pid 25959 in 0ms
07-26 17:23:48.255  1444  9632 I ResourceManagerService: ResourceManagerService::Client::DeathNotifier::binderDied called
07-26 17:23:48.257  1444  9632 E mediaserver: unlinkToDeath: removed reference to death recipient but unlink failed.
07-26 17:23:48.258  1444  9632 I ResourceManagerService: Client(0xf7684060) destructor - (PID : 7685)
07-26 17:23:48.259  1444  9632 E IPCThreadState: attemptIncStrongHandle(3): Not supported
07-26 17:23:48.260  1273  9634 V ActivityManager: Got obituary of 25959:com.samsung.android.samsungpassautofill
07-26 17:23:48.262   869   869 I Zygote  : Process 25959 exited due to signal 9 (Killed)
07-26 17:23:48.289   984 31642 I HYPER-HAL: [RequestManager.cpp]releaseLocked(): Released ID : 2242903
07-26 17:23:48.484   650   650 D io_stats: !@   8,0 r 24567747 467261504 w 7181938 84740600 d 1859472 138363096 f 0 0 iot 23280884 0 th 0 0 0 pt 0 inp 0 0 710496.553
07-26 17:23:48.484   650   650 D io_stats: !@ Read_top(KB): mediaserver(1444) 184 system_server(1273) 32 kworker/u16:2(29573) 24
07-26 17:23:48.484   650   650 D io_stats: !@ Write_top(KB): system_server(1273) 8
07-26 17:23:48.587 21427 21427 E STFService: getNetworkProperties: Location fine denied
07-26 17:23:48.642  1273  1730 I SemDvfsHyPerManager: acquire hyper - APP_LAUNCH/1273@30, type = -999
07-26 17:23:48.642  1273  1302 D ActivityTaskManager: startActivityAsUser: callingPid=31677, callingUid=2000, caller=com.android.server.wm.ActivityTaskManagerService.startActivityAsUser:1809 com.android.server.am.ActivityManagerService.startActivityAsUserWithFeature:3673 com.android.server.am.ActivityManagerShellCommand.runStartActivity:656 com.android.server.am.ActivityManagerShellCommand.onCommand:222 com.android.modules.utils.BasicShellCommandHandler.exec:97 android.os.ShellCommand.exec:38 com.android.server.am.ActivityManagerService.onShellCommand:11156 
07-26 17:23:48.642  1273  1302 I ActivityTaskManager: START u0 {act=android.intent.action.CALL dat=tel:xxxxxxxxxx flg=0x10000000 cmp=com.android.server.telecom/.components.UserCallActivity} from uid 2000
07-26 17:23:48.643   984  1110 I HYPER-HAL: [RequestManager.cpp]acquire(): Acquired ID : 849586  [1273 / 30]    HINT : APP_LAUNCH    list : 
07-26 17:23:48.644  1273  1302 D [secipm]: mSecIpmManager Preload com.android.server.telecom dex files
07-26 17:23:48.644  4008  4008 I SemDvfsHyPerManager: acquire hyper - APP_START_SHORT/4008@14, type = -999
07-26 17:23:48.644   984  1110 I HYPER-HAL: [ResourceManager.cpp]updateResource(): [CPULittleMinFreq] UpdateResource Request ID : 849586    Value : 1804800
07-26 17:23:48.645  1273  1302 I wm_task_created: [10499,-1]
07-26 17:23:48.645  1273  2827 I SemDvfsHyPerManager: acquire hyper - AMS_APP_SWITCH/1273@28, type = -999
07-26 17:23:48.645  1273  1302 I wm_task_windowing_mode_changed: [10499,0,1]
07-26 17:23:48.646  1117  1194 I SurfaceFlinger: id=266710 createSurf, flag=24004, Task=10499#266710
07-26 17:23:48.648  1273  2827 D ActivityManagerPerformance: AMP_acquire() APP_SWITCH
07-26 17:23:48.649  1117  1194 I SurfaceFlinger: id=266711 createSurf, flag=80004, ActivityRecord{65460ed u0 com.android.server.telecom/.components.UserCallActivity}#266711
07-26 17:23:48.652  1273  1302 I wm_task_moved: [10499,1,6]
07-26 17:23:48.652  1273  1302 I wm_task_to_front: [0,10499]
07-26 17:23:48.652  1273  1302 I wm_create_task: [0,10499,1]
07-26 17:23:48.652  4008  4008 I SemDvfsHyPerManager: acquire hyper - APP_START_SHORT/4008@14, type = -999
07-26 17:23:48.652  1273  1302 I wm_create_activity: [0,106193133,10499,com.android.server.telecom/.components.UserCallActivity,android.intent.action.CALL,NULL,tel:xxxxxxxxxx,276824064]
07-26 17:23:48.652  1273  1302 I wm_task_moved: [10499,1,6]
07-26 17:23:48.653  1273  1302 W WindowManager: Prepare app transition: mNextAppTransitionRequests=[TRANSIT_OPEN], mNextAppTransitionFlags=, displayId: 0 Callers=com.android.server.wm.DisplayContent.prepareAppTransition:6376 com.android.server.wm.DisplayContent.prepareAppTransition:6367 com.android.server.wm.Task.startActivityLocked:6424 com.android.server.wm.ActivityStarter.startActivityInner:2887 com.android.server.wm.ActivityStarter.startActivityUnchecked:2415 
07-26 17:23:48.653  1273  1302 V WindowManager: Checking theme of starting window: 0x7f110188
07-26 17:23:48.653  1273  1302 V WindowManager: Translucent=true Floating=true ShowWallpaper=false Disable=false
07-26 17:23:48.653  2760  2760 I wm_on_top_resumed_lost_called: [22076000,com.sec.android.app.launcher.activities.LauncherActivity,topStateChangedWhenResumed]
07-26 17:23:48.653  1273  1302 I wm_pause_activity: [0,22076000,com.sec.android.app.launcher/.activities.LauncherActivity,userLeaving=true,pauseBackTasks]
07-26 17:23:48.656  1273  1302 I SemDvfsHyPerManager: acquire hyper - AMS_APP_LAUNCH/1273@15, type = -999
07-26 17:23:48.657   984  1110 I HYPER-HAL: [ResourceManager.cpp]updateResource(): [CPUMinFreq] UpdateResource Request ID : 849586    Value : 2208000
07-26 17:23:48.657  1273  1302 I service_manager_stats: [100,95,314152]
07-26 17:23:48.657   984  1110 I HYPER-HAL: [RequestManager.cpp]acquire(): Acquired ID : 8090267  [4008 / 14]    HINT : APP_START    list : [TIMEOUT / 1500] 
07-26 17:23:48.657  4008  4008 I SemDvfsHyPerManager: acquire hyper - APP_START/4008@15, type = -999
07-26 17:23:48.658  2760  2760 I BaseActivity: removeActivityFlags, flags : 16
07-26 17:23:48.658  2760  2760 I BaseActivity: removeActivityFlags, flags : 6
07-26 17:23:48.658  2760  2760 I DragController: endDrag
07-26 17:23:48.658  2760  2760 W LauncherAppWidgetHost: setShouldListenFlag, mFlags:15 flag:resume on:false isFront:false
07-26 17:23:48.658   984  1110 I HYPER-HAL: [ResourceManager.cpp]updateResource(): [CPUMaxFreq] UpdateResource Request ID : 8090267    Value : 2208000
07-26 17:23:48.658  2760  2760 I SPayUpdater: updateSpayHandler launcher activity is paused false
07-26 17:23:48.658  2760  2760 I wm_on_paused_called: [22076000,com.sec.android.app.launcher.activities.LauncherActivity,performPause]
07-26 17:23:48.658   984  1110 I HYPER-HAL: [RequestManager.cpp]acquire(): Acquired ID : 846979  [1273 / 28]    HINT : AMS_APP_SWITCH    list : 
07-26 17:23:48.659   984  1110 I HYPER-HAL: [ResourceManager.cpp]updateResource(): [CPULittleMinFreq] UpdateResource Request ID : 846979    Value : 1804800
07-26 17:23:48.661  1273  9634 D MARsPolicyManager: onPackageResumedFG pkgName = com.android.server.telecom, userId = 0
07-26 17:23:48.662  1273  9634 W WindowManager: Prepare app transition: mNextAppTransitionRequests=[TRANSIT_OPEN, TRANSIT_OPEN], mNextAppTransitionFlags=, displayId: 0 Callers=com.android.server.wm.DisplayContent.prepareAppTransition:6376 com.android.server.wm.TaskFragment.resumeTopActivity:1528 com.android.server.wm.TaskFragment.resumeTopActivity:1285 com.android.server.wm.Task.resumeTopActivityInnerLocked:6312 com.android.server.wm.Task.resumeTopActivityUncheckedLocked:6221 
07-26 17:23:48.662   984  1110 I HYPER-HAL: [ResourceManager.cpp]updateResource(): [CPUMinFreq] UpdateResource Request ID : 846979    Value : 2208000
07-26 17:23:48.663   984  1110 I HYPER-HAL: [RequestManager.cpp]acquire(): Acquired ID : 8090267  [4008 / 14]    HINT : APP_START    list : [TIMEOUT / 1500] 
07-26 17:23:48.663   984  1110 I HYPER-HAL: [ResourceManager.cpp]updateResource(): [CPUMaxFreq] UpdateResource Request ID : 8090267    Value : 2208000
07-26 17:23:48.663   984  1110 I HYPER-HAL: [RequestManager.cpp]acquire(): Acquired ID : 830131  [1273 / 15]    HINT : AMS_APP_LAUNCH    list : 
07-26 17:23:48.663  1273  1694 I sysui_multi_action: [757,803,799,window_time_0,802,2]
07-26 17:23:48.663   984  1110 I HYPER-HAL: [ResourceManager.cpp]updateResource(): [CPULittleMinFreq] UpdateResource Request ID : 830131    Value : 1804800
07-26 17:23:48.665   984  1110 I HYPER-HAL: [ResourceManager.cpp]updateResource(): [CPUMinFreq] UpdateResource Request ID : 830131    Value : 2208000
07-26 17:23:48.665  2760  2760 I TopTaskTracker: onTaskMovedToFront : taskId = 10499
07-26 17:23:48.665   984  1110 I HYPER-HAL: [RequestManager.cpp]acquire(): Acquired ID : 8094291  [4008 / 15]    HINT : APP_START    list : 
07-26 17:23:48.667  1273  1698 I ActivityManager: com.android.server.telecom is exempt from freezer
07-26 17:23:48.667  1273  1698 D CompatibilityChangeReporter: Compat change id reported: 135634846; UID 1000; state: DISABLED
07-26 17:23:48.667  1273  1698 D CompatibilityChangeReporter: Compat change id reported: 177438394; UID 1000; state: DISABLED
07-26 17:23:48.667  1273  1698 D CompatibilityChangeReporter: Compat change id reported: 135772972; UID 1000; state: DISABLED
07-26 17:23:48.667  1273  1698 D CompatibilityChangeReporter: Compat change id reported: 135754954; UID 1000; state: ENABLED
07-26 17:23:48.668  1273  1698 D SGM:FgCheckThread: notePauseComponent(), received pkgName: com.sec.android.app.launcher, userId: 0
07-26 17:23:48.669   984  1110 I HYPER-HAL: [ResourceManager.cpp]updateResource(): [CPUMaxFreq] UpdateResource Request ID : 8094291    Value : 2208000
07-26 17:23:48.671  1273  1273 I CocktailBarManagerServiceContainer: handleMessage: entry what = 6
07-26 17:23:48.671  1273  1273 I CocktailBarManagerServiceImpl: notePauseComponent : no active host
07-26 17:23:48.674   869   869 D Zygote  : Forked child process 31687
07-26 17:23:48.674  1273  1731 I am_proc_start: [0,31687,1000,com.android.server.telecom:ui,next-top-activity,{com.android.server.telecom/com.android.server.telecom.components.UserCallActivity}]
07-26 17:23:48.674  1273  1731 I ActivityManager: Start proc 31687:com.android.server.telecom:ui/1000 for next-top-activity {com.android.server.telecom/com.android.server.telecom.components.UserCallActivity}
07-26 17:23:48.699 31687 31687 I rver.telecom:ui: Using CollectorTypeCC GC.
07-26 17:23:48.702 31687 31687 E rver.telecom:ui: Not starting debugger since process cannot load the jdwp agent.
07-26 17:23:48.706 31687 31687 D ActivityThread: setConscryptValidator
07-26 17:23:48.706 31687 31687 D ActivityThread: setConscryptValidator - put
07-26 17:23:48.709  1273  9634 I ActivityManager: DSS OFF for com.android.server.telecom
07-26 17:23:48.710  1273  9634 I am_proc_bound: [0,31687,com.android.server.telecom:ui]
07-26 17:23:48.712  1273  9634 V WindowManager: rotationForOrientation(orient=SCREEN_ORIENTATION_NOSENSOR (5), last=ROTATION_0 (0)); user=ROTATION_0 (0) USER_ROTATION_LOCKED
07-26 17:23:48.712  1273  9634 D WindowManager: rotationForOrientation, orientationSource=ActivityRecord{150da60 u0 com.sec.android.app.launcher/.activities.LauncherActivity} t25}
07-26 17:23:48.712  1273  9634 V WindowManager: Computed rotation=ROTATION_0 (0) for display id=0 based on lastOrientation=SCREEN_ORIENTATION_NOSENSOR (5) and oldRotation=ROTATION_0 (0), caller=com.android.server.wm.DisplayRotation.updateOrientation:414 com.android.server.wm.DisplayContent.updateOrientation:1971 com.android.server.wm.DisplayContent.updateOrientation:1872 com.android.server.wm.RootWindowContainer.ensureVisibilityAndConfig:2125 com.android.server.wm.ActivityTaskSupervisor.realStartActivityLocked:903 com.android.server.wm.RootWindowContainer$AttachApplicationHelper.test:4208 
07-26 17:23:48.716  1273  9634 D TspStateManager: updateCustomValue customSetting=
07-26 17:23:48.716  1273  9634 D TspStateManager: updateCustomValue customSetting=
07-26 17:23:48.716  1273  9634 I wm_restart_activity: [0,106193133,10499,com.android.server.telecom/.components.UserCallActivity]
07-26 17:23:48.716  1273  9634 D SGM:PkgDataHelper: notifyAppCreate(), pkgName: com.android.server.telecom, userId: 0, sendRet: true
07-26 17:23:48.716  1273  2088 D SGM:FgCheckThread: onLooperPrepared(), msg: MSG_APP_CREATE, pkgName: com.android.server.telecom, userId: 0
07-26 17:23:48.717  1273  9634 D InputDispatcher: Focused application(0): ActivityRecord{65460ed u0 com.android.server.telecom/.components.UserCallActivity} t10499}
07-26 17:23:48.718  1273  9634 V WindowManager: Changing focus from Window{c032e6c u0 com.sec.android.app.launcher/com.sec.android.app.launcher.activities.LauncherActivity} to null displayId=0 Callers=com.android.server.wm.RootWindowContainer.updateFocusedWindowLocked:585 com.android.server.wm.WindowManagerService.updateFocusedWindowLocked:6715 com.android.server.wm.ActivityTaskManagerService.setResumedActivityUncheckLocked:5708 com.android.server.wm.TaskFragment.onActivityStateChanged:800 
07-26 17:23:48.718  1273  9634 D StatusBarManagerService: notifyRequestedSystemKey recent=false home=false
