11-08 02:20:25.392  1279  3014 D AppOps  : noteOperation: reject #3 for code 105 (105) uid 10098 package com.samsung.android.messaging flags: s
11-08 02:20:25.392  1279  2434 D AppOps  : noteOperation: reject #3 for code 105 (105) uid 1000 package com.sec.imsservice flags: s
11-08 02:20:25.392  1279  2106 D AppOps  : noteOperation: reject #3 for code 105 (105) uid 1000 package com.sec.imsservice flags: s
11-08 02:20:25.394 32639 32674 I CS/RcsCapabilityManager<0>: getOrCreateConnectionListener
11-08 02:20:25.394 32639 32674 I CS/RcsCapabilityManager<0>: setupImsCapabilityManager, mImsCapabilityManager : com.samsung.android.messaging.seapiwrapper.options.c@d7681c5, mConnectionListener=com.samsung.android.messaging.common.capability.RcsCapabilityManager$1@a5d771a
11-08 02:20:25.395 32639 32674 I ORC/MultipleUserMode: [init] processUserId = 0
11-08 02:20:25.395  2745  6864 I ConfigProvider: queryStorage path content://com.samsung.rcs.autoconfigurationprovider/parameter/ftautaccept#simslot0
11-08 02:20:25.395  1279  2742 D AppOps  : noteOperation: reject #3 for code 105 (105) uid 1000 package com.sec.imsservice flags: s
11-08 02:20:25.395 32639 32674 I ORC/MaintenanceModeManager: getMaintenanceModeUserId : NOK, MAINTENANCE_MODE_USER_ID = -2, userId = -1
11-08 02:20:25.396  2745  6864 I RcsUtils: isDualRcsSettings: false
11-08 02:20:25.396  2745  6864 I RcsUtils: isDualRcsSettings: false
11-08 02:20:25.396 32639 32674 I ORC/RcsCommonUtil: getRcsUserSetting = 0, simSlot = 0
11-08 02:20:25.396 32639 32674 I ORC/RcsCommonUtil: isEnabledRcsUserSetting false : 0
11-08 02:20:25.397  2745  2803 I ConfigProvider: queryMultipleStorage path content://com.samsung.rcs.autoconfigurationprovider/*#simslot0 map {0=com.sec.internal.ims.config.adapters.StorageAdapter@635b86d}
11-08 02:20:25.397  2745  2803 I ConfigProvider: queryStorage path content://com.samsung.rcs.autoconfigurationprovider/*#simslot0
11-08 02:20:25.398  1279  2742 D AppOps  : noteOperation: reject #3 for code 105 (105) uid 1001 package com.android.phone flags: s
11-08 02:20:25.398 32639 32669 I ORC/ImsUtil: getFtAutoAccept() : 1, simSlot = 0
11-08 02:20:25.399  1279  2742 D AppOps  : noteOperation: reject #3 for code 105 (105) uid 10098 package com.samsung.android.messaging flags: s
11-08 02:20:25.399  2255  2384 D SubscriptionController: [getActiveSubscriptionInfoForSimSlotIndex]+ slotIndex=0 subId={id=1 iccId= simSlotIndex=0 carrierId=2528 displayName=DISH Wireless carrierName=DISH Wireless nameSource=4 iconTint=-16746133 number= dataRoaming=0 iconBitmap=null mcc=313 mnc=340 countryIso=us isEmbedded=false nativeAccessRules=null cardString= cardId=0 portIndex=0 isOpportunistic=false groupUUID=null isGroupDisabled=false profileClass=-1 ehplmns=null hplmns=null subscriptionType=0 groupOwner=null carrierConfigAccessRules=[cert: 70D0BFCD7AE6B6E831AE7D1C16A641CB3EB489129D3A5ED168A760C94D50A8B4 pkg: null access: 0] areUiccApplicationsEnabled=true usageSetting=0}
11-08 02:20:25.399  2745 32758 I CapabilityProvider<0>: queryOwnCaps
11-08 02:20:25.399  2745  6864 I ConfigProvider: query uri:xxxxx
11-08 02:20:25.399  2745 32758 I RcsUtils: isDualRcsReg: false
11-08 02:20:25.400  2745 32758 I CapabilityUpdate<0>: updateOwnCapabilities: isConfiguredOnCapability is true, features from all module is 1000018308c
11-08 02:20:25.400  2745 32758 I CapexInfo: getFeatureTag: features = 1099513213068 [8192, 128, 1099511627776, 4096, 4, 8, 524288, 1048576]
11-08 02:20:25.400  2745 32758 I CapabilityQuery<0>: getOwnCapabilities: feature=1000018308c, detail=+g.3gpp.icsi-ref=\"urn%3Aurn-7%3A3gpp-service.ims.icsi.mmtel\";video,+g.3gpp.iari-ref=\"urn%3Aurn-7%3A3gpp-application.ims.iari.rcs.fthttp\",+g.3gpp.iari-ref=\"urn%3Aurn-7%3A3gpp-application.ims.iari.rcs.chatbot\",+g.3gpp.icsi-ref=\"urn%3Aurn-7%3A3gpp-service.ims.icsi.mmtel\",+g.3gpp.iari-ref=\"urn%3Aurn-7%3A3gpp-application.ims.iari.rcse.im\",+g.3gpp.iari-ref=\"urn%3Aurn-7%3A3gpp-application.ims.iari.rcs.fullsfgroupchat\",+g.3gpp.iari-ref=\"urn%3Aurn-7%3A3gpp-application.ims.iari.rcs.geopush\",+g.3gpp.iari-ref=\"urn%3Aurn-7%3A3gpp-application.ims.iari.joyn.intmsg\",
11-08 02:20:25.400  2745 32758 I CapabilityProvider<0>: queryOwnCaps: RCS additionalInfo = local_offline;
11-08 02:20:25.400  2745 32758 I CapabilityProvider: has call composer feature: false
11-08 02:20:25.400  2745 32758 I CapabilityProvider: has shared map feature: false
11-08 02:20:25.400  1279  2106 D AppOps  : noteOperation: reject #3 for code 105 (105) uid 10098 package com.samsung.android.messaging flags: s
11-08 02:20:25.400  2745 32758 I CapabilityProvider: has shared sketch feature: false
11-08 02:20:25.400  2745 32758 I CapabilityProvider: has post call feature: false
11-08 02:20:25.401  1279  2434 D AppOps  : noteOperation: reject #3 for code 105 (105) uid 10098 package com.samsung.android.messaging flags: s
11-08 02:20:25.401 32639 32653 I ORC/CustomerNetworkFeatureLoader: SimMobility is false, Update features from CustomerFeature, simSlot = 0
11-08 02:20:25.402 32639 32653 E ORC/CustomerFeatureCommon: initDocument
11-08 02:20:25.402 32639 32653 I ORC/CustomerFeatureCommon: getOmcCustomerPath : got omc  path : /optics/configs/carriers/DSG/conf
11-08 02:20:25.403  1279  2106 D AppOps  : noteOperation: reject #3 for code 105 (105) uid 1000 package com.sec.imsservice flags: s
11-08 02:20:25.404 32639 32653 I ORC/CustomerFeatureCommon: getOmcCustomerNwPath : got omc  path : /optics/configs/carriers/DSG/conf
11-08 02:20:25.405 32639 32674 I ORC/RcsCommonUtil: getRcsUserSetting = 0, simSlot = 0
11-08 02:20:25.405 32639 32674 I ORC/RcsCommonUtil: isEnabledRcsUserSetting false : 0
11-08 02:20:25.405 32639 32674 I CS/OwnCapabilityManager<0>: updateOwnCapability rcsEnableStatus = false, isLocalOffline = true, isAirplaneMode = false
11-08 02:20:25.406  1279  2742 D AppOps  : noteOperation: reject #3 for code 105 (105) uid 1001 package com.android.phone flags: s
11-08 02:20:25.406  1279  2434 D AppOps  : noteOperation: reject #3 for code 105 (105) uid 1000 package com.sec.imsservice flags: s
11-08 02:20:25.406 32639 32674 I ORC/PackageInfo: updateRcsComponent(), isRcsCapable = false, isRcsTmoUI = false, isMmsEnabled = true, isFromOwnCapa = true
11-08 02:20:25.407  2255  2384 D SubscriptionController: [getActiveSubscriptionInfoForSimSlotIndex]+ slotIndex=0 subId={id=1 iccId= simSlotIndex=0 carrierId=2528 displayName=DISH Wireless carrierName=DISH Wireless nameSource=4 iconTint=-16746133 number= dataRoaming=0 iconBitmap=null mcc=313 mnc=340 countryIso=us isEmbedded=false nativeAccessRules=null cardString= cardId=0 portIndex=0 isOpportunistic=false groupUUID=null isGroupDisabled=false profileClass=-1 ehplmns=null hplmns=null subscriptionType=0 groupOwner=null carrierConfigAccessRules=[cert: 70D0BFCD7AE6B6E831AE7D1C16A641CB3EB489129D3A5ED168A760C94D50A8B4 pkg: null access: 0] areUiccApplicationsEnabled=true usageSetting=0}
11-08 02:20:25.408  1279  3014 D AppOps  : noteOperation: reject #3 for code 105 (105) uid 10098 package com.samsung.android.messaging flags: s
11-08 02:20:25.408  2745  6864 I ConfigProvider: queryStorage path content://com.samsung.rcs.autoconfigurationprovider/parameter/ftautaccept#simslot0
11-08 02:20:25.409  2745  6864 I RcsUtils: isDualRcsSettings: false
11-08 02:20:25.409  2745  6864 I RcsUtils: isDualRcsSettings: false
11-08 02:20:25.411  1279  4334 D AppOps  : noteOperation: reject #3 for code 105 (105) uid 10098 package com.samsung.android.messaging flags: s
11-08 02:20:25.412 32639 32639 I ORC/ImsUtil: getFtAutoAccept() : 1, simSlot = 0
11-08 02:20:25.412 32639 32639 I CS/IntentRcsCommandImpl: isAutoAccepttrueisAutoAcceptInRoaming = false, simSlot = 0
11-08 02:20:25.413 32639 32639 I ORC/BixbyLib2: BixbyLib2 created
11-08 02:20:25.413 32639 32639 I ORC/WithApp: onCreate() getEnableDiagnoseDbFault is false
11-08 02:20:25.413 32639 32639 I ORC/WithApp: WithApp create done version:14.2.00.4 type:user
11-08 02:20:25.413  2745  6864 I ConfigProvider: query uri:xxxxx
11-08 02:20:25.413  1279  2106 D CompatibilityChangeReporter: Compat change id reported: 157233955; UID 10098; state: ENABLED
11-08 02:20:25.414 32639 32662 I ORC/PermissionUtil: hasRequiredLegacyMsgPermissions done, Elapsed time : 0.027084 ms
11-08 02:20:25.415  1279  2106 D AppOps  : noteOperation: reject #3 for code 105 (105) uid 1001 package com.android.phone flags: s
11-08 02:20:25.415 32639 32653 I ORC/CustomerNetworkFeatureLoader: update network dependent features, simSlot = 0, smsPageCount = 5, smsRecipient = 20, mmsRecipient = 20, mmsSize = 1024000, emailGateWay = null, fromFieldMDN = null
11-08 02:20:25.415 32639 32661 I CS/CmcOpenWrapper: registerCmcSettingListener()
11-08 02:20:25.415 32639 32661 I ORC/CmcFeature: setCmcActivationInfoChangedListener ic.l@680247d isSet=true
11-08 02:20:25.415 32639 32661 I ORC/CmcFeature: setCmcMessageActivationInfoChangedListener ic.o@55bcf72 isSet=true
11-08 02:20:25.415 32639 32661 I ORC/CmcFeature: setCmcWatchActivationInfoChangedListener ic.p@5783fc3 isSet=true
11-08 02:20:25.415 32639 32661 I ORC/CmcFeature: setCmcDeviceInfoChangedListener ic.m@b72c040 isSet=true
11-08 02:20:25.415 32639 32661 I ORC/CmcFeature: setCmcLineInfoChangedListener ic.n@7ef8b79 isSet=true
11-08 02:20:25.416  1279  2742 D AppOps  : noteOperation: reject #3 for code 105 (105) uid 1000 package com.sec.imsservice flags: s
11-08 02:20:25.416 32639 32653 I ORC/ProvisionUtil: loadUserAgentFromCSC(from CscFeature, 0) : cscUa = 
11-08 02:20:25.416 32639 32661 I ORC/Logger:  SDK/MCS(32639): cmcEnable = true
11-08 02:20:25.416  1279  2106 D AppOps  : noteOperation: reject #3 for code 105 (105) uid 1000 package android flags: s
11-08 02:20:25.416  1279  4334 D AppOps  : noteOperation: reject #3 for code 105 (105) uid 1001 package com.android.phone flags: s
11-08 02:20:25.417  1279  2516 D MdnieScenarioControlService:  packageName : com.samsung.android.messaging    className : com.samsung.android.messaging.ui.view.main.WithActivity
11-08 02:20:25.417  1279  4334 D AppOps  : noteOperation: reject #3 for code 105 (105) uid 1001 package com.android.phone flags: s
11-08 02:20:25.417  1279  2106 D AppOps  : noteOperation: allowing code 6 uid 10098 package com.samsung.android.messaging flags: s
11-08 02:20:25.418  1279  2516 V MdnieScenarioControlService: setUIMode from UI function(3)
11-08 02:20:25.418  2255  7915 D SubscriptionController: [getActiveSubscriptionInfoForSimSlotIndex]+ slotIndex=0 subId={id=1 iccId= simSlotIndex=0 carrierId=2528 displayName=DISH Wireless carrierName=DISH Wireless nameSource=4 iconTint=-16746133 number= dataRoaming=0 iconBitmap=null mcc=313 mnc=340 countryIso=us isEmbedded=false nativeAccessRules=null cardString= cardId=0 portIndex=0 isOpportunistic=false groupUUID=null isGroupDisabled=false profileClass=-1 ehplmns=null hplmns=null subscriptionType=0 groupOwner=null carrierConfigAccessRules=[cert: 70D0BFCD7AE6B6E831AE7D1C16A641CB3EB489129D3A5ED168A760C94D50A8B4 pkg: null access: 0] areUiccApplicationsEnabled=true usageSetting=0}
11-08 02:20:25.419  1279  2106 D AppOps  : noteOperation: reject #3 for code 105 (105) uid 10098 package com.samsung.android.messaging flags: s
11-08 02:20:25.419  1279  4334 D AppOps  : noteOperation: reject #3 for code 105 (105) uid 1000 package com.sec.imsservice flags: s
11-08 02:20:25.419  1279  2742 D AppOps  : noteOperation: reject #3 for code 105 (105) uid 10098 package com.samsung.android.messaging flags: s
11-08 02:20:25.420  2745  6864 I ConfigProvider: queryStorage path content://com.samsung.rcs.autoconfigurationprovider/parameter/ftautaccept#simslot0
11-08 02:20:25.420  1279  2742 D AppOps  : noteOperation: reject #3 for code 105 (105) uid 1001 package com.android.phone flags: s
11-08 02:20:25.421  1279  2742 D AppOps  : noteOperation: reject #3 for code 105 (105) uid 10098 package com.samsung.android.messaging flags: s
11-08 02:20:25.421  2745  6864 I RcsUtils: isDualRcsSettings: false
11-08 02:20:25.421  2745  6864 I RcsUtils: isDualRcsSettings: false
11-08 02:20:25.422 32639 32666 I PROV/MsgContentProviderQuery: query, uriMatch : 1101, Elapsed time : 1.306719 ms
11-08 02:20:25.423 32639 32666 I SDK/MessageCommService: No RcsChatUnProcessedMsg
11-08 02:20:25.423 32639 32662 I PROV/MsgContentProviderQuery: query, uriMatch : 1101, Elapsed time : 2.495781 ms
11-08 02:20:25.423 32639 32652 I ORC/ImsUtil: getFtAutoAccept() : 1, simSlot = 0
11-08 02:20:25.424 32639 32665 I ORC/ImsUtil: getFtAutoAccept() : 1, simSlot = 0
11-08 02:20:25.424 32639 32665 I CS/Configuration: isFtAutoAccept = true, simSlot = 0
11-08 02:20:25.424 32639 32665 I ORC/ImsUtil: getFtAutoAccept() : 1, simSlot = 0
11-08 02:20:25.424 32639 32665 I CS/Configuration: isFtAutoAcceptInRoaming = 1, simSlot = 0
11-08 02:20:25.424 32639 32665 E ORC/StringUtil: Error while parsing integer in getIntValue() - NumberFormatException
11-08 02:20:25.424 32639 32665 I CS/Configuration: freeExpireTime : default
11-08 02:20:25.424 32639 32665 I ORC/MultipleUserMode: [init] support MUM = 0
11-08 02:20:25.424 32639 32665 I ORC/Setting: setRcsMax1To1 = 8192
11-08 02:20:25.424 32639 32665 I ORC/Setting: setRcsMax1ToM = 8192
11-08 02:20:25.425 32639 32665 I ORC/Setting: setRcsFtWarnSize = 104857600
11-08 02:20:25.425 32639 32665 I ORC/Setting: setRcsFtMaxSize = 104857600
11-08 02:20:25.425 32639 32665 I ORC/Setting: setRcsFtMaxSizeLong = 104857600
11-08 02:20:25.425 32639 32665 I ORC/Setting: setRcsMaxAdhocGroupSize, value=99
11-08 02:20:25.425 32639 32665 I ORC/Setting: setRcsMax1ToManyRecipients = 100
11-08 02:20:25.425 32639 32665 I ORC/Setting: setRcsThrottlePublish, sourceThrottlePublish=30
11-08 02:20:25.425 32639 32653 I ORC/TelephonyUtils: getSimOperatorForSlot(0) : 313340
11-08 02:20:25.425 32639 32665 I ORC/Setting: isStandaloneMsgAuth = 0
11-08 02:20:25.425 32639 32665 I ORC/Setting: isChatAuth = 1
11-08 02:20:25.425 32639 32665 I ORC/Setting: ChatbotDirectory = 
11-08 02:20:25.425 32639 32665 I ORC/Setting: ChatbotDirectorySite = 
11-08 02:20:25.425 32639 32665 I ORC/Setting: BotInfoFQDNRoot = 
11-08 02:20:25.425 32639 32665 I ORC/Setting: EnrichedSearch = 0
11-08 02:20:25.426 32639 32653 I ORC/CustomerFeature: getUaUap : type = MessageUserAgent
11-08 02:20:25.426 32639 32653 I ORC/CustomerFeature: getNbMMSView : Nb = 1
11-08 02:20:25.426 32639 32665 I ORC/Setting: setRcsUserAliasAuth : 0
11-08 02:20:25.426 32639 32665 I ORC/Setting: setRcsDefaultFallback = null
11-08 02:20:25.426 32639 32653 I ORC/CustomerFeature: getUaUap: MessageUserAgent = SAMSUNG-ANDROID-MMS/uaprof
11-08 02:20:25.426 32639 32653 I ORC/ProvisionUtil: loadUserAgentFromCSC(from Customer, 0) : cscUa = SAMSUNG-ANDROID-MMS/uaprof
11-08 02:20:25.426 32639 32653 I ORC/ProvisionUtil: loadUaProfUrlFromCSC(from CscFeature, 0) : cscUapUrl = 
11-08 02:20:25.426 32639 32652 I CS/IntentRcsCommandImpl: isAutoAccepttrueisAutoAcceptInRoaming = false, simSlot = 0
11-08 02:20:25.427  1279  4334 D AppOps  : noteOperation: reject #3 for code 105 (105) uid 1001 package com.android.phone flags: s
11-08 02:20:25.427 32639 32652 I ORC/RcsCommonUtil: checkAutoAccept isRoaming = false
11-08 02:20:25.427 32639 32652 I ORC/Setting: getAutoAcceptInRoaming = false
11-08 02:20:25.427 32639 32671 I PROV/MsgContentProviderQuery: query, uriMatch : 3101, Elapsed time : 4.14125 ms
11-08 02:20:25.427 32639 32652 I ORC/Setting: getAutoAccept = true
11-08 02:20:25.427 32639 32652 I ORC/RcsCommonUtil: checkAutoAccept result = true
11-08 02:20:25.428 32639 32663 I ORC/GlobalSettingUtil: globalSettings = {bot_rcc07_version=8.0, rcs_otp_sms_port=0, rcs_application_server=jibe, support_realtime_user_alias=0, rcs_pre_consent=1, rcs_otp_sms_type=text, support_cancel_message=0, rcs_default_enabled=-1, rcs_client_version=7.0, mnoname=TMobile_US, rcs_botplatform_server=jibe, rcs_regex_to_hide=Google is verifying your number for Chat features [0-9]+, rcs_otp_sms_regex=Your\\sMessenger\\sverification\\scode\\sis\\sG-(\\d{6}), rcs_min_gms_core_version=27}
11-08 02:20:25.428 32639 32665 I CS/AutoConfig: init, result=true, Elapsed time : 43.52109 ms
11-08 02:20:25.428 32639 32662 E CS/CommonDbUtils: transactionMakeFail : Not exist transaction msg
11-08 02:20:25.429 32639 32671 I Common/SimImsiManager: initSimImsiValueIds() sSimImsiValueIds size = 1
11-08 02:20:25.429  2255  7915 D SubscriptionController: [getActiveSubscriptionInfoForSimSlotIndex]+ slotIndex=0 subId={id=1 iccId= simSlotIndex=0 carrierId=2528 displayName=DISH Wireless carrierName=DISH Wireless nameSource=4 iconTint=-16746133 number= dataRoaming=0 iconBitmap=null mcc=313 mnc=340 countryIso=us isEmbedded=false nativeAccessRules=null cardString= cardId=0 portIndex=0 isOpportunistic=false groupUUID=null isGroupDisabled=false profileClass=-1 ehplmns=null hplmns=null subscriptionType=0 groupOwner=null carrierConfigAccessRules=[cert: 70D0BFCD7AE6B6E831AE7D1C16A641CB3EB489129D3A5ED168A760C94D50A8B4 pkg: null access: 0] areUiccApplicationsEnabled=true usageSetting=0}
11-08 02:20:25.429 32639 32671 I Common/SimImsiManager: getSimImsiId() simImsiId = 1
11-08 02:20:25.429 32639 32671 I Common/SimImsiManager: getOrCreateSimImsiId() simImsiId = 1
11-08 02:20:25.429 32639 32652 I PROV/MsgContentProviderQuery: query, uriMatch : 1101, Elapsed time : 0.132396 ms
11-08 02:20:25.431  1279  3014 D AppOps  : noteOperation: reject #3 for code 105 (105) uid 10098 package com.samsung.android.messaging flags: s
11-08 02:20:25.432 32639 32663 I PROV/MsgContentProviderQuery: query, uriMatch : 2012, Elapsed time : 1.080833 ms
11-08 02:20:25.432 32639 32653 I ORC/TelephonyUtils: getSimOperatorForSlot(0) : 313340
11-08 02:20:25.433 32639 32653 I ORC/CustomerFeature: getUaUap : type = MessageUaProfUrl
11-08 02:20:25.433 32639 32653 I ORC/CustomerFeature: getNbMMSView : Nb = 1
11-08 02:20:25.433 32639 32653 I ORC/CustomerFeature: getUaUap: MessageUaProfUrl = http://wap.samsungmobile.com/uaprof/uaprof.rdf
11-08 02:20:25.433 32639 32653 I ORC/ProvisionUtil: loadUaProfUrlFromCSC(from Customer, 0) : cscUapUrl = http://wap.samsungmobile.com/uaprof/uaprof.rdf
11-08 02:20:25.434 32639 32662 I PROV/MsgContentProviderQuery: query, uriMatch : 1101, Elapsed time : 0.138281 ms
11-08 02:20:25.435  1279  2845 D AppOps  : noteOperation: reject #3 for code 105 (105) uid 10098 package com.samsung.android.messaging flags: s
11-08 02:20:25.437 32639 32653 I ORC/SmsSettingUtil: smsSettings  = {sms_global_mode_sms_address_rule=false, sms_mms_uap_build_id=false}
11-08 02:20:25.437 32639 32653 I ORC/ProvisionUtil:  sUserAgent(0) is SAMSUNG-ANDROID-MMS/uaprof
11-08 02:20:25.437 32639 32653 I ORC/ProvisionUtil:  sUaProfUrl(0) is http://wap.samsungmobile.com/uaprof/uaprof.rdf
11-08 02:20:25.440 32639 32639 I VerificationLog: OnCreate
11-08 02:20:25.440 32639 32639 I ORC/WithActivity: WithActivity onCreate
11-08 02:20:25.440 32639 32639 I ORC/Setting: getEnableSupportSplitMode() smallest screen width : 384
11-08 02:20:25.443 32639 32639 I ORC/FlashCache: return cached data hasRequiredPermissions
11-08 02:20:25.443 32639 32639 I ORC/PermissionUtil: hasRequiredPermissions() return cached : true
11-08 02:20:25.443 32639 32682 I AdrenoGLES-0: QUALCOMM build                   : 8699000cd8, I1027f1d7d9
11-08 02:20:25.443 32639 32682 I AdrenoGLES-0: Build Date                       : 04/08/22
11-08 02:20:25.443 32639 32682 I AdrenoGLES-0: OpenGL ES Shader Compiler Version: EV031.35.01.12
11-08 02:20:25.443 32639 32682 I AdrenoGLES-0: Local Branch                     : 
11-08 02:20:25.443 32639 32682 I AdrenoGLES-0: Remote Branch                    : 
11-08 02:20:25.443 32639 32682 I AdrenoGLES-0: Remote Branch                    : 
11-08 02:20:25.443 32639 32682 I AdrenoGLES-0: Reconstruct Branch               : 
11-08 02:20:25.443 32639 32682 I AdrenoGLES-0: Build Config                     : S P 10.0.7 AArch64
11-08 02:20:25.443 32639 32682 I AdrenoGLES-0: Driver Path                      : /vendor/lib64/egl/libGLESv2_adreno.so
11-08 02:20:25.444 32639 32639 I ORC/WithActivity: onCreateInternal
11-08 02:20:25.445  1279  2434 D AppOps  : noteOperation: reject #3 for code 105 (105) uid 1001 package com.android.phone flags: s
11-08 02:20:25.447  1279  2845 D AppOps  : noteOperation: reject #3 for code 105 (105) uid 10098 package com.samsung.android.messaging flags: s
11-08 02:20:25.448 32639 32682 I AdrenoGLES-0: PFP: 0x016ee201, ME: 0x00000000
11-08 02:20:25.450 32639 32639 I DecorView: [INFO] isPopOver=false config=true
11-08 02:20:25.450 32639 32639 I DecorView: updateCaptionType: isFloating=false isApplication=true hasWindowDecorCaption=false this=DecorView@b8e862a[]
11-08 02:20:25.452 32639 32639 I DecorView: getCurrentDensityDpi: from real metrics. densityDpi=450 msg=resources_loaded
11-08 02:20:25.452 32639 32639 I DecorView: setWindowBackground: isPopOver=false color=fffcfcfc d=android.graphics.drawable.GradientDrawable@89a61b8
11-08 02:20:25.452   602   602 I hwservicemanager: getTransport: Cannot find entry vendor.qti.qspmhal@1.0::IQspmhal/default in either framework or device VINTF manifest.
11-08 02:20:25.452 32639 32682 W Adreno-AppProfiles: Could not find QSPM HAL service. Skipping adreno profile processing.
11-08 02:20:25.453 32639 32671 I Common/SimImsiManager: getOrCreateSimImsiId() simImsiValue is empty
11-08 02:20:25.453  1279  3014 D AppOps  : noteOperation: reject #3 for code 105 (105) uid 1001 package com.android.phone flags: s
11-08 02:20:25.454  1279  2845 D AppOps  : noteOperation: reject #3 for code 105 (105) uid 10098 package com.samsung.android.messaging flags: s
11-08 02:20:25.455  1279  2845 D AppOps  : noteOperation: reject #3 for code 105 (105) uid 10098 package com.samsung.android.messaging flags: s
11-08 02:20:25.456 32639 32671 I ORC/MultiSimManager: updateSimCount() = 1
11-08 02:20:25.456 32639 32671 I ORC/MultiSimManager: updateMultiSimState() Before : sIsSim1Active = false, sIsSim2Active = false
11-08 02:20:25.458  1279  2845 D AppOps  : noteOperation: reject #3 for code 105 (105) uid 1001 package com.android.phone flags: s
11-08 02:20:25.461 32639 32663 I ORC/PackageInfo: updateRcsComponent() is returned because already set
11-08 02:20:25.462  2255  3350 D SubscriptionController: [getActiveSubscriptionInfoForSimSlotIndex]+ slotIndex=0 subId={id=1 iccId= simSlotIndex=0 carrierId=2528 displayName=DISH Wireless carrierName=DISH Wireless nameSource=4 iconTint=-16746133 number= dataRoaming=0 iconBitmap=null mcc=313 mnc=340 countryIso=us isEmbedded=false nativeAccessRules=null cardString= cardId=0 portIndex=0 isOpportunistic=false groupUUID=null isGroupDisabled=false profileClass=-1 ehplmns=null hplmns=null subscriptionType=0 groupOwner=null carrierConfigAccessRules=[cert: 70D0BFCD7AE6B6E831AE7D1C16A641CB3EB489129D3A5ED168A760C94D50A8B4 pkg: null access: 0] areUiccApplicationsEnabled=true usageSetting=0}
11-08 02:20:25.463  1279  2845 D AppOps  : noteOperation: reject #3 for code 105 (105) uid 10098 package com.samsung.android.messaging flags: s
11-08 02:20:25.464 32639 32639 I ORC/Setting: getEnableSupportSplitMode() smallest screen width : 384
11-08 02:20:25.464 32639 32639 I ORC/SplitManager: SplitManager() - resetPane = true
11-08 02:20:25.464 32639 32639 I ORC/SplitManager: initView, resetPane: true, rightPaneMode: NONE
11-08 02:20:25.464 32639 32639 I ORC/Setting: getEnableSupportSplitMode() smallest screen width : 384
11-08 02:20:25.464 32639 32639 I ORC/Setting: getEnableSupportSplitMode() smallest screen width : 384
11-08 02:20:25.465 32639 32671 I ORC/MultiSimManager: isSimActive() : simSlot = 0, simActive = true
11-08 02:20:25.465 32639 32671 I ORC/MultiSimManager: updateMultiSimState() sIsSim1ActiveWhenNotCalling = true, sIsSim2ActiveWhenNotCalling = false
11-08 02:20:25.465 32639 32671 I ORC/MultiSimManager: updateMultiSimState() not in call sIsSim1Active and sIsSim2Active set TRUE
11-08 02:20:25.465 32639 32671 I ORC/MultiSimManager: updateMultiSimState() After : sIsSim1Active = true, sIsSim2Active = false
11-08 02:20:25.465 32639 32671 I ORC/MultiSimManager: updateSimState() : sSimSlotCount = 1
11-08 02:20:25.467 32639 32639 I Sesl_CTL: updateTitleLayout : context : com.samsung.android.messaging.ui.view.main.WithActivity@9044688, textSize : 34.0, fontScale : 1.0, mSubTitleEnabled : true
11-08 02:20:25.467 32639 32639 I Sesl_CTL: updateTitleLayout : context : com.samsung.android.messaging.ui.view.main.WithActivity@9044688, textSize : 34.0, fontScale : 1.0, mSubTitleEnabled : true
11-08 02:20:25.468 32639 32639 I ORC/ChatPlusCollapsingToolbarLayout: setTitle() : Messages
11-08 02:20:25.468 32639 32639 I Sesl_CTL: updateTitleLayout : context : com.samsung.android.messaging.ui.view.main.WithActivity@9044688, textSize : 34.0, fontScale : 1.0, mSubTitleEnabled : true
11-08 02:20:25.470 32639 32639 I ORC/WithActivityViewManager: initActivityToolBar
11-08 02:20:25.470 32639 32639 I ORC/Setting: getEnableSupportSplitMode() smallest screen width : 384
11-08 02:20:25.475 32639 32639 I ORC/ChatPlusCollapsingToolbarLayout: getTextSize() textSize : 34.0
11-08 02:20:25.475 32639 32639 I ORC/ChatPlusCollapsingToolbarLayout: getTextSize() textSize : 34.0
11-08 02:20:25.475 32639 32639 I ORC/RcsUIHelper: rcsSupportedSimSlot = 0
11-08 02:20:25.475 32639 32639 I ORC/RcsUIHelper: prev rcs status : simSlot(0) = false
11-08 02:20:25.475 32639 32639 I ORC/ChatPlusCollapsingToolbarLayout: setChatPlusLogoEnabled() : false
11-08 02:20:25.475 32639 32639 I ORC/ChatPlusCollapsingToolbarLayout: getTextSize() textSize : 34.0
11-08 02:20:25.476 32639 32639 I ORC/ChatPlusCollapsingToolbarLayout: getTextSize() textSize : 34.0
11-08 02:20:25.476 32639 32639 I ORC/Setting: get CategoryEnable value by PreferenceProxy
11-08 02:20:25.477  2843  2856 I id.app.launcher: NativeAlloc concurrent copying GC freed 132918(6011KB) AllocSpace objects, 20(2160KB) LOS objects, 49% free, 8659KB/16MB, paused 145us,77us total 113.763ms
11-08 02:20:25.477 32639 32671 I ORC/AsyncLayoutInflateManager: onInflateFinished, conversation_list_tab_fragment
11-08 02:20:25.480 32639 32639 I ORC/ThemeUtils: isCustomThemeInternal, false
11-08 02:20:25.482 32639 32671 I ORC/AsyncLayoutInflateManager: onInflateFinished, conversation_list_fragment
11-08 02:20:25.484 32639 32639 I ORC/ListPageIndicatorManager: addTabView : position = 0
11-08 02:20:25.485 32639 32639 I ORC/ListMarginManager: setListMargin displayWidth : 0 -> 1080, displayHeight : 0 -> 2208, splitStatus : false -> false, needReducedMargin : false -> false, needExtraMargin : false -> false
11-08 02:20:25.485 32639 32639 I ORC/Setting: getEnableSupportSplitMode() smallest screen width : 384
11-08 02:20:25.485 32639 32639 I ORC/WithActivityViewManager: updateListMargin forceUpdate : false
11-08 02:20:25.485 32639 32639 I ORC/WithActivityViewManager: updateListMargin isSplitStatus : false needReducedMargin : false
11-08 02:20:25.485 32639 32639 I ORC/ListMarginManager: updateListMargin
11-08 02:20:25.485 32639 32639 I ORC/ListMarginManager: setListMargin displayWidth : 1080 -> 1080, displayHeight : 2208 -> 2208, splitStatus : false -> false, needReducedMargin : false -> false, needExtraMargin : false -> false
11-08 02:20:25.485 32639 32685 W TabLayout: MODE_SCROLLABLE + GRAVITY_FILL is not supported, GRAVITY_START will be used instead
11-08 02:20:25.486 32639 32671 I ORC/AsyncLayoutInflateManager: onInflateFinished, conversation_list_sub_tab
11-08 02:20:25.486 32639 32639 I ORC/ConversationListTabFragment: onSelectTab : 0
11-08 02:20:25.486 32639 32639 I ORC/WithActivity: isComposerSingleMode = false (composerBoxMode from intent = 100, exitOnBack = false, isRightPaneSingleMode = false)
11-08 02:20:25.486 32639 32639 I ORC/SplitManager: setRightPaneSingleMode, isComposerSingleMode: false, splitMode: 0x00
11-08 02:20:25.486 32639 32639 I ORC/ComposerParameter: create fromIntent
11-08 02:20:25.486 32639 32639 I ORC/ComposerParameter: [COMPOSER]getRecipientList(sms):501
11-08 02:20:25.488 32639 32671 I ORC/AsyncLayoutInflateManager: onInflateFinished, fab_layout
11-08 02:20:25.491 32639 32639 I ORC/ComposerParameter: [BOT]getDeepLinkServiceId:null
11-08 02:20:25.491 32639 32639 I ORC/ComposerParameter: [COMPOSER]isComposerParameterValid, has recipient list
11-08 02:20:25.491 32639 32639 I ORC/BaseWithActivity: getComposerFragment : null
11-08 02:20:25.491 32639 32639 I ORC/BaseWithActivityInterfaceImpl: addFragmentOnRightPane, mode=COMPOSER
11-08 02:20:25.493 32639 32639 I ORC/ComposerPreload: preload
11-08 02:20:25.495 32639 32639 I ORC/ComposerFragment: [main] ComposerFragment, 0 <- wp.d.c(4) <- wp.h.b(2) <- com.samsung.android.messaging.ui.view.main.g.E3(2) <- com.samsung.android.messaging.ui.view.main.g.D3(2) <- com.samsung.android.messaging.ui.view.main.WithActivity.U4(22) <- com.samsung.android.messaging.ui.view.main.WithActivity.T4(46) <- com.samsung.android.messaging.ui.view.main.WithActivity.onCreate(16) <- android.app.Activity.performCreate(8591) <- android.app.Activity.performCreate(8570)
11-08 02:20:25.495 32639 32639 I ORC/Setting: getEnableSupportSplitMode() smallest screen width : 384
11-08 02:20:25.495 32639 32639 I ORC/SplitManager: setFragmentOnRightPane, rightPaneId : 2131362878, rightPaneMode : COMPOSER
11-08 02:20:25.495 32639 32639 I ORC/SplitManager: setFragmentOnRightPane - fragment : null
11-08 02:20:25.496 32639 32639 I ORC/SplitManager: showOnlyRightPane, splitMode: 0x00
11-08 02:20:25.496  1279  2845 D AppOps  : noteOperation: reject #3 for code 105 (105) uid 1001 package com.android.phone flags: s
11-08 02:20:25.496 32639 32639 I ORC/Setting: getEnableSupportSplitMode() smallest screen width : 384
11-08 02:20:25.496 32639 32639 W Settings: Setting remove_animations has moved from android.provider.Settings.System to android.provider.Settings.Global, returning read-only value.
11-08 02:20:25.496 32639 32639 I ORC/Setting: getEnableSupportSplitMode() smallest screen width : 384
11-08 02:20:25.496  2843  2858 W System  : A resource failed to call release. 
11-08 02:20:25.496 32639 32639 I ORC/SplitLayout: isSplitModeChanged, 0x00 -> 0x20
11-08 02:20:25.496  2843  2858 W System  : A resource failed to call release. 
11-08 02:20:25.496 32639 32639 I ORC/BaseWithActivity: getComposerFragment : null
11-08 02:20:25.496  1148  1796 I SurfaceFlinger: id=541950 Removed Surface(name=Task=1)/@0xebba7d1 - animation-leash of app_transition#541950 (140)
11-08 02:20:25.496 32639 32639 E ORC/BaseWithActivity: composerFragment is null
11-08 02:20:25.497  2843  2858 W System  : A resource failed to call release. 
11-08 02:20:25.497 32639 32639 I ORC/Setting: getEnableSupportSplitMode() smallest screen width : 384
11-08 02:20:25.497  1148  3161 I SurfaceFlinger: id=541949 Removed Surface(name=Task=30127)/@0xc67b3fa - animation-leash of app_transition#541949 (140)
11-08 02:20:25.497  1148  3161 I SurfaceFlinger: id=541951 Removed Surface(name=WallpaperWindowToken{4776414 token=android.os.Binder@2e47e67})/@0x862251 - animation-leash of window_animation#541951 (140)
11-08 02:20:25.497  1279  6863 D AppOps  : noteOperation: reject #3 for code 105 (105) uid 10098 package com.samsung.android.messaging flags: s
11-08 02:20:25.499 32639 32686 I ORC/UserSettingBySimUtil: load user setting by sim, simSlot: 0, imsi: 313#nn#703
11-08 02:20:25.500 32639 32686 I ORC/WithAppProvider: delete, uriMatch:1005
11-08 02:20:25.500 32639 32639 I ORC/BaseWithActivityInterfaceImpl: [COMPOSER]add composer fragment done
11-08 02:20:25.500 32639 32661 E AccessibilityManager: semUpdateAssitantMenu invoking from manager:
11-08 02:20:25.501 32639 32661 E AccessibilityManager: semUpdateAssitantMenu invoking from manager:
11-08 02:20:25.501 32639 32661 E AccessibilityManager: semUpdateAssitantMenu invoking from manager:
11-08 02:20:25.501 32639 32639 I ORC/DualRcsUtil: registerDualRcsValueChanged
11-08 02:20:25.502 32639 32661 E AccessibilityManager: semUpdateAssitantMenu invoking from manager:
11-08 02:20:25.502 32639 32661 I ORC/BaseWithActivity: mIsResumed = false, isLeftPaneVisible = false, isRightPaneVisible = true, changedPane = 2
11-08 02:20:25.504 32639 32639 I ORC/ContactCacheEngine: setLastUpdatedTime:0-->1699435225504
11-08 02:20:25.504 32639 32663 I ORC/PermissionUtil: hasContactPermission : state = 0
11-08 02:20:25.504 32639 32639 I ORC/AppWindowManager: getInstance instance = null
11-08 02:20:25.504 32639 32666 I ORC/ContactCacheEngine: workingAfterDisplayed : start
11-08 02:20:25.504 32639 32639 I ORC/WithActivity: WithActivity onCreate done
11-08 02:20:25.504 32639 32639 I wm_on_create_called: [113357578,com.samsung.android.messaging.ui.view.main.WithActivity,performCreate]
11-08 02:20:25.504 32639 32662 I ORC/PermissionUtil: hasContactPermission : state = 0
11-08 02:20:25.505 32639 32639 I ORC/WithActivity: WithActivity onStart
11-08 02:20:25.505 32639 32639 I ORC/BaseWithActivityInterfaceImpl: getPreInflatedView : 2131558691
11-08 02:20:25.506 32639 32639 I ORC/AsyncLayoutInflateManager: popView:conversation_list_tab_fragment, return view
11-08 02:20:25.506 32639 32639 I ORC/AsyncLayoutInflateManager: total size = 4 view list size = 0
11-08 02:20:25.506 32639 32639 I ORC/Setting: getEnableSupportSplitMode() smallest screen width : 384
11-08 02:20:25.506 32639 32639 I ORC/BaseWithActivityInterfaceImpl: getPreInflatedView : 2131558690
11-08 02:20:25.506 32639 32639 I ORC/AsyncLayoutInflateManager: popView:conversation_list_sub_tab, return view
11-08 02:20:25.506 32639 32639 I ORC/AsyncLayoutInflateManager: total size = 4 view list size = 0
11-08 02:20:25.506  1148  1148 I Layer   : id=541949 Destroyed Surface(name=Task=30127)/@0xc67b3fa - animation-leash of app_transition#541949
11-08 02:20:25.506 32639 32639 I ORC/ConversationCategoryUtils: loadCategoryListTop10())
11-08 02:20:25.506  1148  1148 I Layer   : id=541950 Destroyed Surface(name=Task=1)/@0xebba7d1 - animation-leash of app_transition#541950
11-08 02:20:25.506  1148  1148 I Layer   : id=541951 Destroyed Surface(name=WallpaperWindowToken{4776414 token=android.os.Binder@2e47e67})/@0x862251 - animation-leash of window_animation#541951
11-08 02:20:25.506  1279  6863 D AppOps  : noteOperation: reject #3 for code 105 (105) uid 1001 package com.android.phone flags: s
11-08 02:20:25.507 32639 32686 I ORC/UserSettingBySimUtil: delete due to never been changed by a user, count = 1
11-08 02:20:25.507  1279  2507 D AppOps  : noteOperation: reject #3 for code 105 (105) uid 1001 package com.android.phone flags: s
11-08 02:20:25.507 32639 32686 I ORC/WithAppProvider: query, uriMatch:1005
11-08 02:20:25.508 32639 32639 I ORC/ConversationListSubTabLayoutViewImpl: idxCategoryIdAll = 0, itemList.size() = 0
11-08 02:20:25.508 32639 32639 I ORC/ConversationListSubTabLayoutViewImpl: needToReset = true, currentTabCategoryId = 0, initCategoryItemId = -1
11-08 02:20:25.508 32639 32639 I ORC/ConversationListSubTabLayoutViewImpl: old = 0, cur = -1, isCategoryAddedFirst = false
11-08 02:20:25.508 32639 32639 I ORC/ConversationListSubTabLayoutViewImpl: createAndAddTabView : currentTabCategoryId = -1
11-08 02:20:25.508  1279  6863 D AppOps  : noteOperation: reject #3 for code 105 (105) uid 10098 package com.samsung.android.messaging flags: s
11-08 02:20:25.509  1279  2507 D AppOps  : noteOperation: reject #3 for code 105 (105) uid 10098 package com.samsung.android.messaging flags: s
11-08 02:20:25.511 32639 32663 I ORC/TelephonyUtils: isVoiceCallAvailable result = true
11-08 02:20:25.511 32639 32662 I ORC/ImsMgrFactory: simSlot : 0
11-08 02:20:25.511 32639 32661 I ORC/FlashCache: return cached data isEnabledPkgcom.google.android.gms
11-08 02:20:25.512 32639 32661 I ORC/FlashCache: return cached data isEnabledPkgcom.google.android.gms
11-08 02:20:25.512 32639 32661 I ORC/GoogleFirstLaunchManager: isGoogleConsentPageNeeded : rcs_pre_consent = 1, simSlot = 0
11-08 02:20:25.512 32639 32661 I ORC/FirstLaunchManagerProxy: create() - mLaunchManagerSet(0) : GoogleFirstLaunchManager
11-08 02:20:25.512 32639 32639 I ORC/ConversationListSubTabLayoutViewImpl: onTabSelected, position : 0
11-08 02:20:25.512 32639 32639 I ORC/ConversationListTabFragment: setCurrentFragment() - categoryId : -1
11-08 02:20:25.512 32639 32639 I ORC/BaseConversationListFragmentListenerImpl: onContainerVisibilityChanged new :-1 v:true
11-08 02:20:25.512 32639 32639 I ORC/BaseConversationListFragmentListenerImpl: onSelectTab : -1
11-08 02:20:25.514 32639 32686 I ORC/UserSettingBySimUtil: There is no user setting that matches the imsi value, insert new value from customer
11-08 02:20:25.514 32639 32663 I ORC/ContactContentObserver: getEnableShowCallerIdsFeature true
11-08 02:20:25.514 32639 32689 I ORC/ConversationCategoryUtils: loadCategoryListTop10 thread start 
11-08 02:20:25.515 32639 32663 I ORC/ContactContentObserver: registerAfwCallerIdObserver containerId : -2
11-08 02:20:25.515 32639 32686 I ORC/WithAppProvider: insert, uriMatch:1005
11-08 02:20:25.515  2745  2803 I SemImsServiceStub<0>: SemRegisterImsRegistrationListener com.samsung.android.ims.SemImsRegiListener$Stub$Proxy@13ab057
11-08 02:20:25.515 32639 32663 W System.err: java.lang.NoSuchMethodException: com.samsung.android.knox.SemPersonaManager.isLegacyClId [int]
11-08 02:20:25.515 32639 32663 W System.err: \tat java.lang.Class.getMethod(Class.java:2103)
11-08 02:20:25.515 32639 32663 W System.err: \tat java.lang.Class.getMethod(Class.java:1724)
11-08 02:20:25.515 32639 32663 W System.err: \tat com.samsung.android.messaging.reflector.b.k(MethodReflector.java:10)
11-08 02:20:25.515 32639 32663 W System.err: \tat com.samsung.android.messaging.sepwrapper.PersonaManagerWrapper.isLegacyClId(PersonaManagerWrapper.java:3)
11-08 02:20:25.515 32639 32663 W System.err: \tat gf.f0.p(ContactContentObserver.java:5)
11-08 02:20:25.515 32639 32663 W System.err: \tat gf.f0.n(ContactContentObserver.java:15)
11-08 02:20:25.515 32639 32663 W System.err: \tat gf.f0.a(Unknown Source:0)
11-08 02:20:25.515 32639 32663 W System.err: \tat gf.e0.run(Unknown Source:2)
11-08 02:20:25.515 32639 32663 W System.err: \tat java.util.concurrent.ThreadPoolExecutor.runWorker(ThreadPoolExecutor.java:1137)
11-08 02:20:25.515 32639 32663 W System.err: \tat java.util.concurrent.ThreadPoolExecutor$Worker.run(ThreadPoolExecutor.java:637)
11-08 02:20:25.515 32639 32663 W System.err: \tat java.lang.Thread.run(Thread.java:1012)
11-08 02:20:25.515 32639 32639 I ORC/ConversationListFragment: onCreateView()
11-08 02:20:25.515 32639 32639 I ORC/BaseWithActivityInterfaceImpl: getPreInflatedView : 2131558687
11-08 02:20:25.515 32639 32663 W System.err: java.lang.NoSuchMethodException: com.samsung.android.knox.SemPersonaManager.isLegacyClId [int]
11-08 02:20:25.515 32639 32639 I ORC/AsyncLayoutInflateManager: popView:conversation_list_fragment, return view
11-08 02:20:25.515 32639 32639 I ORC/AsyncLayoutInflateManager: total size = 4 view list size = 0
11-08 02:20:25.516 32639 32686 I ORC/UserSettingBySimUtil: settings = {sms_input_mode=GSM alphabet, mms_retrieval_during_roaming=true, cb_settings_activation=false, mms_delivery_reports=false, sms_delivery_reports=false, mms_auto_retrieval=true, mms_read_reports=false}
11-08 02:20:25.516 32639 32661 I BotPlatform: a: BotClient: bot lib version = 1.0.17
11-08 02:20:25.516 32639 32686 I ORC/Setting: getSmsInputModeFromPref = GSM alphabet
11-08 02:20:25.516 32639 32686 I ORC/Setting: getSmsInputMode : inputType = 0
11-08 02:20:25.517 32639 32639 I ORC/Setting: getEnableSupportSplitMode() smallest screen width : 384
11-08 02:20:25.517 32639 32639 I ORC/ConversationListTabFragment: setFabVisibility : true, n1{e08b820} (d3a6ccec-9a71-42f4-bbd8-70021ac3770e id=0x7f0a061d tag=-1)
11-08 02:20:25.517 32639 32661 I BotPlatform: a: setCache:
11-08 02:20:25.518 32639 32639 I ORC/ConversationCursorLoader: ConversationCursorLoader h{1d51f9c id=0}, -1, false, conversations.bin_status != 1
11-08 02:20:25.518 32639 32663 W System.err: \tat java.lang.Class.getMethod(Class.java:2103)
11-08 02:20:25.518 32639 32663 W System.err: \tat java.lang.Class.getMethod(Class.java:1724)
11-08 02:20:25.518  1279  6863 D AppOps  : noteOperation: reject #3 for code 105 (105) uid 1000 package com.sec.imsservice flags: s
11-08 02:20:25.518 32639 32663 W System.err: \tat com.samsung.android.messaging.reflector.b.k(MethodReflector.java:10)
11-08 02:20:25.518 32639 32663 W System.err: \tat com.samsung.android.messaging.sepwrapper.PersonaManagerWrapper.isLegacyClId(PersonaManagerWrapper.java:3)
11-08 02:20:25.518 32639 32663 W System.err: \tat gf.f0.j(ContactContentObserver.java:3)
11-08 02:20:25.518 32639 32663 W System.err: \tat gf.f0.n(ContactContentObserver.java:16)
11-08 02:20:25.518 32639 32663 W System.err: \tat gf.f0.a(Unknown Source:0)
11-08 02:20:25.518 32639 32663 W System.err: \tat gf.e0.run(Unknown Source:2)
11-08 02:20:25.518 32639 32663 W System.err: \tat java.util.concurrent.ThreadPoolExecutor.runWorker(ThreadPoolExecutor.java:1137)
11-08 02:20:25.518 32639 32663 W System.err: \tat java.util.concurrent.ThreadPoolExecutor$Worker.run(ThreadPoolExecutor.java:637)
11-08 02:20:25.518 32639 32663 W System.err: \tat java.lang.Thread.run(Thread.java:1012)
11-08 02:20:25.518 32639 32639 I ORC/ConversationCursorLoader: setSearchOption : 0
11-08 02:20:25.518 32639 32639 I ORC/ConversationCursorLoader: setSimImsiId : 0
11-08 02:20:25.518 32639 32639 I ORC/ConversationListLoader: registerObserver true
11-08 02:20:25.518 32639 32661 I BotPlatform: a: setLogDebugMode: false
11-08 02:20:25.518  1279  2516 V MdnieScenarioControlService: mAclOffEnabled : false mAclPreviewState : false mAclCompensationState : false
11-08 02:20:25.518 32639 32663 I ORC/ContactContentObserver: enabledShowCallerId : off
11-08 02:20:25.519 32639 32653 I ORC/ImsRegistrationListener: onRegistered()
11-08 02:20:25.519 32639 32653 I ORC/BaseWithActivity: getComposerFragment : null
11-08 02:20:25.519 32639 32689 I PROV/MsgContentProviderQuery: query, uriMatch : 2031, Elapsed time : 0.136354 ms
11-08 02:20:25.519 32639 32689 I ORC/ConversationListSubTabLayoutViewImpl: idxCategoryIdAll = 0, itemList.size() = 0
11-08 02:20:25.520 32639 32689 I ORC/ConversationListSubTabLayoutViewImpl: needToReset = true, currentTabCategoryId = 0, initCategoryItemId = -1
11-08 02:20:25.521 32639 32639 I ORC/ConversationListFragment: onActivityCreated() - getCategoryId() : -1
11-08 02:20:25.525 32639 32639 I ORC/ComposerParameter: create fromIntent
11-08 02:20:25.525 32639 32639 I ORC/ComposerParameter: [COMPOSER]getRecipientList(sms):501
11-08 02:20:25.525 32639 32639 I ORC/ComposerParameter: [BOT]getDeepLinkServiceId:null
11-08 02:20:25.526 32639 32690 I ORC/ComposerPresenterCore: [begin]    [COMPOSER]begin create ComposerModel
11-08 02:20:25.526 32639 32663 I ORC/ContactContentObserver: register RcsCapabilityListener done
11-08 02:20:25.527 32639 32690 I ORC/ComposerPresenterCore: [DRAFT] start get ComposerModel
11-08 02:20:25.527 32639 32690 I ORC/ComposerPresenterCore: ComposerModel create: ComposerParameter [conversationId:-1][threadId:-1][highlightMessageId:-1][highlightMessageString len:null][hasUnreadMessage:false][recipientList:[_10_#01#97#00#,]][candidateList:[]][isOpenGroupChat:false][groupChatName:null][groupChatProfileImage:null][boxMode:100][messageText len:null][openRecorderType:0][isIntentFromBotDetail:false][deepLinkServiceId:null][deepLinkSuggestions len:null][sendNewBotUserInitiation:false][sendNewBotUserInitiationDisplayText len:null][isIntentFromReminder:false][focusedMessageId:-1][isForReply:false][isCmasConversation:false][isOneToManyBroadcast:false][isFromFab:false][isFromFabMassText:false][isSavedDraftFromFab:false][previewConversationId:-1][isXmsGroup:false][extraSendTo:-1][simSlot:-1][listCategoryId:-1][mergeConversation:false]
11-08 02:20:25.528 32639 32690 I ORC/ModelCreator: ComposerModel create: isOpenGroupChat = false isOneToManyBroadcast = false
11-08 02:20:25.528 32639 32690 I ORC/ModelCreator: ComposerModel create: extraSendTo = -1 simSlot = -1
11-08 02:20:25.530 32639 32690 I ORC/Logger:  UI(32639): CMP,CRT,STO,-1
11-08 02:20:25.531 32639 32690 I ORC/RecipientUtils: replaceRecipientToDeepLinkServiceId, bypass1
11-08 02:20:25.531 32639 32690 I ORC/ModelCreator: ComposerModel create: ktTwoPhoneMode = 0
11-08 02:20:25.531 32639 32690 I ORC/ComposerCmcModel: init IsCmcDualModeOn, false
11-08 02:20:25.531 32639 32690 I ORC/ComposerCmcModel: init CmcMode, 0 BaseDevice.SA
11-08 02:20:25.536 32639 32690 I ORC/BotAddressListManager: BotAddressListManager create
11-08 02:20:25.538 32639 32690 I ORC/MultiSubSimManager: hasActiveSubSim() : false
11-08 02:20:25.543  1279  2742 D AppOps  : noteOperation: allowing code 14 uid 10098 package com.samsung.android.messaging flags: s
11-08 02:20:25.545 32639 32639 I ORC/Setting: getEnableSupportSplitMode() smallest screen width : 384
11-08 02:20:25.545 32639 32639 I ORC/Setting: getEnableSupportSplitMode() smallest screen width : 384
11-08 02:20:25.553  2255  3148 D TP/MmsSmsProvider: query, match:4, calling pid = 32639, accessRestricted = false
11-08 02:20:25.554  2255  3148 V TP/MmsSmsProvider: szUM:null
11-08 02:20:25.556  2255  3148 W SQLiteLog: (28) walIndexRecover: rc 0, nPage 0, mxFrame 0, /data/user/0/com.android.providers.telephony/databases/mmssms.db-wal
11-08 02:20:25.576 32639 32639 W DataBinding: Setting the fragment as the LifecycleOwner might cause memory leaks because views lives shorter than the Fragment. Consider using Fragment's view lifecycle
11-08 02:20:25.576 32639 32671 I ORC/AsyncLayoutInflateManager: onInflateFinished, message_editor_fragment
11-08 02:20:25.577 32639 32639 W DataBinding: Setting the fragment as the LifecycleOwner might cause memory leaks because views lives shorter than the Fragment. Consider using Fragment's view lifecycle
11-08 02:20:25.577 32639 32639 W DataBinding: Setting the fragment as the LifecycleOwner might cause memory leaks because views lives shorter than the Fragment. Consider using Fragment's view lifecycle
11-08 02:20:25.579 32639 32685 I ORC/Setting: getEnableSupportSplitMode() smallest screen width : 384
11-08 02:20:25.581  2255  3148 D TP/MmsSmsProvider: getThreadId(getNormalThreadId): recipientIds (selectionArgs) =12
11-08 02:20:25.581 32639 32639 I ORC/Feature: isSupportVtCallOpenPlatform true
11-08 02:20:25.583  2255  3148 D TP/MmsSmsProvider: query, match 4:Elapsed time : 29.595 ms
11-08 02:20:25.583  1279  1305 I InputMethodManagerService: isInputMethodShown: isShown=false
11-08 02:20:25.584 32639 32639 I ORC/InputMethodUtil: isInputMethodShown : false im : false isSamsung : true
11-08 02:20:25.584 32639 32639 I ORC/Setting: getEnableSupportSplitMode() smallest screen width : 384
11-08 02:20:25.584 32639 32639 W DataBinding: Setting the fragment as the LifecycleOwner might cause memory leaks because views lives shorter than the Fragment. Consider using Fragment's view lifecycle
11-08 02:20:25.585 32639 32639 W DataBinding: Setting the fragment as the LifecycleOwner might cause memory leaks because views lives shorter than the Fragment. Consider using Fragment's view lifecycle
11-08 02:20:25.585 32639 32639 W DataBinding: Setting the fragment as the LifecycleOwner might cause memory leaks because views lives shorter than the Fragment. Consider using Fragment's view lifecycle
11-08 02:20:25.585 32639 32639 W DataBinding: Setting the fragment as the LifecycleOwner might cause memory leaks because views lives shorter than the Fragment. Consider using Fragment's view lifecycle
11-08 02:20:25.585 32639 32639 W DataBinding: Setting the fragment as the LifecycleOwner might cause memory leaks because views lives shorter than the Fragment. Consider using Fragment's view lifecycle
11-08 02:20:25.585 32639 32639 I ORC/ComposerFragment: LIFE:begin [COMPOSER]onViewCreated, 0
11-08 02:20:25.585 32639 32639 I ORC/ComposerParameter: [COMPOSER]isComposerParameterValid, has recipient list
11-08 02:20:25.588 32639 32639 I ORC/ComposerPresenterCore: create ComposerPresenterCore
11-08 02:20:25.588 32639 32639 I ORC/ComposerPresenterCore: [begin]    [COMPOSER]begin get ComposerModel
11-08 02:20:25.591 32639 32690 I PROV/QueryUriConversations: [CONVERSATION]done query conversations, containsRecipientList : false, category : null, Elapsed time : 1.207605 ms
11-08 02:20:25.591  1279  6863 I GenerationRegistry: mBackingStore.isClosed() : false
11-08 02:20:25.591 32639 32690 I PROV/MsgContentProviderQuery: query, uriMatch : 1001, Elapsed time : 1.325157 ms
11-08 02:20:25.592 32639 32690 I CS/LocalDbUtils: [CONVERSATION]\tqueryConversationId(threadId): serviceType:xms, conversationId:-1
11-08 02:20:25.593 32639 32690 I PROV/QueryUriConversations: [CONVERSATION]done query conversations, containsRecipientList : false, category : null, Elapsed time : 1.190885 ms
11-08 02:20:25.593 32639 32690 I PROV/MsgContentProviderQuery: query, uriMatch : 1001, Elapsed time : 1.277031 ms
11-08 02:20:25.595 32639 32690 I CS/LocalDbUtils: [CONVERSATION]\tqueryConversationId(threadId): serviceType:rcs, conversationId:-1
11-08 02:20:25.598 32639 32690 I PROV/MsgContentProviderQuery: query, uriMatch : 1003, Elapsed time : 2.220105 ms
11-08 02:20:25.598 32639 32690 I CS/LocalDbUtils: [CONVERSATION]\tqueryConversationId result : -1
11-08 02:20:25.598 32639 32690 I CS/LocalDbConversations: [CONVERSATION]getConversationId(recipientList) result : -1
11-08 02:20:25.598 32639 32690 E ORC/ComposerDbOperator: create ComposerModel, query conversation id = -1
11-08 02:20:25.598 32639 32690 I ORC/ModelCreator: ComposerModel create: conversationId = -1
11-08 02:20:25.598 32639 32690 I ORC/Logger:  UI(32639): CMP,CRT,TPM,0
11-08 02:20:25.598 32639 32690 I ORC/ModelCreator: ComposerModel create: by recipientList
11-08 02:20:25.598 32639 32690 I ORC/ModelCreator: ComposerModel create: 3 updateRecipientsList()
11-08 02:20:25.599 32639 32690 I ORC/RecipientsModel: [RECIPIENT]updateRecipientsList3 mRecipientList = <_10_#01#97#00#,>
11-08 02:20:25.599 32639 32690 I ORC/ComposerGroupModel: setConversationType ConversationType = 1 CONVERSATION_TYPE_ONE_TO_ONE
11-08 02:20:25.599 32639 32690 I ORC/SenderTypeUtils: getSenderType(): SENDER_TYPE_NORMAL
