10-15 21:03:23.182  4480  4480 I AppBarLayout:     statusBars=Insets{left=0, top=70, right=0, bottom=0} max=Insets{left=0, top=70, right=0, bottom=0} vis=true
10-15 21:03:23.182  4480  4480 I AppBarLayout:     navigationBars=Insets{left=0, top=0, right=0, bottom=135} max=Insets{left=0, top=0, right=0, bottom=135} vis=true
10-15 21:03:23.182  4480  4480 I AppBarLayout:     captionBar=Insets{left=0, top=0, right=0, bottom=0} max=null vis=false
10-15 21:03:23.182  4480  4480 I AppBarLayout:     ime=Insets{left=0, top=0, right=0, bottom=0} max=null vis=false
10-15 21:03:23.182  4480  4480 I AppBarLayout:     systemGestures=Insets{left=0, top=99, right=0, bottom=135} max=Insets{left=0, top=99, right=0, bottom=135} vis=true
10-15 21:03:23.182  4480  4480 I AppBarLayout:     mandatorySystemGestures=Insets{left=0, top=99, right=0, bottom=135} max=Insets{left=0, top=99, right=0, bottom=135} vis=true
10-15 21:03:23.182  4480  4480 I AppBarLayout:     tappableElement=Insets{left=0, top=70, right=0, bottom=135} max=Insets{left=0, top=70, right=0, bottom=135} vis=true
10-15 21:03:23.182  4480  4480 I AppBarLayout:     displayCutout=Insets{left=0, top=65, right=0, bottom=0} max=Insets{left=0, top=65, right=0, bottom=0} vis=true
10-15 21:03:23.182  4480  4480 I AppBarLayout:     windowDecor=null max=null vis=false
10-15 21:03:23.182  4480  4480 I AppBarLayout:     cutout=DisplayCutout{insets=Rect(0, 65 - 0, 0) waterfall=Insets{left=0, top=0, right=0, bottom=0} boundingRect={Bounds=[Rect(0, 0 - 0, 0), Rect(454, 0 - 626, 65), Rect(0, 0 - 0, 0), Rect(0, 0 - 0, 0)]} cutoutPathParserInfo={CutoutPathParserInfo{displayWidth=1080 displayHeight=2408 physicalDisplayWidth=1080 physicalDisplayHeight=2408 density={2.8125} cutoutSpec={M 0,0 H -30.57777777777778 V 23.11111111111111 H 30.57777777777778 V 0 H 0 Z @dp} rotation={0} scale={1.0} physicalPixelDisplaySizeRatio={1.0}}}}
10-15 21:03:23.182  4480  4480 I AppBarLayout:     roundedCorners=RoundedCorners{[RoundedCorner{position=TopLeft, radius=90, center=Point(90, 90)}, RoundedCorner{position=TopRight, radius=90, center=Point(990, 90)}, RoundedCorner{position=BottomRight, radius=90, center=Point(990, 2318)}, RoundedCorner{position=BottomLeft, radius=90, center=Point(90, 2318)}]}
10-15 21:03:23.182  4480  4480 I AppBarLayout:     privacyIndicatorBounds=PrivacyIndicatorBounds {static bounds=Rect(956, 0 - 1080, 70) rotation=0}
10-15 21:03:23.182  4480  4480 I AppBarLayout:     compatInsetsTypes=135
10-15 21:03:23.182  4480  4480 I AppBarLayout:     compatIgnoreVisibility=false
10-15 21:03:23.182  4480  4480 I AppBarLayout:     systemWindowInsetsConsumed=false
10-15 21:03:23.182  4480  4480 I AppBarLayout:     stableInsetsConsumed=false
10-15 21:03:23.182  4480  4480 I AppBarLayout:     displayCutoutConsumed=false
10-15 21:03:23.182  4480  4480 I AppBarLayout:     }
10-15 21:03:23.194  1147  1147 I Layer   : id=168049 removedFromDrawingState Surface(name=767c47d StatusBar)/@0xc3fb51f - animation-leash of insets_animation#168049 (123)
10-15 21:03:23.194  1147  1147 I Layer   : id=168050 removedFromDrawingState Surface(name=8263493 NavigationBar0)/@0x5da1049 - animation-leash of insets_animation#168050 (123)
10-15 21:03:23.194  1147  1147 I SurfaceFlinger: [2395c86 com.samsung.android.app.telephonyui/com.samsung.android.app.telephonyui.netsettings.ui.NetSettingsActivity#168080] FrameRatePriority: 1
10-15 21:03:23.194  1147  1147 I SurfaceFlinger: id=168049 Removed Surface(name=767c47d StatusBar)/@0xc3fb51f - animation-leash of insets_animation#168049 (123)
10-15 21:03:23.194  1147  1147 I SurfaceFlinger: id=168050 Removed Surface(name=8263493 NavigationBar0)/@0x5da1049 - animation-leash of insets_animation#168050 (123)
10-15 21:03:23.195  1147  1147 I Layer   : id=168049 Destroyed Surface(name=767c47d StatusBar)/@0xc3fb51f - animation-leash of insets_animation#168049
10-15 21:03:23.195  1147  1147 I Layer   : id=168050 Destroyed Surface(name=8263493 NavigationBar0)/@0x5da1049 - animation-leash of insets_animation#168050
10-15 21:03:23.197  1241  4370 D InputDispatcher: Focus request (0): 2395c86 com.samsung.android.app.telephonyui/com.samsung.android.app.telephonyui.netsettings.ui.NetSettingsActivity but waiting because NO_WINDOW
10-15 21:03:23.205  4480  4480 I ViewRootImpl@afa230e[NetSettingsActivity]: reportNextDraw android.view.ViewRootImpl.performTraversals:4438 android.view.ViewRootImpl.doTraversal:3116 android.view.ViewRootImpl$TraversalRunnable.run:10885 android.view.Choreographer$CallbackRecord.run:1301 android.view.Choreographer$CallbackRecord.run:1309 
10-15 21:03:23.206  4480  4480 I NU.DataRoamingPreference: onReceive: android.intent.action.SIM_STATE_CHANGED
10-15 21:03:23.206  4480  4480 I NU.DataRoamingPreference: ACTION_SIM_STATE_CHANGED
10-15 21:03:23.206  4480  4480 I NU.DataRoamingPreference: updateDataRoamingButton()
10-15 21:03:23.206  4480  4480 I FT.TuiUtilFeature: isAirplaneModeOn = false
10-15 21:03:23.206  4480  4480 I FT.SimUtilFeature: getMultiSimIccType phoneId 0 iccType 2
10-15 21:03:23.206  4480  4480 I FT.SimUtilFeature: isSimCardInserted[slot0] true
10-15 21:03:23.206  4480  4480 I FT.SimUtilFeature: isSimCardStatusOn[slot0] true
10-15 21:03:23.207  1241  4370 D SecContentProvider: query(), uri = 19 selection = isRoamingDataEnabled
10-15 21:03:23.207  1241  4370 D SecContentProvider: called from android.uid.phone:1001
10-15 21:03:23.208  4480  4480 I EnterprisePolicyDataStore: getBoolean(NetSettingsKey.POLICY_ROAMING_DATA[', ENTERPRISE_POLICY_SETTING]): true
10-15 21:03:23.208  4480  4480 I FT.TuiSalesCodeFeature: DSG.isCurrentOperator
10-15 21:03:23.208  4480  4480 I FT.TuiSalesCodeFeature: DSG.isCurrentOperator
10-15 21:03:23.209  1241  2774 D SecContentProvider: query(), uri = 19 selection = isRoamingDataEnabled
10-15 21:03:23.209  1241  2774 D SecContentProvider: called from android.uid.phone:1001
10-15 21:03:23.209  4480  4480 I EnterprisePolicyDataStore: getBoolean(NetSettingsKey.POLICY_ROAMING_DATA[', ENTERPRISE_POLICY_SETTING]): true
10-15 21:03:23.209  4480  4480 I FT.TuiSalesCodeFeature: DSG.isCurrentOperator
10-15 21:03:23.209  4480  4480 I FT.TuiSalesCodeFeature: DSG.isCurrentOperator
10-15 21:03:23.209  4480  4480 I FT.TuiSalesCodeFeature: DSG.isCurrentOmcNwCode
10-15 21:03:23.210  4480  4480 I FT.TuiSalesCodeFeature: DSG.isCurrentOmcNwCode
10-15 21:03:23.210  4480  4480 I FT.TuiSalesCodeFeature: DSG.isCurrentOperator
10-15 21:03:23.210  4480  4480 I FT.TuiSalesCodeFeature: DSG.isCurrentOmcNwCode
10-15 21:03:23.211  4480  4480 I NU.AccessPointNamesPreference: onReceive: android.intent.action.SIM_STATE_CHANGED
10-15 21:03:23.211  4480  4480 I NU.AccessPointNamesPreference: ACTION_SIM_STATE_CHANGED
10-15 21:03:23.211  4480  4480 I FT.SimUtilFeature: getMultiSimIccType phoneId 0 iccType 2
10-15 21:03:23.211  4480  4480 I FT.SimUtilFeature: isSimCardInserted[slot0] true
10-15 21:03:23.211  4480  4480 I FT.SimUtilFeature: isSimCardStatusOn[slot0] true
10-15 21:03:23.214  4480  4480 I NU.AccessPointNamesPreference: updateMenu - isAllSubIdAvailable : true, isDpcApnEnforced : false, isEnabledForKnox : true
10-15 21:03:23.214  4480  4480 I NU.NetworkOperatorsPreference: onReceive: android.intent.action.SIM_STATE_CHANGED
10-15 21:03:23.214  4480  4480 I NU.NetworkOperatorsPreference: ACTION_SIM_STATE_CHANGED
10-15 21:03:23.214  4480  4480 I UT.TelephonyUtils: getPhoneId : subId = 1
10-15 21:03:23.215  1241  4370 D AppOps  : noteOperation: reject #3 for code 105 (105) uid 1001 package com.android.phone flags: s
10-15 21:03:23.217  1241  4370 D AppOps  : noteOperation: reject #3 for code 105 (105) uid 1001 package com.samsung.android.app.telephonyui flags: s
10-15 21:03:23.218  4480  4480 I FT.TuiUtilFeature: isAirplaneModeOn = false
10-15 21:03:23.218  4480  4480 I FT.SimUtilFeature: getMultiSimIccType phoneId 0 iccType 2
10-15 21:03:23.218  4480  4480 I FT.SimUtilFeature: isSimCardInserted[slot0] true
10-15 21:03:23.218  4480  4480 I FT.SimUtilFeature: isSimCardStatusOn[slot0] true
10-15 21:03:23.218  4480  4480 I FT.SimUtilFeature: getMultiSimIccType phoneId 0 iccType 2
10-15 21:03:23.218  4480  4480 I FT.SimUtilFeature: isSimCardInserted[slot0] true
10-15 21:03:23.218  4480  4480 I FT.PhoneUtilsMultiSim: getInsertedSimCard: returnValue = 1
10-15 21:03:23.218  4480  4480 I FT.TuiSalesCodeFeature: DSG.isCurrentOmcNwCode
10-15 21:03:23.218  4480  4480 I UT.TelephonyUtils: getPhoneId : subId = 1
10-15 21:03:23.219  1241  2774 D AppOps  : noteOperation: reject #3 for code 105 (105) uid 1001 package com.android.phone flags: s
10-15 21:03:23.220  1241  2774 D AppOps  : noteOperation: reject #3 for code 105 (105) uid 1001 package com.samsung.android.app.telephonyui flags: s
10-15 21:03:23.221  4480  4488 W app.telephonyui: Reducing the number of considered missed Gc histogram windows from 660 to 100
10-15 21:03:23.223  4480  4480 I NU.NetworkOperatorsPreference: onServiceStateChanged {mVoiceRegState=0(IN_SERVICE), mDataRegState=0(IN_SERVICE), mChannelNumber=401050, duplexMode()=0, mCellBandwidths=[], mOperatorAlphaLong=DISH Wireless, mOperatorAlphaShort=DISH Wireless, isManualNetworkSelection=true(manual), getRilVoiceRadioTechnology=20(NR_SA), getRilDataRadioTechnology=20(NR_SA), mCssIndicator=unsupported, mNetworkId=*1, mSystemId=*1, mCdmaRoamingIndicator=-1, mCdmaDefaultRoamingIndicator=-1, VoiceRegType=0, Snap=0, MobileData=IN_SERVICE, MobileDataRoamingType=home, MobileDataRat=NR_SA, PsOnly=true, FemtocellInd=0, SprDisplayRoam=false, OptRadioTech=0, MsimSubmode=0, mIsEmergencyOnly=false, isUsingCarrierAggregation=false, mArfcnRsrpBoost=0, mNetworkRegistrationInfos=[NetworkRegistrationInfo{ domain=CS transportType=WWAN registrationState=HOME roamingType=NOT_ROAMING accessNetworkTechnology=NR rejectCause=0 emergencyEnabled=false availableServices=[VOICE,SMS,VIDEO] cellIdentity=CellIdentityNr:{ mPci = **0 mTac = 1***7 mNrArfcn = 401050 mBands = [70] mMcc = 313 mMnc = 340 mNci = 4******00 mAlphaLong = DISH mAlphaShort = DSH mAdditionalPlmns = {} } voiceSpecificInfo=VoiceSpecificRegistrationInfo { mCssSupported=false mRoamingIndicator=0 mSystemIsInPrl=0 mDefaultRoamingIndicator=0} dataSpecificInfo=null nrState=**** rRplmn=313340 isUsingCarrierAggregation=false}, NetworkRegistrationInfo{ domain=PS transportType=WWAN registrationState=HOME roamingType=NOT_ROAMING accessNetworkTechnology=NR rejectCause=0 emergencyEnabled=false availableServices=[DATA] cellIdentity=CellIdentityNr:{ mPci = **0 mTac = 1***7 mNrArfcn = 401050 mBands = [70] mMcc = 313 mMnc = 340 mNci = 4******00 mAlphaLong = DISH mAlphaShort = DSH mAdditionalPlmns = {} } voiceSpecificInfo=null dataSpecificInfo=android.telephony.DataSpecificRegistrationInfo :{ maxDataCalls = 16 isDcNrRestricted = false isNrAvailable = false isEnDcAvailable = false LteVopsSupportInfo :  mVopsSupport = 2 mEmcBearerSupport = 3 } nrState=**** rRplmn=313340 isUsingCarrierAggregation=false}], mNrFrequencyRange=0, mOperatorAlphaLongRaw=DISH, mOperatorAlphaShortRaw=DSH, mIsDataRoamingFromRegistration=false, mIsIwlanPreferred=false}
10-15 21:03:23.223  4480  4480 I UT.TelephonyUtils: getPhoneId : subId = 1
10-15 21:03:23.224  1241  6676 D AppOps  : noteOperation: reject #3 for code 105 (105) uid 1001 package com.android.phone flags: s
10-15 21:03:23.226  1241  6676 D AppOps  : noteOperation: reject #3 for code 105 (105) uid 1001 package com.samsung.android.app.telephonyui flags: s
10-15 21:03:23.227  1241  6676 D AppOps  : noteOperation: reject #3 for code 105 (105) uid 1001 package com.android.phone flags: s
10-15 21:03:23.228  2262 17625 D SubscriptionController: [getActiveSubscriptionInfoForSimSlotIndex]+ slotIndex=0 subId={id=1 iccId= simSlotIndex=0 carrierId=2528 displayName=DISH Wireless carrierName=DISH Wireless nameSource=4 iconTint=-16746133 number= dataRoaming=0 iconBitmap=null mcc=313 mnc=340 countryIso=us isEmbedded=false nativeAccessRules=null cardString= cardId=0 portIndex=0 isOpportunistic=false groupUUID=null isGroupDisabled=false profileClass=-1 ehplmns=null hplmns=null subscriptionType=0 groupOwner=null carrierConfigAccessRules=[cert: 70D0BFCD7AE6B6E831AE7D1C16A641CB3EB489129D3A5ED168A760C94D50A8B4 pkg: null access: 0] areUiccApplicationsEnabled=true usageSetting=0}
10-15 21:03:23.229  1241  2774 D AppOps  : noteOperation: reject #3 for code 105 (105) uid 1001 package com.samsung.android.app.telephonyui flags: s
10-15 21:03:23.230  4480  4480 I FT.SimUtilFeature: getCarrierName : DISH Wireless
10-15 21:03:23.230  4480  4480 I NU.NetSettingsUtilsManager: getNetworkOperatorName() phoneId = 0, getCarrierName = DISH Wireless
10-15 21:03:23.230  4480  4480 I UT.SimInfo: isSimOperator(313340)
10-15 21:03:23.230  4480  4480 I ViewRootImpl@afa230e[NetSettingsActivity]: Setup new sync id=0
10-15 21:03:23.230  4480  4480 I ViewRootImpl@afa230e[NetSettingsActivity]: Setting syncFrameCallback
10-15 21:03:23.231  4480  4480 I ViewRootImpl@afa230e[NetSettingsActivity]: registerCallbacksForSync syncBuffer=false
10-15 21:03:23.233  4480  4578 I ViewRootImpl@afa230e[NetSettingsActivity]: Received frameDrawingCallback syncResult=0 frameNum=1.
10-15 21:03:23.233  4480  4578 I ViewRootImpl@afa230e[NetSettingsActivity]: Setting up sync and frameCommitCallback
10-15 21:03:23.240  1033 23555 I sensors-hal: handle_sns_client_event:229, auto_rotation_event_2: mode:255, type:1:0/-2.276,-0.625,9.708, ar:0
10-15 21:03:23.246  4480  4525 I BLASTBufferQueue: [ViewRootImpl@afa230e[NetSettingsActivity]#33](f:0,a:0) onFrameAvailable the first frame is available
10-15 21:03:23.246  4480  4525 I ViewRootImpl@afa230e[NetSettingsActivity]: Received frameCommittedCallback lastAttemptedDrawFrameNum=1 didProduceBuffer=true
10-15 21:03:23.248  4480  4525 W Parcel  : Expecting binder but got null!
10-15 21:03:23.248  4480  4480 I ViewRootImpl@afa230e[NetSettingsActivity]: onSyncComplete
10-15 21:03:23.249  4480  4480 I ViewRootImpl@afa230e[NetSettingsActivity]: setupSync seqId=0 mSyncId=0 fn=1 caller=android.view.ViewRootImpl$$ExternalSyntheticLambda11.accept:6 android.window.SurfaceSyncer.lambda$setupSync$1$android-window-SurfaceSyncer:128 android.window.SurfaceSyncer$$ExternalSyntheticLambda1.accept:8 android.window.SurfaceSyncer$SyncSet.checkIfSyncIsComplete:382 android.window.SurfaceSyncer$SyncSet.markSyncReady:359 android.window.SurfaceSyncer.markSyncReady:151 android.view.ViewRootImpl.performTraversals:4503 
10-15 21:03:23.249  4480  4480 I ViewRootImpl@afa230e[NetSettingsActivity]: reportDrawFinished seqId=0 mSyncId=-1 fn=1 mSurfaceChangedTransaction=0xb400007138535e00
10-15 21:03:23.249  1241  2774 D WindowManager: finishDrawingWindow: Window{2395c86 u0 com.samsung.android.app.telephonyui/com.samsung.android.app.telephonyui.netsettings.ui.NetSettingsActivity} mDrawState=DRAW_PENDING seqId=0
10-15 21:03:23.253  1241  1619 V WindowManager: Finish starting ActivityRecord{1328950 u0 com.samsung.android.app.telephonyui/.netsettings.ui.NetSettingsActivity} t50275}: first real window is shown, no animation
10-15 21:03:23.254  1241  1619 V WindowManager: Schedule remove starting ActivityRecord{1328950 u0 com.samsung.android.app.telephonyui/.netsettings.ui.NetSettingsActivity} t50275} startingWindow=null startingView=null Callers=com.android.server.wm.ActivityRecord.removeStartingWindow:3224 com.android.server.wm.ActivityRecord.onFirstWindowDrawn:7450 com.android.server.wm.WindowState.performShowLocked:5470 com.android.server.wm.WindowStateAnimator.commitFinishDrawingLocked:351 com.android.server.wm.DisplayContent.lambda$new$8:1184 
10-15 21:03:23.254  1241  1606 I wm_activity_launch_time: [0,20089168,com.samsung.android.app.telephonyui/.netsettings.ui.NetSettingsActivity,402]
10-15 21:03:23.254  1241  1619 V WindowManager: performShowLocked: mDrawState=HAS_DRAWN in Window{2395c86 u0 com.samsung.android.app.telephonyui/com.samsung.android.app.telephonyui.netsettings.ui.NetSettingsActivity}
10-15 21:03:23.254  1241  1606 I ActivityTaskManager: Displayed com.samsung.android.app.telephonyui/.netsettings.ui.NetSettingsActivity: +402ms
10-15 21:03:23.254  1241  1606 I Pageboost: Launch time gathered : pid 4480 com.samsung.android.app.telephonyui 402
10-15 21:03:23.255  4480  4480 I AppBarLayout: [updateInternalHeight] orientation : 1, density : 450, windowHeight : 2208, [3]updateInternalHeight: lp.height : 861, mHeightProportion : 0.39 , mIsImmersiveScroll : false , mIsSetByUser : false , mImmersiveTopInset : 0
10-15 21:03:23.255  4480  4480 I AppBarLayout: WindowInsets{
10-15 21:03:23.255  4480  4480 I AppBarLayout:     statusBars=Insets{left=0, top=70, right=0, bottom=0} max=Insets{left=0, top=70, right=0, bottom=0} vis=true
10-15 21:03:23.255  4480  4480 I AppBarLayout:     navigationBars=Insets{left=0, top=0, right=0, bottom=135} max=Insets{left=0, top=0, right=0, bottom=135} vis=true
10-15 21:03:23.255  4480  4480 I AppBarLayout:     captionBar=Insets{left=0, top=0, right=0, bottom=0} max=null vis=false
10-15 21:03:23.255  4480  4480 I AppBarLayout:     ime=Insets{left=0, top=0, right=0, bottom=0} max=null vis=false
10-15 21:03:23.255  4480  4480 I AppBarLayout:     systemGestures=Insets{left=0, top=99, right=0, bottom=135} max=Insets{left=0, top=99, right=0, bottom=135} vis=true
10-15 21:03:23.255  4480  4480 I AppBarLayout:     mandatorySystemGestures=Insets{left=0, top=99, right=0, bottom=135} max=Insets{left=0, top=99, right=0, bottom=135} vis=true
10-15 21:03:23.255  4480  4480 I AppBarLayout:     tappableElement=Insets{left=0, top=70, right=0, bottom=135} max=Insets{left=0, top=70, right=0, bottom=135} vis=true
10-15 21:03:23.255  4480  4480 I AppBarLayout:     displayCutout=Insets{left=0, top=65, right=0, bottom=0} max=Insets{left=0, top=65, right=0, bottom=0} vis=true
10-15 21:03:23.255  4480  4480 I AppBarLayout:     windowDecor=null max=null vis=false
10-15 21:03:23.255  4480  4480 I AppBarLayout:     cutout=DisplayCutout{insets=Rect(0, 65 - 0, 0) waterfall=Insets{left=0, top=0, right=0, bottom=0} boundingRect={Bounds=[Rect(0, 0 - 0, 0), Rect(454, 0 - 626, 65), Rect(0, 0 - 0, 0), Rect(0, 0 - 0, 0)]} cutoutPathParserInfo={CutoutPathParserInfo{displayWidth=1080 displayHeight=2408 physicalDisplayWidth=1080 physicalDisplayHeight=2408 density={2.8125} cutoutSpec={M 0,0 H -30.57777777777778 V 23.11111111111111 H 30.57777777777778 V 0 H 0 Z @dp} rotation={0} scale={1.0} physicalPixelDisplaySizeRatio={1.0}}}}
10-15 21:03:23.255  4480  4480 I AppBarLayout:     roundedCorners=RoundedCorners{[RoundedCorner{position=TopLeft, radius=90, center=Point(90, 90)}, RoundedCorner{position=TopRight, radius=90, center=Point(990, 90)}, RoundedCorner{position=BottomRight, radius=90, center=Point(990, 2318)}, RoundedCorner{position=BottomLeft, radius=90, center=Point(90, 2318)}]}
10-15 21:03:23.255  4480  4480 I AppBarLayout:     privacyIndicatorBounds=PrivacyIndicatorBounds {static bounds=Rect(956, 0 - 1080, 70) rotation=0}
10-15 21:03:23.255  4480  4480 I AppBarLayout:     compatInsetsTypes=135
10-15 21:03:23.255  4480  4480 I AppBarLayout:     compatIgnoreVisibility=false
10-15 21:03:23.255  4480  4480 I AppBarLayout:     systemWindowInsetsConsumed=false
10-15 21:03:23.255  4480  4480 I AppBarLayout:     stableInsetsConsumed=false
10-15 21:03:23.255  4480  4480 I AppBarLayout:     displayCutoutConsumed=false
10-15 21:03:23.255  4480  4480 I AppBarLayout:     }
10-15 21:03:23.255  3358  3358 E pageboostd: Received HALT command code 2
10-15 21:03:23.256  4480  4480 I wm_on_idle_called: {com.samsung.android.app.telephonyui/com.samsung.android.app.telephonyui.netsettings.ui.NetSettingsActivity}
10-15 21:03:23.257  1241  1619 V WindowManager: Removing startingView=com.android.server.wm.StartingSurfaceController$StartingSurface@4c33aa
10-15 21:03:23.257  1241  2774 I wm_idle_activity: [0,20089168,com.samsung.android.app.telephonyui/.netsettings.ui.NetSettingsActivity]
10-15 21:03:23.257  1241  2774 D ActivityManagerPerformance: AMP_release() ACT_START
10-15 21:03:23.257  1241  2774 I SemDvfsHyPerManager: acquire hyper - AMS_RESUME_TAIL/1241@16, type = -999
10-15 21:03:23.257  1042  1090 I HYPER-HAL: [ResourceManager.cpp]removeResource(): [CPULittleMinFreq] RemoveResource Request ID : 788154
10-15 21:03:23.257  1241  2774 I SemDvfsHyPerManager: acquire hyper - AMS_ACT_LAZY/1241@17, type = -999
10-15 21:03:23.257  1241  2774 D ActivityManagerPerformance: AMP_acquire() TAIL
10-15 21:03:23.258  1241  2774 D ActivityManagerPerformance: AMP_release() APP_SWITCH
10-15 21:03:23.258  1241  2774 I power_partial_wake_state: [REL,371,*launch*:android]
10-15 21:03:23.259  1241  1619 D TaskOrganizerController: applyStartingWindowAnimation, window=Window{2395c86 u0 com.samsung.android.app.telephonyui/com.samsung.android.app.telephonyui.netsettings.ui.NetSettingsActivity}, caller=com.android.server.wm.TaskOrganizerController.removeStartingWindow:573 com.android.server.wm.StartingSurfaceController$StartingSurface.remove:280 com.android.server.wm.ActivityRecord.lambda$removeStartingWindowAnimation$6:3286 
10-15 21:03:23.259  1241  1619 I WindowManager: Reparenting to leash, surface=Surface(name=2395c86 com.samsung.android.app.telephonyui/com.samsung.android.app.telephonyui.netsettings.ui.NetSettingsActivity)/@0xc89a399, leashParent=Surface(name=ActivityRecord{1328950 u0 com.samsung.android.app.telephonyui/.netsettings.ui.NetSettingsActivity} t50275})/@0x7c9765e
10-15 21:03:23.260  1147  2809 I SurfaceFlinger: id=168084 createSurf, flag=24000, Surface(name=2395c86 com.samsung.android.app.telephonyui/com.samsung.android.app.telephonyui.netsettings.ui.NetSettingsActivity)/@0xc89a399 - animation-leash of starting_reveal#168084
10-15 21:03:23.261  1147  1147 I Layer   : Layer [com.samsung.android.app.telephonyui/com.samsung.android.app.telephonyui.netsettings.ui.NetSettingsActivity$_4480#168081] hidden!! flag(0)
10-15 21:03:23.261  1241  1619 D WindowManager: makeSurface duration=2 leash=Surface(name=Surface(name=2395c86 com.samsung.android.app.telephonyui/com.samsung.android.app.telephonyui.netsettings.ui.NetSettingsActivity)/@0xc89a399 - animation-leash of starting_reveal)/@0xd8c3a3f
10-15 21:03:23.261  1042  1090 I HYPER-HAL: [ResourceManager.cpp]removeResource(): [CPUMinFreq] RemoveResource Request ID : 788154
10-15 21:03:23.262  1042  1090 I HYPER-HAL: [RequestManager.cpp]releaseLocked(): Released ID : 788154
10-15 21:03:23.262  1042  1090 I HYPER-HAL: [RequestManager.cpp]acquire(): Acquired ID : 790669  [1241 / 16]    HINT : AMS_RESUME_TAIL    list : 
10-15 21:03:23.262  1241  1619 D ActivityTaskManager: mStartingWindow and mStartingData is null for token=ActivityRecord{1328950 u0 com.samsung.android.app.telephonyui/.netsettings.ui.NetSettingsActivity} t50275}
10-15 21:03:23.263  1241  2774 D InputDispatcher: Focus entered window (0): 2395c86 com.samsung.android.app.telephonyui/com.samsung.android.app.telephonyui.netsettings.ui.NetSettingsActivity
10-15 21:03:23.264  1241  2079 I input_focus: [Focus entering 2395c86 com.samsung.android.app.telephonyui/com.samsung.android.app.telephonyui.netsettings.ui.NetSettingsActivity (server),reason=Window became focusable. Previous reason: NOT_VISIBLE]
10-15 21:03:23.264  1042  1090 I HYPER-HAL: [ResourceManager.cpp]updateResource(): [CPUMinFreq] UpdateResource Request ID : 790669    Value : 1804800
10-15 21:03:23.264  4480  4480 I ViewRootImpl@afa230e[NetSettingsActivity]: MSG_WINDOW_FOCUS_CHANGED 1 0
10-15 21:03:23.264  4480  4480 I ViewRootImpl@afa230e[NetSettingsActivity]: mThreadedRenderer.initializeIfNeeded()#2 mSurface={isValid=true 0xb4000070b04ac000}
10-15 21:03:23.264  1042  1090 I HYPER-HAL: [RequestManager.cpp]acquire(): Acquired ID : 791928  [1241 / 17]    HINT : AMS_ACT_LAZY    list : 
10-15 21:03:23.264  4480  4480 I InputMethodManager: startInputInner - mService.startInputOrWindowGainedFocus
10-15 21:03:23.265  1042  1090 I HYPER-HAL: [ResourceManager.cpp]removeResource(): [CPULittleMinFreq] RemoveResource Request ID : 805843
10-15 21:03:23.265  2296  2382 I ViewRootImpl@1a2a2bc[phone]: mWNT: t=0xb400007095a15500 mBlastBufferQueue=0xb40000708ed44d00 fn= 2 caller= android.view.SyncRtSurfaceTransactionApplier.applyTransaction:96 android.view.SyncRtSurfaceTransactionApplier.lambda$scheduleApply$0$android-view-SyncRtSurfaceTransactionApplier:69 android.view.SyncRtSurfaceTransactionApplier$$ExternalSyntheticLambda0.onFrameDraw:4 
10-15 21:03:23.265  2296  2382 I ViewRootImpl@1a2a2bc[phone]: mWNT: t=0xb400007095a15b00 mBlastBufferQueue=0xb40000708ed44d00 fn= 2 caller= android.view.SyncRtSurfaceTransactionApplier.applyTransaction:96 android.view.SyncRtSurfaceTransactionApplier.lambda$scheduleApply$0$android-view-SyncRtSurfaceTransactionApplier:69 android.view.SyncRtSurfaceTransactionApplier$$ExternalSyntheticLambda0.onFrameDraw:4 
10-15 21:03:23.266  1241  6676 V InputMethodManagerService: Unspecified window will hide input
10-15 21:03:23.266  1241  6676 V InputMethodManagerService: hideCurrentInputLocked : canceled, shouldHideSoftInput=false, mInputShown=false, mImeWindowVis=0
10-15 21:03:23.266  1241  6676 I InputMethodBindingController: setCurrentMethodNotVisible: mVisibleBound=false, mHasConnection=true, caller = com.android.server.inputmethod.InputMethodManagerService.hideCurrentInputLocked:4339 com.android.server.inputmethod.InputMethodManagerService.startInputOrWindowGainedFocusInternalLocked:4645 com.android.server.inputmethod.InputMethodManagerService.startInputOrWindowGainedFocusInternal:4423 com.android.server.inputmethod.InputMethodManagerService.startInputOrWindowGainedFocus:4362 com.android.internal.view.IInputMethodManager$Stub.onTransact:518 com.android.server.inputmethod.InputMethodManagerService.onTransact:2285 android.os.Binder.execTransactInternal:1321 android.os.Binder.execTransact:1280 <bottom of call stack> <bottom of call stack> 
10-15 21:03:23.266  1241  6676 D InputMethodManagerService: mDesktopModeManager null!
10-15 21:03:23.266  1241  6676 V InputMethodManagerService: getDisplayIdOfInputMethodWindowToBeAdded: displayId=0
10-15 21:03:23.267  1241  6676 D InputMethodManagerService: isImeSwitcherDisabledPackage : false
10-15 21:03:23.267  1241  6676 D InputMethodManagerService: shouldShowImeSwitcherLocked : checking vis : 3
10-15 21:03:23.267  1241  6676 D InputMethodManagerService: checkDisplayOfStartInputAndUpdateKeyboard: displayId=0, mFocusedDisplayId=0
10-15 21:03:23.267  1241  6676 D InputTransport: Input channel constructed: 'ClientS', fd=830
10-15 21:03:23.267  1241  6676 D InputTransport: Input channel destroyed: 'ClientS', fd=830
10-15 21:03:23.268  1042  1090 I HYPER-HAL: [ResourceManager.cpp]removeResource(): [CPUMinFreq] RemoveResource Request ID : 805843
10-15 21:03:23.268  2262  2262 D InputTransport: Input channel destroyed: 'ClientS', fd=195
10-15 21:03:23.269  1042  1090 I HYPER-HAL: [RequestManager.cpp]releaseLocked(): Released ID : 805843
10-15 21:03:23.269  4690  4690 I HBD     : HoneyBoardService onFinishInput 
10-15 21:03:23.269  1241  4370 D RestrictionPolicy: isScreenCaptureEnabled : ret=true userId=0
10-15 21:03:23.270  4690  4690 I HBD     : a IC have been unbinding,  RemoteInputConnection{idHash=#c6dcf26}
10-15 21:03:23.270  1241  4370 I WindowManager: Cancelling animation restarting=true, leash=Surface(name=Surface(name=7c2f2f5 InputMethod)/@0x615c2cf - animation-leash of insets_animation)/@0xadd28cf
10-15 21:03:23.270  1241  4370 I WindowManager: Reparenting to original parent: Surface(name=WindowToken{1653781 type=2011 android.os.Binder@d92f768})/@0x3fc3f07, destroy=false, surface=Surface(name=7c2f2f5 InputMethod)/@0x615c2cf
10-15 21:03:23.270  4690  4690 I HBD     : HoneyBoardService [PF_CL][onFinishInput]  1 ms 
10-15 21:03:23.270  1241  4370 I WindowManager: Reparenting to leash, surface=Surface(name=7c2f2f5 InputMethod)/@0x615c2cf, leashParent=Surface(name=WindowToken{1653781 type=2011 android.os.Binder@d92f768})/@0x3fc3f07
10-15 21:03:23.271  1147  1194 I SurfaceFlinger: id=168085 createSurf, flag=24004, Surface(name=7c2f2f5 InputMethod)/@0x615c2cf - animation-leash of insets_animation#168085
10-15 21:03:23.271  4690  4690 I HBD     : HoneyBoardService [IMI] onStartInput - caller pid : 4480 , caller uid : 1001 
10-15 21:03:23.271  4690  4690 I HBD     : j updateConfigs 
10-15 21:03:23.271  4690  4690 I HBD     : j isEnabledNightMode : true 
10-15 21:03:23.271  1147  1147 D SurfaceFlinger: Display 4630946312756012673 HWC layers:
10-15 21:03:23.271  1147  1147 D SurfaceFlinger:      CLIENT | 0xb40000776272b930 | 0102 | RGBA_8888    |    0.0    0.0    0.0    0.0 |    0    0 1080   23 | bbq-wrapper#168079
10-15 21:03:23.271  1147  1147 D SurfaceFlinger:      CLIENT |              | 0000 |  Unknown  |    0.0    0.0    0.0    0.0 |    0    0 1080 2408 | DimAnimationLayer for Task=50275#168069
10-15 21:03:23.271  1147  1147 D SurfaceFlinger:      CLIENT | 0xb40000776e842f20 | 0102 | RGBA_8888    |    0.0    0.0 1080.0 2385.0 |    0   23 1080 2408 | com.samsung.android.app.telephonyui/[...].ui.NetSettingsActivity$_4480#168081
10-15 21:03:23.271  1147  1147 D SurfaceFlinger:      CLIENT | 0xb400007779422260 | 0100 | RGBA_8888    |    0.0    0.0 1080.0 2385.0 |    0   23 1080 2408 | Splash Screen com.android.phone$_2296#168066
10-15 21:03:23.271  1147  1147 D SurfaceFlinger:      CLIENT | 0xb400007779421620 | 0100 | RGBA_8888    |    0.0    0.0 1080.0   70.0 |    0    0 1080   70 | StatusBar$_2296#82
10-15 21:03:23.271  1147  1147 D SurfaceFlinger:      CLIENT | 0xb400007779421460 | 0100 | RGBA_8888    |    0.0    0.0 1080.0  135.0 |    0 2273 1080 2408 | NavigationBar0$_2296#80
10-15 21:03:23.271  1147  1147 D SurfaceFlinger: 
10-15 21:03:23.271  4690  4690 I HBD     : a IC have been binding, RemoteInputConnection{idHash=#d42f767} 
10-15 21:03:23.271  4690  4690 I HBD     : h [EditorInputType]setPrivateImeOptionsToTable privateImeOptions ( null )
10-15 21:03:23.271  4690  4690 I HBD     : b incognitoMode : false 
10-15 21:03:23.271  4690  4690 I HBD     : a needOff = true , isForceOff = false, isNullInputClass : true 
10-15 21:03:23.271  4690  4690 I HBD     : h getDefaultInputRange : UNKNOWN 
10-15 21:03:23.271  4690  4690 I HBD     : h getDefaultInputRange : UNKNOWN 
10-15 21:03:23.272  4690  4690 I HBD     : h getDefaultInputRange : UNKNOWN 
10-15 21:03:23.272  1241  4370 D WindowManager: makeSurface duration=1 leash=Surface(name=Surface(name=7c2f2f5 InputMethod)/@0x615c2cf - animation-leash of insets_animation)/@0x6b29a6a
10-15 21:03:23.273  2296  2381 I ViewRootImpl@1a2a2bc[phone]: mWNT: t=0xb40000709593b300 mBlastBufferQueue=0xb40000708ed44d00 fn= 3 caller= android.view.SyncRtSurfaceTransactionApplier.applyTransaction:96 android.view.SyncRtSurfaceTransactionApplier.lambda$scheduleApply$0$android-view-SyncRtSurfaceTransactionApplier:69 android.view.SyncRtSurfaceTransactionApplier$$ExternalSyntheticLambda0.onFrameDraw:4 
10-15 21:03:23.274  4690  4690 I HBD     : a needOff = true , isForceOff = false, isNullInputClass : true 
10-15 21:03:23.274  4690  4690 I HBD     : a update cached prediction status : false 
10-15 21:03:23.274  4690  4690 I HBD     : h getDefaultInputRange : UNKNOWN 
10-15 21:03:23.274  4690  4690 I HBD     : a currentState : 0 
10-15 21:03:23.275  4690  4690 I HBD     : a [UpdatePolicy] [post] a: 0 cl: 65537 kit: [0/0] vt: 0 ir: 1 
10-15 21:03:23.275  4690  4690 I HBD     : a [NRIC] resetNoResponseState 
10-15 21:03:23.275  4690  4690 I HBD     : a needOff = true , isForceOff = false, isNullInputClass : true 
10-15 21:03:23.275  4690  4690 I HBD     : a update cached prediction status : false 
10-15 21:03:23.276  4690  4690 I HBD     : HoneyBoardService [PF_OP][onStartInput]  5 ms 
10-15 21:03:23.277  1241  2774 D InputMethodManagerService: isImeSwitcherDisabledPackage : false
10-15 21:03:23.278  4690  4690 I InputMethodService: removeImeSurface
10-15 21:03:23.278  4690  4690 I MSHandlerLifeCycle: check: return. pkg=com.samsung.android.honeyboard isActivity=false callers=com.android.internal.policy.DecorView.setVisibility:4411 android.app.Dialog.hide:767 android.inputmethodservice.InputMethodService.removeImeSurface:1290 android.inputmethodservice.InputMethodService.scheduleImeSurfaceRemoval:1279 android.inputmethodservice.InputMethodService.-$$Nest$mscheduleImeSurfaceRemoval:0 
10-15 21:03:23.278  4690  4690 I MSHandlerLifeCycle: removeMultiSplitHandler: no exist. decor=DecorView@d98ce60[InputMethod]
10-15 21:03:23.280  1241  2555 V MdnieScenarioControlService: mAclOffEnabled : false mAclPreviewState : false mAclCompensationState : false
10-15 21:03:23.281  1147  1147 I Layer   : id=168054 removedFromDrawingState Surface(name=7c2f2f5 InputMethod)/@0x615c2cf - animation-leash of insets_animation#168054 (123)
10-15 21:03:23.281  1147  1147 I Layer   : id=103 removedFromDrawingState 7c2f2f5 InputMethod#103 (123)
10-15 21:03:23.281  1147  1147 I Layer   : id=103 addToCurrentState 7c2f2f5 InputMethod#103 (123)
10-15 21:03:23.282  1147  1147 I SurfaceFlinger: id=168054 Removed Surface(name=7c2f2f5 InputMethod)/@0x615c2cf - animation-leash of insets_animation#168054 (123)
10-15 21:03:23.282  2296  2382 I ViewRootImpl@1a2a2bc[phone]: mWNT: t=0xb4000070c0605300 mBlastBufferQueue=0xb40000708ed44d00 fn= 4 caller= android.view.SyncRtSurfaceTransactionApplier.applyTransaction:96 android.view.SyncRtSurfaceTransactionApplier.lambda$scheduleApply$0$android-view-SyncRtSurfaceTransactionApplier:69 android.view.SyncRtSurfaceTransactionApplier$$ExternalSyntheticLambda0.onFrameDraw:4 
10-15 21:03:23.282  1147  1147 I Layer   : id=168054 Destroyed Surface(name=7c2f2f5 InputMethod)/@0x615c2cf - animation-leash of insets_animation#168054
10-15 21:03:23.290  2296  2381 I ViewRootImpl@1a2a2bc[phone]: mWNT: t=0xb400007095a19100 mBlastBufferQueue=0xb40000708ed44d00 fn= 5 caller= android.view.SyncRtSurfaceTransactionApplier.applyTransaction:96 android.view.SyncRtSurfaceTransactionApplier.lambda$scheduleApply$0$android-view-SyncRtSurfaceTransactionApplier:69 android.view.SyncRtSurfaceTransactionApplier$$ExternalSyntheticLambda0.onFrameDraw:4 
10-15 21:03:23.298  2296  2382 I ViewRootImpl@1a2a2bc[phone]: mWNT: t=0xb400007095a19400 mBlastBufferQueue=0xb40000708ed44d00 fn= 6 caller= android.view.SyncRtSurfaceTransactionApplier.applyTransaction:96 android.view.SyncRtSurfaceTransactionApplier.lambda$scheduleApply$0$android-view-SyncRtSurfaceTransactionApplier:69 android.view.SyncRtSurfaceTransactionApplier$$ExternalSyntheticLambda0.onFrameDraw:4 
10-15 21:03:23.306  2296  2381 I ViewRootImpl@1a2a2bc[phone]: mWNT: t=0xb40000712e142800 mBlastBufferQueue=0xb40000708ed44d00 fn= 7 caller= android.view.SyncRtSurfaceTransactionApplier.applyTransaction:96 android.view.SyncRtSurfaceTransactionApplier.lambda$scheduleApply$0$android-view-SyncRtSurfaceTransactionApplier:69 android.view.SyncRtSurfaceTransactionApplier$$ExternalSyntheticLambda0.onFrameDraw:4 
10-15 21:03:23.315  2296  2369 D OpenGLRenderer: setSurface called with nullptr
10-15 21:03:23.315  2296  2369 D OpenGLRenderer: setSurface() destroyed EGLSurface
10-15 21:03:23.315  2296  2369 D OpenGLRenderer: destroyEglSurface
10-15 21:03:23.316  2296  2362 I ViewRootImpl@1a2a2bc[phone]: performTraversals params={(0,0)(fillxfill) sim={adjust=pan} ty=APPLICATION_STARTING fmt=TRANSLUCENT wanim=0x10302f4 alpha=0.0
10-15 21:03:23.316  2296  2362 I ViewRootImpl@1a2a2bc[phone]:   fl=81030118
10-15 21:03:23.316  2296  2362 I ViewRootImpl@1a2a2bc[phone]:   pfl=16000010
10-15 21:03:23.316  2296  2362 I ViewRootImpl@1a2a2bc[phone]:   bhv=DEFAULT
10-15 21:03:23.316  2296  2362 I ViewRootImpl@1a2a2bc[phone]:   fitSides= naviIconColor=0}
10-15 21:03:23.316  2296  2362 I ViewRootImpl@1a2a2bc[phone]: performTraversals mFirst=false windowShouldResize=false viewVisibilityChanged=true mForceNextWindowRelayout=false params={(0,0)(fillxfill) sim={adjust=pan} ty=APPLICATION_STARTING fmt=TRANSLUCENT wanim=0x10302f4 alpha=0.0
10-15 21:03:23.316  2296  2362 I ViewRootImpl@1a2a2bc[phone]:   fl=81030118
10-15 21:03:23.316  2296  2362 I ViewRootImpl@1a2a2bc[phone]:   pfl=16000010
10-15 21:03:23.316  2296  2362 I ViewRootImpl@1a2a2bc[phone]:   bhv=DEFAULT
10-15 21:03:23.316  2296  2362 I ViewRootImpl@1a2a2bc[phone]:   fitSides= naviIconColor=0}
10-15 21:03:23.317  1241  2903 I AppOps  : updateUidProcState uid: 10049 procState: 0 capability:15
10-15 21:03:23.317  1241  2774 V WindowManager: Relayout Window{a44b677 u0 Splash Screen com.android.phone}: viewVisibility=8 req=1080x2408 d0
10-15 21:03:23.317  1241  2774 D WindowManager: Set animatingExit: reason=startExitingAnimation/isExitAnimationRunningSelfOrParent win=Window{a44b677 u0 Splash Screen com.android.phone EXITING}
10-15 21:03:23.318  1382  3040 I CameraService: onUidStateChanged: uid=10049, procState is changed. (1 -> 0)
10-15 21:03:23.320  1241  2774 V WindowManager: Relayout hash=a44b677, pid=2296, syncId=-1: mAttrs={(0,0)(fillxfill) sim={adjust=pan} ty=APPLICATION_STARTING fmt=TRANSLUCENT wanim=0x10302f4 alpha=0.0
10-15 21:03:23.320  1241  2774 V WindowManager:   fl=81030118
10-15 21:03:23.320  1241  2774 V WindowManager:   pfl=16000010
10-15 21:03:23.320  1241  2774 V WindowManager:   bhv=DEFAULT
10-15 21:03:23.320  1241  2774 V WindowManager:   fitSides= naviIconColor=0}
10-15 21:03:23.322  2296  2362 I ViewRootImpl@1a2a2bc[phone]: Relayout returned: old=(0,0,1080,2408) new=(0,0,1080,2408) req=(1080,2408)8 dur=5 res=0x2 s={false 0x0} ch=true seqId=0
10-15 21:03:23.323  1241  2774 D CoreBackPreview: Window{a44b677 u0 Splash Screen com.android.phone EXITING}: Setting back callback null
10-15 21:03:23.323  2296  2362 I ViewRootImpl@1a2a2bc[phone]: dispatchDetachedFromWindow
10-15 21:03:23.324  1241  2774 D WindowManager: Starting window removed Window{a44b677 u0 Splash Screen com.android.phone EXITING}
10-15 21:03:23.324  1241  2774 I WindowManager: Cancelling animation restarting=false, leash=Surface(name=Surface(name=2395c86 com.samsung.android.app.telephonyui/com.samsung.android.app.telephonyui.netsettings.ui.NetSettingsActivity)/@0xc89a399 - animation-leash of starting_reveal)/@0xd8c3a3f
10-15 21:03:23.324  1241  2774 I WindowManager: Reparenting to original parent: Surface(name=ActivityRecord{1328950 u0 com.samsung.android.app.telephonyui/.netsettings.ui.NetSettingsActivity} t50275})/@0x7c9765e, destroy=false, surface=Surface(name=2395c86 com.samsung.android.app.telephonyui/com.samsung.android.app.telephonyui.netsettings.ui.NetSettingsActivity)/@0xc89a399
10-15 21:03:23.324  1241  2774 D InputTransport: Input channel destroyed: 'a44b677', fd=572
10-15 21:03:23.324  1241  2774 W InputManager-JNI: Input channel object 'a44b677 Splash Screen com.android.phone (client)' was disposed without first being removed with the input manager!
10-15 21:03:23.324  1241  2774 D InputTransport: Input channel destroyed: 'a44b677', fd=647
10-15 21:03:23.324  1241  2774 V WindowManager: Remove Window{a44b677 u0 Splash Screen com.android.phone EXITING}: mSurfaceController=Surface(name=Splash Screen com.android.phone$_2296)/@0x2732cd1 mAnimatingExit=true mRemoveOnExit=false mHasSurface=true surfaceShowing=true animating=true app-animation=true mWillReplaceWindow=false mDisplayFrozen=false callers=com.android.server.wm.WindowState.removeIfPossible:3041 com.android.server.wm.WindowManagerService.removeWindow:2282 com.android.server.wm.Session.remove:236 android.view.IWindowSession$Stub.onTransact:743 com.android.server.wm.Session.onTransact:188 android.os.Binder.execTransactInternal:1321 
10-15 21:03:23.326  2296  2362 D InputTransport: Input channel destroyed: 'a44b677', fd=305
10-15 21:03:23.331  1147  1147 D SurfaceFlinger: Display 4630946312756012673 HWC layers:
10-15 21:03:23.331  1147  1147 D SurfaceFlinger:      CLIENT | 0xb40000776272b930 | 0102 | RGBA_8888    |    0.0    0.0    0.0    0.0 |    0    0 1080    9 | bbq-wrapper#168079
10-15 21:03:23.331  1147  1147 D SurfaceFlinger:      CLIENT |              | 0000 |  Unknown  |    0.0    0.0    0.0    0.0 |    0    0 1080 2408 | DimAnimationLayer for Task=50275#168069
10-15 21:03:23.331  1147  1147 D SurfaceFlinger:      CLIENT | 0xb400007779421cb0 | 0102 | RGBA_8888    |    0.0    0.0 1080.0 2399.0 |    0    9 1080 2408 | com.samsung.android.app.telephonyui/[...].ui.NetSettingsActivity$_4480#168081
10-15 21:03:23.331  1147  1147 D SurfaceFlinger:      CLIENT | 0xb400007779421620 | 0100 | RGBA_8888    |    0.0    0.0 1080.0   70.0 |    0    0 1080   70 | StatusBar$_2296#82
10-15 21:03:23.331  1147  1147 D SurfaceFlinger:      CLIENT | 0xb400007779421460 | 0100 | RGBA_8888    |    0.0    0.0 1080.0  135.0 |    0 2273 1080 2408 | NavigationBar0$_2296#80
10-15 21:03:23.331  1147  1147 D SurfaceFlinger: 
10-15 21:03:23.332  1147  1147 I Layer   : id=168084 removedFromDrawingState Surface(name=2395c86 com.samsung.android.app.telephonyui/com.samsung.android.app.telephonyui.netsettings.ui.NetSettingsActivity)/@0xc89a399 - animation-leash of starting_reveal#168084 (122)
10-15 21:03:23.337  1241  2774 D AppOps  : noteOperation: reject #3 for code 105 (105) uid 1001 package com.android.phone flags: s
10-15 21:03:23.430  1147  1147 D SurfaceFlinger: Display 4630946312756012673 HWC layers:
10-15 21:03:23.430  1147  1147 D SurfaceFlinger:      DEVICE | 0xb400007779421cb0 | 0102 | RGBA_8888    |    0.0    0.0 1080.0 2408.0 |    0    0 1080 2408 | com.samsung.android.app.telephonyui/[...].ui.NetSettingsActivity$_4480#168081
10-15 21:03:23.430  1147  1147 D SurfaceFlinger:      DEVICE | 0xb400007779421620 | 0100 | RGBA_8888    |    0.0    0.0 1080.0   70.0 |    0    0 1080   70 | StatusBar$_2296#82
10-15 21:03:23.430  1147  1147 D SurfaceFlinger:      DEVICE | 0xb400007779421460 | 0100 | RGBA_8888    |    0.0    0.0 1080.0  135.0 |    0 2273 1080 2408 | NavigationBar0$_2296#80
10-15 21:03:23.430  1147  1147 D SurfaceFlinger: 
10-15 21:03:23.435  1241  1619 I WindowManager: Reparenting to original parent: Surface(name=DefaultTaskDisplayArea)/@0xd27cdc, destroy=true, surface=Surface(name=Task=50274)/@0x7f16eb8
10-15 21:03:23.436  1241  1619 V WindowManager: Setting visibility of Window{6f9f5e8 u0 com.sec.android.RilServiceModeApp/com.sec.android.RilServiceModeApp.ServiceModeApp}: false, caller=com.android.server.wm.WindowContainer.sendAppVisibilityToClients:1246 com.android.server.wm.WindowToken.setClientVisible:431 com.android.server.wm.ActivityRecord.setClientVisible:7682 com.android.server.wm.ActivityRecord.onAnimationFinished:8552 com.android.server.wm.WindowContainer.doAnimationFinished:3483 
10-15 21:03:23.436  2262  2262 I ViewRootImpl@e6f2f61[ServiceModeApp]: handleAppVisibility mAppVisible = true visible = false
10-15 21:03:23.437  1241  1618 I wm_destroy_activity: [0,232323694,50274,com.sec.android.RilServiceModeApp/.ServiceModeApp,finish-imm:idle]
10-15 21:03:23.437  1241  1619 I WindowManager: Reparenting to original parent: Surface(name=DefaultTaskDisplayArea)/@0xd27cdc, destroy=true, surface=Surface(name=Task=50275)/@0xc1a2b67
10-15 21:03:23.438  1241  1619 E WindowManager: win=Window{a44b677 u0 Splash Screen com.android.phone EXITING} destroySurfaces: appStopped=false cleanupOnResume=false win.mWindowRemovalAllowed=true win.mRemoveOnExit=true win.mViewVisibility=8 caller=com.android.server.wm.WindowState.onExitAnimationDone:5968 com.android.server.wm.ActivityRecord$$ExternalSyntheticLambda10.accept:2 java.util.ArrayList.forEach:1262 com.android.server.wm.ActivityRecord.onAnimationFinished:8569 com.android.server.wm.WindowContainer.doAnimationFinished:3483 com.android.server.wm.WindowContainer.onAnimationFinished:3495 com.android.server.wm.Task.onAnimationFinished:8634 
10-15 21:03:23.439  1241  1619 I WindowManager: Destroying surface Surface(name=Splash Screen com.android.phone$_2296)/@0x2732cd1 called by com.android.server.wm.WindowStateAnimator.destroySurface:942 com.android.server.wm.WindowStateAnimator.destroySurfaceLocked:536 com.android.server.wm.WindowState.destroySurfaceUnchecked:4304 com.android.server.wm.WindowState.destroySurface:4278 com.android.server.wm.WindowState.onExitAnimationDone:5968 com.android.server.wm.ActivityRecord$$ExternalSyntheticLambda10.accept:2 java.util.ArrayList.forEach:1262 com.android.server.wm.ActivityRecord.onAnimationFinished:8569 
10-15 21:03:23.440  2262 16542 D OpenGLRenderer: setSurface called with nullptr
10-15 21:03:23.440  2262 16542 D OpenGLRenderer: setSurface() destroyed EGLSurface
10-15 21:03:23.440  2262 16542 D OpenGLRenderer: destroyEglSurface
10-15 21:03:23.442  2262  2262 I ViewRootImpl@e6f2f61[ServiceModeApp]: performTraversals mFirst=false windowShouldResize=false viewVisibilityChanged=true mForceNextWindowRelayout=false params=null
10-15 21:03:23.446  1241  2774 V WindowManager: Relayout Window{6f9f5e8 u0 com.sec.android.RilServiceModeApp/com.sec.android.RilServiceModeApp.ServiceModeApp}: viewVisibility=8 req=1080x2408 d0
10-15 21:03:23.447  1147  1147 I Layer   : id=168066 removedFromDrawingState Splash Screen com.android.phone$_2296#168066 (122)
10-15 21:03:23.448  1147  1147 I Layer   : id=168068 removedFromDrawingState Surface(name=Task=50274)/@0x7f16eb8 - animation-leash of app_transition#168068 (122)
10-15 21:03:23.448  1147  1147 I Layer   : id=168075 removedFromDrawingState Bottom Edge Extension#168075 (122)
10-15 21:03:23.448  1147  1147 I Layer   : id=168076 removedFromDrawingState bbq-wrapper#168076 (122)
10-15 21:03:23.448  1147  1147 I Layer   : id=168075 removedFromDrawingState Bottom Edge Extension#168075 (122)
10-15 21:03:23.448  1147  1147 I Layer   : id=168076 removedFromDrawingState bbq-wrapper#168076 (122)
10-15 21:03:23.448  1147  1147 I Layer   : id=168070 removedFromDrawingState Surface(name=Task=50275)/@0xc1a2b67 - animation-leash of app_transition#168070 (122)
10-15 21:03:23.448  1147  1147 I Layer   : id=168078 removedFromDrawingState Top Edge Extension#168078 (122)
10-15 21:03:23.448  1147  1147 I Layer   : id=168079 removedFromDrawingState bbq-wrapper#168079 (122)
10-15 21:03:23.448  1147  1147 I Layer   : Layer [com.sec.android.RilServiceModeApp/com.sec.android.RilServiceModeApp.ServiceModeApp$_2262#168048] hidden!! flag(1)
10-15 21:03:23.448  1147  1147 I Layer   : id=168065 removedFromDrawingState a44b677 Splash Screen com.android.phone#168065 (122)
10-15 21:03:23.449  1147  1147 I Layer   : id=168078 removedFromDrawingState Top Edge Extension#168078 (122)
10-15 21:03:23.449  1147  1147 I Layer   : id=168079 removedFromDrawingState bbq-wrapper#168079 (122)
10-15 21:03:23.449  1147  1147 I Layer   : id=168069 removedFromDrawingState DimAnimationLayer for Task=50275#168069 (122)
10-15 21:03:23.449  1147  1147 I Layer   : Layer [Splash Screen com.android.phone$_2296#168066] hidden!! flag(1)
10-15 21:03:23.449  1147  1147 I SurfaceFlinger: id=168079 Removed bbq-wrapper#168079 (122)
10-15 21:03:23.449  1147  1147 I SurfaceFlinger: id=168076 Removed bbq-wrapper#168076 (122)
10-15 21:03:23.449  1147  1147 I SurfaceFlinger: id=168075 Removed Bottom Edge Extension#168075 (122)
10-15 21:03:23.449  1147  1147 I SurfaceFlinger: id=168065 Removed a44b677 Splash Screen com.android.phone#168065 (122)
10-15 21:03:23.449  1147  1147 I SurfaceFlinger: id=168078 Removed Top Edge Extension#168078 (122)
10-15 21:03:23.450  1147  1147 I SurfaceFlinger: id=168069 Removed DimAnimationLayer for Task=50275#168069 (122)
10-15 21:03:23.450  1147  1147 I SurfaceFlinger: id=168066 Removed Splash Screen com.android.phone$_2296#168066 (122)
10-15 21:03:23.450  1147  1147 I SurfaceFlinger: id=168070 Removed Surface(name=Task=50275)/@0xc1a2b67 - animation-leash of app_transition#168070 (122)
10-15 21:03:23.450  1147  1147 I SurfaceFlinger: id=168068 Removed Surface(name=Task=50274)/@0x7f16eb8 - animation-leash of app_transition#168068 (122)
10-15 21:03:23.450  1147  1147 I Layer   : id=168065 Destroyed a44b677 Splash Screen com.android.phone#168065
10-15 21:03:23.450  1241  1618 I wm_destroy_activity: [0,58586585,50275,com.android.phone/com.samsung.telephonyui.activities.SamsungMobileNetworkSettingsActivity,finish-imm:idle]
10-15 21:03:23.450  1147  1147 I Layer   : id=168066 Destroyed Splash Screen com.android.phone$_2296#168066
10-15 21:03:23.451  1147  1147 I Layer   : id=168068 Destroyed Surface(name=Task=50274)/@0x7f16eb8 - animation-leash of app_transition#168068
10-15 21:03:23.451  1147  1147 I Layer   : id=168075 Destroyed Bottom Edge Extension#168075
10-15 21:03:23.451  1147  1147 I Layer   : id=168076 Destroyed bbq-wrapper#168076
10-15 21:03:23.451  1147  1147 I Layer   : id=168070 Destroyed Surface(name=Task=50275)/@0xc1a2b67 - animation-leash of app_transition#168070
10-15 21:03:23.451  1147  1147 I Layer   : id=168078 Destroyed Top Edge Extension#168078
10-15 21:03:23.451  1147  1147 I Layer   : id=168079 Destroyed bbq-wrapper#168079
10-15 21:03:23.451  1241  2774 V WindowManager: Relayout hash=6f9f5e8, pid=2262, syncId=-1: mAttrs={(0,0)(fillxfill) sim={adjust=resize forwardNavigation} ty=BASE_APPLICATION wanim=0x10302f4
10-15 21:03:23.451  1241  2774 V WindowManager:   fl=81810100
10-15 21:03:23.451  1241  2774 V WindowManager:   pfl=12020040
10-15 21:03:23.451  1241  2774 V WindowManager:   bhv=DEFAULT
10-15 21:03:23.451  1241  2774 V WindowManager:   fitSides= naviIconColor=0}
10-15 21:03:23.452  1147  1147 I Layer   : id=168069 Destroyed DimAnimationLayer for Task=50275#168069
10-15 21:03:23.455  2262  2262 I ViewRootImpl@e6f2f61[ServiceModeApp]: Relayout returned: old=(0,0,1080,2408) new=(0,0,1080,2408) req=(1080,2408)8 dur=12 res=0x2 s={false 0x0} ch=true seqId=0
10-15 21:03:23.456  2262  2262 I ViewRootImpl@e6f2f61[ServiceModeApp]: stopped(true) old = false
10-15 21:03:23.456  2262  2262 I ViewRootImpl@e6f2f61[ServiceModeApp]: WindowStopped on com.sec.android.RilServiceModeApp/com.sec.android.RilServiceModeApp.ServiceModeApp set to true
10-15 21:03:23.457  2262  2262 I wm_on_stop_called: [232323694,com.sec.android.RilServiceModeApp.ServiceModeApp,LIFECYCLER_STOP_ACTIVITY]
10-15 21:03:23.458  2262  2262 I MSHandlerLifeCycle: check: return. Multi-window not supported pkg=com.sec.android.RilServiceModeApp
10-15 21:03:23.458  2262  2262 I MSHandlerLifeCycle: removeMultiSplitHandler: no exist. decor=DecorView@cd01cf3[ServiceModeApp]
