10-11 16:23:57.673  1294  1294 I Telecom : Event: RecordEntry TC@1487: ICS_ADD_CALL, onConnected - [ComponentInfo{com.google.android.googlequicksearchbox/com.google.android.libraries.search.assistant.performer.communication.IncomingCallInCallService} supportsExternal? false supportsSelfMg?false supportsAllowedSelfMg?false], 4: ICSBC.oSC(cgag)@nQY
10-11 16:23:57.673  1294  1294 I Telecom : InCallController: 1 calls sent to InCallService.: ICSBC.oSC(cgag)@nQY
10-11 16:23:57.673 21545 21545 D Telecom-InCallService: handleMessage: SET_IN_CALL_ADAPTER
10-11 16:23:57.673 21545 21829 D Telecom-InCallService: InCallServiceBinder - addCall: id(TC@1487), state(CONNECTING), [Capabilities:]
10-11 16:23:57.673 21545 21545 D Telecom-InCallService: handleMessage: ADD_CALL
10-11 16:23:57.674 21545 21545 D Telecom-Call: internalUpdate - stateChanged: false, detailsChanged: true, videoCallChanged: false, isRttChanged: false, rttModeChanged: false, cannedTextResChanged: false, parentChanged: false, childrenChanged: false, activeChildChanged: false
10-11 16:23:57.674 21545 21545 D Telecom-InCallService: handleMessage: ON_CALL_AUDIO_STATE_CHANGED
10-11 16:23:57.674 21545 21545 D Telecom-InCallService: handleMessage: ON_CAN_ADD_CALL_CHANGED
10-11 16:23:57.674 27876 27876 I SCallUI : ClearCoverRepository - setUp
10-11 16:23:57.674 27876 27876 W ScoverManager: registerListener : This device is not supported cover
10-11 16:23:57.674 27876 27876 W ScoverManager: getCoverState : This device is not supported cover
10-11 16:23:57.674 27876 27876 I SCallUI : AccountRepository - CallUIPerf: setUp
10-11 16:23:57.675  2260  2260 I FaceWidgetPositionAlgorithm: getClockContainerHeight() supplier = 290, bottom margin = 0, real height = 535
10-11 16:23:57.675  1154  1154 D SurfaceFlinger: GPIS:: requestGPIS
10-11 16:23:57.675  2260  2260 I FaceWidgetPositionAlgorithm: getClockContainerHeight() supplier = 290, bottom margin = 68, real height = 535
10-11 16:23:57.676  2260  2260 I FaceWidgetPositionAlgorithm: getMediaContainerHeight() height = 0 container Visibility = 8, isValid = false, mIsDozing = false, fraction = 1.0, source = 0, target = 0
10-11 16:23:57.676  2260  2260 I FaceWidgetPositionAlgorithm: getMediaContainerHeight() supplier = 0
10-11 16:23:57.676 30814 30814 I TelephonyDataSource: [D] getSlotId(1) : 0
10-11 16:23:57.676 30814 30814 I TelephonyDataSource: [D] isMultiSimModel - getActiveModemCount() : 1
10-11 16:23:57.676 30814 30814 I SimModel: [D] isMultiSimModel : false
10-11 16:23:57.676 30814 30814 I SimModel: [D] isMultiSimInserted : false
10-11 16:23:57.676 30814 30814 I SimModel: [D] No Multi Sim isPreferredSimAlwaysAsk false
10-11 16:23:57.676 30814 30814 I RCS-ImsCommonModel: [D] isSimMobility : false
10-11 16:23:57.677  2614  2970 I ImsServiceStub<0>: isServiceAvailable: VoImsFeature : (mmtel-video) is not supported
10-11 16:23:57.677  1294  3005 I Telecom:SamsungCallAudioModeStateMachine: isAutoAnsweringModeOn: false
10-11 16:23:57.677 30814 30814 I OpenCommunicationModel: [D] getVideoCallType() isViLteEnabled : false, videoMethod : 
10-11 16:23:57.677  1294  3005 V AS.AudioService: setMode(mode=2, pid=1294, uid=1000, caller=com.android.server.telecom)
10-11 16:23:57.677 30814 30814 I RCS-DuoUiVideoCall: [D] getDialerDuoIcon type : 4
10-11 16:23:57.677 30814 30814 I RCS-DuoModel: [D] duo version : 172
10-11 16:23:57.678 30814 30814 I RCS-DuoModel: [D] enabled : 0, isDuoLauncherEnabled : true
10-11 16:23:57.678 30814 30814 I RCS-DuoModel: [D] duo version : 172
10-11 16:23:57.678  1294  2214 D MediaSessionRecord: registering controller callback android.media.session.ISessionControllerCallback$Stub$Proxy@98cb631 from controllercom.android.systemui
10-11 16:23:57.678 30814 30814 I RCS-DuoModel: [D] enabled : 0, isDuoLauncherEnabled : true
10-11 16:23:57.678  1294  3005 V AS.AudioService: setMode(2) adding handler for pid=1294
10-11 16:23:57.679  1294  2127 V AS.AudioService: onUpdateAudioMode() new mode: 2, current mode: 0 requested mode: 2
10-11 16:23:57.679  1294  3002 I Telecom : CallAudioRouteStateMachine: Message received: SWITCH_FOCUS=4001, arg1=2: TSI.hCI->CM.fOCP->CM.sOCPA->CM.dSMCP->CM.dSPA->CM.sRCQ->CM.pASP->CAMSM.pM_2001->CARSM.pM_SWITCH_FOCUS@nP4
10-11 16:23:57.679  1294  3002 I Telecom : QuiescentEarpieceRoute: Processing message SWITCH_FOCUS: TSI.hCI->CM.fOCP->CM.sOCPA->CM.dSMCP->CM.dSPA->CM.sRCQ->CM.pASP->CAMSM.pM_2001->CARSM.pM_SWITCH_FOCUS@nP4
10-11 16:23:57.679  1294  3002 D BluetoothAdapter: getActiveDevices(profile= HEARING_AID)
10-11 16:23:57.679  2260  2260 D DisplayLifecycle: updateDisplay id = 0
10-11 16:23:57.680  1294  3005 I Telecom:SamsungCallAudioModeStateMachine: unMarkShouldControlEngine
10-11 16:23:57.680 30814 30814 I TelephonyDataSource: [D] getDefaultVoiceSubscriptionId : 1
10-11 16:23:57.681  1294  2215 I Telecom:SamsungTelecomServiceImpl: getPhoneAccount - PhoneAccountHandle : ComponentInfo{com.android.phone/com.android.services.telephony.TelephonyConnectionService}, 1, UserHandle{0} / callingPid : 27876 / processName : sts
10-11 16:23:57.681  3151  3205 E BluetoothAdapterService: getActiveDevices: HearingAidService is null
10-11 16:23:57.682 27876 27876 I SCallUI : TelephonyManagerModelImpl - getSubscriptionIdByPhoneAccount(extras), subscription id : 1
10-11 16:23:57.682 27876 27876 I SCallUI : TelephonyManagerModelImpl - getPhoneIdByPhoneAccount(extras), phoneId id : 0
10-11 16:23:57.682 27876 27876 I SCallUI : CallFeature:  - RuntimeSimFeature {313340, ETC, ETC, hd_icon_delta:NONE, []}
10-11 16:23:57.682  1294  3002 I Telecom : Event: RecordEntry TC@1487: AUDIO_ROUTE, Leaving state QuiescentEarpieceRoute: TSI.hCI->CM.fOCP->CM.sOCPA->CM.dSMCP->CM.dSPA->CM.sRCQ->CM.pASP->CAMSM.pM_2001->CARSM.pM_SWITCH_FOCUS@nP4
10-11 16:23:57.682  1294  3002 I Telecom : Event: RecordEntry TC@1487: AUDIO_ROUTE, Entering state ActiveEarpieceRoute: TSI.hCI->CM.fOCP->CM.sOCPA->CM.dSMCP->CM.dSPA->CM.sRCQ->CM.pASP->CAMSM.pM_2001->CARSM.pM_SWITCH_FOCUS@nP4
10-11 16:23:57.683  1294  3002 I Telecom : Event: RecordEntry TC@1487: AUDIO_ROUTE_EARPIECE, null: TSI.hCI->CM.fOCP->CM.sOCPA->CM.dSMCP->CM.dSPA->CM.sRCQ->CM.pASP->CAMSM.pM_2001->CARSM.pM_SWITCH_FOCUS@nP4
10-11 16:23:57.683  1294  3002 I Telecom : CallAudioRouteStateMachine: turning speaker phone false: TSI.hCI->CM.fOCP->CM.sOCPA->CM.dSMCP->CM.dSPA->CM.sRCQ->CM.pASP->CAMSM.pM_2001->CARSM.pM_SWITCH_FOCUS@nP4
10-11 16:23:57.684   961  1955 D audio_hw_primary: adev_set_mode: mode 2 , prev_mode 0 
10-11 16:23:57.684  1294  3002 V AS.AudioDeviceBroker: requestedCommunicationDevice, device: null mode owner pid: 0
10-11 16:23:57.684  1123  1959 V APM_AudioPolicyManager: setPhoneState() state 2
10-11 16:23:57.684  1123  1959 I APM_AudioPolicyManager: setPhoneState() teardownOffload for state 2
10-11 16:23:57.685 30814 30814 I TelephonyDataSource: [D] getSlotId(1) : 0
10-11 16:23:57.685 30814 30814 I RCS-ImsUiCallCommon: [D] getDialerVoiceCallIcon forceSetVoWifi : false, slotId : 0
10-11 16:23:57.685 30814 30814 I TelephonyDataSource: [D] isMultiSimModel - getActiveModemCount() : 1
10-11 16:23:57.685 30814 30814 I SimModel: [D] isMultiSimModel : false
10-11 16:23:57.685 30814 30814 I SimModel: [D] isMultiSimInserted : false
10-11 16:23:57.685 30814 30814 I SimModel: [D] No Multi Sim isPreferredSimAlwaysAsk false
10-11 16:23:57.685 30814 30814 I RCS-ImsCommonModel: [D] isVowifiEnabled for sim1 : false
10-11 16:23:57.685  1294  1294 D Telecom:SamsungNewOutgoingCallInfo: isIntentReceived : false
10-11 16:23:57.685  1294  1294 D Telecom:SamsungNewOutgoingCallInfo: setIntentReceiveStatus : true
10-11 16:23:57.685 30814 30814 I TelephonyDataSource: [D] getDefaultVoiceSubscriptionId : 1
10-11 16:23:57.686  1294  1294 I Telecom : Event: RecordEntry TC@1487: NEW_OUTGOING_CALL, state=CONNECTING, orig=72******17, result=72******17, number=72******17, true: NOCBIR.oR@nQk
10-11 16:23:57.686  1294  1294 I Telecom : NewOutgoingCallBroadcastIntentReceiver: Received new-outgoing-call-broadcast for [Call id=TC@1487, state=CONNECTING, tpac=ComponentInfo{com.android.phone/com.android.services.telephony.TelephonyConnectionService}, 1, UserHandle{0}, cmgr=null, handle=tel:**********, vidst=A, childs(0), has_parent(false), cap=[], prop=[]], voip=falsecaps=[Capabilities:], props=[Properties:], conf(false), had_child(false) with data ***: NOCBIR.oR@nQk
10-11 16:23:57.687  1294  1294 D CmcSettingManager: init : CmcSettingManager version : 1.4.1
10-11 16:23:57.687  1294  1294 D CmcSettingManager: context : com.android.server.telecom.components.TelecomService@6a40728
10-11 16:23:57.687  1294  1294 D CmcSettingManager: cur version : 5.0.00.27
10-11 16:23:57.687  1294  1294 D CmcSettingManager: getOwnDeviceType
10-11 16:23:57.687  1294  1294 D CmcSettingManager: own device type - db : pd
10-11 16:23:57.687  1294  1294 D CmcSettingManager: deInit
10-11 16:23:57.687  1294  1294 D CmcSettingManager: unregisterListener : all
10-11 16:23:57.687  1294  1294 D CmcSettingManager: context : com.android.server.telecom.components.TelecomService@6a40728
10-11 16:23:57.687  1294  1294 I Telecom : NewOutgoingCallIntentBroadcaster: Placing call immediately instead of waiting for OutgoingCallBroadcastReceiver: NOCBIR.oR@nQk
10-11 16:23:57.687  1294  1294 I Telecom : CallsManager: Creating a new outgoing call with handle: tel:**********: NOCBIR.oR@nQk
10-11 16:23:57.687  1294  1294 I Telecom:SamsungRestrictionPolicyHelper: canShowCallerIdIncomingCall, call is not incoming
10-11 16:23:57.687  1294  1294 I Telecom:SamsungCallNotifier: setGatewayInfo : null
10-11 16:23:57.687  1294  1294 I Telecom:SamsungModeRepositoryImpl: isConnectedMirrorLink : false
10-11 16:23:57.687  1294  1294 I Telecom:SamsungBluetoothManager: isBluetoothWatchSingleConnected false
10-11 16:23:57.688  1294  1294 I Telecom : Event: RecordEntry TC@1487: AUDIO_INFO, setStartWithSpeakerphoneOn=false: NOCBIR.oR@nQk
10-11 16:23:57.688  1294  1294 I Telecom:SamsungBluetoothManager: isBluetoothWatchSingleConnected false
10-11 16:23:57.688  1294  2999 I Telecom : BluetoothRouteManager: Message received: GET_CURRENT_STATE.: NOCBIR.oR->BRM.pM_400@nQk
10-11 16:23:57.688  1294  1294 I Telecom:SamsungModeRepositoryImpl: isConnectedMirrorLink : false
10-11 16:23:57.688  1294  1294 I Telecom:SamsungSpeakerphoneOnDecisionMaker: isVerticalFolded false
10-11 16:23:57.688  1294  1294 I Telecom:SamsungSpeakerphoneOnDecisionMaker: isVerticalFolded false
10-11 16:23:57.688  1294  1294 I Telecom:SamsungSpeakerphoneOnDecisionMaker: useSpeaker - isVerticalFolded() : false, isUnfoldedAnswer : false
10-11 16:23:57.688  1294  1294 I Telecom : Event: RecordEntry TC@1487: PLACE_OUTGOING_CALL, call=[Call id=TC@1487, state=CONNECTING, tpac=ComponentInfo{com.android.phone/com.android.services.telephony.TelephonyConnectionService}, 1, UserHandle{0}, cmgr=null, handle=tel:**********, vidst=A, childs(0), has_parent(false), cap=[], prop=[]], voip=falsecaps=[Capabilities:], props=[Properties:], conf(false), had_child(false), phoneAccountHandle=ComponentInfo{com.android.phone/com.android.services.telephony.TelephonyConnectionService}, 1, UserHandle{0}, callHandle=tel:72******17, startWithSpeakerphoneOn=false, videoState=Audio Only, emergencyCall=false, networkIdentifiedEmergencyCall=false, isOutgoingCallPermitted=true, requireCallCapableAccountByHandle=false: NOCBIR.oR@nQk
10-11 16:23:57.689 30814 30814 I TelephonyDataSource: [D] getSlotId(1) : 0
10-11 16:23:57.689 30814 30814 I DeviceConfigurationModel: [D] TTY slot: 0
10-11 16:23:57.690 30814 30814 I DeviceConfigurationModel: [D] isTtyOn : false TtyOption: 0 ttyKeyBoard: false
10-11 16:23:57.690 30814 30814 I DialpadButtonHelper: [D] layoutType : 20
10-11 16:23:57.690  1294  1294 I Telecom : PhoneAccountRegistrar: getSimCallManager: SimCallManager for subId 1 queried, returning: null: NOCBIR.oR@nQk
10-11 16:23:57.691  1294  1294 I Telecom : CreateConnectionProcessor: Trying attempt CallAttemptRecord(ComponentInfo{com.android.phone/com.android.services.telephony.TelephonyConnectionService}, 1, UserHandle{0},ComponentInfo{com.android.phone/com.android.services.telephony.TelephonyConnectionService}, 1, UserHandle{0}): NOCBIR.oR@nQk
10-11 16:23:57.691  1294  1294 I Telecom:SamsungPhoneAccountInfo: setTargetPhoneAccount : ComponentInfo{com.android.phone/com.android.services.telephony.TelephonyConnectionService}, 1, UserHandle{0}
10-11 16:23:57.691 30814 30814 I DialpadPresenter: [D] changeDialpadVisibility : false
10-11 16:23:57.691 30814 30814 I DialpadFragment: [D] hasNumber : false
10-11 16:23:57.691 30814 30814 I DialPadEventHandler: [D] onDialNumberChanged : true, false
10-11 16:23:57.691 30814 30814 I TabViewManager: [D] setTabsContainerVisibility : visibility is 0
10-11 16:23:57.691 30814 30814 I RCS-ImsUiVideoCallCommon: [D] checkImsVtCallEnabled(0)
10-11 16:23:57.691 30814 30814 I RCS-ImsUiVideoCallCommon: [D] DM_ITEM_VIDEO_ENABLED(SIM1) is not available
10-11 16:23:57.691 30814 30814 I RCS-ImsUiVideoCallCommon: [D] ImsContactsConstants.VT_STATE.NOT_SUPPORT
10-11 16:23:57.691 30814 30814 I RCS-ImsUiVideoCallCommon: [D] Sim slot ID : 0, VtCallState : 0
10-11 16:23:57.691 30814 30814 I TelephonyDataSource: [D] isMultiSimModel - getActiveModemCount() : 1
10-11 16:23:57.691 30814 30814 I SimModel: [D] isMultiSimModel : false
10-11 16:23:57.691 30814 30814 I DialpadFragment: [D]  changeDialpadVisibility : has number is false
10-11 16:23:57.691 30814 30814 I DialpadFragment: [D] hasNumber : false
10-11 16:23:57.691 30814 30814 I DialPadEventHandler: [D] onDialNumberChanged : true, false
10-11 16:23:57.691 30814 30814 I TabViewManager: [D] setTabsContainerVisibility : visibility is 0
10-11 16:23:57.692  1294  3006 I Telecom : ConnectionServiceFocusManager: handleRequestFocus req = com.android.server.telecom.ConnectionServiceFocusManager$FocusRequest@740c8a2: NOCBIR.oR->CSFM.rF@nQk
10-11 16:23:57.692  1294  3006 I Telecom:Telecom_Timing: BIND_CS for GANGA
10-11 16:23:57.692  1294  3006 I Telecom : Logging.Events: Non-call EVENT: BIND_CS, ComponentInfo{com.android.phone/com.android.services.telephony.TelephonyConnectionService}: NOCBIR.oR->CSFM.rF@nQk
10-11 16:23:57.698  1294  3006 I Telecom : Event: RecordEntry TC@1487: REQUEST_START_CONNECTION, isIncoming=false, true, phoneAccount=ComponentInfo{com.android.phone/com.android.services.telephony.TelephonyConnectionService}, 1, UserHandle{0}, targetPhoneAccount=ComponentInfo{com.android.phone/com.android.services.telephony.TelephonyConnectionService}, 1, UserHandle{0}, isSelfManaged=false, isEmergencyCall=false, connectionAttempt=1, attemptRecords=1: NOCBIR.oR->CSFM.rF@nQk
10-11 16:23:57.698 30814 30814 I wm_on_top_resumed_gained_called: [159809140,com.samsung.android.dialer.DialtactsActivity,topWhenResuming]
10-11 16:23:57.698 30814 30814 I DecorView: notifyKeepScreenOnChanged: keepScreenOn=false
10-11 16:23:57.698  1294  3006 I Telecom : ConnectionServiceWrapper: createConnection([Call id=TC@1487, state=CONNECTING, tpac=ComponentInfo{com.android.phone/com.android.services.telephony.TelephonyConnectionService}, 1, UserHandle{0}, cmgr=ComponentInfo{com.android.phone/com.android.services.telephony.TelephonyConnectionService}, 1, UserHandle{0}, handle=tel:**********, vidst=A, childs(0), has_parent(false), cap=[], prop=[]], voip=falsecaps=[Capabilities:], props=[Properties:], conf(false), had_child(false)) via ComponentInfo{com.android.phone/com.android.services.telephony.TelephonyConnectionService}.: NOCBIR.oR->CSFM.rF@nQk
10-11 16:23:57.699 30814 30814 I MSHandlerLifeCycle: removeMultiSplitHandler: no exist. decor=DecorView@a3848a2[DialtactsActivity]
10-11 16:23:57.699 27876 27876 I SCallUI : AccountModel@0 - AccountFlow: SemImsManager:onConnected
10-11 16:23:57.699 30814 30814 I TabViewPresenter: [D] onMissedCallCheckCompleted : 10
10-11 16:23:57.701  1123  1959 V APM_AudioPolicyManager: getNewOutputDevices selected devices {AUDIO_DEVICE_OUT_EARPIECE, @:}
10-11 16:23:57.701  1123  1959 V APM_AudioPolicyManager: updateCallRoutingInternal device rxDevice AUDIO_DEVICE_OUT_EARPIECE, @: txDevice AUDIO_DEVICE_IN_BUILTIN_MIC, @:bottom
10-11 16:23:57.701  1123  1959 V APM_AudioPolicyManager: setOutputDevices device {AUDIO_DEVICE_OUT_EARPIECE, @:} delayMs 0
10-11 16:23:57.701  1294  2675 V WindowManager: Relayout Window{b83a1ef u0 com.samsung.android.dialer/com.samsung.android.dialer.DialtactsActivity}: viewVisibility=0 req=1080x2408 d0
10-11 16:23:57.701  2702 20169 I RecentModel: onTaskStackChangedBackground
10-11 16:23:57.701  1123  1959 V APM_AudioPolicyManager: setOutputDevices() prevDevice {AUDIO_DEVICE_OUT_EARPIECE, @:}
10-11 16:23:57.704  1294  2675 V WindowManager: Relayout hash=b83a1ef, pid=30814, syncId=-1: mAttrs={(0,0)(fillxfill) sim={state=always_hidden adjust=nothing forwardNavigation} layoutInDisplayCutoutMode=shortEdges ty=BASE_APPLICATION wanim=0x10302f4
10-11 16:23:57.704  1294  2675 V WindowManager:   fl=81810100
10-11 16:23:57.704  1294  2675 V WindowManager:   pfl=12020040
10-11 16:23:57.704  1294  2675 V WindowManager:   vsysui=2010
10-11 16:23:57.704  1294  2675 V WindowManager:   apr=LIGHT_STATUS_BARS LIGHT_NAVIGATION_BARS
10-11 16:23:57.704  1294  2675 V WindowManager:   bhv=DEFAULT
10-11 16:23:57.704  1294  2675 V WindowManager:   fitSides= naviIconColor=0}
10-11 16:23:57.705  4138  4621 I SemDvfsHyPerManager: acquire hyper - BaseTABoost/4138@17, type = 1090523139
10-11 16:23:57.705 30814 30814 I ViewRootImpl@b4e3795[DialtactsActivity]: Relayout returned: old=(0,0,1080,2408) new=(0,0,1080,2408) req=(1080,2408)0 dur=4 res=0x0 s={true 0xb4000076d741c800} ch=false seqId=0
10-11 16:23:57.706  2614  2970 I SemImsServiceStub<0>: SemRegisterImsRegistrationListener com.samsung.android.ims.SemImsRegiListener$Stub$Proxy@1a982b3
10-11 16:23:57.706   983  1076 I HYPER-HAL: [RequestManager.cpp]acquire(): Acquired ID : 8634107  [4138 / 17]    HINT :      list : [TABoost / 1] 
10-11 16:23:57.706  1123  1959 V APM_AudioPolicyManager: setOutputDevices changing device to {AUDIO_DEVICE_OUT_EARPIECE, @:}
10-11 16:23:57.707  1123  1959 V APM_AudioPolicyManager: computeVoiceVolume cannot set volume group 3 volume when is not requested for comm
10-11 16:23:57.707 30814 30814 I DialpadPresenter: [D] onCallStateChanged state : 0
10-11 16:23:57.707 30814 30814 I TelephonyDataSource: [D] isMultiSimModel - getActiveModemCount() : 1
10-11 16:23:57.707 30814 30814 I SimModel: [D] isMultiSimModel : false
10-11 16:23:57.708  1294  2724 I Telecom:SamsungTelecomServiceImpl: getPhoneAccount - PhoneAccountHandle : ComponentInfo{com.android.phone/com.android.services.telephony.TelephonyConnectionService}, 1, UserHandle{0} / callingPid : 30814 / processName : sts
10-11 16:23:57.709  1294  2675 I power_partial_wake_state: [29,IntentOp:com.google.android.gms/.chimera.GmsIntentOperationService:com.google.android.gms(disabled)]
10-11 16:23:57.711  1294  1294 I Telecom:Telecom_Timing: CS_BOUND for GANGA
10-11 16:23:57.711  1294  1294 I Telecom : ServiceBinderConnection: Service bound ComponentInfo{com.android.phone/com.android.services.telephony.TelephonyConnectionService}: SBC.oSC(cap)@nQw
10-11 16:23:57.711  1294  1294 I Telecom : Logging.Events: Non-call EVENT: CS_BOUND, ComponentInfo{com.android.phone/com.android.services.telephony.TelephonyConnectionService}: SBC.oSC(cap)@nQw
10-11 16:23:57.711  1294  1294 I Telecom : ConnectionServiceWrapper: TC -> CS[cap]: addConnectionServiceAdapter com.android.server.telecom.ConnectionServiceWrapper$Adapter@cc586b4: SBC.oSC(cap)@nQw
10-11 16:23:57.712  1294  1294 I Telecom : Event: RecordEntry TC@1487: START_CONNECTION, tel:********** via:com.android.phone: SBC.oSC(cap)@nQw
10-11 16:23:57.713   961  1955 V sec_audio_hw: sec_stream_set_parameters(13:0) : l_volume_voice=0.625000
10-11 16:23:57.713   961  1955 D audio_hw_primary: out_set_parameters: enter: usecase(1: primary-playback) kvpairs: l_volume_voice=0.625000
10-11 16:23:57.713   961  1955 D audio_hw_primary: out_set_parameters: usecase(primary-playback) new controller/stream (0/0)
10-11 16:23:57.713 27876 27889 I SCallUI : AccountModel@0 - AccountFlow: SemImsRegistration:onRegistered...
10-11 16:23:57.713 27876 27876 I SCallUI : AccountModel@0 - AccountFlow: Created.. 
10-11 16:23:57.713 27876 27876 I SCallUI : AccountRepository - AccountFlow: inserted:success, AccountModel@0{sub_id:1, phone_account_handle_id:XXX, phone_account_extras:Bundle[{com.samsung.telecom.extra.SUPPORT_VRBT=false, android.telecom.extra.SUPPORTS_VIDEO_CALLING_FALLBACK=true, com.samsung.telecom.extra.SUBSCRIPTION_ID=1, com.samsung.telecom.extra.CAN_COEXIST_ACCOUNT=true, com.samsung.telecom.extra.PHONE_ID=0, com.samsung.telecom.extra.NO_CHECK_IF_VIDEO_CAPABLE=true}], runtime_feature:RuntimeSimFeature {313340, ETC, ETC, hd_icon_delta:NONE, []}, carrier_feature:CallTypeIconFeature@0{ConfigOpStyleForHdIcon:GSM_HD,5G_SUPPORT}}
10-11 16:23:57.713 27876 27876 I SCallUI : AccountRepository - CallUIPerf: createAccountModelList: 1
10-11 16:23:57.714 27876 27876 I SCallUI : ContactRepository - registerContentObserver: 178617753
10-11 16:23:57.714  2235  3339 D SubscriptionController: [getActiveSubscriptionInfoForSimSlotIndex]+ slotIndex=0 subId={id=1 iccId= simSlotIndex=0 carrierId=2528 displayName=DISH Wireless carrierName=DISH Wireless nameSource=3 iconTint=-16746133 number= dataRoaming=0 iconBitmap=null mcc=313 mnc=340 countryIso=us isEmbedded=false nativeAccessRules=null cardString= cardId=0 portIndex=0 isOpportunistic=false groupUUID=null isGroupDisabled=false profileClass=-1 ehplmns=null hplmns=null subscriptionType=0 groupOwner=null carrierConfigAccessRules=[cert: 70D0BFCD7AE6B6E831AE7D1C16A641CB3EB489129D3A5ED168A760C94D50A8B4 pkg: null access: 0] areUiccApplicationsEnabled=true usageSetting=0}
10-11 16:23:57.714  2235  2235 D Telecom-ConnectionServiceAdapter: addAdapter - adapter: com.android.internal.telecom.IConnectionServiceAdapter$Stub$Proxy@e321004
10-11 16:23:57.716  1294  2724 I Telecom : ConnectionServiceWrapper: CS -> TC[cap]: queryRemoteConnectionServices callingPackage=com.android.phone: (...->CS.aCSA->H.CS.aCSA)->CSW.qRCS(cap)@E-E-nQw
10-11 16:23:57.716 27876 27876 I SCallUI : CallerInfoRepository - setUp
10-11 16:23:57.716  2235  3339 D SubscriptionController: [getActiveSubscriptionInfoForSimSlotIndex]+ slotIndex=0 subId={id=1 iccId= simSlotIndex=0 carrierId=2528 displayName=DISH Wireless carrierName=DISH Wireless nameSource=3 iconTint=-16746133 number= dataRoaming=0 iconBitmap=null mcc=313 mnc=340 countryIso=us isEmbedded=false nativeAccessRules=null cardString= cardId=0 portIndex=0 isOpportunistic=false groupUUID=null isGroupDisabled=false profileClass=-1 ehplmns=null hplmns=null subscriptionType=0 groupOwner=null carrierConfigAccessRules=[cert: 70D0BFCD7AE6B6E831AE7D1C16A641CB3EB489129D3A5ED168A760C94D50A8B4 pkg: null access: 0] areUiccApplicationsEnabled=true usageSetting=0}
10-11 16:23:57.716 27876 27876 I SCallUI : HiyaSmartCallRepository - setUp
10-11 16:23:57.717 27876 27876 I SCallUI : AnsweringMessageRepository - setUp
10-11 16:23:57.718 27876 31287 I SCallUI : AccountModel@0 - AccountFlow: Registered features: [smsip, mmtel]
10-11 16:23:57.718  1294  2724 I Telecom : PhoneAccountRegistrar: getSimCallManager: SimCallManager for subId 1 queried, returning: null: (...->CS.aCSA->H.CS.aCSA)->CSW.qRCS(cap)@E-E-nQw
10-11 16:23:57.719 30814 30814 I ViewRootImpl@b4e3795[DialtactsActivity]: MSG_WINDOW_FOCUS_CHANGED 1 0
10-11 16:23:57.719  1294  2724 W Telecom : ConnectionServiceWrapper: call provider also detected as SIM call manager: [ConnectionServiceWrapper componentName=ComponentInfo{com.android.phone/com.android.services.telephony.TelephonyConnectionService}]: (...->CS.aCSA->H.CS.aCSA)->CSW.qRCS(cap)@E-E-nQw
10-11 16:23:57.719 30814 30814 I InputMethodManager: startInputInner - mService.startInputOrWindowGainedFocus
10-11 16:23:57.719 27876 27876 W Settings: Setting all_sound_off has moved from android.provider.Settings.System to android.provider.Settings.Global, returning read-only value.
10-11 16:23:57.719  1294  2755 V InputMethodManagerService: Window asks to hide input
10-11 16:23:57.719  1294  2755 V InputMethodManagerService: hideCurrentInputLocked : canceled, shouldHideSoftInput=false, mInputShown=false, mImeWindowVis=0
10-11 16:23:57.720  1294  2755 I InputMethodBindingController: setCurrentMethodNotVisible: mVisibleBound=false, mHasConnection=true, caller = com.android.server.inputmethod.InputMethodManagerService.hideCurrentInputLocked:4320 com.android.server.inputmethod.InputMethodManagerService.startInputOrWindowGainedFocusInternalLocked:4683 com.android.server.inputmethod.InputMethodManagerService.startInputOrWindowGainedFocusInternal:4404 com.android.server.inputmethod.InputMethodManagerService.startInputOrWindowGainedFocus:4343 com.android.internal.view.IInputMethodManager$Stub.onTransact:509 com.android.server.inputmethod.InputMethodManagerService.onTransact:2275 android.os.Binder.execTransactInternal:1321 android.os.Binder.execTransact:1280 <bottom of call stack> <bottom of call stack> 
10-11 16:23:57.720  1294  2755 D InputMethodManagerService: mDesktopModeManager null!
10-11 16:23:57.720  1294  2755 V InputMethodManagerService: getDisplayIdOfInputMethodWindowToBeAdded: displayId=0
10-11 16:23:57.720  1294  2755 D InputMethodManagerService: isImeSwitcherDisabledPackage : false
10-11 16:23:57.720  1294  2755 D InputMethodManagerService: shouldShowImeSwitcherLocked : checking vis : 3
10-11 16:23:57.720  1294  2755 D InputMethodManagerService: checkDisplayOfStartInputAndUpdateKeyboard: displayId=0, mFocusedDisplayId=0
10-11 16:23:57.721  1294  2755 D InputTransport: Input channel constructed: 'ClientS', fd=770
10-11 16:23:57.721 27876 27876 I SCallUI : MemoRepository - setUp
10-11 16:23:57.721  1294  2755 D InputTransport: Input channel destroyed: 'ClientS', fd=770
10-11 16:23:57.721 27876 27876 I SCallUI : MemoRepository - registerContentObserver:38611622
10-11 16:23:57.723 27876 27876 I SCallUI : KnoxRepository - setUp
10-11 16:23:57.723 30814 30814 I wm_on_idle_called: {com.samsung.android.dialer/com.samsung.android.dialer.DialtactsActivity}
10-11 16:23:57.723  1294  2755 I wm_idle_activity: [0,159809140,com.samsung.android.dialer/.DialtactsActivity]
10-11 16:23:57.723  1294  2755 I SemDvfsHyPerManager: acquire hyper - AMS_RESUME_TAIL/1294@16, type = -999
10-11 16:23:57.723  1294  2755 I SemDvfsHyPerManager: acquire hyper - AMS_ACT_LAZY/1294@17, type = -999
10-11 16:23:57.723  1294  2755 D ActivityManagerPerformance: AMP_acquire() TAIL
10-11 16:23:57.723  1294  2755 D ActivityManagerPerformance: AMP_release() APP_SWITCH
10-11 16:23:57.724  1294  2755 I power_partial_wake_state: [126,*launch*:android(disabled)]
10-11 16:23:57.724 27876 27876 I SCallUI : AudioDeviceRepository - setUp
10-11 16:23:57.724  2235  2235 I TelecomFramework: TelephonyConnectionService: createConnection, callManagerAccount: ComponentInfo{com.android.phone/com.android.services.telephony.TelephonyConnectionService}, 1, UserHandle{0}, callId: TC@1487_1, request: ConnectionRequest xxxxxxxxxxxxxx <MASKED> isAdhocConf: N, isIncoming: false, isUnknown: false, isLegacyHandover: false, isHandover: false,  addSelfManaged: true: (SBC.oSC)->CS.crCo->H.CS.crCo->H.CS.crCo.pICR(cap/cast)@E-nQw
10-11 16:23:57.724  2235  2235 I Telephony: TelephonyConnectionService: onCreateOutgoingConnection, request: ConnectionRequest xxxxxxxxxxxxxx <MASKED> isAdhocConf: N
10-11 16:23:57.724 27876 27876 I SCallUI : PrimaryCallBgPlayer - setUp
10-11 16:23:57.724 27876 27876 I SCallUI : SecondaryCallBgPlayer - setUp
10-11 16:23:57.724  2235  2235 I Telephony: TelephonyConnectionService: onCreateOutgoingConnection, videoState : 0, rttTextStream : null
10-11 16:23:57.724  2235  2235 I PhoneUtils: getPhoneFromSubId, subId: 1
10-11 16:23:57.724  2235  2235 I PhoneUtils: getPhoneFromSubId, phoneSubId: 1
10-11 16:23:57.724 27876 27947 I SCallUI : KnoxRepository - query: start
10-11 16:23:57.724  2235  2235 I PhoneUtils: getPhoneFromSubId, subId: 1
10-11 16:23:57.724  2235  2235 I PhoneUtils: getPhoneFromSubId, phoneSubId: 1
10-11 16:23:57.725  2235  2235 I Telephony: SamsungCdmaCallRepository: isCdmaSubscriptionNv, isEmergencyPhoneAccount: false, isCdmaSubscriptionNvMode: false, isInServiceState: true
10-11 16:23:57.725  2235  2235 D Telephony: SamsungTelephonyConnectionService: preparePhoneForAccount: chosenPhoneID=0, preparedPhoneID=0
10-11 16:23:57.725 27876 27876 I SCallUI : ManageBluetoothRepository - setUp
10-11 16:23:57.726   983  1076 I HYPER-HAL: [RequestManager.cpp]acquire(): Acquired ID : 858721  [1294 / 16]    HINT : AMS_RESUME_TAIL    list : 
10-11 16:23:57.727  1294  2755 D SecContentProvider2: query(), uri = 14 selection = getCallScreenDisabledItems
10-11 16:23:57.728 27876 31287 I SCallUI : AudioDeviceRepository - registerAudioDeviceCallback
10-11 16:23:57.729  2235  2235 I PhoneUtils: getSubIdForPhoneAccountHandle: ComponentInfo{com.android.phone/com.android.services.telephony.TelephonyConnectionService}, 1, UserHandle{0}
10-11 16:23:57.729  2235  2235 I PhoneUtils: getPhoneFromSubId, subId: 1
10-11 16:23:57.730 27876 27947 I SCallUI : KnoxRepository - query: onSuccess, cursor count: 1, uri: XXX, timeMillis:6
10-11 16:23:57.730  2235  2235 I PhoneUtils: getPhoneFromSubId, phoneSubId: 1
10-11 16:23:57.730 30412 30412 I HBD     : HoneyBoardService onFinishInput 
10-11 16:23:57.731 30412 30412 I HBD     : a IC have been unbinding,  RemoteInputConnection{idHash=#3af7a8b}
10-11 16:23:57.731 30412 30412 I HBD     : HoneyBoardService [PF_CL][onFinishInput]  1 ms 
10-11 16:23:57.731 30412 30412 I HBD     : HoneyBoardService [IMI] onStartInput - caller pid : 30814 , caller uid : 10095 
10-11 16:23:57.731  1294  2755 D RestrictionPolicy: isScreenCaptureEnabled : ret=true userId=0
10-11 16:23:57.731 30412 30412 I HBD     : j updateConfigs 
10-11 16:23:57.731 30412 30412 I HBD     : j isEnabledNightMode : false 
10-11 16:23:57.731 30412 30412 I HBD     : a IC have been binding, RemoteInputConnection{idHash=#882f781} 
10-11 16:23:57.731 30412 30412 I HBD     : h [EditorInputType]setPrivateImeOptionsToTable privateImeOptions ( null )
10-11 16:23:57.731 30412 30412 I HBD     : b incognitoMode : false 
10-11 16:23:57.731  1294  2755 I WindowManager: Cancelling animation restarting=true, leash=Surface(name=Surface(name=10a3414 InputMethod)/@0x1077ab2 - animation-leash of insets_animation)/@0x99acdbf
10-11 16:23:57.731  1294  2755 I WindowManager: Reparenting to original parent: Surface(name=WindowToken{68998b2 type=2011 android.os.Binder@48e4abd})/@0xce0cefb, destroy=false, surface=Surface(name=10a3414 InputMethod)/@0x1077ab2
10-11 16:23:57.731 30412 30412 I HBD     : a needOff = true , isForceOff = false, isNullInputClass : true 
10-11 16:23:57.731  1294  2755 I WindowManager: Reparenting to leash, surface=Surface(name=10a3414 InputMethod)/@0x1077ab2, leashParent=Surface(name=WindowToken{68998b2 type=2011 android.os.Binder@48e4abd})/@0xce0cefb
10-11 16:23:57.732 30412 30412 I HBD     : h getDefaultInputRange : UNKNOWN 
10-11 16:23:57.732  1154  3085 I SurfaceFlinger: id=939017 createSurf, flag=24004, Surface(name=10a3414 InputMethod)/@0x1077ab2 - animation-leash of insets_animation#939017
10-11 16:23:57.732 30412 30412 I HBD     : h getDefaultInputRange : UNKNOWN 
10-11 16:23:57.732 30412 30412 I HBD     : h getDefaultInputRange : UNKNOWN 
10-11 16:23:57.732  2235  2235 I Telephony: SamsungImsRepositoryImpl: LTE NW: 20ServiceState: 0
10-11 16:23:57.732  2235  2235 D Telephony: SamsungTelephonyConnectionService: updatePhoneForAccountIfNeeded: chosenPhoneID=0, updatedPhoneID=0
10-11 16:23:57.732  2235  2235 I PhoneUtils: getPhoneFromSubId, subId: 1
10-11 16:23:57.732  2235  2235 I PhoneUtils: getPhoneFromSubId, phoneSubId: 1
10-11 16:23:57.733 27876 27876 I SCallUI : BluetoothBleModel - registerReceiver
10-11 16:23:57.733  1294  2755 D WindowManager: makeSurface duration=2 leash=Surface(name=Surface(name=10a3414 InputMethod)/@0x1077ab2 - animation-leash of insets_animation)/@0x5b5a5aa
10-11 16:23:57.733 30412 30412 I HBD     : a needOff = true , isForceOff = false, isNullInputClass : true 
10-11 16:23:57.733 30412 30412 I HBD     : a update cached prediction status : false 
10-11 16:23:57.733 30412 30412 I HBD     : h getDefaultInputRange : UNKNOWN 
10-11 16:23:57.733 30412 30412 I HBD     : a currentState : 0 
10-11 16:23:57.734   983  1076 I HYPER-HAL: [ResourceManager.cpp]updateResource(): [CPUMinFreq] UpdateResource Request ID : 858721    Value : 1804800
10-11 16:23:57.734   983  1076 I HYPER-HAL: [RequestManager.cpp]acquire(): Acquired ID : 860033  [1294 / 17]    HINT : AMS_ACT_LAZY    list : 
10-11 16:23:57.735   983  1076 I HYPER-HAL: [ResourceManager.cpp]removeResource(): [CPULittleMinFreq] RemoveResource Request ID : 869245
10-11 16:23:57.736 26589 26613 W System  : A resource failed to call AbstractCursor.close. 
10-11 16:23:57.737 26589 26613 W System  : A resource failed to call AbstractCursor.close. 
10-11 16:23:57.738 26589 26613 W System  : A resource failed to call AbstractCursor.close. 
10-11 16:23:57.738  1294  2675 D InputMethodManagerService: isImeSwitcherDisabledPackage : false
10-11 16:23:57.738 30412 30412 I HBD     : h load selected json path : /data/data/com.samsung.android.honeyboard/files/selected.json 
10-11 16:23:57.738 30412 30412 I HBD     : h load selected json info : {\"version\":\"4.1\",\"currentLanguageOrder\":0,\"selected\":[{\"activeOptionList\":[\"auto_replace\",\"auto_spacing\",\"writing_assistant\"],\"engName\":\"English\",\"id\":65537,\"inputType\":\"qwerty\",\"isUsed\":true}]} 
10-11 16:23:57.739 30412 30412 I HBD     : a [UpdatePolicy] [post] a: 0 cl: 65537 kit: [0/0] vt: 0 ir: 1 
10-11 16:23:57.739   983  1076 I HYPER-HAL: [ResourceManager.cpp]removeResource(): [CPUMinFreq] RemoveResource Request ID : 869245
10-11 16:23:57.739 30412 30412 I HBD     : a [NRIC] resetNoResponseState 
10-11 16:23:57.739   983  1076 I HYPER-HAL: [RequestManager.cpp]releaseLocked(): Released ID : 869245
10-11 16:23:57.739 30412 30412 I HBD     : a needOff = true , isForceOff = false, isNullInputClass : true 
10-11 16:23:57.739 30412 30412 I HBD     : a update cached prediction status : false 
10-11 16:23:57.739 27876 27876 I [MCFSDK_incallui_1.1.5]_McfAdapter: McfAdapter - -
10-11 16:23:57.740 30412 30412 I HBD     : HoneyBoardService [PF_OP][onStartInput]  9 ms 
10-11 16:23:57.740 30412 30412 I InputMethodService: removeImeSurface
10-11 16:23:57.741 30412 30412 I MSHandlerLifeCycle: check: return. pkg=com.samsung.android.honeyboard isActivity=false callers=com.android.internal.policy.DecorView.setVisibility:4378 android.app.Dialog.hide:771 android.inputmethodservice.InputMethodService.removeImeSurface:1290 android.inputmethodservice.InputMethodService.scheduleImeSurfaceRemoval:1279 android.inputmethodservice.InputMethodService.-$$Nest$mscheduleImeSurfaceRemoval:0 
10-11 16:23:57.741 30412 30412 I MSHandlerLifeCycle: removeMultiSplitHandler: no exist. decor=DecorView@17aafcc[InputMethod]
10-11 16:23:57.742  1154  1154 I Layer   : id=939004 removedFromDrawingState Surface(name=10a3414 InputMethod)/@0x1077ab2 - animation-leash of insets_animation#939004 (114)
10-11 16:23:57.742  1294  2675 I ActivityManager: Changes in 10094 19 to 5, 0 to 8
10-11 16:23:57.742  1294  2675 I am_uid_active: 10094
10-11 16:23:57.742  1154  1154 I SurfaceFlinger: id=939004 Removed Surface(name=10a3414 InputMethod)/@0x1077ab2 - animation-leash of insets_animation#939004 (114)
10-11 16:23:57.743  1154  1154 I Layer   : id=939004 Destroyed Surface(name=10a3414 InputMethod)/@0x1077ab2 - animation-leash of insets_animation#939004
10-11 16:23:57.744  2235  2235 D Telephony: SamsungTelephonyConnectionService: getPhoneForAccountForOutgoingCall: currentPhoneID=0, changedPhoneID=0
10-11 16:23:57.744 27876 27876 I [MCFSDK_incallui_1.1.5]_McfContext: bindService  - -
10-11 16:23:57.745 27876 27876 I SCallUI : BluetoothMcfManager - setUp - bindService is success
10-11 16:23:57.746  2235  2235 D Telephony: SamsungTelephonyConnectionService: isEmergencyNumber: phoneID=0, isEmergencyNumber=false
10-11 16:23:57.747  2235 14700 D SubscriptionController: getPhoneNumber subId : 1, SOURCE_UICC : 19862[****]
10-11 16:23:57.748 27876 27876 I SCallUI : BluetoothHeadsetModel - openBluetoothListener - failure, OFF
10-11 16:23:57.748 27876 27876 I SCallUI : RcsCapabilityRepository - RcsFlow: RcsCapabilityRepository:setUp, , timeMillis:0
10-11 16:23:57.748 27876 27876 I SCallUI : TtyModeRepository - setUp
10-11 16:23:57.748  2235 14700 I TelephonyProvider: D/TelephonyProvider: Using old permission behavior for telephony provider compat
10-11 16:23:57.749 27876 27876 I SCallUI : TtyModeRepository - Create TtyModeModelImpl: ttyMode(0)
10-11 16:23:57.749  2235  2235 I PhoneUtils: getPhoneFromSubId, subId: 1
10-11 16:23:57.750  2235  2235 I PhoneUtils: getPhoneFromSubId, phoneSubId: 1
10-11 16:23:57.750  2235  2235 I Telephony: SamsungCdmaCallRepository: isCdmaSubscriptionNv, isEmergencyPhoneAccount: false, isCdmaSubscriptionNvMode: false, isInServiceState: true
10-11 16:23:57.750  2235  2235 D Telephony: SamsungTelephonyConnectionService: preparePhoneForAccount: chosenPhoneID=0, preparedPhoneID=0
10-11 16:23:57.750  2235  2235 I PhoneUtils: getSubIdForPhoneAccountHandle: ComponentInfo{com.android.phone/com.android.services.telephony.TelephonyConnectionService}, 1, UserHandle{0}
10-11 16:23:57.750  2235  2235 I PhoneUtils: getPhoneFromSubId, subId: 1
10-11 16:23:57.750  2235  2235 I PhoneUtils: getPhoneFromSubId, phoneSubId: 1
10-11 16:23:57.751  2235  2235 I Telephony: SamsungImsRepositoryImpl: LTE NW: 20ServiceState: 0
10-11 16:23:57.751  2235  2235 D Telephony: SamsungTelephonyConnectionService: updatePhoneForAccountIfNeeded: chosenPhoneID=0, updatedPhoneID=0
10-11 16:23:57.751 27876 31287 I SCallUI : RcsCapabilityRepository - AccountFlow: createRcsSimData, RcsSimData{PhoneId:0, SubscriptionId:1}, timeMillis:3
10-11 16:23:57.751 21069 21069 I [MCFServer]_McfService: onCreate - 1.2.05.24
10-11 16:23:57.752 21069 21069 I [MCFServer]_McfMainController: start - 
10-11 16:23:57.752 27876 27876 I SCallUI : ScreenCallRepository - setUp
10-11 16:23:57.753 27876 27876 I SCallUI : ScreenCallRepository - registerContentObserver: 48237755
10-11 16:23:57.753  2235  2235 I PhoneUtils: getPhoneFromSubId, subId: 1
10-11 16:23:57.753 21069 21069 I BluetoothAdapter: STATE_BLE_ON
10-11 16:23:57.754  2235  2235 I PhoneUtils: getPhoneFromSubId, phoneSubId: 1
10-11 16:23:57.754  2235  2235 I Telephony: SamsungCdmaCallRepository: isCdmaSubscriptionNv, isEmergencyPhoneAccount: false, isCdmaSubscriptionNvMode: false, isInServiceState: true
10-11 16:23:57.754  2235  2235 D Telephony: SamsungTelephonyConnectionService: preparePhoneForAccount: chosenPhoneID=0, preparedPhoneID=0
10-11 16:23:57.754  2235  2235 I PhoneUtils: getSubIdForPhoneAccountHandle: ComponentInfo{com.android.phone/com.android.services.telephony.TelephonyConnectionService}, 1, UserHandle{0}
10-11 16:23:57.754  2235  2235 I PhoneUtils: getPhoneFromSubId, subId: 1
10-11 16:23:57.754  2235  2235 I PhoneUtils: getPhoneFromSubId, phoneSubId: 1
10-11 16:23:57.755  2235  2235 I Telephony: SamsungImsRepositoryImpl: LTE NW: 20ServiceState: 0
10-11 16:23:57.755  1123  1814 D DlbDlbEffect: handle_EFFECT_CMD_SET_DEVICE(device=0x00000001)
10-11 16:23:57.755  1123  1814 D DlbEffectContext: setDevice(00000001)
10-11 16:23:57.755  1123  1814 D DlbEndpointParamCache: setDevice(device=0x00000002)
10-11 16:23:57.755  2235  2235 D Telephony: SamsungTelephonyConnectionService: updatePhoneForAccountIfNeeded: chosenPhoneID=0, updatedPhoneID=0
10-11 16:23:57.755  1123  1814 D DlbDlbEffect: handle_EFFECT_CMD_SET_DEVICE(device=0x00000001)
10-11 16:23:57.755  1123  1814 D DlbSpatializerEffectContext: setDevice(00000001)
10-11 16:23:57.755  1123  1814 D DlbEndpointParamCache: setDevice(device=0x00000002)
10-11 16:23:57.755  1123  1814 D DlbDlbEffect: handle_EFFECT_CMD_SET_DEVICE(device=0x00000001)
10-11 16:23:57.756  1123  1814 D DlbEffectContext: setDevice(00000001)
10-11 16:23:57.756  1123  1814 D DlbEndpointParamCache: setDevice(device=0x00000002)
10-11 16:23:57.758   961  1955 D DlbDlbEffect: handle_EFFECT_CMD_SET_DEVICE(device=0x00000001)
10-11 16:23:57.758   961  1955 D DlbEffectContext: setDevice(00000001)
10-11 16:23:57.758   961  1955 D DlbEndpointParamCache: setDevice(device=0x00000002)
10-11 16:23:57.759  1123  1814 I AudioEffectExtendAction: setDevice_l empty address, empty name
10-11 16:23:57.759  1123  1814 I AudioEffectExtendAction: setDevice_l empty address, empty name
10-11 16:23:57.761   961  1955 D audio_hw_primary: adev_create_audio_patch: enter: num sources 1, num_sinks 1, handle 1
10-11 16:23:57.761   961  1955 D audio_hw_primary: adev_create_audio_patch: Playback patch from mix handle 13 to device 1
10-11 16:23:57.761   961  1955 D audio_hw_primary: route_output_stream: enter: usecase(1: primary-playback) devices 1
10-11 16:23:57.761   961  1955 D msm8974_platform: platform_set_mic_mute Setting voice mute state: 0
10-11 16:23:57.761  2235 14700 D SubscriptionController: getPhoneNumber subId : 1, SOURCE_CARRIER : null
10-11 16:23:57.761   961  1955 D voice   : voice_start_usecase: enter usecase:voicemmode1-call
10-11 16:23:57.761   961  1955 D audio_hw_primary: select_devices for use case (voicemmode1-call)
10-11 16:23:57.761   961  1955 V audio_hw_sec: sec_platform_get_output_snd_device_for_call: enter: output devices(0x1)
10-11 16:23:57.761   961  1955 V audio_hw_sec: sec_platform_get_input_snd_device_for_call: enter: out_device(0x1) in_device(0)
10-11 16:23:57.762   961  1955 I msm8974_platform: platform_check_and_set_codec_backend_cfg:becf: afe: bitwidth 24, samplerate 48000 channels 2, backend_idx 0 usecase = 38 device (call-handset)
10-11 16:23:57.762   961  1955 I msm8974_platform: platform_check_and_set_codec_backend_cfg: new_snd_devices[0] is 22
10-11 16:23:57.762   961  1955 I msm8974_platform: platform_check_codec_backend_cfg:becf: afe: bitwidth 24, samplerate 48000 channels 2, backend_idx 0 usecase = 38 device (call-handset)
10-11 16:23:57.762   961  1955 V audio_hw_sec: sec_platform_get_output_snd_device_for_call: enter: output devices(0x1)
10-11 16:23:57.762   961  1955 W msm8974_platform: platform_check_codec_backend_cfg:becf: afe:Use default bw and sr for voice/voip calls 
10-11 16:23:57.762   961  1955 V audio_hw_sec: sec_platform_get_output_snd_device_for_call: enter: output devices(0x1)
10-11 16:23:57.762   961  1955 I msm8974_platform: platform_check_codec_backend_cfg:becf: afe: Codec selected backend: 0 updated bit width: 24 and sample rate: 48000
10-11 16:23:57.762   961  1955 D audio_hw_primary: check_usecases_codec_backend:becf: force routing 1
10-11 16:23:57.762   961  1955 D audio_hw_primary: check_usecases_codec_backend:becf: (89) check_usecases curr device: call-handset, usecase device: backends match 0
10-11 16:23:57.762   961  1955 D audio_hw_primary: check_usecases_codec_backend:becf: check_usecases num.of Usecases to switch 0
10-11 16:23:57.762   961  1955 D hardware_info: hw_info_append_hw_type : device_name = call-handset
10-11 16:23:57.762   961  1955 D audio_hw_primary: enable_snd_device: snd_device(22: call-handset)
10-11 16:23:57.762   961  1955 D msm8974_platform: platform_get_island_cfg_on_device:island cfg status on snd_device = (call-handset 0)
10-11 16:23:57.762 21069 21069 I [MCFServer]_McfMainController: updateStandAloneBleMode - isStandAloneBleMode/SubscriberCallbacks.size()/CasterCallbacks.size()/BleAdapterCallbacks.size() = (false/0/0/0)
10-11 16:23:57.762  2235 14700 I TelephonyProvider: D/TelephonyProvider: Using old permission behavior for telephony provider compat
10-11 16:23:57.762   961  1955 D audio_route: Apply path: call-handset
10-11 16:23:57.763 21069 21069 I [MCFServer]_McfService: onBind - action :com.samsung.mcfserver.MCF , caller :com.samsung.android.incallui
10-11 16:23:57.763 21069 31298 I [MCFServer]_ContactHelper: setMySamsungAccountHash - hash : 
10-11 16:23:57.768  2235  2235 I Telephony: SamsungFailedConnectionBase: isEmergencyNumber: false
10-11 16:23:57.770  2235  2235 D CmcSettingManager: getOwnDeviceType
10-11 16:23:57.770  2235  2235 D CmcSettingManager: own device type - db : pd
10-11 16:23:57.770  2235  2235 I Telephony: SamsungCmcRepositoryImpl: hasSdCallOnPd, isPdDevice: true, hasSdCallOnPd: false
10-11 16:23:57.770  2235  2235 D CmcSettingManager: getOwnDeviceType
10-11 16:23:57.770   961  1955 I msm8974_platform: platform_check_and_set_capture_codec_backend_cfg:txbecf: afe: bitwidth 16, samplerate 48000, channel 1 format 1, backend_idx 8 usecase = 38 device (call-handset-mic)
10-11 16:23:57.770  2235  2235 D CmcSettingManager: own device type - db : pd
10-11 16:23:57.770   961  1955 I msm8974_platform: platform_check_capture_codec_backend_cfg:txbecf: afe: Codec selected backend: 8 current bit width: 16 and sample rate: 48000, channels 1 format 1
10-11 16:23:57.770   961  1955 W msm8974_platform: platform_check_capture_codec_backend_cfg:txbecf: afe: Use default bw and sr for voice/voip calls and for unprocessed/camera source
10-11 16:23:57.770   961  1955 I msm8974_platform: platform_check_capture_codec_backend_cfg:txbecf: afe: current backend bit_width 16 sample_rate 48000 channels 1, format 0
10-11 16:23:57.770   961  1955 I msm8974_platform: platform_check_capture_codec_backend_cfg:txbecf: afe: Codec backend needs to be updated. new bit width: 16 new sample rate: 48000 new channel: 1 new format: 1
10-11 16:23:57.770   961  1955 I msm8974_platform: platform_set_codec_backend_cfg:becf: afe: bitwidth 16, samplerate 48000 channels 1 format 1, backend_idx 8 device (call-handset-mic)
10-11 16:23:57.771   961  1955 D audio_hw_primary: check_usecases_capture_codec_backend:becf: force routing 0
10-11 16:23:57.771   961  1955 D hardware_info: hw_info_append_hw_type : device_name = call-handset-mic
10-11 16:23:57.771  2235  2235 I Telephony: SamsungEmergencyAddCallFailedConnection: Was ActiveOrHeldConnection an emergency call? -- false
10-11 16:23:57.771   961  1955 D audio_hw_primary: enable_snd_device: snd_device(188: call-handset-mic)
10-11 16:23:57.771   961  1955 D msm8974_platform: platform_get_island_cfg_on_device:island cfg status on snd_device = (call-handset-mic 0)
10-11 16:23:57.770 21069 21069 I [MCFServer]_P2pHelper: updateConnection - state : false
10-11 16:23:57.771  2235  2235 I Telephony: SamsungFailedConnectionBase: isEmergencyNumber: false
10-11 16:23:57.771   961  1955 D audio_route: Apply path: call-handset-mic
10-11 16:23:57.773 27876 27876 I TextToSpeech: Sucessfully bound to com.samsung.SMT
10-11 16:23:57.773 27876 27876 I SCallUI : VideoRotationRepository - setUp
10-11 16:23:57.774  1294  2724 D TextToSpeechManagerPerUserService: Trying to start connection to TTS engine: com.samsung.SMT
10-11 16:23:57.774 21069 31298 W [MCFServer]_ContactHelper: registerPermissionObserver - contact permission already granted. no need to observe
10-11 16:23:57.774 21069 21069 I [MCFServer]_ContactHelper: onAccountsUpdated - accounts len:0
10-11 16:23:57.774 21069 21069 I [MCFServer]_ContactHelper: setMySamsungAccountHash - hash : 
10-11 16:23:57.774  2235  2235 I Telephony: SamsungTelephonyManagerAdapterImpl: isNetworkRoaming: false
10-11 16:23:57.774  2235 14700 D SubscriptionController: getPhoneNumber subId : 1, SOURCE_IMS : +1986[****]
10-11 16:23:57.775  2235  2235 I Telephony: SamsungFailedConnectionBase: operatorNumeric : true psOnlySimList : 
10-11 16:23:57.775  2235  2235 I Telephony: SamsungImsManagerInjector: [getImsManager_0 : com.samsung.telephony.model.ims.SamsungTelephonyImsManager@7af554a] [ getImsManager_1 : null]
10-11 16:23:57.776  2235  2235 D semImsManager[0]: getImsRegistration
10-11 16:23:57.777  1294  2439 D MdnieScenarioControlService:  packageName : com.samsung.android.dialer    className : com.samsung.android.dialer.DialtactsActivity
10-11 16:23:57.778  1294  1294 D TextToSpeechManagerPerUserService: Connected successfully to TTS engine: com.samsung.SMT
10-11 16:23:57.778  1294  2439 V MdnieScenarioControlService: setUIMode from UI function(3)
10-11 16:23:57.778 27876 27889 I TextToSpeech: Connected to TTS engine
10-11 16:23:57.780  2235  2235 I Telephony: SamsungImsRepositoryImpl: getRegistrationInfo result :com.samsung.android.ims.SemImsRegistration@eba785d
10-11 16:23:57.781  2235  2235 I Telephony: SamsungImsRepositoryImpl: isAvailableVoLTE: true
10-11 16:23:57.781  2235  2235 I Telephony: SamsungImsManagerInjector: [getImsManager_0 : com.samsung.telephony.model.ims.SamsungTelephonyImsManager@7af554a] [ getImsManager_1 : null]
10-11 16:23:57.781  2235  2235 D semImsManager[0]: getImsRegistration
10-11 16:23:57.781 27876 27876 I SCallUI : RcsCallContentRepository - setUp
10-11 16:23:57.781 21069 31298 I [MCFServer]_ContactHelper: getOwnerSystemNumber - number  ($s)-
10-11 16:23:57.781 21069 31298 I [MCFServer]_ContactHelper: getMyMobileNumber - get getOwnerSystemNumber
10-11 16:23:57.784 27876 27876 E SCallUI : ProviderUtils - isProviderPackageInstalled() failed: android.content.pm.PackageManager$NameNotFoundException: com.samsung.crane
10-11 16:23:57.784 27876 27876 I SCallUI : ViewModelCallFlowGroup - CallFlow: setUp
10-11 16:23:57.784 27876 27876 I SCallUI : ClearCoverRepository - addClearCoverStateListener
10-11 16:23:57.784  2235  2235 I Telephony: SamsungImsRepositoryImpl: getRegistrationInfo result :com.samsung.android.ims.SemImsRegistration@f9966a3
10-11 16:23:57.784  2235  2235 I Telephony: SamsungImsRepositoryImpl: isAvailablePsVT: false
10-11 16:23:57.784  2235  2235 I Telephony: SamsungPsOnlySimFailedConnection: onFailedOutgoingConnection: isEmergencyNumber: false, isNetworkRoaming: false, isPsOnlySim: false, isAirplaneModeOn: false, isAvailableVoLTE: true, isAvailablePsVT: false
10-11 16:23:57.785 27876 27876 I SCallUI : VideoModeControlFlow - setUp, currentUserId: 0
10-11 16:23:57.785 27876 27876 I SCallUI : VideoModeControlFlow - notifyViewModelMask - skip, VideoUiState: NONE, ViewModel{NO_SCREEN}
