11-04 20:41:22.417  2944  5369 D PowerManagerService: acquireWakeLockInternal: lock=164154138, flags=0x1, tag=\"*job*/com.dish.wireless.activation/androidx.work.impl.background.systemjob.SystemJobService\", ws=WorkSource{10179 com.dish.wireless.activation}, uid=1000, pid=2944, packageName=\"android\", displayId=-1
11-04 20:41:22.418  2944  5369 D PowerManagerService: acquireWakeLockInternal: lock=142382667, flags=0x1, tag=\"*job*/com.dish.wireless.activation/androidx.work.impl.background.systemjob.SystemJobService\", ws=WorkSource{10179 com.dish.wireless.activation}, uid=1000, pid=2944, packageName=\"android\", displayId=-1
11-04 20:41:22.420  2944  5369 D ActivityManager: Set 9582 com.dish.wireless.activation adj 100: service (ProcessRecord{bb190a5 2944:system/1000})
11-04 20:41:22.421  2944  5369 I framework_stats_log: [SERVICE_LAUNCH_REPORTED, 10179, com.dish.wireless.activation, androidx.work.impl.background.systemjob.SystemJobService]
11-04 20:41:22.422  4121  4121 D EmergencyNumberTracker: slotId:0 country:us emergencyNumbers: 911,000,112,999,*272911
11-04 20:41:22.422  4121  4121 D EmergencyNumberTracker: Search results - inRilEccList:false inEmergencyNumberTestList: false
11-04 20:41:22.422  4121  4121 D SubscriptionController: [getSubId]- numSubIds == 0, return null slotIndex=1
11-04 20:41:22.423  4121  4121 D SubscriptionController: [getSubId]- numSubIds == 0, return null slotIndex=1
11-04 20:41:22.423  4121  4121 D SubscriptionController: [getSlotIndex]- subId invalid
11-04 20:41:22.423  4121  4121 D EmergencyNumberTracker: slotId:-1 country:us emergencyNumbers: 911,000,112,999,*272911
11-04 20:41:22.423  4121  4121 D EmergencyNumberTracker: Search results - inRilEccList:false inEmergencyNumberTestList: false
11-04 20:41:22.424  4121  4121 D ImsPhoneConnection: getDisconnectCause: cause=0
11-04 20:41:22.425  2944  5369 I framework_stats_log: [SERVICE_REQUEST_EVENT_REPORTED, 10179, 1000, null, 2, false, 1]
11-04 20:41:22.426  2944  5369 I framework_stats_log: [SCHEDULED_JOB_STATE_CHANGED, [10179], [null], com.dish.wireless.activation/androidx.work.impl.background.systemjob.SystemJobService, 1, -1, 6, 24352, false, true, false, false, false, false, true, false, false, false, 0, false, 400, 400, 0]
11-04 20:41:22.427  2944  5369 D PowerManagerService: releaseWakeLockInternal: lock=164154138 [*job*/com.dish.wireless.activation/androidx.work.impl.background.systemjob.SystemJobService], flags=0x0, packageName=\"android\", displayId=-1
11-04 20:41:22.465  4121  4121 D EmergencyNumberTracker: slotId:0 country:us emergencyNumbers: 911,000,112,999,*272911
11-04 20:41:22.465  4121  4121 D EmergencyNumberTracker: Search results - inRilEccList:false inEmergencyNumberTestList: false
11-04 20:41:22.465  4121  4121 D SubscriptionController: [getSubId]- numSubIds == 0, return null slotIndex=1
11-04 20:41:22.466  4121  4121 D SubscriptionController: [getSubId]- numSubIds == 0, return null slotIndex=1
11-04 20:41:22.466  4121  4121 D SubscriptionController: [getSlotIndex]- subId invalid
11-04 20:41:22.466  4121  4121 D EmergencyNumberTracker: slotId:-1 country:us emergencyNumbers: 911,000,112,999,*272911
11-04 20:41:22.466  4121  4121 D EmergencyNumberTracker: Search results - inRilEccList:false inEmergencyNumberTestList: false
11-04 20:41:22.481  4121  4121 D SubscriptionController: getSubscriptionProperty Query value = -1
11-04 20:41:22.482  2944  5369 D PowerManagerService: releaseWakeLockInternal: lock=64194155 [NotifyRegistrantLock], flags=0x10000, packageName=\"org.codeaurora.ims\", displayId=-1
11-04 20:41:22.516  2944  3064 D Telecom : Logging: START_EXTERNAL_SESSION
11-04 20:41:22.516  2944  3064 V Telecom : Logging: CREATE_SUBSESSION (...->CS.crCo->H.CS.crCo->H.CS.crCo.pICR)->...->CS.crCo->H.CS.crCo->H.CS.crCo.pICR(cap/cast)@E-E-H7k_0: (...->CS.crCo->H.CS.crCo->H.CS.crCo.pICR)(cap/cast)@E-E-H7k
11-04 20:41:22.516  2944  3064 V Telecom : Logging: CONTINUE_SUBSESSION: (...->CS.crCo->H.CS.crCo->H.CS.crCo.pICR)->CSW.oPAC(cap/cast)@E-E-H7k_0
11-04 20:41:22.516  2944  3064 V Telecom : Logging: END_SUBSESSION (dur: 0 mS): (...->CS.crCo->H.CS.crCo->H.CS.crCo.pICR)->CSW.oPAC(cap/cast)@E-E-H7k_0
11-04 20:41:22.516  2944  3064 D Telecom : Logging: END_SESSION (dur: 0 ms): (...->CS.crCo->H.CS.crCo->H.CS.crCo.pICR)(cap/cast)@E-E-H7k
11-04 20:41:22.529  2944  5369 D Telecom : Logging: START_EXTERNAL_SESSION
11-04 20:41:22.529  2944  5369 V Telecom : Logging: CREATE_SUBSESSION (...->CS.crCo->H.CS.crCo->H.CS.crCo.pICR)->...->CS.crCo->H.CS.crCo->H.CS.crCo.pICR(cap/cast)@E-E-H7k_0: (...->CS.crCo->H.CS.crCo->H.CS.crCo.pICR)(cap/cast)@E-E-H7k
11-04 20:41:22.529  2944  5369 V Telecom : Logging: CONTINUE_SUBSESSION: (...->CS.crCo->H.CS.crCo->H.CS.crCo.pICR)->CSW.sVS(cap/cast)@E-E-H7k_0
11-04 20:41:22.529  2944  5369 D Telecom : ConnectionServiceWrapper: CS -> TC[cap]: setVideoState TC@11_1 0: (...->CS.crCo->H.CS.crCo->H.CS.crCo.pICR)->CSW.sVS(cap/cast)@E-E-H7k_0
11-04 20:41:22.529  2944  5369 D Telecom : Call: setVideoState: videoState=Audio Only defaulted to audio (video not supported): (...->CS.crCo->H.CS.crCo->H.CS.crCo.pICR)->CSW.sVS(cap/cast)@E-E-H7k_0
11-04 20:41:22.529  2944  5369 V Telecom : Logging: END_SUBSESSION (dur: 0 mS): (...->CS.crCo->H.CS.crCo->H.CS.crCo.pICR)->CSW.sVS(cap/cast)@E-E-H7k_0
11-04 20:41:22.529  2944  5369 D Telecom : Logging: END_SESSION (dur: 0 ms): (...->CS.crCo->H.CS.crCo->H.CS.crCo.pICR)(cap/cast)@E-E-H7k
11-04 20:41:22.529  2944  5369 D Telecom : Logging: START_EXTERNAL_SESSION
11-04 20:41:22.529  2944  5369 V Telecom : Logging: CREATE_SUBSESSION (...->CS.crCo->H.CS.crCo->H.CS.crCo.pICR)->...->CS.crCo->H.CS.crCo->H.CS.crCo.pICR(cap/cast)@E-E-H7k_0: (...->CS.crCo->H.CS.crCo->H.CS.crCo.pICR)(cap/cast)@E-E-H7k
11-04 20:41:22.529  2944  5369 V Telecom : Logging: CONTINUE_SUBSESSION: (...->CS.crCo->H.CS.crCo->H.CS.crCo.pICR)->CSW.hCCC(cap/cast)@E-E-H7k_0
11-04 20:41:22.529  2944  5369 D Telecom : ConnectionServiceWrapper: CS -> TC[cap]: handleCreateConnectionComplete TC@11_1: (...->CS.crCo->H.CS.crCo->H.CS.crCo.pICR)->CSW.hCCC(cap/cast)@E-E-H7k_0
11-04 20:41:22.530  2944  5369 V Telecom : Call: handleCreateConnectionSuccessful ParcelableConnection [act:ComponentInfo{com.android.phone/com.android.services.telephony.TelephonyConnectionService}, 1, UserHandle{0}], state:2, capabilities:[Capabilities: CAPABILITY_SUPPORT_HOLD CAPABILITY_MUTE CAPABILITY_SUPPORTS_VT_REMOTE_RX CAPABILITY_SUPPORTS_VT_REMOTE_TX CAPABILITY_SUPPORTS_VT_REMOTE_BIDIRECTIONAL CAPABILITY_SPEED_UP_MT_AUDIO CAPABILITY_REMOTE_PARTY_SUPPORTS_RTT], properties:[Properties: PROPERTY_HIGH_DEF_AUDIO], extras:Bundle[mParcelledData.dataSize=872], parent:null, callDirection:-1: (...->CS.crCo->H.CS.crCo->H.CS.crCo.pICR)->CSW.hCCC(cap/cast)@E-E-H7k_0
11-04 20:41:22.530  2944  5369 D Telecom : Call: updateCallerInfo: namePresentation = 1, name = null, cnapName = 13526739016: (...->CS.crCo->H.CS.crCo->H.CS.crCo.pICR)->CSW.hCCC(cap/cast)@E-E-H7k_0
11-04 20:41:22.530  2944  5369 V Telecom : Call: setConnectionCapabilities: [Capabilities: CAPABILITY_SUPPORT_HOLD CAPABILITY_MUTE CAPABILITY_SUPPORTS_VT_REMOTE_RX CAPABILITY_SUPPORTS_VT_REMOTE_TX CAPABILITY_SUPPORTS_VT_REMOTE_BIDIRECTIONAL CAPABILITY_SPEED_UP_MT_AUDIO CAPABILITY_REMOTE_PARTY_SUPPORTS_RTT]: (...->CS.crCo->H.CS.crCo->H.CS.crCo.pICR)->CSW.hCCC(cap/cast)@E-E-H7k_0
11-04 20:41:22.530  2944  5369 I Telecom : Event: RecordEntry TC@11: CAPABILITY_CHANGE, Current: [[ sup_hld mut VTrrx VTrtx VTrbi spd_aud sup_rtt]], Removed [[]], Added [[ sup_hld mut VTrrx VTrtx VTrbi spd_aud sup_rtt]]: (...->CS.crCo->H.CS.crCo->H.CS.crCo.pICR)->CSW.hCCC(cap/cast)@E-E-H7k_0
11-04 20:41:22.530  2944  5369 V Telecom : Call: setConnectionProperties: [Properties: PROPERTY_HIGH_DEF_AUDIO]: (...->CS.crCo->H.CS.crCo->H.CS.crCo.pICR)->CSW.hCCC(cap/cast)@E-E-H7k_0
11-04 20:41:22.530  2944  5369 I Telecom : Event: RecordEntry TC@11: PROPERTY_CHANGE, Current: [[ HD]], Removed [[]], Added [[ HD]]: (...->CS.crCo->H.CS.crCo->H.CS.crCo.pICR)->CSW.hCCC(cap/cast)@E-E-H7k_0
11-04 20:41:22.530  2944  5369 D Telecom : InCallController: onIsVoipAudioModeChanged [Call id=TC@11, state=NEW, tpac=ComponentInfo{com.android.phone/com.android.services.telephony.TelephonyConnectionService}, 1, UserHandle{0}, cmgr=ComponentInfo{com.android.phone/com.android.services.telephony.TelephonyConnectionService}, 1, UserHandle{0}, handle=tel:%2B13526739016, vidst=A, childs(0), has_parent(false), cap=[ sup_hld mut VTrrx VTrtx VTrbi spd_aud sup_rtt], prop=[ HD], voip=false, gthpst=1, vzwAudioData=[VzwAudioData : UserSelectedAudioMode : -1 AudioMode : -1]], mIsConference(false)]: (...->CS.crCo->H.CS.crCo->H.CS.crCo.pICR)->CSW.hCCC(cap/cast)@E-E-H7k_0
11-04 20:41:22.530  2944  5369 D Telecom : InCallController: Call is still setting its initial state. Do not send update to InCallUi yet - TC@11: (...->CS.crCo->H.CS.crCo->H.CS.crCo.pICR)->CSW.hCCC(cap/cast)@E-E-H7k_0
11-04 20:41:22.531  2944  5369 V Telecom : Call: setVideoProvider: (...->CS.crCo->H.CS.crCo->H.CS.crCo.pICR)->CSW.hCCC(cap/cast)@E-E-H7k_0
11-04 20:41:22.531  2944  5369 D Telecom : Call: setVideoState: videoState=Audio Only defaulted to audio (video not supported): (...->CS.crCo->H.CS.crCo->H.CS.crCo.pICR)->CSW.hCCC(cap/cast)@E-E-H7k_0
11-04 20:41:22.531  2944  5369 D Telecom : CallsManager: onExtrasChanged call = [Call id=TC@11, state=NEW, tpac=ComponentInfo{com.android.phone/com.android.services.telephony.TelephonyConnectionService}, 1, UserHandle{0}, cmgr=ComponentInfo{com.android.phone/com.android.services.telephony.TelephonyConnectionService}, 1, UserHandle{0}, handle=tel:%2B13526739016, vidst=A, childs(0), has_parent(false), cap=[ sup_hld mut VTrrx VTrtx VTrbi spd_aud sup_rtt], prop=[ HD], voip=false, gthpst=1, vzwAudioData=[VzwAudioData : UserSelectedAudioMode : -1 AudioMode : -1]], mIsConference(false)]: (...->CS.crCo->H.CS.crCo->H.CS.crCo.pICR)->CSW.hCCC(cap/cast)@E-E-H7k_0
11-04 20:41:22.531  2944  5369 D Telecom : TelecomAnalytics: adding callTechnology for call TC@11: 4: (...->CS.crCo->H.CS.crCo->H.CS.crCo.pICR)->CSW.hCCC(cap/cast)@E-E-H7k_0
11-04 20:41:22.531  2944  5369 I Telecom : Event: RecordEntry TC@11: VERSTAT_CHANGED, 1: (...->CS.crCo->H.CS.crCo->H.CS.crCo.pICR)->CSW.hCCC(cap/cast)@E-E-H7k_0
11-04 20:41:22.531  2944  5369 D Telecom : MotoCallsManager: onSuccessfulIncomingCall: (...->CS.crCo->H.CS.crCo->H.CS.crCo.pICR)->CSW.hCCC(cap/cast)@E-E-H7k_0
11-04 20:41:22.531  2944  5369 D Telecom : ConnectionServiceWrapper: TC -> CS[cap]: createConnectionComplete TC@11_1: (...->CS.crCo->H.CS.crCo->H.CS.crCo.pICR)->CSW.hCCC(cap/cast)@E-E-H7k_0
11-04 20:41:22.552  6416  6416 I msm_dwc3_perf_vote_work: in_perf_mode:0, interrupts in last sample:17
11-04 20:41:22.532  2944  5369 V Telecom : Logging: END_SUBSESSION (dur: 3 mS): (...->CS.crCo->H.CS.crCo->H.CS.crCo.pICR)->CSW.hCCC(cap/cast)@E-E-H7k_0
11-04 20:41:22.532  2944  5369 D Telecom : Logging: END_SESSION (dur: 3 ms): (...->CS.crCo->H.CS.crCo->H.CS.crCo.pICR)(cap/cast)@E-E-H7k
11-04 20:41:22.532  2944  5369 D Telecom : Logging: START_SESSION
11-04 20:41:22.532  2944  5369 D Telecom : CallsManager: onExtrasChanged call = [Call id=TC@11, state=NEW, tpac=ComponentInfo{com.android.phone/com.android.services.telephony.TelephonyConnectionService}, 1, UserHandle{0}, cmgr=ComponentInfo{com.android.phone/com.android.services.telephony.TelephonyConnectionService}, 1, UserHandle{0}, handle=tel:%2B13526739016, vidst=A, childs(0), has_parent(false), cap=[ sup_hld mut VTrrx VTrtx VTrbi spd_aud sup_rtt], prop=[ HD], voip=false, gthpst=1, vzwAudioData=[VzwAudioData : UserSelectedAudioMode : -1 AudioMode : -1]], mIsConference(false)]: CSW.pE(cap)@H7o
11-04 20:41:22.532  2944  5369 D Telecom : TelecomAnalytics: adding callTechnology for call TC@11: 4: CSW.pE(cap)@H7o
11-04 20:41:22.532  2944  5369 V Telecom : Logging: END_SUBSESSION (dur: 0 mS): CSW.pE(cap)@H7o
11-04 20:41:22.532  2944  5369 D Telecom : Logging: END_SESSION (dur: 0 ms): CSW.pE(cap)@H7o
11-04 20:41:22.541  4121  4121 D TelephonyNetworkFactory[0]: got request NetworkRequest [ REQUEST id=1237, [ Capabilities: INTERNET&NOT_RESTRICTED&TRUSTED&NOT_VCN_MANAGED Uid: 10179 RequestorUid: 10179 RequestorPkg: com.dish.wireless.activation UnderlyingNetworks: Null] ]
11-04 20:41:22.541  2944  4298 D PowerManagerService: releaseWakeLockInternal: lock=14602469 [RILJ_ACK_WL], flags=0x0, packageName=\"com.android.phone\", displayId=-1
11-04 20:41:22.542  4121  4121 I TelecomFramework: TelephonyConnectionService: notifyCreateConnectionComplete TC@11_1: ((...->CS.crCo->H.CS.crCo->H.CS.crCo.pICR)->CSW.hCCC)->CS.crCoC->H.CS.crCoC(cap/cast)@E-E-E-H7k_0
11-04 20:41:22.542  4121  4121 D TelephonyNetworkFactory[0]: onNeedNetworkFor [NetworkRequest [ REQUEST id=1237, [ Capabilities: INTERNET&NOT_RESTRICTED&TRUSTED&NOT_VCN_MANAGED Uid: 10179 RequestorUid: 10179 RequestorPkg: com.dish.wireless.activation UnderlyingNetworks: Null] ], mPriority=20, state=UNSATISFIED, mAttachedDataNetwork=null, isMetered=true, created time=20:41:22.542, evaluation result=null] shouldApply true
11-04 20:41:22.542  4121  4121 D DNC-0   : handleMessage, msg.what = 2
11-04 20:41:22.543  4121  4121 V DPM-0   : Satisfied profile: [DataProfile=[ApnSetting] internet, 6, 313340, internet, , null, , null, null, 0, supl | dun | hipri | default, IPV4V6, IPV4V6, true, -1, false, 0, 0, 0, 1430, 1430, gid, 6332, false, UNKNOWN, UNKNOWN, 0, -1, -1, false, TrafficDescriptor={mDnn=internet, null}, preferred=true], last setup=12:26:26.755
11-04 20:41:22.543  2944 27306 D Telecom : Logging: START_SESSION
11-04 20:41:22.543  4121  4121 D DNC-0   : onAddNetworkRequest: added [NetworkRequest [ REQUEST id=1237, [ Capabilities: INTERNET&NOT_RESTRICTED&TRUSTED&NOT_VCN_MANAGED Uid: 10179 RequestorUid: 10179 RequestorPkg: com.dish.wireless.activation UnderlyingNetworks: Null] ], mPriority=20, state=UNSATISFIED, mAttachedDataNetwork=null, isMetered=true, created time=20:41:22.542, evaluation result=null]
11-04 20:41:22.543  2944 27306 V Telecom : Logging: END_SUBSESSION (dur: 0 mS): TSI.gDDP@H7s
11-04 20:41:22.543  2944 27306 D Telecom : Logging: END_SESSION (dur: 0 ms): TSI.gDDP@H7s
11-04 20:41:22.543  4121  4121 D DN-127-C: ConnectedState: Successfully attached network request [NetworkRequest [ REQUEST id=1237, [ Capabilities: INTERNET&NOT_RESTRICTED&TRUSTED&NOT_VCN_MANAGED Uid: 10179 RequestorUid: 10179 RequestorPkg: com.dish.wireless.activation UnderlyingNetworks: Null] ], mPriority=20, state=SATISFIED, mAttachedDataNetwork=DN-127-C, isMetered=true, created time=20:41:22.542, evaluation result=null]
11-04 20:41:22.551  2944 27306 D Telecom : MotoTelecomFeatureControl: VZW_SEND_CALLS_TO_VM: false subId: 1
11-04 20:41:22.553  2944 27306 W Telecom : AppLabelProxy: Could not determine app label. Package name is null
11-04 20:41:22.554  2944 27306 I Telecom : AppLabelProxy: package com.google.android.dialer: name is Phone
11-04 20:41:22.557  2944 27306 I Telecom : Event: RecordEntry TC@11: FILTERING_INITIATED, null
11-04 20:41:22.557  2944 27306 D Telecom : Logging: Log.createSubsession was called with no session active.
11-04 20:41:22.557  2944 27306 I Telecom : IncomingCallFilterGraph: Filter com.android.server.telecom.callfiltering.CallFilter@b81cd22 scheduled.
11-04 20:41:22.558  2944  7613 D Telecom : Logging: Log.createSubsession was called with no session active.
11-04 20:41:22.558  2944 27306 D Telecom : Logging: Log.createSubsession was called with no session active.
11-04 20:41:22.558  2944  7613 I Telecom : IncomingCallFilterGraph: Filter com.android.server.telecom.callfiltering.CallFilter@b81cd22 done, result: [Allow, logged, notified].
11-04 20:41:22.559  2944  7613 D Telecom : Logging: Log.createSubsession was called with no session active.
11-04 20:41:22.559  2944  7613 I Telecom : IncomingCallFilterGraph: Filter com.motorola.server.telecom.callfiltering.PrefixBlockFilter@d10e3b3 scheduled.
11-04 20:41:22.559  2944  7613 D Telecom : Logging: Log.createSubsession was called with no session active.
11-04 20:41:22.559  2944  7613 I Telecom : IncomingCallFilterGraph: Filter com.android.server.telecom.callfiltering.BlockCheckerFilter@503ad70 scheduled.
11-04 20:41:22.560  2944  7613 I Telecom : Event: RecordEntry TC@11: BLOCKED_PREFIX_INITIATED, null
11-04 20:41:22.560  2944  7613 D Telecom : Logging: Log.createSubsession was called with no session active.
11-04 20:41:22.561  2944  7613 I Telecom : Event: RecordEntry TC@11: BLOCK_CHECK_INITIATED, null
11-04 20:41:22.574  2944  7613 D Telecom : Logging: Log.createSubsession was called with no session active.
11-04 20:41:22.575  2944  2944 D Telecom : Logging: Log.createSubsession was called with no session active.
11-04 20:41:22.575  2944  2944 I Telecom : TelecomSystem: CallerInfoAsyncQuery.startQuery number=+13526739016 cookie=null
11-04 20:41:22.577  2944  7615 D Telecom : MotoTelecomFeatureControl: isPrefixBlockFeatureEnable: false
11-04 20:41:22.577  2944  7615 I Telecom : Event: RecordEntry TC@11: BLOCKED_PREFIX_FINISHED, [Allow, logged, notified]
11-04 20:41:22.578  2944  7615 D Telecom : Logging: Log.createSubsession was called with no session active.
11-04 20:41:22.579  2944  7613 I Telecom : IncomingCallFilterGraph: Filter com.motorola.server.telecom.callfiltering.PrefixBlockFilter@d10e3b3 done, result: [Allow, logged, notified].
11-04 20:41:22.580  2944  7613 D Telecom : Logging: Log.createSubsession was called with no session active.
11-04 20:41:22.580  2944  7613 I Telecom : IncomingCallFilterGraph: Filter com.motorola.server.telecom.callfiltering.IncomingRestrictedFilter@5ac080f scheduled.
11-04 20:41:22.580  2944  7613 I Telecom : Event: RecordEntry TC@11: INCOMING_RESTRICTED_INITIATED, null
11-04 20:41:22.580  2944  7613 D Telecom : Logging: Log.createSubsession was called with no session active.
11-04 20:41:22.581  2944  7617 I Telecom : Event: RecordEntry TC@11: INCOMING_RESTRICTED_FINISHED, [Allow, logged, notified]
11-04 20:41:22.581  2944  7617 D Telecom : Logging: Log.createSubsession was called with no session active.
11-04 20:41:22.582  2944  7613 I Telecom : IncomingCallFilterGraph: Filter com.motorola.server.telecom.callfiltering.IncomingRestrictedFilter@5ac080f done, result: [Allow, logged, notified].
11-04 20:41:22.582  2944  7613 D Telecom : Logging: Log.createSubsession was called with no session active.
11-04 20:41:22.583  2944  7613 I Telecom : IncomingCallFilterGraph: Filter com.android.server.telecom.callfiltering.DirectToVoicemailFilter@f4e309c scheduled.
11-04 20:41:22.583  2944  7613 I Telecom : Event: RecordEntry TC@11: DIRECT_TO_VM_INITIATED, null
11-04 20:41:22.583  2944  7613 I Telecom : CallerInfoLookupHelper: There is a previously incomplete query for handle tel:%2B13526739016. Adding to listeners for this query.
11-04 20:41:22.583  4121  4581 D EmergencyNumberTracker: slotId:0 country:us emergencyNumbers: 911,000,112,999,*272911
11-04 20:41:22.583  4121  4581 D EmergencyNumberTracker: Search results - inRilEccList:false inEmergencyNumberTestList: false
11-04 20:41:22.584  4121  4581 D SubscriptionController: [getSubId]- numSubIds == 0, return null slotIndex=1
11-04 20:41:22.585  4121  4581 D SubscriptionController: [getSubId]- numSubIds == 0, return null slotIndex=1
11-04 20:41:22.585  4121  4581 D SubscriptionController: [getSlotIndex]- subId invalid
11-04 20:41:22.586  4121  4581 D EmergencyNumberTracker: slotId:-1 country:us emergencyNumbers: 911,000,112,999,*272911
11-04 20:41:22.586  4121  4581 D EmergencyNumberTracker: Search results - inRilEccList:false inEmergencyNumberTestList: false
11-04 20:41:22.596  2944  3251 D AutomaticBrightnessController[0]: Receive new lux[rear]=0.0
11-04 20:41:22.597  2944  3251 D AutomaticBrightnessController[0]: handleCombineLightSensorEvent mFrontLux=39.0 mRearLux=0.0 mLightSensor=TCS3720 Ambient Light Sensor Non-wakeup mLightSensorEnableTime=186234910 (1278851 ms ago)
11-04 20:41:22.597  2944  3251 D AutomaticBrightnessController[0]: Receive new lux[rear]=0.0
11-04 20:41:22.597  2944  3251 D AutomaticBrightnessController[0]: handleCombineLightSensorEvent mFrontLux=39.0 mRearLux=0.0 mLightSensor=TCS3720 Ambient Light Sensor Non-wakeup mLightSensorEnableTime=186234910 (1278851 ms ago)
11-04 20:41:22.597  2944  3251 D AutomaticBrightnessController[0]: Receive new lux[rear]=0.0
11-04 20:41:22.597  2944  3251 D AutomaticBrightnessController[0]: handleCombineLightSensorEvent mFrontLux=39.0 mRearLux=0.0 mLightSensor=TCS3720 Ambient Light Sensor Non-wakeup mLightSensorEnableTime=186234910 (1278851 ms ago)
11-04 20:41:22.597  2944  3251 D AutomaticBrightnessController[0]: Receive new lux[rear]=0.0
11-04 20:41:22.599  2944  3251 D AutomaticBrightnessController[0]: handleCombineLightSensorEvent mFrontLux=39.0 mRearLux=0.0 mLightSensor=TCS3720 Ambient Light Sensor Non-wakeup mLightSensorEnableTime=186234910 (1278852 ms ago)
11-04 20:41:22.599  2944  3251 D AutomaticBrightnessController[0]: Receive new lux[rear]=0.0
11-04 20:41:22.599  2944  3251 D AutomaticBrightnessController[0]: handleCombineLightSensorEvent mFrontLux=39.0 mRearLux=0.0 mLightSensor=TCS3720 Ambient Light Sensor Non-wakeup mLightSensorEnableTime=186234910 (1278853 ms ago)
11-04 20:41:22.600  2944  8885 D Telecom : CallerInfoAsyncQuery: Processing event: 1 token (arg1): 1 command: 0 query URI: content://com.android.contacts/phone_lookup_enterprise/xxxxxxx
11-04 20:41:22.614  2944  2944 D Telecom : CallerInfoAsyncQuery: ##### onQueryComplete() #####   query complete for token: 0
11-04 20:41:22.618  2944  8885 D Telecom : CallerInfoAsyncQuery: Processing event: 6 token (arg1): 1 command: 0 query URI: 
11-04 20:41:22.618  2944  2944 D Telecom : CallerInfoAsyncQuery: ##### onQueryComplete() #####   query complete for token: 0
11-04 20:41:22.619  2944  8885 D Telecom : CallerInfoAsyncQuery: Processing event: 3 token (arg1): 1 command: 0 query URI: 
11-04 20:41:22.619  2944  2944 D Telecom : CallerInfoAsyncQuery: ##### onQueryComplete() #####   query complete for token: 0
11-04 20:41:22.619  2944  2944 I Telecom : CallerInfoLookupHelper: CI query for handle tel:%2B13526739016 has completed; notifying all listeners.
11-04 20:41:22.629  2944  2944 D Telecom : Logging: Log.createSubsession was called with no session active.
11-04 20:41:22.629  2944  2944 D Telecom : Logging: Log.createSubsession was called with no session active.
11-04 20:41:22.630  2944  7613 I Telecom : IncomingCallFilterGraph: Filter com.android.server.telecom.callfiltering.DirectToVoicemailFilter@f4e309c done, result: [Allow, logged, notified].
11-04 20:41:22.630  2944  2944 I Telecom : Event: RecordEntry TC@11: DIRECT_TO_VM_FINISHED, [Allow, logged, notified]
11-04 20:41:22.631  2944  2944 I Telecom : CallerInfoLookupHelper: There is no photo for this contact, skipping photo query
11-04 20:41:22.631  2944  2944 W Telecom : Logging: Log.endSession was called with no session active.
11-04 20:41:22.644  2944  7614 D Telecom : BlockedNumberContract: shouldSystemBlockNumber: number=+13526739016, caller=com.android.server.telecom, result=not blocked
11-04 20:41:22.645  2944  7614 D Telecom : BlockCheckerAdapter: Blocked number lookup took: 15 ms.
11-04 20:41:22.645  2944  7614 D Telecom : Logging: Log.createSubsession was called with no session active.
11-04 20:41:22.646  2944  7614 I Telecom : Event: RecordEntry TC@11: BLOCK_CHECK_FINISHED, not blocked [Allow, logged, notified]
11-04 20:41:22.646  2944  7614 D Telecom : Logging: Log.createSubsession was called with no session active.
11-04 20:41:22.647  2944  7613 I Telecom : IncomingCallFilterGraph: Filter com.android.server.telecom.callfiltering.BlockCheckerFilter@503ad70 done, result: [Allow, logged, notified].
11-04 20:41:22.647  2944  7613 D Telecom : Logging: Log.createSubsession was called with no session active.
11-04 20:41:22.648  2944  7613 I Telecom : IncomingCallFilterGraph: Filter com.android.server.telecom.callfiltering.CallScreeningServiceFilter@7140c21: null scheduled.
11-04 20:41:22.648  2944  7613 D Telecom : Logging: Log.createSubsession was called with no session active.
11-04 20:41:22.648  2944  7613 I Telecom : IncomingCallFilterGraph: Filter com.android.server.telecom.callfiltering.CallScreeningServiceFilter@7140c21: null done, result: [Allow, logged, notified].
11-04 20:41:22.648  2944  7613 D Telecom : Logging: Log.createSubsession was called with no session active.
11-04 20:41:22.648  2944  7613 I Telecom : IncomingCallFilterGraph: Filter com.android.server.telecom.callfiltering.CallScreeningServiceFilter@1c16846: com.google.android.dialer scheduled.
11-04 20:41:22.650  2944  7613 I framework_stats_log: [SERVICE_LAUNCH_REPORTED, 10191, com.google.android.dialer, com.android.dialer.callscreeningservice.impl.CallScreeningServiceImpl]
11-04 20:41:22.653  2944  7613 I framework_stats_log: [SERVICE_REQUEST_EVENT_REPORTED, 10191, 1000, CallScreeningService, 2, false, 1]
11-04 20:41:22.654  2944  7613 D Telecom : CallScreeningServiceHelper: bindService, found service, waiting for it to connect
11-04 20:41:22.655  2944  2944 D Telecom : Logging: START_SESSION
11-04 20:41:22.656  2944  2944 V Telecom : Logging: END_SUBSESSION (dur: 0 mS): TSI.gSDP@H7w
11-04 20:41:22.656  2944  2944 D Telecom : Logging: END_SESSION (dur: 0 ms): TSI.gSDP@H7w
11-04 20:41:22.657  2944  2944 I Telecom : Event: RecordEntry TC@11: SCREENING_BOUND, ComponentInfo{com.google.android.dialer/com.android.dialer.callscreeningservice.impl.CallScreeningServiceImpl}
11-04 20:41:22.657  2944  2944 I Telecom : CallScreeningServiceConnection: Binding completed.
11-04 20:41:22.660  2944  5369 D Telecom : Logging: START_SESSION
11-04 20:41:22.660  2944  5369 V Telecom : Logging: END_SUBSESSION (dur: 0 mS): TSI.gDDP@H70
11-04 20:41:22.660  2944  5369 D Telecom : Logging: END_SESSION (dur: 0 ms): TSI.gDDP@H70
11-04 20:41:22.671  4121  4457 D EmergencyNumberTracker: slotId:0 country:us emergencyNumbers: 911,000,112,999,*272911
11-04 20:41:22.671  4121  4457 D EmergencyNumberTracker: Search results - inRilEccList:false inEmergencyNumberTestList: false
11-04 20:41:22.671  4121  4457 D SubscriptionController: [getSubId]- numSubIds == 0, return null slotIndex=1
11-04 20:41:22.672  4121  4581 D EmergencyNumberTracker: slotId:0 country:us emergencyNumbers: 911,000,112,999,*272911
11-04 20:41:22.672  4121  4581 D EmergencyNumberTracker: Search results - inRilEccList:false inEmergencyNumberTestList: false
11-04 20:41:22.672  4121  4581 D SubscriptionController: [getSubId]- numSubIds == 0, return null slotIndex=1
11-04 20:41:22.672  4121  4457 D SubscriptionController: [getSubId]- numSubIds == 0, return null slotIndex=1
11-04 20:41:22.672  4121  4457 D SubscriptionController: [getSlotIndex]- subId invalid
11-04 20:41:22.672  4121  4457 D EmergencyNumberTracker: slotId:-1 country:us emergencyNumbers: 911,000,112,999,*272911
11-04 20:41:22.672  4121  4457 D EmergencyNumberTracker: Search results - inRilEccList:false inEmergencyNumberTestList: false
11-04 20:41:22.673  4121  4581 D SubscriptionController: [getSubId]- numSubIds == 0, return null slotIndex=1
11-04 20:41:22.673  4121  4581 D SubscriptionController: [getSlotIndex]- subId invalid
11-04 20:41:22.674  4121  4581 D EmergencyNumberTracker: slotId:-1 country:us emergencyNumbers: 911,000,112,999,*272911
11-04 20:41:22.674  4121  4581 D EmergencyNumberTracker: Search results - inRilEccList:false inEmergencyNumberTestList: false
11-04 20:41:22.687  2944  5369 I framework_stats_log: [SERVICE_REQUEST_EVENT_REPORTED, 10194, 10191, START, 2, false, 2]
11-04 20:41:22.689  2944  3241 D MotoDevicePolicyManager: isProtectedPackage by (com.google.android.dialer)
11-04 20:41:22.697  2944  4298 D Telecom : Logging: START_SESSION
11-04 20:41:22.698  2944  4298 V Telecom : Logging: CREATE_SUBSESSION (Invisible subsession): NCSSF.aC@H74
11-04 20:41:22.698  2944  4298 V Telecom : Logging: CONTINUE_SUBSESSION (Invisible Subsession) with Method TSI.gSDP: NCSSF.aC@H74
11-04 20:41:22.698  2944  4298 V Telecom : Logging: END_SUBSESSION (Invisible Subsession) (dur: 0 ms): NCSSF.aC@H74
11-04 20:41:22.698  2944  4298 I Telecom : Event: RecordEntry TC@11: SCREENING_COMPLETED, [Allow, logged, notified, mCallScreeningAppName = Phone, mCallScreeningComponentName = com.google.android.dialer/com.android.dialer.callscreeningservice.impl.CallScreeningServiceImpl]: NCSSF.aC@H74
11-04 20:41:22.698  2944  4298 V Telecom : Logging: CREATE_SUBSESSION NCSSF.aC->NCSSF.aC@H74_1: NCSSF.aC@H74
11-04 20:41:22.699  2944  7613 V Telecom : Logging: CONTINUE_SUBSESSION: NCSSF.aC->ICFG.sF@H74_1
11-04 20:41:22.699  2944  7613 I Telecom : IncomingCallFilterGraph: Filter com.android.server.telecom.callfiltering.CallScreeningServiceFilter@1c16846: com.google.android.dialer done, result: [Allow, logged, notified, mCallScreeningAppName = Phone, mCallScreeningComponentName = com.google.android.dialer/com.android.dialer.callscreeningservice.impl.CallScreeningServiceImpl].: NCSSF.aC->ICFG.sF@H74_1
11-04 20:41:22.699  2944  7613 V Telecom : Logging: CREATE_SUBSESSION NCSSF.aC->ICFG.sF->ICFG.sF@H74_1_0: NCSSF.aC->ICFG.sF@H74_1
11-04 20:41:22.700  2944  7613 I Telecom : IncomingCallFilterGraph: Filter com.android.server.telecom.callfiltering.CallFilter@6df9564 scheduled.: NCSSF.aC->ICFG.sF@H74_1
11-04 20:41:22.700  2944  4298 V Telecom : Logging: END_SUBSESSION (dur: 2 mS): NCSSF.aC@H74
11-04 20:41:22.701  2944  7613 V Telecom : Logging: END_SUBSESSION (dur: 2 mS): NCSSF.aC->ICFG.sF@H74_1
11-04 20:41:22.701  2944  7613 V Telecom : Logging: CONTINUE_SUBSESSION: NCSSF.aC->ICFG.sF->ICFG.sF@H74_1_0
11-04 20:41:22.702  2944  7613 V Telecom : Logging: CREATE_SUBSESSION NCSSF.aC->ICFG.sF->ICFG.sF->ICFG.sF@H74_1_0_0: NCSSF.aC->ICFG.sF->ICFG.sF@H74_1_0
11-04 20:41:22.702  2944  7613 V Telecom : Logging: END_SUBSESSION (dur: 1 mS): NCSSF.aC->ICFG.sF->ICFG.sF@H74_1_0
11-04 20:41:22.703  2944  7613 V Telecom : Logging: CONTINUE_SUBSESSION: NCSSF.aC->ICFG.sF->ICFG.sF->ICFG.sF@H74_1_0_0
11-04 20:41:22.703  2944  7613 I Telecom : IncomingCallFilterGraph: Filter com.android.server.telecom.callfiltering.CallFilter@6df9564 done, result: [Allow, logged, notified, mCallScreeningAppName = Phone, mCallScreeningComponentName = com.google.android.dialer/com.android.dialer.callscreeningservice.impl.CallScreeningServiceImpl].: NCSSF.aC->ICFG.sF->ICFG.sF->ICFG.sF@H74_1_0_0
11-04 20:41:22.703  2944  7613 I Telecom : MotoCallsManager: onCallFilteringComplete: NCSSF.aC->ICFG.sF->ICFG.sF->ICFG.sF@H74_1_0_0
11-04 20:41:22.704  2944  7613 I Telecom : MotoCallsManager: setCallState NEW -> RINGING, call: [Call id=TC@11, state=NEW, tpac=ComponentInfo{com.android.phone/com.android.services.telephony.TelephonyConnectionService}, 1, UserHandle{0}, cmgr=ComponentInfo{com.android.phone/com.android.services.telephony.TelephonyConnectionService}, 1, UserHandle{0}, handle=tel:%2B13526739016, vidst=A, childs(0), has_parent(false), cap=[ sup_hld mut VTrrx VTrtx VTrbi spd_aud sup_rtt], prop=[ HD], voip=false, gthpst=1, vzwAudioData=[VzwAudioData : UserSelectedAudioMode : -1 AudioMode : -1]], mIsConference(false)]: NCSSF.aC->ICFG.sF->ICFG.sF->ICFG.sF@H74_1_0_0
11-04 20:41:22.705  2944  7613 V Telecom : Call: setState NEW -> RINGING: NCSSF.aC->ICFG.sF->ICFG.sF->ICFG.sF@H74_1_0_0
11-04 20:41:22.712  2944  7613 D Telecom : Call: maybeLoadCannedSmsResponses: starting task to load messages: NCSSF.aC->ICFG.sF->ICFG.sF->ICFG.sF@H74_1_0_0
11-04 20:41:22.713  2944  7613 I Telecom : Event: RecordEntry TC@11: SET_RINGING, successful incoming call: NCSSF.aC->ICFG.sF->ICFG.sF->ICFG.sF@H74_1_0_0
11-04 20:41:22.714  2944  7613 D Telecom : TelecomAnalytics: setting missedReason for call TC@11: 0: NCSSF.aC->ICFG.sF->ICFG.sF->ICFG.sF@H74_1_0_0
11-04 20:41:22.714  2944  7613 D Telecom : ConnectionServiceWrapper: TC -> CS[cap]: onCallFilteringCompleted CallFilteringCompletionInfo{mIsBlocked=false, mIsInContacts=false, mCallResponse=android.telecom.CallScreeningService$CallResponse@8994d0fe, mCallScreeningPackageName='ComponentInfo{com.google.android.dialer/com.android.dialer.callscreeningservice.impl.CallScreeningServiceImpl}'}: NCSSF.aC->ICFG.sF->ICFG.sF->ICFG.sF@H74_1_0_0
11-04 20:41:22.715  2944  7613 I Telecom : MotoCallsManager: onCallFilteringComplete: allow call.: NCSSF.aC->ICFG.sF->ICFG.sF->ICFG.sF@H74_1_0_0
11-04 20:41:22.716  4121  4121 I TelecomFramework: TelephonyConnectionService: onCallFilteringCompleted(TC@11_1, CallFilteringCompletionInfo{mIsBlocked=false, mIsInContacts=false, mCallResponse=android.telecom.CallScreeningService$CallResponse@8994d0fe, mCallScreeningPackageName='ComponentInfo{com.google.android.dialer/com.android.dialer.callscreeningservice.impl.CallScreeningServiceImpl}'}): (NCSSF.aC->ICFG.sF->ICFG.sF->ICFG.sF)->CS.oCFC->H.CS.oCFC(cast)@E-H74_1_0_0
11-04 20:41:22.716  2944  7621 D Telecom : RespondViaSmsManager: loadCannedResponses() starting
11-04 20:41:22.716  2944  7621 D Telecom : QuickResponseUtils: maybeMigrateLegacyQuickResponses() - Starting
11-04 20:41:22.716  2944  7621 D Telecom : QuickResponseUtils: maybeMigrateLegacyQuickResponses() - No local QuickResponses
11-04 20:41:22.716  2944  4298 D Telecom : Logging: START_SESSION
11-04 20:41:22.716  2944  4298 V Telecom : Logging: END_SUBSESSION (dur: 0 mS): TSI.gSDP@H78
11-04 20:41:22.716  2944  4298 D Telecom : Logging: END_SESSION (dur: 0 ms): TSI.gSDP@H78
11-04 20:41:22.716  2944  7613 I Telecom : MotoCallsManager: addCall([Call id=TC@11, state=RINGING, tpac=ComponentInfo{com.android.phone/com.android.services.telephony.TelephonyConnectionService}, 1, UserHandle{0}, cmgr=ComponentInfo{com.android.phone/com.android.services.telephony.TelephonyConnectionService}, 1, UserHandle{0}, handle=tel:%2B13526739016, vidst=A, childs(0), has_parent(false), cap=[ sup_hld mut VTrrx VTrtx VTrbi spd_aud sup_rtt], prop=[ HD], voip=false, gthpst=1, vzwAudioData=[VzwAudioData : UserSelectedAudioMode : -1 AudioMode : -1]], mIsConference(false)]): NCSSF.aC->ICFG.sF->ICFG.sF->ICFG.sF@H74_1_0_0
11-04 20:41:22.717  2944  7613 V Telecom : Logging: CREATE_SUBSESSION NCSSF.aC->ICFG.sF->ICFG.sF->ICFG.sF->ICFG.sF@H74_1_0_0_0: NCSSF.aC->ICFG.sF->ICFG.sF->ICFG.sF@H74_1_0_0
11-04 20:41:22.718  2944  4488 V Telecom : Logging: CONTINUE_SUBSESSION: NCSSF.aC->ICFG.sF->ICFG.sF->ICFG.sF->CSFM.oCA@H74_1_0_0_0
11-04 20:41:22.719  2944  4488 D Telecom : ConnectionServiceFocusManager: handleAddedCall [Call id=TC@11, state=RINGING, tpac=ComponentInfo{com.android.phone/com.android.services.telephony.TelephonyConnectionService}, 1, UserHandle{0}, cmgr=ComponentInfo{com.android.phone/com.android.services.telephony.TelephonyConnectionService}, 1, UserHandle{0}, handle=tel:%2B13526739016, vidst=A, childs(0), has_parent(false), cap=[ sup_hld mut VTrrx VTrtx VTrbi spd_aud sup_rtt], prop=[ HD], voip=false, gthpst=1, vzwAudioData=[VzwAudioData : UserSelectedAudioMode : -1 AudioMode : -1]], mIsConference(false)]: NCSSF.aC->ICFG.sF->ICFG.sF->ICFG.sF->CSFM.oCA@H74_1_0_0_0
11-04 20:41:22.719  2944  4488 V Telecom : Logging: END_SUBSESSION (dur: 1 mS): NCSSF.aC->ICFG.sF->ICFG.sF->ICFG.sF->CSFM.oCA@H74_1_0_0_0
11-04 20:41:22.719  2944  7613 D PowerManagerService: acquireWakeLockInternal: lock=161491543, flags=0x1a, tag=\"InCallWakeLockController\", ws=null, uid=1000, pid=2944, packageName=\"com.android.server.telecom\", displayId=-1
11-04 20:41:22.724  2944  7613 I Telecom : TelecomWakeLock: Acquiring WakeLock with id: 26: NCSSF.aC->ICFG.sF->ICFG.sF->ICFG.sF@H74_1_0_0
11-04 20:41:22.724  2944  7613 I Telecom : InCallWakeLockController: Acquiring full wake lock: NCSSF.aC->ICFG.sF->ICFG.sF->ICFG.sF@H74_1_0_0
11-04 20:41:22.725  2944  7613 D Telecom : CallIdMapper: addCall() TC@11<===>213016588: NCSSF.aC->ICFG.sF->ICFG.sF->ICFG.sF@H74_1_0_0
11-04 20:41:22.725  2944  7613 I Telecom : InCallController: onCallAdded: [Call id=TC@11, state=RINGING, tpac=ComponentInfo{com.android.phone/com.android.services.telephony.TelephonyConnectionService}, 1, UserHandle{0}, cmgr=ComponentInfo{com.android.phone/com.android.services.telephony.TelephonyConnectionService}, 1, UserHandle{0}, handle=tel:%2B13526739016, vidst=A, childs(0), has_parent(false), cap=[ sup_hld mut VTrrx VTrtx VTrbi spd_aud sup_rtt], prop=[ HD], voip=false, gthpst=1, vzwAudioData=[VzwAudioData : UserSelectedAudioMode : -1 AudioMode : -1]], mIsConference(false)]; not bound or connected.: NCSSF.aC->ICFG.sF->ICFG.sF->ICFG.sF@H74_1_0_0
11-04 20:41:22.726  2944  7613 D Telecom : InCallController: getDefaultDialerComponent: defaultPhoneAppName=[com.google.android.dialer]: NCSSF.aC->ICFG.sF->ICFG.sF->ICFG.sF@H74_1_0_0
11-04 20:41:22.726  2944  7613 D Telecom : InCallController: getDefaultDialerComponent: systemPhoneAppName=[com.google.android.dialer]: NCSSF.aC->ICFG.sF->ICFG.sF->ICFG.sF@H74_1_0_0
11-04 20:41:22.727  2944  7613 D Telecom : InCallController: getDefaultDialerComponent: defaultPhoneAppComponent=[[ComponentInfo{com.google.android.dialer/com.android.incallui.InCallServiceImpl} supportsExternal? false supportsSelfMg?false]]: NCSSF.aC->ICFG.sF->ICFG.sF->ICFG.sF@H74_1_0_0
11-04 20:41:22.728  2944  7613 I Telecom : InCallController: defaultDialer: [ComponentInfo{com.google.android.dialer/com.android.incallui.InCallServiceImpl} supportsExternal? false supportsSelfMg?false]: NCSSF.aC->ICFG.sF->ICFG.sF->ICFG.sF@H74_1_0_0
11-04 20:41:22.728  2944  7613 I Telecom : InCallController: defaultDialer: null: NCSSF.aC->ICFG.sF->ICFG.sF->ICFG.sF@H74_1_0_0
11-04 20:41:22.730  2944  7613 I Telecom : CarSwappingInCallServiceConnection: chooseInitialInCallService: false => false: NCSSF.aC->ICFG.sF->ICFG.sF->ICFG.sF@H74_1_0_0
11-04 20:41:22.730  2944  7613 I Telecom : EmergencyCallHelper: ShouldGrantTemporaryLocationPermission, not emergency: NCSSF.aC->ICFG.sF->ICFG.sF->ICFG.sF@H74_1_0_0
11-04 20:41:22.730  2944  7613 I Telecom : EmergencyInCallServiceConnection: Attempting to bind to InCall [ComponentInfo{com.google.android.dialer/com.android.incallui.InCallServiceImpl} supportsExternal? false supportsSelfMg?false], with Intent { act=android.telecom.InCallService cmp=com.google.android.dialer/com.android.incallui.InCallServiceImpl }: NCSSF.aC->ICFG.sF->ICFG.sF->ICFG.sF@H74_1_0_0
11-04 20:41:22.731  2944  7613 I framework_stats_log: [SERVICE_LAUNCH_REPORTED, 10191, com.google.android.dialer, com.android.incallui.InCallServiceImpl]
11-04 20:41:22.732  2944  7613 I framework_stats_log: [SERVICE_REQUEST_EVENT_REPORTED, 10191, 1000, InCallService, 2, false, 1]
11-04 20:41:22.733  2944  7613 I Telecom : EmergencyInCallServiceConnection: mCall: [Call id=TC@11, state=RINGING, tpac=ComponentInfo{com.android.phone/com.android.services.telephony.TelephonyConnectionService}, 1, UserHandle{0}, cmgr=ComponentInfo{com.android.phone/com.android.services.telephony.TelephonyConnectionService}, 1, UserHandle{0}, handle=tel:%2B13526739016, vidst=A, childs(0), has_parent(false), cap=[ sup_hld mut VTrrx VTrtx VTrbi spd_aud sup_rtt], prop=[ HD], voip=false, gthpst=1, vzwAudioData=[VzwAudioData : UserSelectedAudioMode : -1 AudioMode : -1]], mIsConference(false)], mIsConnected: true: NCSSF.aC->ICFG.sF->ICFG.sF->ICFG.sF@H74_1_0_0
11-04 20:41:22.734  2944  7621 D Telecom : QuickResponseUtils: maybeMigrateLegacyQuickResponses() - Using Telephony QuickResponses.
11-04 20:41:22.735  2944  7613 I Telecom : InCallServiceBindingConnection: Attempting to bind to InCall [ComponentInfo{com.motorola.bach.modemstats/com.motorola.bach.modemstats.call.MPhoneInCallService} supportsExternal? true supportsSelfMg?false], with Intent { act=android.telecom.InCallService cmp=com.motorola.bach.modemstats/.call.MPhoneInCallService }: NCSSF.aC->ICFG.sF->ICFG.sF->ICFG.sF@H74_1_0_0
11-04 20:41:22.736  2944  7613 I framework_stats_log: [SERVICE_LAUNCH_REPORTED, 10299, com.motorola.bach.modemstats, com.motorola.bach.modemstats.call.MPhoneInCallService]
11-04 20:41:22.737  2944  7613 I framework_stats_log: [SERVICE_REQUEST_EVENT_REPORTED, 10299, 1000, InCallService, 2, false, 1]
11-04 20:41:22.737  2944  7613 I Telecom : InCallServiceBindingConnection: mCall: [Call id=TC@11, state=RINGING, tpac=ComponentInfo{com.android.phone/com.android.services.telephony.TelephonyConnectionService}, 1, UserHandle{0}, cmgr=ComponentInfo{com.android.phone/com.android.services.telephony.TelephonyConnectionService}, 1, UserHandle{0}, handle=tel:%2B13526739016, vidst=A, childs(0), has_parent(false), cap=[ sup_hld mut VTrrx VTrtx VTrbi spd_aud sup_rtt], prop=[ HD], voip=false, gthpst=1, vzwAudioData=[VzwAudioData : UserSelectedAudioMode : -1 AudioMode : -1]], mIsConference(false)], mIsConnected: true: NCSSF.aC->ICFG.sF->ICFG.sF->ICFG.sF@H74_1_0_0
11-04 20:41:22.738  2944  7613 D Telecom : CallIdMapper: addCall() TC@11<===>213016588: NCSSF.aC->ICFG.sF->ICFG.sF->ICFG.sF@H74_1_0_0
11-04 20:41:22.738  2944  7613 I Telecom : CallDiagnosticServiceController: bindCallDiagnosticService: no package; skip binding.: NCSSF.aC->ICFG.sF->ICFG.sF->ICFG.sF@H74_1_0_0
11-04 20:41:22.738  2944  7613 D Telecom : CallAudioManager: Call added with id TC@TC@11 in state RINGING: NCSSF.aC->ICFG.sF->ICFG.sF->ICFG.sF@H74_1_0_0
11-04 20:41:22.738  2944  7613 V Telecom : MotoCallAudioModeStateMachine: updateAudioBand set to WB: NCSSF.aC->ICFG.sF->ICFG.sF->ICFG.sF@H74_1_0_0
11-04 20:41:22.739  2944  7613 V Telecom : Logging: CREATE_SUBSESSION NCSSF.aC->ICFG.sF->ICFG.sF->ICFG.sF->ICFG.sF@H74_1_0_0_1: NCSSF.aC->ICFG.sF->ICFG.sF->ICFG.sF@H74_1_0_0
11-04 20:41:22.739  2944  7613 D Telecom : DtmfLocalTonePlayer: Posting create.: NCSSF.aC->ICFG.sF->ICFG.sF->ICFG.sF@H74_1_0_0
11-04 20:41:22.739  2944  4483 V Telecom : Logging: CONTINUE_SUBSESSION: NCSSF.aC->ICFG.sF->ICFG.sF->ICFG.sF->CARSM.pM_UPDATE_SYSTEM_AUDIO_ROUTE@H74_1_0_0_1
11-04 20:41:22.739  2944  7613 V Telecom : Logging: CREATE_SUBSESSION NCSSF.aC->ICFG.sF->ICFG.sF->ICFG.sF->ICFG.sF@H74_1_0_0_2: NCSSF.aC->ICFG.sF->ICFG.sF->ICFG.sF@H74_1_0_0
11-04 20:41:22.740  2944  7613 V Telecom : Logging: CREATE_SUBSESSION NCSSF.aC->ICFG.sF->ICFG.sF->ICFG.sF->ICFG.sF@H74_1_0_0_3: NCSSF.aC->ICFG.sF->ICFG.sF->ICFG.sF@H74_1_0_0
11-04 20:41:22.740  2944 27370 V Telecom : Logging: CONTINUE_SUBSESSION: NCSSF.aC->ICFG.sF->ICFG.sF->ICFG.sF->DLTP.TH@H74_1_0_0_2
11-04 20:41:22.741  2944  2944 D Telecom : Logging: START_SESSION
11-04 20:41:22.742  2944  4486 I Telecom : CallAudioModeStateMachine: Message received: null.
11-04 20:41:22.744  2944  4483 I Telecom : MotoCallAudioRouteStateMachine: Message received: UPDATE_SYSTEM_AUDIO_ROUTE=1201, arg1=0: NCSSF.aC->ICFG.sF->ICFG.sF->ICFG.sF->CARSM.pM_UPDATE_SYSTEM_AUDIO_ROUTE@H74_1_0_0_1
11-04 20:41:22.744  2944  7621 D Telecom : RespondViaSmsManager: loadCannedResponses() completed, found responses: [Can't talk now. What's up?, I'll call you right back., I'll call you later., Can't talk now. Call me later?]
11-04 20:41:22.744  2944  4483 I Telecom : QuiescentEarpieceRoute: Processing message UPDATE_SYSTEM_AUDIO_ROUTE: NCSSF.aC->ICFG.sF->ICFG.sF->ICFG.sF->CARSM.pM_UPDATE_SYSTEM_AUDIO_ROUTE@H74_1_0_0_1
11-04 20:41:22.745  2944  4483 I Telecom : BluetoothRouteManager: getBluetoothAudioConnectedDevice: no service available.: NCSSF.aC->ICFG.sF->ICFG.sF->ICFG.sF->CARSM.pM_UPDATE_SYSTEM_AUDIO_ROUTE@H74_1_0_0_1
11-04 20:41:22.749  2944  7613 I framework_stats_log: [PHONE_STATE_CHANGED, 1]
11-04 20:41:22.750  2944  4486 D Telecom : MotoCallAudioModeStateMachine: AudioMgr: set volte_band_limit=off takes 7 ms
11-04 20:41:22.750  2944  4486 W Telecom : Logging: Log.endSession was called with no session active.
11-04 20:41:22.750  2944  7613 I Telecom : PhoneStateBroadcaster: Broadcasted state change: 1: NCSSF.aC->ICFG.sF->ICFG.sF->ICFG.sF@H74_1_0_0
11-04 20:41:22.750  2944  4486 V Telecom : Logging: CONTINUE_SUBSESSION: NCSSF.aC->ICFG.sF->ICFG.sF->ICFG.sF->CAMSM.pM_2002@H74_1_0_0_3
11-04 20:41:22.750  2944  7613 I Telecom : IncomingCallNotifier: updateIncomingCall: foundIncomingcall = null: NCSSF.aC->ICFG.sF->ICFG.sF->ICFG.sF@H74_1_0_0
11-04 20:41:22.751  2944  4486 I Telecom : CallAudioModeStateMachine: Message received: NEW_RINGING_CALL.: NCSSF.aC->ICFG.sF->ICFG.sF->ICFG.sF->CAMSM.pM_2002@H74_1_0_0_3
11-04 20:41:22.751  2944  4486 I Telecom : CallAudioModeStateMachine: Audio focus entering RINGING state: NCSSF.aC->ICFG.sF->ICFG.sF->ICFG.sF->CAMSM.pM_2002@H74_1_0_0_3
11-04 20:41:22.751  2944  7613 I Telecom : Event: RecordEntry TC@11: FILTERING_COMPLETED, [Allow, logged, notified, mCallScreeningAppName = Phone, mCallScreeningComponentName = com.google.android.dialer/com.android.dialer.callscreeningservice.impl.CallScreeningServiceImpl]: NCSSF.aC->ICFG.sF->ICFG.sF->ICFG.sF@H74_1_0_0
11-04 20:41:22.751  2944  3179 D BroadcastQueue_background: broadcastBegin: hashCode=188319739, Parallel, toUser=-1, dispatchTime=0, ordered=false, sticky=false, Intent { act=android.intent.action.PHONE_STATE flg=0x1000010 (has extras) }
11-04 20:41:22.751  2944  4486 V Telecom : Logging: CREATE_SUBSESSION NCSSF.aC->ICFG.sF->ICFG.sF->ICFG.sF->CAMSM.pM_2002->CAMSM.pM_2002@H74_1_0_0_3_0: NCSSF.aC->ICFG.sF->ICFG.sF->ICFG.sF->CAMSM.pM_2002@H74_1_0_0_3
11-04 20:41:22.752  2944  7613 V Telecom : Logging: END_SUBSESSION (dur: 50 mS): NCSSF.aC->ICFG.sF->ICFG.sF->ICFG.sF@H74_1_0_0
11-04 20:41:22.753  2944 27374 V Telecom : Logging: CONTINUE_SUBSESSION: NCSSF.aC->ICFG.sF->ICFG.sF->ICFG.sF->CAMSM.pM_2002->R.sR@H74_1_0_0_3_0
11-04 20:41:22.755  2944  3064 D Telecom : Logging: START_SESSION
11-04 20:41:22.756  2944 27374 I Telecom : Ringer: In shouldRingForContact(), shouldRing=true: NCSSF.aC->ICFG.sF->ICFG.sF->ICFG.sF->CAMSM.pM_2002->R.sR@H74_1_0_0_3_0
11-04 20:41:22.756  2944  3179 W BroadcastQueue: Permission Denial: receiving Intent { act=android.intent.action.PHONE_STATE flg=0x1000010 (has extras) } to ProcessRecord{67c92e3 5703:jp.co.cyberagent.stf/u0a491} (pid=5703, uid=10491) requires android.permission.READ_PRIVILEGED_PHONE_STATE due to sender android (uid 1000)
11-04 20:41:22.757  2944 27374 I Telecom : RingtoneFactory: Work profile should use personal sound: NCSSF.aC->ICFG.sF->ICFG.sF->ICFG.sF->CAMSM.pM_2002->R.sR@H74_1_0_0_3_0
11-04 20:41:22.758  2944 27374 D Telecom : MotoTelecomFeatureControl: CONFIG_MULTISIM_RINGTONE_SETTINGS: true: NCSSF.aC->ICFG.sF->ICFG.sF->ICFG.sF->CAMSM.pM_2002->R.sR@H74_1_0_0_3_0
11-04 20:41:22.758  2944  3179 D BroadcastQueue: broadcastComplete: hashCode=188319739, Parallel, costTime=7
11-04 20:41:22.758  2944  3179 D BroadcastQueue:     app=2944:system/1000, receiver=android.app.LoadedApk$ReceiverDispatcher$InnerReceiver@f2b3f9f, costTime=0
11-04 20:41:22.758  2944  3179 D BroadcastQueue:     app=3779:com.android.systemui/u0a333, receiver=android.os.BinderProxy@8eb04b0, costTime=1
11-04 20:41:22.758  2944  3179 D BroadcastQueue:     app=3779:com.android.systemui/u0a333, receiver=android.os.BinderProxy@4730d09, costTime=1
11-04 20:41:22.758  2944  3179 D BroadcastQueue:     app=5610:com.motorola.motolights/u0a205, receiver=android.os.BinderProxy@90e833b, costTime=1
11-04 20:41:22.758  2944  3179 D BroadcastQueue:     app=16130:com.android.settings/1000, receiver=android.os.BinderProxy@234135a, costTime=1
11-04 20:41:22.758  2944  3179 D BroadcastQueue:     app=5703:jp.co.cyberagent.stf/u0a491, receiver=android.os.BinderProxy@861f12b, costTime=2
11-04 20:41:22.759  2944 27374 D Telecom : RingtoneFactory: subId = 1: NCSSF.aC->ICFG.sF->ICFG.sF->ICFG.sF->CAMSM.pM_2002->R.sR@H74_1_0_0_3_0
11-04 20:41:22.759  2944 27374 D Telecom : RingtoneFactory: subId = 1, phoneId = 0, type = 1, multiSim: uri content://media/internal/audio/media/32?title=Moto&canonical=1: NCSSF.aC->ICFG.sF->ICFG.sF->ICFG.sF->CAMSM.pM_2002->R.sR@H74_1_0_0_3_0
11-04 20:41:22.759  2944  3179 D BroadcastQueue_background: broadcastBegin: hashCode=219667057, Parallel, toUser=-1, dispatchTime=9, ordered=false, sticky=false, Intent { act=android.intent.action.PHONE_STATE flg=0x1000010 (has extras) }
11-04 20:41:22.761  2944  3179 W BroadcastQueue: Permission Denial: receiving Intent { act=android.intent.action.PHONE_STATE flg=0x1000010 (has extras) } to ProcessRecord{98be5b5 3779:com.android.systemui/u0a333} (pid=3779, uid=10333) requires android.permission.READ_PHONE_STATE due to sender android (uid 1000)
11-04 20:41:22.761  2944  3179 W BroadcastQueue: Permission Denial: receiving Intent { act=android.intent.action.PHONE_STATE flg=0x1000010 (has extras) } to ProcessRecord{98be5b5 3779:com.android.systemui/u0a333} (pid=3779, uid=10333) requires android.permission.READ_PHONE_STATE due to sender android (uid 1000)
11-04 20:41:22.761  2944  3179 W BroadcastQueue: Permission Denial: receiving Intent { act=android.intent.action.PHONE_STATE flg=0x1000010 (has extras) } to ProcessRecord{df20844 5610:com.motorola.motolights/u0a205} (pid=5610, uid=10205) requires android.permission.READ_PHONE_STATE due to sender android (uid 1000)
11-04 20:41:22.763  2944  3179 D BroadcastQueue: broadcastComplete: hashCode=219667057, Parallel, costTime=4
11-04 20:41:22.763  2944  3179 D BroadcastQueue:     app=2944:system/1000, receiver=android.app.LoadedApk$ReceiverDispatcher$InnerReceiver@f2b3f9f, costTime=2
11-04 20:41:22.763  2944  3179 D BroadcastQueue:     app=3779:com.android.systemui/u0a333, receiver=android.os.BinderProxy@8eb04b0, costTime=0
11-04 20:41:22.763  2944  3179 D BroadcastQueue:     app=3779:com.android.systemui/u0a333, receiver=android.os.BinderProxy@4730d09, costTime=0
11-04 20:41:22.763  2944  3179 D BroadcastQueue:     app=5610:com.motorola.motolights/u0a205, receiver=android.os.BinderProxy@90e833b, costTime=1
11-04 20:41:22.763  2944  3179 D BroadcastQueue:     app=16130:com.android.settings/1000, receiver=android.os.BinderProxy@234135a, costTime=1
11-04 20:41:22.763  2944  3179 D BroadcastQueue:     app=5703:jp.co.cyberagent.stf/u0a491, receiver=android.os.BinderProxy@861f12b, costTime=0
11-04 20:41:22.763  2944  3179 D BroadcastQueue_background: broadcastBegin: hashCode=108631492, Parallel, toUser=-1, dispatchTime=13, ordered=false, sticky=false, Intent { act=android.intent.action.PHONE_STATE flg=0x1000010 (has extras) }
