10-15 21:03:23.458  2262  2262 E ModemServiceMode: onDestroy start
10-15 21:03:23.458  2262  2262 E ModemServiceMode: unbind connection
10-15 21:03:23.460 19833 19833 E RILS    : onDestroy start
10-15 21:03:23.461 19833 19833 E RILS    : onDestroy finish
10-15 21:03:23.461  2262  2262 E ModemServiceMode: onDestroy finish
10-15 21:03:23.461 19833 28358 E RILS    : Hit EOS reading message length
10-15 21:03:23.461  2262  2262 I wm_on_destroy_called: [232323694,com.sec.android.RilServiceModeApp.ServiceModeApp,performDestroy]
10-15 21:03:23.461 19833 28358 I RILS    : Disconnected from 'Multiclient' socket
10-15 21:03:23.461 19833 28358 E RILS    : Thread interrupted...start to exit - Multiclient, TID: 55
10-15 21:03:23.461  1961  1969 E Multi-Client: OemClient::Process(): EOS. oem client(10), errno:11
10-15 21:03:23.461 19833 28358 E RILS    : Thread is terminated by InterruptedException
10-15 21:03:23.462  1241  2774 D CoreBackPreview: Window{6f9f5e8 u0 com.sec.android.RilServiceModeApp/com.sec.android.RilServiceModeApp.ServiceModeApp}: Setting back callback null
10-15 21:03:23.463  2262  2262 I MSHandlerLifeCycle: removeMultiSplitHandler: no exist. decor=DecorView@cd01cf3[ServiceModeApp]
10-15 21:03:23.463  2262 16542 D OpenGLRenderer: setSurface called with nullptr
10-15 21:03:23.464  2262  2262 I ViewRootImpl@e6f2f61[ServiceModeApp]: dispatchDetachedFromWindow
10-15 21:03:23.465  1241  2774 D InputTransport: Input channel destroyed: '6f9f5e8', fd=858
10-15 21:03:23.466  1241  2774 W InputManager-JNI: Input channel object '6f9f5e8 com.sec.android.RilServiceModeApp/com.sec.android.RilServiceModeApp.ServiceModeApp (client)' was disposed without first being removed with the input manager!
10-15 21:03:23.466  1241  2774 D InputTransport: Input channel destroyed: '6f9f5e8', fd=885
10-15 21:03:23.466  1241  2774 V WindowManager: Remove Window{6f9f5e8 u0 com.sec.android.RilServiceModeApp/com.sec.android.RilServiceModeApp.ServiceModeApp}: mSurfaceController=Surface(name=com.sec.android.RilServiceModeApp/com.sec.android.RilServiceModeApp.ServiceModeApp$_2262)/@0x2280cc2 mAnimatingExit=false mRemoveOnExit=false mHasSurface=true surfaceShowing=false animating=false app-animation=false mWillReplaceWindow=false mDisplayFrozen=false callers=com.android.server.wm.WindowState.removeIfPossible:3041 com.android.server.wm.WindowManagerService.removeWindow:2282 com.android.server.wm.Session.remove:236 android.view.IWindowSession$Stub.onTransact:743 com.android.server.wm.Session.onTransact:188 android.os.Binder.execTransactInternal:1321 
10-15 21:03:23.467  1241  2774 I WindowManager: Destroying surface Surface(name=com.sec.android.RilServiceModeApp/com.sec.android.RilServiceModeApp.ServiceModeApp$_2262)/@0x2280cc2 called by com.android.server.wm.WindowStateAnimator.destroySurface:942 com.android.server.wm.WindowStateAnimator.destroySurfaceLocked:536 com.android.server.wm.WindowState.removeImmediately:2969 com.android.server.wm.WindowState.removeIfPossible:3228 com.android.server.wm.WindowState.removeIfPossible:3041 com.android.server.wm.WindowManagerService.removeWindow:2282 com.android.server.wm.Session.remove:236 android.view.IWindowSession$Stub.onTransact:743 
10-15 21:03:23.467  1241  2774 D RestrictionPolicy: isScreenCaptureEnabled : ret=true userId=0
10-15 21:03:23.467  1241  2774 V WindowManager: Nulling last startingData
10-15 21:03:23.471  2262  2262 D InputTransport: Input channel destroyed: '6f9f5e8', fd=168
10-15 21:03:23.472  1147  1147 I Layer   : id=168048 removedFromDrawingState com.sec.android.RilServiceModeApp/com.sec.android.RilServiceModeApp.ServiceModeApp$_2262#168048 (113)
10-15 21:03:23.473  1147  1147 I Layer   : id=168046 removedFromDrawingState 6f9f5e8 com.sec.android.RilServiceModeApp/com.sec.android.RilServiceModeApp.ServiceModeApp#168046 (113)
10-15 21:03:23.473  1147  1147 I SurfaceFlinger: id=168048 Removed com.sec.android.RilServiceModeApp/com.sec.android.RilServiceModeApp.ServiceModeApp$_2262#168048 (113)
10-15 21:03:23.473  1147  1147 I SurfaceFlinger: id=168046 Removed 6f9f5e8 com.sec.android.RilServiceModeApp/com.sec.android.RilServiceModeApp.ServiceModeApp#168046 (113)
10-15 21:03:23.473  1241  2774 I wm_task_removed: [50274,removeChild:removeChild last r=ActivityRecord{dd8fa6e u0 com.sec.android.RilServiceModeApp/.ServiceModeApp} t-1 f}} in t=Task{c4550f #50274 type=standard A=1001:com.sec.android.RilServiceModeApp U=0 visible=false visibleRequested=false mode=fullscreen translucent=true sz=0},1]
10-15 21:03:23.473  1147  1147 I Layer   : id=168046 Destroyed 6f9f5e8 com.sec.android.RilServiceModeApp/com.sec.android.RilServiceModeApp.ServiceModeApp#168046
10-15 21:03:23.473  1241  2774 I wm_task_removed: [50274,removeChild,1]
10-15 21:03:23.474  1147  1147 I Layer   : id=168048 Destroyed com.sec.android.RilServiceModeApp/com.sec.android.RilServiceModeApp.ServiceModeApp$_2262#168048
10-15 21:03:23.474  1147  1194 I SurfaceFlinger: id=168086 createSurf, flag=24004, Task=50274#168086
10-15 21:03:23.474  2262  2262 I wm_on_destroy_called: [58586585,com.samsung.telephonyui.activities.SamsungMobileNetworkSettingsActivity,performDestroy]
10-15 21:03:23.475  1147  1791 I SurfaceFlinger: id=168038 Removed e736de9 ActivityRecordInputSink com.sec.android.RilServiceModeApp/.ServiceModeApp#168038 (112)
10-15 21:03:23.478 28662 28662 D AndroidRuntime: >>>>>> START com.android.internal.os.RuntimeInit uid 2000 <<<<<<
10-15 21:03:23.478  1147  1194 I SurfaceFlinger: id=168072 Removed 5a8d820 ActivityRecordInputSink com.android.phone/com.samsung.telephonyui.activities.SamsungMobileNetworkSettingsActivity#168072 (112)
10-15 21:03:23.479  2773  2773 I RecentsView: onTaskRemoved() taskId : 50274
10-15 21:03:23.479  2773  2773 I TopTaskTracker: onTaskRemoved : taskId = 50274
10-15 21:03:23.479  2773  2773 I RecentsView: onTaskRemoved() taskId : 50274
10-15 21:03:23.480  2773  2773 I TopTaskTracker: onTaskRemoved : taskId = 50274
10-15 21:03:23.485 28662 28662 I AndroidRuntime: Using default boot image
10-15 21:03:23.485 28662 28662 I AndroidRuntime: Leaving lock profiling enabled
10-15 21:03:23.485 28662 28662 D SecNativeFeatureCppIf: encoded
10-15 21:03:23.485 28662 28662 D SecNativeFeatureCppIf: decoding and unzip finish
10-15 21:03:23.485 28662 28662 D SecNativeFeatureCppIf: use unCompDataBuff. encoded
10-15 21:03:23.486 28662 28662 D SecNativeFeatureCppIf: Free unCompDataBuff
10-15 21:03:23.486 28662 28662 D AndroidRuntime: addProductProperty: pBrand1 is not null
10-15 21:03:23.486 28662 28662 D AndroidRuntime: addProductProperty: not brand or 7
10-15 21:03:23.489  1147  1147 I Layer   : id=168031 removedFromDrawingState ActivityRecord{dd8fa6e u0 com.sec.android.RilServiceModeApp/.ServiceModeApp} t50274}#168031 (112)
10-15 21:03:23.489  1147  1147 I Layer   : id=168038 removedFromDrawingState e736de9 ActivityRecordInputSink com.sec.android.RilServiceModeApp/.ServiceModeApp#168038 (112)
10-15 21:03:23.489 28662 28662 I app_process: Using CollectorTypeCC GC.
10-15 21:03:23.489  1147  1147 I Layer   : id=168030 removedFromDrawingState Task=50274#168030 (112)
10-15 21:03:23.489  1147  1147 I Layer   : id=168086 removedFromDrawingState Task=50274#168086 (112)
10-15 21:03:23.490  1147  1147 I Layer   : id=168064 removedFromDrawingState ActivityRecord{37df5d9 u0 com.android.phone/com.samsung.telephonyui.activities.SamsungMobileNetworkSettingsActivity} t50275}#168064 (112)
10-15 21:03:23.490  1147  1147 I Layer   : id=168072 removedFromDrawingState 5a8d820 ActivityRecordInputSink com.android.phone/com.samsung.telephonyui.activities.SamsungMobileNetworkSettingsActivity#168072 (112)
10-15 21:03:23.490  1147  1147 I SurfaceFlinger: id=168031 Removed ActivityRecord{dd8fa6e u0 com.sec.android.RilServiceModeApp/.ServiceModeApp} t50274}#168031 (112)
10-15 21:03:23.490  1147  1147 I SurfaceFlinger: id=168086 Removed Task=50274#168086 (112)
10-15 21:03:23.490  1147  1147 I SurfaceFlinger: id=168064 Removed ActivityRecord{37df5d9 u0 com.android.phone/com.samsung.telephonyui.activities.SamsungMobileNetworkSettingsActivity} t50275}#168064 (112)
10-15 21:03:23.490  1147  1147 I Layer   : id=168064 Destroyed ActivityRecord{37df5d9 u0 com.android.phone/com.samsung.telephonyui.activities.SamsungMobileNetworkSettingsActivity} t50275}#168064
10-15 21:03:23.490  1147  1147 I Layer   : id=168072 Destroyed 5a8d820 ActivityRecordInputSink com.android.phone/com.samsung.telephonyui.activities.SamsungMobileNetworkSettingsActivity#168072
10-15 21:03:23.491  1147  1147 I Layer   : id=168031 Destroyed ActivityRecord{dd8fa6e u0 com.sec.android.RilServiceModeApp/.ServiceModeApp} t50274}#168031
10-15 21:03:23.491  1147  1147 I Layer   : id=168038 Destroyed e736de9 ActivityRecordInputSink com.sec.android.RilServiceModeApp/.ServiceModeApp#168038
10-15 21:03:23.491  1147  1147 I Layer   : id=168086 Destroyed Task=50274#168086
10-15 21:03:23.500  2616  2616 E STFService: getNetworkProperties: Location fine denied
10-15 21:03:23.524  2296  2296 I UiThreadMonitor: setAwake 108052 3000 0
10-15 21:03:23.598 28662 28662 D app_process: Time zone APEX ICU file found: /apex/com.android.tzdata/etc/icu/icu_tzdata.dat
10-15 21:03:23.598 28662 28662 D app_process: I18n APEX ICU file found: /apex/com.android.i18n/etc/icu/icudt70l.dat
10-15 21:03:23.609 28662 28662 W app_process: ClassLoaderContext classpath size mismatch. expected=0, found=1 (PCL[] | PCL[/system/framework/android.test.runner.jar*2256426886])
10-15 21:03:23.625 28662 28662 E SemDvfsManager_JNI: SemDvfsManager: registerfunction enter
10-15 21:03:23.625 28662 28662 E SemAffinityControl: SemAffinityControl: registerfunction enter
10-15 21:03:23.634 28662 28662 D AndroidRuntime: Calling main entry com.android.commands.uiautomator.Launcher
10-15 21:03:23.643  1147  2809 I SurfaceFlinger: id=168087 createSurf, flag=80004, WindowToken{421733c type=2032 android.os.Binder@ce312f}#168087
10-15 21:03:23.645  1241  2774 D SettingsProvider: isChangeAllowed() : name = accessibility_enabled
10-15 21:03:23.646  1241  2774 I GenerationRegistry: mBackingStore.isClosed() : false
10-15 21:03:23.647  1241  2774 D WindowMagnificationMgr: requestConnection :false mConnectionState : 3
10-15 21:03:23.647  1241  2774 W WindowMagnificationMgr: requestConnection duplicated request: connect=false, mConnectionState=DISCONNECTED
10-15 21:03:23.650  1241  2774 D SettingsProvider: isChangeAllowed() : name = accessibility_enabled
10-15 21:03:23.651  1241  2774 I GenerationRegistry: mBackingStore.isClosed() : false
10-15 21:03:23.651  1241  2774 D WindowMagnificationMgr: requestConnection :false mConnectionState : 3
10-15 21:03:23.651  1241  2774 W WindowMagnificationMgr: requestConnection duplicated request: connect=false, mConnectionState=DISCONNECTED
10-15 21:03:23.660  1241  1695 I am_uid_idle: 10242
10-15 21:03:23.662  1241  2076 W WindowManager: Cannot find window which accessibility connection is added to
10-15 21:03:23.662  1241  1241 D BatterySaverPolicy: accessibility changed to true, updating policy.
10-15 21:03:23.663  1241  1241 I AccessibilityManagerService: semIsAccessibilityServiceEnabled()
10-15 21:03:23.663  1241  1241 I AccessibilityManagerService: accesibilityService is null
10-15 21:03:23.663  1241  1241 I AccessibilityManagerService: semIsAccessibilityServiceEnabled()
10-15 21:03:23.663  1241  1241 I AccessibilityManagerService: accesibilityService is null
10-15 21:03:23.663  1241  1241 D AS.AudioService: Accessibility volume enabled = false
10-15 21:03:23.664 27491 27491 V SafetyCenterAccessibilityListener: accessibility event occurred, safety center feature not enabled.
10-15 21:03:23.667 15717 15748 I A       : NGA disabled since it's running Panthera and at least one a11y feature is on.
10-15 21:03:23.667 15717 15748 I A       : (REDACTED) Nga state changed to %s
10-15 21:03:23.667  1241  6676 W WindowManager: Cannot find window which accessibility connection is added to
10-15 21:03:23.669 24120 24216 I A       : Unsubscribed to apa or classic variant change.
10-15 21:03:23.670 24120 24132 I A       : (REDACTED) APA or Classic session decision: %s.
10-15 21:03:23.675  1147  2809 E SurfaceFlinger: Permission Denial: SurfaceFlinger did not recognize request code: 1598640985
10-15 21:03:23.684  1241  6676 I ActivityManager: Changes in 10214 5 to 5, 8 to 15
10-15 21:03:23.684  1241  6676 I AppOps  : updateUidProcState uid: 10214 procState: 5 capability:15
10-15 21:03:23.684  1241  6676 I AppOps  : commitUidPendingStateLocked() :: UID - 10214, 500 > 500, 8 > 15
10-15 21:03:23.692  2773  3066 I TouchInteractionService: onActiveNavBarRegionChanges, region : SkRegion((0,2273,388,2408)(389,2273,690,2408)(691,2273,961,2408))
10-15 21:03:23.692  2296  2296 V Navbar.Store: ----handleEvent(0) OnUpdateRemoteViewContainer(leftContainer=android.widget.LinearLayout{cbe1d66 I.E...... ......I. 0,0-118,135 #7f0b04f6 app:id/left_remoteview}, rightContainer=android.widget.LinearLayout{ccbc8a7 I.E...... ......I. 962,0-1080,135 #7f0b07aa app:id/right_remoteview}, contextualButtonVisible=false, darkIntensity=0.0) [Module] SamsungNavigationBarView
10-15 21:03:23.693  2296  2296 V Navbar.Store: ------[Band]REMOTE_VIEW_PACK_SET_REMOTEVIEW_CONTAINER
10-15 21:03:23.693  2296  2296 V Navbar.Store: --------apply(0) UpdateRemoteViewContainer
10-15 21:03:23.693  2296  2296 V Navbar.Store: --------apply(0) UpdateRemoteViewDarkIntensity
10-15 21:03:23.693  1241  1241 I notification_cancel: [10215,24120,com.google.android.googlequicksearchbox,720896,NULL,0,0,1088,8,NULL]
10-15 21:03:23.693  2296  2296 V Navbar.Store: handleEvent(0) OnNavBarUpdateA11YService(clickable=false, longClickable=false) [Module] NavigationBar
10-15 21:03:23.693  2296  2296 V Navbar.Store: --[Band]SETUPWIZARD_PACK_UPDATE_A11Y_SERVICE
10-15 21:03:23.694  1241  1241 I notification_cancel: [10215,24120,com.google.android.googlequicksearchbox,720897,NULL,0,0,1088,8,NULL]
10-15 21:03:23.694  1241  1241 I notification_cancel: [10215,24120,com.google.android.googlequicksearchbox,720900,NULL,0,0,1088,8,NULL]
10-15 21:03:23.695  1241  1241 I notification_cancel: [10215,24120,com.google.android.googlequicksearchbox,720904,NULL,0,0,1088,8,NULL]
10-15 21:03:23.695  1241  1241 I notification_cancel: [10215,24120,com.google.android.googlequicksearchbox,720905,NULL,0,0,1088,8,NULL]
10-15 21:03:23.696  1241  1241 I notification_cancel: [10215,24120,com.google.android.googlequicksearchbox,720906,NULL,0,0,1088,8,NULL]
10-15 21:03:23.696  1241  1241 I notification_cancel: [10215,24120,com.google.android.googlequicksearchbox,720907,NULL,0,0,1088,8,NULL]
10-15 21:03:23.697  1241  1241 I notification_cancel: [10215,24120,com.google.android.googlequicksearchbox,720908,NULL,0,0,1088,8,NULL]
10-15 21:03:23.697  1241  1241 I notification_cancel: [10215,24120,com.google.android.googlequicksearchbox,720909,NULL,0,0,1088,8,NULL]
10-15 21:03:23.699  2773  3066 I TouchInteractionService: onActiveNavBarRegionChanges, region : SkRegion((0,2273,388,2408)(389,2273,690,2408)(691,2273,961,2408))
10-15 21:03:23.699  1241  1241 I notification_cancel: [10215,24120,com.google.android.googlequicksearchbox,720910,NULL,0,0,1088,8,NULL]
10-15 21:03:23.715 15717 15771 I A       : getLocaleToModelSpecsMap
10-15 21:03:23.715 15717 15771 I A       : Using proto config with mendel
10-15 21:03:23.715 15717 15771 I A       : getLocaleToModelSpecsMap
10-15 21:03:23.715 15717 15771 I A       : Using proto config with mendel
10-15 21:03:23.716 15717 15771 I A       : getLocaleToModelSpecsMap
10-15 21:03:23.716 15717 15771 I A       : Using proto config with mendel
10-15 21:03:23.716 15717 15771 I A       : (REDACTED) Adding from config to map. Locale: %s modelPrefix: %s Location:%s isSpeakerIdSupported: %b
10-15 21:03:23.716 15717 15771 I A       : (REDACTED) Adding from config to map. Locale: %s modelPrefix: %s Location:%s isSpeakerIdSupported: %b
10-15 21:03:23.716 15717 15771 I A       : (REDACTED) Adding from config to map. Locale: %s modelPrefix: %s Location:%s isSpeakerIdSupported: %b
10-15 21:03:23.717 15717 15771 I A       : (REDACTED) Skipping. Expected model: %s Found: %s
10-15 21:03:23.717 15717 15771 I A       : (REDACTED) Adding from config to map. Locale: %s modelPrefix: %s Location:%s isSpeakerIdSupported: %b
10-15 21:03:23.717 15717 15771 I A       : getLocaleToModelSpecsMap
10-15 21:03:23.718 15717 15771 I A       : Using proto config with mendel
10-15 21:03:23.718 15717 15771 I A       : getLocaleToModelSpecsMap
10-15 21:03:23.718 15717 15771 I A       : Using proto config with mendel
10-15 21:03:23.718 15717 15771 I A       : getLocaleToModelSpecsMap
10-15 21:03:23.718 15717 15771 I A       : Using proto config with mendel
10-15 21:03:23.720 15717 15771 I MicroDetectionState: (REDACTED) Should stop hotword detection immediately - %b
10-15 21:03:23.721 15717 15771 I A       : Trying to enqueue PieTriggeringWorker
10-15 21:03:23.723 24120 24120 I A       : (REDACTED) eventData = %s
10-15 21:03:23.724 24120 24212 I A       : Logging success flow
10-15 21:03:23.737 15717 15771 I A       : Trying to enqueue PieTriggeringWorker
10-15 21:03:23.738 24120 24120 I A       : (REDACTED) eventData = %s
10-15 21:03:23.766  1042 28647 I HYPER-HAL: [ResourceManager.cpp]removeResource(): [CPUMinFreq] RemoveResource Request ID : 790669
10-15 21:03:23.766  1042 28647 I HYPER-HAL: [RequestManager.cpp]releaseLocked(): Released ID : 790669
10-15 21:03:23.854  1033 15796 I sensors-hal: handle_sns_client_event:544, [0][323925] accel_sample [-2.280, -0.635,  9.702] 370846103026406
10-15 21:03:23.855  1241  2024 I commit_sys_config_file: [settings-2-0,7]
10-15 21:03:23.865  2616  2685 I STFService: CoreFrequency index: 0 current: 1804800 max: 1804800
10-15 21:03:23.866  2616  2685 I STFService: CoreFrequency index: 1 current: 1804800 max: 1804800
10-15 21:03:23.867  2616  2685 I STFService: CoreFrequency index: 2 current: 1804800 max: 1804800
10-15 21:03:23.868  2616  2685 I STFService: CoreFrequency index: 3 current: 1804800 max: 1804800
10-15 21:03:23.869  2616  2685 I STFService: CoreFrequency index: 4 current: 1804800 max: 1804800
10-15 21:03:23.869  2616  2685 I STFService: CoreFrequency index: 5 current: 1804800 max: 1804800
10-15 21:03:23.871  2616  2685 I STFService: CoreFrequency index: 6 current: 2208000 max: 2208000
10-15 21:03:23.872  1042 28610 I HYPER-HAL: [ResourceManager.cpp]removeResource(): [CPULittleMinFreq] RemoveResource Request ID : 808386
10-15 21:03:23.874  1042 28610 I HYPER-HAL: [ResourceManager.cpp]removeResource(): [CPUMinFreq] RemoveResource Request ID : 808386
10-15 21:03:23.874  1042 28610 I HYPER-HAL: [RequestManager.cpp]releaseLocked(): Released ID : 808386
10-15 21:03:23.875  2616  2685 I STFService: CoreFrequency index: 7 current: 2208000 max: 2208000
10-15 21:03:24.098  1241  1269 I system_server: NativeAlloc concurrent copying GC freed 367747(17MB) AllocSpace objects, 33(784KB) LOS objects, 25% free, 69MB/93MB, paused 430us,406us total 609.013ms
10-15 21:03:24.130  1241  1271 W System  : A resource failed to call HardwareBuffer.close. 
10-15 21:03:24.130  1241  1271 W System  : A resource failed to call HardwareBuffer.close. 
10-15 21:03:24.132  1241  1271 W System  : A resource failed to call release. 
10-15 21:03:24.132  1241  1271 W System  : A resource failed to call HardwareBuffer.close. 
10-15 21:03:24.132  1241  1271 W System  : A resource failed to call HardwareBuffer.close. 
10-15 21:03:24.133  1241  1271 W System  : A resource failed to call HardwareBuffer.close. 
10-15 21:03:24.134  1241  1271 W System  : A resource failed to call release. 
10-15 21:03:24.135  1241  1271 W System  : A resource failed to call HardwareBuffer.close. 
10-15 21:03:24.135  1241  1271 W System  : A resource failed to call HardwareBuffer.close. 
10-15 21:03:24.136  1241  1271 W System  : A resource failed to call release. 
10-15 21:03:24.136  1241  1271 W System  : A resource failed to call HardwareBuffer.close. 
10-15 21:03:24.137  1241  1271 W System  : A resource failed to call HardwareBuffer.close. 
10-15 21:03:24.347  1241  2903 D AppOps  : noteOperation: reject #3 for code 105 (105) uid 1001 package com.android.phone flags: s
10-15 21:03:24.444  1147  1147 I DisplayDevice: [Display 4630946312756012673 (internal, primary, \"\")] ActiveConfigToHWC, ID : 1
10-15 21:03:24.445  1147  1147 I LayerHistory: com.samsung.android.app.telephonyui/com.samsung.android.app.telephonyui.netsettings.ui.NetSettingsActivity$_4480#168081 Max (can't resolve refresh rate)
10-15 21:03:24.445  1147  1147 I SurfaceFlinger: Idle - choose 60.00 Hz
10-15 21:03:24.447  1042 28611 I HYPER-HAL: [ResourceManager.cpp]removeResource(): [CPUMaxFreq] RemoveResource Request ID : 9131415
10-15 21:03:24.448  1147  1188 I VSyncReactor: Current= 120, Period= 60, hwcPeriod= 120
10-15 21:03:24.448  1042 28611 I HYPER-HAL: [RequestManager.cpp]releaseLocked(): Released ID : 9131415
10-15 21:03:24.448  1074 18890 I SDM     : HWCDisplay::SubmitDisplayConfig: [DispConfigs] config 0 => 1, hs_mode 1 => 1
10-15 21:03:24.449  1074 18890 I SDM     : DisplayBase::SetActiveConfig: [DispConfigs] 0 => 1 or hs mode is changed if same config
10-15 21:03:24.449  1074 18890 I SDM     : HWDeviceDRM::SetDisplaySwitchMode: [DispConfigs] check hs_mode 1
10-15 21:03:24.449  1074 18890 I SDM     : HWDeviceDRM::SetDisplaySwitchMode: [DispConfigs] SetDisplayAttributes  mode_index 1
10-15 21:03:24.449  1074 18890 I SDM     : HWDeviceDRM::UpdateMixerAttributes: Mixer WxH 1080x2408-0 for Peripheral
10-15 21:03:24.450  1074 18890 I SDM     : HWCDisplay::SubmitDisplayConfig: Active configuration changed to: 1
10-15 21:03:24.455  1147  1188 I VSyncReactor: Current= 120, Period= 60, hwcPeriod= 60
10-15 21:03:24.502  2616  2616 E STFService: getNetworkProperties: Location fine denied
10-15 21:03:24.547  1241 28690 E BinderTransaction: Binder proc file not exist.
10-15 21:03:24.633  1241  1655 E Watchdog: !@Sync: 12329 heap: 70 / 93 FD: 929 [2023-10-15 21:03:24.632]
10-15 21:03:24.687 28662 28662 D SemCscFeature: Encoded
10-15 21:03:24.708 28662 28662 I AccessibilityNodeInfoDumper: Skipping invisible child: android.view.accessibility.AccessibilityNodeInfo@270e64; boundsInParent: Rect(0, 0 - 1080, 180); boundsInScreen: Rect(0, 70 - 1080, 166); packageName: com.samsung.android.app.telephonyui; className: android.widget.LinearLayout; text: null; error: null; maxTextLength: -1; stateDescription: null; contentDescription: null; tooltipText: null; viewIdResName: com.samsung.android.app.telephonyui:id/collapsing_appbar_title_layout; uniqueId: null; checkable: false; checked: false; focusable: false; focused: false; selected: false; clickable: false; longClickable: false; contextClickable: false; enabled: true; password: false; scrollable: false; importantForAccessibility: false; visible: false; actions: [AccessibilityAction: ACTION_SELECT - null, AccessibilityAction: ACTION_CLEAR_SELECTION - null, AccessibilityAction: ACTION_ACCESSIBILITY_FOCUS - null, AccessibilityAction: ACTION_SHOW_ON_SCREEN - null]; isTextSelectable: false
10-15 21:03:24.709 28662 28662 I AccessibilityNodeInfoDumper: Skipping invisible child: android.view.accessibility.AccessibilityNodeInfo@27d198; boundsInParent: Rect(0, 0 - 0, 180); boundsInScreen: Rect(1080, 115 - 1080, 295); packageName: com.samsung.android.app.telephonyui; className: androidx.appcompat.widget.LinearLayoutCompat; text: null; error: null; maxTextLength: -1; stateDescription: null; contentDescription: null; tooltipText: null; viewIdResName: null; uniqueId: null; checkable: false; checked: false; focusable: false; focused: false; selected: false; clickable: false; longClickable: false; contextClickable: false; enabled: true; password: false; scrollable: false; importantForAccessibility: false; visible: false; actions: [AccessibilityAction: ACTION_SELECT - null, AccessibilityAction: ACTION_CLEAR_SELECTION - null, AccessibilityAction: ACTION_ACCESSIBILITY_FOCUS - null, AccessibilityAction: ACTION_SHOW_ON_SCREEN - null]; isTextSelectable: false
10-15 21:03:24.712 28662 28662 I AccessibilityNodeInfoDumper: Skipping invisible child: android.view.accessibility.AccessibilityNodeInfo@2728ab; boundsInParent: Rect(0, 0 - 0, 1978); boundsInScreen: Rect(0, 295 - 0, 2273); packageName: com.samsung.android.app.telephonyui; className: android.widget.FrameLayout; text: null; error: null; maxTextLength: -1; stateDescription: null; contentDescription: null; tooltipText: null; viewIdResName: com.samsung.android.app.telephonyui:id/start_pane; uniqueId: null; checkable: false; checked: false; focusable: false; focused: false; selected: false; clickable: false; longClickable: false; contextClickable: false; enabled: true; password: false; scrollable: false; importantForAccessibility: false; visible: false; actions: [AccessibilityAction: ACTION_SELECT - null, AccessibilityAction: ACTION_CLEAR_SELECTION - null, AccessibilityAction: ACTION_ACCESSIBILITY_FOCUS - null, AccessibilityAction: ACTION_SHOW_ON_SCREEN - null]; isTextSelectable: false
10-15 21:03:24.712 28662 28662 I AccessibilityNodeInfoDumper: Skipping invisible child: android.view.accessibility.AccessibilityNodeInfo@273f31; boundsInParent: Rect(0, 0 - 0, 1978); boundsInScreen: Rect(1080, 295 - 1080, 2273); packageName: com.samsung.android.app.telephonyui; className: android.widget.FrameLayout; text: null; error: null; maxTextLength: -1; stateDescription: null; contentDescription: null; tooltipText: null; viewIdResName: com.samsung.android.app.telephonyui:id/end_pane; uniqueId: null; checkable: false; checked: false; focusable: false; focused: false; selected: false; clickable: false; longClickable: false; contextClickable: false; enabled: true; password: false; scrollable: false; importantForAccessibility: false; visible: false; actions: [AccessibilityAction: ACTION_SELECT - null, AccessibilityAction: ACTION_CLEAR_SELECTION - null, AccessibilityAction: ACTION_ACCESSIBILITY_FOCUS - null, AccessibilityAction: ACTION_SHOW_ON_SCREEN - null]; isTextSelectable: false
10-15 21:03:24.714 28662 28662 W AccessibilityNodeInfoDumper: Fetch time: 15ms
10-15 21:03:24.714  5635 20037 I MtpStorageManager: Got inotify CLOSE_WRITE event for : d2luZG93X2R1bXAueG1s
10-15 21:03:24.717  5635 20037 D MtpStorageManager: sendObjectInfoChanged: id=14,size=13793
10-15 21:03:24.719  1241  2904 D SettingsProvider: isChangeAllowed() : name = accessibility_enabled
10-15 21:03:24.720  1241  2904 I GenerationRegistry: mBackingStore.isClosed() : false
10-15 21:03:24.720  1241  2904 D WindowMagnificationMgr: requestConnection :false mConnectionState : 3
10-15 21:03:24.720  1241  2904 W WindowMagnificationMgr: requestConnection duplicated request: connect=false, mConnectionState=DISCONNECTED
10-15 21:03:24.721  1241  2904 D SettingsProvider: isChangeAllowed() : name = accelerometer_rotation
10-15 21:03:24.721  1241  2904 D SettingsProvider: isChangeAllowed() : name = user_rotation
10-15 21:03:24.722  1241  2904 I wm_user_rotation_changed: [0,0,28662]
10-15 21:03:24.722  1241  2904 V WindowManager: rotationForOrientation(orient=SCREEN_ORIENTATION_UNSPECIFIED (-1), last=ROTATION_0 (0)); user=ROTATION_0 (0) USER_ROTATION_LOCKED
10-15 21:03:24.722  1241  2904 D WindowManager: rotationForOrientation, orientationSource=ActivityRecord{1328950 u0 com.samsung.android.app.telephonyui/.netsettings.ui.NetSettingsActivity} t50275}
10-15 21:03:24.722  1241  2904 V WindowManager: Computed rotation=ROTATION_0 (0) for display id=0 based on lastOrientation=SCREEN_ORIENTATION_UNSPECIFIED (-1) and oldRotation=ROTATION_0 (0), caller=com.android.server.wm.DisplayContent.updateRotationUnchecked:2401 com.android.server.wm.WindowManagerService.updateRotationUnchecked:4771 com.android.server.wm.WindowManagerService.freezeDisplayRotation:4671 com.android.server.wm.WindowManagerService.freezeRotation:4630 android.view.IWindowManager$Stub.onTransact:2530 com.android.server.wm.WindowManagerService.onTransact:1601 
10-15 21:03:24.726  1241  1618 D LocalDisplayAdapter: updateActiveModeLocked for d=4630946312756012673, mActiveModeId=2, mActiveSfDisplayMode=DisplayMode{id=1, width=1080, height=2408, xDpi=403.411, yDpi=402.389, refreshRate=60.000004, appVsyncOffsetNanos=1000000, presentationDeadlineNanos=16666666, group=1080}
10-15 21:03:24.727  1241  1618 I DisplayDeviceRepository: Display device changed: DisplayDeviceInfo{\"Built-in Screen\": uniqueId=\"local:4630946312756012673\", 1080 x 2408, modeId 2, defaultModeId 1, supportedModes [{id=1, width=1080, height=2408, fps=120.00001, alternativeRefreshRates=[60.000004]}, {id=2, width=1080, height=2408, fps=60.000004, alternativeRefreshRates=[120.00001]}], colorMode 0, supportedColorModes [0], hdrCapabilities HdrCapabilities{mSupportedHdrTypes=[], mMaxLuminance=500.0, mMaxAverageLuminance=500.0, mMinLuminance=0.0}, allmSupported false, gameContentTypeSupported false, density 450, 403.411 x 402.389 dpi, appVsyncOff 1000000, presDeadline 16666666, cutout DisplayCutout{insets=Rect(0, 65 - 0, 0) waterfall=Insets{left=0, top=0, right=0, bottom=0} boundingRect={Bounds=[Rect(0, 0 - 0, 0), Rect(454, 0 - 626, 65), Rect(0, 0 - 0, 0), Rect(0, 0 - 0, 0)]} cutoutPathParserInfo={CutoutPathParserInfo{displayWidth=1080 displayHeight=2408 physicalDisplayWidth=1080 physicalDisplayHeight=2408 density={2.8125} cutoutSpec={M 0,0 H -30.57777777777778 V 23.11111111111111 H 30.57777777777778 V 0 H 0 Z @dp} rotation={0} scale={1.0} physicalPixelDisplaySizeRatio={1.0}}}}, touch INTERNAL, rotation 0, type INTERNAL, address {port=129, model=0x40446d22b9ba26}, deviceProductInfo DeviceProductInfo{name=, manufacturerPnpId=QCM, productId=1, modelYear=null, manufactureDate=ManufactureDate{week=27, year=2006}, connectionToSinkType=0}, state ON, frameRateOverride , brightnessMinimum 0.0, brightnessMaximum 1.0, brightnessDefault 0.5019608, roundedCorners RoundedCorners{[RoundedCorner{position=TopLeft, radius=90, center=Point(90, 90)}, RoundedCorner{position=TopRight, radius=90, center=Point(990, 90)}, RoundedCorner{position=BottomRight, radius=90, center=Point(990, 2318)}, RoundedCorner{position=BottomLeft, radius=90, center=Point(90, 2318)}]}, FLAG_ALLOWED_TO_BE_DEFAULT_DISPLAY, FLAG_ROTATES_WITH_CONTENT, FLAG_SECURE, FLAG_SUPPORTS_PROTECTED_BUFFERS, installOrientation 0}
10-15 21:03:24.728 28662 28662 D AndroidRuntime: Shutting down VM
10-15 21:03:24.730  1147  1188 I VSyncReactor: Current= 60, Period= 60, hwcPeriod= 60
10-15 21:03:24.731  1147  1147 I Layer   : id=168087 removedFromDrawingState WindowToken{421733c type=2032 android.os.Binder@ce312f}#168087 (108)
10-15 21:03:24.731  1147  1147 I SurfaceFlinger: id=168087 Removed WindowToken{421733c type=2032 android.os.Binder@ce312f}#168087 (108)
10-15 21:03:24.731  1241  3378 D LiftUpHandler: [LTW] Stopped already.
10-15 21:03:24.731  1147  1147 I Layer   : id=168087 Destroyed WindowToken{421733c type=2032 android.os.Binder@ce312f}#168087
10-15 21:03:24.739  2262  2262 D DCT-C-0 : Screen INTERNAL on
10-15 21:03:24.743  1241  1618 D DisplayModeDirector: onBrightnessChangedLocked, brightness=128, lux=-1.0
10-15 21:03:24.743  1241  1618 D DisplayModeDirector: setPassiveMode=false, brightness=128, lux=-1.0, mRequestedPassive=false
10-15 21:03:24.750  1241  2075 W WindowManager: Cannot find window which accessibility connection is added to
10-15 21:03:24.752  1241  6676 W WindowManager: Cannot find window which accessibility connection is added to
10-15 21:03:24.754  1241  1241 D SGM:GameManager: onDisplayChanged. displyId: 0, state: 2
10-15 21:03:24.754  1241  1241 D AODManagerService: requestReCalToTSP IsSingleTouchMode = false / previousDisplayState = ON
10-15 21:03:24.754  1241  2097 D SGM:FgCheckThread: onLooperPrepared(), msg: MSG_LCD_ON
10-15 21:03:24.754  1241  1241 D BatterySaverPolicy: accessibility changed to false, updating policy.
10-15 21:03:24.758 15717 15748 I A       : NGA enabled in interactor.
10-15 21:03:24.759 15717 15748 I A       : (REDACTED) Nga state changed to %s
10-15 21:03:24.761 24120 24132 I A       : Initializing all components
10-15 21:03:24.761 24120 24132 I A       : (REDACTED) APA or Classic session decision: %s.
10-15 21:03:24.761 24120 24212 I A       : (REDACTED) onIsEnabledChanged, isEnabled: %s
10-15 21:03:24.761 24120 24212 W A       : Disposing empty manager. Did you forgot to subscribe observables?
10-15 21:03:24.761 24120 24216 I A       : (REDACTED) State changed: %s => %s by %s and %s with %s
10-15 21:03:24.762 24120 24216 I A       : (REDACTED) Recognizer choice: (recognizer_type: %s, recognizer_mode: %s, choice_reason: %s)
10-15 21:03:24.762 24120 24212 W A       : Disposing empty manager. Did you forgot to subscribe observables?
10-15 21:03:24.762 24120 24212 W A       : Disposing empty manager. Did you forgot to subscribe observables?
10-15 21:03:24.762 24120 24212 W A       : Disposing empty manager. Did you forgot to subscribe observables?
10-15 21:03:24.762 24120 24212 W A       : Disposing empty manager. Did you forgot to subscribe observables?
10-15 21:03:24.762 24120 24212 W A       : Disposing empty manager. Did you forgot to subscribe observables?
10-15 21:03:24.762 24120 24212 W A       : Disposing empty manager. Did you forgot to subscribe observables?
10-15 21:03:24.762 24120 24212 W A       : Disposing empty manager. Did you forgot to subscribe observables?
10-15 21:03:24.762 24120 24212 W A       : Disposing empty manager. Did you forgot to subscribe observables?
10-15 21:03:24.762 24120 24212 W A       : Disposing empty manager. Did you forgot to subscribe observables?
10-15 21:03:24.762 24120 24212 W A       : Disposing empty manager. Did you forgot to subscribe observables?
10-15 21:03:24.762 24120 24212 W A       : Disposing empty manager. Did you forgot to subscribe observables?
10-15 21:03:24.763 24120 24212 W A       : Disposing empty manager. Did you forgot to subscribe observables?
10-15 21:03:24.763 24120 24212 W A       : Disposing empty manager. Did you forgot to subscribe observables?
10-15 21:03:24.763 24120 24212 I A       : (REDACTED) Setting session to type: %s
10-15 21:03:24.763 24120 24212 W A       : Disposing empty manager. Did you forgot to subscribe observables?
10-15 21:03:24.763 24120 24212 W A       : Disposing empty manager. Did you forgot to subscribe observables?
10-15 21:03:24.763 24120 24212 W A       : Disposing empty manager. Did you forgot to subscribe observables?
10-15 21:03:24.763 24120 24212 W A       : Disposing empty manager. Did you forgot to subscribe observables?
10-15 21:03:24.763 24120 24212 W A       : Disposing empty manager. Did you forgot to subscribe observables?
10-15 21:03:24.763 24120 24212 W A       : Disposing empty manager. Did you forgot to subscribe observables?
10-15 21:03:24.763 24120 24212 W A       : Disposing empty manager. Did you forgot to subscribe observables?
10-15 21:03:24.763 24120 24212 I A       : (REDACTED) setNavBarVisible: %s
10-15 21:03:24.763 24120 24212 W A       : Disposing empty manager. Did you forgot to subscribe observables?
10-15 21:03:24.763 24120 24212 W A       : Disposing empty manager. Did you forgot to subscribe observables?
10-15 21:03:24.763 24120 24212 W A       : Disposing empty manager. Did you forgot to subscribe observables?
10-15 21:03:24.763 24120 24212 W A       : Disposing empty manager. Did you forgot to subscribe observables?
10-15 21:03:24.764 24120 24216 I A       : (REDACTED) onActiveStateChangeEvent: %s => %s
10-15 21:03:24.764 24120 24216 I A       : (REDACTED) #onActiveStateChangeEvent, newState: %s, previousState: %s.
10-15 21:03:24.764  2296  2296 D DisplayLifecycle: updateDisplay id = 0
10-15 21:03:24.765 24120 24212 W A       : Disposing empty manager. Did you forgot to subscribe observables?
10-15 21:03:24.765 24120 24212 W A       : Disposing empty manager. Did you forgot to subscribe observables?
10-15 21:03:24.765 24120 24212 W A       : Disposing empty manager. Did you forgot to subscribe observables?
10-15 21:03:24.765 24120 24212 I A       : (REDACTED) onDisabled. Registered: %s
10-15 21:03:24.766 24120 24261 I A       : (REDACTED) stopListening(%s, %s)
10-15 21:03:24.766 24120 24261 I NgaEntryPointEventSendr: setupConnection
10-15 21:03:24.770 24120 24215 I A       : (REDACTED) on opa visibility changed %s
10-15 21:03:24.776 24120 24261 I NgaEntryPointEventSendr: (REDACTED) State changed: %s => %s
10-15 21:03:24.785   649   649 D io_stats: !@   8,0 r 10475857 185503512 w 2818421 26039240 d 685431 73281684 f 0 0 iot 9703304 0 th 0 0 0 pt 0 inp 0 0 370742.508
10-15 21:03:24.785   649   649 D io_stats: !@ Read_top(KB): app.telephonyui(4480) 5704 system_server(1241) 2216 m.android.phone(2262) 164
10-15 21:03:24.785   649   649 D io_stats: !@ Write_top(KB): earchbox:search(15717) 96 system_server(1241) 56 kworker/u16:4(25656) 4
10-15 21:03:24.786 15717 15717 I A       : Creating pss binder().
10-15 21:03:24.788 24120 24211 I A       : Initialize
10-15 21:03:24.791 24120 24261 I NgaEntryPointEventSendr: onServiceConnected
10-15 21:03:24.797 24120 24211 I A       : (REDACTED) on opa visibility changed %s
10-15 21:03:24.797 15717 20956 I A       : Calling beginBinderSession().
10-15 21:03:24.798 15717 20956 I A       : beginBinderSession(): calling binder
10-15 21:03:24.798 24120 24261 I NgaEntryPointEventSendr: (REDACTED) State changed: %s => %s
10-15 21:03:24.814 15717 15768 W CorpusConfigHelper: Invalid input from icing corpus JSON flag.
10-15 21:03:24.814 15717 15768 W CorpusConfigHelper: android.util.MalformedJsonException: Use JsonReader.setLenient(true) to accept malformed JSON at line 123 column 2
10-15 21:03:24.814 15717 15768 W CorpusConfigHelper: \tat android.util.JsonReader.syntaxError(JsonReader.java:1162)
10-15 21:03:24.814 15717 15768 W CorpusConfigHelper: \tat android.util.JsonReader.checkLenient(JsonReader.java:840)
10-15 21:03:24.814 15717 15768 W CorpusConfigHelper: \tat android.util.JsonReader.nextInArray(JsonReader.java:615)
10-15 21:03:24.814 15717 15768 W CorpusConfigHelper: \tat android.util.JsonReader.peek(JsonReader.java:345)
10-15 21:03:24.814 15717 15768 W CorpusConfigHelper: \tat android.util.JsonReader.hasNext(JsonReader.java:321)
10-15 21:03:24.814 15717 15768 W CorpusConfigHelper: \tat com.google.android.apps.gsa.searchbox.c.b.b.k.c(PG:7)
10-15 21:03:24.814 15717 15768 W CorpusConfigHelper: \tat com.google.android.apps.gsa.searchbox.c.b.b.k.<init>(PG:5)
10-15 21:03:24.814 15717 15768 W CorpusConfigHelper: \tat com.google.android.apps.gsa.staticplugins.searchboxroot.features.n.a.c.<init>(PG:16)
10-15 21:03:24.814 15717 15768 W CorpusConfigHelper: \tat com.google.android.apps.gsa.staticplugins.searchboxroot.b.a(PG:14)
10-15 21:03:24.814 15717 15768 W CorpusConfigHelper: \tat com.google.android.apps.gsa.staticplugins.searchboxroot.x.<init>(PG:7)
10-15 21:03:24.814 15717 15768 W CorpusConfigHelper: \tat com.google.android.apps.gsa.binaries.velvet.app.ako.b(PG:15)
10-15 21:03:24.814 15717 15768 W CorpusConfigHelper: \tat dagger.a.e.b(PG:1)
10-15 21:03:24.814 15717 15768 W CorpusConfigHelper: \tat com.google.android.apps.gsa.staticplugins.searchboxroot.a.a.a(PG:3)
10-15 21:03:24.814 15717 15768 W CorpusConfigHelper: \tat com.google.android.apps.gsa.binaries.velvet.app.ov.f(Unknown Source:2585)
10-15 21:03:24.814 15717 15768 W CorpusConfigHelper: \tat com.google.android.apps.gsa.binaries.velvet.app.ov.b(PG:2)
10-15 21:03:24.814 15717 15768 W CorpusConfigHelper: \tat com.google.android.apps.gsa.search.core.service.g.a.c.a(PG:2)
10-15 21:03:24.814 15717 15768 W CorpusConfigHelper: \tat com.google.android.libraries.gsa.k.a.f.a(PG:2)
10-15 21:03:24.814 15717 15768 W CorpusConfigHelper: \tat com.google.common.util.concurrent.dz.a(PG:1)
10-15 21:03:24.814 15717 15768 W CorpusConfigHelper: \tat com.google.common.util.concurrent.cw.run(PG:4)
10-15 21:03:24.814 15717 15768 W CorpusConfigHelper: \tat com.google.common.util.concurrent.eb.run(PG:1)
10-15 21:03:24.814 15717 15768 W CorpusConfigHelper: \tat com.google.android.libraries.i.ae.run(PG:1)
10-15 21:03:24.814 15717 15768 W CorpusConfigHelper: \tat com.google.android.libraries.i.am.run(PG:23)
10-15 21:03:24.814 15717 15768 W CorpusConfigHelper: \tat com.google.android.libraries.i.e.run(PG:2)
10-15 21:03:24.814 15717 15768 W CorpusConfigHelper: \tat com.google.android.libraries.i.p.run(PG:4)
10-15 21:03:24.814 15717 15768 W CorpusConfigHelper: \tat java.lang.Thread.run(Thread.java:1012)
10-15 21:03:24.821 15717 15760 W A       : (REDACTED) Queue length for executor %s is now %d. Perhaps some tasks are too long, or the pool is too small.
10-15 21:03:24.830  1241  2075 I ActivityManager: Changes in 10242 19 to 5, 0 to 8
10-15 21:03:24.830  1241  2075 I am_uid_active: 10242
10-15 21:03:24.836 15717 15771 I A       : Trying to enqueue PieTriggeringWorker
10-15 21:03:24.840 24120 24120 I A       : (REDACTED) eventData = %s
10-15 21:03:24.840 24120 24214 I A       : Logging success flow
10-15 21:03:24.842  1241  2075 I ActivityManager: Changes in 10217 19 to 5, 0 to 8
10-15 21:03:24.843 24120 24215 I A       : Successfully initialized all components
10-15 21:03:24.844 15717 15771 W A       : (REDACTED) %s task was not run. Callback from Service received after client was disposed.
10-15 21:03:24.845 15717 15771 W A       : (REDACTED) %s task was not run. Callback from Service received after client was disposed.
10-15 21:03:24.845 15717 15771 W A       : (REDACTED) %s task was not run. Callback from Service received after client was disposed.
10-15 21:03:24.848  1241  6676 I ActivityManager: Changes in 10242 5 to 10, 8 to 0
10-15 21:03:24.848  1241  6676 I ActivityManager: Changes in 10217 5 to 10, 8 to 0
10-15 21:03:24.849 24120 24215 I NgaEntryPointEventSendr: (REDACTED) State changed: %s => %s (%s)
10-15 21:03:24.853  1241  1792 E AppOps  : evalMode() Foreground Record OP returned IGNORE, uid - 10217, capability - 8
10-15 21:03:24.853  1241  1792 E AppOps  : evalMode() Foreground Camera OP returned IGNORE, uid - 10217, capability - 8
10-15 21:03:24.861 15717 15751 E TelephonyManager: isDataEnabled Bindcalling pid : 15717, uid : 10215
10-15 21:03:24.867  1241  6676 D AppOps  : noteOperation: reject #3 for code 105 (105) uid 1001 package com.android.phone flags: s
10-15 21:03:24.868 15717 15763 I A       : (REDACTED) group %s present %s in %s
10-15 21:03:24.869 15717 15765 I A       : (REDACTED) incrementApaDataDownloadStoreStatus(latency = %s, appVersion = %s, status = %s, locale = %s, fileGroupnames = %s, accountScoped = %s, localGroupsAvailable = %s, timeSinceSearchBoot = %s (%s), timeSinceDataDownloadInit = %s (%s))
10-15 21:03:24.870 32508 32585 I Icing   : IndexChimeraService.getServiceInterface callingPackage=com.google.android.googlequicksearchbox componentName=null serviceId=36
10-15 21:03:24.874  1241  6676 D AppOps  : noteOperation: allowing code 51 uid 10217 package com.google.android.apps.tachyon flags: s
10-15 21:03:24.874  1241  8653 D AppOps  : noteOperation: reject #3 for code 105 (105) uid 1001 package com.android.phone flags: s
10-15 21:03:24.877  1241  2075 I power_partial_wake_state: [CHG,12,Icing:com.google.android.gms]
10-15 21:03:24.879 15717 15771 W A       : (REDACTED) %s task was not run. Callback from Service received after client was disposed.
10-15 21:03:24.883 15717 15771 W A       : (REDACTED) %s task was not run. Callback from Service received after client was disposed.
10-15 21:03:24.884 15717 27895 I PBSessionCacheImpl: (REDACTED) Deleted sessionId[%d] from persistence.
10-15 21:03:24.884  1241  2075 I power_partial_wake_state: [CHG,8,Icing:com.google.android.gms]
10-15 21:03:24.889 15717 15771 W SearchServiceCore: Abort, client detached.
10-15 21:03:24.892 15717 15771 I HttpStreamingTapasSearc: (REDACTED) taskGraphFactory: %s#%d
10-15 21:03:24.893 15717 15771 I MicroDetectionState: (REDACTED) Should stop hotword detection immediately - %b
10-15 21:03:24.894 15717 15771 I A       : getLocaleToModelSpecsMap
10-15 21:03:24.894 15717 15771 I A       : Using proto config with mendel
10-15 21:03:24.895 15717 15771 I A       : getLocaleToModelSpecsMap
10-15 21:03:24.896 15717 15771 I A       : Using proto config with mendel
10-15 21:03:24.899 29826 29826 D BoundBrokerSvc: onBind: Intent { act=com.google.android.gms.icing.LIGHTWEIGHT_INDEX_SERVICE dat=chimera-action:/... cmp=com.google.android.gms/.chimera.PersistentApiService }
10-15 21:03:24.899 29826 29826 D BoundBrokerSvc: Loading bound service for intent: Intent { act=com.google.android.gms.icing.LIGHTWEIGHT_INDEX_SERVICE dat=chimera-action:/... cmp=com.google.android.gms/.chimera.PersistentApiService }
10-15 21:03:24.914  1241  2904 I ActivityManager: Changes in 10242 10 to 5, 0 to 8
10-15 21:03:24.917 32508 32508 D BoundBrokerSvc: onBind: Intent { act=com.google.android.gms.feedback.internal.IFeedbackService dat=chimera-action:/... cmp=com.google.android.gms/.chimera.GmsBoundBrokerService }
10-15 21:03:24.917 32508 32508 D BoundBrokerSvc: Loading bound service for intent: Intent { act=com.google.android.gms.feedback.internal.IFeedbackService dat=chimera-action:/... cmp=com.google.android.gms/.chimera.GmsBoundBrokerService }
10-15 21:03:24.925  1241  2904 D AppOps  : noteOperation: reject #3 for code 43 (43) uid 10214 package com.google.android.gms flags: s
10-15 21:03:24.930 24120 24128 I hbox:interactor: Background concurrent copying GC freed 391198(10MB) AllocSpace objects, 2(40KB) LOS objects, 49% free, 11MB/22MB, paused 378us,2.729ms total 161.692ms
10-15 21:03:24.931  1241  2024 I commit_sys_config_file: [settings-2-0,10]
10-15 21:03:24.936  1241  2075 D CompatibilityChangeReporter: Compat change id reported: 161252188; UID 10094; state: DISABLED
10-15 21:03:24.951 32508 24078 I Icing   : Usage reports ok 1, Failed Usage reports 0, indexed 0, rejected 0
10-15 21:03:24.955 32508 32585 I Icing   : IndexChimeraService.getServiceInterface callingPackage=com.google.android.gms componentName=null serviceId=30
10-15 21:03:24.966  1241  2904 D AppOps  : noteOperation: reject #3 for code 43 (43) uid 10214 package com.google.android.gms flags: s
10-15 21:03:24.970 32508 24078 I Icing   : Usage reports ok 0, Failed Usage reports 0, indexed 0, rejected 0
10-15 21:03:24.971  1241  2904 I power_partial_wake_state: [REL,87,Icing:com.google.android.gms]
10-15 21:03:25.082  1042 28624 I HYPER-HAL: [RequestManager.cpp]releaseLocked(): Released ID : 2306878
10-15 21:03:25.363  1241  2075 D AppOps  : noteOperation: reject #3 for code 105 (105) uid 1001 package com.android.phone flags: s
10-15 21:03:25.504  2616  2616 E STFService: getNetworkProperties: Location fine denied
10-15 21:03:25.853  1241  1792 E AppOps  : evalMode() Foreground mode : uid - 10217, op - 27, capability - 0
10-15 21:03:25.854  1241  1792 E AppOps  : evalMode() Foreground mode : uid - 10217, op - 26, capability - 0
10-15 21:03:25.868  1033 15796 I sensors-hal: handle_sns_client_event:544, [0][324030] accel_sample [-2.271, -0.632,  9.703] 370848116084635
10-15 21:03:25.956  1241  2263 I Pageboost: Launcher App Execution
10-15 21:03:26.258  1241  2263 I Pageboost: Launcher App Execution
10-15 21:03:26.379  1241  2904 D AppOps  : noteOperation: reject #3 for code 105 (105) uid 1001 package com.android.phone flags: s
10-15 21:03:26.505  2616  2616 E STFService: getNetworkProperties: Location fine denied
10-15 21:03:26.526  2296  2296 I UiThreadMonitor: setAwake 108053 3003 0
10-15 21:03:26.662 28695 28695 D AndroidRuntime: >>>>>> START com.android.internal.os.RuntimeInit uid 2000 <<<<<<
10-15 21:03:26.668 28695 28695 I AndroidRuntime: Using default boot image
10-15 21:03:26.668 28695 28695 I AndroidRuntime: Leaving lock profiling enabled
10-15 21:03:26.669 28695 28695 D SecNativeFeatureCppIf: encoded
10-15 21:03:26.669 28695 28695 D SecNativeFeatureCppIf: decoding and unzip finish
10-15 21:03:26.669 28695 28695 D SecNativeFeatureCppIf: use unCompDataBuff. encoded
10-15 21:03:26.669 28695 28695 D SecNativeFeatureCppIf: Free unCompDataBuff
10-15 21:03:26.669 28695 28695 D AndroidRuntime: addProductProperty: pBrand1 is not null
10-15 21:03:26.669 28695 28695 D AndroidRuntime: addProductProperty: not brand or 7
10-15 21:03:26.672 28695 28695 I app_process: Using CollectorTypeCC GC.
10-15 21:03:26.785 28695 28695 D app_process: Time zone APEX ICU file found: /apex/com.android.tzdata/etc/icu/icu_tzdata.dat
10-15 21:03:26.785 28695 28695 D app_process: I18n APEX ICU file found: /apex/com.android.i18n/etc/icu/icudt70l.dat
10-15 21:03:26.786   649   649 D io_stats: !@   8,0 r 10475871 185503584 w 2818433 26039328 d 685431 73281684 f 0 0 iot 9703368 0 th 0 0 0 pt 0 inp 0 0 370744.509
10-15 21:03:26.796 28695 28695 W app_process: ClassLoaderContext classpath size mismatch. expected=0, found=1 (PCL[] | PCL[/system/framework/android.test.runner.jar*2256426886])
10-15 21:03:26.818 28695 28695 E SemDvfsManager_JNI: SemDvfsManager: registerfunction enter
10-15 21:03:26.819 28695 28695 E SemAffinityControl: SemAffinityControl: registerfunction enter
10-15 21:03:26.828 28695 28695 D AndroidRuntime: Calling main entry com.android.commands.uiautomator.Launcher
10-15 21:03:26.843  1147  2809 I SurfaceFlinger: id=168088 createSurf, flag=80004, WindowToken{fe33df9 type=2032 android.os.Binder@1f3acc0}#168088
10-15 21:03:26.846  1147  1188 I VSyncReactor: Current= 60, Period= 60, hwcPeriod= 60
10-15 21:03:26.847  1241  2904 D SettingsProvider: isChangeAllowed() : name = accessibility_enabled
10-15 21:03:26.849  1241  2904 I GenerationRegistry: mBackingStore.isClosed() : false
10-15 21:03:26.850  1241  2904 D WindowMagnificationMgr: requestConnection :false mConnectionState : 3
10-15 21:03:26.850  1241  2904 W WindowMagnificationMgr: requestConnection duplicated request: connect=false, mConnectionState=DISCONNECTED
10-15 21:03:26.859  1241  2904 D SettingsProvider: isChangeAllowed() : name = accessibility_enabled
10-15 21:03:26.859  1241  2904 I GenerationRegistry: mBackingStore.isClosed() : false
10-15 21:03:26.860  1241  2904 D WindowMagnificationMgr: requestConnection :false mConnectionState : 3
