07-26 17:23:48.910  1273  1302 V WindowManager: Relayout Window{c032e6c u0 com.sec.android.app.launcher/com.sec.android.app.launcher.activities.LauncherActivity}: viewVisibility=0 req=1080x2408 d0
07-26 17:23:48.910  1273  1273 I ActivityManager: com.samsung.android.incallui is exempt from freezer by list
07-26 17:23:48.910  3830  4390 D KnoxHelper: getActivityList callingUserId: 0, target user: 0
07-26 17:23:48.911  1273  1273 D CompatibilityChangeReporter: Compat change id reported: 135634846; UID 1001; state: DISABLED
07-26 17:23:48.911  1273  1273 D CompatibilityChangeReporter: Compat change id reported: 177438394; UID 1001; state: DISABLED
07-26 17:23:48.911  1273  1273 D CompatibilityChangeReporter: Compat change id reported: 135772972; UID 1001; state: DISABLED
07-26 17:23:48.911  1273  1273 D CompatibilityChangeReporter: Compat change id reported: 135754954; UID 1001; state: ENABLED
07-26 17:23:48.911  1273  1302 V WindowManager: Relayout hash=c032e6c, pid=2760, syncId=-1: mAttrs={(0,0)(fillxfill) sim={adjust=nothing forwardNavigation} layoutInDisplayCutoutMode=shortEdges ty=BASE_APPLICATION fmt=TRANSPARENT wanim=0x10302f4
07-26 17:23:48.911  1273  1302 V WindowManager:   fl=81910100
07-26 17:23:48.911  1273  1302 V WindowManager:   pfl=1e020040
07-26 17:23:48.911  1273  1302 V WindowManager:   vsysui=1700
07-26 17:23:48.911  1273  1302 V WindowManager:   bhv=SHOW_TRANSIENT_BARS_BY_SWIPE
07-26 17:23:48.911  1273  1302 V WindowManager:   fitSides= screenDimDuration=200000 naviIconColor=0}
07-26 17:23:48.911  3830  4390 D KnoxHelper: getActivityList callingUserId: 0, target user: 0
07-26 17:23:48.912  1273  1273 I Telecom : EmergencyInCallServiceConnection: mCall: [Call id=TC@333, state=CONNECTING, tpac=ComponentInfo{com.android.phone/com.android.services.telephony.TelephonyConnectionService}, 1, UserHandle{0}, cmgr=null, handle=tel:**********, vidst=A, childs(0), has_parent(false), cap=[], prop=[]], voip=falsecaps=[Capabilities:], props=[Properties:], conf(false), had_child(false), mIsConnected: true: TSI.hCI->CM.fOCP->CM.sOCPA->CM.dSMCP->CM.dSPA->CM.sRCQ->CM.pASP@JD0
07-26 17:23:48.912  1273  1273 I Telecom:SamsungInCallController: ComponentEnabledSetting - componentName : ComponentInfo{com.android.bluetooth/com.android.bluetooth.telephony.BluetoothInCallService} / userId : 0 / componentEnabledState : 1
07-26 17:23:48.912  2760  2760 I ViewRootImpl@7de0b0[LauncherActivity]: Relayout returned: old=(0,0,1080,2408) new=(0,0,1080,2408) req=(1080,2408)0 dur=3 res=0x0 s={true 0xb4000073a9ced800} ch=false seqId=0
07-26 17:23:48.912  2760  2760 W Launcher: onEnterAnimationComplete
07-26 17:23:48.912  2760  2760 I ViewRootImpl@7de0b0[LauncherActivity]: MSG_WINDOW_FOCUS_CHANGED 1 0
07-26 17:23:48.913  2760  2760 I BaseActivity: addActivityFlags, flags : 8
07-26 17:23:48.913  3830  4390 D KnoxHelper: getActivityList callingUserId: 0, target user: 0
07-26 17:23:48.913  1273  1273 I Telecom:SamsungInCallController: ComponentEnabledSetting - componentName : ComponentInfo{com.google.android.as/com.google.android.apps.miphone.aiai.captions.tulip.audiosource.impl.CIS} / userId : 0 / componentEnabledState : 1
07-26 17:23:48.913  1273  1273 I Telecom:SamsungInCallController: ComponentEnabledSetting - componentName : ComponentInfo{com.google.android.googlequicksearchbox/com.google.android.libraries.assistant.auto.tng.morris.framework.datasources.impl.phone.MorrisInCallService} / userId : 0 / componentEnabledState : 0
07-26 17:23:48.913  2760  2760 I InputMethodManager: startInputInner - mService.startInputOrWindowGainedFocus
07-26 17:23:48.913  1273  1273 I Telecom:SamsungInCallController: ComponentEnabledSetting - componentName : ComponentInfo{com.google.android.googlequicksearchbox/com.google.android.libraries.search.assistant.performer.communication.IncomingCallInCallService} / userId : 0 / componentEnabledState : 1
07-26 17:23:48.913  1273  1273 I Telecom:SamsungInCallController: ComponentEnabledSetting - componentName : ComponentInfo{com.samsung.android.incallui/com.android.incallui.InCallServiceImpl} / userId : 0 / componentEnabledState : 0
07-26 17:23:48.913  1273  1273 I Telecom : InCallServiceBindingConnection: Attempting to bind to InCall [ComponentInfo{com.android.bluetooth/com.android.bluetooth.telephony.BluetoothInCallService} supportsExternal? false supportsSelfMg?true supportsAllowedSelfMg?false], 4, with Intent { act=android.telecom.InCallService cmp=com.android.bluetooth/.telephony.BluetoothInCallService (has extras) }: TSI.hCI->CM.fOCP->CM.sOCPA->CM.dSMCP->CM.dSPA->CM.sRCQ->CM.pASP@JD0
07-26 17:23:48.913  1273  4287 V InputMethodManagerService: hideCurrentInputLocked : canceled, shouldHideSoftInput=false, mInputShown=false, mImeWindowVis=0
07-26 17:23:48.914  1273  1273 I Telecom : Event: RecordEntry TC@333: BIND_ICS, [ComponentInfo{com.android.bluetooth/com.android.bluetooth.telephony.BluetoothInCallService} supportsExternal? false supportsSelfMg?true supportsAllowedSelfMg?false], 4: TSI.hCI->CM.fOCP->CM.sOCPA->CM.dSMCP->CM.dSPA->CM.sRCQ->CM.pASP@JD0
07-26 17:23:48.914  1273  4287 I InputMethodBindingController: setCurrentMethodNotVisible: mVisibleBound=false, mHasConnection=true, caller = com.android.server.inputmethod.InputMethodManagerService.hideCurrentInputLocked:4320 com.android.server.inputmethod.InputMethodManagerService.startInputOrWindowGainedFocusInternalLocked:4747 com.android.server.inputmethod.InputMethodManagerService.startInputOrWindowGainedFocusInternal:4404 com.android.server.inputmethod.InputMethodManagerService.startInputOrWindowGainedFocus:4343 com.android.internal.view.IInputMethodManager$Stub.onTransact:509 com.android.server.inputmethod.InputMethodManagerService.onTransact:2275 android.os.Binder.execTransactInternal:1316 android.os.Binder.execTransact:1280 <bottom of call stack> <bottom of call stack> 
07-26 17:23:48.914  1273  4287 D InputMethodManagerService: mDesktopModeManager null!
07-26 17:23:48.914  1273  4287 V InputMethodManagerService: getDisplayIdOfInputMethodWindowToBeAdded: displayId=0
07-26 17:23:48.914  1273  4287 D InputMethodManagerService: isImeSwitcherDisabledPackage : false
07-26 17:23:48.914  1273  4287 D InputMethodManagerService: shouldShowImeSwitcherLocked : checking vis : 3
07-26 17:23:48.914  1273  1698 D SGM:FgCheckThread: noteResumeComponent(), received pkgName: com.sec.android.app.launcher, userId: 0
07-26 17:23:48.914  3830  4390 D KnoxHelper: getActivityList callingUserId: 0, target user: 0
07-26 17:23:48.915  1273  4287 D InputMethodManagerService: checkDisplayOfStartInputAndUpdateKeyboard: displayId=0, mFocusedDisplayId=0
07-26 17:23:48.915  1273  4287 D InputTransport: Input channel constructed: 'ClientS', fd=739
07-26 17:23:48.915  1273  2088 D SGM:FgCheckThread: onLooperPrepared(), msg: MSG_APP_RESUME, pkgName: com.sec.android.app.launcher, userid: 0
07-26 17:23:48.915  1273  4287 D InputTransport: Input channel destroyed: 'ClientS', fd=739
07-26 17:23:48.915  1273  2088 D SGM:FgCheckThread: handleResume().
07-26 17:23:48.915  1273  2088 D SGM:FgCheckThread: sendFocusOutConditionally() - mPrevNotiPkg: (unknown), userId: 0
07-26 17:23:48.915  1273  2088 D SGM:FgCheckThread:   handleResume(). pkgName: com.sec.android.app.launcher, userId: 0, isTunableApp: null
07-26 17:23:48.915  1273  2088 D SGM:FgCheckThread: notifyFocusInOut(). of pkg: com.sec.android.app.launcher, type: 4, isTunableApp: false, userId: 0
07-26 17:23:48.915  1273  2088 D SGM:FgCheckThread:   notifyFocusInOut(). unexpected mPrevNotiType: -1
07-26 17:23:48.915  1273  2088 D SGM:SystemHelper: callReleaseBlock needReleaseBlock:false
07-26 17:23:48.915  1273  1698 I GameSDK@LifeCycle: noteResumeComponent(): package name  : com.sec.android.app.launcher
07-26 17:23:48.915  1273  1273 I Telecom : InCallServiceBindingConnection: mCall: [Call id=TC@333, state=CONNECTING, tpac=ComponentInfo{com.android.phone/com.android.services.telephony.TelephonyConnectionService}, 1, UserHandle{0}, cmgr=null, handle=tel:**********, vidst=A, childs(0), has_parent(false), cap=[], prop=[]], voip=falsecaps=[Capabilities:], props=[Properties:], conf(false), had_child(false), mIsConnected: true: TSI.hCI->CM.fOCP->CM.sOCPA->CM.dSMCP->CM.dSPA->CM.sRCQ->CM.pASP@JD0
07-26 17:23:48.915  1273  1273 I Telecom : InCallServiceBindingConnection: Attempting to bind to InCall [ComponentInfo{com.google.android.as/com.google.android.apps.miphone.aiai.captions.tulip.audiosource.impl.CIS} supportsExternal? false supportsSelfMg?false supportsAllowedSelfMg?false], 4, with Intent { act=android.telecom.InCallService cmp=com.google.android.as/com.google.android.apps.miphone.aiai.captions.tulip.audiosource.impl.CIS (has extras) }: TSI.hCI->CM.fOCP->CM.sOCPA->CM.dSMCP->CM.dSPA->CM.sRCQ->CM.pASP@JD0
07-26 17:23:48.916  1273  1273 I Telecom : Event: RecordEntry TC@333: BIND_ICS, [ComponentInfo{com.google.android.as/com.google.android.apps.miphone.aiai.captions.tulip.audiosource.impl.CIS} supportsExternal? false supportsSelfMg?false supportsAllowedSelfMg?false], 4: TSI.hCI->CM.fOCP->CM.sOCPA->CM.dSMCP->CM.dSPA->CM.sRCQ->CM.pASP@JD0
07-26 17:23:48.916  1273  3311 I MediaSessionMonitor: Media session stopped : controllerList empty
07-26 17:23:48.916  7647  7647 I HBD     : HoneyBoardService onFinishInput 
07-26 17:23:48.917  7647  7647 I HBD     : a IC have been unbinding,  RemoteInputConnection{idHash=#dfe8e36}
07-26 17:23:48.917  7647  7647 I HBD     : HoneyBoardService [PF_CL][onFinishInput]  1 ms 
07-26 17:23:48.917  3830  4390 D KnoxHelper: getActivityList callingUserId: 0, target user: 0
07-26 17:23:48.917  7647  7647 I HBD     : HoneyBoardService [IMI] onStartInput - caller pid : 2760 , caller uid : 10121 
07-26 17:23:48.917  7647  7647 I HBD     : j updateConfigs 
07-26 17:23:48.917  7647  7647 I HBD     : j isEnabledNightMode : false 
07-26 17:23:48.917  7647  7647 I HBD     : a IC have been binding, RemoteInputConnection{idHash=#dfe8e36} 
07-26 17:23:48.917  7647  7647 I HBD     : h [EditorInputType]setPrivateImeOptionsToTable privateImeOptions ( null )
07-26 17:23:48.917  7647  7647 I HBD     : b incognitoMode : false 
07-26 17:23:48.917  2760  3127 I Launcher.NotificationListener: notificationIsValidForUI : com.google.android.cellbroadcastreceiver missingTitleAndText : false isGroupHeader : false
07-26 17:23:48.917  2760  3127 I Launcher.NotificationListener: notificationIsValidForUI : com.samsung.android.app.omcagent missingTitleAndText : false isGroupHeader : false
07-26 17:23:48.917  7647  7647 I HBD     : a needOff = true , isForceOff = false, isNullInputClass : true 
07-26 17:23:48.918  2760  3127 I Launcher.NotificationListener: notificationIsValidForUI : com.samsung.android.lool missingTitleAndText : false isGroupHeader : false
07-26 17:23:48.918  2760  3127 I Launcher.NotificationListener: notificationIsValidForUI : com.google.android.gms missingTitleAndText : true isGroupHeader : true
07-26 17:23:48.918  2760  3127 I Launcher.NotificationListener: notificationIsValidForUI : com.google.android.gms missingTitleAndText : false isGroupHeader : false
07-26 17:23:48.918  2760  3127 I Launcher.NotificationListener: notificationIsValidForUI : com.google.android.gms missingTitleAndText : false isGroupHeader : false
07-26 17:23:48.918  2760  3127 I Launcher.NotificationListener: notificationIsValidForUI : com.google.android.gms missingTitleAndText : false isGroupHeader : false
07-26 17:23:48.918  2760  3127 I Launcher.NotificationListener: notificationIsValidForUI : com.google.android.gms missingTitleAndText : false isGroupHeader : false
07-26 17:23:48.918  2760  3127 I Launcher.NotificationListener: notificationIsValidForUI : com.aura.oobe.dish missingTitleAndText : true isGroupHeader : false
07-26 17:23:48.918  2760  3127 I Launcher.NotificationListener: notificationIsValidForUI : com.dish.wireless.installer missingTitleAndText : false isGroupHeader : false
07-26 17:23:48.918  7647  7647 I HBD     : h getDefaultInputRange : UNKNOWN 
07-26 17:23:48.918  2760  3127 I Launcher.NotificationListener: notificationIsValidForUI : com.google.android.permissioncontroller missingTitleAndText : false isGroupHeader : false
07-26 17:23:48.918  2760  3127 I Launcher.NotificationListener: notificationIsValidForUI : com.dish.wireless.activation missingTitleAndText : false isGroupHeader : false
07-26 17:23:48.918  7647  7647 I HBD     : h getDefaultInputRange : UNKNOWN 
07-26 17:23:48.918  2760  3127 I Launcher.NotificationListener: Full refresh isConnected : true active size : 10
07-26 17:23:48.918  7647  7647 I HBD     : h getDefaultInputRange : UNKNOWN 
07-26 17:23:48.918  1273  1273 I Telecom : InCallServiceBindingConnection: mCall: [Call id=TC@333, state=CONNECTING, tpac=ComponentInfo{com.android.phone/com.android.services.telephony.TelephonyConnectionService}, 1, UserHandle{0}, cmgr=null, handle=tel:**********, vidst=A, childs(0), has_parent(false), cap=[], prop=[]], voip=falsecaps=[Capabilities:], props=[Properties:], conf(false), had_child(false), mIsConnected: true: TSI.hCI->CM.fOCP->CM.sOCPA->CM.dSMCP->CM.dSPA->CM.sRCQ->CM.pASP@JD0
07-26 17:23:48.919  1273  1273 I Telecom : InCallServiceBindingConnection: Attempting to bind to InCall [ComponentInfo{com.google.android.googlequicksearchbox/com.google.android.libraries.search.assistant.performer.communication.IncomingCallInCallService} supportsExternal? false supportsSelfMg?false supportsAllowedSelfMg?false], 4, with Intent { act=android.telecom.InCallService cmp=com.google.android.googlequicksearchbox/com.google.android.libraries.search.assistant.performer.communication.IncomingCallInCallService (has extras) }: TSI.hCI->CM.fOCP->CM.sOCPA->CM.dSMCP->CM.dSPA->CM.sRCQ->CM.pASP@JD0
07-26 17:23:48.919  3830  4390 D KnoxHelper: getActivityList callingUserId: 0, target user: 0
07-26 17:23:48.919  1273  1273 I Telecom : Event: RecordEntry TC@333: BIND_ICS, [ComponentInfo{com.google.android.googlequicksearchbox/com.google.android.libraries.search.assistant.performer.communication.IncomingCallInCallService} supportsExternal? false supportsSelfMg?false supportsAllowedSelfMg?false], 4: TSI.hCI->CM.fOCP->CM.sOCPA->CM.dSMCP->CM.dSPA->CM.sRCQ->CM.pASP@JD0
07-26 17:23:48.920  3830  4390 D KnoxHelper: getActivityList callingUserId: 0, target user: 0
07-26 17:23:48.919  7647  7647 I HBD     : a needOff = true , isForceOff = false, isNullInputClass : true 
07-26 17:23:48.922  2760  2760 I PopupDataProvider: onNotificationFullRefresh prev dotInfoSize : 7
07-26 17:23:48.922  7647  7647 I HBD     : a update cached prediction status : false 
07-26 17:23:48.922  2760  2760 I PopupDataProvider: refresh badge  package : com.google.android.cellbroadcastreceiver count : 1
07-26 17:23:48.922  2760  2760 I PopupDataProvider: refresh badge  package : com.dish.wireless.activation count : 1
07-26 17:23:48.922  2760  2760 I PopupDataProvider: refresh badge  package : com.dish.wireless.installer count : 1
07-26 17:23:48.922  2760  2760 I PopupDataProvider: refresh badge  package : com.google.android.gms count : 4
07-26 17:23:48.922  2760  2760 I PopupDataProvider: refresh badge  package : com.samsung.android.lool count : 1
07-26 17:23:48.922  2760  2760 I PopupDataProvider: refresh badge  package : com.google.android.permissioncontroller count : 1
07-26 17:23:48.922  2760  2760 I PopupDataProvider: refresh badge  package : com.samsung.android.app.omcagent count : 1
07-26 17:23:48.922  7647  7647 I HBD     : h getDefaultInputRange : UNKNOWN 
07-26 17:23:48.922  7647  7647 I HBD     : a currentState : 0 
07-26 17:23:48.922  2760  2760 I IconView: applyDotState itemInfo : Network Companion display : 1 count : 1
07-26 17:23:48.922  2760  2760 I wm_on_idle_called: {com.sec.android.app.launcher/com.sec.android.app.launcher.activities.LauncherActivity}
07-26 17:23:48.923  1273  4287 I wm_idle_activity: [0,22076000,com.sec.android.app.launcher/.activities.LauncherActivity]
07-26 17:23:48.925  1273  1694 I sysui_multi_action: [757,803,799,window_time_0,802,0]
07-26 17:23:48.925  1273  1273 I Telecom : InCallServiceBindingConnection: mCall: [Call id=TC@333, state=CONNECTING, tpac=ComponentInfo{com.android.phone/com.android.services.telephony.TelephonyConnectionService}, 1, UserHandle{0}, cmgr=null, handle=tel:**********, vidst=A, childs(0), has_parent(false), cap=[], prop=[]], voip=falsecaps=[Capabilities:], props=[Properties:], conf(false), had_child(false), mIsConnected: true: TSI.hCI->CM.fOCP->CM.sOCPA->CM.dSMCP->CM.dSPA->CM.sRCQ->CM.pASP@JD0
07-26 17:23:48.925  1273  4287 I power_partial_wake_state: [32,*launch*:android(disabled)]
07-26 17:23:48.925  3830  4390 D KnoxHelper: getActivityList callingUserId: 0, target user: 0
07-26 17:23:48.925  7647  7647 I HBD     : h load selected json path : /data/data/com.samsung.android.honeyboard/files/selected.json 
07-26 17:23:48.925  7647  7647 I HBD     : h load selected json info : {\"version\":\"4.1\",\"currentLanguageOrder\":0,\"selected\":[{\"activeOptionList\":[\"auto_replace\",\"auto_spacing\",\"writing_assistant\"],\"engName\":\"English\",\"id\":65537,\"inputType\":\"qwerty\",\"isUsed\":true}]} 
07-26 17:23:48.925  1273  1273 I Telecom : CallDiagnosticServiceController: bindCallDiagnosticService: no package; skip binding.: TSI.hCI->CM.fOCP->CM.sOCPA->CM.dSMCP->CM.dSPA->CM.sRCQ->CM.pASP@JD0
07-26 17:23:48.926  7647  7647 I HBD     : a [UpdatePolicy] [post] a: 0 cl: 65537 kit: [0/0] vt: 0 ir: 1 
07-26 17:23:48.926  1273  4287 I wm_destroy_activity: [0,106193133,10499,com.android.server.telecom/.components.UserCallActivity,finish-idle]
07-26 17:23:48.926  7647  7647 I HBD     : a [NRIC] resetNoResponseState 
07-26 17:23:48.926   869   869 D Zygote  : Forked child process 31708
07-26 17:23:48.926  7647  7647 I HBD     : a needOff = true , isForceOff = false, isNullInputClass : true 
07-26 17:23:48.926  7647  7647 I HBD     : a update cached prediction status : false 
07-26 17:23:48.926  1273  1731 I am_proc_start: [0,31708,1001,com.samsung.android.incallui,service,{com.samsung.android.incallui/com.android.incallui.InCallServiceImpl}]
07-26 17:23:48.926  1273  1731 I ActivityManager: Start proc 31708:com.samsung.android.incallui/1001 for service {com.samsung.android.incallui/com.android.incallui.InCallServiceImpl}
07-26 17:23:48.927  7647  7647 I HBD     : HoneyBoardService [PF_OP][onStartInput]  10 ms 
07-26 17:23:48.928  3830  4390 D KnoxHelper: getActivityList callingUserId: 0, target user: 0
07-26 17:23:48.928  3830  4390 D KnoxHelper: getActivityList callingUserId: 0, target user: 0
07-26 17:23:48.929  3830  4390 D KnoxHelper: getActivityList callingUserId: 0, target user: 0
07-26 17:23:48.930 31687 31687 I Telecom:SamsungImsManagerInjector: disconnectService, SemImsManager - phoneId 0
07-26 17:23:48.930 31687 31687 I Telecom:SamsungImsManagerInjector: onDisconnected SemImsManager, phoneId : 0
07-26 17:23:48.930  1273  2989 I Telecom : CallAudioRouteStateMachine: Message received: MUTE_OFF=3002, arg1=0: TSI.hCI->CM.fOCP->CM.sOCPA->CM.dSMCP->CM.dSPA->CM.sRCQ->CM.pASP->CARSM.pM_MUTE_OFF@JD0
07-26 17:23:48.930 31687 31687 I Telecom:SamsungImsManagerInjector: disconnectService, SecImsManager - phoneId 0
07-26 17:23:48.931  1273  2989 I Telecom : QuiescentEarpieceRoute: Processing message MUTE_OFF: TSI.hCI->CM.fOCP->CM.sOCPA->CM.dSMCP->CM.dSPA->CM.sRCQ->CM.pASP->CARSM.pM_MUTE_OFF@JD0
07-26 17:23:48.931  1273  1273 I AudioManager: getParameters keys = g_volume_situation_key;type=13
07-26 17:23:48.931  1273  2989 I Telecom : Event: RecordEntry TC@333: UNMUTE, null: TSI.hCI->CM.fOCP->CM.sOCPA->CM.dSMCP->CM.dSPA->CM.sRCQ->CM.pASP->CARSM.pM_MUTE_OFF@JD0
07-26 17:23:48.932  1273  2989 D BluetoothAdapter: getActiveDevices(profile= HEARING_AID)
07-26 17:23:48.933  3830  4390 D KnoxHelper: getActivityList callingUserId: 0, target user: 0
07-26 17:23:48.933 31687 31687 I Telecom:SamsungImsManagerInjector: onDisconnected SecImsManager, phoneId : 0
07-26 17:23:48.933 31687 31687 I wm_on_destroy_called: [106193133,com.android.server.telecom.components.UserCallActivity,performDestroy]
07-26 17:23:48.934  1273  1302 I wm_task_removed: [10499,removeChild:removeChild last r=ActivityRecord{65460ed u0 com.android.server.telecom/.components.UserCallActivity} t-1 f}} in t=Task{50c78ff #10499 type=standard A=1000:com.android.server.telecom U=0 visible=false visibleRequested=false mode=fullscreen translucent=true sz=0},1]
07-26 17:23:48.934  1273  1302 I wm_task_removed: [10499,removeChild,1]
07-26 17:23:48.935  1103  1557 V APM_AudioPolicyManager: getAudioPolicyConfig: g_volume_situation_key;type=13
07-26 17:23:48.936  2566  2579 D HearingAidService: getActiveDevices
07-26 17:23:48.936  2566  2579 I BluetoothAdapterService: getActiveDevices: Hearing Aid devices: Left[null] - Right[null]
07-26 17:23:48.936  2760  2760 I RecentsView: onTaskRemoved() taskId : 10499
07-26 17:23:48.937  2760  2760 I TopTaskTracker: onTaskRemoved : taskId = 10499
07-26 17:23:48.937  2760  2760 I RecentsView: onTaskRemoved() taskId : 10499
07-26 17:23:48.937  2760  2760 I TopTaskTracker: onTaskRemoved : taskId = 10499
07-26 17:23:48.937  3830  4390 D KnoxHelper: getActivityList callingUserId: 0, target user: 0
07-26 17:23:48.938  1103  1557 W SecAudioParamPolicy: g_volume_situation_key: did not support legacy situation volumes
07-26 17:23:48.938  1117  1117 I Layer   : id=266711 removedFromDrawingState ActivityRecord{65460ed u0 com.android.server.telecom/.components.UserCallActivity}#266711 (108)
07-26 17:23:48.938  1117  1117 I Layer   : id=266710 removedFromDrawingState Task=10499#266710 (108)
07-26 17:23:48.938  1117  1117 I SurfaceFlinger: id=266711 Removed ActivityRecord{65460ed u0 com.android.server.telecom/.components.UserCallActivity}#266711 (108)
07-26 17:23:48.938  1117  1117 I SurfaceFlinger: id=266710 Removed Task=10499#266710 (108)
07-26 17:23:48.938  1273  1273 D AudioSystem: getParameters() ERROR : can't get situationVolume
07-26 17:23:48.938  1117  1117 I Layer   : id=266710 Destroyed Task=10499#266710
07-26 17:23:48.938  1117  1117 I Layer   : id=266711 Destroyed ActivityRecord{65460ed u0 com.android.server.telecom/.components.UserCallActivity}#266711
07-26 17:23:48.938  1273  1273 I Telecom:SamsungBluetoothManager: setIsExistForegroundCall = true
07-26 17:23:48.939  1273  1273 I Telecom:CallAudioManager: onCallEnteringActiveDialingOrConnecting : size = 1 isAnswered: false
07-26 17:23:48.940  1103  1557 V APM_AudioPolicyManager: selectOutput new bestOutput 13 criteria 0 100 0 0 0 0 0 2 
07-26 17:23:48.940  1103  1557 V APM_AudioPolicyManager: getOutput() stream 8 selected devices {AUDIO_DEVICE_OUT_SPEAKER, @:}, output 13
07-26 17:23:48.940  1273  1273 I Telecom : IncomingCallNotifier: updateIncomingCall: foundIncomingcall = null: TSI.hCI->CM.fOCP->CM.sOCPA->CM.dSMCP->CM.dSPA->CM.sRCQ->CM.pASP@JD0
07-26 17:23:48.940  3830  4390 D KnoxHelper: getActivityList callingUserId: 0, target user: 0
07-26 17:23:48.940  1273  2990 I Telecom : CallAudioModeStateMachine: Message received: NEW_ACTIVE_OR_DIALING_CALL.: TSI.hCI->CM.fOCP->CM.sOCPA->CM.dSMCP->CM.dSPA->CM.sRCQ->CM.pASP->CAMSM.pM_2001@JD0
07-26 17:23:48.941  1273  1273 I Telecom:SamsungATCommandManager: onCallAdded() command = null
07-26 17:23:48.941  1273  1273 I Telecom:SamsungSpeakerManagerForSessionModify: onCallAdded 
07-26 17:23:48.941  1273  1273 I Telecom:SamsungSpeakerManagerForSessionModify: isSktTPhoneMode : false
07-26 17:23:48.941  1273  2990 I Telecom:SamsungCallAudioModeStateMachine: setRefreshAudioModemForSpecialModem md=
07-26 17:23:48.941  1273  1273 I Telecom:SamsungAutoAnswerCallsManagerListener: onCallAdded : [Call id=TC@333, state=CONNECTING, tpac=ComponentInfo{com.android.phone/com.android.services.telephony.TelephonyConnectionService}, 1, UserHandle{0}, cmgr=null, handle=tel:**********, vidst=A, childs(0), has_parent(false), cap=[], prop=[]], voip=falsecaps=[Capabilities:], props=[Properties:], conf(false), had_child(false)
07-26 17:23:48.941  1273  1273 I Telecom:SamsungFolderAngleRegistrar: registerListenerToSensorManager failed :NOT_SUPPORTED
07-26 17:23:48.941  1273  1273 I Telecom:SamsungRestrictionPolicyHelper: canShowCallerIdIncomingCall, call is not incoming
07-26 17:23:48.941  1273  1273 D Telecom:SamsungRingingTimeCallAddedTimeMarker:  callAddedElapsedTime : 710497010
07-26 17:23:48.942  1273  2990 I AudioManager: setParameters keyValuePairs = RefreshModem=
07-26 17:23:48.942  1273  1273 D CmcSettingManager: init : CmcSettingManager version : 1.4.1
07-26 17:23:48.942  1273  1273 D CmcSettingManager: context : com.android.server.telecom.components.TelecomService@ee17f16
07-26 17:23:48.942  1273  1273 D CmcSettingManager: cur version : 5.0.00.27
07-26 17:23:48.942  1273  1273 D CmcSettingManager: getOwnDeviceType
07-26 17:23:48.942  1273  1273 D CmcSettingManager: own device type - db : pd
07-26 17:23:48.942  1273  1273 D CmcSettingManager: deInit
07-26 17:23:48.942  1273  1273 D CmcSettingManager: unregisterListener : all
07-26 17:23:48.942  1273  1273 D CmcSettingManager: context : com.android.server.telecom.components.TelecomService@ee17f16
07-26 17:23:48.942  1273  1273 I Telecom:SamsungNewOutgoingCallIntentBroadcaster: isOutgoingGroupCall : false
07-26 17:23:48.942  3830  4390 D KnoxHelper: getActivityList callingUserId: 0, target user: 0
07-26 17:23:48.942  1273  1273 I Telecom:SamsungNewOutgoingCallIntentBroadcaster: processCall, need to update handle
07-26 17:23:48.942  1273  1273 I Telecom : CallRedirectionProcessorHelper: formatNumberToE164, original number: ***: TSI.hCI->CIP.sNOCI@JD0
07-26 17:23:48.944  1273  1273 I Telecom : CallRedirectionProcessorHelper: formatNumberToE164, formatted E164 number: null: TSI.hCI->CIP.sNOCI@JD0
07-26 17:23:48.944  1273  1273 I Telecom : CallRedirectionProcessorHelper: removePostDialDigits, number after being extracted post dial digits: ***: TSI.hCI->CIP.sNOCI@JD0
07-26 17:23:48.944  3830  4390 D KnoxHelper: getActivityList callingUserId: 0, target user: 0
07-26 17:23:48.944  1273  1273 I Telecom : CallRedirectionProcessorHelper: PackageName is empty. Not performing user-defined call redirection.: TSI.hCI->CIP.sNOCI@JD0
07-26 17:23:48.945  2566  2566 I BluetoothInCallService: BluetoothInCallService is created
07-26 17:23:48.946  3830  4390 D KnoxHelper: getActivityList callingUserId: 0, target user: 0
07-26 17:23:48.947  1273  1273 I Telecom : CallRedirectionProcessorHelper: Cannot get carrier componentNameString.: TSI.hCI->CIP.sNOCI@JD0
07-26 17:23:48.947  1273  1273 I Telecom : CallRedirectionProcessor: Can make call redirection with any available service: false: TSI.hCI->CIP.sNOCI@JD0
07-26 17:23:48.947  1273  1273 I Telecom : NewOutgoingCallIntentBroadcaster: Sending NewOutgoingCallBroadcast for [Call id=TC@333, state=CONNECTING, tpac=ComponentInfo{com.android.phone/com.android.services.telephony.TelephonyConnectionService}, 1, UserHandle{0}, cmgr=null, handle=tel:**********, vidst=A, childs(0), has_parent(false), cap=[], prop=[]], voip=falsecaps=[Capabilities:], props=[Properties:], conf(false), had_child(false) to UserHandle{0}: TSI.hCI->CIP.sNOCI@JD0
07-26 17:23:48.947  1273  1273 I Telecom : Event: RecordEntry TC@333: SEND_NEW_OUTGOING_CALL, number=35******46, true, UserHandle{0}: TSI.hCI->CIP.sNOCI@JD0
07-26 17:23:48.948  1273  1273 W Telecom : Logging: Log.endSession was called with no session active.
07-26 17:23:48.948  1273  2989 I Telecom : CallAudioRouteStateMachine: setSystemAudioState: changing from [AudioState isMuted: false, route: EARPIECE, supportedRouteMask: EARPIECE, SPEAKER, activeBluetoothDevice: [null], supportedBluetoothDevices: []] to [AudioState isMuted: false, route: EARPIECE, supportedRouteMask: EARPIECE, SPEAKER, activeBluetoothDevice: [null], supportedBluetoothDevices: []]: TSI.hCI->CM.fOCP->CM.sOCPA->CM.dSMCP->CM.dSPA->CM.sRCQ->CM.pASP->CARSM.pM_MUTE_OFF@JD0
07-26 17:23:48.948  1273  1273 I Pageboost: package null
07-26 17:23:48.948  1273  2989 D BluetoothAdapter: getActiveDevices(profile= HEADSET)
07-26 17:23:48.948  1273  1273 I CocktailBarManagerServiceContainer: handleMessage: entry what = 6
07-26 17:23:48.948  1273  1273 I CocktailBarManagerServiceImpl: notePauseComponent : no active host
07-26 17:23:48.948  1273  1273 I CocktailBarManagerServiceContainer: handleMessage: entry what = 5
07-26 17:23:48.948  1273  1273 I CocktailBarManagerServiceImpl: noteResumeComponent : no active host
07-26 17:23:48.948  3264  3264 E pageboostd: Received HALT command code 2
07-26 17:23:48.949  3830  4390 D KnoxHelper: getActivityList callingUserId: 0, target user: 0
07-26 17:23:48.950  2566  2579 I BluetoothAdapterService: getActiveDevices: Headset device: null
07-26 17:23:48.950  1273  1273 D MediaSessionService: Global priority session is updated, active=true
07-26 17:23:48.951  1273  2989 D BluetoothAdapter: getActiveDevices(profile= HEARING_AID)
07-26 17:23:48.952  2566  2579 D HearingAidService: getActiveDevices
07-26 17:23:48.952  2566  2579 I BluetoothAdapterService: getActiveDevices: Hearing Aid devices: Left[null] - Right[null]
07-26 17:23:48.952  2566  2566 D BluetoothInCallService: onCreate
07-26 17:23:48.952  2566  2566 D BluetoothInCallService: getProfileProxies - mBluetoothHeadset : null, mBluetoothLeCallControl : null
07-26 17:23:48.952  3830  4390 D KnoxHelper: getActivityList callingUserId: 0, target user: 0
07-26 17:23:48.954  1273  2989 I Telecom : CallAudioRouteStateMachine: Message received: UPDATE_SYSTEM_AUDIO_ROUTE=1201, arg1=0: TSI.hCI->CM.fOCP->CM.sOCPA->CM.dSMCP->CM.dSPA->CM.sRCQ->CM.pASP->CARSM.pM_UPDATE_SYSTEM_AUDIO_ROUTE@JD0
07-26 17:23:48.954  1273  2989 I Telecom : QuiescentEarpieceRoute: Processing message UPDATE_SYSTEM_AUDIO_ROUTE: TSI.hCI->CM.fOCP->CM.sOCPA->CM.dSMCP->CM.dSPA->CM.sRCQ->CM.pASP->CARSM.pM_UPDATE_SYSTEM_AUDIO_ROUTE@JD0
07-26 17:23:48.954  1273  2989 D BluetoothAdapter: getActiveDevices(profile= HEADSET)
07-26 17:23:48.954  2279  3355 D RefOnMediaKeyEventSessionChangedListenerProxy: invoke() onMediaKeyEventSessionChanged
07-26 17:23:48.952  1103  1557 V APM_AudioPolicyManager: getOutputForAttrInt() attributes={ Content type: AUDIO_CONTENT_TYPE_UNKNOWN Usage: AUDIO_USAGE_VOICE_COMMUNICATION_SIGNALLING Source: AUDIO_SOURCE_DEFAULT Flags: 0x0 Tags:  } stream=AUDIO_STREAM_DTMF session 94425 selectedDeviceId 0
07-26 17:23:48.955  2279  3355 D FaceWidgetMusicViewModel: onMediaKeyEventSessionChanged() packageName = com.android.server.telecom, sessionToken = android.media.session.MediaSession$Token@2af712e
07-26 17:23:48.955  1103  1557 V APM_AudioPolicyManager: getOutputForAttrInt() device {AUDIO_DEVICE_OUT_SPEAKER, @:}, sampling rate 0, format 0x1, channel mask 0x1, flags 0x100004 stream AUDIO_STREAM_DTMF
07-26 17:23:48.955  1103  1557 V APM_AudioPolicyManager: selectOutput new bestOutput 13 criteria 0 100 0 0 0 0 4 2 
07-26 17:23:48.955  1103  1557 V APM_AudioPolicyManager: selectOutput new bestOutput 29 criteria 0 100 0 0 0 1 4 0 
07-26 17:23:48.955  1103  1557 V APM_AudioPolicyManager: getOutputForAttrInt returns output 29 selectedDeviceId 3
07-26 17:23:48.955  1103  1557 V APM_AudioPolicyManager: getOutputForAttr() returns output 29 requestedPortId 0 selectedDeviceId 3 for port ID 10888
07-26 17:23:48.956  2279  4248 D RefOnMediaKeyEventSessionChangedListenerProxy: invoke() onMediaKeyEventSessionChanged
07-26 17:23:48.956  2279  4248 D FaceWidgetMusicViewModel: onMediaKeyEventSessionChanged() packageName = com.android.server.telecom, sessionToken = android.media.session.MediaSession$Token@2af712e
07-26 17:23:48.957  2566  3497 I BluetoothAdapterService: getActiveDevices: Headset device: null
07-26 17:23:48.957  2566  2566 I BluetoothAdapter: BluetoothAdapter() : com.android.bluetooth
07-26 17:23:48.957  3830  4390 D KnoxHelper: getActivityList callingUserId: 0, target user: 0
07-26 17:23:48.957  1273  2989 D BluetoothAdapter: getActiveDevices(profile= HEARING_AID)
07-26 17:23:48.958 19285 19285 I A       : onBind() to the IncomingCallInCallService.
07-26 17:23:48.958  1273  2432 V MdnieScenarioControlService: mAclOffEnabled : false mAclPreviewState : false mAclCompensationState : false
07-26 17:23:48.960  2566  2566 D BluetoothHeadset: BTStateChangeCB is registed by 2566 @ com.android.bluetooth
07-26 17:23:48.960  2566  3497 D HearingAidService: getActiveDevices
07-26 17:23:48.960  2566  3497 I BluetoothAdapterService: getActiveDevices: Hearing Aid devices: Left[null] - Right[null]
07-26 17:23:48.961  1273  2989 I Telecom : CallAudioRouteStateMachine: updateLastKnownCallAudioStateWithCurrent [AudioState isMuted: false, route: EARPIECE, supportedRouteMask: EARPIECE, SPEAKER, activeBluetoothDevice: [null], supportedBluetoothDevices: []] -> [AudioState isMuted: false, route: EARPIECE, supportedRouteMask: EARPIECE, SPEAKER, activeBluetoothDevice: [null], supportedBluetoothDevices: []]: TSI.hCI->CM.fOCP->CM.sOCPA->CM.dSMCP->CM.dSPA->CM.sRCQ->CM.pASP->CARSM.pM_UPDATE_SYSTEM_AUDIO_ROUTE@JD0
07-26 17:23:48.961  1273  2989 I Telecom : CallAudioRouteStateMachine: setSystemAudioState: changing from [AudioState isMuted: false, route: EARPIECE, supportedRouteMask: EARPIECE, SPEAKER, activeBluetoothDevice: [null], supportedBluetoothDevices: []] to [AudioState isMuted: false, route: EARPIECE, supportedRouteMask: EARPIECE, SPEAKER, activeBluetoothDevice: [null], supportedBluetoothDevices: []]: TSI.hCI->CM.fOCP->CM.sOCPA->CM.dSMCP->CM.dSPA->CM.sRCQ->CM.pASP->CARSM.pM_UPDATE_SYSTEM_AUDIO_ROUTE@JD0
07-26 17:23:48.961   944  6501 D audio_hw_primary: adev_set_parameters: enter: RefreshModem=
07-26 17:23:48.961  3830  4390 D KnoxHelper: getActivityList callingUserId: 0, target user: 0
07-26 17:23:48.962  1273  3311 D MediaSessionRecord: registering controller callback android.media.session.MediaController$CallbackStub@13f1a65 from controllerandroid
07-26 17:23:48.964  3830  4390 D KnoxHelper: getActivityList callingUserId: 0, target user: 0
07-26 17:23:48.966  2566  2566 I BluetoothInCallService: onBind. Intent: Intent { act=android.telecom.InCallService cmp=com.android.bluetooth/.telephony.BluetoothInCallService (has extras) }
07-26 17:23:48.968  3830  4390 D KnoxHelper: getActivityList callingUserId: 0, target user: 0
07-26 17:23:48.969  1273  1273 I Telecom:Telecom_Timing: onServiceConnected from IncallService for GANG-ext
07-26 17:23:48.969  1273  1273 I Telecom : Event: RecordEntry TC@333: ICS_SERVICE_CONNECTED, com.google.android.googlequicksearchbox/com.google.android.libraries.search.assistant.performer.communication.IncomingCallInCallService, android.os.BinderProxy@8441bc7, false, true, false, 4: ICSBC.oSC(cgag)@JD4
07-26 17:23:48.969  1273  1273 I Telecom : InCallController: onConnected to ComponentInfo{com.google.android.googlequicksearchbox/com.google.android.libraries.search.assistant.performer.communication.IncomingCallInCallService}: ICSBC.oSC(cgag)@JD4
07-26 17:23:48.969  1273  1273 I Telecom : InCallController: Adding 1 calls to InCallService after onConnected: ComponentInfo{com.google.android.googlequicksearchbox/com.google.android.libraries.search.assistant.performer.communication.IncomingCallInCallService}, including external calls: ICSBC.oSC(cgag)@JD4
07-26 17:23:48.969  3830  4390 D KnoxHelper: getActivityList callingUserId: 0, target user: 0
07-26 17:23:48.970  3830  4390 D KnoxHelper: getActivityList callingUserId: 0, target user: 0
07-26 17:23:48.971  1273  1273 I Telecom:Telecom_Timing: addCall to IncallService for GANG-ext
07-26 17:23:48.971  1273  1273 W Telecom : Call: maybeOnInCallServiceTrackingChanged() request on a call without a connection service.: ICSBC.oSC(cgag)@JD4
07-26 17:23:48.971  1273  1273 I Telecom : Event: RecordEntry TC@333: ICS_ADD_CALL, onConnected - [ComponentInfo{com.google.android.googlequicksearchbox/com.google.android.libraries.search.assistant.performer.communication.IncomingCallInCallService} supportsExternal? false supportsSelfMg?false supportsAllowedSelfMg?false], 4: ICSBC.oSC(cgag)@JD4
07-26 17:23:48.971 19285 19285 D Telecom-InCallService: handleMessage: SET_IN_CALL_ADAPTER
07-26 17:23:48.971  1273  1273 I Telecom : InCallController: 1 calls sent to InCallService.: ICSBC.oSC(cgag)@JD4
07-26 17:23:48.972  1273  1273 I Telecom:Telecom_Timing: onServiceConnected from IncallService for GANG-ext
07-26 17:23:48.972  1273  1273 I Telecom : Event: RecordEntry TC@333: ICS_SERVICE_CONNECTED, com.android.bluetooth/.telephony.BluetoothInCallService, android.os.BinderProxy@26f311d, false, true, false, 4: ICSBC.oSC(cab)@JD8
07-26 17:23:48.972  1273  1273 I Telecom : InCallController: onConnected to ComponentInfo{com.android.bluetooth/com.android.bluetooth.telephony.BluetoothInCallService}: ICSBC.oSC(cab)@JD8
07-26 17:23:48.972  1273  1273 I Telecom : InCallController: Adding 1 calls to InCallService after onConnected: ComponentInfo{com.android.bluetooth/com.android.bluetooth.telephony.BluetoothInCallService}, including external calls: ICSBC.oSC(cab)@JD8
07-26 17:23:48.973  1273  1273 I Telecom:Telecom_Timing: addCall to IncallService for GANG-ext
07-26 17:23:48.973  3830  4390 D KnoxHelper: getActivityList callingUserId: 0, target user: 0
07-26 17:23:48.973  1273  1273 W Telecom : Call: maybeOnInCallServiceTrackingChanged() request on a call without a connection service.: ICSBC.oSC(cab)@JD8
07-26 17:23:48.973  1273  1273 I Telecom : Event: RecordEntry TC@333: ICS_ADD_CALL, onConnected - [ComponentInfo{com.android.bluetooth/com.android.bluetooth.telephony.BluetoothInCallService} supportsExternal? false supportsSelfMg?true supportsAllowedSelfMg?false], 4: ICSBC.oSC(cab)@JD8
07-26 17:23:48.973  1273  1273 I Telecom : InCallController: 1 calls sent to InCallService.: ICSBC.oSC(cab)@JD8
07-26 17:23:48.974  2566  2566 D AvrcpMediaPlayerList: Ignore active media session change to telecom
07-26 17:23:48.974  2566  2566 V AvrcpMediaPlayerList: onActiveSessionsChanged: number of controllers: 1
07-26 17:23:48.974  1273  1273 I Telecom:SamsungCallerInfoQueryCompleteListener: onQueryComplete - start : CallerInfo - name : null / contactRingtoneUri : null / number : (35********246 / cnapName : null
07-26 17:23:48.974  2566  2566 D AvrcpMediaPlayerList: onActiveSessionsChanged: controller: com.android.server.telecom
07-26 17:23:48.974  2566  3497 D Telecom-InCallService: InCallServiceBinder - addCall: id(TC@333), state(CONNECTING), [Capabilities:]
07-26 17:23:48.974   944  6501 V audio_hw_sec: sec_set_parameters: enter: RefreshModem=
07-26 17:23:48.975  3830  4390 D KnoxHelper: getActivityList callingUserId: 0, target user: 0
07-26 17:23:48.976  2566  2566 D AvrcpMediaPlayerList: Ignore active media session change to telecom
07-26 17:23:48.976  2566  2566 D Telecom-InCallService: handleMessage: SET_IN_CALL_ADAPTER
07-26 17:23:48.976  1273  1273 I Telecom:SamsungRingerRepositoryImpl: getContactCallBgInfo - secCallBackground : null
07-26 17:23:48.976  2566  2566 D Telecom-InCallService: handleMessage: ADD_CALL
07-26 17:23:48.976  2566  2566 D Telecom-Call: internalUpdate - stateChanged: false, detailsChanged: true, videoCallChanged: false, isRttChanged: false, rttModeChanged: false, cannedTextResChanged: false, parentChanged: false, childrenChanged: false, activeChildChanged: false
07-26 17:23:48.976  1273  1273 I Telecom:SamsungCallerInfoQueryCompleteListener: onQueryComplete - end
07-26 17:23:48.976 31708 31708 I ndroid.incallui: Using CollectorTypeCC GC.
07-26 17:23:48.977  1273 31712 I Telecom:SamsungCallerInfoQueryCompleteListener: updateCallerInfo : android.telecom.CallerInfo@5e2bcbf { name null, phoneNumber non-null }
07-26 17:23:48.977 19285 19334 D Telecom-InCallService: InCallServiceBinder - addCall: id(TC@333), state(CONNECTING), [Capabilities:]
07-26 17:23:48.977  1273 31712 I Telecom:SamsungEcidContactModel: generateDisplayName length : 0
07-26 17:23:48.977  1273 31712 I Telecom:SamsungEcidContactModel: generateDisplayName is null
07-26 17:23:48.977  1273 31712 I Telecom:SamsungCallerInfoQueryCompleteListener: updateTPhoneCallerInfo info : <Empty>
07-26 17:23:48.977 19285 19285 D Telecom-InCallService: handleMessage: ADD_CALL
07-26 17:23:48.977  3830  4390 D KnoxHelper: getActivityList callingUserId: 0, target user: 0
07-26 17:23:48.977  1273 31712 I Telecom:SamsungCallerInfoQueryCompleteListener: updateContactCallBg value is changed
07-26 17:23:48.978  1273  1273 I Telecom:SamsungCallerInfoQueryCompleteListener: SamsungCallerInfoQueryCompleteListener [doOnSuccess] - CallerInfo - name : null / contactRingtoneUri : null / number : (35********246 / cnapName : null
07-26 17:23:48.978  1273  1273 I Telecom:SamsungCallerInfoQueryCompleteListener: onQueryComplete : CallerInfo - name : null / contactRingtoneUri : null / number : (35********246 / cnapName : null
07-26 17:23:48.978  1273  1273 I Telecom : CallerInfoLookupHelper: CI query for handle tel:********** has completed; notifying all listeners.: TSI.hCI->CILH.sL->CILH.oQC@JD0
07-26 17:23:48.978  1273  1273 I Telecom:SamsungRingerInfo: updateContactCallBgValues - secCallBackground : null
07-26 17:23:48.978  1273  1273 I Telecom:SamsungRingerInfo: setCallerInfo : RawContactId = 0, VibrationUri : null
07-26 17:23:48.978  1273  1273 I Telecom : Call: CallerInfo received for tel:**********: android.telecom.CallerInfo@5e2bcbf { name null, phoneNumber non-null }: TSI.hCI->CILH.sL->CILH.oQC@JD0
07-26 17:23:48.978 19285 19285 D Telecom-Call: internalUpdate - stateChanged: false, detailsChanged: true, videoCallChanged: false, isRttChanged: false, rttModeChanged: false, cannedTextResChanged: false, parentChanged: false, childrenChanged: false, activeChildChanged: false
07-26 17:23:48.978  1273  1273 I Telecom : CallerInfoLookupHelper: There is no photo for this contact, skipping photo query: TSI.hCI->CILH.sL->CILH.oQC@JD0
07-26 17:23:48.978 19285 19285 D Telecom-InCallService: handleMessage: ON_CALL_AUDIO_STATE_CHANGED
07-26 17:23:48.979 19285 19285 D Telecom-InCallService: handleMessage: ON_CAN_ADD_CALL_CHANGED
07-26 17:23:48.979  1273  1273 I Telecom : CallsManager: Outgoing caller ID complete: TSI.hCI->CILH.sL->CILH.oQC->CM.pCSB@JD0
07-26 17:23:48.979  3830  4390 D KnoxHelper: getActivityList callingUserId: 0, target user: 0
07-26 17:23:48.979  2566  2566 D BluetoothInCallService: onCallAdded
07-26 17:23:48.980  3830  4390 D KnoxHelper: getActivityList callingUserId: 0, target user: 0
07-26 17:23:48.981  3830  4390 D KnoxHelper: getActivityList callingUserId: 0, target user: 0
07-26 17:23:48.982  3830  4390 D KnoxHelper: getActivityList callingUserId: 0, target user: 0
07-26 17:23:48.983  1273  1273 D Telecom:SamsungNewOutgoingCallInfo: isIntentReceived : false
07-26 17:23:48.983  1273  1273 D Telecom:SamsungNewOutgoingCallInfo: setIntentReceiveStatus : true
07-26 17:23:48.983  1273  1273 I Telecom : Event: RecordEntry TC@333: NEW_OUTGOING_CALL, state=CONNECTING, orig=35******46, result=35******46, number=35******46, true: NOCBIR.oR@JEA
07-26 17:23:48.983  1273  1273 I Telecom : NewOutgoingCallBroadcastIntentReceiver: Received new-outgoing-call-broadcast for [Call id=TC@333, state=CONNECTING, tpac=ComponentInfo{com.android.phone/com.android.services.telephony.TelephonyConnectionService}, 1, UserHandle{0}, cmgr=null, handle=tel:**********, vidst=A, childs(0), has_parent(false), cap=[], prop=[]], voip=falsecaps=[Capabilities:], props=[Properties:], conf(false), had_child(false) with data ***: NOCBIR.oR@JEA
07-26 17:23:48.984  2566  2566 I BluetoothInCallService: updateHeadsetWithCallState : ignore force false, pending false, numActive 0, numHeld 0, numChildOfActive 0, callState 2, ringing type 129
07-26 17:23:48.984  3830  4390 D KnoxHelper: getActivityList callingUserId: 0, target user: 0
07-26 17:23:48.985  1273  1273 D CmcSettingManager: init : CmcSettingManager version : 1.4.1
07-26 17:23:48.985  1273  1273 D CmcSettingManager: context : com.android.server.telecom.components.TelecomService@ee17f16
07-26 17:23:48.985  1273  1273 D CmcSettingManager: cur version : 5.0.00.27
07-26 17:23:48.985  1273  1273 D CmcSettingManager: getOwnDeviceType
07-26 17:23:48.985  1273  1273 D CmcSettingManager: own device type - db : pd
07-26 17:23:48.985  1273  1273 D CmcSettingManager: deInit
07-26 17:23:48.985  1273  1273 D CmcSettingManager: unregisterListener : all
07-26 17:23:48.985  1273  1273 D CmcSettingManager: context : com.android.server.telecom.components.TelecomService@ee17f16
07-26 17:23:48.985  1273  1273 I Telecom : NewOutgoingCallIntentBroadcaster: Placing call immediately instead of waiting for OutgoingCallBroadcastReceiver: NOCBIR.oR@JEA
07-26 17:23:48.985  1273  1273 I Telecom : CallsManager: Creating a new outgoing call with handle: tel:**********: NOCBIR.oR@JEA
07-26 17:23:48.985  1273  1273 I Telecom:SamsungRestrictionPolicyHelper: canShowCallerIdIncomingCall, call is not incoming
07-26 17:23:48.985  1273  1273 I Telecom:SamsungCallNotifier: setGatewayInfo : null
07-26 17:23:48.985  1273  1273 I Telecom:SamsungModeRepositoryImpl: isConnectedMirrorLink : false
07-26 17:23:48.985  1273  1273 I Telecom:SamsungBluetoothManager: isBluetoothWatchSingleConnected false
07-26 17:23:48.985  1103  1557 I AudioFlinger: nonSecFlag 4, secFlag 100000, outputFlags 4
07-26 17:23:48.985  1103  1557 D AudioFlinger: Client defaulted notificationFrames to 192 for frameCount 960
07-26 17:23:48.985  1273  1273 I Telecom : Event: RecordEntry TC@333: AUDIO_INFO, setStartWithSpeakerphoneOn=false: NOCBIR.oR@JEA
07-26 17:23:48.985  1273  1273 I Telecom:SamsungBluetoothManager: isBluetoothWatchSingleConnected false
07-26 17:23:48.986  1273  2990 I Telecom:SamsungCallAudioModeStateMachine: getTargetAudioMode : mode = 2 mSamsungMessageArg: SamsungMessageArgs{foregroundCallPhoneId =0, foregroundCallIsCs =false, foregroundCallIsVideo =false, mUseIWLAN =false, foregroundCallIsCmcSdCall =false, foregroundCallIsVoip =false, foregroundCallIsInContact =false, foregroundCallIsVoiceMailNumber =false}
07-26 17:23:48.986  1273  2988 I Telecom : BluetoothRouteManager: Message received: GET_CURRENT_STATE.: NOCBIR.oR->BRM.pM_400@JEA
07-26 17:23:48.986 31708 31708 E ndroid.incallui: Not starting debugger since process cannot load the jdwp agent.
07-26 17:23:48.986  1273  2990 I Telecom : CallAudioModeStateMachine: destinationStateByAudioMode mode=2: TSI.hCI->CM.fOCP->CM.sOCPA->CM.dSMCP->CM.dSPA->CM.sRCQ->CM.pASP->CAMSM.pM_2001@JD0
07-26 17:23:48.986  1273  1273 I Telecom:SamsungModeRepositoryImpl: isConnectedMirrorLink : false
07-26 17:23:48.986  1273  2990 I Telecom : CallAudioModeStateMachine: Audio focus entering SIM CALL state: TSI.hCI->CM.fOCP->CM.sOCPA->CM.dSMCP->CM.dSPA->CM.sRCQ->CM.pASP->CAMSM.pM_2001@JD0
07-26 17:23:48.986  1273  1273 I Telecom:SamsungSpeakerphoneOnDecisionMaker: isVerticalFolded false
07-26 17:23:48.986  1273  1273 I Telecom:SamsungSpeakerphoneOnDecisionMaker: isVerticalFolded false
07-26 17:23:48.986  1273  1273 I Telecom:SamsungSpeakerphoneOnDecisionMaker: useSpeaker - isVerticalFolded() : false, isUnfoldedAnswer : false
07-26 17:23:48.986  1273  1273 I Telecom : Event: RecordEntry TC@333: PLACE_OUTGOING_CALL, call=[Call id=TC@333, state=CONNECTING, tpac=ComponentInfo{com.android.phone/com.android.services.telephony.TelephonyConnectionService}, 1, UserHandle{0}, cmgr=null, handle=tel:**********, vidst=A, childs(0), has_parent(false), cap=[], prop=[]], voip=falsecaps=[Capabilities:], props=[Properties:], conf(false), had_child(false), phoneAccountHandle=ComponentInfo{com.android.phone/com.android.services.telephony.TelephonyConnectionService}, 1, UserHandle{0}, callHandle=tel:35******46, startWithSpeakerphoneOn=false, videoState=Audio Only, emergencyCall=false, networkIdentifiedEmergencyCall=false, isOutgoingCallPermitted=true, requireCallCapableAccountByHandle=false: NOCBIR.oR@JEA
07-26 17:23:48.987  1273  2870 D MediaSessionRecord: registering controller callback android.media.session.ISessionControllerCallback$Stub$Proxy@c32deea from controllercom.android.systemui
07-26 17:23:48.987  3830  4390 D KnoxHelper: getActivityList callingUserId: 0, target user: 0
07-26 17:23:48.989  1273  1273 I Telecom : PhoneAccountRegistrar: getSimCallManager: SimCallManager for subId 1 queried, returning: null: NOCBIR.oR@JEA
07-26 17:23:48.989  1273  1273 I Telecom : CreateConnectionProcessor: Trying attempt CallAttemptRecord(ComponentInfo{com.android.phone/com.android.services.telephony.TelephonyConnectionService}, 1, UserHandle{0},ComponentInfo{com.android.phone/com.android.services.telephony.TelephonyConnectionService}, 1, UserHandle{0}): NOCBIR.oR@JEA
07-26 17:23:48.989  1273  1273 I Telecom:SamsungPhoneAccountInfo: setTargetPhoneAccount : ComponentInfo{com.android.phone/com.android.services.telephony.TelephonyConnectionService}, 1, UserHandle{0}
07-26 17:23:48.989  3830  4390 D KnoxHelper: getActivityList callingUserId: 0, target user: 0
07-26 17:23:48.990  1273  2992 I Telecom : ConnectionServiceFocusManager: handleRequestFocus req = com.android.server.telecom.ConnectionServiceFocusManager$FocusRequest@2e64878: NOCBIR.oR->CSFM.rF@JEA
07-26 17:23:48.990  1273  2992 I Telecom:Telecom_Timing: BIND_CS for GANGA
07-26 17:23:48.990  1273  2992 I Telecom : Logging.Events: Non-call EVENT: BIND_CS, ComponentInfo{com.android.phone/com.android.services.telephony.TelephonyConnectionService}: NOCBIR.oR->CSFM.rF@JEA
07-26 17:23:48.991  1273  1273 I Telecom:Telecom_Timing: onServiceConnected from IncallService for GANG-ext
07-26 17:23:48.991  1273  1273 I Telecom : Event: RecordEntry TC@333: ICS_SERVICE_CONNECTED, com.google.android.as/com.google.android.apps.miphone.aiai.captions.tulip.audiosource.impl.CIS, android.os.BinderProxy@3a584b7, false, true, false, 4: ICSBC.oSC(cgaa)@JEE
07-26 17:23:48.991  1273  1273 I Telecom : InCallController: onConnected to ComponentInfo{com.google.android.as/com.google.android.apps.miphone.aiai.captions.tulip.audiosource.impl.CIS}: ICSBC.oSC(cgaa)@JEE
07-26 17:23:48.991  1273  1273 I Telecom : InCallController: Adding 1 calls to InCallService after onConnected: ComponentInfo{com.google.android.as/com.google.android.apps.miphone.aiai.captions.tulip.audiosource.impl.CIS}, including external calls: ICSBC.oSC(cgaa)@JEE
