10-15 21:09:30.073  1437  1953 D RILD    : 52 20 3A 20 31 36 2E 37 00 20 50 41 53 53 00 2E 34 00 00 00 00 00 00 0A 00 20 4E 52 35 47 5F 52 53 52 51 3A 20 2D 31 31 00 72 65 64 3A 20 32 00 00 00 00 00 00 00 00 00 00 0B 00 20 4E 52 5F 52 52 43 3A 20 49 44 4C 45 00 43 54 45 44 00 41 4D 50 45 44 00 00 00 00 00 00 00 00 0C 00 20 4E 52 5F 53 53 42 5F 49 6E 64 65 78 3A 20 33 00 00 72 28 30 29 2C 20 74 73 73 5F 66 6C 61 00 0D 00 20 4E 52 5F 41 52 46 43 4E 3A 20 34 30 31 30 35 30 00 52 54 45 44 00 53 45 00 6F 72 74 00 00 00 0E 00 20 4E 52 5F 50 43 49 3A 20 31 36 30 00 20 69 73 20 30 00 2D 2D 20 52 53 52 51 3A 20 2D 2D 00 00 0F 00 20 4E 52 5F 42 41 4E 44 3A 20 6E 37 30 00 00 2D 2D 00 20 2D 2D 20 52 53 52 51 3A 20 2D 2D 00 00 10 00 20 4E 52 5F 44 4C 20 53 63 68 65 64 75 6C 69 6E 67 3A 20 30 2E 30 30 20 00 00 00 00 00 00 00 00 11 00 20 4E 52 5F 42 4C 45 52 3A 20 30 2E 30 30 20 00 00 20 2D 2D 00 00 00 00 00 00 00 00 00 00 00 00 12 00 20 4E 52 5F 42 57 3A 20 32 35 20 4D 48 7A 00 2D 2D 00 20 54 79 
10-15 21:09:30.073  1437  1953 D RILD    : 70 65 3A 20 2D 2D 00 00 00 00 00 13 00 20 4E 52 5F 53 41 5F 52 4C 46 20 43 6F 75 6E 74 3A 20 2D 2D 00 00 00 00 00 00 00 00 00 00 00 00 14 00 20 4E 52 5F 41 4E 54 20 4D 41 58 20 52 53 52 50 3A 20 2D 37 39 00 00 00 00 00 00 00 00 00 00 00 15 00 20 4E 52 5F 41 4E 54 20 4D 49 4E 20 52 53 52 50 3A 20 2D 31 35 34 00 00 00 00 00 00 00 00 00 00 16 00 20 4E 52 5F 54 78 20 50 68 79 20 43 68 61 6E 6E 65 6C 20 54 79 70 65 3A 20 50 55 43 43 48 00 00 17 00 20 4E 52 20 52 58 30 20 52 53 52 50 3A 20 2D 39 36 20 00 00 00 20 00 00 00 00 00 00 00 00 00 00 18 00 20 4E 52 20 52 58 31 20 52 53 52 50 3A 20 2D 39 37 20 00 00 79 70 65 3A 20 2D 2D 00 00 00 00 00 19 00 20 4E 52 20 52 58 32 20 52 53 52 50 3A 20 2D 31 30 32 20 00 41 53 53 00 20 2D 2D 00 00 00 00 00 1A 00 20 4E 52 20 52 58 33 20 52 53 52 50 3A 20 2D 39 39 20 00 00 2D 2D 00 00 00 00 00 00 00 00 00 00 1B 00 20 4E 52 5F 54 78 20 50 77 72 3A 20 31 36 20 64 42 6D 00 20 00 2D 00 00 00 00 00 00 00 00 00 00 1C 
10-15 21:09:30.073  1437  1953 D RILD    : 00 20 4E 52 5F 53 43 53 3A 20 31 35 6B 48 7A 00 2D 31 30 33 20 00 29 2C 20 74 73 73 5F 66 6C 61 00 1D 00 20 4E 52 5F 43 44 52 58 3A ]
10-15 21:09:30.074  1437  1953 V RILD    : MatchIpc: mMainCmd 11 mainCmd 0b mSubCmdMask ffffffffffffffff_ffffffffffffffff subCmd 05
10-15 21:09:30.074  1437  1953 V RILD    : MatchIpc: mMainCmd 16 mainCmd 0b mSubCmdMask 0_f1b06fefe subCmd 05
10-15 21:09:30.074  1437  1953 V RILD    : MatchIpc: mMainCmd 23 mainCmd 0b mSubCmdMask 0_36 subCmd 05
10-15 21:09:30.074  1437  1953 V RILD    : MatchIpc: mMainCmd 24 mainCmd 0b mSubCmdMask ffffffffffffffff_ffffffffffffffff subCmd 05
10-15 21:09:30.074  1437  1953 V RILD    : MatchIpc: mMainCmd 25 mainCmd 0b mSubCmdMask ffffffffffffffff_ffffffffffffffff subCmd 05
10-15 21:09:30.074  1437  1953 D RILD    : GetRxData:
10-15 21:09:30.074  1437  1953 D RILD    : IpcRxServiceModeDisplayScreen:
10-15 21:09:30.074  1437  1953 D RILD    : BuildRilDataSvcModeDisplayScreen:
10-15 21:09:30.074  1437  1953 V RILD    : IpcModem::ProcessIpc regType=82
10-15 21:09:30.075  1437  1953 V RILD    : Registrant::Notify refcnt(1)
10-15 21:09:30.075  1437  1687 D RILD    : SVC-MGR(19): evt(103)
10-15 21:09:30.075  1437  1687 D RILD    : EVENT_MODEMUI_UPDATED response
10-15 21:09:30.075  1437  1687 V RILD    : Message obj refcnt=0
10-15 21:09:30.076  1437  1953 V RILD    : NotifyTimeoutChanged()
10-15 21:09:30.077  1437  1955 V RILD    : Reader: timeout=-1
10-15 21:09:30.390  2616  2616 E STFService: getNetworkProperties: Location fine denied
10-15 21:09:30.429  1241  2076 D AppOps  : noteOperation: reject #3 for code 105 (105) uid 1001 package com.android.phone flags: s
10-15 21:09:30.974  2616  2685 I STFService: CoreFrequency index: 0 current: 576000 max: 1804800
10-15 21:09:30.978  2616  2685 I STFService: CoreFrequency index: 1 current: 576000 max: 1804800
10-15 21:09:30.982  2616  2685 I STFService: CoreFrequency index: 2 current: 576000 max: 1804800
10-15 21:09:30.986  2616  2685 I STFService: CoreFrequency index: 3 current: 576000 max: 1804800
10-15 21:09:30.990  2616  2685 I STFService: CoreFrequency index: 4 current: 576000 max: 1804800
10-15 21:09:30.992  2616  2685 I STFService: CoreFrequency index: 5 current: 1113600 max: 1804800
10-15 21:09:30.998  2616  2685 I STFService: CoreFrequency index: 6 current: 691200 max: 2208000
10-15 21:09:31.004  2616  2685 I STFService: CoreFrequency index: 7 current: 691200 max: 2208000
10-15 21:09:31.111  2262  2262 I ModemServiceMode: EVENT_TICK!
10-15 21:09:31.122  1241  4328 D AppOps  : startOperation: allowing code 40 uid 1001 package com.sec.phone restricted: false flags: s
10-15 21:09:31.125  1961  1969 D Multi-Client: OemClient::ProcessBuffer() from [5], token[33], datalen[8]
10-15 21:09:31.127  1437  1437 D RILD    : IsRegisteredNetworkType(): netType[1]  feature[00] state[0] 
10-15 21:09:31.128  1437  1688 D RILD    : DoRouteIn - FW reqId : 59
10-15 21:09:31.128  1437  1688 D RILD    : DoRouteOut - FW reqId : 59
10-15 21:09:31.128  1437  1688 D RILD    : GetMessage : oem func id = 0x01
10-15 21:09:31.129  1437  1688 D RILD    : Onprocessing: request id(59), handleEvent(100)
10-15 21:09:31.129  1437  1687 D RILD    : SVC-MGR(19): evt(100)
10-15 21:09:31.129  1437  1687 D RILD    : OnOemServiceMode: sub id = 0x01, 4
10-15 21:09:31.130  1437  1687 D RILD    : MakeOemResponseBuilder : oem func id = 0x01
10-15 21:09:31.130  1437  1687 D RILD    : MakeOemResponseBuilder : Unsupported Function ID(1)
10-15 21:09:31.130  1437  1687 D RILD    : BuildSolicited : sub id = 0x01
10-15 21:09:31.131  1437  1687 D RILD    : RequestComplete - req : 59, peek : 59
10-15 21:09:31.131  1437  1687 V RILD    : Message obj refcnt=-1
10-15 21:09:31.131  1961  1968 D Multi-Client: Oem OnRequestComplete:(5)
10-15 21:09:31.136  2262  2262 I ModemServiceMode: in QUERT_SERVM_DONE
10-15 21:09:31.136  1241  4328 I power_partial_wake_state: [REL,13,RILS:com.sec.phone]
10-15 21:09:31.136  2262  2262 I ModemServiceMode: size of result : 3400
10-15 21:09:31.136  2262  2262 I ModemServiceMode: Line 0 :  DEBUG INFO : 0 0 12 195 401050_
10-15 21:09:31.136  2262  2262 I ModemServiceMode: Line 1 :  HPLMN(313-340) sim_state(1)_
10-15 21:09:31.136  2262  2262 I ModemServiceMode: Line 2 :  Serving PLMN(313-340) - NR5G_
10-15 21:09:31.137  2262  2262 I ModemServiceMode: Line 3 :  NW sel mode : Manual_
10-15 21:09:31.137  2262  2262 I ModemServiceMode: Line 4 :  Selected PLMN(313-340)_
10-15 21:09:31.137  2262  2262 I ModemServiceMode: Line 5 :  Service(available)_
10-15 21:09:31.137  2262  2262 I ModemServiceMode: Line 6 :  MM5G(REGISTERED) Sub(0)_
10-15 21:09:31.137  2262  2262 I ModemServiceMode: Line 7 :  MM5G Update(UPDATED)_
10-15 21:09:31.137  2262  2262 I ModemServiceMode: Line 8 :  NR5G_RSRP : -97_
10-15 21:09:31.137  2262  2262 I ModemServiceMode: Line 9 :  NR5G_SINR : 16.7_
10-15 21:09:31.137  2262  2262 I ModemServiceMode: Line 10 :  NR5G_RSRQ: -11_
10-15 21:09:31.137  2262  2262 I ModemServiceMode: Line 11 :  NR_RRC: IDLE_
10-15 21:09:31.137  2262  2262 I ModemServiceMode: Line 12 :  NR_SSB_Index: 3_
10-15 21:09:31.137  2262  2262 I ModemServiceMode: Line 13 :  NR_ARFCN: 401050_
10-15 21:09:31.137  2262  2262 I ModemServiceMode: Line 14 :  NR_PCI: 160_
10-15 21:09:31.137  2262  2262 I ModemServiceMode: Line 15 :  NR_BAND: n70_
10-15 21:09:31.137  2262  2262 I ModemServiceMode: Line 16 :  NR_DL Scheduling: 0.00 _
10-15 21:09:31.137  2262  2262 I ModemServiceMode: Line 17 :  NR_BLER: 0.00 _
10-15 21:09:31.137  2262  2262 I ModemServiceMode: Line 18 :  NR_BW: 25 MHz_
10-15 21:09:31.137  2262  2262 I ModemServiceMode: Line 19 :  NR_SA_RLF Count: --_
10-15 21:09:31.137  2262  2262 I ModemServiceMode: Line 20 :  NR_ANT MAX RSRP: -79_
10-15 21:09:31.137  2262  2262 I ModemServiceMode: Line 21 :  NR_ANT MIN RSRP: -154_
10-15 21:09:31.137  2262  2262 I ModemServiceMode: Line 22 :  NR_Tx Phy Channel Type: PUCCH_
10-15 21:09:31.138  2262  2262 I ModemServiceMode: Line 23 :  NR RX0 RSRP: -96 _
10-15 21:09:31.138  2262  2262 I ModemServiceMode: Line 24 :  NR RX1 RSRP: -97 _
10-15 21:09:31.138  2262  2262 I ModemServiceMode: Line 25 :  NR RX2 RSRP: -102 _
10-15 21:09:31.138  2262  2262 I ModemServiceMode: Line 26 :  NR RX3 RSRP: -99 _
10-15 21:09:31.138  2262  2262 I ModemServiceMode: Line 27 :  NR_Tx Pwr: 16 dBm_
10-15 21:09:31.138  2262  2262 I ModemServiceMode: Line 28 :  NR_SCS: 15kHz_
10-15 21:09:31.138  2262  2262 I ModemServiceMode: Line 29 :  NR_CDRX: Active_
10-15 21:09:31.138  2262  2262 I ModemServiceMode: Line 30 :  NR SA CA Not present _
10-15 21:09:31.138  2262  2262 I ModemServiceMode: Line 31 :  NETWORK : UNBLOCK_
10-15 21:09:31.138  2262  2262 I ModemServiceMode: Line 32 :  FINAL IMEI Certi: PASS_
10-15 21:09:31.138  2262  2262 I ModemServiceMode: Line 33 : Unknown 0_
10-15 21:09:31.138  2262  2262 I ModemServiceMode: Line 34 : AJB Init_buf:0 ms_
10-15 21:09:31.138  2262  2262 I ModemServiceMode: Line 35 : NO TSS DEVICE : err(0), tss_fla_
10-15 21:09:31.138  2262  2262 I ModemServiceMode: Line 36 :  ASDiv : NOT SUPPORTED_
10-15 21:09:31.138  2262  2262 I ModemServiceMode: Line 37 : TM:All TM Lvl is 0_
10-15 21:09:31.138  2262  2262 I ModemServiceMode: Line 38 : WAKEUP_INFO: 0_
10-15 21:09:31.138  2262  2262 I ModemServiceMode: Line 39 : _
10-15 21:09:31.138  2262  2262 I ModemServiceMode: Line 40 : _
10-15 21:09:31.139  2262  2262 I ModemServiceMode: Line 41 : _
10-15 21:09:31.139  2262  2262 I ModemServiceMode: Line 42 : _
10-15 21:09:31.139  2262  2262 I ModemServiceMode: Line 43 : _
10-15 21:09:31.139  2262  2262 I ModemServiceMode: Line 44 : _
10-15 21:09:31.139  2262  2262 I ModemServiceMode: Line 45 : _
10-15 21:09:31.139  2262  2262 I ModemServiceMode: Line 46 : _
10-15 21:09:31.139  2262  2262 I ModemServiceMode: Line 47 : _
10-15 21:09:31.139  2262  2262 I ModemServiceMode: Line 48 : _
10-15 21:09:31.139  2262  2262 I ModemServiceMode: Line 49 : _
10-15 21:09:31.139  2262  2262 I ModemServiceMode: Line 50 : _
10-15 21:09:31.139  2262  2262 I ModemServiceMode: Line 51 : _
10-15 21:09:31.139  2262  2262 I ModemServiceMode: Line 52 : _
10-15 21:09:31.139  2262  2262 I ModemServiceMode: Line 53 : _
10-15 21:09:31.139  2262  2262 I ModemServiceMode: Line 54 : _
10-15 21:09:31.139  2262  2262 I ModemServiceMode: Line 55 : _
10-15 21:09:31.139  2262  2262 I ModemServiceMode: Line 56 : _
10-15 21:09:31.139  2262  2262 I ModemServiceMode: Line 57 : _
10-15 21:09:31.139  2262  2262 I ModemServiceMode: Line 58 : _
10-15 21:09:31.139  2262  2262 I ModemServiceMode: Line 59 : _
10-15 21:09:31.139  2262  2262 I ModemServiceMode: Line 60 : _
10-15 21:09:31.139  2262  2262 I ModemServiceMode: Line 61 : _
10-15 21:09:31.139  2262  2262 I ModemServiceMode: Line 62 : _
10-15 21:09:31.139  2262  2262 I ModemServiceMode: Line 63 : _
10-15 21:09:31.140  2262  2262 I ModemServiceMode: Line 64 : _
10-15 21:09:31.140  2262  2262 I ModemServiceMode: Line 65 : _
10-15 21:09:31.140  2262  2262 I ModemServiceMode: Line 66 : _
10-15 21:09:31.140  2262  2262 I ModemServiceMode: Line 67 : _
10-15 21:09:31.140  2262  2262 I ModemServiceMode: Line 68 : _
10-15 21:09:31.140  2262  2262 I ModemServiceMode: Line 69 : _
10-15 21:09:31.140  2262  2262 I ModemServiceMode: Line 70 : _
10-15 21:09:31.140  2262  2262 I ModemServiceMode: Line 71 : _
10-15 21:09:31.140  2262  2262 I ModemServiceMode: Line 72 : _
10-15 21:09:31.140  2262  2262 I ModemServiceMode: Line 73 : _
10-15 21:09:31.140  2262  2262 I ModemServiceMode: Line 74 : _
10-15 21:09:31.140  2262  2262 I ModemServiceMode: Line 75 : _
10-15 21:09:31.140  2262  2262 I ModemServiceMode: Line 76 : _
10-15 21:09:31.140  2262  2262 I ModemServiceMode: Line 77 : _
10-15 21:09:31.140  2262  2262 I ModemServiceMode: Line 78 : _
10-15 21:09:31.140  2262  2262 I ModemServiceMode: Line 79 : _
10-15 21:09:31.140  2262  2262 I ModemServiceMode: Line 80 : _
10-15 21:09:31.140  2262  2262 I ModemServiceMode: Line 81 : _
10-15 21:09:31.140  2262  2262 I ModemServiceMode: Line 82 : _
10-15 21:09:31.140  2262  2262 I ModemServiceMode: Line 83 : _
10-15 21:09:31.140  2262  2262 I ModemServiceMode: Line 84 : _
10-15 21:09:31.140  2262  2262 I ModemServiceMode: Line 85 : _
10-15 21:09:31.140  2262  2262 I ModemServiceMode: Line 86 : _
10-15 21:09:31.141  2262  2262 I ModemServiceMode: Line 87 : _
10-15 21:09:31.141  2262  2262 I ModemServiceMode: Line 88 : _
10-15 21:09:31.141  2262  2262 I ModemServiceMode: Line 89 : _
10-15 21:09:31.141  2262  2262 I ModemServiceMode: Line 90 : _
10-15 21:09:31.141  2262  2262 I ModemServiceMode: Line 91 : _
10-15 21:09:31.141  2262  2262 I ModemServiceMode: Line 92 : _
10-15 21:09:31.141  2262  2262 I ModemServiceMode: Line 93 : _
10-15 21:09:31.141  2262  2262 I ModemServiceMode: Line 94 : _
10-15 21:09:31.141  2262  2262 I ModemServiceMode: Line 95 : _
10-15 21:09:31.141  2262  2262 I ModemServiceMode: Line 96 : _
10-15 21:09:31.141  2262  2262 I ModemServiceMode: Line 97 : _
10-15 21:09:31.141  2262  2262 I ModemServiceMode: Line 98 : _
10-15 21:09:31.141  2262  2262 I ModemServiceMode: Line 99 : _
10-15 21:09:31.141  2262  2262 I ModemServiceMode: Update!
10-15 21:09:31.145  1147  1188 I VSyncReactor: Current= 60, Period= 60, hwcPeriod= 60
10-15 21:09:31.163  1147  1147 I SurfaceFlinger: SFWD update time=371108886894524
10-15 21:09:31.358  1437  1952 D RILD    : QmiVssUnsolicitedCallback: msgId(6)
10-15 21:09:31.358  1437  1952 D RILD    : IpcOverQmiChannel: NotifyAsyncMessage completed
10-15 21:09:31.359  1437  1953 V RILD    : IpcModem::ReceiveMessage
10-15 21:09:31.359  1437  1953 V RILD    : IpcModem::DoIoChannelRouting
10-15 21:09:31.367  1437  1953 D RILD    : [L] RX: (M)SVC_CMD (S)SVC_DISPLAY_SCREEN (T)NOTI l:aa8 m:00 a:ff [ 50 00 00 20 44 45 42 55 47 20 49 4E 46 4F 20 3A 20 30 20 30 20 31 32 20 31 39 35 20 34 30 31 30 35 30 00 01 00 20 48 50 4C 4D 4E 28 33 31 33 2D 33 34 30 29 20 73 69 6D 5F 73 74 61 74 65 28 31 29 00 00 00 00 02 00 20 53 65 72 76 69 6E 67 20 50 4C 4D 4E 28 33 31 33 2D 33 34 30 29 20 2D 20 4E 52 35 47 00 00 00 03 00 20 4E 57 20 73 65 6C 20 6D 6F 64 65 20 3A 20 4D 61 6E 75 61 6C 00 00 00 00 00 00 00 00 00 00 00 04 00 20 53 65 6C 65 63 74 65 64 20 50 4C 4D 4E 28 33 31 33 2D 33 34 30 29 00 00 00 00 00 00 00 00 00 05 00 20 53 65 72 76 69 63 65 28 61 76 61 69 6C 61 62 6C 65 29 00 31 37 30 38 29 00 30 38 29 00 29 00 06 00 20 4D 4D 35 47 28 52 45 47 49 53 54 45 52 45 44 29 20 53 75 62 28 30 29 00 29 00 00 35 00 00 00 07 00 20 4D 4D 35 47 20 55 70 64 61 74 65 28 55 50 44 41 54 45 44 29 00 35 37 00 00 30 00 00 00 00 00 08 00 20 4E 52 35 47 5F 52 53 52 50 20 3A 20 2D 39 37 00 00 00 4E 52 3A 32 31 2E 32 00 00 2D 2D 00 00 09 00 20 4E 52 35 47 5F 53 49 4E 
10-15 21:09:31.367  1437  1953 D RILD    : 52 20 3A 20 31 36 2E 35 00 20 50 41 53 53 00 2E 34 00 00 00 00 00 00 0A 00 20 4E 52 35 47 5F 52 53 52 51 3A 20 2D 31 31 00 72 65 64 3A 20 32 00 00 00 00 00 00 00 00 00 00 0B 00 20 4E 52 5F 52 52 43 3A 20 49 44 4C 45 00 43 54 45 44 00 41 4D 50 45 44 00 00 00 00 00 00 00 00 0C 00 20 4E 52 5F 53 53 42 5F 49 6E 64 65 78 3A 20 33 00 00 72 28 30 29 2C 20 74 73 73 5F 66 6C 61 00 0D 00 20 4E 52 5F 41 52 46 43 4E 3A 20 34 30 31 30 35 30 00 52 54 45 44 00 53 45 00 6F 72 74 00 00 00 0E 00 20 4E 52 5F 50 43 49 3A 20 31 36 30 00 20 69 73 20 30 00 2D 2D 20 52 53 52 51 3A 20 2D 2D 00 00 0F 00 20 4E 52 5F 42 41 4E 44 3A 20 6E 37 30 00 00 2D 2D 00 20 2D 2D 20 52 53 52 51 3A 20 2D 2D 00 00 10 00 20 4E 52 5F 44 4C 20 53 63 68 65 64 75 6C 69 6E 67 3A 20 30 2E 30 30 20 00 00 00 00 00 00 00 00 11 00 20 4E 52 5F 42 4C 45 52 3A 20 30 2E 30 30 20 00 00 20 2D 2D 00 00 00 00 00 00 00 00 00 00 00 00 12 00 20 4E 52 5F 42 57 3A 20 32 35 20 4D 48 7A 00 2D 2D 00 20 54 79 
10-15 21:09:31.368  1437  1953 D RILD    : 70 65 3A 20 2D 2D 00 00 00 00 00 13 00 20 4E 52 5F 53 41 5F 52 4C 46 20 43 6F 75 6E 74 3A 20 2D 2D 00 00 00 00 00 00 00 00 00 00 00 00 14 00 20 4E 52 5F 41 4E 54 20 4D 41 58 20 52 53 52 50 3A 20 2D 37 39 00 00 00 00 00 00 00 00 00 00 00 15 00 20 4E 52 5F 41 4E 54 20 4D 49 4E 20 52 53 52 50 3A 20 2D 31 35 34 00 00 00 00 00 00 00 00 00 00 16 00 20 4E 52 5F 54 78 20 50 68 79 20 43 68 61 6E 6E 65 6C 20 54 79 70 65 3A 20 50 55 43 43 48 00 00 17 00 20 4E 52 20 52 58 30 20 52 53 52 50 3A 20 2D 39 36 20 00 00 00 20 00 00 00 00 00 00 00 00 00 00 18 00 20 4E 52 20 52 58 31 20 52 53 52 50 3A 20 2D 39 36 20 00 00 79 70 65 3A 20 2D 2D 00 00 00 00 00 19 00 20 4E 52 20 52 58 32 20 52 53 52 50 3A 20 2D 31 30 32 20 00 41 53 53 00 20 2D 2D 00 00 00 00 00 1A 00 20 4E 52 20 52 58 33 20 52 53 52 50 3A 20 2D 39 39 20 00 00 2D 2D 00 00 00 00 00 00 00 00 00 00 1B 00 20 4E 52 5F 54 78 20 50 77 72 3A 20 31 36 20 64 42 6D 00 20 00 2D 00 00 00 00 00 00 00 00 00 00 1C 
10-15 21:09:31.368  1437  1953 D RILD    : 00 20 4E 52 5F 53 43 53 3A 20 31 35 6B 48 7A 00 2D 31 30 33 20 00 29 2C 20 74 73 73 5F 66 6C 61 00 1D 00 20 4E 52 5F 43 44 52 58 3A ]
10-15 21:09:31.368  1437  1953 V RILD    : MatchIpc: mMainCmd 11 mainCmd 0b mSubCmdMask ffffffffffffffff_ffffffffffffffff subCmd 05
10-15 21:09:31.368  1437  1953 V RILD    : MatchIpc: mMainCmd 16 mainCmd 0b mSubCmdMask 0_f1b06fefe subCmd 05
10-15 21:09:31.368  1437  1953 V RILD    : MatchIpc: mMainCmd 23 mainCmd 0b mSubCmdMask 0_36 subCmd 05
10-15 21:09:31.369  1437  1953 V RILD    : MatchIpc: mMainCmd 24 mainCmd 0b mSubCmdMask ffffffffffffffff_ffffffffffffffff subCmd 05
10-15 21:09:31.369  1437  1953 V RILD    : MatchIpc: mMainCmd 25 mainCmd 0b mSubCmdMask ffffffffffffffff_ffffffffffffffff subCmd 05
10-15 21:09:31.370  1437  1953 D RILD    : GetRxData:
10-15 21:09:31.370  1437  1953 D RILD    : IpcRxServiceModeDisplayScreen:
10-15 21:09:31.370  1437  1953 D RILD    : BuildRilDataSvcModeDisplayScreen:
10-15 21:09:31.370  1437  1953 V RILD    : IpcModem::ProcessIpc regType=82
10-15 21:09:31.370  1437  1953 V RILD    : Registrant::Notify refcnt(1)
10-15 21:09:31.370  1437  1687 D RILD    : SVC-MGR(19): evt(103)
10-15 21:09:31.371  1437  1687 D RILD    : EVENT_MODEMUI_UPDATED response
10-15 21:09:31.371  1437  1687 V RILD    : Message obj refcnt=0
10-15 21:09:31.371  1437  1953 V RILD    : NotifyTimeoutChanged()
10-15 21:09:31.372  1437  1955 V RILD    : Reader: timeout=-1
10-15 21:09:31.392  2616  2616 E STFService: getNetworkProperties: Location fine denied
10-15 21:09:31.442  1241  2076 D AppOps  : noteOperation: reject #3 for code 105 (105) uid 1001 package com.android.phone flags: s
10-15 21:09:32.335  1241  4328 E KernelCpuUidFullTimeReader: Negative delta from freq time for uid: 90000, delta: -2178
10-15 21:09:32.337  1241  4328 D CustomizedBinderCallsStatsInternal: reportCpuUsage() : 1%
10-15 21:09:32.394  2616  2616 E STFService: getNetworkProperties: Location fine denied
10-15 21:09:32.455  1241  2076 D AppOps  : noteOperation: reject #3 for code 105 (105) uid 1001 package com.android.phone flags: s
10-15 21:09:32.621  1437  1952 D RILD    : QmiVssUnsolicitedCallback: msgId(6)
10-15 21:09:32.622  1437  1952 D RILD    : IpcOverQmiChannel: NotifyAsyncMessage completed
10-15 21:09:32.623  1437  1953 V RILD    : IpcModem::ReceiveMessage
10-15 21:09:32.623  1437  1953 V RILD    : IpcModem::DoIoChannelRouting
10-15 21:09:32.634  1437  1953 D RILD    : [L] RX: (M)SVC_CMD (S)SVC_DISPLAY_SCREEN (T)NOTI l:aa8 m:00 a:ff [ 50 00 00 20 44 45 42 55 47 20 49 4E 46 4F 20 3A 20 30 20 30 20 31 32 20 31 39 35 20 34 30 31 30 35 30 00 01 00 20 48 50 4C 4D 4E 28 33 31 33 2D 33 34 30 29 20 73 69 6D 5F 73 74 61 74 65 28 31 29 00 00 00 00 02 00 20 53 65 72 76 69 6E 67 20 50 4C 4D 4E 28 33 31 33 2D 33 34 30 29 20 2D 20 4E 52 35 47 00 00 00 03 00 20 4E 57 20 73 65 6C 20 6D 6F 64 65 20 3A 20 4D 61 6E 75 61 6C 00 00 00 00 00 00 00 00 00 00 00 04 00 20 53 65 6C 65 63 74 65 64 20 50 4C 4D 4E 28 33 31 33 2D 33 34 30 29 00 00 00 00 00 00 00 00 00 05 00 20 53 65 72 76 69 63 65 28 61 76 61 69 6C 61 62 6C 65 29 00 31 37 30 38 29 00 30 38 29 00 29 00 06 00 20 4D 4D 35 47 28 52 45 47 49 53 54 45 52 45 44 29 20 53 75 62 28 30 29 00 29 00 00 35 00 00 00 07 00 20 4D 4D 35 47 20 55 70 64 61 74 65 28 55 50 44 41 54 45 44 29 00 35 37 00 00 30 00 00 00 00 00 08 00 20 4E 52 35 47 5F 52 53 52 50 20 3A 20 2D 39 37 00 00 00 4E 52 3A 32 31 2E 32 00 00 2D 2D 00 00 09 00 20 4E 52 35 47 5F 53 49 4E 
10-15 21:09:32.634  1437  1953 D RILD    : 52 20 3A 20 31 36 2E 35 00 20 50 41 53 53 00 2E 34 00 00 00 00 00 00 0A 00 20 4E 52 35 47 5F 52 53 52 51 3A 20 2D 31 31 00 72 65 64 3A 20 32 00 00 00 00 00 00 00 00 00 00 0B 00 20 4E 52 5F 52 52 43 3A 20 49 44 4C 45 00 43 54 45 44 00 41 4D 50 45 44 00 00 00 00 00 00 00 00 0C 00 20 4E 52 5F 53 53 42 5F 49 6E 64 65 78 3A 20 33 00 00 72 28 30 29 2C 20 74 73 73 5F 66 6C 61 00 0D 00 20 4E 52 5F 41 52 46 43 4E 3A 20 34 30 31 30 35 30 00 52 54 45 44 00 53 45 00 6F 72 74 00 00 00 0E 00 20 4E 52 5F 50 43 49 3A 20 31 36 30 00 20 69 73 20 30 00 2D 2D 20 52 53 52 51 3A 20 2D 2D 00 00 0F 00 20 4E 52 5F 42 41 4E 44 3A 20 6E 37 30 00 00 2D 2D 00 20 2D 2D 20 52 53 52 51 3A 20 2D 2D 00 00 10 00 20 4E 52 5F 44 4C 20 53 63 68 65 64 75 6C 69 6E 67 3A 20 30 2E 30 30 20 00 00 00 00 00 00 00 00 11 00 20 4E 52 5F 42 4C 45 52 3A 20 30 2E 30 30 20 00 00 20 2D 2D 00 00 00 00 00 00 00 00 00 00 00 00 12 00 20 4E 52 5F 42 57 3A 20 32 35 20 4D 48 7A 00 2D 2D 00 20 54 79 
10-15 21:09:32.634  1437  1953 D RILD    : 70 65 3A 20 2D 2D 00 00 00 00 00 13 00 20 4E 52 5F 53 41 5F 52 4C 46 20 43 6F 75 6E 74 3A 20 2D 2D 00 00 00 00 00 00 00 00 00 00 00 00 14 00 20 4E 52 5F 41 4E 54 20 4D 41 58 20 52 53 52 50 3A 20 2D 37 39 00 00 00 00 00 00 00 00 00 00 00 15 00 20 4E 52 5F 41 4E 54 20 4D 49 4E 20 52 53 52 50 3A 20 2D 31 35 34 00 00 00 00 00 00 00 00 00 00 16 00 20 4E 52 5F 54 78 20 50 68 79 20 43 68 61 6E 6E 65 6C 20 54 79 70 65 3A 20 50 55 43 43 48 00 00 17 00 20 4E 52 20 52 58 30 20 52 53 52 50 3A 20 2D 39 36 20 00 00 00 20 00 00 00 00 00 00 00 00 00 00 18 00 20 4E 52 20 52 58 31 20 52 53 52 50 3A 20 2D 39 36 20 00 00 79 70 65 3A 20 2D 2D 00 00 00 00 00 19 00 20 4E 52 20 52 58 32 20 52 53 52 50 3A 20 2D 31 30 32 20 00 41 53 53 00 20 2D 2D 00 00 00 00 00 1A 00 20 4E 52 20 52 58 33 20 52 53 52 50 3A 20 2D 39 39 20 00 00 2D 2D 00 00 00 00 00 00 00 00 00 00 1B 00 20 4E 52 5F 54 78 20 50 77 72 3A 20 31 36 20 64 42 6D 00 20 00 2D 00 00 00 00 00 00 00 00 00 00 1C 
10-15 21:09:32.634  1437  1953 D RILD    : 00 20 4E 52 5F 53 43 53 3A 20 31 35 6B 48 7A 00 2D 31 30 33 20 00 29 2C 20 74 73 73 5F 66 6C 61 00 1D 00 20 4E 52 5F 43 44 52 58 3A ]
10-15 21:09:32.634  1437  1953 V RILD    : MatchIpc: mMainCmd 11 mainCmd 0b mSubCmdMask ffffffffffffffff_ffffffffffffffff subCmd 05
10-15 21:09:32.634  1437  1953 V RILD    : MatchIpc: mMainCmd 16 mainCmd 0b mSubCmdMask 0_f1b06fefe subCmd 05
10-15 21:09:32.635  1437  1953 V RILD    : MatchIpc: mMainCmd 23 mainCmd 0b mSubCmdMask 0_36 subCmd 05
10-15 21:09:32.635  1437  1953 V RILD    : MatchIpc: mMainCmd 24 mainCmd 0b mSubCmdMask ffffffffffffffff_ffffffffffffffff subCmd 05
10-15 21:09:32.635  1437  1953 V RILD    : MatchIpc: mMainCmd 25 mainCmd 0b mSubCmdMask ffffffffffffffff_ffffffffffffffff subCmd 05
10-15 21:09:32.635  1437  1953 D RILD    : GetRxData:
10-15 21:09:32.635  1437  1953 D RILD    : IpcRxServiceModeDisplayScreen:
10-15 21:09:32.635  1437  1953 D RILD    : BuildRilDataSvcModeDisplayScreen:
10-15 21:09:32.635  1437  1953 V RILD    : IpcModem::ProcessIpc regType=82
10-15 21:09:32.635  1437  1953 V RILD    : Registrant::Notify refcnt(1)
10-15 21:09:32.636  1437  1687 D RILD    : SVC-MGR(19): evt(103)
10-15 21:09:32.636  1437  1687 D RILD    : EVENT_MODEMUI_UPDATED response
10-15 21:09:32.636  1437  1687 V RILD    : Message obj refcnt=0
10-15 21:09:32.637  1437  1953 V RILD    : NotifyTimeoutChanged()
10-15 21:09:32.638  1437  1955 V RILD    : Reader: timeout=-1
10-15 21:09:32.643  2262  2262 I ModemServiceMode: EVENT_TICK!
10-15 21:09:32.651  1241  2076 D AppOps  : startOperation: allowing code 40 uid 1001 package com.sec.phone restricted: false flags: s
10-15 21:09:32.652  1961  1969 D Multi-Client: OemClient::ProcessBuffer() from [5], token[34], datalen[8]
10-15 21:09:32.653  1437  1437 D RILD    : IsRegisteredNetworkType(): netType[1]  feature[00] state[0] 
10-15 21:09:32.653  1437  1688 D RILD    : DoRouteIn - FW reqId : 59
10-15 21:09:32.654  1437  1688 D RILD    : DoRouteOut - FW reqId : 59
10-15 21:09:32.654  1437  1688 D RILD    : GetMessage : oem func id = 0x01
10-15 21:09:32.654  1437  1688 D RILD    : Onprocessing: request id(59), handleEvent(100)
10-15 21:09:32.654  1437  1687 D RILD    : SVC-MGR(19): evt(100)
10-15 21:09:32.654  1437  1687 D RILD    : OnOemServiceMode: sub id = 0x01, 4
10-15 21:09:32.654  1437  1687 D RILD    : MakeOemResponseBuilder : oem func id = 0x01
10-15 21:09:32.655  1437  1687 D RILD    : MakeOemResponseBuilder : Unsupported Function ID(1)
10-15 21:09:32.655  1437  1687 D RILD    : BuildSolicited : sub id = 0x01
10-15 21:09:32.655  1437  1687 D RILD    : RequestComplete - req : 59, peek : 59
10-15 21:09:32.655  1437  1687 V RILD    : Message obj refcnt=-1
10-15 21:09:32.655  1961  1968 D Multi-Client: Oem OnRequestComplete:(5)
10-15 21:09:32.659  1241  2076 I power_partial_wake_state: [REL,8,RILS:com.sec.phone]
10-15 21:09:32.659  2262  2262 I ModemServiceMode: in QUERT_SERVM_DONE
10-15 21:09:32.659  2262  2262 I ModemServiceMode: size of result : 3400
10-15 21:09:32.659  2262  2262 I ModemServiceMode: Line 0 :  DEBUG INFO : 0 0 12 195 401050_
10-15 21:09:32.659  2262  2262 I ModemServiceMode: Line 1 :  HPLMN(313-340) sim_state(1)_
10-15 21:09:32.659  2262  2262 I ModemServiceMode: Line 2 :  Serving PLMN(313-340) - NR5G_
10-15 21:09:32.659  2262  2262 I ModemServiceMode: Line 3 :  NW sel mode : Manual_
10-15 21:09:32.659  2262  2262 I ModemServiceMode: Line 4 :  Selected PLMN(313-340)_
10-15 21:09:32.659  2262  2262 I ModemServiceMode: Line 5 :  Service(available)_
10-15 21:09:32.659  2262  2262 I ModemServiceMode: Line 6 :  MM5G(REGISTERED) Sub(0)_
10-15 21:09:32.659  2262  2262 I ModemServiceMode: Line 7 :  MM5G Update(UPDATED)_
10-15 21:09:32.660  2262  2262 I ModemServiceMode: Line 8 :  NR5G_RSRP : -97_
10-15 21:09:32.660  2262  2262 I ModemServiceMode: Line 9 :  NR5G_SINR : 16.5_
10-15 21:09:32.660  2262  2262 I ModemServiceMode: Line 10 :  NR5G_RSRQ: -11_
10-15 21:09:32.660  2262  2262 I ModemServiceMode: Line 11 :  NR_RRC: IDLE_
10-15 21:09:32.660  2262  2262 I ModemServiceMode: Line 12 :  NR_SSB_Index: 3_
10-15 21:09:32.660  2262  2262 I ModemServiceMode: Line 13 :  NR_ARFCN: 401050_
10-15 21:09:32.660  2262  2262 I ModemServiceMode: Line 14 :  NR_PCI: 160_
10-15 21:09:32.660  2262  2262 I ModemServiceMode: Line 15 :  NR_BAND: n70_
10-15 21:09:32.660  2262  2262 I ModemServiceMode: Line 16 :  NR_DL Scheduling: 0.00 _
10-15 21:09:32.660  2262  2262 I ModemServiceMode: Line 17 :  NR_BLER: 0.00 _
10-15 21:09:32.660  2262  2262 I ModemServiceMode: Line 18 :  NR_BW: 25 MHz_
10-15 21:09:32.660  2262  2262 I ModemServiceMode: Line 19 :  NR_SA_RLF Count: --_
10-15 21:09:32.660  2262  2262 I ModemServiceMode: Line 20 :  NR_ANT MAX RSRP: -79_
10-15 21:09:32.660  2262  2262 I ModemServiceMode: Line 21 :  NR_ANT MIN RSRP: -154_
10-15 21:09:32.660  2262  2262 I ModemServiceMode: Line 22 :  NR_Tx Phy Channel Type: PUCCH_
10-15 21:09:32.660  2262  2262 I ModemServiceMode: Line 23 :  NR RX0 RSRP: -96 _
10-15 21:09:32.660  2262  2262 I ModemServiceMode: Line 24 :  NR RX1 RSRP: -96 _
10-15 21:09:32.660  2262  2262 I ModemServiceMode: Line 25 :  NR RX2 RSRP: -102 _
10-15 21:09:32.660  2262  2262 I ModemServiceMode: Line 26 :  NR RX3 RSRP: -99 _
10-15 21:09:32.660  2262  2262 I ModemServiceMode: Line 27 :  NR_Tx Pwr: 16 dBm_
10-15 21:09:32.660  2262  2262 I ModemServiceMode: Line 28 :  NR_SCS: 15kHz_
10-15 21:09:32.660  2262  2262 I ModemServiceMode: Line 29 :  NR_CDRX: Active_
10-15 21:09:32.660  2262  2262 I ModemServiceMode: Line 30 :  NR SA CA Not present _
10-15 21:09:32.660  2262  2262 I ModemServiceMode: Line 31 :  NETWORK : UNBLOCK_
10-15 21:09:32.660  2262  2262 I ModemServiceMode: Line 32 :  FINAL IMEI Certi: PASS_
10-15 21:09:32.661  2262  2262 I ModemServiceMode: Line 33 : Unknown 0_
10-15 21:09:32.661  2262  2262 I ModemServiceMode: Line 34 : AJB Init_buf:0 ms_
10-15 21:09:32.661  2262  2262 I ModemServiceMode: Line 35 : NO TSS DEVICE : err(0), tss_fla_
10-15 21:09:32.661  2262  2262 I ModemServiceMode: Line 36 :  ASDiv : NOT SUPPORTED_
10-15 21:09:32.661  2262  2262 I ModemServiceMode: Line 37 : TM:All TM Lvl is 0_
10-15 21:09:32.661  2262  2262 I ModemServiceMode: Line 38 : WAKEUP_INFO: 0_
10-15 21:09:32.661  2262  2262 I ModemServiceMode: Line 39 : _
10-15 21:09:32.661  2262  2262 I ModemServiceMode: Line 40 : _
10-15 21:09:32.661  2262  2262 I ModemServiceMode: Line 41 : _
10-15 21:09:32.661  2262  2262 I ModemServiceMode: Line 42 : _
10-15 21:09:32.661  2262  2262 I ModemServiceMode: Line 43 : _
10-15 21:09:32.661  2262  2262 I ModemServiceMode: Line 44 : _
10-15 21:09:32.661  2262  2262 I ModemServiceMode: Line 45 : _
10-15 21:09:32.661  2262  2262 I ModemServiceMode: Line 46 : _
10-15 21:09:32.661  2262  2262 I ModemServiceMode: Line 47 : _
10-15 21:09:32.661  2262  2262 I ModemServiceMode: Line 48 : _
10-15 21:09:32.661  2262  2262 I ModemServiceMode: Line 49 : _
10-15 21:09:32.661  2262  2262 I ModemServiceMode: Line 50 : _
10-15 21:09:32.661  2262  2262 I ModemServiceMode: Line 51 : _
10-15 21:09:32.661  2262  2262 I ModemServiceMode: Line 52 : _
10-15 21:09:32.661  2262  2262 I ModemServiceMode: Line 53 : _
10-15 21:09:32.661  2262  2262 I ModemServiceMode: Line 54 : _
10-15 21:09:32.661  2262  2262 I ModemServiceMode: Line 55 : _
10-15 21:09:32.661  2262  2262 I ModemServiceMode: Line 56 : _
10-15 21:09:32.661  2262  2262 I ModemServiceMode: Line 57 : _
10-15 21:09:32.661  2262  2262 I ModemServiceMode: Line 58 : _
10-15 21:09:32.661  2262  2262 I ModemServiceMode: Line 59 : _
10-15 21:09:32.661  2262  2262 I ModemServiceMode: Line 60 : _
10-15 21:09:32.661  2262  2262 I ModemServiceMode: Line 61 : _
10-15 21:09:32.661  2262  2262 I ModemServiceMode: Line 62 : _
10-15 21:09:32.661  2262  2262 I ModemServiceMode: Line 63 : _
10-15 21:09:32.661  2262  2262 I ModemServiceMode: Line 64 : _
10-15 21:09:32.662  2262  2262 I ModemServiceMode: Line 65 : _
10-15 21:09:32.662  2262  2262 I ModemServiceMode: Line 66 : _
10-15 21:09:32.662  2262  2262 I ModemServiceMode: Line 67 : _
10-15 21:09:32.662  2262  2262 I ModemServiceMode: Line 68 : _
10-15 21:09:32.662  2262  2262 I ModemServiceMode: Line 69 : _
10-15 21:09:32.662  2262  2262 I ModemServiceMode: Line 70 : _
10-15 21:09:32.662  2262  2262 I ModemServiceMode: Line 71 : _
10-15 21:09:32.662  2262  2262 I ModemServiceMode: Line 72 : _
10-15 21:09:32.662  2262  2262 I ModemServiceMode: Line 73 : _
10-15 21:09:32.662  2262  2262 I ModemServiceMode: Line 74 : _
10-15 21:09:32.662  2262  2262 I ModemServiceMode: Line 75 : _
10-15 21:09:32.662  2262  2262 I ModemServiceMode: Line 76 : _
10-15 21:09:32.662  2262  2262 I ModemServiceMode: Line 77 : _
10-15 21:09:32.662  2262  2262 I ModemServiceMode: Line 78 : _
10-15 21:09:32.662  2262  2262 I ModemServiceMode: Line 79 : _
10-15 21:09:32.662  2262  2262 I ModemServiceMode: Line 80 : _
10-15 21:09:32.662  2262  2262 I ModemServiceMode: Line 81 : _
10-15 21:09:32.662  2262  2262 I ModemServiceMode: Line 82 : _
10-15 21:09:32.662  2262  2262 I ModemServiceMode: Line 83 : _
10-15 21:09:32.662  2262  2262 I ModemServiceMode: Line 84 : _
10-15 21:09:32.662  2262  2262 I ModemServiceMode: Line 85 : _
10-15 21:09:32.662  2262  2262 I ModemServiceMode: Line 86 : _
10-15 21:09:32.662  2262  2262 I ModemServiceMode: Line 87 : _
10-15 21:09:32.662  2262  2262 I ModemServiceMode: Line 88 : _
10-15 21:09:32.662  2262  2262 I ModemServiceMode: Line 89 : _
10-15 21:09:32.662  2262  2262 I ModemServiceMode: Line 90 : _
10-15 21:09:32.662  2262  2262 I ModemServiceMode: Line 91 : _
10-15 21:09:32.662  2262  2262 I ModemServiceMode: Line 92 : _
10-15 21:09:32.662  2262  2262 I ModemServiceMode: Line 93 : _
10-15 21:09:32.662  2262  2262 I ModemServiceMode: Line 94 : _
10-15 21:09:32.662  2262  2262 I ModemServiceMode: Line 95 : _
10-15 21:09:32.662  2262  2262 I ModemServiceMode: Line 96 : _
10-15 21:09:32.662  2262  2262 I ModemServiceMode: Line 97 : _
10-15 21:09:32.663  2262  2262 I ModemServiceMode: Line 98 : _
10-15 21:09:32.663  2262  2262 I ModemServiceMode: Line 99 : _
10-15 21:09:32.663  2262  2262 I ModemServiceMode: Update!
10-15 21:09:32.680  1147  1188 I VSyncReactor: Current= 60, Period= 60, hwcPeriod= 60
10-15 21:09:32.879  2296  2296 I UiThreadMonitor: setAwake 108175 3006 0
10-15 21:09:33.254   649   649 D io_stats: !@   8,0 r 10482047 185612836 w 2821179 26069160 d 686182 73312688 f 0 0 iot 9712644 0 th 0 0 0 pt 0 inp 0 0 371110.977
10-15 21:09:33.255   649   649 D io_stats: !@ Read_top(KB): system_server(1241) 8 kworker/u16:3(26640) 4
10-15 21:09:33.397  2616  2616 E STFService: getNetworkProperties: Location fine denied
10-15 21:09:33.466  1241  2076 D AppOps  : noteOperation: reject #3 for code 105 (105) uid 1001 package com.android.phone flags: s
10-15 21:09:33.927  1437  1952 D RILD    : QmiVssUnsolicitedCallback: msgId(6)
10-15 21:09:33.927  1437  1952 D RILD    : IpcOverQmiChannel: NotifyAsyncMessage completed
10-15 21:09:33.928  1437  1953 V RILD    : IpcModem::ReceiveMessage
10-15 21:09:33.928  1437  1953 V RILD    : IpcModem::DoIoChannelRouting
10-15 21:09:33.938  1437  1953 D RILD    : [L] RX: (M)SVC_CMD (S)SVC_DISPLAY_SCREEN (T)NOTI l:aa8 m:00 a:ff [ 50 00 00 20 44 45 42 55 47 20 49 4E 46 4F 20 3A 20 30 20 30 20 31 32 20 31 39 35 20 34 30 31 30 35 30 00 01 00 20 48 50 4C 4D 4E 28 33 31 33 2D 33 34 30 29 20 73 69 6D 5F 73 74 61 74 65 28 31 29 00 00 00 00 02 00 20 53 65 72 76 69 6E 67 20 50 4C 4D 4E 28 33 31 33 2D 33 34 30 29 20 2D 20 4E 52 35 47 00 00 00 03 00 20 4E 57 20 73 65 6C 20 6D 6F 64 65 20 3A 20 4D 61 6E 75 61 6C 00 00 00 00 00 00 00 00 00 00 00 04 00 20 53 65 6C 65 63 74 65 64 20 50 4C 4D 4E 28 33 31 33 2D 33 34 30 29 00 00 00 00 00 00 00 00 00 05 00 20 53 65 72 76 69 63 65 28 61 76 61 69 6C 61 62 6C 65 29 00 31 37 30 38 29 00 30 38 29 00 29 00 06 00 20 4D 4D 35 47 28 52 45 47 49 53 54 45 52 45 44 29 20 53 75 62 28 30 29 00 29 00 00 35 00 00 00 07 00 20 4D 4D 35 47 20 55 70 64 61 74 65 28 55 50 44 41 54 45 44 29 00 35 37 00 00 30 00 00 00 00 00 08 00 20 4E 52 35 47 5F 52 53 52 50 20 3A 20 2D 39 37 00 00 00 4E 52 3A 32 31 2E 32 00 00 2D 2D 00 00 09 00 20 4E 52 35 47 5F 53 49 4E 
10-15 21:09:33.939  1437  1953 D RILD    : 52 20 3A 20 31 38 2E 35 00 20 50 41 53 53 00 2E 34 00 00 00 00 00 00 0A 00 20 4E 52 35 47 5F 52 53 52 51 3A 20 2D 31 31 00 72 65 64 3A 20 32 00 00 00 00 00 00 00 00 00 00 0B 00 20 4E 52 5F 52 52 43 3A 20 49 44 4C 45 00 43 54 45 44 00 41 4D 50 45 44 00 00 00 00 00 00 00 00 0C 00 20 4E 52 5F 53 53 42 5F 49 6E 64 65 78 3A 20 33 00 00 72 28 30 29 2C 20 74 73 73 5F 66 6C 61 00 0D 00 20 4E 52 5F 41 52 46 43 4E 3A 20 34 30 31 30 35 30 00 52 54 45 44 00 53 45 00 6F 72 74 00 00 00 0E 00 20 4E 52 5F 50 43 49 3A 20 31 36 30 00 20 69 73 20 30 00 2D 2D 20 52 53 52 51 3A 20 2D 2D 00 00 0F 00 20 4E 52 5F 42 41 4E 44 3A 20 6E 37 30 00 00 2D 2D 00 20 2D 2D 20 52 53 52 51 3A 20 2D 2D 00 00 10 00 20 4E 52 5F 44 4C 20 53 63 68 65 64 75 6C 69 6E 67 3A 20 30 2E 30 30 20 00 00 00 00 00 00 00 00 11 00 20 4E 52 5F 42 4C 45 52 3A 20 30 2E 30 30 20 00 00 20 2D 2D 00 00 00 00 00 00 00 00 00 00 00 00 12 00 20 4E 52 5F 42 57 3A 20 32 35 20 4D 48 7A 00 2D 2D 00 20 54 79 
10-15 21:09:33.939  1437  1953 D RILD    : 70 65 3A 20 2D 2D 00 00 00 00 00 13 00 20 4E 52 5F 53 41 5F 52 4C 46 20 43 6F 75 6E 74 3A 20 2D 2D 00 00 00 00 00 00 00 00 00 00 00 00 14 00 20 4E 52 5F 41 4E 54 20 4D 41 58 20 52 53 52 50 3A 20 2D 37 39 00 00 00 00 00 00 00 00 00 00 00 15 00 20 4E 52 5F 41 4E 54 20 4D 49 4E 20 52 53 52 50 3A 20 2D 31 35 34 00 00 00 00 00 00 00 00 00 00 16 00 20 4E 52 5F 54 78 20 50 68 79 20 43 68 61 6E 6E 65 6C 20 54 79 70 65 3A 20 50 55 43 43 48 00 00 17 00 20 4E 52 20 52 58 30 20 52 53 52 50 3A 20 2D 39 36 20 00 00 00 20 00 00 00 00 00 00 00 00 00 00 18 00 20 4E 52 20 52 58 31 20 52 53 52 50 3A 20 2D 39 36 20 00 00 79 70 65 3A 20 2D 2D 00 00 00 00 00 19 00 20 4E 52 20 52 58 32 20 52 53 52 50 3A 20 2D 31 30 32 20 00 41 53 53 00 20 2D 2D 00 00 00 00 00 1A 00 20 4E 52 20 52 58 33 20 52 53 52 50 3A 20 2D 39 39 20 00 00 2D 2D 00 00 00 00 00 00 00 00 00 00 1B 00 20 4E 52 5F 54 78 20 50 77 72 3A 20 31 36 20 64 42 6D 00 20 00 2D 00 00 00 00 00 00 00 00 00 00 1C 
10-15 21:09:33.939  1437  1953 D RILD    : 00 20 4E 52 5F 53 43 53 3A 20 31 35 6B 48 7A 00 2D 31 30 33 20 00 29 2C 20 74 73 73 5F 66 6C 61 00 1D 00 20 4E 52 5F 43 44 52 58 3A ]
10-15 21:09:33.939  1437  1953 V RILD    : MatchIpc: mMainCmd 11 mainCmd 0b mSubCmdMask ffffffffffffffff_ffffffffffffffff subCmd 05
10-15 21:09:33.939  1437  1953 V RILD    : MatchIpc: mMainCmd 16 mainCmd 0b mSubCmdMask 0_f1b06fefe subCmd 05
10-15 21:09:33.939  1437  1953 V RILD    : MatchIpc: mMainCmd 23 mainCmd 0b mSubCmdMask 0_36 subCmd 05
10-15 21:09:33.939  1437  1953 V RILD    : MatchIpc: mMainCmd 24 mainCmd 0b mSubCmdMask ffffffffffffffff_ffffffffffffffff subCmd 05
10-15 21:09:33.939  1437  1953 V RILD    : MatchIpc: mMainCmd 25 mainCmd 0b mSubCmdMask ffffffffffffffff_ffffffffffffffff subCmd 05
10-15 21:09:33.940  1437  1953 D RILD    : GetRxData:
10-15 21:09:33.940  1437  1953 D RILD    : IpcRxServiceModeDisplayScreen:
10-15 21:09:33.940  1437  1953 D RILD    : BuildRilDataSvcModeDisplayScreen:
10-15 21:09:33.940  1437  1953 V RILD    : IpcModem::ProcessIpc regType=82
10-15 21:09:33.940  1437  1953 V RILD    : Registrant::Notify refcnt(1)
10-15 21:09:33.941  1437  1687 D RILD    : SVC-MGR(19): evt(103)
10-15 21:09:33.941  1437  1687 D RILD    : EVENT_MODEMUI_UPDATED response
10-15 21:09:33.941  1437  1687 V RILD    : Message obj refcnt=0
10-15 21:09:33.941  1437  1953 V RILD    : NotifyTimeoutChanged()
10-15 21:09:33.942  1437  1955 V RILD    : Reader: timeout=-1
10-15 21:09:34.166  2262  2262 I ModemServiceMode: EVENT_TICK!
10-15 21:09:34.175  1241  4328 D AppOps  : startOperation: allowing code 40 uid 1001 package com.sec.phone restricted: false flags: s
10-15 21:09:34.177  1961  1969 D Multi-Client: OemClient::ProcessBuffer() from [5], token[35], datalen[8]
10-15 21:09:34.178  1437  1437 D RILD    : IsRegisteredNetworkType(): netType[1]  feature[00] state[0] 
10-15 21:09:34.179  1437  1688 D RILD    : DoRouteIn - FW reqId : 59
10-15 21:09:34.179  1437  1688 D RILD    : DoRouteOut - FW reqId : 59
10-15 21:09:34.179  1437  1688 D RILD    : GetMessage : oem func id = 0x01
10-15 21:09:34.179  1437  1688 D RILD    : Onprocessing: request id(59), handleEvent(100)
10-15 21:09:34.179  1437  1687 D RILD    : SVC-MGR(19): evt(100)
10-15 21:09:34.180  1437  1687 D RILD    : OnOemServiceMode: sub id = 0x01, 4
10-15 21:09:34.180  1437  1687 D RILD    : MakeOemResponseBuilder : oem func id = 0x01
10-15 21:09:34.180  1437  1687 D RILD    : MakeOemResponseBuilder : Unsupported Function ID(1)
10-15 21:09:34.180  1437  1687 D RILD    : BuildSolicited : sub id = 0x01
10-15 21:09:34.180  1437  1687 D RILD    : RequestComplete - req : 59, peek : 59
10-15 21:09:34.180  1437  1687 V RILD    : Message obj refcnt=-1
10-15 21:09:34.181  1961  1968 D Multi-Client: Oem OnRequestComplete:(5)
10-15 21:09:34.184  2262  2262 I ModemServiceMode: in QUERT_SERVM_DONE
10-15 21:09:34.185  1241  4328 I power_partial_wake_state: [REL,9,RILS:com.sec.phone]
10-15 21:09:34.185  2262  2262 I ModemServiceMode: size of result : 3400
10-15 21:09:34.185  2262  2262 I ModemServiceMode: Line 0 :  DEBUG INFO : 0 0 12 195 401050_
10-15 21:09:34.185  2262  2262 I ModemServiceMode: Line 1 :  HPLMN(313-340) sim_state(1)_
10-15 21:09:34.185  2262  2262 I ModemServiceMode: Line 2 :  Serving PLMN(313-340) - NR5G_
10-15 21:09:34.185  2262  2262 I ModemServiceMode: Line 3 :  NW sel mode : Manual_
10-15 21:09:34.185  2262  2262 I ModemServiceMode: Line 4 :  Selected PLMN(313-340)_
10-15 21:09:34.185  2262  2262 I ModemServiceMode: Line 5 :  Service(available)_
10-15 21:09:34.185  2262  2262 I ModemServiceMode: Line 6 :  MM5G(REGISTERED) Sub(0)_
10-15 21:09:34.185  2262  2262 I ModemServiceMode: Line 7 :  MM5G Update(UPDATED)_
10-15 21:09:34.185  2262  2262 I ModemServiceMode: Line 8 :  NR5G_RSRP : -97_
10-15 21:09:34.185  2262  2262 I ModemServiceMode: Line 9 :  NR5G_SINR : 18.5_
10-15 21:09:34.185  2262  2262 I ModemServiceMode: Line 10 :  NR5G_RSRQ: -11_
10-15 21:09:34.185  2262  2262 I ModemServiceMode: Line 11 :  NR_RRC: IDLE_
10-15 21:09:34.185  2262  2262 I ModemServiceMode: Line 12 :  NR_SSB_Index: 3_
10-15 21:09:34.185  2262  2262 I ModemServiceMode: Line 13 :  NR_ARFCN: 401050_
10-15 21:09:34.185  2262  2262 I ModemServiceMode: Line 14 :  NR_PCI: 160_
10-15 21:09:34.185  2262  2262 I ModemServiceMode: Line 15 :  NR_BAND: n70_
10-15 21:09:34.185  2262  2262 I ModemServiceMode: Line 16 :  NR_DL Scheduling: 0.00 _
10-15 21:09:34.185  2262  2262 I ModemServiceMode: Line 17 :  NR_BLER: 0.00 _
10-15 21:09:34.185  2262  2262 I ModemServiceMode: Line 18 :  NR_BW: 25 MHz_
10-15 21:09:34.185  2262  2262 I ModemServiceMode: Line 19 :  NR_SA_RLF Count: --_
10-15 21:09:34.186  2262  2262 I ModemServiceMode: Line 20 :  NR_ANT MAX RSRP: -79_
10-15 21:09:34.186  2262  2262 I ModemServiceMode: Line 21 :  NR_ANT MIN RSRP: -154_
10-15 21:09:34.186  2262  2262 I ModemServiceMode: Line 22 :  NR_Tx Phy Channel Type: PUCCH_
10-15 21:09:34.186  2262  2262 I ModemServiceMode: Line 23 :  NR RX0 RSRP: -96 _
10-15 21:09:34.186  2262  2262 I ModemServiceMode: Line 24 :  NR RX1 RSRP: -96 _
10-15 21:09:34.186  2262  2262 I ModemServiceMode: Line 25 :  NR RX2 RSRP: -102 _
10-15 21:09:34.186  2262  2262 I ModemServiceMode: Line 26 :  NR RX3 RSRP: -99 _
10-15 21:09:34.186  2262  2262 I ModemServiceMode: Line 27 :  NR_Tx Pwr: 16 dBm_
10-15 21:09:34.186  2262  2262 I ModemServiceMode: Line 28 :  NR_SCS: 15kHz_
10-15 21:09:34.186  2262  2262 I ModemServiceMode: Line 29 :  NR_CDRX: Active_
10-15 21:09:34.186  2262  2262 I ModemServiceMode: Line 30 :  NR SA CA Not present _
10-15 21:09:34.186  2262  2262 I ModemServiceMode: Line 31 :  NETWORK : UNBLOCK_
10-15 21:09:34.186  2262  2262 I ModemServiceMode: Line 32 :  FINAL IMEI Certi: PASS_
10-15 21:09:34.186  2262  2262 I ModemServiceMode: Line 33 : Unknown 0_
10-15 21:09:34.186  2262  2262 I ModemServiceMode: Line 34 : AJB Init_buf:0 ms_
10-15 21:09:34.186  2262  2262 I ModemServiceMode: Line 35 : NO TSS DEVICE : err(0), tss_fla_
10-15 21:09:34.186  2262  2262 I ModemServiceMode: Line 36 :  ASDiv : NOT SUPPORTED_
10-15 21:09:34.186  2262  2262 I ModemServiceMode: Line 37 : TM:All TM Lvl is 0_
10-15 21:09:34.186  2262  2262 I ModemServiceMode: Line 38 : WAKEUP_INFO: 0_
10-15 21:09:34.186  2262  2262 I ModemServiceMode: Line 39 : _
10-15 21:09:34.186  2262  2262 I ModemServiceMode: Line 40 : _
10-15 21:09:34.186  2262  2262 I ModemServiceMode: Line 41 : _
10-15 21:09:34.186  2262  2262 I ModemServiceMode: Line 42 : _
10-15 21:09:34.186  2262  2262 I ModemServiceMode: Line 43 : _
10-15 21:09:34.186  2262  2262 I ModemServiceMode: Line 44 : _
10-15 21:09:34.186  2262  2262 I ModemServiceMode: Line 45 : _
10-15 21:09:34.186  2262  2262 I ModemServiceMode: Line 46 : _
10-15 21:09:34.186  2262  2262 I ModemServiceMode: Line 47 : _
10-15 21:09:34.186  2262  2262 I ModemServiceMode: Line 48 : _
10-15 21:09:34.186  2262  2262 I ModemServiceMode: Line 49 : _
10-15 21:09:34.186  2262  2262 I ModemServiceMode: Line 50 : _
10-15 21:09:34.186  2262  2262 I ModemServiceMode: Line 51 : _
10-15 21:09:34.186  2262  2262 I ModemServiceMode: Line 52 : _
10-15 21:09:34.186  2262  2262 I ModemServiceMode: Line 53 : _
10-15 21:09:34.186  2262  2262 I ModemServiceMode: Line 54 : _
10-15 21:09:34.187  2262  2262 I ModemServiceMode: Line 55 : _
10-15 21:09:34.187  2262  2262 I ModemServiceMode: Line 56 : _
10-15 21:09:34.187  2262  2262 I ModemServiceMode: Line 57 : _
10-15 21:09:34.187  2262  2262 I ModemServiceMode: Line 58 : _
10-15 21:09:34.187  2262  2262 I ModemServiceMode: Line 59 : _
10-15 21:09:34.187  2262  2262 I ModemServiceMode: Line 60 : _
10-15 21:09:34.187  2262  2262 I ModemServiceMode: Line 61 : _
10-15 21:09:34.187  2262  2262 I ModemServiceMode: Line 62 : _
10-15 21:09:34.187  2262  2262 I ModemServiceMode: Line 63 : _
10-15 21:09:34.187  2262  2262 I ModemServiceMode: Line 64 : _
10-15 21:09:34.187  2262  2262 I ModemServiceMode: Line 65 : _
10-15 21:09:34.187  2262  2262 I ModemServiceMode: Line 66 : _
10-15 21:09:34.187  2262  2262 I ModemServiceMode: Line 67 : _
10-15 21:09:34.187  2262  2262 I ModemServiceMode: Line 68 : _
10-15 21:09:34.187  2262  2262 I ModemServiceMode: Line 69 : _
10-15 21:09:34.187  2262  2262 I ModemServiceMode: Line 70 : _
10-15 21:09:34.187  2262  2262 I ModemServiceMode: Line 71 : _
10-15 21:09:34.187  2262  2262 I ModemServiceMode: Line 72 : _
10-15 21:09:34.187  2262  2262 I ModemServiceMode: Line 73 : _
10-15 21:09:34.187  2262  2262 I ModemServiceMode: Line 74 : _
10-15 21:09:34.187  2262  2262 I ModemServiceMode: Line 75 : _
10-15 21:09:34.187  2262  2262 I ModemServiceMode: Line 76 : _
10-15 21:09:34.187  2262  2262 I ModemServiceMode: Line 77 : _
10-15 21:09:34.187  2262  2262 I ModemServiceMode: Line 78 : _
10-15 21:09:34.187  2262  2262 I ModemServiceMode: Line 79 : _
10-15 21:09:34.187  2262  2262 I ModemServiceMode: Line 80 : _
10-15 21:09:34.187  2262  2262 I ModemServiceMode: Line 81 : _
10-15 21:09:34.187  2262  2262 I ModemServiceMode: Line 82 : _
10-15 21:09:34.187  2262  2262 I ModemServiceMode: Line 83 : _
10-15 21:09:34.187  2262  2262 I ModemServiceMode: Line 84 : _
10-15 21:09:34.187  2262  2262 I ModemServiceMode: Line 85 : _
10-15 21:09:34.187  2262  2262 I ModemServiceMode: Line 86 : _
10-15 21:09:34.187  2262  2262 I ModemServiceMode: Line 87 : _
10-15 21:09:34.187  2262  2262 I ModemServiceMode: Line 88 : _
10-15 21:09:34.187  2262  2262 I ModemServiceMode: Line 89 : _
10-15 21:09:34.187  2262  2262 I ModemServiceMode: Line 90 : _
10-15 21:09:34.188  2262  2262 I ModemServiceMode: Line 91 : _
10-15 21:09:34.188  2262  2262 I ModemServiceMode: Line 92 : _
10-15 21:09:34.188  2262  2262 I ModemServiceMode: Line 93 : _
10-15 21:09:34.188  2262  2262 I ModemServiceMode: Line 94 : _
10-15 21:09:34.188  2262  2262 I ModemServiceMode: Line 95 : _
10-15 21:09:34.188  2262  2262 I ModemServiceMode: Line 96 : _
10-15 21:09:34.188  2262  2262 I ModemServiceMode: Line 97 : _
10-15 21:09:34.188  2262  2262 I ModemServiceMode: Line 98 : _
10-15 21:09:34.188  2262  2262 I ModemServiceMode: Line 99 : _
10-15 21:09:34.188  2262  2262 I ModemServiceMode: Update!
10-15 21:09:34.195  1147  1188 I VSyncReactor: Current= 60, Period= 60, hwcPeriod= 60
10-15 21:09:34.401  2616  2616 E STFService: getNetworkProperties: Location fine denied
10-15 21:09:34.478  1241  4328 D AppOps  : noteOperation: reject #3 for code 105 (105) uid 1001 package com.android.phone flags: s
10-15 21:09:35.187  1437  1952 D RILD    : QmiVssUnsolicitedCallback: msgId(6)
10-15 21:09:35.187  1437  1952 D RILD    : IpcOverQmiChannel: NotifyAsyncMessage completed
10-15 21:09:35.188  1437  1953 V RILD    : IpcModem::ReceiveMessage
10-15 21:09:35.189  1437  1953 V RILD    : IpcModem::DoIoChannelRouting
10-15 21:09:35.200  1437  1953 D RILD    : [L] RX: (M)SVC_CMD (S)SVC_DISPLAY_SCREEN (T)NOTI l:aa8 m:00 a:ff [ 50 00 00 20 44 45 42 55 47 20 49 4E 46 4F 20 3A 20 30 20 30 20 31 32 20 31 39 35 20 34 30 31 30 35 30 00 01 00 20 48 50 4C 4D 4E 28 33 31 33 2D 33 34 30 29 20 73 69 6D 5F 73 74 61 74 65 28 31 29 00 00 00 00 02 00 20 53 65 72 76 69 6E 67 20 50 4C 4D 4E 28 33 31 33 2D 33 34 30 29 20 2D 20 4E 52 35 47 00 00 00 03 00 20 4E 57 20 73 65 6C 20 6D 6F 64 65 20 3A 20 4D 61 6E 75 61 6C 00 00 00 00 00 00 00 00 00 00 00 04 00 20 53 65 6C 65 63 74 65 64 20 50 4C 4D 4E 28 33 31 33 2D 33 34 30 29 00 00 00 00 00 00 00 00 00 05 00 20 53 65 72 76 69 63 65 28 61 76 61 69 6C 61 62 6C 65 29 00 31 37 30 38 29 00 30 38 29 00 29 00 06 00 20 4D 4D 35 47 28 52 45 47 49 53 54 45 52 45 44 29 20 53 75 62 28 30 29 00 29 00 00 35 00 00 00 07 00 20 4D 4D 35 47 20 55 70 64 61 74 65 28 55 50 44 41 54 45 44 29 00 35 37 00 00 30 00 00 00 00 00 08 00 20 4E 52 35 47 5F 52 53 52 50 20 3A 20 2D 39 37 00 00 00 4E 52 3A 32 31 2E 32 00 00 2D 2D 00 00 09 00 20 4E 52 35 47 5F 53 49 4E 
10-15 21:09:35.200  1437  1953 D RILD    : 52 20 3A 20 31 38 2E 35 00 20 50 41 53 53 00 2E 34 00 00 00 00 00 00 0A 00 20 4E 52 35 47 5F 52 53 52 51 3A 20 2D 31 31 00 72 65 64 3A 20 32 00 00 00 00 00 00 00 00 00 00 0B 00 20 4E 52 5F 52 52 43 3A 20 49 44 4C 45 00 43 54 45 44 00 41 4D 50 45 44 00 00 00 00 00 00 00 00 0C 00 20 4E 52 5F 53 53 42 5F 49 6E 64 65 78 3A 20 33 00 00 72 28 30 29 2C 20 74 73 73 5F 66 6C 61 00 0D 00 20 4E 52 5F 41 52 46 43 4E 3A 20 34 30 31 30 35 30 00 52 54 45 44 00 53 45 00 6F 72 74 00 00 00 0E 00 20 4E 52 5F 50 43 49 3A 20 31 36 30 00 20 69 73 20 30 00 2D 2D 20 52 53 52 51 3A 20 2D 2D 00 00 0F 00 20 4E 52 5F 42 41 4E 44 3A 20 6E 37 30 00 00 2D 2D 00 20 2D 2D 20 52 53 52 51 3A 20 2D 2D 00 00 10 00 20 4E 52 5F 44 4C 20 53 63 68 65 64 75 6C 69 6E 67 3A 20 30 2E 30 30 20 00 00 00 00 00 00 00 00 11 00 20 4E 52 5F 42 4C 45 52 3A 20 30 2E 30 30 20 00 00 20 2D 2D 00 00 00 00 00 00 00 00 00 00 00 00 12 00 20 4E 52 5F 42 57 3A 20 32 35 20 4D 48 7A 00 2D 2D 00 20 54 79 
