10-09 18:25:19.744  1277  1277 I Telecom:SamsungRingerRepositoryImpl: getContactCallBgInfo - secCallBackground : null
10-09 18:25:19.744  1277  1277 I Telecom:SamsungCallerInfoQueryCompleteListener: onQueryComplete - end
10-09 18:25:19.744  1277 17844 I Telecom:SamsungCallerInfoQueryCompleteListener: updateCallerInfo : android.telecom.CallerInfo@627143 { name null, phoneNumber non-null }
10-09 18:25:19.744  1277 17844 I Telecom:SamsungEcidContactModel: generateDisplayName length : 0
10-09 18:25:19.744  1277 17844 I Telecom:SamsungEcidContactModel: generateDisplayName is null
10-09 18:25:19.744  2558  2801 I PhoneStateTracker<0>: onCellInfoChanged: xxxxx
10-09 18:25:19.744  1277 17844 I Telecom:SamsungCallerInfoQueryCompleteListener: updateTPhoneCallerInfo info : <Empty>
10-09 18:25:19.744  1277 17844 I Telecom:SamsungCallerInfoQueryCompleteListener: updateContactCallBg value is changed
10-09 18:25:19.745  2558  2801 I ImsCallSessionManager: onCellInfoChanged, phoneId: 0
10-09 18:25:19.745  2558  2801 I RegiMgr-Handler: handleMessage: EVENT_CELL_INFO_CHANGED
10-09 18:25:19.745  1277  1277 I Telecom:SamsungCallerInfoQueryCompleteListener: SamsungCallerInfoQueryCompleteListener [doOnSuccess] - CallerInfo - name : null / contactRingtoneUri : null / number : 1 3********104 / cnapName : null
10-09 18:25:19.745  1277  1277 I Telecom:SamsungCallerInfoQueryCompleteListener: onQueryComplete : CallerInfo - name : null / contactRingtoneUri : null / number : 1 3********104 / cnapName : null
10-09 18:25:19.745  1277  1277 I Telecom : CallerInfoLookupHelper: CI query for handle tel:*********** has completed; notifying all listeners.: (...->CS.crCo->H.CS.crCo->H.CS.crCo.pICR)->CSW.hCCC->ICFG.sF->ICFG.sF->ICFG.sF->CILH.sL->CILH.oQC(cap/cast)@E-E-P4s
10-09 18:25:19.745  7033  7402 D ConnectivityManager: StackLog: [android.net.ConnectivityManager.sendRequestForNetwork(ConnectivityManager.java:4191)] [android.net.ConnectivityManager.registerDefaultNetworkCallbackForUid(ConnectivityManager.java:4755)] [android.net.ConnectivityManager.registerDefaultNetworkCallback(ConnectivityManager.java:4722)] [android.net.ConnectivityManager.registerDefaultNetworkCallback(ConnectivityManager.java:4696)] [androidx.work.impl.constraints.trackers.NetworkStateTracker.startTracking(NetworkStateTracker.java:89)] [androidx.work.impl.constraints.trackers.ConstraintTracker.addListener(ConstraintTracker.java:71)] [androidx.work.impl.constraints.controllers.ConstraintController.replace(ConstraintController.java:99)] [androidx.work.impl.constraints.WorkConstraintsTracker.replace(WorkConstraintsTracker.java:106)] [androidx.work.impl.background.greedy.GreedyScheduler.schedule(GreedyScheduler.java:157)] [androidx.work.impl.Schedulers.schedule(Schedulers.java:119)] [androidx.work.impl.utils.EnqueueRunnable.scheduleWorkInBackground(EnqueueRunnable.java:135)] [androidx.work.impl.utils.EnqueueRunnable.run(EnqueueRunnable.java:95)] [androidx.work.impl.utils.SerialExecutor$Task.run(SerialExecutor.java:91)] [java.util.concurrent.ThreadPoolExecutor.runWorker(ThreadPoolExecutor.java:1137)] [java.util.concurrent.ThreadPoolExecutor$Worker.run(ThreadPoolExecutor.java:637)] [java.lang.Thread.run(Thread.java:1012)]
10-09 18:25:19.745  2558  2801 I RegiMgr<0>: updatePani RegisterTask[0][mProfile=Dish 5G VoLTE, mRegistrationRat=20, mPdnType=11, mState=REGISTERED, mObject=UserAgent - :
10-09 18:25:19.745  2558  2801 I RegiMgr<0>:  total records=8344
10-09 18:25:19.745  2558  2801 I RegiMgr<0>:  rec[0]: time=10-09 18:23:45.972 processed=RegisteredState org=RegisteredState dest=<null> what=2000(0x7d0)
10-09 18:25:19.745  2558  2801 I RegiMgr<0>:  rec[1]: time=10-09 18:23:55.979 processed=ReadyState org=RegisteredState dest=<null> what=34(0x22)
10-09 18:25:19.745  2558  2801 I RegiMgr<0>:  rec[2]: time=10-09 18:23:55.980 processed=RegisteredState org=RegisteredState dest=<null> what=2000(0x7d0)
10-09 18:25:19.745  2558  2801 I RegiMgr<0>:  rec[3]: time=10-09 18:23:59.679 processed=ReadyState org=RegisteredState dest=<null> what=34(0x22)
10-09 18:25:19.745  2558  2801 I RegiMgr<0>:  rec[4]: time=10-09 18:23:59.681 processed=RegisteredState org=RegisteredState dest=<null> what=2000(0x7d0)
10-09 18:25:19.745  2558  2801 I RegiMgr<0>:  rec[5]: time=10-09 18:24:09.681 processed=ReadyState org=RegisteredState dest=<null> what=34(0x22)
10-09 18:25:19.745  2558  2801 I RegiMgr<0>:  rec[6]: time=10-09 18:24:09.681 processed=RegisteredState org=RegisteredState dest=<null> what=2000(0x7d0)
10-09 18:25:19.745  2558  2801 I RegiMgr<0>:  rec[7]: time=10-09 18:24:19.692 processed=ReadyState org=RegisteredState dest=<null> what=34(0x22)
10-09 18:25:19.745  2558  2801 I RegiMgr<0>:  rec[8]: time=10-09 18:24:19.693 processed=RegisteredState org=RegisteredState dest=<null> what=2000(0x7d0)
10-09 18:25:19.745  2558  2801 I RegiMgr<0>:  rec[9]: time=10-09 18:24:29.689 processed=ReadyState org=RegisteredState dest=<null> what=34(0x22)
10-09 18:25:19.745  2558  2801 I RegiMgr<0>:  rec[10]: time=10-09 18:24:29.690 processed=RegisteredState org=RegisteredState dest=<null> what=2000(0x7d0)
10-09 18:25:19.745  2558  2801 I RegiMgr<0>:  rec[11]: time=10-09 18:24:39.699 processed=ReadyState org=RegisteredState dest=<null> what=34(0x22)
10-09 18:25:19.745  2558  2801 I RegiMgr<0>:  rec[12]: time=10-09 18:24:39.700 processed=RegisteredState org=RegisteredState dest=<null> what=2000(0x7d0)
10-09 18:25:19.745  2558  2801 I RegiMgr<0>:  rec[13]: time=10-09 18:24:49.738 processed=ReadyState org=RegisteredState dest=<null> what=34(0x22)
10-09 18:25:19.745  2558  2801 I RegiMgr<0>:  rec[14]: time=10-09 18:24:49.739 processed=RegisteredState org=RegisteredState dest=<null> what=2000(0x7d0)
10-09 18:25:19.745  2558  2801 I RegiMgr<0>:  rec[15]: time=10-09 18:24:59.752 processed=ReadyState org=RegisteredState dest=<null> what=34(0x22)
10-09 18:25:19.745  2558  2801 I RegiMgr<0>:  rec[16]: time=10-09 18:24:59.753 processed=RegisteredState org=RegisteredState dest=<null> what=2000(0x7d0)
10-09 18:25:19.745  2558  2801 I RegiMgr<0>:  rec[17]: time=10-09 18:25:09.753 processed=ReadyState org=RegisteredState dest=<null> what=34(0x22)
10-09 18:25:19.745  2558  2801 I RegiMgr<0>:  rec[18]: time=10-09 18:25:09.754 processed=RegisteredState org=RegisteredState dest=<null> what=2000(0x7d0)
10-09 18:25:19.745  2558  2801 I RegiMgr<0>:  rec[19]: time=10-09 18:25:18.042 processed=RegisteredState org=RegisteredState dest=<null> what=25(0x19)
10-09 18:25:19.745  2558  2801 I RegiMgr<0>: curState=RegisteredState
10-09 18:25:19.745  2558  2801 I RegiMgr<0>: , mReason=, mPcscfHostname=null, mDeregiReason=41]
10-09 18:25:19.745  1277  1277 I Telecom : Event: RecordEntry TC@182: DIRECT_TO_VM_FINISHED, null: (...->CS.crCo->H.CS.crCo->H.CS.crCo.pICR)->CSW.hCCC->ICFG.sF->ICFG.sF->ICFG.sF->CILH.sL->CILH.oQC(cap/cast)@E-E-P4s
10-09 18:25:19.745  1277 17846 I Telecom : IncomingCallFilterGraph: Filter com.android.server.telecom.callfiltering.DirectToVoicemailFilter@f9f2792 done, result: [Allow, logged, notified].: (...->CS.crCo->H.CS.crCo->H.CS.crCo.pICR)->CSW.hCCC->ICFG.sF->ICFG.sF->ICFG.sF->CILH.sL->CILH.oQC->ICFG.sF(cap/cast)@E-E-P4s
10-09 18:25:19.746  2558  2801 I PaniGenerator<0>: generate: subId=1, network=20
10-09 18:25:19.746  1277 13442 D ConnectivityService: requestNetwork for uid/pid:10234/7033 activeRequest: null callbackRequest: 8550 [NetworkRequest [ REQUEST id=8551, [ Capabilities: INTERNET&NOT_RESTRICTED&TRUSTED&NOT_VCN_MANAGED Uid: 10234 RequestorUid: 10234 RequestorPkg: com.dish.wireless.activation UnderlyingNetworks: Null] ]] callback flags: 0 order: 2147483647
10-09 18:25:19.746  2244  2244 D LocaleTracker-0: processCellInfo: cell info=[CellInfoNr:{ mRegistered=YES mTimeStamp=529358339724885ns mCellConnectionStatus=0 CellIdentityNr:{ mPci = **0 mTac = 5***3 mNrArfcn = 129870 mBands = [71] mMcc = 313 mMnc = 340 mNci = 2*******56 mAlphaLong = DISH mAlphaShort = DSH mAdditionalPlmns = {} } CellSignalStrengthNr:{ csiRsrp = 2147483647 csiRsrq = 2147483647 csiCqiTableIndex = 2147483647 csiCqiReport = [] ssRsrp = -112 ssRsrq = -17 ssSinr = -6 level = 0 parametersUseForLevel = 1 } }]
10-09 18:25:19.746  2558  2801 I PaniGenerator<0>: generate: network=20, fallbackPlmn=313340
10-09 18:25:19.746  2558  2801 I PdnController<0>: getAllCellInfo mNeedCellLocationUpdate : false
10-09 18:25:19.746  2558  2801 I PaniGenerator: generate: change to NW PLMN(313340)
10-09 18:25:19.746  2244  2244 D LocaleTracker-0: updateLocale: countryIso = us, countryIsoDebugInfo = OperatorNumeric(313340): MccTable.countryCodeForMcc(\"313\")
10-09 18:25:19.746  2244  2244 D LocaleTracker-0: updateLocale: timeZoneCountryIso = us, timeZoneCountryIsoDebugInfo = OperatorNumeric: MccTable.geoCountryCodeForMccMnc(MccMnc{mcc='313', mnc='340'})
10-09 18:25:19.746  2244  2244 D NitzStateMachineImpl: handleCountryDetected: countryIsoCode=us, mLatestNitzSignal=null
10-09 18:25:19.747  1277  2120 D ConnectivityService:    accepting network in place of null
10-09 18:25:19.747  1277  1277 I Telecom : CallerInfoLookupHelper: There is no photo for this contact, skipping photo query: (...->CS.crCo->H.CS.crCo->H.CS.crCo.pICR)->CSW.hCCC->ICFG.sF->ICFG.sF->ICFG.sF->CILH.sL->CILH.oQC(cap/cast)@E-E-P4s
10-09 18:25:19.748   949   949 I sensors-hal: set_config:67, sample_period_ns is adjusted to 100000000 based on min/max delay_ns
10-09 18:25:19.748   949   949 I sensors-hal: batch:454, android.sensor.pressure/61, period=100000000, max_latency=0 request completed
10-09 18:25:19.749   949   949 I sensors-hal: activate:370, android.sensor.pressure/61 en=1
10-09 18:25:19.749  1277  2444 I power_partial_wake_state: [REL,2,NlpWakeLock:com.google.android.gms]
10-09 18:25:19.749  1277  2104 D WifiNetworkFactory: got request NetworkRequest [ REQUEST id=8551, [ Capabilities: INTERNET&NOT_RESTRICTED&TRUSTED&NOT_VCN_MANAGED Uid: 10234 RequestorUid: 10234 RequestorPkg: com.dish.wireless.activation UnderlyingNetworks: Null] ]
10-09 18:25:19.750  1277  2104 D UntrustedWifiNetworkFactory: got request NetworkRequest [ REQUEST id=8551, [ Capabilities: INTERNET&NOT_RESTRICTED&TRUSTED&NOT_VCN_MANAGED Uid: 10234 RequestorUid: 10234 RequestorPkg: com.dish.wireless.activation UnderlyingNetworks: Null] ]
10-09 18:25:19.750  1277  2104 D OemPaidWifiNetworkFactory: got request NetworkRequest [ REQUEST id=8551, [ Capabilities: INTERNET&NOT_RESTRICTED&TRUSTED&NOT_VCN_MANAGED Uid: 10234 RequestorUid: 10234 RequestorPkg: com.dish.wireless.activation UnderlyingNetworks: Null] ]
10-09 18:25:19.750  1277  2104 D MultiInternetWifiNetworkFactory: got request NetworkRequest [ REQUEST id=8551, [ Capabilities: INTERNET&NOT_RESTRICTED&TRUSTED&NOT_VCN_MANAGED Uid: 10234 RequestorUid: 10234 RequestorPkg: com.dish.wireless.activation UnderlyingNetworks: Null] ]
10-09 18:25:19.750  1277  2120 D ConnectivityService: Rematched networks [computed 0ms] [applied 1ms] [issued 3]
10-09 18:25:19.751  2244  2244 I SemTelephonyHandlerHelper: handleMessage - message code: 79
10-09 18:25:19.751  2244  2244 I SemTelephonyHandlerHelper: CMD_GET_CELL_LOCATION
10-09 18:25:19.751  2244  2244 D SST-SEM : [0] requestCellIdentity - UID: 1001, PID: 2244
10-09 18:25:19.751  2244  2244 D DDS-TelephonyNetworkFactory[0]: got request NetworkRequest [ REQUEST id=8551, [ Capabilities: INTERNET&NOT_RESTRICTED&TRUSTED&NOT_VCN_MANAGED Uid: 10234 RequestorUid: 10234 RequestorPkg: com.dish.wireless.activation UnderlyingNetworks: Null] ]
10-09 18:25:19.751  1277  2120 D ConnectivityService: NetworkReassignment :
10-09 18:25:19.751  1277  2120 D ConnectivityService:   8551 : null  445
10-09 18:25:19.751  2244  2244 I SemTelephonyHandlerHelper: handleMessage - message code: 80
10-09 18:25:19.751  2244  2244 I SemTelephonyHandlerHelper: onGetCellLocationDone
10-09 18:25:19.751  2244  2244 D DDS-TelephonyNetworkFactory[0]: handleMessage msg={ when=-1ms what=3 obj=NetworkRequest [ REQUEST id=8551, [ Capabilities: INTERNET&NOT_RESTRICTED&TRUSTED&NOT_VCN_MANAGED Uid: 10234 RequestorUid: 10234 RequestorPkg: com.dish.wireless.activation UnderlyingNetworks: Null] ] target=com.android.internal.telephony.data.TelephonyNetworkFactory$InternalHandler }
10-09 18:25:19.752  2244  2244 D DDS-TelephonyNetworkFactory[0]: onNeedNetworkFor [NetworkRequest [ REQUEST id=8551, [ Capabilities: INTERNET&NOT_RESTRICTED&TRUSTED&NOT_VCN_MANAGED Uid: 10234 RequestorUid: 10234 RequestorPkg: com.dish.wireless.activation UnderlyingNetworks: Null] ], mPriority=0, state=UNSATISFIED, mAttachedDataNetwork=null, isMetered=false, created time=18:25:19.751, evaluation result=null] shouldApply true
10-09 18:25:19.752  2558  2801 I PaniGenerator: NR Access Type FDD
10-09 18:25:19.752  2244  2244 D DCT-C-0 : DDS-DcTracker.requestNetwork for NetworkRequest [ REQUEST id=8551, [ Capabilities: INTERNET&NOT_RESTRICTED&TRUSTED&NOT_VCN_MANAGED Uid: 10234 RequestorUid: 10234 RequestorPkg: com.dish.wireless.activation UnderlyingNetworks: Null] ] found {mApnType=default mState=CONNECTED mWaitingApns={[[ApnSetting] Internet, 12178, 313340, internet, , null, , null, null, 0, supl | dun | hipri | default, IPV4V6, IPV4V6, true, 0, false, 20, 0, 300, 0, 0, gid, 6332, false, UNKNOWN, UNKNOWN, 0, -1, 0, false] priority=1} mApnSetting={[ApnSetting] Internet, 12178, 313340, internet, , null, , null, null, 0, supl | dun | hipri | default, IPV4V6, IPV4V6, true, 0, false, 20, 0, 300, 0, 0, gid, 6332, false, UNKNOWN, UNKNOWN, 0, -1, 0, false} mReason=connected mNeedDisconnectByDdsChange=false mDataEnabled=true}, type=NORMAL
10-09 18:25:19.753  2244  2244 D DC-C-2  : reevaluate data connection properties
10-09 18:25:19.753  2244  2244 D DCT-C-0 : onEnableApn: apnType=default, request type=NORMAL
10-09 18:25:19.753  2244  2244 D DCT-C-0 : onEnableApn: APN in CONNECTED state. Exit now.
10-09 18:25:19.754  2558  2801 I UserAgent<0>: updatePani: pani=3GPP-NR-FDD;utran-cell-id-3gpp=31334000db27088f7a01c, updatePani: lastPani=
10-09 18:25:19.754   949   949 I sensors-hal: send_sync_sensor_request:470, send sync request
10-09 18:25:19.754   949   949 I sensors-hal: send_sync_sensor_request:496, wait for notification of response
10-09 18:25:19.754  2558  2872 I StackIF : updatePani: 30929 pani: [3GPP-NR-FDD;utran-cell-id-3gpp=31334000db27088f7a01c]
10-09 18:25:19.754  2558  2872 I SECIMSJ : [9007]> 140
10-09 18:25:19.754  2558  2801 I RegiMgr<0>: updatePani RegisterTask[0][mProfile=Dish 5G RCS, mRegistrationRat=20, mPdnType=0, mState=REGISTERED, mObject=UserAgent - :
10-09 18:25:19.754  2558  2801 I RegiMgr<0>:  total records=798
10-09 18:25:19.754  2558  2801 I RegiMgr<0>:  rec[0]: time=10-09 18:23:45.982 processed=ReadyState org=RegisteredState dest=<null> what=34(0x22)
10-09 18:25:19.754  2558  2801 I RegiMgr<0>:  rec[1]: time=10-09 18:23:45.982 processed=RegisteredState org=RegisteredState dest=<null> what=2000(0x7d0)
10-09 18:25:19.754  2558  2801 I RegiMgr<0>:  rec[2]: time=10-09 18:23:55.987 processed=ReadyState org=RegisteredState dest=<null> what=34(0x22)
10-09 18:25:19.754  2558  2801 I RegiMgr<0>:  rec[3]: time=10-09 18:23:55.988 processed=RegisteredState org=RegisteredState dest=<null> what=2000(0x7d0)
10-09 18:25:19.754  2558  2801 I RegiMgr<0>:  rec[4]: time=10-09 18:23:59.689 processed=ReadyState org=RegisteredState dest=<null> what=34(0x22)
10-09 18:25:19.754  2558  2801 I RegiMgr<0>:  rec[5]: time=10-09 18:23:59.689 processed=RegisteredState org=RegisteredState dest=<null> what=2000(0x7d0)
10-09 18:25:19.754  2558  2801 I RegiMgr<0>:  rec[6]: time=10-09 18:24:09.690 processed=ReadyState org=RegisteredState dest=<null> what=34(0x22)
10-09 18:25:19.754  2558  2801 I RegiMgr<0>:  rec[7]: time=10-09 18:24:09.691 processed=RegisteredState org=RegisteredState dest=<null> what=2000(0x7d0)
10-09 18:25:19.754  2558  2801 I RegiMgr<0>:  rec[8]: time=10-09 18:24:19.698 processed=ReadyState org=RegisteredState dest=<null> what=34(0x22)
10-09 18:25:19.754  2558  2801 I RegiMgr<0>:  rec[9]: time=10-09 18:24:19.699 processed=RegisteredState org=RegisteredState dest=<null> what=2000(0x7d0)
10-09 18:25:19.754  2558  2801 I RegiMgr<0>:  rec[10]: time=10-09 18:24:29.695 processed=ReadyState org=RegisteredState dest=<null> what=34(0x22)
10-09 18:25:19.754  2558  2801 I RegiMgr<0>:  rec[11]: time=10-09 18:24:29.696 processed=RegisteredState org=RegisteredState dest=<null> what=2000(0x7d0)
10-09 18:25:19.754  2558  2801 I RegiMgr<0>:  rec[12]: time=10-09 18:24:39.702 processed=ReadyState org=RegisteredState dest=<null> what=34(0x22)
10-09 18:25:19.754  2558  2801 I RegiMgr<0>:  rec[13]: time=10-09 18:24:39.702 processed=RegisteredState org=RegisteredState dest=<null> what=2000(0x7d0)
10-09 18:25:19.754  2558  2801 I RegiMgr<0>:  rec[14]: time=10-09 18:24:49.745 processed=ReadyState org=RegisteredState dest=<null> what=34(0x22)
10-09 18:25:19.754  2558  2801 I RegiMgr<0>:  rec[15]: time=10-09 18:24:49.746 processed=RegisteredState org=RegisteredState dest=<null> what=2000(0x7d0)
10-09 18:25:19.754  2558  2801 I RegiMgr<0>:  rec[16]: time=10-09 18:24:59.759 processed=ReadyState org=RegisteredState dest=<null> what=34(0x22)
10-09 18:25:19.754  2558  2801 I RegiMgr<0>:  rec[17]: time=10-09 18:24:59.760 processed=RegisteredState org=RegisteredState dest=<null> what=2000(0x7d0)
10-09 18:25:19.754  2558  2801 I RegiMgr<0>:  rec[18]: time=10-09 18:25:09.758 processed=ReadyState org=RegisteredState dest=<null> what=34(0x22)
10-09 18:25:19.754  2558  2801 I RegiMgr<0>:  rec[19]: time=10-09 18:25:09.760 processed=RegisteredState org=RegisteredState dest=<null> what=2000(0x7d0)
10-09 18:25:19.754  2558  2801 I RegiMgr<0>: curState=RegisteredState
10-09 18:25:19.754  2558  2801 I RegiMgr<0>: , mReason=, mPcscfHostname=us-dish.rcs.telephony.goog, mDeregiReason=41]
10-09 18:25:19.755  2558  2879 I [IMS6.0]: IMS_onResponse()
10-09 18:25:19.755  2558  2879 I StackIF : processMessage 2
10-09 18:25:19.755  2558  2879 I StackIF : Processing Response
10-09 18:25:19.755  2558  2879 I SECIMSJ : [9007]< 600
10-09 18:25:19.755  2558  2879 I StackIF : processResponse: reqId 600
10-09 18:25:19.755  2558  2879 I StackIF : processResponse: handle 30929 result 0 reason 0
10-09 18:25:19.755  2558  2801 I PaniGenerator<0>: generate: subId=1, network=20
10-09 18:25:19.755  2558  2801 I PaniGenerator<0>: generate: network=20, fallbackPlmn=313340
10-09 18:25:19.755  2558  2801 I PdnController<0>: getAllCellInfo mNeedCellLocationUpdate : false
10-09 18:25:19.755  2558  2801 I PaniGenerator: generate: change to NW PLMN(313340)
10-09 18:25:19.757   949 17854 I sensors-hal: ssc_conn_resp_cb:898, resp_value = 0
10-09 18:25:19.757   949   949 I sensors-hal: send_sync_sensor_request:502, takes 3 ms to receive the response with 0
10-09 18:25:19.757   949   949 I sensors-hal: activate:61, activate pressure
10-09 18:25:19.757   949   949 I sensors-hal: activate:388, android.sensor.pressure/61 en=1 completed
10-09 18:25:19.758  8921  9019 D SensorManager: registerListener :: 61, lps22hh Pressure Sensor Non-wakeup, 100000, 0, 
10-09 18:25:19.759  2244  2244 I SemTelephonyHandlerHelper: handleMessage - message code: 79
10-09 18:25:19.759  2244  2244 I SemTelephonyHandlerHelper: CMD_GET_CELL_LOCATION
10-09 18:25:19.760  2244  2244 D SST-SEM : [0] requestCellIdentity - UID: 1001, PID: 2244
10-09 18:25:19.760  2244  2244 I SemTelephonyHandlerHelper: handleMessage - message code: 80
10-09 18:25:19.760  2244  2244 I SemTelephonyHandlerHelper: onGetCellLocationDone
10-09 18:25:19.760  2558  2801 I PaniGenerator: NR Access Type FDD
10-09 18:25:19.760  2558  2801 I PaniGenerator: setLkcForLastPani: No Last PANI header for Dish 5G RCS
10-09 18:25:19.760  2558  2801 I UserAgent<0>: updatePani: pani=3GPP-NR-FDD;utran-cell-id-3gpp=31334000db27088f7a01c, updatePani: lastPani=
10-09 18:25:19.760  2558  2872 I StackIF : updatePani: 20691 pani: [3GPP-NR-FDD;utran-cell-id-3gpp=31334000db27088f7a01c]
10-09 18:25:19.760  2558  2872 I SECIMSJ : [9008]> 140
10-09 18:25:19.761  2558  2879 I [IMS6.0]: IMS_onResponse()
10-09 18:25:19.761  2558  2879 I StackIF : processMessage 2
10-09 18:25:19.761  2558  2879 I StackIF : Processing Response
10-09 18:25:19.761  2558  2879 I SECIMSJ : [9008]< 600
10-09 18:25:19.761  2558  2879 I StackIF : processResponse: reqId 600
10-09 18:25:19.761  2558  2879 I StackIF : processResponse: handle 20691 result 0 reason 0
10-09 18:25:19.763  2558  2801 I RegiMgr<0>: tryRegister:
10-09 18:25:19.763  2558  2801 I RegiMgr<0>: RegisterTask(s): Dish 5G VoLTE (REGISTERED, rat = 20, service = [smsip, mmtel]), Dish 5G RCS (REGISTERED, rat = 20, service = [ft_http, chatbot-communication, euc, im, options, gls])
10-09 18:25:19.763  2558  2801 I RcsPolicyMgr<0>: pendingRcsRegister: mActiveDataPhoneId = 0
10-09 18:25:19.763  2558  2801 I RcsPolicyMgr<0>: pendingRcsRegister: mActiveDataPhoneId = 0
10-09 18:25:19.768  2244  2305 D RILJ    : Unsol response received; Sending ack to ril.cpp [PHONE0]
10-09 18:25:19.769  2244  2305 D RILJ    : [UNSL]< UNSOL_BARRING_INFO_CHANGED BarringInfo {mCellIdentity=CellIdentityNr:{ mPci = **0 mTac = 5***3 mNrArfcn = 0 mBands = [] mMcc = 313 mMnc = 340 mNci = 2*******56 mAlphaLong =  mAlphaShort =  mAdditionalPlmns = {} }, mBarringServiceInfos={3={isBarred: false (type: 0, isConditionally: false), factor: 0, timeseconds: 0}, 4={isBarred: false (type: 0, isConditionally: false), factor: 0, timeseconds: 0}, 6={isBarred: false (type: 0, isConditionally: false), factor: 0, timeseconds: 0}, 9={isBarred: false (type: 0, isConditionally: false), factor: 0, timeseconds: 0}}} [PHONE0]
10-09 18:25:19.769  2244  2244 D GsmCdmaPhone: [0] Event BarringInfoChanged Received - barringInfo: BarringInfo {mCellIdentity=CellIdentityNr:{ mPci = **0 mTac = 5***3 mNrArfcn = 0 mBands = [] mMcc = 313 mMnc = 340 mNci = 2*******56 mAlphaLong =  mAlphaShort =  mAdditionalPlmns = {} }, mBarringServiceInfos={3={isBarred: false (type: 0, isConditionally: false), factor: 0, timeseconds: 0}, 4={isBarred: false (type: 0, isConditionally: false), factor: 0, timeseconds: 0}, 6={isBarred: false (type: 0, isConditionally: false), factor: 0, timeseconds: 0}, 9={isBarred: false (type: 0, isConditionally: false), factor: 0, timeseconds: 0}}}
10-09 18:25:19.771  2558  2884 I VolteServiceModule: onBarringInfoChanged: barringInfo BarringInfo {mCellIdentity=CellIdentityNr:{ mPci = **0 mTac = 5***3 mNrArfcn = 0 mBands = [] mMcc = 313 mMnc = 340 mNci = 2*******56 mAlphaLong =  mAlphaShort =  mAdditionalPlmns = {} }, mBarringServiceInfos={3={isBarred: false (type: 0, isConditionally: false), factor: 0, timeseconds: 0}, 4={isBarred: false (type: 0, isConditionally: false), factor: 0, timeseconds: 0}, 6={isBarred: false (type: 0, isConditionally: false), factor: 0, timeseconds: 0}, 9={isBarred: false (type: 0, isConditionally: false), factor: 0, timeseconds: 0}}}
10-09 18:25:19.771  2558  2884 I VolteServiceModule: voiceBarringInfo mConditionalBarringFactor:0 mConditionalBarringTimeSeconds:0
10-09 18:25:19.771  2558  2884 I VolteServiceModule: videoBarringInfo mConditionalBarringFactor:0 mConditionalBarringTimeSeconds:0
10-09 18:25:19.771  2558  2884 I SsacManager: updateSSACInfo[0] : Voice(100:0) Video(100:0)
10-09 18:25:19.771  2558  2884 I SsacManager: Voice Call updateSSACInfo[0] : f[100], t[0]
10-09 18:25:19.771 17852 17852 I ettingsprovider: Using CollectorTypeCC GC.
10-09 18:25:19.772  2558  2884 I SsacManager: Video Call updateSSACInfo[0] : f[100], t[0]
10-09 18:25:19.774 17852 17852 E ettingsprovider: Not starting debugger since process cannot load the jdwp agent.
10-09 18:25:19.779   694   809 I BlockedNumbers: isBlocked: NOT BLOCKED; number=***********, e164=************
10-09 18:25:19.780  1277 17847 I Telecom : Event: RecordEntry TC@182: BLOCK_CHECK_FINISHED, not blocked [Allow, logged, notified]: (...->CS.crCo->H.CS.crCo->H.CS.crCo.pICR)->CSW.hCCC->ICFG.sF->ICFG.sF->ICFG.sF->CILH.sL->CILH.oQC->BCF.gBS->BCF.gBS(cap/cast)@E-E-P4s
10-09 18:25:19.780  1277 17846 I Telecom : IncomingCallFilterGraph: Filter com.android.server.telecom.callfiltering.BlockCheckerFilter@e042ade done, result: [Allow, logged, notified].: (...->CS.crCo->H.CS.crCo->H.CS.crCo.pICR)->CSW.hCCC->ICFG.sF->ICFG.sF->ICFG.sF->CILH.sL->CILH.oQC->BCF.gBS->BCF.gBS->ICFG.sF(cap/cast)@E-E-P4s
10-09 18:25:19.781 17852 17852 D ActivityThread: setConscryptValidator
10-09 18:25:19.781 17852 17852 D ActivityThread: setConscryptValidator - put
10-09 18:25:19.785  1277  4199 I ActivityManager: DSS OFF for com.samsung.android.app.telephonyui
10-09 18:25:19.785  1277  4199 I am_proc_bound: [0,17852,com.samsung.android.app.telephonyui:callsettingsprovider]
10-09 18:25:19.791 17852 17852 D CompatibilityChangeReporter: Compat change id reported: 171979766; UID 1001; state: ENABLED
10-09 18:25:19.829   949 17855 I sensors-hal: handle_sns_std_sensor_event:138, [0] Pressure 1010.157, cal 0.140, sw_offset -0.430
10-09 18:25:19.883 17852 17852 I CP.CallSettingsProvider: OnCreate
10-09 18:25:19.890 17852 17852 I App.TelephonyUiApplication: onCreate() [release]
10-09 18:25:19.899  1277 25833 W Binder  : Outgoing transactions from this process must be FLAG_ONEWAY
10-09 18:25:19.899  1277 25833 W Binder  : java.lang.Throwable
10-09 18:25:19.899  1277 25833 W Binder  : \tat android.os.BinderProxy.transact(BinderProxy.java:567)
10-09 18:25:19.899  1277 25833 W Binder  : \tat android.content.ContentProviderProxy.call(ContentProviderNative.java:730)
10-09 18:25:19.899  1277 25833 W Binder  : \tat android.content.ContentResolver.call(ContentResolver.java:2457)
10-09 18:25:19.899  1277 25833 W Binder  : \tat android.content.ContentResolver.call(ContentResolver.java:2437)
10-09 18:25:19.899  1277 25833 W Binder  : \tat com.samsung.server.telecom.model.callsettings.blocknumbers.SamsungBlockNumbersRepositoryImpl.getBlockingProviderNumber(SamsungBlockNumbersRepositoryImpl.java:34)
10-09 18:25:19.899  1277 25833 W Binder  : \tat com.samsung.server.telecom.advancedcall.filtering.autoreject.SamsungAutoRejectIncomingCallFiltering.getBlockingProviderNumber(SamsungAutoRejectIncomingCallFiltering.java:127)
10-09 18:25:19.899  1277 25833 W Binder  : \tat com.samsung.server.telecom.advancedcall.filtering.autoreject.SamsungAutoRejectIncomingCallFiltering.lambda$startFilter$0(SamsungAutoRejectIncomingCallFiltering.java:62)
10-09 18:25:19.899  1277 25833 W Binder  : \tat com.samsung.server.telecom.advancedcall.filtering.autoreject.SamsungAutoRejectIncomingCallFiltering.$r8$lambda$B5R_G1fQvAkRyuxPCuEgI73DXn4(Unknown Source:0)
10-09 18:25:19.899  1277 25833 W Binder  : \tat com.samsung.server.telecom.advancedcall.filtering.autoreject.SamsungAutoRejectIncomingCallFiltering$$ExternalSyntheticLambda1.get(Unknown Source:6)
10-09 18:25:19.899  1277 25833 W Binder  : \tat java.util.concurrent.CompletableFuture$AsyncSupply.run(CompletableFuture.java:1676)
10-09 18:25:19.899  1277 25833 W Binder  : \tat java.util.concurrent.CompletableFuture$AsyncSupply.exec(CompletableFuture.java:1668)
10-09 18:25:19.899  1277 25833 W Binder  : \tat java.util.concurrent.ForkJoinTask.doExec(ForkJoinTask.java:294)
10-09 18:25:19.899  1277 25833 W Binder  : \tat java.util.concurrent.ForkJoinPool$WorkQueue.topLevelExec(ForkJoinPool.java:1021)
10-09 18:25:19.899  1277 25833 W Binder  : \tat java.util.concurrent.ForkJoinPool.scan(ForkJoinPool.java:1657)
10-09 18:25:19.899  1277 25833 W Binder  : \tat java.util.concurrent.ForkJoinPool.runWorker(ForkJoinPool.java:1595)
10-09 18:25:19.899  1277 25833 W Binder  : \tat java.util.concurrent.ForkJoinWorkerThread.run(ForkJoinWorkerThread.java:183)
10-09 18:25:19.899 17852 17872 I CP.CallSettingsProvider: isblocking_provider_number
10-09 18:25:19.907 17852 17852 I UT.DiagMonLogger: DiagMonLogger initialize()
10-09 18:25:19.908 17852 17852 I DIAGMON_SDK[605057]: DiagMonAgent type: 2
10-09 18:25:19.909 17852 17852 I DIAGMON_SDK[605057][tu52hac8ar] : generated SR object
10-09 18:25:19.915 17852 17852 I FT.TuiFunctionFeature: isSmartCallSupported : KEY_WHITEPAGES
10-09 18:25:19.916 17852 17852 I UD.PackageUtils: hasPackage(com.samsung.android.smartcallprovider) : true
10-09 18:25:19.916 17852 17852 I FT.TuiFunctionFeature: isSmartCallSupported = true
10-09 18:25:19.918  1277  4199 I GenerationRegistry: mBackingStore.isClosed() : false
10-09 18:25:19.924   649   649 D io_stats: !@   8,0 r 7918107 122578724 w 3658620 33238352 d 554072 77768604 f 0 0 iot 10739120 0 th 0 0 0 pt 0 inp 0 0 529358.524
10-09 18:25:19.924   649   649 D io_stats: !@ Read_top(KB): ettingsprovider(17852) 6748 system_server(1277) 6348 .sec.imsservice(2558) 4476
10-09 18:25:19.924   649   649 D io_stats: !@ Write_top(KB): rivacydashboard(17785) 300 less.activation(7033) 80 d.process.acore(694) 24
10-09 18:25:19.929 17852 17852 I FT.TuiSalesCodeFeature: DSG.isCurrentOperator
10-09 18:25:19.929 17852 17852 I FT.TuiSalesCodeFeature: DSG.isCurrentOperator
10-09 18:25:19.929 17852 17872 I FT.TuiSettingFeature: CONSTRAINT_TO_REMOVE_ADDITIONAL_CALL_SETTING = false
10-09 18:25:19.929 17852 17872 I FT.TuiSettingFeature: CONSTRAINT_TO_DISABLE_CALL_BARRING = false
10-09 18:25:19.929 17852 17872 I FT.TuiSettingFeature: CONSTRAINT_TO_REMOVE_CALL_BARRING = true
10-09 18:25:19.929 17852 17872 I FT.TuiSettingFeature: CONSTRAINT_TO_REMOVE_CDMA_CALL_BARRING = false
10-09 18:25:19.929 17852 17872 I FT.TuiSettingFeature: CONSTRAINT_TO_REMOVE_CALL_FORWARDING = false
10-09 18:25:19.929 17852 17872 I FT.TuiSettingFeature: CONSTRAINT_TO_REMOVE_FDN_MENU = false
10-09 18:25:19.929 17852 17872 I FT.TuiSettingFeature: PREFERRED_HD_VOICE_NETWORK = false
10-09 18:25:19.929 17852 17872 I FT.TuiSettingFeature: SUPPORT_INTERWORKING_HD_VOICE_BY_INTENT = false
10-09 18:25:19.929 17852 17872 I FT.TuiSettingFeature: IS_AUTO_REJECT_FOR_DCM_ENABLED = false
10-09 18:25:19.929 17852 17872 I FT.TuiSettingFeature: CONSTRAINT_TO_DISABLE_EDIT_CALLERID = false
10-09 18:25:19.929 17852 17872 I FT.TuiSettingFeature: SUPPORT_CUSTOMIZATION_TO_MAKE_CALL_SOUND_SOFTLY = false
10-09 18:25:19.929 17852 17872 I FT.TuiSettingFeature: CONSTRAINT_TO_RENAME_DUAL_SIM_ALWAYS_ON_TITLE = false
10-09 18:25:19.929 17852 17872 I FT.TuiSettingFeature: IS_QCOM_CROSS_MAPPING = false
10-09 18:25:19.930 17852 17852 I FT.TuiMultiSimFeature: Property doesn't support multisim : SINGLE 
10-09 18:25:19.930 17852 17852 I FT.TuiMultiSimFeature: Property doesn't support multisim : SINGLE 
10-09 18:25:19.930 17852 17852 I FT.TuiMultiSimFeature: SUPPORT_ESIM = false
10-09 18:25:19.930 17852 17852 I FT.TuiMultiSimFeature: SUPPORT_ESIM_DEVICE = false
10-09 18:25:19.930 17852 17852 I FT.TuiMultiSimFeature: SUPPORT_ESIM_SWITCHING = false
10-09 18:25:19.930 17852 17852 I FT.TuiMultiSimFeature: CONSTRAINT_TO_SET_SS_MODE_ONLY = false
10-09 18:25:19.930 17852 17852 I FT.TuiMultiSimFeature: IS_MULTISIM_MODE_ENABLED = false
10-09 18:25:19.930 17852 17852 I FT.TuiMultiSimFeature: IS_MULTISIM_DSDA_MODE_ENABLED = false
10-09 18:25:19.930 17852 17852 I FT.TuiMultiSimFeature: SUPPORT_CROSS_MAPPING_BY_CHIPSET = false
10-09 18:25:19.930 17852 17852 I FT.TuiMultiSimFeature: SUPPORT_CARRIER_MATCHING = false
10-09 18:25:19.930 17852 17852 I FT.TuiMultiSimFeature: isPhysicalSecondSlotSupported = false
10-09 18:25:19.930 17852 17852 I FT.TuiFunctionFeature: config_voice_capable(true), SUPPORT_SOFT_SIM_MODE(false)
10-09 18:25:19.931 17852 17852 I UD.PackageUtils: hasPackage(com.sgmc.phonenumberlocatorservice) : false
10-09 18:25:19.931 17852 17852 I FT.TuiSalesCodeFeature: DSG.isCurrentOperator
10-09 18:25:19.931 17852 17852 I FT.TuiSalesCodeFeature: DSG.isCurrentOperator
10-09 18:25:19.931 17852 17852 I FT.TuiSalesCodeFeature: DSG.isCurrentOperator
10-09 18:25:19.931 17852 17852 I FT.TuiSalesCodeFeature: DSG.isCurrentOperator
10-09 18:25:19.931 17852 17852 I FT.TuiFunctionFeature: isSupportBixbyTextCall = 
10-09 18:25:19.932 17852 17852 I FT.TuiFunctionFeature: isDefaultOnBixbyTextCall = true
10-09 18:25:19.932 17852 17852 I FT.TuiSalesCodeFeature: DSG.isCurrentOperator
10-09 18:25:19.932 17852 17852 I FT.TuiFunctionFeature: List of true values =[M, V, W, a, b, c, l, r, s, y]
10-09 18:25:19.932 17852 17852 I TUI.BixbyManager: initialize fail : do not support bixby
10-09 18:25:19.936 17852 17852 I NU.NetSettingsCommandActionHandler: NetSettingsCommandActionHandler()
10-09 18:25:19.943   694   809 I BlockedNumbers: isBlocked: NOT BLOCKED; number=***********, e164=************
10-09 18:25:19.944 17852 17872 I CP.CallSettingProviderUtil: isblock : false
10-09 18:25:19.944 17852 17852 I FT.TuiUtilFeature: isWiFiOnlyModel : false
10-09 18:25:19.944 17852 17878 I SemTelephoneSDK: ServiceBindHelper
10-09 18:25:19.945 17852 17878 I ServiceBindHelper: serviceStatus : 0 -> 1
10-09 18:25:19.945  1277  4199 D PackageManager: setEnabledSetting : userId = 0 packageName = com.samsung.android.app.telephonyui cmp = com.samsung.android.app.telephonyui.netsettings.ui.NetSettingsActivity newState = 1 callingPackage = 1001/com.samsung.android.app.telephonyui
10-09 18:25:19.946  1277  4199 D ApplicationPolicy: getApplicationStateEnabled : pkg = com.samsung.android.app.telephonyui userId : 0
10-09 18:25:19.947  1277  4199 D ApplicationPolicy: getApplicationComponentState : pkg = com.samsung.android.app.telephonyui userId : 0
10-09 18:25:19.948  1277 25833 I GenerationRegistry: mBackingStore.isClosed() : false
10-09 18:25:19.949 17852 17852 I ServiceBindHelper: connected
10-09 18:25:19.949 17852 17852 I ServiceBindHelper: serviceStatus : 1 -> 2
10-09 18:25:19.951 17852 17878 E ServiceBindHelper: time out 3, com.samsung.telephony.phone.service.internalservice.ISamsungInternalService$Stub$Proxy@da2930b
10-09 18:25:19.951 17852 17878 I ServiceBindHelper: getServiceApi : true (ServiceStatus :2)
10-09 18:25:19.957 17852 17872 I CP.CallSettingsProvider: IS_BLOCKING_PROVIDER_NUMBER complete blockNumber arg = l=11, ret = false
10-09 18:25:19.958  1277 25833 I Telecom:SamsungAutoRejectIncomingCallFiltering: startFilterResult - isBlocked : false
10-09 18:25:19.958  1277 25833 I Telecom : Event: RecordEntry TC@182: INCOMING_FILTERING_FINISHED, SamsungAutoRejectIncomingCallFiltering, [Allow, logged, notified]
10-09 18:25:19.958  1277 17846 I Telecom : IncomingCallFilterGraph: Filter com.samsung.server.telecom.advancedcall.filtering.autoreject.SamsungAutoRejectIncomingCallFiltering@b2416ea done, result: [Allow, logged, notified].
10-09 18:25:19.958  1277 17846 I Telecom : IncomingCallFilterGraph: Filter com.android.server.telecom.callfiltering.CallScreeningServiceFilter@73d4c25: null scheduled.
10-09 18:25:19.959  1277 17846 I Telecom : IncomingCallFilterGraph: Filter com.android.server.telecom.callfiltering.CallScreeningServiceFilter@73d4c25: null done, result: [Allow, logged, notified].
10-09 18:25:19.959  1277 17846 I Telecom : IncomingCallFilterGraph: Filter com.android.server.telecom.callfiltering.CallScreeningServiceFilter@beae1fa: com.samsung.android.dialer scheduled.
10-09 18:25:19.962  1277 17846 I ActivityManager: Changes in 10094 15 to 5, 0 to 8
10-09 18:25:19.963  1277  1778 E AppOps  : evalMode() Foreground Camera OP returned IGNORE, uid - 10094, capability - 8
10-09 18:25:19.966  1277 17846 D CompatibilityChangeReporter: Compat change id reported: 168419799; UID 10094; state: DISABLED
10-09 18:25:19.969  1277 13442 I power_partial_wake_state: [REL,202,RILJ_ACK_WL:com.android.phone]
10-09 18:25:19.975  1277  2001 D MotionEngine: [CALIBRATION] Calibration Secess(5)[0.0063 0.0033 0.0002]
10-09 18:25:19.976  1277  2001 D MotionEngine: [CALIBRATION] File Write[0.0063 0.0033 0.0002]
10-09 18:25:19.978  1277  1277 I Telecom:SamsungTelecomServiceImpl: getSystemDialerPackage - callingPid : 1277 / processName : sts
10-09 18:25:19.979  1277  1277 I Telecom:SamsungCallScreeningServiceCallFilter: isPackageSystemApp - getApplicationInfo start
10-09 18:25:19.979  1277  1277 I Telecom:SamsungCallScreeningServiceCallFilter: isPackageSystemApp - getApplicationInfo end
10-09 18:25:19.981  1277  1277 I Telecom : Event: RecordEntry TC@182: SCREENING_BOUND, ComponentInfo{com.samsung.android.dialer/com.samsung.android.dialtacts.model.component.service.callscreeningservice.CallScreeningServiceImpl}
10-09 18:25:19.982  1277  1277 I Telecom : CallScreeningServiceConnection: Binding completed.
10-09 18:25:19.993 17208 17880 I CallScreeningServiceImpl: [D] onScreenCall respondToCall
10-09 18:25:19.997  1277 13442 I Telecom:SamsungTelecomServiceImpl: getSystemDialerPackage - callingPid : 1277 / processName : sts
10-09 18:25:19.997  1277 13442 I Telecom : Event: RecordEntry TC@182: SCREENING_COMPLETED, [Allow, logged, notified, mCallScreeningAppName = Phone, mCallScreeningComponentName = com.samsung.android.dialer/com.samsung.android.dialtacts.model.component.service.callscreeningservice.CallScreeningServiceImpl]: NCSSF.aC@P44
10-09 18:25:19.998  1277 17846 I Telecom : IncomingCallFilterGraph: Filter com.android.server.telecom.callfiltering.CallScreeningServiceFilter@beae1fa: com.samsung.android.dialer done, result: [Allow, logged, notified, mCallScreeningAppName = Phone, mCallScreeningComponentName = com.samsung.android.dialer/com.samsung.android.dialtacts.model.component.service.callscreeningservice.CallScreeningServiceImpl].: NCSSF.aC->ICFG.sF@P44
10-09 18:25:19.998  1277 17846 I Telecom : IncomingCallFilterGraph: Filter com.android.server.telecom.callfiltering.CallFilter@6abf87 scheduled.: NCSSF.aC->ICFG.sF@P44
10-09 18:25:19.999  1277 17846 I Telecom : IncomingCallFilterGraph: Filter com.android.server.telecom.callfiltering.CallFilter@6abf87 done, result: [Allow, logged, notified, mCallScreeningAppName = Phone, mCallScreeningComponentName = com.samsung.android.dialer/com.samsung.android.dialtacts.model.component.service.callscreeningservice.CallScreeningServiceImpl].: NCSSF.aC->ICFG.sF->ICFG.sF->ICFG.sF@P44
10-09 18:25:19.999  1277 17846 I Telecom:Telecom_Timing: FILTERING_COMPLETED for GANGA
10-09 18:25:20.000  1277 17846 I Telecom : CallsManager: onCallFilteringComplete: NCSSF.aC->ICFG.sF->ICFG.sF->ICFG.sF@P44
10-09 18:25:20.000  1277 17846 I Telecom : CallsManager: setCallState NEW -> RINGING, call: [Call id=TC@182, state=NEW, tpac=ComponentInfo{com.android.phone/com.android.services.telephony.TelephonyConnectionService}, 1, UserHandle{0}, cmgr=ComponentInfo{com.android.phone/com.android.services.telephony.TelephonyConnectionService}, 1, UserHandle{0}, handle=tel:***********, vidst=A, childs(0), has_parent(false), cap=[ sup_hld mut !v2a spd_aud], prop=[ HD]], voip=falsecaps=[Capabilities: CAPABILITY_SUPPORT_HOLD CAPABILITY_MUTE CAPABILITY_CANNOT_DOWNGRADE_VIDEO_TO_AUDIO CAPABILITY_SPEED_UP_MT_AUDIO], props=[Properties: PROPERTY_HIGH_DEF_AUDIO], conf(false), had_child(false): NCSSF.aC->ICFG.sF->ICFG.sF->ICFG.sF@P44
10-09 18:25:20.002  1277 13442 I ActivityManager: Changes in 10094 5 to 10, 8 to 0
10-09 18:25:20.008  1111 10846 D AF::TrackHandle: OpPlayAudio: track:70 usage:2 not muted
10-09 18:25:20.010  1111 10846 D AF::TrackHandle: OpPlayAudio: track:70 usage:2 not muted
10-09 18:25:20.013  1277 17846 I Telecom:SamsungRespondViaSmsRepositoryImpl: isRespondViaSmsCapable - phoneNumber : 135*****104 / presentation : 1 / hasRespondViaSmsCapable : false / isRespondViaSmsCapable : false / userHandle : UserHandle{0}
10-09 18:25:20.013  1111 10846 D AF::TrackHandle: OpPlayAudio: track:70 usage:2 not muted
10-09 18:25:20.014  1111 10846 D AF::TrackHandle: OpPlayAudio: track:70 usage:2 not muted
10-09 18:25:20.015  1111 10846 D AF::TrackHandle: OpPlayAudio: track:70 usage:2 not muted
10-09 18:25:20.017  1277 17846 I Telecom : Event: RecordEntry TC@182: SET_RINGING, successful incoming call: NCSSF.aC->ICFG.sF->ICFG.sF->ICFG.sF@P44
10-09 18:25:20.018  1277 17846 I Telecom : ConnectionServiceWrapper: TC -> CS[cap]: onCallFilteringCompleted CallFilteringCompletionInfo{mIsBlocked=false, mIsInContacts=false, mCallResponse=android.telecom.CallScreeningService$CallResponse@8994d0fe, mCallScreeningPackageName='ComponentInfo{com.samsung.android.dialer/com.samsung.android.dialtacts.model.component.service.callscreeningservice.CallScreeningServiceImpl}'}: NCSSF.aC->ICFG.sF->ICFG.sF->ICFG.sF@P44
10-09 18:25:20.019  1277 17846 I Telecom : CallsManager: onCallFilteringComplete: allow call.: NCSSF.aC->ICFG.sF->ICFG.sF->ICFG.sF@P44
10-09 18:25:20.019  2244  2244 I TelecomFramework: TelephonyConnectionService: onCallFilteringCompleted(TC@182_1, CallFilteringCompletionInfo{mIsBlocked=false, mIsInContacts=false, mCallResponse=android.telecom.CallScreeningService$CallResponse@8994d0fe, mCallScreeningPackageName='ComponentInfo{com.samsung.android.dialer/com.samsung.android.dialtacts.model.component.service.callscreeningservice.CallScreeningServiceImpl}'}): (NCSSF.aC->ICFG.sF->ICFG.sF->ICFG.sF)->CS.oCFC->H.CS.oCFC(cast)@E-P44
10-09 18:25:20.020  1277 17846 I Telecom : CallsManager: addCall([Call id=TC@182, state=RINGING, tpac=ComponentInfo{com.android.phone/com.android.services.telephony.TelephonyConnectionService}, 1, UserHandle{0}, cmgr=ComponentInfo{com.android.phone/com.android.services.telephony.TelephonyConnectionService}, 1, UserHandle{0}, handle=tel:***********, vidst=A, childs(0), has_parent(false), cap=[ sup_hld mut !v2a spd_aud], prop=[ HD]], voip=falsecaps=[Capabilities: CAPABILITY_SUPPORT_HOLD CAPABILITY_MUTE CAPABILITY_CANNOT_DOWNGRADE_VIDEO_TO_AUDIO CAPABILITY_SPEED_UP_MT_AUDIO], props=[Properties: PROPERTY_HIGH_DEF_AUDIO], conf(false), had_child(false)): NCSSF.aC->ICFG.sF->ICFG.sF->ICFG.sF@P44
10-09 18:25:20.020  1277  2444 I Telecom:SamsungTelecomServiceImpl: getSystemDialerPackage - callingPid : 2244 / processName : sts
10-09 18:25:20.021  1277 17846 I Telecom:SamsungCallsManager: call : [Call id=TC@182, state=RINGING, tpac=ComponentInfo{com.android.phone/com.android.services.telephony.TelephonyConnectionService}, 1, UserHandle{0}, cmgr=ComponentInfo{com.android.phone/com.android.services.telephony.TelephonyConnectionService}, 1, UserHandle{0}, handle=tel:***********, vidst=A, childs(0), has_parent(false), cap=[ sup_hld mut !v2a spd_aud], prop=[ HD]], voip=falsecaps=[Capabilities: CAPABILITY_SUPPORT_HOLD CAPABILITY_MUTE CAPABILITY_CANNOT_DOWNGRADE_VIDEO_TO_AUDIO CAPABILITY_SPEED_UP_MT_AUDIO], props=[Properties: PROPERTY_HIGH_DEF_AUDIO], conf(false), had_child(false) / hasCall : false
10-09 18:25:20.024  1277 17846 I Telecom:SamsungPhoneStateIntentBroadcaster: Broadcasted state change: 1 - RINGING
10-09 18:25:20.025  1277 17846 D PowerManagerService: [api] acquire WakeLock FULL_WAKE_LOCK                 'InCallWakeLockController' (uid=1000 pid=1277 displayId=-1 lock=912c66b)
10-09 18:25:20.025  1277 17846 I Telecom : TelecomWakeLock: Acquiring WakeLock with id: 26: NCSSF.aC->ICFG.sF->ICFG.sF->ICFG.sF@P44
10-09 18:25:20.026  1277 17846 I Telecom : InCallWakeLockController: Acquiring full wake lock: NCSSF.aC->ICFG.sF->ICFG.sF->ICFG.sF@P44
10-09 18:25:20.026  1277 17846 I Telecom : Event: RecordEntry TC@182: ICS_CALL_ADDED, not bound or connected: NCSSF.aC->ICFG.sF->ICFG.sF->ICFG.sF@P44
10-09 18:25:20.027 17852 17872 I CP.RejectCallMessageDbHelper: rebuildRejectMessageDb
10-09 18:25:20.027  2267  2267 D IndicatorTouchHandler: samsung.intent.action.PHONE_STATE GED=true, Samsung=true
10-09 18:25:20.027  1277 17846 I Telecom : InCallController: onCallAdded: [Call id=TC@182, state=RINGING, tpac=ComponentInfo{com.android.phone/com.android.services.telephony.TelephonyConnectionService}, 1, UserHandle{0}, cmgr=ComponentInfo{com.android.phone/com.android.services.telephony.TelephonyConnectionService}, 1, UserHandle{0}, handle=tel:***********, vidst=A, childs(0), has_parent(false), cap=[ sup_hld mut !v2a spd_aud], prop=[ HD]], voip=falsecaps=[Capabilities: CAPABILITY_SUPPORT_HOLD CAPABILITY_MUTE CAPABILITY_CANNOT_DOWNGRADE_VIDEO_TO_AUDIO CAPABILITY_SPEED_UP_MT_AUDIO], props=[Properties: PROPERTY_HIGH_DEF_AUDIO], conf(false), had_child(false); not bound or connected.: NCSSF.aC->ICFG.sF->ICFG.sF->ICFG.sF@P44
10-09 18:25:20.027  1277 17846 I Telecom : Event: RecordEntry TC@182: BTS_ICS, null, false, 1277, 17846: NCSSF.aC->ICFG.sF->ICFG.sF->ICFG.sF@P44
10-09 18:25:20.030  1277 17846 I Telecom:SamsungInCallController: ComponentEnabledSetting - componentName : ComponentInfo{com.samsung.android.incallui/com.android.incallui.InCallServiceImpl} / userId : 0 / componentEnabledState : 0
10-09 18:25:20.031  1277 17846 I Telecom : InCallController: defaultDialer: [ComponentInfo{com.samsung.android.incallui/com.android.incallui.InCallServiceImpl} supportsExternal? true supportsSelfMg?false supportsAllowedSelfMg?false], 2: NCSSF.aC->ICFG.sF->ICFG.sF->ICFG.sF@P44
10-09 18:25:20.031  1277 17846 I Telecom : InCallController: defaultDialer: null: NCSSF.aC->ICFG.sF->ICFG.sF->ICFG.sF@P44
10-09 18:25:20.032  1277 17846 I Telecom:SamsungInCallController: ComponentEnabledSetting - componentName : ComponentInfo{com.samsung.android.incallui/com.android.incallui.InCallServiceImpl} / userId : 0 / componentEnabledState : 0
10-09 18:25:20.034  1277 17846 I Telecom : SamsungCallControlPolicyManager: using values for mcc :313: NCSSF.aC->ICFG.sF->ICFG.sF->ICFG.sF@P44
10-09 18:25:20.034  1277 17846 I Telecom:SamsungCallControlPolicyManager: callImmediately phoneNumber : 135*****104 countryCode : isSpecialNumber : false
10-09 18:25:20.036  1277 17846 I Telecom:SamsungInCallController: ComponentEnabledSetting - componentName : ComponentInfo{com.android.bluetooth/com.android.bluetooth.telephony.BluetoothInCallService} / userId : 0 / componentEnabledState : 2
10-09 18:25:20.037  1277 17846 I Telecom:SamsungInCallController: ComponentEnabledSetting - componentName : ComponentInfo{com.google.android.as/com.google.android.apps.miphone.aiai.captions.tulip.audiosource.impl.CIS} / userId : 0 / componentEnabledState : 1
10-09 18:25:20.037  1277 17846 I Telecom:SamsungInCallController: ComponentEnabledSetting - componentName : ComponentInfo{com.google.android.gms/com.google.android.gms.dtdi.contextsync.ContextSyncInCallService} / userId : 0 / componentEnabledState : 0
10-09 18:25:20.037  1277 17846 I Telecom:SamsungInCallController: ComponentEnabledSetting - componentName : ComponentInfo{com.google.android.googlequicksearchbox/com.google.android.libraries.assistant.auto.tng.morris.framework.datasources.impl.phone.MorrisCarModeInCallService} / userId : 0 / componentEnabledState : 0
10-09 18:25:20.038  1277 17846 I Telecom:SamsungInCallController: ComponentEnabledSetting - componentName : ComponentInfo{com.google.android.googlequicksearchbox/com.google.android.libraries.assistant.auto.tng.morris.framework.datasources.impl.phone.MorrisNonCarInCallService} / userId : 0 / componentEnabledState : 0
10-09 18:25:20.038  1277 17846 I Telecom:SamsungInCallController: ComponentEnabledSetting - componentName : ComponentInfo{com.google.android.googlequicksearchbox/com.google.android.libraries.search.assistant.incallservice.IncomingCallInCallService} / userId : 0 / componentEnabledState : 1
10-09 18:25:20.038  1277 17846 I Telecom:SamsungInCallController: ComponentEnabledSetting - componentName : ComponentInfo{com.google.android.googlequicksearchbox/com.google.android.libraries.search.assistant.performer.communication.IncomingCallInCallService} / userId : 0 / componentEnabledState : 2
10-09 18:25:20.038  1277 17846 I Telecom:SamsungInCallController: ComponentEnabledSetting - componentName : ComponentInfo{com.google.android.projection.gearhead/com.google.android.apps.auto.components.telecom.service.NonCarInCallServiceImpl} / userId : 0 / componentEnabledState : 0
10-09 18:25:20.039 17852 17872 I CP.CallSettingProviderUtil: ID = 3, isDefaultMessage = true, Reject Message = Please text me.
10-09 18:25:20.039  1277 17846 I Telecom:SamsungInCallController: ComponentEnabledSetting - componentName : ComponentInfo{com.google.android.projection.gearhead/com.google.android.apps.auto.components.telecom.service.CarProjectionInCallServiceImpl} / userId : 0 / componentEnabledState : 1
10-09 18:25:20.039 17852 17872 I CP.CallSettingProviderUtil: ID = 2, isDefaultMessage = true, Reject Message = Can you call back later?
10-09 18:25:20.039 17852 17872 I CP.CallSettingProviderUtil: ID = 1, isDefaultMessage = true, Reject Message = I'll call you back.
10-09 18:25:20.039  1277 17846 I Telecom:SamsungInCallController: ComponentEnabledSetting - componentName : ComponentInfo{com.google.android.projection.gearhead/com.google.android.apps.auto.components.telecom.service.ComplementaryInCallServiceImpl} / userId : 0 / componentEnabledState : 0
10-09 18:25:20.039  1277 17846 I Telecom:SamsungInCallController: ComponentEnabledSetting - componentName : ComponentInfo{com.google.android.projection.gearhead/com.google.android.apps.auto.components.telecom.service.SharedComplementaryInCallServiceImpl} / userId : 0 / componentEnabledState : 0
10-09 18:25:20.040  1277 17846 I Telecom:SamsungInCallController: ComponentEnabledSetting - componentName : ComponentInfo{com.samsung.android.incallui/com.android.incallui.InCallServiceImpl} / userId : 0 / componentEnabledState : 0
10-09 18:25:20.041  1277 17881 I Telecom:SamsungQuickResponsesRepositoryImpl: loadCannedTextMessages - count : 3
10-09 18:25:20.041  1277 17846 I Telecom:SamsungInCallController: ComponentEnabledSetting - componentName : ComponentInfo{com.samsung.android.mdecservice/com.samsung.android.mdecservice.notisync.service.InCallServiceImpl} / userId : 0 / componentEnabledState : 0
10-09 18:25:20.042  1277 17846 I Telecom : Event: RecordEntry TC@182: NEW_ICSC, [ComponentInfo{com.samsung.android.incallui/com.android.incallui.InCallServiceImpl} supportsExternal? true supportsSelfMg?false supportsAllowedSelfMg?false], 2, null, [ComponentInfo{com.samsung.android.incallui/com.android.incallui.InCallServiceImpl} supportsExternal? true supportsSelfMg?false supportsAllowedSelfMg?false], 2, [ComponentInfo{com.google.android.projection.gearhead/com.google.android.apps.auto.components.telecom.service.CarProjectionInCallServiceImpl} supportsExternal? false supportsSelfMg?true supportsAllowedSelfMg?false], 3: NCSSF.aC->ICFG.sF->ICFG.sF->ICFG.sF@P44
