10-30 21:10:16.586 15749 15804 I PROV/MsgContentProviderQuery: query, uriMatch : 1101, Elapsed time : 0.185938 ms
10-30 21:10:16.586 15749 15804 I ORC/NotificationRequest: updateMessageInfo : conversationId = 13
10-30 21:10:16.586 15749 15804 I ORC/MessagingNotification: handleRequest : NotificationRequest{mSimSlot=0, mMessageId=4706, mType=0, mReportStatus=-1, mConversationId=13, mKtTwoPhoneMode=0, mAddress=, mNotificationTitleResId=0}
10-30 21:10:16.594 15749 15804 I PROV/QueryUriConversations: [CONVERSATION]done query conversations, containsRecipientList : false, category : null, Elapsed time : 2.235521 ms
10-30 21:10:16.594 15749 15804 I PROV/MsgContentProviderQuery: query, uriMatch : 1001, Elapsed time : 2.346093 ms
10-30 21:10:16.594 15749 15855 I PROV/QueryUriConversations: [CONVERSATION]done query conversations, containsRecipientList : false, category : null, Elapsed time : 2.518333 ms
10-30 21:10:16.594 15749 15855 I PROV/MsgContentProviderQuery: query, uriMatch : 1001, Elapsed time : 2.615313 ms
10-30 21:10:16.595 15749 15855 I ORC/BadgeNotification: total unread count is 1, threads 13 
10-30 21:10:16.595 15749 15855 I ORC/BadgeNotification: setBadgeCount : 1, SF: true
10-30 21:10:16.596  1284  1713 I am_uid_running: 10042
10-30 21:10:16.598  1284  1713 D CompatibilityChangeReporter: Compat change id reported: 135634846; UID 10042; state: DISABLED
10-30 21:10:16.598  1284  1713 D CompatibilityChangeReporter: Compat change id reported: 177438394; UID 10042; state: DISABLED
10-30 21:10:16.598  1284  1713 D CompatibilityChangeReporter: Compat change id reported: 135772972; UID 10042; state: DISABLED
10-30 21:10:16.598  1284  1713 D CompatibilityChangeReporter: Compat change id reported: 135754954; UID 10042; state: ENABLED
10-30 21:10:16.599  1284  1714 D CompatibilityChangeReporter: Compat change id reported: 143937733; UID 10042; state: ENABLED
10-30 21:10:16.602 15749 15804 I PROV/QueryUriConversations: [CONVERSATION]done query conversations, containsRecipientList : false, category : null, Elapsed time : 1.865781 ms
10-30 21:10:16.603 15749 15804 I PROV/MsgContentProviderQuery: query, uriMatch : 1001, Elapsed time : 1.992604 ms
10-30 21:10:16.607 15749 15804 I PROV/QueryUriConversations: [CONVERSATION]done query conversations, containsRecipientList : false, category : null, Elapsed time : 2.002083 ms
10-30 21:10:16.607 15749 15804 I PROV/MsgContentProviderQuery: query, uriMatch : 1001, Elapsed time : 2.094896 ms
10-30 21:10:16.610 15749 15804 I ORC/NotificationChannelConversation: no exist Conversation Channel 
10-30 21:10:16.611 15749 15804 I ORC/NotificationUtil: getNotificationEnable: importance = 4 -> true
10-30 21:10:16.611   866   866 D Zygote  : Forked child process 15856
10-30 21:10:16.612  1284  1714 I am_proc_start: [0,15856,10042,com.sec.android.provider.badge,broadcast,{com.sec.android.provider.badge/com.sec.android.provider.badge.BadgeCountReceiver}]
10-30 21:10:16.612  1284  1714 I ActivityManager: Start proc 15856:com.sec.android.provider.badge/u0a42 for broadcast {com.sec.android.provider.badge/com.sec.android.provider.badge.BadgeCountReceiver}
10-30 21:10:16.612 15749 15804 I ORC/NotificationItemList: loadNotificationItemList 0 convId : 13 messageId : 4706 isReaction : false lastTimeForUpdateCancelMessage = 0
10-30 21:10:16.616 15749 15804 I PROV/QueryUriConversations: [CONVERSATION]done query conversations, containsRecipientList : true, category : null, Elapsed time : 2.687709 ms
10-30 21:10:16.616 15749 15804 I PROV/MsgContentProviderQuery: query, uriMatch : 1001, Elapsed time : 2.779895 ms
10-30 21:10:16.618 15749 15804 I ORC/NotificationItemList: unread conversation : Conversation{CId=13TId=14, UC=1, NC=0, Reci=1, CType=0, Name=false, Rema=false, NC=false, LMT=1698714615948, LMI=4706} Message{CId=0, MId=0, MType=0, BType=0, Time=0, CType=null, CUri=null, Al=false,Sub=false, Sim=0, Kt=0, CmcProp=null}
10-30 21:10:16.620 15749 15804 I ORC/NotificationItemList: loadNotificationItemList total :1
10-30 21:10:16.621 15749 15804 I ORC/SmartCallerIdSetting: loadConfig: callerIdCp  = whitepages
10-30 21:10:16.621 15749 15804 I ORC/SmartCallerIdSetting: [SmartCall]cpsCscString:whitepages,whitepages,off/310,311,312
10-30 21:10:16.622  1284 13890 D AppOps  : noteOperation: reject #3 for code 105 (105) uid 10098 package com.samsung.android.messaging flags: s
10-30 21:10:16.624  1284 13890 D AppOps  : noteOperation: reject #3 for code 105 (105) uid 1001 package com.android.phone flags: s
10-30 21:10:16.625 15749 15804 I ORC/FlashCache: return cached data isEnabledPkgcom.samsung.android.smartcallprovider
10-30 21:10:16.626  1284 13890 D AppOps  : noteOperation: reject #3 for code 105 (105) uid 10098 package com.samsung.android.messaging flags: s
10-30 21:10:16.628  1284 13890 D AppOps  : noteOperation: reject #3 for code 105 (105) uid 1001 package com.android.phone flags: s
10-30 21:10:16.628 15749 15804 I ORC/SmartCallerIdSetting: updateIsOn: isOn = false, mIsOn = false
10-30 21:10:16.628 15749 15804 I ORC/NotificationAgentMsgReceived: notifyNotification : conversation count = 1
10-30 21:10:16.630 15749 15804 I ORC/NotificationItem: loadMessageData 13 1 false
10-30 21:10:16.630 15749 15804 I PROV/MsgContentProviderQuery: query, uriMatch : 1101, Elapsed time : 0.101302 ms
10-30 21:10:16.631 15749 15804 I ORC/NotificationItem: requested message createdTime : 1698714615948
10-30 21:10:16.632 15749 15804 I PROV/MsgContentProviderQuery: query, uriMatch : 2025, Elapsed time : 0.46875 ms
10-30 21:10:16.637 15749 15804 I ORC/NotificationItem: loadUnreadPrevMessages : 1
10-30 21:10:16.637 15749 15804 I ORC/NotificationItem: loadMessageData : Message{CId=13, MId=4706, MType=10, BType=100, Time=1698714615948, CType=text/plain, CUri=null, Al=false,Sub=false, Sim=0, Kt=0, CmcProp=null}
10-30 21:10:16.639 15749 15804 I ORC/ContactCacheEngine: setLastUpdatedTime:0-->1698714616639
10-30 21:10:16.640 15749 15789 I ORC/ContactCacheEngine: workingAfterDisplayed : start
10-30 21:10:16.641 15749 15797 I ORC/PermissionUtil: hasContactPermission : state = 0
10-30 21:10:16.643 15856 15856 I .provider.badge: Using CollectorTypeCC GC.
10-30 21:10:16.648 15856 15856 E .provider.badge: Not starting debugger since process cannot load the jdwp agent.
10-30 21:10:16.648 15749 15804 I ORC/BotAddressListManager: BotAddressListManager create
10-30 21:10:16.648 15749 15804 I ORC/ContactCacheEngine: WAIT_OBJECT.notifyAll()
10-30 21:10:16.648 15749 15789 I ORC/ContactCacheEngine: workingAfterDisplayed: finished
10-30 21:10:16.648 15749 15804 I ORC/ContactCacheEngine: [updateContact] start (12)+19#nn#46#nn#017
10-30 21:10:16.653 15856 15856 D ActivityThread: setConscryptValidator
10-30 21:10:16.653 15856 15856 D ActivityThread: setConscryptValidator - put
10-30 21:10:16.655 15749 15804 I ORC/Logger:  ORC/LocalNumberManager(15749): putLocalNumberToMap, subId = -1, number = (11)144#nn#26#nn#077, source = SM
10-30 21:10:16.655 15749 15804 I ORC/LocalNumberManager: loadLocalNumberIfNeeded: mLocalNumber is loaded, (11)144#nn#26#nn#077, simSlot = -1, subId = -1
10-30 21:10:16.656  1284  2503 I ActivityManager: DSS OFF for com.sec.android.provider.badge
10-30 21:10:16.657  1284  2503 I am_proc_bound: [0,15856,com.sec.android.provider.badge]
10-30 21:10:16.657 15749 15797 I ORC/TelephonyUtils: isVoiceCallAvailable result = true
10-30 21:10:16.657 15749 15797 I ORC/ContactContentObserver: getEnableShowCallerIdsFeature true
10-30 21:10:16.657 15749 15797 I ORC/ContactContentObserver: registerAfwCallerIdObserver containerId : -2
10-30 21:10:16.658 15749 15797 W System.err: java.lang.NoSuchMethodException: com.samsung.android.knox.SemPersonaManager.isLegacyClId [int]
10-30 21:10:16.658 15749 15797 W System.err: \tat java.lang.Class.getMethod(Class.java:2103)
10-30 21:10:16.658 15749 15797 W System.err: \tat java.lang.Class.getMethod(Class.java:1724)
10-30 21:10:16.658 15749 15797 W System.err: \tat com.samsung.android.messaging.reflector.b.k(MethodReflector.java:10)
10-30 21:10:16.658 15749 15797 W System.err: \tat com.samsung.android.messaging.sepwrapper.PersonaManagerWrapper.isLegacyClId(PersonaManagerWrapper.java:3)
10-30 21:10:16.658 15749 15797 W System.err: \tat gf.f0.p(ContactContentObserver.java:5)
10-30 21:10:16.658 15749 15797 W System.err: \tat gf.f0.n(ContactContentObserver.java:15)
10-30 21:10:16.658 15749 15797 W System.err: \tat gf.f0.a(Unknown Source:0)
10-30 21:10:16.658 15749 15797 W System.err: \tat gf.e0.run(Unknown Source:2)
10-30 21:10:16.658 15749 15797 W System.err: \tat java.util.concurrent.ThreadPoolExecutor.runWorker(ThreadPoolExecutor.java:1137)
10-30 21:10:16.658 15749 15797 W System.err: \tat java.util.concurrent.ThreadPoolExecutor$Worker.run(ThreadPoolExecutor.java:637)
10-30 21:10:16.658 15749 15797 W System.err: \tat java.lang.Thread.run(Thread.java:1012)
10-30 21:10:16.659 15749 15797 W System.err: java.lang.NoSuchMethodException: com.samsung.android.knox.SemPersonaManager.isLegacyClId [int]
10-30 21:10:16.659 15749 15797 W System.err: \tat java.lang.Class.getMethod(Class.java:2103)
10-30 21:10:16.659 15749 15797 W System.err: \tat java.lang.Class.getMethod(Class.java:1724)
10-30 21:10:16.659 15749 15797 W System.err: \tat com.samsung.android.messaging.reflector.b.k(MethodReflector.java:10)
10-30 21:10:16.659 15749 15797 W System.err: \tat com.samsung.android.messaging.sepwrapper.PersonaManagerWrapper.isLegacyClId(PersonaManagerWrapper.java:3)
10-30 21:10:16.660 15749 15797 W System.err: \tat gf.f0.j(ContactContentObserver.java:3)
10-30 21:10:16.660 15749 15797 W System.err: \tat gf.f0.n(ContactContentObserver.java:16)
10-30 21:10:16.660 15749 15797 W System.err: \tat gf.f0.a(Unknown Source:0)
10-30 21:10:16.660 15749 15797 W System.err: \tat gf.e0.run(Unknown Source:2)
10-30 21:10:16.660 15749 15797 W System.err: \tat java.util.concurrent.ThreadPoolExecutor.runWorker(ThreadPoolExecutor.java:1137)
10-30 21:10:16.660 15749 15797 W System.err: \tat java.util.concurrent.ThreadPoolExecutor$Worker.run(ThreadPoolExecutor.java:637)
10-30 21:10:16.660 15749 15797 W System.err: \tat java.lang.Thread.run(Thread.java:1012)
10-30 21:10:16.660 15749 15797 I ORC/ContactContentObserver: enabledShowCallerId : off
10-30 21:10:16.666 15749 15797 I ORC/ContactContentObserver: register RcsCapabilityListener done
10-30 21:10:16.666  2597 17059 I UriUtil : fragment is null. get simSlot from priority policy.
10-30 21:10:16.667  2597 17059 I UriGeneratorProvider: query()  mCountryCode US MCC 313 CountryCode US
10-30 21:10:16.667 15856 15856 D CompatibilityChangeReporter: Compat change id reported: 171979766; UID 10042; state: ENABLED
10-30 21:10:16.668 15749 15804 I ORC/RcsCommonUtil: generate: FW returned URI
10-30 21:10:16.671 15749 15804 I PROV/MsgContentProviderQuery: query, uriMatch : 2012, Elapsed time : 1.410469 ms
10-30 21:10:16.671 15749 15804 I CS/CapabilityFactory: requestCapabilityAll() : strategy = disable_requery, requestSimSlot = 0
10-30 21:10:16.672  2597 17059 I UriUtil : fragment is null. get simSlot from priority policy.
10-30 21:10:16.672  2597 17059 I UriGeneratorProvider: query()  mCountryCode US MCC 313 CountryCode US
10-30 21:10:16.673 15749 15804 I ORC/RcsCommonUtil: generate: FW returned URI
10-30 21:10:16.674  2597 17059 I CapabilityQuery<0>: getCapabilities: refreshType DISABLED, lazyQuery: false
10-30 21:10:16.675  2597 17059 I CapabilityQuery<0>: needCapabilityRefresh: false, capex is null for 17
10-30 21:10:16.676 15749 15804 I CS/RcsCapabilityManager<0>: requestCapability() : requestCapability : DISABLED, storeRemoteCapable = false
10-30 21:10:16.676 15749 15804 I CS/RemoteCapabilityManager<0>: getCapabilityData() : CapabilityData is empty
10-30 21:10:16.676 15749 15804 I ORC/ChatbotCapaChecker: hasBotCapa - CAPABILITY_CHATBOT_ROLE false
10-30 21:10:16.677 15749 15804 I ORC/ContactCacheEngine: needQuery : true stale:true
10-30 21:10:16.681  1284  2503 D AppOps  : noteOperation: allowing code 4 uid 10098 package com.samsung.android.messaging flags: s
10-30 21:10:16.689  1284  2503 D AppOps  : noteOperation: allowing code 4 uid 10098 package com.samsung.android.messaging flags: s
10-30 21:10:16.693 15856 15856 I BadgeProvider: onCreate
10-30 21:10:16.693 15856 15856 I BadgeProvider: DatabaseHelper
10-30 21:10:16.696 15856 15856 I BadgeCountReceiver: badge intent : Intent { act=com.sec.intent.action.BADGE_COUNT_UPDATE flg=0x11000010 cmp=com.sec.android.provider.badge/.BadgeCountReceiver (has extras) }
10-30 21:10:16.696 15856 15856 I BadgeCountReceiver: packageName: com.samsung.android.messaging, className: com.android.mms.ui.ConversationComposer, count: 1
10-30 21:10:16.699 15749 15804 I ORC/ContactCacheEngine: isStaleForProfile: true
10-30 21:10:16.700  1284 13890 I GenerationRegistry: mBackingStore.isClosed() : false
10-30 21:10:16.700 15749 15804 I ORC/PackageUtil: packageName: com.samsung.android.providers.contacts , versionCode: 1410404000 , referenceVersion: 1110000000
10-30 21:10:16.701  1284  2503 D AppOps  : noteOperation: allowing code 4 uid 10098 package com.samsung.android.messaging flags: s
10-30 21:10:16.714 15749 15804 I CS/CapabilityFactory: requestCapabilityAll() : strategy = disable_requery, requestSimSlot = 0
10-30 21:10:16.715  2597 17059 I UriUtil : fragment is null. get simSlot from priority policy.
10-30 21:10:16.715  2597 17059 I UriGeneratorProvider: query()  mCountryCode US MCC 313 CountryCode US
10-30 21:10:16.716 15856 15856 I BadgeProvider: onOpen
10-30 21:10:16.716 15749 15804 I ORC/RcsCommonUtil: generate: FW returned URI
10-30 21:10:16.717  2597 17059 I CapabilityQuery<0>: getCapabilities: refreshType DISABLED, lazyQuery: false
10-30 21:10:16.718  2597 17059 I CapabilityQuery<0>: needCapabilityRefresh: false, capex is null for 17
10-30 21:10:16.718 15749 15804 I CS/RcsCapabilityManager<0>: requestCapability() : requestCapability : DISABLED, storeRemoteCapable = false
10-30 21:10:16.718 15749 15804 I CS/RemoteCapabilityManager<0>: getCapabilityData() : CapabilityData is empty
10-30 21:10:16.718 15749 15804 I CS/RcsCapabilityCheckUtil: isRcsEnabledUser : rcsUser = false, checkFtHttp = false
10-30 21:10:16.718  2728  2728 I BadgeCountUpdaterImpl: onChange
10-30 21:10:16.719  2728  2728 I BadgeCountUpdaterImpl: onChange
10-30 21:10:16.719 15856 15856 I BadgeProvider: sendNotify entered. [uri] : content://com.sec.badge/apps
10-30 21:10:16.719 15856 15856 I BadgeProvider: sendNotify, [notify] : null
10-30 21:10:16.719 15856 15856 I BadgeProvider: update, getCallingPackage() : com.sec.android.provider.badge
10-30 21:10:16.719 15856 15856 I BadgeProvider: update, [uri] : content://com.sec.badge/apps
10-30 21:10:16.719 15856 15856 I BadgeProvider: update, [uri.query] : null
10-30 21:10:16.719 15856 15856 I BadgeProvider: update, [BadgeCount] : badgecount=1
10-30 21:10:16.719 15856 15856 I BadgeProvider: update, [UpdateCount] : 1
10-30 21:10:16.722 15749 15804 I ORC/ContactCacheEngine: [updateContact] NOE : (12)+19#nn#46#nn#017, Cid : 0, isE : false, CN : _EP_, DN : (12)+19#ST#46#ST#017, Av: null, Type : NUMBER, isSpB: , isRcs : false, UpTime : 1698714616718
10-30 21:10:16.722 15749 15804 I ORC/NotificationContactManager: getUpdatedContact (12)+19#nn#46#nn#017 100 10
10-30 21:10:16.722 15749 15804 I ORC/NotificationItemElement: updateAttachmentData 
10-30 21:10:16.722 15749 15804 I ORC/NotificationItem: mConversationTitle : (14)+1#ST#84#ST#17
10-30 21:10:16.722 15749 15878 I PROV/MsgContentProviderQuery: query, uriMatch : 1301, Elapsed time : 0.198021 ms
10-30 21:10:16.723 15749 15878 I ORC/RecipientDbEngine: loadRecipientList 0 -> 5
10-30 21:10:16.723 15749 15878 I ORC/RecipientDbEngine: loadListFromLocalDb, Elapsed time : 1.185677 ms
10-30 21:10:16.724 15749 15804 I ORC/ThemeUtils: isCustomThemeInternal, false
10-30 21:10:16.727 15749 15804 I ORC/ThemeUtils: isCustomThemeInternal, false
10-30 21:10:16.731 15749 15804 I PROV/QueryUriConversations: [CONVERSATION]done query conversations, containsRecipientList : false, category : null, Elapsed time : 1.138177 ms
10-30 21:10:16.731 15749 15804 I PROV/MsgContentProviderQuery: query, uriMatch : 1001, Elapsed time : 1.225781 ms
10-30 21:10:16.734 15749 15804 I PROV/QueryUriConversations: [CONVERSATION]done query conversations, containsRecipientList : false, category : null, Elapsed time : 1.187812 ms
10-30 21:10:16.734 15749 15804 I PROV/MsgContentProviderQuery: query, uriMatch : 1001, Elapsed time : 1.257448 ms
10-30 21:10:16.736 15749 15804 I ORC/ComposerParameter: create from builder
10-30 21:10:16.737 15749 15804 I ORC/OpenConversationUtil: openConversation
10-30 21:10:16.788 15749 15804 I ORC/NotificationShortcutManager: shortcut not found. created shortcut: 82105ab2c3ef9429
10-30 21:10:16.788 15749 15804 I ORC/NotificationAgentMsgReceived: getOrCreateShortcut: 82105ab2c3ef9429
10-30 21:10:16.792 15749 15804 I PROV/QueryUriConversations: [CONVERSATION]done query conversations, containsRecipientList : false, category : null, Elapsed time : 1.877187 ms
10-30 21:10:16.792 15749 15804 I PROV/MsgContentProviderQuery: query, uriMatch : 1001, Elapsed time : 2.009218 ms
10-30 21:10:16.797 15749 15804 I PROV/QueryUriConversations: [CONVERSATION]done query conversations, containsRecipientList : false, category : null, Elapsed time : 1.697604 ms
10-30 21:10:16.797 15749 15804 I PROV/MsgContentProviderQuery: query, uriMatch : 1001, Elapsed time : 1.813802 ms
10-30 21:10:16.799 15749 15804 I ORC/NotificationChannelConversation: no exist Conversation Channel 
10-30 21:10:16.802 15749 15804 I ORC/PackageInfo: currentLauncher : com.sec.android.app.launcher
10-30 21:10:16.803 15749 15804 I ORC/ComposerParameter: create from builder
10-30 21:10:16.803 15749 15804 I ORC/OpenConversationUtil: openConversation
10-30 21:10:16.820  1284 13890 D AppOps  : noteOperation: reject #3 for code 105 (105) uid 1001 package com.android.phone flags: s
10-30 21:10:16.821  2248  2373 D SubscriptionController: [getActiveSubscriptionInfoForSimSlotIndex]+ slotIndex=0 subId={id=1 iccId= simSlotIndex=0 carrierId=2528 displayName=DISH Wireless carrierName=DISH Wireless nameSource=4 iconTint=-16746133 number= dataRoaming=0 iconBitmap=null mcc=313 mnc=340 countryIso=us isEmbedded=false nativeAccessRules=null cardString= cardId=0 portIndex=0 isOpportunistic=false groupUUID=null isGroupDisabled=false profileClass=-1 ehplmns=null hplmns=null subscriptionType=0 groupOwner=null carrierConfigAccessRules=[cert: 70D0BFCD7AE6B6E831AE7D1C16A641CB3EB489129D3A5ED168A760C94D50A8B4 pkg: null access: 0] areUiccApplicationsEnabled=true usageSetting=0}
10-30 21:10:16.821  1284 13890 D AppOps  : noteOperation: reject #3 for code 105 (105) uid 10098 package com.samsung.android.messaging flags: s
10-30 21:10:16.822 15749 15804 I ORC/LocalNumberManager: loadLocalNumberIfNeeded: already loaded, (11)144#nn#26#nn#077, simSlot = 0, subId = 1
10-30 21:10:16.825   660   660 D io_stats: !@   8,0 r 2957275 59491532 w 749797 7484728 d 197949 53471836 f 0 0 iot 2574244 0 th 0 0 0 pt 0 inp 0 0 199298.903
10-30 21:10:16.826   660   660 D io_stats: !@ Read_top(KB): ch_zygote(15749) 30536 ch_zygote(15822) 10868 m.android.phone(2248) 2420
10-30 21:10:16.826   660   660 D io_stats: !@ Write_top(KB): m.android.phone(2248) 236 ch_zygote(15749) 144 d.process.acore(25161) 24
10-30 21:10:16.836  1284 13890 D AppOps  : noteOperation: reject #3 for code 105 (105) uid 1001 package com.android.phone flags: s
10-30 21:10:16.837  2248 23541 D SubscriptionController: [getActiveSubscriptionInfoForSimSlotIndex]+ slotIndex=0 subId={id=1 iccId= simSlotIndex=0 carrierId=2528 displayName=DISH Wireless carrierName=DISH Wireless nameSource=4 iconTint=-16746133 number= dataRoaming=0 iconBitmap=null mcc=313 mnc=340 countryIso=us isEmbedded=false nativeAccessRules=null cardString= cardId=0 portIndex=0 isOpportunistic=false groupUUID=null isGroupDisabled=false profileClass=-1 ehplmns=null hplmns=null subscriptionType=0 groupOwner=null carrierConfigAccessRules=[cert: 70D0BFCD7AE6B6E831AE7D1C16A641CB3EB489129D3A5ED168A760C94D50A8B4 pkg: null access: 0] areUiccApplicationsEnabled=true usageSetting=0}
10-30 21:10:16.837  1284 13890 D AppOps  : noteOperation: reject #3 for code 105 (105) uid 10098 package com.samsung.android.messaging flags: s
10-30 21:10:16.838 15749 15804 I ORC/LocalNumberManager: loadLocalNumberIfNeeded: already loaded, (11)144#nn#26#nn#077, simSlot = 0, subId = 1
10-30 21:10:16.844 15749 15804 I ORC/ComposerParameter: create from builder
10-30 21:10:16.845 15749 15804 I ORC/ComposerParameter: create from builder
10-30 21:10:16.857  1284 13890 D AppOps  : noteOperation: reject #3 for code 105 (105) uid 1001 package com.android.phone flags: s
10-30 21:10:16.857  2248  2373 D SubscriptionController: [getActiveSubscriptionInfoForSimSlotIndex]+ slotIndex=0 subId={id=1 iccId= simSlotIndex=0 carrierId=2528 displayName=DISH Wireless carrierName=DISH Wireless nameSource=4 iconTint=-16746133 number= dataRoaming=0 iconBitmap=null mcc=313 mnc=340 countryIso=us isEmbedded=false nativeAccessRules=null cardString= cardId=0 portIndex=0 isOpportunistic=false groupUUID=null isGroupDisabled=false profileClass=-1 ehplmns=null hplmns=null subscriptionType=0 groupOwner=null carrierConfigAccessRules=[cert: 70D0BFCD7AE6B6E831AE7D1C16A641CB3EB489129D3A5ED168A760C94D50A8B4 pkg: null access: 0] areUiccApplicationsEnabled=true usageSetting=0}
10-30 21:10:16.857  1284 13890 D AppOps  : noteOperation: reject #3 for code 105 (105) uid 10098 package com.samsung.android.messaging flags: s
10-30 21:10:16.858 15749 15804 I ORC/LocalNumberManager: loadLocalNumberIfNeeded: already loaded, (11)144#nn#26#nn#077, simSlot = 0, subId = 1
10-30 21:10:16.868  1284 13890 D AppOps  : noteOperation: reject #3 for code 105 (105) uid 1001 package com.android.phone flags: s
10-30 21:10:16.869  2248 23541 D SubscriptionController: [getActiveSubscriptionInfoForSimSlotIndex]+ slotIndex=0 subId={id=1 iccId= simSlotIndex=0 carrierId=2528 displayName=DISH Wireless carrierName=DISH Wireless nameSource=4 iconTint=-16746133 number= dataRoaming=0 iconBitmap=null mcc=313 mnc=340 countryIso=us isEmbedded=false nativeAccessRules=null cardString= cardId=0 portIndex=0 isOpportunistic=false groupUUID=null isGroupDisabled=false profileClass=-1 ehplmns=null hplmns=null subscriptionType=0 groupOwner=null carrierConfigAccessRules=[cert: 70D0BFCD7AE6B6E831AE7D1C16A641CB3EB489129D3A5ED168A760C94D50A8B4 pkg: null access: 0] areUiccApplicationsEnabled=true usageSetting=0}
10-30 21:10:16.869  1284 13890 D AppOps  : noteOperation: reject #3 for code 105 (105) uid 10098 package com.samsung.android.messaging flags: s
10-30 21:10:16.870 15749 15804 I ORC/LocalNumberManager: loadLocalNumberIfNeeded: already loaded, (11)144#nn#26#nn#077, simSlot = 0, subId = 1
10-30 21:10:16.880 15749 15804 I ORC/NotificationAgentMsgReceived: added element Message{CId=13, MId=4706, MType=10, BType=100, Time=1698714615948, CType=text/plain, CUri=null, Al=false,Sub=false, Sim=0, Kt=0, CmcProp=null}
10-30 21:10:16.882 15749 15804 I ORC/TelephonyUtils: isVoiceCallAvailable result = true
10-30 21:10:16.885 15749 15804 I ORC/ReplyAction: shouldSmsReply false cid 13 ctype 0 rcs option 2
10-30 21:10:16.885 15749 15804 I ORC/ReplyAction: getCmcModeFromCmcProperty() is 0
10-30 21:10:16.886 15749 15804 I ORC/ReplyAction: isDisplayAsChatMessage false mtype 10
10-30 21:10:16.888 15749 15804 W Notification: Bubbles work best with icons of TYPE_URI or TYPE_URI_ADAPTIVE_BITMAP. In the future, using an icon of this type will be required.
10-30 21:10:16.895 15749 15787 I PROV/UpdateUriEtc: URI_NOTIFICATION_COUNT, result = 1
10-30 21:10:16.895 15749 15787 I PROV/MsgContentProvider: update, uri : content://com.samsung.android.messaging.service.provider.MessageContentProvider/notification_count, Elapsed time : 0.74875 ms
10-30 21:10:16.896 15749 15804 I PROV/QueryUriConversations: [CONVERSATION]done query conversations, containsRecipientList : false, category : null, Elapsed time : 1.451979 ms
10-30 21:10:16.896 15749 15804 I PROV/MsgContentProviderQuery: query, uriMatch : 1001, Elapsed time : 1.546615 ms
10-30 21:10:16.899 15749 15804 I PROV/QueryUriConversations: [CONVERSATION]done query conversations, containsRecipientList : false, category : null, Elapsed time : 1.32099 ms
10-30 21:10:16.899 15749 15804 I PROV/MsgContentProviderQuery: query, uriMatch : 1001, Elapsed time : 1.412657 ms
10-30 21:10:16.901 15749 15804 I ORC/NotificationChannelConversation: no exist Conversation Channel 
10-30 21:10:16.902  1284  2503 I GenerationRegistry: mBackingStore.isClosed() : false
10-30 21:10:16.902 15749 15804 I ORC/NotificationUtil: needNotificationVisualAlert: importance = 4, lockscreenVisibility = -1000, isLockscreenNotificationsEnabled = true -> true
10-30 21:10:16.905 15749 15804 I PROV/QueryUriConversations: [CONVERSATION]done query conversations, containsRecipientList : false, category : null, Elapsed time : 1.071614 ms
10-30 21:10:16.905 15749 15804 I PROV/MsgContentProviderQuery: query, uriMatch : 1001, Elapsed time : 1.14177 ms
10-30 21:10:16.907 15749 15804 I PROV/QueryUriConversations: [CONVERSATION]done query conversations, containsRecipientList : false, category : null, Elapsed time : 1.064427 ms
10-30 21:10:16.907 15749 15804 I PROV/MsgContentProviderQuery: query, uriMatch : 1001, Elapsed time : 1.156354 ms
10-30 21:10:16.908 15749 15804 I ORC/NotificationChannelConversation: no exist Conversation Channel 
10-30 21:10:16.911 15749 15804 I ORC/DndModeUtils: isBlockedByDnd: false (zen mode off)
10-30 21:10:16.912  1284 13890 D PowerManagerService: [api] acquire WakeLock FULL_WAKE_LOCK                 'ORC New message notification LCD on' ACQUIRE_CAUSES_WAKEUP (uid=10098 pid=15749 displayId=-1 lock=1701aa9)
10-30 21:10:16.913  1284 13890 D PowerManagerService: isWakeUpPreventionNeededForEdgeLightingLocked - interactive
10-30 21:10:16.913  1284 13890 D PowerManagerService: displayReady: false groupId=0
10-30 21:10:16.913  1284  1803 D DisplayPowerController[0]: animateScreenStateChange: target=2, mLogicalDisplay.isEnabled()=true
10-30 21:10:16.913 15749 15804 I ORC/NotificationAgentMsgReceived: notifyNotification : single notify com.samsung.android.messaging:MESSAGE_RECEIVED:13
10-30 21:10:16.913  1284  1803 D PowerManagerService: displayReady: true groupId=0
10-30 21:10:16.915  1284 13890 D ApplicationPolicy: isStatusBarNotificationAllowedAsUser: packageName = com.samsung.android.messaging,userId = 0
10-30 21:10:16.916  1284 13890 D ApplicationPolicy: isStatusBarNotificationAllowedAsUser: packageName = com.samsung.android.messaging,userId = 0
10-30 21:10:16.916  1284 13890 D AppOps  : noteOperation: reject #3 for code 43 (43) uid 1000 package android flags: s
10-30 21:10:16.917  1284  1284 D AppOps  : startOperation: allowing code 40 uid 1000 package android restricted: false flags: s
10-30 21:10:16.917  1284  1284 I notification_enqueue: [10098,15749,com.samsung.android.messaging,123,com.samsung.android.messaging:MESSAGE_RECEIVED:13,0,Notification(channel=CHANNEL_ID_SMS_MMS shortcut=82105ab2c3ef9429 contentView=null vibrate=null sound=null tick defaults=0x0 flags=0x10 color=0xff6db2cc category=msg groupKey=MESSAGE_RECEIVED sortKey=9223370338140159859 actions=3 vis=PRIVATE semFlags=0x0 semPriority=0 semMissedCount=1),0,NULL]
10-30 21:10:16.919  2728  2941 I BadgeCountUpdaterImpl: reload badge with refresh
10-30 21:10:16.921  1284  2503 I ActivityManager: Changes in 10042 19 to 3, 0 to 8
10-30 21:10:16.921  1284  2503 I am_uid_active: 10042
10-30 21:10:16.922 15749 15804 I ORC/NotificationAgentBase: activeNotificationCount excluding Tag: 0
10-30 21:10:16.923 15749 15804 I ORC/PackageInfo: com.samsung.accessory.sanotiprovider is not installed
10-30 21:10:16.923 15749 15804 I ORC/ForegroundServiceManager: releaseForegroundIfNeed 1/1 false
10-30 21:10:16.923 15749 15804 I ORC/MessagingNotification: notifyNotification 13_4706, Elapsed time : 339.19678 ms
10-30 21:10:16.924 15749 15804 I ORC/LogHistoryUtil: updateHistoryForSms : msgId = 4706
10-30 21:10:16.924 15749 15804 I ORC/PermissionUtil: hasCallLogPermission : state = 0
10-30 21:10:16.924 15749 15804 I ORC/PermissionUtil: hasWriteCallLogPermission : state = 0
10-30 21:10:16.924 15749 15804 I ORC/PermissionUtil: hasReadSmsPermission : state = 0
10-30 21:10:16.925 15749 15804 I PROV/MsgContentProviderQuery: query, uriMatch : 1201, Elapsed time : 0.170052 ms
10-30 21:10:16.926 15822 15840 I ExtractEntityExecutor: isSupported - start
10-30 21:10:16.926 15822 15840 I ExtractEntityExecutor: isSupported - end
10-30 21:10:16.927 15822 15840 I ExtractEntityExecutor: extractBasicEntity - start
10-30 21:10:16.928 15749 15818 I ORC/ForegroundServiceManager: releaseForegroundIfNeed stopService {}
10-30 21:10:16.928 15822 15840 I ExtractEntityExecutor: extractBasicEntity input text length : 29
10-30 21:10:16.928 15749 15818 I ORC/ForegroundServiceManager: stopService
10-30 21:10:16.929 15822 15840 I ExtractEntityExecutor: extracted size - bee : 0, otp : 0
10-30 21:10:16.929 15822 15840 I ExtractEntityExecutor: extractBasicEntity - end
10-30 21:10:16.930 15749 15804 E CS/FtSmsData: empty link
10-30 21:10:16.930 15749 15804 I PROV/MsgContentProviderQuery: query, uriMatch : 1101, Elapsed time : 0.187553 ms
10-30 21:10:16.931 15749 15749 I ORC/ForegroundService: onStartCommand 2
10-30 21:10:16.931 15749 15804 I CS/XmsUtil: secondaryDevice = false, cmcProp = null, isCmcSdStandAloneSupport = false
10-30 21:10:16.931 15749 15749 I ORC/ForegroundService: handleService com.samsung.android.messaging.ForegroundService.STOP_FOREGROUND
10-30 21:10:16.931 15749 15804 I ORC/LogHistoryUtil: updateHistoryForSms : simSlot : 0
10-30 21:10:16.932  1284  1284 I notification_cancel: [10098,15749,com.samsung.android.messaging,1,NULL,0,0,0,8,NULL]
10-30 21:10:16.932  1284  2503 I am_foreground_service_stop: [0,com.samsung.android.messaging/.common.service.ForegroundService,0,SYSTEM_ALERT_WINDOW_PERMISSION,33,33,1,0,1238,1,STOP_FOREGROUND,0]
10-30 21:10:16.932 15749 15804 I PROV/MsgContentProviderQuery: query, uriMatch : 1201, Elapsed time : 0.051302 ms
10-30 21:10:16.932  2292 15398 D SecFgsManagerControllerImpl: onForegroundStateChanged: dialogShown:false, isForeground:false, packageName:com.samsung.android.messaging , token:android.os.BinderProxy@de713d2, userId:0
10-30 21:10:16.932  1284  2503 I ActivityManager: Changes in 10098 4 to 10, 8 to 0
10-30 21:10:16.932  2292 15398 D SecFgsManagerControllerImpl: updateNumberOfVisibleRunningPackagesLocked: 3
10-30 21:10:16.933  1284 13890 D AppOps  : noteOperation: reject #3 for code 105 (105) uid 1001 package com.android.phone flags: s
10-30 21:10:16.933  1284  2503 I ActivityManager: Changes in 10090 5 to 10, 8 to 0
10-30 21:10:16.934  2248 23541 D SubscriptionController: [getActiveSubscriptionInfoForSimSlotIndex]+ slotIndex=0 subId={id=1 iccId= simSlotIndex=0 carrierId=2528 displayName=DISH Wireless carrierName=DISH Wireless nameSource=4 iconTint=-16746133 number= dataRoaming=0 iconBitmap=null mcc=313 mnc=340 countryIso=us isEmbedded=false nativeAccessRules=null cardString= cardId=0 portIndex=0 isOpportunistic=false groupUUID=null isGroupDisabled=false profileClass=-1 ehplmns=null hplmns=null subscriptionType=0 groupOwner=null carrierConfigAccessRules=[cert: 70D0BFCD7AE6B6E831AE7D1C16A641CB3EB489129D3A5ED168A760C94D50A8B4 pkg: null access: 0] areUiccApplicationsEnabled=true usageSetting=0}
10-30 21:10:16.934  1284 13890 D AppOps  : noteOperation: reject #3 for code 105 (105) uid 10098 package com.samsung.android.messaging flags: s
10-30 21:10:16.934 15749 15749 I ORC/ForegroundService: STOP_FOREGROUND
10-30 21:10:16.936  1284  2503 D AppOps  : noteOperation: reject #3 for code 105 (105) uid 1001 package com.android.phone flags: s
10-30 21:10:16.936  2728  2728 I ForegroundServiceUtils: setNumberOfFgs, num : 3
10-30 21:10:16.936  2248 23541 D SubscriptionController: [getActiveSubscriptionInfoForSimSlotIndex]+ slotIndex=0 subId={id=1 iccId= simSlotIndex=0 carrierId=2528 displayName=DISH Wireless carrierName=DISH Wireless nameSource=4 iconTint=-16746133 number= dataRoaming=0 iconBitmap=null mcc=313 mnc=340 countryIso=us isEmbedded=false nativeAccessRules=null cardString= cardId=0 portIndex=0 isOpportunistic=false groupUUID=null isGroupDisabled=false profileClass=-1 ehplmns=null hplmns=null subscriptionType=0 groupOwner=null carrierConfigAccessRules=[cert: 70D0BFCD7AE6B6E831AE7D1C16A641CB3EB489129D3A5ED168A760C94D50A8B4 pkg: null access: 0] areUiccApplicationsEnabled=true usageSetting=0}
10-30 21:10:16.937  1284 13890 D AppOps  : noteOperation: reject #3 for code 105 (105) uid 10098 package com.samsung.android.messaging flags: s
10-30 21:10:16.937 15749 15749 I ORC/ForegroundService: onDestroy
10-30 21:10:16.938 15856 15872 I BadgeProvider: query, [selection] : null
10-30 21:10:16.940  1284  2516 D AppOps  : noteOperation: allowing code 6 uid 10098 package com.samsung.android.messaging flags: s
10-30 21:10:16.941  1284  2503 I ActivityManager: Killing 13838:com.samsung.android.privacydashboard/u0a80 (adj 999): empty #21
10-30 21:10:16.941  1284  2503 I am_kill : [0,13838,com.samsung.android.privacydashboard,999,empty #21]
10-30 21:10:16.941  1284  5118 I Telecom:SamsungTelecomServiceImpl: getDefaultDialerPackage - callingPid : 25161 / processName : sts
10-30 21:10:16.942  1284  2024 I UMR     : B|Compact com.samsung.android.scs:text(15822)
10-30 21:10:16.945  2728  2941 I BadgeCache: add to cache : com.samsung.android.messaginguser : UserHandle{0}  count : 1
10-30 21:10:16.947  1284  1743 I libprocessgroup: Successfully killed process cgroup uid 10080 pid 13838 in 5ms
10-30 21:10:16.947  2728  2941 I BadgeCache: reloadBadge size : 1
10-30 21:10:16.952  2680  6301 D androidtc: Initializing SystemTextClassifier, type = System
10-30 21:10:16.954  2728  2728 I BadgeCountUpdaterImpl: refresh badge 1
10-30 21:10:16.960  1284  2503 D AppOps  : noteOperation: allowing code 7 uid 10098 package com.samsung.android.messaging flags: s
10-30 21:10:16.963 25161 25199 I CountryMonitor: current Iso US
10-30 21:10:16.966 25161 25199 I CountryMonitor: current Iso US
10-30 21:10:16.972 25161 25199 I CountryMonitor: current Iso US
10-30 21:10:16.972  1284  2516 I am_proc_died: [0,13838,com.samsung.android.privacydashboard,999,19,94,681]
10-30 21:10:16.972   866   866 I Zygote  : Process 13838 exited due to signal 9 (Killed)
10-30 21:10:16.973  1284  2516 I am_uid_stopped: 10080
10-30 21:10:16.981  1284  2516 D AppOps  : noteOperation: reject #3 for code 43 (43) uid 1041 package audioserver flags: s
10-30 21:10:17.009 15749 15804 I ORC/Logger:  SMS(15749): MT[0] - c:13, m:4706, r:2434, (12)+19#nn#46#nn#017
10-30 21:10:17.010 15749 15804 I ORC/NotifierUtil: notifyToOtherApps() : msgType = sms, localMsgId = 4706, transactionType = 1
10-30 21:10:17.012 15749 15804 I PROV/MsgContentProviderQuery: query, uriMatch : 1101, Elapsed time : 0.24974 ms
10-30 21:10:17.012 15749 15804 I CS/LocalDbMessagesParts: cursor.count: 1
10-30 21:10:17.012 15749 15804 I CS/LocalDbMessagesParts: remoteMsgUri: content://sms/2434
10-30 21:10:17.015  1284  1307 D AppOps  : noteOperation: allowing code 14 uid 10098 package com.samsung.android.messaging flags: s
10-30 21:10:17.016  1284  1307 D AppOps  : noteOperation: allowing code 21 uid 10098 package com.samsung.android.messaging flags: s
10-30 21:10:17.024  2248 23541 D TP/SmsProvider: query,matched:1, calling pid = 15749
10-30 21:10:17.026  2248 23541 D TP/SmsProvider: query, match 1:Elapsed time : 2.313 ms
10-30 21:10:17.034 15749 15804 I ORC/SCSSamsungSearchFactory: SamsungSearchManager new true
10-30 21:10:17.037 15749 15804 I ORC/SCSTaskList: loadPreferenceAll C:0, M:0
10-30 21:10:17.041 15749 15804 I ORC/SCSTaskList: requestTask T:2 1 -> 1, old list:0
10-30 21:10:17.041 15749 15804 I ORC/SCSTaskList: requestTask done 1
10-30 21:10:17.041 15749 15804 I ORC/SCSTaskHandler: requestHandler TaskItem:2/[4706]/true
10-30 21:10:17.041 15749 15804 I CS/MsgSvcControllerDB: response removed id = 1698714615753
10-30 21:10:17.041 15749 15804 I CS/SmsNewMessage: sendNotifyDbResult() usingMode = 0
10-30 21:10:17.042 15749 15804 I ORC/SaUtils: set SaLog ScreenLog = null, EventLog = 0100, eventDetail = SMS, value = -1
10-30 21:10:17.045 30353  6120 I SCS@AiSearch user 0: (SearchProvider) [binder:30353_6] entering in call():  method: get_schema_version is called from com.samsung.android.messaging
10-30 21:10:17.048 30353  6120 I SCS@AiSearch user 0: (PublicSchemaManager) getSchemaContent: pkg: com.samsung.android.messaging name: com.samsung.android.messaging.message
10-30 21:10:17.048  3877  4207 I DMASA[C]: [k]packageName ( com.samsung.android.messaging) signature is not acceptable
10-30 21:10:17.058 30353  6120 I SCS@AiSearch user 0: (SearchProvider) [binder:30353_6] leaving from call():  
10-30 21:10:17.059 15749 15884 I ORC/SCSMessageEngine: getSchemeVersion Bundle[{name=com.samsung.android.messaging.message}], 7
10-30 21:10:17.059 15749 15884 I ORC/SCSEngineManager: initSamsungSearch(), version = 7
10-30 21:10:17.061 30353  6120 I SCS@AiSearch user 0: (SearchProvider) [binder:30353_6] entering in call():  method: get_schema_version is called from com.samsung.android.messaging
10-30 21:10:17.062 30353  6120 I SCS@AiSearch user 0: (PublicSchemaManager) getSchemaContent: pkg: com.samsung.android.messaging name: com.samsung.android.messaging.conversation
10-30 21:10:17.066 30353  6120 I SCS@AiSearch user 0: (SearchProvider) [binder:30353_6] leaving from call():  
10-30 21:10:17.067 15749 15884 I ORC/SCSConversationEngine: getSchemeVersion Bundle[{name=com.samsung.android.messaging.conversation}], 7
10-30 21:10:17.069 30353  6120 I SCS@AiSearch user 0: (SearchProvider) [binder:30353_6] entering in call():  method: get_schema_version is called from com.samsung.android.messaging
10-30 21:10:17.070 30353  6120 I SCS@AiSearch user 0: (PublicSchemaManager) getSchemaContent: pkg: com.samsung.android.messaging name: com.samsung.android.messaging.message
10-30 21:10:17.074 30353  6120 I SCS@AiSearch user 0: (SearchProvider) [binder:30353_6] leaving from call():  
10-30 21:10:17.075 15749 15884 I ORC/SCSMessageEngine: getSchemeVersion Bundle[{name=com.samsung.android.messaging.message}], 7
10-30 21:10:17.075 15749 15884 I ORC/SCSSamsungSearchManager: SCS initialize done
10-30 21:10:17.075 15749 15884 I ORC/SCSTaskHandler: handleMessage TaskItem:2/[4706]/true
10-30 21:10:17.075 15749 15884 I ORC/SCSSamsungSearchManager: runNewTask TaskItem:2/[4706]/true
10-30 21:10:17.076 15749 15884 W ORC/SCSSamsungSearchManager: block sync until TP sync finished, waiting 0
10-30 21:10:17.076 15749 15884 I ORC/SCSSamsungSearchManager: handleTask 2 1, Elapsed time : 0.048334 ms
10-30 21:10:17.114 13170 13170 E STFService: getNetworkProperties: Location fine denied
10-30 21:10:17.121  1284  1284 I Telecom:SamsungTelecomServiceImpl: isInManagedCall - callingPackage : android
10-30 21:10:17.122  1284  1284 I sysui_multi_action: [757,1501,758,1,793,207,794,0,795,207,796,123,797,com.samsung.android.messaging:MESSAGE_RECEIVED:13,806,com.samsung.android.messaging,857,CHANNEL_ID_SMS_MMS,858,4,946,MESSAGE_RECEIVED,947,0,1500,0,1641,msg,1688,1,1744,1,1745,732821530]
10-30 21:10:17.122  1284  1284 I sysui_multi_action: [757,804,799,note_interruptive,801,0,802,1]
10-30 21:10:17.134  1284  1284 D EdgeLightingManager: isCallingUserSupported : callingUserId=0, mUserId=0, isDualAppId=false, isKnoxId=false
10-30 21:10:17.134  1284  1284 D EdgeLightingManager: showForNotification : isInteractive=true, isHeadUp=true, color=0, canBypassDnd=false, sbn = StatusBarNotification(pkg=com.samsung.android.messaging user=UserHandle{0} id=123 tag=com.samsung.android.messaging:MESSAGE_RECEIVED:13 key=0|com.samsung.android.messaging|123|com.samsung.android.messaging:MESSAGE_RECEIVED:13|10098: Notification(channel=CHANNEL_ID_SMS_MMS shortcut=82105ab2c3ef9429 contentView=null vibrate=null sound=null tick defaults=0x0 flags=0x10 color=0xff6db2cc category=msg groupKey=MESSAGE_RECEIVED sortKey=9223370338140159859 actions=3 vis=PRIVATE semFlags=0x0 semPriority=0 semMissedCount=1))
10-30 21:10:17.135  1284  1284 D EdgeLightingClientManager: isAvailableEdgeLighting: condition=1 mCondition=1 mIsConnected=false0
10-30 21:10:17.135  1284  1284 D EdgeLightingPolicyManager: isAcceptableApplication:  pkg=com.samsung.android.messaging , range=256 , includeAllApp=false , userId=0 , infoRange=7 , infoCategory=1
10-30 21:10:17.135  1284  1284 W CoverManager: getCoverState : This device is not supported cover
10-30 21:10:17.136  1284  1284 D EdgeLightingPolicyManager: putNotification tickerText:true,titleText:true,text:true,sub:falsecn= + null
10-30 21:10:17.137  1284  1284 D EdgeLightingPolicyManager.NotificationGroup: group key = 0|com.samsung.android.messaging|g:MESSAGE_RECEIVED ,value= summary : null , child : 1key = 0|com.samsung.android.messaging|123|com.samsung.android.messaging:MESSAGE_RECEIVED:13|10098 , value =  NotificationData { tag= com.samsung.android.messaging:MESSAGE_RECEIVED:13 } , } 
10-30 21:10:17.137  1284  1284 D EdgeLightingPolicyManager: isAcceptableApplication:  pkg=com.samsung.android.messaging , range=1 , includeAllApp=false , userId=0 , infoRange=7 , infoCategory=1
10-30 21:10:17.137  1284  1284 D EdgeLightingPolicyManager: isAcceptableApplication - accept rechecked by isEdgeLightingAllowed = true uid = 10098
10-30 21:10:17.138  1284  1284 D EdgeLightingPolicyManager: isAcceptableApplication: getRejectablePolicy true
10-30 21:10:17.138  1284  1284 D EdgeLightingManager: showEdgeLightingInternal : packageName = com.samsung.android.messaging, reason=1
10-30 21:10:17.139  1284  1284 D EdgeLightingClientManager: startEdgeLightingService : pkg = com.samsung.android.messaging, info = SemEdgeLighitngInfo{type = 2001, colors= [0, 0], repeat= 0, userId = 0}, reason = 1
10-30 21:10:17.139  1284  1284 D NotificationService: Changed notification by edgelighting.
10-30 21:10:17.139  1284  1284 I AccessibilityManager: semStartFlashNotification notitype = msg, getOpPackageName = android, sbnPackageName = com.samsung.android.messaging
10-30 21:10:17.140  1284  1284 D AccessibilityManagerService: semStartFlashNotification
10-30 21:10:17.140  1284  1284 I AccessibilityManagerService: semStartFlashNotificationInner() type=Default, pkgName=android, token=android.os.Binder@9e38585, sbnPkgName=com.samsung.android.messaging, previewType=0
10-30 21:10:17.140  1284  1284 D AccessibilityManagerService: Can not use light notification
10-30 21:10:17.140  1284  1284 I sysui_multi_action: [757,199,758,1,759,0,793,225,794,0,795,225,796,123,797,com.samsung.android.messaging:MESSAGE_RECEIVED:13,806,com.samsung.android.messaging,857,CHANNEL_ID_SMS_MMS,858,4,946,MESSAGE_RECEIVED,947,0,1500,18,1641,msg,1688,1,1744,1,1745,732821530]
10-30 21:10:17.140  1284  1284 I notification_alert: [0|com.samsung.android.messaging|123|com.samsung.android.messaging:MESSAGE_RECEIVED:13|10098,11,11,0]
10-30 21:10:17.140  1284  1284 D NotificationService: 0|com.samsung.android.messaging|123|com.samsung.android.messaging:MESSAGE_RECEIVED:13|10098: granting content://settings/system/notification_sound
10-30 21:10:17.141  1284  1284 D NotificationService: 0|com.samsung.android.messaging|123|com.samsung.android.messaging:MESSAGE_RECEIVED:13|10098: granting content://settings/system/notification_sound
10-30 21:10:17.141  1284  1284 D NotificationService: 0|com.samsung.android.messaging|123|com.samsung.android.messaging:MESSAGE_RECEIVED:13|10098: granting content://settings/system/notification_sound
10-30 21:10:17.141  1284  1284 D NotificationService: 0|com.samsung.android.messaging|123|com.samsung.android.messaging:MESSAGE_RECEIVED:13|10098: granting content://settings/system/notification_sound
10-30 21:10:17.142  1284  1284 D NotificationService: 0|com.samsung.android.messaging|123|com.samsung.android.messaging:MESSAGE_RECEIVED:13|10098: granting content://settings/system/notification_sound
10-30 21:10:17.143  1284  1284 W NotificationHistory: Attempted to add notif for locked/gone/disabled user 0
10-30 21:10:17.144  1284  1284 D NotificationReminder: addNotificationRecord record com.samsung.android.messaging
10-30 21:10:17.144  1284  1284 D EdgeLightingClientManager: startService packagename=com.samsung.android.messaging,reason=1
10-30 21:10:17.147  1284  1284 D CompatibilityChangeReporter: Compat change id reported: 135634846; UID 10049; state: DISABLED
10-30 21:10:17.147  1284  1284 D CompatibilityChangeReporter: Compat change id reported: 177438394; UID 10049; state: DISABLED
10-30 21:10:17.147  1284  1284 D CompatibilityChangeReporter: Compat change id reported: 135772972; UID 10049; state: DISABLED
10-30 21:10:17.147  1284  1284 D CompatibilityChangeReporter: Compat change id reported: 135754954; UID 10049; state: ENABLED
10-30 21:10:17.148  1284  1714 D CompatibilityChangeReporter: Compat change id reported: 143937733; UID 10049; state: ENABLED
10-30 21:10:17.149  1284  1284 D AppOps  : noteOperation: reject #3 for code 43 (43) uid 1000 package android flags: s
10-30 21:10:17.150  1284  1284 D SmartAlertController: SmartAlert - Found Missed Event
10-30 21:10:17.153  2728  2728 I Launcher.NotificationListener: onNotificationPosted : com.samsung.android.messaging number : -100
10-30 21:10:17.153  2292  2472 D PeopleSpaceWidgetMgr: No app widget ids returned
10-30 21:10:17.153  2728  2941 I Launcher.NotificationListener: notificationIsValidForUI : com.samsung.android.messaging missingTitleAndText : false isGroupHeader : false
10-30 21:10:17.156  2728  2728 I IconView: applyDotState itemInfo : Messages display : 101 count : 1
10-30 21:10:17.157  2728  2728 I FolderIconView: applyDotState FolderInfo : Samsung display : 1 count : 1 context : com.android.launcher3.uioverrides.QuickstepLauncher@2efa743
10-30 21:10:17.162   866   866 D Zygote  : Forked child process 15886
10-30 21:10:17.163  1284  1714 I am_proc_start: [0,15886,10049,com.android.systemui:edgelighting,service,{com.android.systemui/com.android.systemui.edgelighting.EdgeLightingService}]
10-30 21:10:17.163  1284  1714 I ActivityManager: Start proc 15886:com.android.systemui:edgelighting/u0a49 for service {com.android.systemui/com.android.systemui.edgelighting.EdgeLightingService}
10-30 21:10:17.170  1148  1148 I SurfaceFlinger: SFWD update time=199299248688085
10-30 21:10:17.170  1284  2024 I UMR     : E|Compact d_rss=-49168KB
10-30 21:10:17.170  1284  2024 I am_compact: [15822,com.samsung.android.scs:text,anon,73632,23664,49340,18528,-49168,0,-49168,49168,230,0,0,905,10,2856680,-20308]
10-30 21:10:17.171  1284  2024 I UMR     : B|Compact com.samsung.android.scs(30353)
10-30 21:10:17.214 15886 15886 I ui:edgelighting: Using CollectorTypeCC GC.
10-30 21:10:17.218 15886 15886 E ui:edgelighting: Not starting debugger since process cannot load the jdwp agent.
10-30 21:10:17.224 15886 15886 D ActivityThread: setConscryptValidator
10-30 21:10:17.225 15886 15886 D ActivityThread: setConscryptValidator - put
10-30 21:10:17.230  1284  2516 I ActivityManager: DSS OFF for com.android.systemui
10-30 21:10:17.231  1284  2516 I am_proc_bound: [0,15886,com.android.systemui:edgelighting]
10-30 21:10:17.238 15886 15886 D CompatibilityChangeReporter: Compat change id reported: 171979766; UID 10049; state: ENABLED
10-30 21:10:17.246 15886 15886 W ziparchive: Unable to open '/system/framework/knoxsdk.dm': No such file or directory
10-30 21:10:17.246 15886 15886 W ziparchive: Unable to open '/system/framework/knoxsdk.dm': No such file or directory
10-30 21:10:17.264 15886 15886 D nativeloader: Configuring classloader-namespace-shared for other apk /system/framework/knoxsdk.jar. target_sdk_version=33, uses_libraries=ALL, library_path=/system/system_ext/priv-app/SystemUI/lib/arm64:/system/system_ext/priv-app/SystemUI/SystemUI.apk!/lib/arm64-v8a:/system/lib64:/system/system_ext/lib64, permitted_path=/data:/mnt/expand:/data/user_de/0/com.android.systemui:/system/system_ext/priv-app/SystemUI:/system/lib64:/system/system_ext/lib64
10-30 21:10:17.264 15886 15886 D nativeloader: Extending system_exposed_libraries: libPortraitDistortionCorrection.arcsoft.so:libPortraitDistortionCorrectionCali.arcsoft.so:libface_landmark.arcsoft.so:liblow_light_hdr.arcsoft.so:libhigh_dynamic_range.arcsoft.so:libFacialAttributeDetection.arcsoft.so:libBeauty_v4.camera.samsung.so:libexifa.camera.samsung.so:libjpega.camera.samsung.so:libOpenCv.camera.samsung.so:libImageScreener.camera.samsung.so:libMyFilter.camera.samsung.so:libtensorflowLite.myfilter.camera.samsung.so:libtensorflowlite_inference_api.myfilter.camera.samsung.so:libUltraWideDistortionCorrection.camera.samsung.so:libHpr_RecGAE_cvFeature_v1.0.camera.samsung.so:libHprFace_GAE_api.camera.samsung.so:libFace_Landmark_API.camera.samsung.so:libHprFace_GAE_jni.camera.samsung.so:libFacialBasedSelfieCorrection.camera.samsung.so:libcolor_engine.camera.samsung.so:libDLInterface_aidl.camera.samsung.so:libImageTagger.camera.samsung.so:libSceneDetector_v1.camera.samsung.so:libQREngine.camera.samsung.so:libEventDetector.camera.samsung.so:libFood.camera.sams
10-30 21:10:17.267  1284  1284 I power_partial_wake_state: [REL,350,prevent full-screen wakelock in EnqueueNotificationRunnable:android]
10-30 21:10:17.299  1284  2024 I UMR     : E|Compact d_rss=-34740KB
10-30 21:10:17.299  1284  2024 I am_compact: [30353,com.samsung.android.scs,anon,66632,31184,34740,23928,-34740,0,-34740,35924,128,0,0,915,10,2836372,-13100]
10-30 21:10:17.308 15886 15886 D nativeloader: Configuring classloader-namespace-shared for other apk /system/system_ext/priv-app/SystemUI/SystemUI.apk. target_sdk_version=33, uses_libraries=, library_path=/system/system_ext/priv-app/SystemUI/lib/arm64:/system/system_ext/priv-app/SystemUI/SystemUI.apk!/lib/arm64-v8a:/system/lib64:/system/system_ext/lib64, permitted_path=/data:/mnt/expand:/data/user_de/0/com.android.systemui:/system/system_ext/priv-app/SystemUI:/system/lib64:/system/system_ext/lib64
10-30 21:10:17.357  2292  2292 D BubblesManager: onEntryAdded : bubbleEntryAdded=false
