12-14 03:46:43.764  1564  3891 I Telecom : InCallController: Components updated: [ComponentInfo{com.google.android.bluetooth/com.android.bluetooth.telephony.BluetoothInCallService}, ComponentInfo{com.google.android.apps.scone/com.google.android.apps.scone.coex.StateService}, ComponentInfo{com.google.android.googlequicksearchbox/com.google.android.libraries.search.assistant.incallservice.IncomingCallInCallService}, ComponentInfo{android/com.android.server.companion.datatransfer.contextsync.CallMetadataSyncInCallService}, ComponentInfo{com.google.android.dialer/com.android.incallui.InCallServiceImpl}]: CSW.sSH(cap)@s3g?
12-14 03:46:43.764  1564  3876 V SystemServerTiming: TM.isInCall took to complete: 1ms
12-14 03:46:43.764  1564  3876 D SystemServerTiming: hasUserRestriction-DISALLOW_USER_SWITCH
12-14 03:46:43.764  1564  3876 V SystemServerTiming: hasUserRestriction-DISALLOW_USER_SWITCH took to complete: 0ms
12-14 03:46:43.764  1564  3876 D SystemServerTiming: getInt-ALLOW_USER_SWITCHING_WHEN_SYSTEM_USER_LOCKED
12-14 03:46:43.764  1564  3876 V SystemServerTiming: getInt-ALLOW_USER_SWITCHING_WHEN_SYSTEM_USER_LOCKED took to complete: 0ms
12-14 03:46:43.764  1564  3876 D SystemServerTiming: isUserUnlocked-USER_SYSTEM
12-14 03:46:43.764  1564  3876 V SystemServerTiming: isUserUnlocked-USER_SYSTEM took to complete: 0ms
12-14 03:46:43.764  1564  3876 V SystemServerTiming: getUserSwitchability-0 took to complete: 1ms
12-14 03:46:43.764  2470  2470 D Telephony: buildConnectionCapabilities: isHoldable = true State = 3 capabilities = 2
12-14 03:46:43.763  2273  2273 D TbsService: callStateChanged: ccid=3 callId=6f9f71b1-60d4-43e1-a224-74634fb0a428 state=2
12-14 03:46:43.764  2273  4237 I BluetoothAdapterService: getActiveDevices: Headset device: null
12-14 03:46:43.765  2273  2273 D TbsGeneric: callStateChanged: ccid=3 callId=6f9f71b1-60d4-43e1-a224-74634fb0a428 state=2
12-14 03:46:43.765  2273  2273 D TbsGeneric: requestEntry is null
12-14 03:46:43.765  2273  2273 D TbsGeneric: notifyCclc
12-14 03:46:43.765  2273  2273 D LeAudioNativeInterface: setInCall inCall: true
12-14 03:46:43.765  2371  3602 D SHANNON_IMS: 3173 [CALL] listening callSessionInitiated [SLID:0 CID:-1 CURI:469****372 MLT:false  ICP:{ serviceType=1, callType=2, restrictCause=0, mediaProfile={ audioQuality=0, audioDirection=3, audioCodecAttribute=null, videoQuality=0, videoDirection=-1, rttMode=0, hasRttAudioSpeech=false }, emergencyServiceCategories=0, emergencyUrns=[], emergencyCallRouting=0, emergencyCallTesting=false, hasKnownUserIntentEmergency=false, mRestrictCause=0, mCallerNumberVerstat= 0, mAcceptedRtpHeaderExtensions= [] }CST:IDLE  HRS:IDLE IC:false ECC:NONE WFC:false VCC:false OIR:2 CRS:false CUI:CCID:0 MP:false CCS:IDLE L(0):[] PCR:UNSPECIFIED LRS:LOCATION_NOT_REQUESTED] (ImsCall$Listener%callSessionInitiated:2385)
12-14 03:46:43.765  2273  2273 D TbsGatt : setCallState: callsList={246=com.android.bluetooth.tbs.TbsCall@3576e3a}
12-14 03:46:43.765  2273  2273 D TbsGatt : setBearerListCurrentCalls: callsList={246=com.android.bluetooth.tbs.TbsCall@3576e3a}
12-14 03:46:43.765   976   976 I vendor.google.wifi_ext-service-vendor: Wifi: Setting SAR Scenario to 2
12-14 03:46:43.765 30410 30410 I DialerDialerBubbleController: com.android.dialer.incall.bubble.dialerbubble.DialerBubbleController.onCallGraphUpdated:79 IN_CALL_UPDATE_MONITORING: enter
12-14 03:46:43.766 30410 30410 I DialerDialerBubbleController: com.android.dialer.incall.bubble.dialerbubble.DialerBubbleController.lambda$onCallGraphUpdated$1:90 IN_CALL_UPDATE_MONITORING: fire update in the ui thread
12-14 03:46:43.766 30410 30467 I DialerDrawableConverter: com.android.dialer.util.DrawableConverter.drawableToBitmap:64 created bitmap with width: 147, height: 147
12-14 03:46:43.767 30410 30467 I DialerPrivate: com.android.dialer.incall.bubble.service.BubbleModelProducerModule.produceIsBubbleFeatureEnabledForCall:335 Not showing bubble in Android S+.
12-14 03:46:43.767 30410 30468 I DialerTiktokDataServiceInCallUpdateListener: com.android.dialer.incall.core.dataservice.impl.TiktokDataServiceInCallUpdateListener.onCallGraphUpdated:30 IN_CALL_UPDATE_MONITORING: enter
12-14 03:46:43.767 30410 30468 I DialerDialerBubbleController: com.android.dialer.incall.bubble.dialerbubble.DialerBubbleController.onCallGraphUpdated:79 IN_CALL_UPDATE_MONITORING: enter
12-14 03:46:43.767 30410 30468 I DialerStatusBarNotifier: com.android.dialer.incall.statusbarnotification.ui.StatusBarNotifier.onCallGraphUpdated:226 updateInProgress: true
12-14 03:46:43.767 30410 30468 I DialerStatusBarNotifier: com.android.dialer.incall.statusbarnotification.ui.StatusBarNotifier.onCallGraphUpdated:230 Setting updatedQueued to true
12-14 03:46:43.768  1564  1602 D ActivityManager: sync unfroze 10485 com.google.android.apps.pixel.dcservice for 6
12-14 03:46:43.768 30410 30410 I DialerDialerBubbleController: com.android.dialer.incall.bubble.dialerbubble.DialerBubbleController.onCallGraphUpdated:79 IN_CALL_UPDATE_MONITORING: enter
12-14 03:46:43.768 30410 30410 I DialerDialerBubbleController: com.android.dialer.incall.bubble.dialerbubble.DialerBubbleController.lambda$onCallGraphUpdated$1:90 IN_CALL_UPDATE_MONITORING: fire update in the ui thread
12-14 03:46:43.768 30410 30473 I DialerAtlasBusinessFinderImpl: com.android.incallui.atlas.ui.impl.businessfinder.AtlasBusinessFinderImpl.findBusinessMatchingPhoneNumber:216 result found in cache
12-14 03:46:43.768  1564  2491 D BluetoothAdapter: getActiveDevices(profile= HEARING_AID)
12-14 03:46:43.768 30410 30473 I DialerDrawableConverter: com.android.dialer.util.DrawableConverter.drawableToBitmap:64 created bitmap with width: 168, height: 168
12-14 03:46:43.768 30410 30469 I DialerGamingModeSupportImpl: com.android.dialer.gamingmodesupport.impl.GamingModeSupportImpl.isGamingModeOn:61 gaming mode off
12-14 03:46:43.768 30410 30467 I DialerAtlasCallMetricsLogger: com.android.incallui.atlas.logger.AtlasCallMetricsLogger.logEnrollmentStatus:121 hold for me enrollment status:0
12-14 03:46:43.769 30410 30472 I DialerPhoneLookupInfoConsolidator: com.android.dialer.phonelookup.consolidator.PhoneLookupInfoConsolidator.getGeolocation:386 nameSource: NONE
12-14 03:46:43.769 30410 30472 I DialerPhoneNumberGeoLocatorImpl: com.android.dialer.phonenumbergeolocator.impl.PhoneNumberGeoLocatorImpl.getGeoDescription:54 number: **********
12-14 03:46:43.769 30410 30472 I DialerPhoneNumberGeoLocatorImpl: com.android.dialer.phonenumbergeolocator.impl.PhoneNumberGeoLocatorImpl.getGeoDescription:55 countryIso: Redacted-2-chars
12-14 03:46:43.769 30410 30469 I DialerAtlasBusinessFinderImpl: com.android.incallui.atlas.ui.impl.businessfinder.AtlasBusinessFinderImpl.findBusinessMatchingPhoneNumber:214 finding business in cache
12-14 03:46:43.769 30410 30472 I DialerPhoneNumberGeoLocatorImpl: com.android.dialer.phonenumbergeolocator.impl.PhoneNumberGeoLocatorImpl.getGeoDescription:70 parsedPhoneNumber is null: false
12-14 03:46:43.769 30410 30469 I DialerAtlasBusinessFinderImpl: com.android.incallui.atlas.ui.impl.businessfinder.AtlasBusinessFinderImpl.findBusinessMatchingPhoneNumber:216 result found in cache
12-14 03:46:43.769 30410 30470 W DialerLegacyHoldForMeMddResourcesImpl: com.android.incallui.atlas.ui.impl.mddresources.impl.LegacyHoldForMeMddResourcesImpl.lambda$getDownloadedZipFileUri$3:128 No model has been downloaded yet. [CONTEXT enable_persistent_logger=true ]
12-14 03:46:43.769  1564  1870 I am_unfreeze: [10485,com.google.android.apps.pixel.dcservice,6]
12-14 03:46:43.769 30410 30467 I DialerCallStatusTextGenerator: com.android.dialer.incall.statusbarnotification.basiccontent.CallStatusTextGenerator.getCallStatusTextFromResources:171 Notification call status text: Ongoing call
12-14 03:46:43.769 30410 30467 I DialerCallStatusTextGenerator: com.android.dialer.incall.statusbarnotification.basiccontent.CallStatusTextGenerator.getCallStatusTextFromResources:171 Notification call status text: Ongoing call
12-14 03:46:43.770 30410 30469 I DialerPhoneLookupInfoConsolidator: com.android.dialer.phonelookup.consolidator.PhoneLookupInfoConsolidator.getName:204 nameSource: NONE
12-14 03:46:43.770  2470  2470 D Telephony: buildConnectionCapabilities: isHoldable = true State = 3 capabilities = 2
12-14 03:46:43.771   976   976 E WifiHAL : wifi_select_tx_power_scenario
12-14 03:46:43.772  2273  4237 I BluetoothAdapterService: getActiveDevices: Hearing Aid devices: Left[null] - Right[null]
12-14 03:46:43.772 30410 30471 I DialerAtlasCallMetricsLogger: com.android.incallui.atlas.logger.AtlasCallMetricsLogger.logEnrollmentStatus:121 hold for me enrollment status:0
12-14 03:46:43.772 30410 30471 I DialerPrivate: com.android.dialer.incall.bubble.service.BubbleModelProducerModule.produceIsBubbleFeatureEnabledForCall:335 Not showing bubble in Android S+.
12-14 03:46:43.772  8637  8680 D AudioControlCenterNotifier: Try to bind DC service for audio events
12-14 03:46:43.772  1564  2491 I Telecom : CallAudioRouteStateMachine: setSystemAudioState: changing from [AudioState isMuted: false, route: EARPIECE, supportedRouteMask: EARPIECE, SPEAKER, activeBluetoothDevice: [null], supportedBluetoothDevices: []] to [AudioState isMuted: false, route: EARPIECE, supportedRouteMask: EARPIECE, SPEAKER, activeBluetoothDevice: [null], supportedBluetoothDevices: []]: (...->CS.crCo->H.CS.crCo->H.CS.crCo.pICR)->CSW.hCCC->CARSM.pM_UPDATE_SYSTEM_AUDIO_ROUTE(cap/cast)@E-E-s2Y?
12-14 03:46:43.773 30410 30471 I DialerInCallActivityCallDialingStartedListener: com.android.dialer.incall.activity.outgoingcalllauncher.InCallActivityCallDialingStartedListener.lambda$onCallDialingStarted$1:74 isInCallUiVisible: true
12-14 03:46:43.773 30410 30471 I DialerInCallActivityCallDialingStartedListener: com.android.dialer.incall.activity.outgoingcalllauncher.InCallActivityCallDialingStartedListener.lambda$onCallDialingStarted$1:76 in-call UI is already showing, avoid firing InCallActivityIntent
12-14 03:46:43.773  1564  2491 I Telecom : InCallController: Calling onAudioStateChanged, audioState: [AudioState isMuted: false, route: EARPIECE, supportedRouteMask: EARPIECE, SPEAKER, activeBluetoothDevice: [null], supportedBluetoothDevices: []] -> [AudioState isMuted: false, route: EARPIECE, supportedRouteMask: EARPIECE, SPEAKER, activeBluetoothDevice: [null], supportedBluetoothDevices: []]: (...->CS.crCo->H.CS.crCo->H.CS.crCo.pICR)->CSW.hCCC->CARSM.pM_UPDATE_SYSTEM_AUDIO_ROUTE(cap/cast)@E-E-s2Y?
12-14 03:46:43.773 30410 30438 I DialerDialerMessageSenderImpl: com.google.android.dialershared.wearablemessage.sender.impl.DialerMessageSenderImpl.lookupCapableNodeThenRequestMessage:122 
12-14 03:46:43.773  1564  2491 I Telecom : CallEndpointController: onCallAudioStateChanged, audioState: [AudioState isMuted: false, route: EARPIECE, supportedRouteMask: EARPIECE, SPEAKER, activeBluetoothDevice: [null], supportedBluetoothDevices: []] -> [AudioState isMuted: false, route: EARPIECE, supportedRouteMask: EARPIECE, SPEAKER, activeBluetoothDevice: [null], supportedBluetoothDevices: []]: (...->CS.crCo->H.CS.crCo->H.CS.crCo.pICR)->CSW.hCCC->CARSM.pM_UPDATE_SYSTEM_AUDIO_ROUTE(cap/cast)@E-E-s2Y?
12-14 03:46:43.773  1564  2491 I Telecom : InCallController: Calling onAvailableCallEndpointsChanged: (...->CS.crCo->H.CS.crCo->H.CS.crCo.pICR)->CSW.hCCC->CARSM.pM_UPDATE_SYSTEM_AUDIO_ROUTE(cap/cast)@E-E-s2Y?
12-14 03:46:43.774  1564  2491 I Telecom : InCallController: Calling onCallEndpointChanged: (...->CS.crCo->H.CS.crCo->H.CS.crCo.pICR)->CSW.hCCC->CARSM.pM_UPDATE_SYSTEM_AUDIO_ROUTE(cap/cast)@E-E-s2Y?
12-14 03:46:43.774  2470  2470 V SMSVC   : getSubscriptionUserHandle subId = 1 userHandle = UserHandle{-10000}
12-14 03:46:43.774  1564  2491 I Telecom : InCallController: Calling onMuteStateChanged: (...->CS.crCo->H.CS.crCo->H.CS.crCo.pICR)->CSW.hCCC->CARSM.pM_UPDATE_SYSTEM_AUDIO_ROUTE(cap/cast)@E-E-s2Y?
12-14 03:46:43.776  2470  2470 V Telephony: GsmConnection: refreshConferenceSupported : isConfSupp=true, isImsConfSupp=true, isVidConfSupp=false, isMergeOfWifiAllowed=true, isWifi=false, isVoWifiEnabled=false
12-14 03:46:43.776  2470  2470 D Telephony: refreshConferenceSupported = true.
12-14 03:46:43.776  2371  2371 I SHANNON_IMS: 3174 [MEDI] Imsmedia=com.shannon.imsservice.media.ImsMedia@ddeef5c, from=SLID:0 CID:-1 CURI:469****372 MLT:false  ICP:{ serviceType=1, callType=2, restrictCause=0, mediaProfile={ audioQuality=0, audioDirection=3, audioCodecAttribute=null, videoQuality=0, videoDirection=-1, rttMode=0, hasRttAudioSpeech=false }, emergencyServiceCategories=0, emergencyUrns=[], emergencyCallRouting=0, emergencyCallTesting=false, hasKnownUserIntentEmergency=false, mRestrictCause=0, mCallerNumberVerstat= 0, mAcceptedRtpHeaderExtensions= [] }CST:NEGOTIATING  HRS:IDLE IC:false ECC:NONE WFC:false VCC:false OIR:2 CRS:false CUI:CCID:0 MP:false CCS:IDLE L(0):[] PCR:UNSPECIFIED LRS:LOCATION_NOT_REQUESTED, to=0 [com.shannon.imsservice.media.ImsCallInstanceListener@2022265] (ImsCallInstanceListener%notifyCallIdUpdated:40)
12-14 03:46:43.776  2371  2371 D SHANNON_IMS: 3176 [MEDI] updating a rx resource mutex to: 0 [com.shannon.imsservice.media.ImsMediaManager@a3f0b70] (ImsMediaManager%updateImsMediaCallIdFrom:151)
12-14 03:46:43.776  2371  2371 I SHANNON_IMS: 3177 [MEDI] setRxActivatedBy: slot(0) call(0) (ResourceMutex%setRxActivatedBy:169)
12-14 03:46:43.776  2371  2371 D SHANNON_IMS: 3178 [MEDI] updating a tx resource mutex to: 0 [com.shannon.imsservice.media.ImsMediaManager@a3f0b70] (ImsMediaManager%updateImsMediaCallIdFrom:155)
12-14 03:46:43.776  2371  2371 I SHANNON_IMS: 3179 [MEDI] setTxActivatedBy: slot(0) call(0) (ResourceMutex%setTxActivatedBy:89)
12-14 03:46:43.777  1564  1811 I Telecom : InCallController: Sending updateCall [Call id=TC@1518, state=DIALING, tpac=ComponentInfo{com.android.phone/com.android.services.telephony.TelephonyConnectionService}, 1, UserHandle{0}, cmgr=ComponentInfo{com.android.phone/com.android.services.telephony.TelephonyConnectionService}, 1, UserHandle{0}, handle=tel:********72, vidst=A, childs(0), has_parent(false), cap=[ sup_hld mut !v2a], prop=[]], voip=false: CSW.rE(cap)@s3o?
12-14 03:46:43.778  1564  1811 I Telecom : InCallController: Components updated: [ComponentInfo{com.google.android.bluetooth/com.android.bluetooth.telephony.BluetoothInCallService}, ComponentInfo{com.google.android.apps.scone/com.google.android.apps.scone.coex.StateService}, ComponentInfo{com.google.android.googlequicksearchbox/com.google.android.libraries.search.assistant.incallservice.IncomingCallInCallService}, ComponentInfo{android/com.android.server.companion.datatransfer.contextsync.CallMetadataSyncInCallService}, ComponentInfo{com.google.android.dialer/com.android.incallui.InCallServiceImpl}]: CSW.rE(cap)@s3o?
12-14 03:46:43.778 30410 30436 I Dialerjfw: com.android.dialer.spam.status.incall.impl.service.SpamStatusInCallUpdater$onCallDialingStarted$1.invokeSuspend:53 CheckSpamStatus - Outgoing call
12-14 03:46:43.780 30410 30473 I DialerInCallLoggingImpl: com.android.dialer.incall.logging.impl.InCallLoggingImpl.addImpressionInternal:69 InCall-Impression: DO_NOT_START_IN_CALL_ACTIVITY_ON_DIALING_STARTED_BECAUSE_UI_IS_VISIBLE, CallId: DialerCall_0
12-14 03:46:43.780  2371  2371 I SHANNON_IMS: 3180 [HELP] #:PURP:# SOL TX{RILC_REQ_AIMS_SET_FRAME_TIME} : SLID:0   [SLID:0  Active:true] (ImsRilHelper%sendRequest:313)
12-14 03:46:43.780  2371  2371 V ImsRIL  : [ImsRIL_10635]> STATUS_MAX 00 02 C4 83 26 68 8C 01 00 00 
12-14 03:46:43.781  2371  2371 D SHANNON_IMS: 3181 [ADAP] Sending ntpTime:  46-14 03:46:43.780 [SLID:0 ] (CallSessionAdaptor%updateNtpTime:443)
12-14 03:46:43.782  1118  1248 D RIL_EXTERNAL: sendRequestRaw
12-14 03:46:43.782  1118  1248 V RIL     : [RilApplication] externalOnRequest reqOemId=10308, t=0xb400007c3e08bf50, socketid=0
12-14 03:46:43.782  1118  1248 V RIL     : [RilContext_0] SendMessage RIL Request Routing : RCM ID=10308 Service ID=8 Message ID=8028 delayMillis=0
12-14 03:46:43.782  1118  1248 V RIL     : [ServiceMgr] msg(0xb400007bae06fd60) msgId=8028 svc=ImsService_0(8) direction=Request
12-14 03:46:43.782 30410 30434 I DialerCompositeSpam: com.android.dialer.spam.composite.CompositeSpam.checkSpamStatus:291 enter
12-14 03:46:43.782  2470  2470 D RILJ    : [2157]> GET_ACTIVITY_INFO [PHONE0]
12-14 03:46:43.782 30410 30434 I DialerCompositeSpam: com.android.dialer.spam.composite.CompositeSpam.checkSpamStatusInAppCatchingAll:391 querying inAppSpam
12-14 03:46:43.782  2470  2470 D Telephony: updateExtras extras: null
12-14 03:46:43.782  2470  2470 I TelecomFramework: TelephonyConnectionService: notifyCreateConnectionComplete TC@1518_1: (...->CSW.hCCC)->CS.crCoC->H.CS.crCoC(cap/cast)@E-E-E-s2Y
12-14 03:46:43.782  1118  1118 D RILC-AIDL_SERVICE: RadioModemProxy::getModemActivityInfo: serial 82157
12-14 03:46:43.782 30410 30473 I DialerAccelerometerTracker: com.android.dialer.incall.proximitysensor.impl.incall.AccelerometerTracker.lambda$enable$0:135 sensorEventListener already enabled.
12-14 03:46:43.782  1118  1118 D RILC-AIDL_SERVICE: ModemActivityInfoCommand::onRequest: serial 82157
12-14 03:46:43.782  1118  1118 V RIL     : [RilContext_0] SendMessage RIL Request Routing : RCM ID=135 Service ID=4 Message ID=5082 delayMillis=0
12-14 03:46:43.782  1118  1118 V RIL     : [ServiceMgr] msg(0xb400007bae071180) msgId=5082 svc=MiscService_0(4) direction=Request
12-14 03:46:43.782  1118  1261 I RIL     : [MiscService_0] GetActivityInfotHandler OnRequest()
12-14 03:46:43.782  1118  1261 I RIL     : [RilContext_0] Send 
12-14 03:46:43.782  1118  1261 V RIL     : [RilContext_0] RecordRequestHistory token=0xEF35
12-14 03:46:43.782  1118  1261 I RIL     : [RilContext_0] Send 
12-14 03:46:43.782  1118  1261 V RIL     : [/dev/umts_ipc0][TX] SIT_GET_ACTIVITY_INFO, REQ, 12 bytes, Token(0xef35)
12-14 03:46:43.782  1118  1261 V RIL     :  00 00 0c 09 0c 00 35 ef   00 00 00 00
12-14 03:46:43.783 30410 30473 I DialerAccelerometerTracker: com.android.dialer.incall.proximitysensor.impl.incall.AccelerometerTracker.lambda$enable$0:135 sensorEventListener already enabled.
12-14 03:46:43.783  1118  1265 I RIL     : [ImsService_0] AimsDefaultHandler OnRequest()
12-14 03:46:43.783  1118  1265 V RIL     : [ImsService_0] AIMS Request: msgId=8028 requestId=10308 parameter=0x0xb400007cbe06b470 parameter length=10
12-14 03:46:43.783  1118  1265 I RIL     : [RilContext_0] Send 
12-14 03:46:43.783  1118  1265 V RIL     : [RilContext_0] RecordRequestHistory token=0xEF36
12-14 03:46:43.783  1118  1265 I RIL     : [RilContext_0] Send 
12-14 03:46:43.783  1118  1265 V RIL     : [/dev/umts_ipc0][TX] SIT_AIMS_SET_FRAME_TIME, REQ, 22 bytes, Token(0xef36)
12-14 03:46:43.783  1118  1265 V RIL     :  00 00 0b 0d 16 00 36 ef   00 00 00 00 00 02 c4 83  
12-14 03:46:43.783  1118  1265 V RIL     :  26 68 8c 01 00 00
12-14 03:46:43.783 30410 30473 I DialerAccelerometerTracker: com.android.dialer.incall.proximitysensor.impl.incall.AccelerometerTracker.lambda$enable$0:135 sensorEventListener already enabled.
12-14 03:46:43.784 30410 30434 I DialerCompositeSpam: com.android.dialer.spam.composite.CompositeSpam.checkSpamStatusStirShakenCatchingAll:410 querying stirShakenSpam
12-14 03:46:43.784 30410 30434 I DialerStirShakenSpam: com.android.dialer.spam.stirshaken.StirShakenSpam.getSpamStatus:138 number: **********
12-14 03:46:43.784 30410 30434 I DialerStirShakenSpam: com.android.dialer.spam.stirshaken.StirShakenSpam.fromVerificationStatus:380 Stir/Shaken status from verification status: 0
12-14 03:46:43.784  2470  2470 D TelephonyNetworkFactory[0]: onNeedNetworkFor [NetworkRequest [ REQUEST id=7296, [ Capabilities: INTERNET&NOT_RESTRICTED&TRUSTED&NOT_VCN_MANAGED Uid: 10162 RequestorUid: 10162 RequestorPkg: com.google.android.dialer UnderlyingNetworks: Null] ], mPriority=20, state=UNSATISFIED, mAttachedDataNetwork=null, isMetered=true, created time=03:46:43.783, evaluation result=null] shouldApply true
12-14 03:46:43.784 30410 30434 I DialerLogcatLoggingBindings: com.android.dialer.logging.logcat.LogcatLoggingBindings.logImpression:51 Impression: STIR_SHAKEN_FROM_VERIFICATION_STATUS
12-14 03:46:43.784 30410 30434 I DialerStirShakenSpam: com.android.dialer.spam.stirshaken.StirShakenSpam.lambda$storeResults$2:238 storing result
12-14 03:46:43.784  2470  2470 I TelecomFramework: TelephonyConnectionService: onAvailableCallEndpointsChanged TC@1518_1: (...->CSW.hCCC->CARSM.pM_UPDATE_SYSTEM_AUDIO_ROUTE)->CS.oACEC->H.CS.cASC(cap/cast/cast)@E-E-E-s2Y
12-14 03:46:43.810   976   976 W [11:46:43.787487][cfg80211][wlan] wl_cfgvendor_tx_power_scenario: SAR: tx_power_mode 2 SUCCESS
12-14 03:46:43.784  2470  2470 I TelecomFramework: TelephonyConnectionService: onCallEndpointChanged TC@1518_1 [CallEndpoint Name: Earpiece, Type: EARPIECE, Identifier: a60159c1-73dd-46e5-acab-35204867aa13]: (...->CSW.hCCC->CARSM.pM_UPDATE_SYSTEM_AUDIO_ROUTE)->CS.oCEC->H.CS.cASC(cap/cast/cast)@E-E-E-s2Y
12-14 03:46:43.785  2470  2470 I TelecomFramework: TelephonyConnectionService: onMuteStateChanged TC@1518_1 false: (...->CSW.hCCC->CARSM.pM_UPDATE_SYSTEM_AUDIO_ROUTE)->CS.oMSC->H.CS.cASC(cap/cast/cast)@E-E-E-s2Y
12-14 03:46:43.785  2470  2470 I TelecomFramework: TelephonyConnectionService: onAudioStateChanged TC@1518_1 [AudioState isMuted: false, route: EARPIECE, supportedRouteMask: EARPIECE, SPEAKER, activeBluetoothDevice: [null], supportedBluetoothDevices: []]: (...->CSW.hCCC->CARSM.pM_UPDATE_SYSTEM_AUDIO_ROUTE)->CS.cASC->H.CS.cASC(cap/cast/cast)@E-E-E-s2Y
12-14 03:46:43.785 30410 30438 I DialerXatuController: com.android.dialer.xatu.impl.service.XatuController.onCallDialingStarted:247 [DialerCall_0] dialing [CONTEXT enable_persistent_logger=true ]
12-14 03:46:43.785  2470  2470 D DNC-0   : onAddNetworkRequest: added [NetworkRequest [ REQUEST id=7296, [ Capabilities: INTERNET&NOT_RESTRICTED&TRUSTED&NOT_VCN_MANAGED Uid: 10162 RequestorUid: 10162 RequestorPkg: com.google.android.dialer UnderlyingNetworks: Null] ], mPriority=20, state=UNSATISFIED, mAttachedDataNetwork=null, isMetered=true, created time=03:46:43.783, evaluation result=null]
12-14 03:46:43.786  2470  2470 D DN-100-C: ConnectedState: Successfully attached network request [NetworkRequest [ REQUEST id=7296, [ Capabilities: INTERNET&NOT_RESTRICTED&TRUSTED&NOT_VCN_MANAGED Uid: 10162 RequestorUid: 10162 RequestorPkg: com.google.android.dialer UnderlyingNetworks: Null] ], mPriority=20, state=SATISFIED, mAttachedDataNetwork=DN-100-C, isMetered=true, created time=03:46:43.783, evaluation result=null]
12-14 03:46:43.786  2470  2470 E IccPhoneBookIM: [IccPbInterfaceManager] EVENT_LOAD_DONE: Cannot load ADN records; ex=java.lang.RuntimeException: load failed
12-14 03:46:43.786  2470  7667 W IccProvider: Cannot load ADN records
12-14 03:46:43.788  1118  1274 V RIL     : [/dev/umts_ipc0][RX] SIT_AIMS_SET_FRAME_TIME, RSP, 12 bytes, Token(0xef36), OK(RCM_E_SUCCESS)
12-14 03:46:43.788  1118  1274 V RIL     :  01 00 0b 0d 0c 00 36 ef   00 00 00 00
12-14 03:46:43.788  1118  1274 I RIL     : [RilContext_0] ProcessModemData 
12-14 03:46:43.788  1118  1274 V RIL     : WaitList::Find() found record : token=0xEF36 SrcService ID =8 DestService ID=8 Result Id=8028
12-14 03:46:43.788  1118  1274 V RIL     : [RilContext_0] SendMessage RCM Response Routing : Type=0001, RCM ID=0x0D0B Service ID=8 Message ID=8028
12-14 03:46:43.788  1118  1274 V RIL     : [ServiceMgr] msg(0xb400007bae06f5f0) msgId=8028 svc=ImsService_0(8) direction=Response
12-14 03:46:43.788  1118  1274 V RIL     : [/dev/umts_ipc0][RX] SIT_GET_ACTIVITY_INFO, RSP, 140 bytes, Token(0xef35), OK(RCM_E_SUCCESS)
12-14 03:46:43.788  1118  1274 V RIL     :  01 00 0c 09 8c 00 35 ef   00 00 00 00 00 00 00 00  
12-14 03:46:43.788  1118  1274 V RIL     :  8e 01 00 00 00 00 00 00   00 00 00 00 00 00 00 00  
12-14 03:46:43.788  1118  1274 V RIL     :  00 00 00 00 00 00 00 00   00 00 00 00 00 00 00 00  
12-14 03:46:43.788  1118  1274 V RIL     :  00 00 00 00 00 00 00 00   00 00 00 00 00 00 00 00  
12-14 03:46:43.788  1118  1274 V RIL     :  00 00 00 00 01 00 00 00   00 00 00 00 01 00 00 00  
12-14 03:46:43.788  1118  1274 V RIL     :  00 00 00 00 00 00 00 00   55 00 00 00 00 00 00 00  
12-14 03:46:43.788  1118  1274 V RIL     :  00 00 00 00 00 00 00 00   00 00 00 00 00 00 00 00  
12-14 03:46:43.788  1118  1274 V RIL     :  00 00 00 00 00 00 00 00   00 00 00 00 00 00 00 00  
12-14 03:46:43.788  1118  1274 V RIL     :  00 00 00 00 00 00 00 00   00 00 00 00
12-14 03:46:43.788  1118  1274 I RIL     : [RilContext_0] ProcessModemData 
12-14 03:46:43.788  1118  1274 V RIL     : WaitList::Find() found record : token=0xEF35 SrcService ID =4 DestService ID=4 Result Id=5082
12-14 03:46:43.788  1118  1274 V RIL     : [RilContext_0] SendMessage RCM Response Routing : Type=0001, RCM ID=0x090C Service ID=4 Message ID=5082
12-14 03:46:43.788  1118  1274 V RIL     : [ServiceMgr] msg(0xb400007bae0b52e0) msgId=5082 svc=MiscService_0(4) direction=Response
12-14 03:46:43.788  1118  1265 I RIL     : [ImsService_0] AimsDefaultHandler OnResponse()
12-14 03:46:43.788  1118  1265 V RIL     : [ImsService_0] AIMS Response: msgId=8028 errorCode=0 parameter=0x0x0 parameter length=0
12-14 03:46:43.789  1118  1261 I RIL     : [MiscService_0] GetActivityInfotHandler OnResponse()
12-14 03:46:43.789  1118  1265 I RIL     : [RilContext_0] OnRequestComplete 
12-14 03:46:43.789  1118  1265 I RIL     : [RilContext_0] ProcessSolicitedResponse Request ID=10308
12-14 03:46:43.789  1118  1265 D RIL_EXTERNAL: sendRequestRawResponse: 10635
12-14 03:46:43.789  1118  1265 D RIL_EXTERNAL: sendRequestRawResponse: serial 10635, RILC_REQ_AIMS_SET_FRAME_TIME(108) slotId 0 RIL_Errno 0
12-14 03:46:43.789  1118  1265 D RIL_EXTERNAL: sendRequestRawResponse
12-14 03:46:43.789  1118  1265 D RIL_EXTERNAL: sendRequestRawResponse
12-14 03:46:43.789  1118  1265 V RIL     : [RilContext_0] RemoveRequestHistory  token=0xEF36
12-14 03:46:43.789  1118  1261 I RIL     : [RilContext_0] OnRequestComplete 
12-14 03:46:43.789  1118  1261 I RIL     : [RilContext_0] ProcessSolicitedResponse Request ID=135
12-14 03:46:43.789  1118  1261 D RILC    : RequestComplete, RIL_SOCKET_1
12-14 03:46:43.789  1118  1261 E RILC    : Calling responseFunction() for token 82157
12-14 03:46:43.789  1118  1261 D RILC-AIDL_SERVICE: ModemActivityInfoCommand::onResponse: serial 82157
12-14 03:46:43.789  1118  1261 V RIL     : [RilContext_0] RemoveRequestHistory  token=0xEF35
12-14 03:46:43.789  2470  7667 D RILJ    : [2157]< GET_ACTIVITY_INFO ModemActivityInfo{ mTimestamp=732534525 mSleepTimeMs=0 mIdleTimeMs=398 mActivityStatsTechSpecificInfo=[{mRat=GERAN,mFrequencyRange=UNKNOWN,mTxTimeMs[]=[0, 0, 0, 0, 0],mRxTimeMs=0}, {mRat=UTRAN,mFrequencyRange=UNKNOWN,mTxTimeMs[]=[0, 0, 0, 0, 0],mRxTimeMs=0}, {mRat=EUTRAN,mFrequencyRange=UNKNOWN,mTxTimeMs[]=[1, 0, 1, 0, 0],mRxTimeMs=85}, {mRat=NGRAN,mFrequencyRange=HIGH,mTxTimeMs[]=[0, 0, 0, 0, 0],mRxTimeMs=0}, {mRat=NGRAN,mFrequencyRange=MMWAVE,mTxTimeMs[]=[0, 0, 0, 0, 0],mRxTimeMs=0}]} [PHONE0]
12-14 03:46:43.789  2310  2370 D GRIL-WifiExt-Aidl: SAR Scenario Changed to scenario: 3
12-14 03:46:43.789  2371  3602 I SHANNON_IMS: 3182 [ADAP] SOL RX{RILC_REQ_AIMS_SET_FRAME_TIME}  status : STATUS_SUCCESS [SLID:0 ] (SolicitedMessage%handleMessage:66)
12-14 03:46:43.789  2310  2370 D GRIL-WifiExt-Aidl: Notifying Registrant
12-14 03:46:43.789 30410 30467 I DialerStatusBarNotifier: com.android.dialer.incall.statusbarnotification.ui.StatusBarNotifier.lambda$updateModelAndNotification$1:438 Received new model for Call: DialerCall_0 - time to retrieve: 36
12-14 03:46:43.790 30410 30467 I DialerStatusBarNotifier: com.android.dialer.incall.statusbarnotification.ui.StatusBarNotifier.lambda$updateModelAndNotification$1:448 model unchanged, so no updates for now
12-14 03:46:43.790  2310  2310 D GRIL-S  : [50716]> UPDATE_DEVICE_STATE DeviceState: Usb:1, Wifi: 0, Wifi AP: 0, Earpiece: 1, Bluetooth: 1, Wireless charging: 0, Screen: 1, Camera: 0, 0, -, -, Motion: 0, Bluetooth tethering: 0, Voice: 1, Wifi 2.4G: 0, Radio: 1, Bluetooth connected: 0, Bluetooth media: 0, Wifi Band: 0, Wifi AP Band: 0, Wifi call: 0, mmWave: 0, mCellBackhaul: 0, mHallSensor: 0, mDozeStatus: 1, mAppClassInfo: 0
12-14 03:46:43.790 30410 30467 I DialerStatusBarNotifier: com.android.dialer.incall.statusbarnotification.ui.StatusBarNotifier$1.onSuccess:254 Update finished successfully. updateInProgress set to false
12-14 03:46:43.790 30410 30467 I DialerStatusBarNotifier: com.android.dialer.incall.statusbarnotification.ui.StatusBarNotifier.onCallGraphUpdated:226 updateInProgress: false
12-14 03:46:43.790 30410 30467 I DialerStatusBarNotifier: com.android.dialer.incall.statusbarnotification.ui.StatusBarNotifier.getModel:475 PrimaryCallGraph present: true; model already present: true
12-14 03:46:43.790   972  7484 I SIT-OEM : Type: REQUEST MSG: device_state_message(11) Token: 0x11d6 
12-14 03:46:43.791   972  7484 D SIT-OEM : Raw (idx=0~32): 0801150b0000001dd61100005a2b0a2908021001180120022801300138024202
12-14 03:46:43.791   972  7484 D SIT-OEM : Raw (idx=32~57): 01014801500158006000680178800180018001880101900100
12-14 03:46:43.791  1564  1811 D TelephonyManager: requestModemActivityInfo: Sending result to app: ModemActivityInfo{ mTimestamp=732534525 mSleepTimeMs=0 mIdleTimeMs=347970820 mActivityStatsTechSpecificInfo=[{mRat=GERAN,mFrequencyRange=UNKNOWN,mTxTimeMs[]=[0, 0, 0, 0, 0],mRxTimeMs=220}, {mRat=UTRAN,mFrequencyRange=UNKNOWN,mTxTimeMs[]=[0, 0, 0, 0, 0],mRxTimeMs=0}, {mRat=EUTRAN,mFrequencyRange=UNKNOWN,mTxTimeMs[]=[19112822, 2339807, 3994567, 2386921, 555618],mRxTimeMs=314959234}, {mRat=NGRAN,mFrequencyRange=HIGH,mTxTimeMs[]=[1, 317, 46733, 37186, 2325617],mRxTimeMs=140891100}, {mRat=NGRAN,mFrequencyRange=MMWAVE,mTxTimeMs[]=[0, 0, 0, 0, 0],mRxTimeMs=0}, {mRat=UNKNOWN,mFrequencyRange=UNKNOWN,mTxTimeMs[]=[0, 0, 0, 0, 0],mRxTimeMs=0}]}
12-14 03:46:43.791 30410 30470 I DialerLegacyCountryDetector: com.android.dialer.location.LegacyCountryDetector.getCurrentCountryIso:99 returning Redacted-2-chars
12-14 03:46:43.791 30410 30470 I DialerDialerPhoneNumberUtil: com.android.dialer.phonenumberproto.DialerPhoneNumberUtil.parse:96 country ISO set to default region
12-14 03:46:43.792 30410 30473 I DialerGamingModeSupportImpl: com.android.dialer.gamingmodesupport.impl.GamingModeSupportImpl.isGamingModeOn:61 gaming mode off
12-14 03:46:43.792 30410 30467 I DialerCallStatusTextGenerator: com.android.dialer.incall.statusbarnotification.basiccontent.CallStatusTextGenerator.getCallStatusTextFromResources:171 Notification call status text: Dialing
12-14 03:46:43.792 30410 30473 I DialerCallStatusTextGenerator: com.android.dialer.incall.statusbarnotification.basiccontent.CallStatusTextGenerator.getCallStatusTextFromResources:171 Notification call status text: Dialing
12-14 03:46:43.792 30410 30471 I DialerDrawableConverter: com.android.dialer.util.DrawableConverter.drawableToBitmap:64 created bitmap with width: 147, height: 147
12-14 03:46:43.792 30410 30473 I DialerFixedDialingNumberPhoneLookupContributor: com.android.dialer.fixeddialingnumber.impl.phonelookup.FixedDialingNumberPhoneLookupContributor.lambda$getFdnListFromUri$6:237 empty cursor
12-14 03:46:43.793 30410 30470 I DialerDialerPhoneNumberUtil: com.android.dialer.phonenumberproto.DialerPhoneNumberUtil.parse:142 normalized number is set to valid number
12-14 03:46:43.793 30410 30410 I Dialerfqu: com.android.dialer.errors.dataservice.SubscriptionMixinCallbacksFactory$createLocalSubscriptionCallbacks$1.onLoaded:40 LocalSubscriptionCallbacks onLoaded called for Optional[VoiceModel{callId=DialerCall_0, outgoingCallRequestId=Optional.empty, modelType=PRODUCED, contactGridDataModel=LegacyContactGridModel{callId=DialerCall_0, outgoingCallRequestId=Optional.empty, avatar=Avatar{photoInfo=# fvh@841bcb2}, topRow=TopRow{label=Optional[Calling], singleLine=true, validatedIconVisible=false, validationIconResId=Optional.empty}, middleRow=MiddleRow{label=Optional[?(469) 863-6372?]}, bottomRow=BottomRow{label=Optional[Texas], timeVisible=false, workIconVisible=false, forwardedIconVisible=false, spamIconVisible=false, shouldPopulateAccessibilityEvent=true, callStartTime=0}, colorScheme=DEFAULT, deviceNumberRow=DeviceNumberRow{label=Optional.empty}, nameAmbiguous=false, icons=[], callState=DIALING, labelForConnecting=Calling}, fixedVoiceButtonsList=[# hrt@a300a8c5, # hrt@6fc73f4a, # hrt@e5fe0376, # hrt@dc79a8ff], buttonsList=[], shouldShowButtonRow=true, contactGridModeOneColumnLayout=2, contactGridModeTwoColumnLayout=2, shouldShowDialpad=false, shouldShowAudioRouteSelector=false, shouldShowButtonDrawer=false, shouldShowBottomSheetFragment=false, shouldShowBluetoothPermissionsPrompt=false, callAudioDevicesList=[CallAudioDevice{audioRoute=ROUTE_SPEAKER, bluetoothDevice=Optional.empty, name=Optional[Speaker], selected=Optional[false]}, CallAudioDevice{audioRoute=ROUTE_EARPIECE, bluetoothDevice=Optional.empty, name=Optional[Phone], selected=Optional[true]}], centerFragmentKey=Optional.empty, bottomRowFragmentKey=Optional.empty, bottomSheetFragmentKey=Optional.empty, dialogFragmentKey=Optional.empty, snackbarKey=Optional.empty, shouldEnableEndCallButton=true, shownAsFallbackFragment=false}]
12-14 03:46:43.793 30410 30410 I DialerVoiceFragmentPeer: com.android.dialer.incall.voice.ui.VoiceFragmentPeer.updateAndShowButtonRow:1052 enter
12-14 03:46:43.794 30410 30410 I DialerVoiceFragmentPeer: com.android.dialer.incall.voice.ui.VoiceFragmentPeer.emitCuiEventOnButtonUpdate:1819 enter
12-14 03:46:43.794 30410 30471 I DialerInCallLoggingImpl: com.android.dialer.incall.logging.impl.InCallLoggingImpl.addImpressionInternal:69 InCall-Impression: REGULAR_SIZE_BUTTON_ROW, CallId: DialerCall_0
12-14 03:46:43.794 30410 30410 I Dialerekt: com.android.dialer.cui.impl.InternalSemanticEventLoggerImpl.handleEvent:112 CUI event: IN_CALL_CALLING_TEXT_SHOWN; uniqueCallId: 5c4d416b-a5a0-4c59-be4a-bfe94d45e863
12-14 03:46:43.794 30410 30410 I DialerContactGridSubscriber: com.android.dialer.incall.contactgrid.ContactGridSubscriber.attemptEmittingFirstContactDisplayedEvent:582 Waiting middle row to draw to log the information was shown
12-14 03:46:43.795 30410 30410 I DialerContactGridSubscriber: com.android.dialer.incall.contactgrid.ContactGridSubscriber.lambda$updateBottomRow$45:900 updating to 0 icons with color scheme: DEFAULT
12-14 03:46:43.795 30410 30410 I Dialerekt: com.android.dialer.cui.impl.InternalSemanticEventLoggerImpl.handleEvent:112 CUI event: BOUNCE_VOICE_FRAGMENT_DATA_LOADED; uniqueCallId: 5c4d416b-a5a0-4c59-be4a-bfe94d45e863
12-14 03:46:43.796 30410 30469 I DialerDrawableConverter: com.android.dialer.util.DrawableConverter.drawableToBitmap:64 created bitmap with width: 168, height: 168
12-14 03:46:43.795   895   948 I netd    : tetherGetStats() -> {[]} <2.39ms>
12-14 03:46:43.796 30410 30469 I DialerStatusBarNotifier: com.android.dialer.incall.statusbarnotification.ui.StatusBarNotifier.lambda$updateModelAndNotification$1:438 Received new model for Call: DialerCall_0 - time to retrieve: 6
12-14 03:46:43.796 30410 30469 I DialerStatusBarNotifier: com.android.dialer.incall.statusbarnotification.ui.StatusBarNotifier.applyCallStyle:632 Setting 'CallStyle' for notification.
12-14 03:46:43.796  2371  2371 I SHANNON_IMS: 3183 [CALL] updateCallRatType : LTE [SLID:0 CID:0 CURI:469****372 MLT:false  ICP:{ serviceType=1, callType=2, restrictCause=0, mediaProfile={ audioQuality=0, audioDirection=3, audioCodecAttribute=null, videoQuality=0, videoDirection=-1, rttMode=0, hasRttAudioSpeech=false }, emergencyServiceCategories=0, emergencyUrns=[], emergencyCallRouting=0, emergencyCallTesting=false, hasKnownUserIntentEmergency=false, mRestrictCause=0, mCallerNumberVerstat= 0, mAcceptedRtpHeaderExtensions= [] }CST:INITIATED  HRS:IDLE IC:false ECC:NONE WFC:false VCC:false OIR:2 CRS:false CUI:CCID:0 MP:false CCS:IDLE L(0):[] PCR:UNSPECIFIED LRS:LOCATION_NOT_REQUESTED] (ImsCall%updateCallRatType:689)
12-14 03:46:43.796 30410 30473 I DialerInCallUpdatePropagatorImpl: com.android.dialer.incall.core.dataservice.impl.InCallUpdatePropagatorImpl$1.onSuccess:79 IN_CALL_UPDATE_MONITORING: fire update in the ui thread
12-14 03:46:43.796 30410 30473 I DialerInCallProductionComponentAuthorityImpl: com.android.dialer.incall.core.dataservice.impl.InCallProductionComponentAuthorityImpl.postNewPrimaryCallGraph:60 IN_CALL_UPDATE_MONITORING: start building new call graph
12-14 03:46:43.798 30410 30473 I DialerTiktokDataServiceInCallUpdateListener: com.android.dialer.incall.core.dataservice.impl.TiktokDataServiceInCallUpdateListener.onCallGraphUpdated:30 IN_CALL_UPDATE_MONITORING: enter
12-14 03:46:43.798 30410 30473 I DialerDialerBubbleController: com.android.dialer.incall.bubble.dialerbubble.DialerBubbleController.onCallGraphUpdated:79 IN_CALL_UPDATE_MONITORING: enter
12-14 03:46:43.798 30410 30473 I DialerStatusBarNotifier: com.android.dialer.incall.statusbarnotification.ui.StatusBarNotifier.onCallGraphUpdated:226 updateInProgress: true
12-14 03:46:43.798 30410 30473 I DialerStatusBarNotifier: com.android.dialer.incall.statusbarnotification.ui.StatusBarNotifier.onCallGraphUpdated:230 Setting updatedQueued to true
12-14 03:46:43.798 30410 30469 I DialerStatusBarNotifier: com.android.dialer.incall.statusbarnotification.ui.StatusBarNotifier.getActionButtonSpanColor:823 Button-style actions should be shown in the call notification because either usingCallStyle or hasFullScreenIntent is true.
12-14 03:46:43.798 30410 30469 I DialerStatusBarNotifier: For action button 20, using 'background color' Optional[-3554340]
12-14 03:46:43.798 30410 30450 I DialerLegacyCountryDetector: com.android.dialer.location.LegacyCountryDetector.getCurrentCountryIso:99 returning Redacted-2-chars
12-14 03:46:43.798 30410 30468 I DialerAlternativeSpamSolution: com.android.dialer.spam.alternativespamsolution.AlternativeSpamSolution.shouldUseAlternativeSpamSolutionForCall:62 Alternative spam solution used is false, as random hash number is 0.323200 and sample rate is 0.000000
12-14 03:46:43.798 30410 30468 I DialerCompositeSpam: com.android.dialer.spam.composite.CompositeSpam.lambda$checkSpamStatus$4:350 performing full compose
12-14 03:46:43.798 30410 30468 I DialerCompositeSpam: com.android.dialer.spam.composite.CompositeSpam.checkSpamStatusPatronusCatchingAll:432 not calling patronus spam since this is not an incoming call.
12-14 03:46:43.799 30410 30469 I DialerStatusBarNotifier: com.android.dialer.incall.statusbarnotification.ui.StatusBarNotifier.getActionButtonSpanColor:823 Button-style actions should be shown in the call notification because either usingCallStyle or hasFullScreenIntent is true.
12-14 03:46:43.799 30410 30469 I DialerStatusBarNotifier: For action button 22, using 'background color' Optional[-3554340]
12-14 03:46:43.799 30410 30473 I DialerAtlasBusinessFinderImpl: com.android.incallui.atlas.ui.impl.businessfinder.AtlasBusinessFinderImpl.findBusinessMatchingPhoneNumber:214 finding business in cache
12-14 03:46:43.799 30410 30473 I DialerAtlasBusinessFinderImpl: com.android.incallui.atlas.ui.impl.businessfinder.AtlasBusinessFinderImpl.findBusinessMatchingPhoneNumber:216 result found in cache
12-14 03:46:43.799 30410 30436 W DialerLegacyHoldForMeMddResourcesImpl: com.android.incallui.atlas.ui.impl.mddresources.impl.LegacyHoldForMeMddResourcesImpl.lambda$getDownloadedZipFileUri$3:128 No model has been downloaded yet. [CONTEXT enable_persistent_logger=true ]
12-14 03:46:43.801 30410 30469 I DialerStatusBarNotifier: com.android.dialer.incall.statusbarnotification.ui.StatusBarNotifier.startNotification:657 notification updated: Notification(channel=phone_ongoing_call shortcut=null contentView=null vibrate=null sound=null defaults=0x0 flags=0xa color=0xff484459 category=call actions=3 vis=PRIVATE publicVersion=Notification(channel=null shortcut=null contentView=null vibrate=null sound=null defaults=0x0 flags=0x0 color=0xff484459 vis=PRIVATE))
12-14 03:46:43.801 30410 30469 I DialerStatusBarNotificationController: com.android.dialer.incall.statusbarnotification.service.StatusBarNotificationController.onNotificationModelShown:137 Notification model shown: DEFAULT
12-14 03:46:43.802 30410 30469 I Dialerekt: com.android.dialer.cui.impl.InternalSemanticEventLoggerImpl.handleEvent:112 CUI event: INCOMING_CALL_NOTIFICATION_REQUESTED; uniqueCallId: 5c4d416b-a5a0-4c59-be4a-bfe94d45e863
12-14 03:46:43.802  2338  2338 D SHANNON_RCS: 6919 [0][PROX] notifySmsEvent, notify to: [CONF] SlotId: 1, ConfProviderHelper(21203494) (TelephonyProxy$1%lambda$notifySmsEvent$2:162)
12-14 03:46:43.803  2053  2129 D LocalImageResolver: Couldn't use ImageDecoder for drawable, falling back to non-resized load.
12-14 03:46:43.803 30410 30467 I DialerAtlasCallMetricsLogger: com.android.incallui.atlas.logger.AtlasCallMetricsLogger.logEnrollmentStatus:121 hold for me enrollment status:0
12-14 03:46:43.803 30410 30471 I DialerInCallLoggingImpl: com.android.dialer.incall.logging.impl.InCallLoggingImpl.addImpressionInternal:69 InCall-Impression: CUI_INFRA_CUI_EVENT_LOGGED, CallId: DialerCall_0
12-14 03:46:43.803  1564  3137 I ActivityManager: Background started FGS: Allowed [callingPackage: com.google.android.dialer; callingUid: 10162; uidState: TOP ; uidBFSL: [BFSL]; intent: Intent { act=android.telecom.InCallService cmp=com.google.android.dialer/com.android.incallui.InCallServiceImpl }; code:PROC_STATE_TOP; tempAllowListReason:<null>; targetSdkVersion:34; callerTargetSdkVersion:34; startForegroundCount:1; bindFromPackage:null: isBindService:false]
12-14 03:46:43.803 30410 30473 I DialerAccelerometerTracker: com.android.dialer.incall.proximitysensor.impl.incall.AccelerometerTracker.lambda$enable$0:135 sensorEventListener already enabled.
12-14 03:46:43.803  2338  2338 D SHANNON_RCS: 6920 [0][PROX] notifySmsEvent, notify to: [CONF] SlotId: 0, ConfProviderHelper(432508) (TelephonyProxy$1%lambda$notifySmsEvent$2:162)
12-14 03:46:43.804  2338  2338 D SHANNON_RCS: 6921 [0][PROX] notifySmsEvent, notify to: [SHAN]TelephonyProxyListener(134015839) (TelephonyProxy$1%lambda$notifySmsEvent$2:162)
12-14 03:46:43.804  8637  8637 D AudioControlCenterNotifier: onServiceConnected
12-14 03:46:43.805 30410 30469 I DialerStatusBarNotifier: com.android.dialer.incall.statusbarnotification.ui.StatusBarNotifier$1.onSuccess:254 Update finished successfully. updateInProgress set to false
12-14 03:46:43.805 30410 30469 I DialerStatusBarNotifier: com.android.dialer.incall.statusbarnotification.ui.StatusBarNotifier.onCallGraphUpdated:226 updateInProgress: false
12-14 03:46:43.805 30410 30469 I DialerStatusBarNotifier: com.android.dialer.incall.statusbarnotification.ui.StatusBarNotifier.getModel:475 PrimaryCallGraph present: true; model already present: true
12-14 03:46:43.806 30410 30468 I DialerPhoneLookupInfoConsolidator: com.android.dialer.phonelookup.consolidator.PhoneLookupInfoConsolidator.getName:204 nameSource: NONE
12-14 03:46:43.806 30410 30469 I DialerGamingModeSupportImpl: com.android.dialer.gamingmodesupport.impl.GamingModeSupportImpl.isGamingModeOn:61 gaming mode off
12-14 03:46:43.806 30410 30469 I DialerCallStatusTextGenerator: com.android.dialer.incall.statusbarnotification.basiccontent.CallStatusTextGenerator.getCallStatusTextFromResources:171 Notification call status text: Dialing
12-14 03:46:43.806 30410 30438 I DialerCallStatusTextGenerator: com.android.dialer.incall.statusbarnotification.basiccontent.CallStatusTextGenerator.getCallStatusTextFromResources:171 Notification call status text: Dialing
12-14 03:46:43.807 30410 30471 I DialerXatuController: com.android.dialer.xatu.impl.service.XatuController.setHeaderItemState:298 Show-ahead is enabled, show intro banner
12-14 03:46:43.807 30410 30467 I DialerDrawableConverter: com.android.dialer.util.DrawableConverter.drawableToBitmap:64 created bitmap with width: 168, height: 168
12-14 03:46:43.807  1564  1564 I notification_enqueue: [10162,30410,com.google.android.dialer,1,NULL,0,Notification(channel=phone_ongoing_call shortcut=null contentView=null vibrate=null sound=null defaults=0x0 flags=0x204a color=0xff484459 category=call actions=3 vis=PRIVATE publicVersion=Notification(channel=null shortcut=null contentView=null vibrate=null sound=null defaults=0x0 flags=0x0 color=0xff484459 vis=PRIVATE)),1]
12-14 03:46:43.807 30410 30471 I DialerInCallUpdatePropagatorImpl: com.android.dialer.incall.core.dataservice.impl.InCallUpdatePropagatorImpl$1.onSuccess:79 IN_CALL_UPDATE_MONITORING: fire update in the ui thread
12-14 03:46:43.807 30410 30471 I DialerInCallProductionComponentAuthorityImpl: com.android.dialer.incall.core.dataservice.impl.InCallProductionComponentAuthorityImpl.postNewPrimaryCallGraph:60 IN_CALL_UPDATE_MONITORING: start building new call graph
12-14 03:46:43.808  2338  2338 D SHANNON_RCS: 6922 [0][PROX] notifySmsEvent, notify to: [DEVP] DeviceProvisioningServiceTelephonyProxyListener(246227620) (TelephonyProxy$1%lambda$notifySmsEvent$2:162)
12-14 03:46:43.809 30410 30467 I DialerStatusBarNotifier: com.android.dialer.incall.statusbarnotification.ui.StatusBarNotifier.lambda$updateModelAndNotification$1:438 Received new model for Call: DialerCall_0 - time to retrieve: 4
12-14 03:46:43.809 30410 30467 I DialerStatusBarNotifier: com.android.dialer.incall.statusbarnotification.ui.StatusBarNotifier.lambda$updateModelAndNotification$1:448 model unchanged, so no updates for now
12-14 03:46:43.809 30410 30467 I DialerStatusBarNotifier: com.android.dialer.incall.statusbarnotification.ui.StatusBarNotifier$1.onSuccess:254 Update finished successfully. updateInProgress set to false
12-14 03:46:43.810  2338  2338 D SHANNON_RCS: 6923 [*][DEVP] onSmsEvent, No target event: shannon.rcsservice.userequipment.call.e_callStateChanged (DeviceProvisioningServiceTelephonyProxyListener%onSmsEvent:138)
12-14 03:46:43.810 30410 30471 I DialerTiktokDataServiceInCallUpdateListener: com.android.dialer.incall.core.dataservice.impl.TiktokDataServiceInCallUpdateListener.onCallGraphUpdated:30 IN_CALL_UPDATE_MONITORING: enter
12-14 03:46:43.810 30410 30471 I DialerDialerBubbleController: com.android.dialer.incall.bubble.dialerbubble.DialerBubbleController.onCallGraphUpdated:79 IN_CALL_UPDATE_MONITORING: enter
12-14 03:46:43.810  2338  2338 D SHANNON_RCS: 6924 [0][PROX] notifySmsEvent, notify to: com.shannon.rcsservice.deviceprovisioning.ShannonImsRcsConfig@3b8a0e (TelephonyProxy$1%lambda$notifySmsEvent$2:162)
12-14 03:46:43.810  2338  2338 D SHANNON_RCS: 6925 [0][PROX] notifySmsEvent, notify to: [SHAN]TelephonyProxyListener(129797919) (TelephonyProxy$1%lambda$notifySmsEvent$2:162)
12-14 03:46:43.810  2338  2338 D SHANNON_RCS: 6926 [0][PROX] notifySmsEvent, notify to: com.shannon.rcsservice.uce.ShannonRcsFeatureTelephonyProxyListener@37df3c2 (TelephonyProxy$1%lambda$notifySmsEvent$2:162)
12-14 03:46:43.810  2338  2338 D SHANNON_RCS: 6927 [0][PROX] notifySmsEvent, notify to: com.shannon.rcsservice.deviceprovisioning.ShannonImsRcsConfig@e2e3b96 (TelephonyProxy$1%lambda$notifySmsEvent$2:162)
12-14 03:46:43.810 30410 30468 I DialerAtlasBusinessFinderImpl: com.android.incallui.atlas.ui.impl.businessfinder.AtlasBusinessFinderImpl.findBusinessMatchingPhoneNumber:214 finding business in cache
12-14 03:46:43.813 30410 30468 I DialerAtlasBusinessFinderImpl: com.android.incallui.atlas.ui.impl.businessfinder.AtlasBusinessFinderImpl.findBusinessMatchingPhoneNumber:216 result found in cache
12-14 03:46:43.813  2371  2371 I SHANNON_IMS: 3184 [IMPL] #:BLUE:# Listening callSessionUpdated  [SLID:0 CID:0 CURI:469****372 MLT:false  ICP:{ serviceType=1, callType=2, restrictCause=0, mediaProfile={ audioQuality=0, audioDirection=3, audioCodecAttribute=null, videoQuality=0, videoDirection=-1, rttMode=0, hasRttAudioSpeech=false }, emergencyServiceCategories=0, emergencyUrns=[], emergencyCallRouting=0, emergencyCallTesting=false, hasKnownUserIntentEmergency=false, mRestrictCause=0, mCallerNumberVerstat= 0, mAcceptedRtpHeaderExtensions= [] }CST:INITIATED  HRS:IDLE IC:false ECC:NONE WFC:false VCC:false OIR:2 CRS:false CUI:CCID:0 MP:false CCS:IDLE L(0):[] PCR:UNSPECIFIED LRS:LOCATION_NOT_REQUESTED] (ImsCallSessionImpl$ProxyListener%callSessionUpdated:492)
12-14 03:46:43.813 30410 30410 I DialerDialerBubbleController: com.android.dialer.incall.bubble.dialerbubble.DialerBubbleController.lambda$onCallGraphUpdated$1:90 IN_CALL_UPDATE_MONITORING: fire update in the ui thread
12-14 03:46:43.813 30410 30410 I DialerContactGridSubscriber: com.android.dialer.incall.contactgrid.ContactGridSubscriber.lambda$attemptEmittingFirstContactDisplayedEvent$13:590 ContactGrid middle row shown
12-14 03:46:43.813 30410 30410 I Dialerekt: com.android.dialer.cui.impl.InternalSemanticEventLoggerImpl.handleEvent:112 CUI event: CONTACT_INFO_SHOWN; uniqueCallId: 5c4d416b-a5a0-4c59-be4a-bfe94d45e863
12-14 03:46:43.813 30410 30450 W DialerLegacyHoldForMeMddResourcesImpl: com.android.incallui.atlas.ui.impl.mddresources.impl.LegacyHoldForMeMddResourcesImpl.lambda$getDownloadedZipFileUri$3:128 No model has been downloaded yet. [CONTEXT enable_persistent_logger=true ]
12-14 03:46:43.814 30410 30410 I Dialerelk: com.android.dialer.cuilogging.metadata.PhoneAndroidCuiMetadataFactory.create:36 positiveTraceId: 7640265366080982571
12-14 03:46:43.814 30410 30410 I Dialerelk: com.android.dialer.cuilogging.metadata.PhoneAndroidCuiMetadataFactory.create:43 sessionId: 74b0b53a-c50c-4856-8027-96ba22b00cfe
12-14 03:46:43.814 30410 30467 I DialerPhoneLookupInfoConsolidator: com.android.dialer.phonelookup.consolidator.PhoneLookupInfoConsolidator.getGeolocation:386 nameSource: NONE
12-14 03:46:43.814 30410 30467 I DialerPrivate: com.android.dialer.incall.callinfo.CallInfoProducerModule.lambda$produceGeoLocation$4:400 location returned from phoneLookupInfoConsolidator: Redacted-5-chars [CONTEXT ratelimit_period=\"1 MINUTES\" ]
12-14 03:46:43.814 30410 30467 I DialerInCallLoggingImpl: com.android.dialer.incall.logging.impl.InCallLoggingImpl.addImpressionInternal:69 InCall-Impression: CONTACT_GRID_MIDDLE_ROW_SET_TEXT, CallId: DialerCall_0
