10-15 21:03:26.860  1241  2904 W WindowMagnificationMgr: requestConnection duplicated request: connect=false, mConnectionState=DISCONNECTED
10-15 21:03:26.866  1241  2904 W WindowManager: Cannot find window which accessibility connection is added to
10-15 21:03:26.871  1241  8653 W WindowManager: Cannot find window which accessibility connection is added to
10-15 21:03:26.872  1241  1241 D BatterySaverPolicy: accessibility changed to true, updating policy.
10-15 21:03:26.873 27491 27491 V SafetyCenterAccessibilityListener: accessibility event occurred, safety center feature not enabled.
10-15 21:03:26.873  1241  1241 I AccessibilityManagerService: semIsAccessibilityServiceEnabled()
10-15 21:03:26.873  1241  1241 I AccessibilityManagerService: accesibilityService is null
10-15 21:03:26.873  1241  1241 I AccessibilityManagerService: semIsAccessibilityServiceEnabled()
10-15 21:03:26.873  1241  1241 I AccessibilityManagerService: accesibilityService is null
10-15 21:03:26.873  1241  1241 D AS.AudioService: Accessibility volume enabled = false
10-15 21:03:26.874 15717 15748 I A       : NGA disabled since it's running Panthera and at least one a11y feature is on.
10-15 21:03:26.874 15717 15748 I A       : (REDACTED) Nga state changed to %s
10-15 21:03:26.875 24120 25708 I A       : (REDACTED) APA or Classic session decision: %s.
10-15 21:03:26.876 24120 24216 I A       : Unsubscribed to apa or classic variant change.
10-15 21:03:26.880  2773 12156 I TouchInteractionService: onActiveNavBarRegionChanges, region : SkRegion((0,2273,388,2408)(389,2273,690,2408)(691,2273,961,2408))
10-15 21:03:26.881  2296  2296 V Navbar.Store: ----handleEvent(0) OnUpdateRemoteViewContainer(leftContainer=android.widget.LinearLayout{cbe1d66 I.E...... ......I. 0,0-118,135 #7f0b04f6 app:id/left_remoteview}, rightContainer=android.widget.LinearLayout{ccbc8a7 I.E...... ......I. 962,0-1080,135 #7f0b07aa app:id/right_remoteview}, contextualButtonVisible=false, darkIntensity=0.0) [Module] SamsungNavigationBarView
10-15 21:03:26.881  2296  2296 V Navbar.Store: ------[Band]REMOTE_VIEW_PACK_SET_REMOTEVIEW_CONTAINER
10-15 21:03:26.881  2296  2296 V Navbar.Store: --------apply(0) UpdateRemoteViewContainer
10-15 21:03:26.882  2296  2296 V Navbar.Store: --------apply(0) UpdateRemoteViewDarkIntensity
10-15 21:03:26.882  2296  2296 V Navbar.Store: handleEvent(0) OnNavBarUpdateA11YService(clickable=false, longClickable=false) [Module] NavigationBar
10-15 21:03:26.882  2296  2296 V Navbar.Store: --[Band]SETUPWIZARD_PACK_UPDATE_A11Y_SERVICE
10-15 21:03:26.887  1241  1241 I notification_cancel: [10215,24120,com.google.android.googlequicksearchbox,720896,NULL,0,0,1088,8,NULL]
10-15 21:03:26.888  1241  1241 I notification_cancel: [10215,24120,com.google.android.googlequicksearchbox,720897,NULL,0,0,1088,8,NULL]
10-15 21:03:26.888  1241  1241 I notification_cancel: [10215,24120,com.google.android.googlequicksearchbox,720900,NULL,0,0,1088,8,NULL]
10-15 21:03:26.888  1241  1241 I notification_cancel: [10215,24120,com.google.android.googlequicksearchbox,720904,NULL,0,0,1088,8,NULL]
10-15 21:03:26.889  1241  1241 I notification_cancel: [10215,24120,com.google.android.googlequicksearchbox,720905,NULL,0,0,1088,8,NULL]
10-15 21:03:26.889  1241  1241 I notification_cancel: [10215,24120,com.google.android.googlequicksearchbox,720906,NULL,0,0,1088,8,NULL]
10-15 21:03:26.889  1241  1241 I notification_cancel: [10215,24120,com.google.android.googlequicksearchbox,720907,NULL,0,0,1088,8,NULL]
10-15 21:03:26.889  1241  1241 I notification_cancel: [10215,24120,com.google.android.googlequicksearchbox,720908,NULL,0,0,1088,8,NULL]
10-15 21:03:26.890  1241  1241 I notification_cancel: [10215,24120,com.google.android.googlequicksearchbox,720909,NULL,0,0,1088,8,NULL]
10-15 21:03:26.890  1241  1241 I notification_cancel: [10215,24120,com.google.android.googlequicksearchbox,720910,NULL,0,0,1088,8,NULL]
10-15 21:03:26.898  2773 12156 I TouchInteractionService: onActiveNavBarRegionChanges, region : SkRegion((0,2273,388,2408)(389,2273,690,2408)(691,2273,961,2408))
10-15 21:03:26.906 15717 15771 I A       : Trying to enqueue PieTriggeringWorker
10-15 21:03:26.909 24120 24120 I A       : (REDACTED) eventData = %s
10-15 21:03:26.909 24120 24215 I A       : Logging success flow
10-15 21:03:26.919 15717 15771 I A       : Trying to enqueue PieTriggeringWorker
10-15 21:03:26.922 24120 24120 I A       : (REDACTED) eventData = %s
10-15 21:03:27.065  1241  2024 I commit_sys_config_file: [settings-2-0,16]
10-15 21:03:27.394  1241  8653 D AppOps  : noteOperation: reject #3 for code 105 (105) uid 1001 package com.android.phone flags: s
10-15 21:03:27.508  2616  2616 E STFService: getNetworkProperties: Location fine denied
10-15 21:03:27.880  1033 15796 I sensors-hal: handle_sns_client_event:544, [0][324135] accel_sample [-2.274, -0.622,  9.703] 370850129117135
10-15 21:03:27.894 28695 28695 D SemCscFeature: Encoded
10-15 21:03:27.905 28695 28695 I AccessibilityNodeInfoDumper: Skipping invisible child: android.view.accessibility.AccessibilityNodeInfo@270e75; boundsInParent: Rect(0, 0 - 1080, 180); boundsInScreen: Rect(0, 70 - 1080, 166); packageName: com.samsung.android.app.telephonyui; className: android.widget.LinearLayout; text: null; error: null; maxTextLength: -1; stateDescription: null; contentDescription: null; tooltipText: null; viewIdResName: com.samsung.android.app.telephonyui:id/collapsing_appbar_title_layout; uniqueId: null; checkable: false; checked: false; focusable: false; focused: false; selected: false; clickable: false; longClickable: false; contextClickable: false; enabled: true; password: false; scrollable: false; importantForAccessibility: false; visible: false; actions: [AccessibilityAction: ACTION_SELECT - null, AccessibilityAction: ACTION_CLEAR_SELECTION - null, AccessibilityAction: ACTION_ACCESSIBILITY_FOCUS - null, AccessibilityAction: ACTION_SHOW_ON_SCREEN - null]; isTextSelectable: false
10-15 21:03:27.905 28695 28695 I AccessibilityNodeInfoDumper: Skipping invisible child: android.view.accessibility.AccessibilityNodeInfo@27d1a9; boundsInParent: Rect(0, 0 - 0, 180); boundsInScreen: Rect(1080, 115 - 1080, 295); packageName: com.samsung.android.app.telephonyui; className: androidx.appcompat.widget.LinearLayoutCompat; text: null; error: null; maxTextLength: -1; stateDescription: null; contentDescription: null; tooltipText: null; viewIdResName: null; uniqueId: null; checkable: false; checked: false; focusable: false; focused: false; selected: false; clickable: false; longClickable: false; contextClickable: false; enabled: true; password: false; scrollable: false; importantForAccessibility: false; visible: false; actions: [AccessibilityAction: ACTION_SELECT - null, AccessibilityAction: ACTION_CLEAR_SELECTION - null, AccessibilityAction: ACTION_ACCESSIBILITY_FOCUS - null, AccessibilityAction: ACTION_SHOW_ON_SCREEN - null]; isTextSelectable: false
10-15 21:03:27.906 28695 28695 I AccessibilityNodeInfoDumper: Skipping invisible child: android.view.accessibility.AccessibilityNodeInfo@2728bc; boundsInParent: Rect(0, 0 - 0, 1978); boundsInScreen: Rect(0, 295 - 0, 2273); packageName: com.samsung.android.app.telephonyui; className: android.widget.FrameLayout; text: null; error: null; maxTextLength: -1; stateDescription: null; contentDescription: null; tooltipText: null; viewIdResName: com.samsung.android.app.telephonyui:id/start_pane; uniqueId: null; checkable: false; checked: false; focusable: false; focused: false; selected: false; clickable: false; longClickable: false; contextClickable: false; enabled: true; password: false; scrollable: false; importantForAccessibility: false; visible: false; actions: [AccessibilityAction: ACTION_SELECT - null, AccessibilityAction: ACTION_CLEAR_SELECTION - null, AccessibilityAction: ACTION_ACCESSIBILITY_FOCUS - null, AccessibilityAction: ACTION_SHOW_ON_SCREEN - null]; isTextSelectable: false
10-15 21:03:27.906 28695 28695 I AccessibilityNodeInfoDumper: Skipping invisible child: android.view.accessibility.AccessibilityNodeInfo@273f42; boundsInParent: Rect(0, 0 - 0, 1978); boundsInScreen: Rect(1080, 295 - 1080, 2273); packageName: com.samsung.android.app.telephonyui; className: android.widget.FrameLayout; text: null; error: null; maxTextLength: -1; stateDescription: null; contentDescription: null; tooltipText: null; viewIdResName: com.samsung.android.app.telephonyui:id/end_pane; uniqueId: null; checkable: false; checked: false; focusable: false; focused: false; selected: false; clickable: false; longClickable: false; contextClickable: false; enabled: true; password: false; scrollable: false; importantForAccessibility: false; visible: false; actions: [AccessibilityAction: ACTION_SELECT - null, AccessibilityAction: ACTION_CLEAR_SELECTION - null, AccessibilityAction: ACTION_ACCESSIBILITY_FOCUS - null, AccessibilityAction: ACTION_SHOW_ON_SCREEN - null]; isTextSelectable: false
10-15 21:03:27.907 28695 28695 W AccessibilityNodeInfoDumper: Fetch time: 6ms
10-15 21:03:27.909  5635 20037 I MtpStorageManager: Got inotify CLOSE_WRITE event for : d2luZG93X2R1bXAueG1s
10-15 21:03:27.911  5635 20037 D MtpStorageManager: sendObjectInfoChanged: id=14,size=13793
10-15 21:03:27.911  1241  2075 D SettingsProvider: isChangeAllowed() : name = accessibility_enabled
10-15 21:03:27.911  1241  2075 I GenerationRegistry: mBackingStore.isClosed() : false
10-15 21:03:27.911  1241  2075 D WindowMagnificationMgr: requestConnection :false mConnectionState : 3
10-15 21:03:27.911  1241  2075 W WindowMagnificationMgr: requestConnection duplicated request: connect=false, mConnectionState=DISCONNECTED
10-15 21:03:27.913  1241  2075 D SettingsProvider: isChangeAllowed() : name = accelerometer_rotation
10-15 21:03:27.913  1241  2075 D SettingsProvider: isChangeAllowed() : name = user_rotation
10-15 21:03:27.913  1241  2075 I wm_user_rotation_changed: [0,0,28695]
10-15 21:03:27.919  1241  1241 D BatterySaverPolicy: accessibility changed to false, updating policy.
10-15 21:03:27.919  1241  2075 V WindowManager: rotationForOrientation(orient=SCREEN_ORIENTATION_UNSPECIFIED (-1), last=ROTATION_0 (0)); user=ROTATION_0 (0) USER_ROTATION_LOCKED
10-15 21:03:27.920  1241  2075 D WindowManager: rotationForOrientation, orientationSource=ActivityRecord{1328950 u0 com.samsung.android.app.telephonyui/.netsettings.ui.NetSettingsActivity} t50275}
10-15 21:03:27.920  1241  2075 V WindowManager: Computed rotation=ROTATION_0 (0) for display id=0 based on lastOrientation=SCREEN_ORIENTATION_UNSPECIFIED (-1) and oldRotation=ROTATION_0 (0), caller=com.android.server.wm.DisplayContent.updateRotationUnchecked:2401 com.android.server.wm.WindowManagerService.updateRotationUnchecked:4771 com.android.server.wm.WindowManagerService.freezeDisplayRotation:4671 com.android.server.wm.WindowManagerService.freezeRotation:4630 android.view.IWindowManager$Stub.onTransact:2530 com.android.server.wm.WindowManagerService.onTransact:1601 
10-15 21:03:27.925 28695 28695 D AndroidRuntime: Shutting down VM
10-15 21:03:27.926  1241  6676 W WindowManager: Cannot find window which accessibility connection is added to
10-15 21:03:27.928  1241  7346 W WindowManager: Cannot find window which accessibility connection is added to
10-15 21:03:27.929  1147  1188 I VSyncReactor: Current= 60, Period= 60, hwcPeriod= 60
10-15 21:03:27.929 15717 15751 I A       : NGA enabled in interactor.
10-15 21:03:27.929 15717 15751 I A       : (REDACTED) Nga state changed to %s
10-15 21:03:27.930  1147  1147 I Layer   : id=168088 removedFromDrawingState WindowToken{fe33df9 type=2032 android.os.Binder@1f3acc0}#168088 (108)
10-15 21:03:27.930  1147  1147 I SurfaceFlinger: id=168088 Removed WindowToken{fe33df9 type=2032 android.os.Binder@1f3acc0}#168088 (108)
10-15 21:03:27.931  1147  1147 I Layer   : id=168088 Destroyed WindowToken{fe33df9 type=2032 android.os.Binder@1f3acc0}#168088
10-15 21:03:27.935 24120 29241 I A       : Initializing all components
10-15 21:03:27.935 24120 24261 I A       : (REDACTED) onIsEnabledChanged, isEnabled: %s
10-15 21:03:27.935 24120 29241 I A       : (REDACTED) APA or Classic session decision: %s.
10-15 21:03:27.936 24120 24215 I A       : (REDACTED) State changed: %s => %s by %s and %s with %s
10-15 21:03:27.936 24120 24261 W A       : Disposing empty manager. Did you forgot to subscribe observables?
10-15 21:03:27.936 24120 24215 I A       : (REDACTED) Recognizer choice: (recognizer_type: %s, recognizer_mode: %s, choice_reason: %s)
10-15 21:03:27.936 24120 24261 W A       : Disposing empty manager. Did you forgot to subscribe observables?
10-15 21:03:27.936 24120 24261 W A       : Disposing empty manager. Did you forgot to subscribe observables?
10-15 21:03:27.936 24120 24261 W A       : Disposing empty manager. Did you forgot to subscribe observables?
10-15 21:03:27.936 24120 24261 W A       : Disposing empty manager. Did you forgot to subscribe observables?
10-15 21:03:27.936 24120 24261 W A       : Disposing empty manager. Did you forgot to subscribe observables?
10-15 21:03:27.936 24120 24261 W A       : Disposing empty manager. Did you forgot to subscribe observables?
10-15 21:03:27.937 24120 24261 W A       : Disposing empty manager. Did you forgot to subscribe observables?
10-15 21:03:27.937 24120 24261 W A       : Disposing empty manager. Did you forgot to subscribe observables?
10-15 21:03:27.937 24120 24261 W A       : Disposing empty manager. Did you forgot to subscribe observables?
10-15 21:03:27.937 24120 24261 W A       : Disposing empty manager. Did you forgot to subscribe observables?
10-15 21:03:27.937 24120 24261 W A       : Disposing empty manager. Did you forgot to subscribe observables?
10-15 21:03:27.937 24120 24261 W A       : Disposing empty manager. Did you forgot to subscribe observables?
10-15 21:03:27.937 24120 24261 W A       : Disposing empty manager. Did you forgot to subscribe observables?
10-15 21:03:27.937 24120 24261 I A       : (REDACTED) Setting session to type: %s
10-15 21:03:27.937 24120 24261 W A       : Disposing empty manager. Did you forgot to subscribe observables?
10-15 21:03:27.937 24120 24261 W A       : Disposing empty manager. Did you forgot to subscribe observables?
10-15 21:03:27.937 24120 24261 W A       : Disposing empty manager. Did you forgot to subscribe observables?
10-15 21:03:27.937 24120 24261 W A       : Disposing empty manager. Did you forgot to subscribe observables?
10-15 21:03:27.937 24120 24261 W A       : Disposing empty manager. Did you forgot to subscribe observables?
10-15 21:03:27.937 24120 24261 W A       : Disposing empty manager. Did you forgot to subscribe observables?
10-15 21:03:27.937 24120 24261 W A       : Disposing empty manager. Did you forgot to subscribe observables?
10-15 21:03:27.938 24120 24261 I A       : (REDACTED) setNavBarVisible: %s
10-15 21:03:27.938 24120 24212 I A       : (REDACTED) stopListening(%s, %s)
10-15 21:03:27.938 24120 24261 W A       : Disposing empty manager. Did you forgot to subscribe observables?
10-15 21:03:27.938 24120 24261 W A       : Disposing empty manager. Did you forgot to subscribe observables?
10-15 21:03:27.938 24120 24261 W A       : Disposing empty manager. Did you forgot to subscribe observables?
10-15 21:03:27.938 24120 24261 W A       : Disposing empty manager. Did you forgot to subscribe observables?
10-15 21:03:27.938 24120 24215 I A       : (REDACTED) onActiveStateChangeEvent: %s => %s
10-15 21:03:27.939 24120 24261 W A       : Disposing empty manager. Did you forgot to subscribe observables?
10-15 21:03:27.939 24120 24261 W A       : Disposing empty manager. Did you forgot to subscribe observables?
10-15 21:03:27.939 24120 24261 W A       : Disposing empty manager. Did you forgot to subscribe observables?
10-15 21:03:27.939 24120 24215 I A       : (REDACTED) #onActiveStateChangeEvent, newState: %s, previousState: %s.
10-15 21:03:27.941 24120 24261 I A       : (REDACTED) onDisabled. Registered: %s
10-15 21:03:27.941 24120 24261 I A       : (REDACTED) on opa visibility changed %s
10-15 21:03:27.953 24120 24216 I A       : Initialize
10-15 21:03:27.954 24120 24216 I NgaEntryPointEventSendr: setupConnection
10-15 21:03:27.958 24120 24216 I NgaEntryPointEventSendr: (REDACTED) State changed: %s => %s
10-15 21:03:27.960 24120 24215 I A       : Successfully initialized all components
10-15 21:03:27.961 15717 15717 I A       : Creating pss binder().
10-15 21:03:27.962 24120 24214 I A       : (REDACTED) on opa visibility changed %s
10-15 21:03:27.964 24120 24212 I NgaEntryPointEventSendr: onServiceConnected
10-15 21:03:27.964 15717  9474 I A       : Calling beginBinderSession().
10-15 21:03:27.965 15717  9474 I A       : beginBinderSession(): calling binder
10-15 21:03:27.965 24120 24212 I NgaEntryPointEventSendr: (REDACTED) State changed: %s => %s
10-15 21:03:27.969 15717 15771 I A       : Trying to enqueue PieTriggeringWorker
10-15 21:03:27.973  1241  8653 I ActivityManager: Changes in 10217 19 to 5, 0 to 8
10-15 21:03:27.974  1241  1792 E AppOps  : evalMode() Foreground Record OP returned IGNORE, uid - 10217, capability - 8
10-15 21:03:27.974  1241  1792 E AppOps  : evalMode() Foreground Camera OP returned IGNORE, uid - 10217, capability - 8
10-15 21:03:27.978  1241  8653 D AppOps  : noteOperation: allowing code 51 uid 10217 package com.google.android.apps.tachyon flags: s
10-15 21:03:27.979 15717 15748 E TelephonyManager: isDataEnabled Bindcalling pid : 15717, uid : 10215
10-15 21:03:27.979  1241  7346 D AppOps  : noteOperation: reject #3 for code 105 (105) uid 1001 package com.android.phone flags: s
10-15 21:03:27.980  1241  7346 D AppOps  : noteOperation: reject #3 for code 105 (105) uid 1001 package com.android.phone flags: s
10-15 21:03:27.981  1241  8653 I ActivityManager: Changes in 10217 5 to 10, 8 to 0
10-15 21:03:27.985 24120 24120 I A       : (REDACTED) eventData = %s
10-15 21:03:27.986 24120 24215 I A       : Logging success flow
10-15 21:03:27.987 15717 27895 I PBSessionCacheImpl: (REDACTED) Deleted sessionId[%d] from persistence.
10-15 21:03:27.987 15717 15771 W A       : (REDACTED) %s task was not run. Callback from Service received after client was disposed.
10-15 21:03:27.989 24120 24211 I NgaEntryPointEventSendr: (REDACTED) State changed: %s => %s (%s)
10-15 21:03:27.991 15717 15771 W SearchServiceCore: Abort, client detached.
10-15 21:03:27.992 15717 15771 I HttpStreamingTapasSearc: (REDACTED) taskGraphFactory: %s#%d
10-15 21:03:28.125  1241  2024 I commit_sys_config_file: [settings-2-0,13]
10-15 21:03:28.414  1241  4329 D AppOps  : noteOperation: reject #3 for code 105 (105) uid 1001 package com.android.phone flags: s
10-15 21:03:28.510  2616  2616 E STFService: getNetworkProperties: Location fine denied
10-15 21:03:28.787   649   649 D io_stats: !@   8,0 r 10475871 185503584 w 2818445 26039488 d 685431 73281684 f 0 0 iot 9703420 0 th 0 0 0 pt 0 inp 0 0 370746.510
10-15 21:03:28.788   649   649 D io_stats: !@ Read_top(KB): earchbox:search(15717) 44 hbox:interactor(24120) 20 system_server(1241) 4
10-15 21:03:28.788   649   649 D io_stats: !@ Write_top(KB): earchbox:search(15717) 128 system_server(1241) 104 gle.android.gms(32508) 16
10-15 21:03:28.885  2616  2685 I STFService: CoreFrequency index: 0 current: 576000 max: 1804800
10-15 21:03:28.886  2616  2685 I STFService: CoreFrequency index: 1 current: 576000 max: 1804800
10-15 21:03:28.887  2616  2685 I STFService: CoreFrequency index: 2 current: 576000 max: 1804800
10-15 21:03:28.889  2616  2685 I STFService: CoreFrequency index: 3 current: 576000 max: 1804800
10-15 21:03:28.890  2616  2685 I STFService: CoreFrequency index: 4 current: 576000 max: 1804800
10-15 21:03:28.891  2616  2685 I STFService: CoreFrequency index: 5 current: 576000 max: 1804800
10-15 21:03:28.893  2616  2685 I STFService: CoreFrequency index: 6 current: 940800 max: 2208000
10-15 21:03:28.895  2616  2685 I STFService: CoreFrequency index: 7 current: 940800 max: 2208000
10-15 21:03:28.986  1241  1792 E AppOps  : evalMode() Foreground mode : uid - 10217, op - 27, capability - 0
10-15 21:03:28.987  1241  1792 E AppOps  : evalMode() Foreground mode : uid - 10217, op - 26, capability - 0
10-15 21:03:29.434  1241  8653 D AppOps  : noteOperation: reject #3 for code 105 (105) uid 1001 package com.android.phone flags: s
10-15 21:03:29.513  2616  2616 E STFService: getNetworkProperties: Location fine denied
10-15 21:03:29.530  2296  2296 I UiThreadMonitor: setAwake 108054 3004 0
10-15 21:03:29.893  1033 15796 I sensors-hal: handle_sns_client_event:544, [0][324240] accel_sample [-2.274, -0.626,  9.699] 370852142195677
10-15 21:03:30.335  1241  1845 I commit_sys_config_file: [package-user-0,23]
10-15 21:03:30.456  1241  7346 D AppOps  : noteOperation: reject #3 for code 105 (105) uid 1001 package com.android.phone flags: s
10-15 21:03:30.518  2616  2616 E STFService: getNetworkProperties: Location fine denied
10-15 21:03:30.791   649   649 D io_stats: !@   8,0 r 10475871 185503584 w 2818475 26040260 d 685431 73281684 f 0 0 iot 9703464 0 th 0 0 0 pt 0 inp 0 0 370748.514
10-15 21:03:31.055  1241  7346 D SGM:GameManager: identifyForegroundApp. com.android.phone, mCurrentUserId: 0, callerUserId: 0
10-15 21:03:31.056  1241  7346 D SGM:PkgDataHelper: getGamePkgData(). com.android.phone
10-15 21:03:31.057  6061  6277 I PolicyManager: [#CMH#] Is foreground game app: false
10-15 21:03:31.474  1241  7346 D AppOps  : noteOperation: reject #3 for code 105 (105) uid 1001 package com.android.phone flags: s
10-15 21:03:31.520  2616  2616 E STFService: getNetworkProperties: Location fine denied
10-15 21:03:31.906  1033 15796 I sensors-hal: handle_sns_client_event:544, [0][324345] accel_sample [-2.288, -0.632,  9.698] 370854155246614
10-15 21:03:32.495  1241  4329 D AppOps  : noteOperation: reject #3 for code 105 (105) uid 1001 package com.android.phone flags: s
10-15 21:03:32.522  2616  2616 E STFService: getNetworkProperties: Location fine denied
10-15 21:03:32.533  2296  2296 I UiThreadMonitor: setAwake 108055 3003 0
10-15 21:03:32.766 28716 28716 D AndroidRuntime: >>>>>> START com.android.internal.os.RuntimeInit uid 2000 <<<<<<
10-15 21:03:32.772 28716 28716 I AndroidRuntime: Using default boot image
10-15 21:03:32.772 28716 28716 I AndroidRuntime: Leaving lock profiling enabled
10-15 21:03:32.772 28716 28716 D SecNativeFeatureCppIf: encoded
10-15 21:03:32.773 28716 28716 D SecNativeFeatureCppIf: decoding and unzip finish
10-15 21:03:32.773 28716 28716 D SecNativeFeatureCppIf: use unCompDataBuff. encoded
10-15 21:03:32.773 28716 28716 D SecNativeFeatureCppIf: Free unCompDataBuff
10-15 21:03:32.773 28716 28716 D AndroidRuntime: addProductProperty: pBrand1 is not null
10-15 21:03:32.773 28716 28716 D AndroidRuntime: addProductProperty: not brand or 7
10-15 21:03:32.776 28716 28716 I app_process: Using CollectorTypeCC GC.
10-15 21:03:32.793   649   649 D io_stats: !@ Write_top(KB): kworker/u16:1(25898) 608 system_server(1241) 156 earchbox:search(15717) 8
10-15 21:03:32.889 28716 28716 D app_process: Time zone APEX ICU file found: /apex/com.android.tzdata/etc/icu/icu_tzdata.dat
10-15 21:03:32.889 28716 28716 D app_process: I18n APEX ICU file found: /apex/com.android.i18n/etc/icu/icudt70l.dat
10-15 21:03:32.900 28716 28716 W app_process: ClassLoaderContext classpath size mismatch. expected=0, found=1 (PCL[] | PCL[/system/framework/android.test.runner.jar*2256426886])
10-15 21:03:32.923 28716 28716 E SemDvfsManager_JNI: SemDvfsManager: registerfunction enter
10-15 21:03:32.923 28716 28716 E SemAffinityControl: SemAffinityControl: registerfunction enter
10-15 21:03:32.932 28716 28716 D AndroidRuntime: Calling main entry com.android.commands.uiautomator.Launcher
10-15 21:03:32.948  1147  1194 I SurfaceFlinger: id=168089 createSurf, flag=80004, WindowToken{4d8a213 type=2032 android.os.Binder@c720902}#168089
10-15 21:03:32.950  1241  7346 D SettingsProvider: isChangeAllowed() : name = accessibility_enabled
10-15 21:03:32.951  1241  7346 I GenerationRegistry: mBackingStore.isClosed() : false
10-15 21:03:32.952  1241  7346 D WindowMagnificationMgr: requestConnection :false mConnectionState : 3
10-15 21:03:32.952  1241  7346 W WindowMagnificationMgr: requestConnection duplicated request: connect=false, mConnectionState=DISCONNECTED
10-15 21:03:32.961  1147  1188 I VSyncReactor: Current= 60, Period= 60, hwcPeriod= 60
10-15 21:03:32.967  1241  2076 D SettingsProvider: isChangeAllowed() : name = accessibility_enabled
10-15 21:03:32.968  1241  2076 I GenerationRegistry: mBackingStore.isClosed() : false
10-15 21:03:32.968  1241  2076 D WindowMagnificationMgr: requestConnection :false mConnectionState : 3
10-15 21:03:32.968  1241  2076 W WindowMagnificationMgr: requestConnection duplicated request: connect=false, mConnectionState=DISCONNECTED
10-15 21:03:32.972  1241  6676 W WindowManager: Cannot find window which accessibility connection is added to
10-15 21:03:32.973  1241  2433 W WindowManager: Cannot find window which accessibility connection is added to
10-15 21:03:32.973 15717 15751 I A       : NGA disabled since it's running Panthera and at least one a11y feature is on.
10-15 21:03:32.973 15717 15751 I A       : (REDACTED) Nga state changed to %s
10-15 21:03:32.975 24120 24132 I A       : (REDACTED) APA or Classic session decision: %s.
10-15 21:03:32.976 24120 24211 I A       : Unsubscribed to apa or classic variant change.
10-15 21:03:32.979  1241  1241 D BatterySaverPolicy: accessibility changed to true, updating policy.
10-15 21:03:32.982  1241  1241 I AccessibilityManagerService: semIsAccessibilityServiceEnabled()
10-15 21:03:32.982 27491 27491 V SafetyCenterAccessibilityListener: accessibility event occurred, safety center feature not enabled.
10-15 21:03:32.982  1241  1241 I AccessibilityManagerService: accesibilityService is null
10-15 21:03:32.982  1241  1241 I AccessibilityManagerService: semIsAccessibilityServiceEnabled()
10-15 21:03:32.982  1241  1241 I AccessibilityManagerService: accesibilityService is null
10-15 21:03:32.982  1241  1241 D AS.AudioService: Accessibility volume enabled = false
10-15 21:03:32.983  2773 12156 I TouchInteractionService: onActiveNavBarRegionChanges, region : SkRegion((0,2273,388,2408)(389,2273,690,2408)(691,2273,961,2408))
10-15 21:03:32.983  2296  2296 V Navbar.Store: ----handleEvent(0) OnUpdateRemoteViewContainer(leftContainer=android.widget.LinearLayout{cbe1d66 I.E...... ......I. 0,0-118,135 #7f0b04f6 app:id/left_remoteview}, rightContainer=android.widget.LinearLayout{ccbc8a7 I.E...... ......I. 962,0-1080,135 #7f0b07aa app:id/right_remoteview}, contextualButtonVisible=false, darkIntensity=0.0) [Module] SamsungNavigationBarView
10-15 21:03:32.983  2296  2296 V Navbar.Store: ------[Band]REMOTE_VIEW_PACK_SET_REMOTEVIEW_CONTAINER
10-15 21:03:32.983  2296  2296 V Navbar.Store: --------apply(0) UpdateRemoteViewContainer
10-15 21:03:32.983  2296  2296 V Navbar.Store: --------apply(0) UpdateRemoteViewDarkIntensity
10-15 21:03:32.983  2296  2296 V Navbar.Store: handleEvent(0) OnNavBarUpdateA11YService(clickable=false, longClickable=false) [Module] NavigationBar
10-15 21:03:32.984  2296  2296 V Navbar.Store: --[Band]SETUPWIZARD_PACK_UPDATE_A11Y_SERVICE
10-15 21:03:32.988  1241  1241 I notification_cancel: [10215,24120,com.google.android.googlequicksearchbox,720896,NULL,0,0,1088,8,NULL]
10-15 21:03:32.988  1241  1241 I notification_cancel: [10215,24120,com.google.android.googlequicksearchbox,720897,NULL,0,0,1088,8,NULL]
10-15 21:03:32.988  1241  1241 I notification_cancel: [10215,24120,com.google.android.googlequicksearchbox,720900,NULL,0,0,1088,8,NULL]
10-15 21:03:32.989  1241  1241 I notification_cancel: [10215,24120,com.google.android.googlequicksearchbox,720904,NULL,0,0,1088,8,NULL]
10-15 21:03:32.989  1241  1241 I notification_cancel: [10215,24120,com.google.android.googlequicksearchbox,720905,NULL,0,0,1088,8,NULL]
10-15 21:03:32.990  1241  1241 I notification_cancel: [10215,24120,com.google.android.googlequicksearchbox,720906,NULL,0,0,1088,8,NULL]
10-15 21:03:32.990  1241  1241 I notification_cancel: [10215,24120,com.google.android.googlequicksearchbox,720907,NULL,0,0,1088,8,NULL]
10-15 21:03:32.990  1241  1241 I notification_cancel: [10215,24120,com.google.android.googlequicksearchbox,720908,NULL,0,0,1088,8,NULL]
10-15 21:03:32.991  1241  1241 I notification_cancel: [10215,24120,com.google.android.googlequicksearchbox,720909,NULL,0,0,1088,8,NULL]
10-15 21:03:32.991  1241  1241 I notification_cancel: [10215,24120,com.google.android.googlequicksearchbox,720910,NULL,0,0,1088,8,NULL]
10-15 21:03:32.997  2773 12156 I TouchInteractionService: onActiveNavBarRegionChanges, region : SkRegion((0,2273,388,2408)(389,2273,690,2408)(691,2273,961,2408))
10-15 21:03:33.002 15717 15771 I A       : Trying to enqueue PieTriggeringWorker
10-15 21:03:33.004 24120 24120 I A       : (REDACTED) eventData = %s
10-15 21:03:33.004 24120 24211 I A       : Logging success flow
10-15 21:03:33.015 15717 15771 I A       : Trying to enqueue PieTriggeringWorker
10-15 21:03:33.017 24120 24120 I A       : (REDACTED) eventData = %s
10-15 21:03:33.017 24120 24212 I A       : Logging success flow
10-15 21:03:33.029 15717 15771 I A       : Trying to enqueue PieTriggeringWorker
10-15 21:03:33.030 24120 24120 I A       : (REDACTED) eventData = %s
10-15 21:03:33.169  1241  2024 I commit_sys_config_file: [settings-2-0,16]
10-15 21:03:33.513  1241  6676 D AppOps  : noteOperation: reject #3 for code 105 (105) uid 1001 package com.android.phone flags: s
10-15 21:03:33.524  2616  2616 E STFService: getNetworkProperties: Location fine denied
10-15 21:03:33.903  2616  2685 I STFService: CoreFrequency index: 0 current: 576000 max: 1804800
10-15 21:03:33.905  2616  2685 I STFService: CoreFrequency index: 1 current: 576000 max: 1804800
10-15 21:03:33.906  2616  2685 I STFService: CoreFrequency index: 2 current: 576000 max: 1804800
10-15 21:03:33.910  2616  2685 I STFService: CoreFrequency index: 3 current: 576000 max: 1804800
10-15 21:03:33.912  2616  2685 I STFService: CoreFrequency index: 4 current: 576000 max: 1804800
10-15 21:03:33.913  2616  2685 I STFService: CoreFrequency index: 5 current: 576000 max: 1804800
10-15 21:03:33.916  2616  2685 I STFService: CoreFrequency index: 6 current: 691200 max: 2208000
10-15 21:03:33.918  2616  2685 I STFService: CoreFrequency index: 7 current: 691200 max: 2208000
10-15 21:03:33.921  1033 15796 I sensors-hal: handle_sns_client_event:544, [0][324450] accel_sample [-2.283, -0.628,  9.695] 370856168407344
10-15 21:03:33.978  1033 23555 I sensors-hal: handle_sns_client_event:229, auto_rotation_event_2: mode:255, type:1:0/-2.278,-0.625,9.715, ar:0
10-15 21:03:33.999 28716 28716 D SemCscFeature: Encoded
10-15 21:03:34.010 28716 28716 I AccessibilityNodeInfoDumper: Skipping invisible child: android.view.accessibility.AccessibilityNodeInfo@270e84; boundsInParent: Rect(0, 0 - 1080, 180); boundsInScreen: Rect(0, 70 - 1080, 166); packageName: com.samsung.android.app.telephonyui; className: android.widget.LinearLayout; text: null; error: null; maxTextLength: -1; stateDescription: null; contentDescription: null; tooltipText: null; viewIdResName: com.samsung.android.app.telephonyui:id/collapsing_appbar_title_layout; uniqueId: null; checkable: false; checked: false; focusable: false; focused: false; selected: false; clickable: false; longClickable: false; contextClickable: false; enabled: true; password: false; scrollable: false; importantForAccessibility: false; visible: false; actions: [AccessibilityAction: ACTION_SELECT - null, AccessibilityAction: ACTION_CLEAR_SELECTION - null, AccessibilityAction: ACTION_ACCESSIBILITY_FOCUS - null, AccessibilityAction: ACTION_SHOW_ON_SCREEN - null]; isTextSelectable: false
10-15 21:03:34.011 28716 28716 I AccessibilityNodeInfoDumper: Skipping invisible child: android.view.accessibility.AccessibilityNodeInfo@27d1b8; boundsInParent: Rect(0, 0 - 0, 180); boundsInScreen: Rect(1080, 115 - 1080, 295); packageName: com.samsung.android.app.telephonyui; className: androidx.appcompat.widget.LinearLayoutCompat; text: null; error: null; maxTextLength: -1; stateDescription: null; contentDescription: null; tooltipText: null; viewIdResName: null; uniqueId: null; checkable: false; checked: false; focusable: false; focused: false; selected: false; clickable: false; longClickable: false; contextClickable: false; enabled: true; password: false; scrollable: false; importantForAccessibility: false; visible: false; actions: [AccessibilityAction: ACTION_SELECT - null, AccessibilityAction: ACTION_CLEAR_SELECTION - null, AccessibilityAction: ACTION_ACCESSIBILITY_FOCUS - null, AccessibilityAction: ACTION_SHOW_ON_SCREEN - null]; isTextSelectable: false
10-15 21:03:34.012 28716 28716 I AccessibilityNodeInfoDumper: Skipping invisible child: android.view.accessibility.AccessibilityNodeInfo@2728cb; boundsInParent: Rect(0, 0 - 0, 1978); boundsInScreen: Rect(0, 295 - 0, 2273); packageName: com.samsung.android.app.telephonyui; className: android.widget.FrameLayout; text: null; error: null; maxTextLength: -1; stateDescription: null; contentDescription: null; tooltipText: null; viewIdResName: com.samsung.android.app.telephonyui:id/start_pane; uniqueId: null; checkable: false; checked: false; focusable: false; focused: false; selected: false; clickable: false; longClickable: false; contextClickable: false; enabled: true; password: false; scrollable: false; importantForAccessibility: false; visible: false; actions: [AccessibilityAction: ACTION_SELECT - null, AccessibilityAction: ACTION_CLEAR_SELECTION - null, AccessibilityAction: ACTION_ACCESSIBILITY_FOCUS - null, AccessibilityAction: ACTION_SHOW_ON_SCREEN - null]; isTextSelectable: false
10-15 21:03:34.012 28716 28716 I AccessibilityNodeInfoDumper: Skipping invisible child: android.view.accessibility.AccessibilityNodeInfo@273f51; boundsInParent: Rect(0, 0 - 0, 1978); boundsInScreen: Rect(1080, 295 - 1080, 2273); packageName: com.samsung.android.app.telephonyui; className: android.widget.FrameLayout; text: null; error: null; maxTextLength: -1; stateDescription: null; contentDescription: null; tooltipText: null; viewIdResName: com.samsung.android.app.telephonyui:id/end_pane; uniqueId: null; checkable: false; checked: false; focusable: false; focused: false; selected: false; clickable: false; longClickable: false; contextClickable: false; enabled: true; password: false; scrollable: false; importantForAccessibility: false; visible: false; actions: [AccessibilityAction: ACTION_SELECT - null, AccessibilityAction: ACTION_CLEAR_SELECTION - null, AccessibilityAction: ACTION_ACCESSIBILITY_FOCUS - null, AccessibilityAction: ACTION_SHOW_ON_SCREEN - null]; isTextSelectable: false
10-15 21:03:34.013 28716 28716 W AccessibilityNodeInfoDumper: Fetch time: 6ms
10-15 21:03:34.014  5635 20037 I MtpStorageManager: Got inotify CLOSE_WRITE event for : d2luZG93X2R1bXAueG1s
10-15 21:03:34.016  5635 20037 D MtpStorageManager: sendObjectInfoChanged: id=14,size=13793
10-15 21:03:34.017  1241  2433 D SettingsProvider: isChangeAllowed() : name = accessibility_enabled
10-15 21:03:34.017  1241  2433 I GenerationRegistry: mBackingStore.isClosed() : false
10-15 21:03:34.018  1241  2433 D WindowMagnificationMgr: requestConnection :false mConnectionState : 3
10-15 21:03:34.018  1241  2433 W WindowMagnificationMgr: requestConnection duplicated request: connect=false, mConnectionState=DISCONNECTED
10-15 21:03:34.018  1241  2433 D SettingsProvider: isChangeAllowed() : name = accelerometer_rotation
10-15 21:03:34.018  1241  2433 D SettingsProvider: isChangeAllowed() : name = user_rotation
10-15 21:03:34.018  1241  2433 I wm_user_rotation_changed: [0,0,28716]
10-15 21:03:34.018  1241  2433 V WindowManager: rotationForOrientation(orient=SCREEN_ORIENTATION_UNSPECIFIED (-1), last=ROTATION_0 (0)); user=ROTATION_0 (0) USER_ROTATION_LOCKED
10-15 21:03:34.018  1241  2433 D WindowManager: rotationForOrientation, orientationSource=ActivityRecord{1328950 u0 com.samsung.android.app.telephonyui/.netsettings.ui.NetSettingsActivity} t50275}
10-15 21:03:34.018  1241  2433 V WindowManager: Computed rotation=ROTATION_0 (0) for display id=0 based on lastOrientation=SCREEN_ORIENTATION_UNSPECIFIED (-1) and oldRotation=ROTATION_0 (0), caller=com.android.server.wm.DisplayContent.updateRotationUnchecked:2401 com.android.server.wm.WindowManagerService.updateRotationUnchecked:4771 com.android.server.wm.WindowManagerService.freezeDisplayRotation:4671 com.android.server.wm.WindowManagerService.freezeRotation:4630 android.view.IWindowManager$Stub.onTransact:2530 com.android.server.wm.WindowManagerService.onTransact:1601 
10-15 21:03:34.023 28716 28716 D AndroidRuntime: Shutting down VM
10-15 21:03:34.025  1241  1241 D BatterySaverPolicy: accessibility changed to false, updating policy.
10-15 21:03:34.028  1241  2075 W WindowManager: Cannot find window which accessibility connection is added to
10-15 21:03:34.028  1147  1147 I Layer   : id=168089 removedFromDrawingState WindowToken{4d8a213 type=2032 android.os.Binder@c720902}#168089 (108)
10-15 21:03:34.028  1147  1147 I SurfaceFlinger: id=168089 Removed WindowToken{4d8a213 type=2032 android.os.Binder@c720902}#168089 (108)
10-15 21:03:34.029  1147  1147 I Layer   : id=168089 Destroyed WindowToken{4d8a213 type=2032 android.os.Binder@c720902}#168089
10-15 21:03:34.034  1241  2075 W WindowManager: Cannot find window which accessibility connection is added to
10-15 21:03:34.035 15717 15748 I A       : NGA enabled in interactor.
10-15 21:03:34.035 15717 15748 I A       : (REDACTED) Nga state changed to %s
10-15 21:03:34.036 24120 24132 I A       : Initializing all components
10-15 21:03:34.037 24120 24132 I A       : (REDACTED) APA or Classic session decision: %s.
10-15 21:03:34.037 24120 24212 I A       : (REDACTED) State changed: %s => %s by %s and %s with %s
10-15 21:03:34.037 24120 24212 I A       : (REDACTED) Recognizer choice: (recognizer_type: %s, recognizer_mode: %s, choice_reason: %s)
10-15 21:03:34.038 24120 24216 I A       : (REDACTED) onIsEnabledChanged, isEnabled: %s
10-15 21:03:34.038 24120 24216 W A       : Disposing empty manager. Did you forgot to subscribe observables?
10-15 21:03:34.038 24120 24216 W A       : Disposing empty manager. Did you forgot to subscribe observables?
10-15 21:03:34.038 24120 24216 W A       : Disposing empty manager. Did you forgot to subscribe observables?
10-15 21:03:34.038 24120 24216 W A       : Disposing empty manager. Did you forgot to subscribe observables?
10-15 21:03:34.038 24120 24216 W A       : Disposing empty manager. Did you forgot to subscribe observables?
10-15 21:03:34.038 24120 24216 W A       : Disposing empty manager. Did you forgot to subscribe observables?
10-15 21:03:34.038 24120 24216 W A       : Disposing empty manager. Did you forgot to subscribe observables?
10-15 21:03:34.039 24120 24216 W A       : Disposing empty manager. Did you forgot to subscribe observables?
10-15 21:03:34.039 24120 24216 W A       : Disposing empty manager. Did you forgot to subscribe observables?
10-15 21:03:34.039 24120 24216 W A       : Disposing empty manager. Did you forgot to subscribe observables?
10-15 21:03:34.039 24120 24216 W A       : Disposing empty manager. Did you forgot to subscribe observables?
10-15 21:03:34.039 24120 24216 W A       : Disposing empty manager. Did you forgot to subscribe observables?
10-15 21:03:34.039 24120 24216 W A       : Disposing empty manager. Did you forgot to subscribe observables?
10-15 21:03:34.039 24120 24216 W A       : Disposing empty manager. Did you forgot to subscribe observables?
10-15 21:03:34.040 24120 24216 I A       : (REDACTED) Setting session to type: %s
10-15 21:03:34.040 24120 24261 I A       : (REDACTED) stopListening(%s, %s)
10-15 21:03:34.040 24120 24216 W A       : Disposing empty manager. Did you forgot to subscribe observables?
10-15 21:03:34.040 24120 24216 W A       : Disposing empty manager. Did you forgot to subscribe observables?
10-15 21:03:34.040 24120 24216 W A       : Disposing empty manager. Did you forgot to subscribe observables?
10-15 21:03:34.040 24120 24216 W A       : Disposing empty manager. Did you forgot to subscribe observables?
10-15 21:03:34.040 24120 24216 W A       : Disposing empty manager. Did you forgot to subscribe observables?
10-15 21:03:34.040 24120 24216 W A       : Disposing empty manager. Did you forgot to subscribe observables?
10-15 21:03:34.040 24120 24216 W A       : Disposing empty manager. Did you forgot to subscribe observables?
10-15 21:03:34.041 24120 24216 I A       : (REDACTED) setNavBarVisible: %s
10-15 21:03:34.041 24120 24216 W A       : Disposing empty manager. Did you forgot to subscribe observables?
10-15 21:03:34.041 24120 24216 W A       : Disposing empty manager. Did you forgot to subscribe observables?
10-15 21:03:34.041 24120 24216 W A       : Disposing empty manager. Did you forgot to subscribe observables?
10-15 21:03:34.041 24120 24216 W A       : Disposing empty manager. Did you forgot to subscribe observables?
10-15 21:03:34.041 24120 24216 W A       : Disposing empty manager. Did you forgot to subscribe observables?
10-15 21:03:34.041 24120 24216 W A       : Disposing empty manager. Did you forgot to subscribe observables?
10-15 21:03:34.041 24120 24216 W A       : Disposing empty manager. Did you forgot to subscribe observables?
10-15 21:03:34.041 24120 24216 I A       : (REDACTED) onDisabled. Registered: %s
10-15 21:03:34.045 24120 24215 I A       : (REDACTED) on opa visibility changed %s
10-15 21:03:34.046 24120 24212 I A       : (REDACTED) onActiveStateChangeEvent: %s => %s
10-15 21:03:34.047 24120 24261 I NgaEntryPointEventSendr: setupConnection
10-15 21:03:34.047 24120 24212 I A       : (REDACTED) #onActiveStateChangeEvent, newState: %s, previousState: %s.
10-15 21:03:34.049 24120 24212 I A       : Nga state changed
10-15 21:03:34.052 24120 24261 I NgaEntryPointEventSendr: (REDACTED) State changed: %s => %s
10-15 21:03:34.052 24120 24211 I A       : Initialize
10-15 21:03:34.061 15717 15717 I A       : Creating pss binder().
10-15 21:03:34.062 24120 24214 I A       : (REDACTED) on opa visibility changed %s
10-15 21:03:34.063 24120 24214 I NgaEntryPointEventSendr: onServiceConnected
10-15 21:03:34.064 15717 20956 I A       : Calling beginBinderSession().
10-15 21:03:34.064 15717 20956 I A       : beginBinderSession(): calling binder
10-15 21:03:34.065 24120 24214 I NgaEntryPointEventSendr: (REDACTED) State changed: %s => %s
10-15 21:03:34.075 24120 24216 I A       : Successfully initialized all components
10-15 21:03:34.076  1241  2904 I ActivityManager: Changes in 10217 19 to 5, 0 to 8
10-15 21:03:34.077  1241  1792 E AppOps  : evalMode() Foreground Record OP returned IGNORE, uid - 10217, capability - 8
10-15 21:03:34.078  1241  1792 E AppOps  : evalMode() Foreground Camera OP returned IGNORE, uid - 10217, capability - 8
10-15 21:03:34.086  1241  2075 D AppOps  : noteOperation: allowing code 51 uid 10217 package com.google.android.apps.tachyon flags: s
10-15 21:03:34.089 15717 15752 E TelephonyManager: isDataEnabled Bindcalling pid : 15717, uid : 10215
10-15 21:03:34.090  1241  7346 I ActivityManager: Changes in 10217 5 to 10, 8 to 0
10-15 21:03:34.091  1241  7346 D AppOps  : noteOperation: reject #3 for code 105 (105) uid 1001 package com.android.phone flags: s
10-15 21:03:34.095  1241  7346 D AppOps  : noteOperation: reject #3 for code 105 (105) uid 1001 package com.android.phone flags: s
10-15 21:03:34.100 15717 15771 I A       : Trying to enqueue PieTriggeringWorker
10-15 21:03:34.102 15717 15771 W A       : (REDACTED) %s task was not run. Callback from Service received after client was disposed.
10-15 21:03:34.102 15717 15771 W A       : (REDACTED) %s task was not run. Callback from Service received after client was disposed.
10-15 21:03:34.103 24120 24120 I A       : (REDACTED) eventData = %s
10-15 21:03:34.103 24120 24261 I A       : Logging success flow
10-15 21:03:34.103 24120 24215 I NgaEntryPointEventSendr: (REDACTED) State changed: %s => %s (%s)
10-15 21:03:34.105 15717 15771 W A       : (REDACTED) %s task was not run. Callback from Service received after client was disposed.
10-15 21:03:34.105 15717 27895 I PBSessionCacheImpl: (REDACTED) Deleted sessionId[%d] from persistence.
10-15 21:03:34.108  1241  1695 I am_uid_idle: 10095
10-15 21:03:34.109 15717 15771 W SearchServiceCore: Abort, client detached.
10-15 21:03:34.109 15717 15771 I HttpStreamingTapasSearc: (REDACTED) taskGraphFactory: %s#%d
10-15 21:03:34.235  1241  2024 I commit_sys_config_file: [settings-2-0,16]
10-15 21:03:34.526  2616  2616 E STFService: getNetworkProperties: Location fine denied
10-15 21:03:34.531  1241  2075 D AppOps  : noteOperation: reject #3 for code 105 (105) uid 1001 package com.android.phone flags: s
10-15 21:03:34.796   649   649 D io_stats: !@   8,0 r 10475871 185503584 w 2818489 26040452 d 685431 73281684 f 0 0 iot 9703520 0 th 0 0 0 pt 0 inp 0 0 370752.519
10-15 21:03:35.094  1241  1792 E AppOps  : evalMode() Foreground mode : uid - 10217, op - 27, capability - 0
10-15 21:03:35.094  1241  1792 E AppOps  : evalMode() Foreground mode : uid - 10217, op - 26, capability - 0
10-15 21:03:35.432  1241  2158 D UsbStatsMonitor: 0 0 0 0 0 0 0 0 0 0 0 0 0 0 0 0 0 0 0 0 0 0 0 0 0 0 0 0 0 0 0 0 0 0 0 0 0 0 0 0 0 0 0 0 0 0 0 0 0 0 0 0
10-15 21:03:35.529  2616  2616 E STFService: getNetworkProperties: Location fine denied
10-15 21:03:35.534  2296  2296 I UiThreadMonitor: setAwake 108056 3001 0
10-15 21:03:35.556  1241  8653 D AppOps  : noteOperation: reject #3 for code 105 (105) uid 1001 package com.android.phone flags: s
10-15 21:03:35.874  1241  7346 D InputDispatcher: Inject motion (28739/2000): action=0x0, time=370753597000000, f=0x0, d=0 dsdx=1.000000 dtdx=0.000000
10-15 21:03:35.876  1241  2079 I input_interaction: Interaction with: 2395c86 com.samsung.android.app.telephonyui/com.samsung.android.app.telephonyui.netsettings.ui.NetSettingsActivity (server), [Gesture Monitor] PalmMotion (server), PointerEventDispatcher0 (server), 
10-15 21:03:35.877  1241  2079 I InputDispatcher: Delivering touch to (2296): action: 0x4, f=0x0, d=0, '8263493', t=1 
10-15 21:03:35.877  1241  2079 I InputDispatcher: Delivering touch to (4480): action: 0x0, f=0x0, d=0, '2395c86', t=1 
10-15 21:03:35.878  4480  4480 I ViewRootImpl@afa230e[NetSettingsActivity]: ViewPostIme pointer 0
10-15 21:03:35.879  1241  1609 I GestureDetector: obtain mCurrentDownEvent. id: -117986996 caller: com.android.server.wm.SystemGesturesPointerEventListener.onPointerEvent:203 com.android.server.wm.PointerEventDispatcher.onInputEvent:53 android.view.InputEventReceiver.dispatchInputEvent:285 
10-15 21:03:35.880  1241  2079 D PowerManagerService: UserActivityStateListenerState: 1
10-15 21:03:35.880  1241  1609 I GestureDetector: obtain mCurrentDownEvent. id: -117986996 caller: com.android.server.wm.SystemPerformancePointerEventListener.onPointerEvent:89 com.android.server.wm.PointerEventDispatcher.onInputEvent:53 android.view.InputEventReceiver.dispatchInputEvent:285 
10-15 21:03:35.883  1147  1147 I DisplayDevice: [Display 4630946312756012673 (internal, primary, \"\")] ActiveConfigToHWC, ID : 0
10-15 21:03:35.883  1147  1147 I SurfaceFlinger: Touch - choose 120.00 Hz
10-15 21:03:35.887  1074 18890 I SDM     : HWCDisplay::SubmitDisplayConfig: [DispConfigs] config 1 => 0, hs_mode 1 => 1
10-15 21:03:35.887  1074 18890 I SDM     : DisplayBase::SetActiveConfig: [DispConfigs] 1 => 0 or hs mode is changed if same config
10-15 21:03:35.887  1074 18890 I SDM     : HWDeviceDRM::SetDisplaySwitchMode: [DispConfigs] check hs_mode 1
10-15 21:03:35.888  1074 18890 I SDM     : HWDeviceDRM::SetDisplaySwitchMode: [DispConfigs] SetDisplayAttributes  mode_index 0
10-15 21:03:35.889  1074 18890 I SDM     : HWDeviceDRM::UpdateMixerAttributes: Mixer WxH 1080x2408-0 for Peripheral
10-15 21:03:35.889  1074 18890 I SDM     : HWCDisplay::SubmitDisplayConfig: Active configuration changed to: 0
10-15 21:03:35.892  1147  1147 I Scheduler: DisplayModeChanged : 0
10-15 21:03:35.893  1241  1618 D LocalDisplayAdapter: updateActiveModeLocked for d=4630946312756012673, mActiveModeId=1, mActiveSfDisplayMode=DisplayMode{id=0, width=1080, height=2408, xDpi=403.411, yDpi=402.389, refreshRate=120.00001, appVsyncOffsetNanos=1000000, presentationDeadlineNanos=12666666, group=1080}
10-15 21:03:35.894  1147  1188 I VSyncReactor: Current= 60, Period= 120, hwcPeriod= 60
