12-14 03:46:44.958   932  1720 I sensor-suez: Vendor atom [id = 100133] reported.
12-14 03:46:44.980  1564  1692 I am_uid_idle: 10287
12-14 03:46:45.147  9449  9449 E STFService: run1: 3.2.3
12-14 03:46:45.151  9449  9449 I STFService: sendNetworkClass:  CellSignalLte:{alphaLong=AT&T, rssi=2147483647, mnc=410, level=4, bandwidth=10000, ci=108773135, asulevel=62, parametersUseForLevel=-78, rsrp=-78, rssnr=1, bands=[12], mcc=310, ta=10, mAdditionalPlmns={}, sinr=1, csgInfo=unknown, rsrq=-6, pci=147, tac=37133, alphaShort=AT&T, cqi=2147483647, earfcn=5110}
12-14 03:46:45.154  9449  9449 I STFService: sendNetworkClass:  EPDGInfo:{ip_address_1=2600:381:9202:bbc6:511:4575:7841:4a1f, ip_address_2=10.50.234.139, dns_server_2=172.26.38.2, dns_server_1=fc00:a:a::400, max_downstream_bandwidth=1968, is_secure=false, tunneling_protocol=rmnet1, max_upstream_bandwidth=1968}
12-14 03:46:45.202   913  1779 E USF     : USF_API: 12:0 sensor not found
12-14 03:46:45.202   913  1779 I Lyric   : spectral_driver.cc:143: Ambient light sampling enabled with mode: 2 stream consumer count: 0
12-14 03:46:45.203   913  1778 W USF     : USF_SpAPI: No ambient light sensor present for MsgParam(10)!
12-14 03:46:45.203   913  1778 E USF     : USF_SpAPI: Invalid server handle for transaction!
12-14 03:46:45.254   689   695 I libperfmgr: Hint type not present in actions: ADPF_DISABLE_TA_BOOST
12-14 03:46:45.442  1143  1143 D AOC     : F1:ERR: audio_hardware_sink_modem.cc, 1513: Modem Path Active but no configuration received (2170398 PCM_VALID)
12-14 03:46:45.867 26883 26883 I exynos_pcie_rc_set_enable_wake: enable = 0
12-14 03:46:45.892 26883 26883 I logbuffer_pcie0: [808613] pwrdn: pma+0x600: 0x1->0x21
12-14 03:46:45.893 26883 26883 I logbuffer_pcie0: [808614] pwrdn: pcs+0x150: 0x300d9->0x300de
12-14 03:46:45.908 26883 26883 I logbuffer_pcie0: [808615] pwrdn_clr: pma+0x600: 0x21->0x1
12-14 03:46:45.935 26883 26883 I logbuffer_pcie0: [808616] L0(0x11)
12-14 03:46:45.939 26883 26883 I logbuffer_pcie0: [808617] pwron: pcs+0x150: 0x300d5
12-14 03:46:45.954 26883 26883 I exynos_pcie_rc_set_enable_wake: enable = 1
12-14 03:46:45.954 26883 26883 I cpif    : s5100_poweron_pcie: wakelock active = 0, voice status = 1
12-14 03:46:45.942  1143  1143 D AOC     : F1:ERR: audio_hardware_sink_modem.cc, 1513: Modem Path Active but no configuration received (2170398 PCM_VALID)
12-14 03:46:45.963  1109  1252 D DMD     : Flush DMD buffer, size=2097158
12-14 03:46:46.124  1118  1274 V RIL     : [/dev/umts_ipc0][RX] SIT_IND_DEDICATED_BEARER_INFO, IND, 333 bytes
12-14 03:46:46.124  1118  1274 I RIL     : [RilContext_0] ProcessModemData 
12-14 03:46:46.125  1118  1274 V RIL     : [RilContext_0] SendMessage RCM Response Routing : Type=0002, RCM ID=0x0621 Service ID=2 Message ID=3015
12-14 03:46:46.125  1118  1274 V RIL     : [ServiceMgr] msg(0xb400007bae071180) msgId=3015 svc=PsService_0(2) direction=Response
12-14 03:46:46.125  1118  1259 I RIL     : [PsService_0] PsDedicatedBearerInfoUpdatedHandler OnIndication()
12-14 03:46:46.125  1118  1259 V RIL     : Qos Rat : 1
12-14 03:46:46.125  1118  1259 V RIL     : Eps QCI : 1
12-14 03:46:46.125  1118  1259 V RIL     : QosFilterCnt : 4
12-14 03:46:46.126  1118  1259 I RIL     : status : 2, qosSessionId : 26368 
12-14 03:46:46.126  1118  1259 I RIL     : [PsService_0] OnNotifyDataCallList()
12-14 03:46:46.126  1118  1259 V RIL     : ********** Prepare DataCall *************
12-14 03:46:46.126  1118  1259 I RIL     : [PsService_0] getCarrierId() carrier_id = 1187
12-14 03:46:46.126  1118  1259 V RIL     : [0] PDP Context{cid=1,state=1,active=0}
12-14 03:46:46.127  1118  1259 V RIL     : CID:0, Downlink 0 kbps, Uplink 0 kbps
12-14 03:46:46.127  1118  1259 V RIL     : notify AMBR to framework : CID:0, len:0
12-14 03:46:46.127  1118  1259 V RIL     : [1] PDP Context{cid=2,state=3,active=2}
12-14 03:46:46.127  1118  1259 V RIL     : CID:2, Downlink 198000 kbps, Uplink 198000 kbps
12-14 03:46:46.127  1118  1259 V RIL     : notify AMBR to framework : CID:2, len:6
12-14 03:46:46.127  1118  1259 I RIL     : [RilContext_0] OnUnsolicitedResponse 
12-14 03:46:46.127  1118  1259 I RIL     : [RilContext_0] ProcessUnsolicitedResponse 
12-14 03:46:46.127  1118  1259 V RIL     : RADIO::[RilResponseListener] OnUnsolicitedResponse Filter out Unsolicited response=21504
12-14 03:46:46.127  1118  1259 D RIL_EXTERNAL: rilExternalRawIndication
12-14 03:46:46.127  1118  1259 I RIL_EXTERNAL: [isFilteredIndication] clientId=0 name=PID(1106) indication=5104 isFiltered=false
12-14 03:46:46.127  1118  1259 I RIL_EXTERNAL: [isFilteredIndication] clientId=1 name=GpsApi(1114) indication=5104 isFiltered=true
12-14 03:46:46.127  1118  1259 I RIL_EXTERNAL: [isFilteredIndication] clientId=2 name=unknown{pid=2315 uid=1001 callingPacakge=com.samsung.slsi.telephony.oem.oemrilhookservice} indication=5104 isFiltered=true
12-14 03:46:46.128  1118  1259 I RIL_EXTERNAL: [isFilteredIndication] clientId=3 name=unknown{pid=2315 uid=1001 callingPacakge=com.samsung.slsi.telephony.oem.oemrilhookservice} indication=5104 isFiltered=true
12-14 03:46:46.128  1118  1259 I RIL_EXTERNAL: [isFilteredIndication] clientId=4 name=OemRil0{pid=2463 uid=10252 callingPacakge=com.samsung.slsi.telephony.oemril} indication=5104 isFiltered=true
12-14 03:46:46.128  1118  1259 I RIL_EXTERNAL: [isFilteredIndication] clientId=5 name=OemRil1{pid=2463 uid=10252 callingPacakge=com.samsung.slsi.telephony.oemril} indication=5104 isFiltered=true
12-14 03:46:46.128  1118  1259 I RIL_EXTERNAL: [isFilteredIndication] clientId=6 name=SeApi(928) indication=5104 isFiltered=true
12-14 03:46:46.128  1118  1259 I RIL_EXTERNAL: [isFilteredIndication] clientId=7 name=SeApi(929) indication=5104 isFiltered=true
12-14 03:46:46.128  1118  1259 I RIL_EXTERNAL: [isFilteredIndication] clientId=8 name=unknown indication=5104 isFiltered=false
12-14 03:46:46.128  1118  1259 I RIL_EXTERNAL: [isFilteredIndication] clientId=9 name=unknown indication=5104 isFiltered=false
12-14 03:46:46.128  1118  1259 I RIL_EXTERNAL: [isFilteredIndication] clientId=10 name=unknown indication=5104 isFiltered=false
12-14 03:46:46.128  1118  1259 I RIL_EXTERNAL: [isFilteredIndication] clientId=11 name=unknown indication=5104 isFiltered=false
12-14 03:46:46.128  1118  1259 I RIL_EXTERNAL: [isFilteredIndication] clientId=12 name=unknown indication=5104 isFiltered=false
12-14 03:46:46.128  1118  1259 I RIL_EXTERNAL: [isFilteredIndication] clientId=13 name=PID(989) indication=5104 isFiltered=false
12-14 03:46:46.128  1118  1259 D RIL_EXTERNAL: rilExternalRawIndication
12-14 03:46:46.129  1118  1259 D RIL_EXTERNAL: rilExternalRawIndication
12-14 03:46:46.129  1106  1137 D RILClient: [OemClient]IND: (clientId = 0, msgId = 5104, dataLength = 7, channel = 0)
12-14 03:46:46.129  1118  1259 D RIL_EXTERNAL: rilExternalRawIndication
12-14 03:46:46.129  1118  1259 D RIL_EXTERNAL: rilExternalRawIndication
12-14 03:46:46.129  1118  1259 D RIL_EXTERNAL: rilExternalRawIndication
12-14 03:46:46.129  1118  1259 D RIL_EXTERNAL: rilExternalRawIndication
12-14 03:46:46.130  1118  1259 D RIL_EXTERNAL: rilExternalRawIndication
12-14 03:46:46.130  1118  1259 V RIL     : [2] PDP Context{cid=3,state=3,active=2}
12-14 03:46:46.130   989  7470 D RILClient: [OemClient]IND: (clientId = 13, msgId = 5104, dataLength = 7, channel = 0)
12-14 03:46:46.130  1118  1259 V RIL     : [3] PDP Context{cid=4,state=1,active=0}
12-14 03:46:46.130  1118  1259 V RIL     : [4] PDP Context{cid=5,state=1,active=0}
12-14 03:46:46.130  1118  1259 V RIL     : [5] PDP Context{cid=6,state=1,active=0}
12-14 03:46:46.130  1118  1259 V RIL     : [6] PDP Context{cid=7,state=1,active=0}
12-14 03:46:46.130  1118  1259 V RIL     : [7] PDP Context{cid=8,state=1,active=0}
12-14 03:46:46.130  1118  1259 V RIL     : [8] PDP Context{cid=9,state=1,active=0}
12-14 03:46:46.131  1118  1259 V RIL     : [9] PDP Context{cid=10,state=1,active=0}
12-14 03:46:46.131  1118  1259 V RIL     : [10] PDP Context{cid=11,state=1,active=0}
12-14 03:46:46.131  1118  1259 V RIL     : [11] PDP Context{cid=12,state=1,active=0}
12-14 03:46:46.131  1118  1259 V RIL     : [12] PDP Context{cid=13,state=1,active=0}
12-14 03:46:46.131  1118  1259 V RIL     : [13] PDP Context{cid=14,state=1,active=0}
12-14 03:46:46.131  1118  1259 V RIL     : [14] PDP Context{cid=15,state=1,active=0}
12-14 03:46:46.131  2371  2371 D SHANNON_IMS: 3220 [HELP] Unsol {UNKNOWN} received  [SLID:0  Active:true] (ImsRilHelper%onHandleUnsolicitedResponse:304)
12-14 03:46:46.131  1118  1259 V RIL     : ****************************************
12-14 03:46:46.131  1118  1259 V RIL     : DataCallListResponse : 0x21
12-14 03:46:46.131  1118  1259 V RIL     : set Ipv4DnsQueryFirst : 0
12-14 03:46:46.132  1118  1259 V RIL     : SetDataCall_1_6
12-14 03:46:46.132  1118  1259 V RIL     : dnses:fc00:a:a::400
12-14 03:46:46.132  1118  1259 V RIL     : dnses:fc00:a:a::400
12-14 03:46:46.132  1118  1259 V RIL     : dnses:172.26.38.2
12-14 03:46:46.132  1118  1259 V RIL     : dnses:172.26.38.2
12-14 03:46:46.132  1118  1259 V RIL     : gateway: ::
12-14 03:46:46.132  1118  1259 V RIL     : gateway: 0.0.0.0
12-14 03:46:46.132  1118  1259 V RIL     : R Eps QCI:8
12-14 03:46:46.132  1118  1259 V RIL     : SetDataCall_1_6
12-14 03:46:46.132  1118  1259 V RIL     : dnses:fc00:a:a::400
12-14 03:46:46.133  1118  1259 V RIL     : dnses:fc00:a:a::400
12-14 03:46:46.133  1118  1259 V RIL     : pcscf: 2001:1890:1f8:2165::1:2
12-14 03:46:46.133  1118  1259 V RIL     : pcscf: 2001:1890:1f8:2053::1:2
12-14 03:46:46.133  1118  1259 V RIL     : pcscf: 2001:1890:1f8:21d5::1:3
12-14 03:46:46.133  1118  1259 V RIL     : gateway: ::
12-14 03:46:46.133  1118  1259 V RIL     : R Eps QCI:5
12-14 03:46:46.133  1118  1259 V RIL     : R Eps QCI:1
12-14 03:46:46.133  1118  1259 I RIL     : [RilContext_0] OnUnsolicitedResponse 
12-14 03:46:46.133  1118  1259 I RIL     : [RilContext_0] ProcessUnsolicitedResponse 
12-14 03:46:46.133  1118  1259 I RILC-CommandInfo: getUnsolRespInfo found {unsolResponse=1010 halVer=00}
12-14 03:46:46.135  1118  1259 D RILC-AIDL_SERVICE: DataCallListChangedCommand_V2_1::onIndication mCb=0xb400007b9e06e1d8
12-14 03:46:46.135  1118  1259 E RILC-AIDL_SERVICE: <DataCallListChangedCommand_V2_1> onIndication num: 2 
12-14 03:46:46.136  1118  1259 D RILC-AIDL_SERVICE: ipAdd size:2
12-14 03:46:46.136  1118  1259 D RILC-AIDL_SERVICE: ipAdd[0] = 2600:381:9202:bbc6:511:4575:7841:4a1f/64
12-14 03:46:46.136  1118  1259 D RILC-AIDL_SERVICE: ipAdd[1] = 10.50.234.139
12-14 03:46:46.136  1118  1259 D RILC-AIDL_SERVICE: No valid OSliInfo
12-14 03:46:46.136  1118  1259 D RILC-AIDL_SERVICE: ipAdd size:1
12-14 03:46:46.136  1118  1259 D RILC-AIDL_SERVICE: ipAdd[0] = 2600:381:b968:3dc7:688f:a838:b37:4825/64
12-14 03:46:46.136  1118  1259 D RILC-AIDL_SERVICE: No valid OSliInfo
12-14 03:46:46.137  1118  1259 I RILC    : RIL_SOCKET_1 UNSOLICITED: UNSOL_DATA_CALL_LIST_CHANGED length:528
12-14 03:46:46.137  1118  1259 V RIL     : RADIO_EXT::[RilExternalResponseListener] OnUnsolicitedResponse Filter out Unsolicited response=1010, channel=0
12-14 03:46:46.141  2470  7667 D RILJ    : [UNSL]< UNSOL_DATA_CALL_LIST_CHANGED [android.hardware.radio.data.SetupDataCallResult{cause: NONE, suggestedRetryTime: -1, cid: 2, active: 2, type: IPV4V6, ifname: rmnet1, addresses: [android.hardware.radio.data.LinkAddress{address: 2600:381:9202:bbc6:511:4575:7841:4a1f/64, addressProperties: 0, deprecationTime: -1, expirationTime: -1}, android.hardware.radio.data.LinkAddress{address: 10.50.234.139, addressProperties: 0, deprecationTime: -1, expirationTime: -1}], dnses: [fc00:a:a::400, fc00:a:a::400, 172.26.38.2, 172.26.38.2], gateways: [::, 0.0.0.0], pcscf: [], mtuV4: 1430, mtuV6: 1430, defaultQos: android.hardware.radio.data.Qos.eps(android.hardware.radio.data.EpsQos{qci: 8, downlink: android.hardware.radio.data.QosBandwidth{maxBitrateKbps: -1, guaranteedBitrateKbps: -1}, uplink: android.hardware.radio.data.QosBandwidth{maxBitrateKbps: -1, guaranteedBitrateKbps: -1}}), qosSessions: [], handoverFailureMode: 2, pduSessionId: 5, sliceInfo: null, trafficDescriptors: []}, android.hardware.radio.data.SetupDataCallResult{cause: NONE, suggestedRetryTime: -1, cid: 3, active: 2, type: IPV6, ifname: rmnet2, addresses: [android.hardware.radio.data.LinkAddress{address: 2600:381:b968:3dc7:688f:a838:b37:4825/64, addressProperties: 0, deprecationTime: -1, expirationTime: -1}], dnses: [fc00:a:a::400, fc00:a:a::400], gateways: [::], pcscf: [2001:1890:1f8:2165::1:2, 2001:1890:1f8:2053::1:2, 2001:1890:1f8:21d5::1:3], mtuV4: 1430, mtuV6: 1430, defaultQos: android.hardware.radio.data.Qos.eps(android.hardware.radio.data.EpsQos{qci: 5, downlink: android.hardware.radio.data.QosBandwidth{maxBitrateKbps: -1, guaranteedBitrateKbps: -1}, uplink: android.hardware.radio.data.QosBandwidth{maxBitrateKbps: -1, guaranteedBitrateKbps: -1}}), qosSessions: [android.hardware.radio.data.QosSession{qosSessionId: 26368, qos: android.hardware.radio.data.Qos.eps(android.hardware.radio.data.EpsQos{qci: 1, downlink: android.hardware.radio.data.QosBandwidth{maxBitrateKbps: 41, guaranteedBitrateKbps: 41}, uplink: android.hardware.radio.data.QosBandwidth{maxBitrateKbps: 41, guaranteedBitrateKbps: 41}}), qosFilters: [android.hardware.radio.data.QosFilter{localAddresses: [], remoteAddresses: [2001:1890:1f8:2160::1:1/0], localPort: android.hardware.radio.data.PortRange{start: 7010, end: 7010}, remotePort: android.hardware.radio.data.PortRange{start: 35120, end: 35120}, protocol: 17, tos: android.hardware.radio.data.QosFilterTypeOfService.noinit(false), flowLabel: android.hardware.radio.data.QosFilterIpv6FlowLabel.noinit(false), spi: android.hardware.radio.data.QosFilterIpsecSpi.noinit(false), direction: 0, precedence: 128}, android.hardware.radio.data.QosFilter{localAddresses: [], remoteAddresses: [2001:1890:1f8:2160::1:1/0], localPort: android.hardware.radio.data.PortRange{start: 7010, end: 7010}, remotePort: android.hardware.radio.data.PortRange{start: 35120, end: 35120}, protocol: 17, tos: android.hardware.radio.data.QosFilterTypeOfService.noinit(false), flowLabel: android.hardware.radio.data.QosFilterIpv6FlowLabel.noinit(false), spi: android.hardware.radio.data.QosFilterIpsecSpi.noinit(false), direction: -1, precedence: 129}, android.hardware.radio.data.QosFilter{localAddresses: [], remoteAddresses: [2001:1890:1f8:2160::1:1/0], localPort: android.hardware.radio.data.PortRange{start: 7011, end: 7011}, remotePort: android.hardware.radio.data.PortRange{start: 35121, end: 35121}, protocol: 17, tos: android.hardware.radio.data.QosFilterTypeOfService.noinit(false), flowLabel: android.hardware.radio.data.QosFilterIpv6FlowLabel.noinit(false), spi: android.hardware.radio.data.QosFilterIpsecSpi.noinit(false), direction: 0, precedence: 130}, android.hardware.radio.data.QosFilter{localAddresses: [], remoteAddresses: [2001:1890:1f8:2160::1:1/0], localPort: android.hardware.radio.data.PortRange{start: 7011, end: 7011}, remotePort: android.hardware.radio.data.PortRange{start: 35121, end: 35121}, protocol: 17, tos: android.hardware.radio.data.QosFilterTypeOfService.noinit(false), flowLabel: android.hardware.radio.data.QosFilterIpv6FlowLabel.noinit
12-14 03:46:46.148  2470  2470 D DN-101-C: ConnectedState: onDataStateChanged: DataCallResponse: { cause=NONE(0x0) retry=-1 cid=3 linkStatus=2 protocolType=1 ifname=rmnet2 addresses=[2600:381:b968:3dc7:688f:a838:b37:4825/64] dnses=[/fc00:a:a::400, /fc00:a:a::400] gateways=[/::] pcscf=[/2001:1890:1f8:2165::1:2, /2001:1890:1f8:2053::1:2, /2001:1890:1f8:21d5::1:3] mtu=1430 mtuV4=1430 mtuV6=1430 handoverFailureMode=retry handover pduSessionId=6 defaultQos=EpsQos { qosClassId=5 downlink=Bandwidth { maxBitrateKbps=-1 guaranteedBitrateKbps=-1} uplink=Bandwidth { maxBitrateKbps=-1 guaranteedBitrateKbps=-1}} qosBearerSessions=[QosBearerSession { qosBearerSessionId=26368 qos=EpsQos { qosClassId=1 downlink=Bandwidth { maxBitrateKbps=41 guaranteedBitrateKbps=41} uplink=Bandwidth { maxBitrateKbps=41 guaranteedBitrateKbps=41}} qosBearerFilterList=[QosBearerFilter { localAddresses=[] remoteAddresses=[2001:1890:1f8:2160::1:1/0] localPort=PortRange { start=7010 end=7010} remotePort=PortRange { start=35120 end=35120} protocol=17 typeOfServiceMask=-1 flowLabel=-1 securityParameterIndex=-1 filterDirection=0 precedence=128}, QosBearerFilter { localAddresses=[] remoteAddresses=[2001:1890:1f8:2160::1:1/0] localPort=PortRange { start=7010 end=7010} remotePort=PortRange { start=35120 end=35120} protocol=17 typeOfServiceMask=-1 flowLabel=-1 securityParameterIndex=-1 filterDirection=-1 precedence=129}, QosBearerFilter { localAddresses=[] remoteAddresses=[2001:1890:1f8:2160::1:1/0] localPort=PortRange { start=7011 end=7011} remotePort=PortRange { start=35121 end=35121} protocol=17 typeOfServiceMask=-1 flowLabel=-1 securityParameterIndex=-1 filterDirection=0 precedence=130}, QosBearerFilter { localAddresses=[] remoteAddresses=[2001:1890:1f8:2160::1:1/0] localPort=PortRange { start=7011 end=7011} remotePort=PortRange { start=35121 end=35121} protocol=17 typeOfServiceMask=-1 flowLabel=-1 securityParameterIndex=-1 filterDirection=-1 precedence=131}]}] sliceInfo=null trafficDescriptors=[]}
12-14 03:46:46.156  2470  2470 D DN-101-C: ConnectedState: updateNetworkCapabilities: Capabilities not changed.
12-14 03:46:46.156  2470  2470 D QOSCT-101: updateSessions: sessions size=1
12-14 03:46:46.156  9449  9449 E STFService: run1: 3.2.3
12-14 03:46:46.163  9449  9449 I STFService: sendNetworkClass:  CellSignalLte:{alphaLong=AT&T, rssi=2147483647, mnc=410, level=4, bandwidth=10000, ci=108773135, asulevel=62, parametersUseForLevel=-78, rsrp=-78, rssnr=1, bands=[12], mcc=310, ta=10, mAdditionalPlmns={}, sinr=1, csgInfo=unknown, rsrq=-6, pci=147, tac=37133, alphaShort=AT&T, cqi=2147483647, earfcn=5110}
12-14 03:46:46.167  9449  9449 I STFService: sendNetworkClass:  EPDGInfo:{ip_address_1=2600:381:9202:bbc6:511:4575:7841:4a1f, ip_address_2=10.50.234.139, dns_server_2=172.26.38.2, dns_server_1=fc00:a:a::400, max_downstream_bandwidth=1968, is_secure=false, tunneling_protocol=rmnet1, max_upstream_bandwidth=1968}
12-14 03:46:46.203   913  1779 E USF     : USF_API: 12:0 sensor not found
12-14 03:46:46.203   913  1778 W USF     : USF_SpAPI: No ambient light sensor present for MsgParam(10)!
12-14 03:46:46.203   913  1778 E USF     : USF_SpAPI: Invalid server handle for transaction!
12-14 03:46:46.203   913  1779 I Lyric   : spectral_driver.cc:143: Ambient light sampling enabled with mode: 2 stream consumer count: 0
12-14 03:46:46.385  1118  1274 V RIL     : [/dev/umts_ipc0][RX] SIT_IND_AIMS_RINGBACK_TONE, IND, 12 bytes
12-14 03:46:46.385  1118  1274 V RIL     :  02 00 2f 0d 0c 00 00 00   01 00 00 00
12-14 03:46:46.385  1118  1274 I RIL     : [RilContext_0] ProcessModemData 
12-14 03:46:46.386  1118  1274 V RIL     : [RilContext_0] SendMessage RCM Response Routing : Type=0002, RCM ID=0x0D2F Service ID=8 Message ID=8138
12-14 03:46:46.386  1118  1274 V RIL     : [ServiceMgr] msg(0xb400007bae071180) msgId=8138 svc=ImsService_0(8) direction=Response
12-14 03:46:46.386  1118  1274 V RIL     : [/dev/umts_ipc0][RX] SIT_IND_AIMS_CALL_STATUS, IND, 77 bytes
12-14 03:46:46.386  1118  1274 I RIL     : [RilContext_0] ProcessModemData 
12-14 03:46:46.386  1118  1274 V RIL     : [RilContext_0] SendMessage RCM Response Routing : Type=0002, RCM ID=0x0D04 Service ID=8 Message ID=8125
12-14 03:46:46.386  1118  1274 V RIL     : [ServiceMgr] msg(0xb400007bae06f5f0) msgId=8125 svc=ImsService_0(8) direction=Response
12-14 03:46:46.386  1118  1265 I RIL     : [ImsService_0] AimsDefaultHandler OnIndication()
12-14 03:46:46.387  1118  1265 V RIL     : [ImsService_0] AIMS Indication: msgId=8138 resultId=20313 parameter=0x0xb400007cbe06b478 parameter length=4
12-14 03:46:46.387  1118  1265 I RIL     : [RilContext_0] OnUnsolicitedResponse 
12-14 03:46:46.387  1118  1265 I RIL     : [RilContext_0] ProcessUnsolicitedResponse 
12-14 03:46:46.387  1118  1265 V RIL     : RADIO::[RilResponseListener] OnUnsolicitedResponse Filter out Unsolicited response=20313
12-14 03:46:46.387  1118  1265 D RIL_EXTERNAL: rilExternalRawIndication
12-14 03:46:46.387  1118  1265 I RIL_EXTERNAL: [isFilteredIndication] clientId=0 name=PID(1106) indication=2003 isFiltered=false
12-14 03:46:46.387  1118  1265 I RIL_EXTERNAL: [isFilteredIndication] clientId=1 name=GpsApi(1114) indication=2003 isFiltered=true
12-14 03:46:46.387  1118  1265 I RIL_EXTERNAL: [isFilteredIndication] clientId=2 name=unknown{pid=2315 uid=1001 callingPacakge=com.samsung.slsi.telephony.oem.oemrilhookservice} indication=2003 isFiltered=true
12-14 03:46:46.387  1118  1265 I RIL_EXTERNAL: [isFilteredIndication] clientId=3 name=unknown{pid=2315 uid=1001 callingPacakge=com.samsung.slsi.telephony.oem.oemrilhookservice} indication=2003 isFiltered=true
12-14 03:46:46.387  1118  1265 I RIL_EXTERNAL: [isFilteredIndication] clientId=4 name=OemRil0{pid=2463 uid=10252 callingPacakge=com.samsung.slsi.telephony.oemril} indication=2003 isFiltered=true
12-14 03:46:46.387  1118  1265 I RIL_EXTERNAL: [isFilteredIndication] clientId=5 name=OemRil1{pid=2463 uid=10252 callingPacakge=com.samsung.slsi.telephony.oemril} indication=2003 isFiltered=true
12-14 03:46:46.387  1118  1265 I RIL_EXTERNAL: [isFilteredIndication] clientId=6 name=SeApi(928) indication=2003 isFiltered=true
12-14 03:46:46.388  1118  1265 I RIL_EXTERNAL: [isFilteredIndication] clientId=7 name=SeApi(929) indication=2003 isFiltered=true
12-14 03:46:46.388  1118  1265 I RIL_EXTERNAL: [isFilteredIndication] clientId=8 name=unknown indication=2003 isFiltered=false
12-14 03:46:46.388  1118  1265 I RIL_EXTERNAL: [isFilteredIndication] clientId=9 name=unknown indication=2003 isFiltered=false
12-14 03:46:46.388  1118  1265 I RIL_EXTERNAL: [isFilteredIndication] clientId=10 name=unknown indication=2003 isFiltered=false
12-14 03:46:46.388  1118  1265 I RIL_EXTERNAL: [isFilteredIndication] clientId=11 name=unknown indication=2003 isFiltered=false
12-14 03:46:46.388  1118  1265 I RIL_EXTERNAL: [isFilteredIndication] clientId=12 name=unknown indication=2003 isFiltered=false
12-14 03:46:46.388  1118  1265 I RIL_EXTERNAL: [isFilteredIndication] clientId=13 name=PID(989) indication=2003 isFiltered=false
12-14 03:46:46.388  1118  1265 D RIL_EXTERNAL: rilExternalRawIndication
12-14 03:46:46.388  1118  1265 D RIL_EXTERNAL: rilExternalRawIndication
12-14 03:46:46.389  1106  1137 D RILClient: [OemClient]IND: (clientId = 0, msgId = 2003, dataLength = 4, channel = 0)
12-14 03:46:46.389  1118  1265 D RIL_EXTERNAL: rilExternalRawIndication
12-14 03:46:46.389  1118  1265 D RIL_EXTERNAL: rilExternalRawIndication
12-14 03:46:46.389  1118  1265 D RIL_EXTERNAL: rilExternalRawIndication
12-14 03:46:46.389  1118  1265 D RIL_EXTERNAL: rilExternalRawIndication
12-14 03:46:46.390  1118  1265 D RIL_EXTERNAL: rilExternalRawIndication
12-14 03:46:46.390  1118  1265 I RIL     : ImsService_0::OnHandleUnsolicitedResponse() nMsgId=8125
12-14 03:46:46.390   989  7470 D RILClient: [OemClient]IND: (clientId = 13, msgId = 2003, dataLength = 4, channel = 0)
12-14 03:46:46.390  1118  1265 V RIL     : [ImsService_0] Process AIMS Indication
12-14 03:46:46.390  1118  1265 V RIL     : [ImsService_0] AIMS Indication: msgId=8125 resultId=20301 parameter=0x0xb400007b0e06fe78 parameter length=69
12-14 03:46:46.390  1118  1265 I RIL     : [RilContext_0] OnUnsolicitedResponse 
12-14 03:46:46.390  1118  1265 I RIL     : [RilContext_0] ProcessUnsolicitedResponse 
12-14 03:46:46.391  1118  1265 V RIL     : RADIO::[RilResponseListener] OnUnsolicitedResponse Filter out Unsolicited response=20301
12-14 03:46:46.391  1118  1265 D RIL_EXTERNAL: rilExternalRawIndication
12-14 03:46:46.391  1118  1265 I RIL_EXTERNAL: [isFilteredIndication] clientId=0 name=PID(1106) indication=3011 isFiltered=false
12-14 03:46:46.391  1118  1265 I RIL_EXTERNAL: [isFilteredIndication] clientId=1 name=GpsApi(1114) indication=3011 isFiltered=true
12-14 03:46:46.391  1118  1265 I RIL_EXTERNAL: [isFilteredIndication] clientId=2 name=unknown{pid=2315 uid=1001 callingPacakge=com.samsung.slsi.telephony.oem.oemrilhookservice} indication=3011 isFiltered=true
12-14 03:46:46.391  1118  1265 I RIL_EXTERNAL: [isFilteredIndication] clientId=3 name=unknown{pid=2315 uid=1001 callingPacakge=com.samsung.slsi.telephony.oem.oemrilhookservice} indication=3011 isFiltered=true
12-14 03:46:46.391  1118  1265 I RIL_EXTERNAL: [isFilteredIndication] clientId=4 name=OemRil0{pid=2463 uid=10252 callingPacakge=com.samsung.slsi.telephony.oemril} indication=3011 isFiltered=true
12-14 03:46:46.391  1118  1265 I RIL_EXTERNAL: [isFilteredIndication] clientId=5 name=OemRil1{pid=2463 uid=10252 callingPacakge=com.samsung.slsi.telephony.oemril} indication=3011 isFiltered=true
12-14 03:46:46.391  1118  1265 I RIL_EXTERNAL: [isFilteredIndication] clientId=6 name=SeApi(928) indication=3011 isFiltered=true
12-14 03:46:46.391  1118  1265 I RIL_EXTERNAL: [isFilteredIndication] clientId=7 name=SeApi(929) indication=3011 isFiltered=true
12-14 03:46:46.391  1118  1265 I RIL_EXTERNAL: [isFilteredIndication] clientId=8 name=unknown indication=3011 isFiltered=false
12-14 03:46:46.391  1118  1265 I RIL_EXTERNAL: [isFilteredIndication] clientId=9 name=unknown indication=3011 isFiltered=false
12-14 03:46:46.391  1118  1265 I RIL_EXTERNAL: [isFilteredIndication] clientId=10 name=unknown indication=3011 isFiltered=false
12-14 03:46:46.391  1118  1265 I RIL_EXTERNAL: [isFilteredIndication] clientId=11 name=unknown indication=3011 isFiltered=false
12-14 03:46:46.392  1118  1265 I RIL_EXTERNAL: [isFilteredIndication] clientId=12 name=unknown indication=3011 isFiltered=false
12-14 03:46:46.392  1118  1265 I RIL_EXTERNAL: [isFilteredIndication] clientId=13 name=PID(989) indication=3011 isFiltered=false
12-14 03:46:46.392  1118  1265 D RIL_EXTERNAL: rilExternalRawIndication
12-14 03:46:46.392  1118  1265 D RIL_EXTERNAL: rilExternalRawIndication
12-14 03:46:46.392  1118  1265 D RIL_EXTERNAL: rilExternalRawIndication
12-14 03:46:46.392  1118  1265 D RIL_EXTERNAL: rilExternalRawIndication
12-14 03:46:46.393  1118  1265 D RIL_EXTERNAL: rilExternalRawIndication
12-14 03:46:46.393  1118  1265 D RIL_EXTERNAL: rilExternalRawIndication
12-14 03:46:46.393  1118  1265 D RIL_EXTERNAL: rilExternalRawIndication
12-14 03:46:46.393  1118  1265 V RIL     : updateAudioClient id: 3332, datalen: 69
12-14 03:46:46.393  1118  1265 V RIL     : ImsService_0::updateAudioClient() call id:0, call status:3, NormalEccCall id:-1
12-14 03:46:46.393  2371  2371 I SHANNON_IMS: 3221 [NETW] #:PURP:# UNSOL {RILC_UNSOL_AUDIO_RINGBACK} : ringback-state : 1  (NetworkAdaptor$AdaptorChannel%onMessage:306)
12-14 03:46:46.393  1118  1265 D rild_exynos: RilAudioClientImpl updateImsCallInfo() call id = 0, status = 3, sessiontype = 0
12-14 03:46:46.394  2310  3545 D GRIL-VendorImsExt: convertHalImsCallInfo: totalVarLength = 0, sdpLength = 0, connPartyNumberLen = 0
12-14 03:46:46.394  1106  1137 D RILClient: [OemClient]IND: (clientId = 0, msgId = 3011, dataLength = 69, channel = 0)
12-14 03:46:46.394  2310  2310 D GRIL-S  : IMS call info IND received
12-14 03:46:46.395   989  7470 D RILClient: [OemClient]IND: (clientId = 13, msgId = 3011, dataLength = 69, channel = 0)
12-14 03:46:46.395  1118 31151 D rild_exynos: RilAudioClientImpl NotifyImsCallInfoToAudioService() NotifyImsCallInfoToAudioService
12-14 03:46:46.395  1118 31151 D rild_exynos: RilAudioClientImpl NotifyImsCallInfoToAudioService() sending IMS call info: 1 call(s)
12-14 03:46:46.396   910 11905 D audio_hw: IMS call:
12-14 03:46:46.396   910 11905 D audio_hw: session 0(em:0): CALL_STATUS_ALERTING
12-14 03:46:46.396  1118 31151 D rild_exynos: RilAudioClientImpl NotifyImsCallInfoToAudioService() notify Audio service 1
12-14 03:46:46.399  2855  8477 D GoogleQnsManager[0]: EVENT_UNSOL_IMS_CALL_INFO
12-14 03:46:46.399  2855  8477 D QNS_AlternativeEventListener_0: onCallInfoChanged callId0  type1  state4
12-14 03:46:46.427  2371  2371 I SHANNON_IMS: 3222 [CALL] progressing imsCall : SLID:0 CID:0 CURI:469****372 MLT:false  ICP:{ serviceType=1, callType=2, restrictCause=0, mediaProfile={ audioQuality=0, audioDirection=3, audioCodecAttribute=null, videoQuality=0, videoDirection=-1, rttMode=0, hasRttAudioSpeech=false }, emergencyServiceCategories=0, emergencyUrns=[], emergencyCallRouting=0, emergencyCallTesting=false, hasKnownUserIntentEmergency=false, mRestrictCause=0, mCallerNumberVerstat= 0, mAcceptedRtpHeaderExtensions= [] }CST:INITIATED  HRS:IDLE IC:false ECC:NONE WFC:false VCC:false OIR:2 CRS:false CUI:CCID:0 MP:false CCS:IDLE L(0):[] PCR:UNSPECIFIED LRS:LOCATION_NOT_REQUESTED (ImsCallManager%getProgressingCall:1175)
12-14 03:46:46.442  1143  1143 D AOC     : F1:ERR: audio_hardware_sink_modem.cc, 1513: Modem Path Active but no configuration received (2170398 PCM_VALID)
12-14 03:46:46.456  2371  2371 I SHANNON_IMS: 3223 [CALL] updateCallRatType : LTE [SLID:0 CID:0 CURI:469****372 MLT:false  ICP:{ serviceType=1, callType=2, restrictCause=0, mediaProfile={ audioQuality=0, audioDirection=0, audioCodecAttribute=null, videoQuality=0, videoDirection=-1, rttMode=0, hasRttAudioSpeech=false }, emergencyServiceCategories=0, emergencyUrns=[], emergencyCallRouting=0, emergencyCallTesting=false, hasKnownUserIntentEmergency=false, mRestrictCause=0, mCallerNumberVerstat= 0, mAcceptedRtpHeaderExtensions= [] }CST:INITIATED  HRS:IDLE IC:false ECC:NONE WFC:false VCC:false OIR:2 CRS:false CUI:CCID:0 MP:false CCS:IDLE L(0):[] PCR:UNSPECIFIED LRS:LOCATION_NOT_REQUESTED] (ImsCall%updateCallRatType:689)
12-14 03:46:46.471  2371  2371 I SHANNON_IMS: 3224 [IMPL] #:BLUE:# Listening callSessionUpdated  [SLID:0 CID:0 CURI:469****372 MLT:false  ICP:{ serviceType=1, callType=2, restrictCause=0, mediaProfile={ audioQuality=0, audioDirection=0, audioCodecAttribute=null, videoQuality=0, videoDirection=-1, rttMode=0, hasRttAudioSpeech=false }, emergencyServiceCategories=0, emergencyUrns=[], emergencyCallRouting=0, emergencyCallTesting=false, hasKnownUserIntentEmergency=false, mRestrictCause=0, mCallerNumberVerstat= 0, mAcceptedRtpHeaderExtensions= [] }CST:INITIATED  HRS:IDLE IC:false ECC:NONE WFC:false VCC:false OIR:2 CRS:false CUI:CCID:0 MP:false CCS:IDLE L(0):[] PCR:UNSPECIFIED LRS:LOCATION_NOT_REQUESTED] (ImsCallSessionImpl$ProxyListener%callSessionUpdated:492)
12-14 03:46:46.471  2371  2371 D SHANNON_IMS: 3225 [HELP] Unsol {RILC_UNSOL_AUDIO_RINGBACK} received  [SLID:0  Active:true] (ImsRilHelper%onHandleUnsolicitedResponse:304)
12-14 03:46:46.472  2371  2371 I SHANNON_IMS: 3226 [NETW] #:PURP:# UNSOL {RILC_UNSOL_AIMS_CALL_STATUS} : call-type : 1  call-id : 0  call-state : 3  multiparty : false  state-reason : 0  end-cause : 31  ecc-category : 255  user-count : 0  media-direction : 0  uri-text : UNKNOWN  sdp-length : 0  is-video-upgrade-possible : false  is-rtt-upgrade-possible : false  ecbm : 0  called-party-num : 469****372  audio-quality : 0  sip-error-code : 0  sip-reason-header-num : 0  reason-header : end-cause : 31  sip-error-code : 0  sip-cause-code : 0  sip-reason-text : null  q850-cause-code : 0  q850-reason-text : null  isInternalErrorCause : false  mExtraReasonText : null  current-bitrate : 0  min-bitrate : 0  max-bitrate : 0  current-bandwidth : 0  min-bandwidth : 0  max-bandwidth : 0  emergency-urn-length : 0  emergency-urn :   change-in-RAT-Type : 255  (NetworkAdaptor$AdaptorChannel%onMessage:306)
12-14 03:46:46.474  2470  2470 I ImsCall : callSessionUpdated :: session=[ImsCallSession objId:186629885 callId:0] profile={ serviceType=1, callType=2, restrictCause=0, mediaProfile={ audioQuality=0, audioDirection=0, audioCodecAttribute=null, videoQuality=0, videoDirection=-1, rttMode=0, hasRttAudioSpeech=false }, emergencyServiceCategories=0, emergencyUrns=[], emergencyCallRouting=0, emergencyCallTesting=false, hasKnownUserIntentEmergency=false, mRestrictCause=0, mCallerNumberVerstat= 0, mAcceptedRtpHeaderExtensions= [] } ImsCall=[ImsCall objId:224630770 onHold:N mute:N mCallProfile:{ serviceType=1, callType=2, restrictCause=0, mediaProfile={ audioQuality=0, audioDirection=3, audioCodecAttribute=null, videoQuality=0, videoDirection=-1, rttMode=0, hasRttAudioSpeech=false }, emergencyServiceCategories=0, emergencyUrns=[], emergencyCallRouting=0, emergencyCallTesting=false, hasKnownUserIntentEmergency=false, mRestrictCause=0, mCallerNumberVerstat= 0, mAcceptedRtpHeaderExtensions= [] } networkType:13 updateRequest:NONE merging:N merge action pending:N merged:N multiParty:N confHost:N buried term:N isVideo: N wasVideo: N isWifi: N session:[ImsCallSession objId:186629885 callId:0] transientSession:null]
12-14 03:46:46.474  2470  2470 D ImsPhoneCallTracker: [0] onCallUpdated
12-14 03:46:46.475  2470  2470 D ImsPhoneCallTracker: [0] onCallUpdated: profile is { serviceType=1, callType=2, restrictCause=0, mediaProfile={ audioQuality=0, audioDirection=0, audioCodecAttribute=null, videoQuality=0, videoDirection=-1, rttMode=0, hasRttAudioSpeech=false }, emergencyServiceCategories=0, emergencyUrns=[], emergencyCallRouting=0, emergencyCallTesting=false, hasKnownUserIntentEmergency=false, mRestrictCause=0, mCallerNumberVerstat= 0, mAcceptedRtpHeaderExtensions= [] }
12-14 03:46:46.475  2470  2470 D ImsPhoneCallTracker: [0] processCallStateChange state=DIALING cause=0 ignoreState=true
12-14 03:46:46.477  2470  2470 V ImsPhoneConnection: update localCallProfile={ serviceType=1, callType=4, restrictCause=0, mediaProfile={ audioQuality=0, audioDirection=0, audioCodecAttribute=null, videoQuality=0, videoDirection=-1, rttMode=0, hasRttAudioSpeech=false }, emergencyServiceCategories=0, emergencyUrns=[], emergencyCallRouting=0, emergencyCallTesting=false, hasKnownUserIntentEmergency=false, mRestrictCause=0, mCallerNumberVerstat= 0, mAcceptedRtpHeaderExtensions= [] }
12-14 03:46:46.477  2470  2470 I ImsPhoneConnection: applyLocalCallCapabilities - localProfile = { serviceType=1, callType=4, restrictCause=0, mediaProfile={ audioQuality=0, audioDirection=0, audioCodecAttribute=null, videoQuality=0, videoDirection=-1, rttMode=0, hasRttAudioSpeech=false }, emergencyServiceCategories=0, emergencyUrns=[], emergencyCallRouting=0, emergencyCallTesting=false, hasKnownUserIntentEmergency=false, mRestrictCause=0, mCallerNumberVerstat= 0, mAcceptedRtpHeaderExtensions= [] }
12-14 03:46:46.481  2371  2371 D SHANNON_IMS: 3227 [CALL] listening callSessionProgressing : calledPartyNum=469****372, rttMode=0 [SLID:0 CID:0 CURI:469****372 MLT:false  ICP:{ serviceType=1, callType=2, restrictCause=0, mediaProfile={ audioQuality=0, audioDirection=0, audioCodecAttribute=null, videoQuality=0, videoDirection=-1, rttMode=0, hasRttAudioSpeech=false }, emergencyServiceCategories=0, emergencyUrns=[], emergencyCallRouting=0, emergencyCallTesting=false, hasKnownUserIntentEmergency=false, mRestrictCause=0, mCallerNumberVerstat= 0, mAcceptedRtpHeaderExtensions= [] }CST:INITIATED  HRS:IDLE IC:false ECC:NONE WFC:false VCC:false OIR:2 CRS:false CUI:CCID:0 MP:false CCS:IDLE L(0):[] PCR:UNSPECIFIED LRS:LOCATION_NOT_REQUESTED] (ImsCall$Listener%callSessionProgressing:2406)
12-14 03:46:46.488  2371  8360 I SHANNON_IMS: 3228 [IMPL] #:BLUE:# Commit getRemoteCallProfile returning[{ serviceType=1, callType=2, restrictCause=0, mediaProfile={ audioQuality=0, audioDirection=3, audioCodecAttribute=null, videoQuality=0, videoDirection=-1, rttMode=0, hasRttAudioSpeech=false }, emergencyServiceCategories=0, emergencyUrns=[], emergencyCallRouting=0, emergencyCallTesting=false, hasKnownUserIntentEmergency=false, mRestrictCause=0, mCallerNumberVerstat= 0, mAcceptedRtpHeaderExtensions= [] }]  [SLID:0 CID:0 CURI:469****372 MLT:false  ICP:{ serviceType=1, callType=2, restrictCause=0, mediaProfile={ audioQuality=0, audioDirection=0, audioCodecAttribute=null, videoQuality=0, videoDirection=-1, rttMode=0, hasRttAudioSpeech=false }, emergencyServiceCategories=0, emergencyUrns=[], emergencyCallRouting=0, emergencyCallTesting=false, hasKnownUserIntentEmergency=false, mRestrictCause=0, mCallerNumberVerstat= 0, mAcceptedRtpHeaderExtensions= [] }CST:INITIATED  HRS:IDLE IC:false ECC:NONE WFC:false VCC:false OIR:2 CRS:false CUI:CCID:0 MP:false CCS:IDLE L(0):[] PCR:UNSPECIFIED LRS:LOCATION_NOT_REQUESTED] (ImsCallSessionImpl%getRemoteCallProfile:126)
12-14 03:46:46.489  2470  2470 V ImsPhoneConnection: update remoteCallProfile={ serviceType=1, callType=2, restrictCause=0, mediaProfile={ audioQuality=0, audioDirection=3, audioCodecAttribute=null, videoQuality=0, videoDirection=-1, rttMode=0, hasRttAudioSpeech=false }, emergencyServiceCategories=0, emergencyUrns=[], emergencyCallRouting=0, emergencyCallTesting=false, hasKnownUserIntentEmergency=false, mRestrictCause=0, mCallerNumberVerstat= 0, mAcceptedRtpHeaderExtensions= [] }
12-14 03:46:46.489  2470  2470 W ImsPhoneConnection: applyRemoteCallCapabilities - remoteProfile = { serviceType=1, callType=2, restrictCause=0, mediaProfile={ audioQuality=0, audioDirection=3, audioCodecAttribute=null, videoQuality=0, videoDirection=-1, rttMode=0, hasRttAudioSpeech=false }, emergencyServiceCategories=0, emergencyUrns=[], emergencyCallRouting=0, emergencyCallTesting=false, hasKnownUserIntentEmergency=false, mRestrictCause=0, mCallerNumberVerstat= 0, mAcceptedRtpHeaderExtensions= [] }
12-14 03:46:46.490  2470  2470 I ImsPhoneConnection: maybeChangeRingbackState
12-14 03:46:46.490  2470  2470 I ImsPhoneCall: maybeChangeRingbackState: state=DIALING
12-14 03:46:46.493  1564  1602 I Telecom : InCallController: Sending updateCall [Call id=TC@1518, state=DIALING, tpac=ComponentInfo{com.android.phone/com.android.services.telephony.TelephonyConnectionService}, 1, UserHandle{0}, cmgr=ComponentInfo{com.android.phone/com.android.services.telephony.TelephonyConnectionService}, 1, UserHandle{0}, handle=tel:********72, vidst=A, childs(0), has_parent(false), cap=[ sup_hld mut VTlrx VTltx VTlbi], prop=[]], voip=false: CSW.pE(cap)@s4A?
12-14 03:46:46.495  2371  2371 I SHANNON_IMS: 3229 [IMPL] #:BLUE:# Listening callSessionUpdated  [SLID:0 CID:0 CURI:469****372 MLT:false  ICP:{ serviceType=1, callType=2, restrictCause=0, mediaProfile={ audioQuality=0, audioDirection=0, audioCodecAttribute=null, videoQuality=0, videoDirection=-1, rttMode=0, hasRttAudioSpeech=false }, emergencyServiceCategories=0, emergencyUrns=[], emergencyCallRouting=0, emergencyCallTesting=false, hasKnownUserIntentEmergency=false, mRestrictCause=0, mCallerNumberVerstat= 0, mAcceptedRtpHeaderExtensions= [] }CST:ESTABLISHING  HRS:IDLE IC:false ECC:NONE WFC:false VCC:false OIR:2 CRS:false CUI:CCID:0 MP:false CCS:IDLE L(0):[] PCR:UNSPECIFIED LRS:LOCATION_NOT_REQUESTED] (ImsCallSessionImpl$ProxyListener%callSessionUpdated:492)
12-14 03:46:46.495  1564  1602 I Telecom : InCallController: Components updated: [ComponentInfo{com.google.android.bluetooth/com.android.bluetooth.telephony.BluetoothInCallService}, ComponentInfo{com.google.android.apps.scone/com.google.android.apps.scone.coex.StateService}, ComponentInfo{com.google.android.googlequicksearchbox/com.google.android.libraries.search.assistant.incallservice.IncomingCallInCallService}, ComponentInfo{android/com.android.server.companion.datatransfer.contextsync.CallMetadataSyncInCallService}, ComponentInfo{com.google.android.dialer/com.android.incallui.InCallServiceImpl}]: CSW.pE(cap)@s4A?
12-14 03:46:46.496  1564  1602 I Telecom : InCallController: Sending updateCall [Call id=TC@1518, state=DIALING, tpac=ComponentInfo{com.android.phone/com.android.services.telephony.TelephonyConnectionService}, 1, UserHandle{0}, cmgr=ComponentInfo{com.android.phone/com.android.services.telephony.TelephonyConnectionService}, 1, UserHandle{0}, handle=tel:********72, vidst=A, childs(0), has_parent(false), cap=[ sup_hld mut VTlrx VTltx VTlbi], prop=[]], voip=false: CSW.sSH(cap)@s4E?
12-14 03:46:46.496 30410 30468 I DialerInCallUpdatePropagatorImpl: com.android.dialer.incall.core.dataservice.impl.InCallUpdatePropagatorImpl$1.onSuccess:79 IN_CALL_UPDATE_MONITORING: fire update in the ui thread
12-14 03:46:46.496 30410 30410 I DialerTelecomEventUiThreadBlockedTimer: com.android.incallui.TelecomEventUiThreadBlockedTimer.lambda$onEvent$0:58 InCallService.uiThreadBlockedByTelecomEvent blocked UI thread for 0.48 ms
12-14 03:46:46.497 30410 30438 I DialerCallScopesImpl: com.android.dialer.incall.core.callscope.callscopes.impl.CallScopesImpl.getAudioAvailableCallScope:214 enter
12-14 03:46:46.497 30410 30468 I DialerInCallProductionComponentAuthorityImpl: com.android.dialer.incall.core.dataservice.impl.InCallProductionComponentAuthorityImpl.postNewPrimaryCallGraph:60 IN_CALL_UPDATE_MONITORING: start building new call graph
12-14 03:46:46.497 30410 30410 I DialerTelecomEventUiThreadBlockedTimer: com.android.incallui.TelecomEventUiThreadBlockedTimer.lambda$onEvent$0:58 InCallService.uiThreadBlockedByTelecomEvent.onDetailsChanged blocked UI thread for 1.11 ms
12-14 03:46:46.497 30410 30438 I DialerCallScopesImpl: com.android.dialer.incall.core.callscope.callscopes.impl.CallScopesImpl.getAudioAvailableCallScope:221 found 1 call scopes
12-14 03:46:46.497 30410 30438 I DialerCallScopesImpl: com.android.dialer.incall.core.callscope.callscopes.impl.CallScopesImpl.getAudioAvailableCallScope:253 getAudioAvailableCallScope returning empty optional
12-14 03:46:46.497  2470  2470 I ImsCall : callSessionUpdated :: session=[ImsCallSession objId:186629885 callId:0] profile={ serviceType=1, callType=2, restrictCause=0, mediaProfile={ audioQuality=0, audioDirection=0, audioCodecAttribute=null, videoQuality=0, videoDirection=-1, rttMode=0, hasRttAudioSpeech=false }, emergencyServiceCategories=0, emergencyUrns=[], emergencyCallRouting=0, emergencyCallTesting=false, hasKnownUserIntentEmergency=false, mRestrictCause=0, mCallerNumberVerstat= 0, mAcceptedRtpHeaderExtensions= [] } ImsCall=[ImsCall objId:224630770 onHold:N mute:N mCallProfile:{ serviceType=1, callType=2, restrictCause=0, mediaProfile={ audioQuality=0, audioDirection=0, audioCodecAttribute=null, videoQuality=0, videoDirection=-1, rttMode=0, hasRttAudioSpeech=false }, emergencyServiceCategories=0, emergencyUrns=[], emergencyCallRouting=0, emergencyCallTesting=false, hasKnownUserIntentEmergency=false, mRestrictCause=0, mCallerNumberVerstat= 0, mAcceptedRtpHeaderExtensions= [] } networkType:13 updateRequest:NONE merging:N merge action pending:N merged:N multiParty:N confHost:N buried term:N isVideo: N wasVideo: N isWifi: N session:[ImsCallSession objId:186629885 callId:0] transientSession:null]
12-14 03:46:46.497  2470  2470 D ImsPhoneCallTracker: [0] onCallUpdated
12-14 03:46:46.497 30410 30438 I DialerAudioAvailableCallAttributesUpdatePropagator: com.android.dialer.audio.impl.tidepods.AudioAvailableCallAttributesUpdatePropagator.lambda$updateModelAndPropagate$3:119 no active call scope present
12-14 03:46:46.498  2470  2470 D ImsPhoneCallTracker: [0] onCallUpdated: profile is { serviceType=1, callType=2, restrictCause=0, mediaProfile={ audioQuality=0, audioDirection=0, audioCodecAttribute=null, videoQuality=0, videoDirection=-1, rttMode=0, hasRttAudioSpeech=false }, emergencyServiceCategories=0, emergencyUrns=[], emergencyCallRouting=0, emergencyCallTesting=false, hasKnownUserIntentEmergency=false, mRestrictCause=0, mCallerNumberVerstat= 0, mAcceptedRtpHeaderExtensions= [] }
12-14 03:46:46.498  2470  2470 D ImsPhoneCallTracker: [0] processCallStateChange state=DIALING cause=0 ignoreState=true
12-14 03:46:46.498 30410 30438 I DialerAudioAvailableCallAttributesUpdatePropagator: com.android.dialer.audio.impl.tidepods.AudioAvailableCallAttributesUpdatePropagator.lambda$updateModelAndPropagate$4:142 no new model to propagate
12-14 03:46:46.498  2470  2470 V ImsPhoneConnection: update localCallProfile={ serviceType=1, callType=4, restrictCause=0, mediaProfile={ audioQuality=0, audioDirection=0, audioCodecAttribute=null, videoQuality=0, videoDirection=-1, rttMode=0, hasRttAudioSpeech=false }, emergencyServiceCategories=0, emergencyUrns=[], emergencyCallRouting=0, emergencyCallTesting=false, hasKnownUserIntentEmergency=false, mRestrictCause=0, mCallerNumberVerstat= 0, mAcceptedRtpHeaderExtensions= [] }
12-14 03:46:46.498  2470  2470 I ImsPhoneConnection: applyLocalCallCapabilities - localProfile = { serviceType=1, callType=4, restrictCause=0, mediaProfile={ audioQuality=0, audioDirection=0, audioCodecAttribute=null, videoQuality=0, videoDirection=-1, rttMode=0, hasRttAudioSpeech=false }, emergencyServiceCategories=0, emergencyUrns=[], emergencyCallRouting=0, emergencyCallTesting=false, hasKnownUserIntentEmergency=false, mRestrictCause=0, mCallerNumberVerstat= 0, mAcceptedRtpHeaderExtensions= [] }
12-14 03:46:46.499  1564  1602 I Telecom : InCallController: Components updated: [ComponentInfo{com.google.android.bluetooth/com.android.bluetooth.telephony.BluetoothInCallService}, ComponentInfo{com.google.android.apps.scone/com.google.android.apps.scone.coex.StateService}, ComponentInfo{com.google.android.googlequicksearchbox/com.google.android.libraries.search.assistant.incallservice.IncomingCallInCallService}, ComponentInfo{android/com.android.server.companion.datatransfer.contextsync.CallMetadataSyncInCallService}, ComponentInfo{com.google.android.dialer/com.android.incallui.InCallServiceImpl}]: CSW.sSH(cap)@s4E?
12-14 03:46:46.500 30410 30410 I DialerTelecomEventUiThreadBlockedTimer: com.android.incallui.TelecomEventUiThreadBlockedTimer.lambda$onEvent$0:58 InCallService.uiThreadBlockedByTelecomEvent blocked UI thread for 0.30 ms
12-14 03:46:46.500 30410 30469 I DialerCallScopesImpl: com.android.dialer.incall.core.callscope.callscopes.impl.CallScopesImpl.getAudioAvailableCallScope:214 enter
12-14 03:46:46.500 30410 30410 I DialerTelecomEventUiThreadBlockedTimer: com.android.incallui.TelecomEventUiThreadBlockedTimer.lambda$onEvent$0:58 InCallService.uiThreadBlockedByTelecomEvent.onDetailsChanged blocked UI thread for 0.49 ms
12-14 03:46:46.500 30410 30469 I DialerCallScopesImpl: com.android.dialer.incall.core.callscope.callscopes.impl.CallScopesImpl.getAudioAvailableCallScope:221 found 1 call scopes
12-14 03:46:46.500 30410 30469 I DialerCallScopesImpl: com.android.dialer.incall.core.callscope.callscopes.impl.CallScopesImpl.getAudioAvailableCallScope:253 getAudioAvailableCallScope returning empty optional
12-14 03:46:46.500 30410 30468 I DialerTiktokDataServiceInCallUpdateListener: com.android.dialer.incall.core.dataservice.impl.TiktokDataServiceInCallUpdateListener.onCallGraphUpdated:30 IN_CALL_UPDATE_MONITORING: enter
12-14 03:46:46.501 30410 30469 I DialerAudioAvailableCallAttributesUpdatePropagator: com.android.dialer.audio.impl.tidepods.AudioAvailableCallAttributesUpdatePropagator.lambda$updateModelAndPropagate$3:119 no active call scope present
12-14 03:46:46.501 30410 30469 I DialerAudioAvailableCallAttributesUpdatePropagator: com.android.dialer.audio.impl.tidepods.AudioAvailableCallAttributesUpdatePropagator.lambda$updateModelAndPropagate$4:142 no new model to propagate
12-14 03:46:46.501 30410 30468 I DialerDialerBubbleController: com.android.dialer.incall.bubble.dialerbubble.DialerBubbleController.onCallGraphUpdated:79 IN_CALL_UPDATE_MONITORING: enter
12-14 03:46:46.502 30410 30468 I DialerStatusBarNotifier: com.android.dialer.incall.statusbarnotification.ui.StatusBarNotifier.onCallGraphUpdated:226 updateInProgress: false
12-14 03:46:46.502 30410 30468 I DialerStatusBarNotifier: com.android.dialer.incall.statusbarnotification.ui.StatusBarNotifier.getModel:475 PrimaryCallGraph present: true; model already present: true
12-14 03:46:46.502 30410 30468 I DialerInCallUpdatePropagatorImpl: com.android.dialer.incall.core.dataservice.impl.InCallUpdatePropagatorImpl$1.onSuccess:79 IN_CALL_UPDATE_MONITORING: fire update in the ui thread
12-14 03:46:46.503 30410 30468 I DialerInCallProductionComponentAuthorityImpl: com.android.dialer.incall.core.dataservice.impl.InCallProductionComponentAuthorityImpl.postNewPrimaryCallGraph:60 IN_CALL_UPDATE_MONITORING: start building new call graph
12-14 03:46:46.503 30410 30469 I DialerPhoneLookupInfoConsolidator: com.android.dialer.phonelookup.consolidator.PhoneLookupInfoConsolidator.getGeolocation:386 nameSource: NONE
12-14 03:46:46.503 30410 30473 I DialerPhoneLookupInfoConsolidator: com.android.dialer.phonelookup.consolidator.PhoneLookupInfoConsolidator.getName:204 nameSource: NONE
12-14 03:46:46.503 30410 30410 I DialerDialerBubbleController: com.android.dialer.incall.bubble.dialerbubble.DialerBubbleController.lambda$onCallGraphUpdated$1:90 IN_CALL_UPDATE_MONITORING: fire update in the ui thread
12-14 03:46:46.503 30410 30467 I DialerAtlasBusinessFinderImpl: com.android.incallui.atlas.ui.impl.businessfinder.AtlasBusinessFinderImpl.findBusinessMatchingPhoneNumber:214 finding business in cache
12-14 03:46:46.503 30410 30467 I DialerAtlasBusinessFinderImpl: com.android.incallui.atlas.ui.impl.businessfinder.AtlasBusinessFinderImpl.findBusinessMatchingPhoneNumber:216 result found in cache
12-14 03:46:46.503 30410 30469 I DialerPrivate: com.android.dialer.incall.bubble.service.BubbleModelProducerModule.produceIsBubbleFeatureEnabledForCall:335 Not showing bubble in Android S+.
12-14 03:46:46.504 30410 30436 W DialerLegacyHoldForMeMddResourcesImpl: com.android.incallui.atlas.ui.impl.mddresources.impl.LegacyHoldForMeMddResourcesImpl.lambda$getDownloadedZipFileUri$3:128 No model has been downloaded yet. [CONTEXT enable_persistent_logger=true ]
