10-11 16:24:01.386  1259  2215 W BroadcastQueue: Permission Denial: receiving Intent { act=android.intent.action.PHONE_STATE flg=0x1000010 (has extras) } to com.samsung.android.privateshare/com.samsung.android.privacy.ExternalBroadcastReceiver requires android.permission.READ_PHONE_STATE due to sender android (uid 1000)
10-11 16:24:01.388 12773 12773 I SCallUI : VideoRotationRepository - setUp
10-11 16:24:01.388 12773 16448 I SCallUI : AccountModel@0 - AccountFlow: Registered features: [smsip, mmtel]
10-11 16:24:01.388   963 16444 I sensors-hal: handle_sns_client_event:544, [0][0] accel_sample [ 0.252,  0.246, 10.044] 4601200481375968
10-11 16:24:01.389 12773 12773 I SCallUI : ScreenCallRepository - setUp
10-11 16:24:01.389 12773 12773 I SCallUI : ScreenCallRepository - registerContentObserver: 16546459
10-11 16:24:01.390  1259  1707 W BroadcastQueue: Permission Denial: receiving Intent { act=android.intent.action.PHONE_STATE flg=0x1000010 (has extras) } to com.samsung.android.service.stplatform/.receivers.TelephonyIntentReceiver requires android.permission.READ_PHONE_STATE due to sender android (uid 1000)
10-11 16:24:01.390  1259  1707 W BroadcastQueue: Permission Denial: receiving Intent { act=android.intent.action.PHONE_STATE flg=0x1000010 (has extras) } to com.samsung.android.privateshare/com.samsung.android.privacy.ExternalBroadcastReceiver requires android.permission.READ_PHONE_STATE due to sender android (uid 1000)
10-11 16:24:01.390  1259  1707 W BroadcastQueue: Permission Denial: receiving Intent { act=android.intent.action.PHONE_STATE flg=0x1000010 (has extras) } to com.samsung.android.service.stplatform/.receivers.TelephonyIntentReceiver requires android.permission.READ_PHONE_STATE due to sender android (uid 1000)
10-11 16:24:01.396   963   963 I sensors-hal: send_sync_sensor_request:470, send sync request
10-11 16:24:01.396   963   963 I sensors-hal: send_sync_sensor_request:496, wait for notification of response
10-11 16:24:01.397   963 16452 I sensors-hal: ssc_conn_resp_cb:898, resp_value = 0
10-11 16:24:01.398   963   963 I sensors-hal: send_sync_sensor_request:502, takes 1 ms to receive the response with 0
10-11 16:24:01.398   963   963 I sensors-hal: activate:388, android.sensor.gyroscope/41 en=1 completed
10-11 16:24:01.398  1259  2052 D SensorManager: registerListener :: 1601008243, Motion Sensor, 200000, 0, com.samsung.android.gesture.MotionRecognitionService$SensorListener@191dfe2
10-11 16:24:01.398  1259  1996 D SensorService: MotionSensorEngine:: ACTUAL_GYRO : does not send event, cause gyro data not delivered yet.
10-11 16:24:01.398  1259  2052 D MotionRecognitionService: Acc/Gyro was enable by motion sensor  = 1
10-11 16:24:01.398  1259  2052 D MotionRecognitionService: Motion, result = 1
10-11 16:24:01.398  1259  2052 D MotionRecognitionService: Motion, result = 1
10-11 16:24:01.398  1259  2052 D MotionRecognitionService: Settings updated : 10000100100000000000000101
10-11 16:24:01.398  1259  2052 E PalmMotion: [PALM] PalmMotion does not support (PalmTouch: null, PalmSweep: )null
10-11 16:24:01.398  1259  2047 D SensorService: setSContextDataLocked ints length 2 , byte length 4
10-11 16:24:01.398  1259  2931 D MotionRecognitionService: Acc/Gyro was enable by motion sensor  = 2
10-11 16:24:01.398  1259  2047 D SensorService: setSContextDataLocked d911b4
10-11 16:24:01.398  1259  2931 V MotionRecognitionManager:   .registerListener : success. listener count = 0->1, motion_events=1, name :com.samsung.server.telecom.model.motion.SamsungMotionRecognitionManagerAdapterImpl@9db70ad
10-11 16:24:01.399  1259  2931 I Telecom:SamsungIncomingCallReader: startTtsIfPossible - there is no tts text
10-11 16:24:01.399  1259  2052 E SensorManager: sensor or listener is null
10-11 16:24:01.400   963   963 I sensors-hal: inject_sensor_data:498, handle 1501 send inject
10-11 16:24:01.400   963   963 I sensors-hal: sendContextData:285, sensor hal 4, (0xb4, 0x11, 0xd9, 0x0)
10-11 16:24:01.400   963   963 I sensors-hal: sendContextData:226, activities 4 b4, 1
10-11 16:24:01.400   963   963 I sensors-hal: sendUserData:247, Activities cmd 0xb4 0x11
10-11 16:24:01.400   963   963 I sensors-hal: create_send_context_data:79, sending create_send_context_data
10-11 16:24:01.400   963   963 I sensors-hal: send_context_data:651, activities, 4914309220830019584, 1320970896291267344, msgid:700
10-11 16:24:01.401 12773 12773 I TextToSpeech: Sucessfully bound to com.samsung.SMT
10-11 16:24:01.401 12773 12773 I SCallUI : ContactRepository - registerContentObserver: 155295249
10-11 16:24:01.402 12773 12773 I SCallUI : AudioDeviceRepository - setUp
10-11 16:24:01.402   963   963 I sensors-hal: sendContextData:91, common_info 4
10-11 16:24:01.402   963   963 I sensors-hal: sendUserData:114, CommonInfo 0xb4 0x11 0xd9 0x0
10-11 16:24:01.402   963   963 I sensors-hal: create_send_context_data:67, sending create_send_context_data
10-11 16:24:01.402   963   963 I sensors-hal: send_context_data:651, common_info, 4914309147815575552, 1320970896291267344, msgid:700
10-11 16:24:01.402  1259  2215 D TextToSpeechManagerPerUserService: Trying to start connection to TTS engine: com.samsung.SMT
10-11 16:24:01.402 12773 16448 I SCallUI : AudioDeviceRepository - registerAudioDeviceCallback
10-11 16:24:01.403 12773 12773 I SCallUI : PrimaryCallBgPlayer - setUp
10-11 16:24:01.403 12773 12773 I SCallUI : SecondaryCallBgPlayer - setUp
10-11 16:24:01.403   963  2040 I sensors-hal: ssc_conn_resp_cb:898, resp_value = 0
10-11 16:24:01.404 12773 12773 I SCallUI : HiyaSmartCallRepository - setUp
10-11 16:24:01.405 12773 12773 I SCallUI : TtyModeRepository - setUp
10-11 16:24:01.405  1259  1259 D CompatibilityChangeReporter: Compat change id reported: 157233955; UID 1000; state: ENABLED
10-11 16:24:01.405 12773 12773 I SCallUI : TtyModeRepository - Create TtyModeModelImpl: ttyMode(0)
10-11 16:24:01.407  1259  1259 D SemWifiBackOff.Sar: received ACTION_PHONE_STATE_CHANGED, phoneState=RINGING
10-11 16:24:01.407  1259  1259 D SemWifiBackOff.Sar: received ACTION_PHONE_STATE_CHANGED, phoneState=RINGING
10-11 16:24:01.407 12773 12773 I SCallUI : AnsweringMessageRepository - setUp
10-11 16:24:01.407  1259  1259 D SemWifiBackOff.Sar: received ACTION_PHONE_STATE_CHANGED, phoneState=RINGING
10-11 16:24:01.407  1259  1259 D Telecom-Connection: MSG_ADD_VIDEO_CALLBACK - binder: android.os.BinderProxy@83d79a7, callback: com.android.internal.telecom.IVideoCallback$Stub$Proxy@6e5e3bd, size: 1
10-11 16:24:01.407  1259  1996 D SensorService: MotionSensorEngine:: ACTUAL_GYRO : does not send event, cause gyro data not delivered yet.
10-11 16:24:01.408 12773 12773 W Settings: Setting all_sound_off has moved from android.provider.Settings.System to android.provider.Settings.Global, returning read-only value.
10-11 16:24:01.408 12773 12773 I SCallUI : KnoxRepository - setUp
10-11 16:24:01.409  1259  1259 D Telecom-Connection: MSG_ADD_VIDEO_CALLBACK - binder: android.os.BinderProxy@107c58f, callback: com.android.internal.telecom.IVideoCallback$Stub$Proxy@c73bdb2, size: 2
10-11 16:24:01.409 12773 12773 I SCallUI : ManageBluetoothRepository - setUp
10-11 16:24:01.409 12773 12931 I SCallUI : KnoxRepository - query: start
10-11 16:24:01.410  1259  3225 D SecContentProvider2: query(), uri = 14 selection = getCallScreenDisabledItems
10-11 16:24:01.410  1259  3126 D MediaSessionRecord: registering controller callback android.media.session.MediaController$CallbackStub@58ada5f from controllerandroid
10-11 16:24:01.410 12773 12773 I SCallUI : BluetoothBleModel - registerReceiver
10-11 16:24:01.413  1259  1259 W Looper  : Drained
10-11 16:24:01.414  1259  1259 D TextToSpeechManagerPerUserService: Connected successfully to TTS engine: com.samsung.SMT
10-11 16:24:01.415 12773 12931 I SCallUI : KnoxRepository - query: onSuccess, cursor count: 1, uri: XXX, timeMillis:6
10-11 16:24:01.415 12773 12804 I TextToSpeech: Connected to TTS engine
10-11 16:24:01.415 12773 12773 I [MCFSDK_incallui_1.1.5]_McfAdapter: McfAdapter - -
10-11 16:24:01.417  1259  2466 I ActivityManager: Changes in 10095 19 to 5, 0 to 8
10-11 16:24:01.417  1259  2466 I am_uid_active: 10095
10-11 16:24:01.418 12773 12773 I [MCFSDK_incallui_1.1.5]_McfContext: bindService  - -
10-11 16:24:01.419 12773 12773 I SCallUI : BluetoothMcfManager - setUp - bindService is success
10-11 16:24:01.420 12773 12773 I SCallUI : BluetoothHeadsetModel - openBluetoothListener - failure, OFF
10-11 16:24:01.420 12773 12773 I SCallUI : RcsCapabilityRepository - RcsFlow: RcsCapabilityRepository:setUp, , timeMillis:0
10-11 16:24:01.421 12773 12773 I SCallUI : MemoRepository - setUp
10-11 16:24:01.421 12773 12773 I SCallUI : MemoRepository - registerContentObserver:65017203
10-11 16:24:01.423 12773 12773 I SCallUI : RcsCallContentRepository - setUp
10-11 16:24:01.423 12773 16448 I SCallUI : RcsCapabilityRepository - AccountFlow: createRcsSimData, RcsSimData{PhoneId:0, SubscriptionId:1}, timeMillis:3
10-11 16:24:01.423 12773 12773 E SCallUI : ProviderUtils - isProviderPackageInstalled() failed: android.content.pm.PackageManager$NameNotFoundException: com.samsung.crane
10-11 16:24:01.424 12773 12773 I SCallUI : ViewModelCallFlowGroup - CallFlow: setUp
10-11 16:24:01.424 12773 12773 I SCallUI : ClearCoverRepository - addClearCoverStateListener
10-11 16:24:01.425 12773 12773 I SCallUI : VideoModeControlFlow - setUp, currentUserId: 0
10-11 16:24:01.425 12773 12773 I SCallUI : VideoModeControlFlow - notifyViewModelMask - skip, VideoUiState: NONE, ViewModel{NO_SCREEN}
10-11 16:24:01.425 12773 12773 I SCallUI : ViewModelExternalCallFlowGroup - CallFlow: setUp
10-11 16:24:01.425 12773 12773 I SCallUI : ClearCoverRepository - addClearCoverStateListener
10-11 16:24:01.426 12773 12773 I SCallUI : InCallServiceImpl@181563538 - CallUIPerf: CallFlow: onCallAdded, TC@2489(127289547), RINGING, Audio Only, Size(CallRepository:0, Phone:1)
10-11 16:24:01.427  1259  1996 D SensorService: MotionSensorEngine:: ACTUAL_GYRO : does not send event, cause gyro data not delivered yet.
10-11 16:24:01.427  6229  6229 I [MCFServer]_McfService: onCreate - 1.2.05.24
10-11 16:24:01.428 12773 12773 I SCallUI : CallModel_TC@2489 - CallUIPerf: CallFlow: Construct - CallModel_TC@2489(127289547) - RINGING, Audio Only
10-11 16:24:01.428  6229  6229 I [MCFServer]_McfMainController: start - 
10-11 16:24:01.428  6229  6229 I BluetoothAdapter: STATE_BLE_ON
10-11 16:24:01.429 12773 12773 I SCallUI : CallModelExtras - parseExtraMcidAlertInfoBundle:false
10-11 16:24:01.429 12773 12773 I SCallUI : CallModelExtras - parseExtraMcidType:false
10-11 16:24:01.429 12773 12773 I SCallUI : CallModelExtras - parseCmcExternalCall : false (in SD Outgoing condition)
10-11 16:24:01.429 12773 12773 I SCallUI : CallModelExtras - parseCmcDeviceType: 0, SdCallState: -1, Pullable: false, PdCallType: 0, SdDeviceId: null
10-11 16:24:01.429 12773 12773 I SCallUI : CallModel_TC@2489 - CallFlow: checkAndUpdate : VideoProvider, android.telecom.VideoCallImpl@3a303de
10-11 16:24:01.430  1259  2215 D MediaSessionRecord: registering controller callback android.media.session.ISessionControllerCallback$Stub$Proxy@60d27ae from controllercom.android.systemui
10-11 16:24:01.430 12773 12773 I SCallUI : CallModel_TC@2489 - CallFlow: checkAndUpdate : CallModelState(NEW -> RINGING)
10-11 16:24:01.430 12773 12773 I SCallUI : CallModel_TC@2489 - CallFlow: checkAndUpdate : CallModelDetails{HandlePresentationIds: ALLOWED, NamePresentationIds: ALLOWED, PhoneAccountHandle: XXX}
10-11 16:24:01.430 12773 12773 I SCallUI : CallModel_TC@2489 - CallFlow: checkAndUpdate : CallModelCapability{[Capabilities: CAPABILITY_SUPPORT_HOLD CAPABILITY_RESPOND_VIA_TEXT CAPABILITY_MUTE CAPABILITY_CANNOT_DOWNGRADE_VIDEO_TO_AUDIO](10000000010000001100010), [SamsungCapabilities: CONTROL_WAITINGCALL](10000)}
10-11 16:24:01.430 12773 12773 I SCallUI : CallModel_TC@2489 - CallFlow: checkAndUpdate : CallModelProperty{[Properties: PROPERTY_HIGH_DEF_AUDIO](10000), [SamsungProperties:empty](0)}
10-11 16:24:01.431 12773 12773 I SCallUI : CallExtensionFactory - CallExtension Type : DEFAULT
10-11 16:24:01.432 12773 12773 I SCallUI : CallModelExtras - parseExtraMcidAlertInfoBundle:false
10-11 16:24:01.432 12773 12773 I SCallUI : CallModelExtras - parseExtraMcidType:false
10-11 16:24:01.432 12773 12773 I SCallUI : CallModelExtras - parseCmcExternalCall : false (in SD Outgoing condition)
10-11 16:24:01.432 12773 12773 I SCallUI : CallModelExtras - parseCmcDeviceType: 0, SdCallState: -1, Pullable: false, PdCallType: 0, SdDeviceId: null
10-11 16:24:01.434 12773 16448 I SCallUI : AccountRepository - - subscriptionId(cached): 1, phoneAccountHandle: XXX
10-11 16:24:01.434 12773 12773 I SCallUI : CallModel_TC@2489 - CallFlow: checkAndUpdate : CallModelExtras{PhoneAccountHandles: 0, CmcSecondaryState: -1, AudioRxTrackId: 0}
10-11 16:24:01.434  6165  6194 I SamsungTTS: [IsAvailable] eng-USA-null is LANG_COUNTRY_AVAILABLE
10-11 16:24:01.434 12773 16448 I SCallUI : EmergencyNumberHelperImpl - isEmergencyInternal, subId:1, semIsEmergencyNumber:false
10-11 16:24:01.435  6229  6229 I [MCFServer]_McfMainController: updateStandAloneBleMode - isStandAloneBleMode/SubscriberCallbacks.size()/CasterCallbacks.size()/BleAdapterCallbacks.size() = (false/0/0/0)
10-11 16:24:01.435 12773 12773 I SCallUI : SessionProfile_TC@2489 - updateForVideoProfileState, AUDIO_ONLY
10-11 16:24:01.435 12773 12773 I SCallUI : VideoProvider_TC@2489 - clear
10-11 16:24:01.435 12773 12773 I SCallUI : CallModel_TC@2489 - CallFlow: notifyCallModelListener :  call_flow_update, call_state, video_profile, video_provider, call_details, call_extras, 
10-11 16:24:01.435 12773 12773 I SCallUI : CallModelListenerHandler(CallModel_TC@2489) - onStateChanged - handler, RINGING
10-11 16:24:01.435 12773 13012 I TextToSpeech: Setting up the connection to TTS engine...
10-11 16:24:01.435 12773 12773 I SCallUI : CallFlowImpl - onCallAdded, CallModel_TC@2489{RINGING(RINGING), AUDIO_ONLY, IMS, XXX(ALLOWED)}
10-11 16:24:01.435  6229  6229 I [MCFServer]_McfService: onBind - action :com.samsung.mcfserver.MCF , caller :com.samsung.android.incallui
10-11 16:24:01.437 12773 12773 I SCallUI : CallFlowImpl - CallFlow: onCallModelsChanged, ForegroundCall - CallModel_TC@2489{RINGING(RINGING), AUDIO_ONLY, IMS}
10-11 16:24:01.437 12773 12773 I SCallUI : ViewModelCallFlowGroup - CallFlow: onForegroundCallChanged, CallModel_TC@2489{RINGING(RINGING), AUDIO_ONLY, IMS}
10-11 16:24:01.438  6229 16455 I [MCFServer]_ContactHelper: setMySamsungAccountHash - hash : 
10-11 16:24:01.439   651   651 D io_stats: !@   8,0 r 129929151 2261011168 w 28948776 394598028 d 5971489 567760748 f 0 0 iot 110276604 0 th 0 0 0 pt 0 inp 0 11 4601200.545
10-11 16:24:01.440   651   651 D io_stats: !@ Read_top(KB): oid.mdecservice(16325) 10540 ettingsprovider(16382) 10412 ch_zygote(16407) 10108
10-11 16:24:01.440   651   651 D io_stats: !@ Write_top(KB): kworker/u16:6(6501) 72 d.process.acore(12331) 24 ch_zygote(16407) 8
10-11 16:24:01.441 12773 12773 I SCallUI : SystemRepositoryUtils - getCurrentInterruptionFilter: 1
10-11 16:24:01.441 12773 12773 I SCallUI : SystemRepositoryUtils - isDoNotDisturbMode: false
10-11 16:24:01.441  6229  6229 I [MCFServer]_ContactHelper: onAccountsUpdated - accounts len:0
10-11 16:24:01.441  6229  6229 I [MCFServer]_ContactHelper: setMySamsungAccountHash - hash : 
10-11 16:24:01.441  6229  6229 I [MCFServer]_P2pHelper: updateConnection - state : false
10-11 16:24:01.441  6229 16455 W [MCFServer]_ContactHelper: registerPermissionObserver - contact permission already granted. no need to observe
10-11 16:24:01.442 12773 12773 I SCallUI : CallSessionFlow - CallFlow: checkAndUpdate, CallSessionData(19e0754) {CallModel_TC@2489, VOICE, RINGING, NormalCall}
10-11 16:24:01.442 12773 12773 I SCallUI : ViewModelsManager - ViewModelLifecycle: onForegroundCallChanged - skip, State(PREPARE), CallModel_TC@2489{RINGING(RINGING), AUDIO_ONLY, IMS}
10-11 16:24:01.443 12773 12773 I SCallUI : ExternalCallFlowImpl - onCallAdded, CallModel_TC@2489{RINGING(RINGING), AUDIO_ONLY, IMS, XXX(ALLOWED)}
10-11 16:24:01.444  6229 16455 I [MCFServer]_ContactHelper: getOwnerSystemNumber - number  ($s)-
10-11 16:24:01.444  6229 16455 I [MCFServer]_ContactHelper: getMyMobileNumber - get getOwnerSystemNumber
10-11 16:24:01.444 12773 12773 I SCallUI : ScreenLauncher - CallUIPerf: startUi
10-11 16:24:01.446 12773 12773 I SCallUI : ScreenLauncher - isPopupShowing - false
10-11 16:24:01.446 12773 12773 I SCallUI : ScreenLauncher - CallFlow: launch, needToLaunchSelectAccountDialogScreen: false
10-11 16:24:01.446  1259  1996 D SensorService: MotionSensorEngine:: ACTUAL_GYRO : does not send event, cause gyro data not delivered yet.
10-11 16:24:01.448 12773 12773 I SCallUI : SystemRepositoryUtils - getCurrentInterruptionFilter: 1
10-11 16:24:01.448 12773 12773 I SCallUI : SystemRepositoryUtils - isDoNotDisturbMode: false
10-11 16:24:01.448 12773 12773 I SCallUI : ScreenLauncher - isPopupShowing - false
10-11 16:24:01.449 12773 12773 I SCallUI : ScreenLauncher - @FullScreen: @CallPopup: launch, needToLaunchFullOrPopupScreen: true
10-11 16:24:01.449 12773 12773 I SCallUI : InCallNotificationLifeComponent - isResumed - false
10-11 16:24:01.449 12773 12773 I SCallUI : ScreenLauncher - @FullScreen: @CallPopup: launchFullOrPopupScreen, isNotificationRunning: false
10-11 16:24:01.449 12773 12773 I SCallUI : ScreenLauncher - isActivityAlive - false
10-11 16:24:01.449 12773 12773 I SCallUI : ScreenLauncher - isPopupShowing - false
10-11 16:24:01.449 12773 12773 I SCallUI : ScreenLauncher - @FullScreen: @CallPopup: launchFullOrPopupScreen, isActivityAlive: false, isPopupShowing: false
10-11 16:24:01.449 12773 12889 I SCallUI : ScreenLauncher - CallUIPerf: startQuickForegroundService
10-11 16:24:01.451 12773 12773 I SCallUI : ScreenLauncher - isSetupWizardComplete - true
10-11 16:24:01.451 12773 12773 I SCallUI : ScreenLauncher - isPopupShowing - false
10-11 16:24:01.451 12773 12773 I SCallUI : ScreenLauncher - isPopupShowing - false
10-11 16:24:01.451 12773 12889 I SCallUI : InCallActivity - @FullScreen: getInCallIntent - LaunchReason :NOTIFICATION
10-11 16:24:01.453 12773 12773 I SCallUI : ScreenLauncher - isHmtConnected - false
10-11 16:24:01.453 12773 12889 I SCallUI : NotificationHandler - createNotificationChannel
10-11 16:24:01.453 12773 12773 I SCallUI : ScreenLauncher - isExternalActivityAlive - false
10-11 16:24:01.453 12773 12773 I SCallUI : ScreenLauncher - isActivityAlive - false
10-11 16:24:01.453 12773 12773 I SCallUI : ScreenLauncher - isInMultiWindowMode - false
10-11 16:24:01.454 12773 12773 I SCallUI : ScreenLauncher - isScreenOff - false
10-11 16:24:01.462  1259  2466 I am_foreground_service_start: [0,com.samsung.android.incallui/com.android.incallui.InCallServiceImpl,1,PROC_STATE_PERSISTENT,31,33,0,0,0,1,UNKNOWN,80]
10-11 16:24:01.463 12773 12773 I SCallUI : PackageManagerModelImpl - getHomeActivityName - homeActivityName :com.android.launcher3.uioverrides.QuickstepLauncher
10-11 16:24:01.463  2262  2542 D SecFgsManagerControllerImpl: onForegroundStateChanged: dialogShown:false, isForeground:true, packageName:com.samsung.android.incallui , token:android.os.BinderProxy@99a1b89, userId:0
10-11 16:24:01.464 12773 12773 I SCallUI : PackageManagerModelImpl - getDesktopModeHomeActivityName - desktopModeHomeActivityName :null
10-11 16:24:01.465  2262  2542 D SecFgsManagerControllerImpl: updateUiControl[com.samsung.android.incallui]: 51
10-11 16:24:01.465  1259  2466 I ActivityManager: Changes in 10095 5 to 4, 8 to 14
10-11 16:24:01.466 12773 12773 I SCallUI : ScreenLauncher - topActivityName : com.sec.android.RilServiceModeApp.ServiceModeApp / homeActivityName :com.android.launcher3.uioverrides.QuickstepLauncher/ desktopHomeActivityName : null
10-11 16:24:01.466  1259  2466 I AppOps  : updateUidProcState uid: 10095 procState: 4 capability:14
10-11 16:24:01.466 12773 12773 I SCallUI : ScreenLauncher - isNoActivityOnAnyScreen - false
10-11 16:24:01.466  1259  2466 I AppOps  : commitUidPendingStateLocked() :: UID - 10095, 500 > 400, 8 > 14
10-11 16:24:01.467  1259  1996 D SensorService: MotionSensorEngine:: ACTUAL_GYRO : does not send event, cause gyro data not delivered yet.
10-11 16:24:01.468 12773 12773 I SCallUI : ScreenLauncher - isCarModeEnabled - false
10-11 16:24:01.468 12773 12773 I SCallUI : ScreenLauncher - isEmergencyMode - false
10-11 16:24:01.472 12773 12773 I SCallUI : ScreenLauncher - isKeyguardShowing - false
10-11 16:24:01.473 12773 12773 I SCallUI : ScreenLauncher - isCoverClosed - false
10-11 16:24:01.473 12773 12773 I SCallUI : ScreenLauncher - shouldLaunchFullScreenForDcm - false
10-11 16:24:01.473 12773 12773 I SCallUI : ScreenLauncher - isBikeModeEnabled - false
10-11 16:24:01.473 12773 12773 I SCallUI : ScreenLauncher - isNotRinging - false
10-11 16:24:01.474  1259  1707 D ApplicationPolicy: isStatusBarNotificationAllowedAsUser: packageName = com.samsung.android.incallui,userId = 0
10-11 16:24:01.476  1259  1707 D ApplicationPolicy: isStatusBarNotificationAllowedAsUser: packageName = com.samsung.android.incallui,userId = 0
10-11 16:24:01.476  1259  2466 D SGM:GameManager: identifyForegroundApp. com.sec.android.RilServiceModeApp, mCurrentUserId: 0, callerUserId: 0
10-11 16:24:01.476  1259  2466 D SGM:PkgDataHelper: getGamePkgData(). com.sec.android.RilServiceModeApp
10-11 16:24:01.477 12773 12773 I SCallUI : ScreenLauncher - getCallScreenType - 1
10-11 16:24:01.478 12773 12773 I SCallUI : ScreenLauncher - CallUIPerf: @CallPopup: launchPopupScreen
10-11 16:24:01.478 12773 12773 I SCallUI : InCallPopupLifeComponent - isResumed - false
10-11 16:24:01.478 12773 12773 I SCallUI : InCallPopupLifeComponent - startComponent - start, hashCode: b7e44c0
10-11 16:24:01.478 12773 12773 I SCallUI : InCallPopupLifeComponent - performCreate
10-11 16:24:01.478 12773 12773 I SCallUI : InCallPopupLifeComponent - onCreate, hashCode: b7e44c0
10-11 16:24:01.478 12773 12773 I SCallUI : InCallPopupLifeComponent@b7e44c0 - CallUIPerf: @CallPopup: onCreate - start
10-11 16:24:01.480 12773 12773 I SCallUI : PopupScreenViewModelImpl@387c39f - @CallPopup: PopupScreenViewModelImpl - constructor
10-11 16:24:01.480 12773 12773 I SCallUI : InCallPopupLifeComponent - getViewModel, get hashCode: 387c39f
10-11 16:24:01.480  1259  1259 I notification_enqueue: [1001,12773,com.samsung.android.incallui,1,NULL,0,Notification(channel=Ongoing_call shortcut=null contentView=com.samsung.android.incallui/0x7f0c009c vibrate=null sound=null defaults=0x0 flags=0x842 color=0xff14a866 category=call vis=SECRET semFlags=0x0 semPriority=10 semMissedCount=0),0,NULL]
10-11 16:24:01.484  1259  1996 D SensorService: MotionSensorEngine:: ACTUAL_GYRO : does not send event, cause gyro data not delivered yet.
10-11 16:24:01.489 12773 12773 I SCallUI : PopupScreenViewModelImpl - @CallPopup: onConfigurationChanged
10-11 16:24:01.490 12773 12773 E SCallUI : SaveConfigurationExecutorImpl - executeSaveConfigurationData, not supported type
10-11 16:24:01.490 12773 12773 W Settings: Setting show_button_background has moved from android.provider.Settings.System to android.provider.Settings.Global, returning read-only value.
10-11 16:24:01.490 12773 12773 I SCallUI : ShowButtonBackgroundExecutorImpl - updateShowButtonBackgroundState - value : false
10-11 16:24:01.491 12773 12773 I SCallUI : InCallPopupLifeComponent - getCallScreenType - 1
10-11 16:24:01.491  1259  2466 D SGM:GameManager: identifyForegroundApp. com.sec.android.RilServiceModeApp, mCurrentUserId: 0, callerUserId: 0
10-11 16:24:01.491  1259  2466 D SGM:PkgDataHelper: getGamePkgData(). com.sec.android.RilServiceModeApp
10-11 16:24:01.493 12773 12773 I SCallUI : PopupScreenViewsManagerImpl@42efabb - @CallPopup: createView
10-11 16:24:01.493   963 16453 I sensors-hal: handle_sns_client_event:630, [0][0] gyro_sample_cal(3) [-0.002,-0.001,-0.000] 4601200583694718
10-11 16:24:01.508 16325 16370 W ContextImpl: Calling a method in the system process without a qualified user: android.app.ContextImpl.bindService:2023 android.content.ContextWrapper.bindService:870 com.google.frameworks.client.data.android.binder.j.a:9 com.google.frameworks.client.data.android.binder.r.M:4 com.google.frameworks.client.data.android.binder.r.O:0 
10-11 16:24:01.509  1259  2466 W ActivityManager: Unable to start service Intent { act=grpc.io.action.BIND cmp=com.google.android.apps.messaging/.externalapi.service.ExternalMessagingApiService } U=0: not found
10-11 16:24:01.513 12773 12773 E ConstraintLayout: layout_constraintHeight_default=\"wrap\" is deprecated.
10-11 16:24:01.513 12773 12773 E ConstraintLayout: Use layout_height=\"WRAP_CONTENT\" and layout_constrainedHeight=\"true\" instead.
10-11 16:24:01.521 12773 12773 I SCallUI : CallCardActionCommandUi - onEarlyDisplayCallerInfo
10-11 16:24:01.523 12773 12773 I SCallUI : DisplayCallerInfoExecutor - executeEarlyDisplayPrimaryCallerInfo
10-11 16:24:01.524 12773 12773 I SCallUI : InCallPopupLifeComponent@b7e44c0 - CallUIPerf: @CallPopup: onCreate - createView, timeMillis:46
10-11 16:24:01.524 12773 12773 I SCallUI : InCallPopupLifeComponent@b7e44c0 - @CallPopup: onPopupScreenModelChanged
10-11 16:24:01.524  1259  2466 I Telecom:SamsungTelecomServiceImpl: isVoiceMailNumber - PhoneAccountHandle : ComponentInfo{com.android.phone/com.android.services.telephony.TelephonyConnectionService}, 1, UserHandle{0} / number : 198*****060 / callingPackage : com.samsung.android.incallui
10-11 16:24:01.524 12773 12773 I SCallUI : PopupScreenRepository - setPopupScreenModel: com.android.incallui.call.screenmodelimpl.PopupScreenModelImpl@181c93e
10-11 16:24:01.524 12773 12773 I SCallUI : PopupScreenRepository - notifyOnPopupScreenLaunched: com.android.incallui.call.screenmodelimpl.PopupScreenModelImpl@181c93e
10-11 16:24:01.525 12773 12773 I SCallUI : InCallPopupBroadcastReceiver - @CallPopup: registerReceiver context : com.android.incallui.call.InCallApp@752d35
10-11 16:24:01.525  2232  2476 D GsmCdmaPhone: [0] getVoiceMailNumber - number: length 12, source: SIM
10-11 16:24:01.525 12773 12773 I SCallUI : InCallPopupLifeComponent(192824512) - CallUIPerf: @CallPopup: onCreate - done, Popup, duration: 47ms
10-11 16:24:01.526 12773 12773 I SCallUI : PopupScreenModelImpl - @ScreenLifeCycle: onStateChanged: ON_CREATE
10-11 16:24:01.526 12773 12773 I SCallUI : InCallPopupLifeComponent - performResume
10-11 16:24:01.526 12773 12773 I SCallUI : InCallPopupLifeComponent - onResume, hashCode: b7e44c0
10-11 16:24:01.526 12773 12773 I SCallUI : InCallPopupLifeComponent@b7e44c0 - @CallPopup: onResume
10-11 16:24:01.526 12773 12773 I SCallUI : InCallPopupLifeComponent@b7e44c0 - @CallPopup: addView
10-11 16:24:01.528 12773 12934 I SCallUI : TelecomManagerModelImpl - isVoiceMailNumberInternal, timeMillis:4
10-11 16:24:01.529  1259  2466 D InputTransport: Input channel constructed: '3419536', fd=817
10-11 16:24:01.529  1259  2466 D InputTransport: Input channel constructed: '3419536', fd=821
10-11 16:24:01.529  1259  2466 D InputTransport: Input channel constructed: '3419536', fd=825
10-11 16:24:01.530  1160  2993 I SurfaceFlinger: id=1703083 createSurf, flag=80004, WindowToken{5b0c5a4 type=2009 android.os.BinderProxy@981610c}#1703083
10-11 16:24:01.531  1160  2993 I SurfaceFlinger: id=1703084 createSurf, flag=80004, 3419536 com.samsung.android.incallui#1703084
10-11 16:24:01.532  1259  2466 D InputTransport: Input channel destroyed: '3419536', fd=825
10-11 16:24:01.535 12773 12773 I ViewRootImpl@6ab2320[]: setView = android.widget.FrameLayout@ef514c TM=true
10-11 16:24:01.535 12773 12773 I SCallUI : PopupScreenViewsManagerImpl@42efabb - setUp
10-11 16:24:01.535 12773 12773 I SCallUI : PopupScreenViewsManagerImpl - injectViews
10-11 16:24:01.535  1259  2466 D CoreBackPreview: Window{3419536 u0 com.samsung.android.incallui}: Setting back callback OnBackInvokedCallbackInfo{mCallback=android.window.IOnBackInvokedCallback$Stub$Proxy@9544f0d, mPriority=0}
10-11 16:24:01.535 12773 12773 I SCallUI : CallPopupWindowLayoutParamsHelper - setWidth: 1057
10-11 16:24:01.537 12773 12773 I SCallUI : PopupScreenViewsManagerImpl - registerViewLifecycle: com.android.incallui.v.l.i.a0
10-11 16:24:01.537 12773 12773 I SCallUI : CallPopupButtonInflater - inflateButtons, state : RINGING
10-11 16:24:01.537 12773 12773 I SCallUI : CallPopupButtonInflater - inflateIncomingCallButtonView
10-11 16:24:01.549  8612  8612 E STFService: getNetworkProperties: Location fine denied
10-11 16:24:01.558 12773 12773 I SCallUI : CoverSecondLineViewImpl - CoverCardSecondLineViewImpl - enabled flip holders: PhoneNumberFlipHolder CallLogMemoFlipHolder OrganizationFlipHolder LocationFlipHolder 
10-11 16:24:01.558 12773 12773 I SCallUI : PopupScreenViewModelImpl - onViewInjected
10-11 16:24:01.558 12773 12773 I SCallUI : ViewModelsManager - ViewModelLifecycle: connect - POPUP_SCREEN, hash:59229087
10-11 16:24:01.558 12773 12773 I SCallUI : VideoModeControlFlow - notifyViewModelMask - skip, VideoUiState: NONE, ViewModel{POPUP}
10-11 16:24:01.558 12773 12773 I SCallUI : ViewModelsManager - ViewModelLifecycle: notifyViewModelScreenState, connected screen: {POPUP}
10-11 16:24:01.558 12773 12773 I SCallUI : ViewModelsManager - ViewModelLifecycle: onSetUp, ViewModelStatusOwner{Status: RUNNING, Mask: BIND, CALL_ALIVE, VIEW}
10-11 16:24:01.558 12773 12773 I SCallUI : ClearCoverRepository - addClearCoverStateListener
10-11 16:24:01.558 12773 12773 I SCallUI : ProximitySensorExecutor - setUp
10-11 16:24:01.559 12773 12773 I SCallUI : ProximitySensorExecutor - onPopupScreenModelChanged
10-11 16:24:01.559 12773 12773 I SCallUI : ProximitySensorExecutor - onFilteredDataChanged - isRttChatShowing: false,  isScreenCallChatShowing: false
10-11 16:24:01.559 12773 12773 I SCallUI : ProximitySensorExecutor - executeUpdateProximitySensor - com.android.incallui.u.n0.o@cf09d58
10-11 16:24:01.559 12773 12773 I SCallUI : ProximitySensorModelImpl - {ProximityWakeLock: WakeLock{c73feb1 held=false, refCount=0}, [updateProximitySensor] - , OFF, [turnOffProximitySensor] - , SKIP}
10-11 16:24:01.559 12773 12773 I SCallUI : ProximitySensorExecutor - onFilteredDataChanged - isRttChatShowing: false,  isScreenCallChatShowing: false
10-11 16:24:01.559 12773 12773 I SCallUI : ProximitySensorExecutor - executeUpdateProximitySensor - com.android.incallui.u.n0.o@cf09d58
10-11 16:24:01.559 12773 12773 I SCallUI : ProximitySensorModelImpl - {ProximityWakeLock: WakeLock{c73feb1 held=false, refCount=0}, [updateProximitySensor] - , OFF, [turnOffProximitySensor] - , SKIP}
10-11 16:24:01.559 12773 12773 I SCallUI : IndicatorBackgroundColorExecutor - onPopupScreenModelChanged
10-11 16:24:01.559 12773 12773 I SCallUI : IndicatorBackgroundColorExecutor - onPopupScreenLifecycleChanged, ON_CREATE
10-11 16:24:01.560 12773 12773 I SCallUI : IndicatorBackgroundColorExecutor - updateCallScreenStateId: INVALID -> POPUP_SCREEN
10-11 16:24:01.560 12773 12773 I SCallUI : IndicatorBackgroundColorExecutor - setCallScreenStateId: POPUP_SCREEN
10-11 16:24:01.560 12773 12773 I SCallUI : ClearCoverRepository - addClearCoverStateListener
10-11 16:24:01.560 12773 12773 I SCallUI : IndicatorBackgroundColorExecutor - onClearCoverStateChanged
10-11 16:24:01.560 12773 12773 I SCallUI : IndicatorBackgroundColorExecutor - updateCallScreenStateId: skip
10-11 16:24:01.560 12773 12773 I SCallUI : CallStatusIndicatorIconExecutor - onPopupScreenModelChanged
10-11 16:24:01.560 12773 12773 I SCallUI : IndicatorBackgroundColorExecutor - onPopupScreenLifecycleChanged, ON_CREATE
10-11 16:24:01.560 12773 12773 I SCallUI : IndicatorBackgroundColorExecutor - updateCallScreenStateId: skip
10-11 16:24:01.560 12773 12773 I SCallUI : CallStatusIndicatorIconExecutor - processWifiCall - isWifiCall : false, isCrossSimCall : false
10-11 16:24:01.561 12773 12773 I SCallUI : CallStatusIndicatorIconExecutor - DEFAULT
10-11 16:24:01.561 12773 12773 I SCallUI : CallStatusIndicatorIconExecutor - onFilteredDataChanged
10-11 16:24:01.561 12773 12773 I SCallUI : CallStatusIndicatorIconExecutor - processWifiCall - isWifiCall : false, isCrossSimCall : false
10-11 16:24:01.561 12773 12773 I SCallUI : CallStatusIndicatorIconExecutor - DEFAULT
10-11 16:24:01.561 12773 12773 I SCallUI : CommonExecutors - ExecutorLifecycle: CallFlow: onForegroundCallChanged, CallModel_TC@2489{RINGING(RINGING), AUDIO_ONLY, IMS}
10-11 16:24:01.561 12773 12773 I SCallUI : IndicatorBackgroundColorExecutor - executeUpdateIndicatorBackgroundColor
10-11 16:24:01.561 12773 12773 I SCallUI : IndicatorBackgroundColorExecutor - updateCallScreenStateId: skip
10-11 16:24:01.561 12773 12773 I SCallUI : CallStatusIndicatorIconExecutor - processWifiCall - isWifiCall : false, isCrossSimCall : false
10-11 16:24:01.561 12773 12773 I SCallUI : CallStatusIndicatorIconExecutor - DEFAULT
10-11 16:24:01.561 12773 12773 I SCallUI : NotificationPersonExecutor - setNumberUri: XXX
10-11 16:24:01.561 12773 12773 I SCallUI : ProximitySensorExecutor - executeUpdateProximitySensor - com.android.incallui.u.n0.o@cf09d58
10-11 16:24:01.561 12773 12773 I SCallUI : ProximitySensorModelImpl - {ProximityWakeLock: WakeLock{c73feb1 held=false, refCount=0}, [updateProximitySensor] - , OFF, [turnOffProximitySensor] - , SKIP}
10-11 16:24:01.561 12773 12773 I SCallUI : AccountRepository - - subscriptionId(cached): 1, phoneAccountHandle: XXX
10-11 16:24:01.563 12773 12931 I SCallUI : KnoxRepository - query: start
10-11 16:24:01.563 12773 12773 I SCallUI : DialpadExecutorImpl - executeUpdateCallModel
10-11 16:24:01.564 12773 12773 I SCallUI : DialpadExecutorImpl - executeManageDialpad
10-11 16:24:01.564 12773 12773 I SCallUI : DialpadExecutorImpl - executeDialpadClosed
10-11 16:24:01.564 12773 12773 I SCallUI : ProximitySensorModelImpl - {ProximityWakeLock: WakeLock{c73feb1 held=false, refCount=0}, [updateProximitySensor] - , OFF, [turnOffProximitySensor] - , SKIP}
10-11 16:24:01.564  1259  3225 D SecContentProvider2: query(), uri = 15 selection = getAutoCallPickupState
10-11 16:24:01.565 12773 12773 I SCallUI : VoiceCrbtCleanModeExecutorImpl - onFilteredDataChanged  - isDialpadShowing = false
10-11 16:24:01.565 12773 12773 I SCallUI : ClearCoverRepository - addClearCoverStateListener
10-11 16:24:01.565 12773 12773 I SCallUI : DisplayCallBgContentExecutorImpl - setUp
10-11 16:24:01.565 12773 12773 I SCallUI : DisplayCallBgContentExecutorImpl - onPrimaryCallerInfoChanged: null
10-11 16:24:01.565 12773 12773 I SCallUI : DisplayCallBgContentExecutorImpl - getCurrentVideoContentSurface: full screen
10-11 16:24:01.565 12773 12773 I SCallUI : DisplayCallBgContentExecutorImpl - setVideoContentSurface: null
10-11 16:24:01.565 12773 12773 I SCallUI : PrimaryCallBgPlayer - setVideoContentSurface: skip
10-11 16:24:01.565 12773 12773 I SCallUI : SecondaryCallBgPlayer - setVideoContentSurface: skip
10-11 16:24:01.565 12773 12773 I SCallUI : DisplayRttChatExecutor - onPrimaryCallerInfoChanged: null
10-11 16:24:01.565 12773 12773 I SCallUI : DisplayRttChatExecutor - executeDisplayRttParticipants
10-11 16:24:01.565 12773 12773 I SCallUI : DisplayRttChatExecutor - onRttChatStateChanged: false
10-11 16:24:01.565 12773 12773 I SCallUI : DisplayRttChatExecutor - stopListenOnRemoteVoice
10-11 16:24:01.565 12773 12773 I SCallUI : ReadCallerNameExecutorImpl - handleOnFilteredDataChanged: PRIMARY_CALLER_INFO, Owner type: NONE
10-11 16:24:01.565 12773 12773 I SCallUI : ReadCallerNameExecutorImpl - handleOnFilteredDataChanged: CALL_BACKGROUND, Owner type: NONE
10-11 16:24:01.565 12773 12773 I SCallUI : DisplayScreenCallExecutor - setUp
10-11 16:24:01.566 12773 12931 I SCallUI : KnoxRepository - query: onSuccess, cursor count: 1, uri: XXX, timeMillis:3
10-11 16:24:01.566 12773 12773 I SCallUI : DisplayParticipantListExecutor - onShowConferenceParticipantListStateChanged: false
10-11 16:24:01.566 12773 12773 I SCallUI : ClearCoverRepository - addClearCoverStateListener
10-11 16:24:01.566 12773 12773 I SCallUI : CallCardExecutors - ExecutorLifecycle: CallFlow: onForegroundCallChanged, CallModel_TC@2489{RINGING(RINGING), AUDIO_ONLY, IMS}
10-11 16:24:01.567 12773 12773 I SCallUI : CallCardStateTransitionExecutorImpl - updateCallCardStateData, CallCardStateData@e4840d, mIsConference: false, mIsGroupCall: false, mIsMultiparty: false, mIsMcidEnabled: false, mIsVcidEnabled: false, mHasVideoSecondLineInfo: false
10-11 16:24:01.567 12773 12773 I SCallUI : DisplayScreenCallExecutor - checkAndUpdate, callId: 9349098 -> 0
10-11 16:24:01.567 12773 12773 I SCallUI : DisplayScreenCallExecutor - stopScreenCall
10-11 16:24:01.568 12773 12773 I SCallUI : DisplayScreenCallExecutor - stopScreenCall
10-11 16:24:01.568 12773 12773 I SCallUI : DisplayCallerInfoExecutor - executeDisplayPrimaryCallerInfo: skip
10-11 16:24:01.568 12773 12773 I SCallUI : DisplayCallStateExecutor - displayCallStateLabel - state : RINGING
10-11 16:24:01.568 12773 12773 I SCallUI : DisplayCallStateExecutor - setCallStateLabel: Incoming call
10-11 16:24:01.568 12773 12773 I SCallUI : GeocoderRepository - getGeocoderModelFromLibrary
10-11 16:24:01.568 12773 12773 I SCallUI : DisplayLocationExecutorImpl - executeDisplayLocation search start!! - call - CallModel_TC@2489
10-11 16:24:01.569 12773 12931 I SCallUI : ContactRepository - query: start
10-11 16:24:01.572 12773 12773 I SCallUI : DisplayRttChatExecutor - executeDisplayRttParticipants
10-11 16:24:01.573 12773 12773 I SCallUI : DisplayCallLogMemoExecutorImpl - executeDisplayCallLogMemo
10-11 16:24:01.573 12773 12773 I SCallUI : ShowWifiEndCallExecutor - phoneIds:0, carrier_feature:false, csc_feature:false
10-11 16:24:01.574 12773 12773 I SCallUI : VerificationStatusExecutorImpl - executeVerificationStatusInternal, isRinging:true
10-11 16:24:01.574 12773 12773 I SCallUI : VerificationStatusExecutorImpl - isPassed, isVerificationPassed: true
10-11 16:24:01.574 12773 12773 I SCallUI : VerificationStatusExecutorImpl - setVerificationStatus VerificationStatusData@c0f78e6, mVerStatData: Number Verified, mIsStirShaken: true
10-11 16:24:01.574 12773 12773 I SCallUI : DisplayCallTypeIconExecutorImpl - AccountFlow: setAccountModel, AccountModel@0{sub_id:1, phone_account_handle_id:XXX, phone_account_extras:Bundle[{com.samsung.telecom.extra.SUPPORT_VRBT=false, android.telecom.extra.SUPPORTS_VIDEO_CALLING_FALLBACK=true, com.samsung.telecom.extra.SUBSCRIPTION_ID=1, com.samsung.telecom.extra.CAN_COEXIST_ACCOUNT=true, com.samsung.telecom.extra.PHONE_ID=0, com.samsung.telecom.extra.NO_CHECK_IF_VIDEO_CAPABLE=true}], runtime_feature:RuntimeSimFeature {313340, ETC, ETC, hd_icon_delta:NONE, []}, carrier_feature:CallTypeIconFeature@0{ConfigOpStyleForHdIcon:GSM_HD,5G_SUPPORT}}
10-11 16:24:01.574 12773 12773 I SCallUI : DisplayCallTypeIconExecutorImpl - CallCardFlow: Primary:DisplayCallType@END_CALL_DEFAULT -> VOICE_HD, icon:VOICE_HD_GSM, CallTypeIconData@27b08d4, mIcon: 2131231166, mIconColor: ff252525, CallModel_TC@2489{RINGING(RINGING), AUDIO_ONLY, IMS, CallModelProperty{[Properties: PROPERTY_HIGH_DEF_AUDIO](10000), [SamsungProperties:empty](0)}}
10-11 16:24:01.574 12773 12773 I SCallUI : DisplayCallTypeIconExecutorImpl - updateDisplayCallTypeIcon, {Record:GSM_AUTHENTICATION(IconSet:GSM, Default:GSM), Primary:VOICE_HD(Icon:VOICE_HD_GSM), , AMR_WB, VideoQuality:4, CallModel_TC@2489(127289547)RINGING, AUDIO_ONLY, IDLE, IMS, UxOperatorDelta:OPEN}
10-11 16:24:01.575 12773 12773 I SCallUI : DisplayParticipantListExecutor - CallCardFlow: [ConferenceInfoBanner] isSupportConferenceInfoBanner: false, Foreground:false, Background:false
10-11 16:24:01.575 12773 12773 I SCallUI : DisplayCallBgContentExecutorImpl - executeDisplayCallBgContent
10-11 16:24:01.575 12773 12773 I SCallUI : AccountRepository - - phoneId(cached): 0, phoneAccountHandle: XXX
10-11 16:24:01.576 12773 12773 I SCallUI : AccountRepository - - phoneId(cached): 0, phoneAccountHandle: XXX
10-11 16:24:01.576 12773 12773 I SCallUI : CallBgContentRepository - is_default_bg_sim1 value is 1
10-11 16:24:01.576 12773 12773 I SCallUI : CallBgContentRepository - default BG content by settings value
10-11 16:24:01.576 12773 12773 I SCallUI : ManageConferenceExecutor - setManageConferenceButtonLiveData: ButtonData(20115c3)@id: MANAGE_CONFERENCE { enabled, unchecked, GONE, command } 
10-11 16:24:01.577 12773 12773 I SCallUI : ManageConferenceExecutor - executeHideParticipantListIfNecessary...
10-11 16:24:01.577 12773 12773 I SCallUI : ManageConferenceExecutor - setManageConferenceButtonLiveData: ButtonData(8cb5179)@id: MANAGE_CONFERENCE { enabled, unchecked, GONE, command } 
10-11 16:24:01.578 12773 12773 I SCallUI : RttChatButtonSupplier - dispatchButtonButtonData(ed54b1f)@id: RTT_CHAT { disabled, unchecked, VISIBLE, command } 
10-11 16:24:01.578 12773 12773 I SCallUI : MuteControlExecutorImpl - onKnoxScreenModelChanged - skip, KnoxScreenModel{NONE}
10-11 16:24:01.578 12773 12773 I SCallUI : PrepareOptionMenuListControlExecutor - setUp, VoiceMenuSet: VOICE_OPEN VideoMenuSet: VIDEO_OPEN RttMenuSetVOICE_RTT_OPEN
10-11 16:24:01.578 12773 12773 I SCallUI : PrepareOptionMenuListControlExecutor - onKnoxScreenModelChanged - skip, KnoxScreenModel{NONE}
10-11 16:24:01.578 12773 12773 I SCallUI : PrepareOptionMenuHelper - onRttChatVisibilityChanged, false
10-11 16:24:01.578 12773 12773 I SCallUI : SendVideoCallAgainExecutor - onRcsCapabilityModelChanged, RcsCapabilityModel : null, AccountModel : null
10-11 16:24:01.579 12773 12773 I SCallUI : MakeVoiceButtonGridExecutor - getButtonList(), Dialpad : false, Conference List: false, Landscape : false, MultiWindow : false
10-11 16:24:01.579 12773 12773 I SCallUI : MakeVoiceButtonGridExecutor - updateButtonGrid - skip, [ButtonData(268c35)@id: RTT_CHAT { disabled, unchecked, VISIBLE, command } , null, null, null, null, ButtonData(52008ca)@id: DIALPAD_SHOW { enabled, unchecked, VISIBLE } ], {CallModel_TC@2489{RINGING(RINGING), AUDIO_ONLY, IMS}, record:INVALID, upgrade:INVALID, rcs_visible:false, null, }
10-11 16:24:01.579 12773 12773 I SCallUI : MakeVoiceButtonGridExecutor - getButtonList(), Dialpad : false, Conference List: false, Landscape : false, MultiWindow : false
10-11 16:24:01.579 12773 12773 I SCallUI : MakeVoiceButtonGridExecutor - updateButtonGrid - skip, [ButtonData(78d7a3b)@id: RTT_CHAT { disabled, unchecked, VISIBLE, command } , null, null, null, null, ButtonData(71d3558)@id: DIALPAD_SHOW { enabled, unchecked, VISIBLE } ], {CallModel_TC@2489{RINGING(RINGING), AUDIO_ONLY, IMS}, record:INVALID, upgrade:INVALID, rcs_visible:false, null, }
10-11 16:24:01.579 12773 12773 I SCallUI : SpeakerControlExecutorImpl - onKnoxScreenModelChanged - skip, KnoxScreenModel{NONE}
10-11 16:24:01.579 12773 12773 I SCallUI : ScreenCallAnswerExecutorImpl - setup!
10-11 16:24:01.579 12773 12773 I SCallUI : ScreenCallAnswerExecutorImpl - canVisible - false, unsupported by bixby feature, timeMillis:0
10-11 16:24:01.579 12773 12773 I SCallUI : ScreenCallAnswerExecutorImpl - onTtsLanguageStateChanged - skip, UNAVAILABLE
10-11 16:24:01.579 12773 12773 I SCallUI : MakeEndCallButtonGridExecutor - makeEndButtonGrid, [ButtonData(7c0b6b1)@id: INVALID { enabled, unchecked, GONE } , ButtonData(29de796)@id: INVALID { enabled, unchecked, GONE } , ButtonData(dcf7f17)@id: INVALID { enabled, unchecked, GONE } , ButtonData(cdc4f04)@id: INVALID { enabled, unchecked, GONE } , ButtonData(af90ced)@id: INVALID { enabled, unchecked, GONE } , ButtonData(a48e722)@id: INVALID { enabled, unchecked, GONE } , ButtonData(dc2f5b3)@id: INVALID { enabled, unchecked, GONE } , ButtonData(e515770)@id: INVALID { enabled, unchecked, GONE } , ButtonData(1e68ae9)@id: INVALID { enabled, unchecked, GONE } , ButtonData(6b2536e)@id: INVALID { enabled, unchecked, GONE } ]
10-11 16:24:01.581 12773 12773 I SCallUI : BluetoothControlExecutor - checkAndUpdate getBluetoothName - null
10-11 16:24:01.581 12773 12773 I SCallUI : BluetoothControlExecutor - setBluetoothButtonData, ButtonData(cc7a9c)@id: BLUETOOTH { disabled, unchecked, VISIBLE } 
10-11 16:24:01.581 12773 12773 I SCallUI : MakeVoiceButtonGridExecutor - getButtonList(), Dialpad : false, Conference List: false, Landscape : false, MultiWindow : false
10-11 16:24:01.581 12773 12773 I SCallUI : MakeVoiceButtonGridExecutor - updateButtonGrid - skip, [ButtonData(834387a)@id: RTT_CHAT { disabled, unchecked, VISIBLE, command } , null, ButtonData(fcd682b)@id: BLUETOOTH { disabled, unchecked, VISIBLE } , null, null, ButtonData(c74a488)@id: DIALPAD_SHOW { enabled, unchecked, VISIBLE } ], {CallModel_TC@2489{RINGING(RINGING), AUDIO_ONLY, IMS}, record:INVALID, upgrade:INVALID, rcs_visible:false, null, }
10-11 16:24:01.581 12773 12773 I SCallUI : BluetoothControlExecutor - onKnoxScreenModelChanged, KnoxScreenModel{NONE}
10-11 16:24:01.581 12773 12773 I SCallUI : BluetoothControlExecutor - checkAndUpdate getBluetoothName - null
10-11 16:24:01.581 12773 12773 I SCallUI : CallButtonExecutors - ExecutorLifecycle: CallFlow: onForegroundCallChanged, CallModel_TC@2489{RINGING(RINGING), AUDIO_ONLY, IMS}
10-11 16:24:01.581 12773 12773 I SCallUI : RcsCapabilityRepository - RcsFlow: getRcsCapabilityModel - RcsCapabilityModel is not ready, phoneId:0
10-11 16:24:01.581 12773 12773 I SCallUI : RcsShareControlExecutorImpl - RcsFlow: connectRcsCapabilityModel:number, null
10-11 16:24:01.581 12773 12773 I SCallUI : RcsShareControlExecutorImpl - RcsFlow: [RcsShareButton]:init, RcsCapabilityRepository{null}, {CallModel_TC@2489{RINGING(RINGING), AUDIO_ONLY, IMS}, RcsServiceType:NONE, isShareAvailableForCrane:false, canEnable:falseRcsCapabilityModel:<EMPTY>, null }
10-11 16:24:01.581 12773 12773 I SCallUI : RcsCapabilityRepository - RcsFlow: getRcsCapabilityModel - RcsCapabilityModel is not ready, phoneId:0
10-11 16:24:01.581 12773 12773 I SCallUI : RcsVideoShareControlExecutorImpl - RcsFlow: connectRcsCapabilityModel:number, null
10-11 16:24:01.581 12773 12773 I SCallUI : RcsVideoShareControlExecutorImpl - RcsFlow: [RcsVideoShareButton]:init, RcsCapabilityRepository{null}, {CallModel_TC@2489{RINGING(RINGING), AUDIO_ONLY, IMS}, RcsServiceType:NONE, canVideoShare:false, canEnable:false, RcsCapabilityModel:<EMPTY>, null }
10-11 16:24:01.582 12773 12773 I SCallUI : MuteControlExecutorImpl - setMuteButtonLiveData,ButtonData(fbae21)@id: MUTE { disabled, unchecked, VISIBLE, command } 
10-11 16:24:01.582 12773 12773 I SCallUI : MakeVoiceButtonGridExecutor - getButtonList(), Dialpad : false, Conference List: false, Landscape : false, MultiWindow : false
10-11 16:24:01.582 12773 12773 I SCallUI : MakeVoiceButtonGridExecutor - updateButtonGrid - skip, [ButtonData(4b85c07)@id: RTT_CHAT { disabled, unchecked, VISIBLE, command } , null, ButtonData(2f38134)@id: BLUETOOTH { disabled, unchecked, VISIBLE } , null, ButtonData(5440b5d)@id: MUTE { disabled, unchecked, VISIBLE, command } , ButtonData(5d5cd2)@id: DIALPAD_SHOW { enabled, unchecked, VISIBLE } ], {CallModel_TC@2489{RINGING(RINGING), AUDIO_ONLY, IMS}, record:INVALID, upgrade:INVALID, rcs_visible:false, null, }
10-11 16:24:01.582 12773 12773 I SCallUI : BluetoothControlExecutor - checkAndUpdate getBluetoothName - null
10-11 16:24:01.582 12773 12773 W Settings: Setting all_sound_off has moved from android.provider.Settings.System to android.provider.Settings.Global, returning read-only value.
10-11 16:24:01.582 12773 12773 I SCallUI : MakeVoiceButtonGridExecutor - getButtonList(), Dialpad : false, Conference List: false, Landscape : false, MultiWindow : false
10-11 16:24:01.582 12773 12773 I SCallUI : MakeVoiceButtonGridExecutor - updateButtonGrid - skip, [ButtonData(c16c4ff)@id: RTT_CHAT { disabled, unchecked, VISIBLE, command } , null, ButtonData(1f1c2cc)@id: BLUETOOTH { disabled, unchecked, VISIBLE } , ButtonData(3124915)@id: SPEAKER { enabled, unchecked, VISIBLE, command } , ButtonData(c4bb42a)@id: MUTE { disabled, unchecked, VISIBLE, command } , ButtonData(f9cb21b)@id: DIALPAD_SHOW { enabled, unchecked, VISIBLE } ], {CallModel_TC@2489{RINGING(RINGING), AUDIO_ONLY, IMS}, record:INVALID, upgrade:INVALID, rcs_visible:false, null, }
10-11 16:24:01.582 12773 12773 I SCallUI : BlockNumberExecutorImpl -  hideButton 
10-11 16:24:01.582 12773 12773 I SCallUI : AccountRepository - - phoneId(cached): 0, phoneAccountHandle: XXX
10-11 16:24:01.582 12773 12773 I SCallUI : RcsCapabilityRepository - RcsFlow: getRcsCapabilityModel - RcsCapabilityModel is not ready, phoneId:0
10-11 16:24:01.583 12773 12773 I SCallUI : TakeNoteExecutorImpl - checkAndUpdate:buttonData: ButtonData(fde3fb8)@id: INVALID { enabled, unchecked, VISIBLE, command } 
10-11 16:24:01.583 12773 12773 I SCallUI : RcsCapabilityRepository - RcsFlow: getRcsCapabilityModel - RcsCapabilityModel is not ready, phoneId:0
10-11 16:24:01.583 12773 12773 I SCallUI : RcsCraneAddReasonExecutorImpl - RcsFlow: connectRcsCapabilityModel:number, null
10-11 16:24:01.583 12773 12773 E ActivityThread: Failed to find provider info for com.samsung.crane.callcomposer.CallComposerProvider
10-11 16:24:01.583 12773 12773 E SCallUI : RcsCallContentRepository - getRcsCallContentModelByPhoneNumber No Crane Provider: content://com.samsung.crane.callcomposer.CallComposerProvider/callcomposer
10-11 16:24:01.583 12773 12773 I SCallUI : RcsCraneAddReasonExecutorImpl - setRcsCallContentModelAsEmpty
10-11 16:24:01.583 12773 12773 I SCallUI : RcsCraneAddReasonExecutorImpl - RcsFlow: setRcsAddReasonButtonLiveData: {DISCONNECTED, isAvailableAddReason:false, canUseAddReason:false, RcsCapabilityModel:null, DisconnectCause:DisconnectCause [ Code: (UNKNOWN) Label: () Description: () Reason: () Tone: (-1)  TelephonyCause: 36/65535 ImsReasonInfo: null] }, ButtonData(2ca54f7)@id: RCS_ADD_REASON { disabled, unchecked, GONE, command } 
10-11 16:24:01.584 12773 12773 I SCallUI : RcsCraneAddReasonExecutorImpl - RcsFlow: updateButtonState: {DISCONNECTED, isAvailableAddReason:false, canUseAddReason:false, RcsCapabilityModel:null, DisconnectCause:DisconnectCause [ Code: (UNKNOWN) Label: () Description: () Reason: () Tone: (-1)  TelephonyCause: 36/65535 ImsReasonInfo: null] }, ButtonData(2ca54f7)@id: RCS_ADD_REASON { disabled, unchecked, GONE, command } 
