11-08 02:20:18.662  2768  2768 I MSHandlerLifeCycle: removeMultiSplitHandler: no exist. decor=DecorView@de94a31[LauncherActivity]
11-08 02:20:18.663  1444  1949 D RILD    : QmiVssUnsolicitedCallback: msgId(6)
11-08 02:20:18.663  1444  1949 D RILD    : IpcOverQmiChannel: NotifyAsyncMessage completed
11-08 02:20:18.663  1147  1147 I Layer   : id=572369 Destroyed Surface(name=dd687b8 StatusBar)/@0x353cf7 - animation-leash of insets_animation#572369
11-08 02:20:18.663  1444  1950 V RILD    : IpcModem::ReceiveMessage
11-08 02:20:18.663  1444  1950 V RILD    : IpcModem::DoIoChannelRouting
11-08 02:20:18.663  1444  1950 D RILD    : [L] RX: (M)GEN_CMD (S)GEN_PHONE_RES (T)RESP l:c m:00 a:93 [ 0B 02 03 00 80 ]
11-08 02:20:18.663  1444  1950 V RILD    : MatchIpc: mMainCmd 11 mainCmd 0b mSubCmdMask ffffffffffffffff_ffffffffffffffff subCmd 02
11-08 02:20:18.663  1444  1950 V RILD    : MatchIpc: mMainCmd 16 mainCmd 0b mSubCmdMask 0_f1b06fefe subCmd 02
11-08 02:20:18.663  1147  1147 I Layer   : id=572370 Destroyed Surface(name=46270ab NavigationBar0)/@0x56b8b76 - animation-leash of insets_animation#572370
11-08 02:20:18.663  1444  1950 V RILD    : MatchIpc: mMainCmd 23 mainCmd 0b mSubCmdMask 0_36 subCmd 02
11-08 02:20:18.663  1444  1950 V RILD    : MatchIpc: mMainCmd 24 mainCmd 0b mSubCmdMask ffffffffffffffff_ffffffffffffffff subCmd 02
11-08 02:20:18.663  1444  1950 V RILD    : MatchIpc: mMainCmd 25 mainCmd 0b mSubCmdMask ffffffffffffffff_ffffffffffffffff subCmd 02
11-08 02:20:18.663  1444  1950 D RILD    : IpcProtocol41Gen GR: 0x8000
11-08 02:20:18.663  1444  1950 D RILD    : IpcProtocol GR: 0x8000
11-08 02:20:18.663  1444  1950 V RILD    : NotifyTimeoutChanged()
11-08 02:20:18.663  1444  1952 V RILD    : Reader: timeout=-1
11-08 02:20:18.663  1444  1684 V RILD    : Message obj refcnt=-1
11-08 02:20:18.663  1444  1684 D RILD    : SVC-MGR(19): evt(102)
11-08 02:20:18.663  1444  1684 D RILD    : EVENT_GEN_RESP_DONE response
11-08 02:20:18.663  1444  1684 D RILD    : RequestComplete - req : 59, peek : 59
11-08 02:20:18.663  1961  1964 D Multi-Client: Oem OnRequestComplete:(5)
11-08 02:20:18.664  1444  1684 V RILD    : Message obj refcnt=-1
11-08 02:20:18.664  1292  1716 D SGM:FgCheckThread: noteResumeComponent(), received pkgName: com.sec.android.app.launcher, userId: 0
11-08 02:20:18.665  1292  2097 D SGM:FgCheckThread: onLooperPrepared(), msg: MSG_APP_RESUME, pkgName: com.sec.android.app.launcher, userid: 0
11-08 02:20:18.665  2768  2768 I Launcher: onNewIntent, isActionMain : true internalStateHandled : false shouldMoveToDefaultScreen : false false
11-08 02:20:18.665  1292  2097 D SGM:FgCheckThread: handleResume().
11-08 02:20:18.665  1292  1716 I GameSDK@LifeCycle: noteResumeComponent(): package name  : com.sec.android.app.launcher
11-08 02:20:18.665  1292  2097 D SGM:FgCheckThread: sendFocusOutConditionally() - mPrevNotiPkg: (unknown), userId: 0
11-08 02:20:18.665  1292  2097 D SGM:FgCheckThread:   handleResume(). pkgName: com.sec.android.app.launcher, userId: 0, isTunableApp: null
11-08 02:20:18.665  2768  2963 I IMM_LC  : hsifw() - flag : 0
11-08 02:20:18.666  2768  2963 I IMM_LC  : hsifw() - mService.hideSoftInput
11-08 02:20:18.666  1292  2097 D SGM:FgCheckThread: notifyFocusInOut(). of pkg: com.sec.android.app.launcher, type: 4, isTunableApp: false, userId: 0
11-08 02:20:18.666  1292  2097 D SGM:FgCheckThread:   notifyFocusInOut(). unexpected mPrevNotiType: -1
11-08 02:20:18.666  1292  2097 D SGM:SystemHelper: callReleaseBlock needReleaseBlock:false
11-08 02:20:18.666  2768  2965 I LiveIconUpdateEventHandler: cancelDateChangeAlarm
11-08 02:20:18.667  1292  2487 D InputMethodManagerService: hideSoftInput
11-08 02:20:18.667  2258  2258 I ModemServiceMode: Service mode End
11-08 02:20:18.667  1292  2487 W InputMethodManagerService: Ignoring hideSoftInput of uid 10120: com.android.internal.view.IInputMethodClient$Stub$Proxy@c77af31
11-08 02:20:18.667  2768  2965 I LiveIconUpdateEventHandler: setDateChangeAlarm Thu Nov 09 00:00:00 MST 2023
11-08 02:20:18.668  1292  8348 I power_partial_wake_state: [REL,10,RILS:com.sec.phone]
11-08 02:20:18.669  2768  2965 I LiveIconViewUpdater: onUpdateLiveIcon - id : 48, itemType : 0
11-08 02:20:18.670  1292  3265 I MediaSessionMonitor: Media session stopped : controllerList empty
11-08 02:20:18.670  2768  2768 I OverviewCommandHelper: clearPendingCommands
11-08 02:20:18.670  2768  2768 I ViewRootImpl@ec2c2b9[LauncherActivity]: stopped(false) old = false
11-08 02:20:18.670  2768  2768 I Launcher: !@Boot_DEBUG: Launcher.onResume()
11-08 02:20:18.670  2768  2768 I Launcher: !@Boot_EBS_D: Launcher.onResume()
11-08 02:20:18.670  2768  2768 I BaseActivity: addActivityFlags, flags : 18
11-08 02:20:18.670  2768  2965 I LiveIconUpdateEventHandler: cancelMinuteChangeAlarm
11-08 02:20:18.670  1292  2516 I wm_finish_activity: [0,231133122,58109,com.sec.android.RilServiceModeApp/.ServiceModeApp,app-request]
11-08 02:20:18.670  2768  2768 I BaseActivity: removeActivityFlags, flags : 32
11-08 02:20:18.671  2768  2965 I LiveIconUpdateEventHandler: setMinuteChangeAlarm Wed Nov 08 02:21:00 MST 2023
11-08 02:20:18.672  2768  2768 I AppsSearchBar: restoreCurrentCellLayoutAlpha: null
11-08 02:20:18.672  2768  2768 W SearchLauncherServiceMover: isMoving : false
11-08 02:20:18.673  2293  2293 V ShadeControllerImpl: NotificationShadeWindow: com.android.systemui.statusbar.phone.NotificationShadeWindowView{12fcef5 I.E...... ......ID 0,0-1080,2408} canPanelBeCollapsed(): false
11-08 02:20:18.673  2293  2293 D LocationControllerImpl: onReceive() = android.intent.action.CLOSE_SYSTEM_DIALOGS
11-08 02:20:18.673  2293  2293 D QSButtonsContainer: action:android.intent.action.CLOSE_SYSTEM_DIALOGS
11-08 02:20:18.673  2293  2293 D QSMoreButton: action:android.intent.action.CLOSE_SYSTEM_DIALOGS
11-08 02:20:18.673  2293  2293 D PopupUI.PopupUI: PopupUIReceiver.onReceive() action : android.intent.action.CLOSE_SYSTEM_DIALOGS
11-08 02:20:18.673  2293  2293 D SecQSLayoutDetail: action:android.intent.action.CLOSE_SYSTEM_DIALOGS
11-08 02:20:18.673  2768  2963 I IMM_LC  : hsifw() - flag : 0
11-08 02:20:18.673  2768  2963 I IMM_LC  : hsifw() - mService.hideSoftInput
11-08 02:20:18.674  2293  2293 D SecVolume.SecVolumeStore: dispatch [ACTION_DISMISS_REQUESTED] with [STATE_NO_DISPATCH]
11-08 02:20:18.674  2293  2293 D SecVolume.SecVolumeStore:   > New State : [STATE_NO_DISPATCH]
11-08 02:20:18.674  1292  2487 D InputMethodManagerService: hideSoftInput
11-08 02:20:18.675  2768  2768 I DecorView: notifyKeepScreenOnChanged: keepScreenOn=false
11-08 02:20:18.675  2768  2965 I LiveIconViewUpdater: onUpdateLiveIcon - id : 50, itemType : 0
11-08 02:20:18.675 22500 22533 I STFService: CoreFrequency index: 0 current: 1804800 max: 1804800
11-08 02:20:18.677  2768  2965 I SPayUpdater: updateSpayHandler, show = true, defaultPage = true
11-08 02:20:18.677 22500 22533 I STFService: CoreFrequency index: 1 current: 1804800 max: 1804800
11-08 02:20:18.680  2768 14169 I Launcher: DisplayMetrics from Resources : DisplayMetrics{density=2.8125, width=1080, height=2208, scaledDensity=2.8125, xdpi=403.411, ydpi=402.389}
11-08 02:20:18.680  2768 14169 I Launcher: realMetrics from Wm : DisplayMetrics{density=2.8125, width=1080, height=2408, scaledDensity=2.8125, xdpi=403.411, ydpi=402.389}
11-08 02:20:18.680  2768 14169 I Launcher: Launcher DeviceProfile onResume availSize: 1080x2273 windowSize: 1080x2408 isLandscape: false
11-08 02:20:18.680  2768  2768 I Launcher: setWallpaperOffsets
11-08 02:20:18.682  2768  2768 I wm_on_resume_called: [254687787,com.sec.android.app.launcher.activities.LauncherActivity,RESUME_ACTIVITY]
11-08 02:20:18.682  2768  2768 I DecorView: notifyKeepScreenOnChanged: keepScreenOn=false
11-08 02:20:18.682  1292  1714 D PkgPredictorService-SecIpmManagerServiceImpl: onForegroundActivitiesChanged pid:2768 uid:10120
11-08 02:20:18.684  2768  2768 I MSHandlerLifeCycle: removeMultiSplitHandler: no exist. decor=DecorView@de94a31[LauncherActivity]
11-08 02:20:18.684  1292  2487 W InputMethodManagerService: Ignoring hideSoftInput of uid 10120: com.android.internal.view.IInputMethodClient$Stub$Proxy@73cb616
11-08 02:20:18.685 22500 22533 I STFService: CoreFrequency index: 2 current: 1804800 max: 1804800
11-08 02:20:18.687 22500 22533 I STFService: CoreFrequency index: 3 current: 1804800 max: 1804800
11-08 02:20:18.688  2768  2768 I ViewRootImpl@ec2c2b9[LauncherActivity]: performTraversals params={(0,0)(fillxfill) sim={adjust=nothing forwardNavigation} layoutInDisplayCutoutMode=shortEdges ty=BASE_APPLICATION fmt=TRANSPARENT wanim=0x10302f4
11-08 02:20:18.688  2768  2768 I ViewRootImpl@ec2c2b9[LauncherActivity]:   fl=81910100
11-08 02:20:18.688  2768  2768 I ViewRootImpl@ec2c2b9[LauncherActivity]:   pfl=1e020040
11-08 02:20:18.688  2768  2768 I ViewRootImpl@ec2c2b9[LauncherActivity]:   vsysui=1700
11-08 02:20:18.688  2768  2768 I ViewRootImpl@ec2c2b9[LauncherActivity]:   bhv=SHOW_TRANSIENT_BARS_BY_SWIPE
11-08 02:20:18.688  2768  2768 I ViewRootImpl@ec2c2b9[LauncherActivity]:   fitSides= screenDimDuration=200000 naviIconColor=0}
11-08 02:20:18.688  2768  2768 I ViewRootImpl@ec2c2b9[LauncherActivity]: performTraversals mFirst=false windowShouldResize=false viewVisibilityChanged=true mForceNextWindowRelayout=false params={(0,0)(fillxfill) sim={adjust=nothing forwardNavigation} layoutInDisplayCutoutMode=shortEdges ty=BASE_APPLICATION fmt=TRANSPARENT wanim=0x10302f4
11-08 02:20:18.688  2768  2768 I ViewRootImpl@ec2c2b9[LauncherActivity]:   fl=81910100
11-08 02:20:18.688  2768  2768 I ViewRootImpl@ec2c2b9[LauncherActivity]:   pfl=1e020040
11-08 02:20:18.688  2768  2768 I ViewRootImpl@ec2c2b9[LauncherActivity]:   vsysui=1700
11-08 02:20:18.688  2768  2768 I ViewRootImpl@ec2c2b9[LauncherActivity]:   bhv=SHOW_TRANSIENT_BARS_BY_SWIPE
11-08 02:20:18.688  2768  2768 I ViewRootImpl@ec2c2b9[LauncherActivity]:   fitSides= screenDimDuration=200000 naviIconColor=0}
11-08 02:20:18.688 22500 22533 I STFService: CoreFrequency index: 4 current: 1804800 max: 1804800
11-08 02:20:18.690  1292  1332 V WindowManager: Relayout Window{5eccd90 u0 com.sec.android.app.launcher/com.sec.android.app.launcher.activities.LauncherActivity}: viewVisibility=0 req=1080x2408 d0
11-08 02:20:18.691 22500 22533 I STFService: CoreFrequency index: 5 current: 1804800 max: 1804800
11-08 02:20:18.691  1292  1332 D RestrictionPolicy: isScreenCaptureEnabled : ret=true userId=0
11-08 02:20:18.691  1147  2836 I SurfaceFlinger: id=572401 createSurf, flag=40004, com.sec.android.app.launcher/com.sec.android.app.launcher.activities.LauncherActivity$_2768#572401
11-08 02:20:18.692  1292  1332 D WindowManager: makeSurface duration=2 name=com.sec.android.app.launcher/com.sec.android.app.launcher.activities.LauncherActivity$_2768
11-08 02:20:18.693 25266 27821 I SAMSUNGWALLET: [Hint_ProcessStatusChange] fg Change, pid : 2768 , isNotify : true , isForeground : true , fg list : [2768]
11-08 02:20:18.694  7302  7302 I GsaVoiceInteractionSrv: Handling ACTION_START_HOTWORD
11-08 02:20:18.695 25266 25266 I SAMSUNGWALLET: [Hint_IntroHintService] onReceive() action=com.sec.android.app.launcher.intent.action.UPDATE_SPAY_HANDLER
11-08 02:20:18.695  1292  1716 D PowerManagerService: [api] setScreenDimDurationOverrideFromWindowManagerInternal: timeoutMillis: 200000
11-08 02:20:18.695 25266 25266 I SAMSUNGWALLET: [Hint_IntroHintService] home change, s home : true , default : true , gesture : false , s result : true , prev : true
11-08 02:20:18.695  1292  1292 I Pageboost: package null
11-08 02:20:18.696  3220  3220 E pageboostd: Received HALT command code 2
11-08 02:20:18.699  1292  1332 V WindowManager: Changing focus from null to Window{5eccd90 u0 com.sec.android.app.launcher/com.sec.android.app.launcher.activities.LauncherActivity} displayId=0 Callers=com.android.server.wm.RootWindowContainer.updateFocusedWindowLocked:595 com.android.server.wm.WindowManagerService.updateFocusedWindowLocked:6803 com.android.server.wm.WindowManagerService.relayoutWindow:2813 com.android.server.wm.Session.relayout:274 
11-08 02:20:18.699  1292  1332 I WindowManager: Cancelling animation restarting=true, leash=Surface(name=Surface(name=dd687b8 StatusBar)/@0x353cf7 - animation-leash of insets_animation)/@0x6be2a43
11-08 02:20:18.699  1292  1332 I WindowManager: Reparenting to original parent: Surface(name=WindowToken{4a91a1b type=2000 android.os.BinderProxy@31e7115})/@0xd486764, destroy=false, surface=Surface(name=dd687b8 StatusBar)/@0x353cf7
11-08 02:20:18.699  1292  1332 I WindowManager: Reparenting to leash, surface=Surface(name=dd687b8 StatusBar)/@0x353cf7, leashParent=Surface(name=WindowToken{4a91a1b type=2000 android.os.BinderProxy@31e7115})/@0xd486764
11-08 02:20:18.700  1147  1912 I SurfaceFlinger: id=572402 createSurf, flag=24000, Surface(name=dd687b8 StatusBar)/@0x353cf7 - animation-leash of insets_animation#572402
11-08 02:20:18.700  2768 23536 I RecentModel: onTaskStackChangedBackground
11-08 02:20:18.701  1292  1332 D WindowManager: makeSurface duration=1 leash=Surface(name=Surface(name=dd687b8 StatusBar)/@0x353cf7 - animation-leash of insets_animation)/@0x8461da2
11-08 02:20:18.701  1292  1332 I WindowManager: Cancelling animation restarting=true, leash=Surface(name=Surface(name=46270ab NavigationBar0)/@0x56b8b76 - animation-leash of insets_animation)/@0x1adb9f9
11-08 02:20:18.701  1292  1332 I WindowManager: Reparenting to original parent: Surface(name=WindowToken{a4e12fa type=2019 android.os.BinderProxy@2e3311c})/@0x68c8577, destroy=false, surface=Surface(name=46270ab NavigationBar0)/@0x56b8b76
11-08 02:20:18.701  1292  1332 I WindowManager: Reparenting to leash, surface=Surface(name=46270ab NavigationBar0)/@0x56b8b76, leashParent=Surface(name=WindowToken{a4e12fa type=2019 android.os.BinderProxy@2e3311c})/@0x68c8577
11-08 02:20:18.701  1147  1912 I SurfaceFlinger: id=572403 createSurf, flag=24000, Surface(name=46270ab NavigationBar0)/@0x56b8b76 - animation-leash of insets_animation#572403
11-08 02:20:18.702  7302  7440 I GsaVoiceInteractionSrv: (REDACTED) disregardVoiceMatch: %b
11-08 02:20:18.702  7302  7440 I GsaVoiceInteractionSrv: Cannot start hotword, hotword has been explicitly disabled.
11-08 02:20:18.703  1292  1332 D WindowManager: makeSurface duration=1 leash=Surface(name=Surface(name=46270ab NavigationBar0)/@0x56b8b76 - animation-leash of insets_animation)/@0xaf5b1f0
11-08 02:20:18.704 22500 22533 I STFService: CoreFrequency index: 6 current: 2208000 max: 2208000
11-08 02:20:18.705  1292  1332 D WindowManager: updateSystemBarAttributes: displayId=0, win=Window{5eccd90 u0 com.sec.android.app.launcher/com.sec.android.app.launcher.activities.LauncherActivity}, navColorWin=Window{474770 u0 com.sec.android.RilServiceModeApp/com.sec.android.RilServiceModeApp.ServiceModeApp}, focusedCanBeNavColorWin=false, behavior=2, appearance=16, statusBarAppearanceRegions=[AppearanceRegion{ bounds=[0,0][1080,2408]}], requestedVisibilities=, from=com.android.server.wm.DisplayPolicy.focusChangedLw:3245 com.android.server.wm.DisplayContent.updateFocusedWindowLocked:4618 com.android.server.wm.RootWindowContainer.updateFocusedWindowLocked:595 
11-08 02:20:18.706  1292  1332 D StatusBarManagerService: notifyRequestedSystemKey recent=false home=false
11-08 02:20:18.706  1292  1332 V WindowManager: Relayout hash=5eccd90, pid=2768, syncId=-1: mAttrs={(0,0)(fillxfill) sim={adjust=nothing forwardNavigation} layoutInDisplayCutoutMode=shortEdges ty=BASE_APPLICATION fmt=TRANSPARENT wanim=0x10302f4
11-08 02:20:18.706  1292  1332 V WindowManager:   fl=81910100
11-08 02:20:18.706  1292  1332 V WindowManager:   pfl=1e020040
11-08 02:20:18.706  1292  1332 V WindowManager:   vsysui=1700
11-08 02:20:18.706  1292  1332 V WindowManager:   bhv=SHOW_TRANSIENT_BARS_BY_SWIPE
11-08 02:20:18.706  1292  1332 V WindowManager:   fitSides= screenDimDuration=200000 naviIconColor=0}
11-08 02:20:18.707  1292  1717 I input_focus: [Focus request 5eccd90 com.sec.android.app.launcher/com.sec.android.app.launcher.activities.LauncherActivity,reason=UpdateInputWindows]
11-08 02:20:18.708  3973  4427 I SemDvfsHyPerManager: acquire hyper - BaseTABoost/3973@18, type = 1090523139
11-08 02:20:18.708  2768  2768 I ViewRootImpl@ec2c2b9[LauncherActivity]: updateBlastSurfaceIfNeeded mBlastBufferQueue=null isSameSurfaceControl=false
11-08 02:20:18.708  2768  2768 I BLASTBufferQueue: new BLASTBufferQueue, mName= ViewRootImpl@ec2c2b9[LauncherActivity] mNativeObject= 0xb400007a29b56d00 sc.mNativeObject= 0xb400007a32cd3f80 caller= android.view.ViewRootImpl.updateBlastSurfaceIfNeeded:2909 android.view.ViewRootImpl.relayoutWindow:9847 android.view.ViewRootImpl.performTraversals:3884 android.view.ViewRootImpl.doTraversal:3116 android.view.ViewRootImpl$TraversalRunnable.run:10885 android.view.Choreographer$CallbackRecord.run:1301 android.view.Choreographer$CallbackRecord.run:1309 android.view.Choreographer.doCallbacks:923 android.view.Choreographer.doFrame:852 android.view.Choreographer$FrameDisplayEventReceiver.run:1283 
11-08 02:20:18.708   994  1088 I HYPER-HAL: [RequestManager.cpp]acquire(): Acquired ID : 7966054  [3973 / 18]    HINT :      list : [TABoost / 1] 
11-08 02:20:18.708  2768  2768 I BLASTBufferQueue: update, w= 1080 h= 2408 mName = ViewRootImpl@ec2c2b9[LauncherActivity] mNativeObject= 0xb400007a29b56d00 sc.mNativeObject= 0xb400007a32cd3f80 format= -2 caller= android.graphics.BLASTBufferQueue.<init>:84 android.view.ViewRootImpl.updateBlastSurfaceIfNeeded:2909 android.view.ViewRootImpl.relayoutWindow:9847 android.view.ViewRootImpl.performTraversals:3884 android.view.ViewRootImpl.doTraversal:3116 android.view.ViewRootImpl$TraversalRunnable.run:10885 
11-08 02:20:18.709  2768  2768 I ViewRootImpl@ec2c2b9[LauncherActivity]: Relayout returned: old=(0,0,1080,2408) new=(0,0,1080,2408) req=(1080,2408)0 dur=20 res=0x3 s={true 0xb400007a21092000} ch=true seqId=0
11-08 02:20:18.709  2768  2768 I ViewRootImpl@ec2c2b9[LauncherActivity]: mThreadedRenderer.initialize() mSurface={isValid=true 0xb400007a21092000} hwInitialized=true
11-08 02:20:18.709  2768  2768 I ViewRootImpl@ec2c2b9[LauncherActivity]: reportNextDraw android.view.ViewRootImpl.performTraversals:4438 android.view.ViewRootImpl.doTraversal:3116 android.view.ViewRootImpl$TraversalRunnable.run:10885 android.view.Choreographer$CallbackRecord.run:1301 android.view.Choreographer$CallbackRecord.run:1309 
11-08 02:20:18.710  2768  2768 I ViewRootImpl@ec2c2b9[LauncherActivity]: Setup new sync id=6521
11-08 02:20:18.710  2768  2768 I ViewRootImpl@ec2c2b9[LauncherActivity]: Setting syncFrameCallback
11-08 02:20:18.710  2768  2768 I ViewRootImpl@ec2c2b9[LauncherActivity]: registerCallbacksForSync syncBuffer=false
11-08 02:20:18.710  2768 23536 I TouchInteractionService: onSystemUiStateChanged, stateFlags : 0 |
11-08 02:20:18.711 22500 22533 I STFService: CoreFrequency index: 7 current: 2208000 max: 2208000
11-08 02:20:18.713  1147  1147 I SurfaceFlinger: [5eccd90 com.sec.android.app.launcher/com.sec.android.app.launcher.activities.LauncherActivity#95] FrameRatePriority: 1
11-08 02:20:18.713  1147  1147 I Layer   : id=572399 removedFromDrawingState Surface(name=dd687b8 StatusBar)/@0x353cf7 - animation-leash of insets_animation#572399 (116)
11-08 02:20:18.713  1147  1147 I Layer   : id=572400 removedFromDrawingState Surface(name=46270ab NavigationBar0)/@0x56b8b76 - animation-leash of insets_animation#572400 (116)
11-08 02:20:18.714  1147  1147 I SurfaceFlinger: id=572399 Removed Surface(name=dd687b8 StatusBar)/@0x353cf7 - animation-leash of insets_animation#572399 (116)
11-08 02:20:18.714  1147  1147 I SurfaceFlinger: id=572400 Removed Surface(name=46270ab NavigationBar0)/@0x56b8b76 - animation-leash of insets_animation#572400 (116)
11-08 02:20:18.714  1147  1147 I Layer   : id=572399 Destroyed Surface(name=dd687b8 StatusBar)/@0x353cf7 - animation-leash of insets_animation#572399
11-08 02:20:18.714  1147  1147 I Layer   : id=572400 Destroyed Surface(name=46270ab NavigationBar0)/@0x56b8b76 - animation-leash of insets_animation#572400
11-08 02:20:18.716 25266 25298 I SAMSUNGWALLET: [Hint_afp] isHomePackageRunning topPkgName = com.sec.android.app.launcher, topClsName = com.android.launcher3.uioverrides.QuickstepLauncher, return true , se : true
11-08 02:20:18.716  1292  4056 D InputDispatcher: Focus request (0): 5eccd90 com.sec.android.app.launcher/com.sec.android.app.launcher.activities.LauncherActivity but waiting because NOT_VISIBLE
11-08 02:20:18.720 25266 25266 I SAMSUNGWALLET: [Hint_IntroHintService] Hint Status - SHOW, y : 0.0
11-08 02:20:18.722 25266 25266 I SemUiSupportService: getWindowAttributes()
11-08 02:20:18.724 25266 25298 I SAMSUNGWALLET: [Hint_afp] isHomePackageRunning topPkgName = com.sec.android.app.launcher, topClsName = com.android.launcher3.uioverrides.QuickstepLauncher, return true , se : true
11-08 02:20:18.735 25266 25266 I MSHandlerLifeCycle: check: return. pkg=com.samsung.android.spay isActivity=false callers=com.android.internal.policy.DecorView.setVisibility:4411 com.samsung.android.spay.pay.HintService.c:1940 com.samsung.android.spay.pay.HintService$b.a:2393 com.samsung.android.spay.pay.HintService$b.a:2383 afs.handleMessage:25 
11-08 02:20:18.735 25266 25266 I MSHandlerLifeCycle: removeMultiSplitHandler: no exist. decor=DecorView@1db516d[HintService]
11-08 02:20:18.736 25266 25266 I ViewRootImpl@260a5ee[HintService]: performTraversals mFirst=false windowShouldResize=false viewVisibilityChanged=true mForceNextWindowRelayout=false params=null
11-08 02:20:18.737  1292  4056 V WindowManager: Relayout Window{b0a6390 u0 com.samsung.android.spay.pay.HintService}: viewVisibility=0 req=522x67 d0
11-08 02:20:18.737  1292  4056 D RestrictionPolicy: isScreenCaptureEnabled : ret=true userId=0
11-08 02:20:18.738  1147  2836 I SurfaceFlinger: id=572404 createSurf, flag=40004, com.samsung.android.spay.pay.HintService$_25266#572404
11-08 02:20:18.740  2768  4377 I ViewRootImpl@ec2c2b9[LauncherActivity]: Received frameDrawingCallback syncResult=0 frameNum=1.
11-08 02:20:18.740  2768  4377 I ViewRootImpl@ec2c2b9[LauncherActivity]: Setting up sync and frameCommitCallback
11-08 02:20:18.740  1292  4056 D WindowManager: makeSurface duration=2 name=com.samsung.android.spay.pay.HintService$_25266
11-08 02:20:18.745  5636  5689 I Rubin   : [65] q9.a.c(SourceFile:1) : Notify com.samsung.android.rubin.inferenceengine.contextanalytics.engine.loggers.d's database is updated.
11-08 02:20:18.745  1292  4056 V WindowManager: Relayout hash=b0a6390, pid=25266, syncId=-1: mAttrs={(0,0)(522x67) gr=BOTTOM CENTER sim={adjust=pan} layoutInDisplayCutoutMode=shortEdges ty=NAVIGATION_BAR_PANEL fmt=TRANSLUCENT
11-08 02:20:18.745  1292  4056 V WindowManager:   fl=1800308
11-08 02:20:18.745  1292  4056 V WindowManager:   pfl=12000000
11-08 02:20:18.745  1292  4056 V WindowManager:   bhv=DEFAULT
11-08 02:20:18.745  1292  4056 V WindowManager:   fitTypes=NAVIGATION_BARS
11-08 02:20:18.745  1292  4056 V WindowManager:   fitSides=LEFT RIGHT naviIconColor=0}
11-08 02:20:18.746  2768  4240 I BLASTBufferQueue: [ViewRootImpl@ec2c2b9[LauncherActivity]#6514](f:0,a:0) onFrameAvailable the first frame is available
11-08 02:20:18.747  2768  4240 I ViewRootImpl@ec2c2b9[LauncherActivity]: Received frameCommittedCallback lastAttemptedDrawFrameNum=1 didProduceBuffer=true
11-08 02:20:18.747  2768  2768 I ViewRootImpl@ec2c2b9[LauncherActivity]: onSyncComplete
11-08 02:20:18.749  2768  2768 I ViewRootImpl@ec2c2b9[LauncherActivity]: setupSync seqId=0 mSyncId=6521 fn=1 caller=android.view.ViewRootImpl$$ExternalSyntheticLambda11.accept:6 android.window.SurfaceSyncer.lambda$setupSync$1$android-window-SurfaceSyncer:128 android.window.SurfaceSyncer$$ExternalSyntheticLambda1.accept:8 android.window.SurfaceSyncer$SyncSet.checkIfSyncIsComplete:382 android.window.SurfaceSyncer$SyncSet.markSyncReady:359 android.window.SurfaceSyncer.markSyncReady:151 android.view.ViewRootImpl.performTraversals:4503 
11-08 02:20:18.750  2768  2768 I ViewRootImpl@ec2c2b9[LauncherActivity]: reportDrawFinished seqId=0 mSyncId=-1 fn=1 mSurfaceChangedTransaction=0xb400007aaa6b5a00
11-08 02:20:18.750 25266 25266 I ViewRootImpl@260a5ee[HintService]: updateBlastSurfaceIfNeeded mBlastBufferQueue=null isSameSurfaceControl=false
11-08 02:20:18.750  1292  4056 D WindowManager: finishDrawingWindow: Window{5eccd90 u0 com.sec.android.app.launcher/com.sec.android.app.launcher.activities.LauncherActivity} mDrawState=DRAW_PENDING seqId=0
11-08 02:20:18.751 25266 25266 I BLASTBufferQueue: new BLASTBufferQueue, mName= ViewRootImpl@260a5ee[HintService] mNativeObject= 0xb400007ac08b5500 sc.mNativeObject= 0xb400007aab6dcb80 caller= android.view.ViewRootImpl.updateBlastSurfaceIfNeeded:2909 android.view.ViewRootImpl.relayoutWindow:9847 android.view.ViewRootImpl.performTraversals:3884 android.view.ViewRootImpl.doTraversal:3116 android.view.ViewRootImpl$TraversalRunnable.run:10885 android.view.Choreographer$CallbackRecord.run:1301 android.view.Choreographer$CallbackRecord.run:1309 android.view.Choreographer.doCallbacks:923 android.view.Choreographer.doFrame:852 android.view.Choreographer$FrameDisplayEventReceiver.run:1283 
11-08 02:20:18.751 25266 25266 I BLASTBufferQueue: update, w= 522 h= 67 mName = ViewRootImpl@260a5ee[HintService] mNativeObject= 0xb400007ac08b5500 sc.mNativeObject= 0xb400007aab6dcb80 format= -3 caller= android.graphics.BLASTBufferQueue.<init>:84 android.view.ViewRootImpl.updateBlastSurfaceIfNeeded:2909 android.view.ViewRootImpl.relayoutWindow:9847 android.view.ViewRootImpl.performTraversals:3884 android.view.ViewRootImpl.doTraversal:3116 android.view.ViewRootImpl$TraversalRunnable.run:10885 
11-08 02:20:18.752  2768  2768 I TopTaskTracker: onTaskMovedToFront : taskId = 38549
11-08 02:20:18.752 25266 25266 I ViewRootImpl@260a5ee[HintService]: Relayout returned: old=(279,2341,801,2408) new=(279,2341,801,2408) req=(522,67)0 dur=14 res=0x3 s={true 0xb400007a446b3800} ch=true seqId=1
11-08 02:20:18.752  2768  2768 I wm_on_top_resumed_gained_called: [254687787,com.sec.android.app.launcher.activities.LauncherActivity,topStateChangedWhenResumed]
11-08 02:20:18.752  2768  2768 I BaseActivity: addActivityFlags, flags : 4
11-08 02:20:18.753  2768  2768 I Launcher: onDeferredResumed
11-08 02:20:18.753 25266 25266 I ViewRootImpl@260a5ee[HintService]: mThreadedRenderer.initialize() mSurface={isValid=true 0xb400007a446b3800} hwInitialized=true
11-08 02:20:18.754 25266 25266 I ViewRootImpl@260a5ee[HintService]: reportNextDraw android.view.ViewRootImpl.performTraversals:4438 android.view.ViewRootImpl.doTraversal:3116 android.view.ViewRootImpl$TraversalRunnable.run:10885 android.view.Choreographer$CallbackRecord.run:1301 android.view.Choreographer$CallbackRecord.run:1309 
11-08 02:20:18.754 25266 25266 I ViewRootImpl@260a5ee[HintService]: Setup new sync id=3
11-08 02:20:18.754 25266 25266 I ViewRootImpl@260a5ee[HintService]: Setting syncFrameCallback
11-08 02:20:18.754 25266 25266 I ViewRootImpl@260a5ee[HintService]: registerCallbacksForSync syncBuffer=false
11-08 02:20:18.755  2768  2768 I InstallShortcutReceiver: flushInstallQueue 0
11-08 02:20:18.756  2768  2964 I LauncherActivityInfo: Trying to load live icon for com.samsung.android.calendar
11-08 02:20:18.756  2768  2768 I Launcher.NotificationListener: registerObserver this is not notificationService!!
11-08 02:20:18.756  2768  2768 I Launcher.NotificationListener: onNotificationFullRefresh
11-08 02:20:18.756 25266 25887 I ViewRootImpl@260a5ee[HintService]: Received frameDrawingCallback syncResult=0 frameNum=1.
11-08 02:20:18.756 25266 25887 I ViewRootImpl@260a5ee[HintService]: Setting up sync and frameCommitCallback
11-08 02:20:18.756  2768  2768 I BadgeCountUpdaterImpl: onNotificationsChangedConnected
11-08 02:20:18.756  2768  2768 W LauncherAppWidgetHost: setShouldListenFlag, mFlags:6 flag:resume on:true isFront:false
11-08 02:20:18.758  1292  4056 I AppWidgetServiceImpl: startListening callbacks : com.android.internal.appwidget.IAppWidgetHost$Stub$Proxy@6741369
11-08 02:20:18.758 25266 25303 I BLASTBufferQueue: [ViewRootImpl@260a5ee[HintService]#2](f:0,a:0) onFrameAvailable the first frame is available
11-08 02:20:18.760  2768  2768 W LauncherAppWidgetHost: startListening, mFlags:15 isFront:false
11-08 02:20:18.760 25266 25303 I ViewRootImpl@260a5ee[HintService]: Received frameCommittedCallback lastAttemptedDrawFrameNum=1 didProduceBuffer=true
11-08 02:20:18.760 25266 25266 I ViewRootImpl@260a5ee[HintService]: onSyncComplete
11-08 02:20:18.761 25266 25266 I ViewRootImpl@260a5ee[HintService]: setupSync seqId=1 mSyncId=3 fn=1 caller=android.view.ViewRootImpl$$ExternalSyntheticLambda11.accept:6 android.window.SurfaceSyncer.lambda$setupSync$1$android-window-SurfaceSyncer:128 android.window.SurfaceSyncer$$ExternalSyntheticLambda1.accept:8 android.window.SurfaceSyncer$SyncSet.checkIfSyncIsComplete:382 android.window.SurfaceSyncer$SyncSet.markSyncReady:359 android.window.SurfaceSyncer.markSyncReady:151 android.view.ViewRootImpl.performTraversals:4503 
11-08 02:20:18.761 25266 25266 I ViewRootImpl@260a5ee[HintService]: reportDrawFinished seqId=1 mSyncId=-1 fn=1 mSurfaceChangedTransaction=0xb400007ac093ae00
11-08 02:20:18.761  1292  1717 V WindowManager: Setting visibility of Window{93e1782 u0 com.android.systemui.ImageWallpaper}: true, caller=com.android.server.wm.WindowContainer.sendAppVisibilityToClients:1246 com.android.server.wm.WindowToken.setClientVisible:431 com.android.server.wm.WallpaperWindowToken.setVisible:160 com.android.server.wm.WallpaperWindowToken.commitVisibility:202 com.android.server.wm.WallpaperWindowToken.setVisibility:187 
11-08 02:20:18.761  2768  2768 I RecentsAnimationDeviceState: setSystemUiFlags, stateFlags : 0
11-08 02:20:18.761  2293  6245 D WallpaperService: dispatchAppVisibility onVisibilityChanged(): true
11-08 02:20:18.762  2768  2768 I TouchInteractionService: onSystemUiFlagsChanged, lastSysUIFlags : 131072
11-08 02:20:18.763  1292  1717 I wm_wallpaper_surface: [0,1]
11-08 02:20:18.764  2293  2293 D WallpaperService: updateSurface forceRelayout=true forceReport=false redrawNeeded=false myWidth=2400 myHeight=2400 fixedSize=true x = 0 y = 0 mWidth=2400 mHeight=2400 mIsSleepMode=false
11-08 02:20:18.764  2768  2768 I wm_on_idle_called: {com.sec.android.app.launcher/com.sec.android.app.launcher.activities.LauncherActivity}
11-08 02:20:18.766  2293  2293 D WallpaperService: mDeviceHeight : 2408, mDeviceWidth : 1080,mDeviceRotation  : 0
11-08 02:20:18.766 25266 25266 I SAMSUNGWALLET: [Hint_IntroHintService] Hint Status - already visible, skip show
11-08 02:20:18.772  1292  1717 D WindowManager: createAnimationAdapter(): container=Task{2ffc1d3 #58109 type=standard A=1001:com.sec.android.RilServiceModeApp U=0 visible=false visibleRequested=false mode=fullscreen translucent=true sz=1}
11-08 02:20:18.773  1292  1717 I WindowManager: Reparenting to leash, surface=Surface(name=Task=58109)/@0x4768179, leashParent=Surface(name=DefaultTaskDisplayArea)/@0x6e3d5d4
11-08 02:20:18.774  1147  2836 I SurfaceFlinger: id=572405 createSurf, flag=24000, Surface(name=Task=58109)/@0x4768179 - animation-leash of app_transition#572405
11-08 02:20:18.775  1292  1717 D WindowManager: makeSurface duration=1 leash=Surface(name=Surface(name=Task=58109)/@0x4768179 - animation-leash of app_transition)/@0x98c71ee
11-08 02:20:18.775  1292  1717 D WindowManager: startAnimation
11-08 02:20:18.776  1292  1717 D WindowManager: createAnimationAdapter(): container=Task{e429792 #1 type=home ?? U=0 visible=true visibleRequested=true mode=fullscreen translucent=false sz=1}
11-08 02:20:18.776  1292  1717 I WindowManager: Reparenting to leash, surface=Surface(name=Task=1)/@0x22d2eae, leashParent=Surface(name=DefaultTaskDisplayArea)/@0x6e3d5d4
11-08 02:20:18.776  1147  2836 I SurfaceFlinger: id=572406 createSurf, flag=24004, Surface(name=Task=1)/@0x22d2eae - animation-leash of app_transition#572406
11-08 02:20:18.777  1292  1717 D WindowManager: makeSurface duration=2 leash=Surface(name=Surface(name=Task=1)/@0x22d2eae - animation-leash of app_transition)/@0x797368f
11-08 02:20:18.777  1292  1717 D WindowManager: startAnimation
11-08 02:20:18.778  1292  1717 D ActivityTaskManager: mStartingWindow and mStartingData is null for token=ActivityRecord{f2e3a2b u0 com.sec.android.app.launcher/.activities.LauncherActivity} t38549}
11-08 02:20:18.778  1292  1717 V WindowManager: performShowLocked: mDrawState=HAS_DRAWN in Window{5eccd90 u0 com.sec.android.app.launcher/com.sec.android.app.launcher.activities.LauncherActivity}
11-08 02:20:18.781  1292  1717 D WindowManager: goodToGo(RemoteAnimationController@f9bfd1c)
11-08 02:20:18.781  1292  1717 D WindowManager: createAppAnimations()
11-08 02:20:18.781  1292  1717 D WindowManager: \tAdd container=Task{e429792 #1 type=home ?? U=0 visible=true visibleRequested=true mode=fullscreen translucent=false sz=1}
11-08 02:20:18.782  1292  1717 D WindowManager: \tAdd container=Task{2ffc1d3 #58109 type=standard A=1001:com.sec.android.RilServiceModeApp U=0 visible=false visibleRequested=false mode=fullscreen translucent=true sz=1}
11-08 02:20:18.782  1292  1717 D WindowManager: createWallpaperAnimations()
11-08 02:20:18.782  1292  1717 I WindowManager: Reparenting to leash, surface=Surface(name=WallpaperWindowToken{a4e7e38 token=android.os.Binder@1c4da9b})/@0xc6c2a79, leashParent=Surface(name=Leaf:0:1)/@0x19523be
11-08 02:20:18.783  1147  2836 I SurfaceFlinger: id=572407 createSurf, flag=24000, Surface(name=WallpaperWindowToken{a4e7e38 token=android.os.Binder@1c4da9b})/@0xc6c2a79 - animation-leash of window_animation#572407
11-08 02:20:18.784  1292  1717 D WindowManager: makeSurface duration=1 leash=Surface(name=Surface(name=WallpaperWindowToken{a4e7e38 token=android.os.Binder@1c4da9b})/@0xc6c2a79 - animation-leash of window_animation)/@0xc317d25
11-08 02:20:18.784  1292  1717 D WindowManager: startAnimation
11-08 02:20:18.784  1292  1717 D WindowManager: createNonAppWindowAnimations()
11-08 02:20:18.786  1292  1717 D RestrictionPolicy: isScreenCaptureEnabled : ret=true userId=0
11-08 02:20:18.787  1292  1717 D RestrictionPolicy: isScreenCaptureEnabled : ret=true userId=0
11-08 02:20:18.788  2768  2964 I LiveIconLoader: [Calendar] LiveIcon - stdIconSize : 135 , targetIconSize : 163
11-08 02:20:18.788  2768  2964 I LiveIconLoader: [Calendar] LiveIcon - sIconDpi : 640 , targetIconDpi : 450
11-08 02:20:18.792  2768  2964 W LiveIconLoader: System font not found, reverting to Roboto.
11-08 02:20:18.804  2768  2964 I LiveIconLoader: [Calendar] getLiveIcon - Date: 8
11-08 02:20:18.806  1147  1147 I Layer   : id=572408 Destroyed Screenshot Parent#572408
11-08 02:20:18.814  2768  2964 I AppIconSolution: load= live icon for com.samsung.android.calendar, from overlay = false
11-08 02:20:18.817  2768  2964 I LauncherActivityInfo: packageName: com.samsung.android.calendar, useThemeIcon: false, height: 385, width: 385, density: 640
11-08 02:20:18.829  2768  2964 I InstallShortcutReceiver: flushQueueInBackground 0
11-08 02:20:18.842  2768  2964 I Launcher.NotificationListener: notificationIsValidForUI : com.google.android.setupwizard missingTitleAndText : false isGroupHeader : false
11-08 02:20:18.842  2768  2964 I Launcher.NotificationListener: notificationIsValidForUI : com.samsung.android.app.omcagent missingTitleAndText : false isGroupHeader : false
11-08 02:20:18.842  2768  2964 I Launcher.NotificationListener: notificationIsValidForUI : com.android.vending missingTitleAndText : false isGroupHeader : false
11-08 02:20:18.843  2768  2964 I Launcher.NotificationListener: Full refresh isConnected : true active size : 3
11-08 02:20:18.843  2768  2768 I PopupDataProvider: onNotificationFullRefresh prev dotInfoSize : 3
11-08 02:20:18.843  2768  2768 I PopupDataProvider: refresh badge  package : com.android.vending count : 1
11-08 02:20:18.843  2768  2768 I PopupDataProvider: refresh badge  package : com.google.android.setupwizard count : 1
11-08 02:20:18.843  2768  2768 I PopupDataProvider: refresh badge  package : com.samsung.android.app.omcagent count : 1
11-08 02:20:18.844  2768  2768 I IconView: applyDotState itemInfo : Play Store display : 0 count : 1
11-08 02:20:18.844  2768  2964 I LauncherActivityInfo: Trying to load live icon for com.sec.android.app.clockpackage
11-08 02:20:18.852  2768  2964 I LiveIconUtil: getLiveIcon was called in ClockPackage
11-08 02:20:18.854  2768  2964 I LiveIconUtil: getLiveIcon res = com.sec.android.app.clockpackage
11-08 02:20:18.854  2768  2964 I LiveIconUtil: stdIconSize : 135 , targetIconSize : 163
11-08 02:20:18.855  2768  2964 I LiveIconUtil: mIconDpi : 640 , mTargetIconDpi : 450
11-08 02:20:18.858  2768  2768 I IconView: applyDotState itemInfo : Play Store display : 1 count : 1
11-08 02:20:18.873  3884  4287 D KnoxHelper: getActivityList callingUserId: 0, target user: 0
11-08 02:20:18.878  3884  4287 D KnoxHelper: getActivityList callingUserId: 0, target user: 0
11-08 02:20:18.879  3884  4287 D KnoxHelper: getActivityList callingUserId: 0, target user: 0
11-08 02:20:18.881  3884  4287 D KnoxHelper: getActivityList callingUserId: 0, target user: 0
11-08 02:20:18.883  1292  1717 D WindowManager: updateSystemBarAttributes: displayId=0, win=Window{5eccd90 u0 com.sec.android.app.launcher/com.sec.android.app.launcher.activities.LauncherActivity}, navColorWin=Window{5eccd90 u0 com.sec.android.app.launcher/com.sec.android.app.launcher.activities.LauncherActivity}, focusedCanBeNavColorWin=false, behavior=2, appearance=0, statusBarAppearanceRegions=[AppearanceRegion{ bounds=[0,0][1080,2408]}], requestedVisibilities=, from=com.android.server.wm.DisplayPolicy.finishPostLayoutPolicyLw:2527 com.android.server.wm.DisplayContent.applySurfaceChangesTransaction:5693 com.android.server.wm.RootWindowContainer.applySurfaceChangesTransaction:1234 
11-08 02:20:18.883  3884  4287 D KnoxHelper: getActivityList callingUserId: 0, target user: 0
11-08 02:20:18.885  3884  4287 D KnoxHelper: getActivityList callingUserId: 0, target user: 0
11-08 02:20:18.887  1292  1717 D WindowManager: goodToGo(RemoteAnimationController@f9bfd1c): onAnimationStart, transit=TRANSIT_OLD_WALLPAPER_OPEN, apps=2, wallpapers=1, nonApps=0
11-08 02:20:18.888  1292  1717 D WindowManager: startAnimation(): Notify animation start:
11-08 02:20:18.888  1292  1717 I WindowManager: Starting remote animation
11-08 02:20:18.888  3884  4287 D KnoxHelper: getActivityList callingUserId: 0, target user: 0
11-08 02:20:18.889  2293  2340 D Bubbles : onLocusVisibilityChanged: LocusId[17_chars] visible=true
11-08 02:20:18.890  2768 23536 I LauncherAnimationRunner: onAnimationStart, appTargets : [Lcom.android.systemui.shared.system.RemoteAnimationTargetCompat;@22254e3 mStartAtFrontOfQueue : false
11-08 02:20:18.891  3884  4287 D KnoxHelper: getActivityList callingUserId: 0, target user: 0
11-08 02:20:18.892  2768  2768 I Launcher: getFirstMatch : no matching view
11-08 02:20:18.892  1292  1717 I WindowManager: container=Task{e429792 #1 type=home ?? U=0 visible=true visibleRequested=true mode=fullscreen translucent=false sz=1}
11-08 02:20:18.892  1292  1717 I WindowManager: Target:
11-08 02:20:18.892  1292  1717 I WindowManager:   mode=0 taskId=38549 isTranslucent=false clipRect=[0,0][0,0] contentInsets=[0,70][0,135] prefixOrderIndex=32 position=[0,0] sourceContainerBounds=[0,0][1080,2408] screenSpaceBounds=[0,0][1080,2408] localBounds=[0,0][1080,2408]
11-08 02:20:18.892  1292  1717 I WindowManager:   windowConfiguration={ mBounds=Rect(0, 0 - 1080, 2408) mAppBounds=Rect(0, 65 - 1080, 2273) mMaxBounds=Rect(0, 0 - 1080, 2408) mDisplayRotation=ROTATION_0 mWindowingMode=fullscreen mDisplayWindowingMode=fullscreen mActivityType=home mAlwaysOnTop=undefined mRotation=ROTATION_0 mPopOver=undefined mStageConfig=undefined mFreeformTaskPinningState=unpinned mFreeformStashState=undefined}
11-08 02:20:18.892  1292  1717 I WindowManager:   leash=Surface(name=Surface(name=Task=1)/@0x22d2eae - animation-leash of app_transition)/@0x797368f
11-08 02:20:18.892  1292  1717 I WindowManager:   taskInfo=TaskInfo{userId=0 taskId=38549 displayId=0 isRunning=true baseIntent=Intent { act=android.intent.action.MAIN cat=[android.intent.category.HOME] flg=0x10000100 cmp=com.sec.android.app.launcher/.activities.LauncherActivity } baseActivity=ComponentInfo{com.sec.android.app.launcher/com.sec.android.app.launcher.activities.LauncherActivity} topActivity=ComponentInfo{com.sec.android.app.launcher/com.android.launcher3.uioverrides.QuickstepLauncher} origActivity=ComponentInfo{com.sec.android.app.launcher/com.sec.android.app.launcher.activities.LauncherActivity} realActivity=ComponentInfo{com.sec.android.app.launcher/com.android.launcher3.uioverrides.QuickstepLauncher} numActivities=1 lastActiveTime=925388599 supportsSplitScreenMultiWindow=true supportsMultiWindow=true resizeMode=2 isResizeable=true minWidth=-1 minHeight=-1 defaultMinSize=220 token=WCT{RemoteToken{4bf8b3b Task{4aa0e88 #38549 type=home A=10120:com.sec.android.app.launcher.activities.LauncherActivity U=0 rootTaskId=1 visible=true visibleRequested=true mode=fullscreen translucent=false sz=1}}} topActivityType=2 pictureInPictureParams=null shouldDockBigOverlays=false launchIntoPipHostTaskId=0 displayCutoutSafeInsets=null topActivityInfo=ActivityInfo{c9c7258 com.sec.android.app.launcher.activities.LauncherActivity} launchCookies=[] positionInParent=Point(0, 0) parentTaskId=-1 isFocused=true isVisible=true isSleeping=false topActivityInSizeCompat=false topActivityEligibleForLetterboxEducation= false locusId=LocusId[17_chars] displayAreaFeatureId=1 cameraCompatControlState=hidden originallySupportedSplitScreen=true hasWallpaper=true isTopTransparentActivity=true topActivityInFixedAspectRatio=false topActivityInDisplayCompat=false topActivityInBoundsCompat=false topActivityBounds=null}
11-08 02:20:18.892  1292  1717 I WindowManager:   allowEnterPip=true
11-08 02:20:18.892  1292  1717 I WindowManager:   windowType=-1  hasAnimatingParent=false  backgroundColor=0container=Task{2ffc1d3 #58109 type=standard A=1001:com.sec.android.RilServiceModeApp U=0 visible=false visibleRequested=false mode=fullscreen translucent=true sz=1}
11-08 02:20:18.892  1292  1717 I WindowManager: Target:
11-08 02:20:18.892  1292  1717 I WindowManager:   mode=1 taskId=58109 isTranslucent=false clipRect=[0,0][0,0] contentInsets=[0,70][0,135] prefixOrderIndex=27 position=[0,0] sourceContainerBounds=[0,0][1080,2408] screenSpaceBounds=[0,0][1080,2408] localBounds=[0,0][1080,2408]
11-08 02:20:18.892  1292  1717 I WindowManager:   windowConfiguration={ mBounds=Rect(0, 0 - 1080, 2408) mAppBounds=Rect(0, 65 - 1080, 2273) mMaxBounds=Rect(0, 0 - 1080, 2408) mDisplayRotation=ROTATION_0 mWindowingMode=fullscreen mDisplayWindowingMode=fullscreen mActivityType=standard mAlwaysOnTop=undefined mRotation=ROTATION_0 mPopOver=undefined mStageConfig=undefined mFreeformTaskPinningState=unpinned mFreeformStashState=undefined}
11-08 02:20:18.892  1292  1717 I WindowManager:   leash=Surface(name=Surface(name=Task=58109)/@0x4768179 - animation-leash of app_transition)/@0x98c71ee
11-08 02:20:18.892  2768  2768 W AppTransitionAnimatorImpl: closing animation without floating view
11-08 02:20:18.892  1292  1717 I WindowManager:   taskInfo=TaskInfo{userId=0 taskId=58109 displayId=0 isRunning=false baseIntent=Intent { act=android.intent.action.MAIN flg=0x10000000 cmp=com.sec.android.RilServiceModeApp/.ServiceModeApp } baseActivity=null topActivity=null origActivity=null realActivity=ComponentInfo{com.sec.android.RilServiceModeApp/com.sec.android.RilServiceModeApp.ServiceModeApp} numActivities=0 lastActiveTime=925388532 supportsSplitScreenMultiWindow=false supportsMultiWindow=false resizeMode=0 isResizeable=false minWidth=-1 minHeight=-1 defaultMinSize=220 token=WCT{RemoteToken{4d1befa Task{2ffc1d3 #58109 type=standard A=1001:com.sec.android.RilServiceModeApp U=0 visible=false visibleRequested=false mode=fullscreen translucent=true sz=1}}} topActivityType=1 pictureInPictureParams=null shouldDockBigOverlays=false launchIntoPipHostTaskId=0 displayCutoutSafeInsets=Rect(0, 65 - 0, 0) topActivityInfo=null launchCookies=[] positionInParent=Point(0, 0) parentTaskId=-1 isFocused=false isVisible=false isSleeping=false topActivityInSizeCompat=false topActivityEligibleForLetterboxEducation= false locusId=null displayAreaFeatureId=1 cameraCompatControlState=hidden originallySupportedSplitScreen=false hasWallpaper=false isTopTransparentActivity=false topActivityInFixedAspectRatio=false topActivityInDisplayCompat=false topActivityInBoundsCompat=false topActivityBounds=null}
11-08 02:20:18.892  1292  1717 I WindowManager:   allowEnterPip=true
11-08 02:20:18.892  1292  1717 I WindowManager:   windowType=-1  hasAnimatingParent=false  backgroundColor=0
11-08 02:20:18.893  3884  4287 D KnoxHelper: getActivityList callingUserId: 0, target user: 0
11-08 02:20:18.893  1292  4056 D WindowManager: finishDrawingWindow: Window{b0a6390 u0 com.samsung.android.spay.pay.HintService} mDrawState=DRAW_PENDING seqId=1
11-08 02:20:18.893  1292  2895 I wm_idle_activity: [0,254687787,com.sec.android.app.launcher/.activities.LauncherActivity]
11-08 02:20:18.894  1292  2895 I power_partial_wake_state: [REL,305,*launch*:android]
11-08 02:20:18.894  2768  2768 I AppTransitionAnimatorImpl: window bounds: Rect(0, 0 - 1080, 2408), target bounds: RectF(0.0, 0.0, 1080.0, 2408.0)
11-08 02:20:18.896  1147  1147 I Layer   : Layer [com.sec.android.app.launcher/com.sec.android.app.launcher.activities.LauncherActivity$_2768#572401] hidden!! flag(0)
11-08 02:20:18.896  3884  4287 D KnoxHelper: getActivityList callingUserId: 0, target user: 0
11-08 02:20:18.898  3884  4287 D KnoxHelper: getActivityList callingUserId: 0, target user: 0
11-08 02:20:18.900  3884  4287 D KnoxHelper: getActivityList callingUserId: 0, target user: 0
11-08 02:20:18.903  2768  2964 I AppIconSolution: load= live icon for com.sec.android.app.clockpackage, from overlay = false
11-08 02:20:18.903  2768  2964 I LauncherActivityInfo: packageName: com.sec.android.app.clockpackage, useThemeIcon: false, height: 288, width: 288, density: 640
11-08 02:20:18.905  3884  4287 D KnoxHelper: getActivityList callingUserId: 0, target user: 0
11-08 02:20:18.906  2768  2768 I AnimationResult: setAnimation : null
11-08 02:20:18.909  3884  4287 D KnoxHelper: getActivityList callingUserId: 0, target user: 0
11-08 02:20:18.909  1292  1332 I dvm_lock_sample: [system_server,1,binder:1292_1,134,WindowManagerService.java,2507,int com.android.server.wm.WindowManagerService.relayoutWindow(com.android.server.wm.Session, android.view.IWindow, android.view.WindowManager$LayoutParams, int, int, int, int, android.window.ClientWindowFrames, android.util.MergedConfiguration, android.view.SurfaceControl, android.view.InsetsState, android.view.InsetsSourceControl[], android.os.Bundle),,0,null,26]
11-08 02:20:18.909  1292  1332 V WindowManager: Relayout Window{93e1782 u0 com.android.systemui.ImageWallpaper}: viewVisibility=0 req=2400x2400 d0
11-08 02:20:18.910  1292  1332 V WindowManager: performShowLocked: mDrawState=HAS_DRAWN in Window{b0a6390 u0 com.samsung.android.spay.pay.HintService}
11-08 02:20:18.910  1292  1332 D SurfaceControl: applyGlobalTransaction called, mName=finishDrawing_syncId(1)_com.samsung.android.spay.pay.HintService<pending>
11-08 02:20:18.911   650   650 D io_stats: !@   8,0 r 62127021 980040968 w 8745782 82526104 d 2157451 134037532 f 0 0 iot 43268236 0 th 0 0 0 pt 0 inp 0 0 925388.789
11-08 02:20:18.913  1147  1147 I Layer   : Layer [com.samsung.android.spay.pay.HintService$_25266#572404] hidden!! flag(0)
11-08 02:20:18.915  1292  2512 D MdnieScenarioControlService:  packageName : com.sec.android.app.launcher    className : com.android.launcher3.uioverrides.QuickstepLauncher
11-08 02:20:18.915  2768  2768 W AppTransitionAnimatorImpl: onAnimationStart - APP OUT
11-08 02:20:18.916  3884  4287 D KnoxHelper: getActivityList callingUserId: 0, target user: 0
11-08 02:20:18.916  1292  1332 V WindowManager: Relayout hash=93e1782, pid=2293, syncId=-1: mAttrs={(0,0)(2408x2408) gr=TOP START CENTER layoutInDisplayCutoutMode=always ty=WALLPAPER fmt=RGBX_8888 wanim=0x103031a
11-08 02:20:18.916  1292  1332 V WindowManager:   fl=14318
11-08 02:20:18.916  1292  1332 V WindowManager:   pfl=2000014
11-08 02:20:18.916  1292  1332 V WindowManager:   bhv=DEFAULT naviIconColor=0
11-08 02:20:18.916  1292  1332 V WindowManager:   sfl=8}
11-08 02:20:18.917  1292  1717 D ActivityTaskManager: mStartingWindow and mStartingData is null for token=ActivityRecord{f2e3a2b u0 com.sec.android.app.launcher/.activities.LauncherActivity} t38549}
11-08 02:20:18.923  3884  4287 D KnoxHelper: getActivityList callingUserId: 0, target user: 0
11-08 02:20:18.927  1292  2512 V MdnieScenarioControlService: setUIMode from UI function(3)
11-08 02:20:18.927  3884  4287 D KnoxHelper: getActivityList callingUserId: 0, target user: 0
11-08 02:20:18.927  1292  2179 D ChimeraPolicyHandler: onLmkdKillTriggered() - lmkdLevel: 1
11-08 02:20:18.928  1292  2179 I ChimeraAggressivePolicyHandler: executePolicy() - triggerSource: TRIGGER_SOURCE_LMKD
11-08 02:20:18.930  1292  2179 I ChimeraAggressivePolicyHandler: memAvailable: 369012, memFreeTarget: 747520, releaseTarget:378508, protectedLruCount: 11
11-08 02:20:18.930  1292  2179 D ChimeraAppManager: getAppsToKill() - protectedLruCount: 11
11-08 02:20:18.931  1147  1147 D SurfaceFlinger: Display 4630946312756012673 HWC layers:
11-08 02:20:18.931  1147  1147 D SurfaceFlinger:      DEVICE | 0xb400007205c22810 | 0102 | RGBA_8888    |    0.0    0.0 1080.0 2408.0 |    0    0 1080 2408 | com.sec.android.RilServiceModeApp/co[...]eModeApp.ServiceModeApp$_2258#572357
11-08 02:20:18.931  1147  1147 D SurfaceFlinger:      DEVICE | 0xb400007205c23060 | 0100 | RGBA_8888    |    0.0    0.0  546.0  932.0 |  534   25 1080  957 | PopupWindow:f43ab53$_2258#572371
11-08 02:20:18.931  1147  1147 D SurfaceFlinger:      DEVICE | 0xb400007205c21cb0 | 0100 | RGBA_8888    |    0.0    0.0 1080.0   70.0 |    0    0 1080   70 | StatusBar$_2293#83
