11-04 20:41:23.211  4121  4457 D EmergencyNumberTracker: slotId:-1 country:us emergencyNumbers: 911,000,112,999,*272911
11-04 20:41:23.211  4121  4457 D EmergencyNumberTracker: Search results - inRilEccList:false inEmergencyNumberTestList: false
11-04 20:41:23.212  2944  6405 I framework_stats_log: [SENSOR_STATE_CHANGED, [10191], [null], 11, 0]
11-04 20:41:23.213  2944  4483 I Telecom : Event: RecordEntry TC@11: AUDIO_ROUTE, Entering state ActiveEarpieceRoute: NCSSF.aC->ICFG.sF->ICFG.sF->ICFG.sF->CAMSM.pM_2002->CARSM.pM_SWITCH_FOCUS@H74_1_0_0_3_2
11-04 20:41:23.213  2944  4483 I Telecom : Event: RecordEntry TC@11: AUDIO_ROUTE_EARPIECE, null: NCSSF.aC->ICFG.sF->ICFG.sF->ICFG.sF->CAMSM.pM_2002->CARSM.pM_SWITCH_FOCUS@H74_1_0_0_3_2
11-04 20:41:23.214  2944  4483 I Telecom : MotoCallAudioRouteStateMachine: turning speaker phone false: NCSSF.aC->ICFG.sF->ICFG.sF->ICFG.sF->CAMSM.pM_2002->CARSM.pM_SWITCH_FOCUS@H74_1_0_0_3_2
11-04 20:41:23.216  2944  5369 D BroadcastQueue_foreground: broadcastBegin: hashCode=122361552, Order-CurBroadcast, toUser=-1, dispatchTime=13, ordered=false, sticky=false, Intent { act=android.media.VOLUME_CHANGED_ACTION flg=0x14000010 (has extras) }
11-04 20:41:23.218  2944  4483 I Telecom : MotoCallAudioRouteStateMachine: set speaker off fail,use old api: NCSSF.aC->ICFG.sF->ICFG.sF->ICFG.sF->CAMSM.pM_2002->CARSM.pM_SWITCH_FOCUS@H74_1_0_0_3_2
11-04 20:41:23.220  2944  5369 D BroadcastQueue: broadcastComplete: hashCode=122361552, Order-CurBroadcast, costTime=10
11-04 20:41:23.220  2944  5369 D BroadcastQueue:     app=30615:com.motorola.dynamicvolume/u0a209, costTime=10
11-04 20:41:23.221  2944  4298 D Telecom : Logging: START_SESSION
11-04 20:41:23.221  2944  5114 I framework_stats_log: [SERVICE_STATE_CHANGED, 10209, com.motorola.dynamicvolume, com.motorola.dynamicvolume.service.VolumeBroadcastIntentService, 2]
11-04 20:41:23.221  2944  5114 I framework_stats_log: [PROCESS_STATE_CHANGED, 10209, com.motorola.dynamicvolume, com.motorola.dynamicvolume, 1010, 313000272]
11-04 20:41:23.221  2944  3758 D Telecom : Logging: START_SESSION
11-04 20:41:23.222  2944  3191 I framework_stats_log: [UID_PROCESS_STATE_CHANGED, 10209, 1010]
11-04 20:41:23.223  2944  4298 V Telecom : Logging: END_SUBSESSION (dur: 2 mS): TSI.gPA@H8Y
11-04 20:41:23.223  2944  3064 D ActivityManager: Set 29940 com.google.android.gms.persistent adj 0: service (ProcessRecord{74c374f 22426:com.google.android.apps.wellbeing/u0a234})
11-04 20:41:23.223  2944  4298 D Telecom : Logging: END_SESSION (dur: 2 ms): TSI.gPA@H8Y
11-04 20:41:23.223  2944  3064 I framework_stats_log: [SERVICE_LAUNCH_REPORTED, 10194, com.google.android.gms, com.google.android.gms.wearable.service.WearableService]
11-04 20:41:23.223  2944  3758 V Telecom : Logging: END_SUBSESSION (dur: 2 mS): TSI.gDDP@H8c
11-04 20:41:23.223  2944  3758 D Telecom : Logging: END_SESSION (dur: 2 ms): TSI.gDDP@H8c
11-04 20:41:23.226  2944  3064 I framework_stats_log: [SERVICE_REQUEST_EVENT_REPORTED, 10194, 10191, BIND, 2, false, 1]
11-04 20:41:23.226  2944  3241 D MotoDevicePolicyManager: isProtectedPackage by (com.google.android.dialer)
11-04 20:41:23.228  2944  4483 I Telecom : MotoCallAudioRouteStateMachine: setSystemAudioState: changing from [AudioState isMuted: false, route: EARPIECE, supportedRouteMask: EARPIECE, SPEAKER, activeBluetoothDevice: [null], supportedBluetoothDevices: []] to [AudioState isMuted: false, route: EARPIECE, supportedRouteMask: EARPIECE, SPEAKER, activeBluetoothDevice: [null], supportedBluetoothDevices: []]: NCSSF.aC->ICFG.sF->ICFG.sF->ICFG.sF->CAMSM.pM_2002->CARSM.pM_SWITCH_FOCUS@H74_1_0_0_3_2
11-04 20:41:23.228  2944  5115 D Telecom : Logging: START_SESSION
11-04 20:41:23.228  2944  4483 V Telecom : MotoCallsManager: onAudioStateChanged, audioState: [AudioState isMuted: false, route: EARPIECE, supportedRouteMask: EARPIECE, SPEAKER, activeBluetoothDevice: [null], supportedBluetoothDevices: []] -> [AudioState isMuted: false, route: EARPIECE, supportedRouteMask: EARPIECE, SPEAKER, activeBluetoothDevice: [null], supportedBluetoothDevices: []]: NCSSF.aC->ICFG.sF->ICFG.sF->ICFG.sF->CAMSM.pM_2002->CARSM.pM_SWITCH_FOCUS@H74_1_0_0_3_2
11-04 20:41:23.228  2944  4483 I Telecom : InCallController: Calling onAudioStateChanged, audioState: [AudioState isMuted: false, route: EARPIECE, supportedRouteMask: EARPIECE, SPEAKER, activeBluetoothDevice: [null], supportedBluetoothDevices: []] -> [AudioState isMuted: false, route: EARPIECE, supportedRouteMask: EARPIECE, SPEAKER, activeBluetoothDevice: [null], supportedBluetoothDevices: []]: NCSSF.aC->ICFG.sF->ICFG.sF->ICFG.sF->CAMSM.pM_2002->CARSM.pM_SWITCH_FOCUS@H74_1_0_0_3_2
11-04 20:41:23.229  2944  5689 D PowerManagerService: acquireWakeLockInternal: lock=34398437, flags=0x1, tag=\"*location*:GnssLocationProvider\", ws=null, uid=1000, pid=2944, packageName=\"android\", displayId=-1
11-04 20:41:23.230  2944  3536 I framework_stats_log: [SERVICE_STATE_CHANGED, 10209, com.motorola.dynamicvolume, com.motorola.dynamicvolume.service.VolumeBroadcastIntentService, 1]
11-04 20:41:23.231  2944  4483 D Telecom : ConnectionServiceWrapper: TC -> CS[cap]: onCallAudioStateChanged TC@11_1 [AudioState isMuted: false, route: EARPIECE, supportedRouteMask: EARPIECE, SPEAKER, activeBluetoothDevice: [null], supportedBluetoothDevices: []]: NCSSF.aC->ICFG.sF->ICFG.sF->ICFG.sF->CAMSM.pM_2002->CARSM.pM_SWITCH_FOCUS@H74_1_0_0_3_2
11-04 20:41:23.231  2944  4483 I Telecom : BluetoothRouteManager: getBluetoothAudioConnectedDevice: no service available.: NCSSF.aC->ICFG.sF->ICFG.sF->ICFG.sF->CAMSM.pM_2002->CARSM.pM_SWITCH_FOCUS@H74_1_0_0_3_2
11-04 20:41:23.231  2944  5115 V Telecom : Logging: END_SUBSESSION (dur: 3 mS): TSI.gDDP@H8g
11-04 20:41:23.231  2944  5115 D Telecom : Logging: END_SESSION (dur: 3 ms): TSI.gDDP@H8g
11-04 20:41:23.231  4121  4121 I TelecomFramework: TelephonyConnectionService: onAudioStateChanged TC@11_1 [AudioState isMuted: false, route: EARPIECE, supportedRouteMask: EARPIECE, SPEAKER, activeBluetoothDevice: [null], supportedBluetoothDevices: []]: (NCSSF.aC->ICFG.sF->ICFG.sF->ICFG.sF->CAMSM.pM_2002->CARSM.pM_SWITCH_FOCUS)->CS.cASC->H.CS.cASC(cast)@E-H74_1_0_0_3_2
11-04 20:41:23.233  2944  5115 D Telecom : Logging: START_SESSION
11-04 20:41:23.233  2944  5115 V Telecom : Logging: END_SUBSESSION (dur: 0 mS): TSI.gDDP@H8k
11-04 20:41:23.233  2944  5115 D Telecom : Logging: END_SESSION (dur: 0 ms): TSI.gDDP@H8k
11-04 20:41:23.233  2944  4298 D Telecom : Logging: START_SESSION
11-04 20:41:23.234  2944  4298 V Telecom : Logging: END_SUBSESSION (dur: 0 mS): TSI.gCCPA(cgad)@H8o
11-04 20:41:23.234  2944  4298 D Telecom : Logging: END_SESSION (dur: 0 ms): TSI.gCCPA(cgad)@H8o
11-04 20:41:23.237  2944  3536 I framework_stats_log: [PROCESS_STATE_CHANGED, 10209, com.motorola.dynamicvolume, com.motorola.dynamicvolume, 1009, 313000272]
11-04 20:41:23.237  2944  3536 I framework_stats_log: [SERVICE_LAUNCH_REPORTED, 10209, com.motorola.dynamicvolume, com.motorola.dynamicvolume.service.VolumeBroadcastIntentService]
11-04 20:41:23.237  2944  3191 I framework_stats_log: [UID_PROCESS_STATE_CHANGED, 10209, 1009]
11-04 20:41:23.238  2944  3536 I framework_stats_log: [SERVICE_REQUEST_EVENT_REPORTED, 10209, 10209, VOLUME_CHANGED_ACTION, 1, false, 1]
11-04 20:41:23.243  2944  3536 D ActivityManager: Set 30615 com.motorola.dynamicvolume adj 500: started-services (null)
11-04 20:41:23.243  2944  4483 V Telecom : Logging: END_SUBSESSION (dur: 50 mS): NCSSF.aC->ICFG.sF->ICFG.sF->ICFG.sF->CAMSM.pM_2002->CARSM.pM_SWITCH_FOCUS@H74_1_0_0_3_2
11-04 20:41:23.244  2944  3758 I framework_stats_log: [SERVICE_STATE_CHANGED, 10209, com.motorola.dynamicvolume, com.motorola.dynamicvolume.service.VolumeBroadcastIntentService, 2]
11-04 20:41:23.244  2944  3758 D ActivityManager: Set 30615 com.motorola.dynamicvolume adj 0: exec-service (null)
11-04 20:41:23.245  3779  3779 D MotoExtTM: MotoExtTelephonyManager: getCurrentUiccCardProvisioningStatus subId=1
11-04 20:41:23.246  2944  5115 D ActivityManager: Set 30615 com.motorola.dynamicvolume adj 1001: cch-empty (null)
11-04 20:41:23.246  2944  5115 I framework_stats_log: [PROCESS_STATE_CHANGED, 10209, com.motorola.dynamicvolume, com.motorola.dynamicvolume, 1018, 313000272]
11-04 20:41:23.246  2944  5115 D ActivityManager: Set 30615 com.motorola.dynamicvolume adj 905: cch-empty (null)
11-04 20:41:23.247  2944  3191 I framework_stats_log: [UID_PROCESS_STATE_CHANGED, 10209, 1018]
11-04 20:41:23.247  4121  4710 D MotoExtTM: MotoExtTelephonyService: getCurrentUiccCardProvisioningStatus subId=1
11-04 20:41:23.248  4121  4710 D QtiSubscriptionController: getUiccProvisionStatus
11-04 20:41:23.249  2944  3166 D PowerManagerService: releaseWakeLockInternal: lock=34398437 [*location*:GnssLocationProvider], flags=0x0, packageName=\"android\", displayId=-1
11-04 20:41:23.252  2944  3758 I framework_stats_log: [SCHEDULED_JOB_STATE_CHANGED, [10170], [null], com.motorola.carriersettingsext/.wfc.WfcJobIntentService, 0, 10, 6, 1000, false, false, false, false, true, false, false, false, false, false, 0, false, 300, 300, 0]
11-04 20:41:23.252  2944  3758 D PowerManagerService: releaseWakeLockInternal: lock=41146716 [*job*/com.motorola.carriersettingsext/.wfc.WfcJobIntentService], flags=0x0, packageName=\"android\", displayId=-1
11-04 20:41:23.252  4121  4710 D QtiPhoneUtils:  getCurrentUiccCardProvisioningStatus, state[0] = 1
11-04 20:41:23.252  4121  4710 D MotoExtTM: MotoExtTelephonyService: getCurrentUiccStatus subId=1 status=1
11-04 20:41:23.253  2944  3758 D ActivityManager: Set 30667 com.motorola.carriersettingsext adj 0: exec-service (null)
11-04 20:41:23.253  2944  3758 I framework_stats_log: [PROCESS_STATE_CHANGED, 10170, com.motorola.carriersettingsext, com.motorola.carriersettingsext, 1009, 33]
11-04 20:41:23.254  2944  6405 D ActivityManager: Set 30667 com.motorola.carriersettingsext adj 1001: cch-started-services (null)
11-04 20:41:23.254  2944  6405 D ActivityManager: Set 30667 com.motorola.carriersettingsext adj 920: cch-started-services (null)
11-04 20:41:23.255  2944  3191 I framework_stats_log: [UID_PROCESS_STATE_CHANGED, 10170, 1009]
11-04 20:41:23.257  3779  3828 D MotoDevicePolicyManager: isMobileDataRestrictionEnabled by (com.android.systemui)
11-04 20:41:23.257  2944  3064 D MotoDevicePolicyDataDAO: getLockObject()
11-04 20:41:23.257  2944  3064 D MotoDevicePolicyManagerService: isMobileDataRestrictionEnabled: value -> 3
11-04 20:41:23.260  2944  6405 D Telecom : Logging: START_SESSION
11-04 20:41:23.260  2944  6405 V Telecom : Logging: END_SUBSESSION (dur: 0 mS): TSI.gDDP@H8s
11-04 20:41:23.260  2944  6405 D Telecom : Logging: END_SESSION (dur: 0 ms): TSI.gDDP@H8s
11-04 20:41:23.268  4121  4194 D IccProvider: [IccProvider] query
11-04 20:41:23.268  4121  4194 D IccProvider: [IccProvider] getRequestSubId url: content://icc/fdn/subId/1
11-04 20:41:23.268  4121  4194 D IccProvider: [IccProvider] loadFromEf: efType=0x6F3B, subscription=1
11-04 20:41:23.269  4121  4581 D EmergencyNumberTracker: slotId:0 country:us emergencyNumbers: 911,000,112,999,*272911
11-04 20:41:23.269  4121  4581 D EmergencyNumberTracker: Search results - inRilEccList:false inEmergencyNumberTestList: false
11-04 20:41:23.269  4121  4581 D SubscriptionController: [getSubId]- numSubIds == 0, return null slotIndex=1
11-04 20:41:23.269  4121  4194 D IccPhoneBookIM: [IccPbInterfaceManager] getAdnRecordsInEF: efid=0x6F3B
11-04 20:41:23.270  4121  4194 D IccProvider: [IccProvider] adnRecords.size=15
11-04 20:41:23.271  4121  4581 D SubscriptionController: [getSubId]- numSubIds == 0, return null slotIndex=1
11-04 20:41:23.271  4121  4581 D SubscriptionController: [getSlotIndex]- subId invalid
11-04 20:41:23.271  4121  4581 D EmergencyNumberTracker: slotId:-1 country:us emergencyNumbers: 911,000,112,999,*272911
11-04 20:41:23.271  4121  4581 D EmergencyNumberTracker: Search results - inRilEccList:false inEmergencyNumberTestList: false
11-04 20:41:23.272  2944  4298 I framework_stats_log: [SERVICE_STATE_CHANGED, 10194, com.google.android.gms, com.google.android.gms.wearable.service.WearableService, 2]
11-04 20:41:23.274  2944  4298 D Telecom : Logging: START_SESSION
11-04 20:41:23.274  2944  4298 V Telecom : Logging: END_SUBSESSION (dur: 0 mS): TSI.gPA@H8w
11-04 20:41:23.274  2944  4298 D Telecom : Logging: END_SESSION (dur: 0 ms): TSI.gPA@H8w
11-04 20:41:23.274  2944  3064 D ActivityManager: Set 29940 com.google.android.gms.persistent adj 100: service (ProcessRecord{74c374f 22426:com.google.android.apps.wellbeing/u0a234})
11-04 20:41:23.277  2944  3064 I framework_stats_log: [FOREGROUND_SERVICE_STATE_CHANGED, 10191, com.google.android.dialer/com.android.incallui.InCallServiceImpl, 1, true, 10, 34, 1000, 33, -1, false, false, 0, 1, 2023930140, true, 132]
11-04 20:41:23.277  2944  3064 I am_foreground_service_start: [0,com.google.android.dialer/com.android.incallui.InCallServiceImpl,1,PROC_STATE_PERSISTENT,34,33,0,0,0,1,UNKNOWN]
11-04 20:41:23.278  2944  5115 D MotoDevicePolicyManager: isProtectedPackage by (com.google.android.dialer)
11-04 20:41:23.278  2944  3241 D MotoDevicePolicyManager: isProtectedPackage by (com.google.android.dialer)
11-04 20:41:23.279  2944  3241 D MotoDevicePolicyManager: isProtectedPackage by (com.google.android.dialer)
11-04 20:41:23.279  2944  3168 I commit_sys_config_file: [notification-policy,187503640]
11-04 20:41:23.280  2944  4932 V BackupManagerConstants: getKeyValueBackupIntervalMilliseconds(...) returns 14400000
11-04 20:41:23.280  2944  4932 V BackupManagerConstants: getKeyValueBackupFuzzMilliseconds(...) returns 600000
11-04 20:41:23.280  2944  3758 I framework_stats_log: [SERVICE_STATE_CHANGED, 10194, com.google.android.gms, com.google.android.gms.wearable.service.WearableService, 2]
11-04 20:41:23.280  2944  4932 V BackupManagerConstants: getKeyValueBackupRequiredNetworkType(...) returns 1
11-04 20:41:23.281  2944  4932 V BackupManagerConstants: getKeyValueBackupRequireCharging(...) returns true
11-04 20:41:23.281  2944  4932 V KeyValueBackupJob: Scheduling k/v pass in 240 minutes
11-04 20:41:23.282  2944  2944 I notification_enqueue: [10191,22400,com.google.android.dialer,1,NULL,0,Notification(channel=phone_incoming_call shortcut=null contentView=null fullScreenIntent=PendingIntent{a4bbcaf: PendingIntentRecord{6a3f419 com.google.android.dialer startActivity (allowlist: 9dba840:+30s0ms/0/NOTIFICATION_SERVICE/NotificationManagerService)}} vibrate=null sound=null defaults=0x0 flags=0xca color=0xffb6c9d8 category=call actions=3 vis=PRIVATE publicVersion=Notification(channel=null shortcut=null contentView=null vibrate=null sound=null defaults=0x0 flags=0x0 color=0xffb6c9d8 vis=PRIVATE)),0]
11-04 20:41:23.285  2944  4932 I framework_stats_log: [SCHEDULED_JOB_STATE_CHANGED, [1000], [null], android/com.android.server.backup.KeyValueBackupJob, 2, -1, 6, 52417896, true, false, false, true, true, false, true, false, false, false, 0, false, 300, 300, 0]
11-04 20:41:23.286  2944  3758 D ActivityManager: Set 30075 com.google.android.gms adj 0: service (ProcessRecord{3fbd34c 22400:com.google.android.dialer/u0a191})
11-04 20:41:23.286  2944  3758 I framework_stats_log: [PROCESS_STATE_CHANGED, 10194, com.google.android.gms, com.google.android.gms, 1020, 234313038]
11-04 20:41:23.286  2944  3758 D ActivityManager: Set 29940 com.google.android.gms.persistent adj 0: provider (ProcessRecord{6f0624c 30075:com.google.android.gms/u0a194})
11-04 20:41:23.287  2944  3758 I framework_stats_log: [SERVICE_LAUNCH_REPORTED, 10194, com.google.android.gms, com.google.android.gms.auth.api.proxy.AuthService]
11-04 20:41:23.287  2944  3758 I framework_stats_log: [SERVICE_REQUEST_EVENT_REPORTED, 10194, 10191, START, 2, false, 1]
11-04 20:41:23.290  2944  5115 I am_uid_active: 10250
11-04 20:41:23.290  2944  5115 D ActivityManager: Set 30642 com.google.android.contacts adj 0: provider (ProcessRecord{13662a1 23225:android.process.acore/u0a110})
11-04 20:41:23.290  2944  5115 I framework_stats_log: [PROCESS_STATE_CHANGED, 10250, com.google.android.contacts, com.google.android.contacts, 1004, 3112096]
11-04 20:41:23.291  2944  7669 I Telecom : RingtoneFactory: hasHapticChannels content://media/internal/audio/media/32?title=Moto&canonical=1 -> true: NCSSF.aC->ICFG.sF->ICFG.sF->ICFG.sF->CAMSM.pM_2002->ARP.hP@H74_1_0_0_3_1
11-04 20:41:23.291  2944  7669 I Telecom : MotoAsyncRingtonePlayer: handlePlay: hasHaptics=true, isVibrationEnabled=true: NCSSF.aC->ICFG.sF->ICFG.sF->ICFG.sF->CAMSM.pM_2002->ARP.hP@H74_1_0_0_3_1
11-04 20:41:23.291  2944  7669 D Telecom : MotoAsyncRingtonePlayer: handlePlay: unmuting haptic channel: NCSSF.aC->ICFG.sF->ICFG.sF->ICFG.sF->CAMSM.pM_2002->ARP.hP@H74_1_0_0_3_1
11-04 20:41:23.292  2944  3191 I framework_stats_log: [UID_PROCESS_STATE_CHANGED, 10250, 1004]
11-04 20:41:23.293  2944  4298 D ActivityManager: Set 30075 com.google.android.gms adj 100: service (ProcessRecord{3fbd34c 22400:com.google.android.dialer/u0a191})
11-04 20:41:23.295  2944  5115 D Telecom : Logging: START_SESSION
11-04 20:41:23.295  2944  5115 V Telecom : Logging: END_SUBSESSION (dur: 0 mS): TSI.gDDP@H80
11-04 20:41:23.295  2944  5115 D Telecom : Logging: END_SESSION (dur: 0 ms): TSI.gDDP@H80
11-04 20:41:23.297  2944  4298 I framework_stats_log: [SERVICE_STATE_CHANGED, 10194, com.google.android.gms, com.google.android.gms.auth.api.proxy.AuthService, 1]
11-04 20:41:23.298  2944  4298 D ActivityManager: Set 30075 com.google.android.gms adj 0: service (ProcessRecord{3fbd34c 22400:com.google.android.dialer/u0a191})
11-04 20:41:23.298  2944  4298 I framework_stats_log: [SERVICE_REQUEST_EVENT_REPORTED, 10194, 10194, null, 1, false, 2]
11-04 20:41:23.299  2944  5115 D ActivityManager: Set 30075 com.google.android.gms adj 100: service (ProcessRecord{3fbd34c 22400:com.google.android.dialer/u0a191})
11-04 20:41:23.299  2944  4298 D Telecom : Logging: START_SESSION
11-04 20:41:23.300  2944  4298 V Telecom : Logging: END_SUBSESSION (dur: 0 mS): TSI.gCCPA(cgac)@H84
11-04 20:41:23.300  2944  4298 D Telecom : Logging: END_SESSION (dur: 1 ms): TSI.gCCPA(cgac)@H84
11-04 20:41:23.300  2944  5115 I framework_stats_log: [SERVICE_STATE_CHANGED, 10194, com.google.android.gms, com.google.android.gms.auth.api.proxy.AuthService, 2]
11-04 20:41:23.301  2944  5115 I framework_stats_log: [SERVICE_STATE_CHANGED, 10194, com.google.android.gms, com.google.android.gms.auth.api.proxy.AuthService, 1]
11-04 20:41:23.302  2944  5115 D ActivityManager: Set 30075 com.google.android.gms adj 0: service (ProcessRecord{3fbd34c 22400:com.google.android.dialer/u0a191})
11-04 20:41:23.302  2944  5115 I framework_stats_log: [SERVICE_REQUEST_EVENT_REPORTED, 10194, 10194, null, 1, false, 2]
11-04 20:41:23.303  2944  5115 D ActivityManager: Set 30075 com.google.android.gms adj 100: service (ProcessRecord{3fbd34c 22400:com.google.android.dialer/u0a191})
11-04 20:41:23.305  2944  5115 I framework_stats_log: [SERVICE_LAUNCH_REPORTED, 10194, com.google.android.gms, com.google.android.gms.auth.be.appcert.AppCertService]
11-04 20:41:23.305  2944  5115 I framework_stats_log: [SERVICE_REQUEST_EVENT_REPORTED, 10194, 10194, APP_CERT, 2, false, 1]
11-04 20:41:23.306  2944  4298 I Telecom : PhoneAccountRegistrar: getSimCallManager: SimCallManager for subId 1 queried, returning: null
11-04 20:41:23.306  2944  4298 D Telecom : PhoneAccountRegistrar: getSimCallManagerFromHandle: targetPhac=ComponentInfo{com.android.phone/com.android.services.telephony.TelephonyConnectionService}, 1, UserHandle{0}, subId=1, scm=null
11-04 20:41:23.306  2944  4298 D Telecom : Logging: START_SESSION
11-04 20:41:23.306  2944  4298 V Telecom : Logging: END_SUBSESSION (dur: 0 mS): TSI.gPA@H88
11-04 20:41:23.306  2944  4298 D Telecom : Logging: END_SESSION (dur: 0 ms): TSI.gPA@H88
11-04 20:41:23.307  2944  5115 D ActivityManager: Set 29940 com.google.android.gms.persistent adj 100: provider (ProcessRecord{6f0624c 30075:com.google.android.gms/u0a194})
11-04 20:41:23.329  2944  4298 I framework_stats_log: [SERVICE_STATE_CHANGED, 10194, com.google.android.gms, com.google.android.gms.auth.api.proxy.AuthService, 2]
11-04 20:41:23.352  2944  7669 I Telecom : Event: RecordEntry TC@11: SKIP_VIBRATION, using audio-coupled haptics: NCSSF.aC->ICFG.sF->ICFG.sF->ICFG.sF->CAMSM.pM_2002->ARP.hP@H74_1_0_0_3_1
11-04 20:41:23.370  2944  3251 D AutomaticBrightnessController[0]: updateAmbientLux [Darkening] mAmbientLux=59.293278 fastAmbientLux=39.0 slowAmbientLux=39.0 threshold=38.659218187515034 (in 500 ms)
11-04 20:41:23.379  2944  2944 D Telecom : Logging: START_SESSION
11-04 20:41:23.380  2944  2944 V Telecom : Logging: END_SUBSESSION (dur: 0 mS): TSI.iIMC@H9A
11-04 20:41:23.380  2944  2944 D Telecom : Logging: END_SESSION (dur: 0 ms): TSI.iIMC@H9A
11-04 20:41:23.381  2944  2944 I sysui_multi_action: [757,1501,758,1,793,606,794,0,795,606,796,3001,806,com.dish.wireless.activation,857,Dish Roadrunner,858,2,947,0,1500,0,1641,service,1688,1]
11-04 20:41:23.381  2944  2944 I sysui_multi_action: [757,804,799,note_interruptive,801,0,802,1]
11-04 20:41:23.381  2944  2944 W ValidateNoPeople: People cache not hit, use the old affinity first. affinity = 0.0, oldAffinity = 0.0
11-04 20:41:23.386  2944  2944 W NotificationHistory: Attempted to add notif for locked/gone/disabled user 0
11-04 20:41:23.387  2944  2944 I framework_stats_log: [NOTIFICATION_REPORTED, 162, 10179, com.dish.wireless.activation, 587, 3001, 150, 0, 0, false, service, 0, 0, 11, 2, 0, 1, 2, 1, -1000, 0, 0.0, false, true, 0]
11-04 20:41:23.387  2944  2944 D NotificationListeners: notifyPosted notification: Notification(channel=Dish Roadrunner shortcut=null contentView=null vibrate=null sound=null defaults=0x0 flags=0x60 color=0x00000000 category=service vis=PRIVATE)
11-04 20:41:23.395  2944  2944 I notification_autogrouped: 0|com.dish.wireless.activation|3001|null|10179
11-04 20:41:23.397  2944  3702 W ValidateNoPeople: People cache not hit, use the old affinity first. affinity = 0.0, oldAffinity = 0.0
11-04 20:41:23.397  2944  3702 W ValidateNoPeople: People cache not hit, use the old affinity first. affinity = 0.0, oldAffinity = 0.0
11-04 20:41:23.397  2944  3702 W ValidateNoPeople: People cache not hit, use the old affinity first. affinity = 0.0, oldAffinity = 0.0
11-04 20:41:23.398  2944  3702 W ValidateNoPeople: People cache not hit, use the old affinity first. affinity = 0.0, oldAffinity = 0.0
11-04 20:41:23.398  2944  3251 D AutomaticBrightnessController[0]: Receive new lux[rear]=0.0
11-04 20:41:23.398  2944  3251 D AutomaticBrightnessController[0]: handleCombineLightSensorEvent mFrontLux=39.0 mRearLux=0.0 mLightSensor=TCS3720 Ambient Light Sensor Non-wakeup mLightSensorEnableTime=186234910 (1279652 ms ago)
11-04 20:41:23.398  2944  3251 D AutomaticBrightnessController[0]: Receive new lux[rear]=0.0
11-04 20:41:23.398  2944  3251 D AutomaticBrightnessController[0]: handleCombineLightSensorEvent mFrontLux=39.0 mRearLux=0.0 mLightSensor=TCS3720 Ambient Light Sensor Non-wakeup mLightSensorEnableTime=186234910 (1279652 ms ago)
11-04 20:41:23.398  2944  3251 D AutomaticBrightnessController[0]: Receive new lux[rear]=0.0
11-04 20:41:23.398  2944  3251 D AutomaticBrightnessController[0]: handleCombineLightSensorEvent mFrontLux=39.0 mRearLux=0.0 mLightSensor=TCS3720 Ambient Light Sensor Non-wakeup mLightSensorEnableTime=186234910 (1279652 ms ago)
11-04 20:41:23.398  2944  3702 W ValidateNoPeople: People cache not hit, use the old affinity first. affinity = 0.0, oldAffinity = 0.0
11-04 20:41:23.398  2944  3251 D AutomaticBrightnessController[0]: Receive new lux[rear]=0.0
11-04 20:41:23.398  2944  3251 D AutomaticBrightnessController[0]: handleCombineLightSensorEvent mFrontLux=39.0 mRearLux=0.0 mLightSensor=TCS3720 Ambient Light Sensor Non-wakeup mLightSensorEnableTime=186234910 (1279652 ms ago)
11-04 20:41:23.398  2944  3251 D AutomaticBrightnessController[0]: Receive new lux[rear]=0.0
11-04 20:41:23.399  2944  3251 D AutomaticBrightnessController[0]: handleCombineLightSensorEvent mFrontLux=39.0 mRearLux=0.0 mLightSensor=TCS3720 Ambient Light Sensor Non-wakeup mLightSensorEnableTime=186234910 (1279653 ms ago)
11-04 20:41:23.399  2944  3702 W ValidateNoPeople: People cache not hit, use the old affinity first. affinity = 0.0, oldAffinity = 0.0
11-04 20:41:23.399  2944  3702 W ValidateNoPeople: People cache not hit, use the old affinity first. affinity = 0.0, oldAffinity = 0.0
11-04 20:41:23.400  2944  3702 I notification_adjusted: [0|com.dish.wireless.activation|3001|null|10179,key_group_key,ranker_group]
11-04 20:41:23.400  2944  3702 W ValidateNoPeople: People cache not hit, use the old affinity first. affinity = 0.0, oldAffinity = 0.0
11-04 20:41:23.400  2944  3702 W ValidateNoPeople: People cache not hit, use the old affinity first. affinity = 0.0, oldAffinity = 0.0
11-04 20:41:23.400  2944  3702 W ValidateNoPeople: People cache not hit, use the old affinity first. affinity = 0.0, oldAffinity = 0.0
11-04 20:41:23.401  2944  3702 W ValidateNoPeople: People cache not hit, use the old affinity first. affinity = 0.0, oldAffinity = 0.0
11-04 20:41:23.421  2944  7669 I Telecom : MotoAsyncRingtonePlayer: Play ringtone, looping.: NCSSF.aC->ICFG.sF->ICFG.sF->ICFG.sF->CAMSM.pM_2002->ARP.hP@H74_1_0_0_3_1
11-04 20:41:23.421  2944  7669 D Telecom : Logging: END_SESSION (dur: 723 ms): NCSSF.aC@H74: NCSSF.aC->ICFG.sF->ICFG.sF->ICFG.sF->CAMSM.pM_2002->ARP.hP@1
11-04 20:41:23.493  1143  1143 I [drm:dsi_display_set_mode [msm_drm]] [msm-dsi-info]: mdp_transfer_time=5500, hactive=1080, vactive=2400, fps=120, clk_rate=1102000000
11-04 20:41:23.494  1143  1143 I [drm:dsi_display_prepare [msm_drm]] [msm-dsi-info]: panel_name=mipi_mot_cmd_csot_1080p_dsc_667 ctrl-index=0
11-04 20:41:23.495  1143  1143 I         : (mipi_mot_cmd_csot_1080p_dsc_667)+
11-04 20:41:23.483  2944  2944 D Telecom : Logging: START_SESSION
11-04 20:41:23.484  2944  2944 V Telecom : Logging: END_SUBSESSION (dur: 0 mS): TSI.iIMC@H9E
11-04 20:41:23.484  2944  2944 D Telecom : Logging: END_SESSION (dur: 0 ms): TSI.iIMC@H9E
11-04 20:41:23.484  2944  2944 I sysui_multi_action: [757,1501,758,1,793,206,794,0,795,206,796,1,806,com.google.android.dialer,857,phone_incoming_call,858,4,947,0,1500,0,1641,call,1688,1,1744,1,1745,-115848506]
11-04 20:41:23.484  2944  2944 I sysui_multi_action: [757,804,799,note_interruptive,801,0,802,1]
11-04 20:41:23.486  2944  2944 W NotificationHistory: Attempted to add notif for locked/gone/disabled user 0
11-04 20:41:23.486  2944  2944 I framework_stats_log: [NOTIFICATION_REPORTED, 162, 10191, com.google.android.dialer, 577, 1, 6598, 0, 0, false, call, -115848506, 1, 0, 4, 0, 1, 4, 1, -1000, 0, 0.0, true, true, 0]
11-04 20:41:23.486  2944  2944 D NotificationListeners: notifyPosted notification: Notification(channel=phone_incoming_call shortcut=null contentView=null fullScreenIntent=PendingIntent{a4bbcaf: PendingIntentRecord{6a3f419 com.google.android.dialer startActivity (allowlist: 9dba840:+30s0ms/0/NOTIFICATION_SERVICE/NotificationManagerService)}} vibrate=null sound=null defaults=0x0 flags=0xea color=0xffb6c9d8 category=call actions=3 vis=PRIVATE publicVersion=Notification(channel=null shortcut=null contentView=null vibrate=null sound=null defaults=0x0 flags=0x0 color=0xffb6c9d8 vis=PRIVATE))
11-04 20:41:23.512  1143  1143 I         : set_backlight from 7108 to 7108, Trend[cur:last=1:1], max[bl:brightness:thermal=16380:16380:16380], for mipi_mot_cmd_csot_1080p_dsc_667
11-04 20:41:23.498  2944  4298 D Telecom : Logging: START_SESSION
11-04 20:41:23.498  2944  4298 V Telecom : Logging: END_SUBSESSION (dur: 0 mS): TSI.gDDP@H9I
11-04 20:41:23.498  2944  4298 D Telecom : Logging: END_SESSION (dur: 0 ms): TSI.gDDP@H9I
11-04 20:41:23.520  2944  3064 D PowerManagerService: acquireWakeLockInternal: lock=222064775, flags=0x1, tag=\"AudioMix\", ws=null, uid=1041, pid=0, packageName=\"audioserver\", displayId=-1
11-04 20:41:23.521  2944  3064 D PowerManagerService: acquireWakeLockInternal: lock=208616372, flags=0x1, tag=\"AudioMix\", ws=null, uid=1041, pid=0, packageName=\"audioserver\", displayId=-1
11-04 20:41:23.522  2944  3064 D PowerManagerService: acquireWakeLockInternal: lock=12940253, flags=0x1, tag=\"AudioMix\", ws=null, uid=1041, pid=0, packageName=\"audioserver\", displayId=-1
11-04 20:41:23.523  2944  4298 D PowerManagerService: acquireWakeLockInternal: lock=122542930, flags=0x1, tag=\"AudioMix\", ws=null, uid=1041, pid=0, packageName=\"audioserver\", displayId=-1
11-04 20:41:23.527  2944  4298 D PowerManagerService: acquireWakeLockInternal: lock=140873251, flags=0x1, tag=\"AudioMix\", ws=null, uid=1041, pid=0, packageName=\"audioserver\", displayId=-1
11-04 20:41:23.528  2944  3758 D PowerManagerService: acquireWakeLockInternal: lock=111042336, flags=0x1, tag=\"AudioMix\", ws=null, uid=1041, pid=0, packageName=\"audioserver\", displayId=-1
11-04 20:41:23.544  3779  3779 I sysui_multi_action: [757,803,799,note_peek,802,1]
11-04 20:41:23.546  3779  3779 D VRI[NotificationShade]: update {(0,0)(fillxfill) gr=TOP CENTER_VERTICAL sim={adjust=resize} layoutInDisplayCutoutMode=always ty=2040 fmt=TRANSLUCENT
11-04 20:41:23.546  3779  3779 D VRI[NotificationShade]:   fl=NOT_FOCUSABLE NOT_TOUCH_MODAL TOUCHABLE_WHEN_WAKING WATCH_OUTSIDE_TOUCH SPLIT_TOUCH HARDWARE_ACCELERATED DRAWS_SYSTEM_BAR_BACKGROUNDS
11-04 20:41:23.546  3779  3779 D VRI[NotificationShade]:   pfl=BEHAVIOR_CONTROLLED FIT_INSETS_CONTROLLED
11-04 20:41:23.546  3779  3779 D VRI[NotificationShade]:   bhv=SHOW_TRANSIENT_BARS_BY_SWIPE} by setLayoutParams
11-04 20:41:23.547  2944  3758 I framework_stats_log: [PROCESS_STATE_CHANGED, 10333, com.android.systemui, com.android.systemui, 1001, 33]
11-04 20:41:23.549  2944  3191 I framework_stats_log: [UID_PROCESS_STATE_CHANGED, 10333, 1001]
11-04 20:41:23.550  3779  3779 D VRI[StatusBar]: update {(0,0)(fillx112) gr=TOP CENTER_VERTICAL layoutInDisplayCutoutMode=always ty=STATUS_BAR fmt=TRANSLUCENT
11-04 20:41:23.550  3779  3779 D VRI[StatusBar]:   fl=NOT_FOCUSABLE SPLIT_TOUCH HARDWARE_ACCELERATED DRAWS_SYSTEM_BAR_BACKGROUNDS
11-04 20:41:23.550  3779  3779 D VRI[StatusBar]:   pfl=FORCE_STATUS_BAR_VISIBLE COLOR_SPACE_AGNOSTIC FIT_INSETS_CONTROLLED
11-04 20:41:23.550  3779  3779 D VRI[StatusBar]:   bhv=DEFAULT
11-04 20:41:23.550  3779  3779 D VRI[StatusBar]:   paramsForRotation={(0,0)(fillx112) gr=TOP CENTER_VERTICAL layoutInDisplayCutoutMode=always ty=STATUS_BAR fmt=TRANSLUCENT
11-04 20:41:23.550  3779  3779 D VRI[StatusBar]:   fl=NOT_FOCUSABLE SPLIT_TOUCH DRAWS_SYSTEM_BAR_BACKGROUNDS
11-04 20:41:23.550  3779  3779 D VRI[StatusBar]:   pfl=COLOR_SPACE_AGNOSTIC FIT_INSETS_CONTROLLED
11-04 20:41:23.550  3779  3779 D VRI[StatusBar]:   bhv=DEFAULT} {(0,0)(fillx60) gr=TOP CENTER_VERTICAL layoutInDisplayCutoutMode=always ty=STATUS_BAR fmt=TRANSLUCENT
11-04 20:41:23.550  3779  3779 D VRI[StatusBar]:   fl=NOT_FOCUSABLE SPLIT_TOUCH DRAWS_SYSTEM_BAR_BACKGROUNDS
11-04 20:41:23.550  3779  3779 D VRI[StatusBar]:   pfl=COLOR_SPACE_AGNOSTIC FIT_INSETS_CONTROLLED
11-04 20:41:23.550  3779  3779 D VRI[StatusBar]:   bhv=DEFAULT} {(0,0)(fillx60) gr=TOP CENTER_VERTICAL layoutInDisplayCutoutMode=always ty=STATUS_BAR fmt=TRANSLUCENT
11-04 20:41:23.550  3779  3779 D VRI[StatusBar]:   fl=NOT_FOCUSABLE SPLIT_TOUCH DRAWS_SYSTEM_BAR_BACKGROUNDS
11-04 20:41:23.550  3779  3779 D VRI[StatusBar]:   pfl=COLOR_SPACE_AGNOSTIC FIT_INSETS_CONTROLLED
11-04 20:41:23.550  3779  3779 D VRI[StatusBar]:   bhv=DEFAULT} {(0,0)(fillx60) gr=TOP CENTER_VERTICAL layoutInDisplayCutoutMode=always ty=STATUS_BAR fmt=TRANSLUCENT
11-04 20:41:23.550  3779  3779 D VRI[StatusBar]:   fl=NOT_FOCUSABLE SPLIT_TOUCH DRAWS_SYSTEM_BAR_BACKGROUNDS
11-04 20:41:23.550  3779  3779 D VRI[StatusBar]:   pfl=COLOR_SPACE_AGNOSTIC FIT_INSETS_CONTROLLED
11-04 20:41:23.550  3779  3779 D VRI[StatusBar]:   bhv=DEFAULT}} by setLayoutParams
11-04 20:41:23.551  3779  3779 D VRI[NotificationShade]: update {(0,0)(fillxfill) gr=TOP CENTER_VERTICAL sim={adjust=resize} layoutInDisplayCutoutMode=always ty=2040 fmt=TRANSLUCENT
11-04 20:41:23.551  3779  3779 D VRI[NotificationShade]:   fl=NOT_FOCUSABLE NOT_TOUCH_MODAL TOUCHABLE_WHEN_WAKING WATCH_OUTSIDE_TOUCH SPLIT_TOUCH HARDWARE_ACCELERATED DRAWS_SYSTEM_BAR_BACKGROUNDS
11-04 20:41:23.551  3779  3779 D VRI[NotificationShade]:   pfl=COLOR_SPACE_AGNOSTIC BEHAVIOR_CONTROLLED FIT_INSETS_CONTROLLED
11-04 20:41:23.551  3779  3779 D VRI[NotificationShade]:   bhv=SHOW_TRANSIENT_BARS_BY_SWIPE} by setLayoutParams
11-04 20:41:23.552  2944  3758 I framework_stats_log: [PROCESS_STATE_CHANGED, 10333, com.android.systemui, com.android.systemui, 1000, 33]
11-04 20:41:23.552  2944  3191 I framework_stats_log: [UID_PROCESS_STATE_CHANGED, 10333, 1000]
11-04 20:41:23.553  2944  3758 I sysui_multi_action: [757,127,758,1]
11-04 20:41:23.553  2944  3758 I sysui_multi_action: [757,804,799,note_load,801,1,802,1]
11-04 20:41:23.553  2944  3758 I framework_stats_log: [UI_EVENT_REPORTED, 325, 0, null, 0]
11-04 20:41:23.553  2944  3758 I notification_panel_revealed: 1
11-04 20:41:23.553  3779  3779 I framework_stats_log: [UI_EVENT_REPORTED, 801, 10191, com.google.android.dialer, 577]
11-04 20:41:23.553  3779  3779 I sysui_heads_up_status: [0|com.google.android.dialer|1|null|10191,1]
11-04 20:41:23.555  3779  3779 W Looper  : Slow delivery took 524315ms main h=android.os.Handler c=com.android.systemui.statusbar.notification.logging.NotificationLogger$2@732e6e5 m=0
11-04 20:41:23.555  2944  4298 I sysui_multi_action: [757,128,758,1,793,29318590,794,0,795,29318590,796,26,798,1,806,android,857,DEVELOPER_IMPORTANT,858,4,946,ranker_group,947,0,1395,14,1500,544066,1688,1]
11-04 20:41:23.555  2944  4298 I sysui_multi_action: [757,1501,758,1,793,29318590,794,0,795,29318590,796,26,806,android,857,DEVELOPER_IMPORTANT,858,4,946,ranker_group,947,0,1500,0,1688,1]
11-04 20:41:23.555  2944  4298 I sysui_multi_action: [757,804,799,note_interruptive,801,0,802,1]
11-04 20:41:23.555  2944  4298 I sysui_multi_action: [757,804,799,note_freshness,801,29318590,802,1]
11-04 20:41:23.555  2944  4298 I notification_visibility: [-1|android|26|null|1000,1,29318590,29318590,0,1]
11-04 20:41:23.555  2944  4298 I framework_stats_log: [UI_EVENT_REPORTED, 197, 1000, android, 6801]
11-04 20:41:23.556  2944  4298 I sysui_multi_action: [757,128,758,1,793,187469448,794,0,795,187469448,796,1,798,10,806,com.dish.wireless.activation,857,SpeedtestSDKForegroundChannel,858,2,946,ranker_group,947,0,1395,14,1500,544065,1688,1]
11-04 20:41:23.556  2944  4298 I sysui_multi_action: [757,1501,758,1,793,187469448,794,0,795,187469448,796,1,806,com.dish.wireless.activation,857,SpeedtestSDKForegroundChannel,858,2,946,ranker_group,947,0,1500,0,1688,1]
11-04 20:41:23.556  2944  4298 I sysui_multi_action: [757,804,799,note_interruptive,801,0,802,1]
11-04 20:41:23.556  2944  4298 I sysui_multi_action: [757,804,799,note_freshness,801,187469448,802,1]
11-04 20:41:23.556  2944  4298 I notification_visibility: [0|com.dish.wireless.activation|1|null|10179,1,187469448,187469448,0,10]
11-04 20:41:23.556  2944  4298 I framework_stats_log: [UI_EVENT_REPORTED, 197, 10179, com.dish.wireless.activation, 3798]
11-04 20:41:23.556  2944  4298 I sysui_multi_action: [757,128,758,1,793,186058864,794,0,795,186058864,796,26,798,4,806,com.motorola.actions,857,FDN,858,4,946,ranker_group,947,0,1395,14,1500,544064,1688,1,1745,680407814]
11-04 20:41:23.556  2944  4298 I sysui_multi_action: [757,1501,758,1,793,186058864,794,0,795,186058864,796,26,806,com.motorola.actions,857,FDN,858,4,946,ranker_group,947,0,1500,0,1688,1,1745,680407814]
11-04 20:41:23.556  2944  4298 I sysui_multi_action: [757,804,799,note_interruptive,801,0,802,1]
11-04 20:41:23.556  2944  4298 I sysui_multi_action: [757,804,799,note_freshness,801,186058864,802,1]
11-04 20:41:23.556  2944  4298 I notification_visibility: [0|com.motorola.actions|26|null|10196,1,186058864,186058864,0,4]
11-04 20:41:23.556  2944  4298 I framework_stats_log: [UI_EVENT_REPORTED, 197, 10196, com.motorola.actions, 1752]
11-04 20:41:23.561  2944  4298 D WindowManager: relayoutWindow for Window{237f79c u0 NotificationShade} with visible=4, size=(0,0)(fillxfill) alpha=1.0 shouldRelayout=false from uid=10333 and pid=3779
11-04 20:41:23.575  2944  4298 D InsetsSourceProvider[Insets]: ITYPE_STATUS_BAR Update control target to com.android.server.wm.InsetsPolicy$1@9fbdd11 from Window{26cbf0c u0 com.google.android.dialer/com.android.dialer.main.impl.MainActivity} for Window{60c645d u0 StatusBar}
11-04 20:41:23.577  2944  4298 D WindowManager[Insets]: notifyInsetsControlChanged:Window{26cbf0c u0 com.google.android.dialer/com.android.dialer.main.impl.MainActivity} InsetsState: {mDisplayFrame=Rect(0, 0 - 1080, 2400), mDisplayCutout=DisplayCutout{insets=Rect(0, 112 - 0, 0) waterfall=Insets{left=0, top=0, right=0, bottom=0} boundingRect={Bounds=[Rect(0, 0 - 0, 0), Rect(505, 0 - 575, 112), Rect(0, 0 - 0, 0), Rect(0, 0 - 0, 0)]} cutoutPathParserInfo={CutoutPathParserInfo{displayWidth=1080 displayHeight=2400 physicalDisplayWidth=1080 physicalDisplayHeight=2400 density={2.5} cutoutSpec={M -35,0 L 35,0 L 35,112 L -35,112 Z} rotation={0} scale={1.0} physicalPixelDisplaySizeRatio={1.0}}}}, mRoundedCorners=RoundedCorners{[RoundedCorner{position=TopLeft, radius=60, center=Point(60, 60)}, RoundedCorner{position=TopRight, radius=60, center=Point(1020, 60)}, RoundedCorner{position=BottomRight, radius=60, center=Point(1020, 2340)}, RoundedCorner{position=BottomLeft, radius=60, center=Point(60, 2340)}]}  mRoundedCornerFrame=Rect(0, 0 - 1080, 2400), mPrivacyIndicatorBounds=PrivacyIndicatorBounds {static bounds=Rect(840, 0 - 1045, 112) rotation=0}, mSources= { InsetsSource: {129400780 mType=ITYPE_STATUS_BAR, mFrame=[0,0][1080,112], mVisible=true, mInsetsRoundedCornerFrame=false}, InsetsSource: {125981467 mType=ITYPE_NAVIGATION_BAR, mFrame=[0,2280][1080,2400], mVisible=true, mInsetsRoundedCornerFrame=false}, InsetsSource: {202570852 mType=ITYPE_LEFT_GESTURES, mFrame=[0,0][0,2400], mVisible=true, mInsetsRoundedCornerFrame=false}, InsetsSource: {106176205 mType=ITYPE_RIGHT_GESTURES, mFrame=[1080,0][1080,2400], mVisible=true, mInsetsRoundedCornerFrame=false}, InsetsSource: {46252930 mType=ITYPE_TOP_MANDATORY_GESTURES, mFrame=[0,0][1080,142], mVisible=true, mInsetsRoundedCornerFrame=false}, InsetsSource: {245238419 mType=ITYPE_BOTTOM_MANDATORY_GESTURES, mFrame=[0,2280][1080,2400], mVisible=true, mInsetsRoundedCornerFrame=false}, InsetsSource: {20282064 mType=ITYPE_LEFT_DISPLAY_CUTOUT, mFrame=[0,0][-100000,2400], mVisible=true, mInsetsRoundedCornerFrame=false}, InsetsSource: {202431177 mType=ITYPE_TOP_DISPLAY_CUTOUT, mFrame=[0,0][1080,112], mVisible=true, mInsetsRoundedCornerFrame=false}, InsetsSource: {105682382 mType=ITYPE_RIGHT_DISPLAY_CUTOUT, mFrame=[100000,0][1080,2400], mVisible=true, mInsetsRoundedCornerFrame=false}, InsetsSource: {261405935 mType=ITYPE_BOTTOM_DISPLAY_CUTOUT, mFrame=[0,100000][1080,2400], mVisible=true, mInsetsRoundedCornerFrame=false}, InsetsSource: {62878716 mType=ITYPE_TOP_TAPPABLE_ELEMENT, mFrame=[0,0][1080,112], mVisible=true, mInsetsRoundedCornerFrame=false}, InsetsSource: {247683717 mType=ITYPE_BOTTOM_TAPPABLE_ELEMENT, mFrame=[0,2280][1080,2400], mVisible=true, mInsetsRoundedCornerFrame=false}, InsetsSource: {174391031 mType=ITYPE_IME, mFrame=[0,0][0,0], mVisible=false, mInsetsRoundedCornerFrame=false} }
11-04 20:41:23.577  2944  4298 D WindowManager[Insets]:   [0] type=ITYPE_NAVIGATION_BAR,leash= Surface(name=Surface(name=9afc441 NavigationBar0)/@0xdaf392a - animation-leash of insets_animation)/@0xa98fc23,pos=Point(0, 2280)
11-04 20:41:23.577  2944  4298 D WindowManager[Insets]:   [1] type=ITYPE_IME,leash= Surface(name=Surface(name=d03832f InputMethod)/@0x8f52ac5 - animation-leash of insets_animation)/@0x3b3c99,pos=Point(0, 112)
11-04 20:41:23.577  2944  4298 D WindowManager[Insets]:   [2] type=ITYPE_STATUS_BAR,leash= null,pos=Point(0, 0)
11-04 20:41:23.581  3779  3779 D VRI[NotificationShade]: update {(0,0)(fillxfill) gr=TOP CENTER_VERTICAL sim={adjust=resize} layoutInDisplayCutoutMode=always ty=2040 fmt=TRANSLUCENT
11-04 20:41:23.581  3779  3779 D VRI[NotificationShade]:   fl=NOT_FOCUSABLE NOT_TOUCH_MODAL TOUCHABLE_WHEN_WAKING WATCH_OUTSIDE_TOUCH SPLIT_TOUCH HARDWARE_ACCELERATED DRAWS_SYSTEM_BAR_BACKGROUNDS
11-04 20:41:23.581  3779  3779 D VRI[NotificationShade]:   pfl=BEHAVIOR_CONTROLLED FIT_INSETS_CONTROLLED
11-04 20:41:23.581  3779  3779 D VRI[NotificationShade]:   bhv=SHOW_TRANSIENT_BARS_BY_SWIPE} by setLayoutParams
11-04 20:41:23.583  2944  4298 I framework_stats_log: [PROCESS_STATE_CHANGED, 10333, com.android.systemui, com.android.systemui, 1001, 33]
11-04 20:41:23.586  2944  4298 D WindowManager: relayoutWindow for Window{237f79c u0 NotificationShade} with visible=0, size=(0,0)(fillxfill) alpha=1.0 shouldRelayout=true from uid=10333 and pid=3779
11-04 20:41:23.587  2944  3191 I framework_stats_log: [UID_PROCESS_STATE_CHANGED, 10333, 1001]
11-04 20:41:23.593  2944  4298 I WindowManager: SURFACE create Surface(name=NotificationShade)/@0xde5306f on display:0
11-04 20:41:23.596  2944  4298 D WindowManager: 237f79c NotificationShade visible state changed to true
11-04 20:41:23.596  2944  5115 I framework_stats_log: [AUDIO_STATE_CHANGED, [1000], [null], 1]
11-04 20:41:23.605  1635 27530 I liblog  : 11
11-04 20:41:23.608  2944  3758 D WindowManager: [draw]finishDrawingWindowWindow{237f79c u0 NotificationShade} s=0
11-04 20:41:23.609  2944  3170 I WindowManager: SURFACE SHOW Surface(name=NotificationShade)/@0xde5306f on display:0
11-04 20:41:23.610  3779  3779 W Looper  : Drained
11-04 20:41:23.646  2944  3251 D AutomaticBrightnessController[0]: Receive new lux[rear]=0.0
11-04 20:41:23.646  2944  3251 D AutomaticBrightnessController[0]: handleCombineLightSensorEvent mFrontLux=39.0 mRearLux=0.0 mLightSensor=TCS3720 Ambient Light Sensor Non-wakeup mLightSensorEnableTime=186234910 (1279900 ms ago)
11-04 20:41:23.646  2944  3251 D AutomaticBrightnessController[0]: Receive new lux[rear]=0.0
11-04 20:41:23.646  2944  3251 D AutomaticBrightnessController[0]: handleCombineLightSensorEvent mFrontLux=39.0 mRearLux=0.0 mLightSensor=TCS3720 Ambient Light Sensor Non-wakeup mLightSensorEnableTime=186234910 (1279900 ms ago)
11-04 20:41:23.646  2944  3251 D AutomaticBrightnessController[0]: Receive new lux[rear]=0.0
11-04 20:41:23.646  2944  3251 D AutomaticBrightnessController[0]: handleCombineLightSensorEvent mFrontLux=39.0 mRearLux=0.0 mLightSensor=TCS3720 Ambient Light Sensor Non-wakeup mLightSensorEnableTime=186234910 (1279900 ms ago)
11-04 20:41:23.646  2944  3251 D AutomaticBrightnessController[0]: Receive new lux[rear]=0.0
11-04 20:41:23.646  2944  3251 D AutomaticBrightnessController[0]: handleCombineLightSensorEvent mFrontLux=39.0 mRearLux=0.0 mLightSensor=TCS3720 Ambient Light Sensor Non-wakeup mLightSensorEnableTime=186234910 (1279900 ms ago)
11-04 20:41:23.646  2944  3251 D AutomaticBrightnessController[0]: Receive new lux[rear]=0.0
11-04 20:41:23.646  2944  3251 D AutomaticBrightnessController[0]: handleCombineLightSensorEvent mFrontLux=39.0 mRearLux=0.0 mLightSensor=TCS3720 Ambient Light Sensor Non-wakeup mLightSensorEnableTime=186234910 (1279900 ms ago)
11-04 20:41:23.681 27530 27530 I adsp_sleepmon: Audio: num_sessions=1,num_lpi_sessions=0,timer_pending=0
11-04 20:41:23.761     0     0 E         : [    C1] qcom,gpr 3000000.remoteproc-adsp:glink-edge.adsp_apps.-1.-1: gpr_callback: Acquire wakelock in case of module event with timeout 200
11-04 20:41:23.783  2106  2106 E swr-wcd rx_swr_ctrl: swr_mstr_interrupt: SWR CMD Ignored, fifo status 0x4000000e
11-04 20:41:23.788  2106  2106 E swr-wcd rx_swr_ctrl: swr_mstr_interrupt: SWR CMD Ignored, fifo status 0x40000009
11-04 20:41:23.853     0     0 E         : [    C1] qcom,gpr 3000000.remoteproc-adsp:glink-edge.adsp_apps.-1.-1: gpr_callback: Acquire wakelock in case of module event with timeout 200
11-04 20:41:23.854     0     0 E         : [    C1] qcom,gpr 3000000.remoteproc-adsp:glink-edge.adsp_apps.-1.-1: gpr_callback: Acquire wakelock in case of module event with timeout 200
11-04 20:41:23.871  2944  3251 D AutomaticBrightnessController[0]: updateAmbientLux [Darkening] mAmbientLux=59.293278 fastAmbientLux=39.0 slowAmbientLux=39.0 threshold=38.659218187515535 (in 500 ms)
11-04 20:41:23.897  2944  3251 D AutomaticBrightnessController[0]: Receive new lux[rear]=0.0
11-04 20:41:23.897  2944  3251 D AutomaticBrightnessController[0]: handleCombineLightSensorEvent mFrontLux=39.0 mRearLux=0.0 mLightSensor=TCS3720 Ambient Light Sensor Non-wakeup mLightSensorEnableTime=186234910 (1280151 ms ago)
11-04 20:41:23.897  2944  3251 D AutomaticBrightnessController[0]: Receive new lux[rear]=0.0
11-04 20:41:23.897  2944  3251 D AutomaticBrightnessController[0]: handleCombineLightSensorEvent mFrontLux=39.0 mRearLux=0.0 mLightSensor=TCS3720 Ambient Light Sensor Non-wakeup mLightSensorEnableTime=186234910 (1280151 ms ago)
11-04 20:41:23.897  2944  3251 D AutomaticBrightnessController[0]: Receive new lux[rear]=0.0
11-04 20:41:23.897  2944  3251 D AutomaticBrightnessController[0]: handleCombineLightSensorEvent mFrontLux=39.0 mRearLux=0.0 mLightSensor=TCS3720 Ambient Light Sensor Non-wakeup mLightSensorEnableTime=186234910 (1280151 ms ago)
11-04 20:41:23.897  2944  3251 D AutomaticBrightnessController[0]: Receive new lux[rear]=0.0
11-04 20:41:23.897  2944  3251 D AutomaticBrightnessController[0]: handleCombineLightSensorEvent mFrontLux=39.0 mRearLux=0.0 mLightSensor=TCS3720 Ambient Light Sensor Non-wakeup mLightSensorEnableTime=186234910 (1280151 ms ago)
11-04 20:41:23.897  2944  3251 D AutomaticBrightnessController[0]: Receive new lux[rear]=0.0
11-04 20:41:23.897  2944  3251 D AutomaticBrightnessController[0]: handleCombineLightSensorEvent mFrontLux=39.0 mRearLux=0.0 mLightSensor=TCS3720 Ambient Light Sensor Non-wakeup mLightSensorEnableTime=186234910 (1280151 ms ago)
11-04 20:41:24.149  2944  3251 D AutomaticBrightnessController[0]: Receive new lux[rear]=0.0
11-04 20:41:24.149  2944  3251 D AutomaticBrightnessController[0]: handleCombineLightSensorEvent mFrontLux=39.0 mRearLux=0.0 mLightSensor=TCS3720 Ambient Light Sensor Non-wakeup mLightSensorEnableTime=186234910 (1280403 ms ago)
11-04 20:41:24.149  2944  3251 D AutomaticBrightnessController[0]: Receive new lux[rear]=0.0
11-04 20:41:24.149  2944  3251 D AutomaticBrightnessController[0]: handleCombineLightSensorEvent mFrontLux=39.0 mRearLux=0.0 mLightSensor=TCS3720 Ambient Light Sensor Non-wakeup mLightSensorEnableTime=186234910 (1280403 ms ago)
11-04 20:41:24.149  2944  3251 D AutomaticBrightnessController[0]: Receive new lux[rear]=0.0
11-04 20:41:24.149  2944  3251 D AutomaticBrightnessController[0]: handleCombineLightSensorEvent mFrontLux=39.0 mRearLux=0.0 mLightSensor=TCS3720 Ambient Light Sensor Non-wakeup mLightSensorEnableTime=186234910 (1280403 ms ago)
11-04 20:41:24.149  2944  3251 D AutomaticBrightnessController[0]: Receive new lux[rear]=0.0
11-04 20:41:24.149  2944  3251 D AutomaticBrightnessController[0]: handleCombineLightSensorEvent mFrontLux=39.0 mRearLux=0.0 mLightSensor=TCS3720 Ambient Light Sensor Non-wakeup mLightSensorEnableTime=186234910 (1280403 ms ago)
11-04 20:41:24.149  2944  3251 D AutomaticBrightnessController[0]: Receive new lux[rear]=0.0
11-04 20:41:24.149  2944  3251 D AutomaticBrightnessController[0]: handleCombineLightSensorEvent mFrontLux=39.0 mRearLux=0.0 mLightSensor=TCS3720 Ambient Light Sensor Non-wakeup mLightSensorEnableTime=186234910 (1280403 ms ago)
11-04 20:41:24.288  1143  1143 I [drm:dsi_display_set_mode [msm_drm]] [msm-dsi-info]: mdp_transfer_time=5500, hactive=1080, vactive=2400, fps=60, clk_rate=1102000000
11-04 20:41:24.288  1143  1143 I [drm:dsi_display_prepare [msm_drm]] [msm-dsi-info]: panel_name=mipi_mot_cmd_csot_1080p_dsc_667 ctrl-index=0
11-04 20:41:24.289  1143  1143 I         : (mipi_mot_cmd_csot_1080p_dsc_667)+
11-04 20:41:24.307  1143  1143 I         : set_backlight from 7108 to 7108, Trend[cur:last=1:1], max[bl:brightness:thermal=16380:16380:16380], for mipi_mot_cmd_csot_1080p_dsc_667
11-04 20:41:24.372  2944  3251 D AutomaticBrightnessController[0]: updateAmbientLux [Darkening] mAmbientLux=59.293278 fastAmbientLux=39.0 slowAmbientLux=39.0 threshold=38.659218187516036 (in 500 ms)
11-04 20:41:24.396  2944  3251 D AutomaticBrightnessController[0]: Receive new lux[rear]=0.0
11-04 20:41:24.397  2944  3251 D AutomaticBrightnessController[0]: handleCombineLightSensorEvent mFrontLux=39.0 mRearLux=0.0 mLightSensor=TCS3720 Ambient Light Sensor Non-wakeup mLightSensorEnableTime=186234910 (1280651 ms ago)
11-04 20:41:24.397  2944  3251 D AutomaticBrightnessController[0]: Receive new lux[rear]=0.0
11-04 20:41:24.397  2944  3251 D AutomaticBrightnessController[0]: handleCombineLightSensorEvent mFrontLux=39.0 mRearLux=0.0 mLightSensor=TCS3720 Ambient Light Sensor Non-wakeup mLightSensorEnableTime=186234910 (1280651 ms ago)
11-04 20:41:24.397  2944  3251 D AutomaticBrightnessController[0]: Receive new lux[rear]=0.0
11-04 20:41:24.397  2944  3251 D AutomaticBrightnessController[0]: handleCombineLightSensorEvent mFrontLux=39.0 mRearLux=0.0 mLightSensor=TCS3720 Ambient Light Sensor Non-wakeup mLightSensorEnableTime=186234910 (1280651 ms ago)
11-04 20:41:24.397  2944  3251 D AutomaticBrightnessController[0]: Receive new lux[rear]=0.0
11-04 20:41:24.397  2944  3251 D AutomaticBrightnessController[0]: handleCombineLightSensorEvent mFrontLux=39.0 mRearLux=0.0 mLightSensor=TCS3720 Ambient Light Sensor Non-wakeup mLightSensorEnableTime=186234910 (1280651 ms ago)
11-04 20:41:24.397  2944  3251 D AutomaticBrightnessController[0]: Receive new lux[rear]=0.0
11-04 20:41:24.397  2944  3251 D AutomaticBrightnessController[0]: handleCombineLightSensorEvent mFrontLux=39.0 mRearLux=0.0 mLightSensor=TCS3720 Ambient Light Sensor Non-wakeup mLightSensorEnableTime=186234910 (1280651 ms ago)
11-04 20:41:24.569  6416  6416 I msm_dwc3_perf_vote_work: in_perf_mode:0, interrupts in last sample:54
11-04 20:41:24.647  2944  3251 D AutomaticBrightnessController[0]: Receive new lux[rear]=0.0
