11-08 02:20:25.599 32639 32690 I ORC/ModelCreator: ComposerModel create: 3 SenderType=200
11-08 02:20:25.599 32639 32690 I ORC/ComposerPresenterCore: [end]      [COMPOSER]end create ComposerModel consume time = 11.472031
11-08 02:20:25.600 32639 32639 I ORC/ComposerPresenterCore: [end]      [COMPOSER]end get ComposerModel consume time = 0.660104
11-08 02:20:25.600 32639 32639 I ORC/MessageListModel: MessageListModel()
11-08 02:20:25.600 32639 32639 I ORC/Setting: getSmsInputModeFromPref = GSM alphabet
11-08 02:20:25.600 32639 32639 I ORC/Setting: getSmsInputMode : inputType = 0
11-08 02:20:25.600 32639 32639 I ORC/Setting: getSmsMaxPageCount : baseDevice = 0, simSlot = 0, result = 5
11-08 02:20:25.600 32639 32639 I ORC/Setting: getSmsMaxPageCount : baseDevice = 0, simSlot = 0, result = 5
11-08 02:20:25.601 32639 32639 I ORC/MessageListPresenter: MessageListPresenter()
11-08 02:20:25.601 32639 32639 I ORC/MessageListPresenter: [BubbleListLoader]1. createLoaderCallback
11-08 02:20:25.601 32639 32639 I ORC/ComposerPresenter: mIsExitOnSent = false
11-08 02:20:25.601 32639 32639 I ORC/MessageEditorFragment: setComposerPresenter
11-08 02:20:25.603 32639 32639 I ORC/ComposerPresenter: LIFE:begin [COMPOSER]onCreate(), intent:Intent { act=android.intent.action.SENDTO dat=sms:xxxxxxxxxx flg=0x10000000 cmp=com.samsung.android.messaging/.ui.view.main.WithActivity }
11-08 02:20:25.606 32639 32639 I ORC/WifiNetworkCallback: isWifiConnected registered
11-08 02:20:25.606 32639 32639 I ORC/ComposerPresenter: [RCS]setUpRcs()
11-08 02:20:25.606 32639 32639 I ORC/ComposerCapabilityProvider: initRcsCapability() : simCount = 1
11-08 02:20:25.606 32639 32639 I ORC/ComposerSimSlotModel: getDataSimSlot mDataSimSlot = -1
11-08 02:20:25.606 32639 32639 I ORC/ComposerSimSlotModel: getDataSimSlot from ComposerSimConfigure  = 0
11-08 02:20:25.608 32639 32639 I ORC/ComposerCapabilityModel: [RCS][CAPABILITY]unregisterRcsCapabilityListener()
11-08 02:20:25.608  1279  1695 I WindowManager: Reparenting to original parent: Surface(name=DefaultTaskDisplayArea)/@0x7f395f3, destroy=true, surface=Surface(name=Task=1)/@0xebba7d1
11-08 02:20:25.608 32639 32639 I ORC/ComposerCapabilityModel: [RCS][CAPABILITY]registerRcsCapabilityListener()
11-08 02:20:25.608 32639 32639 I ORC/ComposerSimSlotModel: getSessionIdMap = {}
11-08 02:20:25.608 32639 32662 I ORC/ComposerTwoPhoneModel: getTwoPhoneMode 0
11-08 02:20:25.608 32639 32662 I ORC/ComposerModelUtil: isNewConversation, invalid id
11-08 02:20:25.608  1279  2128 D ConnectivityService: Rematched networks [computed 0ms] [applied 0ms] [issued 2]
11-08 02:20:25.608  1279  1695 V WindowManager: Setting visibility of Window{d24ecb6 u0 com.sec.android.app.launcher/com.sec.android.app.launcher.activities.LauncherActivity}: false, caller=com.android.server.wm.WindowContainer.sendAppVisibilityToClients:1246 com.android.server.wm.WindowToken.setClientVisible:431 com.android.server.wm.ActivityRecord.setClientVisible:7682 com.android.server.wm.ActivityRecord.onAnimationFinished:8552 com.android.server.wm.WindowContainer.doAnimationFinished:3483 
11-08 02:20:25.608 32639 32639 I VerificationLog: Executed
11-08 02:20:25.609 32639 32639 I ORC/MessageListPresenter: [BubbleListLoader]2. loadMessageList
11-08 02:20:25.609 32639 32639 I ORC/ComposerModelUtil: [BOT] isBot, else
11-08 02:20:25.609  1279  2128 D ConnectivityService: NetworkReassignment : no changes
11-08 02:20:25.609 32639 32639 I ORC/MessageListModel: [BubbleListLoader]3. makeLoader: queryType = 0, conversationId = -1
11-08 02:20:25.609 32639 32639 I ORC/ComposerTwoPhoneModel: getTwoPhoneMode 0
11-08 02:20:25.609 32639 32639 I ORC/BubbleListLoader: create BubbleListLoader. conversationId=-1
11-08 02:20:25.609 32639 32639 I ORC/MessageListModel: [BubbleListLoader]4-1. initLoader
11-08 02:20:25.609 32639 32639 I ORC/MessageListPresenter: [BubbleListLoader]5. onCreateLoader
11-08 02:20:25.609 32639 32639 I ORC/BubbleListLoader: onForceLoad
11-08 02:20:25.609 32639 32639 I ORC/BubbleListLoader: onCancelLoad
11-08 02:20:25.609  2843  2843 I ViewRootImpl@2ff5a9d[LauncherActivity]: handleAppVisibility mAppVisible = true visible = false
11-08 02:20:25.609  1279  1695 I WindowManager: Reparenting to original parent: Surface(name=DefaultTaskDisplayArea)/@0x7f395f3, destroy=true, surface=Surface(name=Task=30130)/@0xccb88c8
11-08 02:20:25.609 32639 32639 I ORC/ComposerDbOperator: syncMessagesPartsMediaInfo
11-08 02:20:25.609 32639 32639 I ORC/ComposerDbOperator: syncMessagesNoMediaStatus
11-08 02:20:25.609 32639 32639 I ORC/ComposerPresenterWorker: syncMmsState() hasEmail: false
11-08 02:20:25.610 32639 32696 I ORC/BubbleListLoader: onLoadInBackground
11-08 02:20:25.610 32639 32696 I ORC/BubbleListLoader: [BubbleListLoader]6. loadInBackground
11-08 02:20:25.610 32639 32639 I ORC/ComposerModelUtil: [BOT] isBot, else
11-08 02:20:25.610 32639 32639 I ORC/ComposerTwoPhoneModel: getTwoPhoneMode 0
11-08 02:20:25.610 32639 32696 I ORC/BubbleListLoader: [COMPOSER][BUBBLE][BIN]setQueryData conversationId:-1 conversationUsingMode:0 queryOffset: 300 isBinEnable: true mode: 100
11-08 02:20:25.610 32639 32639 I ORC/ComposerModelUtil: isNewConversation, invalid id
11-08 02:20:25.610 32639 32696 I ORC/BubbleListLoader: [BUBBLE]query 6 null
11-08 02:20:25.610 32639 32696 I ORC/BubbleListLoader: loadInBackground uri is null
11-08 02:20:25.610 32639 32639 I ORC/ComposerCapabilityModel: [RCS][CAPABILITY][UPDATE]capabilityDiscovery, conversationId=-1
11-08 02:20:25.610 32639 32639 I ORC/Feature: isUsaOpen : NO_DFLT_CSC,OMC
11-08 02:20:25.610 32639 32639 I ORC/ComposerSimSlotModel: getDataSimSlot mDataSimSlot = 0
11-08 02:20:25.610 32639 32639 I ORC/ComposerCapabilityModel: [COMPOSER][CAPABILITY]capabilityDiscovery refreshStrategy = (msg_conditional_requery) dataSimSlot = 0
11-08 02:20:25.610  1279  1695 V WindowManager: Setting visibility of Window{c58faa3 u0 com.android.systemui.ImageWallpaper}: false, caller=com.android.server.wm.WindowContainer.sendAppVisibilityToClients:1246 com.android.server.wm.WindowToken.setClientVisible:431 com.android.server.wm.WallpaperWindowToken.setVisible:160 com.android.server.wm.WallpaperWindowToken.updateWallpaperWindows:154 com.android.server.wm.WallpaperController.updateWallpaperTokens:676 
11-08 02:20:25.610 32639 32639 I CS/RcsCapabilityManager<0>: requestCapability() : Disconnected
11-08 02:20:25.610 32639 32639 I ORC/ComposerCapabilityModel: [COMPOSER][CAPABILITY]capabilityDiscovery requestCapability(_10_#01#97#00#) = null
11-08 02:20:25.610 32639 32639 I ORC/ComposerCapabilityProvider: [RCS][CAPABILITY][UPDATE]updateComposerCapabilityCache(), recipient = _10_#01#97#00# simSlot = 0 capa = null
11-08 02:20:25.610 32639 32639 E ORC/ComposerCapabilityCache: Can't update capability data
11-08 02:20:25.610 32639 32639 I CS/RcsCapabilityCheckUtil: isRcsEnabledUser : rcsUser = false (capabilitiesData is null), checkFtHttp = false
11-08 02:20:25.611  2292 25355 D WallpaperService: dispatchAppVisibility onVisibilityChanged(): false
11-08 02:20:25.611  2292  2292 D WallpaperService: reportVisibility onVisibilityChanged visible: false
11-08 02:20:25.611  2292  2519 I ImageWallpaper[GLEngine]:  onVisibilityChanged false , 0
11-08 02:20:25.611 32639 32698 I ORC/ComposerDbOperator: syncMessagesNoMediaStatus, doInBackground
11-08 02:20:25.611  1279  1695 I wm_wallpaper_surface: [0,0]
11-08 02:20:25.612 32639 32639 I ORC/ComposerCapabilityProvider: [main] [RCS][CAPABILITY]setOwnCapability:{(15)313#nn#02#nn#703:mFeatures = 1575[ ft im geopush grpft chatbot_comm fthttp], LocalOffLn O, RemoteOffLn X, RcsEnabled X, Registered X, LegacyLat X} <- pg.m.c(45) <- lk.t.L7(2) <- lk.t.W3(29) <- lk.d1.W3(0) <- com.samsung.android.messaging.ui.view.composer.a9.onViewCreated(29) <- androidx.fragment.app.Fragment.performViewCreated(1) <- androidx.fragment.app.t.f(28) <- androidx.fragment.app.t.m(20) <- androidx.fragment.app.FragmentManager.b0(31)
11-08 02:20:25.612 32639 32639 I CS/RcsCapabilityManager<0>: OWN_REMOTE_RCS : own - false remote - false
11-08 02:20:25.612 32639 32639 I CS/RcsCapabilityManager<0>: isOwnRcsFtHttpCapable : true
11-08 02:20:25.612 32639 32639 I CS/RcsCapabilityManager<0>: isOwnRcsAvailable : false isRemoteRcsFtCapable : false
11-08 02:20:25.612 32639 32674 I ORC/ComposerDbOperator: syncMessagesPartsMediaInfo, doInBackground
11-08 02:20:25.612 32639 32639 I CS/RcsCapabilityManager<0>: isOwnRcsAvailable : false isRemoteRcsFtSmsCapable : false
11-08 02:20:25.612 32639 32639 I CS/RcsCapabilityManager<0>: REMOTE_RCS : remote - false
11-08 02:20:25.612 32639 32639 I ORC/ComposerCapabilityModel: [updateRcsCapable] isRcsAvailable = false selectedSimSlot = 0, imsi = 313#nn#703
11-08 02:20:25.612 32639 32639 I ORC/ComposerCapabilityModel: [updateRcsCapable] isRemoteRcsFtCapable = false
11-08 02:20:25.612 32639 32639 I ORC/ComposerCapabilityModel: [updateRcsCapable] isRemoteRcsCapaAvailable = false
11-08 02:20:25.612 32639 32639 I ORC/ComposerCapabilityModel: [BOT][updateRcsCapable] isEnableBot = true
11-08 02:20:25.612 32639 32639 I ORC/ComposerCapabilityModel: [BOT][updateRcsCapable] isEnableAttMaap = false
11-08 02:20:25.612 32639 32639 I ORC/ComposerCapabilityModel: [BOT][updateRcsCapable] getBotCapable = [ none]
11-08 02:20:25.612 32639 32639 I ORC/ComposerModelUtil: [BOT] isBot, else
11-08 02:20:25.612 32639 32639 I ORC/ComposerCapabilityModel: [BOT][updateRcsCapable] isBot = false
11-08 02:20:25.612 32639 32639 I CS/RcsCapabilityManager<0>: isOwnRcsAvailable : false isRemoteRcsFtSmsCapable : false
11-08 02:20:25.612 32639 32639 I ORC/ComposerCapabilityModel: [updateRcsCapable] isRcsAvailable = false
11-08 02:20:25.612 32639 32639 I ORC/ComposerPresenterWorker: updateModeAndEditViewPanel need force update = true
11-08 02:20:25.612 32639 32639 I ORC/WorkingModeModel: updateComposerMode(), blockDuplicateNotify = false
11-08 02:20:25.612 32639 32639 I ORC/ComposerCapabilityModel: [begin]    isRcsAllowed
11-08 02:20:25.612 32639 32639 I ORC/ComposerModel: isNotStartedOpenGroupChat mIsOpenGroupChatNotStarted = false
11-08 02:20:25.612 32639 32639 I ORC/ComposerGroupModel: isOpenGroupModeOnOverMaxRecipient mIsSetOpenGroupChatOnOverMaxRecipients = false
11-08 02:20:25.613  1148  1796 I SurfaceFlinger: HRR : 1
11-08 02:20:25.613 32639 32639 I ORC/ComposerTwoPhoneModel: isMultiSimComposingBMode false
11-08 02:20:25.613 32639 32639 I ORC/ComposerModel: isNotStartedOpenGroupChat mIsOpenGroupChatNotStarted = false
11-08 02:20:25.613 32639 32639 I ORC/ComposerCapabilityModel: [isRcsCapableFromSim] getRcsCapable() : simSlot = 0, RcsCapable = false
11-08 02:20:25.613 32639 32639 I ORC/ComposerCapabilityModel: isGroupMms getRecipientCount = 1
11-08 02:20:25.613 32639 32639 I ORC/ComposerCapabilityModel: isGroupMms getRecipientCandidateCount = 0
11-08 02:20:25.613 32639 32639 I ORC/ComposerCapabilityModel: [isRcsCapable] isRcsCapable = false
11-08 02:20:25.613 32639 32639 I ORC/WorkingMessageModel: getDynamicSendAsChatValue() : 0
11-08 02:20:25.613 32639 32639 I ORC/WorkingMessageModel: isDefaultXmsMessagingType () : false
11-08 02:20:25.613 32639 32639 I ORC/ComposerCapabilityModel: isToSetRcsColorPossible : false, mIsToSetRcsColorPossible = false
11-08 02:20:25.613 32639 32639 I ORC/ComposerCapabilityModel: [end]      isRcsAllowed : false consume time = 0.852291
11-08 02:20:25.613 32639 32639 I ORC/WorkingModeModel: [COMPOSER]updateComposerMode(): composerMode = 1
11-08 02:20:25.613 32639 32639 I ORC/MessageSize: [SIZE]getMmsSize = 0
11-08 02:20:25.613 32639 32639 I ORC/ComposerCapabilityProvider: isRcsFtHttpCapable key : (10)501#nn#79#nn#003
11-08 02:20:25.613 32639 32639 I ORC/ComposerCapabilityProvider: isRcsFtHttpCapable simSlot = 0
11-08 02:20:25.613 32639 32639 I ORC/ComposerCapabilityProvider: isRcsFtHttpCapable, null capabilitiesData
11-08 02:20:25.613 32639 32639 I ORC/ComposerModelUtil: [BOT] isBot, else
11-08 02:20:25.613 32639 32639 I ORC/WorkingMessageModel: getAvailableSize() :: availableSize = 1018880 cmcMode = 0
11-08 02:20:25.614 32639 32639 I ORC/WorkingMessageModel: getAvailableSize size = 1018880
11-08 02:20:25.614 32639 32639 I ORC/ComposerLinkShareModel: isComposerLinkSharingEnabled : false
11-08 02:20:25.614 32639 32639 I ORC/NullEditorView: setComposerStatusForAttach called from Null Object
11-08 02:20:25.614 32639 32639 I CS/RcsCapabilityManager<0>: isOwnRcsAvailable : false isRemoteRcsFtCapable : false
11-08 02:20:25.614 32639 32639 I ORC/NullEditorView: setRcsFtStatusForAttach called from Null Object
11-08 02:20:25.614 32639 32639 I ORC/WorkingMessageModel: getDynamicSendAsChatValue() : 0
11-08 02:20:25.614 32639 32639 I ORC/WorkingMessageModel: isDefaultXmsMessagingType () : false
11-08 02:20:25.614 32639 32639 I ORC/ComposerCapabilityModel: isToSetRcsColorPossible : false, mIsToSetRcsColorPossible = false
11-08 02:20:25.614 32639 32639 I ORC/ComposerModel: isDisabledGroupChatStatus result = false
11-08 02:20:25.614 32639 32639 I ORC/ComposerEditorHelper: updateMessageEditorView, CM=1, GC=false, CC=false, ALC=false
11-08 02:20:25.614 32639 32639 I ORC/ComposerModelUtil: [BOT] isBot, else
11-08 02:20:25.614 32639 32639 I ORC/ComposerModelUtil: isUnknownBot = false
11-08 02:20:25.614 32639 32639 I ORC/ComposerFragmentBubbleListener: setVisibleBotBottomPanel = false
11-08 02:20:25.614 32639 32639 I ORC/ComposerEditorHelper: updateMessageEditorView editor enabled
11-08 02:20:25.614 32639 32639 I ORC/NullEditorView: isAttachPossible called from Null Object
11-08 02:20:25.614 32639 32639 I ORC/ComposerModel: ComposerModel[ConversationId = -1, ConversationType = 1 CONVERSATION_TYPE_ONE_TO_ONE, isFromFab = false, RecipientCandidateCount = 0, RecipientCount = 1]
11-08 02:20:25.614 32639 32639 I CS/RcsCapabilityManager<0>: isOwnRcsAvailable : false isRemoteRcsFtCapable : false
11-08 02:20:25.614 32639 32639 I ORC/NullEditorView: setRcsFtStatusForAttach called from Null Object
11-08 02:20:25.614 32639 32639 I ORC/ComposerPresenterWorker: updateModeAndEditViewPanel need force update = false
11-08 02:20:25.614 32639 32639 I ORC/WorkingModeModel: updateComposerMode(), blockDuplicateNotify = false
11-08 02:20:25.614 32639 32639 I ORC/ComposerCapabilityModel: [begin]    isRcsAllowed
11-08 02:20:25.615 32639 32639 I ORC/ComposerModel: isNotStartedOpenGroupChat mIsOpenGroupChatNotStarted = false
11-08 02:20:25.615 32639 32639 I ORC/ComposerGroupModel: isOpenGroupModeOnOverMaxRecipient mIsSetOpenGroupChatOnOverMaxRecipients = false
11-08 02:20:25.615 32639 32639 I ORC/ComposerTwoPhoneModel: isMultiSimComposingBMode false
11-08 02:20:25.615 32639 32639 I ORC/ComposerModel: isNotStartedOpenGroupChat mIsOpenGroupChatNotStarted = false
11-08 02:20:25.615 32639 32639 I ORC/ComposerCapabilityModel: [isRcsCapableFromSim] getRcsCapable() : simSlot = 0, RcsCapable = false
11-08 02:20:25.615 32639 32639 I ORC/ComposerCapabilityModel: isGroupMms getRecipientCount = 1
11-08 02:20:25.615 32639 32639 I ORC/ComposerCapabilityModel: isGroupMms getRecipientCandidateCount = 0
11-08 02:20:25.615 32639 32639 I ORC/ComposerCapabilityModel: [isRcsCapable] isRcsCapable = false
11-08 02:20:25.615 32639 32639 I ORC/WorkingMessageModel: getDynamicSendAsChatValue() : 0
11-08 02:20:25.615 32639 32639 I ORC/WorkingMessageModel: isDefaultXmsMessagingType () : false
11-08 02:20:25.615 32639 32639 I ORC/ComposerCapabilityModel: isToSetRcsColorPossible : false, mIsToSetRcsColorPossible = false
11-08 02:20:25.615 32639 32639 I ORC/ComposerCapabilityModel: [end]      isRcsAllowed : false consume time = 0.661823
11-08 02:20:25.615 32639 32639 I ORC/WorkingModeModel: [COMPOSER]updateComposerMode(): composerMode = 1
11-08 02:20:25.615 32639 32639 I ORC/MessageSize: [SIZE]getMmsSize = 0
11-08 02:20:25.615 32639 32639 I ORC/ComposerCapabilityProvider: isRcsFtHttpCapable key : (10)501#nn#79#nn#003
11-08 02:20:25.615 32639 32639 I ORC/ComposerCapabilityProvider: isRcsFtHttpCapable simSlot = 0
11-08 02:20:25.615 32639 32639 I ORC/ComposerCapabilityProvider: isRcsFtHttpCapable, null capabilitiesData
11-08 02:20:25.615 32639 32639 I ORC/ComposerModelUtil: [BOT] isBot, else
11-08 02:20:25.615 32639 32639 I ORC/WorkingMessageModel: getAvailableSize() :: availableSize = 1018880 cmcMode = 0
11-08 02:20:25.615 32639 32639 I ORC/WorkingMessageModel: getAvailableSize size = 1018880
11-08 02:20:25.615  1279  1694 D PowerManagerService: [api] setScreenDimDurationOverrideFromWindowManagerInternal: timeoutMillis: -1
11-08 02:20:25.615 32639 32639 I ORC/WorkingMessageModel: getDynamicSendAsChatValue() : 0
11-08 02:20:25.615 32639 32639 I ORC/WorkingMessageModel: isDefaultXmsMessagingType () : false
11-08 02:20:25.615 32639 32639 I ORC/ComposerCapabilityModel: isToSetRcsColorPossible : false, mIsToSetRcsColorPossible = false
11-08 02:20:25.615 32639 32639 I ORC/ComposerModelUtil: [BOT] isBot, else
11-08 02:20:25.615 32639 32639 I ORC/ComposerModel: ComposerModel[ConversationId = -1, ConversationType = 1 CONVERSATION_TYPE_ONE_TO_ONE, isFromFab = false, RecipientCandidateCount = 0, RecipientCount = 1]
11-08 02:20:25.615 32639 32639 I ORC/ComposerPresenterCore: [BOT]initBot
11-08 02:20:25.615 32639 32639 I ORC/ComposerPresenterCore: [BOT]initBot:composerMode not RCS yet, wait for capa
11-08 02:20:25.616 32639 32639 I ORC/ComposerParameter: [COMPOSER]getRecipientList(sms):501
11-08 02:20:25.616 32639 32639 I ORC/ComposerPresenterWorker: loadContents
11-08 02:20:25.616 32639 32639 I ORC/AttachController: loadSendIntent
11-08 02:20:25.616 32639 32639 I ORC/ComposerModel: isDisabledGroupChatStatus result = false
11-08 02:20:25.616 32639 32639 I ORC/AttachController: loadSendIntent - action : android.intent.action.SENDTO
11-08 02:20:25.616 32639 32639 I ORC/AttachController: loadSendIntent - Intent has no data
11-08 02:20:25.616 32639 32700 I ORC/ComposerPresenterCore: waitForRcsCapsAndRun
11-08 02:20:25.616 32639 32700 I ORC/ComposerPresenterUtil: waitFor
11-08 02:20:25.616 32639 32639 I ORC/BubbleListAdapterHelperImpl: [main] setBlockConversationClosing,1699435228616 <- com.samsung.android.messaging.ui.view.bubble.list.v.I(2) <- com.samsung.android.messaging.ui.view.composer.e.l2(5) <- com.samsung.android.messaging.ui.view.composer.e.y3(0) <- lk.o0.R5(2) <- lk.o0.Q5(6) <- lk.p1.a7(16) <- lk.t.W3(36) <- lk.d1.W3(0) <- com.samsung.android.messaging.ui.view.composer.a9.onViewCreated(29)
11-08 02:20:25.616 32639 32639 I ORC/ComposerModel: setBlockSend mIsBlockSend = true
11-08 02:20:25.618 32639 32639 I ORC/ComposerPresenterUtil: getInvalidRecipientCount() => 0
11-08 02:20:25.618 32639 32690 I ORC/LoadDraftAsyncTask: [DRAFT]loadDraft doInBackground : -1
11-08 02:20:25.618 32639 32663 I CS/RcsCapabilityManager<0>: OWN_REMOTE_RCS : own - false remote - false
11-08 02:20:25.618 32639 32639 I CS/CmcOpenWrapper: registerCmcSettingListener()
11-08 02:20:25.618 32639 32661 I ORC/ComposerTwoPhoneModel: getTwoPhoneMode 0
11-08 02:20:25.618 32639 32661 I CS/LocalDbUtils: hasChatBotMessage(), no conversation id return false
11-08 02:20:25.618 32639 32671 I ORC/AsyncLayoutInflateManager: onInflateFinished, message_editor_holder
11-08 02:20:25.619 32639 32701 I ORC/ComposerModelUtil: [BOT] isBot, else
11-08 02:20:25.619 32639 32701 I ORC/ComposerVtCallHelper: clearVtCallAvailable
11-08 02:20:25.620 32639 32639 I ORC/CmcOpenUtils: isPossibleStatusUseCmcOpen() isCmcOpenOrWatchActive = false, isDefaultSmsApp = true, isDataEnabled = true, isUltraPowerSavingMode = false
11-08 02:20:25.620 32639 32639 I ORC/ComposerPresenterCore: hide cmc switcher
11-08 02:20:25.620 32639 32639 I ORC/Feature: sEnableRcsIndivisualRead = false
11-08 02:20:25.620 32639 32639 I ORC/ComposerPresenter: LIFE:end   [COMPOSER]onCreate()
11-08 02:20:25.620 32639 32690 I PROV/MsgContentProviderQuery: query, uriMatch : 1101, Elapsed time : 0.179479 ms
11-08 02:20:25.620 32639 32690 I ORC/DraftMessageModel: [DRAFT]queryDraftMessageId no draft message : -1
11-08 02:20:25.620 32639 32639 I ORC/ComposerLifeCycleHelper: fromCallPlus, false
11-08 02:20:25.621 32639 32639 I ORC/BaseWithActivity: getComposerFragment : a9{e5e911e} (1defaab5-0e1c-421b-b9c8-80f1f4ba8ee4 id=0x7f0a043e tag=TAG_RIGHT_PANE_FRAGMENT)
11-08 02:20:25.621 32639 32639 I ORC/Setting: getEnableSupportSplitMode() smallest screen width : 384
11-08 02:20:25.622 32639 32639 I ORC/Setting: [WebPreview] isWebPreviewEnabled = false
11-08 02:20:25.622 32639 32639 I ORC/Setting: [WebPreview] getWebPreviewCheckState = false
11-08 02:20:25.622 32639 32639 I ORC/WebPreviewUtils: [WebPreview] setAgreeWebPreview : 0
11-08 02:20:25.622 32639 32702 I ORC/Feature: isSupportVtCallOpenPlatform true
11-08 02:20:25.622  1148  1148 I Layer   : id=541958 removedFromDrawingState Surface(name=Task=1)/@0xebba7d1 - animation-leash of app_transition#541958 (137)
11-08 02:20:25.623  1148  1148 I Layer   : id=541959 removedFromDrawingState Surface(name=Task=30130)/@0xccb88c8 - animation-leash of app_transition#541959 (137)
11-08 02:20:25.623  1148  1148 I Layer   : Layer [com.sec.android.app.launcher/com.sec.android.app.launcher.activities.LauncherActivity$_2843#541945] hidden!! flag(1)
11-08 02:20:25.623  1148  1148 I SurfaceFlinger: id=541959 Removed Surface(name=Task=30130)/@0xccb88c8 - animation-leash of app_transition#541959 (137)
11-08 02:20:25.623  1148  1148 I SurfaceFlinger: id=541958 Removed Surface(name=Task=1)/@0xebba7d1 - animation-leash of app_transition#541958 (137)
11-08 02:20:25.623  1148  1148 I Layer   : id=541958 Destroyed Surface(name=Task=1)/@0xebba7d1 - animation-leash of app_transition#541958
11-08 02:20:25.623 32639 32639 I ORC/BlockFilterManager: isEnableBlockFilter true at isEnableBlockFilter FilterModelBlockNumberProvider
11-08 02:20:25.623  1148  1148 I Layer   : id=541959 Destroyed Surface(name=Task=30130)/@0xccb88c8 - animation-leash of app_transition#541959
11-08 02:20:25.624 32639 32639 I ORC/ComposerFragment: LIFE:end   [COMPOSER]onViewCreated, 0
11-08 02:20:25.624 32639 32639 I ORC/MessageEditorFragment: [begin]    [MessageEditor] onCreateView
11-08 02:20:25.625 32639 32639 I ORC/AsyncLayoutInflateManager: popView:message_editor_fragment, return view
11-08 02:20:25.625 32639 32639 I ORC/AsyncLayoutInflateManager: total size = 6 view list size = 0
11-08 02:20:25.625 32639 32639 I ORC/AttachSharedViewModel: init
11-08 02:20:25.625 32639 32639 I ORC/MessageEditorFragment: [end]      [MessageEditor] onCreateView consume time = 0.213177
11-08 02:20:25.625 32639 32639 I ORC/MessageEditorFragment: LIFE:begin [MessageEditor]onActivityCreated
11-08 02:20:25.625 32639 32639 I ORC/AsyncLayoutInflateManager: popView:message_editor_holder, return view
11-08 02:20:25.625 32639 32639 I ORC/AsyncLayoutInflateManager: total size = 6 view list size = 0
11-08 02:20:25.625 32639 32639 I CS/RcsCapabilityManager<0>: isOwnRcsAvailable : false isRemoteRcsFtCapable : false
11-08 02:20:25.625 32639 32639 I ORC/EditorViewImpl: setRcsFtStatusForAttach, R=false, H=true, O=false, S=false, F=false
11-08 02:20:25.626 32639 32639 I ORC/MessageEditorToolbarAnimation: MessageEditorToolbarAnimation
11-08 02:20:25.626 32639 32639 I ORC/MessageEditorToolbarAnimation: setToolbarAnimationListener
11-08 02:20:25.626  2843  2843 I ViewRootImpl@2ff5a9d[LauncherActivity]: performTraversals mFirst=false windowShouldResize=false viewVisibilityChanged=true mForceNextWindowRelayout=false params=null
11-08 02:20:25.628  1279  2845 V WindowManager: Relayout Window{d24ecb6 u0 com.sec.android.app.launcher/com.sec.android.app.launcher.activities.LauncherActivity}: viewVisibility=8 req=1080x2408 d0
11-08 02:20:25.628  1279  3014 I Telecom:SamsungSemTelecomServiceImpl: getAllowedPhoneAccounts - includeRegisteredAccounts : true / includeSimSubscriptionAccounts : false / isServiceConnected : true / lockExists : true / callingPackage : com.samsung.android.messaging
11-08 02:20:25.628  1279  3014 I Telecom:SamsungAllowedPhoneAccountFilterManager: filterSalesCode - option : EXCLUDE / allowedPhoneAccount : SamsungJsonPhoneAccount { RawData : {\"package_name\":\"com.google.android.apps.tachyon\",\"component_name\":\"\",\"sales_code_option\":\"exclude\",\"sales_codes\":[\"CDR\",\"DOR\",\"UFN\",\"UFU\",\"SAM\",\"CHC\",\"TCE\",\"GCF\"],\"model_names\":[],\"orders\":{\"default\":200,\"SKC\":900,\"KTC\":900,\"LUC\":900}} / PackageName : com.google.android.apps.tachyon / ComponentName :  / SalesCodeOption : exclude / SalesCodes : [CDR, DOR, UFN, UFU, SAM, CHC, TCE, GCF] / ModelNameOption : null / ModelNames : [] / Orders : {default=200, SKC=900, KTC=900, LUC=900} / Order : 200
11-08 02:20:25.628  1279  3014 I Telecom:SamsungAllowedPhoneAccountFilterManager: filterModelName - option : ALL / allowedPhoneAccount : SamsungJsonPhoneAccount { RawData : {\"package_name\":\"com.google.android.apps.tachyon\",\"component_name\":\"\",\"sales_code_option\":\"exclude\",\"sales_codes\":[\"CDR\",\"DOR\",\"UFN\",\"UFU\",\"SAM\",\"CHC\",\"TCE\",\"GCF\"],\"model_names\":[],\"orders\":{\"default\":200,\"SKC\":900,\"KTC\":900,\"LUC\":900}} / PackageName : com.google.android.apps.tachyon / ComponentName :  / SalesCodeOption : exclude / SalesCodes : [CDR, DOR, UFN, UFU, SAM, CHC, TCE, GCF] / ModelNameOption : null / ModelNames : [] / Orders : {default=200, SKC=900, KTC=900, LUC=900} / Order : 200
11-08 02:20:25.628  1279  3014 I Telecom:SamsungAllowedPhoneAccountFilterManager: filterSalesCode - option : INCLUDE / allowedPhoneAccount : SamsungJsonPhoneAccount { RawData : {\"package_name\":\"com.skt.prod.together\",\"component_name\":\"\",\"sales_code_option\":\"include\",\"sales_codes\":[\"SKC\",\"KOO\"],\"model_names\":[],\"orders\":{\"SKC\":100}} / PackageName : com.skt.prod.together / ComponentName :  / SalesCodeOption : include / SalesCodes : [SKC, KOO] / ModelNameOption : null / ModelNames : [] / Orders : {SKC=100} / Order : 1000
11-08 02:20:25.628  1148  1148 D SurfaceFlinger: Display 4630946312756012673 HWC layers:
11-08 02:20:25.628  1148  1148 D SurfaceFlinger:      DEVICE | 0xb400007b33424320 | 0100 | RGBA_8888    |    0.0    0.0 1080.0 2408.0 |    0    0 1080 2408 | Splash Screen com.samsung.android.messaging$_2292#541957
11-08 02:20:25.628  1148  1148 D SurfaceFlinger:      DEVICE | 0xb400007b42a215b0 | 0100 | RGBA_8888    |    0.0    0.0 1080.0   70.0 |    0    0 1080   70 | StatusBar$_2292#85
11-08 02:20:25.628  1148  1148 D SurfaceFlinger:      DEVICE | 0xb400007b33424240 | 0100 | RGBA_8888    |    0.0    0.0 1080.0  135.0 |    0 2273 1080 2408 | NavigationBar0$_2292#83
11-08 02:20:25.628  1148  1148 D SurfaceFlinger: 
11-08 02:20:25.629 32639 32701 I ORC/VideoCallManager: addAppListFromPhoneAccountInfoList, allowedPhoneAccountInfo size = 1
11-08 02:20:25.631  1279  2845 V WindowManager: Relayout hash=d24ecb6, pid=2843, syncId=-1: mAttrs={(0,0)(fillxfill) sim={adjust=nothing forwardNavigation} layoutInDisplayCutoutMode=shortEdges ty=BASE_APPLICATION fmt=TRANSPARENT wanim=0x10302f4
11-08 02:20:25.631  1279  2845 V WindowManager:   fl=81910100
11-08 02:20:25.631  1279  2845 V WindowManager:   pfl=1e020040
11-08 02:20:25.631  1279  2845 V WindowManager:   vsysui=1700
11-08 02:20:25.631  1279  2845 V WindowManager:   bhv=SHOW_TRANSIENT_BARS_BY_SWIPE
11-08 02:20:25.631  1279  2845 V WindowManager:   fitSides= screenDimDuration=200000 naviIconColor=0}
11-08 02:20:25.633 32639 32639 I ORC/AttachSheetManager: init, A = false, V = false
11-08 02:20:25.633 32639 32701 I ORC/PackageInfo: [Meet] isMeetAvailable() version = 184
11-08 02:20:25.633 32639 32701 I ORC/PackageInfo: [Meet] isMeetAvailable() version = 184
11-08 02:20:25.633 32639 32701 I ORC/PackageInfo: getApplicationLabel appLabel = Meet
11-08 02:20:25.633 32639 32701 I ORC/PackageInfo: [Meet] isMeetAvailable() version = 184
11-08 02:20:25.634 32639 32701 I ORC/PackageInfo: [Meet] isMeetAvailable() version = 184
11-08 02:20:25.634 32639 32701 I ORC/PackageInfo: getApplicationLabel appLabel = Meet
11-08 02:20:25.635  2843  2843 I ViewRootImpl@2ff5a9d[LauncherActivity]: Relayout returned: old=(0,0,1080,2408) new=(0,0,1080,2408) req=(1080,2408)8 dur=7 res=0x2 s={false 0x0} ch=true seqId=0
11-08 02:20:25.636 32639 32701 I ORC/PackageInfo: [Meet] isMeetAvailable() version = 184
11-08 02:20:25.636 32639 32701 I ORC/PackageInfo: [Meet] isMeetAvailable() version = 184
11-08 02:20:25.636 32639 32701 I ORC/PackageInfo: getApplicationLabel appLabel = Meet
11-08 02:20:25.646 32639 32701 I ORC/VideoCallManager: addAppList, packageName : com.google.android.apps.tachyon phoneAccount : null
11-08 02:20:25.648  1279  6863 D AppOps  : noteOperation: reject #3 for code 105 (105) uid 1001 package com.android.phone flags: s
11-08 02:20:25.649  1279  6863 D AppOps  : noteOperation: reject #3 for code 105 (105) uid 10098 package com.samsung.android.messaging flags: s
11-08 02:20:25.653 32639 32639 I ORC/ComposerConfig: isMmsEnabledBySim 0 result = true
11-08 02:20:25.653 32639 32639 I ORC/Setting: getMmsMaxRecipient result = 20
11-08 02:20:25.653 32639 32639 I ORC/EditorPresenterImpl: isExceededMmsRecipientMaxCount : false
11-08 02:20:25.653 32639 32639 I ORC/FlashCache: return cached data isEnabledPkgcom.samsung.android.stickercenter
11-08 02:20:25.654 32639 32639 I ORC/InputMethodUtil: showImeWithHardKeyboard 1
11-08 02:20:25.655  1279  2845 D AppOps  : noteOperation: reject #3 for code 105 (105) uid 1001 package com.android.phone flags: s
11-08 02:20:25.656  1279 10900 I InputMethodManagerService: isAccessoryKeyboard 0
11-08 02:20:25.656  2255  3148 D SubscriptionController: [getActiveSubscriptionInfoForSimSlotIndex]+ slotIndex=0 subId={id=1 iccId= simSlotIndex=0 carrierId=2528 displayName=DISH Wireless carrierName=DISH Wireless nameSource=4 iconTint=-16746133 number= dataRoaming=0 iconBitmap=null mcc=313 mnc=340 countryIso=us isEmbedded=false nativeAccessRules=null cardString= cardId=0 portIndex=0 isOpportunistic=false groupUUID=null isGroupDisabled=false profileClass=-1 ehplmns=null hplmns=null subscriptionType=0 groupOwner=null carrierConfigAccessRules=[cert: 70D0BFCD7AE6B6E831AE7D1C16A641CB3EB489129D3A5ED168A760C94D50A8B4 pkg: null access: 0] areUiccApplicationsEnabled=true usageSetting=0}
11-08 02:20:25.656 32639 32639 I ORC/InputMethodUtil: onlyHwKeyboardEnabled() = false
11-08 02:20:25.656 32639 32639 I ORC/FlashCache: return cached data isEnabledPkgcom.samsung.android.stickercenter
11-08 02:20:25.657  1279  2434 D AppOps  : noteOperation: reject #3 for code 105 (105) uid 10098 package com.samsung.android.messaging flags: s
11-08 02:20:25.658 32639 32639 I ORC/EditorView: isEditorEnabled
11-08 02:20:25.658 32639 32639 I ORC/Setting: setSelectedStickerForEditor : 1
11-08 02:20:25.659 32639 32701 I ORC/VideoCallFactory: VideoCallFactory currentSalesCode = DSG, isSimMobility = false
11-08 02:20:25.659 32639 32701 I ORC/Feature: isUsaOpen : NO_DFLT_CSC,OMC
11-08 02:20:25.659 32639 32701 I ORC/Feature: isUsaOpen : NO_DFLT_CSC,OMC
11-08 02:20:25.659 32639 32701 I ORC/Feature: isUsaOpen : NO_DFLT_CSC,OMC
11-08 02:20:25.659 32639 32701 I ORC/VideoCallManager: getVtCallAppList, size = 1
11-08 02:20:25.659 32639 32701 I ORC/Feature: isSupportVtCallOpenPlatform true
11-08 02:20:25.660 32639 32701 I ORC/PackageInfo: [Meet] isMeetAvailable() version = 184
11-08 02:20:25.660 32639 32701 I ORC/PackageInfo: [Meet] isMeetAvailable() version = 184
11-08 02:20:25.660 32639 32701 I ORC/PackageInfo: getApplicationLabel appLabel = Meet
11-08 02:20:25.660 32639 32701 I ORC/PackageInfo: [Meet] isMeetAvailable() version = 184
11-08 02:20:25.661 32639 32639 I ORC/MultiSimManager: simNameFromSystem = SIM 1
11-08 02:20:25.661 32639 32639 I ORC/MultiSimManager: getSimName() : simSlot = 0, simName = SIM 1
11-08 02:20:25.661 32639 32701 I ORC/PackageInfo: [Meet] isMeetAvailable() version = 184
11-08 02:20:25.661 32639 32701 I ORC/ComposerVtCallHelper: setVtCallButtonResource, iconType 1, isOwnIcon false
11-08 02:20:25.661 32639 32701 I ORC/PackageInfo: [Meet] isMeetAvailable() version = 184
11-08 02:20:25.661 32639 32639 I ORC/Setting: getSmsMaxPageCount : baseDevice = 0, simSlot = 0, result = 5
11-08 02:20:25.661 32639 32639 I ORC/SizeInfoView: init() mSmsMaxPageCount : 5, mIsArabicNumerals : false
11-08 02:20:25.661 32639 32701 I ORC/ThemeUtils: isCustomThemeInternal, false
11-08 02:20:25.661 32639 32639 I ORC/Setting: getEnableSupportSplitMode() smallest screen width : 384
11-08 02:20:25.661 32639 32701 I AppIconSolution: getThemeIconWithBG called with public API, pkg = null, mode = 1
11-08 02:20:25.662 32639 32639 I ORC/MessageEditorViewHolder: initAttachToolbar
11-08 02:20:25.662 32639 32639 I ORC/ComposerConfig: isMmsEnabledBySim 0 result = true
11-08 02:20:25.662 32639 32639 I ORC/ComposerConfig: isMmsEnabledBySim 0 result = true
11-08 02:20:25.662 32639 32639 I ORC/Setting: getMmsMaxRecipient result = 20
11-08 02:20:25.662 32639 32639 I ORC/EditorPresenterImpl: isExceededMmsRecipientMaxCount : false
11-08 02:20:25.662 32639 32639 I ORC/EditorView: isEditorEnabled
11-08 02:20:25.662 32639 32639 I ORC/MessageEditorViewHolder: showAttachToolbar, true, true, 2
11-08 02:20:25.662 32639 32639 I ORC/MessageEditorViewHolder: skipToolbarAnimation, true
11-08 02:20:25.662 32639 32639 I ORC/EditorView: hideCursorControllers
11-08 02:20:25.662 32639 32639 I ORC/EditorView: updateHintText
11-08 02:20:25.662 32639 32639 I ORC/EditorView: initialize
11-08 02:20:25.662 32639 32639 I ORC/WorkingMessageModel: isCmcSdMode = false
11-08 02:20:25.662 32639 32639 I ORC/WorkingMessageModel: updateMaxTextLimit() composerMode = 1, isRcsGroupChat = false, mMaxTextLimit = 2000 cmcMode = 0
11-08 02:20:25.662 32639 32639 I ORC/Setting: getSmsInputModeFromPref = GSM alphabet
11-08 02:20:25.662 32639 32639 I ORC/Setting: getSmsInputMode : inputType = 0
11-08 02:20:25.662 32639 32639 I ORC/WorkingMessageModel: updateSimSlot mInputType = 0
11-08 02:20:25.662 32639 32639 I ORC/Feature: getSmsToMmsByThreshold result = true
11-08 02:20:25.662 32639 32639 I ORC/WorkingMessageModel: getMaxTextLimit() mMaxTextLimit = 2000
11-08 02:20:25.662 32639 32639 I ORC/WorkingMessageModel: getTextType() mTextType = 3
11-08 02:20:25.662 32639 32639 I ORC/EditorView: updateEditorFilters, L=2000, T=3, H=true, sim=0
11-08 02:20:25.662 32639 32639 I ORC/StringLengthFilter: setMaxLength max = 2000
11-08 02:20:25.662 32639 32639 I ORC/Feature: getSmsToMmsByThreshold result = true
11-08 02:20:25.662 32639 32639 I ORC/EditorView: onPinchZoomEvent, 1.0
11-08 02:20:25.663 32639 32639 I ORC/EditorView: updateHintText
11-08 02:20:25.663 32639 32639 I ORC/EditorView: setEditorDragListener
11-08 02:20:25.663 32639 32639 I ORC/EditorView: setEditorStateListener
11-08 02:20:25.663 32639 32639 I ORC/ComposerConfig: isDualRcsSupported = false
11-08 02:20:25.663 32639 32639 I ORC/WorkingMessageModel: hasContentsForSend() : hasSubject = false, hasText = false, hasAttachment = false, isInputVoiceExist = false
11-08 02:20:25.663 32639 32639 I ORC/ComposerConfig: isMmsEnabledBySim 0 result = true
11-08 02:20:25.663 32639 32639 I ORC/Setting: getMmsMaxRecipient result = 20
11-08 02:20:25.663 32639 32639 I ORC/EditorPresenterImpl: isExceededMmsRecipientMaxCount : false
11-08 02:20:25.663 32639 32639 I ORC/ComposerConfig: isDualRcsSupported = false
11-08 02:20:25.663 32639 32639 I ORC/EditorView: isEditorEnabled
11-08 02:20:25.663 32639 32639 I ORC/WorkingMessageModel: hasContentsForSend() : hasSubject = false, hasText = false, hasAttachment = false, isInputVoiceExist = false
11-08 02:20:25.663 32639 32639 I ORC/ComposerModelUtil: [BOT] isBot, else
11-08 02:20:25.663 32639 32639 I ORC/ComposerModel: isDisabledGroupChatStatus result = false
11-08 02:20:25.663 32639 32639 I ORC/AttachController: isAttaching() - isAttaching() : false
11-08 02:20:25.663 32639 32639 I ORC/MessageEditorViewHolder: [VOICE] initInputVoice
11-08 02:20:25.663 32639 32701 I AppIconSolution: return adaptive icon for null, isNight = false
11-08 02:20:25.665 32639 32639 I ORC/WorkingMessageModel: getMaxAttachmentCount : 10
11-08 02:20:25.665 32639 32639 I ORC/SizeInfoView: [begin]    updateSizeInfo
11-08 02:20:25.665 32639 32639 I ORC/MessageSize: [SIZE]getMmsSize = 0
11-08 02:20:25.665 32639 32639 I ORC/SizeInfoView: updateSizeInfo composerMode = 1, size = 0, hasText = false, hasAttachment = false, isLinkSharing = false, false
11-08 02:20:25.666 32639 32639 I ORC/SizeInfoView: [SIZE]setEditorSizeInfo,false, -1/0
11-08 02:20:25.666 32639 32639 I ORC/SizeInfoView: [end]      updateSizeInfo consume time = 0.253542
11-08 02:20:25.666 32639 32639 I ORC/MessageEditorViewHolder: updateEditPanelPadding, false
11-08 02:20:25.666 32639 32639 I ORC/MessageSize: [SIZE]getLinkShareSizeByte = 0
11-08 02:20:25.666 32639 32639 I ORC/EditorViewImpl: showScheduledTime, false
11-08 02:20:25.666 32639 32639 I ORC/ComposerModelUtil: [BOT] isBot, else
11-08 02:20:25.666 32639 32639 I ORC/ComposerConfig: isMmsEnabledBySim 0 result = true
11-08 02:20:25.666 32639 32639 I ORC/Setting: getMmsMaxRecipient result = 20
11-08 02:20:25.666 32639 32639 I ORC/EditorPresenterImpl: isExceededMmsRecipientMaxCount : false
11-08 02:20:25.666 32639 32639 I ORC/ComposerModel: isDisabledGroupChatStatus result = false
11-08 02:20:25.666 32639 32639 I ORC/ComposerEditorHelper: updateMessageEditorView, CM=1, GC=false, CC=false, ALC=false
11-08 02:20:25.666 32639 32639 I ORC/ComposerModelUtil: [BOT] isBot, else
11-08 02:20:25.666 32639 32639 I ORC/ComposerModelUtil: isUnknownBot = false
11-08 02:20:25.666 32639 32639 I ORC/ComposerFragmentBubbleListener: setVisibleBotBottomPanel = false
11-08 02:20:25.666 32639 32639 I ORC/ComposerEditorHelper: updateMessageEditorView editor enabled
11-08 02:20:25.667 32639 32639 I ORC/EditorImpl: updateMessageEditorView, 1, 0
11-08 02:20:25.667 32639 32639 I ORC/MessageSize: [SIZE]getMmsSize = 0
11-08 02:20:25.667 32639 32639 I ORC/ComposerCapabilityProvider: isRcsFtHttpCapable key : (10)501#nn#79#nn#003
11-08 02:20:25.667 32639 32639 I ORC/ComposerCapabilityProvider: isRcsFtHttpCapable simSlot = 0
11-08 02:20:25.667 32639 32639 I ORC/ComposerCapabilityProvider: isRcsFtHttpCapable, null capabilitiesData
11-08 02:20:25.667 32639 32639 I ORC/ComposerModelUtil: [BOT] isBot, else
11-08 02:20:25.667 32639 32639 I ORC/WorkingMessageModel: getAvailableSize() :: availableSize = 1018880 cmcMode = 0
11-08 02:20:25.667 32639 32639 I ORC/WorkingMessageModel: getAvailableSize size = 1018880
11-08 02:20:25.667 32639 32639 I ORC/ComposerLinkShareModel: isComposerLinkSharingEnabled : false
11-08 02:20:25.667 32639 32639 I ORC/EditorViewImpl: setComposerStatusForAttach, 1, 1018880
11-08 02:20:25.667 32639 32639 I ORC/WorkingMessageModel: getDynamicSendAsChatValue() : 0
11-08 02:20:25.667 32639 32639 I ORC/WorkingMessageModel: isDefaultXmsMessagingType () : false
11-08 02:20:25.667 32639 32639 I ORC/ComposerCapabilityModel: isToSetRcsColorPossible : false, mIsToSetRcsColorPossible = false
11-08 02:20:25.667 32639 32639 I ORC/FlashCache: return cached data isEnabledPkgcom.samsung.android.stickercenter
11-08 02:20:25.668 32639 32639 I ORC/ComposerConfig: isMmsEnabledBySim 0 result = true
11-08 02:20:25.668 32639 32639 I ORC/Setting: getMmsMaxRecipient result = 20
11-08 02:20:25.668 32639 32639 I ORC/EditorPresenterImpl: isExceededMmsRecipientMaxCount : false
11-08 02:20:25.668 32639 32639 I ORC/FlashCache: return cached data isEnabledPkgcom.samsung.android.stickercenter
11-08 02:20:25.669 32639 32639 I ORC/InputMethodUtil: showImeWithHardKeyboard 1
11-08 02:20:25.670  1279  3014 I InputMethodManagerService: isAccessoryKeyboard 0
11-08 02:20:25.670 32639 32639 I ORC/InputMethodUtil: onlyHwKeyboardEnabled() = false
11-08 02:20:25.670 32639 32639 I ORC/MessageEditorViewHolder: enableEditor, 1
11-08 02:20:25.670 32639 32639 I ORC/EditorView: setEditorEnabled, true
11-08 02:20:25.670 32639 32639 I ORC/ComposerModel: isDisabledGroupChatStatus result = false
11-08 02:20:25.670 32639 32639 I ORC/EditorView: setHintText, C:1, B:false, E:true, F:false, R:false
11-08 02:20:25.670 32639 32639 I ORC/EditorView: updateHintText
11-08 02:20:25.670 32639 32639 I ORC/EditorView: updateMaxLines
11-08 02:20:25.670 32639 32639 I ORC/EditorView: updateMaxLines() font size : 42.0, max lines : 1
11-08 02:20:25.670 32639 32639 I ORC/SendButtonManager: updateSendButtonBackground()
11-08 02:20:25.670 32639 32639 I ORC/WorkingMessageModel: getDynamicSendAsChatValue() : 0
11-08 02:20:25.670 32639 32639 I ORC/WorkingMessageModel: isDefaultXmsMessagingType () : false
11-08 02:20:25.670 32639 32639 I ORC/ComposerCapabilityModel: isToSetRcsColorPossible : false, mIsToSetRcsColorPossible = false
11-08 02:20:25.670 32639 32639 I ORC/ComposerConfig: isDualRcsSupported = false
11-08 02:20:25.670 32639 32639 I ORC/ComposerCapabilityProvider: isFtSmsCapable() for 0 = false
11-08 02:20:25.670 32639 32639 I ORC/ComposerCapabilityProvider: isFtSmsCapable() for 1 = false
11-08 02:20:25.671 32639 32639 I ORC/ComposerCapabilityModel: [isRcsCapableFromSim] getRcsCapable() : simSlot = 0, RcsCapable = false
11-08 02:20:25.671 32639 32639 I ORC/ComposerCapabilityModel: [isRcsCapableFromSim] getRcsCapable() : simSlot = 1, RcsCapable = false
11-08 02:20:25.671 32639 32639 I ORC/ComposerTwoPhoneModel: getTwoPhoneMode 0
11-08 02:20:25.671 32639 32639 I ORC/WorkingMessageModel: getDynamicSendAsChatValue() : 0
11-08 02:20:25.671 32639 32639 I ORC/WorkingMessageModel: isDefaultXmsMessagingType () : false
11-08 02:20:25.671 32639 32639 I ORC/WorkingMessageModel: isForwardMms mIsForwardMms = false
11-08 02:20:25.671 32639 32639 I ORC/SendButtonLayout: updateBackground() - isDualRcsSupported() = false, isDualRcsRegistered = false, isOpenGroupChat - false
11-08 02:20:25.671 32639 32639 I ORC/SendButtonLayout: updateBackground() - composerMode = 1, mainSimSlot = 0, isFtSms1 = false, isFtSms2 - false, isCapable1 = false, isCapable2 - false
11-08 02:20:25.671 32639 32639 I ORC/SendButtonLayout: updateBackground() - composerMode = 1
11-08 02:20:25.671 32639 32639 I ORC/WorkingMessageModel: hasContentsForSend() : hasSubject = false, hasText = false, hasAttachment = false, isInputVoiceExist = false
11-08 02:20:25.671 32639 32639 I ORC/ComposerConfig: isMmsEnabledBySim 0 result = true
11-08 02:20:25.671 32639 32639 I ORC/Setting: getMmsMaxRecipient result = 20
11-08 02:20:25.672 32639 32639 I ORC/EditorPresenterImpl: isExceededMmsRecipientMaxCount : false
11-08 02:20:25.672 32639 32639 I ORC/ComposerConfig: isDualRcsSupported = false
11-08 02:20:25.672 32639 32639 I ORC/EditorView: isEditorEnabled
11-08 02:20:25.672 32639 32639 I ORC/WorkingMessageModel: hasContentsForSend() : hasSubject = false, hasText = false, hasAttachment = false, isInputVoiceExist = false
11-08 02:20:25.672 32639 32639 I ORC/ComposerModelUtil: [BOT] isBot, else
11-08 02:20:25.672 32639 32639 I ORC/ComposerModel: isDisabledGroupChatStatus result = false
11-08 02:20:25.672 32639 32639 I ORC/MessageEditorViewHolder: setAttachButtonEnabled, true
11-08 02:20:25.672 32639 32639 I ORC/FlashCache: return cached data isEnabledPkgcom.samsung.android.stickercenter
11-08 02:20:25.673 32639 32639 I ORC/ComposerConfig: isMmsEnabledBySim 0 result = true
11-08 02:20:25.673 32639 32639 I ORC/Setting: getMmsMaxRecipient result = 20
11-08 02:20:25.673 32639 32639 I ORC/EditorPresenterImpl: isExceededMmsRecipientMaxCount : false
11-08 02:20:25.673 32639 32639 I ORC/FlashCache: return cached data isEnabledPkgcom.samsung.android.stickercenter
11-08 02:20:25.674 32639 32639 I ORC/InputMethodUtil: showImeWithHardKeyboard 1
11-08 02:20:25.674 32639 32701 I ORC/ComposerVtCallHelper: checkVtCallAvailable, 0
11-08 02:20:25.675 32639 32701 I ORC/ComposerCallHelper: clearCallIconResId
11-08 02:20:25.675  1279  6863 I InputMethodManagerService: isAccessoryKeyboard 0
11-08 02:20:25.675 32639 32639 I ORC/InputMethodUtil: onlyHwKeyboardEnabled() = false
11-08 02:20:25.675 32639 32639 I ORC/Setting: setSelectedStickerForEditor : 1
11-08 02:20:25.675 32639 32639 I ORC/EditorViewImpl: showKtDeliveryReport, false
11-08 02:20:25.675 32639 32639 I ORC/KtReportController: showKtDeliveryReport() isSet = false
11-08 02:20:25.675 32639 32639 I ORC/MessageEditorViewHolder: updateEditPanelPadding, false
11-08 02:20:25.675 32639 32639 I ORC/EditorViewImpl: showKtReadReport, false
11-08 02:20:25.675 32639 32639 I ORC/KtReportController: showKtReadReport() isSet = false
11-08 02:20:25.675 32639 32639 I ORC/MessageEditorViewHolder: updateEditPanelPadding, false
11-08 02:20:25.675 32639 32639 I ORC/WorkingMessageModel: isCmcSdMode = false
11-08 02:20:25.675 32639 32639 I ORC/WorkingMessageModel: updateMaxTextLimit() composerMode = 1, isRcsGroupChat = false, mMaxTextLimit = 2000 cmcMode = 0
11-08 02:20:25.675 32639 32639 I ORC/Setting: getSmsInputModeFromPref = GSM alphabet
11-08 02:20:25.675 32639 32639 I ORC/Setting: getSmsInputMode : inputType = 0
11-08 02:20:25.675 32639 32639 I ORC/WorkingMessageModel: updateSimSlot mInputType = 0
11-08 02:20:25.675 32639 32639 I ORC/Feature: getSmsToMmsByThreshold result = true
11-08 02:20:25.675 32639 32639 I ORC/WorkingMessageModel: getMaxTextLimit() mMaxTextLimit = 2000
11-08 02:20:25.675 32639 32639 I ORC/WorkingMessageModel: getTextType() mTextType = 3
11-08 02:20:25.675 32639 32639 I ORC/EditorView: updateEditorFilters, L=2000, T=3, H=true, sim=0
11-08 02:20:25.676 32639 32639 I ORC/StringLengthFilter: setMaxLength max = 2000
11-08 02:20:25.676 32639 32639 I ORC/Feature: getSmsToMmsByThreshold result = true
11-08 02:20:25.676 32639 32639 I ORC/WorkingMessageModel: isCmcSdMode = false
11-08 02:20:25.676  1279  2434 D AppOps  : noteOperation: reject #3 for code 105 (105) uid 1001 package com.android.phone flags: s
11-08 02:20:25.677  1279  2434 D AppOps  : noteOperation: reject #3 for code 105 (105) uid 10098 package com.samsung.android.messaging flags: s
11-08 02:20:25.678 32639 32639 I ORC/WorkingMessageModel: getMaxTextLimit() mMaxTextLimit = 2000
11-08 02:20:25.678 32639 32701 I ORC/ImsMgrFactory: simSlot : 0
11-08 02:20:25.678 32639 32639 I ORC/MessageSize: [begin]    calcSmsSize
11-08 02:20:25.678 32639 32639 I ORC/MessageSize: [SIZE]calcSmsSize(), textLen:0
11-08 02:20:25.680 32639 32662 W droid.messaging: ClassLoaderContext shared library size mismatch. Expected=3, found=0 (PCL[]{PCL[/system/framework/org.apache.http.legacy.jar*3951777098]#PCL[/system/framework/com.samsung.android.spensdk.framework-v1.jar*925100846]#PCL[/system/framework/SmpsManager.jar*3039272517]} | PCL[];PCL[])
11-08 02:20:25.681  1279  2434 D AppOps  : noteOperation: reject #3 for code 105 (105) uid 1000 package com.sec.imsservice flags: s
11-08 02:20:25.682 32639 32701 I ORC/VolteStateTracker: isVoWifiRegistered epdgStatus = false, isServiceRegistered = true
11-08 02:20:25.682 32639 32701 I ORC/VolteStateTracker: VoWifi is Disabled
11-08 02:20:25.683  1279  2434 D AppOps  : noteOperation: reject #3 for code 105 (105) uid 1001 package com.android.phone flags: s
11-08 02:20:25.684  1279  2434 D AppOps  : noteOperation: reject #3 for code 105 (105) uid 10098 package com.samsung.android.messaging flags: s
11-08 02:20:25.687 32639 32662 W droid.messaging: ClassLoaderContext shared library size mismatch. Expected=3, found=0 (PCL[]{PCL[/system/framework/org.apache.http.legacy.jar*3951777098]#PCL[/system/framework/com.samsung.android.spensdk.framework-v1.jar*925100846]#PCL[/system/framework/SmpsManager.jar*3039272517]} | PCL[];PCL[])
11-08 02:20:25.688 32639 32701 I ORC/VolteStateTracker: Voice Call Setting = 0
11-08 02:20:25.689  1279  2434 D AppOps  : noteOperation: reject #3 for code 105 (105) uid 1001 package com.android.phone flags: s
11-08 02:20:25.690  2255  7915 D ImsSmsDispatcher: isImsforNonLegacyImsSms: reg= true, cap= true, smsOverImsOnly = true
11-08 02:20:25.691  2255  7915 D SmsDispatchersController: isIms : true mPrevVolteRegi : true
11-08 02:20:25.691  1279  2434 D AppOps  : noteOperation: reject #3 for code 105 (105) uid 10098 package com.samsung.android.messaging flags: s
11-08 02:20:25.691  2255  7915 D SmsDispatchersController:  datareg : 0 imsreg : true
11-08 02:20:25.691  2255  3350 D SmsDispatchersController: [lteStatus] : 1
11-08 02:20:25.691  2255  3350 D ImsSmsDispatcher: isImsforNonLegacyImsSms: reg= true, cap= true, smsOverImsOnly = true
11-08 02:20:25.692  2255  3350 D SmsDispatchersController: isIms : true mPrevVolteRegi : true
11-08 02:20:25.692  2255  3350 D SmsDispatchersController:  datareg : 0 imsreg : true
11-08 02:20:25.692  1279  2434 D AppOps  : noteOperation: reject #3 for code 105 (105) uid 1001 package com.android.phone flags: s
11-08 02:20:25.693  2255  3148 D SubscriptionController: [getActiveSubscriptionInfoForSimSlotIndex]+ slotIndex=0 subId={id=1 iccId= simSlotIndex=0 carrierId=2528 displayName=DISH Wireless carrierName=DISH Wireless nameSource=4 iconTint=-16746133 number= dataRoaming=0 iconBitmap=null mcc=313 mnc=340 countryIso=us isEmbedded=false nativeAccessRules=null cardString= cardId=0 portIndex=0 isOpportunistic=false groupUUID=null isGroupDisabled=false profileClass=-1 ehplmns=null hplmns=null subscriptionType=0 groupOwner=null carrierConfigAccessRules=[cert: 70D0BFCD7AE6B6E831AE7D1C16A641CB3EB489129D3A5ED168A760C94D50A8B4 pkg: null access: 0] areUiccApplicationsEnabled=true usageSetting=0}
11-08 02:20:25.693  1279  2434 D AppOps  : noteOperation: reject #3 for code 105 (105) uid 10098 package com.samsung.android.messaging flags: s
11-08 02:20:25.695  2255  3350 D SmsDispatchersController: mImsSmsFormat = 3gpp
11-08 02:20:25.696 32639 32701 I ORC/VolteStateTracker: getDataNetworkType, 20
11-08 02:20:25.697 32639 32639 I ORC/MessageSize: [end]      calcSmsSize consume time = 18.347187
11-08 02:20:25.697 32639 32639 I ORC/MessageSize: [SIZE]smsSize: page# = 1, unit# = 0, remainUnit# = 160, encodingType = 1
11-08 02:20:25.697 32639 32639 I ORC/MessageSize: [SIZE]getMmsSize = 0
11-08 02:20:25.697 32639 32639 I ORC/ComposerCapabilityProvider: isRcsFtHttpCapable key : (10)501#nn#79#nn#003
11-08 02:20:25.697 32639 32639 I ORC/ComposerCapabilityProvider: isRcsFtHttpCapable simSlot = 0
11-08 02:20:25.697 32639 32639 I ORC/ComposerCapabilityProvider: isRcsFtHttpCapable, null capabilitiesData
