12-14 03:46:43.739  2371  2371 I SHANNON_IMS: 3170 [NETW] #:PURP:# UNSOL {RILC_UNSOL_AIMS_CALL_STATUS} : call-type : 1  call-id : 0  call-state : 2  multiparty : false  state-reason : 0  end-cause : 31  ecc-category : 255  user-count : 0  media-direction : 0  uri-text : UNKNOWN  sdp-length : 0  is-video-upgrade-possible : false  is-rtt-upgrade-possible : false  ecbm : 0  called-party-num : 469****372  audio-quality : 0  sip-error-code : 0  sip-reason-header-num : 0  reason-header : end-cause : 31  sip-error-code : 0  sip-cause-code : 0  sip-reason-text : null  q850-cause-code : 0  q850-reason-text : null  isInternalErrorCause : false  mExtraReasonText : null  current-bitrate : 0  min-bitrate : 0  max-bitrate : 0  current-bandwidth : 0  min-bandwidth : 0  max-bandwidth : 0  emergency-urn-length : 0  emergency-urn :   change-in-RAT-Type : 255  (NetworkAdaptor$AdaptorChannel%onMessage:306)
12-14 03:46:43.739  8637  8637 I ConnectivityMonitorStateMachine: [onCallAttributesChanged] {subId=1} mPreciseCallState=Ringing call state: 0, Foreground call state: 3, Background call state: 0, Disconnect cause: -1, Precise disconnect cause: -1 mNetworkType=0 mCallQuality=CallQuality: {downlinkCallQualityLevel=0 uplinkCallQualityLevel=0 callDuration=0 numRtpPacketsTransmitted=0 numRtpPacketsReceived=0 numRtpPacketsTransmittedLost=0 numRtpPacketsNotReceived=0 averageRelativeJitter=0 maxRelativeJitter=0 averageRoundTripTime=0 codecType=0 rtpInactivityDetected=false txSilenceDetected=false rxSilenceDetected=false numVoiceFrames=0 numNoDataFrames=0 numDroppedRtpPackets=0 minPlayoutDelayMillis=0 maxPlayoutDelayMillis=0 numRtpSidPacketsReceived=0 numRtpDuplicatePackets=0}
12-14 03:46:43.739  8637  8637 D ConnectivityMonitorStateMachine: [onCallAttributesChanged] {subId=1} sendMessage(CALL_ATTRIBUTE_CHANGED) id=204d66d2-cee9-45b1-877d-ef84fd9a162e
12-14 03:46:43.739  2470  2470 W Telephony: ImsConferenceController: add - connection already tracked; connection=[TelephonyConnection objId:104922304 telecomCallID:TC@1518_1 type:ims state:DIALING capabilities:[Capabilities: CAPABILITY_SUPPORT_HOLD CAPABILITY_MUTE CAPABILITY_CANNOT_DOWNGRADE_VIDEO_TO_AUDIO] properties:[Properties:] address:[3J-Ocpp2SP4DrInjhKpKL6CMia0] originalConnection:[ImsPhoneConnection objId: 135277414 telecomCallID: TC@1518_1 address: [7VAIDPPhNR76Kr9BGPFr0EYDrug] isAdhocConf: N ImsCall: [ImsCall objId:224630770 onHold:N mute:N mCallProfile:{ serviceType=1, callType=2, restrictCause=0, mediaProfile={ audioQuality=0, audioDirection=3, audioCodecAttribute=null, videoQuality=0, videoDirection=-1, rttMode=0, hasRttAudioSpeech=false }, emergencyServiceCategories=0, emergencyUrns=[], emergencyCallRouting=0, emergencyCallTesting=false, hasKnownUserIntentEmergency=false, mRestrictCause=0, mCallerNumberVerstat= 0, mAcceptedRtpHeaderExtensions= [] } networkType:0 updateRequest:NONE merging:N merge action pending:N merged:N multiParty:N confHost:N buried term:N isVideo: N wasVideo: N isWifi: N session:[ImsCallSession objId:186629885 callId:[UNINITIALIZED]] transientSession:null]] partOfConf:N confSupported:Y isAdhocConf:N]
12-14 03:46:43.739  8637  8637 D ConnectivityEventWriter: State events are not enabled: CALL_ATTRIBUTE_CHANGED
12-14 03:46:43.739  2371  3602 I SHANNON_IMS: 3171 [ADAP] SOL RX{RILC_REQ_AIMS_DIAL}  status : STATUS_SUCCESS [call-type : TYPE_VOICE  clir-status : 0  num-len : 10  num : 469****372  cug-call : 0  cug-index : 0  cug-info : 0  tty-status : 0  ecc-category : 0  ussd-language : 0  ussd-length : 0  ussd :   video-rtp-port : 0  dialog-info-id : -1  is-pulled-call : 0  SetGeolocation : 0  eCallUi : 0  emergency-urn-length : 0  emergency-urn : ] (SolicitedMessage%handleMessage:66)
12-14 03:46:43.740  1118  1265 D rild_exynos: RilAudioClientImpl updateImsCallInfo() call id = 0, status = 2, sessiontype = 0
12-14 03:46:43.740  1118 31144 D rild_exynos: RilAudioClientImpl NotifyImsCallInfoToAudioService() NotifyImsCallInfoToAudioService
12-14 03:46:43.740  1118 31144 D rild_exynos: RilAudioClientImpl NotifyImsCallInfoToAudioService() sending IMS call info: 1 call(s)
12-14 03:46:43.741  2855  8356 D QnsUtils: isWfcEnabled slot:0 byUser:false byPlatform:true ProvisionedOnDevice:true roam:false
12-14 03:46:43.741  2310  3545 D GRIL-VendorImsExt: convertHalImsCallInfo: totalVarLength = 0, sdpLength = 0, connPartyNumberLen = 0
12-14 03:46:43.741  2310  2310 D GRIL-S  : IMS call info IND received
12-14 03:46:43.741  2470  2470 D Telephony: TelephonyConferenceController: remove - connection not tracked; connection=[TelephonyConnection objId:104922304 telecomCallID:TC@1518_1 type:ims state:DIALING capabilities:[Capabilities: CAPABILITY_SUPPORT_HOLD CAPABILITY_MUTE CAPABILITY_CANNOT_DOWNGRADE_VIDEO_TO_AUDIO] properties:[Properties:] address:[3J-Ocpp2SP4DrInjhKpKL6CMia0] originalConnection:[ImsPhoneConnection objId: 135277414 telecomCallID: TC@1518_1 address: [7VAIDPPhNR76Kr9BGPFr0EYDrug] isAdhocConf: N ImsCall: [ImsCall objId:224630770 onHold:N mute:N mCallProfile:{ serviceType=1, callType=2, restrictCause=0, mediaProfile={ audioQuality=0, audioDirection=3, audioCodecAttribute=null, videoQuality=0, videoDirection=-1, rttMode=0, hasRttAudioSpeech=false }, emergencyServiceCategories=0, emergencyUrns=[], emergencyCallRouting=0, emergencyCallTesting=false, hasKnownUserIntentEmergency=false, mRestrictCause=0, mCallerNumberVerstat= 0, mAcceptedRtpHeaderExtensions= [] } networkType:0 updateRequest:NONE merging:N merge action pending:N merged:N multiParty:N confHost:N buried term:N isVideo: N wasVideo: N isWifi: N session:[ImsCallSession objId:186629885 callId:[UNINITIALIZED]] transientSession:null]] partOfConf:N confSupported:Y isAdhocConf:N]
12-14 03:46:43.741  2470  2470 V Telephony: recalculateConference
12-14 03:46:43.742  2470  2470 V Telephony: ImsConferenceController: recalculateConferenceable : 1
12-14 03:46:43.742  2470  2506 D Phone   : isImsCapabilityAvailable, capability=1, regTech=0, isAvailable=true
12-14 03:46:43.742  2470  2470 V Telephony: conferenceableSet size: 0
12-14 03:46:43.742  2470  2470 D Telephony: TelephonyConferenceController: remove - connection not tracked; connection=[TelephonyConnection objId:104922304 telecomCallID:TC@1518_1 type:ims state:DIALING capabilities:[Capabilities: CAPABILITY_SUPPORT_HOLD CAPABILITY_MUTE CAPABILITY_CANNOT_DOWNGRADE_VIDEO_TO_AUDIO] properties:[Properties:] address:[3J-Ocpp2SP4DrInjhKpKL6CMia0] originalConnection:[ImsPhoneConnection objId: 135277414 telecomCallID: TC@1518_1 address: [7VAIDPPhNR76Kr9BGPFr0EYDrug] isAdhocConf: N ImsCall: [ImsCall objId:224630770 onHold:N mute:N mCallProfile:{ serviceType=1, callType=2, restrictCause=0, mediaProfile={ audioQuality=0, audioDirection=3, audioCodecAttribute=null, videoQuality=0, videoDirection=-1, rttMode=0, hasRttAudioSpeech=false }, emergencyServiceCategories=0, emergencyUrns=[], emergencyCallRouting=0, emergencyCallTesting=false, hasKnownUserIntentEmergency=false, mRestrictCause=0, mCallerNumberVerstat= 0, mAcceptedRtpHeaderExtensions= [] } networkType:0 updateRequest:NONE merging:N merge action pending:N merged:N multiParty:N confHost:N buried term:N isVideo: N wasVideo: N isWifi: N session:[ImsCallSession objId:186629885 callId:[UNINITIALIZED]] transientSession:null]] partOfConf:N confSupported:Y isAdhocConf:N]
12-14 03:46:43.742  8637  8678 D ConnectivityMonitorStateMachine: [OnCallLteOrNr] {subId=1} Enter
12-14 03:46:43.743  8637  8678 D ConnectivityMonitorStateMachine: [OnCallLteOrNr] {subId=1} processMessage(CALL_ATTRIBUTE_CHANGED) CMMessage{id=204d66d2-cee9-45b1-877d-ef84fd9a162e, obj=mPreciseCallState=Ringing call state: 0, Foreground call state: 3, Background call state: 0, Disconnect cause: -1, Precise disconnect cause: -1 mNetworkType=0 mCallQuality=CallQuality: {downlinkCallQualityLevel=0 uplinkCallQualityLevel=0 callDuration=0 numRtpPacketsTransmitted=0 numRtpPacketsReceived=0 numRtpPacketsTransmittedLost=0 numRtpPacketsNotReceived=0 averageRelativeJitter=0 maxRelativeJitter=0 averageRoundTripTime=0 codecType=0 rtpInactivityDetected=false txSilenceDetected=false rxSilenceDetected=false numVoiceFrames=0 numNoDataFrames=0 numDroppedRtpPackets=0 minPlayoutDelayMillis=0 maxPlayoutDelayMillis=0 numRtpSidPacketsReceived=0 numRtpDuplicatePackets=0}, timestamp=2023-12-14T11:46:43.739Z}
12-14 03:46:43.743  8637  8678 I ConnectivityMonitorStateMachine: [OnCallLteOrNr] {subId=1} Ignore call quality: CallQuality: {downlinkCallQualityLevel=0 uplinkCallQualityLevel=0 callDuration=0 numRtpPacketsTransmitted=0 numRtpPacketsReceived=0 numRtpPacketsTransmittedLost=0 numRtpPacketsNotReceived=0 averageRelativeJitter=0 maxRelativeJitter=0 averageRoundTripTime=0 codecType=0 rtpInactivityDetected=false txSilenceDetected=false rxSilenceDetected=false numVoiceFrames=0 numNoDataFrames=0 numDroppedRtpPackets=0 minPlayoutDelayMillis=0 maxPlayoutDelayMillis=0 numRtpSidPacketsReceived=0 numRtpDuplicatePackets=0}
12-14 03:46:43.743   910 11905 D audio_hw: IMS call:
12-14 03:46:43.743  2470  2470 D Telephony: updateHoldCapability(): topHoldableCount = 1
12-14 03:46:43.743   910 11905 D audio_hw: session 0(em:0): CALL_STATUS_DIALING
12-14 03:46:43.743  1118 31144 D rild_exynos: RilAudioClientImpl NotifyImsCallInfoToAudioService() notify Audio service 1
12-14 03:46:43.743  2855  8477 D GoogleQnsManager[0]: EVENT_UNSOL_IMS_CALL_INFO
12-14 03:46:43.743  2470  2470 D Telephony: buildConnectionCapabilities: isHoldable = true State = 3 capabilities = 2
12-14 03:46:43.743  2855  8477 D QNS_AlternativeEventListener_0: onCallInfoChanged callId0  type1  state3
12-14 03:46:43.744  2855  8477 D QNS_AlternativeEventListener_0: add callinfo alerting/dialing with id 0
12-14 03:46:43.746  2371  2371 D SHANNON_IMS: 3172 [CALL] listening callSessionDialing : rttMode=0 [SLID:0 CID:-1 CURI:469****372 MLT:false  ICP:{ serviceType=1, callType=2, restrictCause=0, mediaProfile={ audioQuality=0, audioDirection=3, audioCodecAttribute=null, videoQuality=0, videoDirection=-1, rttMode=0, hasRttAudioSpeech=false }, emergencyServiceCategories=0, emergencyUrns=[], emergencyCallRouting=0, emergencyCallTesting=false, hasKnownUserIntentEmergency=false, mRestrictCause=0, mCallerNumberVerstat= 0, mAcceptedRtpHeaderExtensions= [] }CST:IDLE  HRS:IDLE IC:false ECC:NONE WFC:false VCC:false OIR:2 CRS:false CUI:CCID:0 MP:false CCS:IDLE L(0):[] PCR:UNSPECIFIED LRS:LOCATION_NOT_REQUESTED] (ImsCall$Listener%callSessionDialing:2391)
12-14 03:46:43.747  1564  3916 I Telecom : InCallController: Sending updateCall [Call id=TC@1518, state=CONNECTING, tpac=ComponentInfo{com.android.phone/com.android.services.telephony.TelephonyConnectionService}, 1, UserHandle{0}, cmgr=ComponentInfo{com.android.phone/com.android.services.telephony.TelephonyConnectionService}, 1, UserHandle{0}, handle=tel:********72, vidst=A, childs(0), has_parent(false), cap=[], prop=[]], voip=false: (...->CS.crCo->H.CS.crCo->H.CS.crCo.pICR)->CSW.hCCC(cap/cast)@E-E-s2Y?
12-14 03:46:43.747  2470  2470 V Telephony: MSG_PRECISE_CALL_STATE_CHANGED
12-14 03:46:43.747  2855  8356 D QnsUtils: isWfcEnabledByPlatform:true slot:0
12-14 03:46:43.747  2470  2470 D ImsPhoneConnection: getDisconnectCause: cause=0
12-14 03:46:43.747  2470  2470 V Telephony: GsmConnection: Update state from DIALING to DIALING for TC@1518_1
12-14 03:46:43.747  1564  3916 I Telecom : InCallController: Components updated: [ComponentInfo{com.google.android.bluetooth/com.android.bluetooth.telephony.BluetoothInCallService}, ComponentInfo{com.google.android.apps.scone/com.google.android.apps.scone.coex.StateService}, ComponentInfo{com.google.android.googlequicksearchbox/com.google.android.libraries.search.assistant.incallservice.IncomingCallInCallService}, ComponentInfo{android/com.android.server.companion.datatransfer.contextsync.CallMetadataSyncInCallService}, ComponentInfo{com.google.android.dialer/com.android.incallui.InCallServiceImpl}]: (...->CS.crCo->H.CS.crCo->H.CS.crCo.pICR)->CSW.hCCC(cap/cast)@E-E-s2Y?
12-14 03:46:43.747  1564  3916 I Telecom : InCallController: Sending updateCall [Call id=TC@1518, state=CONNECTING, tpac=ComponentInfo{com.android.phone/com.android.services.telephony.TelephonyConnectionService}, 1, UserHandle{0}, cmgr=ComponentInfo{com.android.phone/com.android.services.telephony.TelephonyConnectionService}, 1, UserHandle{0}, handle=tel:********72, vidst=A, childs(0), has_parent(false), cap=[ sup_hld mut !v2a], prop=[]], voip=false: (...->CS.crCo->H.CS.crCo->H.CS.crCo.pICR)->CSW.hCCC(cap/cast)@E-E-s2Y?
12-14 03:46:43.747  8637  8677 D StateService: updateVoiceCallType: voiceCallType => OTHER
12-14 03:46:43.748  1564  3916 I Telecom : InCallController: Components updated: [ComponentInfo{com.google.android.bluetooth/com.android.bluetooth.telephony.BluetoothInCallService}, ComponentInfo{com.google.android.apps.scone/com.google.android.apps.scone.coex.StateService}, ComponentInfo{com.google.android.googlequicksearchbox/com.google.android.libraries.search.assistant.incallservice.IncomingCallInCallService}, ComponentInfo{android/com.android.server.companion.datatransfer.contextsync.CallMetadataSyncInCallService}, ComponentInfo{com.google.android.dialer/com.android.incallui.InCallServiceImpl}]: (...->CS.crCo->H.CS.crCo->H.CS.crCo.pICR)->CSW.hCCC(cap/cast)@E-E-s2Y?
12-14 03:46:43.748  2470  2470 D Telephony: buildConnectionCapabilities: isHoldable = true State = 3 capabilities = 2
12-14 03:46:43.748  1564  3916 I Telecom : Event: RecordEntry TC@1518: CAPABILITY_CHANGE, Current: [[ sup_hld mut !v2a]], Removed [[]], Added [[ sup_hld mut !v2a]]: (...->CS.crCo->H.CS.crCo->H.CS.crCo.pICR)->CSW.hCCC(cap/cast)@E-E-s2Y?
12-14 03:46:43.748  1564  3916 I Telecom : InCallController: Sending updateCall [Call id=TC@1518, state=CONNECTING, tpac=ComponentInfo{com.android.phone/com.android.services.telephony.TelephonyConnectionService}, 1, UserHandle{0}, cmgr=ComponentInfo{com.android.phone/com.android.services.telephony.TelephonyConnectionService}, 1, UserHandle{0}, handle=tel:********72, vidst=A, childs(0), has_parent(false), cap=[ sup_hld mut !v2a], prop=[]], voip=false: (...->CS.crCo->H.CS.crCo->H.CS.crCo.pICR)->CSW.hCCC(cap/cast)@E-E-s2Y?
12-14 03:46:43.748  1564  3916 I Telecom : InCallController: Components updated: [ComponentInfo{com.google.android.bluetooth/com.android.bluetooth.telephony.BluetoothInCallService}, ComponentInfo{com.google.android.apps.scone/com.google.android.apps.scone.coex.StateService}, ComponentInfo{com.google.android.googlequicksearchbox/com.google.android.libraries.search.assistant.incallservice.IncomingCallInCallService}, ComponentInfo{android/com.android.server.companion.datatransfer.contextsync.CallMetadataSyncInCallService}, ComponentInfo{com.google.android.dialer/com.android.incallui.InCallServiceImpl}]: (...->CS.crCo->H.CS.crCo->H.CS.crCo.pICR)->CSW.hCCC(cap/cast)@E-E-s2Y?
12-14 03:46:43.748  1564  2504 I Telecom : CallAudioModeStateMachine: Message received: FOREGROUND_VOIP_MODE_CHANGE.: (...->CS.crCo->H.CS.crCo->H.CS.crCo.pICR)->CSW.hCCC->CAMSM.pM_4001(cap/cast)@E-E-s2Y?
12-14 03:46:43.748  2855  8356 D IwlanNetworkStatusTracker: SIM country = us, current country = US
12-14 03:46:43.748 30410 30410 I DialerTelecomEventUiThreadBlockedTimer: com.android.incallui.TelecomEventUiThreadBlockedTimer.lambda$onEvent$0:58 InCallService.uiThreadBlockedByTelecomEvent blocked UI thread for 0.89 ms
12-14 03:46:43.748  2855  8356 D QNS_AccessNetworkEvaluator_0_ims:  evaluate isAllowed for transportType:WLAN isWfcEnabled:false
12-14 03:46:43.749 30410 30410 I DialerTelecomEventUiThreadBlockedTimer: com.android.incallui.TelecomEventUiThreadBlockedTimer.lambda$onEvent$0:58 InCallService.uiThreadBlockedByTelecomEvent.onDetailsChanged blocked UI thread for 1.04 ms
12-14 03:46:43.749  2855  8356 D QNS_AccessNetworkEvaluator_0_ims:  evaluate isAllowed for transportType:WWAN
12-14 03:46:43.749  2855  8356 D RestrictManager_0_ims: isAllowedOnSingleTransport (WWAN)  restriction :RestrictInfo[WWAN] : No restriction
12-14 03:46:43.749  2855  8356 D QNS_AccessNetworkEvaluator_0_ims:  evaluate Available for transportType:WWAN isAvailable:true isRestricted:false
12-14 03:46:43.749  2855  8356 D QNS_AccessNetworkEvaluator_0_ims:  availability Iwlan:false Cellular:true
12-14 03:46:43.749 30410 30410 I DialerTelecomEventUiThreadBlockedTimer: com.android.incallui.TelecomEventUiThreadBlockedTimer.lambda$onEvent$0:58 InCallService.uiThreadBlockedByTelecomEvent blocked UI thread for 0.08 ms
12-14 03:46:43.749 30410 30410 I DialerTelecomEventUiThreadBlockedTimer: com.android.incallui.TelecomEventUiThreadBlockedTimer.lambda$onEvent$0:58 InCallService.uiThreadBlockedByTelecomEvent.onDetailsChanged blocked UI thread for 0.15 ms
12-14 03:46:43.749 30410 30473 W DialerSessionModificationCause: com.android.dialer.incall.core.video.impl.SessionModificationCause$Cause.fromTelecomCall:104 call extras is null [CONTEXT disable_client_error_logging=true ]
12-14 03:46:43.749 30410 30473 W DialerSessionModificationCause: com.android.dialer.incall.core.video.impl.SessionModificationCause$Cause.fromTelecomCall:104 call extras is null [CONTEXT disable_client_error_logging=true ]
12-14 03:46:43.749 30410 30472 I DialerInCallUpdatePropagatorImpl: com.android.dialer.incall.core.dataservice.impl.InCallUpdatePropagatorImpl$1.onSuccess:79 IN_CALL_UPDATE_MONITORING: fire update in the ui thread
12-14 03:46:43.749 30410 30467 I DialerCallScopesImpl: com.android.dialer.incall.core.callscope.callscopes.impl.CallScopesImpl.getAudioAvailableCallScope:214 enter
12-14 03:46:43.749 30410 30472 I DialerInCallProductionComponentAuthorityImpl: com.android.dialer.incall.core.dataservice.impl.InCallProductionComponentAuthorityImpl.postNewPrimaryCallGraph:60 IN_CALL_UPDATE_MONITORING: start building new call graph
12-14 03:46:43.749  2470  2470 D Telephony: buildConnectionCapabilities: isHoldable = true State = 3 capabilities = 2
12-14 03:46:43.749 30410 30467 I DialerCallScopesImpl: com.android.dialer.incall.core.callscope.callscopes.impl.CallScopesImpl.getAudioAvailableCallScope:221 found 1 call scopes
12-14 03:46:43.749  2855  8356 D QualityMonitor-I: Thresholds stored: {}
12-14 03:46:43.750 30410 30467 I DialerCallScopesImpl: com.android.dialer.incall.core.callscope.callscopes.impl.CallScopesImpl.getAudioAvailableCallScope:253 getAudioAvailableCallScope returning empty optional
12-14 03:46:43.750 30410 30467 I DialerAudioAvailableCallAttributesUpdatePropagator: com.android.dialer.audio.impl.tidepods.AudioAvailableCallAttributesUpdatePropagator.lambda$updateModelAndPropagate$3:119 no active call scope present
12-14 03:46:43.750  1564  3916 I Telecom : InCallController: Sending updateCall [Call id=TC@1518, state=CONNECTING, tpac=ComponentInfo{com.android.phone/com.android.services.telephony.TelephonyConnectionService}, 1, UserHandle{0}, cmgr=ComponentInfo{com.android.phone/com.android.services.telephony.TelephonyConnectionService}, 1, UserHandle{0}, handle=tel:********72, vidst=A, childs(0), has_parent(false), cap=[ sup_hld mut !v2a], prop=[]], voip=false: (...->CS.crCo->H.CS.crCo->H.CS.crCo.pICR)->CSW.hCCC(cap/cast)@E-E-s2Y?
12-14 03:46:43.750 30410 30467 I DialerAudioAvailableCallAttributesUpdatePropagator: com.android.dialer.audio.impl.tidepods.AudioAvailableCallAttributesUpdatePropagator.lambda$updateModelAndPropagate$4:142 no new model to propagate
12-14 03:46:43.750 30410 30467 I DialerCallScopesImpl: com.android.dialer.incall.core.callscope.callscopes.impl.CallScopesImpl.getAudioAvailableCallScope:214 enter
12-14 03:46:43.750 30410 30467 I DialerCallScopesImpl: com.android.dialer.incall.core.callscope.callscopes.impl.CallScopesImpl.getAudioAvailableCallScope:221 found 1 call scopes
12-14 03:46:43.750  1564  1602 I WifiService: getConnectionInfo uid=1000
12-14 03:46:43.750 30410 30467 I DialerCallScopesImpl: com.android.dialer.incall.core.callscope.callscopes.impl.CallScopesImpl.getAudioAvailableCallScope:253 getAudioAvailableCallScope returning empty optional
12-14 03:46:43.750 30410 30467 I DialerAudioAvailableCallAttributesUpdatePropagator: com.android.dialer.audio.impl.tidepods.AudioAvailableCallAttributesUpdatePropagator.lambda$updateModelAndPropagate$3:119 no active call scope present
12-14 03:46:43.751  1564  3916 I Telecom : InCallController: Components updated: [ComponentInfo{com.google.android.bluetooth/com.android.bluetooth.telephony.BluetoothInCallService}, ComponentInfo{com.google.android.apps.scone/com.google.android.apps.scone.coex.StateService}, ComponentInfo{com.google.android.googlequicksearchbox/com.google.android.libraries.search.assistant.incallservice.IncomingCallInCallService}, ComponentInfo{android/com.android.server.companion.datatransfer.contextsync.CallMetadataSyncInCallService}, ComponentInfo{com.google.android.dialer/com.android.incallui.InCallServiceImpl}]: (...->CS.crCo->H.CS.crCo->H.CS.crCo.pICR)->CSW.hCCC(cap/cast)@E-E-s2Y?
12-14 03:46:43.751 30410 30467 I DialerAudioAvailableCallAttributesUpdatePropagator: com.android.dialer.audio.impl.tidepods.AudioAvailableCallAttributesUpdatePropagator.lambda$updateModelAndPropagate$4:142 no new model to propagate
12-14 03:46:43.751  1564  3916 I Telecom : InCallController: Sending updateCall [Call id=TC@1518, state=CONNECTING, tpac=ComponentInfo{com.android.phone/com.android.services.telephony.TelephonyConnectionService}, 1, UserHandle{0}, cmgr=ComponentInfo{com.android.phone/com.android.services.telephony.TelephonyConnectionService}, 1, UserHandle{0}, handle=tel:********72, vidst=A, childs(0), has_parent(false), cap=[ sup_hld mut !v2a], prop=[]], voip=false: (...->CS.crCo->H.CS.crCo->H.CS.crCo.pICR)->CSW.hCCC(cap/cast)@E-E-s2Y?
12-14 03:46:43.751 30410 30472 I DialerTiktokDataServiceInCallUpdateListener: com.android.dialer.incall.core.dataservice.impl.TiktokDataServiceInCallUpdateListener.onCallGraphUpdated:30 IN_CALL_UPDATE_MONITORING: enter
12-14 03:46:43.752 30410 30472 I DialerDialerBubbleController: com.android.dialer.incall.bubble.dialerbubble.DialerBubbleController.onCallGraphUpdated:79 IN_CALL_UPDATE_MONITORING: enter
12-14 03:46:43.753 30410 30472 I DialerStatusBarNotifier: com.android.dialer.incall.statusbarnotification.ui.StatusBarNotifier.onCallGraphUpdated:226 updateInProgress: false
12-14 03:46:43.753  8637  8677 D StateService: updateVoiceCallType: voiceCallType => OTHER
12-14 03:46:43.753 30410 30472 I DialerStatusBarNotifier: com.android.dialer.incall.statusbarnotification.ui.StatusBarNotifier.getModel:475 PrimaryCallGraph present: true; model already present: true
12-14 03:46:43.753  1564  3916 I Telecom : InCallController: Components updated: [ComponentInfo{com.google.android.bluetooth/com.android.bluetooth.telephony.BluetoothInCallService}, ComponentInfo{com.google.android.apps.scone/com.google.android.apps.scone.coex.StateService}, ComponentInfo{com.google.android.googlequicksearchbox/com.google.android.libraries.search.assistant.incallservice.IncomingCallInCallService}, ComponentInfo{android/com.android.server.companion.datatransfer.contextsync.CallMetadataSyncInCallService}, ComponentInfo{com.google.android.dialer/com.android.incallui.InCallServiceImpl}]: (...->CS.crCo->H.CS.crCo->H.CS.crCo.pICR)->CSW.hCCC(cap/cast)@E-E-s2Y?
12-14 03:46:43.753  1564  3916 I Telecom : InCallController: Sending updateCall [Call id=TC@1518, state=CONNECTING, tpac=ComponentInfo{com.android.phone/com.android.services.telephony.TelephonyConnectionService}, 1, UserHandle{0}, cmgr=ComponentInfo{com.android.phone/com.android.services.telephony.TelephonyConnectionService}, 1, UserHandle{0}, handle=tel:********72, vidst=A, childs(0), has_parent(false), cap=[ sup_hld mut !v2a], prop=[]], voip=false: (...->CS.crCo->H.CS.crCo->H.CS.crCo.pICR)->CSW.hCCC(cap/cast)@E-E-s2Y?
12-14 03:46:43.753  1564  3916 I Telecom : InCallController: Components updated: [ComponentInfo{com.google.android.bluetooth/com.android.bluetooth.telephony.BluetoothInCallService}, ComponentInfo{com.google.android.apps.scone/com.google.android.apps.scone.coex.StateService}, ComponentInfo{com.google.android.googlequicksearchbox/com.google.android.libraries.search.assistant.incallservice.IncomingCallInCallService}, ComponentInfo{android/com.android.server.companion.datatransfer.contextsync.CallMetadataSyncInCallService}, ComponentInfo{com.google.android.dialer/com.android.incallui.InCallServiceImpl}]: (...->CS.crCo->H.CS.crCo->H.CS.crCo.pICR)->CSW.hCCC(cap/cast)@E-E-s2Y?
12-14 03:46:43.753 30410 30410 I DialerDialerBubbleController: com.android.dialer.incall.bubble.dialerbubble.DialerBubbleController.lambda$onCallGraphUpdated$1:90 IN_CALL_UPDATE_MONITORING: fire update in the ui thread
12-14 03:46:43.753  1564  3916 I Telecom : CallsManager: setCallState CONNECTING -> DIALING, call: [Call id=TC@1518, state=CONNECTING, tpac=ComponentInfo{com.android.phone/com.android.services.telephony.TelephonyConnectionService}, 1, UserHandle{0}, cmgr=ComponentInfo{com.android.phone/com.android.services.telephony.TelephonyConnectionService}, 1, UserHandle{0}, handle=tel:********72, vidst=A, childs(0), has_parent(false), cap=[ sup_hld mut !v2a], prop=[]], voip=false: (...->CS.crCo->H.CS.crCo->H.CS.crCo.pICR)->CSW.hCCC(cap/cast)@E-E-s2Y?
12-14 03:46:43.754  1564  3916 I Telecom : Event: RecordEntry TC@1518: SET_DIALING, successful outgoing call: (...->CS.crCo->H.CS.crCo->H.CS.crCo.pICR)->CSW.hCCC(cap/cast)@E-E-s2Y?
12-14 03:46:43.754 30410 30410 I DialerTelecomEventUiThreadBlockedTimer: com.android.incallui.TelecomEventUiThreadBlockedTimer.lambda$onEvent$0:58 InCallService.uiThreadBlockedByTelecomEvent blocked UI thread for 0.18 ms
12-14 03:46:43.754  1564  2505 I Telecom : ConnectionServiceFocusManager: updateCurrentFocusCall [Call id=TC@1518, state=DIALING, tpac=ComponentInfo{com.android.phone/com.android.services.telephony.TelephonyConnectionService}, 1, UserHandle{0}, cmgr=ComponentInfo{com.android.phone/com.android.services.telephony.TelephonyConnectionService}, 1, UserHandle{0}, handle=tel:********72, vidst=A, childs(0), has_parent(false), cap=[ sup_hld mut !v2a], prop=[]], voip=false: (...->CS.crCo->H.CS.crCo->H.CS.crCo.pICR)->CSW.hCCC->CSFM.oCSS(cap/cast)@E-E-s2Y?
12-14 03:46:43.754 30410 30410 I DialerTelecomEventUiThreadBlockedTimer: com.android.incallui.TelecomEventUiThreadBlockedTimer.lambda$onEvent$0:58 InCallService.uiThreadBlockedByTelecomEvent.onVideoCallChanged blocked UI thread for 0.26 ms
12-14 03:46:43.754  1564  3916 I Telecom : TelecomWakeLock: WakeLock already released with id: 26: (...->CS.crCo->H.CS.crCo->H.CS.crCo.pICR)->CSW.hCCC(cap/cast)@E-E-s2Y?
12-14 03:46:43.754  1564  3916 I Telecom : InCallWakeLockController: Releasing full wake lock: (...->CS.crCo->H.CS.crCo->H.CS.crCo.pICR)->CSW.hCCC(cap/cast)@E-E-s2Y?
12-14 03:46:43.754 30410 30410 I DialerTelecomEventUiThreadBlockedTimer: com.android.incallui.TelecomEventUiThreadBlockedTimer.lambda$onEvent$0:58 InCallService.uiThreadBlockedByTelecomEvent blocked UI thread for 0.06 ms
12-14 03:46:43.754  1564  3916 I Telecom : InCallController: Sending updateCall [Call id=TC@1518, state=DIALING, tpac=ComponentInfo{com.android.phone/com.android.services.telephony.TelephonyConnectionService}, 1, UserHandle{0}, cmgr=ComponentInfo{com.android.phone/com.android.services.telephony.TelephonyConnectionService}, 1, UserHandle{0}, handle=tel:********72, vidst=A, childs(0), has_parent(false), cap=[ sup_hld mut !v2a], prop=[]], voip=false: (...->CS.crCo->H.CS.crCo->H.CS.crCo.pICR)->CSW.hCCC(cap/cast)@E-E-s2Y?
12-14 03:46:43.754  2470  2470 V SMSVC   : getSubscriptionUserHandle subId = 1 userHandle = UserHandle{-10000}
12-14 03:46:43.754 30410 30472 I DialerVideoSurfaceCacheImpl: com.android.dialer.incall.core.video.impl.VideoSurfaceCacheImpl.onVideoCallChanged:205 video call changed
12-14 03:46:43.754 30410 30468 I DialerInCallUpdatePropagatorImpl: com.android.dialer.incall.core.dataservice.impl.InCallUpdatePropagatorImpl$1.onSuccess:79 IN_CALL_UPDATE_MONITORING: fire update in the ui thread
12-14 03:46:43.754 30410 30410 I DialerTelecomEventUiThreadBlockedTimer: com.android.incallui.TelecomEventUiThreadBlockedTimer.lambda$onEvent$0:58 InCallService.uiThreadBlockedByTelecomEvent.onDetailsChanged blocked UI thread for 0.13 ms
12-14 03:46:43.754 30410 30472 I DialerVideoCallCallback: com.android.dialer.incall.core.video.impl.VideoCallCallback.onVideoCallChanged:55 enter
12-14 03:46:43.754  1564  3916 I Telecom : InCallController: Components updated: [ComponentInfo{com.google.android.bluetooth/com.android.bluetooth.telephony.BluetoothInCallService}, ComponentInfo{com.google.android.apps.scone/com.google.android.apps.scone.coex.StateService}, ComponentInfo{com.google.android.googlequicksearchbox/com.google.android.libraries.search.assistant.incallservice.IncomingCallInCallService}, ComponentInfo{android/com.android.server.companion.datatransfer.contextsync.CallMetadataSyncInCallService}, ComponentInfo{com.google.android.dialer/com.android.incallui.InCallServiceImpl}]: (...->CS.crCo->H.CS.crCo->H.CS.crCo.pICR)->CSW.hCCC(cap/cast)@E-E-s2Y?
12-14 03:46:43.754 30410 30472 I DialerVideoCallCallback: com.android.dialer.incall.core.video.impl.VideoCallCallback.lambda$onVideoCallChanged$0:61 register
12-14 03:46:43.754  1564  3916 I Telecom : CallAnomalyWatchdog: onCallStateChanged: call=[Call id=TC@1518, state=DIALING, tpac=ComponentInfo{com.android.phone/com.android.services.telephony.TelephonyConnectionService}, 1, UserHandle{0}, cmgr=ComponentInfo{com.android.phone/com.android.services.telephony.TelephonyConnectionService}, 1, UserHandle{0}, handle=tel:********72, vidst=A, childs(0), has_parent(false), cap=[ sup_hld mut !v2a], prop=[]], voip=false: (...->CS.crCo->H.CS.crCo->H.CS.crCo.pICR)->CSW.hCCC(cap/cast)@E-E-s2Y?
12-14 03:46:43.755  1564  3916 I Telecom : CallAnomalyWatchdog: maybePostCleanupTask; callId=TC@1518, state=DIALING, createConnComplete=true: (...->CS.crCo->H.CS.crCo->H.CS.crCo.pICR)->CSW.hCCC(cap/cast)@E-E-s2Y?
12-14 03:46:43.755  1564  2504 I Telecom : CallAudioModeStateMachine: Message received: NEW_ACTIVE_OR_DIALING_CALL.: (...->CS.crCo->H.CS.crCo->H.CS.crCo.pICR)->CSW.hCCC->CAMSM.pM_2001(cap/cast)@E-E-s2Y?
12-14 03:46:43.755 30410 30469 I DialerPrivate: com.android.dialer.incall.bubble.service.BubbleModelProducerModule.produceIsBubbleFeatureEnabledForCall:335 Not showing bubble in Android S+.
12-14 03:46:43.755  2470  2470 V Telephony: GsmConnection: refreshConferenceSupported : isConfSupp=true, isImsConfSupp=true, isVidConfSupp=false, isMergeOfWifiAllowed=true, isWifi=false, isVoWifiEnabled=false
12-14 03:46:43.755  2470  2470 D Telephony: refreshConferenceSupported = true.
12-14 03:46:43.755 30410 30472 I DialerPhoneLookupInfoConsolidator: com.android.dialer.phonelookup.consolidator.PhoneLookupInfoConsolidator.getGeolocation:386 nameSource: NONE
12-14 03:46:43.755 30410 30473 I DialerAtlasBusinessFinderImpl: com.android.incallui.atlas.ui.impl.businessfinder.AtlasBusinessFinderImpl.findBusinessMatchingPhoneNumber:214 finding business in cache
12-14 03:46:43.755 30410 30468 I DialerInCallProductionComponentAuthorityImpl: com.android.dialer.incall.core.dataservice.impl.InCallProductionComponentAuthorityImpl.postNewPrimaryCallGraph:60 IN_CALL_UPDATE_MONITORING: start building new call graph
12-14 03:46:43.755 30410 30472 I DialerPhoneNumberGeoLocatorImpl: com.android.dialer.phonenumbergeolocator.impl.PhoneNumberGeoLocatorImpl.getGeoDescription:54 number: **********
12-14 03:46:43.755 30410 30472 I DialerPhoneNumberGeoLocatorImpl: com.android.dialer.phonenumbergeolocator.impl.PhoneNumberGeoLocatorImpl.getGeoDescription:55 countryIso: Redacted-2-chars
12-14 03:46:43.755 30410 30450 W DialerLegacyHoldForMeMddResourcesImpl: com.android.incallui.atlas.ui.impl.mddresources.impl.LegacyHoldForMeMddResourcesImpl.lambda$getDownloadedZipFileUri$3:128 No model has been downloaded yet. [CONTEXT enable_persistent_logger=true ]
12-14 03:46:43.755  2273  2273 D BluetoothLeCallControl: callStateChanged: callId=6f9f71b1-60d4-43e1-a224-74634fb0a428 state=2
12-14 03:46:43.755  1564  1602 V WifiService: Clearing REDACT_FOR_LOCAL_MAC_ADDRESS for com.android.qns(uid=1000)
12-14 03:46:43.755 30410 30472 I DialerPhoneNumberGeoLocatorImpl: com.android.dialer.phonenumbergeolocator.impl.PhoneNumberGeoLocatorImpl.getGeoDescription:70 parsedPhoneNumber is null: false
12-14 03:46:43.755  1564  1602 V WifiService: Clearing REDACT_FOR_NETWORK_SETTINGS for com.android.qns(uid=1000)
12-14 03:46:43.755  8637  8680 D AudioControlCenterNotifier: onCallStateChanged, new state=2
12-14 03:46:43.755  1564  1602 V WifiService: Clearing REDACT_FOR_ACCESS_FINE_LOCATION for com.android.qns(uid=1000)
12-14 03:46:43.755  8637  8680 D LogWrapper: logVoiceCallStart, isIncoming=false
12-14 03:46:43.756 30410 30472 I DialerCallScopesImpl: com.android.dialer.incall.core.callscope.callscopes.impl.CallScopesImpl.getAudioAvailableCallScope:214 enter
12-14 03:46:43.756 30410 30472 I DialerCallScopesImpl: com.android.dialer.incall.core.callscope.callscopes.impl.CallScopesImpl.getAudioAvailableCallScope:221 found 1 call scopes
12-14 03:46:43.756 30410 30468 I DialerTiktokDataServiceInCallUpdateListener: com.android.dialer.incall.core.dataservice.impl.TiktokDataServiceInCallUpdateListener.onCallGraphUpdated:30 IN_CALL_UPDATE_MONITORING: enter
12-14 03:46:43.756 30410 30472 I DialerCallScopesImpl: com.android.dialer.incall.core.callscope.callscopes.impl.CallScopesImpl.getAudioAvailableCallScope:253 getAudioAvailableCallScope returning empty optional
12-14 03:46:43.756 30410 30468 I DialerDialerBubbleController: com.android.dialer.incall.bubble.dialerbubble.DialerBubbleController.onCallGraphUpdated:79 IN_CALL_UPDATE_MONITORING: enter
12-14 03:46:43.756 30410 30472 I DialerAudioAvailableCallAttributesUpdatePropagator: com.android.dialer.audio.impl.tidepods.AudioAvailableCallAttributesUpdatePropagator.lambda$updateModelAndPropagate$3:119 no active call scope present
12-14 03:46:43.756 30410 30468 I DialerStatusBarNotifier: com.android.dialer.incall.statusbarnotification.ui.StatusBarNotifier.onCallGraphUpdated:226 updateInProgress: true
12-14 03:46:43.757 30410 30468 I DialerStatusBarNotifier: com.android.dialer.incall.statusbarnotification.ui.StatusBarNotifier.onCallGraphUpdated:230 Setting updatedQueued to true
12-14 03:46:43.757  8637  8680 D AudioControlCenterNotifier: Has active call, hasActiveVoipCall=false, hasActiveTelephonyCall=true
12-14 03:46:43.757 30410 30472 I DialerAudioAvailableCallAttributesUpdatePropagator: com.android.dialer.audio.impl.tidepods.AudioAvailableCallAttributesUpdatePropagator.lambda$updateModelAndPropagate$4:142 no new model to propagate
12-14 03:46:43.757  1564  3137 D SystemServerTiming: getUserSwitchability-0
12-14 03:46:43.757  1564  3137 D SystemServerTiming: TM.isInCall
12-14 03:46:43.757  2855  8356 D WifiQualityMonitor-I: Current Wifi Threshold = -127
12-14 03:46:43.757  2855  8356 D WifiQualityMonitor-I: Registered threshold = -2147483648, new threshold = -2147483648
12-14 03:46:43.757  2855  8356 D CellularQualityMonitor-0: updateThresholdsForApn for apnType= 64
12-14 03:46:43.757  2855  8356 D QualityMonitor-C-0: Thresholds stored: {}
12-14 03:46:43.757 30410 30471 I DialerAtlasBusinessFinderImpl: com.android.incallui.atlas.ui.impl.businessfinder.AtlasBusinessFinderImpl.findBusinessMatchingPhoneNumber:214 finding business in cache
12-14 03:46:43.757 30410 30471 I DialerAtlasBusinessFinderImpl: com.android.incallui.atlas.ui.impl.businessfinder.AtlasBusinessFinderImpl.findBusinessMatchingPhoneNumber:216 result found in cache
12-14 03:46:43.757  2855  8356 D CellularQualityMonitor-0: Current threshold matrix: {}
12-14 03:46:43.757  2855  8356 D QNS_AccessNetworkEvaluator_0_ims: handleMessage msg=10015
12-14 03:46:43.757 30410 30468 I DialerPhoneLookupInfoConsolidator: com.android.dialer.phonelookup.consolidator.PhoneLookupInfoConsolidator.getName:204 nameSource: NONE
12-14 03:46:43.758 30410 30434 W DialerLegacyHoldForMeMddResourcesImpl: com.android.incallui.atlas.ui.impl.mddresources.impl.LegacyHoldForMeMddResourcesImpl.lambda$getDownloadedZipFileUri$3:128 No model has been downloaded yet. [CONTEXT enable_persistent_logger=true ]
12-14 03:46:43.758  1564  3916 I Telecom : PhoneStateBroadcaster: Broadcasted state change: 2: (...->CS.crCo->H.CS.crCo->H.CS.crCo.pICR)->CSW.hCCC(cap/cast)@E-E-s2Y?
12-14 03:46:43.758  1564  3916 I Telecom : IncomingCallNotifier: updateIncomingCall: foundIncomingcall = null: (...->CS.crCo->H.CS.crCo->H.CS.crCo.pICR)->CSW.hCCC(cap/cast)@E-E-s2Y?
12-14 03:46:43.758 30410 30471 I DialerPhoneLookupInfoConsolidator: com.android.dialer.phonelookup.consolidator.PhoneLookupInfoConsolidator.getGeolocation:386 nameSource: NONE
12-14 03:46:43.758 30410 30471 I DialerPhoneNumberGeoLocatorImpl: com.android.dialer.phonenumbergeolocator.impl.PhoneNumberGeoLocatorImpl.getGeoDescription:54 number: **********
12-14 03:46:43.758 30410 30471 I DialerPhoneNumberGeoLocatorImpl: com.android.dialer.phonenumbergeolocator.impl.PhoneNumberGeoLocatorImpl.getGeoDescription:55 countryIso: Redacted-2-chars
12-14 03:46:43.758  1564  3916 I Telecom : InCallController: Sending updateCall [Call id=TC@1518, state=DIALING, tpac=ComponentInfo{com.android.phone/com.android.services.telephony.TelephonyConnectionService}, 1, UserHandle{0}, cmgr=ComponentInfo{com.android.phone/com.android.services.telephony.TelephonyConnectionService}, 1, UserHandle{0}, handle=tel:********72, vidst=A, childs(0), has_parent(false), cap=[ sup_hld mut !v2a], prop=[]], voip=false: (...->CS.crCo->H.CS.crCo->H.CS.crCo.pICR)->CSW.hCCC(cap/cast)@E-E-s2Y?
12-14 03:46:43.758 30410 30471 I DialerPhoneNumberGeoLocatorImpl: com.android.dialer.phonenumbergeolocator.impl.PhoneNumberGeoLocatorImpl.getGeoDescription:70 parsedPhoneNumber is null: false
12-14 03:46:43.758 30410 30471 I DialerAtlasCallMetricsLogger: com.android.incallui.atlas.logger.AtlasCallMetricsLogger.logEnrollmentStatus:121 hold for me enrollment status:0
12-14 03:46:43.758  1564  3916 I Telecom : InCallController: Components updated: [ComponentInfo{com.google.android.bluetooth/com.android.bluetooth.telephony.BluetoothInCallService}, ComponentInfo{com.google.android.apps.scone/com.google.android.apps.scone.coex.StateService}, ComponentInfo{com.google.android.googlequicksearchbox/com.google.android.libraries.search.assistant.incallservice.IncomingCallInCallService}, ComponentInfo{android/com.android.server.companion.datatransfer.contextsync.CallMetadataSyncInCallService}, ComponentInfo{com.google.android.dialer/com.android.incallui.InCallServiceImpl}]: (...->CS.crCo->H.CS.crCo->H.CS.crCo.pICR)->CSW.hCCC(cap/cast)@E-E-s2Y?
12-14 03:46:43.759  1564  3916 I Telecom : CallsManager: setCallState DIALING -> DIALING, call: [Call id=TC@1518, state=DIALING, tpac=ComponentInfo{com.android.phone/com.android.services.telephony.TelephonyConnectionService}, 1, UserHandle{0}, cmgr=ComponentInfo{com.android.phone/com.android.services.telephony.TelephonyConnectionService}, 1, UserHandle{0}, handle=tel:********72, vidst=A, childs(0), has_parent(false), cap=[ sup_hld mut !v2a], prop=[]], voip=false: (...->CS.crCo->H.CS.crCo->H.CS.crCo.pICR)->CSW.hCCC(cap/cast)@E-E-s2Y?
12-14 03:46:43.759  1564  2491 I Telecom : CallAudioRouteStateMachine: Message received: UPDATE_SYSTEM_AUDIO_ROUTE=1201, arg1=0: (...->CS.crCo->H.CS.crCo->H.CS.crCo.pICR)->CSW.hCCC->CARSM.pM_UPDATE_SYSTEM_AUDIO_ROUTE(cap/cast)@E-E-s2Y?
12-14 03:46:43.759  1564  2491 I Telecom : ActiveEarpieceRoute: Processing message UPDATE_SYSTEM_AUDIO_ROUTE: (...->CS.crCo->H.CS.crCo->H.CS.crCo.pICR)->CSW.hCCC->CARSM.pM_UPDATE_SYSTEM_AUDIO_ROUTE(cap/cast)@E-E-s2Y?
12-14 03:46:43.759  1564  1602 I am_uid_active: 10127
12-14 03:46:43.759  1564  2491 D BluetoothAdapter: getActiveDevices(profile= HEADSET)
12-14 03:46:43.759 30410 30469 I DialerPhoneLookupInfoConsolidator: com.android.dialer.phonelookup.consolidator.PhoneLookupInfoConsolidator.getName:204 nameSource: NONE
12-14 03:46:43.759  1564  3137 V SystemServerTiming: TM.isInCall took to complete: 2ms
12-14 03:46:43.759  1564  3137 D SystemServerTiming: hasUserRestriction-DISALLOW_USER_SWITCH
12-14 03:46:43.759  1564  3137 V SystemServerTiming: hasUserRestriction-DISALLOW_USER_SWITCH took to complete: 0ms
12-14 03:46:43.759  1564  3137 D SystemServerTiming: getInt-ALLOW_USER_SWITCHING_WHEN_SYSTEM_USER_LOCKED
12-14 03:46:43.759  1564  3137 V SystemServerTiming: getInt-ALLOW_USER_SWITCHING_WHEN_SYSTEM_USER_LOCKED took to complete: 0ms
12-14 03:46:43.759  1564  3137 D SystemServerTiming: isUserUnlocked-USER_SYSTEM
12-14 03:46:43.759  1564  3137 V SystemServerTiming: isUserUnlocked-USER_SYSTEM took to complete: 0ms
12-14 03:46:43.759  1564  3137 V SystemServerTiming: getUserSwitchability-0 took to complete: 2ms
12-14 03:46:43.759 30410 30410 I DialerTelecomCallbacksAdapter: com.android.dialer.incall.core.call.TelecomCallbacksAdapter.onStateChanged:119 onStateChanged [callId: DialerCall_0, state: 1]
12-14 03:46:43.759 30410 30469 I DialerDrawableConverter: com.android.dialer.util.DrawableConverter.drawableToBitmap:64 created bitmap with width: 147, height: 147
12-14 03:46:43.760  2470  2470 I TelecomFramework: TelephonyConnectionService: onAvailableCallEndpointsChanged TC@1518_1: (TSI.hCI->CM.fOCP->CM.sOCPA->CM.dSMCP->CM.dSPA->CM.pASP->CAMSM.pM_2001->CARSM.pM_SWITCH_FOCUS)->CS.oACEC->H.CS.cASC(cast)@E-s18
12-14 03:46:43.760  2470  2470 I TelecomFramework: TelephonyConnectionService: onCallEndpointChanged TC@1518_1 [CallEndpoint Name: Earpiece, Type: EARPIECE, Identifier: a60159c1-73dd-46e5-acab-35204867aa13]: (TSI.hCI->CM.fOCP->CM.sOCPA->CM.dSMCP->CM.dSPA->CM.pASP->CAMSM.pM_2001->CARSM.pM_SWITCH_FOCUS)->CS.oCEC->H.CS.cASC(cast)@E-s18
12-14 03:46:43.760  2470  2470 I TelecomFramework: TelephonyConnectionService: onMuteStateChanged TC@1518_1 false: (TSI.hCI->CM.fOCP->CM.sOCPA->CM.dSMCP->CM.dSPA->CM.pASP->CAMSM.pM_2001->CARSM.pM_SWITCH_FOCUS)->CS.oMSC->H.CS.cASC(cast)@E-s18
12-14 03:46:43.760  2470  2470 I TelecomFramework: TelephonyConnectionService: onAudioStateChanged TC@1518_1 [AudioState isMuted: false, route: EARPIECE, supportedRouteMask: EARPIECE, SPEAKER, activeBluetoothDevice: [null], supportedBluetoothDevices: []]: (TSI.hCI->CM.fOCP->CM.sOCPA->CM.dSMCP->CM.dSPA->CM.pASP->CAMSM.pM_2001->CARSM.pM_SWITCH_FOCUS)->CS.cASC->H.CS.cASC(cast)@E-s18
12-14 03:46:43.760 30410 30468 I DialerCallEventDriver: com.android.dialer.incall.core.call.events.impl.CallEventDriver$StateListener.onStateChanged:125 Telecom state CONNECTING -> DIALING
12-14 03:46:43.760  2470  2470 D TelephonyNetworkFactory[0]: got request NetworkRequest [ REQUEST id=7296, [ Capabilities: INTERNET&NOT_RESTRICTED&TRUSTED&NOT_VCN_MANAGED Uid: 10162 RequestorUid: 10162 RequestorPkg: com.google.android.dialer UnderlyingNetworks: Null] ]
12-14 03:46:43.760 30410 30410 I DialerTelecomEventUiThreadBlockedTimer: com.android.incallui.TelecomEventUiThreadBlockedTimer.lambda$onEvent$0:58 InCallService.uiThreadBlockedByTelecomEvent blocked UI thread for 0.76 ms
12-14 03:46:43.760  1564  3916 I Telecom : InCallController: Sending updateCall [Call id=TC@1518, state=DIALING, tpac=ComponentInfo{com.android.phone/com.android.services.telephony.TelephonyConnectionService}, 1, UserHandle{0}, cmgr=ComponentInfo{com.android.phone/com.android.services.telephony.TelephonyConnectionService}, 1, UserHandle{0}, handle=tel:********72, vidst=A, childs(0), has_parent(false), cap=[ sup_hld mut !v2a], prop=[]], voip=false: CSW.sSH(cap)@s3U?
12-14 03:46:43.760  2470  2470 E UsimFH  : exception caught from EVENT_GET_RECORD_SIZE
12-14 03:46:43.760 30410 30410 I DialerTelecomEventUiThreadBlockedTimer: com.android.incallui.TelecomEventUiThreadBlockedTimer.lambda$onEvent$0:58 InCallService.uiThreadBlockedByTelecomEvent.onStateChange blocked UI thread for 0.94 ms
12-14 03:46:43.760 30410 30410 I DialerTelecomEventUiThreadBlockedTimer: com.android.incallui.TelecomEventUiThreadBlockedTimer.lambda$onEvent$0:58 InCallService.uiThreadBlockedByTelecomEvent.onDetailsChanged blocked UI thread for 0.52 ms
12-14 03:46:43.760 30410 30468 I DialerInCallUpdatePropagatorImpl: com.android.dialer.incall.core.dataservice.impl.InCallUpdatePropagatorImpl$1.onSuccess:79 IN_CALL_UPDATE_MONITORING: fire update in the ui thread
12-14 03:46:43.760 30410 30468 I DialerInCallProductionComponentAuthorityImpl: com.android.dialer.incall.core.dataservice.impl.InCallProductionComponentAuthorityImpl.postNewPrimaryCallGraph:60 IN_CALL_UPDATE_MONITORING: start building new call graph
12-14 03:46:43.761  2470  2470 D DSMGR-0 : mIsDataEnabled=true, prevDataEnabled=true
12-14 03:46:43.761  1564  3916 I Telecom : InCallController: Components updated: [ComponentInfo{com.google.android.bluetooth/com.android.bluetooth.telephony.BluetoothInCallService}, ComponentInfo{com.google.android.apps.scone/com.google.android.apps.scone.coex.StateService}, ComponentInfo{com.google.android.googlequicksearchbox/com.google.android.libraries.search.assistant.incallservice.IncomingCallInCallService}, ComponentInfo{android/com.android.server.companion.datatransfer.contextsync.CallMetadataSyncInCallService}, ComponentInfo{com.google.android.dialer/com.android.incallui.InCallServiceImpl}]: CSW.sSH(cap)@s3U?
12-14 03:46:43.761  8637  8677 D StateService: updateVoiceCallType: voiceCallType => OTHER
12-14 03:46:43.761  8637  8677 D StateService: updateVoiceCallType: voiceCallType => OTHER
12-14 03:46:43.761  2273  2273 D TbsService: Service available
12-14 03:46:43.761 30410 30438 I DialerCallEventDriver: com.android.dialer.incall.core.call.events.impl.CallEventDriver.lambda$updateState$0:94 state ADDED -> DIALING_STARTED
12-14 03:46:43.761  1564  3916 I Telecom : InCallController: Sending updateCall [Call id=TC@1518, state=DIALING, tpac=ComponentInfo{com.android.phone/com.android.services.telephony.TelephonyConnectionService}, 1, UserHandle{0}, cmgr=ComponentInfo{com.android.phone/com.android.services.telephony.TelephonyConnectionService}, 1, UserHandle{0}, handle=tel:********72, vidst=A, childs(0), has_parent(false), cap=[ sup_hld mut !v2a], prop=[]], voip=false: CSW.rE(cap)@s3Y?
12-14 03:46:43.762 30410 30472 I DialerCallScopesImpl: com.android.dialer.incall.core.callscope.callscopes.impl.CallScopesImpl.getAudioAvailableCallScope:214 enter
12-14 03:46:43.762 30410 30472 I DialerCallScopesImpl: com.android.dialer.incall.core.callscope.callscopes.impl.CallScopesImpl.getAudioAvailableCallScope:221 found 1 call scopes
12-14 03:46:43.762 30410 30472 I DialerCallScopesImpl: com.android.dialer.incall.core.callscope.callscopes.impl.CallScopesImpl.getAudioAvailableCallScope:253 getAudioAvailableCallScope returning empty optional
12-14 03:46:43.762  2470  2470 D DN-100-C: ConnectedState: updateNetworkCapabilities: Capabilities not changed.
12-14 03:46:43.762 30410 30472 I DialerAudioAvailableCallAttributesUpdatePropagator: com.android.dialer.audio.impl.tidepods.AudioAvailableCallAttributesUpdatePropagator.lambda$updateModelAndPropagate$3:119 no active call scope present
12-14 03:46:43.762 30410 30472 I DialerAudioAvailableCallAttributesUpdatePropagator: com.android.dialer.audio.impl.tidepods.AudioAvailableCallAttributesUpdatePropagator.lambda$updateModelAndPropagate$4:142 no new model to propagate
12-14 03:46:43.762  1564  3916 I Telecom : InCallController: Components updated: [ComponentInfo{com.google.android.bluetooth/com.android.bluetooth.telephony.BluetoothInCallService}, ComponentInfo{com.google.android.apps.scone/com.google.android.apps.scone.coex.StateService}, ComponentInfo{com.google.android.googlequicksearchbox/com.google.android.libraries.search.assistant.incallservice.IncomingCallInCallService}, ComponentInfo{android/com.android.server.companion.datatransfer.contextsync.CallMetadataSyncInCallService}, ComponentInfo{com.google.android.dialer/com.android.incallui.InCallServiceImpl}]: CSW.rE(cap)@s3Y?
12-14 03:46:43.763  8637  8677 D DeviceStateTask: Sending: DeviceState: Usb:1, Wifi Setting: 0, Wifi: 0, Wifi AP: 0, Earpiece: 1, Bluetooth: 1, Wireless charging: 0, Screen: 1, Camera: 0, 0, -, -, Motion: 0, Bluetooth tethering: 0, Voice: 1, Wifi 2.4G: 0, Radio: 1, Bluetooth connected: 0, Bluetooth media: 0, Wifi Band: 0, Wifi AP Band: 0, Wifi call: 0, mmWave: 0, Cell backhaul: 0, Hall sensor: 0, Doze: 1, App class info: 0, Regulatory domain: US, Wifi freq: -1
12-14 03:46:43.763  8637  8677 D GRIL-L  : updateDeviceState: DeviceState: Usb:1, Wifi: 0, Wifi AP: 0, Earpiece: 1, Bluetooth: 1, Wireless charging: 0, Screen: 1, Camera: 0, 0, -, -, Motion: 0, Bluetooth tethering: 0, Voice: 1, Wifi 2.4G: 0, Radio: 1, Bluetooth connected: 0, Bluetooth media: 0, Wifi Band: 0, Wifi AP Band: 0, Wifi call: 0, mmWave: 0, mCellBackhaul: 0, mHallSensor: 0, mDozeStatus: 1, mAppClassInfo: 0
12-14 03:46:43.763  2470  2470 D DN-101-C: ConnectedState: updateNetworkCapabilities: Capabilities not changed.
12-14 03:46:43.763  2470  2470 V Telephony: MSG_PRECISE_CALL_STATE_CHANGED
12-14 03:46:43.763  2470  2470 D ImsPhoneConnection: getDisconnectCause: cause=0
12-14 03:46:43.763  2470  2470 V Telephony: GsmConnection: Update state from DIALING to DIALING for TC@1518_1
12-14 03:46:43.763  1564  3876 D SystemServerTiming: getUserSwitchability-0
12-14 03:46:43.763  1564  3876 D SystemServerTiming: TM.isInCall
12-14 03:46:43.764  1564  3891 I Telecom : InCallController: Sending updateCall [Call id=TC@1518, state=DIALING, tpac=ComponentInfo{com.android.phone/com.android.services.telephony.TelephonyConnectionService}, 1, UserHandle{0}, cmgr=ComponentInfo{com.android.phone/com.android.services.telephony.TelephonyConnectionService}, 1, UserHandle{0}, handle=tel:********72, vidst=A, childs(0), has_parent(false), cap=[ sup_hld mut !v2a], prop=[]], voip=false: CSW.sSH(cap)@s3g?
