12-14 03:46:47.038  2528  2528 I TelecomFramework: TelephonyConnectionService: onTrackedByNonUiService TC@1113_1 true: (ICSBC.oSC)->CS.tBNUS->H.CS.tBNUS(cgag/cast)@E-dyA
12-14 03:46:47.038  1634  1634 I Telecom : InCallController: onConnected to ComponentInfo{com.google.android.dialer/com.android.incallui.InCallServiceImpl}: ICSBC.oSC(cgad)@dyM?
12-14 03:46:47.038  1634  1634 I Telecom : InCallController: trackCallingUserInterfaceStarted: com.google.android.dialer is now calling UX.: ICSBC.oSC(cgad)@dyM?
12-14 03:46:47.038  1634  1794 V SystemServerTiming: TM.isInCall took to complete: 54ms
12-14 03:46:47.038  1634  1794 D SystemServerTiming: hasUserRestriction-DISALLOW_USER_SWITCH
12-14 03:46:47.038  1634  1794 V SystemServerTiming: hasUserRestriction-DISALLOW_USER_SWITCH took to complete: 0ms
12-14 03:46:47.038  1634  1794 D SystemServerTiming: getInt-ALLOW_USER_SWITCHING_WHEN_SYSTEM_USER_LOCKED
12-14 03:46:47.038  1634  1794 V SystemServerTiming: getInt-ALLOW_USER_SWITCHING_WHEN_SYSTEM_USER_LOCKED took to complete: 0ms
12-14 03:46:47.038  1634  1794 D SystemServerTiming: isUserUnlocked-USER_SYSTEM
12-14 03:46:47.039  1634  1794 V SystemServerTiming: isUserUnlocked-USER_SYSTEM took to complete: 0ms
12-14 03:46:47.039  1634  1794 V SystemServerTiming: getUserSwitchability-0 took to complete: 55ms
12-14 03:46:47.039  1634  1634 I Telecom : InCallController: Adding 1 calls to InCallService after onConnected: ComponentInfo{com.google.android.dialer/com.android.incallui.InCallServiceImpl}, including external calls: ICSBC.oSC(cgad)@dyM?
12-14 03:46:47.041 25801 25801 D nativeloader: Configuring clns-shared-7 for other apk /system_ext/priv-app/GoogleServicesFramework/GoogleServicesFramework.apk. target_sdk_version=34, uses_libraries=, library_path=/system_ext/priv-app/GoogleServicesFramework/lib/arm64:/system_ext/priv-app/GoogleServicesFramework/GoogleServicesFramework.apk!/lib/arm64-v8a:/system/lib64:/system_ext/lib64, permitted_path=/data:/mnt/expand:/data/user/0/com.google.android.gsf:/system_ext/priv-app/GoogleServicesFramework:/system/lib64:/system_ext/lib64
12-14 03:46:47.044  2528  2868 V SMSVC   : getSubscriptionUserHandle subId = 2 userHandle = UserHandle{-10000}
12-14 03:46:47.048  1138  2294 D NuPlayerDriver: NuPlayerDriver(0xb400007ba9cd6e10) created, clientPid(1634)
12-14 03:46:47.049  2330  2344 D BluetoothLeCallControl: Proxy object connected
12-14 03:46:47.050  2330  2330 I BluetoothInCallService: getNetworkOperator
12-14 03:46:47.051 25801 25801 V GraphicsEnvironment: Currently set values for:
12-14 03:46:47.051 25801 25801 V GraphicsEnvironment:   angle_gl_driver_selection_pkgs=[]
12-14 03:46:47.051 25801 25801 V GraphicsEnvironment:   angle_gl_driver_selection_values=[]
12-14 03:46:47.051  1000  6083 D AF::TrackHandle: OpPlayAudio: track:66 usage:3 not muted
12-14 03:46:47.051 25801 25801 V GraphicsEnvironment: ANGLE GameManagerService for com.google.android.gsf: false
12-14 03:46:47.051 25801 25801 V GraphicsEnvironment: com.google.android.gsf is not listed in per-application setting
12-14 03:46:47.051  1000  6083 D AF::TrackHandle: OpPlayAudio: track:66 usage:3 not muted
12-14 03:46:47.051 25801 25801 V GraphicsEnvironment: Neither updatable production driver nor prerelease driver is supported.
12-14 03:46:47.051   552   552 I hwservicemanager: getTransport: Cannot find entry android.hardware.media.omx@1.0::IOmx/default in either framework or device VINTF manifest.
12-14 03:46:47.051  1000  6083 D AF::TrackHandle: OpPlayAudio: track:66 usage:3 not muted
12-14 03:46:47.052  1138  2294 D MediaPlayerService: OMX service is not available
12-14 03:46:47.052  1000 21027 D AF::TrackHandle: OpPlayAudio: track:66 usage:3 not muted
12-14 03:46:47.052  1000 21027 D AF::TrackHandle: OpPlayAudio: track:66 usage:3 not muted
12-14 03:46:47.052  1634  1634 I Telecom : InCallController: 1 calls sent to InCallService.: ICSBC.oSC(cgad)@dyM?
12-14 03:46:47.052  1634  2637 I Telecom : CallAudioRouteStateMachine: setSystemAudioState: changing from [AudioState isMuted: false, route: EARPIECE, supportedRouteMask: EARPIECE, SPEAKER, activeBluetoothDevice: [null], supportedBluetoothDevices: []] to [AudioState isMuted: false, route: EARPIECE, supportedRouteMask: EARPIECE, SPEAKER, activeBluetoothDevice: [null], supportedBluetoothDevices: []]: NCSSF.aC->ICFG.sF->ICFG.sF->ICFG.sF->CAMSM.pM_2002->CARSM.pM_SWITCH_FOCUS@dxk?
12-14 03:46:47.053  1634  2637 I Telecom : InCallController: Calling onAudioStateChanged, audioState: [AudioState isMuted: false, route: EARPIECE, supportedRouteMask: EARPIECE, SPEAKER, activeBluetoothDevice: [null], supportedBluetoothDevices: []] -> [AudioState isMuted: false, route: EARPIECE, supportedRouteMask: EARPIECE, SPEAKER, activeBluetoothDevice: [null], supportedBluetoothDevices: []]: NCSSF.aC->ICFG.sF->ICFG.sF->ICFG.sF->CAMSM.pM_2002->CARSM.pM_SWITCH_FOCUS@dxk?
12-14 03:46:47.054  2528  2528 I TelecomFramework: TelephonyConnectionService: onTrackedByNonUiService TC@1113_1 true: (ICSBC.oSC)->CS.tBNUS->H.CS.tBNUS(cgad/cast)@E-dyM
12-14 03:46:47.056 25801 25801 I GservicesProvider: Gservices pushing to system: true; secure/global: true
12-14 03:46:47.056  1634  2637 I Telecom : CallEndpointController: onCallAudioStateChanged, audioState: [AudioState isMuted: false, route: EARPIECE, supportedRouteMask: EARPIECE, SPEAKER, activeBluetoothDevice: [null], supportedBluetoothDevices: []] -> [AudioState isMuted: false, route: EARPIECE, supportedRouteMask: EARPIECE, SPEAKER, activeBluetoothDevice: [null], supportedBluetoothDevices: []]: NCSSF.aC->ICFG.sF->ICFG.sF->ICFG.sF->CAMSM.pM_2002->CARSM.pM_SWITCH_FOCUS@dxk?
12-14 03:46:47.056  1634  2637 I Telecom : InCallController: Calling onAvailableCallEndpointsChanged: NCSSF.aC->ICFG.sF->ICFG.sF->ICFG.sF->CAMSM.pM_2002->CARSM.pM_SWITCH_FOCUS@dxk?
12-14 03:46:47.057 11135 11135 I Dialerelp: com.android.dialer.cui.impl.InternalSemanticEventLoggerImpl.handleEvent:127 CUI event: APP_ON_CREATE_CALL_ADDED; uniqueCallId: a7a6098f-c422-4a50-b1b6-009930f6748d
12-14 03:46:47.057  1634  2637 I Telecom : InCallController: Calling onCallEndpointChanged: NCSSF.aC->ICFG.sF->ICFG.sF->ICFG.sF->CAMSM.pM_2002->CARSM.pM_SWITCH_FOCUS@dxk?
12-14 03:46:47.057 11135 11135 I DialerLogcatLoggingBindings: com.android.dialer.logging.logcat.LogcatLoggingBindings.logImpression:51 Impression: CUI_INFRA_CUI_EVENT_LOGGED
12-14 03:46:47.057 11135 11135 I Dialerelp: com.android.dialer.cui.impl.InternalSemanticEventLoggerImpl.handleEvent:127 CUI event: ON_CALL_ADDED; uniqueCallId: a7a6098f-c422-4a50-b1b6-009930f6748d
12-14 03:46:47.057 11135 11135 I DialerCallScopesImpl: com.android.dialer.incall.core.callscope.callscopes.impl.CallScopesImpl.add:274 enter
12-14 03:46:47.057  2528  2528 I TelecomFramework: TelephonyConnectionService: onAvailableCallEndpointsChanged TC@1113_1: (NCSSF.aC->ICFG.sF->ICFG.sF->ICFG.sF->CAMSM.pM_2002->CARSM.pM_SWITCH_FOCUS)->CS.oACEC->H.CS.cASC(cast)@E-dxk
12-14 03:46:47.058 11135 11191 I DialerLogcatLoggingBindings: com.android.dialer.logging.logcat.LogcatLoggingBindings.logImpression:51 Impression: CUI_INFRA_STARTED_CUI
12-14 03:46:47.060 11135 11187 I DialerVideoSurfaceCacheImpl: com.android.dialer.incall.core.video.impl.VideoSurfaceCacheImpl.onVideoCallChanged:193 video call changed
12-14 03:46:47.060 11135 11187 I DialerVideoCallCallback: com.android.dialer.incall.core.video.impl.VideoCallCallback.onVideoCallChanged:55 enter
12-14 03:46:47.060 11135 11187 I DialerVideoCallCallback: com.android.dialer.incall.core.video.impl.VideoCallCallback.lambda$onVideoCallChanged$0:61 register
12-14 03:46:47.062  1634  2637 I Telecom : InCallController: Calling onMuteStateChanged: NCSSF.aC->ICFG.sF->ICFG.sF->ICFG.sF->CAMSM.pM_2002->CARSM.pM_SWITCH_FOCUS@dxk?
12-14 03:46:47.062  1634  8530 W ActivityManager: Unable to start service Intent { act=com.google.android.gms.gservices.START pkg=com.google.android.gms } U=0: not found
12-14 03:46:47.062  2528  2528 I TelecomFramework: TelephonyConnectionService: onCallEndpointChanged TC@1113_1 [CallEndpoint Name: Earpiece, Type: EARPIECE, Identifier: 6f9be9a6-789b-48d3-bd8b-1693897e7f0f]: (NCSSF.aC->ICFG.sF->ICFG.sF->ICFG.sF->CAMSM.pM_2002->CARSM.pM_SWITCH_FOCUS)->CS.oCEC->H.CS.cASC(cast)@E-dxk
12-14 03:46:47.062 11135 11185 I DialerInCallUpdatePropagatorImpl: com.android.dialer.incall.core.dataservice.impl.InCallUpdatePropagatorImpl$1.onSuccess:79 IN_CALL_UPDATE_MONITORING: fire update in the ui thread
12-14 03:46:47.062 11135 11185 I DialerInCallProductionComponentAuthorityImpl: com.android.dialer.incall.core.dataservice.impl.InCallProductionComponentAuthorityImpl.postNewPrimaryCallGraph:60 IN_CALL_UPDATE_MONITORING: start building new call graph
12-14 03:46:47.062  1634  8530 W ActivityManager: Unbind failed: could not find connection for android.os.BinderProxy@c87e657
12-14 03:46:47.063  2528  2528 I TelecomFramework: TelephonyConnectionService: onMuteStateChanged TC@1113_1 false: (NCSSF.aC->ICFG.sF->ICFG.sF->ICFG.sF->CAMSM.pM_2002->CARSM.pM_SWITCH_FOCUS)->CS.oMSC->H.CS.cASC(cast)@E-dxk
12-14 03:46:47.063 25801 25824 E GmsClient: unable to connect to service: com.google.android.gms.gservices.START on com.google.android.gms
12-14 03:46:47.063  1634  2637 D BluetoothAdapter: getActiveDevices(profile= HEADSET)
12-14 03:46:47.063  2528  2528 I TelecomFramework: TelephonyConnectionService: onAudioStateChanged TC@1113_1 [AudioState isMuted: false, route: EARPIECE, supportedRouteMask: EARPIECE, SPEAKER, activeBluetoothDevice: [null], supportedBluetoothDevices: []]: (NCSSF.aC->ICFG.sF->ICFG.sF->ICFG.sF->CAMSM.pM_2002->CARSM.pM_SWITCH_FOCUS)->CS.cASC->H.CS.cASC(cast)@E-dxk
12-14 03:46:47.063  1634  1634 I Telecom : InCallController: onConnected to ComponentInfo{com.google.android.bluetooth/com.android.bluetooth.telephony.BluetoothInCallService}: ICSBC.oSC(cgab)@dyU?
12-14 03:46:47.064  1634  1634 I Telecom : InCallController: Adding 1 calls to InCallService after onConnected: ComponentInfo{com.google.android.bluetooth/com.android.bluetooth.telephony.BluetoothInCallService}, including external calls: ICSBC.oSC(cgab)@dyU?
12-14 03:46:47.064  2528  2868 V SMSVC   : getSubscriptionUserHandle subId = 2 userHandle = UserHandle{-10000}
12-14 03:46:47.066  2330  2344 I BluetoothAdapterService: getActiveDevices: Headset device: null
12-14 03:46:47.067  1634  2637 D BluetoothAdapter: getActiveDevices(profile= HEARING_AID)
12-14 03:46:47.069  2330  2344 I BluetoothAdapterService: getActiveDevices: Hearing Aid devices: Left[null] - Right[null]
12-14 03:46:47.071  1634  1997 I AS.SpatializerHelper: Device incompatible with Spatial Audio dev:AudioDeviceAttributes: role:output type:speaker addr: name: profiles:[] descriptors:[]
12-14 03:46:47.072  1634  1997 I AS.SpatializerHelper: onRoutingUpdated: device:AudioDeviceAttributes: role:output type:speaker addr: name: profiles:[] descriptors:[] not available for Spatial Audio
12-14 03:46:47.072  1634  1997 I AS.SpatializerHelper: setDispatchAvailableState(false) no dispatch: mState:STATE_DISABLED_UNAVAILABLE
12-14 03:46:47.072  1634  1997 I AS.SpatializerHelper: Disabling Spatial Audio since disabled for media device:AudioDeviceAttributes: role:output type:speaker addr: name: profiles:[] descriptors:[]
12-14 03:46:47.072  1634  1997 I AS.SpatializerHelper: Setting spatialization level to: 0
12-14 03:46:47.072  1634  1634 I Telecom : InCallController: 1 calls sent to InCallService.: ICSBC.oSC(cgab)@dyU?
12-14 03:46:47.072  1634  1997 I AS.SpatializerHelper: setDispatchFeatureEnabledState(false) no dispatch: mState:STATE_DISABLED_UNAVAILABLE src:onRoutingUpdated
12-14 03:46:47.076  1000 21027 D AF::TrackHandle: OpPlayAudio: track:66 usage:3 not muted
12-14 03:46:47.076  2528  2528 I TelecomFramework: TelephonyConnectionService: onTrackedByNonUiService TC@1113_1 true: (ICSBC.oSC)->CS.tBNUS->H.CS.tBNUS(cgab/cast)@E-dyU
12-14 03:46:47.078  1000 21027 D AF::TrackHandle: OpPlayAudio: track:66 usage:3 not muted
12-14 03:46:47.078  1000 21027 D AF::TrackHandle: OpPlayAudio: track:66 usage:3 not muted
12-14 03:46:47.078  1000 21027 D AF::TrackHandle: OpPlayAudio: track:66 usage:3 not muted
12-14 03:46:47.079  1000 21027 D AF::TrackHandle: OpPlayAudio: track:66 usage:3 not muted
12-14 03:46:47.079  1362  1824 I twoshay.TouchContextService: Got new packet! ContextPacket{orientation: PORTRAIT, audioMode: RINGTONE}
12-14 03:46:47.079  1634  1805 I WifiService: getSupportedFeatures uid=1000 returns 39fb7dfffb995dd
12-14 03:46:47.079  1634  1805 I WifiService: getWifiActivityEnergyInfoAsync uid=1000
12-14 03:46:47.079  1634  1805 I WifiService: getWifiActivityEnergyInfo uid=1000
12-14 03:46:47.080  1634  3319 I ActivityManager: Flag disabled. Ignoring finishAttachApplication from uid: 10177. pid: 25801
12-14 03:46:47.080  1634  3314 I Telecom : PhoneAccountRegistrar: getSimCallManager: SimCallManager for subId 2 queried, returning: null: TSI.gPA(cgab)@dyY?
12-14 03:46:47.081  2330  2330 I BluetoothInCallService: getBearerTechnology
12-14 03:46:47.082  2330  2330 D BluetoothLeCallControl: registerBearer
12-14 03:46:47.083  2330  2330 D TbsService: Service available
12-14 03:46:47.083  2330  2330 D TbsService: registerBearer: token=BluetoothInCallService
12-14 03:46:47.083  2330  2330 D TbsGeneric: addBearer: token=BluetoothInCallService uci=BluetoothInCallService uriSchemes=[tel] capabilities=1 providerName=AT&T technology=3
12-14 03:46:47.084  2330  2330 D TbsGeneric: setForegroundBearer: bearer=com.android.bluetooth.tbs.TbsGeneric$Bearer@42d75b6
12-14 03:46:47.084  2330  2330 D TbsGeneric: ccid=3
12-14 03:46:47.084  2330  2330 D TbsService: registerBearer: token=BluetoothInCallService success=true
12-14 03:46:47.086  2330  2330 D TbsService: Service available
12-14 03:46:47.086  2330  2330 D TbsService: currentCallsList: ccid=3 calls=[]
12-14 03:46:47.086  2330  2330 D TbsGeneric: currentCallsList: ccid=3 callsNum=0
12-14 03:46:47.088  2330  2330 D BluetoothInCallService: onCallAdded
12-14 03:46:47.089  2330  2330 I BluetoothInCallService: updateHeadsetWithCallState numActive 0, numHeld 0, callState 4, ringing type 145
12-14 03:46:47.091  2330  2330 D BluetoothLeCallControl: onCallAdded: call=25b179ff-5179-4ac3-b06b-ac230b8ca119
12-14 03:46:47.091  1186  1186 D AOC     : A3:MSG: controller.cc, 273: CNTRL: cmd ID: 0x000a, tag: 0xcc [cntr = 30926]
12-14 03:46:47.091  1186  1186 D AOC     : A3:MSG: controller.cc, 868: CNTRL: ipc: control, cmd ID: 0x000a, tag: 0xcc, rc: 0
12-14 03:46:47.091  1186  1186 D AOC     : A3:MSG: controller.cc, 273: CNTRL: cmd ID: 0x000a, tag: 0xcd [cntr = 30927]
12-14 03:46:47.091  1186  1186 D AOC     : A3:MSG: controller.cc, 868: CNTRL: ipc: control, cmd ID: 0x000a, tag: 0xcd, rc: 0
12-14 03:46:47.091  2330  2330 D TbsService: Service available
12-14 03:46:47.091  2330  2330 D TbsService: callAdded: ccid=3 call=25b179ff-5179-4ac3-b06b-ac230b8ca119
12-14 03:46:47.091  2330  2330 D TbsGeneric: callAdded: ccid=3 call=25b179ff-5179-4ac3-b06b-ac230b8ca119
12-14 03:46:47.091  2330  2330 D TbsGeneric: requestEntry is null
12-14 03:46:47.092  2330  2330 D TbsGatt : setIncomingCall: callIndex=93 uri=tel:%2B14253059877
12-14 03:46:47.092  2330  2330 D TbsGatt : setCallFriendlyName: callIndex=93callFriendlyName=unknown
12-14 03:46:47.092 11135 11185 I DialerTiktokDataServiceInCallUpdateListener: com.android.dialer.incall.core.dataservice.impl.TiktokDataServiceInCallUpdateListener.onCallGraphUpdated:30 IN_CALL_UPDATE_MONITORING: enter
12-14 03:46:47.092  2330  2330 D TbsGeneric: notifyCclc
12-14 03:46:47.092  2330  2330 D LeAudioNativeInterface: setInCall inCall: true
12-14 03:46:47.092  1186  1186 D AOC     : A3:MSG: controller.cc, 273: CNTRL: cmd ID: 0x000a, tag: 0xce [cntr = 30928]
12-14 03:46:47.092  1186  1186 D AOC     : A3:MSG: controller.cc, 868: CNTRL: ipc: control, cmd ID: 0x000a, tag: 0xce, rc: 0
12-14 03:46:47.092  2330  2330 D TbsGatt : setCallState: callsList={93=com.android.bluetooth.tbs.TbsCall@c7cda24}
12-14 03:46:47.092  2528  2528 D RILJ    : [9714]> GET_ACTIVITY_INFO [PHONE0]
12-14 03:46:47.092  2330  2330 D TbsGatt : setBearerListCurrentCalls: callsList={93=com.android.bluetooth.tbs.TbsCall@c7cda24}
12-14 03:46:47.093  1156  1156 D RILC-AIDL_SERVICE: RadioModemProxy::getModemActivityInfo: serial 39714
12-14 03:46:47.093  2330  2330 D BluetoothInCallService: onCallAudioStateChanged, audioState == [AudioState isMuted: false, route: EARPIECE, supportedRouteMask: EARPIECE, SPEAKER, activeBluetoothDevice: [null], supportedBluetoothDevices: []]
12-14 03:46:47.093  1156  1156 D RILC-AIDL_SERVICE: ModemActivityInfoCommand::onRequest: serial 39714
12-14 03:46:47.093  2330  2330 V MediaPlayerList: onActiveSessionsChanged: number of controllers: 1
12-14 03:46:47.093  1156  1156 V RIL     : [RilContext_0] SendMessage RIL Request Routing : RCM ID=135 Service ID=4 Message ID=5082 delayMillis=0
12-14 03:46:47.093  1156  1156 V RIL     : [ServiceMgr] msg(0xb400007ce9a2c7a0) msgId=5082 svc=MiscService_0(4) direction=Request
12-14 03:46:47.093 11135 11185 I DialerDialerBubbleController: com.android.dialer.incall.bubble.dialerbubble.DialerBubbleController.onCallGraphUpdated:79 IN_CALL_UPDATE_MONITORING: enter
12-14 03:46:47.093  1156  1305 I RIL     : [MiscService_0] GetActivityInfotHandler OnRequest()
12-14 03:46:47.093  1156  1305 I RIL     : [RilContext_0] Send 
12-14 03:46:47.093  1156  1305 V RIL     : [RilContext_0] RecordRequestHistory token=0x79EB
12-14 03:46:47.093  1156  1305 I RIL     : [RilContext_0] Send 
12-14 03:46:47.093  1156  1305 V RIL     : [/dev/umts_ipc0][TX] SIT_GET_ACTIVITY_INFO, REQ, 12 bytes, Token(0x79eb)
12-14 03:46:47.093  1156  1305 V RIL     :  00 00 0c 09 0c 00 eb 79   00 00 00 00
12-14 03:46:47.093  1186  1186 D AOC     : A3:MSG: controller.cc, 273: CNTRL: cmd ID: 0x000a, tag: 0xcf [cntr = 30929]
12-14 03:46:47.093  1186  1186 D AOC     : A3:MSG: controller.cc, 868: CNTRL: ipc: control, cmd ID: 0x000a, tag: 0xcf, rc: 0
12-14 03:46:47.093  2330  2330 D MediaPlayerList: onActiveSessionsChanged: controller: com.android.server.telecom ignored due to global priority flag
12-14 03:46:47.093  2330  2330 V MediaPlayerList: onActiveSessionsChanged: number of controllers: 1
12-14 03:46:47.094  2330  2330 D MediaPlayerList: onActiveSessionsChanged: controller: com.android.server.telecom ignored due to global priority flag
12-14 03:46:47.096 11135 11185 I DialerStatusBarNotifier: com.android.dialer.incall.statusbarnotification.ui.StatusBarNotifier.onCallGraphUpdated:231 updateInProgress: false
12-14 03:46:47.096 11135 11185 I DialerStatusBarNotifier: com.android.dialer.incall.statusbarnotification.ui.StatusBarNotifier.getModel:473 Retrieving StatusBarNotificationModel when the existing model is not present.
12-14 03:46:47.096  1186  1186 D AOC     : A3:MSG: controller.cc, 273: CNTRL: cmd ID: 0x000a, tag: 0xd0 [cntr = 30930]
12-14 03:46:47.096  1186  1186 D AOC     : A3:MSG: controller.cc, 868: CNTRL: ipc: control, cmd ID: 0x000a, tag: 0xd0, rc: 0
12-14 03:46:47.096  1156  1319 V RIL     : [/dev/umts_ipc0][RX] SIT_GET_ACTIVITY_INFO, RSP, 140 bytes, Token(0x79eb), OK(RCM_E_SUCCESS)
12-14 03:46:47.096  1156  1319 V RIL     :  01 00 0c 09 8c 00 eb 79   00 00 00 00 00 00 00 00  
12-14 03:46:47.096  1156  1319 V RIL     :  20 00 00 00 00 00 00 00   00 00 00 00 00 00 00 00  
12-14 03:46:47.096  1156  1319 V RIL     :  00 00 00 00 00 00 00 00   00 00 00 00 00 00 00 00  
12-14 03:46:47.096  1156  1319 V RIL     :  00 00 00 00 00 00 00 00   00 00 00 00 00 00 00 00  
12-14 03:46:47.096  1156  1319 V RIL     :  00 00 00 00 0b 00 00 00   0b 00 00 00 0a 00 00 00  
12-14 03:46:47.096  1156  1319 V RIL     :  00 00 00 00 00 00 00 00   95 01 00 00 00 00 00 00  
12-14 03:46:47.096  1156  1319 V RIL     :  00 00 00 00 00 00 00 00   00 00 00 00 00 00 00 00  
12-14 03:46:47.096  1156  1319 V RIL     :  00 00 00 00 00 00 00 00   00 00 00 00 00 00 00 00  
12-14 03:46:47.096  1156  1319 V RIL     :  00 00 00 00 00 00 00 00   00 00 00 00
12-14 03:46:47.096  1156  1319 I RIL     : [RilContext_0] ProcessModemData 
12-14 03:46:47.096  1156  1319 V RIL     : WaitList::Find() found record : token=0x79EB SrcService ID =4 DestService ID=4 Result Id=5082
12-14 03:46:47.097  1156  1319 V RIL     : [RilContext_0] SendMessage RCM Response Routing : Type=0001, RCM ID=0x090C Service ID=4 Message ID=5082
12-14 03:46:47.097  1156  1319 V RIL     : [ServiceMgr] msg(0xb400007ce9a30010) msgId=5082 svc=MiscService_0(4) direction=Response
12-14 03:46:47.097  1156  1305 I RIL     : [MiscService_0] GetActivityInfotHandler OnResponse()
12-14 03:46:47.097  1156  1305 I RIL     : [RilContext_0] OnRequestComplete 
12-14 03:46:47.097  1156  1305 I RIL     : [RilContext_0] ProcessSolicitedResponse Request ID=135
12-14 03:46:47.097  1156  1305 D RILC    : RequestComplete, RIL_SOCKET_1
12-14 03:46:47.097  1156  1305 E RILC    : Calling responseFunction() for token 39714
12-14 03:46:47.097  1156  1305 D RILC-AIDL_SERVICE: ModemActivityInfoCommand::onResponse: serial 39714
12-14 03:46:47.097  1156  1305 V RIL     : [RilContext_0] RemoveRequestHistory  token=0x79EB
12-14 03:46:47.097 11135 11184 I DialerAtlasBusinessFinderImpl: com.android.incallui.atlas.ui.impl.businessfinder.AtlasBusinessFinderImpl.findBusiness:126 atlas isn't available for incoming calls
12-14 03:46:47.097  1186  1186 D AOC     : A3:MSG: controller.cc, 273: CNTRL: cmd ID: 0x000a, tag: 0xd1 [cntr = 30931]
12-14 03:46:47.098  2528  2868 D RILJ    : [9714]< GET_ACTIVITY_INFO ModemActivityInfo{ mTimestamp=732530911 mSleepTimeMs=0 mIdleTimeMs=32 mActivityStatsTechSpecificInfo=[{mRat=GERAN,mFrequencyRange=UNKNOWN,mTxTimeMs[]=[0, 0, 0, 0, 0],mRxTimeMs=0}, {mRat=UTRAN,mFrequencyRange=UNKNOWN,mTxTimeMs[]=[0, 0, 0, 0, 0],mRxTimeMs=0}, {mRat=EUTRAN,mFrequencyRange=UNKNOWN,mTxTimeMs[]=[11, 11, 10, 0, 0],mRxTimeMs=405}, {mRat=NGRAN,mFrequencyRange=HIGH,mTxTimeMs[]=[0, 0, 0, 0, 0],mRxTimeMs=0}, {mRat=NGRAN,mFrequencyRange=MMWAVE,mTxTimeMs[]=[0, 0, 0, 0, 0],mRxTimeMs=0}]} [PHONE0]
12-14 03:46:47.098  1186  1186 D AOC     : A3:MSG: controller.cc, 868: CNTRL: ipc: control, cmd ID: 0x000a, tag: 0xd1, rc: 0
12-14 03:46:47.099 11135 11185 I DialerGamingModeSupportEnabledFn: com.android.dialer.gamingmodesupport.impl.GamingModeSupportEnabledFn.isEnabled:33 enabled [CONTEXT ratelimit_period=\"1 MINUTES\" ]
12-14 03:46:47.099 11135 11174 I DialerCallerIdFeedbackEnabledFn: com.android.dialer.calleridfeedback.impl.CallerIdFeedbackEnabledFn.isEnabled:41 Caller ID feedback enabled [CONTEXT ratelimit_period=\"1 MINUTES\" ]
12-14 03:46:47.099  1186  1186 D AOC     : A3:MSG: controller.cc, 273: CNTRL: cmd ID: 0x000a, tag: 0xd2 [cntr = 30932]
12-14 03:46:47.100 11135 11174 I DialerVideoTypePickerEnabledFn: com.android.dialer.videotypepicker.impl.VideoTypePickerEnabledFn.isEnabled:32 feature is not enabled [CONTEXT ratelimit_period=\"1 MINUTES\" ]
12-14 03:46:47.100   927  1678 I bthal.flowcontrol: HciEventPreProcess: HCI Event 0xe Opcode 0xfd59 Length 22 unhandled by ControllerActivityWatcher
12-14 03:46:47.101 11135 11174 I DialerFidesEnabledFn: com.android.dialer.fides.impl.FidesEnabledFn.isEnabled:27 disabled by flag [CONTEXT ratelimit_period=\"1 MINUTES\" ]
12-14 03:46:47.102 11135 11135 I DialerLocaleProvider: com.android.dialer.callrecording.impl.localeprovider.LocaleProvider.getNetworkCountryMatchesSimCountryInternal:158 NetworkCountryCode: US, SimCountryIso: US
12-14 03:46:47.102  1186  1186 D AOC     : A3:MSG: controller.cc, 868: CNTRL: ipc: control, cmd ID: 0x000a, tag: 0xd2, rc: 0
12-14 03:46:47.103  1186  1186 D AOC     : A3:MSG: controller.cc, 273: CNTRL: cmd ID: 0x000a, tag: 0xd3 [cntr = 30933]
12-14 03:46:47.103  1186  1186 D AOC     : A3:MSG: controller.cc, 868: CNTRL: ipc: control, cmd ID: 0x000a, tag: 0xd3, rc: 0
12-14 03:46:47.103 11135 11135 I DialerLogcatLoggingBindings: com.android.dialer.logging.logcat.LogcatLoggingBindings.logImpression:51 Impression: LEGACY_COUNTRY_DETECTOR_NETWORK_COUNTRY_ISO_USED
12-14 03:46:47.103  1186  1186 D AOC     : A3:MSG: controller.cc, 273: CNTRL: cmd ID: 0x000a, tag: 0xd4 [cntr = 30934]
12-14 03:46:47.103 11135 11135 I DialerLegacyCountryDetector: com.android.dialer.location.LegacyCountryDetector.getCurrentPhysicalCountryIso:183 returning Redacted-2-chars
12-14 03:46:47.103 11135 11135 I DialerLocaleProvider: com.android.dialer.callrecording.impl.localeprovider.LocaleProvider.getSupportedLocaleFromCountryCode:169 checking whether country is supported by builtInAudio for start/end audio
12-14 03:46:47.103  1186  1186 D AOC     : A3:MSG: controller.cc, 868: CNTRL: ipc: control, cmd ID: 0x000a, tag: 0xd4, rc: 0
12-14 03:46:47.103 11135 11135 I DialerLocaleProvider: com.android.dialer.callrecording.impl.localeprovider.LocaleProvider.getSupportedLocaleFromCountryCode:179 country US not supported by builtInAudio
12-14 03:46:47.104  1186  1186 D AOC     : A3:MSG: controller.cc, 273: CNTRL: cmd ID: 0x000a, tag: 0xd5 [cntr = 30935]
12-14 03:46:47.104  1186  1186 D AOC     : A3:MSG: controller.cc, 868: CNTRL: ipc: control, cmd ID: 0x000a, tag: 0xd5, rc: 0
12-14 03:46:47.104  1186  1186 D AOC     : A3:MSG: controller.cc, 273: CNTRL: cmd ID: 0x000a, tag: 0xd6 [cntr = 30936]
12-14 03:46:47.104  1186  1186 D AOC     : A3:MSG: controller.cc, 868: CNTRL: ipc: control, cmd ID: 0x000a, tag: 0xd6, rc: 0
12-14 03:46:47.104  1186  1186 D AOC     : A3:MSG: controller.cc, 273: CNTRL: cmd ID: 0x000a, tag: 0xd7 [cntr = 30937]
12-14 03:46:47.104 11135 11135 I DialerLocaleProvider: com.android.dialer.callrecording.impl.localeprovider.LocaleProvider.getSupportedLocaleFromCountryCode:169 checking whether country is supported by TTS for start/end audio
12-14 03:46:47.104  1186  1186 D AOC     : A3:MSG: controller.cc, 868: CNTRL: ipc: control, cmd ID: 0x000a, tag: 0xd7, rc: 0
12-14 03:46:47.104 11135 11135 I DialerLocaleProvider: com.android.dialer.callrecording.impl.localeprovider.LocaleProvider.getSupportedLocaleFromCountryCode:179 country US not supported by TTS
12-14 03:46:47.104  2528  4444 D GsmCdmaPhone: [0] getVoiceMailNumber: from vm_number_key number=null
12-14 03:46:47.104 11135 11135 I DialerCanRecord: com.android.dialer.callrecording.impl.canrecord.CanRecord.canRecordCall:78 Call recording is disabled in the current country
12-14 03:46:47.104 11135 11187 I DialerLogcatLoggingBindings: com.android.dialer.logging.logcat.LogcatLoggingBindings.logImpression:51 Impression: LEGACY_COUNTRY_DETECTOR_NETWORK_COUNTRY_ISO_USED
12-14 03:46:47.104 11135 11135 I DialerCallScopeLockHolder: com.android.dialer.incall.activity.lockholder.CallScopeLockHolder.lambda$acquireInCallUiLock$1:133 transferring OnBindLockHolder's InCallUiLock to CallScopeLockHolder
12-14 03:46:47.105 11135 11187 I DialerLegacyCountryDetector: com.android.dialer.location.LegacyCountryDetector.getCurrentCountryIso:137 returning Redacted-2-chars
12-14 03:46:47.105 11135 11135 I DialerInCallProximityCallScopedController: com.android.dialer.incall.proximitysensor.impl.incall.InCallProximityCallScopedController.onCallScopeAdded:37 registering DialerCall_0 to DisplayStateTracker and AccelerometerTracker.
12-14 03:46:47.105 11135 11187 I DialerDisplayStateTracker: com.android.dialer.incall.proximitysensor.impl.incall.DisplayStateTracker.lambda$registerCall$0:120 registering displayListener
12-14 03:46:47.105 11135 11135 I DialerVideoCallLogger: com.android.dialer.incall.video.logging.VideoCallLogger.logSecondAddedCallType:134 this call is not the secondary added call.
12-14 03:46:47.106  1186  1186 D AOC     : A3:MSG: controller.cc, 273: CNTRL: cmd ID: 0x000a, tag: 0xd8 [cntr = 30938]
12-14 03:46:47.106  1634  1997 I AS.SpatializerHelper: setScreenSensor:-1
12-14 03:46:47.108 11135 11174 I DialerCallQualityRatingDialogLauncher: com.android.dialer.callqualityrating.impl.service.CallQualityRatingDialogLauncher.lambda$registerReceiver$0:95 Registered FeedbackRequestReceiver
12-14 03:46:47.108  1634  1997 I AS.SpatializerHelper: setHeadSensor:-1
12-14 03:46:47.108 11135 11170 I DialerLogcatLoggingBindings: com.android.dialer.logging.logcat.LogcatLoggingBindings.logImpression:51 Impression: LEGACY_COUNTRY_DETECTOR_NETWORK_COUNTRY_ISO_USED
12-14 03:46:47.108 11135 11170 I DialerLegacyCountryDetector: com.android.dialer.location.LegacyCountryDetector.getCurrentCountryIso:137 returning Redacted-2-chars
12-14 03:46:47.108  1634  3314 D TelephonyManager: requestModemActivityInfo: Sending result to app: ModemActivityInfo{ mTimestamp=732530911 mSleepTimeMs=0 mIdleTimeMs=484650108 mActivityStatsTechSpecificInfo=[{mRat=GERAN,mFrequencyRange=UNKNOWN,mTxTimeMs[]=[0, 0, 0, 0, 0],mRxTimeMs=219}, {mRat=UTRAN,mFrequencyRange=UNKNOWN,mTxTimeMs[]=[0, 0, 0, 0, 0],mRxTimeMs=0}, {mRat=EUTRAN,mFrequencyRange=UNKNOWN,mTxTimeMs[]=[10213856, 1630930, 2425168, 1039428, 1148106],mRxTimeMs=217582400}, {mRat=NGRAN,mFrequencyRange=HIGH,mTxTimeMs[]=[0, 3, 9980, 3476, 65549],mRxTimeMs=80474400}, {mRat=NGRAN,mFrequencyRange=MMWAVE,mTxTimeMs[]=[0, 0, 0, 0, 0],mRxTimeMs=0}, {mRat=UNKNOWN,mFrequencyRange=UNKNOWN,mTxTimeMs[]=[0, 0, 0, 0, 0],mRxTimeMs=0}]}
12-14 03:46:47.108 11135 11170 I DialerDialerPhoneNumberUtil: com.android.dialer.phonenumberproto.DialerPhoneNumberUtil.parse:94 country ISO set to default region
12-14 03:46:47.108  1634  1997 I AS.SpatializerHelper: setDesiredHeadTrackingMode(HEAD_TRACKING_MODE_RELATIVE_WORLD)
12-14 03:46:47.109  1186  1186 D AOC     : A3:MSG: controller.cc, 868: CNTRL: ipc: control, cmd ID: 0x000a, tag: 0xd8, rc: 0
12-14 03:46:47.109  1186  1186 D AOC     : A3:MSG: controller.cc, 273: CNTRL: cmd ID: 0x000a, tag: 0xd9 [cntr = 30939]
12-14 03:46:47.109  1186  1186 D AOC     : A3:MSG: controller.cc, 868: CNTRL: ipc: control, cmd ID: 0x000a, tag: 0xd9, rc: 0
12-14 03:46:47.109  1186  1186 D AOC     : A3:MSG: controller.cc, 273: CNTRL: cmd ID: 0x000a, tag: 0xda [cntr = 30940]
12-14 03:46:47.109  1186  1186 D AOC     : A3:MSG: controller.cc, 868: CNTRL: ipc: control, cmd ID: 0x000a, tag: 0xda, rc: 0
12-14 03:46:47.109  1186  1186 D AOC     : A3:MSG: controller.cc, 273: CNTRL: cmd ID: 0x000a, tag: 0xdb [cntr = 30941]
12-14 03:46:47.109  1186  1186 D AOC     : A3:MSG: controller.cc, 868: CNTRL: ipc: control, cmd ID: 0x000a, tag: 0xdb, rc: 0
12-14 03:46:47.111 11135 11189 I DialerGamingModeSupportImpl: com.android.dialer.gamingmodesupport.impl.GamingModeSupportImpl.isGamingModeOn:61 gaming mode off
12-14 03:46:47.111  1186  1186 D AOC     : A3:MSG: controller.cc, 273: CNTRL: cmd ID: 0x000a, tag: 0xdc [cntr = 30942]
12-14 03:46:47.112   957   957 D usf_sensor_hal: accelerometer: Enter Batch. period = 200000000, latency = 0.
12-14 03:46:47.112   927   927 I bthal.activitywatcher: getStateResidency: ActivityStat{0 : totalTimeMs 29756047 totalEntryCount 60640 lastEntryMs 4224390}
12-14 03:46:47.112   927   927 I bthal.activitywatcher: getStateResidency: ActivityStat{1 : totalTimeMs 1612724 totalEntryCount 62456 lastEntryMs 4224987}
12-14 03:46:47.113   927   927 I bthal.activitywatcher: getStateResidency: ActivityStat{2 : totalTimeMs 139582 totalEntryCount 4383 lastEntryMs 4174497}
12-14 03:46:47.113   927   927 I bthal.activitywatcher: getStateResidency: ActivityStat{3 : totalTimeMs 194113 totalEntryCount 144829 lastEntryMs 4263730}
12-14 03:46:47.113  1186  1186 D AOC     : A3:MSG: controller.cc, 868: CNTRL: ipc: control, cmd ID: 0x000a, tag: 0xdc, rc: 0
12-14 03:46:47.113  1186  1186 D AOC     : A3:MSG: usf_sensor.cc, 2043: USF: Received reconfig sampling request for ICM45631 Accelerometer.
12-14 03:46:47.113 11135 11135 I DialerCallEventDriver: com.android.dialer.incall.core.call.events.impl.CallEventDriver$AddedListener.onCallScopeAdded:153 state UNKNOWN -> ADDED
12-14 03:46:47.113 11135 11135 I DialerAudioModeProvider: com.android.dialer.incall.core.audiomode.AudioModeProvider.onAudioStateChanged:81 audioState: [AudioState isMuted: false, route: EARPIECE, supportedRouteMask: EARPIECE, SPEAKER, activeBluetoothDevice: [null], supportedBluetoothDevices: []]
12-14 03:46:47.113   957   957 D usf_sensor_hal: IMU temperature: Enter Batch. period = 666667000, latency = 0.
12-14 03:46:47.114 11135 11135 I DialerTelecomEventUiThreadBlockedTimer: com.android.incallui.TelecomEventUiThreadBlockedTimer.lambda$onEvent$0:58 InCallService.uiThreadBlockedByTelecomEvent blocked UI thread for 57.34 ms
12-14 03:46:47.114 11135 11185 I Dialerfec: com.android.dialer.dobby.impl.service.DobbyLifecycleController.shouldAutoScreen:634 Call was not silenced for telecom audio processing
12-14 03:46:47.114 11135 11135 I DialerTelecomEventUiThreadBlockedTimer: com.android.incallui.TelecomEventUiThreadBlockedTimer.lambda$onEvent$0:58 InCallService.uiThreadBlockedByTelecomEvent.onCallAdded blocked UI thread for 57.58 ms
12-14 03:46:47.114   927   927 I bthal.activitywatcher: send_hci_activities_vsc: Sent VSC <[4]{89, 253, 1, 1}>
12-14 03:46:47.114   927  1678 I bthal.activitywatcher: filter_hci_activities_vse: Filtered <[103]{14, 101, 1, 89, 253, 0, 1, 0, 0, 0, 0, 0, 0, 0, 0, 0, 0, 0, 0, 0, 0, 0, 0, 0, 0, 0, 0, 0, 0, 0, 0, 1, 0, 0, 0, 0, 0, 0, 0, 0, 0, 0, 0, 0, 0, 0, 0, 0, 0, 0, 0, 0, 0, 0, 0, 0, 0, 0, 0, 0, 0, 0, 0, 0, 0, 0, 0, 0, 0, 0, 0, 0, 0, 0, 0, 0, 0, 0, 0, 0, 0, 0, 0, 0, 0, 0, 0, 0, 0, 0, 0, 0, 0, 0, 0, 0, 0, 0, 0, 0, 0, 0, 0}>
12-14 03:46:47.114 11135 11185 I DialerCallEventDriver: com.android.dialer.incall.core.call.events.impl.CallEventDriver.lambda$updateState$0:94 state ADDED -> ANSWERING_STARTED
12-14 03:46:47.114   927  1678 I bthal.flowcontrol: HciEventPreProcess: HCI Event 0xe Opcode 0xfd59 Length 103 handled by ControllerActivityWatcher
12-14 03:46:47.114 11135 11135 I DialerDialerBubbleController: com.android.dialer.incall.bubble.dialerbubble.DialerBubbleController.lambda$onCallGraphUpdated$1:90 IN_CALL_UPDATE_MONITORING: fire update in the ui thread
12-14 03:46:47.114  1186  1186 D AOC     : A3:MSG: usf_sensor.cc, 2043: USF: Received reconfig sampling request for ICM45631 Temperature.
12-14 03:46:47.115 11135 11187 I DialerInCallUpdatePropagatorImpl: com.android.dialer.incall.core.dataservice.impl.InCallUpdatePropagatorImpl$1.onSuccess:79 IN_CALL_UPDATE_MONITORING: fire update in the ui thread
12-14 03:46:47.115 11135 11187 I DialerInCallProductionComponentAuthorityImpl: com.android.dialer.incall.core.dataservice.impl.InCallProductionComponentAuthorityImpl.postNewPrimaryCallGraph:60 IN_CALL_UPDATE_MONITORING: start building new call graph
12-14 03:46:47.116 11135 11189 I DialerXatuPipelineModelDownloader: com.android.dialer.xatu.impl.pipeline.XatuPipelineModelDownloader.lambda$isSupportedSodaLanguagePackAvailable$3:135 soda language pack has version 3006
12-14 03:46:47.116 11135 11185 I DialerFlipToSilenceCallEventListeners: com.android.dialer.fliptosilence.impl.FlipToSilenceCallEventListeners.onCallRingingStarted:51 call started - registering flip to silence observer
12-14 03:46:47.116 11135 11185 I DialerCallAnnouncer: com.android.dialer.callannouncer.impl.service.CallAnnouncer.onCallRingingStarted:89 call ringing started
12-14 03:46:47.116 11135 11184 I DialerXatuSettings: com.android.dialer.xatu.impl.settings.XatuSettings.lambda$isShowAheadEnabled$1:70 show ahead enrollment status 1, is enabled true
12-14 03:46:47.118 11135 11189 I DialerPrivate: com.android.dialer.incall.bubble.service.BubbleModelProducerModule.produceIsInCallUiHidden:393 cannot show bubble, legacyInCallUiShowing state is not present
12-14 03:46:47.118 11135 11185 I DialerAnswerProximityController: com.android.dialer.incall.proximitysensor.impl.answer.AnswerProximityController.onCallRingingStarted:55 ANSWER_PROXIMITY_SENSOR_ENABLED is not enabled.
12-14 03:46:47.118 11135 11185 I Dialerhjy: com.android.dialer.incall.motorolaincalluinotifier.MotorolaInCallUiNotifier$onCallRingingListener$1.onCallRingingStarted:34 New incoming call, send broadcast to hide USSD dialog
12-14 03:46:47.118 11135 11185 I Dialerhjy: com.android.dialer.incall.motorolaincalluinotifier.MotorolaInCallUiNotifier.sendUiVisibilityBroadcast:40 sending visibility: true
12-14 03:46:47.118 11135 11189 I DialerRttSettingsEnabledFn: com.android.dialer.rtt.settings.impl.RttSettingsEnabledFn.isEnabled:32 qpr2 build or higher, enabling [CONTEXT ratelimit_period=\"1 MINUTES\" ]
12-14 03:46:47.118 11135 11189 I DialerRttInCallCachedDataLookup: com.android.dialer.incall.rtt.service.RttInCallCachedDataLookup.lookupInternal:80 Looking up the RttConfiguration
12-14 03:46:47.119 11135 11135 I DialerTelecomEventUiThreadBlockedTimer: com.android.incallui.TelecomEventUiThreadBlockedTimer.lambda$onEvent$0:58 InCallService.uiThreadBlockedByTelecomEvent.onCallAudioStateChanged blocked UI thread for 5.39 ms
12-14 03:46:47.119   957   957 D usf_sensor_hal: accelerometer: Enter Flush
12-14 03:46:47.119 11135 25789 V ClearcutMetricXmitter: Transmission is done.
12-14 03:46:47.120 11135 25789 V ClearcutMetricXmitter: Transmission is done.
12-14 03:46:47.120 11135 11187 I DialerTiktokDataServiceInCallUpdateListener: com.android.dialer.incall.core.dataservice.impl.TiktokDataServiceInCallUpdateListener.onCallGraphUpdated:30 IN_CALL_UPDATE_MONITORING: enter
12-14 03:46:47.120 11135 11187 I DialerDialerBubbleController: com.android.dialer.incall.bubble.dialerbubble.DialerBubbleController.onCallGraphUpdated:79 IN_CALL_UPDATE_MONITORING: enter
12-14 03:46:47.121 11135 11189 I DialerCallAnnouncerInternalProducerModule: com.android.dialer.callannouncer.impl.service.CallAnnouncerInternalProducerModule.produceDisplayNameAfterLookups:284 starting full phone lookup
12-14 03:46:47.121 11135 11189 I DialerPrivate: com.android.dialer.incall.bubble.service.BubbleModelProducerModule.produceIsBubbleFeatureEnabledForCall:342 Not showing bubble in Android S+ when 'enable_android_s_notifications' is enabled.
12-14 03:46:47.122 11135 11189 I DialerCallAnnouncerInternalProducerModule: com.android.dialer.callannouncer.impl.service.CallAnnouncerInternalProducerModule.produceShouldAnnounce:105 producing shouldAnnounce
12-14 03:46:47.122  1138 25825 D GenericSource: FileSource remote
12-14 03:46:47.123 11135 11189 I Dialerfha: com.android.dialer.dobby.impl.service.DobbySession.isValidCallState:373 call state: RINGING
12-14 03:46:47.125 11135 11187 I DialerStatusBarNotifier: com.android.dialer.incall.statusbarnotification.ui.StatusBarNotifier.onCallGraphUpdated:231 updateInProgress: true
12-14 03:46:47.125 11135 11184 I DialerLogcatLoggingBindings: com.android.dialer.logging.logcat.LogcatLoggingBindings.logImpression:51 Impression: LEGACY_COUNTRY_DETECTOR_NETWORK_COUNTRY_ISO_USED
12-14 03:46:47.125 11135 11187 I DialerStatusBarNotifier: com.android.dialer.incall.statusbarnotification.ui.StatusBarNotifier.onCallGraphUpdated:235 Setting updatedQueued to true
12-14 03:46:47.125 11135 11184 I DialerLegacyCountryDetector: com.android.dialer.location.LegacyCountryDetector.getCurrentCountryIso:137 returning Redacted-2-chars
12-14 03:46:47.126 11135 11187 I DialerAtlasBusinessFinderImpl: com.android.incallui.atlas.ui.impl.businessfinder.AtlasBusinessFinderImpl.findBusiness:126 atlas isn't available for incoming calls
12-14 03:46:47.127 11135 11161 V ClearcutMetricXmitter: Transmission is done.
12-14 03:46:47.127 11135 11185 I DialerDialerMessageSenderImpl: com.google.android.dialershared.wearablemessage.sender.impl.DialerMessageSenderImpl.lookupCapableNodeThenRequestMessage:122 
12-14 03:46:47.127 11135 11162 V ClearcutMetricXmitter: Transmission is done.
12-14 03:46:47.127 11135 11185 I DialerInCallUpdatePropagatorImpl: com.android.dialer.incall.core.dataservice.impl.InCallUpdatePropagatorImpl$1.onSuccess:79 IN_CALL_UPDATE_MONITORING: fire update in the ui thread
12-14 03:46:47.127 11135 11185 I DialerInCallProductionComponentAuthorityImpl: com.android.dialer.incall.core.dataservice.impl.InCallProductionComponentAuthorityImpl.postNewPrimaryCallGraph:60 IN_CALL_UPDATE_MONITORING: start building new call graph
12-14 03:46:47.128   957   957 D usf_sensor_hal: accelerometer: Enter Batch. period = 200000000, latency = 2000000000.
12-14 03:46:47.128 11135 11185 I DialerTiktokDataServiceInCallUpdateListener: com.android.dialer.incall.core.dataservice.impl.TiktokDataServiceInCallUpdateListener.onCallGraphUpdated:30 IN_CALL_UPDATE_MONITORING: enter
12-14 03:46:47.129 11135 11185 I DialerDialerBubbleController: com.android.dialer.incall.bubble.dialerbubble.DialerBubbleController.onCallGraphUpdated:79 IN_CALL_UPDATE_MONITORING: enter
12-14 03:46:47.129 11135 11185 I DialerStatusBarNotifier: com.android.dialer.incall.statusbarnotification.ui.StatusBarNotifier.onCallGraphUpdated:231 updateInProgress: true
12-14 03:46:47.129 11135 11185 I DialerStatusBarNotifier: com.android.dialer.incall.statusbarnotification.ui.StatusBarNotifier.onCallGraphUpdated:235 Setting updatedQueued to true
12-14 03:46:47.131  1186  1186 D AOC     : A3:MSG: usf_sensor.cc, 2043: USF: Received reconfig sampling request for ICM45631 Accelerometer.
12-14 03:46:47.131   957   957 D usf_sensor_hal: IMU temperature: Enter Batch. period = 666667000, latency = 2000000000.
12-14 03:46:47.132  1186  1186 D AOC     : A3:MSG: usf_sensor.cc, 2043: USF: Received reconfig sampling request for ICM45631 Temperature.
12-14 03:46:47.133 11135 11160 V ClearcutMetricXmitter: Transmission is done.
12-14 03:46:47.135 11135 11189 I DialerAtlasBusinessFinderImpl: com.android.incallui.atlas.ui.impl.businessfinder.AtlasBusinessFinderImpl.findBusiness:126 atlas isn't available for incoming calls
12-14 03:46:47.135 11135 11193 I DialerCallingNetworksImpl: com.android.dialer.callingnetworks.impl.CallingNetworksImpl.getCallingNetworksAvailabilitySync:136 enable HD plus icon flag is disabled [CONTEXT ratelimit_period=\"1 MINUTES\" ]
12-14 03:46:47.135 11135 11193 I DialerPhoneAccountInfoFetcher: com.android.dialer.phoneaccount.PhoneAccountInfoFetcher.getPhoneAccountInfo:171 Updating PhoneAccountInfo cache for phone account handle 'ComponentInfo{com.android.phone/com.android.services.telephony.TelephonyConnectionService}, 2, UserHandle{0}':
12-14 03:46:47.135 11135 11193 I DialerPhoneAccountInfoFetcher: Redacted-14-chars
12-14 03:46:47.136 11135 25827 I DialerDialerPhoneNumberUtil: com.android.dialer.phonenumberproto.DialerPhoneNumberUtil.parse:94 country ISO set to default region
12-14 03:46:47.136 11135 11186 I Dialerjmm: com.android.dialer.spam.status.incall.impl.service.SpamStatusInCallUpdater$onCallRingingStarted$1.invokeSuspend:64 CheckSpamStatus - Incoming call
12-14 03:46:47.138 11135 11186 W DialerXatuDuplexModelRepository: com.android.dialer.xatu.impl.pipeline.duplex.XatuDuplexModelRepository.lambda$getDownloadedZipFileUri$5:132 No model has been downloaded yet. [CONTEXT disable_client_error_logging=true ]
12-14 03:46:47.138 11135 11185 I DialerXatuDuplexModelRepository: com.android.dialer.xatu.impl.pipeline.duplex.XatuDuplexModelRepository.lambda$isModelAvailable$0:93 isModelAvailable = false
12-14 03:46:47.138 11135 11160 V ClearcutMetricXmitter: Transmission is done.
12-14 03:46:47.139 11135 11185 W DialerXatuPipelineModelDownloader: com.android.dialer.xatu.impl.pipeline.XatuPipelineModelDownloader.lambda$areModelsDownloaded$1:101 Duplex model is not available [CONTEXT disable_client_error_logging=true ]
12-14 03:46:47.139 11135 11160 V ClearcutMetricXmitter: Transmission is done.
12-14 03:46:47.140 11135 25795 I DialerFlipToShushSettings: com.android.dialer.fliptosilence.FlipToShushSettings.isFlipToShushEnabled:97 autoDndConfiguration: 1
12-14 03:46:47.144 11135 11193 I DialerCallAnnouncerInternalProducerModule: com.android.dialer.callannouncer.impl.service.CallAnnouncerInternalProducerModule.produceAsyncShouldAnnounce:147 setting is invalid, returning false
12-14 03:46:47.145 11135 11186 I DialerCompositeSpam: com.android.dialer.spam.composite.CompositeSpam.checkSpamStatus:284 enter
12-14 03:46:47.146 11135 11186 I DialerCompositeSpam: com.android.dialer.spam.composite.CompositeSpam.checkSpamStatusInAppCatchingAll:384 querying inAppSpam
12-14 03:46:47.146 11135 11186 I DialerCompositeSpam: com.android.dialer.spam.composite.CompositeSpam.checkSpamStatusStirShakenCatchingAll:403 querying stirShakenSpam
12-14 03:46:47.148 11135 11160 V ClearcutMetricXmitter: Transmission is done.
12-14 03:46:47.148  1634 25798 D Ringtone: Successfully created local player
12-14 03:46:47.148  1634 25798 I Telecom : AsyncRingtonePlayer: setRingtone: ringtone null=false: NCSSF.aC->ICFG.sF->ICFG.sF->ICFG.sF->CAMSM.pM_2002->ARP.hP@dxk?
12-14 03:46:47.148  1634 25798 I Telecom : AsyncRingtonePlayer: handlePlay: Play ringtone. Uri: content://media/...: NCSSF.aC->ICFG.sF->ICFG.sF->ICFG.sF->CAMSM.pM_2002->ARP.hP@dxk?
12-14 03:46:47.149  1634  1634 D MediaRouter: onRestoreRoute() : route=RouteInfo{ name=Phone, description=null, status=null, category=RouteCategory{ name=System types=ROUTE_TYPE_LIVE_AUDIO ROUTE_TYPE_LIVE_VIDEO  groupable=false }, supportedTypes=ROUTE_TYPE_LIVE_AUDIO ROUTE_TYPE_LIVE_VIDEO , presentationDisplay=null }
12-14 03:46:47.149  1634  1634 V MediaRouter: Selecting route: RouteInfo{ name=Phone, description=null, status=null, category=RouteCategory{ name=System types=ROUTE_TYPE_LIVE_AUDIO ROUTE_TYPE_LIVE_VIDEO  groupable=false }, supportedTypes=ROUTE_TYPE_LIVE_AUDIO ROUTE_TYPE_LIVE_VIDEO , presentationDisplay=null }
12-14 03:46:47.150  1634 25798 I Telecom : AsyncRingtonePlayer: Play ringtone, looping.: NCSSF.aC->ICFG.sF->ICFG.sF->ICFG.sF->CAMSM.pM_2002->ARP.hP@dxk?
12-14 03:46:47.150  1138 25822 I GenericSource: start
12-14 03:46:47.150  1634 25798 I Telecom : Ringer: did not find vibration effect, falling back to default vibration: NCSSF.aC->ICFG.sF->ICFG.sF->ICFG.sF->CAMSM.pM_2002->ARP.hP@dxk?
12-14 03:46:47.150 11135 11186 I DialerStirShakenSpam: com.android.dialer.spam.stirshaken.StirShakenSpam.getSpamStatus:138 number: +***********
12-14 03:46:47.150 11135 11186 I DialerStirShakenSpam: com.android.dialer.spam.stirshaken.StirShakenSpam.fromVerificationStatus:379 Stir/Shaken status from verification status: 1
12-14 03:46:47.152 11135 11186 I DialerLogcatLoggingBindings: com.android.dialer.logging.logcat.LogcatLoggingBindings.logImpression:51 Impression: STIR_SHAKEN_FROM_VERIFICATION_STATUS
12-14 03:46:47.153 11135 11186 I DialerStirShakenSpam: com.android.dialer.spam.stirshaken.StirShakenSpam.lambda$storeResults$2:238 storing result
12-14 03:46:47.153 11135 11174 I Dialereso: com.android.dialer.dobby.impl.DobbySingletonAudioPrismConfigProvider$config$1.invoke:91 duplex file group version: 1681042634 [CONTEXT enable_persistent_logger=true ]
12-14 03:46:47.155 11135 11175 I DialerLogcatLoggingBindings: com.android.dialer.logging.logcat.LogcatLoggingBindings.logImpression:51 Impression: LEGACY_COUNTRY_DETECTOR_NETWORK_COUNTRY_ISO_USED
12-14 03:46:47.155 11135 11175 I DialerLegacyCountryDetector: com.android.dialer.location.LegacyCountryDetector.getCurrentCountryIso:137 returning Redacted-2-chars
12-14 03:46:47.155 11135 11175 I DialerDialerPhoneNumberUtil: com.android.dialer.phonenumberproto.DialerPhoneNumberUtil.parse:94 country ISO set to default region
12-14 03:46:47.155  1634 25798 I Telecom : Event: RecordEntry TC@1113: SKIP_VIBRATION, using audio-coupled haptics: NCSSF.aC->ICFG.sF->ICFG.sF->ICFG.sF->CAMSM.pM_2002->ARP.hP@dxk?
12-14 03:46:47.157 11135 11174 I Dialeresm: com.android.dialer.dobby.impl.DobbyDuplexFileGroupDomainAllowList.verifyAll:24 dobby_duplex_model in allowed domain list: true
12-14 03:46:47.158 11135 25829 I DialerRttDeviceCompatibility: com.android.dialer.rtt.settings.impl.configuration.RttDeviceCompatibility.isIgnoreRttModeFlagSet:77 RTT carrier config ignore_rtt_mode_setting_bool is enabled.
12-14 03:46:47.160 11135 25829 I DialerRttDeviceCompatibility: com.android.dialer.rtt.settings.impl.configuration.RttDeviceCompatibility.doesPhoneAccountHaveRttCapabilities:104 Phone account has RTT capability.
12-14 03:46:47.160 11135 25829 I DialerRttDeviceCompatibility: com.android.dialer.rtt.settings.impl.configuration.RttDeviceCompatibility.lambda$isDeviceSupported$1:59 [RTT] isDeviceSupported: true
12-14 03:46:47.161 11135 11193 I Dialerckm: com.android.dialer.audioprism.internal.models.duplex.impl.AudioPrismDuplexModelAvailability$check$2.invokeSuspend:49 Checking availability of 1 file groups
12-14 03:46:47.163 11135 11189 I Dialerckm: com.android.dialer.audioprism.internal.models.duplex.impl.AudioPrismDuplexModelAvailability$check$2.invokeSuspend:56 dobby-duplex-files available: false
12-14 03:46:47.163 12688 12688 I Wear_Controller: Wearable module requires a companion app to be installed.
12-14 03:46:47.163 12688 12688 I WearableService: onCreate: Wearable Services not starting. Wear is not available on this device.
12-14 03:46:47.163 11135 11172 I DialerRttConfigurationDao: com.android.dialer.rtt.settings.impl.configuration.RttConfigurationDao.lambda$getRttConfiguration$2:57 successfully loaded rtt configuration: NOT_VISIBLE
12-14 03:46:47.164 11135 11189 I Dialerfha: com.android.dialer.dobby.impl.service.DobbySession.checkAudioPrismPreconditions:202 AudioPrism preconditions did not pass: FAILURE_MODELS_NOT_AVAILABLE
12-14 03:46:47.164  1138 25834 D CCodec  : allocate(c2.android.vorbis.decoder)
12-14 03:46:47.164 11135 11184 I DialerInCallUpdatePropagatorImpl: com.android.dialer.incall.core.dataservice.impl.InCallUpdatePropagatorImpl$1.onSuccess:79 IN_CALL_UPDATE_MONITORING: fire update in the ui thread
12-14 03:46:47.164 11135 11193 I DialerRttInCallCachedDataLookup: com.android.dialer.incall.rtt.service.RttInCallCachedDataLookup$1.onSuccess:93 Completed looking up the RttConfiguration
12-14 03:46:47.164 11135 11184 I DialerInCallProductionComponentAuthorityImpl: com.android.dialer.incall.core.dataservice.impl.InCallProductionComponentAuthorityImpl.postNewPrimaryCallGraph:60 IN_CALL_UPDATE_MONITORING: start building new call graph
12-14 03:46:47.165 11135 11189 I Dialerfec: com.android.dialer.dobby.impl.service.DobbyLifecycleController.transitionLifecycleStateTo:658 transitioning to state NOT_A_DOBBY_CALL
12-14 03:46:47.165 11135 11189 I Dialerfij: com.android.dialer.dobby.impl.service.state.DobbyLifecycleStateHolder.update:31 lifecycle transition: NOT_SET -> NOT_A_DOBBY_CALL
