--------- beginning of main
10-30 21:09:57.651 12508 12508 E STFService: getNetworkProperties: Location fine denied
--------- beginning of radio
10-30 21:09:58.255  1438  1958 D RILD    : QmiVssUnsolicitedCallback: msgId(6)
10-30 21:09:58.256  1438  1958 D RILD    : IpcOverQmiChannel: NotifyAsyncMessage completed
10-30 21:09:58.256  1438  1961 V RILD    : IpcModem::ReceiveMessage
10-30 21:09:58.256  1438  1961 V RILD    : IpcModem::DoIoChannelRouting
10-30 21:09:58.264  1438  1961 D RILD    : [L] RX: (M)SVC_CMD (S)SVC_DISPLAY_SCREEN (T)NOTI l:aa8 m:00 a:ff [ 50 00 00 20 44 45 42 55 47 20 49 4E 46 4F 20 3A 20 30 20 30 20 31 32 20 31 39 36 20 31 32 33 38 37 30 00 01 00 20 48 50 4C 4D 4E 28 33 31 33 2D 33 34 30 29 20 73 69 6D 5F 73 74 61 74 65 28 31 29 00 00 00 00 02 00 20 53 65 72 76 69 6E 67 20 50 4C 4D 4E 28 33 31 33 2D 33 34 30 29 20 2D 20 4E 52 35 47 00 00 00 03 00 20 4E 57 20 73 65 6C 20 6D 6F 64 65 20 3A 20 4D 61 6E 75 61 6C 00 00 00 00 00 00 00 00 00 00 00 04 00 20 53 65 6C 65 63 74 65 64 20 50 4C 4D 4E 28 33 31 33 2D 33 34 30 29 00 36 36 34 29 00 00 00 00 05 00 20 53 65 72 76 69 63 65 28 61 76 61 69 6C 61 62 6C 65 29 00 2D 39 66 63 30 30 65 63 00 00 00 00 06 00 20 4D 4D 35 47 28 52 45 47 49 53 54 45 52 45 44 29 20 53 75 62 28 30 29 00 29 00 00 00 00 00 00 07 00 20 4D 4D 35 47 20 55 70 64 61 74 65 28 55 50 44 41 54 45 44 29 00 00 00 29 00 00 00 00 00 00 00 08 00 20 4E 52 35 47 5F 52 53 52 50 20 3A 20 2D 31 30 35 00 30 20 53 4E 52 3A 2D 34 2E 38 00 00 00 00 09 00 20 4E 52 35 47 5F 53 49 4E 
10-30 21:09:58.264  1438  1961 D RILD    : 52 20 3A 20 39 2E 37 00 00 45 52 5F 46 41 49 4C 00 00 00 00 00 00 00 0A 00 20 4E 52 35 47 5F 52 53 52 51 3A 20 2D 31 34 00 72 65 64 3A 20 32 00 44 00 00 00 00 00 00 00 00 0B 00 20 4E 52 5F 52 52 43 3A 20 49 44 4C 45 00 43 54 45 44 00 41 4D 50 45 44 00 73 73 5F 66 6C 61 00 0C 00 20 4E 52 5F 53 53 42 5F 49 6E 64 65 78 3A 20 33 00 00 35 20 3A 20 4E 6F 74 20 53 75 70 70 6F 00 0D 00 20 4E 52 5F 41 52 46 43 4E 3A 20 31 32 33 38 37 30 00 3A 20 54 52 55 45 00 00 00 00 00 00 00 00 0E 00 20 4E 52 5F 50 43 49 3A 20 36 37 00 20 53 49 4E 52 3A 20 2D 2D 20 52 53 52 51 3A 20 2D 2D 00 00 0F 00 20 4E 52 5F 42 41 4E 44 3A 20 6E 37 31 00 20 2D 2D 00 20 30 2E 30 30 20 00 00 00 00 00 00 00 00 10 00 20 4E 52 5F 44 4C 20 53 63 68 65 64 75 6C 69 6E 67 3A 20 30 2E 30 30 20 00 00 00 00 00 00 00 00 11 00 20 4E 52 5F 42 4C 45 52 3A 20 30 2E 30 30 20 00 00 00 2D 2D 00 00 00 00 00 00 00 00 00 00 00 00 12 00 20 4E 52 5F 42 57 3A 20 35 20 4D 48 7A 00 00 2D 2D 00 2D 2D 00 
10-30 21:09:58.264  1438  1961 D RILD    : 70 65 3A 20 2D 2D 00 00 00 00 00 13 00 20 4E 52 5F 53 41 5F 52 4C 46 20 43 6F 75 6E 74 3A 20 2D 2D 00 00 00 00 00 00 00 00 00 00 00 00 14 00 20 4E 52 5F 41 4E 54 20 4D 41 58 20 52 53 52 50 3A 20 30 00 35 36 00 00 00 00 00 00 00 00 00 00 15 00 20 4E 52 5F 41 4E 54 20 4D 49 4E 20 52 53 52 50 3A 20 2D 31 35 36 00 3A 20 50 55 43 43 48 00 00 16 00 20 4E 52 5F 54 78 20 50 68 79 20 43 68 61 6E 6E 65 6C 20 54 79 70 65 3A 20 50 55 43 43 48 00 00 17 00 20 4E 52 20 52 58 30 20 52 53 52 50 3A 20 2D 31 30 34 20 00 00 20 00 00 00 00 00 00 00 00 00 00 18 00 20 4E 52 20 52 58 31 20 52 53 52 50 3A 20 2D 31 31 32 20 00 79 70 65 3A 20 2D 2D 00 00 00 00 00 19 00 20 4E 52 20 52 58 32 20 52 53 52 50 3A 20 2D 33 31 20 00 00 41 53 53 00 00 00 00 00 00 00 00 00 1A 00 20 4E 52 20 52 58 33 20 52 53 52 50 3A 20 2D 33 31 20 00 20 2D 2D 00 00 00 00 00 00 00 00 00 00 1B 00 20 4E 52 5F 54 78 20 50 77 72 3A 20 32 33 20 64 42 6D 00 20 00 00 00 00 00 00 00 00 00 00 00 00 1C 
10-30 21:09:58.265  1438  1961 D RILD    : 00 20 4E 52 5F 53 43 53 3A 20 31 35 6B 48 7A 00 2D 31 33 32 20 00 29 2C 20 74 73 73 5F 66 6C 61 00 1D 00 20 4E 52 5F 43 44 52 58 3A ]
10-30 21:09:58.265  1438  1961 V RILD    : MatchIpc: mMainCmd 11 mainCmd 0b mSubCmdMask ffffffffffffffff_ffffffffffffffff subCmd 05
10-30 21:09:58.265  1438  1961 V RILD    : MatchIpc: mMainCmd 16 mainCmd 0b mSubCmdMask 0_f1b06fefe subCmd 05
10-30 21:09:58.265  1438  1961 V RILD    : MatchIpc: mMainCmd 23 mainCmd 0b mSubCmdMask 0_36 subCmd 05
10-30 21:09:58.265  1438  1961 V RILD    : MatchIpc: mMainCmd 24 mainCmd 0b mSubCmdMask ffffffffffffffff_ffffffffffffffff subCmd 05
10-30 21:09:58.265  1438  1961 V RILD    : MatchIpc: mMainCmd 25 mainCmd 0b mSubCmdMask ffffffffffffffff_ffffffffffffffff subCmd 05
10-30 21:09:58.265  1438  1961 D RILD    : GetRxData:
10-30 21:09:58.265  1438  1961 D RILD    : IpcRxServiceModeDisplayScreen:
10-30 21:09:58.265  1438  1961 D RILD    : BuildRilDataSvcModeDisplayScreen:
10-30 21:09:58.266  1438  1961 V RILD    : IpcModem::ProcessIpc regType=82
10-30 21:09:58.266  1438  1961 V RILD    : Registrant::Notify refcnt(1)
10-30 21:09:58.266  1438  1693 D RILD    : SVC-MGR(19): evt(103)
10-30 21:09:58.266  1438  1693 D RILD    : EVENT_MODEMUI_UPDATED response
10-30 21:09:58.266  1438  1693 V RILD    : Message obj refcnt=0
10-30 21:09:58.267  1438  1961 V RILD    : NotifyTimeoutChanged()
10-30 21:09:58.267  1438  1965 V RILD    : Reader: timeout=-1
10-30 21:09:58.381  1041  7289 I sensors-hal: handle_sns_client_event:229, auto_rotation_event_2: mode:255, type:1:0/-0.057,-0.079,9.868, ar:0
10-30 21:09:58.557  2261  2261 I ModemServiceMode: EVENT_TICK!
--------- beginning of system
10-30 21:09:58.564  1286  4660 D AppOps  : startOperation: allowing code 40 uid 1001 package com.sec.phone restricted: false flags: s
10-30 21:09:58.568  1971  1976 D Multi-Client: OemClient::ProcessBuffer() from [5], token[704], datalen[8]
10-30 21:09:58.569  1438  1438 D RILD    : IsRegisteredNetworkType(): netType[1]  feature[00] state[0] 
10-30 21:09:58.570  1438  1694 D RILD    : DoRouteIn - FW reqId : 59
10-30 21:09:58.570  1438  1694 D RILD    : DoRouteOut - FW reqId : 59
10-30 21:09:58.570  1438  1694 D RILD    : GetMessage : oem func id = 0x01
10-30 21:09:58.571  1438  1694 D RILD    : Onprocessing: request id(59), handleEvent(100)
10-30 21:09:58.571  1438  1693 D RILD    : SVC-MGR(19): evt(100)
10-30 21:09:58.571  1438  1693 D RILD    : OnOemServiceMode: sub id = 0x01, 4
10-30 21:09:58.571  1438  1693 D RILD    : MakeOemResponseBuilder : oem func id = 0x01
10-30 21:09:58.571  1438  1693 D RILD    : MakeOemResponseBuilder : Unsupported Function ID(1)
10-30 21:09:58.571  1438  1693 D RILD    : BuildSolicited : sub id = 0x01
10-30 21:09:58.572  1438  1693 D RILD    : RequestComplete - req : 59, peek : 59
10-30 21:09:58.572  1438  1693 V RILD    : Message obj refcnt=-1
10-30 21:09:58.572  1971  1975 D Multi-Client: Oem OnRequestComplete:(5)
10-30 21:09:58.577  2261  2261 I ModemServiceMode: in QUERT_SERVM_DONE
--------- beginning of events
10-30 21:09:58.577  1286  4660 I power_partial_wake_state: [REL,12,RILS:com.sec.phone]
10-30 21:09:58.577  2261  2261 I ModemServiceMode: size of result : 3400
10-30 21:09:58.577  2261  2261 I ModemServiceMode: Line 0 :  DEBUG INFO : 0 0 12 196 123870_
10-30 21:09:58.578  2261  2261 I ModemServiceMode: Line 1 :  HPLMN(313-340) sim_state(1)_
10-30 21:09:58.578  2261  2261 I ModemServiceMode: Line 2 :  Serving PLMN(313-340) - NR5G_
10-30 21:09:58.578  2261  2261 I ModemServiceMode: Line 3 :  NW sel mode : Manual_
10-30 21:09:58.578  2261  2261 I ModemServiceMode: Line 4 :  Selected PLMN(313-340)_
10-30 21:09:58.578  2261  2261 I ModemServiceMode: Line 5 :  Service(available)_
10-30 21:09:58.578  2261  2261 I ModemServiceMode: Line 6 :  MM5G(REGISTERED) Sub(0)_
10-30 21:09:58.578  2261  2261 I ModemServiceMode: Line 7 :  MM5G Update(UPDATED)_
10-30 21:09:58.578  2261  2261 I ModemServiceMode: Line 8 :  NR5G_RSRP : -105_
10-30 21:09:58.578  2261  2261 I ModemServiceMode: Line 9 :  NR5G_SINR : 9.7_
10-30 21:09:58.578  2261  2261 I ModemServiceMode: Line 10 :  NR5G_RSRQ: -14_
10-30 21:09:58.578  2261  2261 I ModemServiceMode: Line 11 :  NR_RRC: IDLE_
10-30 21:09:58.578  2261  2261 I ModemServiceMode: Line 12 :  NR_SSB_Index: 3_
10-30 21:09:58.578  2261  2261 I ModemServiceMode: Line 13 :  NR_ARFCN: 123870_
10-30 21:09:58.578  2261  2261 I ModemServiceMode: Line 14 :  NR_PCI: 67_
10-30 21:09:58.578  2261  2261 I ModemServiceMode: Line 15 :  NR_BAND: n71_
10-30 21:09:58.578  2261  2261 I ModemServiceMode: Line 16 :  NR_DL Scheduling: 0.00 _
10-30 21:09:58.578  2261  2261 I ModemServiceMode: Line 17 :  NR_BLER: 0.00 _
10-30 21:09:58.578  2261  2261 I ModemServiceMode: Line 18 :  NR_BW: 5 MHz_
10-30 21:09:58.578  2261  2261 I ModemServiceMode: Line 19 :  NR_SA_RLF Count: --_
10-30 21:09:58.578  2261  2261 I ModemServiceMode: Line 20 :  NR_ANT MAX RSRP: 0_
10-30 21:09:58.578  2261  2261 I ModemServiceMode: Line 21 :  NR_ANT MIN RSRP: -156_
10-30 21:09:58.578  2261  2261 I ModemServiceMode: Line 22 :  NR_Tx Phy Channel Type: PUCCH_
10-30 21:09:58.578  2261  2261 I ModemServiceMode: Line 23 :  NR RX0 RSRP: -104 _
10-30 21:09:58.578  2261  2261 I ModemServiceMode: Line 24 :  NR RX1 RSRP: -112 _
10-30 21:09:58.578  2261  2261 I ModemServiceMode: Line 25 :  NR RX2 RSRP: -31 _
10-30 21:09:58.578  2261  2261 I ModemServiceMode: Line 26 :  NR RX3 RSRP: -31 _
10-30 21:09:58.578  2261  2261 I ModemServiceMode: Line 27 :  NR_Tx Pwr: 23 dBm_
10-30 21:09:58.579  2261  2261 I ModemServiceMode: Line 28 :  NR_SCS: 15kHz_
10-30 21:09:58.579  2261  2261 I ModemServiceMode: Line 29 :  NR_CDRX: Active_
10-30 21:09:58.579  2261  2261 I ModemServiceMode: Line 30 :  NR SA CA Not present _
10-30 21:09:58.579  2261  2261 I ModemServiceMode: Line 31 :  NETWORK : UNBLOCK_
10-30 21:09:58.579  2261  2261 I ModemServiceMode: Line 32 :  FINAL IMEI Certi: PASS_
10-30 21:09:58.579  2261  2261 I ModemServiceMode: Line 33 : Unknown 0_
10-30 21:09:58.579  2261  2261 I ModemServiceMode: Line 34 : AJB Init_buf:0 ms_
10-30 21:09:58.579  2261  2261 I ModemServiceMode: Line 35 : NO TSS DEVICE : err(0), tss_fla_
10-30 21:09:58.579  2261  2261 I ModemServiceMode: Line 36 :  ASDiv : NOT SUPPORTED_
10-30 21:09:58.579  2261  2261 I ModemServiceMode: Line 37 : TM:All TM Lvl is 0_
10-30 21:09:58.579  2261  2261 I ModemServiceMode: Line 38 : WAKEUP_INFO: 0_
10-30 21:09:58.579  2261  2261 I ModemServiceMode: Line 39 : _
10-30 21:09:58.579  2261  2261 I ModemServiceMode: Line 40 : _
10-30 21:09:58.579  2261  2261 I ModemServiceMode: Line 41 : _
10-30 21:09:58.579  2261  2261 I ModemServiceMode: Line 42 : _
10-30 21:09:58.579  2261  2261 I ModemServiceMode: Line 43 : _
10-30 21:09:58.579  2261  2261 I ModemServiceMode: Line 44 : _
10-30 21:09:58.579  2261  2261 I ModemServiceMode: Line 45 : _
10-30 21:09:58.579  2261  2261 I ModemServiceMode: Line 46 : _
10-30 21:09:58.579  2261  2261 I ModemServiceMode: Line 47 : _
10-30 21:09:58.579  2261  2261 I ModemServiceMode: Line 48 : _
10-30 21:09:58.579  2261  2261 I ModemServiceMode: Line 49 : _
10-30 21:09:58.579  2261  2261 I ModemServiceMode: Line 50 : _
10-30 21:09:58.579  2261  2261 I ModemServiceMode: Line 51 : _
10-30 21:09:58.579  2261  2261 I ModemServiceMode: Line 52 : _
10-30 21:09:58.579  2261  2261 I ModemServiceMode: Line 53 : _
10-30 21:09:58.579  2261  2261 I ModemServiceMode: Line 54 : _
10-30 21:09:58.579  2261  2261 I ModemServiceMode: Line 55 : _
10-30 21:09:58.579  2261  2261 I ModemServiceMode: Line 56 : _
10-30 21:09:58.579  2261  2261 I ModemServiceMode: Line 57 : _
10-30 21:09:58.579  2261  2261 I ModemServiceMode: Line 58 : _
10-30 21:09:58.580  2261  2261 I ModemServiceMode: Line 59 : _
10-30 21:09:58.580  2261  2261 I ModemServiceMode: Line 60 : _
10-30 21:09:58.580  2261  2261 I ModemServiceMode: Line 61 : _
10-30 21:09:58.580  2261  2261 I ModemServiceMode: Line 62 : _
10-30 21:09:58.580  2261  2261 I ModemServiceMode: Line 63 : _
10-30 21:09:58.580  2261  2261 I ModemServiceMode: Line 64 : _
10-30 21:09:58.580  2261  2261 I ModemServiceMode: Line 65 : _
10-30 21:09:58.580  2261  2261 I ModemServiceMode: Line 66 : _
10-30 21:09:58.580  2261  2261 I ModemServiceMode: Line 67 : _
10-30 21:09:58.580  2261  2261 I ModemServiceMode: Line 68 : _
10-30 21:09:58.580  2261  2261 I ModemServiceMode: Line 69 : _
10-30 21:09:58.580  2261  2261 I ModemServiceMode: Line 70 : _
10-30 21:09:58.580  2261  2261 I ModemServiceMode: Line 71 : _
10-30 21:09:58.580  2261  2261 I ModemServiceMode: Line 72 : _
10-30 21:09:58.580  2261  2261 I ModemServiceMode: Line 73 : _
10-30 21:09:58.580  2261  2261 I ModemServiceMode: Line 74 : _
10-30 21:09:58.580  2261  2261 I ModemServiceMode: Line 75 : _
10-30 21:09:58.580  2261  2261 I ModemServiceMode: Line 76 : _
10-30 21:09:58.580  2261  2261 I ModemServiceMode: Line 77 : _
10-30 21:09:58.580  2261  2261 I ModemServiceMode: Line 78 : _
10-30 21:09:58.580  2261  2261 I ModemServiceMode: Line 79 : _
10-30 21:09:58.580  2261  2261 I ModemServiceMode: Line 80 : _
10-30 21:09:58.580  2261  2261 I ModemServiceMode: Line 81 : _
10-30 21:09:58.580  2261  2261 I ModemServiceMode: Line 82 : _
10-30 21:09:58.580  2261  2261 I ModemServiceMode: Line 83 : _
10-30 21:09:58.580  2261  2261 I ModemServiceMode: Line 84 : _
10-30 21:09:58.580  2261  2261 I ModemServiceMode: Line 85 : _
10-30 21:09:58.580  2261  2261 I ModemServiceMode: Line 86 : _
10-30 21:09:58.580  2261  2261 I ModemServiceMode: Line 87 : _
10-30 21:09:58.580  2261  2261 I ModemServiceMode: Line 88 : _
10-30 21:09:58.580  2261  2261 I ModemServiceMode: Line 89 : _
10-30 21:09:58.581  2261  2261 I ModemServiceMode: Line 90 : _
10-30 21:09:58.581  2261  2261 I ModemServiceMode: Line 91 : _
10-30 21:09:58.581  2261  2261 I ModemServiceMode: Line 92 : _
10-30 21:09:58.581  2261  2261 I ModemServiceMode: Line 93 : _
10-30 21:09:58.581  2261  2261 I ModemServiceMode: Line 94 : _
10-30 21:09:58.581  2261  2261 I ModemServiceMode: Line 95 : _
10-30 21:09:58.581  2261  2261 I ModemServiceMode: Line 96 : _
10-30 21:09:58.581  2261  2261 I ModemServiceMode: Line 97 : _
10-30 21:09:58.581  2261  2261 I ModemServiceMode: Line 98 : _
10-30 21:09:58.581  2261  2261 I ModemServiceMode: Line 99 : _
10-30 21:09:58.581  2261  2261 I ModemServiceMode: Update!
10-30 21:09:58.589  1154  1208 I VSyncReactor: Current= 60, Period= 60, hwcPeriod= 60
10-30 21:09:58.652 12508 12508 E STFService: getNetworkProperties: Location fine denied
10-30 21:09:58.754  1286  4660 D InputDispatcher: Inject key (32542/2000): action=0, f=0x0, d=-1, time=199293049000000
10-30 21:09:58.755  1286  4660 D InputManager-JNI: !@interceptKeyBeforeQueueing(0), action=0, interactive=true
10-30 21:09:58.755  1286  4660 D WindowManager: interceptKeyTq interceptKeyResult=1
10-30 21:09:58.755  1286  4660 D PhoneWindowManagerExt: HINT_DEVICE_WAKEUP acquire()
10-30 21:09:58.755  1286  4660 I SemDvfsHyPerManager: acquire hyper - DEVICE_WAKEUP/1286@26, type = -999
10-30 21:09:58.755  1286  4660 D PowerManagerService: [api] wakeUp (uid: 1000 pid: 1286) eventTime = 199293049
10-30 21:09:58.755  1286  4660 D InputManager-JNI: !@handleInterceptActions(0), action=0, wmActions=0
10-30 21:09:58.757  1067  1093 I HYPER-HAL: [RequestManager.cpp]acquire(): Acquired ID : 861354  [1286 / 26]    HINT : DEVICE_WAKEUP    list : 
10-30 21:09:58.757  1286  4660 D InputDispatcher: Inject key (32542/2000): action=1, f=0x0, d=-1, time=199293049000000
10-30 21:09:58.757  1286  4660 D InputManager-JNI: !@interceptKeyBeforeQueueing(0), action=1, interactive=true
10-30 21:09:58.757  1286  4660 D WindowManager: interceptKeyTq interceptKeyResult=1
10-30 21:09:58.758  1286  4660 D PhoneWindowManagerExt: HINT_DEVICE_WAKEUP acquire()
10-30 21:09:58.758  1286  4660 I SemDvfsHyPerManager: acquire hyper - DEVICE_WAKEUP/1286@26, type = -999
10-30 21:09:58.759  1286  4660 D PowerManagerService: [api] wakeUp (uid: 1000 pid: 1286) eventTime = 199293049
10-30 21:09:58.759  1286  4660 D InputManager-JNI: !@handleInterceptActions(0), action=1, wmActions=0
10-30 21:09:58.760  1067  1093 I HYPER-HAL: [ResourceManager.cpp]updateResource(): [CPUMinFreq] UpdateResource Request ID : 861354    Value : 1804800
10-30 21:09:58.762  1067  1093 I HYPER-HAL: [RequestManager.cpp]acquire(): Acquired ID : 861354  [1286 / 26]    HINT : DEVICE_WAKEUP    list : 
10-30 21:09:58.762  1067  1093 I HYPER-HAL: [ResourceManager.cpp]updateResource(): [CPUMinFreq] UpdateResource Request ID : 861354    Value : 1804800
10-30 21:09:58.887   649   649 D io_stats: !@   8,0 r 12124956 205611192 w 1940559 19571088 d 490988 64074496 f 0 0 iot 8884152 0 th 0 0 0 pt 0 inp 0 0 199293.182
10-30 21:09:58.888   649   649 D io_stats: !@ Read_top(KB): sh(32537) 168 logd(597) 48 kworker/u16:4(9475) 12
10-30 21:09:58.888   649   649 D io_stats: !@ Write_top(KB): kworker/u16:1(8161) 12
10-30 21:09:59.015 12508 12549 I STFService: CoreFrequency index: 0 current: 1113600 max: 1804800
10-30 21:09:59.016 12508 12549 I STFService: CoreFrequency index: 1 current: 1113600 max: 1804800
10-30 21:09:59.017 12508 12549 I STFService: CoreFrequency index: 2 current: 1113600 max: 1804800
10-30 21:09:59.018 12508 12549 I STFService: CoreFrequency index: 3 current: 1113600 max: 1804800
10-30 21:09:59.018 12508 12549 I STFService: CoreFrequency index: 4 current: 1113600 max: 1804800
10-30 21:09:59.019 12508 12549 I STFService: CoreFrequency index: 5 current: 1113600 max: 1804800
10-30 21:09:59.021 12508 12549 I STFService: CoreFrequency index: 6 current: 1804800 max: 2208000
10-30 21:09:59.023 12508 12549 I STFService: CoreFrequency index: 7 current: 1804800 max: 2208000
10-30 21:09:59.253  1286  4660 D InputDispatcher: Inject key (32566/2000): action=0, f=0x0, d=-1, time=199293547000000
10-30 21:09:59.254  1286  4660 D InputManager-JNI: !@interceptKeyBeforeQueueing(0), action=0, interactive=true
10-30 21:09:59.254  1286  4660 D WindowManager: interceptKeyTq keycode=3 interactive=true keyguardActive=false policyFlags=2b000000
10-30 21:09:59.255  1286  4660 D PhoneWindowManagerExt: interceptKeyTq code=3 down=true repeatCount=0 displayId=-1 interactive=true
10-30 21:09:59.255  1286  4660 D WindowManager: interceptKeyTq interceptKeyResult=1
10-30 21:09:59.255  1286  4660 D InputManager-JNI: !@handleInterceptActions(0), action=0, wmActions=1
10-30 21:09:59.255  1286  2076 D WindowManager: interceptKeyTi keyCode=3 down=true repeatCount=0 keyguardOn=false canceled=false
10-30 21:09:59.256  1286  2076 D PhoneWindowManagerExt: interceptKeyTi code=3 down=true repeatCount=0 displayId=-1 interactive=true
10-30 21:09:59.256  1286  4660 D InputDispatcher: Inject key (32566/2000): action=1, f=0x0, d=-1, time=199293547000000
10-30 21:09:59.256  1286  4660 D InputManager-JNI: !@interceptKeyBeforeQueueing(0), action=1, interactive=true
10-30 21:09:59.257  1286  4660 D WindowManager: interceptKeyTq keycode=3 interactive=true keyguardActive=false policyFlags=2b000000
10-30 21:09:59.257  1286  4660 D PhoneWindowManagerExt: interceptKeyTq code=3 down=false repeatCount=0 displayId=-1 interactive=true
10-30 21:09:59.257  1286  4660 D WindowManager: interceptKeyTq interceptKeyResult=1
10-30 21:09:59.257  1286  4660 D InputManager-JNI: !@handleInterceptActions(0), action=1, wmActions=1
10-30 21:09:59.257  1286  2076 D WindowManager: interceptKeyTi keyCode=3 down=false repeatCount=0 keyguardOn=false canceled=false
10-30 21:09:59.257  1286  2076 D PhoneWindowManagerExt: interceptKeyTi code=3 down=false repeatCount=0 displayId=-1 interactive=true
10-30 21:09:59.262  1286  1674 D PowerManagerService: [api] userActivity : event: 0 flags: 0 (uid: 1000 pid: 1286) <- requestAwakenInternal() in com.android.server.dreams.DreamManagerService:240 eventTime = 199293555 displayId = 0
10-30 21:09:59.262  2298  2298 V ShadeControllerImpl: NotificationShadeWindow: com.android.systemui.statusbar.phone.NotificationShadeWindowView{f771aee I.E...... ......ID 0,0-1080,2408} canPanelBeCollapsed(): false
10-30 21:09:59.262  2298  2298 D LocationControllerImpl: onReceive() = android.intent.action.CLOSE_SYSTEM_DIALOGS
10-30 21:09:59.262  2298  2298 D PopupUI.PopupUI: PopupUIReceiver.onReceive() action : android.intent.action.CLOSE_SYSTEM_DIALOGS
10-30 21:09:59.263  2298  2298 D QSButtonsContainer: action:android.intent.action.CLOSE_SYSTEM_DIALOGS
10-30 21:09:59.263  2298  2298 D QSMoreButton: action:android.intent.action.CLOSE_SYSTEM_DIALOGS
10-30 21:09:59.263  2298  2298 D SecQSLayoutDetail: action:android.intent.action.CLOSE_SYSTEM_DIALOGS
10-30 21:09:59.263  2298  2298 D SecVolume.SecVolumeStore: dispatch [ACTION_DISMISS_REQUESTED] with [STATE_NO_DISPATCH]
10-30 21:09:59.263  2298  2298 D SecVolume.SecVolumeStore:   > New State : [STATE_NO_DISPATCH]
10-30 21:09:59.264  1286  1674 I SemDvfsHyPerManager: acquire hyper - AMS_APP_HOME/1286@25, type = -999
10-30 21:09:59.264  1067  1093 I HYPER-HAL: [RequestManager.cpp]acquire(): Acquired ID : 860041  [1286 / 25]    HINT : AMS_APP_HOME    list : 
10-30 21:09:59.266  4035  4035 I SemDvfsHyPerManager: acquire hyper - APP_START_HOME/4035@15, type = -999
10-30 21:09:59.268  1067  1093 I HYPER-HAL: [ResourceManager.cpp]updateResource(): [CPUMinFreq] UpdateResource Request ID : 860041    Value : 2208000
10-30 21:09:59.268  1286  1674 D ActivityManagerPerformance: AMP_acquire() HOME
10-30 21:09:59.268  1286  1674 D PhoneWindowManagerExt: startDockOrHome
10-30 21:09:59.269  1286  1674 D WindowManager: startDockOrHome: startReason= startDockOrHome
10-30 21:09:59.269  1286  2090 V InputMethodManagerService: hideCurrentInputLocked : canceled, shouldHideSoftInput=false, mInputShown=false, mImeWindowVis=0
10-30 21:09:59.269  1067  1093 I HYPER-HAL: [RequestManager.cpp]acquire(): Acquired ID : 8203290  [4035 / 15]    HINT : APP_START    list : [KERNEL_APP_START_NOTIFY / 0] [TIMEOUT / 1500] 
10-30 21:09:59.269  1286  2090 I InputMethodBindingController: setCurrentMethodNotVisible: mVisibleBound=false, mHasConnection=true, caller = com.android.server.inputmethod.InputMethodManagerService.hideCurrentInputLocked:4339 com.android.server.inputmethod.InputMethodManagerService.handleMessage:5649 android.os.Handler.dispatchMessage:102 android.os.Looper.loopOnce:226 android.os.Looper.loop:313 android.os.HandlerThread.run:67 com.android.server.ServiceThread.run:44 <bottom of call stack> <bottom of call stack> <bottom of call stack> 
10-30 21:09:59.270  1067  1093 I HYPER-HAL: [ResourceManager.cpp]updateResource(): [CPUMaxFreq] UpdateResource Request ID : 8203290    Value : 2208000
10-30 21:09:59.274  1286  1674 D ActivityTaskManager: SafeActivityOptions created, mOriginalCallingPid=1286, mOriginalCallingUid=1000, options=ActivityOptions(29631120), mPackageName=null, mAnimationType=-1, mStartX=0, mStartY=0, mWidth=0, mHeight=0, caller=com.android.server.wm.SafeActivityOptions.fromBundle:82 com.android.server.wm.ActivityStarter.setActivityOptions:4699 com.android.server.wm.ActivityStartController.startHomeActivity:216 com.android.server.wm.RootWindowContainer.startHomeOnTaskDisplayArea:1846 com.android.server.wm.RootWindowContainer.lambda$startHomeOnDisplay$13:1736 com.android.server.wm.RootWindowContainer.$r8$lambda$AJ98l6Vu0VhEpmfv30jgOxfPyik:0 com.android.server.wm.RootWindowContainer$$ExternalSyntheticLambda45.apply:18 
10-30 21:09:59.274  1286  1674 I ActivityTaskManager: START u0 {act=android.intent.action.MAIN cat=[android.intent.category.HOME] flg=0x10000100 cmp=com.sec.android.app.launcher/.activities.LauncherActivity (has extras)} from uid 0
10-30 21:09:59.351  1286  1674 D ActivityTaskManager: TaskLaunchParamsModifier:task=null activity=ActivityRecord{6257af u0 com.sec.android.app.launcher/.activities.LauncherActivity} display-area-from-option=DefaultTaskDisplayArea@8490473 display-id=0 display-windowing-mode=1 suggested-display-area=DefaultTaskDisplayArea@8490473
10-30 21:09:59.351  1286  1674 D ActivityTaskManager: TaskLaunchParamsModifier:task=Task{28e49e #33823 type=home A=10120:com.sec.android.app.launcher.activities.LauncherActivity U=0 rootTaskId=1 visible=false visibleRequested=false mode=fullscreen translucent=true sz=1} activity=ActivityRecord{6257af u0 com.sec.android.app.launcher/.activities.LauncherActivity} t-1} display-area-from-option=DefaultTaskDisplayArea@8490473 display-id=0 display-windowing-mode=1 suggested-display-area=DefaultTaskDisplayArea@8490473 activity-options-fullscreen=Rect(0, 0 - 0, 0) non-freeform-display display-area=DefaultTaskDisplayArea@8490473 maximized-bounds
10-30 21:09:59.354  1286  1674 I Pageboost: moveTaskToFront : 10120:com.sec.android.app.launcher.activities.LauncherActivity
10-30 21:09:59.354  1286  1674 I wm_task_moved: [1,1,7]
10-30 21:09:59.356  3266  3266 E pageboostd: Received HALT command code 2
10-30 21:09:59.356  1286  1674 D ActivityTaskManager: scheduleTopResumedActivityChanged, onTop=false r=ActivityRecord{7ef230e u0 com.sec.android.RilServiceModeApp/.ServiceModeApp} t38576} caller=com.android.server.wm.ActivityTaskSupervisor.updateTopResumedActivityIfNeeded:2508 com.android.server.wm.TaskDisplayArea.positionChildTaskAt:602 com.android.server.wm.TaskDisplayArea.positionChildAt:537 com.android.server.wm.WindowContainer.positionChildAt:970 com.android.server.wm.Task.positionChildAt:3352 com.android.server.wm.Task.moveToFrontInner:6051 
10-30 21:09:59.357  1286  1674 I wm_task_moved: [33823,1,2147483647]
10-30 21:09:59.357  1286  1674 I wm_task_to_front: [0,33823]
10-30 21:09:59.357  2261  2261 I wm_on_top_resumed_lost_called: [133112590,com.sec.android.RilServiceModeApp.ServiceModeApp,topStateChangedWhenResumed]
10-30 21:09:59.357  1286  1674 I wm_focused_root_task: [0,0,1,38576,bringingFoundTaskToFront]
10-30 21:09:59.357  1286  1674 D InputDispatcher: Focused application(0): ActivityRecord{6935920 u0 com.sec.android.app.launcher/.activities.LauncherActivity} t33823}
10-30 21:09:59.359  1286  1674 V WindowManager: Changing focus from Window{77fe12b u0 com.sec.android.RilServiceModeApp/com.sec.android.RilServiceModeApp.ServiceModeApp} to null displayId=0 Callers=com.android.server.wm.RootWindowContainer.updateFocusedWindowLocked:595 com.android.server.wm.WindowManagerService.updateFocusedWindowLocked:6803 com.android.server.wm.ActivityTaskManagerService.setResumedActivityUncheckLocked:5755 com.android.server.wm.ActivityRecord.moveFocusableActivityToTop:3865 
10-30 21:09:59.359  1286  1674 D MARsPolicyManager: onPackageResumedFG pkgName = com.sec.android.RilServiceModeApp, userId = 0
10-30 21:09:59.359  1286  1674 D StatusBarManagerService: notifyRequestedSystemKey recent=false home=false
10-30 21:09:59.359  1286  1674 D SGM:FgCheckThread: TaskStackListener.onTaskFocusChanged(), taskId=38576, focused=false
10-30 21:09:59.360  1286  1674 D SGM:FgCheckThread: TaskStackListener.onTaskFocusChanged(), taskId=33823, focused=true
10-30 21:09:59.360  1286  1674 D SGM:FgCheckThread:   sendRunningComponentFocus(), pkgName: com.sec.android.app.launcher, userId: 0
10-30 21:09:59.360  1286  2093 D SGM:FgCheckThread: onLooperPrepared(), msg: MSG_TASK_FOCUSED, pkgName: com.sec.android.app.launcher, userId: 0
10-30 21:09:59.360  1286  2093 D SGM:FgCheckThread: handleTaskFocused().
10-30 21:09:59.360  1286  2093 D SGM:FgCheckThread: sendFocusOutConditionally() - mPrevNotiPkg: (unknown), userId: 0
10-30 21:09:59.360  1286  2093 D SGM:FgCheckThread:   handleTaskFocused(), pkgName: com.sec.android.app.launcher, userID:0 mResumedPkgMap does not containsKey.
10-30 21:09:59.361  1286  1674 I wm_set_resumed_activity: [0,com.sec.android.app.launcher/.activities.LauncherActivity,bringingFoundTaskToFront]
10-30 21:09:59.362  1286  1674 W WindowManager: Prepare app transition: mNextAppTransitionRequests=[TRANSIT_TO_FRONT], mNextAppTransitionFlags=, displayId: 0 Callers=com.android.server.wm.DisplayContent.prepareAppTransition:6470 com.android.server.wm.DisplayContent.prepareAppTransition:6461 com.android.server.wm.Task.updateTransitLocked:7048 com.android.server.wm.Task.moveTaskToFront:7146 com.android.server.wm.ActivityStarter.setTargetRootTaskIfNeeded:4208 
10-30 21:09:59.362  1286  1674 I wm_new_intent: [0,110319904,33823,com.sec.android.app.launcher/.activities.LauncherActivity,android.intent.action.MAIN,NULL,NULL,268435712,startHomeActivity: startDockOrHome:0:0:0:null:0]
10-30 21:09:59.362  1286  1674 V WindowManager: Checking theme of starting window: 0x7f130015
10-30 21:09:59.362  1286  1674 V WindowManager: Translucent=false Floating=false ShowWallpaper=true Disable=false
10-30 21:09:59.362  1286  1674 I wm_pause_activity: [0,133112590,com.sec.android.RilServiceModeApp/.ServiceModeApp,userLeaving=true,pauseBackTasks]
10-30 21:09:59.364  1286  1674 I wm_add_to_stopping: [0,133112590,com.sec.android.RilServiceModeApp/.ServiceModeApp,makeInvisible]
10-30 21:09:59.365  1286  1674 D WindowManagerServiceExt: notifyOccludeChangeNotice: reset caller=com.android.server.wm.WindowManagerServiceExt.updateOccludeTargetIfNeeded:1402 com.android.server.wm.DisplayContent.ensureActivitiesVisible:7509 com.android.server.wm.RootWindowContainer.ensureActivitiesVisible:2248 com.android.server.wm.RootWindowContainer.ensureActivitiesVisible:2229 com.android.server.wm.TaskFragment.completePause:2076 
10-30 21:09:59.365  1286  1674 V MARsPolicyManager: Current Home Package com.sec.android.app.launcher Resumed
10-30 21:09:59.365  1286  1673 I sysui_multi_action: [757,803,799,window_time_0,802,42]
10-30 21:09:59.365  1286  1674 D MARsPolicyManager: onPackageResumedFG pkgName = com.sec.android.app.launcher, userId = 0
10-30 21:09:59.366  1286  1674 W WindowManager: Prepare app transition: mNextAppTransitionRequests=[TRANSIT_TO_FRONT, TRANSIT_OPEN], mNextAppTransitionFlags=, displayId: 0 Callers=com.android.server.wm.DisplayContent.prepareAppTransition:6470 com.android.server.wm.DisplayContent.prepareAppTransition:6461 com.android.server.wm.TaskFragment.resumeTopActivity:1583 com.android.server.wm.TaskFragment.resumeTopActivity:1307 com.android.server.wm.Task.resumeTopActivityInnerLocked:6449 
10-30 21:09:59.366  1286  1674 V WindowManager: Setting visibility of Window{aeda59 u0 com.sec.android.app.launcher/com.sec.android.app.launcher.activities.LauncherActivity}: true, caller=com.android.server.wm.WindowContainer.sendAppVisibilityToClients:1246 com.android.server.wm.WindowToken.setClientVisible:431 com.android.server.wm.ActivityRecord.setClientVisible:7682 com.android.server.wm.ActivityRecord.setVisibility:6082 com.android.server.wm.ActivityRecord.setVisibility:5975 
10-30 21:09:59.366  1286  1674 I wm_set_resumed_activity: [0,com.sec.android.app.launcher/.activities.LauncherActivity,resumeTopActivity]
10-30 21:09:59.366  2709  2709 I ViewRootImpl@68c74ff[LauncherActivity]: handleAppVisibility mAppVisible = false visible = true
10-30 21:09:59.367  1286  1674 V WindowManager: rotationForOrientation(orient=SCREEN_ORIENTATION_NOSENSOR (5), last=ROTATION_0 (0)); user=ROTATION_0 (0) USER_ROTATION_LOCKED
10-30 21:09:59.367  1286  1674 D WindowManager: rotationForOrientation, orientationSource=ActivityRecord{6935920 u0 com.sec.android.app.launcher/.activities.LauncherActivity} t33823}
10-30 21:09:59.367  1286  1674 V WindowManager: Computed rotation=ROTATION_0 (0) for display id=0 based on lastOrientation=SCREEN_ORIENTATION_NOSENSOR (5) and oldRotation=ROTATION_0 (0), caller=com.android.server.wm.DisplayRotation.updateOrientation:414 com.android.server.wm.DisplayContent.updateOrientation:1981 com.android.server.wm.DisplayContent.updateOrientation:1882 com.android.server.wm.RootWindowContainer.ensureVisibilityAndConfig:2139 com.android.server.wm.TaskFragment.resumeTopActivity:1652 com.android.server.wm.TaskFragment.resumeTopActivity:1307 
10-30 21:09:59.369  1286  1674 D TspStateManager: updateCustomValue customSetting=
10-30 21:09:59.370  1286  1674 D TspStateManager: updateCustomValue customSetting=
10-30 21:09:59.370  1286  1674 I wm_resume_activity: [0,110319904,33823,com.sec.android.app.launcher/.activities.LauncherActivity]
10-30 21:09:59.371  1154  1208 I VSyncReactor: Current= 60, Period= 60, hwcPeriod= 60
10-30 21:09:59.371  1286  1674 W WindowManager: Execute app transition: mNextAppTransitionRequests=[TRANSIT_TO_FRONT, TRANSIT_OPEN], mNextAppTransitionFlags=, displayId: 0 Callers=com.android.server.wm.RootWindowContainer.executeAppTransitionForAllDisplay:2580 com.android.server.wm.ActivityTaskSupervisor.reportResumedActivityLocked:2285 com.android.server.wm.ActivityRecord.completeResumeLocked:6977 com.android.server.wm.TaskFragment.resumeTopActivity:1743 com.android.server.wm.TaskFragment.resumeTopActivity:1307 
10-30 21:09:59.372  2709  2709 I ViewRootImpl@68c74ff[LauncherActivity]: stopped(false) old = true
10-30 21:09:59.372  2709  2709 I ViewRootImpl@68c74ff[LauncherActivity]: WindowStopped on com.sec.android.app.launcher/com.sec.android.app.launcher.activities.LauncherActivity set to false
10-30 21:09:59.373  2709  2709 I wm_on_restart_called: [110319904,com.sec.android.app.launcher.activities.LauncherActivity,performRestartActivity]
10-30 21:09:59.374  1286  1674 I SemDvfsHyPerManager: acquire hyper - AMS_APP_LAUNCH/1286@15, type = -999
10-30 21:09:59.374  2709  2709 I Launcher: !@Boot_DEBUG: Launcher.onStart()
10-30 21:09:59.374  1286  1674 W Looper  : Slow dispatch took 116ms android.ui h=com.android.server.policy.PhoneWindowManager$PolicyHandler c=com.android.server.policy.PhoneWindowManager$DisplayHomeButtonHandler$$ExternalSyntheticLambda0@686bfcb m=0
10-30 21:09:59.374  2709  2709 I Launcher: !@Boot_EBS_D: Launcher.onStart()
10-30 21:09:59.374  2709  2709 I BaseActivity: addActivityFlags, flags : 1
10-30 21:09:59.375  1286  1677 I input_focus: [Requesting to set focus to null window,reason=UpdateInputWindows]
10-30 21:09:59.375  1286  4660 D ActivityTaskManager: scheduleTopResumedActivityChanged, onTop=true r=ActivityRecord{6935920 u0 com.sec.android.app.launcher/.activities.LauncherActivity} t33823} caller=com.android.server.wm.ActivityTaskSupervisor.scheduleTopResumedActivityStateIfNeeded:2533 com.android.server.wm.ActivityTaskSupervisor.handleTopResumedStateReleased:2562 com.android.server.wm.ActivityClientController.activityTopResumedStateLost:214 android.app.IActivityClientController$Stub.onTransact:589 com.android.server.wm.ActivityClientController.onTransact:136 android.os.Binder.execTransactInternal:1321 
10-30 21:09:59.376  2261  2261 I ModemServiceMode: onPause occur
10-30 21:09:59.377  1286  1334 D PowerManagerService: [api] release WakeLock SCREEN_DIM_WAKE_LOCK           'svcModeApp' ON_AFTER_RELEASE ACQ=-41s949ms (uid=1001 pid=2261 displayId=-1 lock=ebf0422)
10-30 21:09:59.377  1286  1334 D EdgeLightingManager: hideForWakeLock packageName=com.sec.android.RilServiceModeApp
10-30 21:09:59.377  1286  1334 D EdgeLightingManager: hideForWakeLock is no more used
10-30 21:09:59.377  1286  1334 D PowerManagerService: [api] applyWakeLockFlagsOnReleaseLocked : userActivityNoUpdateLocked is called : SCREEN_DIM_WAKE_LOCK           'svcModeApp' ON_AFTER_RELEASE DISABLED (uid=1001 pid=2261 displayId=-1 lock=ebf0422)
10-30 21:09:59.377  2261  2261 I ModemServiceMode: End Service Mode !
10-30 21:09:59.378  2261  2261 I wm_on_paused_called: [133112590,com.sec.android.RilServiceModeApp.ServiceModeApp,performPause]
10-30 21:09:59.378  1286  1334 D AppOps  : noteOperation: reject #3 for code 105 (105) uid 1001 package com.android.phone flags: s
10-30 21:09:59.379  1286  1676 D SGM:FgCheckThread: notePauseComponent(), received pkgName: com.sec.android.RilServiceModeApp, userId: 0
10-30 21:09:59.381  1286  1286 I CocktailBarManagerServiceContainer: handleMessage: entry what = 6
10-30 21:09:59.381  1286  1286 I CocktailBarManagerServiceImpl: notePauseComponent : no active host
10-30 21:09:59.381  1286  7036 D AppOps  : startOperation: allowing code 40 uid 1001 package com.sec.phone restricted: false flags: s
10-30 21:09:59.383  2709  2709 W LauncherAppWidgetHost: setShouldListenFlag, mFlags:2 flag:start on:true isFront:false
10-30 21:09:59.383  1971  1976 D Multi-Client: OemClient::ProcessBuffer() from [5], token[705], datalen[6]
10-30 21:09:59.383  2709  2709 W Launcher: onStart isListening : false isLoading false
10-30 21:09:59.383  2709  2709 I wm_on_start_called: [110319904,com.sec.android.app.launcher.activities.LauncherActivity,handleStartActivity]
10-30 21:09:59.383  1438  1438 D RILD    : IsRegisteredNetworkType(): netType[1]  feature[00] state[0] 
10-30 21:09:59.383  1438  1694 D RILD    : DoRouteIn - FW reqId : 59
10-30 21:09:59.384  1438  1694 D RILD    : DoRouteOut - FW reqId : 59
10-30 21:09:59.384  1438  1694 D RILD    : GetMessage : oem func id = 0x01
10-30 21:09:59.384  1438  1694 D RILD    : Onprocessing: request id(59), handleEvent(100)
10-30 21:09:59.384  1438  1693 D RILD    : SVC-MGR(19): evt(100)
10-30 21:09:59.384  1438  1693 D RILD    : OnOemServiceMode: sub id = 0x02, 2
10-30 21:09:59.384  1438  1693 V RILD    : NotifyTimeoutChanged()
10-30 21:09:59.384  1438  1693 D RILD    : IpcTxSetEndServiceMode:
10-30 21:09:59.384  1438  1693 V RILD    : IpcModem::SendMessage
10-30 21:09:59.384  1438  1693 D RILD    : [L] TX: (M)SVC_CMD (S)SVC_END (T)SET l:8 m:de a:00 [ 04 ]
10-30 21:09:59.384  1438  1693 V RILD    : IpcModem::DoIoChannelRouting
10-30 21:09:59.385  1286  3285 I MediaSessionMonitor: Media session stopped : controllerList empty
10-30 21:09:59.385  1438  1965 V RILD    : Reader: timeout=9999
10-30 21:09:59.385  1286  1676 I GameSDK@LifeCycle: noteResumeComponent(): package name  : com.sec.android.app.launcher
10-30 21:09:59.385  1286  1676 D SGM:FgCheckThread: noteResumeComponent(), received pkgName: com.sec.android.app.launcher, userId: 0
10-30 21:09:59.386  1286  2093 D SGM:FgCheckThread: onLooperPrepared(), msg: MSG_APP_RESUME, pkgName: com.sec.android.app.launcher, userid: 0
10-30 21:09:59.386  1286  2093 D SGM:FgCheckThread: handleResume().
10-30 21:09:59.386  1286  2093 D SGM:FgCheckThread: sendFocusOutConditionally() - mPrevNotiPkg: (unknown), userId: 0
10-30 21:09:59.386  1286  2093 D SGM:FgCheckThread:   handleResume(). pkgName: com.sec.android.app.launcher, userId: 0, isTunableApp: null
10-30 21:09:59.386  1438  1958 D RILD    : QmiVssUnsolicitedCallback: msgId(6)
10-30 21:09:59.386  1438  1693 V RILD    : Message obj refcnt=-1
10-30 21:09:59.386  1286  2093 D SGM:FgCheckThread: notifyFocusInOut(). of pkg: com.sec.android.app.launcher, type: 4, isTunableApp: false, userId: 0
10-30 21:09:59.386  1286  2093 D SGM:FgCheckThread:   notifyFocusInOut(). unexpected mPrevNotiType: -1
10-30 21:09:59.386  1438  1958 D RILD    : IpcOverQmiChannel: NotifyAsyncMessage completed
10-30 21:09:59.386  1286  2093 D SGM:SystemHelper: callReleaseBlock needReleaseBlock:false
10-30 21:09:59.387  1286  1286 I CocktailBarManagerServiceContainer: handleMessage: entry what = 5
10-30 21:09:59.387  1438  1961 V RILD    : IpcModem::ReceiveMessage
10-30 21:09:59.387  1438  1961 V RILD    : IpcModem::DoIoChannelRouting
10-30 21:09:59.387  1286  1286 I CocktailBarManagerServiceImpl: noteResumeComponent : no active host
10-30 21:09:59.387  1438  1961 D RILD    : [L] RX: (M)GEN_CMD (S)GEN_PHONE_RES (T)RESP l:c m:00 a:de [ 0B 02 03 00 80 ]
10-30 21:09:59.387  1438  1961 V RILD    : MatchIpc: mMainCmd 11 mainCmd 0b mSubCmdMask ffffffffffffffff_ffffffffffffffff subCmd 02
10-30 21:09:59.387  1438  1961 V RILD    : MatchIpc: mMainCmd 16 mainCmd 0b mSubCmdMask 0_f1b06fefe subCmd 02
10-30 21:09:59.387  1438  1961 V RILD    : MatchIpc: mMainCmd 23 mainCmd 0b mSubCmdMask 0_36 subCmd 02
10-30 21:09:59.387  1438  1961 V RILD    : MatchIpc: mMainCmd 24 mainCmd 0b mSubCmdMask ffffffffffffffff_ffffffffffffffff subCmd 02
10-30 21:09:59.387  1438  1961 V RILD    : MatchIpc: mMainCmd 25 mainCmd 0b mSubCmdMask ffffffffffffffff_ffffffffffffffff subCmd 02
10-30 21:09:59.387  1438  1961 D RILD    : IpcProtocol41Gen GR: 0x8000
10-30 21:09:59.387  1438  1961 D RILD    : IpcProtocol GR: 0x8000
10-30 21:09:59.387  1438  1961 V RILD    : NotifyTimeoutChanged()
10-30 21:09:59.388  1438  1965 V RILD    : Reader: timeout=-1
10-30 21:09:59.388  1154  1154 I SurfaceFlinger: [77fe12b com.sec.android.RilServiceModeApp/com.sec.android.RilServiceModeApp.ServiceModeApp#141246] FrameRatePriority: -1
10-30 21:09:59.388  1438  1693 D RILD    : SVC-MGR(19): evt(102)
10-30 21:09:59.388  1438  1693 D RILD    : EVENT_GEN_RESP_DONE response
10-30 21:09:59.388  1438  1693 D RILD    : RequestComplete - req : 59, peek : 59
10-30 21:09:59.388  1971  1975 D Multi-Client: Oem OnRequestComplete:(5)
10-30 21:09:59.389  1438  1693 V RILD    : Message obj refcnt=-1
10-30 21:09:59.389  2709  2709 I MSHandlerLifeCycle: removeMultiSplitHandler: no exist. decor=DecorView@ff3caf8[LauncherActivity]
10-30 21:09:59.389  2261  2261 I ModemServiceMode: Service mode End
10-30 21:09:59.390  1286  1334 I wm_finish_activity: [0,133112590,38576,com.sec.android.RilServiceModeApp/.ServiceModeApp,app-request]
10-30 21:09:59.390  1286  1676 I ActivityManager: Changes in 10120 5 to 2, 8 to 15
10-30 21:09:59.390  1286  1676 I AppOps  : updateUidProcState uid: 10120 procState: 2 capability:15
10-30 21:09:59.390  1286  1676 I AppOps  : commitUidPendingStateLocked() :: UID - 10120, 500 > 200, 8 > 15
10-30 21:09:59.390  1286  1676 I ActivityManager: updateOomAdj start time is before than pendingPid added, don't delete it
10-30 21:09:59.391  1286  1334 D InputDispatcher: Focus request (0): <null> but waiting because NOT_FOCUSABLE
10-30 21:09:59.391  1286  1334 D InputDispatcher: Focus left window (0): 77fe12b com.sec.android.RilServiceModeApp/com.sec.android.RilServiceModeApp.ServiceModeApp
10-30 21:09:59.393  1286  1334 I power_partial_wake_state: [REL,11,RILS:com.sec.phone]
10-30 21:09:59.393  1286  2076 I input_focus: [Focus leaving 77fe12b com.sec.android.RilServiceModeApp/com.sec.android.RilServiceModeApp.ServiceModeApp (server),reason=Waiting for window because NOT_FOCUSABLE]
10-30 21:09:59.394  2261  2261 I ViewRootImpl@37eae6a[ServiceModeApp]: MSG_WINDOW_FOCUS_CHANGED 0 0
10-30 21:09:59.395  1286  1676 I ActivityManager: updateOomAdj start time is before than pendingPid added, don't delete it
10-30 21:09:59.395  1286  1676 I AppOps  : updateUidProcState uid: 1001 procState: 0 capability:15
10-30 21:09:59.395  2709  2709 I Launcher: onNewIntent, isActionMain : true internalStateHandled : false shouldMoveToDefaultScreen : false false
10-30 21:09:59.396 12998 13141 I Rubin   : [62] q9.a.c(SourceFile:1) : Notify com.samsung.android.rubin.inferenceengine.contextanalytics.engine.loggers.d's database is updated.
10-30 21:09:59.396  2709  2995 I IMM_LC  : hsifw() - flag : 0
10-30 21:09:59.396  2709  2995 I IMM_LC  : hsifw() - mService.hideSoftInput
10-30 21:09:59.397  1286  8588 D InputMethodManagerService: hideSoftInput
10-30 21:09:59.397  1286  4660 I AppOps  : updateUidProcState uid: 10215 procState: 3 capability:15
10-30 21:09:59.397  1286  4660 I ActivityManager: updateOomAdj start time is before than pendingPid added, don't delete it
10-30 21:09:59.397  1286  8588 W InputMethodManagerService: Ignoring hideSoftInput of uid 10120: com.android.internal.view.IInputMethodClient$Stub$Proxy@f41d666
10-30 21:09:59.401  2709  2709 I Launcher: onNewIntent, not NORMAL
10-30 21:09:59.403  2709  2997 I LiveIconUpdateEventHandler: cancelDateChangeAlarm
10-30 21:09:59.404  2709  2997 I LiveIconUpdateEventHandler: setDateChangeAlarm Tue Oct 31 00:00:00 EDT 2023
10-30 21:09:59.406  2709  2709 I DecorView: notifyKeepScreenOnChanged: keepScreenOn=false
10-30 21:09:59.406  2709  2709 I StateManager: onStateTransitionStart mState = Normal
10-30 21:09:59.406  1286  1676 I ActivityManager: updateOomAdj start time is before than pendingPid added, don't delete it
10-30 21:09:59.407  1286  1674 D PkgPredictorService-SecIpmManagerServiceImpl: onForegroundActivitiesChanged pid:2709 uid:10120
10-30 21:09:59.407 18149 18162 I SAMSUNGWALLET: [Hint_ProcessStatusChange] fg Change, pid : 2709 , isNotify : true , isForeground : true , fg list : [2709]
10-30 21:09:59.409  1286  1676 I ActivityManager: updateOomAdj start time is before than pendingPid added, don't delete it
10-30 21:09:59.409  2709  2997 I LiveIconViewUpdater: onUpdateLiveIcon - id : 48, itemType : 0
10-30 21:09:59.410  2709  2997 I LiveIconUpdateEventHandler: cancelMinuteChangeAlarm
10-30 21:09:59.411 18149 18177 I SAMSUNGWALLET: [Hint_afp] isHomePackageRunning topPkgName = com.sec.android.app.launcher, topClsName = com.android.launcher3.uioverrides.QuickstepLauncher, return true , se : true
10-30 21:09:59.411  2709  2997 I LiveIconUpdateEventHandler: setMinuteChangeAlarm Mon Oct 30 21:10:00 EDT 2023
10-30 21:09:59.412  2298  2298 V ShadeControllerImpl: NotificationShadeWindow: com.android.systemui.statusbar.phone.NotificationShadeWindowView{f771aee I.E...... ......ID 0,0-1080,2408} canPanelBeCollapsed(): false
10-30 21:09:59.412  2298  2298 D LocationControllerImpl: onReceive() = android.intent.action.CLOSE_SYSTEM_DIALOGS
10-30 21:09:59.412 18149 18149 I SAMSUNGWALLET: [Hint_IntroHintService] Hint Status - already invisible, skip hide : [4000000] - 4000000
10-30 21:09:59.413  2298  2298 D PopupUI.PopupUI: PopupUIReceiver.onReceive() action : android.intent.action.CLOSE_SYSTEM_DIALOGS
10-30 21:09:59.413  2298  2298 D QSButtonsContainer: action:android.intent.action.CLOSE_SYSTEM_DIALOGS
10-30 21:09:59.413  2298  2298 D QSMoreButton: action:android.intent.action.CLOSE_SYSTEM_DIALOGS
10-30 21:09:59.413  2298  2298 D SecQSLayoutDetail: action:android.intent.action.CLOSE_SYSTEM_DIALOGS
10-30 21:09:59.413  2298  2298 D SecVolume.SecVolumeStore: dispatch [ACTION_DISMISS_REQUESTED] with [STATE_NO_DISPATCH]
10-30 21:09:59.413  1286  1676 I ActivityManager: updateOomAdj start time is before than pendingPid added, don't delete it
10-30 21:09:59.413  2298  2298 D SecVolume.SecVolumeStore:   > New State : [STATE_NO_DISPATCH]
10-30 21:09:59.413  2709  2997 I LiveIconViewUpdater: onUpdateLiveIcon - id : 50, itemType : 0
10-30 21:09:59.415  1286  1709 I am_pss  : [32084,10094,com.samsung.android.dialer,49954816,42147840,402432,109252608,0,15,8]
10-30 21:09:59.421  1286  1709 I am_pss  : [31879,1001,com.sec.android.RilServiceModeApp,5146624,3895296,592896,34541568,0,19,4]
10-30 21:09:59.423  2709  2709 I Launcher: onStateSetEnd for widget host, state : Normal
10-30 21:09:59.423  2709  2709 W LauncherAppWidgetHost: setShouldListenFlag, mFlags:6 flag:resume on:true isFront:false
10-30 21:09:59.425  1286  1334 I AppWidgetServiceImpl: startListening callbacks : com.android.internal.appwidget.IAppWidgetHost$Stub$Proxy@d84f2f2
10-30 21:09:59.425  2709  2709 W LauncherAppWidgetHost: startListening, mFlags:15 isFront:false
10-30 21:09:59.425  2709  2709 I BaseActivity: addActivityFlags, flags : 64
10-30 21:09:59.425  2709  2709 I RecentsView: setOverviewStateEnabled false
10-30 21:09:59.426  2709  2709 I RecentsOrientedState: current RecentsOrientedState: [this=RecentsOrientedState@229407482 mOrientationHandler=PortraitPagedViewHandler@121944235 mDisplayRotation=0 mTouchRotation=0 mRecentsActivityRotation=0 mRecentsRotation=0 isRecentsActivityRotationAllowed=false mSystemRotation=false mStateId=37248 mFlags=291]
10-30 21:09:59.426  2709  2709 I AppsTransitionController: setState - toState : Normal
10-30 21:09:59.427  1286  1709 I am_pss  : [31552,10151,com.sec.android.app.clockpackage,13169664,11755520,559104,46878720,0,19,6]
10-30 21:09:59.428  2709  2997 I LiveIconUpdateEventHandler: cancelDateChangeAlarm
10-30 21:09:59.428  2709  2709 I HomeStateTransitionController: workspace child count: 3
10-30 21:09:59.428  2709  2997 I LiveIconUpdateEventHandler: cancelMinuteChangeAlarm
10-30 21:09:59.429  2709  2709 I CapturePreview: notifyCaptureIfNecessary
10-30 21:09:59.431  2709  2709 I SuggestedAppsAnimationCreator: createAnimator: show = false
10-30 21:09:59.431  2709  2709 I SuggestedAppsAnimationCreator: resetAnimatorProperty: return already toAlpha
10-30 21:09:59.431  2709  2709 I SuggestedAppsAnimationCreator: cancelAnimator
10-30 21:09:59.433  2709  2709 I PageEditTransitionController: setState - from : Normal to : Normal
10-30 21:09:59.434  1286  1709 I am_pss  : [31525,5004,com.samsung.storyservice,7506944,6049792,523264,42283008,0,19,6]
10-30 21:09:59.434  2709  2709 I CapturedBlurTransitionController: doTakeScreenShotOnPendingExecutor() getIsLauncherDrawn(): false, state: Normal, blurFactor: 0.0
10-30 21:09:59.434  2709  2709 I CapturedBlurTransitionController: doTakeScreenShotOnPendingExecutor() viewOnDrawExecutor: false
10-30 21:09:59.434  2709  2709 I StateManager: onStateTransitionEnd mState : Normal
10-30 21:09:59.434  2709  2709 I BaseActivity: removeActivityFlags, flags : 64
10-30 21:09:59.434  2709  2709 I InstallShortcutReceiver: flushInstallQueue 1
10-30 21:09:59.434  2709  2709 I RecentsView: reset
10-30 21:09:59.434  2709  2709 I RecentsView: setCurrentTask, runningTaskId : -1
10-30 21:09:59.434  2709  2709 I RecentsOrientedState: current RecentsOrientedState: [this=RecentsOrientedState@229407482 mOrientationHandler=PortraitPagedViewHandler@121944235 mDisplayRotation=0 mTouchRotation=0 mRecentsActivityRotation=0 mRecentsRotation=0 isRecentsActivityRotationAllowed=false mSystemRotation=false mStateId=37248 mFlags=291]
10-30 21:09:59.435  2709  2709 I StateManager: goToStateAnimated mStateChanged is false
10-30 21:09:59.435  2709  2709 I StateManager: goToState no animation to Normal
10-30 21:09:59.435  2709  2709 I OverviewCommandHelper: clearPendingCommands
10-30 21:09:59.436  2709  2709 I ViewRootImpl@68c74ff[LauncherActivity]: stopped(false) old = false
10-30 21:09:59.436  2709  2709 I Launcher: !@Boot_DEBUG: Launcher.onResume()
10-30 21:09:59.436  2709  2709 I Launcher: !@Boot_EBS_D: Launcher.onResume()
10-30 21:09:59.436  2709  2709 I BaseActivity: addActivityFlags, flags : 18
10-30 21:09:59.436  2709  2709 I BaseActivity: removeActivityFlags, flags : 32
10-30 21:09:59.436  2709  2709 I AppsSearchBar: restoreCurrentCellLayoutAlpha: null
10-30 21:09:59.436  2709  2709 W SearchLauncherServiceMover: isMoving : false
10-30 21:09:59.436  2709  2709 I DecorView: notifyKeepScreenOnChanged: keepScreenOn=false
10-30 21:09:59.436  1286  1286 I Pageboost: package null
10-30 21:09:59.437  3266  3266 E pageboostd: Received HALT command code 2
10-30 21:09:59.437  2709  2997 I SPayUpdater: updateSpayHandler, show = true, defaultPage = true
10-30 21:09:59.438  2709  2995 I IMM_LC  : hsifw() - flag : 0
10-30 21:09:59.438  2709  2995 I IMM_LC  : hsifw() - mService.hideSoftInput
