12-14 03:46:45.585  1086  1086 I exynos-pcie-rc 13120000.pcie: start poweron, state: 0
12-14 03:46:45.561  2528  2528 D DNC-0   : Internet link status changed to ACTIVE
12-14 03:46:45.561  2528  2528 D QOSCT-100: updateSessions: sessions size=0
12-14 03:46:45.563  2425  2425 D SHANNON_IMS: 8251 [HELP] Unsol {RILC_UNSOL_PHYSICAL_CHANNEL_CONFIGS} received  [SLID:0  Active:true] (ImsRilHelper%onHandleUnsolicitedResponse:304)
12-14 03:46:45.592  1086  1086 E exynos-pcie-rc 13120000.pcie: exynos_pcie_rc_establish_link: Set PERST to HIGH, gpio val = 1
12-14 03:46:45.569  1634  8533 D ActivityManager: sync unfroze 4791 .ShannonImsService for 7
12-14 03:46:45.569  1634  1900 I am_unfreeze: [4791,.ShannonImsService,7]
12-14 03:46:45.612  1086  1086 I logbuffer_pcie1: [143801] L0(0x11)
12-14 03:46:45.615  1086  1086 I exynos-pcie-rc 13120000.pcie: end poweron, state: 3
12-14 03:46:45.616  1086  1086 I pcieh 0001: 01:00.0: enabling device (0000 -> 0002)
12-14 03:46:45.617  1086  1086 W [11:46:45.589600][dhd][wlan]dhd_plat_l1ss_ctrl: Control L1ss RC side 1
12-14 03:46:45.617  1086  1086 E exynos-pcie-rc 13120000.pcie: exynos_pcie_rc_set_l1ss:\tid = 0x10, enable=1, exynos_pcie=0000000000000000
12-14 03:46:45.618  1086  1086 E exynos-pcie-rc 13120000.pcie: exynos_pcie_rc_set_l1ss:L1SS_END(l1ss_ctrl_id_state=0x0, id=0x10, enable=1)
12-14 03:46:45.606   995   995 I WifiHAL : Setting Channel Avoidance success
12-14 03:46:45.607  1634  1961 D WifiP2pService: P2pDisabledState cmd = UPDATE_P2P_DISALLOWED_CHANNELS { when=0 what=143396 target=com.android.wifi.x.com.android.internal.util.StateMachine$SmHandler }
12-14 03:46:45.608  1634  1961 D WifiP2pService: DefaultState cmd = UPDATE_P2P_DISALLOWED_CHANNELS { when=-1ms what=143396 target=com.android.wifi.x.com.android.internal.util.StateMachine$SmHandler }
12-14 03:46:45.939 25457 25457 I exynos_pcie_rc_set_enable_wake: enable = 0
12-14 03:46:45.939 25457 25457 I s51xx 0000: 01:00.0: [s51xx_pcie_save_state]
12-14 03:46:45.939 25457 25457 E exynos-pcie-rc 12100000.pcie: exynos_pcie_rc_set_l1ss:\tid = 0x8, enable=0, exynos_pcie=0000000000000000
12-14 03:46:45.939 25457 25457 E exynos-pcie-rc 12100000.pcie: exynos_pcie_rc_set_l1ss:L1SS_END(l1ss_ctrl_id_state=0x8, id=0x8, enable=0)
12-14 03:46:45.965 25457 25457 E exynos-pcie-rc 12100000.pcie: start poweroff, state: 3
12-14 03:46:45.965 25457 25457 E exynos-pcie-rc 12100000.pcie: exynos_pcie_rc_poweroff: Set PERST to LOW, gpio val = 0
12-14 03:46:45.965 25457 25457 E exynos-pcie-rc 12100000.pcie: end poweroff, state: 0
12-14 03:46:45.979 25457 25457 E exynos-pcie-rc 12100000.pcie: exynos_pcie_poweron requested with link speed GEN3
12-14 03:46:45.979 25457 25457 I exynos-pcie-rc 12100000.pcie: start poweron, state: 0
12-14 03:46:45.979 25457 25457 I exynos-pcie-rc 12100000.pcie: check PMU 0x2B00=0x01, 0x2B04=0x01, 0x2B20=0x60, 0x2B24=0x00
12-14 03:46:45.979 25457 25457 I exynos-pcie-rc 12100000.pcie: Check soc 0x0, 0x1
12-14 03:46:45.979 25457 25457 I exynos-pcie-rc 12100000.pcie: Check PCS 0xffffffff, 0x100000
12-14 03:46:45.986 25457 25457 E exynos-pcie-rc 12100000.pcie: exynos_pcie_rc_establish_link: Set PERST to HIGH, gpio val = 1
12-14 03:46:46.009 25457 25457 I logbuffer_pcie0: [143802] L0(0x11)
12-14 03:46:46.013 25457 25457 I exynos-pcie-rc 12100000.pcie: end poweron, state: 3
12-14 03:46:46.013 25457 25457 I s51xx 0000: 01:00.0: [s51xx_pcie_restore_state]
12-14 03:46:46.027 25457 25457 E exynos-pcie-rc 12100000.pcie: exynos_pcie_rc_set_l1ss:\tid = 0x8, enable=1, exynos_pcie=0000000000000000
12-14 03:46:46.027 25457 25457 E exynos-pcie-rc 12100000.pcie: exynos_pcie_rc_set_l1ss:L1SS_END(l1ss_ctrl_id_state=0x0, id=0x8, enable=1)
12-14 03:46:46.028 25457 25457 I exynos_pcie_rc_set_enable_wake: enable = 1
12-14 03:46:46.006  1156  1319 V RIL     : [/dev/umts_ipc0][RX] SIT_IND_DEDICATED_BEARER_INFO, IND, 333 bytes
12-14 03:46:46.006  1156  1319 I RIL     : [RilContext_0] ProcessModemData 
12-14 03:46:46.007  1156  1319 V RIL     : [RilContext_0] SendMessage RCM Response Routing : Type=0002, RCM ID=0x0621 Service ID=2 Message ID=3015
12-14 03:46:46.007  1156  1319 V RIL     : [ServiceMgr] msg(0xb400007ce9a35480) msgId=3015 svc=PsService_0(2) direction=Response
12-14 03:46:46.007  1156  1303 I RIL     : [PsService_0] PsDedicatedBearerInfoUpdatedHandler OnIndication()
12-14 03:46:46.008  1156  1303 V RIL     : Qos Rat : 1
12-14 03:46:46.008  1156  1303 V RIL     : Eps QCI : 1
12-14 03:46:46.008  1156  1303 V RIL     : QosFilterCnt : 4
12-14 03:46:46.009  1156  1303 I RIL     : status : 1, qosSessionId : 26368 
12-14 03:46:46.009  1156  1303 I RIL     : [PsService_0] OnNotifyDataCallList()
12-14 03:46:46.009  1156  1303 V RIL     : ********** Prepare DataCall *************
12-14 03:46:46.009  1156  1303 I RIL     : [PsService_0] getCarrierId() carrier_id = 1187
12-14 03:46:46.009  1156  1303 V RIL     : [0] PDP Context{cid=1,state=1,active=0}
12-14 03:46:46.009  1156  1303 V RIL     : CID:0, Downlink 0 kbps, Uplink 0 kbps
12-14 03:46:46.010  1156  1303 V RIL     : notify AMBR to framework : CID:0, len:0
12-14 03:46:46.010  1156  1303 V RIL     : [1] PDP Context{cid=2,state=3,active=2}
12-14 03:46:46.010  1156  1303 V RIL     : CID:2, Downlink 198000 kbps, Uplink 198000 kbps
12-14 03:46:46.010  1156  1303 V RIL     : notify AMBR to framework : CID:2, len:6
12-14 03:46:46.010  1156  1303 I RIL     : [RilContext_0] OnUnsolicitedResponse 
12-14 03:46:46.010  1156  1303 I RIL     : [RilContext_0] ProcessUnsolicitedResponse 
12-14 03:46:46.010  1156  1303 V RIL     : RADIO::[RilResponseListener] OnUnsolicitedResponse Filter out Unsolicited response=21504
12-14 03:46:46.010  1156  1303 D RIL_EXTERNAL: rilExternalRawIndication
12-14 03:46:46.010  1156  1303 I RIL_EXTERNAL: [isFilteredIndication] clientId=0 name=PID(1142) indication=5104 isFiltered=false
12-14 03:46:46.010  1156  1303 I RIL_EXTERNAL: [isFilteredIndication] clientId=1 name=GpsApi(1152) indication=5104 isFiltered=true
12-14 03:46:46.011  1156  1303 I RIL_EXTERNAL: [isFilteredIndication] clientId=2 name=unknown{pid=2364 uid=1001 callingPacakge=com.samsung.slsi.telephony.oem.oemrilhookservice} indication=5104 isFiltered=true
12-14 03:46:46.012  1156  1303 I RIL_EXTERNAL: [isFilteredIndication] clientId=3 name=unknown{pid=2364 uid=1001 callingPacakge=com.samsung.slsi.telephony.oem.oemrilhookservice} indication=5104 isFiltered=true
12-14 03:46:46.012  1156  1303 I RIL_EXTERNAL: [isFilteredIndication] clientId=4 name=OemRil0{pid=2514 uid=10219 callingPacakge=com.samsung.slsi.telephony.oemril} indication=5104 isFiltered=true
12-14 03:46:46.012  1156  1303 I RIL_EXTERNAL: [isFilteredIndication] clientId=5 name=OemRil1{pid=2514 uid=10219 callingPacakge=com.samsung.slsi.telephony.oemril} indication=5104 isFiltered=true
12-14 03:46:46.012  1156  1303 I RIL_EXTERNAL: [isFilteredIndication] clientId=6 name=unknown indication=5104 isFiltered=false
12-14 03:46:46.012  1156  1303 I RIL_EXTERNAL: [isFilteredIndication] clientId=7 name=unknown indication=5104 isFiltered=false
12-14 03:46:46.012  1156  1303 I RIL_EXTERNAL: [isFilteredIndication] clientId=8 name=unknown indication=5104 isFiltered=false
12-14 03:46:46.012  1156  1303 I RIL_EXTERNAL: [isFilteredIndication] clientId=9 name=SeApi(953) indication=5104 isFiltered=true
12-14 03:46:46.012  1156  1303 I RIL_EXTERNAL: [isFilteredIndication] clientId=10 name=SeApi(955) indication=5104 isFiltered=true
12-14 03:46:46.012  1156  1303 I RIL_EXTERNAL: [isFilteredIndication] clientId=11 name=unknown indication=5104 isFiltered=false
12-14 03:46:46.012  1156  1303 I RIL_EXTERNAL: [isFilteredIndication] clientId=12 name=unknown indication=5104 isFiltered=false
12-14 03:46:46.012  1156  1303 I RIL_EXTERNAL: [isFilteredIndication] clientId=13 name=PID(1007) indication=5104 isFiltered=false
12-14 03:46:46.012  1156  1303 D RIL_EXTERNAL: rilExternalRawIndication
12-14 03:46:46.013  1156  1303 D RIL_EXTERNAL: rilExternalRawIndication
12-14 03:46:46.013  1156  1303 D RIL_EXTERNAL: rilExternalRawIndication
12-14 03:46:46.013  1142  1162 D RILClient: [OemClient]IND: (clientId = 0, msgId = 5104, dataLength = 7, channel = 0)
12-14 03:46:46.015  1156  1303 D RIL_EXTERNAL: rilExternalRawIndication
12-14 03:46:46.015  1156  1303 D RIL_EXTERNAL: rilExternalRawIndication
12-14 03:46:46.016  1156  1303 D RIL_EXTERNAL: rilExternalRawIndication
12-14 03:46:46.016  1156  1303 D RIL_EXTERNAL: rilExternalRawIndication
12-14 03:46:46.017  1156  1303 V RIL     : [2] PDP Context{cid=3,state=3,active=2}
12-14 03:46:46.017  1007  8208 D RILClient: [OemClient]IND: (clientId = 13, msgId = 5104, dataLength = 7, channel = 0)
12-14 03:46:46.017  1156  1303 V RIL     : [3] PDP Context{cid=4,state=1,active=0}
12-14 03:46:46.017  1156  1303 V RIL     : [4] PDP Context{cid=5,state=1,active=0}
12-14 03:46:46.017  1156  1303 V RIL     : [5] PDP Context{cid=6,state=1,active=0}
12-14 03:46:46.019  1156  1303 V RIL     : [6] PDP Context{cid=7,state=1,active=0}
12-14 03:46:46.019  2425  2425 D SHANNON_IMS: 8252 [HELP] Unsol {UNKNOWN} received  [SLID:0  Active:true] (ImsRilHelper%onHandleUnsolicitedResponse:304)
12-14 03:46:46.019  1156  1303 V RIL     : [7] PDP Context{cid=8,state=1,active=0}
12-14 03:46:46.019  1156  1303 V RIL     : [8] PDP Context{cid=9,state=1,active=0}
12-14 03:46:46.020  1156  1303 V RIL     : [9] PDP Context{cid=10,state=1,active=0}
12-14 03:46:46.020  1156  1303 V RIL     : [10] PDP Context{cid=11,state=1,active=0}
12-14 03:46:46.020  1156  1303 V RIL     : [11] PDP Context{cid=12,state=1,active=0}
12-14 03:46:46.020  1156  1303 V RIL     : [12] PDP Context{cid=13,state=1,active=0}
12-14 03:46:46.020  1156  1303 V RIL     : [13] PDP Context{cid=14,state=1,active=0}
12-14 03:46:46.020  1156  1303 V RIL     : [14] PDP Context{cid=15,state=1,active=0}
12-14 03:46:46.021  1156  1303 V RIL     : ****************************************
12-14 03:46:46.021  1156  1303 V RIL     : DataCallListResponse : 0x21
12-14 03:46:46.021  1156  1303 V RIL     : set Ipv4DnsQueryFirst : 0
12-14 03:46:46.021  1156  1303 V RIL     : SetDataCall_1_6
12-14 03:46:46.021  1156  1303 V RIL     : dnses:fc00:a:a::400
12-14 03:46:46.022  1156  1303 V RIL     : dnses:fc00:a:a::400
12-14 03:46:46.022  1156  1303 V RIL     : dnses:172.26.38.2
12-14 03:46:46.022  1156  1303 V RIL     : dnses:172.26.38.2
12-14 03:46:46.022  1156  1303 V RIL     : gateway: ::
12-14 03:46:46.022  1156  1303 V RIL     : gateway: 0.0.0.0
12-14 03:46:46.022  1156  1303 V RIL     : R Eps QCI:8
12-14 03:46:46.023  1156  1303 V RIL     : SetDataCall_1_6
12-14 03:46:46.023  1156  1303 V RIL     : dnses:fc00:a:a::400
12-14 03:46:46.023  1156  1303 V RIL     : dnses:fc00:a:a::400
12-14 03:46:46.023  1156  1303 V RIL     : pcscf: 2001:1890:1f8:204a::1:1
12-14 03:46:46.023  1156  1303 V RIL     : pcscf: 2001:1890:1f8:20f4::1:3
12-14 03:46:46.023  1156  1303 V RIL     : pcscf: 2001:1890:1f8:21fb::1:3
12-14 03:46:46.024  1156  1303 V RIL     : gateway: ::
12-14 03:46:46.024  1156  1303 V RIL     : R Eps QCI:5
12-14 03:46:46.024  1156  1303 V RIL     : R Eps QCI:1
12-14 03:46:46.024  1156  1303 I RIL     : [RilContext_0] OnUnsolicitedResponse 
12-14 03:46:46.024  1156  1303 I RIL     : [RilContext_0] ProcessUnsolicitedResponse 
12-14 03:46:46.024  1156  1303 I RILC-CommandInfo: getUnsolRespInfo found {unsolResponse=1010 halVer=00}
12-14 03:46:46.028  1156  1303 D RILC-AIDL_SERVICE: DataCallListChangedCommand_V2_1::onIndication mCb=0xb400007bf9a13578
12-14 03:46:46.028  1156  1303 E RILC-AIDL_SERVICE: <DataCallListChangedCommand_V2_1> onIndication num: 2 
12-14 03:46:46.028  1156  1303 D RILC-AIDL_SERVICE: ipAdd size:2
12-14 03:46:46.028  1156  1303 D RILC-AIDL_SERVICE: ipAdd[0] = 2600:381:922e:6e92:6cc8:2e59:3e3:410a/64
12-14 03:46:46.028  1156  1303 D RILC-AIDL_SERVICE: ipAdd[1] = 10.94.157.213
12-14 03:46:46.028  1156  1303 D RILC-AIDL_SERVICE: No valid OSliInfo
12-14 03:46:46.028  1156  1303 D RILC-AIDL_SERVICE: ipAdd size:1
12-14 03:46:46.028  1156  1303 D RILC-AIDL_SERVICE: ipAdd[0] = 2600:381:b968:4444:80a:bd5d:2b1:fe9d/64
12-14 03:46:46.028  1156  1303 D RILC-AIDL_SERVICE: No valid OSliInfo
12-14 03:46:46.031  1156  1303 I RILC    : RIL_SOCKET_1 UNSOLICITED: UNSOL_DATA_CALL_LIST_CHANGED length:528
12-14 03:46:46.031  1156  1303 V RIL     : RADIO_EXT::[RilExternalResponseListener] OnUnsolicitedResponse Filter out Unsolicited response=1010, channel=0
12-14 03:46:46.035  2528  2717 D RILJ    : [UNSL]< UNSOL_DATA_CALL_LIST_CHANGED [android.hardware.radio.data.SetupDataCallResult{cause: NONE, suggestedRetryTime: -1, cid: 2, active: 2, type: IPV4V6, ifname: rmnet1, addresses: [android.hardware.radio.data.LinkAddress{address: 2600:381:922e:6e92:6cc8:2e59:3e3:410a/64, addressProperties: 0, deprecationTime: -1, expirationTime: -1}, android.hardware.radio.data.LinkAddress{address: 10.94.157.213, addressProperties: 0, deprecationTime: -1, expirationTime: -1}], dnses: [fc00:a:a::400, fc00:a:a::400, 172.26.38.2, 172.26.38.2], gateways: [::, 0.0.0.0], pcscf: [], mtuV4: 1430, mtuV6: 1430, defaultQos: android.hardware.radio.data.Qos.eps(android.hardware.radio.data.EpsQos{qci: 8, downlink: android.hardware.radio.data.QosBandwidth{maxBitrateKbps: -1, guaranteedBitrateKbps: -1}, uplink: android.hardware.radio.data.QosBandwidth{maxBitrateKbps: -1, guaranteedBitrateKbps: -1}}), qosSessions: [], handoverFailureMode: 2, pduSessionId: 5, sliceInfo: null, trafficDescriptors: []}, android.hardware.radio.data.SetupDataCallResult{cause: NONE, suggestedRetryTime: -1, cid: 3, active: 2, type: IPV6, ifname: rmnet2, addresses: [android.hardware.radio.data.LinkAddress{address: 2600:381:b968:4444:80a:bd5d:2b1:fe9d/64, addressProperties: 0, deprecationTime: -1, expirationTime: -1}], dnses: [fc00:a:a::400, fc00:a:a::400], gateways: [::], pcscf: [2001:1890:1f8:204a::1:1, 2001:1890:1f8:20f4::1:3, 2001:1890:1f8:21fb::1:3], mtuV4: 1430, mtuV6: 1430, defaultQos: android.hardware.radio.data.Qos.eps(android.hardware.radio.data.EpsQos{qci: 5, downlink: android.hardware.radio.data.QosBandwidth{maxBitrateKbps: -1, guaranteedBitrateKbps: -1}, uplink: android.hardware.radio.data.QosBandwidth{maxBitrateKbps: -1, guaranteedBitrateKbps: -1}}), qosSessions: [android.hardware.radio.data.QosSession{qosSessionId: 26368, qos: android.hardware.radio.data.Qos.eps(android.hardware.radio.data.EpsQos{qci: 1, downlink: android.hardware.radio.data.QosBandwidth{maxBitrateKbps: 41, guaranteedBitrateKbps: 41}, uplink: android.hardware.radio.data.QosBandwidth{maxBitrateKbps: 41, guaranteedBitrateKbps: 41}}), qosFilters: [android.hardware.radio.data.QosFilter{localAddresses: [], remoteAddresses: [2001:1890:1f8:2048::1:4/0], localPort: android.hardware.radio.data.PortRange{start: 7010, end: 7010}, remotePort: android.hardware.radio.data.PortRange{start: 34360, end: 34360}, protocol: 17, tos: android.hardware.radio.data.QosFilterTypeOfService.noinit(false), flowLabel: android.hardware.radio.data.QosFilterIpv6FlowLabel.noinit(false), spi: android.hardware.radio.data.QosFilterIpsecSpi.noinit(false), direction: 0, precedence: 128}, android.hardware.radio.data.QosFilter{localAddresses: [], remoteAddresses: [2001:1890:1f8:2048::1:4/0], localPort: android.hardware.radio.data.PortRange{start: 7010, end: 7010}, remotePort: android.hardware.radio.data.PortRange{start: 34360, end: 34360}, protocol: 17, tos: android.hardware.radio.data.QosFilterTypeOfService.noinit(false), flowLabel: android.hardware.radio.data.QosFilterIpv6FlowLabel.noinit(false), spi: android.hardware.radio.data.QosFilterIpsecSpi.noinit(false), direction: -1, precedence: 129}, android.hardware.radio.data.QosFilter{localAddresses: [], remoteAddresses: [2001:1890:1f8:2048::1:4/0], localPort: android.hardware.radio.data.PortRange{start: 7011, end: 7011}, remotePort: android.hardware.radio.data.PortRange{start: 34361, end: 34361}, protocol: 17, tos: android.hardware.radio.data.QosFilterTypeOfService.noinit(false), flowLabel: android.hardware.radio.data.QosFilterIpv6FlowLabel.noinit(false), spi: android.hardware.radio.data.QosFilterIpsecSpi.noinit(false), direction: 0, precedence: 130}, android.hardware.radio.data.QosFilter{localAddresses: [], remoteAddresses: [2001:1890:1f8:2048::1:4/0], localPort: android.hardware.radio.data.PortRange{start: 7011, end: 7011}, remotePort: android.hardware.radio.data.PortRange{start: 34361, end: 34361}, protocol: 17, tos: android.hardware.radio.data.QosFilterTypeOfService.noinit(false), flowLabel: android.hardware.radio.data.QosFilterIpv6FlowLabel.noinit(
12-14 03:46:46.046  2528  2528 D DN-101-C: ConnectedState: onDataStateChanged: DataCallResponse: { cause=NONE(0x0) retry=-1 cid=3 linkStatus=2 protocolType=1 ifname=rmnet2 addresses=[2600:381:b968:4444:80a:bd5d:2b1:fe9d/64] dnses=[/fc00:a:a::400, /fc00:a:a::400] gateways=[/::] pcscf=[/2001:1890:1f8:204a::1:1, /2001:1890:1f8:20f4::1:3, /2001:1890:1f8:21fb::1:3] mtu=1430 mtuV4=1430 mtuV6=1430 handoverFailureMode=retry handover pduSessionId=6 defaultQos=EpsQos { qosClassId=5 downlink=Bandwidth { maxBitrateKbps=-1 guaranteedBitrateKbps=-1} uplink=Bandwidth { maxBitrateKbps=-1 guaranteedBitrateKbps=-1}} qosBearerSessions=[QosBearerSession { qosBearerSessionId=26368 qos=EpsQos { qosClassId=1 downlink=Bandwidth { maxBitrateKbps=41 guaranteedBitrateKbps=41} uplink=Bandwidth { maxBitrateKbps=41 guaranteedBitrateKbps=41}} qosBearerFilterList=[QosBearerFilter { localAddresses=[] remoteAddresses=[2001:1890:1f8:2048::1:4/0] localPort=PortRange { start=7010 end=7010} remotePort=PortRange { start=34360 end=34360} protocol=17 typeOfServiceMask=-1 flowLabel=-1 securityParameterIndex=-1 filterDirection=0 precedence=128}, QosBearerFilter { localAddresses=[] remoteAddresses=[2001:1890:1f8:2048::1:4/0] localPort=PortRange { start=7010 end=7010} remotePort=PortRange { start=34360 end=34360} protocol=17 typeOfServiceMask=-1 flowLabel=-1 securityParameterIndex=-1 filterDirection=-1 precedence=129}, QosBearerFilter { localAddresses=[] remoteAddresses=[2001:1890:1f8:2048::1:4/0] localPort=PortRange { start=7011 end=7011} remotePort=PortRange { start=34361 end=34361} protocol=17 typeOfServiceMask=-1 flowLabel=-1 securityParameterIndex=-1 filterDirection=0 precedence=130}, QosBearerFilter { localAddresses=[] remoteAddresses=[2001:1890:1f8:2048::1:4/0] localPort=PortRange { start=7011 end=7011} remotePort=PortRange { start=34361 end=34361} protocol=17 typeOfServiceMask=-1 flowLabel=-1 securityParameterIndex=-1 filterDirection=-1 precedence=131}]}] sliceInfo=null trafficDescriptors=[]}
12-14 03:46:46.057  2528  2528 D DN-101-C: ConnectedState: updateNetworkCapabilities: Capabilities not changed.
12-14 03:46:46.058  2528  2528 D QOSCT-101: updateSessions: sessions size=1
12-14 03:46:46.143  1086  1086 W [11:46:46.115611][dhd][wlan]dhdpcie_bus_suspend: Before DW_ASSERT inband_dw_state:0
12-14 03:46:46.145  1086  1086 W [11:46:46.117143][dhd][wlan]dhdpcie_bus_suspend: After DW_ASSERT inband_dw_state:3
12-14 03:46:46.145  1086  1086 W [11:46:46.117381][dhd][wlan]dhdpcie_bus_suspend: Before D3_INFORM inband_dw_state:5
12-14 03:46:46.146  1086  1086 W [11:46:46.117788][dhd][wlan]dhdpcie_bus_suspend: After D3_INFORM inband_dw_state:5
12-14 03:46:46.147     0     0 W [    C7] [11: 46:46.119666][dhd][wlan]dhdpcie_bus_ringbell_fast: trying to ring the doorbell after D3 inform 1
12-14 03:46:46.166     0     0 W [    C7] [11: 46:46.137891][dhd][wlan]dhdpcie_bus_ringbell_fast: trying to ring the doorbell after D3 inform 2
12-14 03:46:46.166  1086  1086 W [11:46:46.138375][dhd][wlan]dhd_plat_l1ss_ctrl: Control L1ss RC side 0
12-14 03:46:46.166  1086  1086 E exynos-pcie-rc 13120000.pcie: exynos_pcie_rc_set_l1ss:\tid = 0x10, enable=0, exynos_pcie=0000000000000000
12-14 03:46:46.168  1086  1086 E exynos-pcie-rc 13120000.pcie: exynos_pcie_rc_set_l1ss:L1SS_END(l1ss_ctrl_id_state=0x10, id=0x10, enable=0)
12-14 03:46:46.160  1156  1319 V RIL     : [/dev/umts_ipc0][RX] SIT_IND_AIMS_CALL_RING, IND, 49 bytes
12-14 03:46:46.160  1156  1319 I RIL     : [RilContext_0] ProcessModemData 
12-14 03:46:46.160  1160  1174 D VCD     : From Modem:: <CR><LF>RING<CR><LF>
12-14 03:46:46.160  1156  1319 V RIL     : [RilContext_0] SendMessage RCM Response Routing : Type=0002, RCM ID=0x0D01 Service ID=8 Message ID=8124
12-14 03:46:46.161  1160  1174 D VCD     : run_modem_monitor: Write AT response to active agent
12-14 03:46:46.161  1156  1319 V RIL     : [ServiceMgr] msg(0xb400007ce9a35480) msgId=8124 svc=ImsService_0(8) direction=Response
12-14 03:46:46.161  1156  1309 I RIL     : ImsService_0::OnHandleUnsolicitedResponse() nMsgId=8124
12-14 03:46:46.161  1156  1309 V RIL     : [ImsService_0] Process AIMS Indication
12-14 03:46:46.161  1156  1309 V RIL     : [ImsService_0] AIMS Indication: msgId=8124 resultId=20300 parameter=0x0xb400007c69a247b8 parameter length=41
12-14 03:46:46.161  1156  1309 I RIL     : [RilContext_0] OnUnsolicitedResponse 
12-14 03:46:46.161  1156  1309 I RIL     : [RilContext_0] ProcessUnsolicitedResponse 
12-14 03:46:46.161  1156  1309 V RIL     : RADIO::[RilResponseListener] OnUnsolicitedResponse Filter out Unsolicited response=20300
12-14 03:46:46.161  1156  1309 D RIL_EXTERNAL: rilExternalRawIndication
12-14 03:46:46.162  1156  1309 I RIL_EXTERNAL: [isFilteredIndication] clientId=0 name=PID(1142) indication=3010 isFiltered=false
12-14 03:46:46.162  1156  1309 I RIL_EXTERNAL: [isFilteredIndication] clientId=1 name=GpsApi(1152) indication=3010 isFiltered=true
12-14 03:46:46.162  1156  1309 I RIL_EXTERNAL: [isFilteredIndication] clientId=2 name=unknown{pid=2364 uid=1001 callingPacakge=com.samsung.slsi.telephony.oem.oemrilhookservice} indication=3010 isFiltered=true
12-14 03:46:46.162  1156  1309 I RIL_EXTERNAL: [isFilteredIndication] clientId=3 name=unknown{pid=2364 uid=1001 callingPacakge=com.samsung.slsi.telephony.oem.oemrilhookservice} indication=3010 isFiltered=true
12-14 03:46:46.162  1156  1309 I RIL_EXTERNAL: [isFilteredIndication] clientId=4 name=OemRil0{pid=2514 uid=10219 callingPacakge=com.samsung.slsi.telephony.oemril} indication=3010 isFiltered=true
12-14 03:46:46.162  1156  1309 I RIL_EXTERNAL: [isFilteredIndication] clientId=5 name=OemRil1{pid=2514 uid=10219 callingPacakge=com.samsung.slsi.telephony.oemril} indication=3010 isFiltered=true
12-14 03:46:46.162  1156  1309 I RIL_EXTERNAL: [isFilteredIndication] clientId=6 name=unknown indication=3010 isFiltered=false
12-14 03:46:46.162  1156  1309 I RIL_EXTERNAL: [isFilteredIndication] clientId=7 name=unknown indication=3010 isFiltered=false
12-14 03:46:46.162  1156  1309 I RIL_EXTERNAL: [isFilteredIndication] clientId=8 name=unknown indication=3010 isFiltered=false
12-14 03:46:46.162  1156  1309 I RIL_EXTERNAL: [isFilteredIndication] clientId=9 name=SeApi(953) indication=3010 isFiltered=true
12-14 03:46:46.162  1156  1309 I RIL_EXTERNAL: [isFilteredIndication] clientId=10 name=SeApi(955) indication=3010 isFiltered=true
12-14 03:46:46.162  1156  1309 I RIL_EXTERNAL: [isFilteredIndication] clientId=11 name=unknown indication=3010 isFiltered=false
12-14 03:46:46.183  1086  1086 E exynos-pcie-rc 13120000.pcie: start poweroff, state: 2
12-14 03:46:46.183  1086  1086 E exynos-pcie-rc 13120000.pcie: exynos_pcie_rc_poweroff: Set PERST to LOW, gpio val = 0
12-14 03:46:46.162  1156  1309 I RIL_EXTERNAL: [isFilteredIndication] clientId=12 name=unknown indication=3010 isFiltered=false
12-14 03:46:46.162  1156  1309 I RIL_EXTERNAL: [isFilteredIndication] clientId=13 name=PID(1007) indication=3010 isFiltered=false
12-14 03:46:46.162  1156  1309 D RIL_EXTERNAL: rilExternalRawIndication
12-14 03:46:46.162  1156  1309 D RIL_EXTERNAL: rilExternalRawIndication
12-14 03:46:46.163  1156  1309 D RIL_EXTERNAL: rilExternalRawIndication
12-14 03:46:46.163  1156  1309 D RIL_EXTERNAL: rilExternalRawIndication
12-14 03:46:46.163  1156  1309 D RIL_EXTERNAL: rilExternalRawIndication
12-14 03:46:46.163  1156  1309 D RIL_EXTERNAL: rilExternalRawIndication
12-14 03:46:46.163  1156  1309 D RIL_EXTERNAL: rilExternalRawIndication
12-14 03:46:46.163  1156  1309 V RIL     : updateAudioClient id: 3329, datalen: 41
12-14 03:46:46.163  1156  1309 D rild_exynos: RilAudioClientImpl updateImsCallInfo() call id = 0, status = 4, sessiontype = 0
12-14 03:46:46.163  1007  8208 D RILClient: [OemClient]IND: (clientId = 13, msgId = 3010, dataLength = 41, channel = 0)
12-14 03:46:46.164  1142  1162 D RILClient: [OemClient]IND: (clientId = 0, msgId = 3010, dataLength = 41, channel = 0)
12-14 03:46:46.165  2345  3646 D GRIL-VendorImsExt: convertHalImsCallRing: numberLength = 12, sdpLength = 0, ussdLength = 0, displayNameLength = 0, sipMsgLength = 0
12-14 03:46:46.166  2345  2345 D GRIL-S  : IMS call ring IND received
12-14 03:46:46.183  1086  1086 E exynos-pcie-rc 13120000.pcie: end poweroff, state: 0
12-14 03:46:46.168  1156 25781 D rild_exynos: RilAudioClientImpl NotifyImsCallInfoToAudioService() NotifyImsCallInfoToAudioService
12-14 03:46:46.168  1156 25781 D rild_exynos: RilAudioClientImpl NotifyImsCallInfoToAudioService() sending IMS call info: 1 call(s)
12-14 03:46:46.170   925  3741 D audio_hw: IMS call:
12-14 03:46:46.170   925  3741 D audio_hw: session 0(em:0): CALL_STATUS_INCOMING
12-14 03:46:46.170  1156 25781 D rild_exynos: RilAudioClientImpl NotifyImsCallInfoToAudioService() notify Audio service 1
12-14 03:46:46.173  2425  2425 D SHANNON_IMS: 8253 [DATA] Changed RAT Type value => 255 [call-type : 1  call-id : 0  number-length : 12  number : +142****9877  sdp-length : 0  sdp-info :   ussd-language-code : 0  ussd-length : 0  ussd-data :   ussd-alerting-pattern : 0  ussd-server-initiated-type : 0  is-focus : 0  display-name-length : 0  display-name :   mVerstat : 1  call-release-cause : 0  is-call-forward-call : false  has-privacy-header : false  call-forward-info :   notification-type : 0  code : 0  index : 0  type : 0  number : null  change-in-RAT-Type : 255] (RilIndCallRing%update:170)
12-14 03:46:46.174  2425  2425 I SHANNON_IMS: 8254 [NETW] #:PURP:# UNSOL {RILC_UNSOL_AIMS_CALL_RING} : call-type : 1  call-id : 0  number-length : 12  number : +142****9877  sdp-length : 0  sdp-info :   ussd-language-code : 0  ussd-length : 0  ussd-data :   ussd-alerting-pattern : 0  ussd-server-initiated-type : 0  is-focus : 0  display-name-length : 0  display-name :   mVerstat : 1  call-release-cause : 0  is-call-forward-call : false  has-privacy-header : false  call-forward-info :   notification-type : 0  code : 0  index : 0  type : 0  number : null  change-in-RAT-Type : 255  (NetworkAdaptor$AdaptorChannel%onMessage:306)
12-14 03:46:46.176  2881 10449 D GoogleQnsManager[0]: EVENT_UNSOL_IMS_CALL_RING, mtCallReleaseCause = 0
12-14 03:46:46.177  2881 10449 D QNS_AlternativeEventListener_0: onCallInfoChanged callId0  type1  state5
12-14 03:46:46.177  2881 10449 D QNS_AlternativeEventListener_0: add callinfo alerting/dialing with id 0
12-14 03:46:46.177  2528  2717 D PhoneCfgMgr: getStaticPhoneCapability: mStaticCapability mMaxActiveVoiceSubscriptions=1 mMaxActiveDataSubscriptions=2 mNetworkValidationBeforeSwitchSupported=true mDeviceNrCapability [1, 2]
12-14 03:46:46.181  2425  2425 D SHANNON_IMS: 8255 [CONN] Call: false, ImsCall:false [SLID:1 ] (ImsConnectivityMgr%isCsCallActive:4688)
12-14 03:46:46.181  2425  2425 I SHANNON_IMS: 8256 [CALL] enableDataSwitch (ImsCallManager%enableDataSwitch:1460)
12-14 03:46:46.183  2425  2425 D SHANNON_IMS: 8257 [CALL] #:ORNG:# callSessionRinging with imsCallProfile : { serviceType=1, callType=1, restrictCause=0, mediaProfile={ audioQuality=0, audioDirection=3, audioCodecAttribute=null, videoQuality=0, videoDirection=-1, rttMode=0, hasRttAudioSpeech=false }, emergencyServiceCategories=0, emergencyUrns=[], emergencyCallRouting=0, emergencyCallTesting=false, hasKnownUserIntentEmergency=false, mRestrictCause=0, mCallerNumberVerstat= 1, mAcceptedRtpHeaderExtensions= {} }  (ImsCallManager$Listener%callSessionRinging:1832)
12-14 03:46:46.190  1634  8533 I Telecom : : isInEmergencyCall: false: TSI.iIEC@dxE?
12-14 03:46:46.272  2425  2425 D SHANNON_IMS: 8258 [CALL] IMS Call built : SLID:0 CID:0 CURI:null MLT:false  ICP:nullCST:IDLE  HRS:IDLE IC:true ECC:NONE WFC:false VCC:false OIR:-1 CRS:-1 CUI:CCID:0 MP:false CCS:IDLE L(0):[] PCR:UNSPECIFIED (ImsCall$ImsCallBuilder%build:288)
12-14 03:46:46.287 11492 11492 E STFService: run1: 3.2.3
12-14 03:46:46.292  2425  2425 I SHANNON_IMS: 8259 [CALL] imsCall objId:190109541 is added to mImsCallMap.SLID:0 CID:0 CURI:null MLT:false  ICP:nullCST:IDLE  HRS:IDLE IC:true ECC:NONE WFC:false VCC:false OIR:-1 CRS:-1 CUI:CCID:0 MP:false CCS:IDLE L(0):[] PCR:UNSPECIFIED [SI:0 SRV:1 PEND:+142****9877 CLS:0] (ImsCallManager%addImsCall:840)
12-14 03:46:46.293 11492 11492 I STFService: sendNetworkClass:  CellSignalLte:{alphaLong=AT&T, rssi=2147483647, mnc=410, level=3, bandwidth=20000, ci=108773128, asulevel=45, parametersUseForLevel=-95, rsrp=-95, rssnr=1, bands=[2], mcc=310, ta=10, mAdditionalPlmns={}, sinr=1, csgInfo=unknown, rsrq=-8, pci=147, tac=37133, alphaShort=AT&T, cqi=2147483647, earfcn=700}
12-14 03:46:46.297 11492 11492 I STFService: sendNetworkClass:  EPDGInfo:{ip_address_1=2600:381:922e:6e92:6cc8:2e59:3e3:410a, ip_address_2=10.94.157.213, dns_server_2=172.26.38.2, dns_server_1=fc00:a:a::400, max_downstream_bandwidth=43727, is_secure=false, tunneling_protocol=rmnet1, max_upstream_bandwidth=14634}
12-14 03:46:46.325  2425  2425 I SHANNON_IMS: 8260 [CALL] updateCallRatType : LTE [SLID:0 CID:0 CURI:null MLT:false  ICP:{ serviceType=1, callType=1, restrictCause=0, mediaProfile={ audioQuality=0, audioDirection=3, audioCodecAttribute=null, videoQuality=0, videoDirection=-1, rttMode=0, hasRttAudioSpeech=false }, emergencyServiceCategories=0, emergencyUrns=[], emergencyCallRouting=0, emergencyCallTesting=false, hasKnownUserIntentEmergency=false, mRestrictCause=0, mCallerNumberVerstat= 1, mAcceptedRtpHeaderExtensions= {} }CST:IDLE  HRS:IDLE IC:true ECC:NONE WFC:false VCC:false OIR:2 CRS:false CUI:CCID:0 MP:false CCS:IDLE L(0):[] PCR:UNSPECIFIED] (ImsCall%updateCallRatType:685)
12-14 03:46:46.340  2425  2425 D SHANNON_IMS: 8261 [CALL] RAT Type for current call14 (ImsCallManager$Listener%callSessionRinging:1870)
12-14 03:46:46.354  2425  2425 D SHANNON_IMS: 8262 [CALL] updateChangeInRAT invoked with isIncomingCallIndication:truechangedRatType:255 [SLID:0 CID:0 CURI:null MLT:false  ICP:{ serviceType=1, callType=1, restrictCause=0, mediaProfile={ audioQuality=0, audioDirection=3, audioCodecAttribute=null, videoQuality=0, videoDirection=-1, rttMode=0, hasRttAudioSpeech=false }, emergencyServiceCategories=0, emergencyUrns=[], emergencyCallRouting=0, emergencyCallTesting=false, hasKnownUserIntentEmergency=false, mRestrictCause=0, mCallerNumberVerstat= 1, mAcceptedRtpHeaderExtensions= {} }CST:IDLE  HRS:IDLE IC:true ECC:NONE WFC:false VCC:false OIR:2 CRS:false CUI:CCID:0 MP:false CCS:IDLE L(0):[] PCR:UNSPECIFIED] (ImsCall%updateChangeInRAT:1521)
12-14 03:46:46.362  2425  2425 D SHANNON_IMS: 8263 [CALL] is4G RAT: true [SLID:0 CID:0 CURI:null MLT:false  ICP:{ serviceType=1, callType=1, restrictCause=0, mediaProfile={ audioQuality=0, audioDirection=3, audioCodecAttribute=null, videoQuality=0, videoDirection=-1, rttMode=0, hasRttAudioSpeech=false }, emergencyServiceCategories=0, emergencyUrns=[], emergencyCallRouting=0, emergencyCallTesting=false, hasKnownUserIntentEmergency=false, mRestrictCause=0, mCallerNumberVerstat= 1, mAcceptedRtpHeaderExtensions= {} }CST:IDLE  HRS:IDLE IC:true ECC:NONE WFC:false VCC:false OIR:2 CRS:false CUI:CCID:0 MP:false CCS:IDLE L(0):[] PCR:UNSPECIFIED] (ImsCall%updateChangeInRAT:1529)
12-14 03:46:46.373  2425  2425 D SHANNON_IMS: 8264 [CALL] VoLTE (EPSFB=0, 5GHO=0, Redirect_Not_triggered=0, vonr_ue_but_call_on_lte=0, epsfb_lte_ho=0, vonr_ue_but_call_on_lte_nr_ho_redirect=0, vonr_ue_but_call_on_lte_nr_ho_cmd=0) [SLID:0 CID:0 CURI:null MLT:false  ICP:{ serviceType=1, callType=1, restrictCause=0, mediaProfile={ audioQuality=0, audioDirection=3, audioCodecAttribute=null, videoQuality=0, videoDirection=-1, rttMode=0, hasRttAudioSpeech=false }, emergencyServiceCategories=0, emergencyUrns=[], emergencyCallRouting=0, emergencyCallTesting=false, hasKnownUserIntentEmergency=false, mRestrictCause=0, mCallerNumberVerstat= 1, mAcceptedRtpHeaderExtensions= {} }CST:IDLE  HRS:IDLE IC:true ECC:NONE WFC:false VCC:false OIR:2 CRS:false CUI:CCID:0 MP:false CCS:IDLE L(0):[] PCR:UNSPECIFIED] (ImsCall%updateChangeInRAT:1554)
12-14 03:46:46.374  2425  2425 I SHANNON_IMS: 8265 [FEAT] #:BLUE:# ShannonMmTelFeature with subId : 2 slot id 0  (ShannonMmTelFeature%getInstance:103)
12-14 03:46:46.374  2425  2425 I SHANNON_IMS: 8266 [IMPL] ImsCallSessionImpl found: ImsCallSessionImplS (ImsCallSessionImplProvider%newInstance:36)
12-14 03:46:46.381  2425  2425 D SHANNON_IMS: 8267 [IMPL] imsCall : SLID:0 CID:0 CURI:null MLT:false  ICP:{ serviceType=1, callType=1, restrictCause=0, mediaProfile={ audioQuality=0, audioDirection=3, audioCodecAttribute=null, videoQuality=0, videoDirection=-1, rttMode=0, hasRttAudioSpeech=false }, emergencyServiceCategories=0, emergencyUrns=[], emergencyCallRouting=0, emergencyCallTesting=false, hasKnownUserIntentEmergency=false, mRestrictCause=0, mCallerNumberVerstat= 1, mAcceptedRtpHeaderExtensions= {} }CST:IDLE  HRS:IDLE IC:true ECC:NONE WFC:false VCC:false OIR:2 CRS:false CUI:CCID:0 MP:false CCS:IDLE L(0):[] PCR:UNSPECIFIED (ImsCallSessionImpl%<init>:70)
12-14 03:46:46.382  2425  2425 D SHANNON_IMS: 8268 [IMPL] imsCallProfile : { serviceType=1, callType=1, restrictCause=0, mediaProfile={ audioQuality=0, audioDirection=3, audioCodecAttribute=null, videoQuality=0, videoDirection=-1, rttMode=0, hasRttAudioSpeech=false }, emergencyServiceCategories=0, emergencyUrns=[], emergencyCallRouting=0, emergencyCallTesting=false, hasKnownUserIntentEmergency=false, mRestrictCause=0, mCallerNumberVerstat= 1, mAcceptedRtpHeaderExtensions= {} } (ImsCallSessionImpl%<init>:71)
12-14 03:46:46.389  2425  2425 I SHANNON_IMS: 8269 [IMPL] update EXTRA_IS_CROSS_SIM_CALL to false [SLID:0 CID:0 CURI:null MLT:false  ICP:{ serviceType=1, callType=1, restrictCause=0, mediaProfile={ audioQuality=0, audioDirection=3, audioCodecAttribute=null, videoQuality=0, videoDirection=-1, rttMode=0, hasRttAudioSpeech=false }, emergencyServiceCategories=0, emergencyUrns=[], emergencyCallRouting=0, emergencyCallTesting=false, hasKnownUserIntentEmergency=false, mRestrictCause=0, mCallerNumberVerstat= 1, mAcceptedRtpHeaderExtensions= {} }CST:IDLE  HRS:IDLE IC:true ECC:NONE WFC:false VCC:false OIR:2 CRS:false CUI:CCID:0 MP:false CCS:IDLE L(0):[] PCR:UNSPECIFIED] (ImsCallSessionImplS%<init>:48)
12-14 03:46:46.396  2528  2528 D ImsPhoneCallTracker: [0] processIncomingCall: incoming call intent
12-14 03:46:46.397  2528  2528 D ImsPhoneCallTracker: [0] processIncomingCall: isUnknown = false fg = IDLE bg = IDLE
12-14 03:46:46.399  2425 10257 I ImsCallProfile: maybeCleanseExtras: 1 extra values were removed - only primitive types and system parcelables are permitted.
12-14 03:46:46.409  2425 10334 I SHANNON_IMS: 8270 [IMPL] #:BLUE:# Commit setListener with [android.telephony.ims.ImsCallSessionListener@9deac3a]  [SLID:0 CID:0 CURI:null MLT:false  ICP:{ serviceType=1, callType=1, restrictCause=0, mediaProfile={ audioQuality=0, audioDirection=3, audioCodecAttribute=null, videoQuality=0, videoDirection=-1, rttMode=0, hasRttAudioSpeech=false }, emergencyServiceCategories=0, emergencyUrns=[], emergencyCallRouting=0, emergencyCallTesting=false, hasKnownUserIntentEmergency=false, mRestrictCause=0, mCallerNumberVerstat= 1, mAcceptedRtpHeaderExtensions= {} }CST:IDLE  HRS:IDLE IC:true ECC:NONE WFC:false VCC:false OIR:2 CRS:false CUI:CCID:0 MP:false CCS:IDLE L(0):[] PCR:UNSPECIFIED] (ImsCallSessionImplS%setListener:67)
12-14 03:46:46.427  2425 10334 I SHANNON_IMS: 8271 [IMPL] #:BLUE:# createVideoCallProvider for SLID:0 CID:0 CURI:null MLT:false  ICP:{ serviceType=1, callType=1, restrictCause=0, mediaProfile={ audioQuality=0, audioDirection=3, audioCodecAttribute=null, videoQuality=0, videoDirection=-1, rttMode=0, hasRttAudioSpeech=false }, emergencyServiceCategories=0, emergencyUrns=[], emergencyCallRouting=0, emergencyCallTesting=false, hasKnownUserIntentEmergency=false, mRestrictCause=0, mCallerNumberVerstat= 1, mAcceptedRtpHeaderExtensions= {} }CST:IDLE  HRS:IDLE IC:true ECC:NONE WFC:false VCC:false OIR:2 CRS:false CUI:CCID:0 MP:false CCS:IDLE L(0):[] PCR:UNSPECIFIED  [SLID:0 CID:0 CURI:null MLT:false  ICP:{ serviceType=1, callType=1, restrictCause=0, mediaProfile={ audioQuality=0, audioDirection=3, audioCodecAttribute=null, videoQuality=0, videoDirection=-1, rttMode=0, hasRttAudioSpeech=false }, emergencyServiceCategories=0, emergencyUrns=[], emergencyCallRouting=0, emergencyCallTesting=false, hasKnownUserIntentEmergency=false, mRestrictCause=0, mCallerNumberVerstat= 1, mAcceptedRtpHeaderExtensions= {} }CST:IDLE  HRS:IDLE IC:true ECC:NONE WFC:false VCC:false OIR:2 CRS:false CUI:CCID:0 MP:false CCS:IDLE L(0):[] PCR:UNSPECIFIED] (ImsCallSessionImpl%getVideoCallProviderInstance:304)
12-14 03:46:46.518  2425 10334 I SHANNON_IMS: 8277 [MEDI] ImsMedia created. callId=0 [com.shannon.imsservice.media.ImsMediaManager@c28b4aa] (ImsMediaManager%createImsMedia:113)
12-14 03:46:46.519  2528  2528 I ImsCall : attachSession :: session=[ImsCallSession objId:169393419 callId:[UNINITIALIZED]] ImsCall=[ImsCall objId:128190440 onHold:N mute:N mCallProfile:{ serviceType=1, callType=1, restrictCause=0, mediaProfile={ audioQuality=0, audioDirection=3, audioCodecAttribute=null, videoQuality=0, videoDirection=-1, rttMode=0, hasRttAudioSpeech=false }, emergencyServiceCategories=0, emergencyUrns=[], emergencyCallRouting=0, emergencyCallTesting=false, hasKnownUserIntentEmergency=false, mRestrictCause=0, mCallerNumberVerstat= 1, mAcceptedRtpHeaderExtensions= [] } networkType:13 updateRequest:NONE merging:N merge action pending:N merged:N multiParty:N confHost:N buried term:N isVideo: N wasVideo: N isWifi: N session:null transientSession:null]
12-14 03:46:46.520  2528  2528 D ImsPhoneConnection: acquireWakeLock
12-14 03:46:46.534  2425 10257 I ImsCallProfile: maybeCleanseExtras: 1 extra values were removed - only primitive types and system parcelables are permitted.
12-14 03:46:46.535  2528  2528 V ImsPhoneConnection: update localCallProfile={ serviceType=1, callType=4, restrictCause=0, mediaProfile={ audioQuality=0, audioDirection=3, audioCodecAttribute=null, videoQuality=0, videoDirection=-1, rttMode=0, hasRttAudioSpeech=false }, emergencyServiceCategories=0, emergencyUrns=[], emergencyCallRouting=0, emergencyCallTesting=false, hasKnownUserIntentEmergency=false, mRestrictCause=0, mCallerNumberVerstat= 0, mAcceptedRtpHeaderExtensions= [] }
12-14 03:46:46.535  2528  2528 I ImsPhoneConnection: applyLocalCallCapabilities - localProfile = { serviceType=1, callType=4, restrictCause=0, mediaProfile={ audioQuality=0, audioDirection=3, audioCodecAttribute=null, videoQuality=0, videoDirection=-1, rttMode=0, hasRttAudioSpeech=false }, emergencyServiceCategories=0, emergencyUrns=[], emergencyCallRouting=0, emergencyCallTesting=false, hasKnownUserIntentEmergency=false, mRestrictCause=0, mCallerNumberVerstat= 0, mAcceptedRtpHeaderExtensions= [] }
12-14 03:46:46.536  2425 10334 I ImsCallProfile: maybeCleanseExtras: 1 extra values were removed - only primitive types and system parcelables are permitted.
12-14 03:46:46.549  2425 10334 I SHANNON_IMS: 8279 [IMPL] #:BLUE:# Commit getRemoteCallProfile returning[{ serviceType=1, callType=1, restrictCause=0, mediaProfile={ audioQuality=0, audioDirection=3, audioCodecAttribute=null, videoQuality=0, videoDirection=-1, rttMode=0, hasRttAudioSpeech=false }, emergencyServiceCategories=0, emergencyUrns=[], emergencyCallRouting=0, emergencyCallTesting=false, hasKnownUserIntentEmergency=false, mRestrictCause=0, mCallerNumberVerstat= 0, mAcceptedRtpHeaderExtensions= {} }]  [SLID:0 CID:0 CURI:null MLT:false  ICP:{ serviceType=1, callType=1, restrictCause=0, mediaProfile={ audioQuality=0, audioDirection=3, audioCodecAttribute=null, videoQuality=0, videoDirection=-1, rttMode=0, hasRttAudioSpeech=false }, emergencyServiceCategories=0, emergencyUrns=[], emergencyCallRouting=0, emergencyCallTesting=false, hasKnownUserIntentEmergency=false, mRestrictCause=0, mCallerNumberVerstat= 1, mAcceptedRtpHeaderExtensions= {} }CST:IDLE  HRS:IDLE IC:true ECC:NONE WFC:false VCC:false OIR:2 CRS:false CUI:CCID:0 MP:false CCS:IDLE L(0):[] PCR:UNSPECIFIED] (ImsCallSessionImpl%getRemoteCallProfile:138)
12-14 03:46:46.549  2425 10257 I ImsCallProfile: maybeCleanseExtras: 1 extra values were removed - only primitive types and system parcelables are permitted.
12-14 03:46:46.550  2528  2528 V ImsPhoneConnection: update remoteCallProfile={ serviceType=1, callType=1, restrictCause=0, mediaProfile={ audioQuality=0, audioDirection=3, audioCodecAttribute=null, videoQuality=0, videoDirection=-1, rttMode=0, hasRttAudioSpeech=false }, emergencyServiceCategories=0, emergencyUrns=[], emergencyCallRouting=0, emergencyCallTesting=false, hasKnownUserIntentEmergency=false, mRestrictCause=0, mCallerNumberVerstat= 0, mAcceptedRtpHeaderExtensions= [] }
12-14 03:46:46.550  2528  2528 W ImsPhoneConnection: applyRemoteCallCapabilities - remoteProfile = { serviceType=1, callType=1, restrictCause=0, mediaProfile={ audioQuality=0, audioDirection=3, audioCodecAttribute=null, videoQuality=0, videoDirection=-1, rttMode=0, hasRttAudioSpeech=false }, emergencyServiceCategories=0, emergencyUrns=[], emergencyCallRouting=0, emergencyCallTesting=false, hasKnownUserIntentEmergency=false, mRestrictCause=0, mCallerNumberVerstat= 0, mAcceptedRtpHeaderExtensions= [] }
12-14 03:46:46.555  2425 10257 I ImsCallProfile: maybeCleanseExtras: 1 extra values were removed - only primitive types and system parcelables are permitted.
12-14 03:46:46.556  2425 10257 I ImsCallProfile: maybeCleanseExtras: 1 extra values were removed - only primitive types and system parcelables are permitted.
12-14 03:46:46.557  2425 10257 I ImsCallProfile: maybeCleanseExtras: 1 extra values were removed - only primitive types and system parcelables are permitted.
12-14 03:46:46.568  2425 10334 I SHANNON_IMS: 8280 [IMPL] #:BLUE:# Commit getVideoCallProvider  [SLID:0 CID:0 CURI:null MLT:false  ICP:{ serviceType=1, callType=1, restrictCause=0, mediaProfile={ audioQuality=0, audioDirection=3, audioCodecAttribute=null, videoQuality=0, videoDirection=-1, rttMode=0, hasRttAudioSpeech=false }, emergencyServiceCategories=0, emergencyUrns=[], emergencyCallRouting=0, emergencyCallTesting=false, hasKnownUserIntentEmergency=false, mRestrictCause=0, mCallerNumberVerstat= 1, mAcceptedRtpHeaderExtensions= {} }CST:IDLE  HRS:IDLE IC:true ECC:NONE WFC:false VCC:false OIR:2 CRS:false CUI:CCID:0 MP:false CCS:IDLE L(0):[] PCR:UNSPECIFIED] (ImsCallSessionImpl%getVideoCallProvider:315)
12-14 03:46:46.579  2528  2528 D VoiceCallSessionStats: getVoiceRatWithVoNRFix: oldRat=13, newRat=13
12-14 03:46:46.579  2528  2528 D ImsPhoneConnection: getDisconnectCause: cause=0
12-14 03:46:46.581  2528  2528 D VoiceCallSessionStats: getVoiceRatWithVoNRFix: oldRat=13, newRat=13
12-14 03:46:46.581  2528  2528 D VoiceCallSessionStats: getVoiceRatWithVoNRFix: oldRat=13, newRat=13
12-14 03:46:46.585  2528  2528 I Phone   : notifyNewRingingConnection: phoneId=[0], connection=[[ImsPhoneConnection objId: 11550209 telecomCallID: null address: [Gttvj8j_6JuOfjMZeLwzEdJjKHs] isAdhocConf: N ImsCall: [ImsCall objId:128190440 onHold:N mute:N mCallProfile:{ serviceType=1, callType=1, restrictCause=0, mediaProfile={ audioQuality=0, audioDirection=3, audioCodecAttribute=null, videoQuality=0, videoDirection=-1, rttMode=0, hasRttAudioSpeech=false }, emergencyServiceCategories=0, emergencyUrns=[], emergencyCallRouting=0, emergencyCallTesting=false, hasKnownUserIntentEmergency=false, mRestrictCause=0, mCallerNumberVerstat= 1, mAcceptedRtpHeaderExtensions= [] } networkType:13 updateRequest:NONE merging:N merge action pending:N merged:N multiParty:N confHost:N buried term:N isVideo: N wasVideo: N isWifi: N session:[ImsCallSession objId:169393419 callId:0] transientSession:null]]], registrants=[com.android.internal.telephony.Registrant@c4e31a8, com.android.internal.telephony.Registrant@5c84c1]
12-14 03:46:46.585  2528  2528 D ImsPhone: [0] notifyIncomingRing
12-14 03:46:46.585  2528  2528 D ImsPhoneCallTracker: [0] updatePhoneState pendingMo = null, rng= INCOMING(null/objId:11550209), fg= IDLE(), bg= IDLE()
12-14 03:46:46.586  2528  2528 D ImsPhoneCallTracker: [0] updatePhoneState oldState=IDLE, newState=RINGING
12-14 03:46:46.588  2744  2772 D IwlanEventListener: Call state changed to CALL_STATE_RINGING for slot 0
12-14 03:46:46.588  2744  2772 D IwlanEventListener[0]: Updating handlers for the event: 12
12-14 03:46:46.589  2528  2528 I ImsExternalCallTracker: onPhoneStateChanged : hasActiveCalls = true
12-14 03:46:46.589  2744  2772 D IwlanEventListener[1]: Updating handlers for the event: 12
12-14 03:46:46.589  2528  2528 D ImsExternalCallTracker: refreshCallPullState
12-14 03:46:46.589  2744  2949 D IwlanDataServiceHandler: msg.what = CALL_STATE_CHANGED_EVENT
12-14 03:46:46.589  2744  2949 D IwlanDataServiceHandler: msg.what = CALL_STATE_CHANGED_EVENT
12-14 03:46:46.593  3093  3093 D ConnectivityMonitorStateMachine: [onPreciseCallStateChanged] {subId=2} precise call state = Ringing call state: 5, Foreground call state: 0, Background call state: 0, Disconnect cause: -1, Precise disconnect cause: -1
12-14 03:46:46.594  2528  2528 I Telephony: PstnIncomingCallNotifier: handleNewRingingConnection: phoneId=[0]
12-14 03:46:46.621   551   551 I servicemanager: Could not find android.hardware.radio.ims.IRadioIms/slot1 in the VINTF manifest.
12-14 03:46:46.596  2881  2881 D QnsCallStatusTracker_0: updateCallState callNum:(1): [{mPreciseCallState=5 mNetworkType=0 mCallQuality=CallQuality: {downlinkCallQualityLevel=0 uplinkCallQualityLevel=0 callDuration=0 numRtpPacketsTransmitted=0 numRtpPacketsReceived=0 numRtpPacketsTransmittedLost=0 numRtpPacketsNotReceived=0 averageRelativeJitter=0 maxRelativeJitter=0 averageRoundTripTime=0 codecType=0 rtpInactivityDetected=false txSilenceDetected=false rxSilenceDetected=false numVoiceFrames=0 numNoDataFrames=0 numDroppedRtpPackets=0 minPlayoutDelayMillis=0 maxPlayoutDelayMillis=0 numRtpSidPacketsReceived=0 numRtpDuplicatePackets=0} mCallClassification0 mImsCallId=0 mImsCallServiceType=1 mImsCallType=2}]
12-14 03:46:46.596  2881  2881 D QnsCallStatusTracker_0: notifyCallType for ims, callType:1
12-14 03:46:46.597  2881  2881 D ActiveCallTracker_0: callStarted callType: 1 apnType:ims
12-14 03:46:46.597  2881 10308 D RestrictManager_0_ims: handleMessage : 3002
12-14 03:46:46.597  2881 10308 D RestrictManager_0_ims: onCallStateChanged :1 transport:1 cellularAN:3
12-14 03:46:46.597  1634  8533 I Telecom : : isInEmergencyCall: false: TSI.iIEC@dxI?
12-14 03:46:46.597  2881  2881 W ActiveCallTracker_0: updateCallQuality Null CallState.
12-14 03:46:46.597  2881 10308 D QNS_AccessNetworkEvaluator_0_ims: handleMessage msg=10005
12-14 03:46:46.598  2881  2881 D QnsCallStatusTracker_0: notifyPreciseCallState for ims, preciseCallState:5
12-14 03:46:46.598  2881 10310 D ActiveCallTracker_0: handleMessage : 3300
12-14 03:46:46.599  1634  8533 I Telecom : : Adding new incoming call with phoneAccountHandle ComponentInfo{com.android.phone/com.android.services.telephony.TelephonyConnectionService}, 2, UserHandle{0}: TSI.aNIC(cap)@dxM?
12-14 03:46:46.599  2881 10308 D RestrictManager_0_ims: setQnsCallType: VOICE
12-14 03:46:46.599  2881 10308 D RestrictManager_0_ims: registerLowRtpQualityEvent
12-14 03:46:46.599  2881 10308 D ActiveCallTracker_0: registerLowMediaQualityListener
12-14 03:46:46.600  2881 10308 D QNS_AccessNetworkEvaluator_0_ims: onSetCallType CallType:1
12-14 03:46:46.602  2425  2425 D SHANNON_IMS: 8281 [CALL] start incomingCallTimer (ImsCallManager%runIncomingCallTimer:1621)
12-14 03:46:46.602  2425  2425 I SHANNON_IMS: 8282 [HELP] #:PURP:# SOL TX{RILC_REQ_AIMS_SET_FRAME_TIME} : SLID:0   [SLID:0  Active:true] (ImsRilHelper%sendRequest:313)
12-14 03:46:46.603  2425  2425 V ImsRIL  : [ImsRIL_5630]> STATUS_MAX 00 02 CA 8E 26 68 8C 01 00 00 
12-14 03:46:46.603  1156  1297 D RIL_EXTERNAL: sendRequestRaw
12-14 03:46:46.604  1156  1297 V RIL     : [RilApplication] externalOnRequest reqOemId=10308, t=0xb400007b49a45c90, socketid=0
12-14 03:46:46.604  1156  1297 V RIL     : [RilContext_0] SendMessage RIL Request Routing : RCM ID=10308 Service ID=8 Message ID=8028 delayMillis=0
12-14 03:46:46.604  1156  1297 V RIL     : [ServiceMgr] msg(0xb400007ce9a2c7a0) msgId=8028 svc=ImsService_0(8) direction=Request
12-14 03:46:46.604  2881 10308 D QNS_AccessNetworkEvaluator_0_ims: evaluate reason:EVALUATE_SPECIFIC_REASON_CALL_TYPE_CHANGED
12-14 03:46:46.605  1156  1309 I RIL     : [ImsService_0] AimsDefaultHandler OnRequest()
12-14 03:46:46.605  2425  2425 D SHANNON_IMS: 8283 [ADAP] Sending ntpTime:  46-14 03:46:46.602 [SLID:0 ] (CallSessionAdaptor%updateNtpTime:443)
12-14 03:46:46.605  1156  1309 V RIL     : [ImsService_0] AIMS Request: msgId=8028 requestId=10308 parameter=0x0xb400007ba9a19fd0 parameter length=10
12-14 03:46:46.605  2881 10308 D QNS_AccessNetworkEvaluator_0_ims: No need to check handover policy for this evaluation.
12-14 03:46:46.605  1156  1309 I RIL     : [RilContext_0] Send 
12-14 03:46:46.605  1156  1309 V RIL     : [RilContext_0] RecordRequestHistory token=0x79E9
12-14 03:46:46.605  1156  1309 I RIL     : [RilContext_0] Send 
12-14 03:46:46.605  2425  2425 I SHANNON_IMS: 8284 [MEDI] callId: 0, video: 0, sdplen: 0 [com.shannon.imsservice.media.ImsMediaManager@c28b4aa] (ImsMediaManager%callSessionRinging:254)
12-14 03:46:46.605  1156  1309 V RIL     : [/dev/umts_ipc0][TX] SIT_AIMS_SET_FRAME_TIME, REQ, 22 bytes, Token(0x79e9)
12-14 03:46:46.605  1156  1309 V RIL     :  00 00 0b 0d 16 00 e9 79   00 00 00 00 00 02 ca 8e  
12-14 03:46:46.605  1156  1309 V RIL     :  26 68 8c 01 00 00
